/home/dvspanos/miniconda3/envs/rded/lib/python3.10/site-packages/torch/cuda/__init__.py:611: UserWarning: Can't initialize NVML
  warnings.warn("Can't initialize NVML")
=> using pytorch pre-trained teacher model 'conv3'
process data from /home/dvspanos/nikos/ca2d/artifacts/sets/rcad2d_feat_fl_ipc50
load data successfully
TRAIN Iter 0: loss = 0.015522,	Top-1 err = 93.640000,	Top-5 err = 78.140000,	train_time = 2.081691
TRAIN Iter 1: loss = 0.012996,	Top-1 err = 87.580000,	Top-5 err = 67.200000,	train_time = 1.386123
TRAIN Iter 2: loss = 0.011229,	Top-1 err = 83.760000,	Top-5 err = 59.600000,	train_time = 1.410597
TRAIN Iter 3: loss = 0.009876,	Top-1 err = 78.460000,	Top-5 err = 53.080000,	train_time = 1.321813
TRAIN Iter 4: loss = 0.009137,	Top-1 err = 75.160000,	Top-5 err = 48.260000,	train_time = 1.339431
TRAIN Iter 5: loss = 0.008562,	Top-1 err = 72.320000,	Top-5 err = 47.480000,	train_time = 1.368747
TRAIN Iter 6: loss = 0.007740,	Top-1 err = 69.140000,	Top-5 err = 44.080000,	train_time = 1.264436
TRAIN Iter 7: loss = 0.007221,	Top-1 err = 67.540000,	Top-5 err = 41.700000,	train_time = 1.419230
TRAIN Iter 8: loss = 0.006912,	Top-1 err = 63.780000,	Top-5 err = 37.740000,	train_time = 1.401137
TRAIN Iter 9: loss = 0.006425,	Top-1 err = 64.700000,	Top-5 err = 38.780000,	train_time = 1.312509
TRAIN Iter 10: loss = 0.006358,	Top-1 err = 63.120000,	Top-5 err = 38.400000,	train_time = 1.378925
TRAIN Iter 11: loss = 0.006026,	Top-1 err = 59.200000,	Top-5 err = 33.700000,	train_time = 1.397151
TRAIN Iter 12: loss = 0.005918,	Top-1 err = 60.240000,	Top-5 err = 36.000000,	train_time = 1.325877
TRAIN Iter 13: loss = 0.005592,	Top-1 err = 60.700000,	Top-5 err = 37.240000,	train_time = 1.343335
TRAIN Iter 14: loss = 0.005426,	Top-1 err = 58.620000,	Top-5 err = 34.780000,	train_time = 1.419576
TRAIN Iter 15: loss = 0.005364,	Top-1 err = 61.060000,	Top-5 err = 37.580000,	train_time = 1.332989
TRAIN Iter 16: loss = 0.005100,	Top-1 err = 58.320000,	Top-5 err = 35.360000,	train_time = 1.391414
TRAIN Iter 17: loss = 0.005120,	Top-1 err = 56.560000,	Top-5 err = 33.460000,	train_time = 1.324719
TRAIN Iter 18: loss = 0.004960,	Top-1 err = 56.960000,	Top-5 err = 34.380000,	train_time = 1.351227
TRAIN Iter 19: loss = 0.004756,	Top-1 err = 58.340000,	Top-5 err = 34.640000,	train_time = 1.403489
TRAIN Iter 20: loss = 0.004754,	Top-1 err = 59.760000,	Top-5 err = 35.560000,	train_time = 1.379877
TRAIN Iter 21: loss = 0.004652,	Top-1 err = 56.320000,	Top-5 err = 33.240000,	train_time = 1.397587
TRAIN Iter 22: loss = 0.004557,	Top-1 err = 53.800000,	Top-5 err = 31.560000,	train_time = 1.446324
TRAIN Iter 23: loss = 0.004378,	Top-1 err = 57.120000,	Top-5 err = 33.980000,	train_time = 1.367847
TRAIN Iter 24: loss = 0.004504,	Top-1 err = 55.180000,	Top-5 err = 32.840000,	train_time = 1.392205
TRAIN Iter 25: loss = 0.004347,	Top-1 err = 53.880000,	Top-5 err = 30.100000,	train_time = 1.340161
TRAIN Iter 26: loss = 0.004269,	Top-1 err = 56.620000,	Top-5 err = 34.320000,	train_time = 1.333178
TRAIN Iter 27: loss = 0.004252,	Top-1 err = 56.540000,	Top-5 err = 34.060000,	train_time = 1.395352
TRAIN Iter 28: loss = 0.004180,	Top-1 err = 50.700000,	Top-5 err = 28.420000,	train_time = 1.377747
TRAIN Iter 29: loss = 0.004261,	Top-1 err = 55.800000,	Top-5 err = 34.180000,	train_time = 1.291233
TRAIN Iter 30: loss = 0.004097,	Top-1 err = 52.800000,	Top-5 err = 29.380000,	train_time = 1.360532
TRAIN Iter 31: loss = 0.004166,	Top-1 err = 56.420000,	Top-5 err = 34.640000,	train_time = 1.402943
TRAIN Iter 32: loss = 0.004021,	Top-1 err = 55.100000,	Top-5 err = 33.260000,	train_time = 1.399073
TRAIN Iter 33: loss = 0.003920,	Top-1 err = 54.580000,	Top-5 err = 32.480000,	train_time = 1.340138
TRAIN Iter 34: loss = 0.003894,	Top-1 err = 51.620000,	Top-5 err = 29.840000,	train_time = 1.433239
TRAIN Iter 35: loss = 0.003949,	Top-1 err = 51.480000,	Top-5 err = 29.460000,	train_time = 1.410756
TRAIN Iter 36: loss = 0.003855,	Top-1 err = 51.660000,	Top-5 err = 30.340000,	train_time = 1.302827
TRAIN Iter 37: loss = 0.003868,	Top-1 err = 53.060000,	Top-5 err = 32.100000,	train_time = 1.350934
TRAIN Iter 38: loss = 0.003764,	Top-1 err = 52.880000,	Top-5 err = 31.900000,	train_time = 1.358697
TRAIN Iter 39: loss = 0.003773,	Top-1 err = 52.280000,	Top-5 err = 30.600000,	train_time = 1.391759
TRAIN Iter 40: loss = 0.003674,	Top-1 err = 53.700000,	Top-5 err = 32.240000,	train_time = 1.421370
TRAIN Iter 41: loss = 0.003683,	Top-1 err = 50.400000,	Top-5 err = 28.000000,	train_time = 1.454205
TRAIN Iter 42: loss = 0.003713,	Top-1 err = 53.920000,	Top-5 err = 31.740000,	train_time = 1.341651
TRAIN Iter 43: loss = 0.003633,	Top-1 err = 51.360000,	Top-5 err = 29.600000,	train_time = 1.280325
TRAIN Iter 44: loss = 0.003623,	Top-1 err = 53.400000,	Top-5 err = 31.380000,	train_time = 1.379175
TRAIN Iter 45: loss = 0.003713,	Top-1 err = 55.600000,	Top-5 err = 34.900000,	train_time = 1.348667
TRAIN Iter 46: loss = 0.003588,	Top-1 err = 53.080000,	Top-5 err = 31.560000,	train_time = 1.413265
TRAIN Iter 47: loss = 0.003502,	Top-1 err = 53.300000,	Top-5 err = 30.720000,	train_time = 1.341698
TRAIN Iter 48: loss = 0.003530,	Top-1 err = 55.380000,	Top-5 err = 33.520000,	train_time = 1.377474
TRAIN Iter 49: loss = 0.003525,	Top-1 err = 54.340000,	Top-5 err = 32.820000,	train_time = 1.377742
TRAIN Iter 50: loss = 0.003512,	Top-1 err = 51.000000,	Top-5 err = 30.360000,	train_time = 1.400850
TRAIN Iter 51: loss = 0.003487,	Top-1 err = 52.780000,	Top-5 err = 30.880000,	train_time = 1.349279
TRAIN Iter 52: loss = 0.003360,	Top-1 err = 46.220000,	Top-5 err = 26.320000,	train_time = 1.292060
TRAIN Iter 53: loss = 0.003402,	Top-1 err = 52.500000,	Top-5 err = 31.060000,	train_time = 1.384266
TRAIN Iter 54: loss = 0.003404,	Top-1 err = 52.040000,	Top-5 err = 31.180000,	train_time = 1.389562
TRAIN Iter 55: loss = 0.003332,	Top-1 err = 50.560000,	Top-5 err = 28.980000,	train_time = 1.400251
TRAIN Iter 56: loss = 0.003344,	Top-1 err = 50.880000,	Top-5 err = 29.540000,	train_time = 1.393407
TRAIN Iter 57: loss = 0.003336,	Top-1 err = 55.300000,	Top-5 err = 34.360000,	train_time = 1.420463
TRAIN Iter 58: loss = 0.003332,	Top-1 err = 49.700000,	Top-5 err = 28.760000,	train_time = 1.379885
TRAIN Iter 59: loss = 0.003292,	Top-1 err = 54.100000,	Top-5 err = 32.120000,	train_time = 1.353124
TRAIN Iter 60: loss = 0.003205,	Top-1 err = 50.100000,	Top-5 err = 29.600000,	train_time = 1.404337
TRAIN Iter 61: loss = 0.003241,	Top-1 err = 50.960000,	Top-5 err = 29.740000,	train_time = 1.403664
TRAIN Iter 62: loss = 0.003322,	Top-1 err = 54.060000,	Top-5 err = 33.740000,	train_time = 1.314292
TRAIN Iter 63: loss = 0.003213,	Top-1 err = 51.260000,	Top-5 err = 31.160000,	train_time = 1.355618
TRAIN Iter 64: loss = 0.003231,	Top-1 err = 48.320000,	Top-5 err = 26.800000,	train_time = 1.392985
TRAIN Iter 65: loss = 0.003157,	Top-1 err = 49.560000,	Top-5 err = 28.120000,	train_time = 1.315100
TRAIN Iter 66: loss = 0.003114,	Top-1 err = 51.060000,	Top-5 err = 30.500000,	train_time = 1.356616
TRAIN Iter 67: loss = 0.003145,	Top-1 err = 49.700000,	Top-5 err = 28.680000,	train_time = 1.396318
TRAIN Iter 68: loss = 0.003133,	Top-1 err = 50.460000,	Top-5 err = 30.760000,	train_time = 1.402907
TRAIN Iter 69: loss = 0.003083,	Top-1 err = 53.800000,	Top-5 err = 32.000000,	train_time = 1.415006
TRAIN Iter 70: loss = 0.003063,	Top-1 err = 51.580000,	Top-5 err = 30.420000,	train_time = 1.371092
TRAIN Iter 71: loss = 0.003030,	Top-1 err = 50.080000,	Top-5 err = 28.040000,	train_time = 1.356125
TRAIN Iter 72: loss = 0.003055,	Top-1 err = 49.000000,	Top-5 err = 28.520000,	train_time = 1.379843
TRAIN Iter 73: loss = 0.003003,	Top-1 err = 49.980000,	Top-5 err = 28.120000,	train_time = 1.319951
TRAIN Iter 74: loss = 0.002960,	Top-1 err = 50.480000,	Top-5 err = 29.400000,	train_time = 1.375167
TRAIN Iter 75: loss = 0.003030,	Top-1 err = 52.400000,	Top-5 err = 30.980000,	train_time = 1.386272
TRAIN Iter 76: loss = 0.002946,	Top-1 err = 48.100000,	Top-5 err = 27.160000,	train_time = 1.328166
TRAIN Iter 77: loss = 0.003010,	Top-1 err = 50.500000,	Top-5 err = 30.460000,	train_time = 1.410172
TRAIN Iter 78: loss = 0.002969,	Top-1 err = 53.060000,	Top-5 err = 32.200000,	train_time = 1.365680
TRAIN Iter 79: loss = 0.002915,	Top-1 err = 51.240000,	Top-5 err = 29.900000,	train_time = 1.422764
TRAIN Iter 80: loss = 0.002916,	Top-1 err = 50.840000,	Top-5 err = 30.300000,	train_time = 1.326408
TRAIN Iter 81: loss = 0.002901,	Top-1 err = 47.360000,	Top-5 err = 26.180000,	train_time = 1.312444
TRAIN Iter 82: loss = 0.002934,	Top-1 err = 46.360000,	Top-5 err = 27.080000,	train_time = 1.364839
TRAIN Iter 83: loss = 0.002879,	Top-1 err = 51.200000,	Top-5 err = 30.460000,	train_time = 1.392554
TRAIN Iter 84: loss = 0.002836,	Top-1 err = 47.180000,	Top-5 err = 28.340000,	train_time = 1.386961
TRAIN Iter 85: loss = 0.002838,	Top-1 err = 50.540000,	Top-5 err = 28.600000,	train_time = 1.370358
TRAIN Iter 86: loss = 0.002844,	Top-1 err = 51.040000,	Top-5 err = 30.840000,	train_time = 1.341865
TRAIN Iter 87: loss = 0.002854,	Top-1 err = 51.800000,	Top-5 err = 31.880000,	train_time = 1.447981
TRAIN Iter 88: loss = 0.002822,	Top-1 err = 50.200000,	Top-5 err = 30.100000,	train_time = 1.363776
TRAIN Iter 89: loss = 0.002814,	Top-1 err = 49.300000,	Top-5 err = 29.820000,	train_time = 1.424329
TRAIN Iter 90: loss = 0.002712,	Top-1 err = 48.800000,	Top-5 err = 27.680000,	train_time = 1.337817
TRAIN Iter 91: loss = 0.002826,	Top-1 err = 51.540000,	Top-5 err = 31.460000,	train_time = 1.380135
TRAIN Iter 92: loss = 0.002737,	Top-1 err = 52.080000,	Top-5 err = 30.640000,	train_time = 1.367080
TRAIN Iter 93: loss = 0.002767,	Top-1 err = 51.120000,	Top-5 err = 30.840000,	train_time = 1.281868
TRAIN Iter 94: loss = 0.002744,	Top-1 err = 47.140000,	Top-5 err = 26.980000,	train_time = 1.282606
TRAIN Iter 95: loss = 0.002775,	Top-1 err = 49.640000,	Top-5 err = 27.720000,	train_time = 1.375670
TRAIN Iter 96: loss = 0.002701,	Top-1 err = 51.800000,	Top-5 err = 31.240000,	train_time = 1.383966
TRAIN Iter 97: loss = 0.002698,	Top-1 err = 51.540000,	Top-5 err = 30.220000,	train_time = 1.375493
TRAIN Iter 98: loss = 0.002602,	Top-1 err = 46.200000,	Top-5 err = 26.800000,	train_time = 1.332994
TRAIN Iter 99: loss = 0.002674,	Top-1 err = 49.740000,	Top-5 err = 28.900000,	train_time = 1.363935
TRAIN Iter 100: loss = 0.002629,	Top-1 err = 50.740000,	Top-5 err = 29.380000,	train_time = 1.341022
TRAIN Iter 101: loss = 0.002618,	Top-1 err = 47.660000,	Top-5 err = 27.220000,	train_time = 1.323732
TRAIN Iter 102: loss = 0.002593,	Top-1 err = 49.140000,	Top-5 err = 28.280000,	train_time = 1.390378
TRAIN Iter 103: loss = 0.002643,	Top-1 err = 50.120000,	Top-5 err = 28.460000,	train_time = 1.393391
TRAIN Iter 104: loss = 0.002550,	Top-1 err = 47.680000,	Top-5 err = 27.840000,	train_time = 1.320064
TRAIN Iter 105: loss = 0.002597,	Top-1 err = 50.040000,	Top-5 err = 30.280000,	train_time = 1.416875
TRAIN Iter 106: loss = 0.002605,	Top-1 err = 48.900000,	Top-5 err = 28.500000,	train_time = 1.328321
TRAIN Iter 107: loss = 0.002543,	Top-1 err = 47.200000,	Top-5 err = 27.220000,	train_time = 1.273091
TRAIN Iter 108: loss = 0.002554,	Top-1 err = 53.780000,	Top-5 err = 32.800000,	train_time = 1.337660
TRAIN Iter 109: loss = 0.002517,	Top-1 err = 50.740000,	Top-5 err = 30.380000,	train_time = 1.355099
TRAIN Iter 110: loss = 0.002555,	Top-1 err = 50.260000,	Top-5 err = 30.780000,	train_time = 1.355420
TRAIN Iter 111: loss = 0.002531,	Top-1 err = 50.420000,	Top-5 err = 30.140000,	train_time = 1.368480
TRAIN Iter 112: loss = 0.002562,	Top-1 err = 53.780000,	Top-5 err = 33.340000,	train_time = 1.390259
TRAIN Iter 113: loss = 0.002506,	Top-1 err = 48.120000,	Top-5 err = 27.580000,	train_time = 1.434628
TRAIN Iter 114: loss = 0.002490,	Top-1 err = 52.500000,	Top-5 err = 31.240000,	train_time = 1.424543
TRAIN Iter 115: loss = 0.002444,	Top-1 err = 48.120000,	Top-5 err = 27.680000,	train_time = 1.398715
TRAIN Iter 116: loss = 0.002464,	Top-1 err = 50.420000,	Top-5 err = 28.900000,	train_time = 1.318547
TRAIN Iter 117: loss = 0.002434,	Top-1 err = 47.120000,	Top-5 err = 26.160000,	train_time = 1.459349
TRAIN Iter 118: loss = 0.002434,	Top-1 err = 50.200000,	Top-5 err = 29.440000,	train_time = 1.327354
TRAIN Iter 119: loss = 0.002493,	Top-1 err = 50.500000,	Top-5 err = 30.840000,	train_time = 1.358181
TRAIN Iter 120: loss = 0.002436,	Top-1 err = 49.440000,	Top-5 err = 28.940000,	train_time = 1.247234
TRAIN Iter 121: loss = 0.002453,	Top-1 err = 51.360000,	Top-5 err = 30.980000,	train_time = 1.338547
TRAIN Iter 122: loss = 0.002461,	Top-1 err = 47.320000,	Top-5 err = 26.380000,	train_time = 1.337650
TRAIN Iter 123: loss = 0.002420,	Top-1 err = 47.640000,	Top-5 err = 27.800000,	train_time = 1.269625
TRAIN Iter 124: loss = 0.002405,	Top-1 err = 49.440000,	Top-5 err = 29.280000,	train_time = 1.373459
TRAIN Iter 125: loss = 0.002347,	Top-1 err = 44.140000,	Top-5 err = 25.120000,	train_time = 1.436442
TRAIN Iter 126: loss = 0.002362,	Top-1 err = 43.760000,	Top-5 err = 25.420000,	train_time = 1.408663
TRAIN Iter 127: loss = 0.002346,	Top-1 err = 51.580000,	Top-5 err = 30.360000,	train_time = 1.243382
TRAIN Iter 128: loss = 0.002370,	Top-1 err = 50.480000,	Top-5 err = 29.720000,	train_time = 1.321408
TRAIN Iter 129: loss = 0.002358,	Top-1 err = 50.800000,	Top-5 err = 29.560000,	train_time = 1.364275
TRAIN Iter 130: loss = 0.002368,	Top-1 err = 52.760000,	Top-5 err = 31.620000,	train_time = 1.408737
TRAIN Iter 131: loss = 0.002302,	Top-1 err = 47.920000,	Top-5 err = 27.880000,	train_time = 1.266160
TRAIN Iter 132: loss = 0.002325,	Top-1 err = 47.060000,	Top-5 err = 27.200000,	train_time = 1.368183
TRAIN Iter 133: loss = 0.002279,	Top-1 err = 47.780000,	Top-5 err = 28.260000,	train_time = 1.411509
TRAIN Iter 134: loss = 0.002332,	Top-1 err = 49.680000,	Top-5 err = 30.720000,	train_time = 1.371758
TRAIN Iter 135: loss = 0.002327,	Top-1 err = 49.800000,	Top-5 err = 30.780000,	train_time = 1.369409
TRAIN Iter 136: loss = 0.002282,	Top-1 err = 47.880000,	Top-5 err = 28.040000,	train_time = 1.312186
TRAIN Iter 137: loss = 0.002290,	Top-1 err = 52.120000,	Top-5 err = 31.720000,	train_time = 1.414268
TRAIN Iter 138: loss = 0.002287,	Top-1 err = 49.420000,	Top-5 err = 28.720000,	train_time = 1.289837
TRAIN Iter 139: loss = 0.002223,	Top-1 err = 45.400000,	Top-5 err = 25.840000,	train_time = 1.382852
TRAIN Iter 140: loss = 0.002277,	Top-1 err = 45.800000,	Top-5 err = 26.380000,	train_time = 1.395557
TRAIN Iter 141: loss = 0.002258,	Top-1 err = 49.080000,	Top-5 err = 29.020000,	train_time = 1.308788
TRAIN Iter 142: loss = 0.002266,	Top-1 err = 52.820000,	Top-5 err = 31.740000,	train_time = 1.342453
TRAIN Iter 143: loss = 0.002232,	Top-1 err = 48.200000,	Top-5 err = 27.620000,	train_time = 1.325267
TRAIN Iter 144: loss = 0.002218,	Top-1 err = 52.300000,	Top-5 err = 32.180000,	train_time = 1.400329
TRAIN Iter 145: loss = 0.002227,	Top-1 err = 50.600000,	Top-5 err = 30.080000,	train_time = 1.395641
TRAIN Iter 146: loss = 0.002244,	Top-1 err = 51.820000,	Top-5 err = 31.340000,	train_time = 1.348780
TRAIN Iter 147: loss = 0.002162,	Top-1 err = 46.940000,	Top-5 err = 26.040000,	train_time = 1.339409
TRAIN Iter 148: loss = 0.002196,	Top-1 err = 50.380000,	Top-5 err = 30.160000,	train_time = 1.293574
TRAIN Iter 149: loss = 0.002188,	Top-1 err = 51.080000,	Top-5 err = 29.660000,	train_time = 1.336496
TRAIN Iter 150: loss = 0.002165,	Top-1 err = 46.400000,	Top-5 err = 26.500000,	train_time = 1.514333
TRAIN Iter 151: loss = 0.002221,	Top-1 err = 50.880000,	Top-5 err = 30.640000,	train_time = 1.334020
TRAIN Iter 152: loss = 0.002103,	Top-1 err = 48.520000,	Top-5 err = 28.180000,	train_time = 1.356279
TRAIN Iter 153: loss = 0.002119,	Top-1 err = 46.520000,	Top-5 err = 26.400000,	train_time = 1.434206
TRAIN Iter 154: loss = 0.002145,	Top-1 err = 48.060000,	Top-5 err = 29.100000,	train_time = 1.385713
TRAIN Iter 155: loss = 0.002071,	Top-1 err = 46.880000,	Top-5 err = 26.940000,	train_time = 1.335465
TRAIN Iter 156: loss = 0.002126,	Top-1 err = 49.280000,	Top-5 err = 29.040000,	train_time = 1.369436
TRAIN Iter 157: loss = 0.002141,	Top-1 err = 49.160000,	Top-5 err = 30.060000,	train_time = 1.351308
TRAIN Iter 158: loss = 0.002104,	Top-1 err = 49.720000,	Top-5 err = 29.000000,	train_time = 1.258696
TRAIN Iter 159: loss = 0.002171,	Top-1 err = 50.440000,	Top-5 err = 29.860000,	train_time = 1.309922
TRAIN Iter 160: loss = 0.002115,	Top-1 err = 49.720000,	Top-5 err = 29.080000,	train_time = 1.331714
TRAIN Iter 161: loss = 0.002089,	Top-1 err = 46.520000,	Top-5 err = 26.860000,	train_time = 1.370213
TRAIN Iter 162: loss = 0.002115,	Top-1 err = 48.900000,	Top-5 err = 28.160000,	train_time = 1.413881
TRAIN Iter 163: loss = 0.002100,	Top-1 err = 47.320000,	Top-5 err = 27.520000,	train_time = 1.356550
TRAIN Iter 164: loss = 0.002107,	Top-1 err = 47.300000,	Top-5 err = 26.920000,	train_time = 1.398430
TRAIN Iter 165: loss = 0.002063,	Top-1 err = 48.820000,	Top-5 err = 29.020000,	train_time = 1.291842
TRAIN Iter 166: loss = 0.002060,	Top-1 err = 51.140000,	Top-5 err = 31.060000,	train_time = 1.401513
TRAIN Iter 167: loss = 0.002067,	Top-1 err = 45.360000,	Top-5 err = 25.200000,	train_time = 1.389616
TRAIN Iter 168: loss = 0.002002,	Top-1 err = 48.720000,	Top-5 err = 27.680000,	train_time = 1.367717
TRAIN Iter 169: loss = 0.002088,	Top-1 err = 51.740000,	Top-5 err = 31.440000,	train_time = 1.364321
TRAIN Iter 170: loss = 0.002014,	Top-1 err = 46.680000,	Top-5 err = 26.520000,	train_time = 1.259744
TRAIN Iter 171: loss = 0.002055,	Top-1 err = 50.760000,	Top-5 err = 29.960000,	train_time = 1.370394
TRAIN Iter 172: loss = 0.002023,	Top-1 err = 49.660000,	Top-5 err = 29.960000,	train_time = 1.292698
TRAIN Iter 173: loss = 0.002056,	Top-1 err = 49.440000,	Top-5 err = 29.600000,	train_time = 1.362357
TRAIN Iter 174: loss = 0.002017,	Top-1 err = 47.220000,	Top-5 err = 26.680000,	train_time = 1.360640
TRAIN Iter 175: loss = 0.001964,	Top-1 err = 50.120000,	Top-5 err = 29.280000,	train_time = 1.285696
TRAIN Iter 176: loss = 0.001958,	Top-1 err = 47.860000,	Top-5 err = 27.840000,	train_time = 1.322649
TRAIN Iter 177: loss = 0.002032,	Top-1 err = 46.940000,	Top-5 err = 27.200000,	train_time = 1.274352
TRAIN Iter 178: loss = 0.001942,	Top-1 err = 47.720000,	Top-5 err = 27.180000,	train_time = 1.389101
TRAIN Iter 179: loss = 0.001950,	Top-1 err = 49.440000,	Top-5 err = 29.460000,	train_time = 1.348185
TRAIN Iter 180: loss = 0.002038,	Top-1 err = 48.660000,	Top-5 err = 28.760000,	train_time = 1.293127
TRAIN Iter 181: loss = 0.001958,	Top-1 err = 45.780000,	Top-5 err = 26.200000,	train_time = 1.402631
TRAIN Iter 182: loss = 0.001929,	Top-1 err = 45.980000,	Top-5 err = 26.080000,	train_time = 1.336781
TRAIN Iter 183: loss = 0.001949,	Top-1 err = 47.280000,	Top-5 err = 28.100000,	train_time = 1.408683
TRAIN Iter 184: loss = 0.001970,	Top-1 err = 53.300000,	Top-5 err = 32.880000,	train_time = 1.346396
TRAIN Iter 185: loss = 0.001954,	Top-1 err = 47.740000,	Top-5 err = 28.160000,	train_time = 1.253812
TRAIN Iter 186: loss = 0.001936,	Top-1 err = 50.180000,	Top-5 err = 29.600000,	train_time = 1.426620
TRAIN Iter 187: loss = 0.001966,	Top-1 err = 46.940000,	Top-5 err = 25.120000,	train_time = 1.336818
TRAIN Iter 188: loss = 0.001932,	Top-1 err = 47.120000,	Top-5 err = 28.900000,	train_time = 1.379683
TRAIN Iter 189: loss = 0.001931,	Top-1 err = 47.740000,	Top-5 err = 27.980000,	train_time = 1.339810
TRAIN Iter 190: loss = 0.001928,	Top-1 err = 48.560000,	Top-5 err = 28.240000,	train_time = 1.417042
TRAIN Iter 191: loss = 0.001929,	Top-1 err = 47.300000,	Top-5 err = 27.660000,	train_time = 1.394791
TRAIN Iter 192: loss = 0.001896,	Top-1 err = 45.640000,	Top-5 err = 25.800000,	train_time = 1.417096
TRAIN Iter 193: loss = 0.001912,	Top-1 err = 49.560000,	Top-5 err = 29.800000,	train_time = 1.439822
TRAIN Iter 194: loss = 0.001832,	Top-1 err = 47.620000,	Top-5 err = 28.980000,	train_time = 1.424996
TRAIN Iter 195: loss = 0.001900,	Top-1 err = 49.580000,	Top-5 err = 30.100000,	train_time = 1.356864
TRAIN Iter 196: loss = 0.001896,	Top-1 err = 50.520000,	Top-5 err = 30.160000,	train_time = 1.347200
TRAIN Iter 197: loss = 0.001942,	Top-1 err = 50.780000,	Top-5 err = 30.760000,	train_time = 1.275353
TRAIN Iter 198: loss = 0.001820,	Top-1 err = 46.640000,	Top-5 err = 26.520000,	train_time = 1.428773
TRAIN Iter 199: loss = 0.001863,	Top-1 err = 48.520000,	Top-5 err = 28.960000,	train_time = 1.335021
TRAIN Iter 200: loss = 0.001853,	Top-1 err = 50.860000,	Top-5 err = 30.920000,	train_time = 1.273070
TRAIN Iter 201: loss = 0.001885,	Top-1 err = 49.860000,	Top-5 err = 29.460000,	train_time = 1.420347
TRAIN Iter 202: loss = 0.001816,	Top-1 err = 51.100000,	Top-5 err = 29.980000,	train_time = 1.405056
TRAIN Iter 203: loss = 0.001820,	Top-1 err = 46.480000,	Top-5 err = 25.420000,	train_time = 1.215990
TRAIN Iter 204: loss = 0.001855,	Top-1 err = 47.740000,	Top-5 err = 27.260000,	train_time = 1.412600
TRAIN Iter 205: loss = 0.001849,	Top-1 err = 54.020000,	Top-5 err = 32.760000,	train_time = 1.328894
TRAIN Iter 206: loss = 0.001827,	Top-1 err = 49.820000,	Top-5 err = 29.800000,	train_time = 1.370726
TRAIN Iter 207: loss = 0.001834,	Top-1 err = 50.200000,	Top-5 err = 30.980000,	train_time = 1.208963
TRAIN Iter 208: loss = 0.001822,	Top-1 err = 49.200000,	Top-5 err = 30.140000,	train_time = 1.276522
TRAIN Iter 209: loss = 0.001773,	Top-1 err = 47.920000,	Top-5 err = 27.460000,	train_time = 1.290491
TRAIN Iter 210: loss = 0.001840,	Top-1 err = 48.660000,	Top-5 err = 27.720000,	train_time = 1.393233
TRAIN Iter 211: loss = 0.001825,	Top-1 err = 48.380000,	Top-5 err = 28.080000,	train_time = 1.378059
TRAIN Iter 212: loss = 0.001811,	Top-1 err = 47.200000,	Top-5 err = 27.700000,	train_time = 1.272520
TRAIN Iter 213: loss = 0.001801,	Top-1 err = 44.560000,	Top-5 err = 25.940000,	train_time = 1.418041
TRAIN Iter 214: loss = 0.001794,	Top-1 err = 52.620000,	Top-5 err = 32.340000,	train_time = 1.350640
TRAIN Iter 215: loss = 0.001759,	Top-1 err = 47.100000,	Top-5 err = 27.640000,	train_time = 1.311714
TRAIN Iter 216: loss = 0.001762,	Top-1 err = 50.280000,	Top-5 err = 30.160000,	train_time = 1.357564
TRAIN Iter 217: loss = 0.001783,	Top-1 err = 45.620000,	Top-5 err = 25.140000,	train_time = 1.355016
TRAIN Iter 218: loss = 0.001809,	Top-1 err = 47.120000,	Top-5 err = 28.220000,	train_time = 1.334797
TRAIN Iter 219: loss = 0.001784,	Top-1 err = 52.280000,	Top-5 err = 31.760000,	train_time = 1.328279
TRAIN Iter 220: loss = 0.001767,	Top-1 err = 47.980000,	Top-5 err = 30.140000,	train_time = 1.373553
TRAIN Iter 221: loss = 0.001752,	Top-1 err = 48.320000,	Top-5 err = 28.660000,	train_time = 1.348711
TRAIN Iter 222: loss = 0.001742,	Top-1 err = 51.360000,	Top-5 err = 31.120000,	train_time = 1.346166
TRAIN Iter 223: loss = 0.001780,	Top-1 err = 49.400000,	Top-5 err = 29.060000,	train_time = 1.410356
TRAIN Iter 224: loss = 0.001734,	Top-1 err = 49.060000,	Top-5 err = 29.140000,	train_time = 1.411242
TRAIN Iter 225: loss = 0.001773,	Top-1 err = 45.400000,	Top-5 err = 26.000000,	train_time = 1.387745
TRAIN Iter 226: loss = 0.001723,	Top-1 err = 48.400000,	Top-5 err = 29.240000,	train_time = 1.413616
TRAIN Iter 227: loss = 0.001792,	Top-1 err = 51.560000,	Top-5 err = 30.160000,	train_time = 1.533989
TRAIN Iter 228: loss = 0.001718,	Top-1 err = 47.400000,	Top-5 err = 26.580000,	train_time = 1.301197
TRAIN Iter 229: loss = 0.001693,	Top-1 err = 50.320000,	Top-5 err = 30.240000,	train_time = 1.400885
TRAIN Iter 230: loss = 0.001672,	Top-1 err = 44.740000,	Top-5 err = 26.040000,	train_time = 1.329733
TRAIN Iter 231: loss = 0.001696,	Top-1 err = 47.880000,	Top-5 err = 27.940000,	train_time = 1.416432
TRAIN Iter 232: loss = 0.001704,	Top-1 err = 50.400000,	Top-5 err = 29.300000,	train_time = 1.346796
TRAIN Iter 233: loss = 0.001659,	Top-1 err = 45.380000,	Top-5 err = 26.280000,	train_time = 1.345816
TRAIN Iter 234: loss = 0.001696,	Top-1 err = 47.300000,	Top-5 err = 27.620000,	train_time = 1.422353
TRAIN Iter 235: loss = 0.001693,	Top-1 err = 46.480000,	Top-5 err = 27.380000,	train_time = 1.363539
TRAIN Iter 236: loss = 0.001709,	Top-1 err = 49.900000,	Top-5 err = 29.640000,	train_time = 1.349027
TRAIN Iter 237: loss = 0.001708,	Top-1 err = 50.260000,	Top-5 err = 30.860000,	train_time = 1.382695
TRAIN Iter 238: loss = 0.001709,	Top-1 err = 50.880000,	Top-5 err = 30.800000,	train_time = 1.374007
TRAIN Iter 239: loss = 0.001696,	Top-1 err = 50.780000,	Top-5 err = 30.800000,	train_time = 1.328904
TRAIN Iter 240: loss = 0.001641,	Top-1 err = 44.760000,	Top-5 err = 25.280000,	train_time = 1.332530
TRAIN Iter 241: loss = 0.001670,	Top-1 err = 49.600000,	Top-5 err = 30.160000,	train_time = 1.394398
TRAIN Iter 242: loss = 0.001633,	Top-1 err = 47.080000,	Top-5 err = 26.200000,	train_time = 1.372106
TRAIN Iter 243: loss = 0.001633,	Top-1 err = 47.860000,	Top-5 err = 28.060000,	train_time = 1.370032
TRAIN Iter 244: loss = 0.001628,	Top-1 err = 49.260000,	Top-5 err = 28.440000,	train_time = 1.297283
TRAIN Iter 245: loss = 0.001696,	Top-1 err = 49.200000,	Top-5 err = 29.300000,	train_time = 1.344043
TRAIN Iter 246: loss = 0.001623,	Top-1 err = 44.660000,	Top-5 err = 26.040000,	train_time = 1.365225
TRAIN Iter 247: loss = 0.001663,	Top-1 err = 51.420000,	Top-5 err = 30.800000,	train_time = 1.364167
TRAIN Iter 248: loss = 0.001655,	Top-1 err = 43.860000,	Top-5 err = 24.740000,	train_time = 1.438790
TRAIN Iter 249: loss = 0.001654,	Top-1 err = 48.940000,	Top-5 err = 28.480000,	train_time = 1.325222
TEST:
Iter 249: loss = 1.742838,	Top-1 err = 43.810000,	Top-5 err = 17.030000,	val_time = 0.795267
TRAIN Iter 250: loss = 0.001640,	Top-1 err = 47.040000,	Top-5 err = 26.160000,	train_time = 1.391343
TRAIN Iter 251: loss = 0.001614,	Top-1 err = 48.420000,	Top-5 err = 28.180000,	train_time = 1.342147
TRAIN Iter 252: loss = 0.001653,	Top-1 err = 51.220000,	Top-5 err = 31.400000,	train_time = 1.411575
TRAIN Iter 253: loss = 0.001627,	Top-1 err = 46.680000,	Top-5 err = 27.340000,	train_time = 1.294022
TRAIN Iter 254: loss = 0.001645,	Top-1 err = 51.340000,	Top-5 err = 31.540000,	train_time = 1.388563
TRAIN Iter 255: loss = 0.001577,	Top-1 err = 46.720000,	Top-5 err = 27.100000,	train_time = 1.405088
TRAIN Iter 256: loss = 0.001634,	Top-1 err = 50.180000,	Top-5 err = 30.020000,	train_time = 1.523138
TRAIN Iter 257: loss = 0.001638,	Top-1 err = 46.800000,	Top-5 err = 27.820000,	train_time = 1.393657
TRAIN Iter 258: loss = 0.001572,	Top-1 err = 45.920000,	Top-5 err = 26.440000,	train_time = 1.401971
TRAIN Iter 259: loss = 0.001607,	Top-1 err = 49.560000,	Top-5 err = 30.600000,	train_time = 1.375599
TEST:
Iter 259: loss = 1.729062,	Top-1 err = 43.770000,	Top-5 err = 16.610000,	val_time = 0.791204
TRAIN Iter 260: loss = 0.001615,	Top-1 err = 44.980000,	Top-5 err = 25.260000,	train_time = 1.332910
TRAIN Iter 261: loss = 0.001587,	Top-1 err = 48.420000,	Top-5 err = 28.700000,	train_time = 1.392803
TRAIN Iter 262: loss = 0.001584,	Top-1 err = 51.080000,	Top-5 err = 31.120000,	train_time = 1.401209
TRAIN Iter 263: loss = 0.001595,	Top-1 err = 48.360000,	Top-5 err = 29.100000,	train_time = 1.298211
TRAIN Iter 264: loss = 0.001611,	Top-1 err = 46.200000,	Top-5 err = 26.500000,	train_time = 1.359855
TRAIN Iter 265: loss = 0.001576,	Top-1 err = 47.040000,	Top-5 err = 27.720000,	train_time = 1.366008
TRAIN Iter 266: loss = 0.001572,	Top-1 err = 45.880000,	Top-5 err = 27.760000,	train_time = 1.376667
TRAIN Iter 267: loss = 0.001594,	Top-1 err = 48.660000,	Top-5 err = 28.620000,	train_time = 1.362777
TRAIN Iter 268: loss = 0.001570,	Top-1 err = 47.560000,	Top-5 err = 28.200000,	train_time = 1.391271
TRAIN Iter 269: loss = 0.001565,	Top-1 err = 48.060000,	Top-5 err = 27.440000,	train_time = 1.367090
TEST:
Iter 269: loss = 1.728023,	Top-1 err = 43.380000,	Top-5 err = 16.840000,	val_time = 0.817061
TRAIN Iter 270: loss = 0.001590,	Top-1 err = 45.740000,	Top-5 err = 26.260000,	train_time = 1.355573
TRAIN Iter 271: loss = 0.001567,	Top-1 err = 48.680000,	Top-5 err = 29.600000,	train_time = 1.348920
TRAIN Iter 272: loss = 0.001563,	Top-1 err = 50.320000,	Top-5 err = 31.500000,	train_time = 1.349427
TRAIN Iter 273: loss = 0.001543,	Top-1 err = 47.700000,	Top-5 err = 28.760000,	train_time = 1.498823
TRAIN Iter 274: loss = 0.001553,	Top-1 err = 46.600000,	Top-5 err = 26.840000,	train_time = 1.434591
TRAIN Iter 275: loss = 0.001559,	Top-1 err = 50.060000,	Top-5 err = 30.980000,	train_time = 1.329170
TRAIN Iter 276: loss = 0.001488,	Top-1 err = 47.960000,	Top-5 err = 28.620000,	train_time = 1.390435
TRAIN Iter 277: loss = 0.001547,	Top-1 err = 46.540000,	Top-5 err = 26.620000,	train_time = 1.323935
TRAIN Iter 278: loss = 0.001516,	Top-1 err = 49.520000,	Top-5 err = 29.540000,	train_time = 1.374097
TRAIN Iter 279: loss = 0.001536,	Top-1 err = 48.220000,	Top-5 err = 29.660000,	train_time = 1.373483
TEST:
Iter 279: loss = 1.685743,	Top-1 err = 42.740000,	Top-5 err = 16.530000,	val_time = 0.787078
TRAIN Iter 280: loss = 0.001541,	Top-1 err = 47.940000,	Top-5 err = 29.240000,	train_time = 1.393379
TRAIN Iter 281: loss = 0.001531,	Top-1 err = 47.400000,	Top-5 err = 27.720000,	train_time = 1.396930
TRAIN Iter 282: loss = 0.001546,	Top-1 err = 53.040000,	Top-5 err = 33.700000,	train_time = 1.338034
TRAIN Iter 283: loss = 0.001491,	Top-1 err = 48.500000,	Top-5 err = 28.580000,	train_time = 1.339862
TRAIN Iter 284: loss = 0.001477,	Top-1 err = 48.520000,	Top-5 err = 28.820000,	train_time = 1.369177
TRAIN Iter 285: loss = 0.001486,	Top-1 err = 46.780000,	Top-5 err = 27.540000,	train_time = 1.419907
TRAIN Iter 286: loss = 0.001524,	Top-1 err = 48.080000,	Top-5 err = 28.440000,	train_time = 1.359097
TRAIN Iter 287: loss = 0.001494,	Top-1 err = 51.920000,	Top-5 err = 32.600000,	train_time = 1.402190
TRAIN Iter 288: loss = 0.001522,	Top-1 err = 47.360000,	Top-5 err = 28.420000,	train_time = 1.349275
TRAIN Iter 289: loss = 0.001461,	Top-1 err = 50.040000,	Top-5 err = 29.920000,	train_time = 1.327629
TEST:
Iter 289: loss = 1.698320,	Top-1 err = 42.750000,	Top-5 err = 16.440000,	val_time = 0.758502
TRAIN Iter 290: loss = 0.001515,	Top-1 err = 48.800000,	Top-5 err = 30.860000,	train_time = 1.309479
TRAIN Iter 291: loss = 0.001508,	Top-1 err = 48.120000,	Top-5 err = 28.100000,	train_time = 1.296012
TRAIN Iter 292: loss = 0.001477,	Top-1 err = 46.140000,	Top-5 err = 26.860000,	train_time = 1.324636
TRAIN Iter 293: loss = 0.001454,	Top-1 err = 47.820000,	Top-5 err = 29.360000,	train_time = 1.382056
TRAIN Iter 294: loss = 0.001493,	Top-1 err = 47.900000,	Top-5 err = 29.180000,	train_time = 1.353229
TRAIN Iter 295: loss = 0.001479,	Top-1 err = 47.260000,	Top-5 err = 28.940000,	train_time = 1.340854
TRAIN Iter 296: loss = 0.001462,	Top-1 err = 46.220000,	Top-5 err = 26.820000,	train_time = 1.281740
TRAIN Iter 297: loss = 0.001475,	Top-1 err = 44.780000,	Top-5 err = 25.060000,	train_time = 1.362547
TRAIN Iter 298: loss = 0.001504,	Top-1 err = 51.280000,	Top-5 err = 32.000000,	train_time = 1.333129
TRAIN Iter 299: loss = 0.001478,	Top-1 err = 48.040000,	Top-5 err = 28.880000,	train_time = 1.373917
TEST:
Iter 299: loss = 1.681049,	Top-1 err = 42.700000,	Top-5 err = 16.430000,	val_time = 0.714787
Train Finish! Best accuracy is 57.3@299
