/home/dvspanos/miniconda3/envs/rded/lib/python3.10/site-packages/torch/cuda/__init__.py:611: UserWarning: Can't initialize NVML
  warnings.warn("Can't initialize NVML")
=> using pytorch pre-trained teacher model 'conv3'
process data from /home/dvspanos/nikos/ca2d/artifacts/sets/bench_cifar100_conv_rcad2d_ipc100
load data successfully
TRAIN Iter 0: loss = 0.012849,	Top-1 err = 92.660000,	Top-5 err = 77.390000,	train_time = 3.255737
TRAIN Iter 1: loss = 0.010022,	Top-1 err = 87.250000,	Top-5 err = 64.710000,	train_time = 2.514796
TRAIN Iter 2: loss = 0.008352,	Top-1 err = 82.880000,	Top-5 err = 58.310000,	train_time = 2.554287
TRAIN Iter 3: loss = 0.007290,	Top-1 err = 78.310000,	Top-5 err = 52.540000,	train_time = 2.479298
TRAIN Iter 4: loss = 0.006585,	Top-1 err = 77.190000,	Top-5 err = 51.020000,	train_time = 2.576139
TRAIN Iter 5: loss = 0.006051,	Top-1 err = 73.020000,	Top-5 err = 45.590000,	train_time = 2.642138
TRAIN Iter 6: loss = 0.005568,	Top-1 err = 72.670000,	Top-5 err = 46.850000,	train_time = 2.508029
TRAIN Iter 7: loss = 0.005309,	Top-1 err = 70.790000,	Top-5 err = 44.530000,	train_time = 2.473086
TRAIN Iter 8: loss = 0.004935,	Top-1 err = 70.390000,	Top-5 err = 44.360000,	train_time = 2.481949
TRAIN Iter 9: loss = 0.004814,	Top-1 err = 66.440000,	Top-5 err = 40.360000,	train_time = 2.504704
TRAIN Iter 10: loss = 0.004564,	Top-1 err = 66.890000,	Top-5 err = 40.590000,	train_time = 2.535332
TRAIN Iter 11: loss = 0.004447,	Top-1 err = 67.760000,	Top-5 err = 42.250000,	train_time = 2.495800
TRAIN Iter 12: loss = 0.004302,	Top-1 err = 66.270000,	Top-5 err = 39.500000,	train_time = 2.661979
TRAIN Iter 13: loss = 0.004145,	Top-1 err = 65.830000,	Top-5 err = 40.440000,	train_time = 2.503408
TRAIN Iter 14: loss = 0.004073,	Top-1 err = 63.870000,	Top-5 err = 38.130000,	train_time = 2.526310
TRAIN Iter 15: loss = 0.003938,	Top-1 err = 64.140000,	Top-5 err = 38.420000,	train_time = 2.549108
TRAIN Iter 16: loss = 0.003921,	Top-1 err = 62.930000,	Top-5 err = 37.100000,	train_time = 2.627333
TRAIN Iter 17: loss = 0.003798,	Top-1 err = 65.040000,	Top-5 err = 40.550000,	train_time = 2.516703
TRAIN Iter 18: loss = 0.003727,	Top-1 err = 66.660000,	Top-5 err = 41.240000,	train_time = 2.646157
TRAIN Iter 19: loss = 0.003671,	Top-1 err = 62.280000,	Top-5 err = 36.760000,	train_time = 2.720104
TRAIN Iter 20: loss = 0.003573,	Top-1 err = 62.610000,	Top-5 err = 37.580000,	train_time = 2.501108
TRAIN Iter 21: loss = 0.003541,	Top-1 err = 61.660000,	Top-5 err = 35.650000,	train_time = 2.559660
TRAIN Iter 22: loss = 0.003429,	Top-1 err = 62.110000,	Top-5 err = 36.550000,	train_time = 2.619091
TRAIN Iter 23: loss = 0.003408,	Top-1 err = 62.200000,	Top-5 err = 38.670000,	train_time = 2.516894
TRAIN Iter 24: loss = 0.003325,	Top-1 err = 60.440000,	Top-5 err = 35.370000,	train_time = 2.567260
TRAIN Iter 25: loss = 0.003315,	Top-1 err = 61.970000,	Top-5 err = 37.510000,	train_time = 2.521746
TRAIN Iter 26: loss = 0.003269,	Top-1 err = 62.890000,	Top-5 err = 37.220000,	train_time = 2.599970
TRAIN Iter 27: loss = 0.003190,	Top-1 err = 60.290000,	Top-5 err = 35.740000,	train_time = 2.594531
TRAIN Iter 28: loss = 0.003214,	Top-1 err = 61.970000,	Top-5 err = 38.530000,	train_time = 2.621422
TRAIN Iter 29: loss = 0.003142,	Top-1 err = 61.030000,	Top-5 err = 36.780000,	train_time = 2.457993
TRAIN Iter 30: loss = 0.003117,	Top-1 err = 61.540000,	Top-5 err = 37.520000,	train_time = 2.566410
TRAIN Iter 31: loss = 0.003051,	Top-1 err = 60.720000,	Top-5 err = 36.730000,	train_time = 2.460751
TRAIN Iter 32: loss = 0.003056,	Top-1 err = 59.890000,	Top-5 err = 35.900000,	train_time = 2.554224
TRAIN Iter 33: loss = 0.003017,	Top-1 err = 62.490000,	Top-5 err = 39.080000,	train_time = 2.405143
TRAIN Iter 34: loss = 0.003004,	Top-1 err = 60.600000,	Top-5 err = 36.310000,	train_time = 2.579953
TRAIN Iter 35: loss = 0.002908,	Top-1 err = 60.750000,	Top-5 err = 36.930000,	train_time = 2.565133
TRAIN Iter 36: loss = 0.002872,	Top-1 err = 60.470000,	Top-5 err = 35.340000,	train_time = 2.573297
TRAIN Iter 37: loss = 0.002879,	Top-1 err = 60.410000,	Top-5 err = 36.500000,	train_time = 2.582199
TRAIN Iter 38: loss = 0.002826,	Top-1 err = 59.920000,	Top-5 err = 36.590000,	train_time = 2.536119
TRAIN Iter 39: loss = 0.002769,	Top-1 err = 60.910000,	Top-5 err = 37.200000,	train_time = 2.580976
TRAIN Iter 40: loss = 0.002782,	Top-1 err = 59.840000,	Top-5 err = 35.550000,	train_time = 2.548806
TRAIN Iter 41: loss = 0.002738,	Top-1 err = 61.130000,	Top-5 err = 37.630000,	train_time = 2.574769
TRAIN Iter 42: loss = 0.002775,	Top-1 err = 58.440000,	Top-5 err = 34.470000,	train_time = 2.660167
TRAIN Iter 43: loss = 0.002669,	Top-1 err = 59.900000,	Top-5 err = 36.810000,	train_time = 2.733957
TRAIN Iter 44: loss = 0.002692,	Top-1 err = 62.410000,	Top-5 err = 38.530000,	train_time = 2.675111
TRAIN Iter 45: loss = 0.002681,	Top-1 err = 59.100000,	Top-5 err = 36.070000,	train_time = 2.639647
TRAIN Iter 46: loss = 0.002627,	Top-1 err = 63.270000,	Top-5 err = 39.390000,	train_time = 2.631568
TRAIN Iter 47: loss = 0.002594,	Top-1 err = 60.040000,	Top-5 err = 35.440000,	train_time = 2.587601
TRAIN Iter 48: loss = 0.002582,	Top-1 err = 59.900000,	Top-5 err = 36.380000,	train_time = 2.512738
TRAIN Iter 49: loss = 0.002592,	Top-1 err = 59.990000,	Top-5 err = 37.460000,	train_time = 2.523017
TRAIN Iter 50: loss = 0.002567,	Top-1 err = 59.320000,	Top-5 err = 36.340000,	train_time = 2.417672
TRAIN Iter 51: loss = 0.002494,	Top-1 err = 58.390000,	Top-5 err = 34.880000,	train_time = 2.480614
TRAIN Iter 52: loss = 0.002475,	Top-1 err = 59.840000,	Top-5 err = 36.340000,	train_time = 2.632352
TRAIN Iter 53: loss = 0.002475,	Top-1 err = 58.710000,	Top-5 err = 34.780000,	train_time = 2.615965
TRAIN Iter 54: loss = 0.002426,	Top-1 err = 59.340000,	Top-5 err = 35.290000,	train_time = 2.496515
TRAIN Iter 55: loss = 0.002398,	Top-1 err = 58.740000,	Top-5 err = 34.930000,	train_time = 2.720639
TRAIN Iter 56: loss = 0.002407,	Top-1 err = 59.440000,	Top-5 err = 36.070000,	train_time = 2.554555
TRAIN Iter 57: loss = 0.002381,	Top-1 err = 58.540000,	Top-5 err = 35.540000,	train_time = 2.624072
TRAIN Iter 58: loss = 0.002380,	Top-1 err = 59.890000,	Top-5 err = 36.130000,	train_time = 2.537540
TRAIN Iter 59: loss = 0.002348,	Top-1 err = 57.990000,	Top-5 err = 34.680000,	train_time = 2.599493
TRAIN Iter 60: loss = 0.002348,	Top-1 err = 59.880000,	Top-5 err = 36.690000,	train_time = 2.472742
TRAIN Iter 61: loss = 0.002307,	Top-1 err = 59.740000,	Top-5 err = 36.040000,	train_time = 2.618193
TRAIN Iter 62: loss = 0.002272,	Top-1 err = 56.450000,	Top-5 err = 32.680000,	train_time = 2.549061
TRAIN Iter 63: loss = 0.002243,	Top-1 err = 56.630000,	Top-5 err = 32.590000,	train_time = 2.614779
TRAIN Iter 64: loss = 0.002246,	Top-1 err = 57.800000,	Top-5 err = 34.430000,	train_time = 2.617425
TRAIN Iter 65: loss = 0.002252,	Top-1 err = 56.450000,	Top-5 err = 32.720000,	train_time = 2.478768
TRAIN Iter 66: loss = 0.002173,	Top-1 err = 57.540000,	Top-5 err = 34.810000,	train_time = 2.658295
TRAIN Iter 67: loss = 0.002166,	Top-1 err = 57.660000,	Top-5 err = 34.300000,	train_time = 2.557871
TRAIN Iter 68: loss = 0.002159,	Top-1 err = 58.130000,	Top-5 err = 34.910000,	train_time = 2.598628
TRAIN Iter 69: loss = 0.002132,	Top-1 err = 58.120000,	Top-5 err = 33.370000,	train_time = 2.541650
TRAIN Iter 70: loss = 0.002165,	Top-1 err = 58.730000,	Top-5 err = 34.760000,	train_time = 2.560009
TRAIN Iter 71: loss = 0.002148,	Top-1 err = 56.930000,	Top-5 err = 34.270000,	train_time = 2.498593
TRAIN Iter 72: loss = 0.002121,	Top-1 err = 57.990000,	Top-5 err = 34.550000,	train_time = 2.511772
TRAIN Iter 73: loss = 0.002119,	Top-1 err = 58.630000,	Top-5 err = 34.390000,	train_time = 2.451097
TRAIN Iter 74: loss = 0.002066,	Top-1 err = 58.590000,	Top-5 err = 34.530000,	train_time = 2.507845
TRAIN Iter 75: loss = 0.002062,	Top-1 err = 57.790000,	Top-5 err = 34.150000,	train_time = 2.572289
TRAIN Iter 76: loss = 0.002099,	Top-1 err = 57.660000,	Top-5 err = 34.710000,	train_time = 2.519616
TRAIN Iter 77: loss = 0.002059,	Top-1 err = 58.050000,	Top-5 err = 35.580000,	train_time = 2.633686
TRAIN Iter 78: loss = 0.002034,	Top-1 err = 58.550000,	Top-5 err = 35.110000,	train_time = 2.545734
TRAIN Iter 79: loss = 0.002053,	Top-1 err = 57.740000,	Top-5 err = 34.020000,	train_time = 2.566281
TRAIN Iter 80: loss = 0.002021,	Top-1 err = 55.160000,	Top-5 err = 32.050000,	train_time = 2.597983
TRAIN Iter 81: loss = 0.001996,	Top-1 err = 56.230000,	Top-5 err = 33.800000,	train_time = 2.575559
TRAIN Iter 82: loss = 0.001966,	Top-1 err = 57.360000,	Top-5 err = 34.040000,	train_time = 2.571826
TRAIN Iter 83: loss = 0.001971,	Top-1 err = 56.110000,	Top-5 err = 33.150000,	train_time = 2.623228
TRAIN Iter 84: loss = 0.001990,	Top-1 err = 59.270000,	Top-5 err = 35.510000,	train_time = 2.543324
TRAIN Iter 85: loss = 0.001935,	Top-1 err = 58.170000,	Top-5 err = 34.980000,	train_time = 2.557706
TRAIN Iter 86: loss = 0.001936,	Top-1 err = 54.480000,	Top-5 err = 31.720000,	train_time = 2.705989
TRAIN Iter 87: loss = 0.001984,	Top-1 err = 57.630000,	Top-5 err = 35.490000,	train_time = 2.629199
TRAIN Iter 88: loss = 0.001924,	Top-1 err = 56.950000,	Top-5 err = 33.850000,	train_time = 2.628627
TRAIN Iter 89: loss = 0.001879,	Top-1 err = 58.060000,	Top-5 err = 35.000000,	train_time = 2.406856
TRAIN Iter 90: loss = 0.001924,	Top-1 err = 58.000000,	Top-5 err = 34.810000,	train_time = 2.517971
TRAIN Iter 91: loss = 0.001915,	Top-1 err = 57.530000,	Top-5 err = 35.720000,	train_time = 2.581662
TRAIN Iter 92: loss = 0.001872,	Top-1 err = 58.260000,	Top-5 err = 35.350000,	train_time = 2.553755
TRAIN Iter 93: loss = 0.001858,	Top-1 err = 58.170000,	Top-5 err = 36.150000,	train_time = 2.549735
TRAIN Iter 94: loss = 0.001894,	Top-1 err = 57.900000,	Top-5 err = 34.910000,	train_time = 2.479442
TRAIN Iter 95: loss = 0.001860,	Top-1 err = 56.790000,	Top-5 err = 33.900000,	train_time = 2.601795
TRAIN Iter 96: loss = 0.001891,	Top-1 err = 55.590000,	Top-5 err = 32.860000,	train_time = 2.537349
TRAIN Iter 97: loss = 0.001835,	Top-1 err = 59.230000,	Top-5 err = 35.930000,	train_time = 2.497722
TRAIN Iter 98: loss = 0.001816,	Top-1 err = 55.560000,	Top-5 err = 33.250000,	train_time = 2.587348
TRAIN Iter 99: loss = 0.001806,	Top-1 err = 58.960000,	Top-5 err = 35.740000,	train_time = 2.626235
TRAIN Iter 100: loss = 0.001830,	Top-1 err = 56.850000,	Top-5 err = 34.100000,	train_time = 2.539405
TRAIN Iter 101: loss = 0.001813,	Top-1 err = 57.010000,	Top-5 err = 34.320000,	train_time = 2.552831
TRAIN Iter 102: loss = 0.001783,	Top-1 err = 55.390000,	Top-5 err = 32.310000,	train_time = 2.482676
TRAIN Iter 103: loss = 0.001788,	Top-1 err = 56.330000,	Top-5 err = 34.090000,	train_time = 2.503792
TRAIN Iter 104: loss = 0.001767,	Top-1 err = 55.350000,	Top-5 err = 32.320000,	train_time = 2.619384
TRAIN Iter 105: loss = 0.001787,	Top-1 err = 59.560000,	Top-5 err = 36.090000,	train_time = 2.653832
TRAIN Iter 106: loss = 0.001755,	Top-1 err = 55.910000,	Top-5 err = 33.270000,	train_time = 2.531906
TRAIN Iter 107: loss = 0.001726,	Top-1 err = 54.480000,	Top-5 err = 31.820000,	train_time = 2.639833
TRAIN Iter 108: loss = 0.001739,	Top-1 err = 56.310000,	Top-5 err = 33.920000,	train_time = 2.565539
TRAIN Iter 109: loss = 0.001749,	Top-1 err = 54.710000,	Top-5 err = 32.380000,	train_time = 2.496879
TRAIN Iter 110: loss = 0.001740,	Top-1 err = 56.420000,	Top-5 err = 33.590000,	train_time = 2.611766
TRAIN Iter 111: loss = 0.001748,	Top-1 err = 57.500000,	Top-5 err = 33.750000,	train_time = 2.559294
TRAIN Iter 112: loss = 0.001691,	Top-1 err = 55.560000,	Top-5 err = 32.390000,	train_time = 2.625610
TRAIN Iter 113: loss = 0.001694,	Top-1 err = 55.840000,	Top-5 err = 32.250000,	train_time = 2.677405
TRAIN Iter 114: loss = 0.001700,	Top-1 err = 56.230000,	Top-5 err = 33.450000,	train_time = 2.668488
TRAIN Iter 115: loss = 0.001707,	Top-1 err = 57.840000,	Top-5 err = 36.260000,	train_time = 2.622733
TRAIN Iter 116: loss = 0.001697,	Top-1 err = 57.560000,	Top-5 err = 35.080000,	train_time = 2.435345
TRAIN Iter 117: loss = 0.001675,	Top-1 err = 56.380000,	Top-5 err = 33.370000,	train_time = 2.434974
TRAIN Iter 118: loss = 0.001637,	Top-1 err = 57.130000,	Top-5 err = 33.980000,	train_time = 2.673866
TRAIN Iter 119: loss = 0.001673,	Top-1 err = 58.610000,	Top-5 err = 34.950000,	train_time = 2.581529
TRAIN Iter 120: loss = 0.001660,	Top-1 err = 56.560000,	Top-5 err = 34.630000,	train_time = 2.554532
TRAIN Iter 121: loss = 0.001638,	Top-1 err = 57.490000,	Top-5 err = 34.980000,	train_time = 2.476620
TRAIN Iter 122: loss = 0.001647,	Top-1 err = 56.150000,	Top-5 err = 33.190000,	train_time = 2.465505
TRAIN Iter 123: loss = 0.001653,	Top-1 err = 57.170000,	Top-5 err = 34.790000,	train_time = 2.475667
TRAIN Iter 124: loss = 0.001622,	Top-1 err = 58.370000,	Top-5 err = 35.280000,	train_time = 2.503012
TRAIN Iter 125: loss = 0.001627,	Top-1 err = 57.350000,	Top-5 err = 33.950000,	train_time = 2.542979
TRAIN Iter 126: loss = 0.001613,	Top-1 err = 57.350000,	Top-5 err = 35.110000,	train_time = 2.505126
TRAIN Iter 127: loss = 0.001599,	Top-1 err = 58.720000,	Top-5 err = 36.390000,	train_time = 2.707387
TRAIN Iter 128: loss = 0.001609,	Top-1 err = 56.730000,	Top-5 err = 34.630000,	train_time = 2.627207
TRAIN Iter 129: loss = 0.001597,	Top-1 err = 55.130000,	Top-5 err = 32.880000,	train_time = 2.542708
TRAIN Iter 130: loss = 0.001585,	Top-1 err = 54.790000,	Top-5 err = 32.400000,	train_time = 2.650120
TRAIN Iter 131: loss = 0.001566,	Top-1 err = 56.440000,	Top-5 err = 34.130000,	train_time = 2.558005
TRAIN Iter 132: loss = 0.001589,	Top-1 err = 57.020000,	Top-5 err = 33.500000,	train_time = 2.569484
TRAIN Iter 133: loss = 0.001594,	Top-1 err = 57.040000,	Top-5 err = 35.310000,	train_time = 2.520465
TRAIN Iter 134: loss = 0.001563,	Top-1 err = 55.270000,	Top-5 err = 31.990000,	train_time = 2.488616
TRAIN Iter 135: loss = 0.001560,	Top-1 err = 53.580000,	Top-5 err = 31.180000,	train_time = 2.543434
TRAIN Iter 136: loss = 0.001549,	Top-1 err = 57.610000,	Top-5 err = 34.920000,	train_time = 2.496022
TRAIN Iter 137: loss = 0.001540,	Top-1 err = 55.640000,	Top-5 err = 32.940000,	train_time = 2.687508
TRAIN Iter 138: loss = 0.001540,	Top-1 err = 58.100000,	Top-5 err = 35.670000,	train_time = 2.673250
TRAIN Iter 139: loss = 0.001550,	Top-1 err = 57.470000,	Top-5 err = 35.320000,	train_time = 2.567346
TRAIN Iter 140: loss = 0.001538,	Top-1 err = 57.010000,	Top-5 err = 33.660000,	train_time = 2.580707
TRAIN Iter 141: loss = 0.001559,	Top-1 err = 55.780000,	Top-5 err = 33.070000,	train_time = 2.477524
TRAIN Iter 142: loss = 0.001543,	Top-1 err = 58.270000,	Top-5 err = 35.190000,	train_time = 2.635152
TRAIN Iter 143: loss = 0.001524,	Top-1 err = 56.860000,	Top-5 err = 34.040000,	train_time = 2.618577
TRAIN Iter 144: loss = 0.001516,	Top-1 err = 57.170000,	Top-5 err = 34.690000,	train_time = 2.515451
TRAIN Iter 145: loss = 0.001536,	Top-1 err = 54.390000,	Top-5 err = 31.940000,	train_time = 2.463747
TRAIN Iter 146: loss = 0.001512,	Top-1 err = 56.850000,	Top-5 err = 33.760000,	train_time = 2.513598
TRAIN Iter 147: loss = 0.001530,	Top-1 err = 58.260000,	Top-5 err = 36.620000,	train_time = 2.492674
TRAIN Iter 148: loss = 0.001492,	Top-1 err = 51.720000,	Top-5 err = 29.350000,	train_time = 2.625411
TRAIN Iter 149: loss = 0.001470,	Top-1 err = 53.580000,	Top-5 err = 31.300000,	train_time = 2.487961
TRAIN Iter 150: loss = 0.001481,	Top-1 err = 54.000000,	Top-5 err = 31.440000,	train_time = 2.543609
TRAIN Iter 151: loss = 0.001513,	Top-1 err = 55.460000,	Top-5 err = 32.450000,	train_time = 2.500358
TRAIN Iter 152: loss = 0.001525,	Top-1 err = 56.790000,	Top-5 err = 34.580000,	train_time = 2.639500
TRAIN Iter 153: loss = 0.001492,	Top-1 err = 58.180000,	Top-5 err = 35.750000,	train_time = 2.600037
TRAIN Iter 154: loss = 0.001490,	Top-1 err = 57.880000,	Top-5 err = 34.720000,	train_time = 2.523690
TRAIN Iter 155: loss = 0.001482,	Top-1 err = 57.810000,	Top-5 err = 34.350000,	train_time = 2.515956
TRAIN Iter 156: loss = 0.001431,	Top-1 err = 54.780000,	Top-5 err = 32.170000,	train_time = 2.612757
TRAIN Iter 157: loss = 0.001477,	Top-1 err = 56.040000,	Top-5 err = 33.310000,	train_time = 2.597207
TRAIN Iter 158: loss = 0.001454,	Top-1 err = 55.260000,	Top-5 err = 32.670000,	train_time = 2.573598
TRAIN Iter 159: loss = 0.001483,	Top-1 err = 56.400000,	Top-5 err = 34.060000,	train_time = 2.480381
TRAIN Iter 160: loss = 0.001453,	Top-1 err = 58.130000,	Top-5 err = 35.300000,	train_time = 2.490982
TRAIN Iter 161: loss = 0.001447,	Top-1 err = 56.910000,	Top-5 err = 34.860000,	train_time = 2.494845
TRAIN Iter 162: loss = 0.001456,	Top-1 err = 58.450000,	Top-5 err = 35.460000,	train_time = 2.547964
TRAIN Iter 163: loss = 0.001441,	Top-1 err = 56.850000,	Top-5 err = 34.370000,	train_time = 2.419992
TRAIN Iter 164: loss = 0.001477,	Top-1 err = 57.770000,	Top-5 err = 34.640000,	train_time = 2.611432
TRAIN Iter 165: loss = 0.001458,	Top-1 err = 57.450000,	Top-5 err = 36.340000,	train_time = 2.593884
TRAIN Iter 166: loss = 0.001430,	Top-1 err = 56.420000,	Top-5 err = 34.590000,	train_time = 2.620438
TRAIN Iter 167: loss = 0.001429,	Top-1 err = 57.420000,	Top-5 err = 35.400000,	train_time = 2.535635
TRAIN Iter 168: loss = 0.001399,	Top-1 err = 55.390000,	Top-5 err = 33.140000,	train_time = 2.501730
TRAIN Iter 169: loss = 0.001408,	Top-1 err = 53.280000,	Top-5 err = 31.500000,	train_time = 2.613526
TRAIN Iter 170: loss = 0.001420,	Top-1 err = 54.510000,	Top-5 err = 32.730000,	train_time = 2.515022
TRAIN Iter 171: loss = 0.001440,	Top-1 err = 56.410000,	Top-5 err = 34.240000,	train_time = 2.650861
TRAIN Iter 172: loss = 0.001387,	Top-1 err = 56.950000,	Top-5 err = 33.980000,	train_time = 2.546047
TRAIN Iter 173: loss = 0.001400,	Top-1 err = 53.870000,	Top-5 err = 31.760000,	train_time = 2.638022
TRAIN Iter 174: loss = 0.001432,	Top-1 err = 55.950000,	Top-5 err = 33.390000,	train_time = 2.651110
TRAIN Iter 175: loss = 0.001398,	Top-1 err = 54.890000,	Top-5 err = 31.710000,	train_time = 2.522356
TRAIN Iter 176: loss = 0.001439,	Top-1 err = 56.930000,	Top-5 err = 34.820000,	train_time = 2.554323
TRAIN Iter 177: loss = 0.001427,	Top-1 err = 57.390000,	Top-5 err = 34.780000,	train_time = 2.592077
TRAIN Iter 178: loss = 0.001406,	Top-1 err = 55.200000,	Top-5 err = 32.340000,	train_time = 2.597432
TRAIN Iter 179: loss = 0.001417,	Top-1 err = 54.950000,	Top-5 err = 33.320000,	train_time = 2.543618
TRAIN Iter 180: loss = 0.001396,	Top-1 err = 54.910000,	Top-5 err = 32.240000,	train_time = 2.613815
TRAIN Iter 181: loss = 0.001361,	Top-1 err = 55.490000,	Top-5 err = 33.720000,	train_time = 2.511687
TRAIN Iter 182: loss = 0.001413,	Top-1 err = 55.640000,	Top-5 err = 33.210000,	train_time = 2.508304
TRAIN Iter 183: loss = 0.001371,	Top-1 err = 55.890000,	Top-5 err = 33.920000,	train_time = 2.645040
TRAIN Iter 184: loss = 0.001417,	Top-1 err = 56.290000,	Top-5 err = 35.200000,	train_time = 2.579130
TRAIN Iter 185: loss = 0.001357,	Top-1 err = 55.880000,	Top-5 err = 33.100000,	train_time = 2.603899
TRAIN Iter 186: loss = 0.001344,	Top-1 err = 57.390000,	Top-5 err = 34.440000,	train_time = 2.579592
TRAIN Iter 187: loss = 0.001400,	Top-1 err = 55.670000,	Top-5 err = 33.820000,	train_time = 2.604058
TRAIN Iter 188: loss = 0.001362,	Top-1 err = 54.800000,	Top-5 err = 32.480000,	train_time = 2.548079
TRAIN Iter 189: loss = 0.001369,	Top-1 err = 56.160000,	Top-5 err = 33.810000,	train_time = 2.510675
TRAIN Iter 190: loss = 0.001327,	Top-1 err = 57.900000,	Top-5 err = 35.930000,	train_time = 2.597200
TRAIN Iter 191: loss = 0.001347,	Top-1 err = 55.340000,	Top-5 err = 32.650000,	train_time = 2.543590
TRAIN Iter 192: loss = 0.001367,	Top-1 err = 55.060000,	Top-5 err = 32.690000,	train_time = 2.603790
TRAIN Iter 193: loss = 0.001360,	Top-1 err = 56.870000,	Top-5 err = 34.680000,	train_time = 2.620422
TRAIN Iter 194: loss = 0.001348,	Top-1 err = 56.750000,	Top-5 err = 33.510000,	train_time = 2.606362
TRAIN Iter 195: loss = 0.001328,	Top-1 err = 58.040000,	Top-5 err = 36.100000,	train_time = 2.512583
TRAIN Iter 196: loss = 0.001327,	Top-1 err = 54.690000,	Top-5 err = 31.480000,	train_time = 2.520126
TRAIN Iter 197: loss = 0.001342,	Top-1 err = 58.100000,	Top-5 err = 35.830000,	train_time = 2.652991
TRAIN Iter 198: loss = 0.001354,	Top-1 err = 56.580000,	Top-5 err = 34.850000,	train_time = 2.579368
TRAIN Iter 199: loss = 0.001342,	Top-1 err = 55.080000,	Top-5 err = 33.150000,	train_time = 2.556947
TRAIN Iter 200: loss = 0.001336,	Top-1 err = 55.250000,	Top-5 err = 33.020000,	train_time = 2.644219
TRAIN Iter 201: loss = 0.001332,	Top-1 err = 57.420000,	Top-5 err = 35.300000,	train_time = 2.670920
TRAIN Iter 202: loss = 0.001309,	Top-1 err = 53.530000,	Top-5 err = 31.010000,	train_time = 2.474700
TRAIN Iter 203: loss = 0.001319,	Top-1 err = 55.710000,	Top-5 err = 33.090000,	train_time = 2.541434
TRAIN Iter 204: loss = 0.001340,	Top-1 err = 54.250000,	Top-5 err = 31.860000,	train_time = 2.671874
TRAIN Iter 205: loss = 0.001357,	Top-1 err = 52.750000,	Top-5 err = 31.150000,	train_time = 2.553580
TRAIN Iter 206: loss = 0.001301,	Top-1 err = 56.220000,	Top-5 err = 33.020000,	train_time = 2.487290
TRAIN Iter 207: loss = 0.001311,	Top-1 err = 56.650000,	Top-5 err = 34.640000,	train_time = 2.623646
TRAIN Iter 208: loss = 0.001312,	Top-1 err = 54.560000,	Top-5 err = 32.600000,	train_time = 2.591507
TRAIN Iter 209: loss = 0.001340,	Top-1 err = 56.320000,	Top-5 err = 34.370000,	train_time = 2.497386
TRAIN Iter 210: loss = 0.001311,	Top-1 err = 55.780000,	Top-5 err = 34.150000,	train_time = 2.620394
TRAIN Iter 211: loss = 0.001304,	Top-1 err = 54.430000,	Top-5 err = 32.000000,	train_time = 2.644270
TRAIN Iter 212: loss = 0.001291,	Top-1 err = 54.100000,	Top-5 err = 31.610000,	train_time = 2.622051
TRAIN Iter 213: loss = 0.001328,	Top-1 err = 55.290000,	Top-5 err = 33.570000,	train_time = 2.530728
TRAIN Iter 214: loss = 0.001302,	Top-1 err = 54.740000,	Top-5 err = 32.600000,	train_time = 2.562960
TRAIN Iter 215: loss = 0.001300,	Top-1 err = 55.520000,	Top-5 err = 32.960000,	train_time = 2.548460
TRAIN Iter 216: loss = 0.001300,	Top-1 err = 55.500000,	Top-5 err = 33.010000,	train_time = 2.626253
TRAIN Iter 217: loss = 0.001302,	Top-1 err = 55.670000,	Top-5 err = 34.340000,	train_time = 2.598079
TRAIN Iter 218: loss = 0.001311,	Top-1 err = 56.730000,	Top-5 err = 34.290000,	train_time = 2.614559
TRAIN Iter 219: loss = 0.001288,	Top-1 err = 53.010000,	Top-5 err = 30.650000,	train_time = 2.556546
TRAIN Iter 220: loss = 0.001288,	Top-1 err = 57.610000,	Top-5 err = 35.370000,	train_time = 2.651275
TRAIN Iter 221: loss = 0.001261,	Top-1 err = 54.360000,	Top-5 err = 31.900000,	train_time = 2.740525
TRAIN Iter 222: loss = 0.001287,	Top-1 err = 56.230000,	Top-5 err = 33.200000,	train_time = 2.570727
TRAIN Iter 223: loss = 0.001292,	Top-1 err = 57.570000,	Top-5 err = 34.940000,	train_time = 2.741446
TRAIN Iter 224: loss = 0.001283,	Top-1 err = 56.870000,	Top-5 err = 34.370000,	train_time = 2.512864
TRAIN Iter 225: loss = 0.001244,	Top-1 err = 55.600000,	Top-5 err = 33.130000,	train_time = 2.571537
TRAIN Iter 226: loss = 0.001304,	Top-1 err = 56.360000,	Top-5 err = 34.030000,	train_time = 2.510706
TRAIN Iter 227: loss = 0.001262,	Top-1 err = 53.190000,	Top-5 err = 31.260000,	train_time = 2.561470
TRAIN Iter 228: loss = 0.001232,	Top-1 err = 53.970000,	Top-5 err = 31.410000,	train_time = 2.614287
TRAIN Iter 229: loss = 0.001267,	Top-1 err = 53.570000,	Top-5 err = 30.930000,	train_time = 2.581160
TRAIN Iter 230: loss = 0.001248,	Top-1 err = 58.250000,	Top-5 err = 36.730000,	train_time = 2.568336
TRAIN Iter 231: loss = 0.001286,	Top-1 err = 56.200000,	Top-5 err = 33.590000,	train_time = 2.634886
TRAIN Iter 232: loss = 0.001262,	Top-1 err = 56.070000,	Top-5 err = 34.440000,	train_time = 2.475163
TRAIN Iter 233: loss = 0.001227,	Top-1 err = 55.500000,	Top-5 err = 32.860000,	train_time = 2.593233
TRAIN Iter 234: loss = 0.001251,	Top-1 err = 54.120000,	Top-5 err = 31.890000,	train_time = 2.541007
TRAIN Iter 235: loss = 0.001228,	Top-1 err = 53.970000,	Top-5 err = 31.250000,	train_time = 2.537390
TRAIN Iter 236: loss = 0.001274,	Top-1 err = 54.990000,	Top-5 err = 33.300000,	train_time = 2.464591
TRAIN Iter 237: loss = 0.001244,	Top-1 err = 52.660000,	Top-5 err = 30.910000,	train_time = 2.446376
TRAIN Iter 238: loss = 0.001246,	Top-1 err = 55.230000,	Top-5 err = 33.180000,	train_time = 2.522191
TRAIN Iter 239: loss = 0.001249,	Top-1 err = 56.120000,	Top-5 err = 33.500000,	train_time = 2.607488
TRAIN Iter 240: loss = 0.001228,	Top-1 err = 53.530000,	Top-5 err = 31.050000,	train_time = 2.693354
TRAIN Iter 241: loss = 0.001232,	Top-1 err = 56.740000,	Top-5 err = 34.420000,	train_time = 2.613198
TRAIN Iter 242: loss = 0.001241,	Top-1 err = 54.780000,	Top-5 err = 32.680000,	train_time = 2.501441
TRAIN Iter 243: loss = 0.001224,	Top-1 err = 52.580000,	Top-5 err = 30.570000,	train_time = 2.550784
TRAIN Iter 244: loss = 0.001235,	Top-1 err = 53.950000,	Top-5 err = 32.260000,	train_time = 2.390270
TRAIN Iter 245: loss = 0.001239,	Top-1 err = 56.910000,	Top-5 err = 35.430000,	train_time = 2.602431
TRAIN Iter 246: loss = 0.001218,	Top-1 err = 53.580000,	Top-5 err = 31.080000,	train_time = 2.647930
TRAIN Iter 247: loss = 0.001203,	Top-1 err = 53.850000,	Top-5 err = 31.020000,	train_time = 2.590082
TRAIN Iter 248: loss = 0.001190,	Top-1 err = 54.890000,	Top-5 err = 33.200000,	train_time = 2.493543
TRAIN Iter 249: loss = 0.001208,	Top-1 err = 55.740000,	Top-5 err = 32.210000,	train_time = 2.594952
TEST:
Iter 249: loss = 1.659245,	Top-1 err = 41.650000,	Top-5 err = 15.830000,	val_time = 0.738573
TRAIN Iter 250: loss = 0.001205,	Top-1 err = 55.110000,	Top-5 err = 33.190000,	train_time = 2.594859
TRAIN Iter 251: loss = 0.001234,	Top-1 err = 53.260000,	Top-5 err = 31.920000,	train_time = 2.599369
TRAIN Iter 252: loss = 0.001250,	Top-1 err = 55.340000,	Top-5 err = 33.340000,	train_time = 2.573389
TRAIN Iter 253: loss = 0.001215,	Top-1 err = 56.400000,	Top-5 err = 33.990000,	train_time = 2.612322
TRAIN Iter 254: loss = 0.001178,	Top-1 err = 54.450000,	Top-5 err = 32.740000,	train_time = 2.412388
TRAIN Iter 255: loss = 0.001181,	Top-1 err = 55.080000,	Top-5 err = 33.090000,	train_time = 2.543124
TRAIN Iter 256: loss = 0.001215,	Top-1 err = 56.840000,	Top-5 err = 34.660000,	train_time = 2.474198
TRAIN Iter 257: loss = 0.001194,	Top-1 err = 55.770000,	Top-5 err = 33.410000,	train_time = 2.490740
TRAIN Iter 258: loss = 0.001205,	Top-1 err = 54.530000,	Top-5 err = 31.790000,	train_time = 2.256490
TRAIN Iter 259: loss = 0.001190,	Top-1 err = 52.150000,	Top-5 err = 30.050000,	train_time = 2.587820
TEST:
Iter 259: loss = 1.680965,	Top-1 err = 42.170000,	Top-5 err = 15.950000,	val_time = 0.867607
TRAIN Iter 260: loss = 0.001222,	Top-1 err = 55.880000,	Top-5 err = 33.800000,	train_time = 2.601968
TRAIN Iter 261: loss = 0.001210,	Top-1 err = 56.720000,	Top-5 err = 34.390000,	train_time = 2.584877
TRAIN Iter 262: loss = 0.001206,	Top-1 err = 57.090000,	Top-5 err = 34.880000,	train_time = 2.590580
TRAIN Iter 263: loss = 0.001173,	Top-1 err = 55.950000,	Top-5 err = 33.540000,	train_time = 2.593345
TRAIN Iter 264: loss = 0.001177,	Top-1 err = 56.400000,	Top-5 err = 34.310000,	train_time = 2.600718
TRAIN Iter 265: loss = 0.001195,	Top-1 err = 55.250000,	Top-5 err = 34.110000,	train_time = 2.613697
TRAIN Iter 266: loss = 0.001186,	Top-1 err = 56.450000,	Top-5 err = 33.950000,	train_time = 2.716140
TRAIN Iter 267: loss = 0.001170,	Top-1 err = 54.710000,	Top-5 err = 32.280000,	train_time = 2.584439
TRAIN Iter 268: loss = 0.001201,	Top-1 err = 55.850000,	Top-5 err = 34.350000,	train_time = 2.564276
TRAIN Iter 269: loss = 0.001177,	Top-1 err = 55.150000,	Top-5 err = 33.190000,	train_time = 2.600841
TEST:
Iter 269: loss = 1.640487,	Top-1 err = 41.690000,	Top-5 err = 15.330000,	val_time = 0.782346
TRAIN Iter 270: loss = 0.001153,	Top-1 err = 54.240000,	Top-5 err = 31.560000,	train_time = 2.393210
TRAIN Iter 271: loss = 0.001205,	Top-1 err = 58.400000,	Top-5 err = 35.760000,	train_time = 2.598094
TRAIN Iter 272: loss = 0.001196,	Top-1 err = 57.440000,	Top-5 err = 34.680000,	train_time = 2.512249
TRAIN Iter 273: loss = 0.001143,	Top-1 err = 54.360000,	Top-5 err = 32.550000,	train_time = 2.487493
TRAIN Iter 274: loss = 0.001165,	Top-1 err = 56.040000,	Top-5 err = 34.190000,	train_time = 2.614714
TRAIN Iter 275: loss = 0.001144,	Top-1 err = 52.150000,	Top-5 err = 30.940000,	train_time = 2.510270
TRAIN Iter 276: loss = 0.001148,	Top-1 err = 53.960000,	Top-5 err = 31.840000,	train_time = 2.562279
TRAIN Iter 277: loss = 0.001155,	Top-1 err = 55.450000,	Top-5 err = 33.550000,	train_time = 2.560838
TRAIN Iter 278: loss = 0.001152,	Top-1 err = 54.810000,	Top-5 err = 33.070000,	train_time = 2.616405
TRAIN Iter 279: loss = 0.001185,	Top-1 err = 55.950000,	Top-5 err = 34.160000,	train_time = 2.510339
TEST:
Iter 279: loss = 1.669976,	Top-1 err = 42.510000,	Top-5 err = 16.250000,	val_time = 0.779858
TRAIN Iter 280: loss = 0.001143,	Top-1 err = 55.380000,	Top-5 err = 34.440000,	train_time = 2.566255
TRAIN Iter 281: loss = 0.001134,	Top-1 err = 54.690000,	Top-5 err = 31.520000,	train_time = 2.659988
TRAIN Iter 282: loss = 0.001135,	Top-1 err = 53.260000,	Top-5 err = 31.360000,	train_time = 2.566549
TRAIN Iter 283: loss = 0.001153,	Top-1 err = 55.620000,	Top-5 err = 34.090000,	train_time = 2.760241
TRAIN Iter 284: loss = 0.001149,	Top-1 err = 55.190000,	Top-5 err = 32.830000,	train_time = 2.623955
TRAIN Iter 285: loss = 0.001156,	Top-1 err = 53.510000,	Top-5 err = 31.190000,	train_time = 2.533268
TRAIN Iter 286: loss = 0.001140,	Top-1 err = 56.700000,	Top-5 err = 34.160000,	train_time = 2.560467
TRAIN Iter 287: loss = 0.001158,	Top-1 err = 56.260000,	Top-5 err = 33.880000,	train_time = 2.567055
TRAIN Iter 288: loss = 0.001143,	Top-1 err = 55.570000,	Top-5 err = 33.250000,	train_time = 2.525232
TRAIN Iter 289: loss = 0.001154,	Top-1 err = 57.800000,	Top-5 err = 35.170000,	train_time = 2.601224
TEST:
Iter 289: loss = 1.678665,	Top-1 err = 42.220000,	Top-5 err = 16.170000,	val_time = 0.780981
TRAIN Iter 290: loss = 0.001146,	Top-1 err = 54.240000,	Top-5 err = 32.900000,	train_time = 2.357780
TRAIN Iter 291: loss = 0.001133,	Top-1 err = 54.100000,	Top-5 err = 31.880000,	train_time = 2.295431
TRAIN Iter 292: loss = 0.001138,	Top-1 err = 55.390000,	Top-5 err = 33.560000,	train_time = 2.597351
TRAIN Iter 293: loss = 0.001110,	Top-1 err = 55.150000,	Top-5 err = 32.180000,	train_time = 2.596375
TRAIN Iter 294: loss = 0.001136,	Top-1 err = 55.320000,	Top-5 err = 33.290000,	train_time = 2.493572
TRAIN Iter 295: loss = 0.001124,	Top-1 err = 57.260000,	Top-5 err = 35.260000,	train_time = 2.500132
TRAIN Iter 296: loss = 0.001101,	Top-1 err = 53.890000,	Top-5 err = 31.810000,	train_time = 2.583613
TRAIN Iter 297: loss = 0.001113,	Top-1 err = 55.010000,	Top-5 err = 32.800000,	train_time = 2.584354
TRAIN Iter 298: loss = 0.001137,	Top-1 err = 53.540000,	Top-5 err = 30.650000,	train_time = 2.568268
TRAIN Iter 299: loss = 0.001103,	Top-1 err = 55.170000,	Top-5 err = 31.510000,	train_time = 2.629498
TEST:
Iter 299: loss = 1.650110,	Top-1 err = 42.170000,	Top-5 err = 15.730000,	val_time = 0.731123
Train Finish! Best accuracy is 58.35@249
