/home/dvspanos/miniconda3/envs/rded/lib/python3.10/site-packages/torch/cuda/__init__.py:611: UserWarning: Can't initialize NVML
  warnings.warn("Can't initialize NVML")
=> using pytorch pre-trained teacher model 'conv3'
process data from /home/dvspanos/nikos/ca2d/artifacts/rded_sets/rcad_feat_fl_ipc50
load data successfully
TRAIN Iter 0: loss = 0.020014,	Top-1 err = 95.360000,	Top-5 err = 82.380000,	train_time = 2.142759
TRAIN Iter 1: loss = 0.016252,	Top-1 err = 91.220000,	Top-5 err = 72.040000,	train_time = 1.417032
TRAIN Iter 2: loss = 0.013733,	Top-1 err = 87.420000,	Top-5 err = 64.240000,	train_time = 1.338875
TRAIN Iter 3: loss = 0.011973,	Top-1 err = 83.520000,	Top-5 err = 58.320000,	train_time = 1.304299
TRAIN Iter 4: loss = 0.010763,	Top-1 err = 81.660000,	Top-5 err = 56.380000,	train_time = 1.357241
TRAIN Iter 5: loss = 0.009963,	Top-1 err = 78.740000,	Top-5 err = 50.760000,	train_time = 1.363863
TRAIN Iter 6: loss = 0.009401,	Top-1 err = 76.780000,	Top-5 err = 49.700000,	train_time = 1.374088
TRAIN Iter 7: loss = 0.008833,	Top-1 err = 74.560000,	Top-5 err = 45.700000,	train_time = 1.380644
TRAIN Iter 8: loss = 0.008159,	Top-1 err = 73.920000,	Top-5 err = 46.060000,	train_time = 1.366581
TRAIN Iter 9: loss = 0.008023,	Top-1 err = 74.360000,	Top-5 err = 47.840000,	train_time = 1.287053
TRAIN Iter 10: loss = 0.007815,	Top-1 err = 71.240000,	Top-5 err = 43.920000,	train_time = 1.404550
TRAIN Iter 11: loss = 0.007401,	Top-1 err = 69.220000,	Top-5 err = 41.260000,	train_time = 1.401181
TRAIN Iter 12: loss = 0.007054,	Top-1 err = 69.780000,	Top-5 err = 41.940000,	train_time = 1.320977
TRAIN Iter 13: loss = 0.006850,	Top-1 err = 71.120000,	Top-5 err = 44.480000,	train_time = 1.368254
TRAIN Iter 14: loss = 0.006551,	Top-1 err = 67.180000,	Top-5 err = 40.040000,	train_time = 1.358123
TRAIN Iter 15: loss = 0.006506,	Top-1 err = 68.620000,	Top-5 err = 42.280000,	train_time = 1.329651
TRAIN Iter 16: loss = 0.006373,	Top-1 err = 66.780000,	Top-5 err = 40.080000,	train_time = 1.385069
TRAIN Iter 17: loss = 0.006180,	Top-1 err = 69.860000,	Top-5 err = 44.680000,	train_time = 1.402049
TRAIN Iter 18: loss = 0.006000,	Top-1 err = 63.620000,	Top-5 err = 37.560000,	train_time = 1.447871
TRAIN Iter 19: loss = 0.005726,	Top-1 err = 65.780000,	Top-5 err = 39.340000,	train_time = 1.358701
TRAIN Iter 20: loss = 0.005770,	Top-1 err = 66.660000,	Top-5 err = 39.980000,	train_time = 1.332483
TRAIN Iter 21: loss = 0.005708,	Top-1 err = 64.840000,	Top-5 err = 38.460000,	train_time = 1.386491
TRAIN Iter 22: loss = 0.005493,	Top-1 err = 63.200000,	Top-5 err = 36.740000,	train_time = 1.357538
TRAIN Iter 23: loss = 0.005418,	Top-1 err = 66.840000,	Top-5 err = 41.760000,	train_time = 1.332302
TRAIN Iter 24: loss = 0.005330,	Top-1 err = 62.320000,	Top-5 err = 35.580000,	train_time = 1.389630
TRAIN Iter 25: loss = 0.005258,	Top-1 err = 65.160000,	Top-5 err = 39.800000,	train_time = 1.353590
TRAIN Iter 26: loss = 0.005164,	Top-1 err = 64.500000,	Top-5 err = 38.540000,	train_time = 1.326313
TRAIN Iter 27: loss = 0.005115,	Top-1 err = 63.020000,	Top-5 err = 37.520000,	train_time = 1.435544
TRAIN Iter 28: loss = 0.005035,	Top-1 err = 61.780000,	Top-5 err = 36.740000,	train_time = 1.323219
TRAIN Iter 29: loss = 0.004993,	Top-1 err = 61.300000,	Top-5 err = 35.400000,	train_time = 1.408643
TRAIN Iter 30: loss = 0.004953,	Top-1 err = 62.400000,	Top-5 err = 36.520000,	train_time = 1.374365
TRAIN Iter 31: loss = 0.004864,	Top-1 err = 61.640000,	Top-5 err = 36.140000,	train_time = 1.400507
TRAIN Iter 32: loss = 0.004869,	Top-1 err = 58.960000,	Top-5 err = 33.960000,	train_time = 1.318015
TRAIN Iter 33: loss = 0.004798,	Top-1 err = 62.460000,	Top-5 err = 35.980000,	train_time = 1.377391
TRAIN Iter 34: loss = 0.004814,	Top-1 err = 64.900000,	Top-5 err = 39.860000,	train_time = 1.322344
TRAIN Iter 35: loss = 0.004768,	Top-1 err = 61.780000,	Top-5 err = 37.720000,	train_time = 1.396635
TRAIN Iter 36: loss = 0.004571,	Top-1 err = 63.940000,	Top-5 err = 39.620000,	train_time = 1.374293
TRAIN Iter 37: loss = 0.004685,	Top-1 err = 64.380000,	Top-5 err = 40.600000,	train_time = 1.289198
TRAIN Iter 38: loss = 0.004513,	Top-1 err = 59.420000,	Top-5 err = 34.080000,	train_time = 1.397683
TRAIN Iter 39: loss = 0.004534,	Top-1 err = 62.080000,	Top-5 err = 35.260000,	train_time = 1.279435
TRAIN Iter 40: loss = 0.004508,	Top-1 err = 58.800000,	Top-5 err = 34.660000,	train_time = 1.366487
TRAIN Iter 41: loss = 0.004491,	Top-1 err = 62.000000,	Top-5 err = 37.460000,	train_time = 1.477836
TRAIN Iter 42: loss = 0.004446,	Top-1 err = 58.120000,	Top-5 err = 31.980000,	train_time = 1.311002
TRAIN Iter 43: loss = 0.004332,	Top-1 err = 60.940000,	Top-5 err = 35.000000,	train_time = 1.295969
TRAIN Iter 44: loss = 0.004407,	Top-1 err = 60.420000,	Top-5 err = 35.920000,	train_time = 1.351658
TRAIN Iter 45: loss = 0.004359,	Top-1 err = 60.900000,	Top-5 err = 34.620000,	train_time = 1.417619
TRAIN Iter 46: loss = 0.004281,	Top-1 err = 62.840000,	Top-5 err = 37.940000,	train_time = 1.411794
TRAIN Iter 47: loss = 0.004238,	Top-1 err = 61.000000,	Top-5 err = 36.320000,	train_time = 1.439457
TRAIN Iter 48: loss = 0.004240,	Top-1 err = 60.200000,	Top-5 err = 35.620000,	train_time = 1.386066
TRAIN Iter 49: loss = 0.004196,	Top-1 err = 58.400000,	Top-5 err = 33.300000,	train_time = 1.349397
TRAIN Iter 50: loss = 0.004084,	Top-1 err = 60.200000,	Top-5 err = 34.800000,	train_time = 1.409554
TRAIN Iter 51: loss = 0.004112,	Top-1 err = 61.220000,	Top-5 err = 36.840000,	train_time = 1.370831
TRAIN Iter 52: loss = 0.004038,	Top-1 err = 61.900000,	Top-5 err = 37.380000,	train_time = 1.363118
TRAIN Iter 53: loss = 0.004064,	Top-1 err = 59.980000,	Top-5 err = 36.100000,	train_time = 1.385659
TRAIN Iter 54: loss = 0.004004,	Top-1 err = 59.980000,	Top-5 err = 34.820000,	train_time = 1.280665
TRAIN Iter 55: loss = 0.004096,	Top-1 err = 59.420000,	Top-5 err = 34.740000,	train_time = 1.398339
TRAIN Iter 56: loss = 0.003954,	Top-1 err = 61.100000,	Top-5 err = 37.340000,	train_time = 1.306729
TRAIN Iter 57: loss = 0.004005,	Top-1 err = 61.600000,	Top-5 err = 37.040000,	train_time = 1.362000
TRAIN Iter 58: loss = 0.004020,	Top-1 err = 59.120000,	Top-5 err = 34.360000,	train_time = 1.401919
TRAIN Iter 59: loss = 0.004000,	Top-1 err = 61.160000,	Top-5 err = 36.760000,	train_time = 1.387526
TRAIN Iter 60: loss = 0.003955,	Top-1 err = 61.220000,	Top-5 err = 36.660000,	train_time = 1.372513
TRAIN Iter 61: loss = 0.003898,	Top-1 err = 59.700000,	Top-5 err = 36.360000,	train_time = 1.371734
TRAIN Iter 62: loss = 0.003932,	Top-1 err = 60.580000,	Top-5 err = 36.740000,	train_time = 1.347461
TRAIN Iter 63: loss = 0.003854,	Top-1 err = 60.400000,	Top-5 err = 35.800000,	train_time = 1.338573
TRAIN Iter 64: loss = 0.003767,	Top-1 err = 57.360000,	Top-5 err = 33.900000,	train_time = 1.382591
TRAIN Iter 65: loss = 0.003858,	Top-1 err = 58.740000,	Top-5 err = 35.300000,	train_time = 1.363493
TRAIN Iter 66: loss = 0.003841,	Top-1 err = 61.820000,	Top-5 err = 37.020000,	train_time = 1.378550
TRAIN Iter 67: loss = 0.003889,	Top-1 err = 60.620000,	Top-5 err = 37.200000,	train_time = 1.349379
TRAIN Iter 68: loss = 0.003766,	Top-1 err = 62.640000,	Top-5 err = 37.320000,	train_time = 1.340863
TRAIN Iter 69: loss = 0.003710,	Top-1 err = 57.600000,	Top-5 err = 33.860000,	train_time = 1.365974
TRAIN Iter 70: loss = 0.003717,	Top-1 err = 59.340000,	Top-5 err = 35.380000,	train_time = 1.353861
TRAIN Iter 71: loss = 0.003688,	Top-1 err = 62.380000,	Top-5 err = 37.000000,	train_time = 1.389822
TRAIN Iter 72: loss = 0.003725,	Top-1 err = 60.380000,	Top-5 err = 35.560000,	train_time = 1.386017
TRAIN Iter 73: loss = 0.003643,	Top-1 err = 59.080000,	Top-5 err = 33.480000,	train_time = 1.288337
TRAIN Iter 74: loss = 0.003652,	Top-1 err = 58.880000,	Top-5 err = 35.000000,	train_time = 1.247654
TRAIN Iter 75: loss = 0.003639,	Top-1 err = 62.560000,	Top-5 err = 36.720000,	train_time = 1.376284
TRAIN Iter 76: loss = 0.003601,	Top-1 err = 58.880000,	Top-5 err = 35.460000,	train_time = 1.304243
TRAIN Iter 77: loss = 0.003554,	Top-1 err = 60.800000,	Top-5 err = 36.440000,	train_time = 1.460686
TRAIN Iter 78: loss = 0.003505,	Top-1 err = 61.460000,	Top-5 err = 37.300000,	train_time = 1.363956
TRAIN Iter 79: loss = 0.003498,	Top-1 err = 58.620000,	Top-5 err = 35.020000,	train_time = 1.433021
TRAIN Iter 80: loss = 0.003575,	Top-1 err = 60.680000,	Top-5 err = 36.640000,	train_time = 1.382550
TRAIN Iter 81: loss = 0.003440,	Top-1 err = 58.800000,	Top-5 err = 32.440000,	train_time = 1.344972
TRAIN Iter 82: loss = 0.003521,	Top-1 err = 61.040000,	Top-5 err = 36.040000,	train_time = 1.364195
TRAIN Iter 83: loss = 0.003536,	Top-1 err = 61.200000,	Top-5 err = 37.340000,	train_time = 1.380996
TRAIN Iter 84: loss = 0.003478,	Top-1 err = 55.060000,	Top-5 err = 31.240000,	train_time = 1.343444
TRAIN Iter 85: loss = 0.003429,	Top-1 err = 60.180000,	Top-5 err = 36.160000,	train_time = 1.343699
TRAIN Iter 86: loss = 0.003426,	Top-1 err = 60.340000,	Top-5 err = 37.120000,	train_time = 1.397852
TRAIN Iter 87: loss = 0.003396,	Top-1 err = 58.780000,	Top-5 err = 34.500000,	train_time = 1.334172
TRAIN Iter 88: loss = 0.003397,	Top-1 err = 62.600000,	Top-5 err = 38.500000,	train_time = 1.358101
TRAIN Iter 89: loss = 0.003415,	Top-1 err = 60.420000,	Top-5 err = 37.640000,	train_time = 1.311376
TRAIN Iter 90: loss = 0.003366,	Top-1 err = 60.120000,	Top-5 err = 37.720000,	train_time = 1.385135
TRAIN Iter 91: loss = 0.003388,	Top-1 err = 57.420000,	Top-5 err = 33.520000,	train_time = 1.364443
TRAIN Iter 92: loss = 0.003395,	Top-1 err = 61.540000,	Top-5 err = 37.540000,	train_time = 1.346789
TRAIN Iter 93: loss = 0.003288,	Top-1 err = 61.720000,	Top-5 err = 38.600000,	train_time = 1.323490
TRAIN Iter 94: loss = 0.003326,	Top-1 err = 57.800000,	Top-5 err = 34.080000,	train_time = 1.411989
TRAIN Iter 95: loss = 0.003307,	Top-1 err = 59.940000,	Top-5 err = 36.060000,	train_time = 1.327562
TRAIN Iter 96: loss = 0.003309,	Top-1 err = 59.660000,	Top-5 err = 35.580000,	train_time = 1.339256
TRAIN Iter 97: loss = 0.003286,	Top-1 err = 60.000000,	Top-5 err = 36.460000,	train_time = 1.328022
TRAIN Iter 98: loss = 0.003283,	Top-1 err = 61.500000,	Top-5 err = 37.020000,	train_time = 1.363882
TRAIN Iter 99: loss = 0.003309,	Top-1 err = 59.900000,	Top-5 err = 34.800000,	train_time = 1.395102
TRAIN Iter 100: loss = 0.003281,	Top-1 err = 58.320000,	Top-5 err = 34.600000,	train_time = 1.371048
TRAIN Iter 101: loss = 0.003301,	Top-1 err = 60.080000,	Top-5 err = 36.120000,	train_time = 1.508822
TRAIN Iter 102: loss = 0.003192,	Top-1 err = 58.320000,	Top-5 err = 35.020000,	train_time = 1.342076
TRAIN Iter 103: loss = 0.003170,	Top-1 err = 59.500000,	Top-5 err = 35.180000,	train_time = 1.433018
TRAIN Iter 104: loss = 0.003185,	Top-1 err = 57.800000,	Top-5 err = 34.940000,	train_time = 1.388482
TRAIN Iter 105: loss = 0.003177,	Top-1 err = 60.440000,	Top-5 err = 37.140000,	train_time = 1.385499
TRAIN Iter 106: loss = 0.003164,	Top-1 err = 60.200000,	Top-5 err = 36.680000,	train_time = 1.367532
TRAIN Iter 107: loss = 0.003152,	Top-1 err = 54.220000,	Top-5 err = 29.880000,	train_time = 1.288564
TRAIN Iter 108: loss = 0.003093,	Top-1 err = 56.660000,	Top-5 err = 33.040000,	train_time = 1.318095
TRAIN Iter 109: loss = 0.003118,	Top-1 err = 60.720000,	Top-5 err = 37.480000,	train_time = 1.394702
TRAIN Iter 110: loss = 0.003097,	Top-1 err = 57.740000,	Top-5 err = 33.760000,	train_time = 1.356622
TRAIN Iter 111: loss = 0.003105,	Top-1 err = 59.200000,	Top-5 err = 35.740000,	train_time = 1.324101
TRAIN Iter 112: loss = 0.003046,	Top-1 err = 57.820000,	Top-5 err = 33.300000,	train_time = 1.340414
TRAIN Iter 113: loss = 0.003102,	Top-1 err = 60.000000,	Top-5 err = 36.240000,	train_time = 1.283552
TRAIN Iter 114: loss = 0.003091,	Top-1 err = 57.040000,	Top-5 err = 34.080000,	train_time = 1.407164
TRAIN Iter 115: loss = 0.003039,	Top-1 err = 59.140000,	Top-5 err = 35.700000,	train_time = 1.407956
TRAIN Iter 116: loss = 0.003056,	Top-1 err = 59.520000,	Top-5 err = 36.540000,	train_time = 1.428957
TRAIN Iter 117: loss = 0.003094,	Top-1 err = 58.600000,	Top-5 err = 36.060000,	train_time = 1.388114
TRAIN Iter 118: loss = 0.003046,	Top-1 err = 57.580000,	Top-5 err = 34.580000,	train_time = 1.283653
TRAIN Iter 119: loss = 0.002989,	Top-1 err = 58.240000,	Top-5 err = 34.520000,	train_time = 1.388716
TRAIN Iter 120: loss = 0.003040,	Top-1 err = 60.760000,	Top-5 err = 36.900000,	train_time = 1.422943
TRAIN Iter 121: loss = 0.003009,	Top-1 err = 58.160000,	Top-5 err = 34.980000,	train_time = 1.347799
TRAIN Iter 122: loss = 0.002965,	Top-1 err = 56.340000,	Top-5 err = 32.280000,	train_time = 1.432311
TRAIN Iter 123: loss = 0.003030,	Top-1 err = 62.160000,	Top-5 err = 39.040000,	train_time = 1.395750
TRAIN Iter 124: loss = 0.002885,	Top-1 err = 57.860000,	Top-5 err = 32.660000,	train_time = 1.370525
TRAIN Iter 125: loss = 0.002914,	Top-1 err = 55.180000,	Top-5 err = 32.120000,	train_time = 1.352991
TRAIN Iter 126: loss = 0.002912,	Top-1 err = 56.180000,	Top-5 err = 31.700000,	train_time = 1.461004
TRAIN Iter 127: loss = 0.002896,	Top-1 err = 57.020000,	Top-5 err = 32.660000,	train_time = 1.395074
TRAIN Iter 128: loss = 0.002833,	Top-1 err = 56.720000,	Top-5 err = 33.100000,	train_time = 1.386205
TRAIN Iter 129: loss = 0.002876,	Top-1 err = 57.500000,	Top-5 err = 34.160000,	train_time = 1.443124
TRAIN Iter 130: loss = 0.002850,	Top-1 err = 56.900000,	Top-5 err = 32.980000,	train_time = 1.337121
TRAIN Iter 131: loss = 0.002813,	Top-1 err = 56.400000,	Top-5 err = 32.720000,	train_time = 1.454488
TRAIN Iter 132: loss = 0.002887,	Top-1 err = 56.560000,	Top-5 err = 33.220000,	train_time = 1.338929
TRAIN Iter 133: loss = 0.002806,	Top-1 err = 57.580000,	Top-5 err = 32.720000,	train_time = 1.372638
TRAIN Iter 134: loss = 0.002836,	Top-1 err = 58.380000,	Top-5 err = 34.080000,	train_time = 1.284443
TRAIN Iter 135: loss = 0.002818,	Top-1 err = 58.080000,	Top-5 err = 34.380000,	train_time = 1.355732
TRAIN Iter 136: loss = 0.002793,	Top-1 err = 59.600000,	Top-5 err = 36.240000,	train_time = 1.352077
TRAIN Iter 137: loss = 0.002755,	Top-1 err = 56.800000,	Top-5 err = 32.380000,	train_time = 1.364851
TRAIN Iter 138: loss = 0.002771,	Top-1 err = 58.960000,	Top-5 err = 33.800000,	train_time = 1.401804
TRAIN Iter 139: loss = 0.002787,	Top-1 err = 58.020000,	Top-5 err = 33.020000,	train_time = 1.286807
TRAIN Iter 140: loss = 0.002774,	Top-1 err = 60.400000,	Top-5 err = 37.180000,	train_time = 1.370922
TRAIN Iter 141: loss = 0.002723,	Top-1 err = 56.620000,	Top-5 err = 32.240000,	train_time = 1.394336
TRAIN Iter 142: loss = 0.002729,	Top-1 err = 56.560000,	Top-5 err = 33.300000,	train_time = 1.254776
TRAIN Iter 143: loss = 0.002783,	Top-1 err = 56.840000,	Top-5 err = 33.900000,	train_time = 1.364928
TRAIN Iter 144: loss = 0.002758,	Top-1 err = 57.560000,	Top-5 err = 34.320000,	train_time = 1.386492
TRAIN Iter 145: loss = 0.002763,	Top-1 err = 59.220000,	Top-5 err = 34.920000,	train_time = 1.332042
TRAIN Iter 146: loss = 0.002690,	Top-1 err = 59.120000,	Top-5 err = 35.980000,	train_time = 1.325731
TRAIN Iter 147: loss = 0.002701,	Top-1 err = 58.380000,	Top-5 err = 33.360000,	train_time = 1.406225
TRAIN Iter 148: loss = 0.002739,	Top-1 err = 59.540000,	Top-5 err = 36.500000,	train_time = 1.373274
TRAIN Iter 149: loss = 0.002704,	Top-1 err = 58.080000,	Top-5 err = 33.520000,	train_time = 1.326013
TRAIN Iter 150: loss = 0.002676,	Top-1 err = 57.980000,	Top-5 err = 33.200000,	train_time = 1.381467
TRAIN Iter 151: loss = 0.002719,	Top-1 err = 58.180000,	Top-5 err = 34.640000,	train_time = 1.328624
TRAIN Iter 152: loss = 0.002727,	Top-1 err = 58.280000,	Top-5 err = 34.820000,	train_time = 1.452469
TRAIN Iter 153: loss = 0.002650,	Top-1 err = 56.340000,	Top-5 err = 31.920000,	train_time = 1.404135
TRAIN Iter 154: loss = 0.002674,	Top-1 err = 58.260000,	Top-5 err = 34.020000,	train_time = 1.385130
TRAIN Iter 155: loss = 0.002605,	Top-1 err = 59.440000,	Top-5 err = 36.240000,	train_time = 1.378528
TRAIN Iter 156: loss = 0.002614,	Top-1 err = 59.380000,	Top-5 err = 36.080000,	train_time = 1.424602
TRAIN Iter 157: loss = 0.002549,	Top-1 err = 57.400000,	Top-5 err = 34.200000,	train_time = 1.346550
TRAIN Iter 158: loss = 0.002631,	Top-1 err = 57.280000,	Top-5 err = 33.660000,	train_time = 1.394200
TRAIN Iter 159: loss = 0.002624,	Top-1 err = 56.900000,	Top-5 err = 33.300000,	train_time = 1.419345
TRAIN Iter 160: loss = 0.002567,	Top-1 err = 55.300000,	Top-5 err = 31.520000,	train_time = 1.454598
TRAIN Iter 161: loss = 0.002595,	Top-1 err = 56.160000,	Top-5 err = 32.000000,	train_time = 1.445929
TRAIN Iter 162: loss = 0.002587,	Top-1 err = 58.360000,	Top-5 err = 35.140000,	train_time = 1.431028
TRAIN Iter 163: loss = 0.002525,	Top-1 err = 55.980000,	Top-5 err = 33.280000,	train_time = 1.422189
TRAIN Iter 164: loss = 0.002548,	Top-1 err = 58.200000,	Top-5 err = 33.700000,	train_time = 1.302159
TRAIN Iter 165: loss = 0.002502,	Top-1 err = 57.260000,	Top-5 err = 33.760000,	train_time = 1.300776
TRAIN Iter 166: loss = 0.002531,	Top-1 err = 56.340000,	Top-5 err = 32.700000,	train_time = 1.406564
TRAIN Iter 167: loss = 0.002557,	Top-1 err = 56.760000,	Top-5 err = 33.440000,	train_time = 1.365401
TRAIN Iter 168: loss = 0.002512,	Top-1 err = 57.380000,	Top-5 err = 33.100000,	train_time = 1.332616
TRAIN Iter 169: loss = 0.002470,	Top-1 err = 60.860000,	Top-5 err = 36.340000,	train_time = 1.362240
TRAIN Iter 170: loss = 0.002555,	Top-1 err = 58.080000,	Top-5 err = 34.300000,	train_time = 1.367128
TRAIN Iter 171: loss = 0.002509,	Top-1 err = 59.260000,	Top-5 err = 36.200000,	train_time = 1.334039
TRAIN Iter 172: loss = 0.002429,	Top-1 err = 51.820000,	Top-5 err = 28.800000,	train_time = 1.368842
TRAIN Iter 173: loss = 0.002471,	Top-1 err = 58.900000,	Top-5 err = 34.760000,	train_time = 1.420928
TRAIN Iter 174: loss = 0.002587,	Top-1 err = 57.800000,	Top-5 err = 35.320000,	train_time = 1.332581
TRAIN Iter 175: loss = 0.002458,	Top-1 err = 59.620000,	Top-5 err = 35.720000,	train_time = 1.334854
TRAIN Iter 176: loss = 0.002431,	Top-1 err = 56.560000,	Top-5 err = 33.720000,	train_time = 1.340784
TRAIN Iter 177: loss = 0.002456,	Top-1 err = 57.440000,	Top-5 err = 35.240000,	train_time = 1.344057
TRAIN Iter 178: loss = 0.002403,	Top-1 err = 58.580000,	Top-5 err = 34.060000,	train_time = 1.330050
TRAIN Iter 179: loss = 0.002389,	Top-1 err = 58.640000,	Top-5 err = 34.220000,	train_time = 1.352924
TRAIN Iter 180: loss = 0.002417,	Top-1 err = 56.340000,	Top-5 err = 32.380000,	train_time = 1.349587
TRAIN Iter 181: loss = 0.002400,	Top-1 err = 58.240000,	Top-5 err = 35.180000,	train_time = 1.399656
TRAIN Iter 182: loss = 0.002400,	Top-1 err = 58.960000,	Top-5 err = 34.860000,	train_time = 1.289774
TRAIN Iter 183: loss = 0.002454,	Top-1 err = 58.200000,	Top-5 err = 36.020000,	train_time = 1.386163
TRAIN Iter 184: loss = 0.002401,	Top-1 err = 59.200000,	Top-5 err = 35.300000,	train_time = 1.346967
TRAIN Iter 185: loss = 0.002349,	Top-1 err = 58.840000,	Top-5 err = 34.260000,	train_time = 1.396767
TRAIN Iter 186: loss = 0.002333,	Top-1 err = 57.560000,	Top-5 err = 34.540000,	train_time = 1.395156
TRAIN Iter 187: loss = 0.002366,	Top-1 err = 60.160000,	Top-5 err = 36.580000,	train_time = 1.349103
TRAIN Iter 188: loss = 0.002423,	Top-1 err = 56.400000,	Top-5 err = 32.880000,	train_time = 1.378523
TRAIN Iter 189: loss = 0.002432,	Top-1 err = 58.940000,	Top-5 err = 36.160000,	train_time = 1.299443
TRAIN Iter 190: loss = 0.002299,	Top-1 err = 57.800000,	Top-5 err = 35.040000,	train_time = 1.324272
TRAIN Iter 191: loss = 0.002284,	Top-1 err = 57.020000,	Top-5 err = 33.440000,	train_time = 1.417315
TRAIN Iter 192: loss = 0.002351,	Top-1 err = 57.960000,	Top-5 err = 33.860000,	train_time = 1.385980
TRAIN Iter 193: loss = 0.002341,	Top-1 err = 55.180000,	Top-5 err = 31.220000,	train_time = 1.404530
TRAIN Iter 194: loss = 0.002348,	Top-1 err = 57.900000,	Top-5 err = 34.180000,	train_time = 1.412596
TRAIN Iter 195: loss = 0.002310,	Top-1 err = 59.780000,	Top-5 err = 36.100000,	train_time = 1.436075
TRAIN Iter 196: loss = 0.002288,	Top-1 err = 53.900000,	Top-5 err = 30.660000,	train_time = 1.362211
TRAIN Iter 197: loss = 0.002321,	Top-1 err = 58.800000,	Top-5 err = 34.180000,	train_time = 1.298604
TRAIN Iter 198: loss = 0.002211,	Top-1 err = 55.540000,	Top-5 err = 32.480000,	train_time = 1.357728
TRAIN Iter 199: loss = 0.002229,	Top-1 err = 62.600000,	Top-5 err = 38.340000,	train_time = 1.326150
TRAIN Iter 200: loss = 0.002269,	Top-1 err = 57.080000,	Top-5 err = 33.520000,	train_time = 1.324108
TRAIN Iter 201: loss = 0.002326,	Top-1 err = 58.820000,	Top-5 err = 36.720000,	train_time = 1.381680
TRAIN Iter 202: loss = 0.002283,	Top-1 err = 58.960000,	Top-5 err = 34.960000,	train_time = 1.404889
TRAIN Iter 203: loss = 0.002247,	Top-1 err = 54.980000,	Top-5 err = 32.000000,	train_time = 1.405538
TRAIN Iter 204: loss = 0.002223,	Top-1 err = 53.760000,	Top-5 err = 30.280000,	train_time = 1.324707
TRAIN Iter 205: loss = 0.002205,	Top-1 err = 56.820000,	Top-5 err = 32.680000,	train_time = 1.360282
TRAIN Iter 206: loss = 0.002231,	Top-1 err = 57.080000,	Top-5 err = 34.840000,	train_time = 1.313819
TRAIN Iter 207: loss = 0.002252,	Top-1 err = 55.920000,	Top-5 err = 33.420000,	train_time = 1.329747
TRAIN Iter 208: loss = 0.002188,	Top-1 err = 54.400000,	Top-5 err = 31.660000,	train_time = 1.271172
TRAIN Iter 209: loss = 0.002167,	Top-1 err = 54.880000,	Top-5 err = 31.000000,	train_time = 1.354811
TRAIN Iter 210: loss = 0.002214,	Top-1 err = 58.880000,	Top-5 err = 34.780000,	train_time = 1.357303
TRAIN Iter 211: loss = 0.002168,	Top-1 err = 60.980000,	Top-5 err = 36.460000,	train_time = 1.342191
TRAIN Iter 212: loss = 0.002152,	Top-1 err = 54.780000,	Top-5 err = 30.620000,	train_time = 1.357907
TRAIN Iter 213: loss = 0.002223,	Top-1 err = 57.660000,	Top-5 err = 33.540000,	train_time = 1.401015
TRAIN Iter 214: loss = 0.002156,	Top-1 err = 54.360000,	Top-5 err = 29.580000,	train_time = 1.328832
TRAIN Iter 215: loss = 0.002134,	Top-1 err = 55.200000,	Top-5 err = 32.120000,	train_time = 1.345951
TRAIN Iter 216: loss = 0.002149,	Top-1 err = 57.120000,	Top-5 err = 34.660000,	train_time = 1.337684
TRAIN Iter 217: loss = 0.002097,	Top-1 err = 55.200000,	Top-5 err = 32.060000,	train_time = 1.358191
TRAIN Iter 218: loss = 0.002121,	Top-1 err = 56.240000,	Top-5 err = 31.720000,	train_time = 1.382611
TRAIN Iter 219: loss = 0.002143,	Top-1 err = 54.740000,	Top-5 err = 31.120000,	train_time = 1.398102
TRAIN Iter 220: loss = 0.002165,	Top-1 err = 54.740000,	Top-5 err = 31.260000,	train_time = 1.470521
TRAIN Iter 221: loss = 0.002131,	Top-1 err = 57.660000,	Top-5 err = 33.980000,	train_time = 1.220509
TRAIN Iter 222: loss = 0.002102,	Top-1 err = 55.520000,	Top-5 err = 32.180000,	train_time = 1.412746
TRAIN Iter 223: loss = 0.002116,	Top-1 err = 58.520000,	Top-5 err = 35.660000,	train_time = 1.410782
TRAIN Iter 224: loss = 0.002045,	Top-1 err = 54.840000,	Top-5 err = 30.740000,	train_time = 1.474123
TRAIN Iter 225: loss = 0.002136,	Top-1 err = 56.160000,	Top-5 err = 33.040000,	train_time = 1.241210
TRAIN Iter 226: loss = 0.002058,	Top-1 err = 58.440000,	Top-5 err = 34.280000,	train_time = 1.191751
TRAIN Iter 227: loss = 0.002068,	Top-1 err = 53.660000,	Top-5 err = 29.900000,	train_time = 1.401248
TRAIN Iter 228: loss = 0.002099,	Top-1 err = 56.040000,	Top-5 err = 32.480000,	train_time = 1.427288
TRAIN Iter 229: loss = 0.002049,	Top-1 err = 56.220000,	Top-5 err = 33.220000,	train_time = 1.258795
TRAIN Iter 230: loss = 0.002063,	Top-1 err = 59.780000,	Top-5 err = 37.120000,	train_time = 1.396954
TRAIN Iter 231: loss = 0.002067,	Top-1 err = 56.440000,	Top-5 err = 33.740000,	train_time = 1.332505
TRAIN Iter 232: loss = 0.002098,	Top-1 err = 58.140000,	Top-5 err = 36.440000,	train_time = 1.346684
TRAIN Iter 233: loss = 0.002043,	Top-1 err = 56.700000,	Top-5 err = 33.160000,	train_time = 1.353694
TRAIN Iter 234: loss = 0.002062,	Top-1 err = 56.400000,	Top-5 err = 33.360000,	train_time = 1.344915
TRAIN Iter 235: loss = 0.002077,	Top-1 err = 55.420000,	Top-5 err = 33.060000,	train_time = 1.386760
TRAIN Iter 236: loss = 0.002004,	Top-1 err = 58.280000,	Top-5 err = 34.420000,	train_time = 1.406523
TRAIN Iter 237: loss = 0.001996,	Top-1 err = 55.060000,	Top-5 err = 31.320000,	train_time = 1.347241
TRAIN Iter 238: loss = 0.002051,	Top-1 err = 58.500000,	Top-5 err = 35.420000,	train_time = 1.297225
TRAIN Iter 239: loss = 0.002007,	Top-1 err = 59.000000,	Top-5 err = 34.180000,	train_time = 1.357688
TRAIN Iter 240: loss = 0.002005,	Top-1 err = 56.620000,	Top-5 err = 33.640000,	train_time = 1.343302
TRAIN Iter 241: loss = 0.001982,	Top-1 err = 58.080000,	Top-5 err = 34.260000,	train_time = 1.288089
TRAIN Iter 242: loss = 0.002039,	Top-1 err = 59.680000,	Top-5 err = 36.260000,	train_time = 1.384443
TRAIN Iter 243: loss = 0.001968,	Top-1 err = 55.640000,	Top-5 err = 31.920000,	train_time = 1.343168
TRAIN Iter 244: loss = 0.001967,	Top-1 err = 56.300000,	Top-5 err = 33.440000,	train_time = 1.374026
TRAIN Iter 245: loss = 0.002000,	Top-1 err = 55.720000,	Top-5 err = 33.220000,	train_time = 1.362843
TRAIN Iter 246: loss = 0.001932,	Top-1 err = 55.100000,	Top-5 err = 32.160000,	train_time = 1.373309
TRAIN Iter 247: loss = 0.002042,	Top-1 err = 59.900000,	Top-5 err = 37.380000,	train_time = 1.413347
TRAIN Iter 248: loss = 0.002008,	Top-1 err = 57.060000,	Top-5 err = 34.580000,	train_time = 1.252381
TRAIN Iter 249: loss = 0.001962,	Top-1 err = 60.280000,	Top-5 err = 35.440000,	train_time = 1.381704
TEST:
Iter 249: loss = 1.663850,	Top-1 err = 42.630000,	Top-5 err = 15.890000,	val_time = 0.792824
TRAIN Iter 250: loss = 0.001953,	Top-1 err = 56.100000,	Top-5 err = 32.420000,	train_time = 1.407599
TRAIN Iter 251: loss = 0.001973,	Top-1 err = 58.180000,	Top-5 err = 34.380000,	train_time = 1.368042
TRAIN Iter 252: loss = 0.001961,	Top-1 err = 57.980000,	Top-5 err = 35.300000,	train_time = 1.390014
TRAIN Iter 253: loss = 0.001925,	Top-1 err = 56.220000,	Top-5 err = 33.140000,	train_time = 1.417986
TRAIN Iter 254: loss = 0.001981,	Top-1 err = 58.900000,	Top-5 err = 36.260000,	train_time = 1.319320
TRAIN Iter 255: loss = 0.001921,	Top-1 err = 56.600000,	Top-5 err = 33.540000,	train_time = 1.352119
TRAIN Iter 256: loss = 0.001950,	Top-1 err = 56.580000,	Top-5 err = 33.860000,	train_time = 1.405807
TRAIN Iter 257: loss = 0.001948,	Top-1 err = 56.580000,	Top-5 err = 34.100000,	train_time = 1.423387
TRAIN Iter 258: loss = 0.001924,	Top-1 err = 54.160000,	Top-5 err = 31.900000,	train_time = 1.393702
TRAIN Iter 259: loss = 0.001934,	Top-1 err = 55.860000,	Top-5 err = 33.200000,	train_time = 1.346736
TEST:
Iter 259: loss = 1.666505,	Top-1 err = 42.390000,	Top-5 err = 16.010000,	val_time = 0.846354
TRAIN Iter 260: loss = 0.001905,	Top-1 err = 54.400000,	Top-5 err = 31.720000,	train_time = 1.398377
TRAIN Iter 261: loss = 0.001901,	Top-1 err = 57.360000,	Top-5 err = 33.020000,	train_time = 1.378283
TRAIN Iter 262: loss = 0.001889,	Top-1 err = 55.080000,	Top-5 err = 32.380000,	train_time = 1.343910
TRAIN Iter 263: loss = 0.001877,	Top-1 err = 58.240000,	Top-5 err = 35.320000,	train_time = 1.382552
TRAIN Iter 264: loss = 0.001836,	Top-1 err = 58.300000,	Top-5 err = 33.860000,	train_time = 1.406257
TRAIN Iter 265: loss = 0.001878,	Top-1 err = 55.360000,	Top-5 err = 31.580000,	train_time = 1.381978
TRAIN Iter 266: loss = 0.001908,	Top-1 err = 58.520000,	Top-5 err = 35.920000,	train_time = 1.339905
TRAIN Iter 267: loss = 0.001878,	Top-1 err = 56.400000,	Top-5 err = 32.560000,	train_time = 1.353341
TRAIN Iter 268: loss = 0.001801,	Top-1 err = 54.080000,	Top-5 err = 30.000000,	train_time = 1.322172
TRAIN Iter 269: loss = 0.001877,	Top-1 err = 56.180000,	Top-5 err = 33.320000,	train_time = 1.394927
TEST:
Iter 269: loss = 1.680479,	Top-1 err = 42.740000,	Top-5 err = 16.320000,	val_time = 0.788615
TRAIN Iter 270: loss = 0.001886,	Top-1 err = 55.800000,	Top-5 err = 32.180000,	train_time = 1.381721
TRAIN Iter 271: loss = 0.001815,	Top-1 err = 52.880000,	Top-5 err = 29.100000,	train_time = 1.335313
TRAIN Iter 272: loss = 0.001831,	Top-1 err = 57.100000,	Top-5 err = 34.960000,	train_time = 1.388880
TRAIN Iter 273: loss = 0.001871,	Top-1 err = 57.680000,	Top-5 err = 33.640000,	train_time = 1.381167
TRAIN Iter 274: loss = 0.001813,	Top-1 err = 55.120000,	Top-5 err = 32.320000,	train_time = 1.406072
TRAIN Iter 275: loss = 0.001829,	Top-1 err = 56.000000,	Top-5 err = 32.080000,	train_time = 1.386001
TRAIN Iter 276: loss = 0.001810,	Top-1 err = 55.920000,	Top-5 err = 33.080000,	train_time = 1.342179
TRAIN Iter 277: loss = 0.001823,	Top-1 err = 62.280000,	Top-5 err = 39.260000,	train_time = 1.367246
TRAIN Iter 278: loss = 0.001802,	Top-1 err = 57.100000,	Top-5 err = 33.840000,	train_time = 1.396054
TRAIN Iter 279: loss = 0.001817,	Top-1 err = 57.420000,	Top-5 err = 35.820000,	train_time = 1.343917
TEST:
Iter 279: loss = 1.636452,	Top-1 err = 41.720000,	Top-5 err = 15.590000,	val_time = 0.808960
TRAIN Iter 280: loss = 0.001813,	Top-1 err = 55.200000,	Top-5 err = 32.460000,	train_time = 1.366338
TRAIN Iter 281: loss = 0.001784,	Top-1 err = 57.680000,	Top-5 err = 33.040000,	train_time = 1.350888
TRAIN Iter 282: loss = 0.001821,	Top-1 err = 55.820000,	Top-5 err = 32.860000,	train_time = 1.304400
TRAIN Iter 283: loss = 0.001840,	Top-1 err = 55.660000,	Top-5 err = 33.140000,	train_time = 1.377867
TRAIN Iter 284: loss = 0.001736,	Top-1 err = 56.480000,	Top-5 err = 34.120000,	train_time = 1.426809
TRAIN Iter 285: loss = 0.001757,	Top-1 err = 59.040000,	Top-5 err = 35.480000,	train_time = 1.376197
TRAIN Iter 286: loss = 0.001756,	Top-1 err = 57.400000,	Top-5 err = 33.920000,	train_time = 1.413220
TRAIN Iter 287: loss = 0.001745,	Top-1 err = 56.060000,	Top-5 err = 33.500000,	train_time = 1.340165
TRAIN Iter 288: loss = 0.001770,	Top-1 err = 56.640000,	Top-5 err = 32.540000,	train_time = 1.334154
TRAIN Iter 289: loss = 0.001786,	Top-1 err = 58.340000,	Top-5 err = 35.180000,	train_time = 1.337836
TEST:
Iter 289: loss = 1.655213,	Top-1 err = 42.230000,	Top-5 err = 15.820000,	val_time = 0.775140
TRAIN Iter 290: loss = 0.001728,	Top-1 err = 55.340000,	Top-5 err = 33.100000,	train_time = 1.347604
TRAIN Iter 291: loss = 0.001727,	Top-1 err = 52.420000,	Top-5 err = 29.620000,	train_time = 1.365288
TRAIN Iter 292: loss = 0.001766,	Top-1 err = 55.820000,	Top-5 err = 32.680000,	train_time = 1.352504
TRAIN Iter 293: loss = 0.001714,	Top-1 err = 58.060000,	Top-5 err = 34.740000,	train_time = 1.325713
TRAIN Iter 294: loss = 0.001798,	Top-1 err = 59.340000,	Top-5 err = 35.740000,	train_time = 1.382230
TRAIN Iter 295: loss = 0.001753,	Top-1 err = 58.380000,	Top-5 err = 36.060000,	train_time = 1.409010
TRAIN Iter 296: loss = 0.001725,	Top-1 err = 53.100000,	Top-5 err = 29.600000,	train_time = 1.314447
TRAIN Iter 297: loss = 0.001715,	Top-1 err = 51.260000,	Top-5 err = 27.600000,	train_time = 1.380267
TRAIN Iter 298: loss = 0.001714,	Top-1 err = 52.300000,	Top-5 err = 29.040000,	train_time = 1.355585
TRAIN Iter 299: loss = 0.001716,	Top-1 err = 55.640000,	Top-5 err = 31.820000,	train_time = 1.404760
TEST:
Iter 299: loss = 1.654141,	Top-1 err = 42.190000,	Top-5 err = 15.630000,	val_time = 0.745519
Train Finish! Best accuracy is 58.28@279
