/home/dvspanos/miniconda3/envs/rded/lib/python3.10/site-packages/torch/cuda/__init__.py:611: UserWarning: Can't initialize NVML
  warnings.warn("Can't initialize NVML")
=> using pytorch pre-trained teacher model 'conv3'
process data from /home/dvspanos/nikos/ca2d/artifacts/sets/bench_cifar100_conv_sharp2d_ipc50
load data successfully
TRAIN Iter 0: loss = 0.015856,	Top-1 err = 93.460000,	Top-5 err = 78.940000,	train_time = 2.059169
TRAIN Iter 1: loss = 0.013368,	Top-1 err = 87.420000,	Top-5 err = 66.440000,	train_time = 1.427027
TRAIN Iter 2: loss = 0.011571,	Top-1 err = 83.040000,	Top-5 err = 58.620000,	train_time = 1.320680
TRAIN Iter 3: loss = 0.010313,	Top-1 err = 77.660000,	Top-5 err = 52.220000,	train_time = 1.373049
TRAIN Iter 4: loss = 0.009350,	Top-1 err = 73.380000,	Top-5 err = 47.060000,	train_time = 1.473083
TRAIN Iter 5: loss = 0.008669,	Top-1 err = 70.920000,	Top-5 err = 45.620000,	train_time = 1.350181
TRAIN Iter 6: loss = 0.007911,	Top-1 err = 68.460000,	Top-5 err = 42.760000,	train_time = 1.369583
TRAIN Iter 7: loss = 0.007445,	Top-1 err = 65.120000,	Top-5 err = 39.720000,	train_time = 1.347494
TRAIN Iter 8: loss = 0.007001,	Top-1 err = 61.800000,	Top-5 err = 35.800000,	train_time = 1.376912
TRAIN Iter 9: loss = 0.006615,	Top-1 err = 62.920000,	Top-5 err = 38.460000,	train_time = 1.316318
TRAIN Iter 10: loss = 0.006458,	Top-1 err = 60.360000,	Top-5 err = 37.240000,	train_time = 1.376402
TRAIN Iter 11: loss = 0.006127,	Top-1 err = 58.700000,	Top-5 err = 33.720000,	train_time = 1.433545
TRAIN Iter 12: loss = 0.005936,	Top-1 err = 59.200000,	Top-5 err = 34.540000,	train_time = 1.397554
TRAIN Iter 13: loss = 0.005621,	Top-1 err = 61.000000,	Top-5 err = 35.940000,	train_time = 1.359456
TRAIN Iter 14: loss = 0.005568,	Top-1 err = 57.340000,	Top-5 err = 34.420000,	train_time = 1.377640
TRAIN Iter 15: loss = 0.005423,	Top-1 err = 58.940000,	Top-5 err = 35.180000,	train_time = 1.368669
TRAIN Iter 16: loss = 0.005202,	Top-1 err = 57.260000,	Top-5 err = 34.240000,	train_time = 1.372270
TRAIN Iter 17: loss = 0.005174,	Top-1 err = 55.180000,	Top-5 err = 31.800000,	train_time = 1.334635
TRAIN Iter 18: loss = 0.004988,	Top-1 err = 56.140000,	Top-5 err = 33.400000,	train_time = 1.350842
TRAIN Iter 19: loss = 0.004851,	Top-1 err = 57.700000,	Top-5 err = 33.940000,	train_time = 1.291153
TRAIN Iter 20: loss = 0.004742,	Top-1 err = 58.140000,	Top-5 err = 34.280000,	train_time = 1.336147
TRAIN Iter 21: loss = 0.004791,	Top-1 err = 55.960000,	Top-5 err = 33.400000,	train_time = 1.367982
TRAIN Iter 22: loss = 0.004612,	Top-1 err = 52.940000,	Top-5 err = 30.280000,	train_time = 1.317714
TRAIN Iter 23: loss = 0.004465,	Top-1 err = 56.740000,	Top-5 err = 33.780000,	train_time = 1.346348
TRAIN Iter 24: loss = 0.004570,	Top-1 err = 55.740000,	Top-5 err = 33.440000,	train_time = 1.363763
TRAIN Iter 25: loss = 0.004487,	Top-1 err = 53.060000,	Top-5 err = 29.280000,	train_time = 1.413889
TRAIN Iter 26: loss = 0.004303,	Top-1 err = 56.280000,	Top-5 err = 34.080000,	train_time = 1.322089
TRAIN Iter 27: loss = 0.004264,	Top-1 err = 54.580000,	Top-5 err = 32.500000,	train_time = 1.299259
TRAIN Iter 28: loss = 0.004269,	Top-1 err = 50.540000,	Top-5 err = 28.220000,	train_time = 1.347918
TRAIN Iter 29: loss = 0.004253,	Top-1 err = 55.760000,	Top-5 err = 33.900000,	train_time = 1.286147
TRAIN Iter 30: loss = 0.004045,	Top-1 err = 52.080000,	Top-5 err = 29.700000,	train_time = 1.366160
TRAIN Iter 31: loss = 0.004231,	Top-1 err = 55.480000,	Top-5 err = 33.920000,	train_time = 1.372118
TRAIN Iter 32: loss = 0.004145,	Top-1 err = 53.880000,	Top-5 err = 32.360000,	train_time = 1.322699
TRAIN Iter 33: loss = 0.003945,	Top-1 err = 53.980000,	Top-5 err = 32.320000,	train_time = 1.410702
TRAIN Iter 34: loss = 0.003943,	Top-1 err = 50.000000,	Top-5 err = 29.260000,	train_time = 1.324158
TRAIN Iter 35: loss = 0.003938,	Top-1 err = 50.520000,	Top-5 err = 28.340000,	train_time = 1.398475
TRAIN Iter 36: loss = 0.003902,	Top-1 err = 51.520000,	Top-5 err = 29.980000,	train_time = 1.280560
TRAIN Iter 37: loss = 0.003826,	Top-1 err = 52.420000,	Top-5 err = 31.600000,	train_time = 1.330200
TRAIN Iter 38: loss = 0.003913,	Top-1 err = 52.860000,	Top-5 err = 30.860000,	train_time = 1.320250
TRAIN Iter 39: loss = 0.003827,	Top-1 err = 51.520000,	Top-5 err = 30.200000,	train_time = 1.387771
TRAIN Iter 40: loss = 0.003719,	Top-1 err = 52.980000,	Top-5 err = 31.180000,	train_time = 1.353586
TRAIN Iter 41: loss = 0.003649,	Top-1 err = 49.260000,	Top-5 err = 27.480000,	train_time = 1.393715
TRAIN Iter 42: loss = 0.003698,	Top-1 err = 53.120000,	Top-5 err = 30.940000,	train_time = 1.384756
TRAIN Iter 43: loss = 0.003635,	Top-1 err = 50.680000,	Top-5 err = 28.820000,	train_time = 1.371228
TRAIN Iter 44: loss = 0.003649,	Top-1 err = 51.660000,	Top-5 err = 29.560000,	train_time = 1.372522
TRAIN Iter 45: loss = 0.003650,	Top-1 err = 54.300000,	Top-5 err = 34.100000,	train_time = 1.310883
TRAIN Iter 46: loss = 0.003564,	Top-1 err = 51.720000,	Top-5 err = 30.260000,	train_time = 1.279845
TRAIN Iter 47: loss = 0.003551,	Top-1 err = 52.040000,	Top-5 err = 29.940000,	train_time = 1.379980
TRAIN Iter 48: loss = 0.003542,	Top-1 err = 53.180000,	Top-5 err = 32.300000,	train_time = 1.406063
TRAIN Iter 49: loss = 0.003631,	Top-1 err = 53.620000,	Top-5 err = 32.340000,	train_time = 1.356743
TRAIN Iter 50: loss = 0.003588,	Top-1 err = 49.400000,	Top-5 err = 28.780000,	train_time = 1.356982
TRAIN Iter 51: loss = 0.003483,	Top-1 err = 50.720000,	Top-5 err = 30.740000,	train_time = 1.433882
TRAIN Iter 52: loss = 0.003406,	Top-1 err = 46.520000,	Top-5 err = 26.840000,	train_time = 1.355532
TRAIN Iter 53: loss = 0.003428,	Top-1 err = 50.300000,	Top-5 err = 31.620000,	train_time = 1.295627
TRAIN Iter 54: loss = 0.003397,	Top-1 err = 50.840000,	Top-5 err = 29.860000,	train_time = 1.347840
TRAIN Iter 55: loss = 0.003305,	Top-1 err = 48.660000,	Top-5 err = 28.380000,	train_time = 1.420204
TRAIN Iter 56: loss = 0.003377,	Top-1 err = 50.620000,	Top-5 err = 29.120000,	train_time = 1.382687
TRAIN Iter 57: loss = 0.003402,	Top-1 err = 53.780000,	Top-5 err = 33.300000,	train_time = 1.408007
TRAIN Iter 58: loss = 0.003314,	Top-1 err = 49.080000,	Top-5 err = 28.540000,	train_time = 1.367522
TRAIN Iter 59: loss = 0.003306,	Top-1 err = 53.060000,	Top-5 err = 31.760000,	train_time = 1.359757
TRAIN Iter 60: loss = 0.003262,	Top-1 err = 49.360000,	Top-5 err = 29.400000,	train_time = 1.345866
TRAIN Iter 61: loss = 0.003366,	Top-1 err = 49.600000,	Top-5 err = 29.080000,	train_time = 1.295227
TRAIN Iter 62: loss = 0.003268,	Top-1 err = 52.900000,	Top-5 err = 32.600000,	train_time = 1.346588
TRAIN Iter 63: loss = 0.003201,	Top-1 err = 51.040000,	Top-5 err = 30.920000,	train_time = 1.333762
TRAIN Iter 64: loss = 0.003281,	Top-1 err = 46.680000,	Top-5 err = 26.380000,	train_time = 1.291955
TRAIN Iter 65: loss = 0.003151,	Top-1 err = 47.760000,	Top-5 err = 26.780000,	train_time = 1.413307
TRAIN Iter 66: loss = 0.003128,	Top-1 err = 50.420000,	Top-5 err = 29.660000,	train_time = 1.287321
TRAIN Iter 67: loss = 0.003181,	Top-1 err = 49.580000,	Top-5 err = 28.280000,	train_time = 1.336100
TRAIN Iter 68: loss = 0.003174,	Top-1 err = 49.840000,	Top-5 err = 30.640000,	train_time = 1.373598
TRAIN Iter 69: loss = 0.003104,	Top-1 err = 52.880000,	Top-5 err = 31.740000,	train_time = 1.375671
TRAIN Iter 70: loss = 0.003076,	Top-1 err = 50.580000,	Top-5 err = 29.300000,	train_time = 1.368062
TRAIN Iter 71: loss = 0.003043,	Top-1 err = 49.300000,	Top-5 err = 27.880000,	train_time = 1.334424
TRAIN Iter 72: loss = 0.003120,	Top-1 err = 48.800000,	Top-5 err = 27.880000,	train_time = 1.382619
TRAIN Iter 73: loss = 0.003029,	Top-1 err = 48.960000,	Top-5 err = 28.560000,	train_time = 1.341126
TRAIN Iter 74: loss = 0.003020,	Top-1 err = 50.060000,	Top-5 err = 28.980000,	train_time = 1.394562
TRAIN Iter 75: loss = 0.003062,	Top-1 err = 51.380000,	Top-5 err = 30.860000,	train_time = 1.326630
TRAIN Iter 76: loss = 0.003043,	Top-1 err = 47.580000,	Top-5 err = 27.120000,	train_time = 1.347217
TRAIN Iter 77: loss = 0.002996,	Top-1 err = 51.480000,	Top-5 err = 31.200000,	train_time = 1.325536
TRAIN Iter 78: loss = 0.002951,	Top-1 err = 51.480000,	Top-5 err = 31.420000,	train_time = 1.343849
TRAIN Iter 79: loss = 0.002953,	Top-1 err = 50.140000,	Top-5 err = 29.680000,	train_time = 1.263433
TRAIN Iter 80: loss = 0.002947,	Top-1 err = 50.420000,	Top-5 err = 29.280000,	train_time = 1.321614
TRAIN Iter 81: loss = 0.002910,	Top-1 err = 45.800000,	Top-5 err = 25.540000,	train_time = 1.323105
TRAIN Iter 82: loss = 0.002887,	Top-1 err = 46.520000,	Top-5 err = 26.640000,	train_time = 1.368623
TRAIN Iter 83: loss = 0.002900,	Top-1 err = 50.100000,	Top-5 err = 29.900000,	train_time = 1.402585
TRAIN Iter 84: loss = 0.002900,	Top-1 err = 46.440000,	Top-5 err = 26.280000,	train_time = 1.367975
TRAIN Iter 85: loss = 0.002883,	Top-1 err = 48.960000,	Top-5 err = 28.000000,	train_time = 1.351906
TRAIN Iter 86: loss = 0.002864,	Top-1 err = 50.900000,	Top-5 err = 30.400000,	train_time = 1.318137
TRAIN Iter 87: loss = 0.002886,	Top-1 err = 51.720000,	Top-5 err = 31.940000,	train_time = 1.392516
TRAIN Iter 88: loss = 0.002790,	Top-1 err = 49.000000,	Top-5 err = 29.440000,	train_time = 1.374036
TRAIN Iter 89: loss = 0.002819,	Top-1 err = 48.840000,	Top-5 err = 28.540000,	train_time = 1.380569
TRAIN Iter 90: loss = 0.002787,	Top-1 err = 48.160000,	Top-5 err = 27.440000,	train_time = 1.461954
TRAIN Iter 91: loss = 0.002830,	Top-1 err = 50.320000,	Top-5 err = 30.380000,	train_time = 1.316629
TRAIN Iter 92: loss = 0.002780,	Top-1 err = 50.900000,	Top-5 err = 30.140000,	train_time = 1.282745
TRAIN Iter 93: loss = 0.002793,	Top-1 err = 50.700000,	Top-5 err = 29.600000,	train_time = 1.344500
TRAIN Iter 94: loss = 0.002759,	Top-1 err = 46.040000,	Top-5 err = 26.280000,	train_time = 1.387313
TRAIN Iter 95: loss = 0.002709,	Top-1 err = 48.400000,	Top-5 err = 28.100000,	train_time = 1.387435
TRAIN Iter 96: loss = 0.002756,	Top-1 err = 51.260000,	Top-5 err = 30.980000,	train_time = 1.300491
TRAIN Iter 97: loss = 0.002725,	Top-1 err = 49.600000,	Top-5 err = 29.260000,	train_time = 1.378307
TRAIN Iter 98: loss = 0.002668,	Top-1 err = 46.040000,	Top-5 err = 26.340000,	train_time = 1.330756
TRAIN Iter 99: loss = 0.002685,	Top-1 err = 49.100000,	Top-5 err = 27.620000,	train_time = 1.405183
TRAIN Iter 100: loss = 0.002690,	Top-1 err = 49.740000,	Top-5 err = 28.560000,	train_time = 1.347802
TRAIN Iter 101: loss = 0.002639,	Top-1 err = 46.420000,	Top-5 err = 26.740000,	train_time = 1.354471
TRAIN Iter 102: loss = 0.002608,	Top-1 err = 48.720000,	Top-5 err = 27.720000,	train_time = 1.334904
TRAIN Iter 103: loss = 0.002582,	Top-1 err = 49.560000,	Top-5 err = 27.940000,	train_time = 1.344232
TRAIN Iter 104: loss = 0.002635,	Top-1 err = 47.900000,	Top-5 err = 27.280000,	train_time = 1.317971
TRAIN Iter 105: loss = 0.002624,	Top-1 err = 48.540000,	Top-5 err = 28.840000,	train_time = 1.397068
TRAIN Iter 106: loss = 0.002519,	Top-1 err = 48.300000,	Top-5 err = 27.840000,	train_time = 1.320121
TRAIN Iter 107: loss = 0.002543,	Top-1 err = 45.080000,	Top-5 err = 25.180000,	train_time = 1.398860
TRAIN Iter 108: loss = 0.002575,	Top-1 err = 52.880000,	Top-5 err = 32.220000,	train_time = 1.337425
TRAIN Iter 109: loss = 0.002576,	Top-1 err = 50.020000,	Top-5 err = 30.140000,	train_time = 1.330107
TRAIN Iter 110: loss = 0.002557,	Top-1 err = 51.180000,	Top-5 err = 30.180000,	train_time = 1.358766
TRAIN Iter 111: loss = 0.002565,	Top-1 err = 48.840000,	Top-5 err = 30.200000,	train_time = 1.320254
TRAIN Iter 112: loss = 0.002567,	Top-1 err = 53.780000,	Top-5 err = 33.720000,	train_time = 1.346665
TRAIN Iter 113: loss = 0.002472,	Top-1 err = 46.940000,	Top-5 err = 26.860000,	train_time = 1.376459
TRAIN Iter 114: loss = 0.002475,	Top-1 err = 52.020000,	Top-5 err = 30.060000,	train_time = 1.426624
TRAIN Iter 115: loss = 0.002493,	Top-1 err = 47.520000,	Top-5 err = 28.240000,	train_time = 1.354018
TRAIN Iter 116: loss = 0.002521,	Top-1 err = 48.800000,	Top-5 err = 28.720000,	train_time = 1.362940
TRAIN Iter 117: loss = 0.002447,	Top-1 err = 45.920000,	Top-5 err = 26.340000,	train_time = 1.331345
TRAIN Iter 118: loss = 0.002435,	Top-1 err = 49.180000,	Top-5 err = 27.520000,	train_time = 1.309509
TRAIN Iter 119: loss = 0.002554,	Top-1 err = 50.380000,	Top-5 err = 30.560000,	train_time = 1.335179
TRAIN Iter 120: loss = 0.002507,	Top-1 err = 49.040000,	Top-5 err = 28.860000,	train_time = 1.273080
TRAIN Iter 121: loss = 0.002443,	Top-1 err = 49.940000,	Top-5 err = 29.840000,	train_time = 1.337190
TRAIN Iter 122: loss = 0.002468,	Top-1 err = 46.380000,	Top-5 err = 25.960000,	train_time = 1.380075
TRAIN Iter 123: loss = 0.002447,	Top-1 err = 46.620000,	Top-5 err = 27.540000,	train_time = 1.245275
TRAIN Iter 124: loss = 0.002461,	Top-1 err = 48.160000,	Top-5 err = 28.160000,	train_time = 1.392439
TRAIN Iter 125: loss = 0.002384,	Top-1 err = 42.860000,	Top-5 err = 23.880000,	train_time = 1.294694
TRAIN Iter 126: loss = 0.002435,	Top-1 err = 43.920000,	Top-5 err = 24.640000,	train_time = 1.350094
TRAIN Iter 127: loss = 0.002400,	Top-1 err = 49.060000,	Top-5 err = 28.940000,	train_time = 1.395533
TRAIN Iter 128: loss = 0.002401,	Top-1 err = 48.760000,	Top-5 err = 29.000000,	train_time = 1.393028
TRAIN Iter 129: loss = 0.002421,	Top-1 err = 49.360000,	Top-5 err = 29.240000,	train_time = 1.335081
TRAIN Iter 130: loss = 0.002410,	Top-1 err = 52.540000,	Top-5 err = 31.640000,	train_time = 1.401676
TRAIN Iter 131: loss = 0.002374,	Top-1 err = 46.100000,	Top-5 err = 26.800000,	train_time = 1.337919
TRAIN Iter 132: loss = 0.002384,	Top-1 err = 46.500000,	Top-5 err = 26.820000,	train_time = 1.247158
TRAIN Iter 133: loss = 0.002343,	Top-1 err = 46.660000,	Top-5 err = 28.240000,	train_time = 1.352586
TRAIN Iter 134: loss = 0.002360,	Top-1 err = 48.980000,	Top-5 err = 29.620000,	train_time = 1.451910
TRAIN Iter 135: loss = 0.002320,	Top-1 err = 48.480000,	Top-5 err = 30.100000,	train_time = 1.249510
TRAIN Iter 136: loss = 0.002332,	Top-1 err = 47.260000,	Top-5 err = 27.820000,	train_time = 1.415861
TRAIN Iter 137: loss = 0.002320,	Top-1 err = 50.900000,	Top-5 err = 31.000000,	train_time = 1.302547
TRAIN Iter 138: loss = 0.002373,	Top-1 err = 49.360000,	Top-5 err = 29.060000,	train_time = 1.316106
TRAIN Iter 139: loss = 0.002277,	Top-1 err = 45.560000,	Top-5 err = 25.580000,	train_time = 1.320351
TRAIN Iter 140: loss = 0.002292,	Top-1 err = 43.880000,	Top-5 err = 25.080000,	train_time = 1.337599
TRAIN Iter 141: loss = 0.002293,	Top-1 err = 48.000000,	Top-5 err = 27.920000,	train_time = 1.329418
TRAIN Iter 142: loss = 0.002314,	Top-1 err = 50.980000,	Top-5 err = 30.340000,	train_time = 1.431518
TRAIN Iter 143: loss = 0.002289,	Top-1 err = 46.280000,	Top-5 err = 27.120000,	train_time = 1.341362
TRAIN Iter 144: loss = 0.002290,	Top-1 err = 51.440000,	Top-5 err = 30.680000,	train_time = 1.378604
TRAIN Iter 145: loss = 0.002240,	Top-1 err = 48.920000,	Top-5 err = 29.660000,	train_time = 1.357509
TRAIN Iter 146: loss = 0.002258,	Top-1 err = 51.500000,	Top-5 err = 30.840000,	train_time = 1.270988
TRAIN Iter 147: loss = 0.002218,	Top-1 err = 46.020000,	Top-5 err = 25.520000,	train_time = 1.335173
TRAIN Iter 148: loss = 0.002256,	Top-1 err = 49.520000,	Top-5 err = 29.960000,	train_time = 1.388233
TRAIN Iter 149: loss = 0.002208,	Top-1 err = 50.460000,	Top-5 err = 28.760000,	train_time = 1.310621
TRAIN Iter 150: loss = 0.002201,	Top-1 err = 45.140000,	Top-5 err = 26.200000,	train_time = 1.318121
TRAIN Iter 151: loss = 0.002219,	Top-1 err = 49.860000,	Top-5 err = 30.180000,	train_time = 1.404267
TRAIN Iter 152: loss = 0.002156,	Top-1 err = 48.560000,	Top-5 err = 26.940000,	train_time = 1.348831
TRAIN Iter 153: loss = 0.002168,	Top-1 err = 46.420000,	Top-5 err = 26.300000,	train_time = 1.396148
TRAIN Iter 154: loss = 0.002185,	Top-1 err = 47.100000,	Top-5 err = 28.460000,	train_time = 1.317112
TRAIN Iter 155: loss = 0.002172,	Top-1 err = 47.540000,	Top-5 err = 27.700000,	train_time = 1.298802
TRAIN Iter 156: loss = 0.002193,	Top-1 err = 48.500000,	Top-5 err = 27.420000,	train_time = 1.369308
TRAIN Iter 157: loss = 0.002164,	Top-1 err = 49.040000,	Top-5 err = 28.560000,	train_time = 1.370315
TRAIN Iter 158: loss = 0.002131,	Top-1 err = 48.980000,	Top-5 err = 28.660000,	train_time = 1.317617
TRAIN Iter 159: loss = 0.002150,	Top-1 err = 48.880000,	Top-5 err = 29.340000,	train_time = 1.332778
TRAIN Iter 160: loss = 0.002198,	Top-1 err = 49.140000,	Top-5 err = 28.940000,	train_time = 1.371983
TRAIN Iter 161: loss = 0.002119,	Top-1 err = 46.600000,	Top-5 err = 26.860000,	train_time = 1.444435
TRAIN Iter 162: loss = 0.002135,	Top-1 err = 47.980000,	Top-5 err = 27.760000,	train_time = 1.342071
TRAIN Iter 163: loss = 0.002101,	Top-1 err = 47.660000,	Top-5 err = 27.500000,	train_time = 1.360706
TRAIN Iter 164: loss = 0.002104,	Top-1 err = 45.560000,	Top-5 err = 25.300000,	train_time = 1.347686
TRAIN Iter 165: loss = 0.002100,	Top-1 err = 48.120000,	Top-5 err = 27.700000,	train_time = 1.302052
TRAIN Iter 166: loss = 0.002093,	Top-1 err = 50.120000,	Top-5 err = 29.840000,	train_time = 1.415736
TRAIN Iter 167: loss = 0.002060,	Top-1 err = 44.220000,	Top-5 err = 24.300000,	train_time = 1.381116
TRAIN Iter 168: loss = 0.002057,	Top-1 err = 47.860000,	Top-5 err = 27.140000,	train_time = 1.378217
TRAIN Iter 169: loss = 0.002085,	Top-1 err = 50.740000,	Top-5 err = 30.780000,	train_time = 1.365527
TRAIN Iter 170: loss = 0.002042,	Top-1 err = 45.480000,	Top-5 err = 25.240000,	train_time = 1.271814
TRAIN Iter 171: loss = 0.002046,	Top-1 err = 49.080000,	Top-5 err = 28.640000,	train_time = 1.349725
TRAIN Iter 172: loss = 0.002036,	Top-1 err = 49.100000,	Top-5 err = 29.720000,	train_time = 1.367254
TRAIN Iter 173: loss = 0.002059,	Top-1 err = 48.340000,	Top-5 err = 28.800000,	train_time = 1.375023
TRAIN Iter 174: loss = 0.002011,	Top-1 err = 45.620000,	Top-5 err = 26.300000,	train_time = 1.363780
TRAIN Iter 175: loss = 0.002026,	Top-1 err = 49.840000,	Top-5 err = 29.280000,	train_time = 1.404917
TRAIN Iter 176: loss = 0.002012,	Top-1 err = 48.180000,	Top-5 err = 27.860000,	train_time = 1.397453
TRAIN Iter 177: loss = 0.002044,	Top-1 err = 45.820000,	Top-5 err = 26.540000,	train_time = 1.400196
TRAIN Iter 178: loss = 0.002012,	Top-1 err = 45.960000,	Top-5 err = 26.480000,	train_time = 1.377571
TRAIN Iter 179: loss = 0.001996,	Top-1 err = 49.920000,	Top-5 err = 29.080000,	train_time = 1.302307
TRAIN Iter 180: loss = 0.002020,	Top-1 err = 47.280000,	Top-5 err = 28.940000,	train_time = 1.288738
TRAIN Iter 181: loss = 0.001979,	Top-1 err = 45.960000,	Top-5 err = 26.160000,	train_time = 1.348824
TRAIN Iter 182: loss = 0.001990,	Top-1 err = 45.280000,	Top-5 err = 25.420000,	train_time = 1.316438
TRAIN Iter 183: loss = 0.001995,	Top-1 err = 47.020000,	Top-5 err = 27.180000,	train_time = 1.346853
TRAIN Iter 184: loss = 0.001967,	Top-1 err = 52.100000,	Top-5 err = 31.240000,	train_time = 1.438567
TRAIN Iter 185: loss = 0.002011,	Top-1 err = 46.920000,	Top-5 err = 28.100000,	train_time = 1.331322
TRAIN Iter 186: loss = 0.001952,	Top-1 err = 49.100000,	Top-5 err = 29.480000,	train_time = 1.349952
TRAIN Iter 187: loss = 0.001945,	Top-1 err = 46.580000,	Top-5 err = 25.560000,	train_time = 1.366727
TRAIN Iter 188: loss = 0.001945,	Top-1 err = 47.160000,	Top-5 err = 27.820000,	train_time = 1.397136
TRAIN Iter 189: loss = 0.001966,	Top-1 err = 47.100000,	Top-5 err = 27.540000,	train_time = 1.391150
TRAIN Iter 190: loss = 0.001906,	Top-1 err = 47.000000,	Top-5 err = 28.340000,	train_time = 1.355833
TRAIN Iter 191: loss = 0.001932,	Top-1 err = 46.780000,	Top-5 err = 27.960000,	train_time = 1.385403
TRAIN Iter 192: loss = 0.001880,	Top-1 err = 44.260000,	Top-5 err = 26.160000,	train_time = 1.285718
TRAIN Iter 193: loss = 0.001908,	Top-1 err = 48.940000,	Top-5 err = 28.340000,	train_time = 1.317194
TRAIN Iter 194: loss = 0.001874,	Top-1 err = 47.560000,	Top-5 err = 27.860000,	train_time = 1.336337
TRAIN Iter 195: loss = 0.001943,	Top-1 err = 49.040000,	Top-5 err = 29.820000,	train_time = 1.347536
TRAIN Iter 196: loss = 0.001910,	Top-1 err = 50.920000,	Top-5 err = 29.560000,	train_time = 1.327718
TRAIN Iter 197: loss = 0.001942,	Top-1 err = 49.780000,	Top-5 err = 30.200000,	train_time = 1.387632
TRAIN Iter 198: loss = 0.001889,	Top-1 err = 45.260000,	Top-5 err = 26.000000,	train_time = 1.271087
TRAIN Iter 199: loss = 0.001883,	Top-1 err = 47.420000,	Top-5 err = 27.960000,	train_time = 1.380287
TRAIN Iter 200: loss = 0.001873,	Top-1 err = 49.940000,	Top-5 err = 30.180000,	train_time = 1.389058
TRAIN Iter 201: loss = 0.001852,	Top-1 err = 49.340000,	Top-5 err = 29.200000,	train_time = 1.321270
TRAIN Iter 202: loss = 0.001835,	Top-1 err = 50.160000,	Top-5 err = 29.820000,	train_time = 1.296279
TRAIN Iter 203: loss = 0.001815,	Top-1 err = 45.040000,	Top-5 err = 24.740000,	train_time = 1.396407
TRAIN Iter 204: loss = 0.001867,	Top-1 err = 46.720000,	Top-5 err = 25.820000,	train_time = 1.291405
TRAIN Iter 205: loss = 0.001844,	Top-1 err = 52.900000,	Top-5 err = 32.600000,	train_time = 1.325896
TRAIN Iter 206: loss = 0.001854,	Top-1 err = 48.860000,	Top-5 err = 29.120000,	train_time = 1.340456
TRAIN Iter 207: loss = 0.001893,	Top-1 err = 48.980000,	Top-5 err = 30.360000,	train_time = 1.348154
TRAIN Iter 208: loss = 0.001826,	Top-1 err = 48.680000,	Top-5 err = 28.940000,	train_time = 1.342509
TRAIN Iter 209: loss = 0.001813,	Top-1 err = 46.740000,	Top-5 err = 26.520000,	train_time = 1.338179
TRAIN Iter 210: loss = 0.001839,	Top-1 err = 47.700000,	Top-5 err = 28.340000,	train_time = 1.403975
TRAIN Iter 211: loss = 0.001787,	Top-1 err = 46.300000,	Top-5 err = 26.960000,	train_time = 1.386882
TRAIN Iter 212: loss = 0.001822,	Top-1 err = 46.800000,	Top-5 err = 27.800000,	train_time = 1.294685
TRAIN Iter 213: loss = 0.001801,	Top-1 err = 44.800000,	Top-5 err = 25.640000,	train_time = 1.348366
TRAIN Iter 214: loss = 0.001808,	Top-1 err = 51.780000,	Top-5 err = 32.000000,	train_time = 1.370740
TRAIN Iter 215: loss = 0.001793,	Top-1 err = 47.240000,	Top-5 err = 27.700000,	train_time = 1.342476
TRAIN Iter 216: loss = 0.001795,	Top-1 err = 49.100000,	Top-5 err = 28.980000,	train_time = 1.321608
TRAIN Iter 217: loss = 0.001808,	Top-1 err = 44.040000,	Top-5 err = 24.680000,	train_time = 1.418770
TRAIN Iter 218: loss = 0.001807,	Top-1 err = 47.100000,	Top-5 err = 28.620000,	train_time = 1.359507
TRAIN Iter 219: loss = 0.001791,	Top-1 err = 50.660000,	Top-5 err = 30.100000,	train_time = 1.388266
TRAIN Iter 220: loss = 0.001754,	Top-1 err = 47.580000,	Top-5 err = 29.140000,	train_time = 1.366896
TRAIN Iter 221: loss = 0.001752,	Top-1 err = 46.660000,	Top-5 err = 27.640000,	train_time = 1.326214
TRAIN Iter 222: loss = 0.001745,	Top-1 err = 48.940000,	Top-5 err = 30.300000,	train_time = 1.336444
TRAIN Iter 223: loss = 0.001772,	Top-1 err = 49.140000,	Top-5 err = 29.320000,	train_time = 1.420099
TRAIN Iter 224: loss = 0.001762,	Top-1 err = 49.560000,	Top-5 err = 28.200000,	train_time = 1.352088
TRAIN Iter 225: loss = 0.001758,	Top-1 err = 44.940000,	Top-5 err = 26.500000,	train_time = 1.352569
TRAIN Iter 226: loss = 0.001737,	Top-1 err = 47.380000,	Top-5 err = 27.880000,	train_time = 1.304723
TRAIN Iter 227: loss = 0.001755,	Top-1 err = 50.560000,	Top-5 err = 29.800000,	train_time = 1.375164
TRAIN Iter 228: loss = 0.001749,	Top-1 err = 46.920000,	Top-5 err = 26.620000,	train_time = 1.367918
TRAIN Iter 229: loss = 0.001727,	Top-1 err = 49.720000,	Top-5 err = 29.380000,	train_time = 1.388909
TRAIN Iter 230: loss = 0.001711,	Top-1 err = 45.020000,	Top-5 err = 25.100000,	train_time = 1.358113
TRAIN Iter 231: loss = 0.001722,	Top-1 err = 46.820000,	Top-5 err = 26.600000,	train_time = 1.348382
TRAIN Iter 232: loss = 0.001661,	Top-1 err = 48.540000,	Top-5 err = 27.880000,	train_time = 1.380871
TRAIN Iter 233: loss = 0.001664,	Top-1 err = 44.580000,	Top-5 err = 25.280000,	train_time = 1.377692
TRAIN Iter 234: loss = 0.001663,	Top-1 err = 47.780000,	Top-5 err = 27.060000,	train_time = 1.371327
TRAIN Iter 235: loss = 0.001680,	Top-1 err = 46.280000,	Top-5 err = 25.960000,	train_time = 1.353339
TRAIN Iter 236: loss = 0.001689,	Top-1 err = 49.820000,	Top-5 err = 30.720000,	train_time = 1.358389
TRAIN Iter 237: loss = 0.001667,	Top-1 err = 50.580000,	Top-5 err = 29.880000,	train_time = 1.383363
TRAIN Iter 238: loss = 0.001672,	Top-1 err = 50.200000,	Top-5 err = 30.120000,	train_time = 1.372654
TRAIN Iter 239: loss = 0.001658,	Top-1 err = 50.220000,	Top-5 err = 29.740000,	train_time = 1.375082
TRAIN Iter 240: loss = 0.001678,	Top-1 err = 43.840000,	Top-5 err = 25.040000,	train_time = 1.317399
TRAIN Iter 241: loss = 0.001657,	Top-1 err = 47.980000,	Top-5 err = 28.440000,	train_time = 1.393447
TRAIN Iter 242: loss = 0.001634,	Top-1 err = 46.640000,	Top-5 err = 25.420000,	train_time = 1.348074
TRAIN Iter 243: loss = 0.001636,	Top-1 err = 47.140000,	Top-5 err = 28.300000,	train_time = 1.380389
TRAIN Iter 244: loss = 0.001663,	Top-1 err = 48.400000,	Top-5 err = 28.360000,	train_time = 1.295917
TRAIN Iter 245: loss = 0.001674,	Top-1 err = 48.420000,	Top-5 err = 28.320000,	train_time = 1.344195
TRAIN Iter 246: loss = 0.001645,	Top-1 err = 44.120000,	Top-5 err = 26.000000,	train_time = 1.343570
TRAIN Iter 247: loss = 0.001664,	Top-1 err = 50.740000,	Top-5 err = 30.260000,	train_time = 1.344809
TRAIN Iter 248: loss = 0.001624,	Top-1 err = 42.240000,	Top-5 err = 23.560000,	train_time = 1.225840
TRAIN Iter 249: loss = 0.001621,	Top-1 err = 47.340000,	Top-5 err = 28.020000,	train_time = 1.322900
TEST:
Iter 249: loss = 1.694700,	Top-1 err = 43.290000,	Top-5 err = 16.550000,	val_time = 0.724209
TRAIN Iter 250: loss = 0.001639,	Top-1 err = 46.860000,	Top-5 err = 26.180000,	train_time = 1.345576
TRAIN Iter 251: loss = 0.001609,	Top-1 err = 47.820000,	Top-5 err = 27.520000,	train_time = 1.307692
TRAIN Iter 252: loss = 0.001593,	Top-1 err = 51.040000,	Top-5 err = 30.660000,	train_time = 1.371517
TRAIN Iter 253: loss = 0.001598,	Top-1 err = 45.980000,	Top-5 err = 26.520000,	train_time = 1.318395
TRAIN Iter 254: loss = 0.001627,	Top-1 err = 50.360000,	Top-5 err = 29.540000,	train_time = 1.340305
TRAIN Iter 255: loss = 0.001608,	Top-1 err = 47.040000,	Top-5 err = 26.440000,	train_time = 1.347887
TRAIN Iter 256: loss = 0.001612,	Top-1 err = 48.620000,	Top-5 err = 29.260000,	train_time = 1.321247
TRAIN Iter 257: loss = 0.001624,	Top-1 err = 46.900000,	Top-5 err = 27.100000,	train_time = 1.308000
TRAIN Iter 258: loss = 0.001577,	Top-1 err = 44.780000,	Top-5 err = 25.720000,	train_time = 1.331761
TRAIN Iter 259: loss = 0.001615,	Top-1 err = 49.480000,	Top-5 err = 29.780000,	train_time = 1.323628
TEST:
Iter 259: loss = 1.729724,	Top-1 err = 43.360000,	Top-5 err = 16.770000,	val_time = 0.813858
TRAIN Iter 260: loss = 0.001619,	Top-1 err = 44.140000,	Top-5 err = 24.220000,	train_time = 1.314658
TRAIN Iter 261: loss = 0.001572,	Top-1 err = 47.720000,	Top-5 err = 28.600000,	train_time = 1.369533
TRAIN Iter 262: loss = 0.001611,	Top-1 err = 51.960000,	Top-5 err = 31.980000,	train_time = 1.382572
TRAIN Iter 263: loss = 0.001583,	Top-1 err = 47.620000,	Top-5 err = 27.720000,	train_time = 1.408814
TRAIN Iter 264: loss = 0.001567,	Top-1 err = 44.740000,	Top-5 err = 25.680000,	train_time = 1.302647
TRAIN Iter 265: loss = 0.001563,	Top-1 err = 47.140000,	Top-5 err = 26.680000,	train_time = 1.356271
TRAIN Iter 266: loss = 0.001547,	Top-1 err = 45.420000,	Top-5 err = 25.420000,	train_time = 1.395262
TRAIN Iter 267: loss = 0.001572,	Top-1 err = 48.080000,	Top-5 err = 28.100000,	train_time = 1.282360
TRAIN Iter 268: loss = 0.001561,	Top-1 err = 47.200000,	Top-5 err = 28.340000,	train_time = 1.362468
TRAIN Iter 269: loss = 0.001546,	Top-1 err = 46.240000,	Top-5 err = 26.320000,	train_time = 1.326257
TEST:
Iter 269: loss = 1.731590,	Top-1 err = 43.280000,	Top-5 err = 16.640000,	val_time = 0.685715
TRAIN Iter 270: loss = 0.001529,	Top-1 err = 45.200000,	Top-5 err = 26.080000,	train_time = 1.260265
TRAIN Iter 271: loss = 0.001548,	Top-1 err = 46.860000,	Top-5 err = 28.460000,	train_time = 1.303289
TRAIN Iter 272: loss = 0.001556,	Top-1 err = 50.660000,	Top-5 err = 30.840000,	train_time = 1.412359
TRAIN Iter 273: loss = 0.001542,	Top-1 err = 46.720000,	Top-5 err = 27.880000,	train_time = 1.374786
TRAIN Iter 274: loss = 0.001559,	Top-1 err = 45.040000,	Top-5 err = 26.400000,	train_time = 1.434562
TRAIN Iter 275: loss = 0.001504,	Top-1 err = 49.480000,	Top-5 err = 29.880000,	train_time = 1.361084
TRAIN Iter 276: loss = 0.001502,	Top-1 err = 47.880000,	Top-5 err = 28.820000,	train_time = 1.384993
TRAIN Iter 277: loss = 0.001528,	Top-1 err = 45.960000,	Top-5 err = 25.720000,	train_time = 1.325101
TRAIN Iter 278: loss = 0.001511,	Top-1 err = 47.940000,	Top-5 err = 28.500000,	train_time = 1.206378
TRAIN Iter 279: loss = 0.001499,	Top-1 err = 47.820000,	Top-5 err = 28.720000,	train_time = 1.449134
TEST:
Iter 279: loss = 1.699743,	Top-1 err = 42.840000,	Top-5 err = 16.410000,	val_time = 0.807176
TRAIN Iter 280: loss = 0.001569,	Top-1 err = 48.360000,	Top-5 err = 28.360000,	train_time = 1.350211
TRAIN Iter 281: loss = 0.001528,	Top-1 err = 46.500000,	Top-5 err = 26.860000,	train_time = 1.330274
TRAIN Iter 282: loss = 0.001484,	Top-1 err = 53.060000,	Top-5 err = 33.100000,	train_time = 1.456238
TRAIN Iter 283: loss = 0.001494,	Top-1 err = 47.900000,	Top-5 err = 28.200000,	train_time = 1.421346
TRAIN Iter 284: loss = 0.001480,	Top-1 err = 46.700000,	Top-5 err = 28.020000,	train_time = 1.432482
TRAIN Iter 285: loss = 0.001476,	Top-1 err = 45.980000,	Top-5 err = 25.740000,	train_time = 1.352201
TRAIN Iter 286: loss = 0.001471,	Top-1 err = 47.220000,	Top-5 err = 27.800000,	train_time = 1.375133
TRAIN Iter 287: loss = 0.001484,	Top-1 err = 51.820000,	Top-5 err = 32.280000,	train_time = 1.166845
TRAIN Iter 288: loss = 0.001477,	Top-1 err = 46.260000,	Top-5 err = 28.120000,	train_time = 1.342497
TRAIN Iter 289: loss = 0.001479,	Top-1 err = 50.120000,	Top-5 err = 29.800000,	train_time = 1.366600
TEST:
Iter 289: loss = 1.681895,	Top-1 err = 42.440000,	Top-5 err = 16.140000,	val_time = 0.767244
TRAIN Iter 290: loss = 0.001508,	Top-1 err = 47.920000,	Top-5 err = 28.980000,	train_time = 1.360880
TRAIN Iter 291: loss = 0.001476,	Top-1 err = 48.140000,	Top-5 err = 28.000000,	train_time = 1.293669
TRAIN Iter 292: loss = 0.001445,	Top-1 err = 44.800000,	Top-5 err = 26.720000,	train_time = 1.373514
TRAIN Iter 293: loss = 0.001450,	Top-1 err = 47.980000,	Top-5 err = 29.320000,	train_time = 1.385880
TRAIN Iter 294: loss = 0.001466,	Top-1 err = 46.000000,	Top-5 err = 27.380000,	train_time = 1.334114
TRAIN Iter 295: loss = 0.001501,	Top-1 err = 46.980000,	Top-5 err = 27.960000,	train_time = 1.366744
TRAIN Iter 296: loss = 0.001457,	Top-1 err = 45.880000,	Top-5 err = 26.200000,	train_time = 1.395209
TRAIN Iter 297: loss = 0.001451,	Top-1 err = 42.980000,	Top-5 err = 23.880000,	train_time = 1.336285
TRAIN Iter 298: loss = 0.001509,	Top-1 err = 49.800000,	Top-5 err = 31.980000,	train_time = 1.333938
TRAIN Iter 299: loss = 0.001446,	Top-1 err = 46.040000,	Top-5 err = 27.460000,	train_time = 1.296335
TEST:
Iter 299: loss = 1.698158,	Top-1 err = 42.780000,	Top-5 err = 16.460000,	val_time = 0.791976
Train Finish! Best accuracy is 57.56@289
