/home/dvspanos/miniconda3/envs/rded/lib/python3.10/site-packages/torchvision/models/_utils.py:208: UserWarning: The parameter 'pretrained' is deprecated since 0.13 and may be removed in the future, please use 'weights' instead.
  warnings.warn(
/home/dvspanos/miniconda3/envs/rded/lib/python3.10/site-packages/torchvision/models/_utils.py:223: UserWarning: Arguments other than a weight enum or `None` for 'weights' are deprecated since 0.13 and may be removed in the future. The current behavior is equivalent to passing `weights=None`.
  warnings.warn(msg)
=> using pytorch pre-trained teacher model 'resnet18_modified'
process data from /home/dvspanos/nikos/ca2d/artifacts/sets/bench_cifar100_rn18_sharp2d_ipc50
load data successfully
TRAIN Iter 0: loss = 0.013571,	Top-1 err = 97.000000,	Top-5 err = 88.120000,	train_time = 10.740048
TRAIN Iter 1: loss = 0.012641,	Top-1 err = 95.560000,	Top-5 err = 81.720000,	train_time = 7.981671
TRAIN Iter 2: loss = 0.012693,	Top-1 err = 92.440000,	Top-5 err = 77.460000,	train_time = 7.980625
TRAIN Iter 3: loss = 0.011613,	Top-1 err = 92.880000,	Top-5 err = 75.600000,	train_time = 7.964928
TRAIN Iter 4: loss = 0.011138,	Top-1 err = 92.140000,	Top-5 err = 73.680000,	train_time = 7.964192
TRAIN Iter 5: loss = 0.010385,	Top-1 err = 89.680000,	Top-5 err = 69.900000,	train_time = 7.962233
TRAIN Iter 6: loss = 0.010417,	Top-1 err = 89.640000,	Top-5 err = 69.220000,	train_time = 7.957691
TRAIN Iter 7: loss = 0.010999,	Top-1 err = 86.100000,	Top-5 err = 63.140000,	train_time = 8.017042
TRAIN Iter 8: loss = 0.009541,	Top-1 err = 86.420000,	Top-5 err = 67.380000,	train_time = 7.960918
TRAIN Iter 9: loss = 0.010236,	Top-1 err = 82.380000,	Top-5 err = 58.260000,	train_time = 7.974311
TRAIN Iter 10: loss = 0.008873,	Top-1 err = 86.540000,	Top-5 err = 65.360000,	train_time = 7.970942
TRAIN Iter 11: loss = 0.008561,	Top-1 err = 85.120000,	Top-5 err = 63.860000,	train_time = 7.952298
TRAIN Iter 12: loss = 0.008475,	Top-1 err = 83.000000,	Top-5 err = 59.440000,	train_time = 7.967074
TRAIN Iter 13: loss = 0.008287,	Top-1 err = 81.440000,	Top-5 err = 57.100000,	train_time = 7.958359
TRAIN Iter 14: loss = 0.008209,	Top-1 err = 81.860000,	Top-5 err = 59.120000,	train_time = 7.962391
TRAIN Iter 15: loss = 0.008157,	Top-1 err = 80.820000,	Top-5 err = 57.980000,	train_time = 7.957905
TRAIN Iter 16: loss = 0.007875,	Top-1 err = 79.140000,	Top-5 err = 57.020000,	train_time = 7.967362
TRAIN Iter 17: loss = 0.007963,	Top-1 err = 77.400000,	Top-5 err = 53.060000,	train_time = 7.978710
TRAIN Iter 18: loss = 0.007651,	Top-1 err = 76.820000,	Top-5 err = 51.860000,	train_time = 7.972881
TRAIN Iter 19: loss = 0.007436,	Top-1 err = 70.780000,	Top-5 err = 44.000000,	train_time = 7.974087
TRAIN Iter 20: loss = 0.007525,	Top-1 err = 72.880000,	Top-5 err = 47.320000,	train_time = 7.970170
TRAIN Iter 21: loss = 0.007406,	Top-1 err = 76.680000,	Top-5 err = 52.740000,	train_time = 7.964345
TRAIN Iter 22: loss = 0.007031,	Top-1 err = 75.040000,	Top-5 err = 50.600000,	train_time = 7.957909
TRAIN Iter 23: loss = 0.007035,	Top-1 err = 75.000000,	Top-5 err = 51.080000,	train_time = 7.956171
TRAIN Iter 24: loss = 0.006422,	Top-1 err = 70.560000,	Top-5 err = 44.680000,	train_time = 7.973263
TRAIN Iter 25: loss = 0.006889,	Top-1 err = 65.400000,	Top-5 err = 39.380000,	train_time = 7.955948
TRAIN Iter 26: loss = 0.006656,	Top-1 err = 71.540000,	Top-5 err = 46.680000,	train_time = 7.953509
TRAIN Iter 27: loss = 0.006369,	Top-1 err = 69.440000,	Top-5 err = 44.680000,	train_time = 7.963935
TRAIN Iter 28: loss = 0.006292,	Top-1 err = 65.500000,	Top-5 err = 40.000000,	train_time = 7.989034
TRAIN Iter 29: loss = 0.005962,	Top-1 err = 74.040000,	Top-5 err = 49.960000,	train_time = 7.975501
TRAIN Iter 30: loss = 0.006501,	Top-1 err = 68.040000,	Top-5 err = 44.360000,	train_time = 7.965005
TRAIN Iter 31: loss = 0.006320,	Top-1 err = 69.780000,	Top-5 err = 46.380000,	train_time = 7.957729
TRAIN Iter 32: loss = 0.005632,	Top-1 err = 68.680000,	Top-5 err = 42.700000,	train_time = 7.951045
TRAIN Iter 33: loss = 0.005973,	Top-1 err = 69.000000,	Top-5 err = 45.200000,	train_time = 7.957032
TRAIN Iter 34: loss = 0.005684,	Top-1 err = 65.920000,	Top-5 err = 40.960000,	train_time = 7.969021
TRAIN Iter 35: loss = 0.005409,	Top-1 err = 68.200000,	Top-5 err = 42.580000,	train_time = 7.952922
TRAIN Iter 36: loss = 0.005566,	Top-1 err = 70.300000,	Top-5 err = 47.360000,	train_time = 7.970531
TRAIN Iter 37: loss = 0.005488,	Top-1 err = 61.520000,	Top-5 err = 37.340000,	train_time = 7.956871
TRAIN Iter 38: loss = 0.005911,	Top-1 err = 62.740000,	Top-5 err = 41.520000,	train_time = 7.970395
TRAIN Iter 39: loss = 0.005374,	Top-1 err = 67.740000,	Top-5 err = 45.220000,	train_time = 7.951967
TRAIN Iter 40: loss = 0.005635,	Top-1 err = 64.360000,	Top-5 err = 40.620000,	train_time = 7.974116
TRAIN Iter 41: loss = 0.005241,	Top-1 err = 59.060000,	Top-5 err = 34.040000,	train_time = 7.958914
TRAIN Iter 42: loss = 0.005081,	Top-1 err = 68.240000,	Top-5 err = 44.720000,	train_time = 7.952847
TRAIN Iter 43: loss = 0.005079,	Top-1 err = 67.360000,	Top-5 err = 44.460000,	train_time = 7.960415
TRAIN Iter 44: loss = 0.005210,	Top-1 err = 53.340000,	Top-5 err = 29.080000,	train_time = 7.955742
TRAIN Iter 45: loss = 0.004859,	Top-1 err = 66.580000,	Top-5 err = 44.100000,	train_time = 7.962024
TRAIN Iter 46: loss = 0.005023,	Top-1 err = 54.200000,	Top-5 err = 32.820000,	train_time = 7.971519
TRAIN Iter 47: loss = 0.005028,	Top-1 err = 53.360000,	Top-5 err = 29.380000,	train_time = 7.963207
TRAIN Iter 48: loss = 0.004844,	Top-1 err = 60.980000,	Top-5 err = 38.140000,	train_time = 7.979918
TRAIN Iter 49: loss = 0.004805,	Top-1 err = 61.000000,	Top-5 err = 39.400000,	train_time = 7.955718
TRAIN Iter 50: loss = 0.004901,	Top-1 err = 56.880000,	Top-5 err = 36.000000,	train_time = 7.973396
TRAIN Iter 51: loss = 0.004793,	Top-1 err = 66.280000,	Top-5 err = 43.560000,	train_time = 7.962475
TRAIN Iter 52: loss = 0.004730,	Top-1 err = 60.500000,	Top-5 err = 39.080000,	train_time = 7.941153
TRAIN Iter 53: loss = 0.004608,	Top-1 err = 56.160000,	Top-5 err = 33.720000,	train_time = 7.991409
TRAIN Iter 54: loss = 0.004648,	Top-1 err = 51.800000,	Top-5 err = 27.880000,	train_time = 7.973814
TRAIN Iter 55: loss = 0.004632,	Top-1 err = 62.380000,	Top-5 err = 42.340000,	train_time = 7.974474
TRAIN Iter 56: loss = 0.004415,	Top-1 err = 56.180000,	Top-5 err = 34.300000,	train_time = 7.967171
TRAIN Iter 57: loss = 0.004489,	Top-1 err = 55.480000,	Top-5 err = 34.060000,	train_time = 7.962718
TRAIN Iter 58: loss = 0.004300,	Top-1 err = 55.760000,	Top-5 err = 32.200000,	train_time = 7.977018
TRAIN Iter 59: loss = 0.004263,	Top-1 err = 62.380000,	Top-5 err = 40.760000,	train_time = 7.982654
TRAIN Iter 60: loss = 0.004234,	Top-1 err = 56.900000,	Top-5 err = 34.180000,	train_time = 7.971092
TRAIN Iter 61: loss = 0.004204,	Top-1 err = 58.880000,	Top-5 err = 36.740000,	train_time = 7.974746
TRAIN Iter 62: loss = 0.004250,	Top-1 err = 54.720000,	Top-5 err = 32.280000,	train_time = 7.944792
TRAIN Iter 63: loss = 0.004198,	Top-1 err = 47.240000,	Top-5 err = 26.000000,	train_time = 7.946703
TRAIN Iter 64: loss = 0.004134,	Top-1 err = 59.740000,	Top-5 err = 38.220000,	train_time = 7.964363
TRAIN Iter 65: loss = 0.004137,	Top-1 err = 54.900000,	Top-5 err = 35.140000,	train_time = 7.964572
TRAIN Iter 66: loss = 0.004112,	Top-1 err = 48.580000,	Top-5 err = 28.420000,	train_time = 7.977302
TRAIN Iter 67: loss = 0.004152,	Top-1 err = 53.840000,	Top-5 err = 32.000000,	train_time = 7.978794
TRAIN Iter 68: loss = 0.003972,	Top-1 err = 66.000000,	Top-5 err = 44.980000,	train_time = 7.969990
TRAIN Iter 69: loss = 0.004009,	Top-1 err = 63.740000,	Top-5 err = 43.640000,	train_time = 8.000793
TRAIN Iter 70: loss = 0.003947,	Top-1 err = 55.260000,	Top-5 err = 32.980000,	train_time = 7.953513
TRAIN Iter 71: loss = 0.003923,	Top-1 err = 61.800000,	Top-5 err = 38.720000,	train_time = 7.992240
TRAIN Iter 72: loss = 0.003936,	Top-1 err = 57.000000,	Top-5 err = 36.760000,	train_time = 7.974850
TRAIN Iter 73: loss = 0.003951,	Top-1 err = 54.900000,	Top-5 err = 33.820000,	train_time = 7.973517
TRAIN Iter 74: loss = 0.003982,	Top-1 err = 59.040000,	Top-5 err = 38.400000,	train_time = 7.973485
TRAIN Iter 75: loss = 0.003823,	Top-1 err = 55.060000,	Top-5 err = 33.180000,	train_time = 7.959686
TRAIN Iter 76: loss = 0.003892,	Top-1 err = 57.280000,	Top-5 err = 37.740000,	train_time = 7.972965
TRAIN Iter 77: loss = 0.003852,	Top-1 err = 56.500000,	Top-5 err = 37.040000,	train_time = 7.948321
TRAIN Iter 78: loss = 0.003802,	Top-1 err = 67.740000,	Top-5 err = 48.820000,	train_time = 7.956012
TRAIN Iter 79: loss = 0.003644,	Top-1 err = 64.480000,	Top-5 err = 42.400000,	train_time = 7.983692
TRAIN Iter 80: loss = 0.003856,	Top-1 err = 57.420000,	Top-5 err = 39.180000,	train_time = 7.945958
TRAIN Iter 81: loss = 0.003858,	Top-1 err = 51.980000,	Top-5 err = 29.800000,	train_time = 7.975048
TRAIN Iter 82: loss = 0.003656,	Top-1 err = 53.520000,	Top-5 err = 32.800000,	train_time = 7.966628
TRAIN Iter 83: loss = 0.003800,	Top-1 err = 68.500000,	Top-5 err = 49.760000,	train_time = 7.964060
TRAIN Iter 84: loss = 0.003692,	Top-1 err = 55.520000,	Top-5 err = 34.480000,	train_time = 7.964630
TRAIN Iter 85: loss = 0.003604,	Top-1 err = 52.400000,	Top-5 err = 31.580000,	train_time = 7.970923
TRAIN Iter 86: loss = 0.003657,	Top-1 err = 56.140000,	Top-5 err = 37.560000,	train_time = 7.984796
TRAIN Iter 87: loss = 0.003567,	Top-1 err = 46.860000,	Top-5 err = 26.280000,	train_time = 7.957501
TRAIN Iter 88: loss = 0.003578,	Top-1 err = 44.080000,	Top-5 err = 24.080000,	train_time = 7.964476
TRAIN Iter 89: loss = 0.003614,	Top-1 err = 59.460000,	Top-5 err = 37.260000,	train_time = 7.971704
TRAIN Iter 90: loss = 0.003686,	Top-1 err = 53.700000,	Top-5 err = 32.900000,	train_time = 7.946862
TRAIN Iter 91: loss = 0.003577,	Top-1 err = 53.980000,	Top-5 err = 32.460000,	train_time = 7.952330
TRAIN Iter 92: loss = 0.003530,	Top-1 err = 45.240000,	Top-5 err = 25.300000,	train_time = 7.958225
TRAIN Iter 93: loss = 0.003521,	Top-1 err = 52.280000,	Top-5 err = 35.740000,	train_time = 7.976556
TRAIN Iter 94: loss = 0.003464,	Top-1 err = 55.840000,	Top-5 err = 35.820000,	train_time = 7.974018
TRAIN Iter 95: loss = 0.003445,	Top-1 err = 50.240000,	Top-5 err = 28.160000,	train_time = 7.969270
TRAIN Iter 96: loss = 0.003411,	Top-1 err = 54.500000,	Top-5 err = 31.520000,	train_time = 7.962058
TRAIN Iter 97: loss = 0.003364,	Top-1 err = 51.820000,	Top-5 err = 32.420000,	train_time = 7.973201
TRAIN Iter 98: loss = 0.003303,	Top-1 err = 46.980000,	Top-5 err = 27.280000,	train_time = 7.964976
TRAIN Iter 99: loss = 0.003293,	Top-1 err = 58.480000,	Top-5 err = 36.140000,	train_time = 7.969348
TRAIN Iter 100: loss = 0.003307,	Top-1 err = 53.580000,	Top-5 err = 32.440000,	train_time = 7.970273
TRAIN Iter 101: loss = 0.003363,	Top-1 err = 56.520000,	Top-5 err = 35.100000,	train_time = 7.972028
TRAIN Iter 102: loss = 0.003406,	Top-1 err = 61.480000,	Top-5 err = 38.720000,	train_time = 7.955241
TRAIN Iter 103: loss = 0.003320,	Top-1 err = 56.520000,	Top-5 err = 35.680000,	train_time = 7.973510
TRAIN Iter 104: loss = 0.003284,	Top-1 err = 59.240000,	Top-5 err = 40.800000,	train_time = 7.978302
TRAIN Iter 105: loss = 0.003333,	Top-1 err = 51.240000,	Top-5 err = 33.080000,	train_time = 7.980060
TRAIN Iter 106: loss = 0.003307,	Top-1 err = 53.760000,	Top-5 err = 32.600000,	train_time = 7.954157
TRAIN Iter 107: loss = 0.003345,	Top-1 err = 64.780000,	Top-5 err = 44.460000,	train_time = 7.975007
TRAIN Iter 108: loss = 0.003169,	Top-1 err = 49.040000,	Top-5 err = 27.940000,	train_time = 7.960359
TRAIN Iter 109: loss = 0.003245,	Top-1 err = 61.060000,	Top-5 err = 39.120000,	train_time = 7.970099
TRAIN Iter 110: loss = 0.003303,	Top-1 err = 59.640000,	Top-5 err = 39.580000,	train_time = 7.983794
TRAIN Iter 111: loss = 0.003273,	Top-1 err = 55.760000,	Top-5 err = 36.820000,	train_time = 7.962752
TRAIN Iter 112: loss = 0.003158,	Top-1 err = 43.540000,	Top-5 err = 24.060000,	train_time = 7.968966
TRAIN Iter 113: loss = 0.003219,	Top-1 err = 51.040000,	Top-5 err = 30.640000,	train_time = 7.970672
TRAIN Iter 114: loss = 0.003109,	Top-1 err = 54.240000,	Top-5 err = 34.040000,	train_time = 7.975297
TRAIN Iter 115: loss = 0.003279,	Top-1 err = 54.980000,	Top-5 err = 35.420000,	train_time = 7.961409
TRAIN Iter 116: loss = 0.003282,	Top-1 err = 55.240000,	Top-5 err = 34.460000,	train_time = 7.963343
TRAIN Iter 117: loss = 0.003227,	Top-1 err = 54.280000,	Top-5 err = 33.880000,	train_time = 7.956356
TRAIN Iter 118: loss = 0.003184,	Top-1 err = 61.680000,	Top-5 err = 42.460000,	train_time = 7.979080
TRAIN Iter 119: loss = 0.003265,	Top-1 err = 50.260000,	Top-5 err = 29.080000,	train_time = 7.967680
TRAIN Iter 120: loss = 0.003169,	Top-1 err = 55.160000,	Top-5 err = 34.860000,	train_time = 7.978350
TRAIN Iter 121: loss = 0.003121,	Top-1 err = 43.600000,	Top-5 err = 26.680000,	train_time = 7.957939
TRAIN Iter 122: loss = 0.003069,	Top-1 err = 57.620000,	Top-5 err = 36.400000,	train_time = 7.969002
TRAIN Iter 123: loss = 0.003138,	Top-1 err = 55.340000,	Top-5 err = 38.820000,	train_time = 7.967195
TRAIN Iter 124: loss = 0.003198,	Top-1 err = 57.260000,	Top-5 err = 38.520000,	train_time = 7.981038
TRAIN Iter 125: loss = 0.003212,	Top-1 err = 58.600000,	Top-5 err = 38.480000,	train_time = 7.963771
TRAIN Iter 126: loss = 0.003055,	Top-1 err = 55.460000,	Top-5 err = 36.800000,	train_time = 7.972861
TRAIN Iter 127: loss = 0.003070,	Top-1 err = 60.440000,	Top-5 err = 41.020000,	train_time = 7.974539
TRAIN Iter 128: loss = 0.002977,	Top-1 err = 47.400000,	Top-5 err = 28.700000,	train_time = 7.964200
TRAIN Iter 129: loss = 0.003004,	Top-1 err = 51.320000,	Top-5 err = 32.300000,	train_time = 7.976110
TRAIN Iter 130: loss = 0.003058,	Top-1 err = 51.340000,	Top-5 err = 31.500000,	train_time = 7.971543
TRAIN Iter 131: loss = 0.002931,	Top-1 err = 50.160000,	Top-5 err = 29.620000,	train_time = 7.978424
TRAIN Iter 132: loss = 0.002986,	Top-1 err = 49.600000,	Top-5 err = 30.920000,	train_time = 7.959808
TRAIN Iter 133: loss = 0.003020,	Top-1 err = 56.000000,	Top-5 err = 35.180000,	train_time = 7.970455
TRAIN Iter 134: loss = 0.002943,	Top-1 err = 57.220000,	Top-5 err = 36.980000,	train_time = 7.962251
TRAIN Iter 135: loss = 0.003066,	Top-1 err = 59.640000,	Top-5 err = 42.180000,	train_time = 7.985257
TRAIN Iter 136: loss = 0.003072,	Top-1 err = 55.140000,	Top-5 err = 38.020000,	train_time = 7.977930
TRAIN Iter 137: loss = 0.003008,	Top-1 err = 74.240000,	Top-5 err = 54.900000,	train_time = 7.974571
TRAIN Iter 138: loss = 0.002946,	Top-1 err = 53.360000,	Top-5 err = 32.840000,	train_time = 7.968957
TRAIN Iter 139: loss = 0.002932,	Top-1 err = 61.720000,	Top-5 err = 41.720000,	train_time = 7.972650
TRAIN Iter 140: loss = 0.002947,	Top-1 err = 59.040000,	Top-5 err = 39.920000,	train_time = 7.971570
TRAIN Iter 141: loss = 0.003025,	Top-1 err = 51.040000,	Top-5 err = 32.160000,	train_time = 7.974273
TRAIN Iter 142: loss = 0.002992,	Top-1 err = 56.560000,	Top-5 err = 36.960000,	train_time = 7.961429
TRAIN Iter 143: loss = 0.002915,	Top-1 err = 54.220000,	Top-5 err = 36.040000,	train_time = 7.967490
TRAIN Iter 144: loss = 0.002919,	Top-1 err = 56.060000,	Top-5 err = 37.460000,	train_time = 7.982509
TRAIN Iter 145: loss = 0.002845,	Top-1 err = 43.340000,	Top-5 err = 25.300000,	train_time = 7.965202
TRAIN Iter 146: loss = 0.002833,	Top-1 err = 49.140000,	Top-5 err = 30.600000,	train_time = 7.971973
TRAIN Iter 147: loss = 0.002810,	Top-1 err = 49.980000,	Top-5 err = 31.020000,	train_time = 7.964690
TRAIN Iter 148: loss = 0.002901,	Top-1 err = 55.140000,	Top-5 err = 36.620000,	train_time = 7.971300
TRAIN Iter 149: loss = 0.002774,	Top-1 err = 47.060000,	Top-5 err = 28.220000,	train_time = 7.949835
TRAIN Iter 150: loss = 0.002848,	Top-1 err = 46.080000,	Top-5 err = 26.420000,	train_time = 7.974391
TRAIN Iter 151: loss = 0.002887,	Top-1 err = 56.500000,	Top-5 err = 36.100000,	train_time = 7.972129
TRAIN Iter 152: loss = 0.002827,	Top-1 err = 51.240000,	Top-5 err = 33.260000,	train_time = 7.959043
TRAIN Iter 153: loss = 0.002891,	Top-1 err = 56.620000,	Top-5 err = 39.000000,	train_time = 7.975945
TRAIN Iter 154: loss = 0.002823,	Top-1 err = 55.040000,	Top-5 err = 36.340000,	train_time = 7.980190
TRAIN Iter 155: loss = 0.002830,	Top-1 err = 56.100000,	Top-5 err = 35.960000,	train_time = 7.958152
TRAIN Iter 156: loss = 0.002774,	Top-1 err = 51.320000,	Top-5 err = 32.120000,	train_time = 7.973942
TRAIN Iter 157: loss = 0.002897,	Top-1 err = 53.740000,	Top-5 err = 33.920000,	train_time = 7.963312
TRAIN Iter 158: loss = 0.002838,	Top-1 err = 58.060000,	Top-5 err = 38.940000,	train_time = 7.972149
TRAIN Iter 159: loss = 0.002751,	Top-1 err = 39.860000,	Top-5 err = 21.160000,	train_time = 8.002180
TRAIN Iter 160: loss = 0.002803,	Top-1 err = 51.920000,	Top-5 err = 30.460000,	train_time = 7.969055
TRAIN Iter 161: loss = 0.002666,	Top-1 err = 47.840000,	Top-5 err = 29.160000,	train_time = 7.956369
TRAIN Iter 162: loss = 0.002840,	Top-1 err = 67.320000,	Top-5 err = 46.180000,	train_time = 7.975746
TRAIN Iter 163: loss = 0.002811,	Top-1 err = 55.560000,	Top-5 err = 33.460000,	train_time = 7.970190
TRAIN Iter 164: loss = 0.002837,	Top-1 err = 57.280000,	Top-5 err = 39.580000,	train_time = 7.960324
TRAIN Iter 165: loss = 0.002803,	Top-1 err = 54.500000,	Top-5 err = 36.880000,	train_time = 7.972794
TRAIN Iter 166: loss = 0.002742,	Top-1 err = 57.580000,	Top-5 err = 36.580000,	train_time = 7.974679
TRAIN Iter 167: loss = 0.002830,	Top-1 err = 46.400000,	Top-5 err = 27.560000,	train_time = 7.964111
TRAIN Iter 168: loss = 0.002764,	Top-1 err = 45.040000,	Top-5 err = 26.360000,	train_time = 7.963297
TRAIN Iter 169: loss = 0.002689,	Top-1 err = 48.620000,	Top-5 err = 30.640000,	train_time = 7.974958
TRAIN Iter 170: loss = 0.002695,	Top-1 err = 49.880000,	Top-5 err = 29.900000,	train_time = 7.984698
TRAIN Iter 171: loss = 0.002791,	Top-1 err = 52.700000,	Top-5 err = 32.740000,	train_time = 7.982998
TRAIN Iter 172: loss = 0.002692,	Top-1 err = 52.160000,	Top-5 err = 32.720000,	train_time = 7.956487
TRAIN Iter 173: loss = 0.002675,	Top-1 err = 60.280000,	Top-5 err = 38.540000,	train_time = 7.979553
TRAIN Iter 174: loss = 0.002710,	Top-1 err = 47.880000,	Top-5 err = 29.660000,	train_time = 7.977203
TRAIN Iter 175: loss = 0.002760,	Top-1 err = 54.440000,	Top-5 err = 34.760000,	train_time = 7.955550
TRAIN Iter 176: loss = 0.002619,	Top-1 err = 54.040000,	Top-5 err = 36.480000,	train_time = 7.976444
TRAIN Iter 177: loss = 0.002642,	Top-1 err = 50.200000,	Top-5 err = 31.140000,	train_time = 7.965839
TRAIN Iter 178: loss = 0.002644,	Top-1 err = 41.620000,	Top-5 err = 20.400000,	train_time = 7.966779
TRAIN Iter 179: loss = 0.002579,	Top-1 err = 40.020000,	Top-5 err = 22.240000,	train_time = 7.968131
TRAIN Iter 180: loss = 0.002662,	Top-1 err = 51.160000,	Top-5 err = 30.880000,	train_time = 7.975673
TRAIN Iter 181: loss = 0.002665,	Top-1 err = 41.440000,	Top-5 err = 22.740000,	train_time = 7.951951
TRAIN Iter 182: loss = 0.002794,	Top-1 err = 65.600000,	Top-5 err = 44.860000,	train_time = 7.959012
TRAIN Iter 183: loss = 0.002715,	Top-1 err = 69.140000,	Top-5 err = 47.860000,	train_time = 7.964216
TRAIN Iter 184: loss = 0.002727,	Top-1 err = 65.020000,	Top-5 err = 42.480000,	train_time = 7.965008
TRAIN Iter 185: loss = 0.002549,	Top-1 err = 51.580000,	Top-5 err = 32.160000,	train_time = 7.978273
TRAIN Iter 186: loss = 0.002651,	Top-1 err = 63.520000,	Top-5 err = 42.600000,	train_time = 7.972397
TRAIN Iter 187: loss = 0.002632,	Top-1 err = 54.420000,	Top-5 err = 35.700000,	train_time = 7.967754
TRAIN Iter 188: loss = 0.002604,	Top-1 err = 57.200000,	Top-5 err = 39.340000,	train_time = 7.970558
TRAIN Iter 189: loss = 0.002611,	Top-1 err = 50.880000,	Top-5 err = 32.000000,	train_time = 7.948165
TRAIN Iter 190: loss = 0.002627,	Top-1 err = 54.820000,	Top-5 err = 36.520000,	train_time = 7.966182
TRAIN Iter 191: loss = 0.002604,	Top-1 err = 55.600000,	Top-5 err = 32.420000,	train_time = 7.950131
TRAIN Iter 192: loss = 0.002637,	Top-1 err = 56.440000,	Top-5 err = 35.860000,	train_time = 7.950661
TRAIN Iter 193: loss = 0.002598,	Top-1 err = 47.120000,	Top-5 err = 28.840000,	train_time = 7.970885
TRAIN Iter 194: loss = 0.002560,	Top-1 err = 39.760000,	Top-5 err = 22.780000,	train_time = 7.962813
TRAIN Iter 195: loss = 0.002497,	Top-1 err = 49.500000,	Top-5 err = 31.860000,	train_time = 7.966817
TRAIN Iter 196: loss = 0.002594,	Top-1 err = 56.740000,	Top-5 err = 34.300000,	train_time = 7.980286
TRAIN Iter 197: loss = 0.002567,	Top-1 err = 51.280000,	Top-5 err = 34.360000,	train_time = 7.969574
TRAIN Iter 198: loss = 0.002571,	Top-1 err = 52.180000,	Top-5 err = 32.500000,	train_time = 7.961500
TRAIN Iter 199: loss = 0.002513,	Top-1 err = 41.900000,	Top-5 err = 24.140000,	train_time = 7.965244
TRAIN Iter 200: loss = 0.002576,	Top-1 err = 51.560000,	Top-5 err = 32.940000,	train_time = 7.966283
TRAIN Iter 201: loss = 0.002532,	Top-1 err = 49.400000,	Top-5 err = 29.320000,	train_time = 7.960084
TRAIN Iter 202: loss = 0.002615,	Top-1 err = 58.060000,	Top-5 err = 37.800000,	train_time = 7.976284
TRAIN Iter 203: loss = 0.002570,	Top-1 err = 56.940000,	Top-5 err = 37.860000,	train_time = 7.970530
TRAIN Iter 204: loss = 0.002581,	Top-1 err = 55.180000,	Top-5 err = 36.540000,	train_time = 7.974718
TRAIN Iter 205: loss = 0.002573,	Top-1 err = 60.620000,	Top-5 err = 40.140000,	train_time = 7.977131
TRAIN Iter 206: loss = 0.002458,	Top-1 err = 48.640000,	Top-5 err = 29.020000,	train_time = 7.965821
TRAIN Iter 207: loss = 0.002530,	Top-1 err = 55.540000,	Top-5 err = 35.380000,	train_time = 7.949636
TRAIN Iter 208: loss = 0.002532,	Top-1 err = 56.300000,	Top-5 err = 37.100000,	train_time = 7.966552
TRAIN Iter 209: loss = 0.002505,	Top-1 err = 46.240000,	Top-5 err = 28.440000,	train_time = 7.959299
TRAIN Iter 210: loss = 0.002484,	Top-1 err = 55.840000,	Top-5 err = 34.680000,	train_time = 7.953140
TRAIN Iter 211: loss = 0.002556,	Top-1 err = 58.180000,	Top-5 err = 38.060000,	train_time = 7.965217
TRAIN Iter 212: loss = 0.002491,	Top-1 err = 55.160000,	Top-5 err = 35.500000,	train_time = 7.986253
TRAIN Iter 213: loss = 0.002539,	Top-1 err = 60.100000,	Top-5 err = 42.160000,	train_time = 7.970078
TRAIN Iter 214: loss = 0.002507,	Top-1 err = 46.140000,	Top-5 err = 26.220000,	train_time = 7.946573
TRAIN Iter 215: loss = 0.002479,	Top-1 err = 52.460000,	Top-5 err = 31.420000,	train_time = 7.949886
TRAIN Iter 216: loss = 0.002602,	Top-1 err = 60.580000,	Top-5 err = 42.660000,	train_time = 7.971401
TRAIN Iter 217: loss = 0.002532,	Top-1 err = 57.280000,	Top-5 err = 37.580000,	train_time = 7.974743
TRAIN Iter 218: loss = 0.002419,	Top-1 err = 45.360000,	Top-5 err = 26.820000,	train_time = 7.963327
TRAIN Iter 219: loss = 0.002463,	Top-1 err = 54.540000,	Top-5 err = 36.740000,	train_time = 7.974981
TRAIN Iter 220: loss = 0.002461,	Top-1 err = 48.080000,	Top-5 err = 28.800000,	train_time = 7.967117
TRAIN Iter 221: loss = 0.002487,	Top-1 err = 48.640000,	Top-5 err = 30.960000,	train_time = 7.979322
TRAIN Iter 222: loss = 0.002526,	Top-1 err = 54.980000,	Top-5 err = 36.160000,	train_time = 7.967736
TRAIN Iter 223: loss = 0.002427,	Top-1 err = 46.000000,	Top-5 err = 27.560000,	train_time = 7.970102
TRAIN Iter 224: loss = 0.002436,	Top-1 err = 52.760000,	Top-5 err = 34.000000,	train_time = 7.957318
TRAIN Iter 225: loss = 0.002472,	Top-1 err = 53.000000,	Top-5 err = 36.060000,	train_time = 7.967847
TRAIN Iter 226: loss = 0.002456,	Top-1 err = 51.480000,	Top-5 err = 31.500000,	train_time = 7.961211
TRAIN Iter 227: loss = 0.002472,	Top-1 err = 51.000000,	Top-5 err = 32.980000,	train_time = 7.976169
TRAIN Iter 228: loss = 0.002378,	Top-1 err = 46.960000,	Top-5 err = 25.660000,	train_time = 7.960738
TRAIN Iter 229: loss = 0.002466,	Top-1 err = 50.520000,	Top-5 err = 30.660000,	train_time = 7.975734
TRAIN Iter 230: loss = 0.002450,	Top-1 err = 48.640000,	Top-5 err = 29.200000,	train_time = 7.962651
TRAIN Iter 231: loss = 0.002454,	Top-1 err = 56.840000,	Top-5 err = 38.060000,	train_time = 7.977475
TRAIN Iter 232: loss = 0.002411,	Top-1 err = 45.440000,	Top-5 err = 25.340000,	train_time = 7.960156
TRAIN Iter 233: loss = 0.002445,	Top-1 err = 49.600000,	Top-5 err = 31.100000,	train_time = 7.960282
TRAIN Iter 234: loss = 0.002401,	Top-1 err = 46.140000,	Top-5 err = 28.860000,	train_time = 7.974938
TRAIN Iter 235: loss = 0.002374,	Top-1 err = 56.060000,	Top-5 err = 38.260000,	train_time = 7.975912
TRAIN Iter 236: loss = 0.002388,	Top-1 err = 49.700000,	Top-5 err = 30.120000,	train_time = 7.962754
TRAIN Iter 237: loss = 0.002387,	Top-1 err = 44.300000,	Top-5 err = 26.040000,	train_time = 7.972079
TRAIN Iter 238: loss = 0.002374,	Top-1 err = 50.280000,	Top-5 err = 30.700000,	train_time = 7.975454
TRAIN Iter 239: loss = 0.002403,	Top-1 err = 55.500000,	Top-5 err = 36.940000,	train_time = 7.957438
TRAIN Iter 240: loss = 0.002428,	Top-1 err = 51.600000,	Top-5 err = 32.040000,	train_time = 7.977703
TRAIN Iter 241: loss = 0.002382,	Top-1 err = 50.060000,	Top-5 err = 30.240000,	train_time = 7.984430
TRAIN Iter 242: loss = 0.002460,	Top-1 err = 56.900000,	Top-5 err = 36.140000,	train_time = 7.960484
TRAIN Iter 243: loss = 0.002389,	Top-1 err = 55.300000,	Top-5 err = 37.700000,	train_time = 7.974721
TRAIN Iter 244: loss = 0.002378,	Top-1 err = 48.600000,	Top-5 err = 28.500000,	train_time = 7.964929
TRAIN Iter 245: loss = 0.002376,	Top-1 err = 48.420000,	Top-5 err = 29.440000,	train_time = 7.968544
TRAIN Iter 246: loss = 0.002394,	Top-1 err = 52.700000,	Top-5 err = 33.880000,	train_time = 7.983354
TRAIN Iter 247: loss = 0.002359,	Top-1 err = 50.800000,	Top-5 err = 31.140000,	train_time = 7.962571
TRAIN Iter 248: loss = 0.002400,	Top-1 err = 53.320000,	Top-5 err = 34.980000,	train_time = 7.962139
TRAIN Iter 249: loss = 0.002374,	Top-1 err = 51.600000,	Top-5 err = 32.540000,	train_time = 7.949022
TEST:
Iter 249: loss = 1.491666,	Top-1 err = 37.550000,	Top-5 err = 11.820000,	val_time = 3.243463
TRAIN Iter 250: loss = 0.002357,	Top-1 err = 57.020000,	Top-5 err = 37.860000,	train_time = 7.959183
TRAIN Iter 251: loss = 0.002335,	Top-1 err = 42.560000,	Top-5 err = 24.400000,	train_time = 7.984544
TRAIN Iter 252: loss = 0.002386,	Top-1 err = 48.960000,	Top-5 err = 29.160000,	train_time = 7.970687
TRAIN Iter 253: loss = 0.002373,	Top-1 err = 55.760000,	Top-5 err = 36.920000,	train_time = 7.945061
TRAIN Iter 254: loss = 0.002338,	Top-1 err = 52.040000,	Top-5 err = 33.500000,	train_time = 7.974660
TRAIN Iter 255: loss = 0.002323,	Top-1 err = 49.720000,	Top-5 err = 33.140000,	train_time = 7.984085
TRAIN Iter 256: loss = 0.002339,	Top-1 err = 50.360000,	Top-5 err = 33.060000,	train_time = 7.947621
TRAIN Iter 257: loss = 0.002283,	Top-1 err = 48.940000,	Top-5 err = 32.580000,	train_time = 7.990754
TRAIN Iter 258: loss = 0.002325,	Top-1 err = 52.780000,	Top-5 err = 31.240000,	train_time = 7.962584
TRAIN Iter 259: loss = 0.002275,	Top-1 err = 53.760000,	Top-5 err = 35.020000,	train_time = 7.971959
TEST:
Iter 259: loss = 1.471643,	Top-1 err = 37.260000,	Top-5 err = 11.910000,	val_time = 3.272355
TRAIN Iter 260: loss = 0.002398,	Top-1 err = 53.680000,	Top-5 err = 34.800000,	train_time = 7.969831
TRAIN Iter 261: loss = 0.002232,	Top-1 err = 35.240000,	Top-5 err = 18.200000,	train_time = 7.980462
TRAIN Iter 262: loss = 0.002312,	Top-1 err = 49.060000,	Top-5 err = 32.740000,	train_time = 7.968999
TRAIN Iter 263: loss = 0.002252,	Top-1 err = 46.480000,	Top-5 err = 27.860000,	train_time = 7.962805
TRAIN Iter 264: loss = 0.002231,	Top-1 err = 44.520000,	Top-5 err = 25.660000,	train_time = 7.972919
TRAIN Iter 265: loss = 0.002321,	Top-1 err = 61.480000,	Top-5 err = 41.840000,	train_time = 7.977257
TRAIN Iter 266: loss = 0.002297,	Top-1 err = 46.320000,	Top-5 err = 28.620000,	train_time = 7.957433
TRAIN Iter 267: loss = 0.002297,	Top-1 err = 52.280000,	Top-5 err = 33.080000,	train_time = 7.951606
TRAIN Iter 268: loss = 0.002256,	Top-1 err = 43.140000,	Top-5 err = 24.820000,	train_time = 7.958629
TRAIN Iter 269: loss = 0.002296,	Top-1 err = 48.440000,	Top-5 err = 28.840000,	train_time = 7.963646
TEST:
Iter 269: loss = 1.490212,	Top-1 err = 37.080000,	Top-5 err = 11.880000,	val_time = 3.269638
TRAIN Iter 270: loss = 0.002380,	Top-1 err = 62.840000,	Top-5 err = 42.300000,	train_time = 7.967312
TRAIN Iter 271: loss = 0.002275,	Top-1 err = 50.060000,	Top-5 err = 31.440000,	train_time = 7.965698
TRAIN Iter 272: loss = 0.002307,	Top-1 err = 54.780000,	Top-5 err = 35.360000,	train_time = 7.980752
TRAIN Iter 273: loss = 0.002322,	Top-1 err = 61.980000,	Top-5 err = 40.380000,	train_time = 8.021462
TRAIN Iter 274: loss = 0.002370,	Top-1 err = 58.700000,	Top-5 err = 39.520000,	train_time = 7.967582
TRAIN Iter 275: loss = 0.002277,	Top-1 err = 52.540000,	Top-5 err = 34.440000,	train_time = 7.966973
TRAIN Iter 276: loss = 0.002253,	Top-1 err = 52.180000,	Top-5 err = 33.880000,	train_time = 7.973927
TRAIN Iter 277: loss = 0.002294,	Top-1 err = 57.100000,	Top-5 err = 38.100000,	train_time = 7.977768
TRAIN Iter 278: loss = 0.002364,	Top-1 err = 59.720000,	Top-5 err = 38.420000,	train_time = 7.973796
TRAIN Iter 279: loss = 0.002288,	Top-1 err = 52.480000,	Top-5 err = 35.160000,	train_time = 7.987831
TEST:
Iter 279: loss = 1.479239,	Top-1 err = 36.720000,	Top-5 err = 11.840000,	val_time = 3.258406
TRAIN Iter 280: loss = 0.002311,	Top-1 err = 58.320000,	Top-5 err = 40.780000,	train_time = 7.960360
TRAIN Iter 281: loss = 0.002273,	Top-1 err = 58.580000,	Top-5 err = 39.040000,	train_time = 7.954853
TRAIN Iter 282: loss = 0.002196,	Top-1 err = 42.200000,	Top-5 err = 23.740000,	train_time = 7.977482
TRAIN Iter 283: loss = 0.002243,	Top-1 err = 55.760000,	Top-5 err = 35.180000,	train_time = 7.979833
TRAIN Iter 284: loss = 0.002244,	Top-1 err = 51.200000,	Top-5 err = 30.360000,	train_time = 7.974618
TRAIN Iter 285: loss = 0.002234,	Top-1 err = 48.240000,	Top-5 err = 30.240000,	train_time = 7.957489
TRAIN Iter 286: loss = 0.002243,	Top-1 err = 53.120000,	Top-5 err = 35.200000,	train_time = 7.969947
TRAIN Iter 287: loss = 0.002229,	Top-1 err = 48.120000,	Top-5 err = 29.580000,	train_time = 7.975986
TRAIN Iter 288: loss = 0.002274,	Top-1 err = 54.700000,	Top-5 err = 36.220000,	train_time = 7.958963
TRAIN Iter 289: loss = 0.002257,	Top-1 err = 59.600000,	Top-5 err = 40.600000,	train_time = 7.950918
TEST:
Iter 289: loss = 1.452878,	Top-1 err = 36.440000,	Top-5 err = 11.660000,	val_time = 3.266953
TRAIN Iter 290: loss = 0.002267,	Top-1 err = 51.400000,	Top-5 err = 32.320000,	train_time = 7.971562
TRAIN Iter 291: loss = 0.002269,	Top-1 err = 53.940000,	Top-5 err = 34.080000,	train_time = 7.970084
TRAIN Iter 292: loss = 0.002182,	Top-1 err = 47.200000,	Top-5 err = 27.660000,	train_time = 7.973666
TRAIN Iter 293: loss = 0.002312,	Top-1 err = 60.060000,	Top-5 err = 37.340000,	train_time = 7.943259
TRAIN Iter 294: loss = 0.002219,	Top-1 err = 56.500000,	Top-5 err = 37.220000,	train_time = 7.981745
TRAIN Iter 295: loss = 0.002248,	Top-1 err = 63.560000,	Top-5 err = 42.700000,	train_time = 7.963830
TRAIN Iter 296: loss = 0.002334,	Top-1 err = 60.740000,	Top-5 err = 42.640000,	train_time = 7.943559
TRAIN Iter 297: loss = 0.002306,	Top-1 err = 64.820000,	Top-5 err = 44.260000,	train_time = 7.962903
TRAIN Iter 298: loss = 0.002172,	Top-1 err = 46.340000,	Top-5 err = 26.080000,	train_time = 7.958587
TRAIN Iter 299: loss = 0.002289,	Top-1 err = 63.980000,	Top-5 err = 42.940000,	train_time = 7.960093
TEST:
Iter 299: loss = 1.464816,	Top-1 err = 37.330000,	Top-5 err = 11.540000,	val_time = 3.267431
Train Finish! Best accuracy is 63.56@289
