/home/dvspanos/miniconda3/envs/rded/lib/python3.10/site-packages/torch/cuda/__init__.py:611: UserWarning: Can't initialize NVML
  warnings.warn("Can't initialize NVML")
=> using pytorch pre-trained teacher model 'conv3'
process data from /home/dvspanos/nikos/ca2d/artifacts/sets/ca2d_ipc50
load data successfully
TRAIN Iter 0: loss = 0.015679,	Top-1 err = 93.500000,	Top-5 err = 77.900000,	train_time = 2.095093
TRAIN Iter 1: loss = 0.013217,	Top-1 err = 87.640000,	Top-5 err = 65.560000,	train_time = 1.289803
TRAIN Iter 2: loss = 0.011055,	Top-1 err = 82.400000,	Top-5 err = 59.240000,	train_time = 1.323231
TRAIN Iter 3: loss = 0.009790,	Top-1 err = 77.200000,	Top-5 err = 51.640000,	train_time = 1.404312
TRAIN Iter 4: loss = 0.009125,	Top-1 err = 73.640000,	Top-5 err = 47.240000,	train_time = 1.367975
TRAIN Iter 5: loss = 0.008352,	Top-1 err = 73.240000,	Top-5 err = 47.660000,	train_time = 1.393977
TRAIN Iter 6: loss = 0.007905,	Top-1 err = 67.700000,	Top-5 err = 40.920000,	train_time = 1.266216
TRAIN Iter 7: loss = 0.007220,	Top-1 err = 67.200000,	Top-5 err = 41.920000,	train_time = 1.348372
TRAIN Iter 8: loss = 0.006919,	Top-1 err = 68.580000,	Top-5 err = 43.300000,	train_time = 1.303659
TRAIN Iter 9: loss = 0.006497,	Top-1 err = 62.000000,	Top-5 err = 37.120000,	train_time = 1.355030
TRAIN Iter 10: loss = 0.006277,	Top-1 err = 64.160000,	Top-5 err = 38.700000,	train_time = 1.307253
TRAIN Iter 11: loss = 0.005985,	Top-1 err = 58.980000,	Top-5 err = 33.400000,	train_time = 1.402412
TRAIN Iter 12: loss = 0.005888,	Top-1 err = 63.460000,	Top-5 err = 38.160000,	train_time = 1.384282
TRAIN Iter 13: loss = 0.005768,	Top-1 err = 60.220000,	Top-5 err = 36.800000,	train_time = 1.358792
TRAIN Iter 14: loss = 0.005452,	Top-1 err = 57.680000,	Top-5 err = 34.040000,	train_time = 1.372430
TRAIN Iter 15: loss = 0.005363,	Top-1 err = 58.000000,	Top-5 err = 34.440000,	train_time = 1.369808
TRAIN Iter 16: loss = 0.005193,	Top-1 err = 61.060000,	Top-5 err = 37.720000,	train_time = 1.387275
TRAIN Iter 17: loss = 0.005094,	Top-1 err = 59.020000,	Top-5 err = 35.460000,	train_time = 1.369016
TRAIN Iter 18: loss = 0.004934,	Top-1 err = 57.700000,	Top-5 err = 34.120000,	train_time = 1.369030
TRAIN Iter 19: loss = 0.004887,	Top-1 err = 58.040000,	Top-5 err = 34.300000,	train_time = 1.309649
TRAIN Iter 20: loss = 0.004756,	Top-1 err = 56.640000,	Top-5 err = 32.220000,	train_time = 1.315914
TRAIN Iter 21: loss = 0.004666,	Top-1 err = 53.300000,	Top-5 err = 31.400000,	train_time = 1.310699
TRAIN Iter 22: loss = 0.004706,	Top-1 err = 52.960000,	Top-5 err = 30.320000,	train_time = 1.399504
TRAIN Iter 23: loss = 0.004624,	Top-1 err = 60.160000,	Top-5 err = 36.960000,	train_time = 1.303533
TRAIN Iter 24: loss = 0.004431,	Top-1 err = 57.220000,	Top-5 err = 34.680000,	train_time = 1.378495
TRAIN Iter 25: loss = 0.004270,	Top-1 err = 53.560000,	Top-5 err = 31.520000,	train_time = 1.347164
TRAIN Iter 26: loss = 0.004259,	Top-1 err = 55.020000,	Top-5 err = 32.240000,	train_time = 1.347391
TRAIN Iter 27: loss = 0.004238,	Top-1 err = 54.640000,	Top-5 err = 32.140000,	train_time = 1.337772
TRAIN Iter 28: loss = 0.004138,	Top-1 err = 51.080000,	Top-5 err = 29.720000,	train_time = 1.338864
TRAIN Iter 29: loss = 0.004083,	Top-1 err = 51.680000,	Top-5 err = 31.300000,	train_time = 1.346628
TRAIN Iter 30: loss = 0.004098,	Top-1 err = 52.620000,	Top-5 err = 30.540000,	train_time = 1.356445
TRAIN Iter 31: loss = 0.003963,	Top-1 err = 51.600000,	Top-5 err = 29.040000,	train_time = 1.358692
TRAIN Iter 32: loss = 0.003953,	Top-1 err = 50.340000,	Top-5 err = 29.660000,	train_time = 1.353313
TRAIN Iter 33: loss = 0.003928,	Top-1 err = 53.300000,	Top-5 err = 31.740000,	train_time = 1.369241
TRAIN Iter 34: loss = 0.003924,	Top-1 err = 49.180000,	Top-5 err = 27.640000,	train_time = 1.365659
TRAIN Iter 35: loss = 0.003853,	Top-1 err = 50.400000,	Top-5 err = 28.920000,	train_time = 1.352591
TRAIN Iter 36: loss = 0.003824,	Top-1 err = 52.900000,	Top-5 err = 31.400000,	train_time = 1.428163
TRAIN Iter 37: loss = 0.003835,	Top-1 err = 53.260000,	Top-5 err = 31.140000,	train_time = 1.366367
TRAIN Iter 38: loss = 0.003778,	Top-1 err = 52.520000,	Top-5 err = 30.600000,	train_time = 1.339162
TRAIN Iter 39: loss = 0.003732,	Top-1 err = 54.320000,	Top-5 err = 32.500000,	train_time = 1.234463
TRAIN Iter 40: loss = 0.003710,	Top-1 err = 50.740000,	Top-5 err = 29.340000,	train_time = 1.336494
TRAIN Iter 41: loss = 0.003666,	Top-1 err = 53.740000,	Top-5 err = 31.900000,	train_time = 1.333056
TRAIN Iter 42: loss = 0.003656,	Top-1 err = 49.480000,	Top-5 err = 28.260000,	train_time = 1.432949
TRAIN Iter 43: loss = 0.003578,	Top-1 err = 50.480000,	Top-5 err = 29.700000,	train_time = 1.305006
TRAIN Iter 44: loss = 0.003635,	Top-1 err = 53.020000,	Top-5 err = 32.220000,	train_time = 1.349219
TRAIN Iter 45: loss = 0.003583,	Top-1 err = 50.540000,	Top-5 err = 29.560000,	train_time = 1.259998
TRAIN Iter 46: loss = 0.003432,	Top-1 err = 51.100000,	Top-5 err = 29.840000,	train_time = 1.305362
TRAIN Iter 47: loss = 0.003419,	Top-1 err = 51.420000,	Top-5 err = 30.420000,	train_time = 1.417706
TRAIN Iter 48: loss = 0.003467,	Top-1 err = 53.360000,	Top-5 err = 32.240000,	train_time = 1.441148
TRAIN Iter 49: loss = 0.003480,	Top-1 err = 54.560000,	Top-5 err = 34.780000,	train_time = 1.389844
TRAIN Iter 50: loss = 0.003467,	Top-1 err = 53.260000,	Top-5 err = 31.400000,	train_time = 1.402318
TRAIN Iter 51: loss = 0.003419,	Top-1 err = 50.460000,	Top-5 err = 29.780000,	train_time = 1.352378
TRAIN Iter 52: loss = 0.003332,	Top-1 err = 51.820000,	Top-5 err = 31.320000,	train_time = 1.400548
TRAIN Iter 53: loss = 0.003393,	Top-1 err = 50.700000,	Top-5 err = 29.900000,	train_time = 1.313601
TRAIN Iter 54: loss = 0.003415,	Top-1 err = 48.020000,	Top-5 err = 28.340000,	train_time = 1.328882
TRAIN Iter 55: loss = 0.003243,	Top-1 err = 52.160000,	Top-5 err = 31.260000,	train_time = 1.442195
TRAIN Iter 56: loss = 0.003333,	Top-1 err = 52.640000,	Top-5 err = 30.440000,	train_time = 1.361534
TRAIN Iter 57: loss = 0.003244,	Top-1 err = 50.040000,	Top-5 err = 29.260000,	train_time = 1.387775
TRAIN Iter 58: loss = 0.003246,	Top-1 err = 50.540000,	Top-5 err = 29.840000,	train_time = 1.379404
TRAIN Iter 59: loss = 0.003204,	Top-1 err = 51.780000,	Top-5 err = 32.180000,	train_time = 1.337931
TRAIN Iter 60: loss = 0.003162,	Top-1 err = 47.740000,	Top-5 err = 27.740000,	train_time = 1.399422
TRAIN Iter 61: loss = 0.003170,	Top-1 err = 50.260000,	Top-5 err = 29.720000,	train_time = 1.327757
TRAIN Iter 62: loss = 0.003182,	Top-1 err = 48.140000,	Top-5 err = 27.120000,	train_time = 1.409362
TRAIN Iter 63: loss = 0.003163,	Top-1 err = 51.540000,	Top-5 err = 30.180000,	train_time = 1.366712
TRAIN Iter 64: loss = 0.003165,	Top-1 err = 52.120000,	Top-5 err = 29.660000,	train_time = 1.357587
TRAIN Iter 65: loss = 0.003120,	Top-1 err = 52.440000,	Top-5 err = 31.740000,	train_time = 1.377522
TRAIN Iter 66: loss = 0.003079,	Top-1 err = 50.220000,	Top-5 err = 29.260000,	train_time = 1.279109
TRAIN Iter 67: loss = 0.003101,	Top-1 err = 50.160000,	Top-5 err = 29.580000,	train_time = 1.406675
TRAIN Iter 68: loss = 0.003040,	Top-1 err = 49.940000,	Top-5 err = 28.540000,	train_time = 1.314491
TRAIN Iter 69: loss = 0.003008,	Top-1 err = 52.060000,	Top-5 err = 30.940000,	train_time = 1.376332
TRAIN Iter 70: loss = 0.002964,	Top-1 err = 48.900000,	Top-5 err = 27.580000,	train_time = 1.399853
TRAIN Iter 71: loss = 0.002961,	Top-1 err = 51.000000,	Top-5 err = 29.860000,	train_time = 1.353563
TRAIN Iter 72: loss = 0.003062,	Top-1 err = 52.560000,	Top-5 err = 31.260000,	train_time = 1.350217
TRAIN Iter 73: loss = 0.002968,	Top-1 err = 48.020000,	Top-5 err = 28.680000,	train_time = 1.361818
TRAIN Iter 74: loss = 0.002984,	Top-1 err = 48.600000,	Top-5 err = 28.140000,	train_time = 1.340966
TRAIN Iter 75: loss = 0.002963,	Top-1 err = 48.620000,	Top-5 err = 27.220000,	train_time = 1.356569
TRAIN Iter 76: loss = 0.003019,	Top-1 err = 54.180000,	Top-5 err = 33.640000,	train_time = 1.379804
TRAIN Iter 77: loss = 0.002903,	Top-1 err = 50.740000,	Top-5 err = 29.240000,	train_time = 1.384316
TRAIN Iter 78: loss = 0.002936,	Top-1 err = 48.080000,	Top-5 err = 28.720000,	train_time = 1.427169
TRAIN Iter 79: loss = 0.002909,	Top-1 err = 49.400000,	Top-5 err = 28.560000,	train_time = 1.385574
TRAIN Iter 80: loss = 0.002894,	Top-1 err = 50.340000,	Top-5 err = 30.280000,	train_time = 1.350185
TRAIN Iter 81: loss = 0.002834,	Top-1 err = 48.980000,	Top-5 err = 28.600000,	train_time = 1.391331
TRAIN Iter 82: loss = 0.002873,	Top-1 err = 51.840000,	Top-5 err = 32.360000,	train_time = 1.263001
TRAIN Iter 83: loss = 0.002867,	Top-1 err = 48.460000,	Top-5 err = 26.300000,	train_time = 1.429730
TRAIN Iter 84: loss = 0.002822,	Top-1 err = 49.860000,	Top-5 err = 27.160000,	train_time = 1.306076
TRAIN Iter 85: loss = 0.002866,	Top-1 err = 48.880000,	Top-5 err = 28.320000,	train_time = 1.419137
TRAIN Iter 86: loss = 0.002763,	Top-1 err = 52.500000,	Top-5 err = 31.240000,	train_time = 1.407937
TRAIN Iter 87: loss = 0.002824,	Top-1 err = 50.200000,	Top-5 err = 29.100000,	train_time = 1.351943
TRAIN Iter 88: loss = 0.002822,	Top-1 err = 53.700000,	Top-5 err = 32.480000,	train_time = 1.405021
TRAIN Iter 89: loss = 0.002835,	Top-1 err = 54.620000,	Top-5 err = 32.320000,	train_time = 1.377523
TRAIN Iter 90: loss = 0.002776,	Top-1 err = 50.460000,	Top-5 err = 29.680000,	train_time = 1.319808
TRAIN Iter 91: loss = 0.002764,	Top-1 err = 46.900000,	Top-5 err = 26.540000,	train_time = 1.294100
TRAIN Iter 92: loss = 0.002719,	Top-1 err = 49.660000,	Top-5 err = 28.060000,	train_time = 1.341488
TRAIN Iter 93: loss = 0.002738,	Top-1 err = 49.300000,	Top-5 err = 28.380000,	train_time = 1.359596
TRAIN Iter 94: loss = 0.002754,	Top-1 err = 51.260000,	Top-5 err = 30.280000,	train_time = 1.395056
TRAIN Iter 95: loss = 0.002654,	Top-1 err = 52.860000,	Top-5 err = 31.600000,	train_time = 1.355524
TRAIN Iter 96: loss = 0.002663,	Top-1 err = 49.760000,	Top-5 err = 30.140000,	train_time = 1.372569
TRAIN Iter 97: loss = 0.002703,	Top-1 err = 49.420000,	Top-5 err = 29.880000,	train_time = 1.371279
TRAIN Iter 98: loss = 0.002644,	Top-1 err = 46.480000,	Top-5 err = 25.880000,	train_time = 1.381165
TRAIN Iter 99: loss = 0.002624,	Top-1 err = 47.940000,	Top-5 err = 27.640000,	train_time = 1.359349
TRAIN Iter 100: loss = 0.002667,	Top-1 err = 47.160000,	Top-5 err = 28.560000,	train_time = 1.317128
TRAIN Iter 101: loss = 0.002649,	Top-1 err = 50.120000,	Top-5 err = 29.800000,	train_time = 1.369746
TRAIN Iter 102: loss = 0.002653,	Top-1 err = 50.020000,	Top-5 err = 28.420000,	train_time = 1.329835
TRAIN Iter 103: loss = 0.002604,	Top-1 err = 49.200000,	Top-5 err = 29.460000,	train_time = 1.241686
TRAIN Iter 104: loss = 0.002594,	Top-1 err = 49.940000,	Top-5 err = 29.140000,	train_time = 1.377223
TRAIN Iter 105: loss = 0.002620,	Top-1 err = 50.500000,	Top-5 err = 30.340000,	train_time = 1.299661
TRAIN Iter 106: loss = 0.002610,	Top-1 err = 50.620000,	Top-5 err = 30.680000,	train_time = 1.237674
TRAIN Iter 107: loss = 0.002591,	Top-1 err = 52.700000,	Top-5 err = 33.180000,	train_time = 1.281207
TRAIN Iter 108: loss = 0.002593,	Top-1 err = 50.280000,	Top-5 err = 30.560000,	train_time = 1.340422
TRAIN Iter 109: loss = 0.002493,	Top-1 err = 47.140000,	Top-5 err = 26.860000,	train_time = 1.361318
TRAIN Iter 110: loss = 0.002501,	Top-1 err = 46.360000,	Top-5 err = 26.820000,	train_time = 1.297590
TRAIN Iter 111: loss = 0.002573,	Top-1 err = 46.080000,	Top-5 err = 25.980000,	train_time = 1.374095
TRAIN Iter 112: loss = 0.002556,	Top-1 err = 47.440000,	Top-5 err = 27.100000,	train_time = 1.351779
TRAIN Iter 113: loss = 0.002508,	Top-1 err = 51.340000,	Top-5 err = 31.480000,	train_time = 1.300738
TRAIN Iter 114: loss = 0.002512,	Top-1 err = 52.040000,	Top-5 err = 31.440000,	train_time = 1.373221
TRAIN Iter 115: loss = 0.002507,	Top-1 err = 48.040000,	Top-5 err = 28.520000,	train_time = 1.395562
TRAIN Iter 116: loss = 0.002462,	Top-1 err = 47.760000,	Top-5 err = 27.780000,	train_time = 1.401122
TRAIN Iter 117: loss = 0.002451,	Top-1 err = 46.860000,	Top-5 err = 26.320000,	train_time = 1.242655
TRAIN Iter 118: loss = 0.002453,	Top-1 err = 50.020000,	Top-5 err = 30.200000,	train_time = 1.475434
TRAIN Iter 119: loss = 0.002492,	Top-1 err = 46.240000,	Top-5 err = 28.040000,	train_time = 1.383576
TRAIN Iter 120: loss = 0.002464,	Top-1 err = 46.760000,	Top-5 err = 27.680000,	train_time = 1.288694
TRAIN Iter 121: loss = 0.002425,	Top-1 err = 50.960000,	Top-5 err = 29.960000,	train_time = 1.375243
TRAIN Iter 122: loss = 0.002430,	Top-1 err = 49.480000,	Top-5 err = 29.620000,	train_time = 1.353956
TRAIN Iter 123: loss = 0.002380,	Top-1 err = 44.880000,	Top-5 err = 24.640000,	train_time = 1.316771
TRAIN Iter 124: loss = 0.002417,	Top-1 err = 49.380000,	Top-5 err = 29.700000,	train_time = 1.412839
TRAIN Iter 125: loss = 0.002420,	Top-1 err = 46.720000,	Top-5 err = 27.060000,	train_time = 1.358870
TRAIN Iter 126: loss = 0.002393,	Top-1 err = 49.700000,	Top-5 err = 29.840000,	train_time = 1.430207
TRAIN Iter 127: loss = 0.002423,	Top-1 err = 49.320000,	Top-5 err = 28.300000,	train_time = 1.383047
TRAIN Iter 128: loss = 0.002331,	Top-1 err = 46.920000,	Top-5 err = 26.520000,	train_time = 1.392158
TRAIN Iter 129: loss = 0.002358,	Top-1 err = 49.180000,	Top-5 err = 28.500000,	train_time = 1.302966
TRAIN Iter 130: loss = 0.002359,	Top-1 err = 47.580000,	Top-5 err = 26.820000,	train_time = 1.281468
TRAIN Iter 131: loss = 0.002427,	Top-1 err = 49.820000,	Top-5 err = 28.660000,	train_time = 1.333420
TRAIN Iter 132: loss = 0.002325,	Top-1 err = 46.820000,	Top-5 err = 26.280000,	train_time = 1.396716
TRAIN Iter 133: loss = 0.002352,	Top-1 err = 48.040000,	Top-5 err = 28.340000,	train_time = 1.319678
TRAIN Iter 134: loss = 0.002317,	Top-1 err = 47.420000,	Top-5 err = 27.180000,	train_time = 1.272767
TRAIN Iter 135: loss = 0.002320,	Top-1 err = 47.420000,	Top-5 err = 28.140000,	train_time = 1.337554
TRAIN Iter 136: loss = 0.002341,	Top-1 err = 51.220000,	Top-5 err = 30.880000,	train_time = 1.451857
TRAIN Iter 137: loss = 0.002353,	Top-1 err = 50.420000,	Top-5 err = 31.380000,	train_time = 1.357258
TRAIN Iter 138: loss = 0.002340,	Top-1 err = 45.600000,	Top-5 err = 25.160000,	train_time = 1.344892
TRAIN Iter 139: loss = 0.002255,	Top-1 err = 48.620000,	Top-5 err = 27.320000,	train_time = 1.367489
TRAIN Iter 140: loss = 0.002287,	Top-1 err = 49.000000,	Top-5 err = 28.660000,	train_time = 1.379203
TRAIN Iter 141: loss = 0.002240,	Top-1 err = 49.520000,	Top-5 err = 28.320000,	train_time = 1.371837
TRAIN Iter 142: loss = 0.002257,	Top-1 err = 48.940000,	Top-5 err = 29.140000,	train_time = 1.336368
TRAIN Iter 143: loss = 0.002236,	Top-1 err = 49.340000,	Top-5 err = 29.020000,	train_time = 1.336374
TRAIN Iter 144: loss = 0.002288,	Top-1 err = 49.920000,	Top-5 err = 30.420000,	train_time = 1.404069
TRAIN Iter 145: loss = 0.002243,	Top-1 err = 51.060000,	Top-5 err = 30.680000,	train_time = 1.334378
TRAIN Iter 146: loss = 0.002316,	Top-1 err = 50.000000,	Top-5 err = 30.920000,	train_time = 1.402828
TRAIN Iter 147: loss = 0.002231,	Top-1 err = 45.520000,	Top-5 err = 26.200000,	train_time = 1.357506
TRAIN Iter 148: loss = 0.002215,	Top-1 err = 49.500000,	Top-5 err = 28.700000,	train_time = 1.415547
TRAIN Iter 149: loss = 0.002245,	Top-1 err = 50.820000,	Top-5 err = 30.580000,	train_time = 1.337229
TRAIN Iter 150: loss = 0.002224,	Top-1 err = 47.500000,	Top-5 err = 28.240000,	train_time = 1.379172
TRAIN Iter 151: loss = 0.002207,	Top-1 err = 50.040000,	Top-5 err = 29.080000,	train_time = 1.353565
TRAIN Iter 152: loss = 0.002161,	Top-1 err = 46.460000,	Top-5 err = 27.520000,	train_time = 1.295824
TRAIN Iter 153: loss = 0.002202,	Top-1 err = 50.320000,	Top-5 err = 30.040000,	train_time = 1.354080
TRAIN Iter 154: loss = 0.002221,	Top-1 err = 50.080000,	Top-5 err = 30.520000,	train_time = 1.313726
TRAIN Iter 155: loss = 0.002155,	Top-1 err = 48.940000,	Top-5 err = 29.140000,	train_time = 1.439983
TRAIN Iter 156: loss = 0.002165,	Top-1 err = 44.960000,	Top-5 err = 25.660000,	train_time = 1.372544
TRAIN Iter 157: loss = 0.002131,	Top-1 err = 44.160000,	Top-5 err = 26.220000,	train_time = 1.361278
TRAIN Iter 158: loss = 0.002218,	Top-1 err = 48.720000,	Top-5 err = 28.000000,	train_time = 1.316888
TRAIN Iter 159: loss = 0.002148,	Top-1 err = 46.240000,	Top-5 err = 26.080000,	train_time = 1.300838
TRAIN Iter 160: loss = 0.002092,	Top-1 err = 48.380000,	Top-5 err = 28.500000,	train_time = 1.384834
TRAIN Iter 161: loss = 0.002127,	Top-1 err = 44.120000,	Top-5 err = 24.680000,	train_time = 1.340076
TRAIN Iter 162: loss = 0.002178,	Top-1 err = 49.320000,	Top-5 err = 29.000000,	train_time = 1.395356
TRAIN Iter 163: loss = 0.002165,	Top-1 err = 52.540000,	Top-5 err = 30.260000,	train_time = 1.358136
TRAIN Iter 164: loss = 0.002095,	Top-1 err = 50.120000,	Top-5 err = 30.660000,	train_time = 1.391838
TRAIN Iter 165: loss = 0.002104,	Top-1 err = 46.200000,	Top-5 err = 26.660000,	train_time = 1.379802
TRAIN Iter 166: loss = 0.002112,	Top-1 err = 48.140000,	Top-5 err = 28.380000,	train_time = 1.362966
TRAIN Iter 167: loss = 0.002121,	Top-1 err = 47.560000,	Top-5 err = 27.440000,	train_time = 1.298906
TRAIN Iter 168: loss = 0.002125,	Top-1 err = 47.340000,	Top-5 err = 27.580000,	train_time = 1.437844
TRAIN Iter 169: loss = 0.002071,	Top-1 err = 46.960000,	Top-5 err = 27.080000,	train_time = 1.383680
TRAIN Iter 170: loss = 0.002029,	Top-1 err = 49.220000,	Top-5 err = 29.600000,	train_time = 1.397072
TRAIN Iter 171: loss = 0.002054,	Top-1 err = 47.100000,	Top-5 err = 26.420000,	train_time = 1.348865
TRAIN Iter 172: loss = 0.002059,	Top-1 err = 46.880000,	Top-5 err = 28.600000,	train_time = 1.413341
TRAIN Iter 173: loss = 0.002027,	Top-1 err = 49.440000,	Top-5 err = 29.700000,	train_time = 1.327873
TRAIN Iter 174: loss = 0.002025,	Top-1 err = 46.840000,	Top-5 err = 27.620000,	train_time = 1.446329
TRAIN Iter 175: loss = 0.002046,	Top-1 err = 48.780000,	Top-5 err = 28.400000,	train_time = 1.355898
TRAIN Iter 176: loss = 0.002084,	Top-1 err = 47.500000,	Top-5 err = 28.300000,	train_time = 1.410961
TRAIN Iter 177: loss = 0.001997,	Top-1 err = 45.820000,	Top-5 err = 25.060000,	train_time = 1.388207
TRAIN Iter 178: loss = 0.002051,	Top-1 err = 48.280000,	Top-5 err = 27.900000,	train_time = 1.350888
TRAIN Iter 179: loss = 0.002055,	Top-1 err = 50.300000,	Top-5 err = 31.460000,	train_time = 1.403286
TRAIN Iter 180: loss = 0.002028,	Top-1 err = 45.720000,	Top-5 err = 27.020000,	train_time = 1.324913
TRAIN Iter 181: loss = 0.002025,	Top-1 err = 47.600000,	Top-5 err = 28.620000,	train_time = 1.459713
TRAIN Iter 182: loss = 0.001973,	Top-1 err = 43.280000,	Top-5 err = 23.800000,	train_time = 1.322151
TRAIN Iter 183: loss = 0.002010,	Top-1 err = 46.760000,	Top-5 err = 26.820000,	train_time = 1.439686
TRAIN Iter 184: loss = 0.001943,	Top-1 err = 42.960000,	Top-5 err = 22.840000,	train_time = 1.366688
TRAIN Iter 185: loss = 0.001983,	Top-1 err = 45.840000,	Top-5 err = 26.080000,	train_time = 1.363698
TRAIN Iter 186: loss = 0.001985,	Top-1 err = 49.500000,	Top-5 err = 28.860000,	train_time = 1.377215
TRAIN Iter 187: loss = 0.001982,	Top-1 err = 44.580000,	Top-5 err = 26.380000,	train_time = 1.322122
TRAIN Iter 188: loss = 0.001983,	Top-1 err = 49.880000,	Top-5 err = 29.820000,	train_time = 1.342956
TRAIN Iter 189: loss = 0.001971,	Top-1 err = 50.420000,	Top-5 err = 29.960000,	train_time = 1.349903
TRAIN Iter 190: loss = 0.001926,	Top-1 err = 52.240000,	Top-5 err = 31.240000,	train_time = 1.338363
TRAIN Iter 191: loss = 0.001965,	Top-1 err = 49.100000,	Top-5 err = 28.620000,	train_time = 1.387367
TRAIN Iter 192: loss = 0.001941,	Top-1 err = 49.420000,	Top-5 err = 29.080000,	train_time = 1.390692
TRAIN Iter 193: loss = 0.001947,	Top-1 err = 51.280000,	Top-5 err = 30.260000,	train_time = 1.409619
TRAIN Iter 194: loss = 0.001929,	Top-1 err = 48.980000,	Top-5 err = 30.560000,	train_time = 1.432822
TRAIN Iter 195: loss = 0.001883,	Top-1 err = 48.140000,	Top-5 err = 29.400000,	train_time = 1.351680
TRAIN Iter 196: loss = 0.001953,	Top-1 err = 47.020000,	Top-5 err = 27.900000,	train_time = 1.377812
TRAIN Iter 197: loss = 0.001929,	Top-1 err = 47.840000,	Top-5 err = 28.180000,	train_time = 1.270564
TRAIN Iter 198: loss = 0.001932,	Top-1 err = 49.540000,	Top-5 err = 30.700000,	train_time = 1.374218
TRAIN Iter 199: loss = 0.001886,	Top-1 err = 47.060000,	Top-5 err = 28.000000,	train_time = 1.343965
TRAIN Iter 200: loss = 0.001899,	Top-1 err = 50.380000,	Top-5 err = 29.520000,	train_time = 1.317324
TRAIN Iter 201: loss = 0.001898,	Top-1 err = 43.860000,	Top-5 err = 25.100000,	train_time = 1.398540
TRAIN Iter 202: loss = 0.001914,	Top-1 err = 47.680000,	Top-5 err = 28.480000,	train_time = 1.309667
TRAIN Iter 203: loss = 0.001910,	Top-1 err = 48.280000,	Top-5 err = 29.900000,	train_time = 1.364188
TRAIN Iter 204: loss = 0.001912,	Top-1 err = 51.120000,	Top-5 err = 31.260000,	train_time = 1.314994
TRAIN Iter 205: loss = 0.001895,	Top-1 err = 47.720000,	Top-5 err = 27.580000,	train_time = 1.226448
TRAIN Iter 206: loss = 0.001890,	Top-1 err = 47.560000,	Top-5 err = 27.820000,	train_time = 1.373489
TRAIN Iter 207: loss = 0.001911,	Top-1 err = 45.760000,	Top-5 err = 26.020000,	train_time = 1.340394
TRAIN Iter 208: loss = 0.001832,	Top-1 err = 47.540000,	Top-5 err = 29.300000,	train_time = 1.345872
TRAIN Iter 209: loss = 0.001864,	Top-1 err = 46.340000,	Top-5 err = 26.060000,	train_time = 1.363347
TRAIN Iter 210: loss = 0.001860,	Top-1 err = 49.280000,	Top-5 err = 29.140000,	train_time = 1.390846
TRAIN Iter 211: loss = 0.001809,	Top-1 err = 48.180000,	Top-5 err = 28.440000,	train_time = 1.391495
TRAIN Iter 212: loss = 0.001797,	Top-1 err = 48.360000,	Top-5 err = 28.260000,	train_time = 1.336123
TRAIN Iter 213: loss = 0.001891,	Top-1 err = 48.160000,	Top-5 err = 28.460000,	train_time = 1.360916
TRAIN Iter 214: loss = 0.001894,	Top-1 err = 51.120000,	Top-5 err = 31.140000,	train_time = 1.371337
TRAIN Iter 215: loss = 0.001816,	Top-1 err = 46.260000,	Top-5 err = 26.320000,	train_time = 1.400848
TRAIN Iter 216: loss = 0.001841,	Top-1 err = 48.220000,	Top-5 err = 27.740000,	train_time = 1.365871
TRAIN Iter 217: loss = 0.001810,	Top-1 err = 52.480000,	Top-5 err = 31.540000,	train_time = 1.407683
TRAIN Iter 218: loss = 0.001790,	Top-1 err = 47.100000,	Top-5 err = 27.920000,	train_time = 1.367784
TRAIN Iter 219: loss = 0.001828,	Top-1 err = 46.460000,	Top-5 err = 27.900000,	train_time = 1.287825
TRAIN Iter 220: loss = 0.001775,	Top-1 err = 46.620000,	Top-5 err = 27.280000,	train_time = 1.406516
TRAIN Iter 221: loss = 0.001814,	Top-1 err = 48.600000,	Top-5 err = 28.200000,	train_time = 1.392752
TRAIN Iter 222: loss = 0.001777,	Top-1 err = 49.000000,	Top-5 err = 28.700000,	train_time = 1.355828
TRAIN Iter 223: loss = 0.001787,	Top-1 err = 48.480000,	Top-5 err = 28.460000,	train_time = 1.382097
TRAIN Iter 224: loss = 0.001769,	Top-1 err = 51.100000,	Top-5 err = 30.400000,	train_time = 1.318457
TRAIN Iter 225: loss = 0.001798,	Top-1 err = 49.520000,	Top-5 err = 29.360000,	train_time = 1.274469
TRAIN Iter 226: loss = 0.001763,	Top-1 err = 48.560000,	Top-5 err = 28.500000,	train_time = 1.412377
TRAIN Iter 227: loss = 0.001778,	Top-1 err = 48.200000,	Top-5 err = 28.880000,	train_time = 1.416465
TRAIN Iter 228: loss = 0.001757,	Top-1 err = 47.940000,	Top-5 err = 28.080000,	train_time = 1.410187
TRAIN Iter 229: loss = 0.001757,	Top-1 err = 46.440000,	Top-5 err = 28.140000,	train_time = 1.318193
TRAIN Iter 230: loss = 0.001766,	Top-1 err = 48.060000,	Top-5 err = 28.460000,	train_time = 1.328379
TRAIN Iter 231: loss = 0.001790,	Top-1 err = 46.780000,	Top-5 err = 27.880000,	train_time = 1.339897
TRAIN Iter 232: loss = 0.001711,	Top-1 err = 48.140000,	Top-5 err = 30.380000,	train_time = 1.382698
TRAIN Iter 233: loss = 0.001783,	Top-1 err = 49.900000,	Top-5 err = 31.200000,	train_time = 1.346642
TRAIN Iter 234: loss = 0.001749,	Top-1 err = 45.900000,	Top-5 err = 26.600000,	train_time = 1.365471
TRAIN Iter 235: loss = 0.001713,	Top-1 err = 45.220000,	Top-5 err = 26.340000,	train_time = 1.311451
TRAIN Iter 236: loss = 0.001695,	Top-1 err = 48.480000,	Top-5 err = 29.840000,	train_time = 1.319198
TRAIN Iter 237: loss = 0.001717,	Top-1 err = 46.720000,	Top-5 err = 27.220000,	train_time = 1.357236
TRAIN Iter 238: loss = 0.001771,	Top-1 err = 51.040000,	Top-5 err = 31.040000,	train_time = 1.350979
TRAIN Iter 239: loss = 0.001718,	Top-1 err = 42.740000,	Top-5 err = 24.840000,	train_time = 1.363210
TRAIN Iter 240: loss = 0.001758,	Top-1 err = 48.860000,	Top-5 err = 28.960000,	train_time = 1.254956
TRAIN Iter 241: loss = 0.001679,	Top-1 err = 47.940000,	Top-5 err = 28.200000,	train_time = 1.297382
TRAIN Iter 242: loss = 0.001698,	Top-1 err = 47.200000,	Top-5 err = 29.100000,	train_time = 1.363788
TRAIN Iter 243: loss = 0.001659,	Top-1 err = 43.740000,	Top-5 err = 23.560000,	train_time = 1.388704
TRAIN Iter 244: loss = 0.001674,	Top-1 err = 48.840000,	Top-5 err = 27.680000,	train_time = 1.308855
TRAIN Iter 245: loss = 0.001683,	Top-1 err = 47.720000,	Top-5 err = 27.640000,	train_time = 1.383208
TRAIN Iter 246: loss = 0.001687,	Top-1 err = 48.980000,	Top-5 err = 27.960000,	train_time = 1.355371
TRAIN Iter 247: loss = 0.001693,	Top-1 err = 48.880000,	Top-5 err = 30.380000,	train_time = 1.377067
TRAIN Iter 248: loss = 0.001597,	Top-1 err = 46.240000,	Top-5 err = 25.760000,	train_time = 1.368252
TRAIN Iter 249: loss = 0.001641,	Top-1 err = 51.900000,	Top-5 err = 31.620000,	train_time = 1.289737
TEST:
Iter 249: loss = 1.710813,	Top-1 err = 43.460000,	Top-5 err = 16.550000,	val_time = 0.782525
TRAIN Iter 250: loss = 0.001665,	Top-1 err = 45.920000,	Top-5 err = 28.480000,	train_time = 1.395109
TRAIN Iter 251: loss = 0.001689,	Top-1 err = 49.740000,	Top-5 err = 28.800000,	train_time = 1.351913
TRAIN Iter 252: loss = 0.001644,	Top-1 err = 44.480000,	Top-5 err = 25.080000,	train_time = 1.345966
TRAIN Iter 253: loss = 0.001643,	Top-1 err = 44.700000,	Top-5 err = 25.380000,	train_time = 1.346740
TRAIN Iter 254: loss = 0.001617,	Top-1 err = 44.440000,	Top-5 err = 25.720000,	train_time = 1.414254
TRAIN Iter 255: loss = 0.001641,	Top-1 err = 47.480000,	Top-5 err = 27.120000,	train_time = 1.325961
TRAIN Iter 256: loss = 0.001665,	Top-1 err = 48.780000,	Top-5 err = 28.480000,	train_time = 1.441253
TRAIN Iter 257: loss = 0.001581,	Top-1 err = 45.440000,	Top-5 err = 26.360000,	train_time = 1.322555
TRAIN Iter 258: loss = 0.001605,	Top-1 err = 48.700000,	Top-5 err = 29.280000,	train_time = 1.345708
TRAIN Iter 259: loss = 0.001617,	Top-1 err = 49.160000,	Top-5 err = 28.460000,	train_time = 1.308173
TEST:
Iter 259: loss = 1.706096,	Top-1 err = 43.510000,	Top-5 err = 16.610000,	val_time = 0.732067
TRAIN Iter 260: loss = 0.001603,	Top-1 err = 46.800000,	Top-5 err = 27.680000,	train_time = 1.351937
TRAIN Iter 261: loss = 0.001607,	Top-1 err = 44.600000,	Top-5 err = 25.540000,	train_time = 1.352595
TRAIN Iter 262: loss = 0.001593,	Top-1 err = 51.180000,	Top-5 err = 29.980000,	train_time = 1.391438
TRAIN Iter 263: loss = 0.001624,	Top-1 err = 46.880000,	Top-5 err = 28.420000,	train_time = 1.323238
TRAIN Iter 264: loss = 0.001592,	Top-1 err = 48.360000,	Top-5 err = 28.200000,	train_time = 1.369453
TRAIN Iter 265: loss = 0.001598,	Top-1 err = 48.620000,	Top-5 err = 30.200000,	train_time = 1.268037
TRAIN Iter 266: loss = 0.001617,	Top-1 err = 48.220000,	Top-5 err = 28.840000,	train_time = 1.330461
TRAIN Iter 267: loss = 0.001572,	Top-1 err = 46.300000,	Top-5 err = 26.320000,	train_time = 1.273152
TRAIN Iter 268: loss = 0.001602,	Top-1 err = 50.740000,	Top-5 err = 31.340000,	train_time = 1.360709
TRAIN Iter 269: loss = 0.001585,	Top-1 err = 50.780000,	Top-5 err = 29.400000,	train_time = 1.399405
TEST:
Iter 269: loss = 1.728574,	Top-1 err = 43.570000,	Top-5 err = 16.800000,	val_time = 0.788619
TRAIN Iter 270: loss = 0.001614,	Top-1 err = 47.300000,	Top-5 err = 27.980000,	train_time = 1.417060
TRAIN Iter 271: loss = 0.001576,	Top-1 err = 50.480000,	Top-5 err = 29.900000,	train_time = 1.340874
TRAIN Iter 272: loss = 0.001555,	Top-1 err = 45.560000,	Top-5 err = 26.480000,	train_time = 1.363313
TRAIN Iter 273: loss = 0.001560,	Top-1 err = 45.000000,	Top-5 err = 26.600000,	train_time = 1.334246
TRAIN Iter 274: loss = 0.001542,	Top-1 err = 43.480000,	Top-5 err = 24.480000,	train_time = 1.276397
TRAIN Iter 275: loss = 0.001517,	Top-1 err = 45.040000,	Top-5 err = 24.820000,	train_time = 1.381233
TRAIN Iter 276: loss = 0.001540,	Top-1 err = 46.820000,	Top-5 err = 28.040000,	train_time = 1.279389
TRAIN Iter 277: loss = 0.001567,	Top-1 err = 50.140000,	Top-5 err = 29.820000,	train_time = 1.343479
TRAIN Iter 278: loss = 0.001531,	Top-1 err = 48.700000,	Top-5 err = 29.120000,	train_time = 1.327887
TRAIN Iter 279: loss = 0.001565,	Top-1 err = 48.860000,	Top-5 err = 28.860000,	train_time = 1.408496
TEST:
Iter 279: loss = 1.713998,	Top-1 err = 43.410000,	Top-5 err = 17.120000,	val_time = 0.803271
TRAIN Iter 280: loss = 0.001528,	Top-1 err = 47.920000,	Top-5 err = 28.560000,	train_time = 1.333424
TRAIN Iter 281: loss = 0.001546,	Top-1 err = 43.940000,	Top-5 err = 24.800000,	train_time = 1.309680
TRAIN Iter 282: loss = 0.001547,	Top-1 err = 48.340000,	Top-5 err = 28.320000,	train_time = 1.441307
TRAIN Iter 283: loss = 0.001539,	Top-1 err = 44.180000,	Top-5 err = 25.860000,	train_time = 1.289560
TRAIN Iter 284: loss = 0.001543,	Top-1 err = 46.380000,	Top-5 err = 26.840000,	train_time = 1.397506
TRAIN Iter 285: loss = 0.001513,	Top-1 err = 49.820000,	Top-5 err = 29.300000,	train_time = 1.395595
TRAIN Iter 286: loss = 0.001506,	Top-1 err = 46.900000,	Top-5 err = 26.380000,	train_time = 1.376956
TRAIN Iter 287: loss = 0.001507,	Top-1 err = 44.280000,	Top-5 err = 25.260000,	train_time = 1.348720
TRAIN Iter 288: loss = 0.001507,	Top-1 err = 47.160000,	Top-5 err = 26.980000,	train_time = 1.391867
TRAIN Iter 289: loss = 0.001512,	Top-1 err = 42.060000,	Top-5 err = 24.320000,	train_time = 1.387773
TEST:
Iter 289: loss = 1.714944,	Top-1 err = 43.460000,	Top-5 err = 16.650000,	val_time = 0.754840
TRAIN Iter 290: loss = 0.001501,	Top-1 err = 46.840000,	Top-5 err = 27.360000,	train_time = 1.330103
TRAIN Iter 291: loss = 0.001517,	Top-1 err = 48.180000,	Top-5 err = 28.520000,	train_time = 1.429728
TRAIN Iter 292: loss = 0.001498,	Top-1 err = 47.160000,	Top-5 err = 27.600000,	train_time = 1.335688
TRAIN Iter 293: loss = 0.001481,	Top-1 err = 47.180000,	Top-5 err = 26.700000,	train_time = 1.303079
TRAIN Iter 294: loss = 0.001529,	Top-1 err = 48.180000,	Top-5 err = 29.460000,	train_time = 1.349100
TRAIN Iter 295: loss = 0.001497,	Top-1 err = 49.380000,	Top-5 err = 27.380000,	train_time = 1.285284
TRAIN Iter 296: loss = 0.001465,	Top-1 err = 48.220000,	Top-5 err = 28.140000,	train_time = 1.350697
TRAIN Iter 297: loss = 0.001472,	Top-1 err = 45.740000,	Top-5 err = 27.540000,	train_time = 1.312099
TRAIN Iter 298: loss = 0.001509,	Top-1 err = 48.120000,	Top-5 err = 28.700000,	train_time = 1.359745
TRAIN Iter 299: loss = 0.001473,	Top-1 err = 47.620000,	Top-5 err = 28.440000,	train_time = 1.304682
TEST:
Iter 299: loss = 1.694212,	Top-1 err = 43.350000,	Top-5 err = 16.340000,	val_time = 0.781230
Train Finish! Best accuracy is 56.65@299
