/home/dvspanos/miniconda3/envs/rded/lib/python3.10/site-packages/torchvision/models/_utils.py:208: UserWarning: The parameter 'pretrained' is deprecated since 0.13 and may be removed in the future, please use 'weights' instead.
  warnings.warn(
/home/dvspanos/miniconda3/envs/rded/lib/python3.10/site-packages/torchvision/models/_utils.py:223: UserWarning: Arguments other than a weight enum or `None` for 'weights' are deprecated since 0.13 and may be removed in the future. The current behavior is equivalent to passing `weights=None`.
  warnings.warn(msg)
=> using pytorch pre-trained teacher model 'resnet18_modified'
process data from /home/dvspanos/nikos/ca2d/artifacts/rded_sets/bench_cifar100_rn18_el2nw90_ipc10
load data successfully
TRAIN Iter 0: loss = 0.016889,	Top-1 err = 98.100000,	Top-5 err = 90.200000,	train_time = 3.878257
TRAIN Iter 1: loss = 0.014856,	Top-1 err = 96.200000,	Top-5 err = 86.300000,	train_time = 1.812726
TRAIN Iter 2: loss = 0.013340,	Top-1 err = 93.700000,	Top-5 err = 76.600000,	train_time = 1.812671
TRAIN Iter 3: loss = 0.014346,	Top-1 err = 92.600000,	Top-5 err = 77.000000,	train_time = 1.801616
TRAIN Iter 4: loss = 0.015619,	Top-1 err = 94.100000,	Top-5 err = 76.400000,	train_time = 1.818519
TRAIN Iter 5: loss = 0.016123,	Top-1 err = 90.900000,	Top-5 err = 65.100000,	train_time = 1.812208
TRAIN Iter 6: loss = 0.012393,	Top-1 err = 90.300000,	Top-5 err = 71.600000,	train_time = 1.798120
TRAIN Iter 7: loss = 0.013957,	Top-1 err = 90.500000,	Top-5 err = 71.800000,	train_time = 1.810697
TRAIN Iter 8: loss = 0.012910,	Top-1 err = 89.100000,	Top-5 err = 66.500000,	train_time = 1.811816
TRAIN Iter 9: loss = 0.013175,	Top-1 err = 89.200000,	Top-5 err = 67.000000,	train_time = 1.818447
TRAIN Iter 10: loss = 0.013040,	Top-1 err = 84.500000,	Top-5 err = 60.300000,	train_time = 1.833502
TRAIN Iter 11: loss = 0.011305,	Top-1 err = 91.800000,	Top-5 err = 71.300000,	train_time = 1.807011
TRAIN Iter 12: loss = 0.013759,	Top-1 err = 85.300000,	Top-5 err = 54.400000,	train_time = 1.818081
TRAIN Iter 13: loss = 0.011387,	Top-1 err = 84.000000,	Top-5 err = 56.300000,	train_time = 1.830300
TRAIN Iter 14: loss = 0.011104,	Top-1 err = 86.400000,	Top-5 err = 59.200000,	train_time = 1.827869
TRAIN Iter 15: loss = 0.012225,	Top-1 err = 80.200000,	Top-5 err = 52.500000,	train_time = 1.812057
TRAIN Iter 16: loss = 0.011887,	Top-1 err = 86.100000,	Top-5 err = 60.600000,	train_time = 1.818978
TRAIN Iter 17: loss = 0.011183,	Top-1 err = 82.900000,	Top-5 err = 56.200000,	train_time = 1.815909
TRAIN Iter 18: loss = 0.012591,	Top-1 err = 81.600000,	Top-5 err = 54.300000,	train_time = 1.823512
TRAIN Iter 19: loss = 0.011466,	Top-1 err = 75.600000,	Top-5 err = 42.100000,	train_time = 1.789357
TRAIN Iter 20: loss = 0.010803,	Top-1 err = 78.100000,	Top-5 err = 47.500000,	train_time = 1.807230
TRAIN Iter 21: loss = 0.009430,	Top-1 err = 84.800000,	Top-5 err = 60.800000,	train_time = 1.805092
TRAIN Iter 22: loss = 0.010565,	Top-1 err = 73.700000,	Top-5 err = 39.100000,	train_time = 1.805973
TRAIN Iter 23: loss = 0.011002,	Top-1 err = 72.800000,	Top-5 err = 38.700000,	train_time = 1.822022
TRAIN Iter 24: loss = 0.011225,	Top-1 err = 74.800000,	Top-5 err = 43.700000,	train_time = 1.814377
TRAIN Iter 25: loss = 0.009704,	Top-1 err = 71.500000,	Top-5 err = 43.000000,	train_time = 1.814150
TRAIN Iter 26: loss = 0.009362,	Top-1 err = 77.100000,	Top-5 err = 52.200000,	train_time = 1.798399
TRAIN Iter 27: loss = 0.009136,	Top-1 err = 81.600000,	Top-5 err = 57.700000,	train_time = 1.804132
TRAIN Iter 28: loss = 0.009082,	Top-1 err = 69.600000,	Top-5 err = 41.400000,	train_time = 1.802460
TRAIN Iter 29: loss = 0.009149,	Top-1 err = 75.200000,	Top-5 err = 44.900000,	train_time = 1.812598
TRAIN Iter 30: loss = 0.009335,	Top-1 err = 76.200000,	Top-5 err = 48.800000,	train_time = 1.808819
TRAIN Iter 31: loss = 0.008569,	Top-1 err = 69.800000,	Top-5 err = 42.300000,	train_time = 1.815695
TRAIN Iter 32: loss = 0.008407,	Top-1 err = 64.100000,	Top-5 err = 31.500000,	train_time = 1.804341
TRAIN Iter 33: loss = 0.008965,	Top-1 err = 69.100000,	Top-5 err = 38.000000,	train_time = 1.819458
TRAIN Iter 34: loss = 0.009109,	Top-1 err = 69.600000,	Top-5 err = 44.300000,	train_time = 1.813746
TRAIN Iter 35: loss = 0.008451,	Top-1 err = 74.300000,	Top-5 err = 47.600000,	train_time = 1.793996
TRAIN Iter 36: loss = 0.008769,	Top-1 err = 64.500000,	Top-5 err = 38.200000,	train_time = 1.821455
TRAIN Iter 37: loss = 0.009043,	Top-1 err = 66.400000,	Top-5 err = 40.500000,	train_time = 1.801021
TRAIN Iter 38: loss = 0.008160,	Top-1 err = 66.800000,	Top-5 err = 38.500000,	train_time = 1.809278
TRAIN Iter 39: loss = 0.007961,	Top-1 err = 65.600000,	Top-5 err = 38.300000,	train_time = 1.794465
TRAIN Iter 40: loss = 0.007899,	Top-1 err = 70.900000,	Top-5 err = 45.600000,	train_time = 1.807545
TRAIN Iter 41: loss = 0.007820,	Top-1 err = 66.100000,	Top-5 err = 38.600000,	train_time = 1.810587
TRAIN Iter 42: loss = 0.008066,	Top-1 err = 52.400000,	Top-5 err = 19.700000,	train_time = 1.816718
TRAIN Iter 43: loss = 0.008001,	Top-1 err = 58.300000,	Top-5 err = 29.700000,	train_time = 1.828357
TRAIN Iter 44: loss = 0.007972,	Top-1 err = 67.200000,	Top-5 err = 40.900000,	train_time = 1.811135
TRAIN Iter 45: loss = 0.007724,	Top-1 err = 65.800000,	Top-5 err = 37.700000,	train_time = 1.796661
TRAIN Iter 46: loss = 0.008002,	Top-1 err = 58.000000,	Top-5 err = 31.300000,	train_time = 1.793726
TRAIN Iter 47: loss = 0.007627,	Top-1 err = 60.800000,	Top-5 err = 32.600000,	train_time = 1.803943
TRAIN Iter 48: loss = 0.007560,	Top-1 err = 48.200000,	Top-5 err = 21.000000,	train_time = 1.816839
TRAIN Iter 49: loss = 0.007099,	Top-1 err = 42.200000,	Top-5 err = 15.000000,	train_time = 1.838526
TRAIN Iter 50: loss = 0.007550,	Top-1 err = 54.000000,	Top-5 err = 28.700000,	train_time = 1.790644
TRAIN Iter 51: loss = 0.007455,	Top-1 err = 53.100000,	Top-5 err = 28.400000,	train_time = 1.819921
TRAIN Iter 52: loss = 0.007391,	Top-1 err = 61.800000,	Top-5 err = 42.500000,	train_time = 1.809955
TRAIN Iter 53: loss = 0.007409,	Top-1 err = 51.700000,	Top-5 err = 26.400000,	train_time = 1.826163
TRAIN Iter 54: loss = 0.007393,	Top-1 err = 55.300000,	Top-5 err = 30.900000,	train_time = 1.813124
TRAIN Iter 55: loss = 0.007149,	Top-1 err = 50.400000,	Top-5 err = 26.500000,	train_time = 1.799593
TRAIN Iter 56: loss = 0.007008,	Top-1 err = 57.000000,	Top-5 err = 34.000000,	train_time = 1.813305
TRAIN Iter 57: loss = 0.006924,	Top-1 err = 63.600000,	Top-5 err = 38.100000,	train_time = 1.802011
TRAIN Iter 58: loss = 0.007123,	Top-1 err = 58.200000,	Top-5 err = 30.900000,	train_time = 1.812718
TRAIN Iter 59: loss = 0.006967,	Top-1 err = 50.200000,	Top-5 err = 28.400000,	train_time = 1.808641
TRAIN Iter 60: loss = 0.006615,	Top-1 err = 40.300000,	Top-5 err = 13.800000,	train_time = 1.817707
TRAIN Iter 61: loss = 0.006159,	Top-1 err = 48.700000,	Top-5 err = 22.300000,	train_time = 1.808038
TRAIN Iter 62: loss = 0.006667,	Top-1 err = 44.100000,	Top-5 err = 25.400000,	train_time = 1.816579
TRAIN Iter 63: loss = 0.006440,	Top-1 err = 29.300000,	Top-5 err = 6.900000,	train_time = 1.810449
TRAIN Iter 64: loss = 0.006617,	Top-1 err = 53.100000,	Top-5 err = 30.300000,	train_time = 1.815164
TRAIN Iter 65: loss = 0.006465,	Top-1 err = 49.000000,	Top-5 err = 25.400000,	train_time = 1.811924
TRAIN Iter 66: loss = 0.006686,	Top-1 err = 55.900000,	Top-5 err = 37.100000,	train_time = 1.820592
TRAIN Iter 67: loss = 0.006305,	Top-1 err = 30.800000,	Top-5 err = 11.600000,	train_time = 1.822447
TRAIN Iter 68: loss = 0.006425,	Top-1 err = 55.800000,	Top-5 err = 32.800000,	train_time = 1.820708
TRAIN Iter 69: loss = 0.006177,	Top-1 err = 52.800000,	Top-5 err = 32.000000,	train_time = 1.798421
TRAIN Iter 70: loss = 0.006171,	Top-1 err = 39.000000,	Top-5 err = 14.100000,	train_time = 1.822415
TRAIN Iter 71: loss = 0.006254,	Top-1 err = 47.800000,	Top-5 err = 27.100000,	train_time = 1.810490
TRAIN Iter 72: loss = 0.005972,	Top-1 err = 61.200000,	Top-5 err = 40.300000,	train_time = 1.802789
TRAIN Iter 73: loss = 0.006032,	Top-1 err = 41.300000,	Top-5 err = 19.300000,	train_time = 1.801028
TRAIN Iter 74: loss = 0.006124,	Top-1 err = 57.800000,	Top-5 err = 32.900000,	train_time = 1.811427
TRAIN Iter 75: loss = 0.006259,	Top-1 err = 36.000000,	Top-5 err = 17.800000,	train_time = 1.819739
TRAIN Iter 76: loss = 0.006143,	Top-1 err = 48.900000,	Top-5 err = 28.000000,	train_time = 1.822409
TRAIN Iter 77: loss = 0.005995,	Top-1 err = 48.300000,	Top-5 err = 29.100000,	train_time = 1.804297
TRAIN Iter 78: loss = 0.005981,	Top-1 err = 44.000000,	Top-5 err = 22.100000,	train_time = 1.822473
TRAIN Iter 79: loss = 0.006071,	Top-1 err = 60.000000,	Top-5 err = 41.700000,	train_time = 1.808620
TRAIN Iter 80: loss = 0.005731,	Top-1 err = 45.100000,	Top-5 err = 21.500000,	train_time = 1.805194
TRAIN Iter 81: loss = 0.005740,	Top-1 err = 44.100000,	Top-5 err = 21.100000,	train_time = 1.820203
TRAIN Iter 82: loss = 0.005740,	Top-1 err = 55.300000,	Top-5 err = 30.000000,	train_time = 1.793459
TRAIN Iter 83: loss = 0.005996,	Top-1 err = 37.300000,	Top-5 err = 18.800000,	train_time = 1.815963
TRAIN Iter 84: loss = 0.005885,	Top-1 err = 55.000000,	Top-5 err = 34.000000,	train_time = 1.806556
TRAIN Iter 85: loss = 0.005518,	Top-1 err = 53.100000,	Top-5 err = 28.200000,	train_time = 1.793167
TRAIN Iter 86: loss = 0.005433,	Top-1 err = 45.700000,	Top-5 err = 27.900000,	train_time = 1.800709
TRAIN Iter 87: loss = 0.005747,	Top-1 err = 29.500000,	Top-5 err = 12.700000,	train_time = 1.817477
TRAIN Iter 88: loss = 0.005247,	Top-1 err = 59.100000,	Top-5 err = 36.600000,	train_time = 1.789312
TRAIN Iter 89: loss = 0.005538,	Top-1 err = 46.600000,	Top-5 err = 24.400000,	train_time = 1.814506
TRAIN Iter 90: loss = 0.005577,	Top-1 err = 59.700000,	Top-5 err = 37.100000,	train_time = 1.784108
TRAIN Iter 91: loss = 0.005500,	Top-1 err = 44.700000,	Top-5 err = 26.300000,	train_time = 1.808856
TRAIN Iter 92: loss = 0.005238,	Top-1 err = 43.100000,	Top-5 err = 24.700000,	train_time = 1.812624
TRAIN Iter 93: loss = 0.005375,	Top-1 err = 34.900000,	Top-5 err = 17.000000,	train_time = 1.816149
TRAIN Iter 94: loss = 0.005531,	Top-1 err = 49.100000,	Top-5 err = 29.200000,	train_time = 1.804957
TRAIN Iter 95: loss = 0.005502,	Top-1 err = 20.100000,	Top-5 err = 9.800000,	train_time = 1.831650
TRAIN Iter 96: loss = 0.005183,	Top-1 err = 45.200000,	Top-5 err = 29.300000,	train_time = 1.814191
TRAIN Iter 97: loss = 0.005682,	Top-1 err = 61.300000,	Top-5 err = 42.400000,	train_time = 1.824622
TRAIN Iter 98: loss = 0.005530,	Top-1 err = 54.200000,	Top-5 err = 33.500000,	train_time = 1.803556
TRAIN Iter 99: loss = 0.005165,	Top-1 err = 47.100000,	Top-5 err = 28.000000,	train_time = 1.802700
TRAIN Iter 100: loss = 0.005407,	Top-1 err = 43.300000,	Top-5 err = 25.100000,	train_time = 1.809920
TRAIN Iter 101: loss = 0.005272,	Top-1 err = 51.900000,	Top-5 err = 32.800000,	train_time = 1.809234
TRAIN Iter 102: loss = 0.005123,	Top-1 err = 31.100000,	Top-5 err = 14.100000,	train_time = 1.808085
TRAIN Iter 103: loss = 0.005093,	Top-1 err = 43.700000,	Top-5 err = 26.800000,	train_time = 1.823487
TRAIN Iter 104: loss = 0.005065,	Top-1 err = 25.200000,	Top-5 err = 10.500000,	train_time = 1.809787
TRAIN Iter 105: loss = 0.005397,	Top-1 err = 56.200000,	Top-5 err = 31.900000,	train_time = 1.811322
TRAIN Iter 106: loss = 0.005268,	Top-1 err = 51.000000,	Top-5 err = 32.000000,	train_time = 1.829254
TRAIN Iter 107: loss = 0.005160,	Top-1 err = 32.300000,	Top-5 err = 14.900000,	train_time = 1.809852
TRAIN Iter 108: loss = 0.004905,	Top-1 err = 48.400000,	Top-5 err = 28.600000,	train_time = 1.821376
TRAIN Iter 109: loss = 0.005096,	Top-1 err = 62.200000,	Top-5 err = 44.700000,	train_time = 1.796804
TRAIN Iter 110: loss = 0.005126,	Top-1 err = 26.400000,	Top-5 err = 11.700000,	train_time = 1.805370
TRAIN Iter 111: loss = 0.004872,	Top-1 err = 27.000000,	Top-5 err = 11.700000,	train_time = 1.811269
TRAIN Iter 112: loss = 0.004962,	Top-1 err = 41.400000,	Top-5 err = 20.400000,	train_time = 1.820032
TRAIN Iter 113: loss = 0.004845,	Top-1 err = 53.100000,	Top-5 err = 34.000000,	train_time = 1.810133
TRAIN Iter 114: loss = 0.004950,	Top-1 err = 47.500000,	Top-5 err = 27.700000,	train_time = 1.819350
TRAIN Iter 115: loss = 0.004783,	Top-1 err = 39.800000,	Top-5 err = 24.100000,	train_time = 1.809415
TRAIN Iter 116: loss = 0.004551,	Top-1 err = 37.200000,	Top-5 err = 25.700000,	train_time = 1.795070
TRAIN Iter 117: loss = 0.004645,	Top-1 err = 19.100000,	Top-5 err = 4.700000,	train_time = 1.812897
TRAIN Iter 118: loss = 0.004906,	Top-1 err = 41.500000,	Top-5 err = 25.500000,	train_time = 1.823288
TRAIN Iter 119: loss = 0.004699,	Top-1 err = 26.100000,	Top-5 err = 12.800000,	train_time = 1.823288
TRAIN Iter 120: loss = 0.005097,	Top-1 err = 51.200000,	Top-5 err = 33.700000,	train_time = 1.805050
TRAIN Iter 121: loss = 0.004877,	Top-1 err = 36.900000,	Top-5 err = 18.500000,	train_time = 1.799535
TRAIN Iter 122: loss = 0.004640,	Top-1 err = 34.500000,	Top-5 err = 15.100000,	train_time = 1.808129
TRAIN Iter 123: loss = 0.004915,	Top-1 err = 58.400000,	Top-5 err = 36.000000,	train_time = 1.805288
TRAIN Iter 124: loss = 0.004579,	Top-1 err = 33.000000,	Top-5 err = 20.700000,	train_time = 1.802518
TRAIN Iter 125: loss = 0.004786,	Top-1 err = 43.700000,	Top-5 err = 29.000000,	train_time = 1.809443
TRAIN Iter 126: loss = 0.004725,	Top-1 err = 45.900000,	Top-5 err = 29.100000,	train_time = 1.815290
TRAIN Iter 127: loss = 0.004477,	Top-1 err = 22.300000,	Top-5 err = 10.000000,	train_time = 1.830193
TRAIN Iter 128: loss = 0.004983,	Top-1 err = 50.700000,	Top-5 err = 31.900000,	train_time = 1.802547
TRAIN Iter 129: loss = 0.004782,	Top-1 err = 57.000000,	Top-5 err = 34.500000,	train_time = 1.819329
TRAIN Iter 130: loss = 0.004709,	Top-1 err = 49.400000,	Top-5 err = 28.400000,	train_time = 1.816776
TRAIN Iter 131: loss = 0.004483,	Top-1 err = 32.400000,	Top-5 err = 16.500000,	train_time = 1.827169
TRAIN Iter 132: loss = 0.004690,	Top-1 err = 47.100000,	Top-5 err = 28.400000,	train_time = 1.807231
TRAIN Iter 133: loss = 0.004544,	Top-1 err = 30.500000,	Top-5 err = 15.400000,	train_time = 1.818228
TRAIN Iter 134: loss = 0.004555,	Top-1 err = 41.500000,	Top-5 err = 26.100000,	train_time = 1.818603
TRAIN Iter 135: loss = 0.004273,	Top-1 err = 20.900000,	Top-5 err = 8.000000,	train_time = 1.814971
TRAIN Iter 136: loss = 0.004775,	Top-1 err = 30.800000,	Top-5 err = 13.000000,	train_time = 1.810495
TRAIN Iter 137: loss = 0.004528,	Top-1 err = 48.200000,	Top-5 err = 30.500000,	train_time = 1.807366
TRAIN Iter 138: loss = 0.004462,	Top-1 err = 41.500000,	Top-5 err = 28.300000,	train_time = 1.807235
TRAIN Iter 139: loss = 0.004451,	Top-1 err = 46.400000,	Top-5 err = 33.000000,	train_time = 1.796967
TRAIN Iter 140: loss = 0.004489,	Top-1 err = 39.200000,	Top-5 err = 18.000000,	train_time = 1.825248
TRAIN Iter 141: loss = 0.004330,	Top-1 err = 33.100000,	Top-5 err = 22.200000,	train_time = 1.813999
TRAIN Iter 142: loss = 0.004308,	Top-1 err = 34.800000,	Top-5 err = 19.500000,	train_time = 1.813838
TRAIN Iter 143: loss = 0.004457,	Top-1 err = 52.500000,	Top-5 err = 37.200000,	train_time = 1.785406
TRAIN Iter 144: loss = 0.004362,	Top-1 err = 28.900000,	Top-5 err = 13.300000,	train_time = 1.822152
TRAIN Iter 145: loss = 0.004407,	Top-1 err = 39.600000,	Top-5 err = 21.600000,	train_time = 1.803153
TRAIN Iter 146: loss = 0.004101,	Top-1 err = 28.800000,	Top-5 err = 11.900000,	train_time = 1.813451
TRAIN Iter 147: loss = 0.004450,	Top-1 err = 38.300000,	Top-5 err = 20.300000,	train_time = 1.813175
TRAIN Iter 148: loss = 0.004266,	Top-1 err = 48.500000,	Top-5 err = 35.800000,	train_time = 1.806432
TRAIN Iter 149: loss = 0.004439,	Top-1 err = 43.600000,	Top-5 err = 26.800000,	train_time = 1.809469
TRAIN Iter 150: loss = 0.004226,	Top-1 err = 38.800000,	Top-5 err = 25.800000,	train_time = 1.794566
TRAIN Iter 151: loss = 0.004391,	Top-1 err = 39.200000,	Top-5 err = 22.000000,	train_time = 1.805272
TRAIN Iter 152: loss = 0.004393,	Top-1 err = 39.800000,	Top-5 err = 20.200000,	train_time = 1.817702
TRAIN Iter 153: loss = 0.004264,	Top-1 err = 38.000000,	Top-5 err = 21.700000,	train_time = 1.801223
TRAIN Iter 154: loss = 0.004287,	Top-1 err = 45.700000,	Top-5 err = 30.500000,	train_time = 1.812472
TRAIN Iter 155: loss = 0.004315,	Top-1 err = 25.700000,	Top-5 err = 12.100000,	train_time = 1.804385
TRAIN Iter 156: loss = 0.004212,	Top-1 err = 41.000000,	Top-5 err = 26.800000,	train_time = 1.815291
TRAIN Iter 157: loss = 0.004251,	Top-1 err = 42.900000,	Top-5 err = 25.700000,	train_time = 1.804570
TRAIN Iter 158: loss = 0.004150,	Top-1 err = 30.800000,	Top-5 err = 16.800000,	train_time = 1.813485
TRAIN Iter 159: loss = 0.004128,	Top-1 err = 21.500000,	Top-5 err = 7.200000,	train_time = 1.817714
TRAIN Iter 160: loss = 0.004114,	Top-1 err = 41.800000,	Top-5 err = 25.200000,	train_time = 1.822764
TRAIN Iter 161: loss = 0.004438,	Top-1 err = 57.500000,	Top-5 err = 36.700000,	train_time = 1.818944
TRAIN Iter 162: loss = 0.003973,	Top-1 err = 36.500000,	Top-5 err = 25.200000,	train_time = 1.810262
TRAIN Iter 163: loss = 0.003998,	Top-1 err = 28.800000,	Top-5 err = 13.300000,	train_time = 1.789487
TRAIN Iter 164: loss = 0.003978,	Top-1 err = 42.400000,	Top-5 err = 30.000000,	train_time = 1.813289
TRAIN Iter 165: loss = 0.003935,	Top-1 err = 27.500000,	Top-5 err = 13.000000,	train_time = 1.807153
TRAIN Iter 166: loss = 0.003913,	Top-1 err = 27.500000,	Top-5 err = 14.200000,	train_time = 1.815340
TRAIN Iter 167: loss = 0.004231,	Top-1 err = 35.500000,	Top-5 err = 19.000000,	train_time = 1.810626
TRAIN Iter 168: loss = 0.003891,	Top-1 err = 22.700000,	Top-5 err = 11.400000,	train_time = 1.818253
TRAIN Iter 169: loss = 0.004359,	Top-1 err = 49.600000,	Top-5 err = 30.300000,	train_time = 1.815840
TRAIN Iter 170: loss = 0.004258,	Top-1 err = 49.000000,	Top-5 err = 29.700000,	train_time = 1.824204
TRAIN Iter 171: loss = 0.004326,	Top-1 err = 56.300000,	Top-5 err = 34.200000,	train_time = 1.807845
TRAIN Iter 172: loss = 0.004054,	Top-1 err = 51.100000,	Top-5 err = 37.500000,	train_time = 1.817809
TRAIN Iter 173: loss = 0.004185,	Top-1 err = 53.300000,	Top-5 err = 34.200000,	train_time = 1.813562
TRAIN Iter 174: loss = 0.004092,	Top-1 err = 42.900000,	Top-5 err = 25.100000,	train_time = 1.807749
TRAIN Iter 175: loss = 0.004218,	Top-1 err = 40.200000,	Top-5 err = 23.700000,	train_time = 1.805626
TRAIN Iter 176: loss = 0.004112,	Top-1 err = 35.100000,	Top-5 err = 20.300000,	train_time = 1.798984
TRAIN Iter 177: loss = 0.004338,	Top-1 err = 46.500000,	Top-5 err = 24.500000,	train_time = 1.797818
TRAIN Iter 178: loss = 0.003928,	Top-1 err = 35.700000,	Top-5 err = 19.000000,	train_time = 1.802911
TRAIN Iter 179: loss = 0.004111,	Top-1 err = 50.900000,	Top-5 err = 31.700000,	train_time = 1.801034
TRAIN Iter 180: loss = 0.003764,	Top-1 err = 28.400000,	Top-5 err = 13.800000,	train_time = 1.819973
TRAIN Iter 181: loss = 0.003991,	Top-1 err = 56.400000,	Top-5 err = 36.700000,	train_time = 1.806747
TRAIN Iter 182: loss = 0.003881,	Top-1 err = 40.100000,	Top-5 err = 23.700000,	train_time = 1.813424
TRAIN Iter 183: loss = 0.003940,	Top-1 err = 29.500000,	Top-5 err = 15.800000,	train_time = 1.812377
TRAIN Iter 184: loss = 0.003824,	Top-1 err = 40.600000,	Top-5 err = 26.700000,	train_time = 1.801975
TRAIN Iter 185: loss = 0.004029,	Top-1 err = 46.300000,	Top-5 err = 27.400000,	train_time = 1.797372
TRAIN Iter 186: loss = 0.004202,	Top-1 err = 56.700000,	Top-5 err = 37.400000,	train_time = 1.807315
TRAIN Iter 187: loss = 0.003948,	Top-1 err = 27.700000,	Top-5 err = 14.000000,	train_time = 1.808758
TRAIN Iter 188: loss = 0.004016,	Top-1 err = 42.100000,	Top-5 err = 21.600000,	train_time = 1.821981
TRAIN Iter 189: loss = 0.003865,	Top-1 err = 35.900000,	Top-5 err = 17.600000,	train_time = 1.833619
TRAIN Iter 190: loss = 0.003832,	Top-1 err = 45.200000,	Top-5 err = 27.000000,	train_time = 1.820255
TRAIN Iter 191: loss = 0.003938,	Top-1 err = 44.400000,	Top-5 err = 29.100000,	train_time = 1.816583
TRAIN Iter 192: loss = 0.004088,	Top-1 err = 57.200000,	Top-5 err = 41.200000,	train_time = 1.811544
TRAIN Iter 193: loss = 0.003736,	Top-1 err = 30.700000,	Top-5 err = 15.100000,	train_time = 1.808647
TRAIN Iter 194: loss = 0.003906,	Top-1 err = 33.200000,	Top-5 err = 21.200000,	train_time = 1.808776
TRAIN Iter 195: loss = 0.004241,	Top-1 err = 79.000000,	Top-5 err = 59.100000,	train_time = 1.802751
TRAIN Iter 196: loss = 0.003650,	Top-1 err = 42.800000,	Top-5 err = 28.000000,	train_time = 1.802189
TRAIN Iter 197: loss = 0.004077,	Top-1 err = 55.900000,	Top-5 err = 34.100000,	train_time = 1.817026
TRAIN Iter 198: loss = 0.003974,	Top-1 err = 51.000000,	Top-5 err = 31.400000,	train_time = 1.809854
TRAIN Iter 199: loss = 0.003886,	Top-1 err = 48.200000,	Top-5 err = 23.400000,	train_time = 1.808746
TRAIN Iter 200: loss = 0.003768,	Top-1 err = 60.700000,	Top-5 err = 44.300000,	train_time = 1.797358
TRAIN Iter 201: loss = 0.003729,	Top-1 err = 32.400000,	Top-5 err = 18.600000,	train_time = 1.812255
TRAIN Iter 202: loss = 0.003897,	Top-1 err = 33.800000,	Top-5 err = 17.000000,	train_time = 1.814371
TRAIN Iter 203: loss = 0.003746,	Top-1 err = 33.100000,	Top-5 err = 17.700000,	train_time = 1.817501
TRAIN Iter 204: loss = 0.003791,	Top-1 err = 34.000000,	Top-5 err = 18.000000,	train_time = 1.812132
TRAIN Iter 205: loss = 0.003839,	Top-1 err = 48.000000,	Top-5 err = 32.700000,	train_time = 1.797449
TRAIN Iter 206: loss = 0.003411,	Top-1 err = 18.000000,	Top-5 err = 7.800000,	train_time = 1.805477
TRAIN Iter 207: loss = 0.004132,	Top-1 err = 58.900000,	Top-5 err = 38.700000,	train_time = 1.787416
TRAIN Iter 208: loss = 0.003999,	Top-1 err = 55.200000,	Top-5 err = 36.800000,	train_time = 1.820041
TRAIN Iter 209: loss = 0.003726,	Top-1 err = 53.700000,	Top-5 err = 40.600000,	train_time = 1.808323
TRAIN Iter 210: loss = 0.003688,	Top-1 err = 39.600000,	Top-5 err = 23.100000,	train_time = 1.816450
TRAIN Iter 211: loss = 0.003617,	Top-1 err = 37.000000,	Top-5 err = 21.200000,	train_time = 1.799566
TRAIN Iter 212: loss = 0.003680,	Top-1 err = 29.200000,	Top-5 err = 13.300000,	train_time = 1.798410
TRAIN Iter 213: loss = 0.003818,	Top-1 err = 48.100000,	Top-5 err = 35.200000,	train_time = 1.811076
TRAIN Iter 214: loss = 0.003680,	Top-1 err = 32.300000,	Top-5 err = 13.900000,	train_time = 1.807972
TRAIN Iter 215: loss = 0.003404,	Top-1 err = 38.000000,	Top-5 err = 25.000000,	train_time = 1.813085
TRAIN Iter 216: loss = 0.003644,	Top-1 err = 43.200000,	Top-5 err = 27.600000,	train_time = 1.816543
TRAIN Iter 217: loss = 0.003772,	Top-1 err = 36.500000,	Top-5 err = 20.200000,	train_time = 1.805071
TRAIN Iter 218: loss = 0.003316,	Top-1 err = 35.000000,	Top-5 err = 24.300000,	train_time = 1.808119
TRAIN Iter 219: loss = 0.003525,	Top-1 err = 28.000000,	Top-5 err = 14.000000,	train_time = 1.803068
TRAIN Iter 220: loss = 0.003742,	Top-1 err = 30.300000,	Top-5 err = 14.500000,	train_time = 1.794482
TRAIN Iter 221: loss = 0.003505,	Top-1 err = 24.900000,	Top-5 err = 12.300000,	train_time = 1.822266
TRAIN Iter 222: loss = 0.003583,	Top-1 err = 26.000000,	Top-5 err = 11.800000,	train_time = 1.797115
TRAIN Iter 223: loss = 0.003632,	Top-1 err = 32.300000,	Top-5 err = 15.200000,	train_time = 1.810883
TRAIN Iter 224: loss = 0.003936,	Top-1 err = 64.900000,	Top-5 err = 43.400000,	train_time = 1.797870
TRAIN Iter 225: loss = 0.003558,	Top-1 err = 27.000000,	Top-5 err = 14.600000,	train_time = 1.798588
TRAIN Iter 226: loss = 0.003843,	Top-1 err = 49.200000,	Top-5 err = 29.400000,	train_time = 1.816949
TRAIN Iter 227: loss = 0.003672,	Top-1 err = 37.300000,	Top-5 err = 19.400000,	train_time = 1.829752
TRAIN Iter 228: loss = 0.003752,	Top-1 err = 45.300000,	Top-5 err = 29.300000,	train_time = 1.817666
TRAIN Iter 229: loss = 0.003521,	Top-1 err = 34.500000,	Top-5 err = 22.900000,	train_time = 1.819299
TRAIN Iter 230: loss = 0.003367,	Top-1 err = 20.600000,	Top-5 err = 7.500000,	train_time = 1.805819
TRAIN Iter 231: loss = 0.003413,	Top-1 err = 29.500000,	Top-5 err = 14.200000,	train_time = 1.800589
TRAIN Iter 232: loss = 0.003680,	Top-1 err = 53.900000,	Top-5 err = 36.700000,	train_time = 1.799742
TRAIN Iter 233: loss = 0.003518,	Top-1 err = 57.600000,	Top-5 err = 40.300000,	train_time = 1.820441
TRAIN Iter 234: loss = 0.003037,	Top-1 err = 16.300000,	Top-5 err = 9.200000,	train_time = 1.814034
TRAIN Iter 235: loss = 0.003632,	Top-1 err = 41.500000,	Top-5 err = 23.500000,	train_time = 1.820022
TRAIN Iter 236: loss = 0.003556,	Top-1 err = 43.200000,	Top-5 err = 30.800000,	train_time = 1.827582
TRAIN Iter 237: loss = 0.003308,	Top-1 err = 34.900000,	Top-5 err = 21.100000,	train_time = 1.834820
TRAIN Iter 238: loss = 0.003550,	Top-1 err = 28.500000,	Top-5 err = 15.100000,	train_time = 1.831647
TRAIN Iter 239: loss = 0.003584,	Top-1 err = 36.400000,	Top-5 err = 17.800000,	train_time = 1.810223
TRAIN Iter 240: loss = 0.003576,	Top-1 err = 39.400000,	Top-5 err = 17.800000,	train_time = 1.811523
TRAIN Iter 241: loss = 0.003360,	Top-1 err = 36.100000,	Top-5 err = 20.900000,	train_time = 1.804202
TRAIN Iter 242: loss = 0.003486,	Top-1 err = 44.000000,	Top-5 err = 28.700000,	train_time = 1.821277
TRAIN Iter 243: loss = 0.003323,	Top-1 err = 22.800000,	Top-5 err = 11.000000,	train_time = 1.819986
TRAIN Iter 244: loss = 0.003483,	Top-1 err = 48.900000,	Top-5 err = 32.100000,	train_time = 1.801624
TRAIN Iter 245: loss = 0.003312,	Top-1 err = 32.900000,	Top-5 err = 17.800000,	train_time = 1.811421
TRAIN Iter 246: loss = 0.003239,	Top-1 err = 31.800000,	Top-5 err = 18.200000,	train_time = 1.818774
TRAIN Iter 247: loss = 0.003456,	Top-1 err = 33.600000,	Top-5 err = 16.900000,	train_time = 1.801444
TRAIN Iter 248: loss = 0.003531,	Top-1 err = 51.500000,	Top-5 err = 28.400000,	train_time = 1.819416
TRAIN Iter 249: loss = 0.003430,	Top-1 err = 41.600000,	Top-5 err = 23.700000,	train_time = 1.823851
TEST:
Iter 249: loss = 2.051395,	Top-1 err = 50.770000,	Top-5 err = 20.400000,	val_time = 3.381568
TRAIN Iter 250: loss = 0.003334,	Top-1 err = 42.600000,	Top-5 err = 29.500000,	train_time = 1.822197
TRAIN Iter 251: loss = 0.003281,	Top-1 err = 28.300000,	Top-5 err = 11.900000,	train_time = 1.815581
TRAIN Iter 252: loss = 0.003509,	Top-1 err = 51.900000,	Top-5 err = 27.700000,	train_time = 1.827048
TRAIN Iter 253: loss = 0.003320,	Top-1 err = 41.300000,	Top-5 err = 28.300000,	train_time = 1.808739
TRAIN Iter 254: loss = 0.003450,	Top-1 err = 41.300000,	Top-5 err = 22.500000,	train_time = 1.807381
TRAIN Iter 255: loss = 0.003558,	Top-1 err = 47.200000,	Top-5 err = 26.700000,	train_time = 1.817782
TRAIN Iter 256: loss = 0.003514,	Top-1 err = 48.300000,	Top-5 err = 33.200000,	train_time = 1.806545
TRAIN Iter 257: loss = 0.003577,	Top-1 err = 37.900000,	Top-5 err = 17.200000,	train_time = 1.816645
TRAIN Iter 258: loss = 0.003606,	Top-1 err = 51.900000,	Top-5 err = 32.800000,	train_time = 1.794307
TRAIN Iter 259: loss = 0.003064,	Top-1 err = 37.500000,	Top-5 err = 27.300000,	train_time = 1.819236
TEST:
Iter 259: loss = 1.979388,	Top-1 err = 49.640000,	Top-5 err = 19.220000,	val_time = 3.383868
TRAIN Iter 260: loss = 0.003275,	Top-1 err = 38.000000,	Top-5 err = 21.400000,	train_time = 1.813084
TRAIN Iter 261: loss = 0.003336,	Top-1 err = 67.700000,	Top-5 err = 49.500000,	train_time = 1.813286
TRAIN Iter 262: loss = 0.003186,	Top-1 err = 29.200000,	Top-5 err = 17.100000,	train_time = 1.815825
TRAIN Iter 263: loss = 0.003171,	Top-1 err = 29.400000,	Top-5 err = 14.900000,	train_time = 1.829883
TRAIN Iter 264: loss = 0.003330,	Top-1 err = 51.800000,	Top-5 err = 35.000000,	train_time = 1.818146
TRAIN Iter 265: loss = 0.003180,	Top-1 err = 41.200000,	Top-5 err = 28.800000,	train_time = 1.811681
TRAIN Iter 266: loss = 0.003272,	Top-1 err = 34.100000,	Top-5 err = 17.300000,	train_time = 1.812522
TRAIN Iter 267: loss = 0.003500,	Top-1 err = 30.500000,	Top-5 err = 12.600000,	train_time = 1.806882
TRAIN Iter 268: loss = 0.003429,	Top-1 err = 54.500000,	Top-5 err = 38.800000,	train_time = 1.809024
TRAIN Iter 269: loss = 0.003544,	Top-1 err = 63.300000,	Top-5 err = 45.700000,	train_time = 1.810048
TEST:
Iter 269: loss = 2.025730,	Top-1 err = 49.770000,	Top-5 err = 19.730000,	val_time = 3.380063
TRAIN Iter 270: loss = 0.003186,	Top-1 err = 32.300000,	Top-5 err = 17.500000,	train_time = 1.809612
TRAIN Iter 271: loss = 0.002888,	Top-1 err = 16.900000,	Top-5 err = 6.400000,	train_time = 1.827305
TRAIN Iter 272: loss = 0.003325,	Top-1 err = 57.200000,	Top-5 err = 35.300000,	train_time = 1.812549
TRAIN Iter 273: loss = 0.003422,	Top-1 err = 46.400000,	Top-5 err = 27.500000,	train_time = 1.811605
TRAIN Iter 274: loss = 0.003511,	Top-1 err = 51.100000,	Top-5 err = 30.000000,	train_time = 1.831923
TRAIN Iter 275: loss = 0.003393,	Top-1 err = 46.700000,	Top-5 err = 27.500000,	train_time = 1.810377
TRAIN Iter 276: loss = 0.003314,	Top-1 err = 49.500000,	Top-5 err = 35.500000,	train_time = 1.819459
TRAIN Iter 277: loss = 0.003324,	Top-1 err = 39.200000,	Top-5 err = 19.000000,	train_time = 1.815335
TRAIN Iter 278: loss = 0.003167,	Top-1 err = 39.800000,	Top-5 err = 28.400000,	train_time = 1.824328
TRAIN Iter 279: loss = 0.003336,	Top-1 err = 55.700000,	Top-5 err = 38.100000,	train_time = 1.820091
TEST:
Iter 279: loss = 1.968803,	Top-1 err = 48.770000,	Top-5 err = 18.430000,	val_time = 3.371328
TRAIN Iter 280: loss = 0.003130,	Top-1 err = 24.800000,	Top-5 err = 14.100000,	train_time = 1.822386
TRAIN Iter 281: loss = 0.002980,	Top-1 err = 26.100000,	Top-5 err = 17.500000,	train_time = 1.816409
TRAIN Iter 282: loss = 0.003019,	Top-1 err = 33.100000,	Top-5 err = 19.100000,	train_time = 1.812900
TRAIN Iter 283: loss = 0.003189,	Top-1 err = 21.600000,	Top-5 err = 9.300000,	train_time = 1.810883
TRAIN Iter 284: loss = 0.003153,	Top-1 err = 48.500000,	Top-5 err = 30.300000,	train_time = 1.826287
TRAIN Iter 285: loss = 0.003166,	Top-1 err = 33.700000,	Top-5 err = 16.500000,	train_time = 1.831209
TRAIN Iter 286: loss = 0.003166,	Top-1 err = 47.900000,	Top-5 err = 34.900000,	train_time = 1.819256
TRAIN Iter 287: loss = 0.003029,	Top-1 err = 34.800000,	Top-5 err = 17.100000,	train_time = 1.820917
TRAIN Iter 288: loss = 0.003269,	Top-1 err = 45.700000,	Top-5 err = 30.800000,	train_time = 1.813410
TRAIN Iter 289: loss = 0.003130,	Top-1 err = 43.800000,	Top-5 err = 26.400000,	train_time = 1.809635
TEST:
Iter 289: loss = 1.889826,	Top-1 err = 47.600000,	Top-5 err = 17.720000,	val_time = 3.371654
TRAIN Iter 290: loss = 0.003368,	Top-1 err = 44.100000,	Top-5 err = 23.000000,	train_time = 1.805687
TRAIN Iter 291: loss = 0.003252,	Top-1 err = 36.900000,	Top-5 err = 23.100000,	train_time = 1.812668
TRAIN Iter 292: loss = 0.003171,	Top-1 err = 35.800000,	Top-5 err = 17.800000,	train_time = 1.802062
TRAIN Iter 293: loss = 0.003386,	Top-1 err = 46.500000,	Top-5 err = 27.200000,	train_time = 1.811596
TRAIN Iter 294: loss = 0.003370,	Top-1 err = 40.400000,	Top-5 err = 23.700000,	train_time = 1.811189
TRAIN Iter 295: loss = 0.003450,	Top-1 err = 65.200000,	Top-5 err = 49.400000,	train_time = 1.813854
TRAIN Iter 296: loss = 0.003206,	Top-1 err = 38.800000,	Top-5 err = 21.700000,	train_time = 1.795866
TRAIN Iter 297: loss = 0.003383,	Top-1 err = 34.300000,	Top-5 err = 21.100000,	train_time = 1.814086
TRAIN Iter 298: loss = 0.003148,	Top-1 err = 32.600000,	Top-5 err = 19.100000,	train_time = 1.819064
TRAIN Iter 299: loss = 0.003264,	Top-1 err = 43.000000,	Top-5 err = 23.900000,	train_time = 1.814939
TEST:
Iter 299: loss = 1.936450,	Top-1 err = 48.310000,	Top-5 err = 18.430000,	val_time = 3.372276
Train Finish! Best accuracy is 52.4@289
