/home/dvspanos/miniconda3/envs/rded/lib/python3.10/site-packages/torch/cuda/__init__.py:611: UserWarning: Can't initialize NVML
  warnings.warn("Can't initialize NVML")
=> using pytorch pre-trained teacher model 'conv3'
process data from /home/dvspanos/nikos/ca2d/artifacts/rded_sets/bench_cifar100_conv_el2nw10_ipc100
load data successfully
TRAIN Iter 0: loss = 0.014966,	Top-1 err = 96.600000,	Top-5 err = 85.520000,	train_time = 3.332747
TRAIN Iter 1: loss = 0.011324,	Top-1 err = 94.720000,	Top-5 err = 79.150000,	train_time = 2.592151
TRAIN Iter 2: loss = 0.009347,	Top-1 err = 93.370000,	Top-5 err = 75.030000,	train_time = 2.637454
TRAIN Iter 3: loss = 0.008265,	Top-1 err = 91.860000,	Top-5 err = 71.780000,	train_time = 2.592681
TRAIN Iter 4: loss = 0.007418,	Top-1 err = 91.610000,	Top-5 err = 71.230000,	train_time = 2.610197
TRAIN Iter 5: loss = 0.006907,	Top-1 err = 90.580000,	Top-5 err = 67.620000,	train_time = 2.546687
TRAIN Iter 6: loss = 0.006315,	Top-1 err = 90.300000,	Top-5 err = 67.040000,	train_time = 2.578072
TRAIN Iter 7: loss = 0.006027,	Top-1 err = 89.530000,	Top-5 err = 66.290000,	train_time = 2.540333
TRAIN Iter 8: loss = 0.005718,	Top-1 err = 89.120000,	Top-5 err = 65.880000,	train_time = 2.554395
TRAIN Iter 9: loss = 0.005543,	Top-1 err = 88.060000,	Top-5 err = 63.540000,	train_time = 2.626837
TRAIN Iter 10: loss = 0.005306,	Top-1 err = 88.220000,	Top-5 err = 63.790000,	train_time = 2.498868
TRAIN Iter 11: loss = 0.005120,	Top-1 err = 88.110000,	Top-5 err = 63.280000,	train_time = 2.496627
TRAIN Iter 12: loss = 0.004926,	Top-1 err = 86.740000,	Top-5 err = 61.290000,	train_time = 2.501585
TRAIN Iter 13: loss = 0.004818,	Top-1 err = 86.990000,	Top-5 err = 62.090000,	train_time = 2.547430
TRAIN Iter 14: loss = 0.004711,	Top-1 err = 86.050000,	Top-5 err = 59.960000,	train_time = 2.620400
TRAIN Iter 15: loss = 0.004523,	Top-1 err = 86.450000,	Top-5 err = 61.010000,	train_time = 2.512880
TRAIN Iter 16: loss = 0.004494,	Top-1 err = 85.820000,	Top-5 err = 59.080000,	train_time = 2.664075
TRAIN Iter 17: loss = 0.004388,	Top-1 err = 86.170000,	Top-5 err = 61.430000,	train_time = 2.670910
TRAIN Iter 18: loss = 0.004342,	Top-1 err = 87.030000,	Top-5 err = 62.510000,	train_time = 2.629972
TRAIN Iter 19: loss = 0.004233,	Top-1 err = 85.140000,	Top-5 err = 59.380000,	train_time = 2.467074
TRAIN Iter 20: loss = 0.004166,	Top-1 err = 85.210000,	Top-5 err = 59.100000,	train_time = 2.630225
TRAIN Iter 21: loss = 0.004093,	Top-1 err = 84.500000,	Top-5 err = 57.850000,	train_time = 2.563895
TRAIN Iter 22: loss = 0.003957,	Top-1 err = 84.970000,	Top-5 err = 59.820000,	train_time = 2.626296
TRAIN Iter 23: loss = 0.003988,	Top-1 err = 85.150000,	Top-5 err = 59.390000,	train_time = 2.686259
TRAIN Iter 24: loss = 0.003866,	Top-1 err = 83.980000,	Top-5 err = 58.160000,	train_time = 2.642211
TRAIN Iter 25: loss = 0.003880,	Top-1 err = 84.870000,	Top-5 err = 58.720000,	train_time = 2.666025
TRAIN Iter 26: loss = 0.003793,	Top-1 err = 84.760000,	Top-5 err = 59.690000,	train_time = 2.510293
TRAIN Iter 27: loss = 0.003713,	Top-1 err = 84.100000,	Top-5 err = 57.810000,	train_time = 2.473970
TRAIN Iter 28: loss = 0.003675,	Top-1 err = 84.710000,	Top-5 err = 58.990000,	train_time = 2.403035
TRAIN Iter 29: loss = 0.003649,	Top-1 err = 84.670000,	Top-5 err = 58.680000,	train_time = 2.613969
TRAIN Iter 30: loss = 0.003599,	Top-1 err = 84.380000,	Top-5 err = 59.130000,	train_time = 2.563284
TRAIN Iter 31: loss = 0.003516,	Top-1 err = 84.340000,	Top-5 err = 58.100000,	train_time = 2.635127
TRAIN Iter 32: loss = 0.003540,	Top-1 err = 83.450000,	Top-5 err = 57.350000,	train_time = 2.590762
TRAIN Iter 33: loss = 0.003541,	Top-1 err = 84.690000,	Top-5 err = 58.880000,	train_time = 2.207274
TRAIN Iter 34: loss = 0.003397,	Top-1 err = 82.940000,	Top-5 err = 57.720000,	train_time = 2.444746
TRAIN Iter 35: loss = 0.003327,	Top-1 err = 83.540000,	Top-5 err = 57.370000,	train_time = 2.702342
TRAIN Iter 36: loss = 0.003295,	Top-1 err = 83.690000,	Top-5 err = 57.230000,	train_time = 2.606558
TRAIN Iter 37: loss = 0.003314,	Top-1 err = 83.200000,	Top-5 err = 57.530000,	train_time = 2.476953
TRAIN Iter 38: loss = 0.003251,	Top-1 err = 83.410000,	Top-5 err = 56.590000,	train_time = 2.547481
TRAIN Iter 39: loss = 0.003158,	Top-1 err = 83.300000,	Top-5 err = 57.510000,	train_time = 2.500568
TRAIN Iter 40: loss = 0.003241,	Top-1 err = 83.360000,	Top-5 err = 56.590000,	train_time = 2.523113
TRAIN Iter 41: loss = 0.003150,	Top-1 err = 83.880000,	Top-5 err = 58.070000,	train_time = 2.597171
TRAIN Iter 42: loss = 0.003105,	Top-1 err = 82.740000,	Top-5 err = 56.010000,	train_time = 2.542137
TRAIN Iter 43: loss = 0.003078,	Top-1 err = 82.970000,	Top-5 err = 57.180000,	train_time = 2.498718
TRAIN Iter 44: loss = 0.003077,	Top-1 err = 84.210000,	Top-5 err = 58.860000,	train_time = 2.602897
TRAIN Iter 45: loss = 0.003021,	Top-1 err = 83.310000,	Top-5 err = 56.250000,	train_time = 2.666860
TRAIN Iter 46: loss = 0.003003,	Top-1 err = 84.150000,	Top-5 err = 58.860000,	train_time = 2.546500
TRAIN Iter 47: loss = 0.002970,	Top-1 err = 82.990000,	Top-5 err = 56.990000,	train_time = 2.515957
TRAIN Iter 48: loss = 0.002942,	Top-1 err = 82.710000,	Top-5 err = 57.090000,	train_time = 2.585781
TRAIN Iter 49: loss = 0.002881,	Top-1 err = 83.060000,	Top-5 err = 56.740000,	train_time = 2.573900
TRAIN Iter 50: loss = 0.002911,	Top-1 err = 82.740000,	Top-5 err = 56.400000,	train_time = 2.597445
TRAIN Iter 51: loss = 0.002856,	Top-1 err = 82.320000,	Top-5 err = 55.930000,	train_time = 2.677790
TRAIN Iter 52: loss = 0.002799,	Top-1 err = 81.990000,	Top-5 err = 56.020000,	train_time = 2.651067
TRAIN Iter 53: loss = 0.002782,	Top-1 err = 82.260000,	Top-5 err = 55.710000,	train_time = 2.685135
TRAIN Iter 54: loss = 0.002746,	Top-1 err = 82.100000,	Top-5 err = 55.350000,	train_time = 2.587492
TRAIN Iter 55: loss = 0.002719,	Top-1 err = 82.720000,	Top-5 err = 55.690000,	train_time = 2.621675
TRAIN Iter 56: loss = 0.002704,	Top-1 err = 82.340000,	Top-5 err = 55.760000,	train_time = 2.647083
TRAIN Iter 57: loss = 0.002681,	Top-1 err = 82.230000,	Top-5 err = 55.910000,	train_time = 2.593580
TRAIN Iter 58: loss = 0.002651,	Top-1 err = 81.990000,	Top-5 err = 56.170000,	train_time = 2.544842
TRAIN Iter 59: loss = 0.002671,	Top-1 err = 81.950000,	Top-5 err = 55.510000,	train_time = 2.649557
TRAIN Iter 60: loss = 0.002637,	Top-1 err = 82.390000,	Top-5 err = 56.940000,	train_time = 2.494071
TRAIN Iter 61: loss = 0.002577,	Top-1 err = 82.210000,	Top-5 err = 56.700000,	train_time = 2.623255
TRAIN Iter 62: loss = 0.002568,	Top-1 err = 81.260000,	Top-5 err = 54.250000,	train_time = 2.626829
TRAIN Iter 63: loss = 0.002523,	Top-1 err = 80.740000,	Top-5 err = 53.540000,	train_time = 2.550887
TRAIN Iter 64: loss = 0.002517,	Top-1 err = 81.240000,	Top-5 err = 54.620000,	train_time = 2.537945
TRAIN Iter 65: loss = 0.002512,	Top-1 err = 81.110000,	Top-5 err = 53.810000,	train_time = 2.582605
TRAIN Iter 66: loss = 0.002466,	Top-1 err = 81.230000,	Top-5 err = 54.800000,	train_time = 2.652609
TRAIN Iter 67: loss = 0.002409,	Top-1 err = 82.190000,	Top-5 err = 55.280000,	train_time = 2.419438
TRAIN Iter 68: loss = 0.002434,	Top-1 err = 81.750000,	Top-5 err = 54.850000,	train_time = 2.567691
TRAIN Iter 69: loss = 0.002388,	Top-1 err = 81.270000,	Top-5 err = 54.330000,	train_time = 2.740391
TRAIN Iter 70: loss = 0.002387,	Top-1 err = 81.640000,	Top-5 err = 55.010000,	train_time = 2.583581
TRAIN Iter 71: loss = 0.002373,	Top-1 err = 80.730000,	Top-5 err = 54.310000,	train_time = 2.515290
TRAIN Iter 72: loss = 0.002401,	Top-1 err = 81.460000,	Top-5 err = 55.270000,	train_time = 2.552082
TRAIN Iter 73: loss = 0.002330,	Top-1 err = 81.430000,	Top-5 err = 55.410000,	train_time = 2.422688
TRAIN Iter 74: loss = 0.002285,	Top-1 err = 81.550000,	Top-5 err = 56.060000,	train_time = 2.646900
TRAIN Iter 75: loss = 0.002296,	Top-1 err = 81.470000,	Top-5 err = 54.690000,	train_time = 2.472697
TRAIN Iter 76: loss = 0.002281,	Top-1 err = 81.200000,	Top-5 err = 54.220000,	train_time = 2.698995
TRAIN Iter 77: loss = 0.002304,	Top-1 err = 80.930000,	Top-5 err = 54.580000,	train_time = 2.527232
TRAIN Iter 78: loss = 0.002229,	Top-1 err = 81.400000,	Top-5 err = 55.210000,	train_time = 2.479536
TRAIN Iter 79: loss = 0.002260,	Top-1 err = 80.890000,	Top-5 err = 54.560000,	train_time = 2.598379
TRAIN Iter 80: loss = 0.002185,	Top-1 err = 80.050000,	Top-5 err = 52.360000,	train_time = 2.633600
TRAIN Iter 81: loss = 0.002183,	Top-1 err = 80.720000,	Top-5 err = 53.840000,	train_time = 2.692101
TRAIN Iter 82: loss = 0.002198,	Top-1 err = 81.050000,	Top-5 err = 53.750000,	train_time = 2.595794
TRAIN Iter 83: loss = 0.002179,	Top-1 err = 81.010000,	Top-5 err = 53.250000,	train_time = 2.538821
TRAIN Iter 84: loss = 0.002162,	Top-1 err = 81.540000,	Top-5 err = 55.310000,	train_time = 2.520622
TRAIN Iter 85: loss = 0.002150,	Top-1 err = 81.490000,	Top-5 err = 54.580000,	train_time = 2.517386
TRAIN Iter 86: loss = 0.002134,	Top-1 err = 79.240000,	Top-5 err = 52.180000,	train_time = 2.633210
TRAIN Iter 87: loss = 0.002138,	Top-1 err = 81.300000,	Top-5 err = 55.520000,	train_time = 2.634885
TRAIN Iter 88: loss = 0.002109,	Top-1 err = 80.460000,	Top-5 err = 53.810000,	train_time = 2.623440
TRAIN Iter 89: loss = 0.002073,	Top-1 err = 81.660000,	Top-5 err = 54.870000,	train_time = 2.565652
TRAIN Iter 90: loss = 0.002051,	Top-1 err = 80.430000,	Top-5 err = 53.390000,	train_time = 2.643806
TRAIN Iter 91: loss = 0.002046,	Top-1 err = 81.170000,	Top-5 err = 55.090000,	train_time = 2.425122
TRAIN Iter 92: loss = 0.002037,	Top-1 err = 81.520000,	Top-5 err = 54.430000,	train_time = 2.650280
TRAIN Iter 93: loss = 0.002050,	Top-1 err = 80.590000,	Top-5 err = 54.380000,	train_time = 2.556550
TRAIN Iter 94: loss = 0.002038,	Top-1 err = 80.970000,	Top-5 err = 54.960000,	train_time = 2.570431
TRAIN Iter 95: loss = 0.002002,	Top-1 err = 80.600000,	Top-5 err = 54.180000,	train_time = 2.558074
TRAIN Iter 96: loss = 0.002004,	Top-1 err = 79.370000,	Top-5 err = 52.430000,	train_time = 2.607156
TRAIN Iter 97: loss = 0.001951,	Top-1 err = 81.370000,	Top-5 err = 55.160000,	train_time = 2.600924
TRAIN Iter 98: loss = 0.001944,	Top-1 err = 79.730000,	Top-5 err = 53.360000,	train_time = 2.589306
TRAIN Iter 99: loss = 0.001957,	Top-1 err = 81.360000,	Top-5 err = 55.420000,	train_time = 2.591205
TRAIN Iter 100: loss = 0.001962,	Top-1 err = 80.490000,	Top-5 err = 53.430000,	train_time = 2.706097
TRAIN Iter 101: loss = 0.001940,	Top-1 err = 80.270000,	Top-5 err = 53.190000,	train_time = 2.515901
TRAIN Iter 102: loss = 0.001903,	Top-1 err = 78.710000,	Top-5 err = 51.880000,	train_time = 2.609071
TRAIN Iter 103: loss = 0.001946,	Top-1 err = 79.700000,	Top-5 err = 53.570000,	train_time = 2.512181
TRAIN Iter 104: loss = 0.001880,	Top-1 err = 78.680000,	Top-5 err = 51.550000,	train_time = 2.556366
TRAIN Iter 105: loss = 0.001891,	Top-1 err = 81.210000,	Top-5 err = 55.460000,	train_time = 2.582428
TRAIN Iter 106: loss = 0.001912,	Top-1 err = 79.700000,	Top-5 err = 52.640000,	train_time = 2.476704
TRAIN Iter 107: loss = 0.001867,	Top-1 err = 79.050000,	Top-5 err = 51.630000,	train_time = 2.618530
TRAIN Iter 108: loss = 0.001876,	Top-1 err = 80.500000,	Top-5 err = 53.770000,	train_time = 2.522430
TRAIN Iter 109: loss = 0.001866,	Top-1 err = 79.800000,	Top-5 err = 52.740000,	train_time = 2.565207
TRAIN Iter 110: loss = 0.001879,	Top-1 err = 79.070000,	Top-5 err = 52.560000,	train_time = 2.581210
TRAIN Iter 111: loss = 0.001855,	Top-1 err = 80.260000,	Top-5 err = 53.770000,	train_time = 2.606856
TRAIN Iter 112: loss = 0.001829,	Top-1 err = 79.170000,	Top-5 err = 51.980000,	train_time = 2.654581
TRAIN Iter 113: loss = 0.001837,	Top-1 err = 79.390000,	Top-5 err = 53.080000,	train_time = 2.643759
TRAIN Iter 114: loss = 0.001787,	Top-1 err = 80.480000,	Top-5 err = 53.460000,	train_time = 2.571195
TRAIN Iter 115: loss = 0.001805,	Top-1 err = 80.110000,	Top-5 err = 54.070000,	train_time = 2.566505
TRAIN Iter 116: loss = 0.001818,	Top-1 err = 80.300000,	Top-5 err = 54.480000,	train_time = 2.542000
TRAIN Iter 117: loss = 0.001782,	Top-1 err = 79.490000,	Top-5 err = 52.230000,	train_time = 2.416881
TRAIN Iter 118: loss = 0.001783,	Top-1 err = 80.050000,	Top-5 err = 53.250000,	train_time = 2.477730
TRAIN Iter 119: loss = 0.001783,	Top-1 err = 80.760000,	Top-5 err = 55.730000,	train_time = 2.534715
TRAIN Iter 120: loss = 0.001766,	Top-1 err = 79.620000,	Top-5 err = 53.750000,	train_time = 2.491417
TRAIN Iter 121: loss = 0.001771,	Top-1 err = 79.920000,	Top-5 err = 54.140000,	train_time = 2.583984
TRAIN Iter 122: loss = 0.001769,	Top-1 err = 79.410000,	Top-5 err = 52.450000,	train_time = 2.517925
TRAIN Iter 123: loss = 0.001727,	Top-1 err = 79.860000,	Top-5 err = 53.800000,	train_time = 2.596952
TRAIN Iter 124: loss = 0.001710,	Top-1 err = 80.290000,	Top-5 err = 54.650000,	train_time = 2.537082
TRAIN Iter 125: loss = 0.001685,	Top-1 err = 79.690000,	Top-5 err = 53.030000,	train_time = 2.695069
TRAIN Iter 126: loss = 0.001763,	Top-1 err = 80.210000,	Top-5 err = 54.430000,	train_time = 2.604422
TRAIN Iter 127: loss = 0.001720,	Top-1 err = 80.410000,	Top-5 err = 54.510000,	train_time = 2.606906
TRAIN Iter 128: loss = 0.001749,	Top-1 err = 79.330000,	Top-5 err = 53.790000,	train_time = 2.608560
TRAIN Iter 129: loss = 0.001726,	Top-1 err = 79.080000,	Top-5 err = 52.370000,	train_time = 2.515379
TRAIN Iter 130: loss = 0.001709,	Top-1 err = 79.220000,	Top-5 err = 52.060000,	train_time = 2.598646
TRAIN Iter 131: loss = 0.001707,	Top-1 err = 80.090000,	Top-5 err = 53.610000,	train_time = 2.599174
TRAIN Iter 132: loss = 0.001656,	Top-1 err = 80.390000,	Top-5 err = 52.420000,	train_time = 2.549076
TRAIN Iter 133: loss = 0.001698,	Top-1 err = 80.190000,	Top-5 err = 53.750000,	train_time = 2.498497
TRAIN Iter 134: loss = 0.001690,	Top-1 err = 79.360000,	Top-5 err = 52.430000,	train_time = 2.406336
TRAIN Iter 135: loss = 0.001661,	Top-1 err = 78.000000,	Top-5 err = 50.270000,	train_time = 2.427481
TRAIN Iter 136: loss = 0.001657,	Top-1 err = 79.290000,	Top-5 err = 53.310000,	train_time = 2.330164
TRAIN Iter 137: loss = 0.001672,	Top-1 err = 79.330000,	Top-5 err = 52.030000,	train_time = 2.400954
TRAIN Iter 138: loss = 0.001660,	Top-1 err = 80.200000,	Top-5 err = 53.980000,	train_time = 2.435752
TRAIN Iter 139: loss = 0.001684,	Top-1 err = 79.980000,	Top-5 err = 53.910000,	train_time = 2.498105
TRAIN Iter 140: loss = 0.001666,	Top-1 err = 79.570000,	Top-5 err = 53.050000,	train_time = 2.499533
TRAIN Iter 141: loss = 0.001619,	Top-1 err = 78.550000,	Top-5 err = 51.950000,	train_time = 2.635545
TRAIN Iter 142: loss = 0.001665,	Top-1 err = 80.330000,	Top-5 err = 55.270000,	train_time = 2.501651
TRAIN Iter 143: loss = 0.001601,	Top-1 err = 79.690000,	Top-5 err = 53.100000,	train_time = 2.690603
TRAIN Iter 144: loss = 0.001606,	Top-1 err = 80.060000,	Top-5 err = 53.830000,	train_time = 2.593701
TRAIN Iter 145: loss = 0.001628,	Top-1 err = 78.090000,	Top-5 err = 51.270000,	train_time = 2.580745
TRAIN Iter 146: loss = 0.001606,	Top-1 err = 79.360000,	Top-5 err = 52.570000,	train_time = 2.631369
TRAIN Iter 147: loss = 0.001608,	Top-1 err = 79.990000,	Top-5 err = 54.690000,	train_time = 2.521841
TRAIN Iter 148: loss = 0.001605,	Top-1 err = 77.650000,	Top-5 err = 49.480000,	train_time = 2.470170
TRAIN Iter 149: loss = 0.001557,	Top-1 err = 77.670000,	Top-5 err = 50.260000,	train_time = 2.633146
TRAIN Iter 150: loss = 0.001585,	Top-1 err = 78.190000,	Top-5 err = 50.340000,	train_time = 2.716120
TRAIN Iter 151: loss = 0.001611,	Top-1 err = 79.010000,	Top-5 err = 52.160000,	train_time = 2.472452
TRAIN Iter 152: loss = 0.001639,	Top-1 err = 80.060000,	Top-5 err = 54.130000,	train_time = 2.689356
TRAIN Iter 153: loss = 0.001565,	Top-1 err = 80.070000,	Top-5 err = 54.810000,	train_time = 2.657013
TRAIN Iter 154: loss = 0.001576,	Top-1 err = 80.360000,	Top-5 err = 54.210000,	train_time = 2.459397
TRAIN Iter 155: loss = 0.001606,	Top-1 err = 79.870000,	Top-5 err = 53.750000,	train_time = 2.520624
TRAIN Iter 156: loss = 0.001581,	Top-1 err = 78.510000,	Top-5 err = 52.760000,	train_time = 2.616261
TRAIN Iter 157: loss = 0.001571,	Top-1 err = 79.160000,	Top-5 err = 52.750000,	train_time = 2.744869
TRAIN Iter 158: loss = 0.001612,	Top-1 err = 79.180000,	Top-5 err = 52.160000,	train_time = 2.606950
TRAIN Iter 159: loss = 0.001573,	Top-1 err = 79.200000,	Top-5 err = 52.910000,	train_time = 2.652938
TRAIN Iter 160: loss = 0.001601,	Top-1 err = 80.340000,	Top-5 err = 54.030000,	train_time = 2.602556
TRAIN Iter 161: loss = 0.001559,	Top-1 err = 80.150000,	Top-5 err = 54.110000,	train_time = 2.556453
TRAIN Iter 162: loss = 0.001573,	Top-1 err = 80.060000,	Top-5 err = 53.860000,	train_time = 2.631656
TRAIN Iter 163: loss = 0.001549,	Top-1 err = 79.720000,	Top-5 err = 52.610000,	train_time = 2.722134
TRAIN Iter 164: loss = 0.001555,	Top-1 err = 80.660000,	Top-5 err = 54.690000,	train_time = 2.612251
TRAIN Iter 165: loss = 0.001574,	Top-1 err = 80.200000,	Top-5 err = 53.860000,	train_time = 2.723327
TRAIN Iter 166: loss = 0.001560,	Top-1 err = 79.080000,	Top-5 err = 53.370000,	train_time = 2.616395
TRAIN Iter 167: loss = 0.001532,	Top-1 err = 80.130000,	Top-5 err = 53.650000,	train_time = 2.590220
TRAIN Iter 168: loss = 0.001556,	Top-1 err = 79.390000,	Top-5 err = 52.530000,	train_time = 2.594932
TRAIN Iter 169: loss = 0.001564,	Top-1 err = 78.140000,	Top-5 err = 50.470000,	train_time = 2.571938
TRAIN Iter 170: loss = 0.001517,	Top-1 err = 79.220000,	Top-5 err = 51.940000,	train_time = 2.628487
TRAIN Iter 171: loss = 0.001520,	Top-1 err = 79.350000,	Top-5 err = 52.720000,	train_time = 2.604109
TRAIN Iter 172: loss = 0.001494,	Top-1 err = 78.840000,	Top-5 err = 52.750000,	train_time = 2.471414
TRAIN Iter 173: loss = 0.001499,	Top-1 err = 78.440000,	Top-5 err = 50.470000,	train_time = 2.636983
TRAIN Iter 174: loss = 0.001530,	Top-1 err = 79.890000,	Top-5 err = 53.150000,	train_time = 2.697229
TRAIN Iter 175: loss = 0.001525,	Top-1 err = 78.390000,	Top-5 err = 51.160000,	train_time = 2.590131
TRAIN Iter 176: loss = 0.001537,	Top-1 err = 79.030000,	Top-5 err = 52.000000,	train_time = 2.771307
TRAIN Iter 177: loss = 0.001478,	Top-1 err = 79.670000,	Top-5 err = 54.260000,	train_time = 2.678789
TRAIN Iter 178: loss = 0.001485,	Top-1 err = 78.510000,	Top-5 err = 52.060000,	train_time = 2.596922
TRAIN Iter 179: loss = 0.001533,	Top-1 err = 78.910000,	Top-5 err = 52.320000,	train_time = 2.601102
TRAIN Iter 180: loss = 0.001502,	Top-1 err = 79.320000,	Top-5 err = 52.060000,	train_time = 2.467391
TRAIN Iter 181: loss = 0.001446,	Top-1 err = 78.390000,	Top-5 err = 51.740000,	train_time = 2.713358
TRAIN Iter 182: loss = 0.001489,	Top-1 err = 79.180000,	Top-5 err = 51.540000,	train_time = 2.540300
TRAIN Iter 183: loss = 0.001494,	Top-1 err = 79.670000,	Top-5 err = 53.050000,	train_time = 2.531592
TRAIN Iter 184: loss = 0.001507,	Top-1 err = 79.230000,	Top-5 err = 53.440000,	train_time = 2.458416
TRAIN Iter 185: loss = 0.001457,	Top-1 err = 79.070000,	Top-5 err = 51.970000,	train_time = 2.492043
TRAIN Iter 186: loss = 0.001442,	Top-1 err = 79.440000,	Top-5 err = 53.220000,	train_time = 2.625951
TRAIN Iter 187: loss = 0.001507,	Top-1 err = 79.160000,	Top-5 err = 52.240000,	train_time = 2.571656
TRAIN Iter 188: loss = 0.001479,	Top-1 err = 78.990000,	Top-5 err = 52.500000,	train_time = 2.714337
TRAIN Iter 189: loss = 0.001446,	Top-1 err = 79.140000,	Top-5 err = 51.540000,	train_time = 2.544904
TRAIN Iter 190: loss = 0.001480,	Top-1 err = 80.260000,	Top-5 err = 54.470000,	train_time = 2.564180
TRAIN Iter 191: loss = 0.001465,	Top-1 err = 78.660000,	Top-5 err = 52.000000,	train_time = 2.608462
TRAIN Iter 192: loss = 0.001436,	Top-1 err = 79.060000,	Top-5 err = 52.080000,	train_time = 2.693121
TRAIN Iter 193: loss = 0.001426,	Top-1 err = 79.220000,	Top-5 err = 52.980000,	train_time = 2.665942
TRAIN Iter 194: loss = 0.001457,	Top-1 err = 79.760000,	Top-5 err = 52.250000,	train_time = 2.527704
TRAIN Iter 195: loss = 0.001478,	Top-1 err = 80.660000,	Top-5 err = 54.240000,	train_time = 2.610618
TRAIN Iter 196: loss = 0.001448,	Top-1 err = 78.250000,	Top-5 err = 51.150000,	train_time = 2.394365
TRAIN Iter 197: loss = 0.001466,	Top-1 err = 80.660000,	Top-5 err = 54.340000,	train_time = 2.521176
TRAIN Iter 198: loss = 0.001441,	Top-1 err = 79.840000,	Top-5 err = 53.530000,	train_time = 2.569504
TRAIN Iter 199: loss = 0.001441,	Top-1 err = 79.540000,	Top-5 err = 52.300000,	train_time = 2.524523
TRAIN Iter 200: loss = 0.001393,	Top-1 err = 78.560000,	Top-5 err = 51.890000,	train_time = 2.497247
TRAIN Iter 201: loss = 0.001427,	Top-1 err = 79.370000,	Top-5 err = 53.590000,	train_time = 2.526381
TRAIN Iter 202: loss = 0.001402,	Top-1 err = 78.160000,	Top-5 err = 50.770000,	train_time = 2.524160
TRAIN Iter 203: loss = 0.001444,	Top-1 err = 79.220000,	Top-5 err = 52.620000,	train_time = 2.626270
TRAIN Iter 204: loss = 0.001416,	Top-1 err = 78.680000,	Top-5 err = 51.420000,	train_time = 2.574862
TRAIN Iter 205: loss = 0.001425,	Top-1 err = 77.610000,	Top-5 err = 50.180000,	train_time = 2.566520
TRAIN Iter 206: loss = 0.001440,	Top-1 err = 79.340000,	Top-5 err = 52.630000,	train_time = 2.680334
TRAIN Iter 207: loss = 0.001388,	Top-1 err = 79.470000,	Top-5 err = 53.900000,	train_time = 2.608819
TRAIN Iter 208: loss = 0.001419,	Top-1 err = 78.420000,	Top-5 err = 52.110000,	train_time = 2.759466
TRAIN Iter 209: loss = 0.001425,	Top-1 err = 78.880000,	Top-5 err = 52.530000,	train_time = 2.594918
TRAIN Iter 210: loss = 0.001414,	Top-1 err = 79.330000,	Top-5 err = 52.460000,	train_time = 2.572053
TRAIN Iter 211: loss = 0.001399,	Top-1 err = 78.310000,	Top-5 err = 51.040000,	train_time = 2.494930
TRAIN Iter 212: loss = 0.001365,	Top-1 err = 78.660000,	Top-5 err = 51.120000,	train_time = 2.555296
TRAIN Iter 213: loss = 0.001445,	Top-1 err = 79.040000,	Top-5 err = 51.850000,	train_time = 2.565076
TRAIN Iter 214: loss = 0.001376,	Top-1 err = 78.520000,	Top-5 err = 51.880000,	train_time = 2.578868
TRAIN Iter 215: loss = 0.001389,	Top-1 err = 78.670000,	Top-5 err = 52.550000,	train_time = 2.496912
TRAIN Iter 216: loss = 0.001413,	Top-1 err = 78.650000,	Top-5 err = 51.760000,	train_time = 2.640604
TRAIN Iter 217: loss = 0.001379,	Top-1 err = 79.000000,	Top-5 err = 52.170000,	train_time = 2.415236
TRAIN Iter 218: loss = 0.001400,	Top-1 err = 79.690000,	Top-5 err = 53.100000,	train_time = 2.633258
TRAIN Iter 219: loss = 0.001383,	Top-1 err = 78.470000,	Top-5 err = 51.130000,	train_time = 2.675355
TRAIN Iter 220: loss = 0.001357,	Top-1 err = 80.030000,	Top-5 err = 55.020000,	train_time = 2.556856
TRAIN Iter 221: loss = 0.001369,	Top-1 err = 78.450000,	Top-5 err = 51.850000,	train_time = 2.572551
TRAIN Iter 222: loss = 0.001364,	Top-1 err = 79.680000,	Top-5 err = 52.200000,	train_time = 2.625683
TRAIN Iter 223: loss = 0.001365,	Top-1 err = 79.370000,	Top-5 err = 53.810000,	train_time = 2.639277
TRAIN Iter 224: loss = 0.001358,	Top-1 err = 78.890000,	Top-5 err = 53.170000,	train_time = 2.577120
TRAIN Iter 225: loss = 0.001351,	Top-1 err = 78.250000,	Top-5 err = 51.720000,	train_time = 2.532623
TRAIN Iter 226: loss = 0.001333,	Top-1 err = 79.620000,	Top-5 err = 52.880000,	train_time = 2.489493
TRAIN Iter 227: loss = 0.001350,	Top-1 err = 77.760000,	Top-5 err = 50.280000,	train_time = 2.660657
TRAIN Iter 228: loss = 0.001323,	Top-1 err = 78.190000,	Top-5 err = 51.660000,	train_time = 2.646965
TRAIN Iter 229: loss = 0.001383,	Top-1 err = 78.210000,	Top-5 err = 50.770000,	train_time = 2.558899
TRAIN Iter 230: loss = 0.001343,	Top-1 err = 79.570000,	Top-5 err = 55.110000,	train_time = 2.527146
TRAIN Iter 231: loss = 0.001360,	Top-1 err = 78.460000,	Top-5 err = 51.810000,	train_time = 2.617399
TRAIN Iter 232: loss = 0.001345,	Top-1 err = 79.110000,	Top-5 err = 53.080000,	train_time = 2.576430
TRAIN Iter 233: loss = 0.001322,	Top-1 err = 78.400000,	Top-5 err = 52.060000,	train_time = 2.509565
TRAIN Iter 234: loss = 0.001330,	Top-1 err = 79.040000,	Top-5 err = 51.960000,	train_time = 2.675457
TRAIN Iter 235: loss = 0.001306,	Top-1 err = 78.090000,	Top-5 err = 51.670000,	train_time = 2.525382
TRAIN Iter 236: loss = 0.001348,	Top-1 err = 79.070000,	Top-5 err = 52.410000,	train_time = 2.690179
TRAIN Iter 237: loss = 0.001313,	Top-1 err = 78.060000,	Top-5 err = 50.850000,	train_time = 2.595756
TRAIN Iter 238: loss = 0.001357,	Top-1 err = 79.280000,	Top-5 err = 51.890000,	train_time = 2.628264
TRAIN Iter 239: loss = 0.001308,	Top-1 err = 78.900000,	Top-5 err = 51.680000,	train_time = 2.623738
TRAIN Iter 240: loss = 0.001310,	Top-1 err = 78.380000,	Top-5 err = 50.950000,	train_time = 2.597337
TRAIN Iter 241: loss = 0.001304,	Top-1 err = 79.350000,	Top-5 err = 53.260000,	train_time = 2.597573
TRAIN Iter 242: loss = 0.001320,	Top-1 err = 78.470000,	Top-5 err = 51.520000,	train_time = 2.594942
TRAIN Iter 243: loss = 0.001298,	Top-1 err = 77.680000,	Top-5 err = 50.280000,	train_time = 2.649055
TRAIN Iter 244: loss = 0.001331,	Top-1 err = 78.310000,	Top-5 err = 51.960000,	train_time = 2.655802
TRAIN Iter 245: loss = 0.001306,	Top-1 err = 79.920000,	Top-5 err = 53.310000,	train_time = 2.580558
TRAIN Iter 246: loss = 0.001296,	Top-1 err = 77.880000,	Top-5 err = 51.010000,	train_time = 2.504065
TRAIN Iter 247: loss = 0.001343,	Top-1 err = 78.290000,	Top-5 err = 50.940000,	train_time = 2.667587
TRAIN Iter 248: loss = 0.001303,	Top-1 err = 78.310000,	Top-5 err = 52.520000,	train_time = 2.542199
TRAIN Iter 249: loss = 0.001286,	Top-1 err = 78.820000,	Top-5 err = 52.100000,	train_time = 2.569260
TEST:
Iter 249: loss = 1.656235,	Top-1 err = 42.030000,	Top-5 err = 15.620000,	val_time = 0.787263
TRAIN Iter 250: loss = 0.001312,	Top-1 err = 79.140000,	Top-5 err = 52.920000,	train_time = 2.612182
TRAIN Iter 251: loss = 0.001331,	Top-1 err = 78.380000,	Top-5 err = 51.350000,	train_time = 2.535236
TRAIN Iter 252: loss = 0.001278,	Top-1 err = 78.890000,	Top-5 err = 52.310000,	train_time = 2.439862
TRAIN Iter 253: loss = 0.001284,	Top-1 err = 79.310000,	Top-5 err = 52.740000,	train_time = 2.653075
TRAIN Iter 254: loss = 0.001268,	Top-1 err = 78.440000,	Top-5 err = 51.970000,	train_time = 2.545387
TRAIN Iter 255: loss = 0.001271,	Top-1 err = 78.620000,	Top-5 err = 52.330000,	train_time = 2.570056
TRAIN Iter 256: loss = 0.001272,	Top-1 err = 79.120000,	Top-5 err = 53.160000,	train_time = 2.614435
TRAIN Iter 257: loss = 0.001288,	Top-1 err = 78.330000,	Top-5 err = 52.300000,	train_time = 2.642478
TRAIN Iter 258: loss = 0.001276,	Top-1 err = 77.960000,	Top-5 err = 51.450000,	train_time = 2.589877
TRAIN Iter 259: loss = 0.001276,	Top-1 err = 77.770000,	Top-5 err = 49.540000,	train_time = 2.621653
TEST:
Iter 259: loss = 1.659117,	Top-1 err = 42.120000,	Top-5 err = 15.870000,	val_time = 0.736966
TRAIN Iter 260: loss = 0.001304,	Top-1 err = 79.140000,	Top-5 err = 52.950000,	train_time = 2.678581
TRAIN Iter 261: loss = 0.001270,	Top-1 err = 78.690000,	Top-5 err = 52.600000,	train_time = 2.584818
TRAIN Iter 262: loss = 0.001272,	Top-1 err = 79.180000,	Top-5 err = 53.110000,	train_time = 2.500386
TRAIN Iter 263: loss = 0.001279,	Top-1 err = 79.260000,	Top-5 err = 53.060000,	train_time = 2.568561
TRAIN Iter 264: loss = 0.001295,	Top-1 err = 79.280000,	Top-5 err = 53.130000,	train_time = 2.560493
TRAIN Iter 265: loss = 0.001326,	Top-1 err = 79.100000,	Top-5 err = 52.540000,	train_time = 2.641465
TRAIN Iter 266: loss = 0.001272,	Top-1 err = 79.050000,	Top-5 err = 52.730000,	train_time = 2.588690
TRAIN Iter 267: loss = 0.001278,	Top-1 err = 78.560000,	Top-5 err = 51.670000,	train_time = 2.628772
TRAIN Iter 268: loss = 0.001248,	Top-1 err = 78.990000,	Top-5 err = 52.610000,	train_time = 2.557460
TRAIN Iter 269: loss = 0.001244,	Top-1 err = 78.280000,	Top-5 err = 52.890000,	train_time = 2.518913
TEST:
Iter 269: loss = 1.694597,	Top-1 err = 42.330000,	Top-5 err = 15.950000,	val_time = 0.751305
TRAIN Iter 270: loss = 0.001236,	Top-1 err = 78.350000,	Top-5 err = 51.040000,	train_time = 2.512370
TRAIN Iter 271: loss = 0.001250,	Top-1 err = 79.750000,	Top-5 err = 54.190000,	train_time = 2.581294
TRAIN Iter 272: loss = 0.001248,	Top-1 err = 80.000000,	Top-5 err = 53.230000,	train_time = 2.575382
TRAIN Iter 273: loss = 0.001250,	Top-1 err = 78.980000,	Top-5 err = 51.980000,	train_time = 2.568168
TRAIN Iter 274: loss = 0.001256,	Top-1 err = 79.800000,	Top-5 err = 53.220000,	train_time = 2.545231
TRAIN Iter 275: loss = 0.001243,	Top-1 err = 77.090000,	Top-5 err = 50.410000,	train_time = 2.540431
TRAIN Iter 276: loss = 0.001238,	Top-1 err = 77.620000,	Top-5 err = 50.810000,	train_time = 2.549275
TRAIN Iter 277: loss = 0.001233,	Top-1 err = 78.440000,	Top-5 err = 51.770000,	train_time = 2.595915
TRAIN Iter 278: loss = 0.001278,	Top-1 err = 78.260000,	Top-5 err = 52.020000,	train_time = 2.642553
TRAIN Iter 279: loss = 0.001236,	Top-1 err = 79.210000,	Top-5 err = 52.560000,	train_time = 2.574451
TEST:
Iter 279: loss = 1.646809,	Top-1 err = 41.460000,	Top-5 err = 15.600000,	val_time = 0.789182
TRAIN Iter 280: loss = 0.001243,	Top-1 err = 78.670000,	Top-5 err = 52.110000,	train_time = 2.575226
TRAIN Iter 281: loss = 0.001215,	Top-1 err = 78.070000,	Top-5 err = 51.570000,	train_time = 2.575544
TRAIN Iter 282: loss = 0.001230,	Top-1 err = 77.800000,	Top-5 err = 50.220000,	train_time = 2.543888
TRAIN Iter 283: loss = 0.001226,	Top-1 err = 79.090000,	Top-5 err = 52.650000,	train_time = 2.540498
TRAIN Iter 284: loss = 0.001240,	Top-1 err = 78.790000,	Top-5 err = 51.970000,	train_time = 2.517879
TRAIN Iter 285: loss = 0.001249,	Top-1 err = 78.370000,	Top-5 err = 51.160000,	train_time = 2.602981
TRAIN Iter 286: loss = 0.001240,	Top-1 err = 79.040000,	Top-5 err = 52.830000,	train_time = 2.550937
TRAIN Iter 287: loss = 0.001239,	Top-1 err = 78.740000,	Top-5 err = 52.570000,	train_time = 2.622004
TRAIN Iter 288: loss = 0.001232,	Top-1 err = 79.170000,	Top-5 err = 52.360000,	train_time = 2.733487
TRAIN Iter 289: loss = 0.001219,	Top-1 err = 79.590000,	Top-5 err = 53.270000,	train_time = 2.631936
TEST:
Iter 289: loss = 1.647173,	Top-1 err = 41.850000,	Top-5 err = 15.680000,	val_time = 0.793803
TRAIN Iter 290: loss = 0.001210,	Top-1 err = 78.410000,	Top-5 err = 51.370000,	train_time = 2.621696
TRAIN Iter 291: loss = 0.001257,	Top-1 err = 78.500000,	Top-5 err = 51.290000,	train_time = 2.592328
TRAIN Iter 292: loss = 0.001233,	Top-1 err = 78.450000,	Top-5 err = 52.460000,	train_time = 2.568664
TRAIN Iter 293: loss = 0.001215,	Top-1 err = 78.810000,	Top-5 err = 51.970000,	train_time = 2.655107
TRAIN Iter 294: loss = 0.001207,	Top-1 err = 78.480000,	Top-5 err = 51.720000,	train_time = 2.624968
TRAIN Iter 295: loss = 0.001212,	Top-1 err = 79.910000,	Top-5 err = 53.890000,	train_time = 2.683406
TRAIN Iter 296: loss = 0.001201,	Top-1 err = 78.510000,	Top-5 err = 50.820000,	train_time = 2.557981
TRAIN Iter 297: loss = 0.001197,	Top-1 err = 78.500000,	Top-5 err = 52.010000,	train_time = 2.566496
TRAIN Iter 298: loss = 0.001222,	Top-1 err = 77.890000,	Top-5 err = 50.600000,	train_time = 2.604954
TRAIN Iter 299: loss = 0.001182,	Top-1 err = 77.780000,	Top-5 err = 51.290000,	train_time = 2.583888
TEST:
Iter 299: loss = 1.614958,	Top-1 err = 41.390000,	Top-5 err = 15.110000,	val_time = 0.823077
Train Finish! Best accuracy is 58.61@299
