/home/dvspanos/miniconda3/envs/rded/lib/python3.10/site-packages/torchvision/models/_utils.py:208: UserWarning: The parameter 'pretrained' is deprecated since 0.13 and may be removed in the future, please use 'weights' instead.
  warnings.warn(
/home/dvspanos/miniconda3/envs/rded/lib/python3.10/site-packages/torchvision/models/_utils.py:223: UserWarning: Arguments other than a weight enum or `None` for 'weights' are deprecated since 0.13 and may be removed in the future. The current behavior is equivalent to passing `weights=None`.
  warnings.warn(msg)
=> using pytorch pre-trained teacher model 'resnet18_modified'
process data from /home/dvspanos/nikos/ca2d/artifacts/sets/bench_cifar100_rn18_sharp2d_ipc10
load data successfully
TRAIN Iter 0: loss = 0.016126,	Top-1 err = 97.900000,	Top-5 err = 89.200000,	train_time = 3.717473
TRAIN Iter 1: loss = 0.013912,	Top-1 err = 95.600000,	Top-5 err = 84.200000,	train_time = 1.803089
TRAIN Iter 2: loss = 0.012682,	Top-1 err = 95.000000,	Top-5 err = 77.500000,	train_time = 1.815655
TRAIN Iter 3: loss = 0.013737,	Top-1 err = 95.000000,	Top-5 err = 80.400000,	train_time = 1.792555
TRAIN Iter 4: loss = 0.014940,	Top-1 err = 93.900000,	Top-5 err = 76.900000,	train_time = 1.830279
TRAIN Iter 5: loss = 0.015992,	Top-1 err = 90.000000,	Top-5 err = 70.600000,	train_time = 1.797376
TRAIN Iter 6: loss = 0.011670,	Top-1 err = 92.200000,	Top-5 err = 74.700000,	train_time = 1.791937
TRAIN Iter 7: loss = 0.013569,	Top-1 err = 90.300000,	Top-5 err = 74.700000,	train_time = 1.801296
TRAIN Iter 8: loss = 0.012720,	Top-1 err = 89.000000,	Top-5 err = 70.300000,	train_time = 1.799879
TRAIN Iter 9: loss = 0.012928,	Top-1 err = 89.000000,	Top-5 err = 70.400000,	train_time = 1.811423
TRAIN Iter 10: loss = 0.012767,	Top-1 err = 88.800000,	Top-5 err = 66.200000,	train_time = 1.788615
TRAIN Iter 11: loss = 0.010656,	Top-1 err = 90.800000,	Top-5 err = 74.200000,	train_time = 1.799845
TRAIN Iter 12: loss = 0.013246,	Top-1 err = 85.200000,	Top-5 err = 62.400000,	train_time = 1.795172
TRAIN Iter 13: loss = 0.011587,	Top-1 err = 83.500000,	Top-5 err = 62.400000,	train_time = 1.801492
TRAIN Iter 14: loss = 0.010862,	Top-1 err = 86.400000,	Top-5 err = 66.900000,	train_time = 1.805104
TRAIN Iter 15: loss = 0.012304,	Top-1 err = 84.400000,	Top-5 err = 60.200000,	train_time = 1.796063
TRAIN Iter 16: loss = 0.011802,	Top-1 err = 84.900000,	Top-5 err = 64.400000,	train_time = 1.796492
TRAIN Iter 17: loss = 0.010954,	Top-1 err = 83.500000,	Top-5 err = 62.600000,	train_time = 1.808752
TRAIN Iter 18: loss = 0.012735,	Top-1 err = 82.100000,	Top-5 err = 59.100000,	train_time = 1.797136
TRAIN Iter 19: loss = 0.011572,	Top-1 err = 77.900000,	Top-5 err = 52.500000,	train_time = 1.786039
TRAIN Iter 20: loss = 0.011179,	Top-1 err = 79.400000,	Top-5 err = 54.500000,	train_time = 1.798341
TRAIN Iter 21: loss = 0.009522,	Top-1 err = 85.800000,	Top-5 err = 66.600000,	train_time = 1.798092
TRAIN Iter 22: loss = 0.010927,	Top-1 err = 76.600000,	Top-5 err = 50.500000,	train_time = 1.804701
TRAIN Iter 23: loss = 0.011076,	Top-1 err = 73.900000,	Top-5 err = 46.500000,	train_time = 1.786454
TRAIN Iter 24: loss = 0.011498,	Top-1 err = 76.200000,	Top-5 err = 50.800000,	train_time = 1.794626
TRAIN Iter 25: loss = 0.010094,	Top-1 err = 73.600000,	Top-5 err = 50.000000,	train_time = 1.806226
TRAIN Iter 26: loss = 0.009398,	Top-1 err = 81.600000,	Top-5 err = 60.400000,	train_time = 1.790061
TRAIN Iter 27: loss = 0.009106,	Top-1 err = 85.000000,	Top-5 err = 63.400000,	train_time = 1.813205
TRAIN Iter 28: loss = 0.009124,	Top-1 err = 73.000000,	Top-5 err = 49.200000,	train_time = 1.800272
TRAIN Iter 29: loss = 0.009506,	Top-1 err = 77.500000,	Top-5 err = 52.600000,	train_time = 1.789205
TRAIN Iter 30: loss = 0.009483,	Top-1 err = 78.800000,	Top-5 err = 56.300000,	train_time = 1.783322
TRAIN Iter 31: loss = 0.008630,	Top-1 err = 74.600000,	Top-5 err = 50.300000,	train_time = 1.807724
TRAIN Iter 32: loss = 0.008586,	Top-1 err = 69.500000,	Top-5 err = 40.100000,	train_time = 1.808428
TRAIN Iter 33: loss = 0.009485,	Top-1 err = 70.400000,	Top-5 err = 45.200000,	train_time = 1.791686
TRAIN Iter 34: loss = 0.009362,	Top-1 err = 73.900000,	Top-5 err = 49.100000,	train_time = 1.802553
TRAIN Iter 35: loss = 0.008457,	Top-1 err = 77.300000,	Top-5 err = 52.600000,	train_time = 1.813133
TRAIN Iter 36: loss = 0.009337,	Top-1 err = 72.300000,	Top-5 err = 45.900000,	train_time = 1.814381
TRAIN Iter 37: loss = 0.009637,	Top-1 err = 70.600000,	Top-5 err = 45.500000,	train_time = 1.795222
TRAIN Iter 38: loss = 0.008389,	Top-1 err = 71.500000,	Top-5 err = 47.800000,	train_time = 1.803114
TRAIN Iter 39: loss = 0.008283,	Top-1 err = 68.300000,	Top-5 err = 46.600000,	train_time = 1.787116
TRAIN Iter 40: loss = 0.008269,	Top-1 err = 75.700000,	Top-5 err = 51.700000,	train_time = 1.802068
TRAIN Iter 41: loss = 0.008518,	Top-1 err = 70.300000,	Top-5 err = 45.500000,	train_time = 1.799624
TRAIN Iter 42: loss = 0.008548,	Top-1 err = 58.500000,	Top-5 err = 31.200000,	train_time = 1.798260
TRAIN Iter 43: loss = 0.008412,	Top-1 err = 62.700000,	Top-5 err = 36.300000,	train_time = 1.806250
TRAIN Iter 44: loss = 0.008169,	Top-1 err = 72.200000,	Top-5 err = 48.700000,	train_time = 1.779191
TRAIN Iter 45: loss = 0.007753,	Top-1 err = 69.300000,	Top-5 err = 43.200000,	train_time = 1.793307
TRAIN Iter 46: loss = 0.008401,	Top-1 err = 63.800000,	Top-5 err = 37.200000,	train_time = 1.799664
TRAIN Iter 47: loss = 0.008115,	Top-1 err = 62.900000,	Top-5 err = 39.000000,	train_time = 1.799587
TRAIN Iter 48: loss = 0.008292,	Top-1 err = 55.600000,	Top-5 err = 30.900000,	train_time = 1.814923
TRAIN Iter 49: loss = 0.007701,	Top-1 err = 53.100000,	Top-5 err = 25.900000,	train_time = 1.798706
TRAIN Iter 50: loss = 0.008208,	Top-1 err = 61.000000,	Top-5 err = 36.200000,	train_time = 1.804168
TRAIN Iter 51: loss = 0.008159,	Top-1 err = 61.500000,	Top-5 err = 36.100000,	train_time = 1.790854
TRAIN Iter 52: loss = 0.007771,	Top-1 err = 68.400000,	Top-5 err = 43.900000,	train_time = 1.802482
TRAIN Iter 53: loss = 0.008067,	Top-1 err = 58.700000,	Top-5 err = 33.800000,	train_time = 1.810823
TRAIN Iter 54: loss = 0.007873,	Top-1 err = 62.100000,	Top-5 err = 38.100000,	train_time = 1.800477
TRAIN Iter 55: loss = 0.007946,	Top-1 err = 56.800000,	Top-5 err = 30.900000,	train_time = 1.795420
TRAIN Iter 56: loss = 0.007521,	Top-1 err = 62.200000,	Top-5 err = 41.100000,	train_time = 1.790751
TRAIN Iter 57: loss = 0.007181,	Top-1 err = 66.300000,	Top-5 err = 42.200000,	train_time = 1.805761
TRAIN Iter 58: loss = 0.007465,	Top-1 err = 65.400000,	Top-5 err = 41.200000,	train_time = 1.794918
TRAIN Iter 59: loss = 0.007667,	Top-1 err = 56.800000,	Top-5 err = 33.600000,	train_time = 1.798577
TRAIN Iter 60: loss = 0.006873,	Top-1 err = 48.900000,	Top-5 err = 24.300000,	train_time = 1.793261
TRAIN Iter 61: loss = 0.006547,	Top-1 err = 55.500000,	Top-5 err = 29.700000,	train_time = 1.793197
TRAIN Iter 62: loss = 0.007610,	Top-1 err = 51.600000,	Top-5 err = 29.200000,	train_time = 1.807737
TRAIN Iter 63: loss = 0.006948,	Top-1 err = 39.200000,	Top-5 err = 15.200000,	train_time = 1.801389
TRAIN Iter 64: loss = 0.006907,	Top-1 err = 57.200000,	Top-5 err = 35.200000,	train_time = 1.811029
TRAIN Iter 65: loss = 0.006602,	Top-1 err = 56.200000,	Top-5 err = 29.800000,	train_time = 1.805352
TRAIN Iter 66: loss = 0.006972,	Top-1 err = 62.200000,	Top-5 err = 42.100000,	train_time = 1.804175
TRAIN Iter 67: loss = 0.006860,	Top-1 err = 40.700000,	Top-5 err = 17.800000,	train_time = 1.796732
TRAIN Iter 68: loss = 0.006821,	Top-1 err = 59.800000,	Top-5 err = 36.900000,	train_time = 1.796317
TRAIN Iter 69: loss = 0.006751,	Top-1 err = 58.100000,	Top-5 err = 35.100000,	train_time = 1.811099
TRAIN Iter 70: loss = 0.006540,	Top-1 err = 46.600000,	Top-5 err = 23.100000,	train_time = 1.805726
TRAIN Iter 71: loss = 0.006804,	Top-1 err = 52.400000,	Top-5 err = 31.800000,	train_time = 1.802880
TRAIN Iter 72: loss = 0.006312,	Top-1 err = 64.200000,	Top-5 err = 42.800000,	train_time = 1.809006
TRAIN Iter 73: loss = 0.006344,	Top-1 err = 46.700000,	Top-5 err = 26.400000,	train_time = 1.794295
TRAIN Iter 74: loss = 0.006498,	Top-1 err = 61.300000,	Top-5 err = 37.800000,	train_time = 1.817479
TRAIN Iter 75: loss = 0.006968,	Top-1 err = 44.700000,	Top-5 err = 24.900000,	train_time = 1.800551
TRAIN Iter 76: loss = 0.006834,	Top-1 err = 56.500000,	Top-5 err = 36.600000,	train_time = 1.809568
TRAIN Iter 77: loss = 0.006460,	Top-1 err = 54.800000,	Top-5 err = 33.800000,	train_time = 1.808112
TRAIN Iter 78: loss = 0.006640,	Top-1 err = 51.900000,	Top-5 err = 27.700000,	train_time = 1.817092
TRAIN Iter 79: loss = 0.006713,	Top-1 err = 62.100000,	Top-5 err = 43.000000,	train_time = 1.797787
TRAIN Iter 80: loss = 0.006312,	Top-1 err = 49.900000,	Top-5 err = 27.300000,	train_time = 1.799036
TRAIN Iter 81: loss = 0.005955,	Top-1 err = 54.500000,	Top-5 err = 27.600000,	train_time = 1.796254
TRAIN Iter 82: loss = 0.005962,	Top-1 err = 57.900000,	Top-5 err = 34.400000,	train_time = 1.808905
TRAIN Iter 83: loss = 0.006590,	Top-1 err = 42.700000,	Top-5 err = 22.200000,	train_time = 1.814133
TRAIN Iter 84: loss = 0.006167,	Top-1 err = 60.400000,	Top-5 err = 39.000000,	train_time = 1.802167
TRAIN Iter 85: loss = 0.005868,	Top-1 err = 57.900000,	Top-5 err = 33.200000,	train_time = 1.799427
TRAIN Iter 86: loss = 0.005930,	Top-1 err = 50.100000,	Top-5 err = 28.700000,	train_time = 1.795464
TRAIN Iter 87: loss = 0.006099,	Top-1 err = 39.300000,	Top-5 err = 18.300000,	train_time = 1.790825
TRAIN Iter 88: loss = 0.005644,	Top-1 err = 61.100000,	Top-5 err = 38.600000,	train_time = 1.796238
TRAIN Iter 89: loss = 0.006030,	Top-1 err = 49.100000,	Top-5 err = 28.300000,	train_time = 1.803124
TRAIN Iter 90: loss = 0.005921,	Top-1 err = 63.500000,	Top-5 err = 40.700000,	train_time = 1.828789
TRAIN Iter 91: loss = 0.006024,	Top-1 err = 50.100000,	Top-5 err = 31.200000,	train_time = 1.798076
TRAIN Iter 92: loss = 0.005591,	Top-1 err = 47.800000,	Top-5 err = 28.400000,	train_time = 1.820388
TRAIN Iter 93: loss = 0.005789,	Top-1 err = 41.300000,	Top-5 err = 20.900000,	train_time = 1.801198
TRAIN Iter 94: loss = 0.005682,	Top-1 err = 54.700000,	Top-5 err = 32.500000,	train_time = 1.801810
TRAIN Iter 95: loss = 0.006184,	Top-1 err = 27.700000,	Top-5 err = 13.700000,	train_time = 1.808257
TRAIN Iter 96: loss = 0.005662,	Top-1 err = 49.300000,	Top-5 err = 30.700000,	train_time = 1.783619
TRAIN Iter 97: loss = 0.005962,	Top-1 err = 65.800000,	Top-5 err = 44.400000,	train_time = 1.798978
TRAIN Iter 98: loss = 0.005597,	Top-1 err = 58.800000,	Top-5 err = 39.900000,	train_time = 1.798963
TRAIN Iter 99: loss = 0.005476,	Top-1 err = 49.200000,	Top-5 err = 28.300000,	train_time = 1.806998
TRAIN Iter 100: loss = 0.005929,	Top-1 err = 46.700000,	Top-5 err = 27.100000,	train_time = 1.788587
TRAIN Iter 101: loss = 0.005825,	Top-1 err = 56.000000,	Top-5 err = 35.700000,	train_time = 1.803740
TRAIN Iter 102: loss = 0.005511,	Top-1 err = 39.000000,	Top-5 err = 19.500000,	train_time = 1.796111
TRAIN Iter 103: loss = 0.005475,	Top-1 err = 48.700000,	Top-5 err = 30.600000,	train_time = 1.798349
TRAIN Iter 104: loss = 0.005469,	Top-1 err = 29.800000,	Top-5 err = 12.700000,	train_time = 1.805284
TRAIN Iter 105: loss = 0.005449,	Top-1 err = 56.400000,	Top-5 err = 34.500000,	train_time = 1.792483
TRAIN Iter 106: loss = 0.005411,	Top-1 err = 56.100000,	Top-5 err = 34.200000,	train_time = 1.779500
TRAIN Iter 107: loss = 0.005447,	Top-1 err = 36.800000,	Top-5 err = 16.300000,	train_time = 1.803092
TRAIN Iter 108: loss = 0.005296,	Top-1 err = 50.500000,	Top-5 err = 29.600000,	train_time = 1.783070
TRAIN Iter 109: loss = 0.005434,	Top-1 err = 67.000000,	Top-5 err = 46.200000,	train_time = 1.789246
TRAIN Iter 110: loss = 0.005497,	Top-1 err = 32.100000,	Top-5 err = 14.200000,	train_time = 1.812346
TRAIN Iter 111: loss = 0.005495,	Top-1 err = 35.100000,	Top-5 err = 17.300000,	train_time = 1.809224
TRAIN Iter 112: loss = 0.005149,	Top-1 err = 45.800000,	Top-5 err = 25.200000,	train_time = 1.800681
TRAIN Iter 113: loss = 0.005183,	Top-1 err = 54.600000,	Top-5 err = 33.900000,	train_time = 1.795553
TRAIN Iter 114: loss = 0.005046,	Top-1 err = 49.000000,	Top-5 err = 30.600000,	train_time = 1.795240
TRAIN Iter 115: loss = 0.004992,	Top-1 err = 42.000000,	Top-5 err = 24.200000,	train_time = 1.798970
TRAIN Iter 116: loss = 0.004979,	Top-1 err = 40.600000,	Top-5 err = 28.000000,	train_time = 1.777846
TRAIN Iter 117: loss = 0.005069,	Top-1 err = 24.000000,	Top-5 err = 8.700000,	train_time = 1.807850
TRAIN Iter 118: loss = 0.005494,	Top-1 err = 46.800000,	Top-5 err = 27.000000,	train_time = 1.813259
TRAIN Iter 119: loss = 0.005075,	Top-1 err = 32.100000,	Top-5 err = 15.600000,	train_time = 1.785886
TRAIN Iter 120: loss = 0.005460,	Top-1 err = 54.400000,	Top-5 err = 36.100000,	train_time = 1.810496
TRAIN Iter 121: loss = 0.004965,	Top-1 err = 41.500000,	Top-5 err = 22.800000,	train_time = 1.784571
TRAIN Iter 122: loss = 0.004995,	Top-1 err = 40.100000,	Top-5 err = 20.700000,	train_time = 1.804358
TRAIN Iter 123: loss = 0.005220,	Top-1 err = 59.700000,	Top-5 err = 36.600000,	train_time = 1.795907
TRAIN Iter 124: loss = 0.005036,	Top-1 err = 37.800000,	Top-5 err = 22.900000,	train_time = 1.798628
TRAIN Iter 125: loss = 0.005262,	Top-1 err = 46.000000,	Top-5 err = 31.500000,	train_time = 1.778967
TRAIN Iter 126: loss = 0.004912,	Top-1 err = 49.700000,	Top-5 err = 34.200000,	train_time = 1.800776
TRAIN Iter 127: loss = 0.004916,	Top-1 err = 28.700000,	Top-5 err = 12.600000,	train_time = 1.810765
TRAIN Iter 128: loss = 0.005201,	Top-1 err = 51.500000,	Top-5 err = 33.500000,	train_time = 1.789793
TRAIN Iter 129: loss = 0.005108,	Top-1 err = 58.800000,	Top-5 err = 37.100000,	train_time = 1.814350
TRAIN Iter 130: loss = 0.005093,	Top-1 err = 48.300000,	Top-5 err = 30.000000,	train_time = 1.807011
TRAIN Iter 131: loss = 0.004880,	Top-1 err = 34.500000,	Top-5 err = 18.300000,	train_time = 1.811968
TRAIN Iter 132: loss = 0.005021,	Top-1 err = 49.800000,	Top-5 err = 31.100000,	train_time = 1.806281
TRAIN Iter 133: loss = 0.004805,	Top-1 err = 33.500000,	Top-5 err = 16.900000,	train_time = 1.787142
TRAIN Iter 134: loss = 0.004890,	Top-1 err = 44.100000,	Top-5 err = 28.900000,	train_time = 1.812389
TRAIN Iter 135: loss = 0.004814,	Top-1 err = 27.500000,	Top-5 err = 10.900000,	train_time = 1.811825
TRAIN Iter 136: loss = 0.005024,	Top-1 err = 36.100000,	Top-5 err = 17.600000,	train_time = 1.780935
TRAIN Iter 137: loss = 0.004730,	Top-1 err = 53.400000,	Top-5 err = 37.100000,	train_time = 1.793134
TRAIN Iter 138: loss = 0.004992,	Top-1 err = 42.600000,	Top-5 err = 28.100000,	train_time = 1.790579
TRAIN Iter 139: loss = 0.004891,	Top-1 err = 48.700000,	Top-5 err = 34.400000,	train_time = 1.783476
TRAIN Iter 140: loss = 0.004662,	Top-1 err = 41.300000,	Top-5 err = 22.800000,	train_time = 1.790097
TRAIN Iter 141: loss = 0.004615,	Top-1 err = 38.100000,	Top-5 err = 23.000000,	train_time = 1.805753
TRAIN Iter 142: loss = 0.004716,	Top-1 err = 37.700000,	Top-5 err = 21.000000,	train_time = 1.791153
TRAIN Iter 143: loss = 0.004719,	Top-1 err = 53.600000,	Top-5 err = 36.800000,	train_time = 1.792753
TRAIN Iter 144: loss = 0.004636,	Top-1 err = 33.800000,	Top-5 err = 16.200000,	train_time = 1.809714
TRAIN Iter 145: loss = 0.004643,	Top-1 err = 44.600000,	Top-5 err = 26.300000,	train_time = 1.797795
TRAIN Iter 146: loss = 0.004356,	Top-1 err = 31.200000,	Top-5 err = 15.700000,	train_time = 1.796440
TRAIN Iter 147: loss = 0.004645,	Top-1 err = 43.900000,	Top-5 err = 22.900000,	train_time = 1.800104
TRAIN Iter 148: loss = 0.004443,	Top-1 err = 53.800000,	Top-5 err = 39.800000,	train_time = 1.795884
TRAIN Iter 149: loss = 0.004719,	Top-1 err = 44.500000,	Top-5 err = 26.400000,	train_time = 1.794751
TRAIN Iter 150: loss = 0.004636,	Top-1 err = 43.500000,	Top-5 err = 26.400000,	train_time = 1.811802
TRAIN Iter 151: loss = 0.004649,	Top-1 err = 42.400000,	Top-5 err = 23.300000,	train_time = 1.799280
TRAIN Iter 152: loss = 0.004412,	Top-1 err = 40.600000,	Top-5 err = 21.200000,	train_time = 1.787993
TRAIN Iter 153: loss = 0.004422,	Top-1 err = 40.100000,	Top-5 err = 24.200000,	train_time = 1.822051
TRAIN Iter 154: loss = 0.004707,	Top-1 err = 48.000000,	Top-5 err = 31.300000,	train_time = 1.799883
TRAIN Iter 155: loss = 0.004590,	Top-1 err = 30.400000,	Top-5 err = 15.900000,	train_time = 1.800257
TRAIN Iter 156: loss = 0.004373,	Top-1 err = 45.100000,	Top-5 err = 29.800000,	train_time = 1.787745
TRAIN Iter 157: loss = 0.004332,	Top-1 err = 44.500000,	Top-5 err = 27.100000,	train_time = 1.797079
TRAIN Iter 158: loss = 0.004522,	Top-1 err = 34.100000,	Top-5 err = 17.500000,	train_time = 1.818091
TRAIN Iter 159: loss = 0.004252,	Top-1 err = 25.000000,	Top-5 err = 11.200000,	train_time = 1.802051
TRAIN Iter 160: loss = 0.004326,	Top-1 err = 43.900000,	Top-5 err = 26.600000,	train_time = 1.782301
TRAIN Iter 161: loss = 0.004572,	Top-1 err = 58.400000,	Top-5 err = 36.500000,	train_time = 1.782054
TRAIN Iter 162: loss = 0.004331,	Top-1 err = 38.600000,	Top-5 err = 25.700000,	train_time = 1.794224
TRAIN Iter 163: loss = 0.004263,	Top-1 err = 34.200000,	Top-5 err = 16.000000,	train_time = 1.793007
TRAIN Iter 164: loss = 0.004375,	Top-1 err = 42.300000,	Top-5 err = 29.300000,	train_time = 1.808173
TRAIN Iter 165: loss = 0.004283,	Top-1 err = 29.100000,	Top-5 err = 13.500000,	train_time = 1.806665
TRAIN Iter 166: loss = 0.004174,	Top-1 err = 30.900000,	Top-5 err = 15.700000,	train_time = 1.794436
TRAIN Iter 167: loss = 0.004489,	Top-1 err = 39.600000,	Top-5 err = 23.300000,	train_time = 1.815168
TRAIN Iter 168: loss = 0.004192,	Top-1 err = 26.300000,	Top-5 err = 13.800000,	train_time = 1.813349
TRAIN Iter 169: loss = 0.004377,	Top-1 err = 51.600000,	Top-5 err = 28.700000,	train_time = 1.798768
TRAIN Iter 170: loss = 0.004398,	Top-1 err = 51.300000,	Top-5 err = 32.300000,	train_time = 1.802454
TRAIN Iter 171: loss = 0.004443,	Top-1 err = 57.500000,	Top-5 err = 37.800000,	train_time = 1.797032
TRAIN Iter 172: loss = 0.004216,	Top-1 err = 53.400000,	Top-5 err = 40.300000,	train_time = 1.806287
TRAIN Iter 173: loss = 0.004353,	Top-1 err = 56.200000,	Top-5 err = 37.100000,	train_time = 1.803977
TRAIN Iter 174: loss = 0.004387,	Top-1 err = 49.300000,	Top-5 err = 29.500000,	train_time = 1.811304
TRAIN Iter 175: loss = 0.004261,	Top-1 err = 45.100000,	Top-5 err = 25.100000,	train_time = 1.803575
TRAIN Iter 176: loss = 0.004187,	Top-1 err = 42.500000,	Top-5 err = 25.400000,	train_time = 1.804761
TRAIN Iter 177: loss = 0.004531,	Top-1 err = 47.000000,	Top-5 err = 25.800000,	train_time = 1.807835
TRAIN Iter 178: loss = 0.004153,	Top-1 err = 38.600000,	Top-5 err = 22.300000,	train_time = 1.804208
TRAIN Iter 179: loss = 0.004314,	Top-1 err = 50.600000,	Top-5 err = 32.800000,	train_time = 1.798978
TRAIN Iter 180: loss = 0.004079,	Top-1 err = 31.800000,	Top-5 err = 17.500000,	train_time = 1.785765
TRAIN Iter 181: loss = 0.004120,	Top-1 err = 59.400000,	Top-5 err = 40.400000,	train_time = 1.791586
TRAIN Iter 182: loss = 0.004167,	Top-1 err = 44.200000,	Top-5 err = 26.400000,	train_time = 1.801184
TRAIN Iter 183: loss = 0.004230,	Top-1 err = 31.100000,	Top-5 err = 15.000000,	train_time = 1.793845
TRAIN Iter 184: loss = 0.004188,	Top-1 err = 43.600000,	Top-5 err = 29.200000,	train_time = 1.785122
TRAIN Iter 185: loss = 0.004095,	Top-1 err = 45.700000,	Top-5 err = 28.400000,	train_time = 1.800677
TRAIN Iter 186: loss = 0.004379,	Top-1 err = 59.500000,	Top-5 err = 38.900000,	train_time = 1.796398
TRAIN Iter 187: loss = 0.004480,	Top-1 err = 29.200000,	Top-5 err = 14.300000,	train_time = 1.803297
TRAIN Iter 188: loss = 0.004316,	Top-1 err = 45.900000,	Top-5 err = 24.900000,	train_time = 1.807160
TRAIN Iter 189: loss = 0.004093,	Top-1 err = 38.200000,	Top-5 err = 19.400000,	train_time = 1.801737
TRAIN Iter 190: loss = 0.004143,	Top-1 err = 48.300000,	Top-5 err = 29.100000,	train_time = 1.800827
TRAIN Iter 191: loss = 0.004335,	Top-1 err = 48.500000,	Top-5 err = 32.300000,	train_time = 1.807359
TRAIN Iter 192: loss = 0.004249,	Top-1 err = 58.400000,	Top-5 err = 43.200000,	train_time = 1.802656
TRAIN Iter 193: loss = 0.004046,	Top-1 err = 34.200000,	Top-5 err = 17.300000,	train_time = 1.796380
TRAIN Iter 194: loss = 0.004122,	Top-1 err = 36.600000,	Top-5 err = 23.100000,	train_time = 1.800858
TRAIN Iter 195: loss = 0.004426,	Top-1 err = 78.400000,	Top-5 err = 57.400000,	train_time = 1.809293
TRAIN Iter 196: loss = 0.003998,	Top-1 err = 44.400000,	Top-5 err = 29.200000,	train_time = 1.807573
TRAIN Iter 197: loss = 0.004244,	Top-1 err = 58.700000,	Top-5 err = 39.200000,	train_time = 1.812135
TRAIN Iter 198: loss = 0.004273,	Top-1 err = 50.600000,	Top-5 err = 31.900000,	train_time = 1.824037
TRAIN Iter 199: loss = 0.004021,	Top-1 err = 47.700000,	Top-5 err = 24.600000,	train_time = 1.814422
TRAIN Iter 200: loss = 0.004038,	Top-1 err = 61.600000,	Top-5 err = 44.500000,	train_time = 1.809942
TRAIN Iter 201: loss = 0.003995,	Top-1 err = 35.500000,	Top-5 err = 20.500000,	train_time = 1.794050
TRAIN Iter 202: loss = 0.004118,	Top-1 err = 38.100000,	Top-5 err = 18.600000,	train_time = 1.779656
TRAIN Iter 203: loss = 0.003945,	Top-1 err = 35.600000,	Top-5 err = 20.000000,	train_time = 1.798569
TRAIN Iter 204: loss = 0.003966,	Top-1 err = 36.900000,	Top-5 err = 19.900000,	train_time = 1.802594
TRAIN Iter 205: loss = 0.003932,	Top-1 err = 51.300000,	Top-5 err = 36.700000,	train_time = 1.794963
TRAIN Iter 206: loss = 0.003587,	Top-1 err = 23.100000,	Top-5 err = 10.800000,	train_time = 1.798375
TRAIN Iter 207: loss = 0.004286,	Top-1 err = 60.300000,	Top-5 err = 39.500000,	train_time = 1.797456
TRAIN Iter 208: loss = 0.004181,	Top-1 err = 58.600000,	Top-5 err = 41.200000,	train_time = 1.810102
TRAIN Iter 209: loss = 0.004004,	Top-1 err = 53.900000,	Top-5 err = 40.000000,	train_time = 1.804059
TRAIN Iter 210: loss = 0.004022,	Top-1 err = 42.100000,	Top-5 err = 26.600000,	train_time = 1.792449
TRAIN Iter 211: loss = 0.003834,	Top-1 err = 36.400000,	Top-5 err = 19.500000,	train_time = 1.796988
TRAIN Iter 212: loss = 0.003854,	Top-1 err = 36.400000,	Top-5 err = 17.300000,	train_time = 1.800953
TRAIN Iter 213: loss = 0.003935,	Top-1 err = 49.300000,	Top-5 err = 35.600000,	train_time = 1.808110
TRAIN Iter 214: loss = 0.003837,	Top-1 err = 34.900000,	Top-5 err = 17.200000,	train_time = 1.801390
TRAIN Iter 215: loss = 0.003619,	Top-1 err = 39.500000,	Top-5 err = 26.400000,	train_time = 1.803602
TRAIN Iter 216: loss = 0.003858,	Top-1 err = 44.200000,	Top-5 err = 29.900000,	train_time = 1.779029
TRAIN Iter 217: loss = 0.003874,	Top-1 err = 41.600000,	Top-5 err = 24.200000,	train_time = 1.782502
TRAIN Iter 218: loss = 0.003617,	Top-1 err = 36.900000,	Top-5 err = 23.600000,	train_time = 1.806674
TRAIN Iter 219: loss = 0.003737,	Top-1 err = 32.000000,	Top-5 err = 16.100000,	train_time = 1.803598
TRAIN Iter 220: loss = 0.003812,	Top-1 err = 29.700000,	Top-5 err = 15.400000,	train_time = 1.804366
TRAIN Iter 221: loss = 0.003754,	Top-1 err = 29.400000,	Top-5 err = 14.500000,	train_time = 1.788095
TRAIN Iter 222: loss = 0.003706,	Top-1 err = 30.900000,	Top-5 err = 16.500000,	train_time = 1.792011
TRAIN Iter 223: loss = 0.003775,	Top-1 err = 35.800000,	Top-5 err = 17.600000,	train_time = 1.800149
TRAIN Iter 224: loss = 0.004099,	Top-1 err = 62.900000,	Top-5 err = 43.300000,	train_time = 1.796403
TRAIN Iter 225: loss = 0.003868,	Top-1 err = 28.700000,	Top-5 err = 14.800000,	train_time = 1.798909
TRAIN Iter 226: loss = 0.003966,	Top-1 err = 50.900000,	Top-5 err = 31.200000,	train_time = 1.825257
TRAIN Iter 227: loss = 0.003834,	Top-1 err = 39.800000,	Top-5 err = 20.500000,	train_time = 1.806545
TRAIN Iter 228: loss = 0.004020,	Top-1 err = 47.900000,	Top-5 err = 30.400000,	train_time = 1.796618
TRAIN Iter 229: loss = 0.003718,	Top-1 err = 37.500000,	Top-5 err = 22.300000,	train_time = 1.812572
TRAIN Iter 230: loss = 0.003590,	Top-1 err = 24.100000,	Top-5 err = 10.000000,	train_time = 1.796072
TRAIN Iter 231: loss = 0.003551,	Top-1 err = 32.400000,	Top-5 err = 16.700000,	train_time = 1.779389
TRAIN Iter 232: loss = 0.003855,	Top-1 err = 52.800000,	Top-5 err = 36.400000,	train_time = 1.795730
TRAIN Iter 233: loss = 0.003668,	Top-1 err = 58.000000,	Top-5 err = 41.700000,	train_time = 1.798880
TRAIN Iter 234: loss = 0.003327,	Top-1 err = 19.700000,	Top-5 err = 11.100000,	train_time = 1.810198
TRAIN Iter 235: loss = 0.003811,	Top-1 err = 44.400000,	Top-5 err = 24.200000,	train_time = 1.809669
TRAIN Iter 236: loss = 0.003698,	Top-1 err = 45.500000,	Top-5 err = 32.900000,	train_time = 1.794668
TRAIN Iter 237: loss = 0.003559,	Top-1 err = 39.100000,	Top-5 err = 23.100000,	train_time = 1.795978
TRAIN Iter 238: loss = 0.003672,	Top-1 err = 31.000000,	Top-5 err = 15.600000,	train_time = 1.813846
TRAIN Iter 239: loss = 0.003784,	Top-1 err = 36.200000,	Top-5 err = 18.400000,	train_time = 1.803444
TRAIN Iter 240: loss = 0.003623,	Top-1 err = 39.800000,	Top-5 err = 20.000000,	train_time = 1.805610
TRAIN Iter 241: loss = 0.003689,	Top-1 err = 39.600000,	Top-5 err = 24.200000,	train_time = 1.815416
TRAIN Iter 242: loss = 0.003641,	Top-1 err = 47.200000,	Top-5 err = 29.200000,	train_time = 1.793738
TRAIN Iter 243: loss = 0.003423,	Top-1 err = 25.100000,	Top-5 err = 13.100000,	train_time = 1.800829
TRAIN Iter 244: loss = 0.003594,	Top-1 err = 50.500000,	Top-5 err = 32.700000,	train_time = 1.797527
TRAIN Iter 245: loss = 0.003483,	Top-1 err = 36.700000,	Top-5 err = 18.800000,	train_time = 1.777552
TRAIN Iter 246: loss = 0.003519,	Top-1 err = 35.400000,	Top-5 err = 21.700000,	train_time = 1.779949
TRAIN Iter 247: loss = 0.003596,	Top-1 err = 37.300000,	Top-5 err = 19.000000,	train_time = 1.800015
TRAIN Iter 248: loss = 0.003638,	Top-1 err = 52.300000,	Top-5 err = 32.100000,	train_time = 1.816276
TRAIN Iter 249: loss = 0.003477,	Top-1 err = 42.400000,	Top-5 err = 25.300000,	train_time = 1.816952
TEST:
Iter 249: loss = 2.509667,	Top-1 err = 58.110000,	Top-5 err = 26.920000,	val_time = 3.364906
TRAIN Iter 250: loss = 0.003407,	Top-1 err = 42.800000,	Top-5 err = 29.400000,	train_time = 1.799669
TRAIN Iter 251: loss = 0.003561,	Top-1 err = 34.900000,	Top-5 err = 15.700000,	train_time = 1.796845
TRAIN Iter 252: loss = 0.003588,	Top-1 err = 53.800000,	Top-5 err = 31.500000,	train_time = 1.796252
TRAIN Iter 253: loss = 0.003445,	Top-1 err = 44.700000,	Top-5 err = 29.300000,	train_time = 1.809716
TRAIN Iter 254: loss = 0.003547,	Top-1 err = 41.700000,	Top-5 err = 22.700000,	train_time = 1.819831
TRAIN Iter 255: loss = 0.003620,	Top-1 err = 48.800000,	Top-5 err = 27.800000,	train_time = 1.807616
TRAIN Iter 256: loss = 0.003763,	Top-1 err = 48.600000,	Top-5 err = 34.100000,	train_time = 1.793701
TRAIN Iter 257: loss = 0.003634,	Top-1 err = 39.800000,	Top-5 err = 17.300000,	train_time = 1.798222
TRAIN Iter 258: loss = 0.003636,	Top-1 err = 53.000000,	Top-5 err = 32.800000,	train_time = 1.805647
TRAIN Iter 259: loss = 0.003333,	Top-1 err = 39.500000,	Top-5 err = 28.500000,	train_time = 1.810680
TEST:
Iter 259: loss = 2.403054,	Top-1 err = 56.720000,	Top-5 err = 25.530000,	val_time = 3.352003
TRAIN Iter 260: loss = 0.003495,	Top-1 err = 40.600000,	Top-5 err = 25.700000,	train_time = 1.807398
TRAIN Iter 261: loss = 0.003495,	Top-1 err = 65.200000,	Top-5 err = 48.300000,	train_time = 1.816868
TRAIN Iter 262: loss = 0.003461,	Top-1 err = 32.400000,	Top-5 err = 20.000000,	train_time = 1.812422
TRAIN Iter 263: loss = 0.003328,	Top-1 err = 32.100000,	Top-5 err = 17.600000,	train_time = 1.805976
TRAIN Iter 264: loss = 0.003517,	Top-1 err = 51.700000,	Top-5 err = 34.300000,	train_time = 1.804526
TRAIN Iter 265: loss = 0.003495,	Top-1 err = 44.200000,	Top-5 err = 31.300000,	train_time = 1.804841
TRAIN Iter 266: loss = 0.003451,	Top-1 err = 38.000000,	Top-5 err = 18.700000,	train_time = 1.800528
TRAIN Iter 267: loss = 0.003668,	Top-1 err = 34.700000,	Top-5 err = 13.700000,	train_time = 1.814086
TRAIN Iter 268: loss = 0.003603,	Top-1 err = 55.400000,	Top-5 err = 39.700000,	train_time = 1.788620
TRAIN Iter 269: loss = 0.003709,	Top-1 err = 63.400000,	Top-5 err = 45.300000,	train_time = 1.785355
TEST:
Iter 269: loss = 2.408300,	Top-1 err = 56.800000,	Top-5 err = 24.790000,	val_time = 3.352537
TRAIN Iter 270: loss = 0.003344,	Top-1 err = 31.400000,	Top-5 err = 15.600000,	train_time = 1.813824
TRAIN Iter 271: loss = 0.003094,	Top-1 err = 21.100000,	Top-5 err = 9.400000,	train_time = 1.790048
TRAIN Iter 272: loss = 0.003448,	Top-1 err = 56.200000,	Top-5 err = 35.400000,	train_time = 1.784523
TRAIN Iter 273: loss = 0.003463,	Top-1 err = 48.800000,	Top-5 err = 29.500000,	train_time = 1.779531
TRAIN Iter 274: loss = 0.003638,	Top-1 err = 53.600000,	Top-5 err = 32.000000,	train_time = 1.797549
TRAIN Iter 275: loss = 0.003524,	Top-1 err = 48.700000,	Top-5 err = 28.600000,	train_time = 1.810757
TRAIN Iter 276: loss = 0.003508,	Top-1 err = 51.100000,	Top-5 err = 37.300000,	train_time = 1.779115
TRAIN Iter 277: loss = 0.003395,	Top-1 err = 39.100000,	Top-5 err = 21.200000,	train_time = 1.807178
TRAIN Iter 278: loss = 0.003457,	Top-1 err = 42.900000,	Top-5 err = 30.400000,	train_time = 1.818245
TRAIN Iter 279: loss = 0.003541,	Top-1 err = 56.300000,	Top-5 err = 39.800000,	train_time = 1.801904
TEST:
Iter 279: loss = 2.270611,	Top-1 err = 54.700000,	Top-5 err = 23.300000,	val_time = 3.357282
TRAIN Iter 280: loss = 0.003319,	Top-1 err = 28.400000,	Top-5 err = 16.600000,	train_time = 1.809115
TRAIN Iter 281: loss = 0.003122,	Top-1 err = 30.800000,	Top-5 err = 18.800000,	train_time = 1.806187
TRAIN Iter 282: loss = 0.003180,	Top-1 err = 33.800000,	Top-5 err = 21.100000,	train_time = 1.808331
TRAIN Iter 283: loss = 0.003333,	Top-1 err = 28.000000,	Top-5 err = 11.800000,	train_time = 1.781769
TRAIN Iter 284: loss = 0.003282,	Top-1 err = 48.700000,	Top-5 err = 31.500000,	train_time = 1.799026
TRAIN Iter 285: loss = 0.003377,	Top-1 err = 36.500000,	Top-5 err = 20.300000,	train_time = 1.799307
TRAIN Iter 286: loss = 0.003383,	Top-1 err = 51.000000,	Top-5 err = 36.400000,	train_time = 1.777761
TRAIN Iter 287: loss = 0.003148,	Top-1 err = 36.500000,	Top-5 err = 19.700000,	train_time = 1.796214
TRAIN Iter 288: loss = 0.003558,	Top-1 err = 47.200000,	Top-5 err = 32.700000,	train_time = 1.792049
TRAIN Iter 289: loss = 0.003526,	Top-1 err = 43.000000,	Top-5 err = 26.600000,	train_time = 1.808763
TEST:
Iter 289: loss = 2.396713,	Top-1 err = 55.920000,	Top-5 err = 24.580000,	val_time = 3.358602
TRAIN Iter 290: loss = 0.003581,	Top-1 err = 45.800000,	Top-5 err = 25.000000,	train_time = 1.793936
TRAIN Iter 291: loss = 0.003586,	Top-1 err = 40.000000,	Top-5 err = 25.800000,	train_time = 1.798858
TRAIN Iter 292: loss = 0.003409,	Top-1 err = 35.100000,	Top-5 err = 19.000000,	train_time = 1.794535
TRAIN Iter 293: loss = 0.003512,	Top-1 err = 47.200000,	Top-5 err = 29.900000,	train_time = 1.797031
TRAIN Iter 294: loss = 0.003439,	Top-1 err = 45.100000,	Top-5 err = 25.400000,	train_time = 1.799798
TRAIN Iter 295: loss = 0.003510,	Top-1 err = 66.000000,	Top-5 err = 49.400000,	train_time = 1.790751
TRAIN Iter 296: loss = 0.003195,	Top-1 err = 40.100000,	Top-5 err = 22.600000,	train_time = 1.808234
TRAIN Iter 297: loss = 0.003457,	Top-1 err = 36.100000,	Top-5 err = 22.100000,	train_time = 1.777056
TRAIN Iter 298: loss = 0.003286,	Top-1 err = 34.900000,	Top-5 err = 20.800000,	train_time = 1.799267
TRAIN Iter 299: loss = 0.003291,	Top-1 err = 46.800000,	Top-5 err = 27.100000,	train_time = 1.805283
TEST:
Iter 299: loss = 2.327210,	Top-1 err = 55.660000,	Top-5 err = 24.130000,	val_time = 3.359355
Train Finish! Best accuracy is 45.3@279
