/home/dvspanos/miniconda3/envs/rded/lib/python3.10/site-packages/torchvision/models/_utils.py:208: UserWarning: The parameter 'pretrained' is deprecated since 0.13 and may be removed in the future, please use 'weights' instead.
  warnings.warn(
/home/dvspanos/miniconda3/envs/rded/lib/python3.10/site-packages/torchvision/models/_utils.py:223: UserWarning: Arguments other than a weight enum or `None` for 'weights' are deprecated since 0.13 and may be removed in the future. The current behavior is equivalent to passing `weights=None`.
  warnings.warn(msg)
=> using pytorch pre-trained teacher model 'resnet18_modified'
process data from /home/dvspanos/nikos/ca2d/artifacts/rded_sets/bench_cifar100_rn18_cadprune_ipc10
load data successfully
TRAIN Iter 0: loss = 0.015019,	Top-1 err = 97.500000,	Top-5 err = 89.600000,	train_time = 3.857602
TRAIN Iter 1: loss = 0.013138,	Top-1 err = 95.900000,	Top-5 err = 84.300000,	train_time = 1.811073
TRAIN Iter 2: loss = 0.013703,	Top-1 err = 92.200000,	Top-5 err = 78.700000,	train_time = 1.822506
TRAIN Iter 3: loss = 0.011275,	Top-1 err = 93.300000,	Top-5 err = 77.900000,	train_time = 1.803751
TRAIN Iter 4: loss = 0.012377,	Top-1 err = 94.300000,	Top-5 err = 77.200000,	train_time = 1.809142
TRAIN Iter 5: loss = 0.012037,	Top-1 err = 90.100000,	Top-5 err = 69.500000,	train_time = 1.815340
TRAIN Iter 6: loss = 0.010866,	Top-1 err = 90.900000,	Top-5 err = 71.200000,	train_time = 1.816065
TRAIN Iter 7: loss = 0.011440,	Top-1 err = 89.800000,	Top-5 err = 67.700000,	train_time = 1.816998
TRAIN Iter 8: loss = 0.011817,	Top-1 err = 86.700000,	Top-5 err = 64.000000,	train_time = 1.808407
TRAIN Iter 9: loss = 0.011157,	Top-1 err = 86.300000,	Top-5 err = 63.800000,	train_time = 1.827127
TRAIN Iter 10: loss = 0.011850,	Top-1 err = 81.700000,	Top-5 err = 54.800000,	train_time = 1.818759
TRAIN Iter 11: loss = 0.012492,	Top-1 err = 78.700000,	Top-5 err = 50.100000,	train_time = 1.840725
TRAIN Iter 12: loss = 0.010167,	Top-1 err = 87.000000,	Top-5 err = 64.400000,	train_time = 1.817503
TRAIN Iter 13: loss = 0.011221,	Top-1 err = 80.700000,	Top-5 err = 53.500000,	train_time = 1.797972
TRAIN Iter 14: loss = 0.010768,	Top-1 err = 79.900000,	Top-5 err = 54.300000,	train_time = 1.808875
TRAIN Iter 15: loss = 0.009141,	Top-1 err = 83.700000,	Top-5 err = 55.400000,	train_time = 1.818262
TRAIN Iter 16: loss = 0.010209,	Top-1 err = 80.300000,	Top-5 err = 55.200000,	train_time = 1.830410
TRAIN Iter 17: loss = 0.010246,	Top-1 err = 80.300000,	Top-5 err = 56.900000,	train_time = 1.813395
TRAIN Iter 18: loss = 0.009894,	Top-1 err = 74.200000,	Top-5 err = 49.000000,	train_time = 1.821804
TRAIN Iter 19: loss = 0.010427,	Top-1 err = 75.700000,	Top-5 err = 49.900000,	train_time = 1.803993
TRAIN Iter 20: loss = 0.010110,	Top-1 err = 70.900000,	Top-5 err = 39.900000,	train_time = 1.813120
TRAIN Iter 21: loss = 0.009590,	Top-1 err = 69.800000,	Top-5 err = 42.900000,	train_time = 1.813320
TRAIN Iter 22: loss = 0.009023,	Top-1 err = 75.100000,	Top-5 err = 52.900000,	train_time = 1.810900
TRAIN Iter 23: loss = 0.009491,	Top-1 err = 68.500000,	Top-5 err = 41.400000,	train_time = 1.818744
TRAIN Iter 24: loss = 0.009112,	Top-1 err = 67.800000,	Top-5 err = 41.500000,	train_time = 1.792139
TRAIN Iter 25: loss = 0.010202,	Top-1 err = 59.700000,	Top-5 err = 31.900000,	train_time = 1.810446
TRAIN Iter 26: loss = 0.008623,	Top-1 err = 73.300000,	Top-5 err = 45.700000,	train_time = 1.823905
TRAIN Iter 27: loss = 0.008259,	Top-1 err = 72.300000,	Top-5 err = 47.500000,	train_time = 1.824320
TRAIN Iter 28: loss = 0.009051,	Top-1 err = 62.300000,	Top-5 err = 36.000000,	train_time = 1.819746
TRAIN Iter 29: loss = 0.008210,	Top-1 err = 74.700000,	Top-5 err = 48.300000,	train_time = 1.823623
TRAIN Iter 30: loss = 0.008661,	Top-1 err = 64.200000,	Top-5 err = 38.400000,	train_time = 1.810444
TRAIN Iter 31: loss = 0.008746,	Top-1 err = 80.300000,	Top-5 err = 64.500000,	train_time = 1.816782
TRAIN Iter 32: loss = 0.008571,	Top-1 err = 68.300000,	Top-5 err = 42.900000,	train_time = 1.811517
TRAIN Iter 33: loss = 0.008308,	Top-1 err = 75.300000,	Top-5 err = 51.900000,	train_time = 1.805225
TRAIN Iter 34: loss = 0.007870,	Top-1 err = 66.900000,	Top-5 err = 36.700000,	train_time = 1.824243
TRAIN Iter 35: loss = 0.006898,	Top-1 err = 66.600000,	Top-5 err = 40.300000,	train_time = 1.813164
TRAIN Iter 36: loss = 0.008026,	Top-1 err = 64.100000,	Top-5 err = 38.200000,	train_time = 1.818530
TRAIN Iter 37: loss = 0.007397,	Top-1 err = 66.500000,	Top-5 err = 41.500000,	train_time = 1.801620
TRAIN Iter 38: loss = 0.006906,	Top-1 err = 71.100000,	Top-5 err = 47.900000,	train_time = 1.819474
TRAIN Iter 39: loss = 0.007220,	Top-1 err = 72.700000,	Top-5 err = 47.900000,	train_time = 1.822611
TRAIN Iter 40: loss = 0.007243,	Top-1 err = 65.800000,	Top-5 err = 40.300000,	train_time = 1.818471
TRAIN Iter 41: loss = 0.007545,	Top-1 err = 65.900000,	Top-5 err = 41.100000,	train_time = 1.826707
TRAIN Iter 42: loss = 0.007632,	Top-1 err = 58.500000,	Top-5 err = 27.800000,	train_time = 1.830230
TRAIN Iter 43: loss = 0.007117,	Top-1 err = 66.500000,	Top-5 err = 40.000000,	train_time = 1.802619
TRAIN Iter 44: loss = 0.007667,	Top-1 err = 72.200000,	Top-5 err = 54.100000,	train_time = 1.821165
TRAIN Iter 45: loss = 0.007012,	Top-1 err = 66.100000,	Top-5 err = 39.400000,	train_time = 1.818359
TRAIN Iter 46: loss = 0.007069,	Top-1 err = 54.400000,	Top-5 err = 26.100000,	train_time = 1.804402
TRAIN Iter 47: loss = 0.006836,	Top-1 err = 64.500000,	Top-5 err = 40.900000,	train_time = 1.823504
TRAIN Iter 48: loss = 0.006757,	Top-1 err = 57.600000,	Top-5 err = 30.100000,	train_time = 1.838158
TRAIN Iter 49: loss = 0.006804,	Top-1 err = 64.700000,	Top-5 err = 40.400000,	train_time = 1.823995
TRAIN Iter 50: loss = 0.007058,	Top-1 err = 67.400000,	Top-5 err = 45.000000,	train_time = 1.804053
TRAIN Iter 51: loss = 0.007204,	Top-1 err = 51.600000,	Top-5 err = 25.600000,	train_time = 1.824821
TRAIN Iter 52: loss = 0.006754,	Top-1 err = 66.600000,	Top-5 err = 44.500000,	train_time = 1.823564
TRAIN Iter 53: loss = 0.007043,	Top-1 err = 59.600000,	Top-5 err = 35.200000,	train_time = 1.811735
TRAIN Iter 54: loss = 0.006686,	Top-1 err = 58.400000,	Top-5 err = 32.600000,	train_time = 1.828539
TRAIN Iter 55: loss = 0.006553,	Top-1 err = 63.700000,	Top-5 err = 40.500000,	train_time = 1.830319
TRAIN Iter 56: loss = 0.006730,	Top-1 err = 52.900000,	Top-5 err = 31.000000,	train_time = 1.800662
TRAIN Iter 57: loss = 0.006332,	Top-1 err = 58.100000,	Top-5 err = 30.900000,	train_time = 1.817874
TRAIN Iter 58: loss = 0.006544,	Top-1 err = 77.300000,	Top-5 err = 55.300000,	train_time = 1.817695
TRAIN Iter 59: loss = 0.006363,	Top-1 err = 67.000000,	Top-5 err = 43.900000,	train_time = 1.824376
TRAIN Iter 60: loss = 0.006347,	Top-1 err = 53.500000,	Top-5 err = 31.300000,	train_time = 1.810217
TRAIN Iter 61: loss = 0.006413,	Top-1 err = 56.500000,	Top-5 err = 33.200000,	train_time = 1.810733
TRAIN Iter 62: loss = 0.006255,	Top-1 err = 64.600000,	Top-5 err = 42.300000,	train_time = 1.818382
TRAIN Iter 63: loss = 0.006012,	Top-1 err = 42.200000,	Top-5 err = 15.900000,	train_time = 1.820201
TRAIN Iter 64: loss = 0.006075,	Top-1 err = 52.800000,	Top-5 err = 28.000000,	train_time = 1.799961
TRAIN Iter 65: loss = 0.006021,	Top-1 err = 67.500000,	Top-5 err = 43.200000,	train_time = 1.808748
TRAIN Iter 66: loss = 0.005676,	Top-1 err = 63.000000,	Top-5 err = 36.300000,	train_time = 1.829434
TRAIN Iter 67: loss = 0.006158,	Top-1 err = 58.700000,	Top-5 err = 38.900000,	train_time = 1.823416
TRAIN Iter 68: loss = 0.006158,	Top-1 err = 63.700000,	Top-5 err = 42.200000,	train_time = 1.804156
TRAIN Iter 69: loss = 0.006094,	Top-1 err = 52.100000,	Top-5 err = 31.000000,	train_time = 1.827824
TRAIN Iter 70: loss = 0.005869,	Top-1 err = 56.200000,	Top-5 err = 34.500000,	train_time = 1.813695
TRAIN Iter 71: loss = 0.006084,	Top-1 err = 51.800000,	Top-5 err = 27.400000,	train_time = 1.838452
TRAIN Iter 72: loss = 0.005844,	Top-1 err = 44.100000,	Top-5 err = 20.200000,	train_time = 1.827504
TRAIN Iter 73: loss = 0.005906,	Top-1 err = 73.400000,	Top-5 err = 51.400000,	train_time = 1.804540
TRAIN Iter 74: loss = 0.005635,	Top-1 err = 50.500000,	Top-5 err = 28.200000,	train_time = 1.817755
TRAIN Iter 75: loss = 0.005681,	Top-1 err = 61.000000,	Top-5 err = 38.200000,	train_time = 1.810227
TRAIN Iter 76: loss = 0.005656,	Top-1 err = 53.100000,	Top-5 err = 30.100000,	train_time = 1.843181
TRAIN Iter 77: loss = 0.005941,	Top-1 err = 58.800000,	Top-5 err = 36.800000,	train_time = 1.828377
TRAIN Iter 78: loss = 0.006015,	Top-1 err = 40.800000,	Top-5 err = 21.200000,	train_time = 1.806091
TRAIN Iter 79: loss = 0.005463,	Top-1 err = 53.700000,	Top-5 err = 30.300000,	train_time = 1.826542
TRAIN Iter 80: loss = 0.005869,	Top-1 err = 44.000000,	Top-5 err = 24.600000,	train_time = 1.798613
TRAIN Iter 81: loss = 0.005733,	Top-1 err = 65.100000,	Top-5 err = 43.600000,	train_time = 1.823154
TRAIN Iter 82: loss = 0.005585,	Top-1 err = 46.500000,	Top-5 err = 24.800000,	train_time = 1.825837
TRAIN Iter 83: loss = 0.005541,	Top-1 err = 54.700000,	Top-5 err = 31.000000,	train_time = 1.826129
TRAIN Iter 84: loss = 0.005273,	Top-1 err = 44.400000,	Top-5 err = 23.600000,	train_time = 1.813810
TRAIN Iter 85: loss = 0.005685,	Top-1 err = 52.400000,	Top-5 err = 33.400000,	train_time = 1.814101
TRAIN Iter 86: loss = 0.005265,	Top-1 err = 51.100000,	Top-5 err = 29.000000,	train_time = 1.824116
TRAIN Iter 87: loss = 0.005434,	Top-1 err = 50.200000,	Top-5 err = 26.900000,	train_time = 1.821075
TRAIN Iter 88: loss = 0.005236,	Top-1 err = 51.000000,	Top-5 err = 28.500000,	train_time = 1.808781
TRAIN Iter 89: loss = 0.005304,	Top-1 err = 52.200000,	Top-5 err = 28.000000,	train_time = 1.794195
TRAIN Iter 90: loss = 0.005144,	Top-1 err = 49.100000,	Top-5 err = 26.400000,	train_time = 1.816542
TRAIN Iter 91: loss = 0.005007,	Top-1 err = 50.500000,	Top-5 err = 27.600000,	train_time = 1.817336
TRAIN Iter 92: loss = 0.005197,	Top-1 err = 52.100000,	Top-5 err = 32.500000,	train_time = 1.805810
TRAIN Iter 93: loss = 0.005258,	Top-1 err = 52.300000,	Top-5 err = 32.300000,	train_time = 1.826730
TRAIN Iter 94: loss = 0.005367,	Top-1 err = 43.100000,	Top-5 err = 20.200000,	train_time = 1.814665
TRAIN Iter 95: loss = 0.005080,	Top-1 err = 54.500000,	Top-5 err = 29.900000,	train_time = 1.803900
TRAIN Iter 96: loss = 0.004852,	Top-1 err = 49.200000,	Top-5 err = 27.300000,	train_time = 1.825223
TRAIN Iter 97: loss = 0.005144,	Top-1 err = 66.900000,	Top-5 err = 45.600000,	train_time = 1.815433
TRAIN Iter 98: loss = 0.005017,	Top-1 err = 47.100000,	Top-5 err = 25.400000,	train_time = 1.813207
TRAIN Iter 99: loss = 0.005152,	Top-1 err = 50.500000,	Top-5 err = 27.100000,	train_time = 1.815611
TRAIN Iter 100: loss = 0.005160,	Top-1 err = 43.800000,	Top-5 err = 21.400000,	train_time = 1.809987
TRAIN Iter 101: loss = 0.004809,	Top-1 err = 29.200000,	Top-5 err = 8.800000,	train_time = 1.824395
TRAIN Iter 102: loss = 0.005026,	Top-1 err = 49.900000,	Top-5 err = 27.100000,	train_time = 1.819660
TRAIN Iter 103: loss = 0.005244,	Top-1 err = 59.600000,	Top-5 err = 36.800000,	train_time = 1.809502
TRAIN Iter 104: loss = 0.004888,	Top-1 err = 60.900000,	Top-5 err = 41.300000,	train_time = 1.816974
TRAIN Iter 105: loss = 0.004879,	Top-1 err = 50.100000,	Top-5 err = 29.200000,	train_time = 1.807095
TRAIN Iter 106: loss = 0.004680,	Top-1 err = 57.000000,	Top-5 err = 35.200000,	train_time = 1.808450
TRAIN Iter 107: loss = 0.004970,	Top-1 err = 57.000000,	Top-5 err = 35.900000,	train_time = 1.819971
TRAIN Iter 108: loss = 0.004965,	Top-1 err = 50.900000,	Top-5 err = 29.100000,	train_time = 1.803845
TRAIN Iter 109: loss = 0.004796,	Top-1 err = 66.900000,	Top-5 err = 48.100000,	train_time = 1.811905
TRAIN Iter 110: loss = 0.004921,	Top-1 err = 58.800000,	Top-5 err = 40.800000,	train_time = 1.816956
TRAIN Iter 111: loss = 0.004738,	Top-1 err = 52.600000,	Top-5 err = 33.400000,	train_time = 1.809044
TRAIN Iter 112: loss = 0.004772,	Top-1 err = 43.800000,	Top-5 err = 25.100000,	train_time = 1.797236
TRAIN Iter 113: loss = 0.004810,	Top-1 err = 54.800000,	Top-5 err = 33.900000,	train_time = 1.812274
TRAIN Iter 114: loss = 0.004659,	Top-1 err = 38.700000,	Top-5 err = 18.200000,	train_time = 1.816821
TRAIN Iter 115: loss = 0.004704,	Top-1 err = 51.700000,	Top-5 err = 35.300000,	train_time = 1.820996
TRAIN Iter 116: loss = 0.004823,	Top-1 err = 49.500000,	Top-5 err = 34.400000,	train_time = 1.829132
TRAIN Iter 117: loss = 0.004443,	Top-1 err = 32.400000,	Top-5 err = 16.000000,	train_time = 1.817920
TRAIN Iter 118: loss = 0.004603,	Top-1 err = 42.900000,	Top-5 err = 20.500000,	train_time = 1.807115
TRAIN Iter 119: loss = 0.004880,	Top-1 err = 60.400000,	Top-5 err = 39.300000,	train_time = 1.835797
TRAIN Iter 120: loss = 0.004778,	Top-1 err = 58.100000,	Top-5 err = 37.900000,	train_time = 1.820193
TRAIN Iter 121: loss = 0.004587,	Top-1 err = 46.000000,	Top-5 err = 26.600000,	train_time = 1.791920
TRAIN Iter 122: loss = 0.004804,	Top-1 err = 59.900000,	Top-5 err = 43.600000,	train_time = 1.817246
TRAIN Iter 123: loss = 0.005008,	Top-1 err = 46.000000,	Top-5 err = 23.900000,	train_time = 1.828197
TRAIN Iter 124: loss = 0.004463,	Top-1 err = 41.000000,	Top-5 err = 21.100000,	train_time = 1.817178
TRAIN Iter 125: loss = 0.004670,	Top-1 err = 52.100000,	Top-5 err = 37.300000,	train_time = 1.814640
TRAIN Iter 126: loss = 0.004627,	Top-1 err = 53.200000,	Top-5 err = 29.500000,	train_time = 1.833875
TRAIN Iter 127: loss = 0.004541,	Top-1 err = 48.400000,	Top-5 err = 28.700000,	train_time = 1.821432
TRAIN Iter 128: loss = 0.004309,	Top-1 err = 37.600000,	Top-5 err = 18.700000,	train_time = 1.814438
TRAIN Iter 129: loss = 0.004651,	Top-1 err = 73.300000,	Top-5 err = 54.700000,	train_time = 1.823127
TRAIN Iter 130: loss = 0.004298,	Top-1 err = 43.700000,	Top-5 err = 23.200000,	train_time = 1.822495
TRAIN Iter 131: loss = 0.004301,	Top-1 err = 35.200000,	Top-5 err = 17.400000,	train_time = 1.833307
TRAIN Iter 132: loss = 0.004471,	Top-1 err = 46.600000,	Top-5 err = 26.600000,	train_time = 1.811893
TRAIN Iter 133: loss = 0.004328,	Top-1 err = 55.900000,	Top-5 err = 37.200000,	train_time = 1.824281
TRAIN Iter 134: loss = 0.004462,	Top-1 err = 50.500000,	Top-5 err = 30.700000,	train_time = 1.800256
TRAIN Iter 135: loss = 0.004328,	Top-1 err = 47.400000,	Top-5 err = 32.800000,	train_time = 1.815942
TRAIN Iter 136: loss = 0.004288,	Top-1 err = 53.200000,	Top-5 err = 33.100000,	train_time = 1.819525
TRAIN Iter 137: loss = 0.004136,	Top-1 err = 33.100000,	Top-5 err = 13.200000,	train_time = 1.820883
TRAIN Iter 138: loss = 0.004138,	Top-1 err = 33.800000,	Top-5 err = 17.700000,	train_time = 1.808744
TRAIN Iter 139: loss = 0.004271,	Top-1 err = 68.900000,	Top-5 err = 48.700000,	train_time = 1.814264
TRAIN Iter 140: loss = 0.004191,	Top-1 err = 44.700000,	Top-5 err = 21.700000,	train_time = 1.802224
TRAIN Iter 141: loss = 0.004289,	Top-1 err = 50.800000,	Top-5 err = 29.600000,	train_time = 1.832022
TRAIN Iter 142: loss = 0.004411,	Top-1 err = 56.400000,	Top-5 err = 33.200000,	train_time = 1.809646
TRAIN Iter 143: loss = 0.004298,	Top-1 err = 64.000000,	Top-5 err = 44.500000,	train_time = 1.813388
TRAIN Iter 144: loss = 0.004337,	Top-1 err = 58.200000,	Top-5 err = 38.100000,	train_time = 1.832048
TRAIN Iter 145: loss = 0.004190,	Top-1 err = 49.000000,	Top-5 err = 27.600000,	train_time = 1.829429
TRAIN Iter 146: loss = 0.004276,	Top-1 err = 58.500000,	Top-5 err = 38.100000,	train_time = 1.809570
TRAIN Iter 147: loss = 0.004356,	Top-1 err = 72.100000,	Top-5 err = 48.500000,	train_time = 1.793802
TRAIN Iter 148: loss = 0.004291,	Top-1 err = 42.800000,	Top-5 err = 19.300000,	train_time = 1.808895
TRAIN Iter 149: loss = 0.004245,	Top-1 err = 53.200000,	Top-5 err = 29.100000,	train_time = 1.815511
TRAIN Iter 150: loss = 0.004081,	Top-1 err = 30.800000,	Top-5 err = 14.700000,	train_time = 1.814865
TRAIN Iter 151: loss = 0.004159,	Top-1 err = 36.300000,	Top-5 err = 23.800000,	train_time = 1.815981
TRAIN Iter 152: loss = 0.004196,	Top-1 err = 43.500000,	Top-5 err = 25.100000,	train_time = 1.829357
TRAIN Iter 153: loss = 0.004045,	Top-1 err = 42.500000,	Top-5 err = 21.600000,	train_time = 1.808782
TRAIN Iter 154: loss = 0.004167,	Top-1 err = 47.100000,	Top-5 err = 26.000000,	train_time = 1.806784
TRAIN Iter 155: loss = 0.004250,	Top-1 err = 49.300000,	Top-5 err = 26.700000,	train_time = 1.814339
TRAIN Iter 156: loss = 0.004163,	Top-1 err = 53.200000,	Top-5 err = 33.400000,	train_time = 1.808325
TRAIN Iter 157: loss = 0.004004,	Top-1 err = 46.100000,	Top-5 err = 29.500000,	train_time = 1.799878
TRAIN Iter 158: loss = 0.004045,	Top-1 err = 47.200000,	Top-5 err = 28.600000,	train_time = 1.813233
TRAIN Iter 159: loss = 0.003782,	Top-1 err = 21.200000,	Top-5 err = 6.400000,	train_time = 1.807680
TRAIN Iter 160: loss = 0.004212,	Top-1 err = 51.500000,	Top-5 err = 32.000000,	train_time = 1.837411
TRAIN Iter 161: loss = 0.003905,	Top-1 err = 47.500000,	Top-5 err = 30.100000,	train_time = 1.821788
TRAIN Iter 162: loss = 0.003893,	Top-1 err = 41.000000,	Top-5 err = 22.000000,	train_time = 1.826878
TRAIN Iter 163: loss = 0.004009,	Top-1 err = 38.000000,	Top-5 err = 19.400000,	train_time = 1.805975
TRAIN Iter 164: loss = 0.003754,	Top-1 err = 54.000000,	Top-5 err = 39.200000,	train_time = 1.823739
TRAIN Iter 165: loss = 0.003955,	Top-1 err = 51.300000,	Top-5 err = 32.400000,	train_time = 1.830711
TRAIN Iter 166: loss = 0.003721,	Top-1 err = 28.100000,	Top-5 err = 11.800000,	train_time = 1.822952
TRAIN Iter 167: loss = 0.003880,	Top-1 err = 31.700000,	Top-5 err = 12.000000,	train_time = 1.835574
TRAIN Iter 168: loss = 0.003811,	Top-1 err = 37.900000,	Top-5 err = 16.700000,	train_time = 1.816537
TRAIN Iter 169: loss = 0.004043,	Top-1 err = 43.200000,	Top-5 err = 22.500000,	train_time = 1.818844
TRAIN Iter 170: loss = 0.003889,	Top-1 err = 38.400000,	Top-5 err = 18.500000,	train_time = 1.828978
TRAIN Iter 171: loss = 0.003981,	Top-1 err = 51.000000,	Top-5 err = 28.700000,	train_time = 1.809294
TRAIN Iter 172: loss = 0.003718,	Top-1 err = 40.400000,	Top-5 err = 24.300000,	train_time = 1.818045
TRAIN Iter 173: loss = 0.003752,	Top-1 err = 46.500000,	Top-5 err = 30.500000,	train_time = 1.828268
TRAIN Iter 174: loss = 0.003846,	Top-1 err = 42.900000,	Top-5 err = 23.800000,	train_time = 1.830133
TRAIN Iter 175: loss = 0.003668,	Top-1 err = 38.400000,	Top-5 err = 18.800000,	train_time = 1.805312
TRAIN Iter 176: loss = 0.003855,	Top-1 err = 36.600000,	Top-5 err = 15.700000,	train_time = 1.812932
TRAIN Iter 177: loss = 0.003697,	Top-1 err = 49.400000,	Top-5 err = 34.400000,	train_time = 1.821774
TRAIN Iter 178: loss = 0.003896,	Top-1 err = 47.000000,	Top-5 err = 30.200000,	train_time = 1.797586
TRAIN Iter 179: loss = 0.003808,	Top-1 err = 37.800000,	Top-5 err = 21.700000,	train_time = 1.812122
TRAIN Iter 180: loss = 0.003806,	Top-1 err = 46.900000,	Top-5 err = 28.200000,	train_time = 1.827754
TRAIN Iter 181: loss = 0.004050,	Top-1 err = 48.300000,	Top-5 err = 24.700000,	train_time = 1.819742
TRAIN Iter 182: loss = 0.003545,	Top-1 err = 32.900000,	Top-5 err = 16.000000,	train_time = 1.815276
TRAIN Iter 183: loss = 0.004001,	Top-1 err = 59.900000,	Top-5 err = 36.100000,	train_time = 1.820572
TRAIN Iter 184: loss = 0.003707,	Top-1 err = 42.000000,	Top-5 err = 23.700000,	train_time = 1.820128
TRAIN Iter 185: loss = 0.003815,	Top-1 err = 52.200000,	Top-5 err = 36.000000,	train_time = 1.827019
TRAIN Iter 186: loss = 0.003811,	Top-1 err = 29.000000,	Top-5 err = 15.400000,	train_time = 1.807572
TRAIN Iter 187: loss = 0.003838,	Top-1 err = 43.900000,	Top-5 err = 27.300000,	train_time = 1.802764
TRAIN Iter 188: loss = 0.003770,	Top-1 err = 44.900000,	Top-5 err = 22.300000,	train_time = 1.860383
TRAIN Iter 189: loss = 0.003719,	Top-1 err = 57.800000,	Top-5 err = 39.100000,	train_time = 1.827927
TRAIN Iter 190: loss = 0.003692,	Top-1 err = 48.900000,	Top-5 err = 27.900000,	train_time = 1.831129
TRAIN Iter 191: loss = 0.003929,	Top-1 err = 52.000000,	Top-5 err = 34.200000,	train_time = 1.804083
TRAIN Iter 192: loss = 0.003757,	Top-1 err = 39.200000,	Top-5 err = 22.500000,	train_time = 1.832605
TRAIN Iter 193: loss = 0.003621,	Top-1 err = 41.000000,	Top-5 err = 25.300000,	train_time = 1.803446
TRAIN Iter 194: loss = 0.003925,	Top-1 err = 53.800000,	Top-5 err = 37.900000,	train_time = 1.820100
TRAIN Iter 195: loss = 0.003601,	Top-1 err = 51.100000,	Top-5 err = 32.500000,	train_time = 1.834900
TRAIN Iter 196: loss = 0.003811,	Top-1 err = 45.300000,	Top-5 err = 25.100000,	train_time = 1.805468
TRAIN Iter 197: loss = 0.003584,	Top-1 err = 39.500000,	Top-5 err = 21.600000,	train_time = 1.808397
TRAIN Iter 198: loss = 0.003678,	Top-1 err = 53.500000,	Top-5 err = 37.700000,	train_time = 1.821091
TRAIN Iter 199: loss = 0.003633,	Top-1 err = 49.100000,	Top-5 err = 31.500000,	train_time = 1.813183
TRAIN Iter 200: loss = 0.003572,	Top-1 err = 33.000000,	Top-5 err = 18.700000,	train_time = 1.795926
TRAIN Iter 201: loss = 0.003677,	Top-1 err = 47.900000,	Top-5 err = 29.000000,	train_time = 1.836216
TRAIN Iter 202: loss = 0.003510,	Top-1 err = 37.100000,	Top-5 err = 21.700000,	train_time = 1.810849
TRAIN Iter 203: loss = 0.003586,	Top-1 err = 38.900000,	Top-5 err = 19.500000,	train_time = 1.802596
TRAIN Iter 204: loss = 0.003749,	Top-1 err = 47.900000,	Top-5 err = 28.200000,	train_time = 1.819843
TRAIN Iter 205: loss = 0.003693,	Top-1 err = 53.100000,	Top-5 err = 37.800000,	train_time = 1.828095
TRAIN Iter 206: loss = 0.003620,	Top-1 err = 53.300000,	Top-5 err = 34.900000,	train_time = 1.812809
TRAIN Iter 207: loss = 0.003520,	Top-1 err = 43.600000,	Top-5 err = 26.400000,	train_time = 1.805347
TRAIN Iter 208: loss = 0.003649,	Top-1 err = 60.900000,	Top-5 err = 41.800000,	train_time = 1.797844
TRAIN Iter 209: loss = 0.003535,	Top-1 err = 42.000000,	Top-5 err = 23.300000,	train_time = 1.829136
TRAIN Iter 210: loss = 0.003398,	Top-1 err = 49.500000,	Top-5 err = 32.000000,	train_time = 1.814862
TRAIN Iter 211: loss = 0.003674,	Top-1 err = 56.500000,	Top-5 err = 30.100000,	train_time = 1.823659
TRAIN Iter 212: loss = 0.003451,	Top-1 err = 42.800000,	Top-5 err = 26.600000,	train_time = 1.819429
TRAIN Iter 213: loss = 0.003625,	Top-1 err = 49.000000,	Top-5 err = 30.300000,	train_time = 1.801257
TRAIN Iter 214: loss = 0.003449,	Top-1 err = 38.900000,	Top-5 err = 18.900000,	train_time = 1.837863
TRAIN Iter 215: loss = 0.003703,	Top-1 err = 61.900000,	Top-5 err = 41.200000,	train_time = 1.821105
TRAIN Iter 216: loss = 0.003370,	Top-1 err = 41.900000,	Top-5 err = 25.400000,	train_time = 1.819739
TRAIN Iter 217: loss = 0.003639,	Top-1 err = 43.200000,	Top-5 err = 22.300000,	train_time = 1.825462
TRAIN Iter 218: loss = 0.003385,	Top-1 err = 47.300000,	Top-5 err = 32.600000,	train_time = 1.826185
TRAIN Iter 219: loss = 0.003275,	Top-1 err = 40.100000,	Top-5 err = 25.700000,	train_time = 1.821628
TRAIN Iter 220: loss = 0.003579,	Top-1 err = 39.200000,	Top-5 err = 20.700000,	train_time = 1.795861
TRAIN Iter 221: loss = 0.003463,	Top-1 err = 36.600000,	Top-5 err = 16.800000,	train_time = 1.817189
TRAIN Iter 222: loss = 0.003281,	Top-1 err = 33.700000,	Top-5 err = 16.700000,	train_time = 1.837789
TRAIN Iter 223: loss = 0.003243,	Top-1 err = 36.000000,	Top-5 err = 22.800000,	train_time = 1.801809
TRAIN Iter 224: loss = 0.003288,	Top-1 err = 30.700000,	Top-5 err = 15.600000,	train_time = 1.810813
TRAIN Iter 225: loss = 0.003288,	Top-1 err = 35.600000,	Top-5 err = 19.400000,	train_time = 1.825819
TRAIN Iter 226: loss = 0.003388,	Top-1 err = 42.100000,	Top-5 err = 24.200000,	train_time = 1.822658
TRAIN Iter 227: loss = 0.003502,	Top-1 err = 44.200000,	Top-5 err = 29.100000,	train_time = 1.804025
TRAIN Iter 228: loss = 0.003381,	Top-1 err = 50.200000,	Top-5 err = 29.500000,	train_time = 1.826915
TRAIN Iter 229: loss = 0.003313,	Top-1 err = 42.600000,	Top-5 err = 23.800000,	train_time = 1.827852
TRAIN Iter 230: loss = 0.003297,	Top-1 err = 41.800000,	Top-5 err = 23.800000,	train_time = 1.823025
TRAIN Iter 231: loss = 0.003489,	Top-1 err = 59.100000,	Top-5 err = 37.800000,	train_time = 1.827858
TRAIN Iter 232: loss = 0.003255,	Top-1 err = 32.400000,	Top-5 err = 15.800000,	train_time = 1.813145
TRAIN Iter 233: loss = 0.003508,	Top-1 err = 53.500000,	Top-5 err = 35.500000,	train_time = 1.823275
TRAIN Iter 234: loss = 0.003538,	Top-1 err = 53.400000,	Top-5 err = 31.700000,	train_time = 1.830733
TRAIN Iter 235: loss = 0.003348,	Top-1 err = 39.700000,	Top-5 err = 21.200000,	train_time = 1.814147
TRAIN Iter 236: loss = 0.003286,	Top-1 err = 52.500000,	Top-5 err = 35.000000,	train_time = 1.807662
TRAIN Iter 237: loss = 0.003277,	Top-1 err = 41.200000,	Top-5 err = 24.700000,	train_time = 1.811390
TRAIN Iter 238: loss = 0.003414,	Top-1 err = 50.700000,	Top-5 err = 30.200000,	train_time = 1.811136
TRAIN Iter 239: loss = 0.003288,	Top-1 err = 47.600000,	Top-5 err = 32.300000,	train_time = 1.810375
TRAIN Iter 240: loss = 0.003468,	Top-1 err = 48.300000,	Top-5 err = 26.300000,	train_time = 1.814114
TRAIN Iter 241: loss = 0.003602,	Top-1 err = 48.400000,	Top-5 err = 33.200000,	train_time = 1.818440
TRAIN Iter 242: loss = 0.003364,	Top-1 err = 46.200000,	Top-5 err = 28.400000,	train_time = 1.815313
TRAIN Iter 243: loss = 0.003461,	Top-1 err = 58.700000,	Top-5 err = 34.300000,	train_time = 1.816159
TRAIN Iter 244: loss = 0.003276,	Top-1 err = 47.200000,	Top-5 err = 26.300000,	train_time = 1.811609
TRAIN Iter 245: loss = 0.003168,	Top-1 err = 40.700000,	Top-5 err = 20.400000,	train_time = 1.830308
TRAIN Iter 246: loss = 0.002897,	Top-1 err = 26.500000,	Top-5 err = 15.000000,	train_time = 1.799549
TRAIN Iter 247: loss = 0.003037,	Top-1 err = 38.700000,	Top-5 err = 22.400000,	train_time = 1.820919
TRAIN Iter 248: loss = 0.003217,	Top-1 err = 43.900000,	Top-5 err = 25.000000,	train_time = 1.825968
TRAIN Iter 249: loss = 0.003311,	Top-1 err = 42.800000,	Top-5 err = 22.400000,	train_time = 1.805881
TEST:
Iter 249: loss = 2.300516,	Top-1 err = 56.200000,	Top-5 err = 24.800000,	val_time = 3.374632
TRAIN Iter 250: loss = 0.003178,	Top-1 err = 34.100000,	Top-5 err = 13.500000,	train_time = 1.802072
TRAIN Iter 251: loss = 0.003198,	Top-1 err = 41.100000,	Top-5 err = 28.000000,	train_time = 1.827425
TRAIN Iter 252: loss = 0.003353,	Top-1 err = 57.000000,	Top-5 err = 34.200000,	train_time = 1.826836
TRAIN Iter 253: loss = 0.003375,	Top-1 err = 48.000000,	Top-5 err = 24.700000,	train_time = 1.829175
TRAIN Iter 254: loss = 0.003104,	Top-1 err = 31.500000,	Top-5 err = 17.100000,	train_time = 1.824945
TRAIN Iter 255: loss = 0.003096,	Top-1 err = 40.700000,	Top-5 err = 20.200000,	train_time = 1.809120
TRAIN Iter 256: loss = 0.003349,	Top-1 err = 58.000000,	Top-5 err = 38.500000,	train_time = 1.811157
TRAIN Iter 257: loss = 0.003419,	Top-1 err = 49.500000,	Top-5 err = 28.000000,	train_time = 1.808993
TRAIN Iter 258: loss = 0.003234,	Top-1 err = 44.100000,	Top-5 err = 26.500000,	train_time = 1.827922
TRAIN Iter 259: loss = 0.003452,	Top-1 err = 59.700000,	Top-5 err = 36.000000,	train_time = 1.818281
TEST:
Iter 259: loss = 2.305217,	Top-1 err = 55.470000,	Top-5 err = 24.270000,	val_time = 3.380452
TRAIN Iter 260: loss = 0.003155,	Top-1 err = 49.000000,	Top-5 err = 29.800000,	train_time = 1.831019
TRAIN Iter 261: loss = 0.003188,	Top-1 err = 44.300000,	Top-5 err = 24.600000,	train_time = 1.829604
TRAIN Iter 262: loss = 0.003289,	Top-1 err = 51.300000,	Top-5 err = 31.400000,	train_time = 1.843561
TRAIN Iter 263: loss = 0.003117,	Top-1 err = 40.200000,	Top-5 err = 20.800000,	train_time = 1.826386
TRAIN Iter 264: loss = 0.003254,	Top-1 err = 46.800000,	Top-5 err = 26.000000,	train_time = 1.819088
TRAIN Iter 265: loss = 0.003263,	Top-1 err = 36.000000,	Top-5 err = 18.200000,	train_time = 1.817061
TRAIN Iter 266: loss = 0.003055,	Top-1 err = 40.100000,	Top-5 err = 20.400000,	train_time = 1.839067
TRAIN Iter 267: loss = 0.002965,	Top-1 err = 45.200000,	Top-5 err = 27.300000,	train_time = 1.826371
TRAIN Iter 268: loss = 0.003201,	Top-1 err = 46.200000,	Top-5 err = 28.100000,	train_time = 1.829265
TRAIN Iter 269: loss = 0.003364,	Top-1 err = 72.000000,	Top-5 err = 52.100000,	train_time = 1.827404
TEST:
Iter 269: loss = 2.255926,	Top-1 err = 55.400000,	Top-5 err = 24.070000,	val_time = 3.389579
TRAIN Iter 270: loss = 0.003028,	Top-1 err = 44.200000,	Top-5 err = 27.200000,	train_time = 1.793600
TRAIN Iter 271: loss = 0.003447,	Top-1 err = 62.100000,	Top-5 err = 38.500000,	train_time = 1.808462
TRAIN Iter 272: loss = 0.003189,	Top-1 err = 54.800000,	Top-5 err = 37.400000,	train_time = 1.820984
TRAIN Iter 273: loss = 0.003042,	Top-1 err = 33.800000,	Top-5 err = 16.300000,	train_time = 1.815101
TRAIN Iter 274: loss = 0.003442,	Top-1 err = 46.500000,	Top-5 err = 27.500000,	train_time = 1.824541
TRAIN Iter 275: loss = 0.003177,	Top-1 err = 52.900000,	Top-5 err = 35.100000,	train_time = 1.817781
TRAIN Iter 276: loss = 0.003128,	Top-1 err = 37.200000,	Top-5 err = 18.300000,	train_time = 1.821095
TRAIN Iter 277: loss = 0.002944,	Top-1 err = 34.800000,	Top-5 err = 21.300000,	train_time = 1.814723
TRAIN Iter 278: loss = 0.003410,	Top-1 err = 56.100000,	Top-5 err = 38.200000,	train_time = 1.829129
TRAIN Iter 279: loss = 0.003175,	Top-1 err = 64.900000,	Top-5 err = 42.400000,	train_time = 1.806905
TEST:
Iter 279: loss = 2.219574,	Top-1 err = 54.060000,	Top-5 err = 22.770000,	val_time = 3.392871
TRAIN Iter 280: loss = 0.003281,	Top-1 err = 51.400000,	Top-5 err = 30.400000,	train_time = 1.816437
TRAIN Iter 281: loss = 0.002849,	Top-1 err = 32.000000,	Top-5 err = 16.300000,	train_time = 1.794169
TRAIN Iter 282: loss = 0.003169,	Top-1 err = 53.500000,	Top-5 err = 37.200000,	train_time = 1.817441
TRAIN Iter 283: loss = 0.003039,	Top-1 err = 50.900000,	Top-5 err = 28.300000,	train_time = 1.818796
TRAIN Iter 284: loss = 0.002918,	Top-1 err = 38.000000,	Top-5 err = 26.400000,	train_time = 1.812671
TRAIN Iter 285: loss = 0.002798,	Top-1 err = 27.200000,	Top-5 err = 9.700000,	train_time = 1.820575
TRAIN Iter 286: loss = 0.002987,	Top-1 err = 36.900000,	Top-5 err = 18.800000,	train_time = 1.827075
TRAIN Iter 287: loss = 0.003056,	Top-1 err = 64.400000,	Top-5 err = 48.500000,	train_time = 1.807971
TRAIN Iter 288: loss = 0.003014,	Top-1 err = 37.000000,	Top-5 err = 22.000000,	train_time = 1.804273
TRAIN Iter 289: loss = 0.002966,	Top-1 err = 41.700000,	Top-5 err = 25.200000,	train_time = 1.811851
TEST:
Iter 289: loss = 2.192460,	Top-1 err = 53.950000,	Top-5 err = 22.260000,	val_time = 3.401341
TRAIN Iter 290: loss = 0.003266,	Top-1 err = 58.800000,	Top-5 err = 37.000000,	train_time = 1.831390
TRAIN Iter 291: loss = 0.003168,	Top-1 err = 45.400000,	Top-5 err = 23.200000,	train_time = 1.806598
TRAIN Iter 292: loss = 0.002812,	Top-1 err = 40.400000,	Top-5 err = 26.000000,	train_time = 1.835068
TRAIN Iter 293: loss = 0.003031,	Top-1 err = 36.300000,	Top-5 err = 17.800000,	train_time = 1.836517
TRAIN Iter 294: loss = 0.003115,	Top-1 err = 47.200000,	Top-5 err = 30.500000,	train_time = 1.814582
TRAIN Iter 295: loss = 0.003113,	Top-1 err = 50.000000,	Top-5 err = 31.400000,	train_time = 1.818314
TRAIN Iter 296: loss = 0.002962,	Top-1 err = 45.000000,	Top-5 err = 30.700000,	train_time = 1.803888
TRAIN Iter 297: loss = 0.003338,	Top-1 err = 60.200000,	Top-5 err = 39.200000,	train_time = 1.802830
TRAIN Iter 298: loss = 0.003116,	Top-1 err = 59.100000,	Top-5 err = 41.300000,	train_time = 1.828589
TRAIN Iter 299: loss = 0.002836,	Top-1 err = 42.800000,	Top-5 err = 26.300000,	train_time = 1.807349
TEST:
Iter 299: loss = 2.154459,	Top-1 err = 53.580000,	Top-5 err = 22.120000,	val_time = 3.385725
Train Finish! Best accuracy is 46.42@299
