/home/dvspanos/miniconda3/envs/rded/lib/python3.10/site-packages/torch/cuda/__init__.py:611: UserWarning: Can't initialize NVML
  warnings.warn("Can't initialize NVML")
=> using pytorch pre-trained teacher model 'conv3'
process data from /home/dvspanos/nikos/ca2d/artifacts/sets/ca2d_ipc10
load data successfully
TRAIN Iter 0: loss = 0.021133,	Top-1 err = 96.400000,	Top-5 err = 87.700000,	train_time = 1.118290
TRAIN Iter 1: loss = 0.018101,	Top-1 err = 92.900000,	Top-5 err = 77.800000,	train_time = 0.388439
TRAIN Iter 2: loss = 0.017816,	Top-1 err = 88.000000,	Top-5 err = 67.500000,	train_time = 0.378242
TRAIN Iter 3: loss = 0.016554,	Top-1 err = 88.000000,	Top-5 err = 69.000000,	train_time = 0.408792
TRAIN Iter 4: loss = 0.016512,	Top-1 err = 82.800000,	Top-5 err = 59.300000,	train_time = 0.366945
TRAIN Iter 5: loss = 0.015284,	Top-1 err = 76.500000,	Top-5 err = 52.700000,	train_time = 0.438289
TRAIN Iter 6: loss = 0.014137,	Top-1 err = 77.500000,	Top-5 err = 52.200000,	train_time = 0.391922
TRAIN Iter 7: loss = 0.014578,	Top-1 err = 78.800000,	Top-5 err = 54.100000,	train_time = 0.397113
TRAIN Iter 8: loss = 0.013711,	Top-1 err = 76.200000,	Top-5 err = 50.300000,	train_time = 0.377993
TRAIN Iter 9: loss = 0.012438,	Top-1 err = 73.800000,	Top-5 err = 51.000000,	train_time = 0.408758
TRAIN Iter 10: loss = 0.012260,	Top-1 err = 69.300000,	Top-5 err = 44.100000,	train_time = 0.363188
TRAIN Iter 11: loss = 0.012060,	Top-1 err = 69.900000,	Top-5 err = 45.500000,	train_time = 0.391870
TRAIN Iter 12: loss = 0.011656,	Top-1 err = 68.100000,	Top-5 err = 41.100000,	train_time = 0.389594
TRAIN Iter 13: loss = 0.011351,	Top-1 err = 66.600000,	Top-5 err = 42.100000,	train_time = 0.397719
TRAIN Iter 14: loss = 0.010953,	Top-1 err = 69.500000,	Top-5 err = 43.000000,	train_time = 0.404900
TRAIN Iter 15: loss = 0.010663,	Top-1 err = 62.600000,	Top-5 err = 37.000000,	train_time = 0.405552
TRAIN Iter 16: loss = 0.010281,	Top-1 err = 66.000000,	Top-5 err = 40.600000,	train_time = 0.391560
TRAIN Iter 17: loss = 0.009876,	Top-1 err = 60.500000,	Top-5 err = 37.600000,	train_time = 0.372312
TRAIN Iter 18: loss = 0.009877,	Top-1 err = 60.900000,	Top-5 err = 36.000000,	train_time = 0.390270
TRAIN Iter 19: loss = 0.009723,	Top-1 err = 57.200000,	Top-5 err = 32.000000,	train_time = 0.404067
TRAIN Iter 20: loss = 0.009390,	Top-1 err = 54.800000,	Top-5 err = 34.000000,	train_time = 0.376444
TRAIN Iter 21: loss = 0.009401,	Top-1 err = 53.400000,	Top-5 err = 30.200000,	train_time = 0.402148
TRAIN Iter 22: loss = 0.008555,	Top-1 err = 56.500000,	Top-5 err = 32.200000,	train_time = 0.360717
TRAIN Iter 23: loss = 0.008795,	Top-1 err = 54.400000,	Top-5 err = 31.100000,	train_time = 0.390896
TRAIN Iter 24: loss = 0.008192,	Top-1 err = 55.300000,	Top-5 err = 32.100000,	train_time = 0.402989
TRAIN Iter 25: loss = 0.008924,	Top-1 err = 48.700000,	Top-5 err = 26.700000,	train_time = 0.386080
TRAIN Iter 26: loss = 0.008560,	Top-1 err = 59.400000,	Top-5 err = 37.400000,	train_time = 0.389187
TRAIN Iter 27: loss = 0.008267,	Top-1 err = 59.200000,	Top-5 err = 37.600000,	train_time = 0.395526
TRAIN Iter 28: loss = 0.008088,	Top-1 err = 51.500000,	Top-5 err = 29.100000,	train_time = 0.360220
TRAIN Iter 29: loss = 0.007725,	Top-1 err = 49.200000,	Top-5 err = 27.100000,	train_time = 0.378012
TRAIN Iter 30: loss = 0.007841,	Top-1 err = 54.700000,	Top-5 err = 31.700000,	train_time = 0.397082
TRAIN Iter 31: loss = 0.007831,	Top-1 err = 50.900000,	Top-5 err = 29.100000,	train_time = 0.413337
TRAIN Iter 32: loss = 0.007478,	Top-1 err = 50.700000,	Top-5 err = 29.600000,	train_time = 0.403378
TRAIN Iter 33: loss = 0.007789,	Top-1 err = 51.500000,	Top-5 err = 32.500000,	train_time = 0.404757
TRAIN Iter 34: loss = 0.007182,	Top-1 err = 49.200000,	Top-5 err = 27.900000,	train_time = 0.395152
TRAIN Iter 35: loss = 0.007334,	Top-1 err = 52.400000,	Top-5 err = 29.100000,	train_time = 0.398653
TRAIN Iter 36: loss = 0.007342,	Top-1 err = 57.900000,	Top-5 err = 35.000000,	train_time = 0.387180
TRAIN Iter 37: loss = 0.007026,	Top-1 err = 40.800000,	Top-5 err = 20.200000,	train_time = 0.439798
TRAIN Iter 38: loss = 0.006581,	Top-1 err = 46.100000,	Top-5 err = 24.000000,	train_time = 0.396097
TRAIN Iter 39: loss = 0.006783,	Top-1 err = 46.600000,	Top-5 err = 23.400000,	train_time = 0.432898
TRAIN Iter 40: loss = 0.006617,	Top-1 err = 45.300000,	Top-5 err = 23.700000,	train_time = 0.394050
TRAIN Iter 41: loss = 0.006555,	Top-1 err = 43.400000,	Top-5 err = 23.100000,	train_time = 0.408987
TRAIN Iter 42: loss = 0.006556,	Top-1 err = 40.500000,	Top-5 err = 20.100000,	train_time = 0.412978
TRAIN Iter 43: loss = 0.006441,	Top-1 err = 43.900000,	Top-5 err = 24.700000,	train_time = 0.402186
TRAIN Iter 44: loss = 0.006490,	Top-1 err = 46.900000,	Top-5 err = 24.300000,	train_time = 0.398351
TRAIN Iter 45: loss = 0.006288,	Top-1 err = 44.300000,	Top-5 err = 23.300000,	train_time = 0.398046
TRAIN Iter 46: loss = 0.006480,	Top-1 err = 44.400000,	Top-5 err = 22.800000,	train_time = 0.396279
TRAIN Iter 47: loss = 0.006292,	Top-1 err = 48.400000,	Top-5 err = 28.600000,	train_time = 0.363724
TRAIN Iter 48: loss = 0.006280,	Top-1 err = 45.000000,	Top-5 err = 25.900000,	train_time = 0.384997
TRAIN Iter 49: loss = 0.006073,	Top-1 err = 45.200000,	Top-5 err = 26.200000,	train_time = 0.416260
TRAIN Iter 50: loss = 0.006085,	Top-1 err = 38.700000,	Top-5 err = 19.600000,	train_time = 0.381973
TRAIN Iter 51: loss = 0.006491,	Top-1 err = 49.300000,	Top-5 err = 30.400000,	train_time = 0.358565
TRAIN Iter 52: loss = 0.005926,	Top-1 err = 52.300000,	Top-5 err = 30.300000,	train_time = 0.417908
TRAIN Iter 53: loss = 0.005702,	Top-1 err = 45.600000,	Top-5 err = 25.800000,	train_time = 0.372940
TRAIN Iter 54: loss = 0.005741,	Top-1 err = 42.200000,	Top-5 err = 22.600000,	train_time = 0.438350
TRAIN Iter 55: loss = 0.005682,	Top-1 err = 36.100000,	Top-5 err = 18.400000,	train_time = 0.410590
TRAIN Iter 56: loss = 0.005536,	Top-1 err = 36.900000,	Top-5 err = 19.400000,	train_time = 0.412986
TRAIN Iter 57: loss = 0.005682,	Top-1 err = 47.300000,	Top-5 err = 25.300000,	train_time = 0.379593
TRAIN Iter 58: loss = 0.005597,	Top-1 err = 43.200000,	Top-5 err = 23.200000,	train_time = 0.397027
TRAIN Iter 59: loss = 0.005781,	Top-1 err = 44.900000,	Top-5 err = 26.800000,	train_time = 0.414887
TRAIN Iter 60: loss = 0.005544,	Top-1 err = 48.400000,	Top-5 err = 26.000000,	train_time = 0.403905
TRAIN Iter 61: loss = 0.005327,	Top-1 err = 36.100000,	Top-5 err = 17.300000,	train_time = 0.390806
TRAIN Iter 62: loss = 0.005550,	Top-1 err = 38.000000,	Top-5 err = 19.300000,	train_time = 0.383901
TRAIN Iter 63: loss = 0.005478,	Top-1 err = 40.300000,	Top-5 err = 19.800000,	train_time = 0.414405
TRAIN Iter 64: loss = 0.005573,	Top-1 err = 48.500000,	Top-5 err = 27.400000,	train_time = 0.405360
TRAIN Iter 65: loss = 0.005052,	Top-1 err = 41.100000,	Top-5 err = 23.100000,	train_time = 0.386479
TRAIN Iter 66: loss = 0.005085,	Top-1 err = 40.300000,	Top-5 err = 20.400000,	train_time = 0.402776
TRAIN Iter 67: loss = 0.005279,	Top-1 err = 50.900000,	Top-5 err = 32.000000,	train_time = 0.425231
TRAIN Iter 68: loss = 0.005255,	Top-1 err = 44.800000,	Top-5 err = 24.400000,	train_time = 0.379611
TRAIN Iter 69: loss = 0.005288,	Top-1 err = 43.800000,	Top-5 err = 24.800000,	train_time = 0.405490
TRAIN Iter 70: loss = 0.005186,	Top-1 err = 43.200000,	Top-5 err = 23.000000,	train_time = 0.419106
TRAIN Iter 71: loss = 0.005271,	Top-1 err = 39.700000,	Top-5 err = 21.500000,	train_time = 0.369452
TRAIN Iter 72: loss = 0.005222,	Top-1 err = 40.800000,	Top-5 err = 21.600000,	train_time = 0.409333
TRAIN Iter 73: loss = 0.005040,	Top-1 err = 39.900000,	Top-5 err = 19.000000,	train_time = 0.408960
TRAIN Iter 74: loss = 0.005331,	Top-1 err = 47.500000,	Top-5 err = 28.900000,	train_time = 0.448489
TRAIN Iter 75: loss = 0.005137,	Top-1 err = 43.500000,	Top-5 err = 23.800000,	train_time = 0.400005
TRAIN Iter 76: loss = 0.004910,	Top-1 err = 45.500000,	Top-5 err = 26.000000,	train_time = 0.394390
TRAIN Iter 77: loss = 0.004962,	Top-1 err = 47.600000,	Top-5 err = 27.600000,	train_time = 0.411933
TRAIN Iter 78: loss = 0.004947,	Top-1 err = 40.800000,	Top-5 err = 22.100000,	train_time = 0.413833
TRAIN Iter 79: loss = 0.005417,	Top-1 err = 44.900000,	Top-5 err = 28.800000,	train_time = 0.390296
TRAIN Iter 80: loss = 0.004968,	Top-1 err = 43.200000,	Top-5 err = 20.000000,	train_time = 0.398919
TRAIN Iter 81: loss = 0.004924,	Top-1 err = 45.800000,	Top-5 err = 28.300000,	train_time = 0.396530
TRAIN Iter 82: loss = 0.004775,	Top-1 err = 43.400000,	Top-5 err = 23.700000,	train_time = 0.392438
TRAIN Iter 83: loss = 0.004953,	Top-1 err = 40.600000,	Top-5 err = 20.800000,	train_time = 0.392938
TRAIN Iter 84: loss = 0.005011,	Top-1 err = 46.700000,	Top-5 err = 26.500000,	train_time = 0.399959
TRAIN Iter 85: loss = 0.004961,	Top-1 err = 40.400000,	Top-5 err = 21.700000,	train_time = 0.381763
TRAIN Iter 86: loss = 0.004661,	Top-1 err = 39.500000,	Top-5 err = 22.000000,	train_time = 0.383864
TRAIN Iter 87: loss = 0.004822,	Top-1 err = 38.300000,	Top-5 err = 20.900000,	train_time = 0.399381
TRAIN Iter 88: loss = 0.004750,	Top-1 err = 42.600000,	Top-5 err = 27.900000,	train_time = 0.414386
TRAIN Iter 89: loss = 0.004643,	Top-1 err = 43.100000,	Top-5 err = 25.500000,	train_time = 0.407267
TRAIN Iter 90: loss = 0.004492,	Top-1 err = 38.300000,	Top-5 err = 21.500000,	train_time = 0.403039
TRAIN Iter 91: loss = 0.004595,	Top-1 err = 39.600000,	Top-5 err = 23.100000,	train_time = 0.403374
TRAIN Iter 92: loss = 0.004846,	Top-1 err = 39.600000,	Top-5 err = 22.600000,	train_time = 0.380133
TRAIN Iter 93: loss = 0.004653,	Top-1 err = 44.500000,	Top-5 err = 26.200000,	train_time = 0.386302
TRAIN Iter 94: loss = 0.004659,	Top-1 err = 44.400000,	Top-5 err = 24.400000,	train_time = 0.406749
TRAIN Iter 95: loss = 0.004485,	Top-1 err = 40.100000,	Top-5 err = 22.100000,	train_time = 0.383405
TRAIN Iter 96: loss = 0.004704,	Top-1 err = 44.700000,	Top-5 err = 26.100000,	train_time = 0.338639
TRAIN Iter 97: loss = 0.004649,	Top-1 err = 45.100000,	Top-5 err = 26.000000,	train_time = 0.392393
TRAIN Iter 98: loss = 0.004507,	Top-1 err = 47.800000,	Top-5 err = 28.500000,	train_time = 0.395664
TRAIN Iter 99: loss = 0.004366,	Top-1 err = 38.100000,	Top-5 err = 19.200000,	train_time = 0.404186
TRAIN Iter 100: loss = 0.004508,	Top-1 err = 45.300000,	Top-5 err = 26.100000,	train_time = 0.409198
TRAIN Iter 101: loss = 0.004374,	Top-1 err = 37.700000,	Top-5 err = 20.500000,	train_time = 0.419195
TRAIN Iter 102: loss = 0.004370,	Top-1 err = 44.200000,	Top-5 err = 26.200000,	train_time = 0.391670
TRAIN Iter 103: loss = 0.004380,	Top-1 err = 42.600000,	Top-5 err = 25.400000,	train_time = 0.384750
TRAIN Iter 104: loss = 0.004726,	Top-1 err = 47.500000,	Top-5 err = 31.000000,	train_time = 0.387152
TRAIN Iter 105: loss = 0.004462,	Top-1 err = 40.900000,	Top-5 err = 24.300000,	train_time = 0.405871
TRAIN Iter 106: loss = 0.004602,	Top-1 err = 45.000000,	Top-5 err = 28.600000,	train_time = 0.391272
TRAIN Iter 107: loss = 0.004403,	Top-1 err = 38.600000,	Top-5 err = 20.400000,	train_time = 0.396790
TRAIN Iter 108: loss = 0.004246,	Top-1 err = 37.600000,	Top-5 err = 20.000000,	train_time = 0.442063
TRAIN Iter 109: loss = 0.004223,	Top-1 err = 41.600000,	Top-5 err = 25.800000,	train_time = 0.376196
TRAIN Iter 110: loss = 0.004210,	Top-1 err = 37.400000,	Top-5 err = 19.600000,	train_time = 0.385145
TRAIN Iter 111: loss = 0.004160,	Top-1 err = 40.500000,	Top-5 err = 22.500000,	train_time = 0.383404
TRAIN Iter 112: loss = 0.004249,	Top-1 err = 36.300000,	Top-5 err = 19.200000,	train_time = 0.375665
TRAIN Iter 113: loss = 0.004078,	Top-1 err = 34.300000,	Top-5 err = 17.300000,	train_time = 0.382617
TRAIN Iter 114: loss = 0.004211,	Top-1 err = 43.600000,	Top-5 err = 25.900000,	train_time = 0.372832
TRAIN Iter 115: loss = 0.004368,	Top-1 err = 37.900000,	Top-5 err = 20.800000,	train_time = 0.430526
TRAIN Iter 116: loss = 0.004247,	Top-1 err = 42.900000,	Top-5 err = 25.100000,	train_time = 0.415791
TRAIN Iter 117: loss = 0.004291,	Top-1 err = 47.300000,	Top-5 err = 25.800000,	train_time = 0.399811
TRAIN Iter 118: loss = 0.004140,	Top-1 err = 40.700000,	Top-5 err = 20.900000,	train_time = 0.375814
TRAIN Iter 119: loss = 0.004144,	Top-1 err = 43.500000,	Top-5 err = 22.900000,	train_time = 0.377090
TRAIN Iter 120: loss = 0.004281,	Top-1 err = 38.300000,	Top-5 err = 20.100000,	train_time = 0.416392
TRAIN Iter 121: loss = 0.004169,	Top-1 err = 37.700000,	Top-5 err = 20.100000,	train_time = 0.406258
TRAIN Iter 122: loss = 0.004209,	Top-1 err = 44.900000,	Top-5 err = 28.600000,	train_time = 0.392019
TRAIN Iter 123: loss = 0.004250,	Top-1 err = 46.700000,	Top-5 err = 28.000000,	train_time = 0.428909
TRAIN Iter 124: loss = 0.004101,	Top-1 err = 37.000000,	Top-5 err = 19.100000,	train_time = 0.407292
TRAIN Iter 125: loss = 0.004061,	Top-1 err = 32.300000,	Top-5 err = 16.000000,	train_time = 0.338940
TRAIN Iter 126: loss = 0.004031,	Top-1 err = 42.700000,	Top-5 err = 23.800000,	train_time = 0.353090
TRAIN Iter 127: loss = 0.004009,	Top-1 err = 35.800000,	Top-5 err = 18.200000,	train_time = 0.386515
TRAIN Iter 128: loss = 0.003870,	Top-1 err = 38.100000,	Top-5 err = 22.700000,	train_time = 0.388775
TRAIN Iter 129: loss = 0.004138,	Top-1 err = 36.800000,	Top-5 err = 20.900000,	train_time = 0.409921
TRAIN Iter 130: loss = 0.004017,	Top-1 err = 43.400000,	Top-5 err = 25.500000,	train_time = 0.405424
TRAIN Iter 131: loss = 0.004025,	Top-1 err = 42.800000,	Top-5 err = 24.700000,	train_time = 0.443391
TRAIN Iter 132: loss = 0.004174,	Top-1 err = 47.600000,	Top-5 err = 28.600000,	train_time = 0.427854
TRAIN Iter 133: loss = 0.004033,	Top-1 err = 42.100000,	Top-5 err = 24.700000,	train_time = 0.392709
TRAIN Iter 134: loss = 0.003929,	Top-1 err = 39.700000,	Top-5 err = 20.300000,	train_time = 0.393692
TRAIN Iter 135: loss = 0.004211,	Top-1 err = 53.600000,	Top-5 err = 33.700000,	train_time = 0.409579
TRAIN Iter 136: loss = 0.003830,	Top-1 err = 38.800000,	Top-5 err = 19.900000,	train_time = 0.380453
TRAIN Iter 137: loss = 0.003867,	Top-1 err = 36.100000,	Top-5 err = 19.900000,	train_time = 0.360944
TRAIN Iter 138: loss = 0.003980,	Top-1 err = 38.900000,	Top-5 err = 20.500000,	train_time = 0.381466
TRAIN Iter 139: loss = 0.003964,	Top-1 err = 46.400000,	Top-5 err = 29.100000,	train_time = 0.412385
TRAIN Iter 140: loss = 0.003802,	Top-1 err = 39.200000,	Top-5 err = 21.900000,	train_time = 0.403395
TRAIN Iter 141: loss = 0.003900,	Top-1 err = 37.000000,	Top-5 err = 20.000000,	train_time = 0.399423
TRAIN Iter 142: loss = 0.003996,	Top-1 err = 37.400000,	Top-5 err = 22.100000,	train_time = 0.397953
TRAIN Iter 143: loss = 0.003662,	Top-1 err = 30.700000,	Top-5 err = 15.800000,	train_time = 0.383105
TRAIN Iter 144: loss = 0.003899,	Top-1 err = 40.400000,	Top-5 err = 22.900000,	train_time = 0.413134
TRAIN Iter 145: loss = 0.004164,	Top-1 err = 47.200000,	Top-5 err = 29.800000,	train_time = 0.400013
TRAIN Iter 146: loss = 0.003868,	Top-1 err = 41.500000,	Top-5 err = 25.700000,	train_time = 0.425627
TRAIN Iter 147: loss = 0.003898,	Top-1 err = 44.400000,	Top-5 err = 25.000000,	train_time = 0.393111
TRAIN Iter 148: loss = 0.003954,	Top-1 err = 44.400000,	Top-5 err = 26.200000,	train_time = 0.400005
TRAIN Iter 149: loss = 0.003798,	Top-1 err = 42.100000,	Top-5 err = 23.100000,	train_time = 0.446541
TRAIN Iter 150: loss = 0.003787,	Top-1 err = 45.700000,	Top-5 err = 27.000000,	train_time = 0.380662
TRAIN Iter 151: loss = 0.003760,	Top-1 err = 35.700000,	Top-5 err = 19.800000,	train_time = 0.391275
TRAIN Iter 152: loss = 0.003757,	Top-1 err = 41.000000,	Top-5 err = 22.800000,	train_time = 0.385947
TRAIN Iter 153: loss = 0.003853,	Top-1 err = 38.500000,	Top-5 err = 20.100000,	train_time = 0.386476
TRAIN Iter 154: loss = 0.003805,	Top-1 err = 38.000000,	Top-5 err = 19.700000,	train_time = 0.395187
TRAIN Iter 155: loss = 0.003710,	Top-1 err = 41.100000,	Top-5 err = 22.500000,	train_time = 0.419242
TRAIN Iter 156: loss = 0.003885,	Top-1 err = 44.200000,	Top-5 err = 26.400000,	train_time = 0.420745
TRAIN Iter 157: loss = 0.003863,	Top-1 err = 50.400000,	Top-5 err = 31.800000,	train_time = 0.391285
TRAIN Iter 158: loss = 0.003628,	Top-1 err = 34.200000,	Top-5 err = 19.300000,	train_time = 0.373186
TRAIN Iter 159: loss = 0.003934,	Top-1 err = 46.700000,	Top-5 err = 30.800000,	train_time = 0.427011
TRAIN Iter 160: loss = 0.003852,	Top-1 err = 37.500000,	Top-5 err = 17.900000,	train_time = 0.400514
TRAIN Iter 161: loss = 0.003573,	Top-1 err = 36.000000,	Top-5 err = 19.200000,	train_time = 0.412278
TRAIN Iter 162: loss = 0.003760,	Top-1 err = 44.300000,	Top-5 err = 24.700000,	train_time = 0.392488
TRAIN Iter 163: loss = 0.003783,	Top-1 err = 42.500000,	Top-5 err = 25.700000,	train_time = 0.384019
TRAIN Iter 164: loss = 0.003726,	Top-1 err = 44.800000,	Top-5 err = 25.000000,	train_time = 0.422239
TRAIN Iter 165: loss = 0.003768,	Top-1 err = 42.400000,	Top-5 err = 24.900000,	train_time = 0.398133
TRAIN Iter 166: loss = 0.003589,	Top-1 err = 45.200000,	Top-5 err = 26.200000,	train_time = 0.379470
TRAIN Iter 167: loss = 0.003567,	Top-1 err = 37.100000,	Top-5 err = 19.800000,	train_time = 0.401549
TRAIN Iter 168: loss = 0.003838,	Top-1 err = 48.900000,	Top-5 err = 31.800000,	train_time = 0.392524
TRAIN Iter 169: loss = 0.003577,	Top-1 err = 34.500000,	Top-5 err = 16.900000,	train_time = 0.398542
TRAIN Iter 170: loss = 0.003563,	Top-1 err = 39.200000,	Top-5 err = 22.900000,	train_time = 0.396368
TRAIN Iter 171: loss = 0.003458,	Top-1 err = 35.500000,	Top-5 err = 20.800000,	train_time = 0.371256
TRAIN Iter 172: loss = 0.003426,	Top-1 err = 41.400000,	Top-5 err = 24.300000,	train_time = 0.375967
TRAIN Iter 173: loss = 0.003623,	Top-1 err = 44.000000,	Top-5 err = 25.100000,	train_time = 0.380421
TRAIN Iter 174: loss = 0.003620,	Top-1 err = 33.100000,	Top-5 err = 20.100000,	train_time = 0.405657
TRAIN Iter 175: loss = 0.003584,	Top-1 err = 32.900000,	Top-5 err = 17.800000,	train_time = 0.404046
TRAIN Iter 176: loss = 0.003564,	Top-1 err = 43.000000,	Top-5 err = 25.500000,	train_time = 0.395987
TRAIN Iter 177: loss = 0.003440,	Top-1 err = 39.300000,	Top-5 err = 21.900000,	train_time = 0.413270
TRAIN Iter 178: loss = 0.003350,	Top-1 err = 30.100000,	Top-5 err = 13.200000,	train_time = 0.403674
TRAIN Iter 179: loss = 0.003477,	Top-1 err = 38.000000,	Top-5 err = 19.900000,	train_time = 0.380236
TRAIN Iter 180: loss = 0.003591,	Top-1 err = 40.200000,	Top-5 err = 24.500000,	train_time = 0.409667
TRAIN Iter 181: loss = 0.003502,	Top-1 err = 37.500000,	Top-5 err = 21.800000,	train_time = 0.402366
TRAIN Iter 182: loss = 0.003387,	Top-1 err = 33.000000,	Top-5 err = 16.500000,	train_time = 0.366026
TRAIN Iter 183: loss = 0.003593,	Top-1 err = 42.900000,	Top-5 err = 26.900000,	train_time = 0.348583
TRAIN Iter 184: loss = 0.003425,	Top-1 err = 40.900000,	Top-5 err = 21.600000,	train_time = 0.389781
TRAIN Iter 185: loss = 0.003379,	Top-1 err = 31.000000,	Top-5 err = 16.700000,	train_time = 0.403383
TRAIN Iter 186: loss = 0.003580,	Top-1 err = 48.200000,	Top-5 err = 31.900000,	train_time = 0.388994
TRAIN Iter 187: loss = 0.003493,	Top-1 err = 40.900000,	Top-5 err = 24.500000,	train_time = 0.403972
TRAIN Iter 188: loss = 0.003528,	Top-1 err = 40.300000,	Top-5 err = 24.400000,	train_time = 0.364577
TRAIN Iter 189: loss = 0.003514,	Top-1 err = 41.700000,	Top-5 err = 24.500000,	train_time = 0.423923
TRAIN Iter 190: loss = 0.003473,	Top-1 err = 42.700000,	Top-5 err = 26.400000,	train_time = 0.399121
TRAIN Iter 191: loss = 0.003523,	Top-1 err = 43.200000,	Top-5 err = 24.400000,	train_time = 0.402570
TRAIN Iter 192: loss = 0.003420,	Top-1 err = 41.500000,	Top-5 err = 23.600000,	train_time = 0.403005
TRAIN Iter 193: loss = 0.003562,	Top-1 err = 38.000000,	Top-5 err = 22.300000,	train_time = 0.391793
TRAIN Iter 194: loss = 0.003420,	Top-1 err = 34.700000,	Top-5 err = 21.300000,	train_time = 0.396396
TRAIN Iter 195: loss = 0.003320,	Top-1 err = 37.000000,	Top-5 err = 22.000000,	train_time = 0.390680
TRAIN Iter 196: loss = 0.003507,	Top-1 err = 38.800000,	Top-5 err = 21.500000,	train_time = 0.370044
TRAIN Iter 197: loss = 0.003295,	Top-1 err = 34.200000,	Top-5 err = 17.700000,	train_time = 0.407896
TRAIN Iter 198: loss = 0.003450,	Top-1 err = 48.000000,	Top-5 err = 29.300000,	train_time = 0.415951
TRAIN Iter 199: loss = 0.003485,	Top-1 err = 37.700000,	Top-5 err = 20.700000,	train_time = 0.423632
TRAIN Iter 200: loss = 0.003295,	Top-1 err = 41.200000,	Top-5 err = 25.900000,	train_time = 0.385796
TRAIN Iter 201: loss = 0.003489,	Top-1 err = 43.300000,	Top-5 err = 25.100000,	train_time = 0.406651
TRAIN Iter 202: loss = 0.003517,	Top-1 err = 42.100000,	Top-5 err = 26.300000,	train_time = 0.396050
TRAIN Iter 203: loss = 0.003444,	Top-1 err = 41.700000,	Top-5 err = 23.500000,	train_time = 0.379846
TRAIN Iter 204: loss = 0.003261,	Top-1 err = 34.700000,	Top-5 err = 18.700000,	train_time = 0.392133
TRAIN Iter 205: loss = 0.003432,	Top-1 err = 41.600000,	Top-5 err = 24.800000,	train_time = 0.408973
TRAIN Iter 206: loss = 0.003138,	Top-1 err = 27.700000,	Top-5 err = 12.300000,	train_time = 0.417063
TRAIN Iter 207: loss = 0.003313,	Top-1 err = 32.100000,	Top-5 err = 17.200000,	train_time = 0.373067
TRAIN Iter 208: loss = 0.003434,	Top-1 err = 43.700000,	Top-5 err = 24.500000,	train_time = 0.402305
TRAIN Iter 209: loss = 0.003283,	Top-1 err = 36.300000,	Top-5 err = 17.500000,	train_time = 0.383282
TRAIN Iter 210: loss = 0.003415,	Top-1 err = 38.600000,	Top-5 err = 22.300000,	train_time = 0.390685
TRAIN Iter 211: loss = 0.003392,	Top-1 err = 44.000000,	Top-5 err = 26.800000,	train_time = 0.355011
TRAIN Iter 212: loss = 0.003378,	Top-1 err = 42.000000,	Top-5 err = 23.400000,	train_time = 0.384114
TRAIN Iter 213: loss = 0.003259,	Top-1 err = 33.300000,	Top-5 err = 17.300000,	train_time = 0.367490
TRAIN Iter 214: loss = 0.003414,	Top-1 err = 41.200000,	Top-5 err = 21.500000,	train_time = 0.398821
TRAIN Iter 215: loss = 0.003240,	Top-1 err = 39.500000,	Top-5 err = 20.900000,	train_time = 0.410056
TRAIN Iter 216: loss = 0.003351,	Top-1 err = 40.800000,	Top-5 err = 23.800000,	train_time = 0.392440
TRAIN Iter 217: loss = 0.003277,	Top-1 err = 37.600000,	Top-5 err = 20.400000,	train_time = 0.416623
TRAIN Iter 218: loss = 0.003315,	Top-1 err = 41.600000,	Top-5 err = 22.400000,	train_time = 0.421898
TRAIN Iter 219: loss = 0.003334,	Top-1 err = 34.200000,	Top-5 err = 17.400000,	train_time = 0.385543
TRAIN Iter 220: loss = 0.003357,	Top-1 err = 42.500000,	Top-5 err = 28.100000,	train_time = 0.413306
TRAIN Iter 221: loss = 0.003297,	Top-1 err = 40.500000,	Top-5 err = 22.900000,	train_time = 0.400729
TRAIN Iter 222: loss = 0.003202,	Top-1 err = 34.400000,	Top-5 err = 17.600000,	train_time = 0.403325
TRAIN Iter 223: loss = 0.003194,	Top-1 err = 37.300000,	Top-5 err = 19.900000,	train_time = 0.416032
TRAIN Iter 224: loss = 0.003229,	Top-1 err = 42.400000,	Top-5 err = 22.300000,	train_time = 0.400867
TRAIN Iter 225: loss = 0.003343,	Top-1 err = 44.500000,	Top-5 err = 27.900000,	train_time = 0.411523
TRAIN Iter 226: loss = 0.003352,	Top-1 err = 46.300000,	Top-5 err = 30.700000,	train_time = 0.402494
TRAIN Iter 227: loss = 0.003389,	Top-1 err = 47.600000,	Top-5 err = 29.100000,	train_time = 0.389380
TRAIN Iter 228: loss = 0.003297,	Top-1 err = 44.900000,	Top-5 err = 27.500000,	train_time = 0.331262
TRAIN Iter 229: loss = 0.003104,	Top-1 err = 33.400000,	Top-5 err = 20.200000,	train_time = 0.423525
TRAIN Iter 230: loss = 0.003276,	Top-1 err = 45.900000,	Top-5 err = 24.800000,	train_time = 0.444154
TRAIN Iter 231: loss = 0.003165,	Top-1 err = 37.900000,	Top-5 err = 20.400000,	train_time = 0.395099
TRAIN Iter 232: loss = 0.003230,	Top-1 err = 40.300000,	Top-5 err = 23.400000,	train_time = 0.373117
TRAIN Iter 233: loss = 0.003074,	Top-1 err = 30.000000,	Top-5 err = 16.600000,	train_time = 0.371714
TRAIN Iter 234: loss = 0.003390,	Top-1 err = 43.200000,	Top-5 err = 25.300000,	train_time = 0.397245
TRAIN Iter 235: loss = 0.003159,	Top-1 err = 35.800000,	Top-5 err = 18.000000,	train_time = 0.402665
TRAIN Iter 236: loss = 0.003077,	Top-1 err = 34.300000,	Top-5 err = 15.500000,	train_time = 0.377850
TRAIN Iter 237: loss = 0.003053,	Top-1 err = 37.300000,	Top-5 err = 20.800000,	train_time = 0.375899
TRAIN Iter 238: loss = 0.003209,	Top-1 err = 45.200000,	Top-5 err = 26.000000,	train_time = 0.416782
TRAIN Iter 239: loss = 0.003291,	Top-1 err = 45.300000,	Top-5 err = 26.500000,	train_time = 0.416106
TRAIN Iter 240: loss = 0.003292,	Top-1 err = 42.900000,	Top-5 err = 27.000000,	train_time = 0.417088
TRAIN Iter 241: loss = 0.003120,	Top-1 err = 37.500000,	Top-5 err = 21.100000,	train_time = 0.404038
TRAIN Iter 242: loss = 0.003107,	Top-1 err = 45.900000,	Top-5 err = 25.300000,	train_time = 0.410412
TRAIN Iter 243: loss = 0.003216,	Top-1 err = 41.400000,	Top-5 err = 27.700000,	train_time = 0.376638
TRAIN Iter 244: loss = 0.003341,	Top-1 err = 36.000000,	Top-5 err = 21.300000,	train_time = 0.371295
TRAIN Iter 245: loss = 0.003256,	Top-1 err = 48.500000,	Top-5 err = 30.000000,	train_time = 0.378055
TRAIN Iter 246: loss = 0.003241,	Top-1 err = 49.600000,	Top-5 err = 30.500000,	train_time = 0.398152
TRAIN Iter 247: loss = 0.003003,	Top-1 err = 30.800000,	Top-5 err = 15.300000,	train_time = 0.390254
TRAIN Iter 248: loss = 0.003186,	Top-1 err = 38.800000,	Top-5 err = 21.100000,	train_time = 0.378020
TRAIN Iter 249: loss = 0.003143,	Top-1 err = 41.700000,	Top-5 err = 25.900000,	train_time = 0.373958
TEST:
Iter 249: loss = 2.051427,	Top-1 err = 52.160000,	Top-5 err = 22.500000,	val_time = 0.743248
TRAIN Iter 250: loss = 0.003031,	Top-1 err = 37.200000,	Top-5 err = 22.400000,	train_time = 0.415435
TRAIN Iter 251: loss = 0.003183,	Top-1 err = 41.300000,	Top-5 err = 23.700000,	train_time = 0.401897
TRAIN Iter 252: loss = 0.003039,	Top-1 err = 33.200000,	Top-5 err = 15.900000,	train_time = 0.399159
TRAIN Iter 253: loss = 0.003058,	Top-1 err = 37.900000,	Top-5 err = 22.700000,	train_time = 0.403450
TRAIN Iter 254: loss = 0.003119,	Top-1 err = 41.200000,	Top-5 err = 23.600000,	train_time = 0.396258
TRAIN Iter 255: loss = 0.003046,	Top-1 err = 36.700000,	Top-5 err = 22.600000,	train_time = 0.399252
TRAIN Iter 256: loss = 0.003023,	Top-1 err = 37.800000,	Top-5 err = 20.900000,	train_time = 0.399405
TRAIN Iter 257: loss = 0.003100,	Top-1 err = 43.600000,	Top-5 err = 25.700000,	train_time = 0.421775
TRAIN Iter 258: loss = 0.002984,	Top-1 err = 36.800000,	Top-5 err = 19.400000,	train_time = 0.405244
TRAIN Iter 259: loss = 0.003065,	Top-1 err = 43.000000,	Top-5 err = 28.900000,	train_time = 0.385278
TEST:
Iter 259: loss = 2.031786,	Top-1 err = 51.580000,	Top-5 err = 22.460000,	val_time = 0.740938
TRAIN Iter 260: loss = 0.002833,	Top-1 err = 32.700000,	Top-5 err = 19.300000,	train_time = 0.397124
TRAIN Iter 261: loss = 0.003026,	Top-1 err = 36.200000,	Top-5 err = 18.800000,	train_time = 0.423220
TRAIN Iter 262: loss = 0.003131,	Top-1 err = 38.800000,	Top-5 err = 23.500000,	train_time = 0.404103
TRAIN Iter 263: loss = 0.002910,	Top-1 err = 31.400000,	Top-5 err = 15.200000,	train_time = 0.410836
TRAIN Iter 264: loss = 0.002853,	Top-1 err = 32.100000,	Top-5 err = 15.200000,	train_time = 0.403493
TRAIN Iter 265: loss = 0.003149,	Top-1 err = 45.100000,	Top-5 err = 25.700000,	train_time = 0.365749
TRAIN Iter 266: loss = 0.002984,	Top-1 err = 37.600000,	Top-5 err = 22.700000,	train_time = 0.391875
TRAIN Iter 267: loss = 0.003119,	Top-1 err = 44.100000,	Top-5 err = 29.600000,	train_time = 0.427453
TRAIN Iter 268: loss = 0.002957,	Top-1 err = 36.500000,	Top-5 err = 18.400000,	train_time = 0.404512
TRAIN Iter 269: loss = 0.002999,	Top-1 err = 37.100000,	Top-5 err = 21.900000,	train_time = 0.395173
TEST:
Iter 269: loss = 2.025332,	Top-1 err = 51.700000,	Top-5 err = 21.960000,	val_time = 0.792504
TRAIN Iter 270: loss = 0.003123,	Top-1 err = 43.400000,	Top-5 err = 27.300000,	train_time = 0.407972
TRAIN Iter 271: loss = 0.002825,	Top-1 err = 30.700000,	Top-5 err = 13.900000,	train_time = 0.408522
TRAIN Iter 272: loss = 0.003026,	Top-1 err = 43.100000,	Top-5 err = 27.500000,	train_time = 0.404560
TRAIN Iter 273: loss = 0.002971,	Top-1 err = 43.900000,	Top-5 err = 26.500000,	train_time = 0.412153
TRAIN Iter 274: loss = 0.003042,	Top-1 err = 38.400000,	Top-5 err = 19.700000,	train_time = 0.388449
TRAIN Iter 275: loss = 0.002935,	Top-1 err = 36.000000,	Top-5 err = 19.700000,	train_time = 0.411734
TRAIN Iter 276: loss = 0.003131,	Top-1 err = 42.400000,	Top-5 err = 25.100000,	train_time = 0.399790
TRAIN Iter 277: loss = 0.003070,	Top-1 err = 40.900000,	Top-5 err = 19.300000,	train_time = 0.398219
TRAIN Iter 278: loss = 0.002881,	Top-1 err = 32.800000,	Top-5 err = 18.300000,	train_time = 0.395682
TRAIN Iter 279: loss = 0.002942,	Top-1 err = 34.800000,	Top-5 err = 19.300000,	train_time = 0.380337
TEST:
Iter 279: loss = 2.035364,	Top-1 err = 52.010000,	Top-5 err = 22.590000,	val_time = 0.865848
TRAIN Iter 280: loss = 0.002996,	Top-1 err = 40.000000,	Top-5 err = 22.300000,	train_time = 0.381403
TRAIN Iter 281: loss = 0.003026,	Top-1 err = 38.100000,	Top-5 err = 22.000000,	train_time = 0.384862
TRAIN Iter 282: loss = 0.002968,	Top-1 err = 36.300000,	Top-5 err = 20.000000,	train_time = 0.402117
TRAIN Iter 283: loss = 0.002895,	Top-1 err = 38.500000,	Top-5 err = 21.900000,	train_time = 0.385906
TRAIN Iter 284: loss = 0.002948,	Top-1 err = 34.900000,	Top-5 err = 19.900000,	train_time = 0.407837
TRAIN Iter 285: loss = 0.002976,	Top-1 err = 45.700000,	Top-5 err = 25.400000,	train_time = 0.420892
TRAIN Iter 286: loss = 0.002994,	Top-1 err = 42.700000,	Top-5 err = 23.800000,	train_time = 0.424305
TRAIN Iter 287: loss = 0.002925,	Top-1 err = 37.400000,	Top-5 err = 19.800000,	train_time = 0.415247
TRAIN Iter 288: loss = 0.002967,	Top-1 err = 48.800000,	Top-5 err = 30.900000,	train_time = 0.380414
TRAIN Iter 289: loss = 0.002987,	Top-1 err = 44.600000,	Top-5 err = 27.300000,	train_time = 0.397142
TEST:
Iter 289: loss = 2.025335,	Top-1 err = 51.500000,	Top-5 err = 22.320000,	val_time = 0.772394
TRAIN Iter 290: loss = 0.002753,	Top-1 err = 33.700000,	Top-5 err = 17.600000,	train_time = 0.423712
TRAIN Iter 291: loss = 0.002901,	Top-1 err = 40.500000,	Top-5 err = 24.300000,	train_time = 0.406462
TRAIN Iter 292: loss = 0.002940,	Top-1 err = 40.900000,	Top-5 err = 25.100000,	train_time = 0.358697
TRAIN Iter 293: loss = 0.002827,	Top-1 err = 33.600000,	Top-5 err = 17.400000,	train_time = 0.386361
TRAIN Iter 294: loss = 0.002853,	Top-1 err = 34.400000,	Top-5 err = 20.300000,	train_time = 0.397171
TRAIN Iter 295: loss = 0.003016,	Top-1 err = 47.100000,	Top-5 err = 28.700000,	train_time = 0.403977
TRAIN Iter 296: loss = 0.002841,	Top-1 err = 40.100000,	Top-5 err = 22.100000,	train_time = 0.432168
TRAIN Iter 297: loss = 0.002905,	Top-1 err = 39.400000,	Top-5 err = 21.200000,	train_time = 0.403665
TRAIN Iter 298: loss = 0.002953,	Top-1 err = 34.100000,	Top-5 err = 19.100000,	train_time = 0.386353
TRAIN Iter 299: loss = 0.003062,	Top-1 err = 43.000000,	Top-5 err = 26.400000,	train_time = 0.400873
TEST:
Iter 299: loss = 2.005098,	Top-1 err = 51.050000,	Top-5 err = 21.830000,	val_time = 0.884834
Train Finish! Best accuracy is 48.95@299
