/home/dvspanos/miniconda3/envs/rded/lib/python3.10/site-packages/torch/cuda/__init__.py:611: UserWarning: Can't initialize NVML
  warnings.warn("Can't initialize NVML")
=> using pytorch pre-trained teacher model 'conv3'
process data from /home/dvspanos/nikos/ca2d/artifacts/rded_sets/bench_cifar100_conv_el2nw90_ipc50
load data successfully
TRAIN Iter 0: loss = 0.019624,	Top-1 err = 92.580000,	Top-5 err = 77.040000,	train_time = 2.168613
TRAIN Iter 1: loss = 0.015892,	Top-1 err = 87.600000,	Top-5 err = 65.840000,	train_time = 1.367529
TRAIN Iter 2: loss = 0.013631,	Top-1 err = 81.040000,	Top-5 err = 56.560000,	train_time = 1.413633
TRAIN Iter 3: loss = 0.011827,	Top-1 err = 75.820000,	Top-5 err = 49.480000,	train_time = 1.395039
TRAIN Iter 4: loss = 0.010742,	Top-1 err = 74.160000,	Top-5 err = 48.140000,	train_time = 1.411868
TRAIN Iter 5: loss = 0.009840,	Top-1 err = 69.600000,	Top-5 err = 42.440000,	train_time = 1.371336
TRAIN Iter 6: loss = 0.009262,	Top-1 err = 67.740000,	Top-5 err = 41.160000,	train_time = 1.385170
TRAIN Iter 7: loss = 0.008813,	Top-1 err = 64.420000,	Top-5 err = 38.160000,	train_time = 1.371507
TRAIN Iter 8: loss = 0.008187,	Top-1 err = 65.920000,	Top-5 err = 39.940000,	train_time = 1.419491
TRAIN Iter 9: loss = 0.007765,	Top-1 err = 65.460000,	Top-5 err = 39.860000,	train_time = 1.446928
TRAIN Iter 10: loss = 0.007522,	Top-1 err = 62.400000,	Top-5 err = 36.300000,	train_time = 1.323952
TRAIN Iter 11: loss = 0.007217,	Top-1 err = 58.840000,	Top-5 err = 33.620000,	train_time = 1.396624
TRAIN Iter 12: loss = 0.006841,	Top-1 err = 61.740000,	Top-5 err = 35.840000,	train_time = 1.505778
TRAIN Iter 13: loss = 0.006801,	Top-1 err = 62.180000,	Top-5 err = 38.040000,	train_time = 1.358673
TRAIN Iter 14: loss = 0.006574,	Top-1 err = 58.440000,	Top-5 err = 33.440000,	train_time = 1.405141
TRAIN Iter 15: loss = 0.006426,	Top-1 err = 60.520000,	Top-5 err = 36.380000,	train_time = 1.432740
TRAIN Iter 16: loss = 0.006213,	Top-1 err = 56.920000,	Top-5 err = 32.780000,	train_time = 1.454579
TRAIN Iter 17: loss = 0.006059,	Top-1 err = 61.540000,	Top-5 err = 39.800000,	train_time = 1.328221
TRAIN Iter 18: loss = 0.005940,	Top-1 err = 54.920000,	Top-5 err = 31.320000,	train_time = 1.358493
TRAIN Iter 19: loss = 0.005663,	Top-1 err = 56.120000,	Top-5 err = 33.980000,	train_time = 1.403884
TRAIN Iter 20: loss = 0.005643,	Top-1 err = 58.920000,	Top-5 err = 34.840000,	train_time = 1.373745
TRAIN Iter 21: loss = 0.005582,	Top-1 err = 55.580000,	Top-5 err = 32.440000,	train_time = 1.345299
TRAIN Iter 22: loss = 0.005374,	Top-1 err = 54.600000,	Top-5 err = 31.720000,	train_time = 1.375626
TRAIN Iter 23: loss = 0.005345,	Top-1 err = 59.980000,	Top-5 err = 36.820000,	train_time = 1.379049
TRAIN Iter 24: loss = 0.005369,	Top-1 err = 53.660000,	Top-5 err = 31.000000,	train_time = 1.368851
TRAIN Iter 25: loss = 0.005190,	Top-1 err = 58.100000,	Top-5 err = 33.680000,	train_time = 1.235401
TRAIN Iter 26: loss = 0.005073,	Top-1 err = 56.140000,	Top-5 err = 33.400000,	train_time = 1.360116
TRAIN Iter 27: loss = 0.005078,	Top-1 err = 55.360000,	Top-5 err = 32.640000,	train_time = 1.315421
TRAIN Iter 28: loss = 0.005042,	Top-1 err = 55.180000,	Top-5 err = 31.000000,	train_time = 1.388422
TRAIN Iter 29: loss = 0.004967,	Top-1 err = 52.720000,	Top-5 err = 29.420000,	train_time = 1.361866
TRAIN Iter 30: loss = 0.004907,	Top-1 err = 55.460000,	Top-5 err = 31.840000,	train_time = 1.355710
TRAIN Iter 31: loss = 0.004887,	Top-1 err = 55.200000,	Top-5 err = 31.960000,	train_time = 1.388330
TRAIN Iter 32: loss = 0.004848,	Top-1 err = 51.700000,	Top-5 err = 29.700000,	train_time = 1.354719
TRAIN Iter 33: loss = 0.004693,	Top-1 err = 53.560000,	Top-5 err = 30.560000,	train_time = 1.345140
TRAIN Iter 34: loss = 0.004671,	Top-1 err = 57.760000,	Top-5 err = 35.480000,	train_time = 1.343677
TRAIN Iter 35: loss = 0.004636,	Top-1 err = 54.240000,	Top-5 err = 30.740000,	train_time = 1.438450
TRAIN Iter 36: loss = 0.004616,	Top-1 err = 58.140000,	Top-5 err = 34.660000,	train_time = 1.367694
TRAIN Iter 37: loss = 0.004661,	Top-1 err = 59.380000,	Top-5 err = 35.240000,	train_time = 1.360027
TRAIN Iter 38: loss = 0.004504,	Top-1 err = 51.200000,	Top-5 err = 29.940000,	train_time = 1.399425
TRAIN Iter 39: loss = 0.004426,	Top-1 err = 52.400000,	Top-5 err = 29.560000,	train_time = 1.346862
TRAIN Iter 40: loss = 0.004478,	Top-1 err = 52.800000,	Top-5 err = 30.480000,	train_time = 1.346538
TRAIN Iter 41: loss = 0.004393,	Top-1 err = 53.840000,	Top-5 err = 31.700000,	train_time = 1.270894
TRAIN Iter 42: loss = 0.004313,	Top-1 err = 49.700000,	Top-5 err = 28.180000,	train_time = 1.392923
TRAIN Iter 43: loss = 0.004303,	Top-1 err = 52.880000,	Top-5 err = 30.400000,	train_time = 1.350096
TRAIN Iter 44: loss = 0.004270,	Top-1 err = 53.780000,	Top-5 err = 31.680000,	train_time = 1.371714
TRAIN Iter 45: loss = 0.004220,	Top-1 err = 53.240000,	Top-5 err = 29.780000,	train_time = 1.322061
TRAIN Iter 46: loss = 0.004311,	Top-1 err = 55.320000,	Top-5 err = 33.700000,	train_time = 1.305257
TRAIN Iter 47: loss = 0.004212,	Top-1 err = 53.940000,	Top-5 err = 31.980000,	train_time = 1.420079
TRAIN Iter 48: loss = 0.004182,	Top-1 err = 53.020000,	Top-5 err = 31.380000,	train_time = 1.404287
TRAIN Iter 49: loss = 0.004191,	Top-1 err = 50.960000,	Top-5 err = 29.120000,	train_time = 1.381099
TRAIN Iter 50: loss = 0.004046,	Top-1 err = 54.780000,	Top-5 err = 31.580000,	train_time = 1.385300
TRAIN Iter 51: loss = 0.004104,	Top-1 err = 54.860000,	Top-5 err = 32.860000,	train_time = 1.308423
TRAIN Iter 52: loss = 0.004116,	Top-1 err = 54.820000,	Top-5 err = 32.380000,	train_time = 1.400110
TRAIN Iter 53: loss = 0.003983,	Top-1 err = 51.600000,	Top-5 err = 29.940000,	train_time = 1.372974
TRAIN Iter 54: loss = 0.003966,	Top-1 err = 51.300000,	Top-5 err = 29.980000,	train_time = 1.333852
TRAIN Iter 55: loss = 0.004028,	Top-1 err = 52.920000,	Top-5 err = 29.540000,	train_time = 1.379364
TRAIN Iter 56: loss = 0.004057,	Top-1 err = 55.680000,	Top-5 err = 33.300000,	train_time = 1.360841
TRAIN Iter 57: loss = 0.004020,	Top-1 err = 55.340000,	Top-5 err = 33.320000,	train_time = 1.429935
TRAIN Iter 58: loss = 0.003959,	Top-1 err = 52.200000,	Top-5 err = 30.540000,	train_time = 1.340142
TRAIN Iter 59: loss = 0.003938,	Top-1 err = 55.420000,	Top-5 err = 32.760000,	train_time = 1.389399
TRAIN Iter 60: loss = 0.003948,	Top-1 err = 53.740000,	Top-5 err = 32.440000,	train_time = 1.318210
TRAIN Iter 61: loss = 0.003831,	Top-1 err = 53.840000,	Top-5 err = 31.780000,	train_time = 1.362464
TRAIN Iter 62: loss = 0.003791,	Top-1 err = 53.520000,	Top-5 err = 32.220000,	train_time = 1.347185
TRAIN Iter 63: loss = 0.003784,	Top-1 err = 52.980000,	Top-5 err = 30.500000,	train_time = 1.285442
TRAIN Iter 64: loss = 0.003813,	Top-1 err = 51.800000,	Top-5 err = 29.880000,	train_time = 1.316430
TRAIN Iter 65: loss = 0.003818,	Top-1 err = 53.320000,	Top-5 err = 31.360000,	train_time = 1.293416
TRAIN Iter 66: loss = 0.003834,	Top-1 err = 55.400000,	Top-5 err = 33.240000,	train_time = 1.320282
TRAIN Iter 67: loss = 0.003808,	Top-1 err = 54.840000,	Top-5 err = 32.640000,	train_time = 1.345391
TRAIN Iter 68: loss = 0.003723,	Top-1 err = 54.500000,	Top-5 err = 33.040000,	train_time = 1.290693
TRAIN Iter 69: loss = 0.003698,	Top-1 err = 51.240000,	Top-5 err = 28.480000,	train_time = 1.344038
TRAIN Iter 70: loss = 0.003722,	Top-1 err = 52.160000,	Top-5 err = 30.720000,	train_time = 1.379810
TRAIN Iter 71: loss = 0.003667,	Top-1 err = 55.500000,	Top-5 err = 33.340000,	train_time = 1.445480
TRAIN Iter 72: loss = 0.003682,	Top-1 err = 53.360000,	Top-5 err = 30.360000,	train_time = 1.380468
TRAIN Iter 73: loss = 0.003673,	Top-1 err = 51.460000,	Top-5 err = 29.740000,	train_time = 1.399782
TRAIN Iter 74: loss = 0.003633,	Top-1 err = 52.660000,	Top-5 err = 29.540000,	train_time = 1.386990
TRAIN Iter 75: loss = 0.003639,	Top-1 err = 55.020000,	Top-5 err = 31.220000,	train_time = 1.340482
TRAIN Iter 76: loss = 0.003599,	Top-1 err = 52.500000,	Top-5 err = 30.100000,	train_time = 1.401128
TRAIN Iter 77: loss = 0.003557,	Top-1 err = 54.220000,	Top-5 err = 31.660000,	train_time = 1.384463
TRAIN Iter 78: loss = 0.003580,	Top-1 err = 54.900000,	Top-5 err = 33.060000,	train_time = 1.427141
TRAIN Iter 79: loss = 0.003532,	Top-1 err = 52.780000,	Top-5 err = 30.760000,	train_time = 1.421844
TRAIN Iter 80: loss = 0.003532,	Top-1 err = 53.560000,	Top-5 err = 31.740000,	train_time = 1.426455
TRAIN Iter 81: loss = 0.003513,	Top-1 err = 51.400000,	Top-5 err = 28.600000,	train_time = 1.408943
TRAIN Iter 82: loss = 0.003437,	Top-1 err = 52.940000,	Top-5 err = 30.300000,	train_time = 1.454808
TRAIN Iter 83: loss = 0.003486,	Top-1 err = 56.200000,	Top-5 err = 33.360000,	train_time = 1.348170
TRAIN Iter 84: loss = 0.003498,	Top-1 err = 48.680000,	Top-5 err = 26.860000,	train_time = 1.389360
TRAIN Iter 85: loss = 0.003495,	Top-1 err = 54.180000,	Top-5 err = 31.720000,	train_time = 1.439043
TRAIN Iter 86: loss = 0.003413,	Top-1 err = 54.560000,	Top-5 err = 31.900000,	train_time = 1.377167
TRAIN Iter 87: loss = 0.003399,	Top-1 err = 53.500000,	Top-5 err = 31.900000,	train_time = 1.316793
TRAIN Iter 88: loss = 0.003333,	Top-1 err = 55.340000,	Top-5 err = 34.300000,	train_time = 1.329972
TRAIN Iter 89: loss = 0.003398,	Top-1 err = 53.800000,	Top-5 err = 33.580000,	train_time = 1.436445
TRAIN Iter 90: loss = 0.003441,	Top-1 err = 54.820000,	Top-5 err = 32.960000,	train_time = 1.304923
TRAIN Iter 91: loss = 0.003392,	Top-1 err = 51.320000,	Top-5 err = 30.160000,	train_time = 1.394943
TRAIN Iter 92: loss = 0.003364,	Top-1 err = 55.080000,	Top-5 err = 32.700000,	train_time = 1.407692
TRAIN Iter 93: loss = 0.003278,	Top-1 err = 56.340000,	Top-5 err = 34.640000,	train_time = 1.510309
TRAIN Iter 94: loss = 0.003316,	Top-1 err = 51.740000,	Top-5 err = 29.680000,	train_time = 1.398727
TRAIN Iter 95: loss = 0.003260,	Top-1 err = 54.380000,	Top-5 err = 31.820000,	train_time = 1.411697
TRAIN Iter 96: loss = 0.003308,	Top-1 err = 53.840000,	Top-5 err = 32.240000,	train_time = 1.394528
TRAIN Iter 97: loss = 0.003276,	Top-1 err = 53.260000,	Top-5 err = 32.600000,	train_time = 1.378330
TRAIN Iter 98: loss = 0.003259,	Top-1 err = 54.640000,	Top-5 err = 32.960000,	train_time = 1.331719
TRAIN Iter 99: loss = 0.003271,	Top-1 err = 52.540000,	Top-5 err = 31.140000,	train_time = 1.364641
TRAIN Iter 100: loss = 0.003270,	Top-1 err = 51.960000,	Top-5 err = 31.320000,	train_time = 1.418369
TRAIN Iter 101: loss = 0.003280,	Top-1 err = 53.500000,	Top-5 err = 32.420000,	train_time = 1.434191
TRAIN Iter 102: loss = 0.003207,	Top-1 err = 52.820000,	Top-5 err = 31.320000,	train_time = 1.434483
TRAIN Iter 103: loss = 0.003168,	Top-1 err = 53.480000,	Top-5 err = 30.380000,	train_time = 1.399098
TRAIN Iter 104: loss = 0.003157,	Top-1 err = 51.880000,	Top-5 err = 30.440000,	train_time = 1.401809
TRAIN Iter 105: loss = 0.003166,	Top-1 err = 55.060000,	Top-5 err = 33.120000,	train_time = 1.266937
TRAIN Iter 106: loss = 0.003157,	Top-1 err = 55.660000,	Top-5 err = 32.160000,	train_time = 1.313889
TRAIN Iter 107: loss = 0.003131,	Top-1 err = 47.800000,	Top-5 err = 25.640000,	train_time = 1.378901
TRAIN Iter 108: loss = 0.003106,	Top-1 err = 51.220000,	Top-5 err = 28.320000,	train_time = 1.295134
TRAIN Iter 109: loss = 0.003114,	Top-1 err = 54.600000,	Top-5 err = 33.180000,	train_time = 1.408541
TRAIN Iter 110: loss = 0.003089,	Top-1 err = 51.720000,	Top-5 err = 30.060000,	train_time = 1.400820
TRAIN Iter 111: loss = 0.003074,	Top-1 err = 53.560000,	Top-5 err = 30.880000,	train_time = 1.400438
TRAIN Iter 112: loss = 0.003061,	Top-1 err = 51.620000,	Top-5 err = 29.600000,	train_time = 1.429446
TRAIN Iter 113: loss = 0.003076,	Top-1 err = 53.640000,	Top-5 err = 31.600000,	train_time = 1.406508
TRAIN Iter 114: loss = 0.003042,	Top-1 err = 51.440000,	Top-5 err = 30.620000,	train_time = 1.364898
TRAIN Iter 115: loss = 0.003057,	Top-1 err = 52.360000,	Top-5 err = 30.940000,	train_time = 1.382742
TRAIN Iter 116: loss = 0.003017,	Top-1 err = 53.240000,	Top-5 err = 31.140000,	train_time = 1.376922
TRAIN Iter 117: loss = 0.003096,	Top-1 err = 53.460000,	Top-5 err = 32.180000,	train_time = 1.428832
TRAIN Iter 118: loss = 0.003002,	Top-1 err = 53.100000,	Top-5 err = 30.560000,	train_time = 1.342122
TRAIN Iter 119: loss = 0.002988,	Top-1 err = 52.440000,	Top-5 err = 29.800000,	train_time = 1.417989
TRAIN Iter 120: loss = 0.003019,	Top-1 err = 54.500000,	Top-5 err = 31.960000,	train_time = 1.392142
TRAIN Iter 121: loss = 0.003030,	Top-1 err = 52.260000,	Top-5 err = 30.340000,	train_time = 1.325706
TRAIN Iter 122: loss = 0.002922,	Top-1 err = 50.460000,	Top-5 err = 28.320000,	train_time = 1.371359
TRAIN Iter 123: loss = 0.002980,	Top-1 err = 56.040000,	Top-5 err = 34.640000,	train_time = 1.398833
TRAIN Iter 124: loss = 0.002863,	Top-1 err = 50.380000,	Top-5 err = 27.200000,	train_time = 1.471411
TRAIN Iter 125: loss = 0.002880,	Top-1 err = 49.780000,	Top-5 err = 27.860000,	train_time = 1.481843
TRAIN Iter 126: loss = 0.002879,	Top-1 err = 48.940000,	Top-5 err = 28.220000,	train_time = 1.278875
TRAIN Iter 127: loss = 0.002910,	Top-1 err = 50.880000,	Top-5 err = 29.120000,	train_time = 1.336997
TRAIN Iter 128: loss = 0.002875,	Top-1 err = 50.680000,	Top-5 err = 29.620000,	train_time = 1.383326
TRAIN Iter 129: loss = 0.002846,	Top-1 err = 51.320000,	Top-5 err = 29.440000,	train_time = 1.331316
TRAIN Iter 130: loss = 0.002844,	Top-1 err = 50.280000,	Top-5 err = 29.140000,	train_time = 1.431261
TRAIN Iter 131: loss = 0.002825,	Top-1 err = 50.700000,	Top-5 err = 28.100000,	train_time = 1.350591
TRAIN Iter 132: loss = 0.002838,	Top-1 err = 50.160000,	Top-5 err = 29.200000,	train_time = 1.367085
TRAIN Iter 133: loss = 0.002781,	Top-1 err = 51.680000,	Top-5 err = 29.100000,	train_time = 1.375532
TRAIN Iter 134: loss = 0.002822,	Top-1 err = 51.300000,	Top-5 err = 30.160000,	train_time = 1.397374
TRAIN Iter 135: loss = 0.002835,	Top-1 err = 52.860000,	Top-5 err = 30.700000,	train_time = 1.417894
TRAIN Iter 136: loss = 0.002809,	Top-1 err = 54.240000,	Top-5 err = 32.580000,	train_time = 1.368037
TRAIN Iter 137: loss = 0.002827,	Top-1 err = 51.460000,	Top-5 err = 27.960000,	train_time = 1.355744
TRAIN Iter 138: loss = 0.002842,	Top-1 err = 51.380000,	Top-5 err = 30.060000,	train_time = 1.377201
TRAIN Iter 139: loss = 0.002791,	Top-1 err = 50.240000,	Top-5 err = 29.080000,	train_time = 1.440747
TRAIN Iter 140: loss = 0.002777,	Top-1 err = 54.720000,	Top-5 err = 33.060000,	train_time = 1.354339
TRAIN Iter 141: loss = 0.002708,	Top-1 err = 49.380000,	Top-5 err = 26.320000,	train_time = 1.461383
TRAIN Iter 142: loss = 0.002763,	Top-1 err = 50.820000,	Top-5 err = 29.020000,	train_time = 1.324901
TRAIN Iter 143: loss = 0.002784,	Top-1 err = 51.320000,	Top-5 err = 29.860000,	train_time = 1.360953
TRAIN Iter 144: loss = 0.002760,	Top-1 err = 51.520000,	Top-5 err = 30.000000,	train_time = 1.419549
TRAIN Iter 145: loss = 0.002723,	Top-1 err = 51.300000,	Top-5 err = 30.700000,	train_time = 1.412213
TRAIN Iter 146: loss = 0.002744,	Top-1 err = 53.580000,	Top-5 err = 31.060000,	train_time = 1.405062
TRAIN Iter 147: loss = 0.002692,	Top-1 err = 51.700000,	Top-5 err = 29.840000,	train_time = 1.389615
TRAIN Iter 148: loss = 0.002713,	Top-1 err = 52.860000,	Top-5 err = 32.120000,	train_time = 1.272594
TRAIN Iter 149: loss = 0.002708,	Top-1 err = 52.940000,	Top-5 err = 30.020000,	train_time = 1.438739
TRAIN Iter 150: loss = 0.002628,	Top-1 err = 49.420000,	Top-5 err = 27.600000,	train_time = 1.396607
TRAIN Iter 151: loss = 0.002647,	Top-1 err = 52.300000,	Top-5 err = 32.140000,	train_time = 1.396171
TRAIN Iter 152: loss = 0.002658,	Top-1 err = 53.420000,	Top-5 err = 31.180000,	train_time = 1.355033
TRAIN Iter 153: loss = 0.002661,	Top-1 err = 51.020000,	Top-5 err = 28.280000,	train_time = 1.341659
TRAIN Iter 154: loss = 0.002615,	Top-1 err = 50.980000,	Top-5 err = 30.600000,	train_time = 1.291698
TRAIN Iter 155: loss = 0.002633,	Top-1 err = 53.600000,	Top-5 err = 31.740000,	train_time = 1.395608
TRAIN Iter 156: loss = 0.002639,	Top-1 err = 53.580000,	Top-5 err = 31.100000,	train_time = 1.373455
TRAIN Iter 157: loss = 0.002608,	Top-1 err = 50.480000,	Top-5 err = 29.980000,	train_time = 1.319525
TRAIN Iter 158: loss = 0.002616,	Top-1 err = 50.600000,	Top-5 err = 29.620000,	train_time = 1.296817
TRAIN Iter 159: loss = 0.002633,	Top-1 err = 51.340000,	Top-5 err = 30.260000,	train_time = 1.418730
TRAIN Iter 160: loss = 0.002574,	Top-1 err = 49.140000,	Top-5 err = 28.020000,	train_time = 1.398998
TRAIN Iter 161: loss = 0.002581,	Top-1 err = 48.920000,	Top-5 err = 28.260000,	train_time = 1.338143
TRAIN Iter 162: loss = 0.002608,	Top-1 err = 53.080000,	Top-5 err = 31.720000,	train_time = 1.399688
TRAIN Iter 163: loss = 0.002567,	Top-1 err = 49.480000,	Top-5 err = 29.560000,	train_time = 1.370834
TRAIN Iter 164: loss = 0.002538,	Top-1 err = 49.820000,	Top-5 err = 29.280000,	train_time = 1.368876
TRAIN Iter 165: loss = 0.002532,	Top-1 err = 51.560000,	Top-5 err = 30.040000,	train_time = 1.346897
TRAIN Iter 166: loss = 0.002502,	Top-1 err = 49.520000,	Top-5 err = 28.060000,	train_time = 1.397380
TRAIN Iter 167: loss = 0.002510,	Top-1 err = 50.940000,	Top-5 err = 29.200000,	train_time = 1.369470
TRAIN Iter 168: loss = 0.002555,	Top-1 err = 51.100000,	Top-5 err = 29.600000,	train_time = 1.292265
TRAIN Iter 169: loss = 0.002499,	Top-1 err = 54.320000,	Top-5 err = 31.940000,	train_time = 1.300882
TRAIN Iter 170: loss = 0.002509,	Top-1 err = 51.620000,	Top-5 err = 31.600000,	train_time = 1.355763
TRAIN Iter 171: loss = 0.002529,	Top-1 err = 53.600000,	Top-5 err = 31.460000,	train_time = 1.383036
TRAIN Iter 172: loss = 0.002454,	Top-1 err = 45.140000,	Top-5 err = 25.120000,	train_time = 1.419453
TRAIN Iter 173: loss = 0.002498,	Top-1 err = 53.140000,	Top-5 err = 30.780000,	train_time = 1.332251
TRAIN Iter 174: loss = 0.002583,	Top-1 err = 52.620000,	Top-5 err = 31.120000,	train_time = 1.376145
TRAIN Iter 175: loss = 0.002514,	Top-1 err = 53.080000,	Top-5 err = 31.680000,	train_time = 1.430689
TRAIN Iter 176: loss = 0.002442,	Top-1 err = 50.720000,	Top-5 err = 29.000000,	train_time = 1.466102
TRAIN Iter 177: loss = 0.002441,	Top-1 err = 52.140000,	Top-5 err = 30.220000,	train_time = 1.379262
TRAIN Iter 178: loss = 0.002431,	Top-1 err = 52.980000,	Top-5 err = 30.720000,	train_time = 1.366006
TRAIN Iter 179: loss = 0.002457,	Top-1 err = 53.020000,	Top-5 err = 30.440000,	train_time = 1.469111
TRAIN Iter 180: loss = 0.002432,	Top-1 err = 51.260000,	Top-5 err = 29.000000,	train_time = 1.434588
TRAIN Iter 181: loss = 0.002475,	Top-1 err = 52.820000,	Top-5 err = 31.540000,	train_time = 1.396159
TRAIN Iter 182: loss = 0.002427,	Top-1 err = 52.700000,	Top-5 err = 31.040000,	train_time = 1.337308
TRAIN Iter 183: loss = 0.002411,	Top-1 err = 53.180000,	Top-5 err = 32.720000,	train_time = 1.337398
TRAIN Iter 184: loss = 0.002441,	Top-1 err = 53.900000,	Top-5 err = 32.260000,	train_time = 1.332726
TRAIN Iter 185: loss = 0.002389,	Top-1 err = 52.020000,	Top-5 err = 31.040000,	train_time = 1.419299
TRAIN Iter 186: loss = 0.002347,	Top-1 err = 50.960000,	Top-5 err = 30.340000,	train_time = 1.340533
TRAIN Iter 187: loss = 0.002384,	Top-1 err = 54.080000,	Top-5 err = 32.500000,	train_time = 1.370574
TRAIN Iter 188: loss = 0.002366,	Top-1 err = 50.280000,	Top-5 err = 29.060000,	train_time = 1.364970
TRAIN Iter 189: loss = 0.002387,	Top-1 err = 53.180000,	Top-5 err = 31.760000,	train_time = 1.306325
TRAIN Iter 190: loss = 0.002394,	Top-1 err = 52.160000,	Top-5 err = 30.500000,	train_time = 1.400652
TRAIN Iter 191: loss = 0.002393,	Top-1 err = 51.320000,	Top-5 err = 30.100000,	train_time = 1.332254
TRAIN Iter 192: loss = 0.002359,	Top-1 err = 50.100000,	Top-5 err = 29.080000,	train_time = 1.395500
TRAIN Iter 193: loss = 0.002335,	Top-1 err = 48.320000,	Top-5 err = 27.860000,	train_time = 1.369465
TRAIN Iter 194: loss = 0.002323,	Top-1 err = 52.260000,	Top-5 err = 30.640000,	train_time = 1.365721
TRAIN Iter 195: loss = 0.002299,	Top-1 err = 54.960000,	Top-5 err = 32.820000,	train_time = 1.413696
TRAIN Iter 196: loss = 0.002341,	Top-1 err = 48.860000,	Top-5 err = 26.180000,	train_time = 1.383477
TRAIN Iter 197: loss = 0.002328,	Top-1 err = 52.000000,	Top-5 err = 28.800000,	train_time = 1.334464
TRAIN Iter 198: loss = 0.002309,	Top-1 err = 50.120000,	Top-5 err = 29.300000,	train_time = 1.427535
TRAIN Iter 199: loss = 0.002390,	Top-1 err = 56.680000,	Top-5 err = 34.720000,	train_time = 1.421412
TRAIN Iter 200: loss = 0.002308,	Top-1 err = 50.780000,	Top-5 err = 29.180000,	train_time = 1.375044
TRAIN Iter 201: loss = 0.002293,	Top-1 err = 52.500000,	Top-5 err = 31.220000,	train_time = 1.370053
TRAIN Iter 202: loss = 0.002316,	Top-1 err = 52.500000,	Top-5 err = 31.160000,	train_time = 1.402176
TRAIN Iter 203: loss = 0.002266,	Top-1 err = 49.360000,	Top-5 err = 29.080000,	train_time = 1.352774
TRAIN Iter 204: loss = 0.002251,	Top-1 err = 48.120000,	Top-5 err = 27.080000,	train_time = 1.413669
TRAIN Iter 205: loss = 0.002257,	Top-1 err = 50.260000,	Top-5 err = 28.200000,	train_time = 1.464792
TRAIN Iter 206: loss = 0.002250,	Top-1 err = 51.140000,	Top-5 err = 30.540000,	train_time = 1.387344
TRAIN Iter 207: loss = 0.002260,	Top-1 err = 49.560000,	Top-5 err = 30.020000,	train_time = 1.325422
TRAIN Iter 208: loss = 0.002206,	Top-1 err = 48.740000,	Top-5 err = 27.140000,	train_time = 1.367948
TRAIN Iter 209: loss = 0.002181,	Top-1 err = 49.220000,	Top-5 err = 28.400000,	train_time = 1.401772
TRAIN Iter 210: loss = 0.002234,	Top-1 err = 53.360000,	Top-5 err = 31.840000,	train_time = 1.436008
TRAIN Iter 211: loss = 0.002208,	Top-1 err = 55.040000,	Top-5 err = 31.940000,	train_time = 1.395934
TRAIN Iter 212: loss = 0.002246,	Top-1 err = 48.120000,	Top-5 err = 27.160000,	train_time = 1.337813
TRAIN Iter 213: loss = 0.002224,	Top-1 err = 51.820000,	Top-5 err = 30.120000,	train_time = 1.439058
TRAIN Iter 214: loss = 0.002193,	Top-1 err = 47.720000,	Top-5 err = 26.120000,	train_time = 1.382541
TRAIN Iter 215: loss = 0.002195,	Top-1 err = 51.000000,	Top-5 err = 29.520000,	train_time = 1.316644
TRAIN Iter 216: loss = 0.002246,	Top-1 err = 52.800000,	Top-5 err = 32.480000,	train_time = 1.476106
TRAIN Iter 217: loss = 0.002186,	Top-1 err = 49.460000,	Top-5 err = 28.080000,	train_time = 1.357195
TRAIN Iter 218: loss = 0.002193,	Top-1 err = 49.920000,	Top-5 err = 27.320000,	train_time = 1.340439
TRAIN Iter 219: loss = 0.002197,	Top-1 err = 49.140000,	Top-5 err = 27.980000,	train_time = 1.371187
TRAIN Iter 220: loss = 0.002226,	Top-1 err = 48.920000,	Top-5 err = 27.640000,	train_time = 1.283696
TRAIN Iter 221: loss = 0.002161,	Top-1 err = 51.740000,	Top-5 err = 30.360000,	train_time = 1.350331
TRAIN Iter 222: loss = 0.002127,	Top-1 err = 49.500000,	Top-5 err = 27.300000,	train_time = 1.392289
TRAIN Iter 223: loss = 0.002162,	Top-1 err = 54.060000,	Top-5 err = 31.880000,	train_time = 1.397327
TRAIN Iter 224: loss = 0.002176,	Top-1 err = 48.580000,	Top-5 err = 27.360000,	train_time = 1.422593
TRAIN Iter 225: loss = 0.002121,	Top-1 err = 51.400000,	Top-5 err = 29.140000,	train_time = 1.411292
TRAIN Iter 226: loss = 0.002163,	Top-1 err = 53.100000,	Top-5 err = 30.540000,	train_time = 1.421899
TRAIN Iter 227: loss = 0.002069,	Top-1 err = 48.380000,	Top-5 err = 26.540000,	train_time = 1.416841
TRAIN Iter 228: loss = 0.002153,	Top-1 err = 50.820000,	Top-5 err = 29.420000,	train_time = 1.337836
TRAIN Iter 229: loss = 0.002150,	Top-1 err = 51.800000,	Top-5 err = 30.180000,	train_time = 1.343483
TRAIN Iter 230: loss = 0.002094,	Top-1 err = 55.020000,	Top-5 err = 33.200000,	train_time = 1.356611
TRAIN Iter 231: loss = 0.002158,	Top-1 err = 51.280000,	Top-5 err = 31.540000,	train_time = 1.353148
TRAIN Iter 232: loss = 0.002152,	Top-1 err = 53.660000,	Top-5 err = 32.200000,	train_time = 1.322309
TRAIN Iter 233: loss = 0.002110,	Top-1 err = 50.180000,	Top-5 err = 29.820000,	train_time = 1.330817
TRAIN Iter 234: loss = 0.002135,	Top-1 err = 50.660000,	Top-5 err = 30.060000,	train_time = 1.357493
TRAIN Iter 235: loss = 0.002118,	Top-1 err = 50.220000,	Top-5 err = 29.200000,	train_time = 1.374062
TRAIN Iter 236: loss = 0.002081,	Top-1 err = 53.020000,	Top-5 err = 31.340000,	train_time = 1.456835
TRAIN Iter 237: loss = 0.002028,	Top-1 err = 48.460000,	Top-5 err = 27.980000,	train_time = 1.400489
TRAIN Iter 238: loss = 0.002097,	Top-1 err = 52.780000,	Top-5 err = 31.660000,	train_time = 1.385811
TRAIN Iter 239: loss = 0.002074,	Top-1 err = 53.320000,	Top-5 err = 29.660000,	train_time = 1.309797
TRAIN Iter 240: loss = 0.002091,	Top-1 err = 50.880000,	Top-5 err = 30.140000,	train_time = 1.441340
TRAIN Iter 241: loss = 0.002079,	Top-1 err = 51.700000,	Top-5 err = 31.020000,	train_time = 1.373419
TRAIN Iter 242: loss = 0.002107,	Top-1 err = 53.360000,	Top-5 err = 32.300000,	train_time = 1.293575
TRAIN Iter 243: loss = 0.002037,	Top-1 err = 48.880000,	Top-5 err = 27.940000,	train_time = 1.369031
TRAIN Iter 244: loss = 0.002028,	Top-1 err = 51.420000,	Top-5 err = 30.000000,	train_time = 1.368404
TRAIN Iter 245: loss = 0.002054,	Top-1 err = 49.960000,	Top-5 err = 30.020000,	train_time = 1.389803
TRAIN Iter 246: loss = 0.002038,	Top-1 err = 49.300000,	Top-5 err = 28.380000,	train_time = 1.367535
TRAIN Iter 247: loss = 0.002064,	Top-1 err = 54.840000,	Top-5 err = 34.240000,	train_time = 1.309686
TRAIN Iter 248: loss = 0.002024,	Top-1 err = 51.880000,	Top-5 err = 31.240000,	train_time = 1.344612
TRAIN Iter 249: loss = 0.002037,	Top-1 err = 54.640000,	Top-5 err = 32.460000,	train_time = 1.367256
TEST:
Iter 249: loss = 1.674694,	Top-1 err = 42.250000,	Top-5 err = 15.900000,	val_time = 0.806570
TRAIN Iter 250: loss = 0.002006,	Top-1 err = 51.400000,	Top-5 err = 28.840000,	train_time = 1.352563
TRAIN Iter 251: loss = 0.002046,	Top-1 err = 52.960000,	Top-5 err = 31.320000,	train_time = 1.395843
TRAIN Iter 252: loss = 0.002057,	Top-1 err = 53.600000,	Top-5 err = 32.020000,	train_time = 1.331800
TRAIN Iter 253: loss = 0.002018,	Top-1 err = 50.600000,	Top-5 err = 28.420000,	train_time = 1.393338
TRAIN Iter 254: loss = 0.002000,	Top-1 err = 54.220000,	Top-5 err = 33.480000,	train_time = 1.391213
TRAIN Iter 255: loss = 0.002006,	Top-1 err = 50.960000,	Top-5 err = 30.140000,	train_time = 1.365429
TRAIN Iter 256: loss = 0.001983,	Top-1 err = 52.420000,	Top-5 err = 30.660000,	train_time = 1.449690
TRAIN Iter 257: loss = 0.002000,	Top-1 err = 50.620000,	Top-5 err = 30.000000,	train_time = 1.358791
TRAIN Iter 258: loss = 0.002024,	Top-1 err = 49.860000,	Top-5 err = 28.700000,	train_time = 1.435784
TRAIN Iter 259: loss = 0.002008,	Top-1 err = 50.080000,	Top-5 err = 30.240000,	train_time = 1.456826
TEST:
Iter 259: loss = 1.655686,	Top-1 err = 42.250000,	Top-5 err = 15.950000,	val_time = 0.752140
TRAIN Iter 260: loss = 0.001935,	Top-1 err = 49.340000,	Top-5 err = 28.580000,	train_time = 1.394720
TRAIN Iter 261: loss = 0.001986,	Top-1 err = 51.380000,	Top-5 err = 30.020000,	train_time = 1.374611
TRAIN Iter 262: loss = 0.001951,	Top-1 err = 50.060000,	Top-5 err = 28.660000,	train_time = 1.315622
TRAIN Iter 263: loss = 0.001982,	Top-1 err = 52.700000,	Top-5 err = 31.720000,	train_time = 1.302611
TRAIN Iter 264: loss = 0.001928,	Top-1 err = 52.120000,	Top-5 err = 29.380000,	train_time = 1.288090
TRAIN Iter 265: loss = 0.001975,	Top-1 err = 50.260000,	Top-5 err = 29.580000,	train_time = 1.419710
TRAIN Iter 266: loss = 0.001965,	Top-1 err = 52.740000,	Top-5 err = 32.400000,	train_time = 1.228047
TRAIN Iter 267: loss = 0.001933,	Top-1 err = 50.520000,	Top-5 err = 29.560000,	train_time = 1.289249
TRAIN Iter 268: loss = 0.001906,	Top-1 err = 50.100000,	Top-5 err = 26.720000,	train_time = 1.316529
TRAIN Iter 269: loss = 0.001918,	Top-1 err = 50.660000,	Top-5 err = 30.420000,	train_time = 1.384058
TEST:
Iter 269: loss = 1.654031,	Top-1 err = 42.140000,	Top-5 err = 16.070000,	val_time = 0.782498
TRAIN Iter 270: loss = 0.001941,	Top-1 err = 49.440000,	Top-5 err = 28.460000,	train_time = 1.327430
TRAIN Iter 271: loss = 0.001881,	Top-1 err = 47.360000,	Top-5 err = 25.900000,	train_time = 1.387103
TRAIN Iter 272: loss = 0.001907,	Top-1 err = 52.500000,	Top-5 err = 30.960000,	train_time = 1.443782
TRAIN Iter 273: loss = 0.001955,	Top-1 err = 52.060000,	Top-5 err = 30.280000,	train_time = 1.418116
TRAIN Iter 274: loss = 0.001887,	Top-1 err = 49.780000,	Top-5 err = 28.140000,	train_time = 1.297900
TRAIN Iter 275: loss = 0.001900,	Top-1 err = 50.080000,	Top-5 err = 28.980000,	train_time = 1.375667
TRAIN Iter 276: loss = 0.001915,	Top-1 err = 50.520000,	Top-5 err = 29.020000,	train_time = 1.237548
TRAIN Iter 277: loss = 0.001871,	Top-1 err = 56.760000,	Top-5 err = 35.460000,	train_time = 1.394182
TRAIN Iter 278: loss = 0.001909,	Top-1 err = 52.320000,	Top-5 err = 30.560000,	train_time = 1.363477
TRAIN Iter 279: loss = 0.001880,	Top-1 err = 51.300000,	Top-5 err = 32.500000,	train_time = 1.328926
TEST:
Iter 279: loss = 1.654233,	Top-1 err = 42.280000,	Top-5 err = 15.900000,	val_time = 0.757264
TRAIN Iter 280: loss = 0.001869,	Top-1 err = 50.740000,	Top-5 err = 28.960000,	train_time = 1.352305
TRAIN Iter 281: loss = 0.001876,	Top-1 err = 50.760000,	Top-5 err = 28.580000,	train_time = 1.273301
TRAIN Iter 282: loss = 0.001867,	Top-1 err = 50.520000,	Top-5 err = 29.140000,	train_time = 1.420260
TRAIN Iter 283: loss = 0.001873,	Top-1 err = 50.880000,	Top-5 err = 29.800000,	train_time = 1.333249
TRAIN Iter 284: loss = 0.001855,	Top-1 err = 51.240000,	Top-5 err = 30.780000,	train_time = 1.405997
TRAIN Iter 285: loss = 0.001873,	Top-1 err = 54.260000,	Top-5 err = 31.860000,	train_time = 1.370838
TRAIN Iter 286: loss = 0.001836,	Top-1 err = 52.420000,	Top-5 err = 29.340000,	train_time = 1.379847
TRAIN Iter 287: loss = 0.001867,	Top-1 err = 51.480000,	Top-5 err = 30.620000,	train_time = 1.317810
TRAIN Iter 288: loss = 0.001860,	Top-1 err = 51.760000,	Top-5 err = 29.500000,	train_time = 1.350127
TRAIN Iter 289: loss = 0.001877,	Top-1 err = 54.100000,	Top-5 err = 32.820000,	train_time = 1.418941
TEST:
Iter 289: loss = 1.693068,	Top-1 err = 42.650000,	Top-5 err = 16.370000,	val_time = 0.832565
TRAIN Iter 290: loss = 0.001854,	Top-1 err = 50.620000,	Top-5 err = 30.660000,	train_time = 1.387410
TRAIN Iter 291: loss = 0.001846,	Top-1 err = 47.700000,	Top-5 err = 26.760000,	train_time = 1.323119
TRAIN Iter 292: loss = 0.001838,	Top-1 err = 51.200000,	Top-5 err = 30.280000,	train_time = 1.382682
TRAIN Iter 293: loss = 0.001836,	Top-1 err = 52.320000,	Top-5 err = 30.980000,	train_time = 1.259095
TRAIN Iter 294: loss = 0.001885,	Top-1 err = 53.760000,	Top-5 err = 32.400000,	train_time = 1.421292
TRAIN Iter 295: loss = 0.001837,	Top-1 err = 53.580000,	Top-5 err = 32.680000,	train_time = 1.401552
TRAIN Iter 296: loss = 0.001796,	Top-1 err = 48.000000,	Top-5 err = 26.080000,	train_time = 1.321744
TRAIN Iter 297: loss = 0.001800,	Top-1 err = 44.540000,	Top-5 err = 25.540000,	train_time = 1.429877
TRAIN Iter 298: loss = 0.001822,	Top-1 err = 46.920000,	Top-5 err = 25.960000,	train_time = 1.281382
TRAIN Iter 299: loss = 0.001788,	Top-1 err = 49.940000,	Top-5 err = 28.460000,	train_time = 1.436655
TEST:
Iter 299: loss = 1.628171,	Top-1 err = 41.780000,	Top-5 err = 15.580000,	val_time = 0.763156
Train Finish! Best accuracy is 58.22@299
