/home/dvspanos/miniconda3/envs/rded/lib/python3.10/site-packages/torch/cuda/__init__.py:611: UserWarning: Can't initialize NVML
  warnings.warn("Can't initialize NVML")
=> using pytorch pre-trained teacher model 'conv3'
process data from /home/dvspanos/nikos/ca2d/artifacts/rded_sets/bench_cifar100_conv_el2nw50_ipc10
load data successfully
TRAIN Iter 0: loss = 0.020456,	Top-1 err = 97.600000,	Top-5 err = 89.600000,	train_time = 1.116809
TRAIN Iter 1: loss = 0.018736,	Top-1 err = 96.500000,	Top-5 err = 83.700000,	train_time = 0.353858
TRAIN Iter 2: loss = 0.016922,	Top-1 err = 94.700000,	Top-5 err = 81.800000,	train_time = 0.376604
TRAIN Iter 3: loss = 0.016473,	Top-1 err = 94.100000,	Top-5 err = 78.700000,	train_time = 0.397218
TRAIN Iter 4: loss = 0.015943,	Top-1 err = 94.400000,	Top-5 err = 75.700000,	train_time = 0.398332
TRAIN Iter 5: loss = 0.014791,	Top-1 err = 90.800000,	Top-5 err = 71.900000,	train_time = 0.404414
TRAIN Iter 6: loss = 0.014588,	Top-1 err = 93.200000,	Top-5 err = 74.900000,	train_time = 0.399698
TRAIN Iter 7: loss = 0.013204,	Top-1 err = 91.400000,	Top-5 err = 72.900000,	train_time = 0.399534
TRAIN Iter 8: loss = 0.013160,	Top-1 err = 91.200000,	Top-5 err = 69.200000,	train_time = 0.383978
TRAIN Iter 9: loss = 0.012939,	Top-1 err = 89.800000,	Top-5 err = 68.000000,	train_time = 0.395386
TRAIN Iter 10: loss = 0.012663,	Top-1 err = 91.000000,	Top-5 err = 70.100000,	train_time = 0.370959
TRAIN Iter 11: loss = 0.012165,	Top-1 err = 87.600000,	Top-5 err = 67.700000,	train_time = 0.427146
TRAIN Iter 12: loss = 0.011276,	Top-1 err = 84.800000,	Top-5 err = 60.600000,	train_time = 0.405143
TRAIN Iter 13: loss = 0.011077,	Top-1 err = 84.700000,	Top-5 err = 62.700000,	train_time = 0.381006
TRAIN Iter 14: loss = 0.010561,	Top-1 err = 86.800000,	Top-5 err = 64.500000,	train_time = 0.399669
TRAIN Iter 15: loss = 0.010205,	Top-1 err = 82.100000,	Top-5 err = 55.300000,	train_time = 0.407944
TRAIN Iter 16: loss = 0.010418,	Top-1 err = 85.900000,	Top-5 err = 60.100000,	train_time = 0.370271
TRAIN Iter 17: loss = 0.009954,	Top-1 err = 83.300000,	Top-5 err = 58.100000,	train_time = 0.404037
TRAIN Iter 18: loss = 0.009790,	Top-1 err = 84.200000,	Top-5 err = 58.600000,	train_time = 0.393687
TRAIN Iter 19: loss = 0.009865,	Top-1 err = 84.600000,	Top-5 err = 58.900000,	train_time = 0.417656
TRAIN Iter 20: loss = 0.009036,	Top-1 err = 83.000000,	Top-5 err = 55.500000,	train_time = 0.421780
TRAIN Iter 21: loss = 0.009258,	Top-1 err = 82.000000,	Top-5 err = 54.700000,	train_time = 0.404419
TRAIN Iter 22: loss = 0.008788,	Top-1 err = 85.000000,	Top-5 err = 60.400000,	train_time = 0.394180
TRAIN Iter 23: loss = 0.008793,	Top-1 err = 77.000000,	Top-5 err = 49.200000,	train_time = 0.388664
TRAIN Iter 24: loss = 0.008709,	Top-1 err = 81.200000,	Top-5 err = 58.800000,	train_time = 0.386199
TRAIN Iter 25: loss = 0.008855,	Top-1 err = 80.700000,	Top-5 err = 56.400000,	train_time = 0.366910
TRAIN Iter 26: loss = 0.008869,	Top-1 err = 79.600000,	Top-5 err = 53.100000,	train_time = 0.387859
TRAIN Iter 27: loss = 0.008332,	Top-1 err = 80.500000,	Top-5 err = 53.400000,	train_time = 0.442736
TRAIN Iter 28: loss = 0.008490,	Top-1 err = 82.500000,	Top-5 err = 56.400000,	train_time = 0.402542
TRAIN Iter 29: loss = 0.008203,	Top-1 err = 76.500000,	Top-5 err = 46.400000,	train_time = 0.381397
TRAIN Iter 30: loss = 0.007875,	Top-1 err = 79.200000,	Top-5 err = 53.900000,	train_time = 0.397639
TRAIN Iter 31: loss = 0.007891,	Top-1 err = 76.100000,	Top-5 err = 47.800000,	train_time = 0.396612
TRAIN Iter 32: loss = 0.007921,	Top-1 err = 81.600000,	Top-5 err = 54.900000,	train_time = 0.395186
TRAIN Iter 33: loss = 0.007754,	Top-1 err = 74.200000,	Top-5 err = 45.700000,	train_time = 0.404624
TRAIN Iter 34: loss = 0.007667,	Top-1 err = 78.300000,	Top-5 err = 50.700000,	train_time = 0.421590
TRAIN Iter 35: loss = 0.007404,	Top-1 err = 78.100000,	Top-5 err = 47.000000,	train_time = 0.389165
TRAIN Iter 36: loss = 0.007186,	Top-1 err = 73.200000,	Top-5 err = 42.900000,	train_time = 0.402514
TRAIN Iter 37: loss = 0.007145,	Top-1 err = 76.700000,	Top-5 err = 50.100000,	train_time = 0.392497
TRAIN Iter 38: loss = 0.007213,	Top-1 err = 76.800000,	Top-5 err = 46.100000,	train_time = 0.394573
TRAIN Iter 39: loss = 0.006909,	Top-1 err = 71.500000,	Top-5 err = 42.400000,	train_time = 0.421391
TRAIN Iter 40: loss = 0.006979,	Top-1 err = 75.400000,	Top-5 err = 49.400000,	train_time = 0.414779
TRAIN Iter 41: loss = 0.006802,	Top-1 err = 72.800000,	Top-5 err = 42.600000,	train_time = 0.421270
TRAIN Iter 42: loss = 0.007039,	Top-1 err = 77.700000,	Top-5 err = 50.000000,	train_time = 0.392847
TRAIN Iter 43: loss = 0.006750,	Top-1 err = 77.300000,	Top-5 err = 53.000000,	train_time = 0.324013
TRAIN Iter 44: loss = 0.006768,	Top-1 err = 76.600000,	Top-5 err = 49.400000,	train_time = 0.404928
TRAIN Iter 45: loss = 0.006582,	Top-1 err = 74.400000,	Top-5 err = 46.500000,	train_time = 0.393454
TRAIN Iter 46: loss = 0.006765,	Top-1 err = 75.400000,	Top-5 err = 47.700000,	train_time = 0.409745
TRAIN Iter 47: loss = 0.006462,	Top-1 err = 75.300000,	Top-5 err = 47.600000,	train_time = 0.390980
TRAIN Iter 48: loss = 0.006790,	Top-1 err = 76.500000,	Top-5 err = 51.800000,	train_time = 0.390738
TRAIN Iter 49: loss = 0.006497,	Top-1 err = 78.400000,	Top-5 err = 51.900000,	train_time = 0.402740
TRAIN Iter 50: loss = 0.006373,	Top-1 err = 72.900000,	Top-5 err = 45.500000,	train_time = 0.381110
TRAIN Iter 51: loss = 0.006306,	Top-1 err = 74.000000,	Top-5 err = 44.100000,	train_time = 0.382505
TRAIN Iter 52: loss = 0.006412,	Top-1 err = 75.400000,	Top-5 err = 50.500000,	train_time = 0.416903
TRAIN Iter 53: loss = 0.006296,	Top-1 err = 71.600000,	Top-5 err = 43.100000,	train_time = 0.380693
TRAIN Iter 54: loss = 0.006145,	Top-1 err = 69.300000,	Top-5 err = 41.100000,	train_time = 0.517403
TRAIN Iter 55: loss = 0.006174,	Top-1 err = 66.900000,	Top-5 err = 38.500000,	train_time = 0.391624
TRAIN Iter 56: loss = 0.006308,	Top-1 err = 73.800000,	Top-5 err = 45.100000,	train_time = 0.365680
TRAIN Iter 57: loss = 0.005917,	Top-1 err = 69.800000,	Top-5 err = 39.200000,	train_time = 0.433172
TRAIN Iter 58: loss = 0.005818,	Top-1 err = 70.600000,	Top-5 err = 43.700000,	train_time = 0.444310
TRAIN Iter 59: loss = 0.006066,	Top-1 err = 71.000000,	Top-5 err = 41.800000,	train_time = 0.361355
TRAIN Iter 60: loss = 0.005610,	Top-1 err = 71.200000,	Top-5 err = 40.200000,	train_time = 0.412193
TRAIN Iter 61: loss = 0.005582,	Top-1 err = 70.200000,	Top-5 err = 40.200000,	train_time = 0.397496
TRAIN Iter 62: loss = 0.005777,	Top-1 err = 69.400000,	Top-5 err = 43.100000,	train_time = 0.381195
TRAIN Iter 63: loss = 0.005741,	Top-1 err = 72.600000,	Top-5 err = 45.700000,	train_time = 0.394883
TRAIN Iter 64: loss = 0.005728,	Top-1 err = 74.000000,	Top-5 err = 44.600000,	train_time = 0.375691
TRAIN Iter 65: loss = 0.005673,	Top-1 err = 71.800000,	Top-5 err = 43.400000,	train_time = 0.378620
TRAIN Iter 66: loss = 0.005786,	Top-1 err = 69.100000,	Top-5 err = 42.500000,	train_time = 0.404703
TRAIN Iter 67: loss = 0.005582,	Top-1 err = 70.700000,	Top-5 err = 43.700000,	train_time = 0.400052
TRAIN Iter 68: loss = 0.005561,	Top-1 err = 76.000000,	Top-5 err = 48.800000,	train_time = 0.353491
TRAIN Iter 69: loss = 0.005655,	Top-1 err = 73.500000,	Top-5 err = 46.900000,	train_time = 0.406793
TRAIN Iter 70: loss = 0.005326,	Top-1 err = 64.500000,	Top-5 err = 34.300000,	train_time = 0.408421
TRAIN Iter 71: loss = 0.005217,	Top-1 err = 72.300000,	Top-5 err = 43.000000,	train_time = 0.369785
TRAIN Iter 72: loss = 0.005331,	Top-1 err = 69.600000,	Top-5 err = 42.300000,	train_time = 0.400509
TRAIN Iter 73: loss = 0.005498,	Top-1 err = 73.400000,	Top-5 err = 48.100000,	train_time = 0.395291
TRAIN Iter 74: loss = 0.005443,	Top-1 err = 69.800000,	Top-5 err = 39.000000,	train_time = 0.411221
TRAIN Iter 75: loss = 0.005146,	Top-1 err = 66.900000,	Top-5 err = 39.700000,	train_time = 0.388281
TRAIN Iter 76: loss = 0.005258,	Top-1 err = 66.000000,	Top-5 err = 37.000000,	train_time = 0.381690
TRAIN Iter 77: loss = 0.005102,	Top-1 err = 71.900000,	Top-5 err = 45.400000,	train_time = 0.392614
TRAIN Iter 78: loss = 0.005295,	Top-1 err = 73.200000,	Top-5 err = 44.600000,	train_time = 0.398117
TRAIN Iter 79: loss = 0.005658,	Top-1 err = 77.600000,	Top-5 err = 52.600000,	train_time = 0.410654
TRAIN Iter 80: loss = 0.005133,	Top-1 err = 66.300000,	Top-5 err = 40.200000,	train_time = 0.365422
TRAIN Iter 81: loss = 0.005159,	Top-1 err = 66.700000,	Top-5 err = 36.900000,	train_time = 0.406164
TRAIN Iter 82: loss = 0.004965,	Top-1 err = 66.200000,	Top-5 err = 36.000000,	train_time = 0.403512
TRAIN Iter 83: loss = 0.005127,	Top-1 err = 72.500000,	Top-5 err = 46.900000,	train_time = 0.369423
TRAIN Iter 84: loss = 0.005361,	Top-1 err = 70.100000,	Top-5 err = 45.600000,	train_time = 0.379630
TRAIN Iter 85: loss = 0.005179,	Top-1 err = 73.900000,	Top-5 err = 50.600000,	train_time = 0.374470
TRAIN Iter 86: loss = 0.005047,	Top-1 err = 70.000000,	Top-5 err = 41.800000,	train_time = 0.405400
TRAIN Iter 87: loss = 0.005105,	Top-1 err = 75.400000,	Top-5 err = 48.100000,	train_time = 0.369010
TRAIN Iter 88: loss = 0.005102,	Top-1 err = 69.600000,	Top-5 err = 42.300000,	train_time = 0.390049
TRAIN Iter 89: loss = 0.005162,	Top-1 err = 71.900000,	Top-5 err = 44.000000,	train_time = 0.403262
TRAIN Iter 90: loss = 0.004971,	Top-1 err = 68.500000,	Top-5 err = 42.200000,	train_time = 0.388748
TRAIN Iter 91: loss = 0.004936,	Top-1 err = 62.000000,	Top-5 err = 32.100000,	train_time = 0.378973
TRAIN Iter 92: loss = 0.004938,	Top-1 err = 69.000000,	Top-5 err = 42.500000,	train_time = 0.387125
TRAIN Iter 93: loss = 0.004849,	Top-1 err = 68.000000,	Top-5 err = 37.800000,	train_time = 0.419914
TRAIN Iter 94: loss = 0.004715,	Top-1 err = 68.400000,	Top-5 err = 40.100000,	train_time = 0.381639
TRAIN Iter 95: loss = 0.004648,	Top-1 err = 68.400000,	Top-5 err = 42.100000,	train_time = 0.374440
TRAIN Iter 96: loss = 0.004703,	Top-1 err = 72.300000,	Top-5 err = 44.400000,	train_time = 0.392738
TRAIN Iter 97: loss = 0.004788,	Top-1 err = 71.200000,	Top-5 err = 43.000000,	train_time = 0.374508
TRAIN Iter 98: loss = 0.004804,	Top-1 err = 68.200000,	Top-5 err = 40.700000,	train_time = 0.398199
TRAIN Iter 99: loss = 0.004890,	Top-1 err = 67.000000,	Top-5 err = 39.900000,	train_time = 0.391677
TRAIN Iter 100: loss = 0.004583,	Top-1 err = 67.900000,	Top-5 err = 37.000000,	train_time = 0.374065
TRAIN Iter 101: loss = 0.004663,	Top-1 err = 72.000000,	Top-5 err = 47.100000,	train_time = 0.378300
TRAIN Iter 102: loss = 0.004735,	Top-1 err = 72.500000,	Top-5 err = 45.000000,	train_time = 0.412681
TRAIN Iter 103: loss = 0.004933,	Top-1 err = 71.400000,	Top-5 err = 47.800000,	train_time = 0.375366
TRAIN Iter 104: loss = 0.004482,	Top-1 err = 66.400000,	Top-5 err = 36.000000,	train_time = 0.395934
TRAIN Iter 105: loss = 0.004606,	Top-1 err = 62.600000,	Top-5 err = 34.400000,	train_time = 0.410338
TRAIN Iter 106: loss = 0.004587,	Top-1 err = 69.300000,	Top-5 err = 42.000000,	train_time = 0.386160
TRAIN Iter 107: loss = 0.004662,	Top-1 err = 65.900000,	Top-5 err = 38.000000,	train_time = 0.381274
TRAIN Iter 108: loss = 0.004580,	Top-1 err = 71.500000,	Top-5 err = 45.500000,	train_time = 0.377077
TRAIN Iter 109: loss = 0.004553,	Top-1 err = 67.200000,	Top-5 err = 38.000000,	train_time = 0.405477
TRAIN Iter 110: loss = 0.004417,	Top-1 err = 68.700000,	Top-5 err = 41.100000,	train_time = 0.380676
TRAIN Iter 111: loss = 0.004435,	Top-1 err = 61.400000,	Top-5 err = 30.900000,	train_time = 0.355981
TRAIN Iter 112: loss = 0.004277,	Top-1 err = 59.700000,	Top-5 err = 31.900000,	train_time = 0.398847
TRAIN Iter 113: loss = 0.004356,	Top-1 err = 66.800000,	Top-5 err = 35.900000,	train_time = 0.411752
TRAIN Iter 114: loss = 0.004615,	Top-1 err = 75.000000,	Top-5 err = 48.400000,	train_time = 0.380109
TRAIN Iter 115: loss = 0.004475,	Top-1 err = 69.700000,	Top-5 err = 43.300000,	train_time = 0.409183
TRAIN Iter 116: loss = 0.004594,	Top-1 err = 72.100000,	Top-5 err = 46.800000,	train_time = 0.416195
TRAIN Iter 117: loss = 0.004503,	Top-1 err = 70.300000,	Top-5 err = 43.900000,	train_time = 0.352810
TRAIN Iter 118: loss = 0.004360,	Top-1 err = 66.100000,	Top-5 err = 37.800000,	train_time = 0.413897
TRAIN Iter 119: loss = 0.004529,	Top-1 err = 71.300000,	Top-5 err = 46.100000,	train_time = 0.377525
TRAIN Iter 120: loss = 0.004211,	Top-1 err = 66.000000,	Top-5 err = 38.000000,	train_time = 0.381448
TRAIN Iter 121: loss = 0.004203,	Top-1 err = 61.100000,	Top-5 err = 33.700000,	train_time = 0.391662
TRAIN Iter 122: loss = 0.004382,	Top-1 err = 67.200000,	Top-5 err = 42.300000,	train_time = 0.389599
TRAIN Iter 123: loss = 0.004451,	Top-1 err = 66.300000,	Top-5 err = 39.300000,	train_time = 0.361155
TRAIN Iter 124: loss = 0.004476,	Top-1 err = 64.900000,	Top-5 err = 36.800000,	train_time = 0.394502
TRAIN Iter 125: loss = 0.004335,	Top-1 err = 66.600000,	Top-5 err = 40.100000,	train_time = 0.406316
TRAIN Iter 126: loss = 0.004324,	Top-1 err = 66.100000,	Top-5 err = 40.900000,	train_time = 0.404438
TRAIN Iter 127: loss = 0.004326,	Top-1 err = 71.400000,	Top-5 err = 48.200000,	train_time = 0.392862
TRAIN Iter 128: loss = 0.004195,	Top-1 err = 67.900000,	Top-5 err = 38.400000,	train_time = 0.402706
TRAIN Iter 129: loss = 0.004408,	Top-1 err = 70.200000,	Top-5 err = 40.400000,	train_time = 0.386384
TRAIN Iter 130: loss = 0.004367,	Top-1 err = 66.600000,	Top-5 err = 39.600000,	train_time = 0.400307
TRAIN Iter 131: loss = 0.004246,	Top-1 err = 65.400000,	Top-5 err = 36.800000,	train_time = 0.403594
TRAIN Iter 132: loss = 0.004292,	Top-1 err = 71.100000,	Top-5 err = 43.300000,	train_time = 0.401038
TRAIN Iter 133: loss = 0.004148,	Top-1 err = 67.700000,	Top-5 err = 42.700000,	train_time = 0.371225
TRAIN Iter 134: loss = 0.004030,	Top-1 err = 66.400000,	Top-5 err = 36.700000,	train_time = 0.449898
TRAIN Iter 135: loss = 0.004365,	Top-1 err = 73.300000,	Top-5 err = 46.100000,	train_time = 0.378223
TRAIN Iter 136: loss = 0.004219,	Top-1 err = 65.700000,	Top-5 err = 37.800000,	train_time = 0.404464
TRAIN Iter 137: loss = 0.004050,	Top-1 err = 67.100000,	Top-5 err = 42.700000,	train_time = 0.424123
TRAIN Iter 138: loss = 0.004104,	Top-1 err = 63.100000,	Top-5 err = 34.200000,	train_time = 0.394140
TRAIN Iter 139: loss = 0.004120,	Top-1 err = 64.900000,	Top-5 err = 38.400000,	train_time = 0.417427
TRAIN Iter 140: loss = 0.004017,	Top-1 err = 68.300000,	Top-5 err = 39.700000,	train_time = 0.366616
TRAIN Iter 141: loss = 0.004149,	Top-1 err = 65.700000,	Top-5 err = 36.800000,	train_time = 0.369564
TRAIN Iter 142: loss = 0.004023,	Top-1 err = 62.900000,	Top-5 err = 36.600000,	train_time = 0.395850
TRAIN Iter 143: loss = 0.004186,	Top-1 err = 66.000000,	Top-5 err = 38.300000,	train_time = 0.387016
TRAIN Iter 144: loss = 0.004220,	Top-1 err = 66.000000,	Top-5 err = 38.100000,	train_time = 0.400586
TRAIN Iter 145: loss = 0.004087,	Top-1 err = 63.400000,	Top-5 err = 34.000000,	train_time = 0.374650
TRAIN Iter 146: loss = 0.003968,	Top-1 err = 60.700000,	Top-5 err = 32.200000,	train_time = 0.395040
TRAIN Iter 147: loss = 0.004172,	Top-1 err = 71.100000,	Top-5 err = 45.600000,	train_time = 0.414982
TRAIN Iter 148: loss = 0.003940,	Top-1 err = 61.600000,	Top-5 err = 31.200000,	train_time = 0.394733
TRAIN Iter 149: loss = 0.003914,	Top-1 err = 65.800000,	Top-5 err = 38.400000,	train_time = 0.371107
TRAIN Iter 150: loss = 0.004147,	Top-1 err = 66.800000,	Top-5 err = 38.900000,	train_time = 0.375751
TRAIN Iter 151: loss = 0.003997,	Top-1 err = 68.400000,	Top-5 err = 40.600000,	train_time = 0.373835
TRAIN Iter 152: loss = 0.003836,	Top-1 err = 63.300000,	Top-5 err = 35.200000,	train_time = 0.400543
TRAIN Iter 153: loss = 0.003995,	Top-1 err = 66.700000,	Top-5 err = 39.000000,	train_time = 0.396168
TRAIN Iter 154: loss = 0.004065,	Top-1 err = 69.400000,	Top-5 err = 38.700000,	train_time = 0.396937
TRAIN Iter 155: loss = 0.003964,	Top-1 err = 69.900000,	Top-5 err = 40.300000,	train_time = 0.385547
TRAIN Iter 156: loss = 0.003890,	Top-1 err = 69.000000,	Top-5 err = 39.500000,	train_time = 0.391001
TRAIN Iter 157: loss = 0.003966,	Top-1 err = 64.000000,	Top-5 err = 34.800000,	train_time = 0.393460
TRAIN Iter 158: loss = 0.003933,	Top-1 err = 66.000000,	Top-5 err = 39.300000,	train_time = 0.385903
TRAIN Iter 159: loss = 0.003921,	Top-1 err = 66.500000,	Top-5 err = 40.100000,	train_time = 0.406879
TRAIN Iter 160: loss = 0.003964,	Top-1 err = 65.900000,	Top-5 err = 39.500000,	train_time = 0.391663
TRAIN Iter 161: loss = 0.003801,	Top-1 err = 66.500000,	Top-5 err = 38.300000,	train_time = 0.408518
TRAIN Iter 162: loss = 0.003927,	Top-1 err = 66.400000,	Top-5 err = 41.300000,	train_time = 0.424942
TRAIN Iter 163: loss = 0.003682,	Top-1 err = 58.900000,	Top-5 err = 27.600000,	train_time = 0.360343
TRAIN Iter 164: loss = 0.003703,	Top-1 err = 64.000000,	Top-5 err = 37.400000,	train_time = 0.414657
TRAIN Iter 165: loss = 0.003724,	Top-1 err = 64.900000,	Top-5 err = 34.900000,	train_time = 0.401689
TRAIN Iter 166: loss = 0.003640,	Top-1 err = 63.500000,	Top-5 err = 37.000000,	train_time = 0.369288
TRAIN Iter 167: loss = 0.003671,	Top-1 err = 63.900000,	Top-5 err = 35.100000,	train_time = 0.399582
TRAIN Iter 168: loss = 0.003870,	Top-1 err = 66.500000,	Top-5 err = 37.600000,	train_time = 0.401951
TRAIN Iter 169: loss = 0.003820,	Top-1 err = 68.200000,	Top-5 err = 42.600000,	train_time = 0.385994
TRAIN Iter 170: loss = 0.003782,	Top-1 err = 64.900000,	Top-5 err = 41.400000,	train_time = 0.373363
TRAIN Iter 171: loss = 0.003948,	Top-1 err = 70.900000,	Top-5 err = 46.700000,	train_time = 0.393162
TRAIN Iter 172: loss = 0.003843,	Top-1 err = 65.500000,	Top-5 err = 38.200000,	train_time = 0.394262
TRAIN Iter 173: loss = 0.003992,	Top-1 err = 70.000000,	Top-5 err = 44.700000,	train_time = 0.405334
TRAIN Iter 174: loss = 0.003736,	Top-1 err = 66.600000,	Top-5 err = 39.300000,	train_time = 0.354970
TRAIN Iter 175: loss = 0.003926,	Top-1 err = 69.700000,	Top-5 err = 41.200000,	train_time = 0.378938
TRAIN Iter 176: loss = 0.003762,	Top-1 err = 65.900000,	Top-5 err = 38.500000,	train_time = 0.367230
TRAIN Iter 177: loss = 0.003792,	Top-1 err = 68.400000,	Top-5 err = 36.900000,	train_time = 0.398553
TRAIN Iter 178: loss = 0.003904,	Top-1 err = 64.800000,	Top-5 err = 38.600000,	train_time = 0.402269
TRAIN Iter 179: loss = 0.003578,	Top-1 err = 62.000000,	Top-5 err = 35.200000,	train_time = 0.434256
TRAIN Iter 180: loss = 0.003679,	Top-1 err = 66.000000,	Top-5 err = 40.300000,	train_time = 0.421715
TRAIN Iter 181: loss = 0.003837,	Top-1 err = 68.400000,	Top-5 err = 43.200000,	train_time = 0.413947
TRAIN Iter 182: loss = 0.003615,	Top-1 err = 62.700000,	Top-5 err = 35.500000,	train_time = 0.368112
TRAIN Iter 183: loss = 0.003717,	Top-1 err = 67.800000,	Top-5 err = 39.600000,	train_time = 0.393159
TRAIN Iter 184: loss = 0.003714,	Top-1 err = 72.600000,	Top-5 err = 44.800000,	train_time = 0.376306
TRAIN Iter 185: loss = 0.004020,	Top-1 err = 72.700000,	Top-5 err = 50.900000,	train_time = 0.366480
TRAIN Iter 186: loss = 0.003606,	Top-1 err = 65.300000,	Top-5 err = 38.400000,	train_time = 0.382335
TRAIN Iter 187: loss = 0.003751,	Top-1 err = 68.100000,	Top-5 err = 45.000000,	train_time = 0.389285
TRAIN Iter 188: loss = 0.003847,	Top-1 err = 74.200000,	Top-5 err = 45.100000,	train_time = 0.427916
TRAIN Iter 189: loss = 0.003668,	Top-1 err = 64.300000,	Top-5 err = 35.200000,	train_time = 0.402398
TRAIN Iter 190: loss = 0.003801,	Top-1 err = 71.200000,	Top-5 err = 45.100000,	train_time = 0.370623
TRAIN Iter 191: loss = 0.003533,	Top-1 err = 58.200000,	Top-5 err = 28.300000,	train_time = 0.377935
TRAIN Iter 192: loss = 0.003715,	Top-1 err = 67.000000,	Top-5 err = 40.500000,	train_time = 0.367299
TRAIN Iter 193: loss = 0.003603,	Top-1 err = 67.500000,	Top-5 err = 35.300000,	train_time = 0.357986
TRAIN Iter 194: loss = 0.003468,	Top-1 err = 61.500000,	Top-5 err = 34.800000,	train_time = 0.381984
TRAIN Iter 195: loss = 0.003501,	Top-1 err = 66.000000,	Top-5 err = 37.100000,	train_time = 0.424803
TRAIN Iter 196: loss = 0.003594,	Top-1 err = 65.300000,	Top-5 err = 36.300000,	train_time = 0.358668
TRAIN Iter 197: loss = 0.003669,	Top-1 err = 67.800000,	Top-5 err = 38.600000,	train_time = 0.403871
TRAIN Iter 198: loss = 0.003606,	Top-1 err = 63.100000,	Top-5 err = 36.000000,	train_time = 0.392494
TRAIN Iter 199: loss = 0.003565,	Top-1 err = 67.700000,	Top-5 err = 41.600000,	train_time = 0.401943
TRAIN Iter 200: loss = 0.003578,	Top-1 err = 64.700000,	Top-5 err = 36.800000,	train_time = 0.397549
TRAIN Iter 201: loss = 0.003426,	Top-1 err = 64.600000,	Top-5 err = 36.300000,	train_time = 0.374807
TRAIN Iter 202: loss = 0.003586,	Top-1 err = 64.400000,	Top-5 err = 37.700000,	train_time = 0.426230
TRAIN Iter 203: loss = 0.003564,	Top-1 err = 65.100000,	Top-5 err = 38.500000,	train_time = 0.385658
TRAIN Iter 204: loss = 0.003687,	Top-1 err = 64.000000,	Top-5 err = 36.300000,	train_time = 0.373398
TRAIN Iter 205: loss = 0.003497,	Top-1 err = 66.900000,	Top-5 err = 40.700000,	train_time = 0.400155
TRAIN Iter 206: loss = 0.003482,	Top-1 err = 65.000000,	Top-5 err = 36.700000,	train_time = 0.394830
TRAIN Iter 207: loss = 0.003664,	Top-1 err = 68.100000,	Top-5 err = 39.600000,	train_time = 0.375810
TRAIN Iter 208: loss = 0.003678,	Top-1 err = 64.800000,	Top-5 err = 36.300000,	train_time = 0.380677
TRAIN Iter 209: loss = 0.003553,	Top-1 err = 66.500000,	Top-5 err = 41.000000,	train_time = 0.404258
TRAIN Iter 210: loss = 0.003489,	Top-1 err = 61.500000,	Top-5 err = 36.100000,	train_time = 0.355760
TRAIN Iter 211: loss = 0.003561,	Top-1 err = 60.500000,	Top-5 err = 33.500000,	train_time = 0.379887
TRAIN Iter 212: loss = 0.003405,	Top-1 err = 60.600000,	Top-5 err = 32.100000,	train_time = 0.382017
TRAIN Iter 213: loss = 0.003551,	Top-1 err = 63.500000,	Top-5 err = 37.300000,	train_time = 0.394491
TRAIN Iter 214: loss = 0.003422,	Top-1 err = 60.400000,	Top-5 err = 34.300000,	train_time = 0.403961
TRAIN Iter 215: loss = 0.003564,	Top-1 err = 70.800000,	Top-5 err = 44.300000,	train_time = 0.409209
TRAIN Iter 216: loss = 0.003335,	Top-1 err = 62.900000,	Top-5 err = 34.500000,	train_time = 0.387823
TRAIN Iter 217: loss = 0.003597,	Top-1 err = 66.400000,	Top-5 err = 38.900000,	train_time = 0.379141
TRAIN Iter 218: loss = 0.003371,	Top-1 err = 61.800000,	Top-5 err = 32.800000,	train_time = 0.399530
TRAIN Iter 219: loss = 0.003317,	Top-1 err = 64.600000,	Top-5 err = 37.000000,	train_time = 0.398955
TRAIN Iter 220: loss = 0.003507,	Top-1 err = 66.900000,	Top-5 err = 41.100000,	train_time = 0.330332
TRAIN Iter 221: loss = 0.003343,	Top-1 err = 62.500000,	Top-5 err = 34.200000,	train_time = 0.336131
TRAIN Iter 222: loss = 0.003440,	Top-1 err = 70.400000,	Top-5 err = 45.100000,	train_time = 0.354487
TRAIN Iter 223: loss = 0.003391,	Top-1 err = 64.100000,	Top-5 err = 37.700000,	train_time = 0.382982
TRAIN Iter 224: loss = 0.003334,	Top-1 err = 62.800000,	Top-5 err = 33.000000,	train_time = 0.408205
TRAIN Iter 225: loss = 0.003400,	Top-1 err = 66.000000,	Top-5 err = 39.800000,	train_time = 0.419319
TRAIN Iter 226: loss = 0.003518,	Top-1 err = 63.800000,	Top-5 err = 39.200000,	train_time = 0.386950
TRAIN Iter 227: loss = 0.003398,	Top-1 err = 61.700000,	Top-5 err = 34.800000,	train_time = 0.419870
TRAIN Iter 228: loss = 0.003468,	Top-1 err = 66.500000,	Top-5 err = 39.000000,	train_time = 0.377769
TRAIN Iter 229: loss = 0.003462,	Top-1 err = 64.600000,	Top-5 err = 38.400000,	train_time = 0.421756
TRAIN Iter 230: loss = 0.003463,	Top-1 err = 66.800000,	Top-5 err = 40.800000,	train_time = 0.362416
TRAIN Iter 231: loss = 0.003562,	Top-1 err = 67.200000,	Top-5 err = 37.700000,	train_time = 0.394393
TRAIN Iter 232: loss = 0.003454,	Top-1 err = 66.000000,	Top-5 err = 41.700000,	train_time = 0.384889
TRAIN Iter 233: loss = 0.003363,	Top-1 err = 66.200000,	Top-5 err = 35.200000,	train_time = 0.432704
TRAIN Iter 234: loss = 0.003584,	Top-1 err = 71.700000,	Top-5 err = 45.100000,	train_time = 0.405712
TRAIN Iter 235: loss = 0.003503,	Top-1 err = 72.900000,	Top-5 err = 46.700000,	train_time = 0.395251
TRAIN Iter 236: loss = 0.003215,	Top-1 err = 63.200000,	Top-5 err = 34.500000,	train_time = 0.400620
TRAIN Iter 237: loss = 0.003322,	Top-1 err = 63.800000,	Top-5 err = 37.300000,	train_time = 0.397973
TRAIN Iter 238: loss = 0.003259,	Top-1 err = 64.800000,	Top-5 err = 36.900000,	train_time = 0.405033
TRAIN Iter 239: loss = 0.003220,	Top-1 err = 63.700000,	Top-5 err = 38.200000,	train_time = 0.385512
TRAIN Iter 240: loss = 0.003396,	Top-1 err = 63.800000,	Top-5 err = 37.100000,	train_time = 0.390652
TRAIN Iter 241: loss = 0.003235,	Top-1 err = 61.600000,	Top-5 err = 36.700000,	train_time = 0.385957
TRAIN Iter 242: loss = 0.003343,	Top-1 err = 63.500000,	Top-5 err = 40.100000,	train_time = 0.396539
TRAIN Iter 243: loss = 0.003183,	Top-1 err = 62.100000,	Top-5 err = 33.300000,	train_time = 0.410489
TRAIN Iter 244: loss = 0.003296,	Top-1 err = 66.600000,	Top-5 err = 41.300000,	train_time = 0.405056
TRAIN Iter 245: loss = 0.003355,	Top-1 err = 62.700000,	Top-5 err = 35.900000,	train_time = 0.347621
TRAIN Iter 246: loss = 0.003266,	Top-1 err = 64.500000,	Top-5 err = 38.700000,	train_time = 0.384994
TRAIN Iter 247: loss = 0.003255,	Top-1 err = 61.100000,	Top-5 err = 32.700000,	train_time = 0.374089
TRAIN Iter 248: loss = 0.003257,	Top-1 err = 62.200000,	Top-5 err = 35.800000,	train_time = 0.383832
TRAIN Iter 249: loss = 0.003230,	Top-1 err = 62.400000,	Top-5 err = 31.500000,	train_time = 0.356936
TEST:
Iter 249: loss = 1.965835,	Top-1 err = 50.340000,	Top-5 err = 20.850000,	val_time = 0.844169
TRAIN Iter 250: loss = 0.003226,	Top-1 err = 66.500000,	Top-5 err = 40.600000,	train_time = 0.363127
TRAIN Iter 251: loss = 0.003217,	Top-1 err = 66.700000,	Top-5 err = 38.700000,	train_time = 0.396141
TRAIN Iter 252: loss = 0.003297,	Top-1 err = 67.500000,	Top-5 err = 41.700000,	train_time = 0.373081
TRAIN Iter 253: loss = 0.003337,	Top-1 err = 63.400000,	Top-5 err = 32.100000,	train_time = 0.399786
TRAIN Iter 254: loss = 0.003233,	Top-1 err = 60.700000,	Top-5 err = 33.900000,	train_time = 0.415141
TRAIN Iter 255: loss = 0.003339,	Top-1 err = 71.300000,	Top-5 err = 43.600000,	train_time = 0.399688
TRAIN Iter 256: loss = 0.003193,	Top-1 err = 62.200000,	Top-5 err = 36.800000,	train_time = 0.392104
TRAIN Iter 257: loss = 0.003180,	Top-1 err = 63.300000,	Top-5 err = 35.700000,	train_time = 0.395109
TRAIN Iter 258: loss = 0.003385,	Top-1 err = 66.500000,	Top-5 err = 40.800000,	train_time = 0.389426
TRAIN Iter 259: loss = 0.003366,	Top-1 err = 64.300000,	Top-5 err = 38.300000,	train_time = 0.377780
TEST:
Iter 259: loss = 1.980346,	Top-1 err = 50.680000,	Top-5 err = 20.460000,	val_time = 0.745651
TRAIN Iter 260: loss = 0.003093,	Top-1 err = 60.800000,	Top-5 err = 33.200000,	train_time = 0.374088
TRAIN Iter 261: loss = 0.003423,	Top-1 err = 66.000000,	Top-5 err = 40.400000,	train_time = 0.393675
TRAIN Iter 262: loss = 0.003430,	Top-1 err = 68.300000,	Top-5 err = 41.100000,	train_time = 0.394297
TRAIN Iter 263: loss = 0.003313,	Top-1 err = 65.600000,	Top-5 err = 37.700000,	train_time = 0.404339
TRAIN Iter 264: loss = 0.003301,	Top-1 err = 66.100000,	Top-5 err = 39.900000,	train_time = 0.381499
TRAIN Iter 265: loss = 0.003116,	Top-1 err = 63.200000,	Top-5 err = 37.700000,	train_time = 0.364868
TRAIN Iter 266: loss = 0.003140,	Top-1 err = 65.300000,	Top-5 err = 37.200000,	train_time = 0.385728
TRAIN Iter 267: loss = 0.003122,	Top-1 err = 61.700000,	Top-5 err = 33.400000,	train_time = 0.398528
TRAIN Iter 268: loss = 0.003169,	Top-1 err = 62.700000,	Top-5 err = 36.600000,	train_time = 0.385609
TRAIN Iter 269: loss = 0.003229,	Top-1 err = 67.000000,	Top-5 err = 39.800000,	train_time = 0.406462
TEST:
Iter 269: loss = 2.006521,	Top-1 err = 50.940000,	Top-5 err = 21.150000,	val_time = 0.780981
TRAIN Iter 270: loss = 0.003133,	Top-1 err = 59.700000,	Top-5 err = 32.200000,	train_time = 0.389944
TRAIN Iter 271: loss = 0.003242,	Top-1 err = 67.200000,	Top-5 err = 41.700000,	train_time = 0.373489
TRAIN Iter 272: loss = 0.003155,	Top-1 err = 63.800000,	Top-5 err = 36.500000,	train_time = 0.392359
TRAIN Iter 273: loss = 0.002973,	Top-1 err = 65.300000,	Top-5 err = 39.900000,	train_time = 0.385743
TRAIN Iter 274: loss = 0.003122,	Top-1 err = 61.200000,	Top-5 err = 35.000000,	train_time = 0.371220
TRAIN Iter 275: loss = 0.003252,	Top-1 err = 67.900000,	Top-5 err = 38.600000,	train_time = 0.406344
TRAIN Iter 276: loss = 0.003191,	Top-1 err = 68.300000,	Top-5 err = 40.200000,	train_time = 0.363836
TRAIN Iter 277: loss = 0.003126,	Top-1 err = 65.100000,	Top-5 err = 37.800000,	train_time = 0.386815
TRAIN Iter 278: loss = 0.003137,	Top-1 err = 60.600000,	Top-5 err = 32.800000,	train_time = 0.404311
TRAIN Iter 279: loss = 0.003156,	Top-1 err = 61.700000,	Top-5 err = 35.000000,	train_time = 0.411011
TEST:
Iter 279: loss = 2.044420,	Top-1 err = 51.280000,	Top-5 err = 21.450000,	val_time = 0.741512
TRAIN Iter 280: loss = 0.003132,	Top-1 err = 67.500000,	Top-5 err = 41.000000,	train_time = 0.372210
TRAIN Iter 281: loss = 0.003017,	Top-1 err = 65.100000,	Top-5 err = 36.800000,	train_time = 0.403963
TRAIN Iter 282: loss = 0.003174,	Top-1 err = 68.100000,	Top-5 err = 40.600000,	train_time = 0.404765
TRAIN Iter 283: loss = 0.003220,	Top-1 err = 70.100000,	Top-5 err = 41.000000,	train_time = 0.399683
TRAIN Iter 284: loss = 0.003029,	Top-1 err = 63.000000,	Top-5 err = 34.700000,	train_time = 0.380880
TRAIN Iter 285: loss = 0.003215,	Top-1 err = 70.600000,	Top-5 err = 46.700000,	train_time = 0.364572
TRAIN Iter 286: loss = 0.003257,	Top-1 err = 69.900000,	Top-5 err = 42.700000,	train_time = 0.417922
TRAIN Iter 287: loss = 0.002923,	Top-1 err = 56.900000,	Top-5 err = 29.200000,	train_time = 0.400949
TRAIN Iter 288: loss = 0.003229,	Top-1 err = 67.200000,	Top-5 err = 41.300000,	train_time = 0.401773
TRAIN Iter 289: loss = 0.003049,	Top-1 err = 66.300000,	Top-5 err = 40.100000,	train_time = 0.375935
TEST:
Iter 289: loss = 1.924624,	Top-1 err = 49.980000,	Top-5 err = 20.170000,	val_time = 0.805996
TRAIN Iter 290: loss = 0.003142,	Top-1 err = 61.700000,	Top-5 err = 37.400000,	train_time = 0.380491
TRAIN Iter 291: loss = 0.003148,	Top-1 err = 69.500000,	Top-5 err = 40.900000,	train_time = 0.389108
TRAIN Iter 292: loss = 0.003065,	Top-1 err = 63.500000,	Top-5 err = 38.400000,	train_time = 0.408074
TRAIN Iter 293: loss = 0.003076,	Top-1 err = 62.900000,	Top-5 err = 36.400000,	train_time = 0.401157
TRAIN Iter 294: loss = 0.002981,	Top-1 err = 60.200000,	Top-5 err = 31.900000,	train_time = 0.420536
TRAIN Iter 295: loss = 0.003055,	Top-1 err = 65.000000,	Top-5 err = 39.500000,	train_time = 0.362871
TRAIN Iter 296: loss = 0.003175,	Top-1 err = 69.700000,	Top-5 err = 44.000000,	train_time = 0.405928
TRAIN Iter 297: loss = 0.003132,	Top-1 err = 64.900000,	Top-5 err = 41.000000,	train_time = 0.379132
TRAIN Iter 298: loss = 0.002992,	Top-1 err = 66.700000,	Top-5 err = 40.000000,	train_time = 0.376539
TRAIN Iter 299: loss = 0.003210,	Top-1 err = 65.100000,	Top-5 err = 34.800000,	train_time = 0.397221
TEST:
Iter 299: loss = 1.942309,	Top-1 err = 49.650000,	Top-5 err = 19.970000,	val_time = 0.763130
Train Finish! Best accuracy is 50.35@299
