/home/dvspanos/miniconda3/envs/rded/lib/python3.10/site-packages/torch/cuda/__init__.py:611: UserWarning: Can't initialize NVML
  warnings.warn("Can't initialize NVML")
=> using pytorch pre-trained teacher model 'conv3'
process data from /home/dvspanos/nikos/ca2d/artifacts/rded_sets/cadprune_ipc50
load data successfully
TRAIN Iter 0: loss = 0.018994,	Top-1 err = 96.180000,	Top-5 err = 83.400000,	train_time = 2.075177
TRAIN Iter 1: loss = 0.015841,	Top-1 err = 93.240000,	Top-5 err = 77.280000,	train_time = 1.402272
TRAIN Iter 2: loss = 0.013768,	Top-1 err = 89.500000,	Top-5 err = 69.000000,	train_time = 1.308590
TRAIN Iter 3: loss = 0.011732,	Top-1 err = 86.160000,	Top-5 err = 62.560000,	train_time = 1.301416
TRAIN Iter 4: loss = 0.010734,	Top-1 err = 83.980000,	Top-5 err = 60.540000,	train_time = 1.329042
TRAIN Iter 5: loss = 0.010067,	Top-1 err = 81.360000,	Top-5 err = 55.300000,	train_time = 1.348293
TRAIN Iter 6: loss = 0.009468,	Top-1 err = 79.440000,	Top-5 err = 53.560000,	train_time = 1.249874
TRAIN Iter 7: loss = 0.008745,	Top-1 err = 76.680000,	Top-5 err = 50.040000,	train_time = 1.323957
TRAIN Iter 8: loss = 0.008269,	Top-1 err = 76.860000,	Top-5 err = 50.060000,	train_time = 1.291282
TRAIN Iter 9: loss = 0.007830,	Top-1 err = 75.840000,	Top-5 err = 50.020000,	train_time = 1.363305
TRAIN Iter 10: loss = 0.007586,	Top-1 err = 72.240000,	Top-5 err = 46.480000,	train_time = 1.391383
TRAIN Iter 11: loss = 0.007255,	Top-1 err = 70.160000,	Top-5 err = 43.680000,	train_time = 1.371223
TRAIN Iter 12: loss = 0.006761,	Top-1 err = 71.420000,	Top-5 err = 44.620000,	train_time = 1.407598
TRAIN Iter 13: loss = 0.006603,	Top-1 err = 72.360000,	Top-5 err = 46.760000,	train_time = 1.335704
TRAIN Iter 14: loss = 0.006403,	Top-1 err = 69.820000,	Top-5 err = 42.380000,	train_time = 1.393976
TRAIN Iter 15: loss = 0.006472,	Top-1 err = 70.600000,	Top-5 err = 44.920000,	train_time = 1.319584
TRAIN Iter 16: loss = 0.006100,	Top-1 err = 68.460000,	Top-5 err = 42.420000,	train_time = 1.424870
TRAIN Iter 17: loss = 0.005890,	Top-1 err = 71.440000,	Top-5 err = 46.440000,	train_time = 1.348980
TRAIN Iter 18: loss = 0.005871,	Top-1 err = 65.380000,	Top-5 err = 38.580000,	train_time = 1.317019
TRAIN Iter 19: loss = 0.005653,	Top-1 err = 67.620000,	Top-5 err = 41.260000,	train_time = 1.373085
TRAIN Iter 20: loss = 0.005635,	Top-1 err = 69.100000,	Top-5 err = 42.360000,	train_time = 1.372367
TRAIN Iter 21: loss = 0.005527,	Top-1 err = 65.840000,	Top-5 err = 39.680000,	train_time = 1.380695
TRAIN Iter 22: loss = 0.005493,	Top-1 err = 65.780000,	Top-5 err = 38.960000,	train_time = 1.345408
TRAIN Iter 23: loss = 0.005335,	Top-1 err = 69.460000,	Top-5 err = 43.780000,	train_time = 1.402612
TRAIN Iter 24: loss = 0.005318,	Top-1 err = 64.020000,	Top-5 err = 37.800000,	train_time = 1.381660
TRAIN Iter 25: loss = 0.005115,	Top-1 err = 66.800000,	Top-5 err = 42.000000,	train_time = 1.324988
TRAIN Iter 26: loss = 0.005034,	Top-1 err = 65.980000,	Top-5 err = 41.240000,	train_time = 1.388287
TRAIN Iter 27: loss = 0.005056,	Top-1 err = 65.020000,	Top-5 err = 38.360000,	train_time = 1.371361
TRAIN Iter 28: loss = 0.004995,	Top-1 err = 64.360000,	Top-5 err = 39.000000,	train_time = 1.286913
TRAIN Iter 29: loss = 0.004900,	Top-1 err = 62.940000,	Top-5 err = 36.840000,	train_time = 1.294609
TRAIN Iter 30: loss = 0.004824,	Top-1 err = 64.460000,	Top-5 err = 38.260000,	train_time = 1.331779
TRAIN Iter 31: loss = 0.004764,	Top-1 err = 64.140000,	Top-5 err = 38.860000,	train_time = 1.298764
TRAIN Iter 32: loss = 0.004838,	Top-1 err = 61.960000,	Top-5 err = 36.400000,	train_time = 1.390240
TRAIN Iter 33: loss = 0.004713,	Top-1 err = 62.760000,	Top-5 err = 37.180000,	train_time = 1.416990
TRAIN Iter 34: loss = 0.004670,	Top-1 err = 66.580000,	Top-5 err = 41.980000,	train_time = 1.364397
TRAIN Iter 35: loss = 0.004634,	Top-1 err = 63.620000,	Top-5 err = 38.400000,	train_time = 1.275861
TRAIN Iter 36: loss = 0.004479,	Top-1 err = 65.880000,	Top-5 err = 40.440000,	train_time = 1.380445
TRAIN Iter 37: loss = 0.004570,	Top-1 err = 66.160000,	Top-5 err = 42.420000,	train_time = 1.302646
TRAIN Iter 38: loss = 0.004342,	Top-1 err = 60.760000,	Top-5 err = 36.700000,	train_time = 1.354337
TRAIN Iter 39: loss = 0.004454,	Top-1 err = 63.820000,	Top-5 err = 37.620000,	train_time = 1.440108
TRAIN Iter 40: loss = 0.004408,	Top-1 err = 62.400000,	Top-5 err = 36.520000,	train_time = 1.351922
TRAIN Iter 41: loss = 0.004365,	Top-1 err = 63.280000,	Top-5 err = 39.480000,	train_time = 1.367942
TRAIN Iter 42: loss = 0.004278,	Top-1 err = 58.420000,	Top-5 err = 34.040000,	train_time = 1.407101
TRAIN Iter 43: loss = 0.004227,	Top-1 err = 62.480000,	Top-5 err = 37.400000,	train_time = 1.376257
TRAIN Iter 44: loss = 0.004226,	Top-1 err = 63.120000,	Top-5 err = 37.700000,	train_time = 1.333101
TRAIN Iter 45: loss = 0.004193,	Top-1 err = 63.320000,	Top-5 err = 36.880000,	train_time = 1.401860
TRAIN Iter 46: loss = 0.004192,	Top-1 err = 62.700000,	Top-5 err = 38.920000,	train_time = 1.365067
TRAIN Iter 47: loss = 0.004164,	Top-1 err = 62.820000,	Top-5 err = 38.960000,	train_time = 1.360259
TRAIN Iter 48: loss = 0.004070,	Top-1 err = 61.120000,	Top-5 err = 36.960000,	train_time = 1.358573
TRAIN Iter 49: loss = 0.004120,	Top-1 err = 59.420000,	Top-5 err = 34.640000,	train_time = 1.420253
TRAIN Iter 50: loss = 0.003997,	Top-1 err = 61.600000,	Top-5 err = 36.960000,	train_time = 1.300233
TRAIN Iter 51: loss = 0.004011,	Top-1 err = 63.300000,	Top-5 err = 39.240000,	train_time = 1.421857
TRAIN Iter 52: loss = 0.004017,	Top-1 err = 63.560000,	Top-5 err = 38.900000,	train_time = 1.437152
TRAIN Iter 53: loss = 0.003907,	Top-1 err = 61.940000,	Top-5 err = 36.980000,	train_time = 1.319523
TRAIN Iter 54: loss = 0.003929,	Top-1 err = 60.880000,	Top-5 err = 35.660000,	train_time = 1.408025
TRAIN Iter 55: loss = 0.003954,	Top-1 err = 60.760000,	Top-5 err = 37.200000,	train_time = 1.431057
TRAIN Iter 56: loss = 0.003853,	Top-1 err = 62.600000,	Top-5 err = 38.500000,	train_time = 1.322031
TRAIN Iter 57: loss = 0.003854,	Top-1 err = 63.540000,	Top-5 err = 38.340000,	train_time = 1.310113
TRAIN Iter 58: loss = 0.003827,	Top-1 err = 60.360000,	Top-5 err = 35.560000,	train_time = 1.334952
TRAIN Iter 59: loss = 0.003806,	Top-1 err = 63.040000,	Top-5 err = 38.400000,	train_time = 1.281535
TRAIN Iter 60: loss = 0.003870,	Top-1 err = 62.940000,	Top-5 err = 37.340000,	train_time = 1.347206
TRAIN Iter 61: loss = 0.003753,	Top-1 err = 61.720000,	Top-5 err = 36.720000,	train_time = 1.316950
TRAIN Iter 62: loss = 0.003714,	Top-1 err = 62.220000,	Top-5 err = 38.580000,	train_time = 1.391268
TRAIN Iter 63: loss = 0.003719,	Top-1 err = 62.280000,	Top-5 err = 36.440000,	train_time = 1.381817
TRAIN Iter 64: loss = 0.003707,	Top-1 err = 59.700000,	Top-5 err = 35.120000,	train_time = 1.385708
TRAIN Iter 65: loss = 0.003718,	Top-1 err = 60.940000,	Top-5 err = 37.100000,	train_time = 1.355018
TRAIN Iter 66: loss = 0.003647,	Top-1 err = 62.700000,	Top-5 err = 38.520000,	train_time = 1.318744
TRAIN Iter 67: loss = 0.003621,	Top-1 err = 63.340000,	Top-5 err = 38.980000,	train_time = 1.321639
TRAIN Iter 68: loss = 0.003615,	Top-1 err = 64.060000,	Top-5 err = 38.460000,	train_time = 1.355898
TRAIN Iter 69: loss = 0.003598,	Top-1 err = 59.680000,	Top-5 err = 35.060000,	train_time = 1.323589
TRAIN Iter 70: loss = 0.003543,	Top-1 err = 61.080000,	Top-5 err = 36.320000,	train_time = 1.337171
TRAIN Iter 71: loss = 0.003496,	Top-1 err = 62.700000,	Top-5 err = 39.020000,	train_time = 1.447158
TRAIN Iter 72: loss = 0.003451,	Top-1 err = 62.800000,	Top-5 err = 37.080000,	train_time = 1.310305
TRAIN Iter 73: loss = 0.003467,	Top-1 err = 60.300000,	Top-5 err = 34.600000,	train_time = 1.372895
TRAIN Iter 74: loss = 0.003538,	Top-1 err = 59.580000,	Top-5 err = 35.440000,	train_time = 1.405648
TRAIN Iter 75: loss = 0.003505,	Top-1 err = 63.440000,	Top-5 err = 38.180000,	train_time = 1.440610
TRAIN Iter 76: loss = 0.003439,	Top-1 err = 61.580000,	Top-5 err = 37.100000,	train_time = 1.332613
TRAIN Iter 77: loss = 0.003411,	Top-1 err = 61.960000,	Top-5 err = 36.760000,	train_time = 1.365345
TRAIN Iter 78: loss = 0.003405,	Top-1 err = 63.440000,	Top-5 err = 39.040000,	train_time = 1.421656
TRAIN Iter 79: loss = 0.003348,	Top-1 err = 61.100000,	Top-5 err = 36.300000,	train_time = 1.328977
TRAIN Iter 80: loss = 0.003425,	Top-1 err = 63.120000,	Top-5 err = 38.360000,	train_time = 1.380901
TRAIN Iter 81: loss = 0.003367,	Top-1 err = 59.940000,	Top-5 err = 34.980000,	train_time = 1.349777
TRAIN Iter 82: loss = 0.003336,	Top-1 err = 61.680000,	Top-5 err = 37.400000,	train_time = 1.319832
TRAIN Iter 83: loss = 0.003295,	Top-1 err = 64.060000,	Top-5 err = 39.740000,	train_time = 1.412800
TRAIN Iter 84: loss = 0.003312,	Top-1 err = 57.840000,	Top-5 err = 32.380000,	train_time = 1.369132
TRAIN Iter 85: loss = 0.003254,	Top-1 err = 61.000000,	Top-5 err = 37.880000,	train_time = 1.377025
TRAIN Iter 86: loss = 0.003241,	Top-1 err = 61.100000,	Top-5 err = 38.120000,	train_time = 1.374184
TRAIN Iter 87: loss = 0.003322,	Top-1 err = 60.620000,	Top-5 err = 37.880000,	train_time = 1.362087
TRAIN Iter 88: loss = 0.003250,	Top-1 err = 64.060000,	Top-5 err = 40.640000,	train_time = 1.345807
TRAIN Iter 89: loss = 0.003259,	Top-1 err = 62.040000,	Top-5 err = 38.860000,	train_time = 1.368577
TRAIN Iter 90: loss = 0.003229,	Top-1 err = 62.140000,	Top-5 err = 38.360000,	train_time = 1.368745
TRAIN Iter 91: loss = 0.003171,	Top-1 err = 59.760000,	Top-5 err = 36.340000,	train_time = 1.394309
TRAIN Iter 92: loss = 0.003157,	Top-1 err = 62.820000,	Top-5 err = 39.240000,	train_time = 1.267924
TRAIN Iter 93: loss = 0.003130,	Top-1 err = 64.920000,	Top-5 err = 40.020000,	train_time = 1.357086
TRAIN Iter 94: loss = 0.003161,	Top-1 err = 59.400000,	Top-5 err = 34.740000,	train_time = 1.378153
TRAIN Iter 95: loss = 0.003091,	Top-1 err = 61.740000,	Top-5 err = 37.980000,	train_time = 1.328835
TRAIN Iter 96: loss = 0.003145,	Top-1 err = 60.920000,	Top-5 err = 37.260000,	train_time = 1.299373
TRAIN Iter 97: loss = 0.003087,	Top-1 err = 61.540000,	Top-5 err = 37.080000,	train_time = 1.355082
TRAIN Iter 98: loss = 0.003119,	Top-1 err = 62.620000,	Top-5 err = 38.920000,	train_time = 1.284024
TRAIN Iter 99: loss = 0.003121,	Top-1 err = 61.040000,	Top-5 err = 37.240000,	train_time = 1.369657
TRAIN Iter 100: loss = 0.003067,	Top-1 err = 59.620000,	Top-5 err = 35.540000,	train_time = 1.390648
TRAIN Iter 101: loss = 0.003066,	Top-1 err = 60.800000,	Top-5 err = 37.300000,	train_time = 1.408811
TRAIN Iter 102: loss = 0.002939,	Top-1 err = 60.160000,	Top-5 err = 37.040000,	train_time = 1.338999
TRAIN Iter 103: loss = 0.002969,	Top-1 err = 61.480000,	Top-5 err = 36.520000,	train_time = 1.410762
TRAIN Iter 104: loss = 0.003007,	Top-1 err = 59.140000,	Top-5 err = 35.680000,	train_time = 1.410331
TRAIN Iter 105: loss = 0.002965,	Top-1 err = 61.000000,	Top-5 err = 38.020000,	train_time = 1.307044
TRAIN Iter 106: loss = 0.002928,	Top-1 err = 62.040000,	Top-5 err = 38.140000,	train_time = 1.315734
TRAIN Iter 107: loss = 0.002934,	Top-1 err = 55.300000,	Top-5 err = 30.820000,	train_time = 1.394768
TRAIN Iter 108: loss = 0.002888,	Top-1 err = 58.980000,	Top-5 err = 34.500000,	train_time = 1.321332
TRAIN Iter 109: loss = 0.002916,	Top-1 err = 61.440000,	Top-5 err = 39.480000,	train_time = 1.380177
TRAIN Iter 110: loss = 0.002864,	Top-1 err = 59.140000,	Top-5 err = 35.640000,	train_time = 1.363488
TRAIN Iter 111: loss = 0.002865,	Top-1 err = 60.440000,	Top-5 err = 35.940000,	train_time = 1.351414
TRAIN Iter 112: loss = 0.002905,	Top-1 err = 60.740000,	Top-5 err = 35.700000,	train_time = 1.422172
TRAIN Iter 113: loss = 0.002902,	Top-1 err = 60.860000,	Top-5 err = 37.440000,	train_time = 1.262566
TRAIN Iter 114: loss = 0.002865,	Top-1 err = 59.240000,	Top-5 err = 35.980000,	train_time = 1.378802
TRAIN Iter 115: loss = 0.002861,	Top-1 err = 60.420000,	Top-5 err = 36.020000,	train_time = 1.415373
TRAIN Iter 116: loss = 0.002810,	Top-1 err = 60.360000,	Top-5 err = 36.960000,	train_time = 1.278154
TRAIN Iter 117: loss = 0.002841,	Top-1 err = 60.160000,	Top-5 err = 37.040000,	train_time = 1.355871
TRAIN Iter 118: loss = 0.002834,	Top-1 err = 59.380000,	Top-5 err = 35.920000,	train_time = 1.411814
TRAIN Iter 119: loss = 0.002824,	Top-1 err = 59.740000,	Top-5 err = 35.500000,	train_time = 1.398381
TRAIN Iter 120: loss = 0.002785,	Top-1 err = 61.560000,	Top-5 err = 38.340000,	train_time = 1.348549
TRAIN Iter 121: loss = 0.002830,	Top-1 err = 59.700000,	Top-5 err = 36.300000,	train_time = 1.309287
TRAIN Iter 122: loss = 0.002696,	Top-1 err = 57.980000,	Top-5 err = 34.600000,	train_time = 1.289876
TRAIN Iter 123: loss = 0.002806,	Top-1 err = 63.060000,	Top-5 err = 39.460000,	train_time = 1.385543
TRAIN Iter 124: loss = 0.002763,	Top-1 err = 59.200000,	Top-5 err = 33.960000,	train_time = 1.321244
TRAIN Iter 125: loss = 0.002702,	Top-1 err = 56.500000,	Top-5 err = 33.040000,	train_time = 1.344471
TRAIN Iter 126: loss = 0.002688,	Top-1 err = 58.100000,	Top-5 err = 33.140000,	train_time = 1.367478
TRAIN Iter 127: loss = 0.002671,	Top-1 err = 58.080000,	Top-5 err = 34.080000,	train_time = 1.408023
TRAIN Iter 128: loss = 0.002659,	Top-1 err = 57.940000,	Top-5 err = 34.960000,	train_time = 1.463941
TRAIN Iter 129: loss = 0.002661,	Top-1 err = 59.640000,	Top-5 err = 34.720000,	train_time = 1.295785
TRAIN Iter 130: loss = 0.002615,	Top-1 err = 59.300000,	Top-5 err = 35.020000,	train_time = 1.347642
TRAIN Iter 131: loss = 0.002629,	Top-1 err = 58.320000,	Top-5 err = 33.820000,	train_time = 1.359535
TRAIN Iter 132: loss = 0.002662,	Top-1 err = 58.060000,	Top-5 err = 34.660000,	train_time = 1.328813
TRAIN Iter 133: loss = 0.002624,	Top-1 err = 59.660000,	Top-5 err = 34.560000,	train_time = 1.377707
TRAIN Iter 134: loss = 0.002602,	Top-1 err = 59.960000,	Top-5 err = 35.580000,	train_time = 1.386040
TRAIN Iter 135: loss = 0.002570,	Top-1 err = 59.180000,	Top-5 err = 36.160000,	train_time = 1.319408
TRAIN Iter 136: loss = 0.002605,	Top-1 err = 60.560000,	Top-5 err = 37.060000,	train_time = 1.310985
TRAIN Iter 137: loss = 0.002570,	Top-1 err = 57.360000,	Top-5 err = 33.160000,	train_time = 1.371088
TRAIN Iter 138: loss = 0.002557,	Top-1 err = 60.380000,	Top-5 err = 35.460000,	train_time = 1.383237
TRAIN Iter 139: loss = 0.002564,	Top-1 err = 58.900000,	Top-5 err = 34.660000,	train_time = 1.309139
TRAIN Iter 140: loss = 0.002598,	Top-1 err = 62.580000,	Top-5 err = 39.580000,	train_time = 1.326225
TRAIN Iter 141: loss = 0.002500,	Top-1 err = 58.620000,	Top-5 err = 32.940000,	train_time = 1.355479
TRAIN Iter 142: loss = 0.002608,	Top-1 err = 59.080000,	Top-5 err = 35.140000,	train_time = 1.436659
TRAIN Iter 143: loss = 0.002552,	Top-1 err = 57.900000,	Top-5 err = 34.540000,	train_time = 1.336414
TRAIN Iter 144: loss = 0.002495,	Top-1 err = 58.620000,	Top-5 err = 35.600000,	train_time = 1.361907
TRAIN Iter 145: loss = 0.002559,	Top-1 err = 59.680000,	Top-5 err = 35.700000,	train_time = 1.397006
TRAIN Iter 146: loss = 0.002545,	Top-1 err = 59.620000,	Top-5 err = 37.480000,	train_time = 1.391734
TRAIN Iter 147: loss = 0.002511,	Top-1 err = 59.100000,	Top-5 err = 34.800000,	train_time = 1.339345
TRAIN Iter 148: loss = 0.002494,	Top-1 err = 61.000000,	Top-5 err = 36.840000,	train_time = 1.325475
TRAIN Iter 149: loss = 0.002495,	Top-1 err = 58.660000,	Top-5 err = 34.880000,	train_time = 1.378585
TRAIN Iter 150: loss = 0.002417,	Top-1 err = 58.540000,	Top-5 err = 34.360000,	train_time = 1.420630
TRAIN Iter 151: loss = 0.002461,	Top-1 err = 58.900000,	Top-5 err = 36.080000,	train_time = 1.337781
TRAIN Iter 152: loss = 0.002508,	Top-1 err = 60.240000,	Top-5 err = 36.660000,	train_time = 1.317379
TRAIN Iter 153: loss = 0.002423,	Top-1 err = 58.900000,	Top-5 err = 35.060000,	train_time = 1.339685
TRAIN Iter 154: loss = 0.002454,	Top-1 err = 59.400000,	Top-5 err = 35.660000,	train_time = 1.393658
TRAIN Iter 155: loss = 0.002409,	Top-1 err = 60.360000,	Top-5 err = 36.460000,	train_time = 1.369700
TRAIN Iter 156: loss = 0.002363,	Top-1 err = 61.480000,	Top-5 err = 37.000000,	train_time = 1.319274
TRAIN Iter 157: loss = 0.002391,	Top-1 err = 59.040000,	Top-5 err = 36.340000,	train_time = 1.330328
TRAIN Iter 158: loss = 0.002443,	Top-1 err = 58.600000,	Top-5 err = 34.060000,	train_time = 1.381976
TRAIN Iter 159: loss = 0.002402,	Top-1 err = 58.680000,	Top-5 err = 34.980000,	train_time = 1.329462
TRAIN Iter 160: loss = 0.002375,	Top-1 err = 57.400000,	Top-5 err = 33.340000,	train_time = 1.355999
TRAIN Iter 161: loss = 0.002404,	Top-1 err = 57.380000,	Top-5 err = 33.480000,	train_time = 1.307762
TRAIN Iter 162: loss = 0.002422,	Top-1 err = 60.840000,	Top-5 err = 36.480000,	train_time = 1.409122
TRAIN Iter 163: loss = 0.002351,	Top-1 err = 57.000000,	Top-5 err = 33.800000,	train_time = 1.346110
TRAIN Iter 164: loss = 0.002329,	Top-1 err = 58.680000,	Top-5 err = 34.600000,	train_time = 1.386166
TRAIN Iter 165: loss = 0.002307,	Top-1 err = 58.320000,	Top-5 err = 35.580000,	train_time = 1.388871
TRAIN Iter 166: loss = 0.002336,	Top-1 err = 58.120000,	Top-5 err = 33.840000,	train_time = 1.350235
TRAIN Iter 167: loss = 0.002340,	Top-1 err = 58.220000,	Top-5 err = 33.700000,	train_time = 1.408277
TRAIN Iter 168: loss = 0.002299,	Top-1 err = 58.480000,	Top-5 err = 35.060000,	train_time = 1.359784
TRAIN Iter 169: loss = 0.002311,	Top-1 err = 60.120000,	Top-5 err = 36.740000,	train_time = 1.331601
TRAIN Iter 170: loss = 0.002347,	Top-1 err = 60.380000,	Top-5 err = 36.100000,	train_time = 1.388952
TRAIN Iter 171: loss = 0.002356,	Top-1 err = 60.420000,	Top-5 err = 36.960000,	train_time = 1.376758
TRAIN Iter 172: loss = 0.002304,	Top-1 err = 53.660000,	Top-5 err = 29.760000,	train_time = 1.307385
TRAIN Iter 173: loss = 0.002339,	Top-1 err = 60.600000,	Top-5 err = 37.120000,	train_time = 1.379631
TRAIN Iter 174: loss = 0.002417,	Top-1 err = 59.960000,	Top-5 err = 36.900000,	train_time = 1.374195
TRAIN Iter 175: loss = 0.002341,	Top-1 err = 61.340000,	Top-5 err = 37.180000,	train_time = 1.373092
TRAIN Iter 176: loss = 0.002276,	Top-1 err = 58.180000,	Top-5 err = 34.680000,	train_time = 1.227115
TRAIN Iter 177: loss = 0.002265,	Top-1 err = 58.060000,	Top-5 err = 35.420000,	train_time = 1.335921
TRAIN Iter 178: loss = 0.002267,	Top-1 err = 61.000000,	Top-5 err = 35.820000,	train_time = 1.328603
TRAIN Iter 179: loss = 0.002246,	Top-1 err = 60.060000,	Top-5 err = 36.620000,	train_time = 1.378426
TRAIN Iter 180: loss = 0.002227,	Top-1 err = 58.040000,	Top-5 err = 34.300000,	train_time = 1.407923
TRAIN Iter 181: loss = 0.002228,	Top-1 err = 59.600000,	Top-5 err = 36.460000,	train_time = 1.344244
TRAIN Iter 182: loss = 0.002229,	Top-1 err = 59.820000,	Top-5 err = 36.340000,	train_time = 1.366564
TRAIN Iter 183: loss = 0.002231,	Top-1 err = 59.920000,	Top-5 err = 37.280000,	train_time = 1.409546
TRAIN Iter 184: loss = 0.002204,	Top-1 err = 59.920000,	Top-5 err = 36.860000,	train_time = 1.303154
TRAIN Iter 185: loss = 0.002240,	Top-1 err = 59.920000,	Top-5 err = 36.220000,	train_time = 1.308401
TRAIN Iter 186: loss = 0.002198,	Top-1 err = 59.540000,	Top-5 err = 36.360000,	train_time = 1.353033
TRAIN Iter 187: loss = 0.002221,	Top-1 err = 62.160000,	Top-5 err = 39.400000,	train_time = 1.369745
TRAIN Iter 188: loss = 0.002211,	Top-1 err = 57.520000,	Top-5 err = 34.960000,	train_time = 1.294424
TRAIN Iter 189: loss = 0.002234,	Top-1 err = 60.040000,	Top-5 err = 37.600000,	train_time = 1.355910
TRAIN Iter 190: loss = 0.002205,	Top-1 err = 59.040000,	Top-5 err = 34.620000,	train_time = 1.370316
TRAIN Iter 191: loss = 0.002163,	Top-1 err = 58.480000,	Top-5 err = 35.720000,	train_time = 1.354787
TRAIN Iter 192: loss = 0.002156,	Top-1 err = 58.500000,	Top-5 err = 34.780000,	train_time = 1.365743
TRAIN Iter 193: loss = 0.002195,	Top-1 err = 57.540000,	Top-5 err = 33.720000,	train_time = 1.383892
TRAIN Iter 194: loss = 0.002187,	Top-1 err = 58.920000,	Top-5 err = 35.900000,	train_time = 1.355722
TRAIN Iter 195: loss = 0.002122,	Top-1 err = 61.280000,	Top-5 err = 37.780000,	train_time = 1.390032
TRAIN Iter 196: loss = 0.002156,	Top-1 err = 55.900000,	Top-5 err = 32.460000,	train_time = 1.422352
TRAIN Iter 197: loss = 0.002141,	Top-1 err = 59.300000,	Top-5 err = 34.500000,	train_time = 1.336627
TRAIN Iter 198: loss = 0.002090,	Top-1 err = 57.900000,	Top-5 err = 34.420000,	train_time = 1.337218
TRAIN Iter 199: loss = 0.002106,	Top-1 err = 64.920000,	Top-5 err = 40.640000,	train_time = 1.293879
TRAIN Iter 200: loss = 0.002145,	Top-1 err = 58.200000,	Top-5 err = 34.320000,	train_time = 1.382843
TRAIN Iter 201: loss = 0.002143,	Top-1 err = 58.440000,	Top-5 err = 35.840000,	train_time = 1.376080
TRAIN Iter 202: loss = 0.002145,	Top-1 err = 59.580000,	Top-5 err = 36.560000,	train_time = 1.351448
TRAIN Iter 203: loss = 0.002108,	Top-1 err = 56.700000,	Top-5 err = 33.600000,	train_time = 1.351925
TRAIN Iter 204: loss = 0.002105,	Top-1 err = 55.440000,	Top-5 err = 31.800000,	train_time = 1.357459
TRAIN Iter 205: loss = 0.002074,	Top-1 err = 58.340000,	Top-5 err = 34.400000,	train_time = 1.362446
TRAIN Iter 206: loss = 0.002142,	Top-1 err = 59.520000,	Top-5 err = 35.420000,	train_time = 1.368376
TRAIN Iter 207: loss = 0.002074,	Top-1 err = 58.220000,	Top-5 err = 34.680000,	train_time = 1.450929
TRAIN Iter 208: loss = 0.002079,	Top-1 err = 56.940000,	Top-5 err = 32.460000,	train_time = 1.367885
TRAIN Iter 209: loss = 0.002040,	Top-1 err = 56.600000,	Top-5 err = 33.160000,	train_time = 1.363098
TRAIN Iter 210: loss = 0.002077,	Top-1 err = 61.080000,	Top-5 err = 37.520000,	train_time = 1.388854
TRAIN Iter 211: loss = 0.002058,	Top-1 err = 61.760000,	Top-5 err = 37.620000,	train_time = 1.407592
TRAIN Iter 212: loss = 0.002041,	Top-1 err = 56.460000,	Top-5 err = 32.300000,	train_time = 1.388972
TRAIN Iter 213: loss = 0.002086,	Top-1 err = 59.440000,	Top-5 err = 34.840000,	train_time = 1.377636
TRAIN Iter 214: loss = 0.002090,	Top-1 err = 55.620000,	Top-5 err = 31.340000,	train_time = 1.389714
TRAIN Iter 215: loss = 0.002079,	Top-1 err = 56.940000,	Top-5 err = 33.780000,	train_time = 1.379065
TRAIN Iter 216: loss = 0.002072,	Top-1 err = 58.500000,	Top-5 err = 35.860000,	train_time = 1.358150
TRAIN Iter 217: loss = 0.002020,	Top-1 err = 57.840000,	Top-5 err = 33.380000,	train_time = 1.388113
TRAIN Iter 218: loss = 0.002054,	Top-1 err = 58.160000,	Top-5 err = 34.040000,	train_time = 1.349541
TRAIN Iter 219: loss = 0.002038,	Top-1 err = 57.140000,	Top-5 err = 33.740000,	train_time = 1.370548
TRAIN Iter 220: loss = 0.002049,	Top-1 err = 56.020000,	Top-5 err = 33.640000,	train_time = 1.325610
TRAIN Iter 221: loss = 0.002054,	Top-1 err = 59.120000,	Top-5 err = 36.280000,	train_time = 1.354503
TRAIN Iter 222: loss = 0.002012,	Top-1 err = 56.860000,	Top-5 err = 33.480000,	train_time = 1.328388
TRAIN Iter 223: loss = 0.001995,	Top-1 err = 61.520000,	Top-5 err = 36.680000,	train_time = 1.382043
TRAIN Iter 224: loss = 0.002056,	Top-1 err = 56.120000,	Top-5 err = 32.720000,	train_time = 1.445055
TRAIN Iter 225: loss = 0.002010,	Top-1 err = 57.860000,	Top-5 err = 34.620000,	train_time = 1.348719
TRAIN Iter 226: loss = 0.001987,	Top-1 err = 60.120000,	Top-5 err = 36.400000,	train_time = 1.420093
TRAIN Iter 227: loss = 0.002018,	Top-1 err = 56.440000,	Top-5 err = 31.560000,	train_time = 1.378535
TRAIN Iter 228: loss = 0.002012,	Top-1 err = 56.880000,	Top-5 err = 33.880000,	train_time = 1.277529
TRAIN Iter 229: loss = 0.001995,	Top-1 err = 59.560000,	Top-5 err = 35.720000,	train_time = 1.390596
TRAIN Iter 230: loss = 0.002010,	Top-1 err = 62.020000,	Top-5 err = 38.900000,	train_time = 1.351355
TRAIN Iter 231: loss = 0.001996,	Top-1 err = 58.620000,	Top-5 err = 35.820000,	train_time = 1.355088
TRAIN Iter 232: loss = 0.002009,	Top-1 err = 61.860000,	Top-5 err = 38.440000,	train_time = 1.390486
TRAIN Iter 233: loss = 0.001972,	Top-1 err = 58.460000,	Top-5 err = 35.760000,	train_time = 1.364747
TRAIN Iter 234: loss = 0.001991,	Top-1 err = 59.160000,	Top-5 err = 35.260000,	train_time = 1.386608
TRAIN Iter 235: loss = 0.001960,	Top-1 err = 57.940000,	Top-5 err = 34.780000,	train_time = 1.388609
TRAIN Iter 236: loss = 0.001972,	Top-1 err = 60.000000,	Top-5 err = 35.840000,	train_time = 1.392722
TRAIN Iter 237: loss = 0.001942,	Top-1 err = 57.120000,	Top-5 err = 32.440000,	train_time = 1.396825
TRAIN Iter 238: loss = 0.001999,	Top-1 err = 60.620000,	Top-5 err = 36.620000,	train_time = 1.334775
TRAIN Iter 239: loss = 0.001897,	Top-1 err = 60.640000,	Top-5 err = 36.780000,	train_time = 1.377779
TRAIN Iter 240: loss = 0.001953,	Top-1 err = 58.280000,	Top-5 err = 35.920000,	train_time = 1.314893
TRAIN Iter 241: loss = 0.001917,	Top-1 err = 59.480000,	Top-5 err = 36.320000,	train_time = 1.381174
TRAIN Iter 242: loss = 0.001972,	Top-1 err = 61.140000,	Top-5 err = 38.320000,	train_time = 1.389134
TRAIN Iter 243: loss = 0.001894,	Top-1 err = 56.460000,	Top-5 err = 33.060000,	train_time = 1.287518
TRAIN Iter 244: loss = 0.001935,	Top-1 err = 58.260000,	Top-5 err = 33.960000,	train_time = 1.368955
TRAIN Iter 245: loss = 0.001945,	Top-1 err = 57.200000,	Top-5 err = 33.980000,	train_time = 1.339602
TRAIN Iter 246: loss = 0.001909,	Top-1 err = 56.460000,	Top-5 err = 33.480000,	train_time = 1.366168
TRAIN Iter 247: loss = 0.001923,	Top-1 err = 61.040000,	Top-5 err = 39.080000,	train_time = 1.420998
TRAIN Iter 248: loss = 0.001973,	Top-1 err = 58.780000,	Top-5 err = 35.860000,	train_time = 1.380881
TRAIN Iter 249: loss = 0.001884,	Top-1 err = 60.880000,	Top-5 err = 37.620000,	train_time = 1.341908
TEST:
Iter 249: loss = 1.681827,	Top-1 err = 42.560000,	Top-5 err = 16.370000,	val_time = 0.808230
TRAIN Iter 250: loss = 0.001914,	Top-1 err = 57.660000,	Top-5 err = 34.240000,	train_time = 1.345932
TRAIN Iter 251: loss = 0.001996,	Top-1 err = 60.420000,	Top-5 err = 36.220000,	train_time = 1.374262
TRAIN Iter 252: loss = 0.001911,	Top-1 err = 59.780000,	Top-5 err = 37.200000,	train_time = 1.398571
TRAIN Iter 253: loss = 0.001912,	Top-1 err = 59.360000,	Top-5 err = 34.380000,	train_time = 1.309114
TRAIN Iter 254: loss = 0.001928,	Top-1 err = 61.160000,	Top-5 err = 38.040000,	train_time = 1.319597
TRAIN Iter 255: loss = 0.001891,	Top-1 err = 57.960000,	Top-5 err = 35.140000,	train_time = 1.310521
TRAIN Iter 256: loss = 0.001877,	Top-1 err = 59.580000,	Top-5 err = 35.500000,	train_time = 1.330098
TRAIN Iter 257: loss = 0.001874,	Top-1 err = 59.120000,	Top-5 err = 35.820000,	train_time = 1.375057
TRAIN Iter 258: loss = 0.001884,	Top-1 err = 56.980000,	Top-5 err = 33.840000,	train_time = 1.356407
TRAIN Iter 259: loss = 0.001887,	Top-1 err = 57.740000,	Top-5 err = 34.860000,	train_time = 1.335318
TEST:
Iter 259: loss = 1.691292,	Top-1 err = 42.910000,	Top-5 err = 16.300000,	val_time = 0.690621
TRAIN Iter 260: loss = 0.001812,	Top-1 err = 55.160000,	Top-5 err = 32.780000,	train_time = 1.358054
TRAIN Iter 261: loss = 0.001868,	Top-1 err = 59.120000,	Top-5 err = 35.320000,	train_time = 1.320904
TRAIN Iter 262: loss = 0.001849,	Top-1 err = 56.900000,	Top-5 err = 33.660000,	train_time = 1.412165
TRAIN Iter 263: loss = 0.001872,	Top-1 err = 58.600000,	Top-5 err = 36.440000,	train_time = 1.348468
TRAIN Iter 264: loss = 0.001848,	Top-1 err = 60.220000,	Top-5 err = 35.280000,	train_time = 1.390397
TRAIN Iter 265: loss = 0.001866,	Top-1 err = 57.340000,	Top-5 err = 33.880000,	train_time = 1.263039
TRAIN Iter 266: loss = 0.001875,	Top-1 err = 60.380000,	Top-5 err = 37.540000,	train_time = 1.347201
TRAIN Iter 267: loss = 0.001812,	Top-1 err = 57.880000,	Top-5 err = 34.880000,	train_time = 1.365115
TRAIN Iter 268: loss = 0.001758,	Top-1 err = 57.060000,	Top-5 err = 32.580000,	train_time = 1.396443
TRAIN Iter 269: loss = 0.001852,	Top-1 err = 57.700000,	Top-5 err = 35.020000,	train_time = 1.326036
TEST:
Iter 269: loss = 1.763848,	Top-1 err = 43.850000,	Top-5 err = 16.850000,	val_time = 0.757255
TRAIN Iter 270: loss = 0.001853,	Top-1 err = 56.860000,	Top-5 err = 33.700000,	train_time = 1.398660
TRAIN Iter 271: loss = 0.001813,	Top-1 err = 54.320000,	Top-5 err = 30.760000,	train_time = 1.471097
TRAIN Iter 272: loss = 0.001812,	Top-1 err = 59.000000,	Top-5 err = 35.680000,	train_time = 1.453084
TRAIN Iter 273: loss = 0.001835,	Top-1 err = 58.560000,	Top-5 err = 34.880000,	train_time = 1.419627
TRAIN Iter 274: loss = 0.001791,	Top-1 err = 57.560000,	Top-5 err = 33.900000,	train_time = 1.418187
TRAIN Iter 275: loss = 0.001822,	Top-1 err = 57.360000,	Top-5 err = 33.940000,	train_time = 1.286345
TRAIN Iter 276: loss = 0.001833,	Top-1 err = 57.320000,	Top-5 err = 35.460000,	train_time = 1.365173
TRAIN Iter 277: loss = 0.001782,	Top-1 err = 63.260000,	Top-5 err = 39.880000,	train_time = 1.368172
TRAIN Iter 278: loss = 0.001817,	Top-1 err = 59.920000,	Top-5 err = 36.180000,	train_time = 1.359339
TRAIN Iter 279: loss = 0.001804,	Top-1 err = 59.580000,	Top-5 err = 36.960000,	train_time = 1.383588
TEST:
Iter 279: loss = 1.654930,	Top-1 err = 41.950000,	Top-5 err = 15.880000,	val_time = 0.728670
TRAIN Iter 280: loss = 0.001785,	Top-1 err = 57.980000,	Top-5 err = 34.140000,	train_time = 1.388832
TRAIN Iter 281: loss = 0.001730,	Top-1 err = 58.980000,	Top-5 err = 34.620000,	train_time = 1.355962
TRAIN Iter 282: loss = 0.001786,	Top-1 err = 57.700000,	Top-5 err = 34.260000,	train_time = 1.324656
TRAIN Iter 283: loss = 0.001778,	Top-1 err = 58.720000,	Top-5 err = 35.460000,	train_time = 1.321763
TRAIN Iter 284: loss = 0.001753,	Top-1 err = 58.700000,	Top-5 err = 35.640000,	train_time = 1.391136
TRAIN Iter 285: loss = 0.001786,	Top-1 err = 60.480000,	Top-5 err = 37.580000,	train_time = 1.391203
TRAIN Iter 286: loss = 0.001756,	Top-1 err = 58.660000,	Top-5 err = 34.840000,	train_time = 1.386629
TRAIN Iter 287: loss = 0.001809,	Top-1 err = 58.620000,	Top-5 err = 35.200000,	train_time = 1.370272
TRAIN Iter 288: loss = 0.001778,	Top-1 err = 59.120000,	Top-5 err = 34.640000,	train_time = 1.308614
TRAIN Iter 289: loss = 0.001753,	Top-1 err = 60.600000,	Top-5 err = 37.560000,	train_time = 1.357666
TEST:
Iter 289: loss = 1.680344,	Top-1 err = 42.380000,	Top-5 err = 15.970000,	val_time = 0.811453
TRAIN Iter 290: loss = 0.001741,	Top-1 err = 57.500000,	Top-5 err = 35.360000,	train_time = 1.451890
TRAIN Iter 291: loss = 0.001773,	Top-1 err = 54.840000,	Top-5 err = 31.580000,	train_time = 1.462119
TRAIN Iter 292: loss = 0.001765,	Top-1 err = 57.560000,	Top-5 err = 33.740000,	train_time = 1.285177
TRAIN Iter 293: loss = 0.001733,	Top-1 err = 58.920000,	Top-5 err = 34.880000,	train_time = 1.382228
TRAIN Iter 294: loss = 0.001723,	Top-1 err = 61.080000,	Top-5 err = 37.640000,	train_time = 1.375798
TRAIN Iter 295: loss = 0.001721,	Top-1 err = 59.700000,	Top-5 err = 37.080000,	train_time = 1.382704
TRAIN Iter 296: loss = 0.001719,	Top-1 err = 55.820000,	Top-5 err = 31.400000,	train_time = 1.342327
TRAIN Iter 297: loss = 0.001753,	Top-1 err = 53.220000,	Top-5 err = 29.500000,	train_time = 1.341155
TRAIN Iter 298: loss = 0.001720,	Top-1 err = 54.300000,	Top-5 err = 30.200000,	train_time = 1.402184
TRAIN Iter 299: loss = 0.001741,	Top-1 err = 56.800000,	Top-5 err = 34.160000,	train_time = 1.383940
TEST:
Iter 299: loss = 1.667036,	Top-1 err = 42.420000,	Top-5 err = 15.840000,	val_time = 0.734116
Train Finish! Best accuracy is 58.05@279
