/home/dvspanos/miniconda3/envs/rded/lib/python3.10/site-packages/torch/cuda/__init__.py:611: UserWarning: Can't initialize NVML
  warnings.warn("Can't initialize NVML")
=> using pytorch pre-trained teacher model 'conv3'
process data from /home/dvspanos/nikos/ca2d/artifacts/rded_sets/sharp_fl_grad_a100_ipc10
load data successfully
TRAIN Iter 0: loss = 0.027405,	Top-1 err = 97.700000,	Top-5 err = 88.500000,	train_time = 1.133894
TRAIN Iter 1: loss = 0.023540,	Top-1 err = 95.300000,	Top-5 err = 81.600000,	train_time = 0.387528
TRAIN Iter 2: loss = 0.022570,	Top-1 err = 90.500000,	Top-5 err = 69.100000,	train_time = 0.419520
TRAIN Iter 3: loss = 0.020482,	Top-1 err = 90.700000,	Top-5 err = 69.300000,	train_time = 0.366338
TRAIN Iter 4: loss = 0.020597,	Top-1 err = 89.500000,	Top-5 err = 64.500000,	train_time = 0.361041
TRAIN Iter 5: loss = 0.019400,	Top-1 err = 84.200000,	Top-5 err = 60.100000,	train_time = 0.387131
TRAIN Iter 6: loss = 0.018141,	Top-1 err = 83.400000,	Top-5 err = 57.700000,	train_time = 0.393039
TRAIN Iter 7: loss = 0.018283,	Top-1 err = 83.600000,	Top-5 err = 57.700000,	train_time = 0.361269
TRAIN Iter 8: loss = 0.017151,	Top-1 err = 83.100000,	Top-5 err = 58.400000,	train_time = 0.394465
TRAIN Iter 9: loss = 0.015756,	Top-1 err = 82.100000,	Top-5 err = 58.200000,	train_time = 0.379492
TRAIN Iter 10: loss = 0.015415,	Top-1 err = 78.700000,	Top-5 err = 50.900000,	train_time = 0.391673
TRAIN Iter 11: loss = 0.015193,	Top-1 err = 78.900000,	Top-5 err = 52.200000,	train_time = 0.408796
TRAIN Iter 12: loss = 0.014713,	Top-1 err = 76.500000,	Top-5 err = 48.200000,	train_time = 0.410869
TRAIN Iter 13: loss = 0.014474,	Top-1 err = 79.300000,	Top-5 err = 51.600000,	train_time = 0.406004
TRAIN Iter 14: loss = 0.013542,	Top-1 err = 78.000000,	Top-5 err = 51.300000,	train_time = 0.429487
TRAIN Iter 15: loss = 0.012906,	Top-1 err = 71.200000,	Top-5 err = 45.200000,	train_time = 0.359671
TRAIN Iter 16: loss = 0.012237,	Top-1 err = 74.900000,	Top-5 err = 50.000000,	train_time = 0.420373
TRAIN Iter 17: loss = 0.012098,	Top-1 err = 72.900000,	Top-5 err = 46.200000,	train_time = 0.411216
TRAIN Iter 18: loss = 0.012150,	Top-1 err = 69.800000,	Top-5 err = 46.000000,	train_time = 0.409690
TRAIN Iter 19: loss = 0.011931,	Top-1 err = 71.200000,	Top-5 err = 41.200000,	train_time = 0.410192
TRAIN Iter 20: loss = 0.011578,	Top-1 err = 69.200000,	Top-5 err = 41.500000,	train_time = 0.400663
TRAIN Iter 21: loss = 0.011012,	Top-1 err = 66.900000,	Top-5 err = 37.900000,	train_time = 0.367327
TRAIN Iter 22: loss = 0.010261,	Top-1 err = 67.300000,	Top-5 err = 40.600000,	train_time = 0.400405
TRAIN Iter 23: loss = 0.010893,	Top-1 err = 65.600000,	Top-5 err = 39.200000,	train_time = 0.411026
TRAIN Iter 24: loss = 0.010011,	Top-1 err = 67.100000,	Top-5 err = 39.500000,	train_time = 0.429698
TRAIN Iter 25: loss = 0.010429,	Top-1 err = 62.200000,	Top-5 err = 32.500000,	train_time = 0.375203
TRAIN Iter 26: loss = 0.010130,	Top-1 err = 71.300000,	Top-5 err = 45.000000,	train_time = 0.401825
TRAIN Iter 27: loss = 0.010010,	Top-1 err = 69.100000,	Top-5 err = 43.900000,	train_time = 0.390892
TRAIN Iter 28: loss = 0.009432,	Top-1 err = 63.700000,	Top-5 err = 34.200000,	train_time = 0.401742
TRAIN Iter 29: loss = 0.009245,	Top-1 err = 60.300000,	Top-5 err = 34.700000,	train_time = 0.410340
TRAIN Iter 30: loss = 0.009177,	Top-1 err = 64.900000,	Top-5 err = 39.500000,	train_time = 0.376570
TRAIN Iter 31: loss = 0.009163,	Top-1 err = 60.600000,	Top-5 err = 34.100000,	train_time = 0.418857
TRAIN Iter 32: loss = 0.009136,	Top-1 err = 62.300000,	Top-5 err = 37.800000,	train_time = 0.409940
TRAIN Iter 33: loss = 0.009187,	Top-1 err = 62.500000,	Top-5 err = 37.700000,	train_time = 0.451668
TRAIN Iter 34: loss = 0.008472,	Top-1 err = 58.300000,	Top-5 err = 35.300000,	train_time = 0.374857
TRAIN Iter 35: loss = 0.008799,	Top-1 err = 63.500000,	Top-5 err = 38.900000,	train_time = 0.392331
TRAIN Iter 36: loss = 0.008214,	Top-1 err = 68.600000,	Top-5 err = 43.000000,	train_time = 0.379072
TRAIN Iter 37: loss = 0.008389,	Top-1 err = 54.900000,	Top-5 err = 27.600000,	train_time = 0.387133
TRAIN Iter 38: loss = 0.008055,	Top-1 err = 57.800000,	Top-5 err = 29.700000,	train_time = 0.336561
TRAIN Iter 39: loss = 0.008003,	Top-1 err = 56.800000,	Top-5 err = 30.700000,	train_time = 0.395827
TRAIN Iter 40: loss = 0.008018,	Top-1 err = 58.000000,	Top-5 err = 31.800000,	train_time = 0.378554
TRAIN Iter 41: loss = 0.007920,	Top-1 err = 55.000000,	Top-5 err = 30.500000,	train_time = 0.404208
TRAIN Iter 42: loss = 0.007750,	Top-1 err = 54.800000,	Top-5 err = 29.000000,	train_time = 0.415356
TRAIN Iter 43: loss = 0.007806,	Top-1 err = 57.600000,	Top-5 err = 32.000000,	train_time = 0.406468
TRAIN Iter 44: loss = 0.007898,	Top-1 err = 56.900000,	Top-5 err = 32.700000,	train_time = 0.359384
TRAIN Iter 45: loss = 0.007626,	Top-1 err = 57.700000,	Top-5 err = 31.900000,	train_time = 0.412019
TRAIN Iter 46: loss = 0.007765,	Top-1 err = 56.500000,	Top-5 err = 30.900000,	train_time = 0.360778
TRAIN Iter 47: loss = 0.007447,	Top-1 err = 61.000000,	Top-5 err = 35.300000,	train_time = 0.391586
TRAIN Iter 48: loss = 0.007288,	Top-1 err = 58.400000,	Top-5 err = 34.100000,	train_time = 0.385639
TRAIN Iter 49: loss = 0.007246,	Top-1 err = 56.100000,	Top-5 err = 33.400000,	train_time = 0.423376
TRAIN Iter 50: loss = 0.007164,	Top-1 err = 50.100000,	Top-5 err = 26.600000,	train_time = 0.413056
TRAIN Iter 51: loss = 0.007218,	Top-1 err = 57.800000,	Top-5 err = 33.300000,	train_time = 0.371848
TRAIN Iter 52: loss = 0.006911,	Top-1 err = 63.200000,	Top-5 err = 35.300000,	train_time = 0.396981
TRAIN Iter 53: loss = 0.006786,	Top-1 err = 59.100000,	Top-5 err = 33.500000,	train_time = 0.394589
TRAIN Iter 54: loss = 0.006779,	Top-1 err = 55.000000,	Top-5 err = 27.900000,	train_time = 0.448601
TRAIN Iter 55: loss = 0.006570,	Top-1 err = 49.500000,	Top-5 err = 24.000000,	train_time = 0.407718
TRAIN Iter 56: loss = 0.006703,	Top-1 err = 47.500000,	Top-5 err = 23.800000,	train_time = 0.404228
TRAIN Iter 57: loss = 0.006826,	Top-1 err = 58.300000,	Top-5 err = 34.200000,	train_time = 0.395458
TRAIN Iter 58: loss = 0.006642,	Top-1 err = 56.200000,	Top-5 err = 30.300000,	train_time = 0.356809
TRAIN Iter 59: loss = 0.006737,	Top-1 err = 56.700000,	Top-5 err = 33.600000,	train_time = 0.391180
TRAIN Iter 60: loss = 0.006570,	Top-1 err = 58.200000,	Top-5 err = 33.700000,	train_time = 0.389668
TRAIN Iter 61: loss = 0.006477,	Top-1 err = 49.300000,	Top-5 err = 26.100000,	train_time = 0.396507
TRAIN Iter 62: loss = 0.006379,	Top-1 err = 49.400000,	Top-5 err = 26.100000,	train_time = 0.395230
TRAIN Iter 63: loss = 0.006324,	Top-1 err = 52.700000,	Top-5 err = 28.200000,	train_time = 0.376407
TRAIN Iter 64: loss = 0.006651,	Top-1 err = 61.300000,	Top-5 err = 35.300000,	train_time = 0.372515
TRAIN Iter 65: loss = 0.006176,	Top-1 err = 53.000000,	Top-5 err = 30.000000,	train_time = 0.369962
TRAIN Iter 66: loss = 0.006295,	Top-1 err = 53.900000,	Top-5 err = 29.000000,	train_time = 0.380516
TRAIN Iter 67: loss = 0.006347,	Top-1 err = 60.100000,	Top-5 err = 38.000000,	train_time = 0.396550
TRAIN Iter 68: loss = 0.006238,	Top-1 err = 55.900000,	Top-5 err = 32.100000,	train_time = 0.403610
TRAIN Iter 69: loss = 0.006078,	Top-1 err = 54.500000,	Top-5 err = 30.200000,	train_time = 0.397047
TRAIN Iter 70: loss = 0.006201,	Top-1 err = 56.200000,	Top-5 err = 29.700000,	train_time = 0.382425
TRAIN Iter 71: loss = 0.006057,	Top-1 err = 52.900000,	Top-5 err = 27.300000,	train_time = 0.386463
TRAIN Iter 72: loss = 0.006117,	Top-1 err = 53.900000,	Top-5 err = 29.100000,	train_time = 0.392112
TRAIN Iter 73: loss = 0.006189,	Top-1 err = 50.400000,	Top-5 err = 26.000000,	train_time = 0.394274
TRAIN Iter 74: loss = 0.006192,	Top-1 err = 58.100000,	Top-5 err = 34.000000,	train_time = 0.394071
TRAIN Iter 75: loss = 0.005940,	Top-1 err = 55.500000,	Top-5 err = 31.100000,	train_time = 0.408337
TRAIN Iter 76: loss = 0.005843,	Top-1 err = 57.200000,	Top-5 err = 31.400000,	train_time = 0.402915
TRAIN Iter 77: loss = 0.005887,	Top-1 err = 59.800000,	Top-5 err = 36.000000,	train_time = 0.392936
TRAIN Iter 78: loss = 0.005784,	Top-1 err = 52.500000,	Top-5 err = 29.600000,	train_time = 0.399220
TRAIN Iter 79: loss = 0.006251,	Top-1 err = 56.500000,	Top-5 err = 34.200000,	train_time = 0.365040
TRAIN Iter 80: loss = 0.005826,	Top-1 err = 53.000000,	Top-5 err = 29.200000,	train_time = 0.407098
TRAIN Iter 81: loss = 0.006058,	Top-1 err = 56.600000,	Top-5 err = 33.300000,	train_time = 0.400461
TRAIN Iter 82: loss = 0.005612,	Top-1 err = 55.400000,	Top-5 err = 30.300000,	train_time = 0.412370
TRAIN Iter 83: loss = 0.005689,	Top-1 err = 49.600000,	Top-5 err = 25.900000,	train_time = 0.396002
TRAIN Iter 84: loss = 0.005706,	Top-1 err = 56.900000,	Top-5 err = 33.500000,	train_time = 0.394699
TRAIN Iter 85: loss = 0.005750,	Top-1 err = 47.800000,	Top-5 err = 26.900000,	train_time = 0.421561
TRAIN Iter 86: loss = 0.005524,	Top-1 err = 53.800000,	Top-5 err = 29.900000,	train_time = 0.406105
TRAIN Iter 87: loss = 0.005425,	Top-1 err = 48.600000,	Top-5 err = 26.600000,	train_time = 0.402494
TRAIN Iter 88: loss = 0.005698,	Top-1 err = 55.200000,	Top-5 err = 32.600000,	train_time = 0.412429
TRAIN Iter 89: loss = 0.005460,	Top-1 err = 51.000000,	Top-5 err = 28.800000,	train_time = 0.420120
TRAIN Iter 90: loss = 0.005463,	Top-1 err = 50.800000,	Top-5 err = 28.700000,	train_time = 0.406788
TRAIN Iter 91: loss = 0.005529,	Top-1 err = 50.900000,	Top-5 err = 28.700000,	train_time = 0.388069
TRAIN Iter 92: loss = 0.005604,	Top-1 err = 51.800000,	Top-5 err = 29.000000,	train_time = 0.420331
TRAIN Iter 93: loss = 0.005532,	Top-1 err = 55.100000,	Top-5 err = 30.500000,	train_time = 0.365860
TRAIN Iter 94: loss = 0.005375,	Top-1 err = 55.400000,	Top-5 err = 31.600000,	train_time = 0.426307
TRAIN Iter 95: loss = 0.005314,	Top-1 err = 50.500000,	Top-5 err = 28.300000,	train_time = 0.450909
TRAIN Iter 96: loss = 0.005325,	Top-1 err = 54.100000,	Top-5 err = 31.200000,	train_time = 0.369645
TRAIN Iter 97: loss = 0.005357,	Top-1 err = 55.800000,	Top-5 err = 32.400000,	train_time = 0.392849
TRAIN Iter 98: loss = 0.005208,	Top-1 err = 57.100000,	Top-5 err = 34.800000,	train_time = 0.381839
TRAIN Iter 99: loss = 0.005130,	Top-1 err = 49.600000,	Top-5 err = 25.400000,	train_time = 0.381641
TRAIN Iter 100: loss = 0.005404,	Top-1 err = 57.700000,	Top-5 err = 33.600000,	train_time = 0.375129
TRAIN Iter 101: loss = 0.005204,	Top-1 err = 49.500000,	Top-5 err = 25.900000,	train_time = 0.377736
TRAIN Iter 102: loss = 0.005310,	Top-1 err = 56.100000,	Top-5 err = 33.200000,	train_time = 0.435505
TRAIN Iter 103: loss = 0.005325,	Top-1 err = 53.900000,	Top-5 err = 29.700000,	train_time = 0.367638
TRAIN Iter 104: loss = 0.005806,	Top-1 err = 57.700000,	Top-5 err = 37.200000,	train_time = 0.390248
TRAIN Iter 105: loss = 0.005342,	Top-1 err = 51.600000,	Top-5 err = 29.800000,	train_time = 0.406572
TRAIN Iter 106: loss = 0.005233,	Top-1 err = 53.100000,	Top-5 err = 32.200000,	train_time = 0.389932
TRAIN Iter 107: loss = 0.005127,	Top-1 err = 46.600000,	Top-5 err = 24.300000,	train_time = 0.357765
TRAIN Iter 108: loss = 0.005079,	Top-1 err = 51.400000,	Top-5 err = 26.500000,	train_time = 0.378571
TRAIN Iter 109: loss = 0.005011,	Top-1 err = 54.100000,	Top-5 err = 30.100000,	train_time = 0.407628
TRAIN Iter 110: loss = 0.004998,	Top-1 err = 49.900000,	Top-5 err = 26.200000,	train_time = 0.434571
TRAIN Iter 111: loss = 0.004999,	Top-1 err = 50.100000,	Top-5 err = 27.100000,	train_time = 0.396848
TRAIN Iter 112: loss = 0.004838,	Top-1 err = 49.000000,	Top-5 err = 25.300000,	train_time = 0.415310
TRAIN Iter 113: loss = 0.004792,	Top-1 err = 45.500000,	Top-5 err = 22.400000,	train_time = 0.399360
TRAIN Iter 114: loss = 0.004872,	Top-1 err = 54.200000,	Top-5 err = 32.400000,	train_time = 0.418214
TRAIN Iter 115: loss = 0.004827,	Top-1 err = 46.700000,	Top-5 err = 24.000000,	train_time = 0.372628
TRAIN Iter 116: loss = 0.004875,	Top-1 err = 53.300000,	Top-5 err = 29.900000,	train_time = 0.378479
TRAIN Iter 117: loss = 0.004898,	Top-1 err = 57.500000,	Top-5 err = 33.000000,	train_time = 0.402168
TRAIN Iter 118: loss = 0.004934,	Top-1 err = 50.400000,	Top-5 err = 27.700000,	train_time = 0.437550
TRAIN Iter 119: loss = 0.004817,	Top-1 err = 56.000000,	Top-5 err = 30.900000,	train_time = 0.370420
TRAIN Iter 120: loss = 0.004823,	Top-1 err = 50.300000,	Top-5 err = 25.100000,	train_time = 0.391187
TRAIN Iter 121: loss = 0.004849,	Top-1 err = 49.500000,	Top-5 err = 27.400000,	train_time = 0.393484
TRAIN Iter 122: loss = 0.005081,	Top-1 err = 54.700000,	Top-5 err = 35.400000,	train_time = 0.396554
TRAIN Iter 123: loss = 0.004933,	Top-1 err = 58.000000,	Top-5 err = 35.000000,	train_time = 0.378092
TRAIN Iter 124: loss = 0.004675,	Top-1 err = 48.400000,	Top-5 err = 24.600000,	train_time = 0.408352
TRAIN Iter 125: loss = 0.004755,	Top-1 err = 41.600000,	Top-5 err = 20.300000,	train_time = 0.368547
TRAIN Iter 126: loss = 0.004650,	Top-1 err = 51.400000,	Top-5 err = 29.300000,	train_time = 0.391344
TRAIN Iter 127: loss = 0.004712,	Top-1 err = 46.300000,	Top-5 err = 26.200000,	train_time = 0.390328
TRAIN Iter 128: loss = 0.004872,	Top-1 err = 49.500000,	Top-5 err = 26.500000,	train_time = 0.417504
TRAIN Iter 129: loss = 0.004655,	Top-1 err = 48.700000,	Top-5 err = 23.800000,	train_time = 0.395591
TRAIN Iter 130: loss = 0.004860,	Top-1 err = 53.200000,	Top-5 err = 31.200000,	train_time = 0.388345
TRAIN Iter 131: loss = 0.004661,	Top-1 err = 51.800000,	Top-5 err = 29.900000,	train_time = 0.377822
TRAIN Iter 132: loss = 0.004911,	Top-1 err = 56.300000,	Top-5 err = 35.000000,	train_time = 0.394173
TRAIN Iter 133: loss = 0.004667,	Top-1 err = 52.100000,	Top-5 err = 29.300000,	train_time = 0.403212
TRAIN Iter 134: loss = 0.004512,	Top-1 err = 45.200000,	Top-5 err = 24.400000,	train_time = 0.410478
TRAIN Iter 135: loss = 0.005028,	Top-1 err = 60.600000,	Top-5 err = 39.200000,	train_time = 0.404031
TRAIN Iter 136: loss = 0.004474,	Top-1 err = 48.900000,	Top-5 err = 25.600000,	train_time = 0.433086
TRAIN Iter 137: loss = 0.004702,	Top-1 err = 48.500000,	Top-5 err = 25.700000,	train_time = 0.404264
TRAIN Iter 138: loss = 0.004706,	Top-1 err = 49.500000,	Top-5 err = 24.600000,	train_time = 0.396463
TRAIN Iter 139: loss = 0.004800,	Top-1 err = 55.100000,	Top-5 err = 33.900000,	train_time = 0.377181
TRAIN Iter 140: loss = 0.004768,	Top-1 err = 51.300000,	Top-5 err = 29.100000,	train_time = 0.414591
TRAIN Iter 141: loss = 0.004483,	Top-1 err = 47.400000,	Top-5 err = 26.100000,	train_time = 0.386426
TRAIN Iter 142: loss = 0.004672,	Top-1 err = 48.500000,	Top-5 err = 27.000000,	train_time = 0.391173
TRAIN Iter 143: loss = 0.004420,	Top-1 err = 40.600000,	Top-5 err = 18.900000,	train_time = 0.374436
TRAIN Iter 144: loss = 0.004537,	Top-1 err = 47.500000,	Top-5 err = 26.300000,	train_time = 0.380515
TRAIN Iter 145: loss = 0.004680,	Top-1 err = 55.300000,	Top-5 err = 34.100000,	train_time = 0.368534
TRAIN Iter 146: loss = 0.004427,	Top-1 err = 50.100000,	Top-5 err = 28.900000,	train_time = 0.420900
TRAIN Iter 147: loss = 0.004619,	Top-1 err = 53.000000,	Top-5 err = 33.600000,	train_time = 0.413173
TRAIN Iter 148: loss = 0.004690,	Top-1 err = 52.800000,	Top-5 err = 31.200000,	train_time = 0.388312
TRAIN Iter 149: loss = 0.004452,	Top-1 err = 50.800000,	Top-5 err = 26.500000,	train_time = 0.391495
TRAIN Iter 150: loss = 0.004463,	Top-1 err = 56.300000,	Top-5 err = 34.500000,	train_time = 0.352897
TRAIN Iter 151: loss = 0.004457,	Top-1 err = 43.400000,	Top-5 err = 21.500000,	train_time = 0.396724
TRAIN Iter 152: loss = 0.004548,	Top-1 err = 52.700000,	Top-5 err = 28.500000,	train_time = 0.378519
TRAIN Iter 153: loss = 0.004386,	Top-1 err = 49.600000,	Top-5 err = 27.500000,	train_time = 0.385301
TRAIN Iter 154: loss = 0.004365,	Top-1 err = 48.200000,	Top-5 err = 23.900000,	train_time = 0.376600
TRAIN Iter 155: loss = 0.004487,	Top-1 err = 52.300000,	Top-5 err = 29.600000,	train_time = 0.409967
TRAIN Iter 156: loss = 0.004437,	Top-1 err = 50.200000,	Top-5 err = 27.500000,	train_time = 0.387306
TRAIN Iter 157: loss = 0.004454,	Top-1 err = 57.300000,	Top-5 err = 36.000000,	train_time = 0.400460
TRAIN Iter 158: loss = 0.004293,	Top-1 err = 43.700000,	Top-5 err = 22.200000,	train_time = 0.372878
TRAIN Iter 159: loss = 0.004660,	Top-1 err = 55.100000,	Top-5 err = 35.300000,	train_time = 0.383543
TRAIN Iter 160: loss = 0.004374,	Top-1 err = 48.100000,	Top-5 err = 24.900000,	train_time = 0.387725
TRAIN Iter 161: loss = 0.004291,	Top-1 err = 46.900000,	Top-5 err = 24.000000,	train_time = 0.406690
TRAIN Iter 162: loss = 0.004297,	Top-1 err = 52.800000,	Top-5 err = 29.100000,	train_time = 0.392754
TRAIN Iter 163: loss = 0.004468,	Top-1 err = 52.200000,	Top-5 err = 29.700000,	train_time = 0.368588
TRAIN Iter 164: loss = 0.004387,	Top-1 err = 52.500000,	Top-5 err = 31.800000,	train_time = 0.391704
TRAIN Iter 165: loss = 0.004288,	Top-1 err = 51.700000,	Top-5 err = 30.800000,	train_time = 0.398376
TRAIN Iter 166: loss = 0.004252,	Top-1 err = 54.800000,	Top-5 err = 30.500000,	train_time = 0.418982
TRAIN Iter 167: loss = 0.004233,	Top-1 err = 45.900000,	Top-5 err = 24.500000,	train_time = 0.409945
TRAIN Iter 168: loss = 0.004465,	Top-1 err = 57.000000,	Top-5 err = 36.300000,	train_time = 0.390121
TRAIN Iter 169: loss = 0.004146,	Top-1 err = 43.600000,	Top-5 err = 20.800000,	train_time = 0.377465
TRAIN Iter 170: loss = 0.004370,	Top-1 err = 47.200000,	Top-5 err = 27.400000,	train_time = 0.392044
TRAIN Iter 171: loss = 0.004109,	Top-1 err = 45.200000,	Top-5 err = 23.000000,	train_time = 0.366378
TRAIN Iter 172: loss = 0.004208,	Top-1 err = 50.900000,	Top-5 err = 27.600000,	train_time = 0.383029
TRAIN Iter 173: loss = 0.004331,	Top-1 err = 51.500000,	Top-5 err = 29.600000,	train_time = 0.390981
TRAIN Iter 174: loss = 0.004115,	Top-1 err = 40.600000,	Top-5 err = 22.600000,	train_time = 0.404800
TRAIN Iter 175: loss = 0.004183,	Top-1 err = 43.800000,	Top-5 err = 23.700000,	train_time = 0.420719
TRAIN Iter 176: loss = 0.004385,	Top-1 err = 53.600000,	Top-5 err = 31.400000,	train_time = 0.395143
TRAIN Iter 177: loss = 0.004052,	Top-1 err = 49.000000,	Top-5 err = 26.600000,	train_time = 0.379290
TRAIN Iter 178: loss = 0.003980,	Top-1 err = 40.400000,	Top-5 err = 17.100000,	train_time = 0.413694
TRAIN Iter 179: loss = 0.004114,	Top-1 err = 46.000000,	Top-5 err = 25.900000,	train_time = 0.389067
TRAIN Iter 180: loss = 0.004168,	Top-1 err = 51.900000,	Top-5 err = 32.200000,	train_time = 0.396677
TRAIN Iter 181: loss = 0.004026,	Top-1 err = 48.500000,	Top-5 err = 26.900000,	train_time = 0.426120
TRAIN Iter 182: loss = 0.004052,	Top-1 err = 42.100000,	Top-5 err = 19.900000,	train_time = 0.397279
TRAIN Iter 183: loss = 0.004161,	Top-1 err = 53.700000,	Top-5 err = 32.000000,	train_time = 0.388039
TRAIN Iter 184: loss = 0.003931,	Top-1 err = 47.000000,	Top-5 err = 27.400000,	train_time = 0.392176
TRAIN Iter 185: loss = 0.003934,	Top-1 err = 41.000000,	Top-5 err = 20.100000,	train_time = 0.368265
TRAIN Iter 186: loss = 0.004078,	Top-1 err = 56.700000,	Top-5 err = 35.500000,	train_time = 0.411256
TRAIN Iter 187: loss = 0.004163,	Top-1 err = 48.600000,	Top-5 err = 27.800000,	train_time = 0.410368
TRAIN Iter 188: loss = 0.004096,	Top-1 err = 48.300000,	Top-5 err = 29.300000,	train_time = 0.375675
TRAIN Iter 189: loss = 0.004256,	Top-1 err = 50.200000,	Top-5 err = 29.500000,	train_time = 0.391304
TRAIN Iter 190: loss = 0.004137,	Top-1 err = 52.400000,	Top-5 err = 29.600000,	train_time = 0.403667
TRAIN Iter 191: loss = 0.004175,	Top-1 err = 51.100000,	Top-5 err = 28.400000,	train_time = 0.402586
TRAIN Iter 192: loss = 0.004076,	Top-1 err = 50.900000,	Top-5 err = 31.200000,	train_time = 0.378985
TRAIN Iter 193: loss = 0.004045,	Top-1 err = 48.000000,	Top-5 err = 25.500000,	train_time = 0.408928
TRAIN Iter 194: loss = 0.004117,	Top-1 err = 44.800000,	Top-5 err = 25.300000,	train_time = 0.386247
TRAIN Iter 195: loss = 0.003983,	Top-1 err = 47.300000,	Top-5 err = 26.300000,	train_time = 0.382381
TRAIN Iter 196: loss = 0.004140,	Top-1 err = 48.100000,	Top-5 err = 26.400000,	train_time = 0.395826
TRAIN Iter 197: loss = 0.003954,	Top-1 err = 43.000000,	Top-5 err = 22.200000,	train_time = 0.402797
TRAIN Iter 198: loss = 0.004037,	Top-1 err = 56.400000,	Top-5 err = 34.600000,	train_time = 0.399200
TRAIN Iter 199: loss = 0.004063,	Top-1 err = 45.700000,	Top-5 err = 22.600000,	train_time = 0.400564
TRAIN Iter 200: loss = 0.004021,	Top-1 err = 49.300000,	Top-5 err = 30.400000,	train_time = 0.402750
TRAIN Iter 201: loss = 0.004044,	Top-1 err = 51.100000,	Top-5 err = 29.800000,	train_time = 0.413188
TRAIN Iter 202: loss = 0.004069,	Top-1 err = 50.700000,	Top-5 err = 30.200000,	train_time = 0.395222
TRAIN Iter 203: loss = 0.004021,	Top-1 err = 51.000000,	Top-5 err = 26.600000,	train_time = 0.411754
TRAIN Iter 204: loss = 0.003935,	Top-1 err = 46.800000,	Top-5 err = 24.200000,	train_time = 0.389375
TRAIN Iter 205: loss = 0.003976,	Top-1 err = 51.600000,	Top-5 err = 30.000000,	train_time = 0.382881
TRAIN Iter 206: loss = 0.003839,	Top-1 err = 40.400000,	Top-5 err = 17.400000,	train_time = 0.440384
TRAIN Iter 207: loss = 0.003897,	Top-1 err = 40.400000,	Top-5 err = 20.800000,	train_time = 0.405915
TRAIN Iter 208: loss = 0.003912,	Top-1 err = 51.600000,	Top-5 err = 29.400000,	train_time = 0.413920
TRAIN Iter 209: loss = 0.003754,	Top-1 err = 46.300000,	Top-5 err = 23.700000,	train_time = 0.384990
TRAIN Iter 210: loss = 0.003871,	Top-1 err = 48.800000,	Top-5 err = 26.700000,	train_time = 0.420173
TRAIN Iter 211: loss = 0.003852,	Top-1 err = 51.300000,	Top-5 err = 29.200000,	train_time = 0.435095
TRAIN Iter 212: loss = 0.003837,	Top-1 err = 49.800000,	Top-5 err = 28.500000,	train_time = 0.402343
TRAIN Iter 213: loss = 0.003783,	Top-1 err = 45.900000,	Top-5 err = 21.300000,	train_time = 0.397849
TRAIN Iter 214: loss = 0.003851,	Top-1 err = 48.900000,	Top-5 err = 28.000000,	train_time = 0.410007
TRAIN Iter 215: loss = 0.003797,	Top-1 err = 47.700000,	Top-5 err = 25.000000,	train_time = 0.396641
TRAIN Iter 216: loss = 0.003939,	Top-1 err = 48.700000,	Top-5 err = 27.000000,	train_time = 0.414989
TRAIN Iter 217: loss = 0.003795,	Top-1 err = 48.100000,	Top-5 err = 23.600000,	train_time = 0.391355
TRAIN Iter 218: loss = 0.004035,	Top-1 err = 50.300000,	Top-5 err = 28.200000,	train_time = 0.380613
TRAIN Iter 219: loss = 0.003761,	Top-1 err = 44.200000,	Top-5 err = 21.900000,	train_time = 0.416440
TRAIN Iter 220: loss = 0.003841,	Top-1 err = 50.300000,	Top-5 err = 30.900000,	train_time = 0.365760
TRAIN Iter 221: loss = 0.003970,	Top-1 err = 52.300000,	Top-5 err = 27.100000,	train_time = 0.390016
TRAIN Iter 222: loss = 0.003760,	Top-1 err = 43.700000,	Top-5 err = 22.200000,	train_time = 0.395154
TRAIN Iter 223: loss = 0.003715,	Top-1 err = 48.000000,	Top-5 err = 26.000000,	train_time = 0.376770
TRAIN Iter 224: loss = 0.003825,	Top-1 err = 51.600000,	Top-5 err = 28.200000,	train_time = 0.404354
TRAIN Iter 225: loss = 0.003920,	Top-1 err = 53.000000,	Top-5 err = 32.700000,	train_time = 0.403637
TRAIN Iter 226: loss = 0.003982,	Top-1 err = 53.500000,	Top-5 err = 32.600000,	train_time = 0.373374
TRAIN Iter 227: loss = 0.004046,	Top-1 err = 56.300000,	Top-5 err = 36.000000,	train_time = 0.402563
TRAIN Iter 228: loss = 0.003933,	Top-1 err = 54.500000,	Top-5 err = 32.600000,	train_time = 0.379607
TRAIN Iter 229: loss = 0.003669,	Top-1 err = 44.600000,	Top-5 err = 24.700000,	train_time = 0.428817
TRAIN Iter 230: loss = 0.003822,	Top-1 err = 53.100000,	Top-5 err = 31.500000,	train_time = 0.402655
TRAIN Iter 231: loss = 0.003644,	Top-1 err = 43.900000,	Top-5 err = 23.200000,	train_time = 0.397068
TRAIN Iter 232: loss = 0.003830,	Top-1 err = 49.000000,	Top-5 err = 26.700000,	train_time = 0.405759
TRAIN Iter 233: loss = 0.003590,	Top-1 err = 43.300000,	Top-5 err = 19.700000,	train_time = 0.381629
TRAIN Iter 234: loss = 0.003850,	Top-1 err = 53.500000,	Top-5 err = 29.600000,	train_time = 0.382949
TRAIN Iter 235: loss = 0.003631,	Top-1 err = 46.800000,	Top-5 err = 24.400000,	train_time = 0.407182
TRAIN Iter 236: loss = 0.003608,	Top-1 err = 44.200000,	Top-5 err = 21.500000,	train_time = 0.368433
TRAIN Iter 237: loss = 0.003652,	Top-1 err = 48.100000,	Top-5 err = 23.800000,	train_time = 0.396214
TRAIN Iter 238: loss = 0.003818,	Top-1 err = 54.000000,	Top-5 err = 29.100000,	train_time = 0.353482
TRAIN Iter 239: loss = 0.003795,	Top-1 err = 56.400000,	Top-5 err = 32.200000,	train_time = 0.377663
TRAIN Iter 240: loss = 0.003757,	Top-1 err = 53.000000,	Top-5 err = 32.800000,	train_time = 0.361790
TRAIN Iter 241: loss = 0.003578,	Top-1 err = 51.200000,	Top-5 err = 26.200000,	train_time = 0.377253
TRAIN Iter 242: loss = 0.003740,	Top-1 err = 55.100000,	Top-5 err = 32.400000,	train_time = 0.381057
TRAIN Iter 243: loss = 0.003770,	Top-1 err = 51.300000,	Top-5 err = 31.200000,	train_time = 0.397317
TRAIN Iter 244: loss = 0.003825,	Top-1 err = 47.100000,	Top-5 err = 26.300000,	train_time = 0.387541
TRAIN Iter 245: loss = 0.003719,	Top-1 err = 53.900000,	Top-5 err = 33.200000,	train_time = 0.421103
TRAIN Iter 246: loss = 0.003858,	Top-1 err = 58.900000,	Top-5 err = 37.900000,	train_time = 0.354882
TRAIN Iter 247: loss = 0.003577,	Top-1 err = 40.200000,	Top-5 err = 19.300000,	train_time = 0.375544
TRAIN Iter 248: loss = 0.003683,	Top-1 err = 47.700000,	Top-5 err = 24.600000,	train_time = 0.391528
TRAIN Iter 249: loss = 0.003715,	Top-1 err = 52.800000,	Top-5 err = 30.900000,	train_time = 0.400027
TEST:
Iter 249: loss = 1.960113,	Top-1 err = 49.460000,	Top-5 err = 20.920000,	val_time = 0.753920
TRAIN Iter 250: loss = 0.003541,	Top-1 err = 46.900000,	Top-5 err = 27.700000,	train_time = 0.363445
TRAIN Iter 251: loss = 0.003649,	Top-1 err = 51.300000,	Top-5 err = 29.200000,	train_time = 0.366298
TRAIN Iter 252: loss = 0.003644,	Top-1 err = 42.200000,	Top-5 err = 21.300000,	train_time = 0.405345
TRAIN Iter 253: loss = 0.003610,	Top-1 err = 46.600000,	Top-5 err = 26.500000,	train_time = 0.394232
TRAIN Iter 254: loss = 0.003635,	Top-1 err = 49.500000,	Top-5 err = 28.500000,	train_time = 0.379668
TRAIN Iter 255: loss = 0.003523,	Top-1 err = 46.300000,	Top-5 err = 25.200000,	train_time = 0.394513
TRAIN Iter 256: loss = 0.003539,	Top-1 err = 47.600000,	Top-5 err = 26.000000,	train_time = 0.358484
TRAIN Iter 257: loss = 0.003609,	Top-1 err = 52.300000,	Top-5 err = 31.900000,	train_time = 0.399084
TRAIN Iter 258: loss = 0.003598,	Top-1 err = 48.700000,	Top-5 err = 25.600000,	train_time = 0.387634
TRAIN Iter 259: loss = 0.003704,	Top-1 err = 51.700000,	Top-5 err = 33.300000,	train_time = 0.402618
TEST:
Iter 259: loss = 1.962503,	Top-1 err = 49.590000,	Top-5 err = 20.200000,	val_time = 0.824252
TRAIN Iter 260: loss = 0.003463,	Top-1 err = 41.700000,	Top-5 err = 22.800000,	train_time = 0.346676
TRAIN Iter 261: loss = 0.003581,	Top-1 err = 45.700000,	Top-5 err = 24.800000,	train_time = 0.417145
TRAIN Iter 262: loss = 0.003626,	Top-1 err = 48.500000,	Top-5 err = 27.300000,	train_time = 0.375981
TRAIN Iter 263: loss = 0.003307,	Top-1 err = 40.000000,	Top-5 err = 20.400000,	train_time = 0.397897
TRAIN Iter 264: loss = 0.003452,	Top-1 err = 41.800000,	Top-5 err = 19.800000,	train_time = 0.397197
TRAIN Iter 265: loss = 0.003684,	Top-1 err = 54.700000,	Top-5 err = 33.600000,	train_time = 0.384754
TRAIN Iter 266: loss = 0.003556,	Top-1 err = 44.300000,	Top-5 err = 25.000000,	train_time = 0.394556
TRAIN Iter 267: loss = 0.003644,	Top-1 err = 52.300000,	Top-5 err = 32.500000,	train_time = 0.359822
TRAIN Iter 268: loss = 0.003551,	Top-1 err = 44.400000,	Top-5 err = 22.500000,	train_time = 0.371132
TRAIN Iter 269: loss = 0.003530,	Top-1 err = 46.000000,	Top-5 err = 26.700000,	train_time = 0.409602
TEST:
Iter 269: loss = 1.967590,	Top-1 err = 49.480000,	Top-5 err = 20.240000,	val_time = 0.851845
TRAIN Iter 270: loss = 0.003516,	Top-1 err = 51.900000,	Top-5 err = 33.700000,	train_time = 0.405730
TRAIN Iter 271: loss = 0.003373,	Top-1 err = 38.900000,	Top-5 err = 18.900000,	train_time = 0.414711
TRAIN Iter 272: loss = 0.003540,	Top-1 err = 52.200000,	Top-5 err = 30.400000,	train_time = 0.394413
TRAIN Iter 273: loss = 0.003545,	Top-1 err = 52.500000,	Top-5 err = 31.500000,	train_time = 0.405687
TRAIN Iter 274: loss = 0.003545,	Top-1 err = 48.100000,	Top-5 err = 25.600000,	train_time = 0.397185
TRAIN Iter 275: loss = 0.003451,	Top-1 err = 43.600000,	Top-5 err = 24.800000,	train_time = 0.361269
TRAIN Iter 276: loss = 0.003529,	Top-1 err = 51.300000,	Top-5 err = 27.700000,	train_time = 0.349205
TRAIN Iter 277: loss = 0.003400,	Top-1 err = 51.200000,	Top-5 err = 25.000000,	train_time = 0.378502
TRAIN Iter 278: loss = 0.003382,	Top-1 err = 42.000000,	Top-5 err = 23.400000,	train_time = 0.378814
TRAIN Iter 279: loss = 0.003432,	Top-1 err = 45.300000,	Top-5 err = 25.000000,	train_time = 0.407638
TEST:
Iter 279: loss = 1.947687,	Top-1 err = 49.090000,	Top-5 err = 19.710000,	val_time = 0.855553
TRAIN Iter 280: loss = 0.003465,	Top-1 err = 47.300000,	Top-5 err = 25.400000,	train_time = 0.380311
TRAIN Iter 281: loss = 0.003516,	Top-1 err = 45.800000,	Top-5 err = 27.400000,	train_time = 0.357101
TRAIN Iter 282: loss = 0.003519,	Top-1 err = 43.300000,	Top-5 err = 23.900000,	train_time = 0.420976
TRAIN Iter 283: loss = 0.003391,	Top-1 err = 48.800000,	Top-5 err = 28.300000,	train_time = 0.364187
TRAIN Iter 284: loss = 0.003335,	Top-1 err = 45.700000,	Top-5 err = 23.500000,	train_time = 0.424658
TRAIN Iter 285: loss = 0.003545,	Top-1 err = 54.600000,	Top-5 err = 31.500000,	train_time = 0.346203
TRAIN Iter 286: loss = 0.003469,	Top-1 err = 49.100000,	Top-5 err = 30.800000,	train_time = 0.389202
TRAIN Iter 287: loss = 0.003482,	Top-1 err = 47.300000,	Top-5 err = 25.000000,	train_time = 0.414392
TRAIN Iter 288: loss = 0.003526,	Top-1 err = 55.400000,	Top-5 err = 35.000000,	train_time = 0.383883
TRAIN Iter 289: loss = 0.003510,	Top-1 err = 53.000000,	Top-5 err = 32.100000,	train_time = 0.408975
TEST:
Iter 289: loss = 1.974663,	Top-1 err = 49.620000,	Top-5 err = 20.820000,	val_time = 0.736272
TRAIN Iter 290: loss = 0.003179,	Top-1 err = 42.600000,	Top-5 err = 23.300000,	train_time = 0.395954
TRAIN Iter 291: loss = 0.003382,	Top-1 err = 47.700000,	Top-5 err = 27.300000,	train_time = 0.392951
TRAIN Iter 292: loss = 0.003403,	Top-1 err = 50.200000,	Top-5 err = 31.200000,	train_time = 0.376834
TRAIN Iter 293: loss = 0.003285,	Top-1 err = 46.000000,	Top-5 err = 23.200000,	train_time = 0.380860
TRAIN Iter 294: loss = 0.003277,	Top-1 err = 45.800000,	Top-5 err = 24.500000,	train_time = 0.402550
TRAIN Iter 295: loss = 0.003465,	Top-1 err = 55.700000,	Top-5 err = 34.500000,	train_time = 0.412086
TRAIN Iter 296: loss = 0.003334,	Top-1 err = 48.200000,	Top-5 err = 27.900000,	train_time = 0.398268
TRAIN Iter 297: loss = 0.003329,	Top-1 err = 49.000000,	Top-5 err = 27.000000,	train_time = 0.416533
TRAIN Iter 298: loss = 0.003340,	Top-1 err = 44.000000,	Top-5 err = 22.500000,	train_time = 0.366122
TRAIN Iter 299: loss = 0.003525,	Top-1 err = 49.300000,	Top-5 err = 30.200000,	train_time = 0.376498
TEST:
Iter 299: loss = 1.946621,	Top-1 err = 48.840000,	Top-5 err = 19.850000,	val_time = 0.735027
Train Finish! Best accuracy is 51.16@299
