/home/dvspanos/miniconda3/envs/rded/lib/python3.10/site-packages/torch/cuda/__init__.py:611: UserWarning: Can't initialize NVML
  warnings.warn("Can't initialize NVML")
=> using pytorch pre-trained teacher model 'conv3'
process data from /home/dvspanos/nikos/ca2d/artifacts/rded_sets/bench_cifar100_conv_el2nw90_ipc100
load data successfully
TRAIN Iter 0: loss = 0.017123,	Top-1 err = 90.460000,	Top-5 err = 71.800000,	train_time = 3.350405
TRAIN Iter 1: loss = 0.012276,	Top-1 err = 80.340000,	Top-5 err = 53.770000,	train_time = 2.597156
TRAIN Iter 2: loss = 0.010087,	Top-1 err = 73.960000,	Top-5 err = 46.790000,	train_time = 2.549320
TRAIN Iter 3: loss = 0.008888,	Top-1 err = 69.000000,	Top-5 err = 42.410000,	train_time = 2.509064
TRAIN Iter 4: loss = 0.007813,	Top-1 err = 68.900000,	Top-5 err = 41.980000,	train_time = 2.549625
TRAIN Iter 5: loss = 0.007325,	Top-1 err = 64.050000,	Top-5 err = 37.990000,	train_time = 2.616248
TRAIN Iter 6: loss = 0.006710,	Top-1 err = 64.800000,	Top-5 err = 38.840000,	train_time = 2.572728
TRAIN Iter 7: loss = 0.006449,	Top-1 err = 61.830000,	Top-5 err = 37.500000,	train_time = 2.524209
TRAIN Iter 8: loss = 0.006145,	Top-1 err = 62.680000,	Top-5 err = 38.240000,	train_time = 2.551488
TRAIN Iter 9: loss = 0.005886,	Top-1 err = 59.290000,	Top-5 err = 34.330000,	train_time = 2.701269
TRAIN Iter 10: loss = 0.005631,	Top-1 err = 59.220000,	Top-5 err = 34.480000,	train_time = 2.505571
TRAIN Iter 11: loss = 0.005422,	Top-1 err = 60.570000,	Top-5 err = 36.230000,	train_time = 2.476191
TRAIN Iter 12: loss = 0.005316,	Top-1 err = 58.440000,	Top-5 err = 34.710000,	train_time = 2.618208
TRAIN Iter 13: loss = 0.005167,	Top-1 err = 58.630000,	Top-5 err = 34.640000,	train_time = 2.541881
TRAIN Iter 14: loss = 0.005071,	Top-1 err = 56.440000,	Top-5 err = 33.050000,	train_time = 2.608986
TRAIN Iter 15: loss = 0.004942,	Top-1 err = 57.740000,	Top-5 err = 33.480000,	train_time = 2.565570
TRAIN Iter 16: loss = 0.004784,	Top-1 err = 56.450000,	Top-5 err = 32.640000,	train_time = 2.678590
TRAIN Iter 17: loss = 0.004749,	Top-1 err = 59.620000,	Top-5 err = 35.560000,	train_time = 2.669036
TRAIN Iter 18: loss = 0.004695,	Top-1 err = 60.510000,	Top-5 err = 36.490000,	train_time = 2.548184
TRAIN Iter 19: loss = 0.004538,	Top-1 err = 55.840000,	Top-5 err = 31.990000,	train_time = 2.355763
TRAIN Iter 20: loss = 0.004427,	Top-1 err = 56.690000,	Top-5 err = 33.290000,	train_time = 2.585683
TRAIN Iter 21: loss = 0.004356,	Top-1 err = 55.240000,	Top-5 err = 31.260000,	train_time = 2.459096
TRAIN Iter 22: loss = 0.004301,	Top-1 err = 56.330000,	Top-5 err = 32.340000,	train_time = 2.542543
TRAIN Iter 23: loss = 0.004308,	Top-1 err = 57.500000,	Top-5 err = 34.210000,	train_time = 2.657356
TRAIN Iter 24: loss = 0.004200,	Top-1 err = 55.330000,	Top-5 err = 31.340000,	train_time = 2.520217
TRAIN Iter 25: loss = 0.004154,	Top-1 err = 57.600000,	Top-5 err = 33.680000,	train_time = 2.593530
TRAIN Iter 26: loss = 0.004118,	Top-1 err = 56.680000,	Top-5 err = 33.680000,	train_time = 2.655463
TRAIN Iter 27: loss = 0.003990,	Top-1 err = 55.140000,	Top-5 err = 31.800000,	train_time = 2.614016
TRAIN Iter 28: loss = 0.003967,	Top-1 err = 56.680000,	Top-5 err = 34.490000,	train_time = 2.530155
TRAIN Iter 29: loss = 0.003933,	Top-1 err = 56.310000,	Top-5 err = 33.730000,	train_time = 2.521831
TRAIN Iter 30: loss = 0.003866,	Top-1 err = 56.600000,	Top-5 err = 33.560000,	train_time = 2.718053
TRAIN Iter 31: loss = 0.003802,	Top-1 err = 55.660000,	Top-5 err = 33.330000,	train_time = 2.498273
TRAIN Iter 32: loss = 0.003794,	Top-1 err = 54.860000,	Top-5 err = 32.970000,	train_time = 2.631785
TRAIN Iter 33: loss = 0.003740,	Top-1 err = 58.480000,	Top-5 err = 35.000000,	train_time = 2.553807
TRAIN Iter 34: loss = 0.003721,	Top-1 err = 56.220000,	Top-5 err = 33.770000,	train_time = 2.540816
TRAIN Iter 35: loss = 0.003620,	Top-1 err = 56.280000,	Top-5 err = 33.150000,	train_time = 2.549981
TRAIN Iter 36: loss = 0.003581,	Top-1 err = 55.490000,	Top-5 err = 31.960000,	train_time = 2.599940
TRAIN Iter 37: loss = 0.003558,	Top-1 err = 55.680000,	Top-5 err = 32.390000,	train_time = 2.579565
TRAIN Iter 38: loss = 0.003542,	Top-1 err = 56.020000,	Top-5 err = 32.880000,	train_time = 2.593477
TRAIN Iter 39: loss = 0.003486,	Top-1 err = 56.080000,	Top-5 err = 33.030000,	train_time = 2.455501
TRAIN Iter 40: loss = 0.003483,	Top-1 err = 54.720000,	Top-5 err = 31.610000,	train_time = 2.570186
TRAIN Iter 41: loss = 0.003396,	Top-1 err = 57.020000,	Top-5 err = 33.890000,	train_time = 2.699098
TRAIN Iter 42: loss = 0.003395,	Top-1 err = 53.860000,	Top-5 err = 30.930000,	train_time = 2.603999
TRAIN Iter 43: loss = 0.003343,	Top-1 err = 56.200000,	Top-5 err = 32.950000,	train_time = 2.661924
TRAIN Iter 44: loss = 0.003320,	Top-1 err = 57.160000,	Top-5 err = 35.060000,	train_time = 2.558471
TRAIN Iter 45: loss = 0.003333,	Top-1 err = 55.720000,	Top-5 err = 33.430000,	train_time = 2.620783
TRAIN Iter 46: loss = 0.003300,	Top-1 err = 58.890000,	Top-5 err = 36.140000,	train_time = 2.708053
TRAIN Iter 47: loss = 0.003210,	Top-1 err = 55.780000,	Top-5 err = 32.940000,	train_time = 2.569499
TRAIN Iter 48: loss = 0.003229,	Top-1 err = 55.610000,	Top-5 err = 33.860000,	train_time = 2.448631
TRAIN Iter 49: loss = 0.003179,	Top-1 err = 55.810000,	Top-5 err = 34.060000,	train_time = 2.619152
TRAIN Iter 50: loss = 0.003167,	Top-1 err = 54.680000,	Top-5 err = 32.700000,	train_time = 2.672418
TRAIN Iter 51: loss = 0.003106,	Top-1 err = 55.930000,	Top-5 err = 32.740000,	train_time = 2.530473
TRAIN Iter 52: loss = 0.003080,	Top-1 err = 55.530000,	Top-5 err = 33.580000,	train_time = 2.493789
TRAIN Iter 53: loss = 0.003028,	Top-1 err = 54.450000,	Top-5 err = 31.500000,	train_time = 2.549842
TRAIN Iter 54: loss = 0.003013,	Top-1 err = 54.550000,	Top-5 err = 32.490000,	train_time = 2.629507
TRAIN Iter 55: loss = 0.003037,	Top-1 err = 54.010000,	Top-5 err = 31.760000,	train_time = 2.524332
TRAIN Iter 56: loss = 0.002986,	Top-1 err = 55.400000,	Top-5 err = 32.750000,	train_time = 2.529150
TRAIN Iter 57: loss = 0.002970,	Top-1 err = 54.160000,	Top-5 err = 32.280000,	train_time = 2.602996
TRAIN Iter 58: loss = 0.002929,	Top-1 err = 56.110000,	Top-5 err = 33.980000,	train_time = 2.598063
TRAIN Iter 59: loss = 0.002906,	Top-1 err = 54.410000,	Top-5 err = 31.980000,	train_time = 2.603285
TRAIN Iter 60: loss = 0.002879,	Top-1 err = 55.310000,	Top-5 err = 32.580000,	train_time = 2.572963
TRAIN Iter 61: loss = 0.002863,	Top-1 err = 55.340000,	Top-5 err = 33.440000,	train_time = 2.597903
TRAIN Iter 62: loss = 0.002806,	Top-1 err = 52.860000,	Top-5 err = 29.630000,	train_time = 2.666829
TRAIN Iter 63: loss = 0.002752,	Top-1 err = 52.350000,	Top-5 err = 29.600000,	train_time = 2.556257
TRAIN Iter 64: loss = 0.002772,	Top-1 err = 54.230000,	Top-5 err = 31.620000,	train_time = 2.673755
TRAIN Iter 65: loss = 0.002716,	Top-1 err = 53.030000,	Top-5 err = 29.990000,	train_time = 2.557339
TRAIN Iter 66: loss = 0.002732,	Top-1 err = 54.030000,	Top-5 err = 30.780000,	train_time = 2.619396
TRAIN Iter 67: loss = 0.002633,	Top-1 err = 53.960000,	Top-5 err = 31.070000,	train_time = 2.579360
TRAIN Iter 68: loss = 0.002660,	Top-1 err = 54.160000,	Top-5 err = 31.630000,	train_time = 2.578864
TRAIN Iter 69: loss = 0.002634,	Top-1 err = 53.510000,	Top-5 err = 30.500000,	train_time = 2.531697
TRAIN Iter 70: loss = 0.002623,	Top-1 err = 54.530000,	Top-5 err = 31.300000,	train_time = 2.527312
TRAIN Iter 71: loss = 0.002598,	Top-1 err = 53.630000,	Top-5 err = 31.580000,	train_time = 2.493411
TRAIN Iter 72: loss = 0.002591,	Top-1 err = 54.500000,	Top-5 err = 31.700000,	train_time = 2.534255
TRAIN Iter 73: loss = 0.002564,	Top-1 err = 54.690000,	Top-5 err = 32.220000,	train_time = 2.641692
TRAIN Iter 74: loss = 0.002546,	Top-1 err = 55.030000,	Top-5 err = 32.980000,	train_time = 2.607549
TRAIN Iter 75: loss = 0.002495,	Top-1 err = 53.680000,	Top-5 err = 31.700000,	train_time = 2.583606
TRAIN Iter 76: loss = 0.002513,	Top-1 err = 54.090000,	Top-5 err = 31.010000,	train_time = 2.534678
TRAIN Iter 77: loss = 0.002528,	Top-1 err = 54.040000,	Top-5 err = 32.460000,	train_time = 2.606221
TRAIN Iter 78: loss = 0.002441,	Top-1 err = 54.450000,	Top-5 err = 31.960000,	train_time = 2.587185
TRAIN Iter 79: loss = 0.002465,	Top-1 err = 52.810000,	Top-5 err = 31.050000,	train_time = 2.568152
TRAIN Iter 80: loss = 0.002413,	Top-1 err = 51.510000,	Top-5 err = 28.900000,	train_time = 2.464594
TRAIN Iter 81: loss = 0.002464,	Top-1 err = 53.470000,	Top-5 err = 32.120000,	train_time = 2.691994
TRAIN Iter 82: loss = 0.002369,	Top-1 err = 53.740000,	Top-5 err = 31.140000,	train_time = 2.562222
TRAIN Iter 83: loss = 0.002392,	Top-1 err = 52.440000,	Top-5 err = 30.130000,	train_time = 2.685473
TRAIN Iter 84: loss = 0.002371,	Top-1 err = 55.420000,	Top-5 err = 32.440000,	train_time = 2.567164
TRAIN Iter 85: loss = 0.002358,	Top-1 err = 54.940000,	Top-5 err = 32.750000,	train_time = 2.582456
TRAIN Iter 86: loss = 0.002347,	Top-1 err = 51.920000,	Top-5 err = 29.630000,	train_time = 2.441063
TRAIN Iter 87: loss = 0.002364,	Top-1 err = 54.700000,	Top-5 err = 33.110000,	train_time = 2.540271
TRAIN Iter 88: loss = 0.002341,	Top-1 err = 53.420000,	Top-5 err = 31.110000,	train_time = 2.581890
TRAIN Iter 89: loss = 0.002297,	Top-1 err = 54.130000,	Top-5 err = 31.870000,	train_time = 2.640668
TRAIN Iter 90: loss = 0.002313,	Top-1 err = 53.510000,	Top-5 err = 32.390000,	train_time = 2.583240
TRAIN Iter 91: loss = 0.002325,	Top-1 err = 54.940000,	Top-5 err = 32.600000,	train_time = 2.616799
TRAIN Iter 92: loss = 0.002247,	Top-1 err = 55.190000,	Top-5 err = 32.470000,	train_time = 2.601015
TRAIN Iter 93: loss = 0.002243,	Top-1 err = 55.600000,	Top-5 err = 33.330000,	train_time = 2.539667
TRAIN Iter 94: loss = 0.002237,	Top-1 err = 53.830000,	Top-5 err = 31.810000,	train_time = 2.537254
TRAIN Iter 95: loss = 0.002233,	Top-1 err = 52.830000,	Top-5 err = 31.420000,	train_time = 2.587685
TRAIN Iter 96: loss = 0.002205,	Top-1 err = 52.800000,	Top-5 err = 30.330000,	train_time = 2.542792
TRAIN Iter 97: loss = 0.002174,	Top-1 err = 55.820000,	Top-5 err = 33.590000,	train_time = 2.540170
TRAIN Iter 98: loss = 0.002177,	Top-1 err = 51.850000,	Top-5 err = 30.400000,	train_time = 2.502036
TRAIN Iter 99: loss = 0.002151,	Top-1 err = 55.700000,	Top-5 err = 33.630000,	train_time = 2.616959
TRAIN Iter 100: loss = 0.002236,	Top-1 err = 53.720000,	Top-5 err = 31.570000,	train_time = 2.527632
TRAIN Iter 101: loss = 0.002158,	Top-1 err = 53.270000,	Top-5 err = 31.250000,	train_time = 2.628947
TRAIN Iter 102: loss = 0.002132,	Top-1 err = 50.920000,	Top-5 err = 29.280000,	train_time = 2.638671
TRAIN Iter 103: loss = 0.002179,	Top-1 err = 53.170000,	Top-5 err = 31.000000,	train_time = 2.484333
TRAIN Iter 104: loss = 0.002083,	Top-1 err = 51.340000,	Top-5 err = 28.690000,	train_time = 2.592215
TRAIN Iter 105: loss = 0.002109,	Top-1 err = 56.230000,	Top-5 err = 33.270000,	train_time = 2.584037
TRAIN Iter 106: loss = 0.002132,	Top-1 err = 52.530000,	Top-5 err = 30.490000,	train_time = 2.583658
TRAIN Iter 107: loss = 0.002087,	Top-1 err = 50.910000,	Top-5 err = 28.880000,	train_time = 2.481014
TRAIN Iter 108: loss = 0.002060,	Top-1 err = 53.220000,	Top-5 err = 31.000000,	train_time = 2.604323
TRAIN Iter 109: loss = 0.002067,	Top-1 err = 51.710000,	Top-5 err = 29.460000,	train_time = 2.566860
TRAIN Iter 110: loss = 0.002064,	Top-1 err = 52.650000,	Top-5 err = 30.260000,	train_time = 2.560609
TRAIN Iter 111: loss = 0.002055,	Top-1 err = 53.970000,	Top-5 err = 31.590000,	train_time = 2.608696
TRAIN Iter 112: loss = 0.002020,	Top-1 err = 51.730000,	Top-5 err = 29.100000,	train_time = 2.701567
TRAIN Iter 113: loss = 0.002043,	Top-1 err = 53.060000,	Top-5 err = 30.330000,	train_time = 2.549284
TRAIN Iter 114: loss = 0.002034,	Top-1 err = 53.110000,	Top-5 err = 31.790000,	train_time = 2.670230
TRAIN Iter 115: loss = 0.002038,	Top-1 err = 55.160000,	Top-5 err = 33.300000,	train_time = 2.573263
TRAIN Iter 116: loss = 0.002028,	Top-1 err = 55.120000,	Top-5 err = 33.160000,	train_time = 2.639519
TRAIN Iter 117: loss = 0.002046,	Top-1 err = 52.430000,	Top-5 err = 30.750000,	train_time = 2.536788
TRAIN Iter 118: loss = 0.002006,	Top-1 err = 54.000000,	Top-5 err = 30.470000,	train_time = 2.592687
TRAIN Iter 119: loss = 0.001962,	Top-1 err = 54.630000,	Top-5 err = 32.080000,	train_time = 2.591135
TRAIN Iter 120: loss = 0.001965,	Top-1 err = 53.280000,	Top-5 err = 31.450000,	train_time = 2.595137
TRAIN Iter 121: loss = 0.001958,	Top-1 err = 53.440000,	Top-5 err = 31.730000,	train_time = 2.571898
TRAIN Iter 122: loss = 0.001960,	Top-1 err = 52.940000,	Top-5 err = 31.190000,	train_time = 2.729463
TRAIN Iter 123: loss = 0.001946,	Top-1 err = 54.440000,	Top-5 err = 33.040000,	train_time = 2.513866
TRAIN Iter 124: loss = 0.001926,	Top-1 err = 55.530000,	Top-5 err = 33.120000,	train_time = 2.575032
TRAIN Iter 125: loss = 0.001970,	Top-1 err = 54.060000,	Top-5 err = 31.290000,	train_time = 2.537891
TRAIN Iter 126: loss = 0.001919,	Top-1 err = 53.950000,	Top-5 err = 31.530000,	train_time = 2.655234
TRAIN Iter 127: loss = 0.001911,	Top-1 err = 55.150000,	Top-5 err = 33.090000,	train_time = 2.557302
TRAIN Iter 128: loss = 0.001948,	Top-1 err = 54.080000,	Top-5 err = 31.150000,	train_time = 2.604852
TRAIN Iter 129: loss = 0.001939,	Top-1 err = 52.120000,	Top-5 err = 30.360000,	train_time = 2.679175
TRAIN Iter 130: loss = 0.001916,	Top-1 err = 52.150000,	Top-5 err = 31.170000,	train_time = 2.570788
TRAIN Iter 131: loss = 0.001904,	Top-1 err = 53.410000,	Top-5 err = 31.730000,	train_time = 2.524006
TRAIN Iter 132: loss = 0.001892,	Top-1 err = 52.980000,	Top-5 err = 30.410000,	train_time = 2.569732
TRAIN Iter 133: loss = 0.001949,	Top-1 err = 53.960000,	Top-5 err = 32.900000,	train_time = 2.641372
TRAIN Iter 134: loss = 0.001897,	Top-1 err = 52.250000,	Top-5 err = 30.330000,	train_time = 2.622328
TRAIN Iter 135: loss = 0.001872,	Top-1 err = 50.910000,	Top-5 err = 28.410000,	train_time = 2.686817
TRAIN Iter 136: loss = 0.001849,	Top-1 err = 53.740000,	Top-5 err = 32.130000,	train_time = 2.585104
TRAIN Iter 137: loss = 0.001851,	Top-1 err = 52.700000,	Top-5 err = 30.150000,	train_time = 2.559972
TRAIN Iter 138: loss = 0.001897,	Top-1 err = 55.650000,	Top-5 err = 33.690000,	train_time = 2.571147
TRAIN Iter 139: loss = 0.001865,	Top-1 err = 54.550000,	Top-5 err = 32.930000,	train_time = 2.548748
TRAIN Iter 140: loss = 0.001839,	Top-1 err = 53.740000,	Top-5 err = 30.960000,	train_time = 2.548196
TRAIN Iter 141: loss = 0.001863,	Top-1 err = 52.740000,	Top-5 err = 30.860000,	train_time = 2.633290
TRAIN Iter 142: loss = 0.001859,	Top-1 err = 55.530000,	Top-5 err = 33.480000,	train_time = 2.532765
TRAIN Iter 143: loss = 0.001813,	Top-1 err = 53.480000,	Top-5 err = 31.150000,	train_time = 2.566042
TRAIN Iter 144: loss = 0.001828,	Top-1 err = 54.240000,	Top-5 err = 32.110000,	train_time = 2.521860
TRAIN Iter 145: loss = 0.001792,	Top-1 err = 51.080000,	Top-5 err = 29.180000,	train_time = 2.510532
TRAIN Iter 146: loss = 0.001844,	Top-1 err = 53.910000,	Top-5 err = 30.860000,	train_time = 2.630005
TRAIN Iter 147: loss = 0.001811,	Top-1 err = 55.940000,	Top-5 err = 33.350000,	train_time = 2.696680
TRAIN Iter 148: loss = 0.001792,	Top-1 err = 48.700000,	Top-5 err = 27.090000,	train_time = 2.575966
TRAIN Iter 149: loss = 0.001768,	Top-1 err = 51.540000,	Top-5 err = 29.170000,	train_time = 2.590073
TRAIN Iter 150: loss = 0.001798,	Top-1 err = 51.390000,	Top-5 err = 28.900000,	train_time = 2.625994
TRAIN Iter 151: loss = 0.001826,	Top-1 err = 52.520000,	Top-5 err = 30.010000,	train_time = 2.619749
TRAIN Iter 152: loss = 0.001789,	Top-1 err = 53.800000,	Top-5 err = 32.580000,	train_time = 2.634773
TRAIN Iter 153: loss = 0.001783,	Top-1 err = 55.020000,	Top-5 err = 32.610000,	train_time = 2.569726
TRAIN Iter 154: loss = 0.001781,	Top-1 err = 54.950000,	Top-5 err = 32.320000,	train_time = 2.688524
TRAIN Iter 155: loss = 0.001788,	Top-1 err = 54.380000,	Top-5 err = 32.460000,	train_time = 2.572333
TRAIN Iter 156: loss = 0.001777,	Top-1 err = 52.570000,	Top-5 err = 30.720000,	train_time = 2.522852
TRAIN Iter 157: loss = 0.001764,	Top-1 err = 53.200000,	Top-5 err = 30.800000,	train_time = 2.662098
TRAIN Iter 158: loss = 0.001751,	Top-1 err = 52.760000,	Top-5 err = 31.290000,	train_time = 2.521230
TRAIN Iter 159: loss = 0.001734,	Top-1 err = 52.950000,	Top-5 err = 32.040000,	train_time = 2.565196
TRAIN Iter 160: loss = 0.001748,	Top-1 err = 55.090000,	Top-5 err = 32.640000,	train_time = 2.237296
TRAIN Iter 161: loss = 0.001738,	Top-1 err = 54.380000,	Top-5 err = 31.860000,	train_time = 2.475679
TRAIN Iter 162: loss = 0.001731,	Top-1 err = 55.990000,	Top-5 err = 33.580000,	train_time = 2.562379
TRAIN Iter 163: loss = 0.001724,	Top-1 err = 53.530000,	Top-5 err = 31.040000,	train_time = 2.622999
TRAIN Iter 164: loss = 0.001730,	Top-1 err = 54.990000,	Top-5 err = 32.260000,	train_time = 2.616987
TRAIN Iter 165: loss = 0.001712,	Top-1 err = 55.670000,	Top-5 err = 33.970000,	train_time = 2.573115
TRAIN Iter 166: loss = 0.001739,	Top-1 err = 53.510000,	Top-5 err = 32.360000,	train_time = 2.541687
TRAIN Iter 167: loss = 0.001686,	Top-1 err = 54.220000,	Top-5 err = 32.340000,	train_time = 2.637823
TRAIN Iter 168: loss = 0.001717,	Top-1 err = 52.650000,	Top-5 err = 31.050000,	train_time = 2.536032
TRAIN Iter 169: loss = 0.001680,	Top-1 err = 50.940000,	Top-5 err = 29.540000,	train_time = 2.626483
TRAIN Iter 170: loss = 0.001712,	Top-1 err = 52.000000,	Top-5 err = 30.260000,	train_time = 2.495963
TRAIN Iter 171: loss = 0.001684,	Top-1 err = 53.770000,	Top-5 err = 31.690000,	train_time = 2.613350
TRAIN Iter 172: loss = 0.001658,	Top-1 err = 54.170000,	Top-5 err = 32.060000,	train_time = 2.356762
TRAIN Iter 173: loss = 0.001701,	Top-1 err = 51.060000,	Top-5 err = 30.070000,	train_time = 2.484619
TRAIN Iter 174: loss = 0.001716,	Top-1 err = 53.830000,	Top-5 err = 31.700000,	train_time = 2.419895
TRAIN Iter 175: loss = 0.001679,	Top-1 err = 51.760000,	Top-5 err = 30.390000,	train_time = 2.654113
TRAIN Iter 176: loss = 0.001673,	Top-1 err = 53.420000,	Top-5 err = 32.330000,	train_time = 2.479599
TRAIN Iter 177: loss = 0.001656,	Top-1 err = 54.520000,	Top-5 err = 32.430000,	train_time = 2.506210
TRAIN Iter 178: loss = 0.001609,	Top-1 err = 52.190000,	Top-5 err = 30.710000,	train_time = 2.710428
TRAIN Iter 179: loss = 0.001673,	Top-1 err = 52.760000,	Top-5 err = 30.170000,	train_time = 2.534220
TRAIN Iter 180: loss = 0.001628,	Top-1 err = 52.300000,	Top-5 err = 29.850000,	train_time = 2.529483
TRAIN Iter 181: loss = 0.001628,	Top-1 err = 53.880000,	Top-5 err = 31.460000,	train_time = 2.561375
TRAIN Iter 182: loss = 0.001649,	Top-1 err = 52.970000,	Top-5 err = 30.850000,	train_time = 2.631020
TRAIN Iter 183: loss = 0.001611,	Top-1 err = 53.270000,	Top-5 err = 31.270000,	train_time = 2.607234
TRAIN Iter 184: loss = 0.001670,	Top-1 err = 53.350000,	Top-5 err = 31.240000,	train_time = 2.481390
TRAIN Iter 185: loss = 0.001585,	Top-1 err = 51.690000,	Top-5 err = 30.300000,	train_time = 2.602507
TRAIN Iter 186: loss = 0.001605,	Top-1 err = 53.350000,	Top-5 err = 31.290000,	train_time = 2.581395
TRAIN Iter 187: loss = 0.001626,	Top-1 err = 52.700000,	Top-5 err = 30.900000,	train_time = 2.489380
TRAIN Iter 188: loss = 0.001610,	Top-1 err = 51.930000,	Top-5 err = 30.420000,	train_time = 2.543948
TRAIN Iter 189: loss = 0.001584,	Top-1 err = 52.900000,	Top-5 err = 31.260000,	train_time = 2.548067
TRAIN Iter 190: loss = 0.001629,	Top-1 err = 54.890000,	Top-5 err = 33.160000,	train_time = 2.478079
TRAIN Iter 191: loss = 0.001635,	Top-1 err = 52.590000,	Top-5 err = 30.230000,	train_time = 2.622868
TRAIN Iter 192: loss = 0.001643,	Top-1 err = 52.030000,	Top-5 err = 30.490000,	train_time = 2.616871
TRAIN Iter 193: loss = 0.001585,	Top-1 err = 54.140000,	Top-5 err = 31.320000,	train_time = 2.589943
TRAIN Iter 194: loss = 0.001591,	Top-1 err = 53.410000,	Top-5 err = 31.470000,	train_time = 2.755418
TRAIN Iter 195: loss = 0.001585,	Top-1 err = 55.460000,	Top-5 err = 33.820000,	train_time = 2.583129
TRAIN Iter 196: loss = 0.001567,	Top-1 err = 51.020000,	Top-5 err = 29.620000,	train_time = 2.683377
TRAIN Iter 197: loss = 0.001628,	Top-1 err = 55.490000,	Top-5 err = 33.430000,	train_time = 2.675849
TRAIN Iter 198: loss = 0.001577,	Top-1 err = 54.400000,	Top-5 err = 32.950000,	train_time = 2.648869
TRAIN Iter 199: loss = 0.001556,	Top-1 err = 52.510000,	Top-5 err = 30.320000,	train_time = 2.510634
TRAIN Iter 200: loss = 0.001584,	Top-1 err = 52.130000,	Top-5 err = 30.950000,	train_time = 2.604715
TRAIN Iter 201: loss = 0.001569,	Top-1 err = 54.790000,	Top-5 err = 33.940000,	train_time = 2.572891
TRAIN Iter 202: loss = 0.001553,	Top-1 err = 50.920000,	Top-5 err = 28.950000,	train_time = 2.647912
TRAIN Iter 203: loss = 0.001544,	Top-1 err = 52.020000,	Top-5 err = 30.730000,	train_time = 2.624742
TRAIN Iter 204: loss = 0.001571,	Top-1 err = 51.140000,	Top-5 err = 30.200000,	train_time = 2.550903
TRAIN Iter 205: loss = 0.001572,	Top-1 err = 50.790000,	Top-5 err = 28.840000,	train_time = 2.614671
TRAIN Iter 206: loss = 0.001538,	Top-1 err = 53.890000,	Top-5 err = 30.700000,	train_time = 2.573646
TRAIN Iter 207: loss = 0.001544,	Top-1 err = 54.660000,	Top-5 err = 32.340000,	train_time = 2.526905
TRAIN Iter 208: loss = 0.001553,	Top-1 err = 51.430000,	Top-5 err = 29.870000,	train_time = 2.639333
TRAIN Iter 209: loss = 0.001561,	Top-1 err = 54.020000,	Top-5 err = 31.510000,	train_time = 2.683728
TRAIN Iter 210: loss = 0.001568,	Top-1 err = 52.920000,	Top-5 err = 31.370000,	train_time = 2.642838
TRAIN Iter 211: loss = 0.001540,	Top-1 err = 52.330000,	Top-5 err = 30.530000,	train_time = 2.564626
TRAIN Iter 212: loss = 0.001516,	Top-1 err = 51.830000,	Top-5 err = 28.990000,	train_time = 2.683627
TRAIN Iter 213: loss = 0.001541,	Top-1 err = 52.940000,	Top-5 err = 31.610000,	train_time = 2.664685
TRAIN Iter 214: loss = 0.001503,	Top-1 err = 51.910000,	Top-5 err = 30.480000,	train_time = 2.654064
TRAIN Iter 215: loss = 0.001537,	Top-1 err = 52.940000,	Top-5 err = 31.580000,	train_time = 2.639929
TRAIN Iter 216: loss = 0.001530,	Top-1 err = 51.280000,	Top-5 err = 29.630000,	train_time = 2.494211
TRAIN Iter 217: loss = 0.001511,	Top-1 err = 52.650000,	Top-5 err = 31.440000,	train_time = 2.589889
TRAIN Iter 218: loss = 0.001535,	Top-1 err = 54.350000,	Top-5 err = 31.850000,	train_time = 2.569268
TRAIN Iter 219: loss = 0.001519,	Top-1 err = 50.200000,	Top-5 err = 28.420000,	train_time = 2.588557
TRAIN Iter 220: loss = 0.001494,	Top-1 err = 55.980000,	Top-5 err = 33.360000,	train_time = 2.679086
TRAIN Iter 221: loss = 0.001485,	Top-1 err = 52.350000,	Top-5 err = 29.160000,	train_time = 2.637235
TRAIN Iter 222: loss = 0.001489,	Top-1 err = 53.710000,	Top-5 err = 31.060000,	train_time = 2.542919
TRAIN Iter 223: loss = 0.001493,	Top-1 err = 54.240000,	Top-5 err = 33.110000,	train_time = 2.534570
TRAIN Iter 224: loss = 0.001480,	Top-1 err = 54.160000,	Top-5 err = 32.480000,	train_time = 2.629650
TRAIN Iter 225: loss = 0.001490,	Top-1 err = 53.560000,	Top-5 err = 31.650000,	train_time = 2.643619
TRAIN Iter 226: loss = 0.001501,	Top-1 err = 54.060000,	Top-5 err = 31.560000,	train_time = 2.630703
TRAIN Iter 227: loss = 0.001511,	Top-1 err = 50.830000,	Top-5 err = 29.330000,	train_time = 2.465509
TRAIN Iter 228: loss = 0.001446,	Top-1 err = 52.020000,	Top-5 err = 29.290000,	train_time = 2.698925
TRAIN Iter 229: loss = 0.001460,	Top-1 err = 51.700000,	Top-5 err = 29.170000,	train_time = 2.549384
TRAIN Iter 230: loss = 0.001439,	Top-1 err = 56.150000,	Top-5 err = 34.900000,	train_time = 2.574010
TRAIN Iter 231: loss = 0.001478,	Top-1 err = 53.420000,	Top-5 err = 31.610000,	train_time = 2.613187
TRAIN Iter 232: loss = 0.001463,	Top-1 err = 53.280000,	Top-5 err = 32.090000,	train_time = 2.637640
TRAIN Iter 233: loss = 0.001442,	Top-1 err = 51.710000,	Top-5 err = 29.980000,	train_time = 2.569676
TRAIN Iter 234: loss = 0.001456,	Top-1 err = 52.200000,	Top-5 err = 30.150000,	train_time = 2.544855
TRAIN Iter 235: loss = 0.001432,	Top-1 err = 52.330000,	Top-5 err = 29.720000,	train_time = 2.523834
TRAIN Iter 236: loss = 0.001479,	Top-1 err = 52.750000,	Top-5 err = 30.560000,	train_time = 2.626741
TRAIN Iter 237: loss = 0.001438,	Top-1 err = 50.720000,	Top-5 err = 29.000000,	train_time = 2.612974
TRAIN Iter 238: loss = 0.001462,	Top-1 err = 52.650000,	Top-5 err = 30.500000,	train_time = 2.653502
TRAIN Iter 239: loss = 0.001461,	Top-1 err = 53.140000,	Top-5 err = 30.790000,	train_time = 2.594464
TRAIN Iter 240: loss = 0.001450,	Top-1 err = 51.280000,	Top-5 err = 29.610000,	train_time = 2.480615
TRAIN Iter 241: loss = 0.001466,	Top-1 err = 53.890000,	Top-5 err = 31.940000,	train_time = 2.558219
TRAIN Iter 242: loss = 0.001480,	Top-1 err = 52.410000,	Top-5 err = 30.250000,	train_time = 2.527414
TRAIN Iter 243: loss = 0.001433,	Top-1 err = 50.080000,	Top-5 err = 28.650000,	train_time = 2.694004
TRAIN Iter 244: loss = 0.001436,	Top-1 err = 51.640000,	Top-5 err = 30.440000,	train_time = 2.567345
TRAIN Iter 245: loss = 0.001418,	Top-1 err = 54.810000,	Top-5 err = 32.080000,	train_time = 2.597578
TRAIN Iter 246: loss = 0.001398,	Top-1 err = 51.530000,	Top-5 err = 29.440000,	train_time = 2.581501
TRAIN Iter 247: loss = 0.001397,	Top-1 err = 51.180000,	Top-5 err = 28.690000,	train_time = 2.518312
TRAIN Iter 248: loss = 0.001387,	Top-1 err = 52.410000,	Top-5 err = 30.250000,	train_time = 2.521988
TRAIN Iter 249: loss = 0.001426,	Top-1 err = 53.020000,	Top-5 err = 31.190000,	train_time = 2.599039
TEST:
Iter 249: loss = 1.696800,	Top-1 err = 42.320000,	Top-5 err = 16.070000,	val_time = 0.753937
TRAIN Iter 250: loss = 0.001411,	Top-1 err = 53.580000,	Top-5 err = 32.230000,	train_time = 2.661591
TRAIN Iter 251: loss = 0.001427,	Top-1 err = 50.670000,	Top-5 err = 29.500000,	train_time = 2.609739
TRAIN Iter 252: loss = 0.001416,	Top-1 err = 52.770000,	Top-5 err = 30.780000,	train_time = 2.572857
TRAIN Iter 253: loss = 0.001396,	Top-1 err = 54.340000,	Top-5 err = 32.090000,	train_time = 2.536236
TRAIN Iter 254: loss = 0.001386,	Top-1 err = 51.840000,	Top-5 err = 30.150000,	train_time = 2.634222
TRAIN Iter 255: loss = 0.001404,	Top-1 err = 52.990000,	Top-5 err = 30.360000,	train_time = 2.633047
TRAIN Iter 256: loss = 0.001389,	Top-1 err = 54.520000,	Top-5 err = 31.880000,	train_time = 2.593415
TRAIN Iter 257: loss = 0.001428,	Top-1 err = 53.490000,	Top-5 err = 31.640000,	train_time = 2.542151
TRAIN Iter 258: loss = 0.001400,	Top-1 err = 51.860000,	Top-5 err = 30.250000,	train_time = 2.577959
TRAIN Iter 259: loss = 0.001406,	Top-1 err = 50.010000,	Top-5 err = 28.110000,	train_time = 2.589609
TEST:
Iter 259: loss = 1.664460,	Top-1 err = 41.650000,	Top-5 err = 15.740000,	val_time = 0.750289
TRAIN Iter 260: loss = 0.001419,	Top-1 err = 53.190000,	Top-5 err = 31.720000,	train_time = 2.563869
TRAIN Iter 261: loss = 0.001417,	Top-1 err = 53.540000,	Top-5 err = 31.760000,	train_time = 2.514575
TRAIN Iter 262: loss = 0.001378,	Top-1 err = 54.160000,	Top-5 err = 32.030000,	train_time = 2.567321
TRAIN Iter 263: loss = 0.001377,	Top-1 err = 53.420000,	Top-5 err = 31.380000,	train_time = 2.563010
TRAIN Iter 264: loss = 0.001394,	Top-1 err = 53.940000,	Top-5 err = 31.870000,	train_time = 2.573735
TRAIN Iter 265: loss = 0.001414,	Top-1 err = 53.500000,	Top-5 err = 32.240000,	train_time = 2.599180
TRAIN Iter 266: loss = 0.001413,	Top-1 err = 53.330000,	Top-5 err = 31.780000,	train_time = 2.629159
TRAIN Iter 267: loss = 0.001371,	Top-1 err = 52.320000,	Top-5 err = 31.030000,	train_time = 2.534952
TRAIN Iter 268: loss = 0.001389,	Top-1 err = 53.860000,	Top-5 err = 32.330000,	train_time = 2.692867
TRAIN Iter 269: loss = 0.001372,	Top-1 err = 53.200000,	Top-5 err = 31.810000,	train_time = 2.623752
TEST:
Iter 269: loss = 1.699249,	Top-1 err = 42.040000,	Top-5 err = 15.970000,	val_time = 0.730191
TRAIN Iter 270: loss = 0.001363,	Top-1 err = 51.640000,	Top-5 err = 29.330000,	train_time = 2.598444
TRAIN Iter 271: loss = 0.001341,	Top-1 err = 55.310000,	Top-5 err = 33.790000,	train_time = 2.536575
TRAIN Iter 272: loss = 0.001343,	Top-1 err = 54.770000,	Top-5 err = 32.220000,	train_time = 2.510347
TRAIN Iter 273: loss = 0.001344,	Top-1 err = 52.780000,	Top-5 err = 30.520000,	train_time = 2.395641
TRAIN Iter 274: loss = 0.001389,	Top-1 err = 53.780000,	Top-5 err = 32.510000,	train_time = 2.607780
TRAIN Iter 275: loss = 0.001372,	Top-1 err = 49.880000,	Top-5 err = 29.190000,	train_time = 2.602116
TRAIN Iter 276: loss = 0.001351,	Top-1 err = 51.630000,	Top-5 err = 30.080000,	train_time = 2.694263
TRAIN Iter 277: loss = 0.001362,	Top-1 err = 52.820000,	Top-5 err = 31.540000,	train_time = 2.596092
TRAIN Iter 278: loss = 0.001376,	Top-1 err = 52.010000,	Top-5 err = 30.950000,	train_time = 2.535208
TRAIN Iter 279: loss = 0.001364,	Top-1 err = 53.450000,	Top-5 err = 31.620000,	train_time = 2.521379
TEST:
Iter 279: loss = 1.614905,	Top-1 err = 41.070000,	Top-5 err = 15.520000,	val_time = 0.787867
TRAIN Iter 280: loss = 0.001343,	Top-1 err = 52.980000,	Top-5 err = 31.040000,	train_time = 2.519221
TRAIN Iter 281: loss = 0.001308,	Top-1 err = 52.570000,	Top-5 err = 29.730000,	train_time = 2.580268
TRAIN Iter 282: loss = 0.001338,	Top-1 err = 51.310000,	Top-5 err = 29.000000,	train_time = 2.590090
TRAIN Iter 283: loss = 0.001324,	Top-1 err = 53.530000,	Top-5 err = 32.490000,	train_time = 2.680723
TRAIN Iter 284: loss = 0.001323,	Top-1 err = 52.780000,	Top-5 err = 31.200000,	train_time = 2.476485
TRAIN Iter 285: loss = 0.001353,	Top-1 err = 51.140000,	Top-5 err = 29.980000,	train_time = 2.599913
TRAIN Iter 286: loss = 0.001353,	Top-1 err = 53.960000,	Top-5 err = 31.280000,	train_time = 2.599208
TRAIN Iter 287: loss = 0.001346,	Top-1 err = 53.660000,	Top-5 err = 31.880000,	train_time = 2.560713
TRAIN Iter 288: loss = 0.001364,	Top-1 err = 52.530000,	Top-5 err = 31.090000,	train_time = 2.608608
TRAIN Iter 289: loss = 0.001321,	Top-1 err = 54.950000,	Top-5 err = 32.900000,	train_time = 2.613364
TEST:
Iter 289: loss = 1.655190,	Top-1 err = 41.430000,	Top-5 err = 15.760000,	val_time = 0.773877
TRAIN Iter 290: loss = 0.001320,	Top-1 err = 53.000000,	Top-5 err = 31.620000,	train_time = 2.572709
TRAIN Iter 291: loss = 0.001342,	Top-1 err = 52.120000,	Top-5 err = 29.750000,	train_time = 2.590482
TRAIN Iter 292: loss = 0.001315,	Top-1 err = 53.660000,	Top-5 err = 31.800000,	train_time = 2.617257
TRAIN Iter 293: loss = 0.001320,	Top-1 err = 52.210000,	Top-5 err = 30.550000,	train_time = 2.547839
TRAIN Iter 294: loss = 0.001315,	Top-1 err = 53.290000,	Top-5 err = 31.450000,	train_time = 2.524308
TRAIN Iter 295: loss = 0.001297,	Top-1 err = 55.080000,	Top-5 err = 33.440000,	train_time = 2.494725
TRAIN Iter 296: loss = 0.001316,	Top-1 err = 51.560000,	Top-5 err = 29.430000,	train_time = 2.652673
TRAIN Iter 297: loss = 0.001305,	Top-1 err = 52.060000,	Top-5 err = 30.960000,	train_time = 2.613738
TRAIN Iter 298: loss = 0.001325,	Top-1 err = 50.910000,	Top-5 err = 29.700000,	train_time = 2.674466
TRAIN Iter 299: loss = 0.001294,	Top-1 err = 52.170000,	Top-5 err = 29.810000,	train_time = 2.586252
TEST:
Iter 299: loss = 1.618628,	Top-1 err = 40.870000,	Top-5 err = 15.460000,	val_time = 0.729502
Train Finish! Best accuracy is 59.13@299
