/home/dvspanos/miniconda3/envs/rded/lib/python3.10/site-packages/torch/cuda/__init__.py:611: UserWarning: Can't initialize NVML
  warnings.warn("Can't initialize NVML")
=> using pytorch pre-trained teacher model 'conv3'
process data from /home/dvspanos/nikos/ca2d/artifacts/sets/bench_cifar100_conv_sharp2d_ipc10
load data successfully
TRAIN Iter 0: loss = 0.020079,	Top-1 err = 96.900000,	Top-5 err = 88.500000,	train_time = 1.180788
TRAIN Iter 1: loss = 0.017376,	Top-1 err = 94.100000,	Top-5 err = 77.200000,	train_time = 0.388733
TRAIN Iter 2: loss = 0.016807,	Top-1 err = 91.300000,	Top-5 err = 68.800000,	train_time = 0.387598
TRAIN Iter 3: loss = 0.015711,	Top-1 err = 89.100000,	Top-5 err = 70.000000,	train_time = 0.379543
TRAIN Iter 4: loss = 0.016069,	Top-1 err = 83.600000,	Top-5 err = 62.800000,	train_time = 0.396252
TRAIN Iter 5: loss = 0.014851,	Top-1 err = 79.600000,	Top-5 err = 55.800000,	train_time = 0.374513
TRAIN Iter 6: loss = 0.014139,	Top-1 err = 79.100000,	Top-5 err = 54.000000,	train_time = 0.402066
TRAIN Iter 7: loss = 0.014414,	Top-1 err = 79.700000,	Top-5 err = 57.900000,	train_time = 0.364603
TRAIN Iter 8: loss = 0.013499,	Top-1 err = 78.400000,	Top-5 err = 57.000000,	train_time = 0.388771
TRAIN Iter 9: loss = 0.012231,	Top-1 err = 79.000000,	Top-5 err = 55.200000,	train_time = 0.389892
TRAIN Iter 10: loss = 0.012315,	Top-1 err = 75.100000,	Top-5 err = 49.700000,	train_time = 0.385895
TRAIN Iter 11: loss = 0.012068,	Top-1 err = 75.900000,	Top-5 err = 51.300000,	train_time = 0.396089
TRAIN Iter 12: loss = 0.011463,	Top-1 err = 71.700000,	Top-5 err = 45.000000,	train_time = 0.401290
TRAIN Iter 13: loss = 0.011243,	Top-1 err = 72.000000,	Top-5 err = 45.200000,	train_time = 0.356277
TRAIN Iter 14: loss = 0.010740,	Top-1 err = 70.300000,	Top-5 err = 47.300000,	train_time = 0.434952
TRAIN Iter 15: loss = 0.010496,	Top-1 err = 68.200000,	Top-5 err = 40.500000,	train_time = 0.377484
TRAIN Iter 16: loss = 0.010311,	Top-1 err = 69.200000,	Top-5 err = 45.300000,	train_time = 0.389175
TRAIN Iter 17: loss = 0.009684,	Top-1 err = 63.100000,	Top-5 err = 38.300000,	train_time = 0.383042
TRAIN Iter 18: loss = 0.009493,	Top-1 err = 64.300000,	Top-5 err = 40.500000,	train_time = 0.350165
TRAIN Iter 19: loss = 0.009453,	Top-1 err = 59.900000,	Top-5 err = 35.900000,	train_time = 0.371393
TRAIN Iter 20: loss = 0.009495,	Top-1 err = 63.000000,	Top-5 err = 37.900000,	train_time = 0.381677
TRAIN Iter 21: loss = 0.009110,	Top-1 err = 58.100000,	Top-5 err = 33.800000,	train_time = 0.365320
TRAIN Iter 22: loss = 0.008755,	Top-1 err = 57.600000,	Top-5 err = 33.300000,	train_time = 0.354249
TRAIN Iter 23: loss = 0.008658,	Top-1 err = 58.300000,	Top-5 err = 33.200000,	train_time = 0.389972
TRAIN Iter 24: loss = 0.008407,	Top-1 err = 57.700000,	Top-5 err = 37.000000,	train_time = 0.399642
TRAIN Iter 25: loss = 0.008900,	Top-1 err = 54.200000,	Top-5 err = 28.000000,	train_time = 0.396303
TRAIN Iter 26: loss = 0.008553,	Top-1 err = 63.600000,	Top-5 err = 39.600000,	train_time = 0.402962
TRAIN Iter 27: loss = 0.008335,	Top-1 err = 63.700000,	Top-5 err = 40.100000,	train_time = 0.394063
TRAIN Iter 28: loss = 0.007933,	Top-1 err = 55.500000,	Top-5 err = 31.900000,	train_time = 0.392863
TRAIN Iter 29: loss = 0.007744,	Top-1 err = 51.800000,	Top-5 err = 30.500000,	train_time = 0.392441
TRAIN Iter 30: loss = 0.007883,	Top-1 err = 56.500000,	Top-5 err = 34.100000,	train_time = 0.387375
TRAIN Iter 31: loss = 0.007460,	Top-1 err = 52.800000,	Top-5 err = 32.000000,	train_time = 0.380320
TRAIN Iter 32: loss = 0.007618,	Top-1 err = 54.600000,	Top-5 err = 32.900000,	train_time = 0.394624
TRAIN Iter 33: loss = 0.007716,	Top-1 err = 56.100000,	Top-5 err = 32.800000,	train_time = 0.385923
TRAIN Iter 34: loss = 0.006952,	Top-1 err = 51.900000,	Top-5 err = 31.800000,	train_time = 0.361573
TRAIN Iter 35: loss = 0.007262,	Top-1 err = 55.300000,	Top-5 err = 32.900000,	train_time = 0.407501
TRAIN Iter 36: loss = 0.007053,	Top-1 err = 61.600000,	Top-5 err = 39.800000,	train_time = 0.368114
TRAIN Iter 37: loss = 0.006932,	Top-1 err = 45.100000,	Top-5 err = 21.300000,	train_time = 0.425419
TRAIN Iter 38: loss = 0.006814,	Top-1 err = 49.900000,	Top-5 err = 27.300000,	train_time = 0.345209
TRAIN Iter 39: loss = 0.006854,	Top-1 err = 47.000000,	Top-5 err = 26.300000,	train_time = 0.392074
TRAIN Iter 40: loss = 0.006460,	Top-1 err = 47.100000,	Top-5 err = 28.200000,	train_time = 0.368273
TRAIN Iter 41: loss = 0.006511,	Top-1 err = 45.200000,	Top-5 err = 26.100000,	train_time = 0.394390
TRAIN Iter 42: loss = 0.006420,	Top-1 err = 44.500000,	Top-5 err = 21.500000,	train_time = 0.332930
TRAIN Iter 43: loss = 0.006398,	Top-1 err = 45.400000,	Top-5 err = 27.500000,	train_time = 0.358579
TRAIN Iter 44: loss = 0.006361,	Top-1 err = 46.700000,	Top-5 err = 26.400000,	train_time = 0.390233
TRAIN Iter 45: loss = 0.006074,	Top-1 err = 49.800000,	Top-5 err = 27.700000,	train_time = 0.384400
TRAIN Iter 46: loss = 0.006293,	Top-1 err = 48.200000,	Top-5 err = 26.600000,	train_time = 0.388280
TRAIN Iter 47: loss = 0.006363,	Top-1 err = 54.800000,	Top-5 err = 32.500000,	train_time = 0.378323
TRAIN Iter 48: loss = 0.006071,	Top-1 err = 48.800000,	Top-5 err = 28.700000,	train_time = 0.366148
TRAIN Iter 49: loss = 0.006104,	Top-1 err = 49.300000,	Top-5 err = 28.600000,	train_time = 0.361913
TRAIN Iter 50: loss = 0.006134,	Top-1 err = 39.800000,	Top-5 err = 21.100000,	train_time = 0.378332
TRAIN Iter 51: loss = 0.006302,	Top-1 err = 52.700000,	Top-5 err = 30.600000,	train_time = 0.410367
TRAIN Iter 52: loss = 0.005823,	Top-1 err = 55.100000,	Top-5 err = 33.100000,	train_time = 0.414227
TRAIN Iter 53: loss = 0.005872,	Top-1 err = 49.500000,	Top-5 err = 28.500000,	train_time = 0.388352
TRAIN Iter 54: loss = 0.005697,	Top-1 err = 45.100000,	Top-5 err = 25.100000,	train_time = 0.378684
TRAIN Iter 55: loss = 0.005573,	Top-1 err = 40.000000,	Top-5 err = 20.000000,	train_time = 0.384903
TRAIN Iter 56: loss = 0.005676,	Top-1 err = 40.100000,	Top-5 err = 22.200000,	train_time = 0.387950
TRAIN Iter 57: loss = 0.005680,	Top-1 err = 50.700000,	Top-5 err = 29.700000,	train_time = 0.389771
TRAIN Iter 58: loss = 0.005573,	Top-1 err = 45.100000,	Top-5 err = 25.400000,	train_time = 0.377505
TRAIN Iter 59: loss = 0.005656,	Top-1 err = 47.300000,	Top-5 err = 29.100000,	train_time = 0.391351
TRAIN Iter 60: loss = 0.005612,	Top-1 err = 50.600000,	Top-5 err = 30.400000,	train_time = 0.395815
TRAIN Iter 61: loss = 0.005277,	Top-1 err = 39.500000,	Top-5 err = 18.600000,	train_time = 0.407414
TRAIN Iter 62: loss = 0.005255,	Top-1 err = 40.800000,	Top-5 err = 22.900000,	train_time = 0.384121
TRAIN Iter 63: loss = 0.005248,	Top-1 err = 44.100000,	Top-5 err = 23.300000,	train_time = 0.392841
TRAIN Iter 64: loss = 0.005361,	Top-1 err = 49.800000,	Top-5 err = 28.900000,	train_time = 0.409667
TRAIN Iter 65: loss = 0.005233,	Top-1 err = 44.400000,	Top-5 err = 25.600000,	train_time = 0.402066
TRAIN Iter 66: loss = 0.005208,	Top-1 err = 43.400000,	Top-5 err = 22.200000,	train_time = 0.382738
TRAIN Iter 67: loss = 0.005261,	Top-1 err = 52.500000,	Top-5 err = 33.800000,	train_time = 0.413487
TRAIN Iter 68: loss = 0.005274,	Top-1 err = 45.400000,	Top-5 err = 27.000000,	train_time = 0.347116
TRAIN Iter 69: loss = 0.005186,	Top-1 err = 45.500000,	Top-5 err = 25.800000,	train_time = 0.389225
TRAIN Iter 70: loss = 0.005035,	Top-1 err = 44.800000,	Top-5 err = 25.400000,	train_time = 0.357082
TRAIN Iter 71: loss = 0.005049,	Top-1 err = 41.500000,	Top-5 err = 24.200000,	train_time = 0.373527
TRAIN Iter 72: loss = 0.005029,	Top-1 err = 46.000000,	Top-5 err = 25.200000,	train_time = 0.309729
TRAIN Iter 73: loss = 0.005242,	Top-1 err = 40.500000,	Top-5 err = 22.600000,	train_time = 0.387315
TRAIN Iter 74: loss = 0.005259,	Top-1 err = 50.500000,	Top-5 err = 29.800000,	train_time = 0.417533
TRAIN Iter 75: loss = 0.005010,	Top-1 err = 45.300000,	Top-5 err = 26.100000,	train_time = 0.381116
TRAIN Iter 76: loss = 0.004969,	Top-1 err = 47.500000,	Top-5 err = 29.000000,	train_time = 0.401301
TRAIN Iter 77: loss = 0.004989,	Top-1 err = 49.400000,	Top-5 err = 30.300000,	train_time = 0.386550
TRAIN Iter 78: loss = 0.005146,	Top-1 err = 43.700000,	Top-5 err = 23.900000,	train_time = 0.363147
TRAIN Iter 79: loss = 0.005279,	Top-1 err = 46.900000,	Top-5 err = 27.800000,	train_time = 0.386540
TRAIN Iter 80: loss = 0.005058,	Top-1 err = 43.600000,	Top-5 err = 24.500000,	train_time = 0.384108
TRAIN Iter 81: loss = 0.004985,	Top-1 err = 48.200000,	Top-5 err = 29.900000,	train_time = 0.378297
TRAIN Iter 82: loss = 0.004877,	Top-1 err = 46.700000,	Top-5 err = 26.600000,	train_time = 0.384130
TRAIN Iter 83: loss = 0.004660,	Top-1 err = 41.500000,	Top-5 err = 22.600000,	train_time = 0.393908
TRAIN Iter 84: loss = 0.004897,	Top-1 err = 49.600000,	Top-5 err = 30.300000,	train_time = 0.401712
TRAIN Iter 85: loss = 0.004798,	Top-1 err = 39.300000,	Top-5 err = 21.800000,	train_time = 0.384151
TRAIN Iter 86: loss = 0.004679,	Top-1 err = 42.500000,	Top-5 err = 25.500000,	train_time = 0.382958
TRAIN Iter 87: loss = 0.004860,	Top-1 err = 41.500000,	Top-5 err = 22.100000,	train_time = 0.395268
TRAIN Iter 88: loss = 0.004729,	Top-1 err = 47.800000,	Top-5 err = 30.800000,	train_time = 0.408317
TRAIN Iter 89: loss = 0.004511,	Top-1 err = 44.200000,	Top-5 err = 24.800000,	train_time = 0.422255
TRAIN Iter 90: loss = 0.004494,	Top-1 err = 40.100000,	Top-5 err = 23.400000,	train_time = 0.374655
TRAIN Iter 91: loss = 0.004457,	Top-1 err = 40.600000,	Top-5 err = 24.400000,	train_time = 0.365737
TRAIN Iter 92: loss = 0.004789,	Top-1 err = 41.200000,	Top-5 err = 24.100000,	train_time = 0.359044
TRAIN Iter 93: loss = 0.004618,	Top-1 err = 46.300000,	Top-5 err = 28.700000,	train_time = 0.396397
TRAIN Iter 94: loss = 0.004603,	Top-1 err = 45.000000,	Top-5 err = 26.800000,	train_time = 0.362648
TRAIN Iter 95: loss = 0.004518,	Top-1 err = 44.700000,	Top-5 err = 24.500000,	train_time = 0.403517
TRAIN Iter 96: loss = 0.004663,	Top-1 err = 45.500000,	Top-5 err = 25.800000,	train_time = 0.378122
TRAIN Iter 97: loss = 0.004654,	Top-1 err = 49.300000,	Top-5 err = 27.200000,	train_time = 0.359069
TRAIN Iter 98: loss = 0.004590,	Top-1 err = 52.000000,	Top-5 err = 30.200000,	train_time = 0.360382
TRAIN Iter 99: loss = 0.004403,	Top-1 err = 40.300000,	Top-5 err = 22.300000,	train_time = 0.399580
TRAIN Iter 100: loss = 0.004615,	Top-1 err = 47.100000,	Top-5 err = 30.200000,	train_time = 0.395404
TRAIN Iter 101: loss = 0.004399,	Top-1 err = 40.000000,	Top-5 err = 23.300000,	train_time = 0.371114
TRAIN Iter 102: loss = 0.004595,	Top-1 err = 48.000000,	Top-5 err = 26.700000,	train_time = 0.412678
TRAIN Iter 103: loss = 0.004404,	Top-1 err = 43.500000,	Top-5 err = 27.200000,	train_time = 0.381606
TRAIN Iter 104: loss = 0.004589,	Top-1 err = 52.100000,	Top-5 err = 32.100000,	train_time = 0.399066
TRAIN Iter 105: loss = 0.004436,	Top-1 err = 42.500000,	Top-5 err = 25.200000,	train_time = 0.394675
TRAIN Iter 106: loss = 0.004395,	Top-1 err = 46.100000,	Top-5 err = 27.700000,	train_time = 0.329469
TRAIN Iter 107: loss = 0.004425,	Top-1 err = 40.800000,	Top-5 err = 21.100000,	train_time = 0.390109
TRAIN Iter 108: loss = 0.004192,	Top-1 err = 41.300000,	Top-5 err = 22.500000,	train_time = 0.376889
TRAIN Iter 109: loss = 0.004302,	Top-1 err = 45.100000,	Top-5 err = 26.700000,	train_time = 0.404430
TRAIN Iter 110: loss = 0.004358,	Top-1 err = 40.200000,	Top-5 err = 20.200000,	train_time = 0.402073
TRAIN Iter 111: loss = 0.004114,	Top-1 err = 42.900000,	Top-5 err = 24.900000,	train_time = 0.371653
TRAIN Iter 112: loss = 0.004230,	Top-1 err = 38.500000,	Top-5 err = 22.200000,	train_time = 0.382396
TRAIN Iter 113: loss = 0.004147,	Top-1 err = 34.900000,	Top-5 err = 18.600000,	train_time = 0.356597
TRAIN Iter 114: loss = 0.004231,	Top-1 err = 45.800000,	Top-5 err = 27.700000,	train_time = 0.373861
TRAIN Iter 115: loss = 0.004188,	Top-1 err = 40.300000,	Top-5 err = 22.700000,	train_time = 0.397758
TRAIN Iter 116: loss = 0.004129,	Top-1 err = 46.300000,	Top-5 err = 27.300000,	train_time = 0.396966
TRAIN Iter 117: loss = 0.004296,	Top-1 err = 48.700000,	Top-5 err = 28.900000,	train_time = 0.370296
TRAIN Iter 118: loss = 0.004273,	Top-1 err = 44.200000,	Top-5 err = 23.300000,	train_time = 0.376075
TRAIN Iter 119: loss = 0.004304,	Top-1 err = 44.100000,	Top-5 err = 27.200000,	train_time = 0.370723
TRAIN Iter 120: loss = 0.004191,	Top-1 err = 40.800000,	Top-5 err = 23.100000,	train_time = 0.387674
TRAIN Iter 121: loss = 0.004213,	Top-1 err = 40.600000,	Top-5 err = 23.100000,	train_time = 0.429176
TRAIN Iter 122: loss = 0.004267,	Top-1 err = 49.800000,	Top-5 err = 31.300000,	train_time = 0.374930
TRAIN Iter 123: loss = 0.004304,	Top-1 err = 48.500000,	Top-5 err = 29.200000,	train_time = 0.384113
TRAIN Iter 124: loss = 0.004090,	Top-1 err = 39.600000,	Top-5 err = 21.400000,	train_time = 0.374937
TRAIN Iter 125: loss = 0.003999,	Top-1 err = 33.900000,	Top-5 err = 17.300000,	train_time = 0.386185
TRAIN Iter 126: loss = 0.004085,	Top-1 err = 44.600000,	Top-5 err = 26.500000,	train_time = 0.384961
TRAIN Iter 127: loss = 0.004081,	Top-1 err = 39.700000,	Top-5 err = 20.500000,	train_time = 0.371812
TRAIN Iter 128: loss = 0.003858,	Top-1 err = 41.200000,	Top-5 err = 25.700000,	train_time = 0.393194
TRAIN Iter 129: loss = 0.003967,	Top-1 err = 38.800000,	Top-5 err = 20.900000,	train_time = 0.377550
TRAIN Iter 130: loss = 0.004023,	Top-1 err = 46.000000,	Top-5 err = 25.900000,	train_time = 0.373407
TRAIN Iter 131: loss = 0.003980,	Top-1 err = 42.800000,	Top-5 err = 25.700000,	train_time = 0.373923
TRAIN Iter 132: loss = 0.004070,	Top-1 err = 47.700000,	Top-5 err = 29.800000,	train_time = 0.408693
TRAIN Iter 133: loss = 0.003936,	Top-1 err = 43.400000,	Top-5 err = 25.700000,	train_time = 0.403214
TRAIN Iter 134: loss = 0.003993,	Top-1 err = 39.700000,	Top-5 err = 21.200000,	train_time = 0.376380
TRAIN Iter 135: loss = 0.004064,	Top-1 err = 53.400000,	Top-5 err = 34.100000,	train_time = 0.414567
TRAIN Iter 136: loss = 0.003826,	Top-1 err = 39.000000,	Top-5 err = 21.900000,	train_time = 0.394341
TRAIN Iter 137: loss = 0.003892,	Top-1 err = 38.300000,	Top-5 err = 20.000000,	train_time = 0.367190
TRAIN Iter 138: loss = 0.003895,	Top-1 err = 39.700000,	Top-5 err = 20.100000,	train_time = 0.387726
TRAIN Iter 139: loss = 0.004034,	Top-1 err = 49.300000,	Top-5 err = 30.200000,	train_time = 0.375895
TRAIN Iter 140: loss = 0.003855,	Top-1 err = 39.700000,	Top-5 err = 22.600000,	train_time = 0.369513
TRAIN Iter 141: loss = 0.003846,	Top-1 err = 39.600000,	Top-5 err = 19.400000,	train_time = 0.374667
TRAIN Iter 142: loss = 0.003979,	Top-1 err = 39.700000,	Top-5 err = 22.700000,	train_time = 0.402129
TRAIN Iter 143: loss = 0.003684,	Top-1 err = 30.500000,	Top-5 err = 15.700000,	train_time = 0.395066
TRAIN Iter 144: loss = 0.003882,	Top-1 err = 40.700000,	Top-5 err = 24.000000,	train_time = 0.423953
TRAIN Iter 145: loss = 0.004086,	Top-1 err = 47.300000,	Top-5 err = 29.400000,	train_time = 0.387986
TRAIN Iter 146: loss = 0.003939,	Top-1 err = 42.200000,	Top-5 err = 26.900000,	train_time = 0.388597
TRAIN Iter 147: loss = 0.003867,	Top-1 err = 46.600000,	Top-5 err = 27.500000,	train_time = 0.376932
TRAIN Iter 148: loss = 0.003965,	Top-1 err = 46.100000,	Top-5 err = 29.500000,	train_time = 0.411454
TRAIN Iter 149: loss = 0.003861,	Top-1 err = 41.300000,	Top-5 err = 23.700000,	train_time = 0.392698
TRAIN Iter 150: loss = 0.003900,	Top-1 err = 46.400000,	Top-5 err = 29.700000,	train_time = 0.404972
TRAIN Iter 151: loss = 0.003875,	Top-1 err = 36.000000,	Top-5 err = 18.800000,	train_time = 0.415436
TRAIN Iter 152: loss = 0.003862,	Top-1 err = 42.100000,	Top-5 err = 24.000000,	train_time = 0.390945
TRAIN Iter 153: loss = 0.003784,	Top-1 err = 42.300000,	Top-5 err = 22.200000,	train_time = 0.395697
TRAIN Iter 154: loss = 0.003745,	Top-1 err = 38.200000,	Top-5 err = 19.900000,	train_time = 0.366450
TRAIN Iter 155: loss = 0.003762,	Top-1 err = 42.300000,	Top-5 err = 24.700000,	train_time = 0.403244
TRAIN Iter 156: loss = 0.003726,	Top-1 err = 43.400000,	Top-5 err = 26.700000,	train_time = 0.416062
TRAIN Iter 157: loss = 0.004011,	Top-1 err = 49.900000,	Top-5 err = 31.700000,	train_time = 0.386651
TRAIN Iter 158: loss = 0.003726,	Top-1 err = 35.600000,	Top-5 err = 18.200000,	train_time = 0.392050
TRAIN Iter 159: loss = 0.004056,	Top-1 err = 48.700000,	Top-5 err = 32.500000,	train_time = 0.415024
TRAIN Iter 160: loss = 0.003752,	Top-1 err = 39.000000,	Top-5 err = 21.700000,	train_time = 0.385846
TRAIN Iter 161: loss = 0.003593,	Top-1 err = 37.000000,	Top-5 err = 19.900000,	train_time = 0.388309
TRAIN Iter 162: loss = 0.003660,	Top-1 err = 44.600000,	Top-5 err = 26.500000,	train_time = 0.374117
TRAIN Iter 163: loss = 0.003845,	Top-1 err = 45.300000,	Top-5 err = 25.600000,	train_time = 0.385843
TRAIN Iter 164: loss = 0.003657,	Top-1 err = 46.300000,	Top-5 err = 27.700000,	train_time = 0.386997
TRAIN Iter 165: loss = 0.003717,	Top-1 err = 45.800000,	Top-5 err = 26.600000,	train_time = 0.388623
TRAIN Iter 166: loss = 0.003569,	Top-1 err = 47.100000,	Top-5 err = 27.900000,	train_time = 0.371818
TRAIN Iter 167: loss = 0.003634,	Top-1 err = 38.000000,	Top-5 err = 22.800000,	train_time = 0.390511
TRAIN Iter 168: loss = 0.003679,	Top-1 err = 51.300000,	Top-5 err = 31.600000,	train_time = 0.391460
TRAIN Iter 169: loss = 0.003616,	Top-1 err = 36.000000,	Top-5 err = 20.200000,	train_time = 0.355200
TRAIN Iter 170: loss = 0.003688,	Top-1 err = 40.900000,	Top-5 err = 23.600000,	train_time = 0.396450
TRAIN Iter 171: loss = 0.003464,	Top-1 err = 36.800000,	Top-5 err = 20.000000,	train_time = 0.387556
TRAIN Iter 172: loss = 0.003623,	Top-1 err = 43.700000,	Top-5 err = 26.100000,	train_time = 0.410537
TRAIN Iter 173: loss = 0.003729,	Top-1 err = 42.900000,	Top-5 err = 25.100000,	train_time = 0.379592
TRAIN Iter 174: loss = 0.003435,	Top-1 err = 32.800000,	Top-5 err = 19.700000,	train_time = 0.406037
TRAIN Iter 175: loss = 0.003468,	Top-1 err = 34.600000,	Top-5 err = 18.700000,	train_time = 0.382559
TRAIN Iter 176: loss = 0.003664,	Top-1 err = 46.800000,	Top-5 err = 26.900000,	train_time = 0.396562
TRAIN Iter 177: loss = 0.003542,	Top-1 err = 40.500000,	Top-5 err = 23.000000,	train_time = 0.388553
TRAIN Iter 178: loss = 0.003312,	Top-1 err = 30.300000,	Top-5 err = 13.000000,	train_time = 0.385954
TRAIN Iter 179: loss = 0.003495,	Top-1 err = 41.100000,	Top-5 err = 23.600000,	train_time = 0.377589
TRAIN Iter 180: loss = 0.003549,	Top-1 err = 43.400000,	Top-5 err = 28.200000,	train_time = 0.364497
TRAIN Iter 181: loss = 0.003498,	Top-1 err = 39.700000,	Top-5 err = 24.000000,	train_time = 0.402045
TRAIN Iter 182: loss = 0.003426,	Top-1 err = 32.400000,	Top-5 err = 17.200000,	train_time = 0.394179
TRAIN Iter 183: loss = 0.003683,	Top-1 err = 47.200000,	Top-5 err = 27.100000,	train_time = 0.385692
TRAIN Iter 184: loss = 0.003615,	Top-1 err = 40.000000,	Top-5 err = 24.100000,	train_time = 0.401718
TRAIN Iter 185: loss = 0.003399,	Top-1 err = 33.300000,	Top-5 err = 17.300000,	train_time = 0.405549
TRAIN Iter 186: loss = 0.003534,	Top-1 err = 50.800000,	Top-5 err = 32.800000,	train_time = 0.377916
TRAIN Iter 187: loss = 0.003518,	Top-1 err = 43.600000,	Top-5 err = 25.000000,	train_time = 0.405322
TRAIN Iter 188: loss = 0.003526,	Top-1 err = 42.700000,	Top-5 err = 24.900000,	train_time = 0.402145
TRAIN Iter 189: loss = 0.003459,	Top-1 err = 43.800000,	Top-5 err = 25.900000,	train_time = 0.375994
TRAIN Iter 190: loss = 0.003544,	Top-1 err = 45.200000,	Top-5 err = 27.000000,	train_time = 0.360125
TRAIN Iter 191: loss = 0.003507,	Top-1 err = 45.100000,	Top-5 err = 25.900000,	train_time = 0.395008
TRAIN Iter 192: loss = 0.003447,	Top-1 err = 43.500000,	Top-5 err = 26.300000,	train_time = 0.372313
TRAIN Iter 193: loss = 0.003502,	Top-1 err = 38.300000,	Top-5 err = 20.800000,	train_time = 0.366014
TRAIN Iter 194: loss = 0.003410,	Top-1 err = 36.700000,	Top-5 err = 21.400000,	train_time = 0.383404
TRAIN Iter 195: loss = 0.003365,	Top-1 err = 40.500000,	Top-5 err = 23.600000,	train_time = 0.385382
TRAIN Iter 196: loss = 0.003622,	Top-1 err = 39.800000,	Top-5 err = 23.100000,	train_time = 0.360939
TRAIN Iter 197: loss = 0.003448,	Top-1 err = 35.400000,	Top-5 err = 19.400000,	train_time = 0.363760
TRAIN Iter 198: loss = 0.003563,	Top-1 err = 52.400000,	Top-5 err = 30.400000,	train_time = 0.416888
TRAIN Iter 199: loss = 0.003393,	Top-1 err = 37.600000,	Top-5 err = 19.300000,	train_time = 0.386342
TRAIN Iter 200: loss = 0.003346,	Top-1 err = 42.200000,	Top-5 err = 24.700000,	train_time = 0.400531
TRAIN Iter 201: loss = 0.003434,	Top-1 err = 44.300000,	Top-5 err = 25.700000,	train_time = 0.391076
TRAIN Iter 202: loss = 0.003567,	Top-1 err = 43.400000,	Top-5 err = 26.500000,	train_time = 0.378144
TRAIN Iter 203: loss = 0.003408,	Top-1 err = 42.300000,	Top-5 err = 22.900000,	train_time = 0.398328
TRAIN Iter 204: loss = 0.003282,	Top-1 err = 39.200000,	Top-5 err = 21.900000,	train_time = 0.389725
TRAIN Iter 205: loss = 0.003542,	Top-1 err = 42.600000,	Top-5 err = 26.600000,	train_time = 0.407555
TRAIN Iter 206: loss = 0.003211,	Top-1 err = 31.600000,	Top-5 err = 14.500000,	train_time = 0.339670
TRAIN Iter 207: loss = 0.003240,	Top-1 err = 33.000000,	Top-5 err = 18.100000,	train_time = 0.406234
TRAIN Iter 208: loss = 0.003404,	Top-1 err = 43.000000,	Top-5 err = 26.800000,	train_time = 0.376656
TRAIN Iter 209: loss = 0.003251,	Top-1 err = 38.300000,	Top-5 err = 19.700000,	train_time = 0.374331
TRAIN Iter 210: loss = 0.003373,	Top-1 err = 38.800000,	Top-5 err = 22.800000,	train_time = 0.373566
TRAIN Iter 211: loss = 0.003398,	Top-1 err = 44.500000,	Top-5 err = 26.300000,	train_time = 0.362126
TRAIN Iter 212: loss = 0.003373,	Top-1 err = 45.200000,	Top-5 err = 27.100000,	train_time = 0.375977
TRAIN Iter 213: loss = 0.003287,	Top-1 err = 34.700000,	Top-5 err = 16.300000,	train_time = 0.384774
TRAIN Iter 214: loss = 0.003381,	Top-1 err = 41.800000,	Top-5 err = 23.300000,	train_time = 0.400060
TRAIN Iter 215: loss = 0.003309,	Top-1 err = 39.100000,	Top-5 err = 21.800000,	train_time = 0.354699
TRAIN Iter 216: loss = 0.003382,	Top-1 err = 41.300000,	Top-5 err = 24.500000,	train_time = 0.399105
TRAIN Iter 217: loss = 0.003228,	Top-1 err = 36.700000,	Top-5 err = 21.200000,	train_time = 0.377948
TRAIN Iter 218: loss = 0.003316,	Top-1 err = 43.100000,	Top-5 err = 24.200000,	train_time = 0.375557
TRAIN Iter 219: loss = 0.003227,	Top-1 err = 37.200000,	Top-5 err = 17.300000,	train_time = 0.339306
TRAIN Iter 220: loss = 0.003320,	Top-1 err = 42.900000,	Top-5 err = 28.700000,	train_time = 0.406090
TRAIN Iter 221: loss = 0.003429,	Top-1 err = 42.900000,	Top-5 err = 24.100000,	train_time = 0.366569
TRAIN Iter 222: loss = 0.003252,	Top-1 err = 35.000000,	Top-5 err = 19.900000,	train_time = 0.394090
TRAIN Iter 223: loss = 0.003269,	Top-1 err = 39.600000,	Top-5 err = 21.600000,	train_time = 0.403160
TRAIN Iter 224: loss = 0.003325,	Top-1 err = 45.400000,	Top-5 err = 25.400000,	train_time = 0.384271
TRAIN Iter 225: loss = 0.003378,	Top-1 err = 47.500000,	Top-5 err = 29.200000,	train_time = 0.382592
TRAIN Iter 226: loss = 0.003467,	Top-1 err = 47.900000,	Top-5 err = 29.200000,	train_time = 0.390369
TRAIN Iter 227: loss = 0.003534,	Top-1 err = 49.200000,	Top-5 err = 30.000000,	train_time = 0.404052
TRAIN Iter 228: loss = 0.003389,	Top-1 err = 46.100000,	Top-5 err = 30.100000,	train_time = 0.384226
TRAIN Iter 229: loss = 0.003155,	Top-1 err = 35.500000,	Top-5 err = 21.600000,	train_time = 0.399531
TRAIN Iter 230: loss = 0.003362,	Top-1 err = 44.200000,	Top-5 err = 25.900000,	train_time = 0.385696
TRAIN Iter 231: loss = 0.003272,	Top-1 err = 38.900000,	Top-5 err = 21.600000,	train_time = 0.319150
TRAIN Iter 232: loss = 0.003414,	Top-1 err = 44.100000,	Top-5 err = 25.500000,	train_time = 0.378366
TRAIN Iter 233: loss = 0.002996,	Top-1 err = 31.800000,	Top-5 err = 17.400000,	train_time = 0.392990
TRAIN Iter 234: loss = 0.003295,	Top-1 err = 45.500000,	Top-5 err = 27.200000,	train_time = 0.388123
TRAIN Iter 235: loss = 0.003151,	Top-1 err = 38.500000,	Top-5 err = 22.200000,	train_time = 0.386924
TRAIN Iter 236: loss = 0.003165,	Top-1 err = 36.600000,	Top-5 err = 17.200000,	train_time = 0.384412
TRAIN Iter 237: loss = 0.003189,	Top-1 err = 38.500000,	Top-5 err = 20.800000,	train_time = 0.408616
TRAIN Iter 238: loss = 0.003323,	Top-1 err = 48.700000,	Top-5 err = 26.000000,	train_time = 0.400092
TRAIN Iter 239: loss = 0.003285,	Top-1 err = 47.800000,	Top-5 err = 28.700000,	train_time = 0.389128
TRAIN Iter 240: loss = 0.003324,	Top-1 err = 46.000000,	Top-5 err = 29.300000,	train_time = 0.410157
TRAIN Iter 241: loss = 0.003133,	Top-1 err = 41.400000,	Top-5 err = 24.200000,	train_time = 0.397586
TRAIN Iter 242: loss = 0.003236,	Top-1 err = 47.100000,	Top-5 err = 28.000000,	train_time = 0.372284
TRAIN Iter 243: loss = 0.003369,	Top-1 err = 44.300000,	Top-5 err = 29.300000,	train_time = 0.385853
TRAIN Iter 244: loss = 0.003306,	Top-1 err = 38.000000,	Top-5 err = 21.100000,	train_time = 0.367121
TRAIN Iter 245: loss = 0.003240,	Top-1 err = 48.200000,	Top-5 err = 32.100000,	train_time = 0.415755
TRAIN Iter 246: loss = 0.003240,	Top-1 err = 52.900000,	Top-5 err = 33.100000,	train_time = 0.378763
TRAIN Iter 247: loss = 0.003094,	Top-1 err = 32.200000,	Top-5 err = 17.200000,	train_time = 0.390579
TRAIN Iter 248: loss = 0.003150,	Top-1 err = 39.200000,	Top-5 err = 22.400000,	train_time = 0.385906
TRAIN Iter 249: loss = 0.003181,	Top-1 err = 44.100000,	Top-5 err = 27.500000,	train_time = 0.371837
TEST:
Iter 249: loss = 2.057244,	Top-1 err = 52.560000,	Top-5 err = 22.720000,	val_time = 0.706748
TRAIN Iter 250: loss = 0.003090,	Top-1 err = 37.900000,	Top-5 err = 22.900000,	train_time = 0.348411
TRAIN Iter 251: loss = 0.003157,	Top-1 err = 45.000000,	Top-5 err = 25.300000,	train_time = 0.397198
TRAIN Iter 252: loss = 0.003028,	Top-1 err = 35.200000,	Top-5 err = 17.800000,	train_time = 0.392143
TRAIN Iter 253: loss = 0.003194,	Top-1 err = 40.600000,	Top-5 err = 25.000000,	train_time = 0.451304
TRAIN Iter 254: loss = 0.003163,	Top-1 err = 42.800000,	Top-5 err = 24.700000,	train_time = 0.400630
TRAIN Iter 255: loss = 0.002988,	Top-1 err = 38.500000,	Top-5 err = 23.200000,	train_time = 0.412228
TRAIN Iter 256: loss = 0.003070,	Top-1 err = 40.500000,	Top-5 err = 23.800000,	train_time = 0.421030
TRAIN Iter 257: loss = 0.003116,	Top-1 err = 46.100000,	Top-5 err = 27.700000,	train_time = 0.356515
TRAIN Iter 258: loss = 0.003058,	Top-1 err = 38.800000,	Top-5 err = 21.700000,	train_time = 0.374820
TRAIN Iter 259: loss = 0.003098,	Top-1 err = 45.900000,	Top-5 err = 29.800000,	train_time = 0.403187
TEST:
Iter 259: loss = 2.051190,	Top-1 err = 51.900000,	Top-5 err = 22.710000,	val_time = 0.698168
TRAIN Iter 260: loss = 0.003043,	Top-1 err = 34.800000,	Top-5 err = 21.700000,	train_time = 0.369831
TRAIN Iter 261: loss = 0.002991,	Top-1 err = 39.600000,	Top-5 err = 20.300000,	train_time = 0.392712
TRAIN Iter 262: loss = 0.003171,	Top-1 err = 41.600000,	Top-5 err = 23.100000,	train_time = 0.379984
TRAIN Iter 263: loss = 0.002924,	Top-1 err = 30.300000,	Top-5 err = 16.400000,	train_time = 0.410350
TRAIN Iter 264: loss = 0.002953,	Top-1 err = 34.200000,	Top-5 err = 18.100000,	train_time = 0.383682
TRAIN Iter 265: loss = 0.003138,	Top-1 err = 47.400000,	Top-5 err = 28.300000,	train_time = 0.401967
TRAIN Iter 266: loss = 0.003019,	Top-1 err = 37.200000,	Top-5 err = 23.200000,	train_time = 0.354783
TRAIN Iter 267: loss = 0.003115,	Top-1 err = 45.200000,	Top-5 err = 29.700000,	train_time = 0.402786
TRAIN Iter 268: loss = 0.002990,	Top-1 err = 36.500000,	Top-5 err = 19.400000,	train_time = 0.399885
TRAIN Iter 269: loss = 0.003074,	Top-1 err = 37.400000,	Top-5 err = 20.700000,	train_time = 0.381773
TEST:
Iter 269: loss = 2.000373,	Top-1 err = 50.970000,	Top-5 err = 21.960000,	val_time = 0.740554
TRAIN Iter 270: loss = 0.003102,	Top-1 err = 44.800000,	Top-5 err = 29.000000,	train_time = 0.376984
TRAIN Iter 271: loss = 0.002956,	Top-1 err = 32.400000,	Top-5 err = 16.000000,	train_time = 0.398447
TRAIN Iter 272: loss = 0.003038,	Top-1 err = 46.000000,	Top-5 err = 26.700000,	train_time = 0.377363
TRAIN Iter 273: loss = 0.003067,	Top-1 err = 47.500000,	Top-5 err = 27.700000,	train_time = 0.396713
TRAIN Iter 274: loss = 0.003125,	Top-1 err = 40.600000,	Top-5 err = 20.000000,	train_time = 0.386199
TRAIN Iter 275: loss = 0.002982,	Top-1 err = 36.900000,	Top-5 err = 19.600000,	train_time = 0.415444
TRAIN Iter 276: loss = 0.003123,	Top-1 err = 41.900000,	Top-5 err = 24.100000,	train_time = 0.397002
TRAIN Iter 277: loss = 0.003076,	Top-1 err = 41.500000,	Top-5 err = 21.900000,	train_time = 0.415123
TRAIN Iter 278: loss = 0.002851,	Top-1 err = 34.800000,	Top-5 err = 19.500000,	train_time = 0.365579
TRAIN Iter 279: loss = 0.002971,	Top-1 err = 35.300000,	Top-5 err = 19.900000,	train_time = 0.322580
TEST:
Iter 279: loss = 2.000771,	Top-1 err = 51.510000,	Top-5 err = 21.410000,	val_time = 0.698640
TRAIN Iter 280: loss = 0.002997,	Top-1 err = 42.700000,	Top-5 err = 23.500000,	train_time = 0.372252
TRAIN Iter 281: loss = 0.002975,	Top-1 err = 37.800000,	Top-5 err = 23.000000,	train_time = 0.384980
TRAIN Iter 282: loss = 0.002909,	Top-1 err = 36.500000,	Top-5 err = 19.900000,	train_time = 0.364997
TRAIN Iter 283: loss = 0.002886,	Top-1 err = 39.600000,	Top-5 err = 24.700000,	train_time = 0.392100
TRAIN Iter 284: loss = 0.002970,	Top-1 err = 40.400000,	Top-5 err = 21.800000,	train_time = 0.389642
TRAIN Iter 285: loss = 0.002964,	Top-1 err = 46.200000,	Top-5 err = 27.000000,	train_time = 0.405175
TRAIN Iter 286: loss = 0.002992,	Top-1 err = 41.900000,	Top-5 err = 24.000000,	train_time = 0.402956
TRAIN Iter 287: loss = 0.002907,	Top-1 err = 39.400000,	Top-5 err = 21.800000,	train_time = 0.400684
TRAIN Iter 288: loss = 0.003040,	Top-1 err = 48.800000,	Top-5 err = 31.600000,	train_time = 0.351619
TRAIN Iter 289: loss = 0.002978,	Top-1 err = 45.800000,	Top-5 err = 29.700000,	train_time = 0.406304
TEST:
Iter 289: loss = 1.962011,	Top-1 err = 50.820000,	Top-5 err = 21.300000,	val_time = 0.716194
TRAIN Iter 290: loss = 0.002709,	Top-1 err = 35.700000,	Top-5 err = 19.000000,	train_time = 0.391016
TRAIN Iter 291: loss = 0.002895,	Top-1 err = 39.400000,	Top-5 err = 24.500000,	train_time = 0.392345
TRAIN Iter 292: loss = 0.002967,	Top-1 err = 44.500000,	Top-5 err = 27.000000,	train_time = 0.339182
TRAIN Iter 293: loss = 0.002807,	Top-1 err = 34.100000,	Top-5 err = 18.900000,	train_time = 0.383798
TRAIN Iter 294: loss = 0.002955,	Top-1 err = 35.900000,	Top-5 err = 20.100000,	train_time = 0.367207
TRAIN Iter 295: loss = 0.003078,	Top-1 err = 47.300000,	Top-5 err = 29.700000,	train_time = 0.369895
TRAIN Iter 296: loss = 0.002877,	Top-1 err = 43.100000,	Top-5 err = 23.800000,	train_time = 0.416434
TRAIN Iter 297: loss = 0.002897,	Top-1 err = 41.200000,	Top-5 err = 23.700000,	train_time = 0.384868
TRAIN Iter 298: loss = 0.002889,	Top-1 err = 36.300000,	Top-5 err = 18.800000,	train_time = 0.372515
TRAIN Iter 299: loss = 0.003104,	Top-1 err = 44.400000,	Top-5 err = 27.500000,	train_time = 0.392813
TEST:
Iter 299: loss = 1.979132,	Top-1 err = 50.790000,	Top-5 err = 21.220000,	val_time = 0.802594
Train Finish! Best accuracy is 49.21@299
