/home/dvspanos/miniconda3/envs/rded/lib/python3.10/site-packages/torch/cuda/__init__.py:611: UserWarning: Can't initialize NVML
  warnings.warn("Can't initialize NVML")
=> using pytorch pre-trained teacher model 'conv3'
process data from /home/dvspanos/nikos/ca2d/artifacts/sets/ca2d_ipc50
load data successfully
TRAIN Iter 0: loss = 0.015814,	Top-1 err = 93.420000,	Top-5 err = 77.180000,	train_time = 2.063406
TRAIN Iter 1: loss = 0.013109,	Top-1 err = 88.500000,	Top-5 err = 68.440000,	train_time = 1.338124
TRAIN Iter 2: loss = 0.011544,	Top-1 err = 82.680000,	Top-5 err = 59.700000,	train_time = 1.352974
TRAIN Iter 3: loss = 0.010263,	Top-1 err = 77.220000,	Top-5 err = 51.640000,	train_time = 1.365277
TRAIN Iter 4: loss = 0.009073,	Top-1 err = 76.140000,	Top-5 err = 50.000000,	train_time = 1.389717
TRAIN Iter 5: loss = 0.008561,	Top-1 err = 71.000000,	Top-5 err = 43.700000,	train_time = 1.325462
TRAIN Iter 6: loss = 0.008120,	Top-1 err = 69.420000,	Top-5 err = 42.560000,	train_time = 1.437594
TRAIN Iter 7: loss = 0.007492,	Top-1 err = 66.100000,	Top-5 err = 40.460000,	train_time = 1.350227
TRAIN Iter 8: loss = 0.006956,	Top-1 err = 65.840000,	Top-5 err = 40.060000,	train_time = 1.386475
TRAIN Iter 9: loss = 0.006688,	Top-1 err = 65.980000,	Top-5 err = 40.940000,	train_time = 1.355569
TRAIN Iter 10: loss = 0.006484,	Top-1 err = 62.800000,	Top-5 err = 37.620000,	train_time = 1.293980
TRAIN Iter 11: loss = 0.006229,	Top-1 err = 59.080000,	Top-5 err = 34.680000,	train_time = 1.381715
TRAIN Iter 12: loss = 0.005894,	Top-1 err = 60.200000,	Top-5 err = 36.240000,	train_time = 1.293208
TRAIN Iter 13: loss = 0.005812,	Top-1 err = 61.480000,	Top-5 err = 37.000000,	train_time = 1.359591
TRAIN Iter 14: loss = 0.005536,	Top-1 err = 57.620000,	Top-5 err = 34.500000,	train_time = 1.348692
TRAIN Iter 15: loss = 0.005413,	Top-1 err = 60.100000,	Top-5 err = 36.340000,	train_time = 1.362826
TRAIN Iter 16: loss = 0.005266,	Top-1 err = 56.000000,	Top-5 err = 33.740000,	train_time = 1.346076
TRAIN Iter 17: loss = 0.005133,	Top-1 err = 61.780000,	Top-5 err = 38.700000,	train_time = 1.255675
TRAIN Iter 18: loss = 0.005121,	Top-1 err = 53.760000,	Top-5 err = 31.300000,	train_time = 1.325299
TRAIN Iter 19: loss = 0.004879,	Top-1 err = 55.680000,	Top-5 err = 33.380000,	train_time = 1.354223
TRAIN Iter 20: loss = 0.004762,	Top-1 err = 56.660000,	Top-5 err = 33.940000,	train_time = 1.400611
TRAIN Iter 21: loss = 0.004684,	Top-1 err = 54.300000,	Top-5 err = 31.120000,	train_time = 1.366030
TRAIN Iter 22: loss = 0.004603,	Top-1 err = 53.480000,	Top-5 err = 31.480000,	train_time = 1.099825
TRAIN Iter 23: loss = 0.004501,	Top-1 err = 57.760000,	Top-5 err = 35.760000,	train_time = 1.467285
TRAIN Iter 24: loss = 0.004535,	Top-1 err = 52.620000,	Top-5 err = 30.260000,	train_time = 1.370325
TRAIN Iter 25: loss = 0.004315,	Top-1 err = 55.880000,	Top-5 err = 32.820000,	train_time = 1.304939
TRAIN Iter 26: loss = 0.004310,	Top-1 err = 54.920000,	Top-5 err = 32.360000,	train_time = 1.367536
TRAIN Iter 27: loss = 0.004347,	Top-1 err = 53.620000,	Top-5 err = 31.840000,	train_time = 1.336981
TRAIN Iter 28: loss = 0.004236,	Top-1 err = 52.540000,	Top-5 err = 31.060000,	train_time = 1.430073
TRAIN Iter 29: loss = 0.004184,	Top-1 err = 50.960000,	Top-5 err = 29.040000,	train_time = 1.335288
TRAIN Iter 30: loss = 0.004139,	Top-1 err = 53.340000,	Top-5 err = 32.080000,	train_time = 1.341013
TRAIN Iter 31: loss = 0.004065,	Top-1 err = 52.280000,	Top-5 err = 30.600000,	train_time = 1.359033
TRAIN Iter 32: loss = 0.004050,	Top-1 err = 49.740000,	Top-5 err = 28.140000,	train_time = 1.313323
TRAIN Iter 33: loss = 0.004046,	Top-1 err = 50.640000,	Top-5 err = 29.740000,	train_time = 1.379071
TRAIN Iter 34: loss = 0.004033,	Top-1 err = 55.860000,	Top-5 err = 34.100000,	train_time = 1.348850
TRAIN Iter 35: loss = 0.003895,	Top-1 err = 52.060000,	Top-5 err = 30.320000,	train_time = 1.322138
TRAIN Iter 36: loss = 0.003858,	Top-1 err = 56.000000,	Top-5 err = 33.220000,	train_time = 1.406803
TRAIN Iter 37: loss = 0.003838,	Top-1 err = 56.220000,	Top-5 err = 34.380000,	train_time = 1.419644
TRAIN Iter 38: loss = 0.003805,	Top-1 err = 49.840000,	Top-5 err = 28.100000,	train_time = 1.401330
TRAIN Iter 39: loss = 0.003744,	Top-1 err = 51.600000,	Top-5 err = 29.160000,	train_time = 1.345190
TRAIN Iter 40: loss = 0.003832,	Top-1 err = 51.460000,	Top-5 err = 29.860000,	train_time = 1.437024
TRAIN Iter 41: loss = 0.003775,	Top-1 err = 52.560000,	Top-5 err = 31.280000,	train_time = 1.382307
TRAIN Iter 42: loss = 0.003740,	Top-1 err = 47.460000,	Top-5 err = 27.200000,	train_time = 1.371784
TRAIN Iter 43: loss = 0.003660,	Top-1 err = 51.940000,	Top-5 err = 29.680000,	train_time = 1.293523
TRAIN Iter 44: loss = 0.003620,	Top-1 err = 50.900000,	Top-5 err = 29.360000,	train_time = 1.278533
TRAIN Iter 45: loss = 0.003651,	Top-1 err = 50.860000,	Top-5 err = 28.720000,	train_time = 1.297790
TRAIN Iter 46: loss = 0.003606,	Top-1 err = 54.140000,	Top-5 err = 32.940000,	train_time = 1.465742
TRAIN Iter 47: loss = 0.003609,	Top-1 err = 51.980000,	Top-5 err = 30.920000,	train_time = 1.352766
TRAIN Iter 48: loss = 0.003490,	Top-1 err = 49.940000,	Top-5 err = 29.280000,	train_time = 1.373596
TRAIN Iter 49: loss = 0.003466,	Top-1 err = 48.400000,	Top-5 err = 26.860000,	train_time = 1.264251
TRAIN Iter 50: loss = 0.003512,	Top-1 err = 52.320000,	Top-5 err = 28.980000,	train_time = 1.336803
TRAIN Iter 51: loss = 0.003514,	Top-1 err = 51.900000,	Top-5 err = 31.820000,	train_time = 1.409733
TRAIN Iter 52: loss = 0.003489,	Top-1 err = 52.620000,	Top-5 err = 31.780000,	train_time = 1.438566
TRAIN Iter 53: loss = 0.003347,	Top-1 err = 48.960000,	Top-5 err = 28.680000,	train_time = 1.410887
TRAIN Iter 54: loss = 0.003299,	Top-1 err = 48.860000,	Top-5 err = 28.580000,	train_time = 1.359319
TRAIN Iter 55: loss = 0.003419,	Top-1 err = 49.920000,	Top-5 err = 28.620000,	train_time = 1.398026
TRAIN Iter 56: loss = 0.003416,	Top-1 err = 52.940000,	Top-5 err = 31.980000,	train_time = 1.403790
TRAIN Iter 57: loss = 0.003366,	Top-1 err = 53.060000,	Top-5 err = 32.440000,	train_time = 1.386604
TRAIN Iter 58: loss = 0.003342,	Top-1 err = 50.640000,	Top-5 err = 29.380000,	train_time = 1.379626
TRAIN Iter 59: loss = 0.003316,	Top-1 err = 53.280000,	Top-5 err = 31.400000,	train_time = 1.349346
TRAIN Iter 60: loss = 0.003347,	Top-1 err = 52.020000,	Top-5 err = 31.520000,	train_time = 1.345688
TRAIN Iter 61: loss = 0.003273,	Top-1 err = 51.180000,	Top-5 err = 30.420000,	train_time = 1.289770
TRAIN Iter 62: loss = 0.003237,	Top-1 err = 51.080000,	Top-5 err = 30.960000,	train_time = 1.339392
TRAIN Iter 63: loss = 0.003220,	Top-1 err = 51.180000,	Top-5 err = 29.860000,	train_time = 1.390832
TRAIN Iter 64: loss = 0.003187,	Top-1 err = 49.740000,	Top-5 err = 28.880000,	train_time = 1.305305
TRAIN Iter 65: loss = 0.003219,	Top-1 err = 49.640000,	Top-5 err = 30.280000,	train_time = 1.364973
TRAIN Iter 66: loss = 0.003223,	Top-1 err = 52.540000,	Top-5 err = 31.100000,	train_time = 1.351722
TRAIN Iter 67: loss = 0.003184,	Top-1 err = 52.840000,	Top-5 err = 32.160000,	train_time = 1.367779
TRAIN Iter 68: loss = 0.003131,	Top-1 err = 52.800000,	Top-5 err = 31.860000,	train_time = 1.400821
TRAIN Iter 69: loss = 0.003082,	Top-1 err = 48.440000,	Top-5 err = 28.100000,	train_time = 1.354214
TRAIN Iter 70: loss = 0.003105,	Top-1 err = 49.440000,	Top-5 err = 28.940000,	train_time = 1.419310
TRAIN Iter 71: loss = 0.003074,	Top-1 err = 51.960000,	Top-5 err = 30.680000,	train_time = 1.465242
TRAIN Iter 72: loss = 0.003014,	Top-1 err = 50.480000,	Top-5 err = 29.280000,	train_time = 1.351462
TRAIN Iter 73: loss = 0.003111,	Top-1 err = 49.420000,	Top-5 err = 28.180000,	train_time = 1.352131
TRAIN Iter 74: loss = 0.003075,	Top-1 err = 48.740000,	Top-5 err = 28.820000,	train_time = 1.398279
TRAIN Iter 75: loss = 0.003104,	Top-1 err = 51.580000,	Top-5 err = 30.500000,	train_time = 1.399041
TRAIN Iter 76: loss = 0.003036,	Top-1 err = 49.920000,	Top-5 err = 29.340000,	train_time = 1.378453
TRAIN Iter 77: loss = 0.002988,	Top-1 err = 50.760000,	Top-5 err = 30.380000,	train_time = 1.365227
TRAIN Iter 78: loss = 0.003010,	Top-1 err = 52.140000,	Top-5 err = 31.640000,	train_time = 1.331580
TRAIN Iter 79: loss = 0.002975,	Top-1 err = 49.180000,	Top-5 err = 28.340000,	train_time = 1.390917
TRAIN Iter 80: loss = 0.003005,	Top-1 err = 51.520000,	Top-5 err = 30.800000,	train_time = 1.417862
TRAIN Iter 81: loss = 0.002962,	Top-1 err = 47.620000,	Top-5 err = 26.100000,	train_time = 1.367609
TRAIN Iter 82: loss = 0.002870,	Top-1 err = 50.780000,	Top-5 err = 28.920000,	train_time = 1.264004
TRAIN Iter 83: loss = 0.002919,	Top-1 err = 52.600000,	Top-5 err = 32.000000,	train_time = 1.395526
TRAIN Iter 84: loss = 0.002907,	Top-1 err = 46.020000,	Top-5 err = 25.160000,	train_time = 1.366591
TRAIN Iter 85: loss = 0.002923,	Top-1 err = 51.020000,	Top-5 err = 29.960000,	train_time = 1.317301
TRAIN Iter 86: loss = 0.002862,	Top-1 err = 51.600000,	Top-5 err = 31.280000,	train_time = 1.376201
TRAIN Iter 87: loss = 0.002950,	Top-1 err = 50.340000,	Top-5 err = 31.180000,	train_time = 1.394528
TRAIN Iter 88: loss = 0.002889,	Top-1 err = 52.720000,	Top-5 err = 32.400000,	train_time = 1.445494
TRAIN Iter 89: loss = 0.002840,	Top-1 err = 51.900000,	Top-5 err = 32.180000,	train_time = 1.266882
TRAIN Iter 90: loss = 0.002918,	Top-1 err = 52.300000,	Top-5 err = 31.920000,	train_time = 1.362731
TRAIN Iter 91: loss = 0.002829,	Top-1 err = 47.740000,	Top-5 err = 28.440000,	train_time = 1.373897
TRAIN Iter 92: loss = 0.002838,	Top-1 err = 52.660000,	Top-5 err = 32.060000,	train_time = 1.414082
TRAIN Iter 93: loss = 0.002776,	Top-1 err = 53.600000,	Top-5 err = 33.480000,	train_time = 1.301353
TRAIN Iter 94: loss = 0.002760,	Top-1 err = 48.820000,	Top-5 err = 27.580000,	train_time = 1.336254
TRAIN Iter 95: loss = 0.002780,	Top-1 err = 50.940000,	Top-5 err = 31.260000,	train_time = 1.447599
TRAIN Iter 96: loss = 0.002771,	Top-1 err = 49.780000,	Top-5 err = 30.540000,	train_time = 1.414683
TRAIN Iter 97: loss = 0.002725,	Top-1 err = 50.440000,	Top-5 err = 30.920000,	train_time = 1.470668
TRAIN Iter 98: loss = 0.002870,	Top-1 err = 52.540000,	Top-5 err = 31.760000,	train_time = 1.330827
TRAIN Iter 99: loss = 0.002744,	Top-1 err = 50.380000,	Top-5 err = 29.360000,	train_time = 1.342248
TRAIN Iter 100: loss = 0.002715,	Top-1 err = 49.160000,	Top-5 err = 30.240000,	train_time = 1.354558
TRAIN Iter 101: loss = 0.002768,	Top-1 err = 51.280000,	Top-5 err = 30.920000,	train_time = 1.449576
TRAIN Iter 102: loss = 0.002674,	Top-1 err = 49.900000,	Top-5 err = 29.440000,	train_time = 1.379422
TRAIN Iter 103: loss = 0.002691,	Top-1 err = 49.600000,	Top-5 err = 28.720000,	train_time = 1.408426
TRAIN Iter 104: loss = 0.002617,	Top-1 err = 48.720000,	Top-5 err = 29.160000,	train_time = 1.386427
TRAIN Iter 105: loss = 0.002645,	Top-1 err = 50.700000,	Top-5 err = 30.940000,	train_time = 1.290838
TRAIN Iter 106: loss = 0.002685,	Top-1 err = 52.840000,	Top-5 err = 30.740000,	train_time = 1.374272
TRAIN Iter 107: loss = 0.002644,	Top-1 err = 44.040000,	Top-5 err = 24.500000,	train_time = 1.330457
TRAIN Iter 108: loss = 0.002641,	Top-1 err = 47.060000,	Top-5 err = 27.740000,	train_time = 1.375735
TRAIN Iter 109: loss = 0.002566,	Top-1 err = 51.880000,	Top-5 err = 31.800000,	train_time = 1.338368
TRAIN Iter 110: loss = 0.002559,	Top-1 err = 48.340000,	Top-5 err = 27.560000,	train_time = 1.339020
TRAIN Iter 111: loss = 0.002571,	Top-1 err = 50.360000,	Top-5 err = 29.560000,	train_time = 1.416876
TRAIN Iter 112: loss = 0.002552,	Top-1 err = 47.820000,	Top-5 err = 27.640000,	train_time = 1.397106
TRAIN Iter 113: loss = 0.002559,	Top-1 err = 50.340000,	Top-5 err = 30.000000,	train_time = 1.401092
TRAIN Iter 114: loss = 0.002566,	Top-1 err = 48.260000,	Top-5 err = 29.100000,	train_time = 1.408029
TRAIN Iter 115: loss = 0.002502,	Top-1 err = 49.600000,	Top-5 err = 29.480000,	train_time = 1.257417
TRAIN Iter 116: loss = 0.002518,	Top-1 err = 49.640000,	Top-5 err = 30.100000,	train_time = 1.295338
TRAIN Iter 117: loss = 0.002552,	Top-1 err = 50.000000,	Top-5 err = 30.440000,	train_time = 1.348205
TRAIN Iter 118: loss = 0.002555,	Top-1 err = 48.580000,	Top-5 err = 29.060000,	train_time = 1.384753
TRAIN Iter 119: loss = 0.002538,	Top-1 err = 49.260000,	Top-5 err = 28.140000,	train_time = 1.408299
TRAIN Iter 120: loss = 0.002513,	Top-1 err = 51.640000,	Top-5 err = 30.920000,	train_time = 1.272071
TRAIN Iter 121: loss = 0.002491,	Top-1 err = 48.960000,	Top-5 err = 29.280000,	train_time = 1.372757
TRAIN Iter 122: loss = 0.002482,	Top-1 err = 48.240000,	Top-5 err = 27.640000,	train_time = 1.312998
TRAIN Iter 123: loss = 0.002554,	Top-1 err = 53.060000,	Top-5 err = 33.460000,	train_time = 1.367136
TRAIN Iter 124: loss = 0.002387,	Top-1 err = 47.240000,	Top-5 err = 26.700000,	train_time = 1.341375
TRAIN Iter 125: loss = 0.002427,	Top-1 err = 45.580000,	Top-5 err = 26.120000,	train_time = 1.328244
TRAIN Iter 126: loss = 0.002429,	Top-1 err = 45.560000,	Top-5 err = 25.920000,	train_time = 1.429438
TRAIN Iter 127: loss = 0.002401,	Top-1 err = 46.760000,	Top-5 err = 26.780000,	train_time = 1.374937
TRAIN Iter 128: loss = 0.002351,	Top-1 err = 46.280000,	Top-5 err = 27.120000,	train_time = 1.378979
TRAIN Iter 129: loss = 0.002377,	Top-1 err = 49.240000,	Top-5 err = 28.020000,	train_time = 1.360115
TRAIN Iter 130: loss = 0.002444,	Top-1 err = 47.960000,	Top-5 err = 27.740000,	train_time = 1.412346
TRAIN Iter 131: loss = 0.002336,	Top-1 err = 46.040000,	Top-5 err = 26.180000,	train_time = 1.386253
TRAIN Iter 132: loss = 0.002411,	Top-1 err = 47.680000,	Top-5 err = 28.880000,	train_time = 1.371443
TRAIN Iter 133: loss = 0.002335,	Top-1 err = 48.120000,	Top-5 err = 27.420000,	train_time = 1.325057
TRAIN Iter 134: loss = 0.002344,	Top-1 err = 49.080000,	Top-5 err = 28.180000,	train_time = 1.329312
TRAIN Iter 135: loss = 0.002330,	Top-1 err = 48.460000,	Top-5 err = 28.560000,	train_time = 1.365212
TRAIN Iter 136: loss = 0.002377,	Top-1 err = 50.360000,	Top-5 err = 30.220000,	train_time = 1.330151
TRAIN Iter 137: loss = 0.002296,	Top-1 err = 47.720000,	Top-5 err = 26.440000,	train_time = 1.308048
TRAIN Iter 138: loss = 0.002337,	Top-1 err = 48.740000,	Top-5 err = 27.060000,	train_time = 1.366783
TRAIN Iter 139: loss = 0.002276,	Top-1 err = 47.660000,	Top-5 err = 27.200000,	train_time = 1.376632
TRAIN Iter 140: loss = 0.002357,	Top-1 err = 52.340000,	Top-5 err = 31.280000,	train_time = 1.340775
TRAIN Iter 141: loss = 0.002248,	Top-1 err = 47.280000,	Top-5 err = 26.800000,	train_time = 1.284561
TRAIN Iter 142: loss = 0.002305,	Top-1 err = 47.960000,	Top-5 err = 28.340000,	train_time = 1.319191
TRAIN Iter 143: loss = 0.002280,	Top-1 err = 47.300000,	Top-5 err = 28.260000,	train_time = 1.334761
TRAIN Iter 144: loss = 0.002329,	Top-1 err = 47.920000,	Top-5 err = 29.000000,	train_time = 1.414551
TRAIN Iter 145: loss = 0.002277,	Top-1 err = 48.500000,	Top-5 err = 29.280000,	train_time = 1.327846
TRAIN Iter 146: loss = 0.002278,	Top-1 err = 49.400000,	Top-5 err = 29.960000,	train_time = 1.380688
TRAIN Iter 147: loss = 0.002241,	Top-1 err = 48.800000,	Top-5 err = 28.480000,	train_time = 1.455935
TRAIN Iter 148: loss = 0.002255,	Top-1 err = 50.500000,	Top-5 err = 29.900000,	train_time = 1.389413
TRAIN Iter 149: loss = 0.002239,	Top-1 err = 48.760000,	Top-5 err = 28.760000,	train_time = 1.411224
TRAIN Iter 150: loss = 0.002246,	Top-1 err = 46.760000,	Top-5 err = 27.080000,	train_time = 1.296911
TRAIN Iter 151: loss = 0.002254,	Top-1 err = 48.320000,	Top-5 err = 29.300000,	train_time = 1.360279
TRAIN Iter 152: loss = 0.002219,	Top-1 err = 49.620000,	Top-5 err = 28.960000,	train_time = 1.380000
TRAIN Iter 153: loss = 0.002182,	Top-1 err = 47.080000,	Top-5 err = 27.640000,	train_time = 1.374837
TRAIN Iter 154: loss = 0.002180,	Top-1 err = 48.480000,	Top-5 err = 29.720000,	train_time = 1.368295
TRAIN Iter 155: loss = 0.002180,	Top-1 err = 49.800000,	Top-5 err = 30.460000,	train_time = 1.324604
TRAIN Iter 156: loss = 0.002133,	Top-1 err = 49.640000,	Top-5 err = 29.520000,	train_time = 1.404072
TRAIN Iter 157: loss = 0.002145,	Top-1 err = 48.020000,	Top-5 err = 29.080000,	train_time = 1.375988
TRAIN Iter 158: loss = 0.002138,	Top-1 err = 47.240000,	Top-5 err = 26.900000,	train_time = 1.305628
TRAIN Iter 159: loss = 0.002171,	Top-1 err = 48.140000,	Top-5 err = 28.680000,	train_time = 1.310905
TRAIN Iter 160: loss = 0.002146,	Top-1 err = 46.140000,	Top-5 err = 25.980000,	train_time = 1.380212
TRAIN Iter 161: loss = 0.002126,	Top-1 err = 45.800000,	Top-5 err = 26.540000,	train_time = 1.315857
TRAIN Iter 162: loss = 0.002157,	Top-1 err = 49.800000,	Top-5 err = 29.660000,	train_time = 1.354123
TRAIN Iter 163: loss = 0.002153,	Top-1 err = 46.560000,	Top-5 err = 27.820000,	train_time = 1.390251
TRAIN Iter 164: loss = 0.002101,	Top-1 err = 48.880000,	Top-5 err = 27.180000,	train_time = 1.279715
TRAIN Iter 165: loss = 0.002083,	Top-1 err = 47.540000,	Top-5 err = 28.820000,	train_time = 1.258537
TRAIN Iter 166: loss = 0.002092,	Top-1 err = 46.940000,	Top-5 err = 27.260000,	train_time = 1.286176
TRAIN Iter 167: loss = 0.002065,	Top-1 err = 46.400000,	Top-5 err = 26.820000,	train_time = 1.356247
TRAIN Iter 168: loss = 0.002103,	Top-1 err = 47.940000,	Top-5 err = 27.700000,	train_time = 1.288889
TRAIN Iter 169: loss = 0.002062,	Top-1 err = 49.940000,	Top-5 err = 29.600000,	train_time = 1.474584
TRAIN Iter 170: loss = 0.002099,	Top-1 err = 48.940000,	Top-5 err = 30.140000,	train_time = 1.371263
TRAIN Iter 171: loss = 0.002097,	Top-1 err = 50.240000,	Top-5 err = 29.840000,	train_time = 1.272420
TRAIN Iter 172: loss = 0.002026,	Top-1 err = 42.000000,	Top-5 err = 22.620000,	train_time = 1.273785
TRAIN Iter 173: loss = 0.002081,	Top-1 err = 49.080000,	Top-5 err = 29.920000,	train_time = 1.347059
TRAIN Iter 174: loss = 0.002110,	Top-1 err = 49.260000,	Top-5 err = 29.660000,	train_time = 1.373609
TRAIN Iter 175: loss = 0.002090,	Top-1 err = 50.860000,	Top-5 err = 30.240000,	train_time = 1.366084
TRAIN Iter 176: loss = 0.001998,	Top-1 err = 47.080000,	Top-5 err = 27.080000,	train_time = 1.178546
TRAIN Iter 177: loss = 0.002052,	Top-1 err = 47.960000,	Top-5 err = 28.100000,	train_time = 1.385384
TRAIN Iter 178: loss = 0.002042,	Top-1 err = 49.300000,	Top-5 err = 29.380000,	train_time = 1.499000
TRAIN Iter 179: loss = 0.001980,	Top-1 err = 49.360000,	Top-5 err = 28.860000,	train_time = 1.279396
TRAIN Iter 180: loss = 0.001978,	Top-1 err = 47.140000,	Top-5 err = 27.180000,	train_time = 1.374894
TRAIN Iter 181: loss = 0.002046,	Top-1 err = 49.400000,	Top-5 err = 30.380000,	train_time = 1.319237
TRAIN Iter 182: loss = 0.002053,	Top-1 err = 49.000000,	Top-5 err = 29.280000,	train_time = 1.332732
TRAIN Iter 183: loss = 0.002029,	Top-1 err = 50.020000,	Top-5 err = 30.900000,	train_time = 1.378277
TRAIN Iter 184: loss = 0.002003,	Top-1 err = 51.000000,	Top-5 err = 30.940000,	train_time = 1.388030
TRAIN Iter 185: loss = 0.001944,	Top-1 err = 48.940000,	Top-5 err = 29.400000,	train_time = 1.329905
TRAIN Iter 186: loss = 0.001987,	Top-1 err = 48.820000,	Top-5 err = 28.780000,	train_time = 1.375420
TRAIN Iter 187: loss = 0.001981,	Top-1 err = 51.080000,	Top-5 err = 31.500000,	train_time = 1.314101
TRAIN Iter 188: loss = 0.001929,	Top-1 err = 46.480000,	Top-5 err = 27.340000,	train_time = 1.436487
TRAIN Iter 189: loss = 0.001938,	Top-1 err = 49.140000,	Top-5 err = 30.080000,	train_time = 1.420234
TRAIN Iter 190: loss = 0.001981,	Top-1 err = 48.940000,	Top-5 err = 28.720000,	train_time = 1.316960
TRAIN Iter 191: loss = 0.001972,	Top-1 err = 48.640000,	Top-5 err = 28.820000,	train_time = 1.314807
TRAIN Iter 192: loss = 0.001983,	Top-1 err = 47.440000,	Top-5 err = 27.420000,	train_time = 1.402044
TRAIN Iter 193: loss = 0.001971,	Top-1 err = 45.380000,	Top-5 err = 25.660000,	train_time = 1.327445
TRAIN Iter 194: loss = 0.001902,	Top-1 err = 47.900000,	Top-5 err = 28.420000,	train_time = 1.332436
TRAIN Iter 195: loss = 0.001941,	Top-1 err = 51.840000,	Top-5 err = 30.740000,	train_time = 1.357032
TRAIN Iter 196: loss = 0.001902,	Top-1 err = 45.100000,	Top-5 err = 25.420000,	train_time = 1.355817
TRAIN Iter 197: loss = 0.001909,	Top-1 err = 49.360000,	Top-5 err = 28.780000,	train_time = 1.358232
TRAIN Iter 198: loss = 0.001890,	Top-1 err = 45.760000,	Top-5 err = 27.060000,	train_time = 1.284935
TRAIN Iter 199: loss = 0.001880,	Top-1 err = 52.560000,	Top-5 err = 31.600000,	train_time = 1.323650
TRAIN Iter 200: loss = 0.001915,	Top-1 err = 48.380000,	Top-5 err = 27.840000,	train_time = 1.371271
TRAIN Iter 201: loss = 0.001920,	Top-1 err = 48.720000,	Top-5 err = 29.520000,	train_time = 1.289782
TRAIN Iter 202: loss = 0.001902,	Top-1 err = 50.320000,	Top-5 err = 30.280000,	train_time = 1.376339
TRAIN Iter 203: loss = 0.001884,	Top-1 err = 45.640000,	Top-5 err = 26.380000,	train_time = 1.321578
TRAIN Iter 204: loss = 0.001875,	Top-1 err = 44.620000,	Top-5 err = 25.680000,	train_time = 1.385416
TRAIN Iter 205: loss = 0.001850,	Top-1 err = 46.240000,	Top-5 err = 26.940000,	train_time = 1.398979
TRAIN Iter 206: loss = 0.001833,	Top-1 err = 47.920000,	Top-5 err = 29.040000,	train_time = 1.398247
TRAIN Iter 207: loss = 0.001915,	Top-1 err = 46.000000,	Top-5 err = 28.060000,	train_time = 1.358675
TRAIN Iter 208: loss = 0.001800,	Top-1 err = 44.360000,	Top-5 err = 26.280000,	train_time = 1.384284
TRAIN Iter 209: loss = 0.001786,	Top-1 err = 46.180000,	Top-5 err = 26.020000,	train_time = 1.331904
TRAIN Iter 210: loss = 0.001896,	Top-1 err = 49.180000,	Top-5 err = 29.620000,	train_time = 1.383913
TRAIN Iter 211: loss = 0.001812,	Top-1 err = 51.000000,	Top-5 err = 31.260000,	train_time = 1.342887
TRAIN Iter 212: loss = 0.001836,	Top-1 err = 45.080000,	Top-5 err = 24.580000,	train_time = 1.276398
TRAIN Iter 213: loss = 0.001834,	Top-1 err = 47.360000,	Top-5 err = 28.060000,	train_time = 1.360320
TRAIN Iter 214: loss = 0.001818,	Top-1 err = 44.180000,	Top-5 err = 24.720000,	train_time = 1.369949
TRAIN Iter 215: loss = 0.001824,	Top-1 err = 46.280000,	Top-5 err = 27.000000,	train_time = 1.281011
TRAIN Iter 216: loss = 0.001824,	Top-1 err = 48.320000,	Top-5 err = 29.820000,	train_time = 1.408209
TRAIN Iter 217: loss = 0.001789,	Top-1 err = 45.160000,	Top-5 err = 25.400000,	train_time = 1.364018
TRAIN Iter 218: loss = 0.001763,	Top-1 err = 46.320000,	Top-5 err = 26.440000,	train_time = 1.334093
TRAIN Iter 219: loss = 0.001826,	Top-1 err = 45.660000,	Top-5 err = 26.180000,	train_time = 1.331787
TRAIN Iter 220: loss = 0.001838,	Top-1 err = 46.760000,	Top-5 err = 26.640000,	train_time = 1.389880
TRAIN Iter 221: loss = 0.001783,	Top-1 err = 47.740000,	Top-5 err = 28.460000,	train_time = 1.326221
TRAIN Iter 222: loss = 0.001770,	Top-1 err = 46.220000,	Top-5 err = 25.660000,	train_time = 1.359898
TRAIN Iter 223: loss = 0.001780,	Top-1 err = 49.700000,	Top-5 err = 29.160000,	train_time = 1.391799
TRAIN Iter 224: loss = 0.001754,	Top-1 err = 44.740000,	Top-5 err = 25.240000,	train_time = 1.346811
TRAIN Iter 225: loss = 0.001747,	Top-1 err = 46.680000,	Top-5 err = 27.280000,	train_time = 1.334323
TRAIN Iter 226: loss = 0.001730,	Top-1 err = 49.780000,	Top-5 err = 29.880000,	train_time = 1.318120
TRAIN Iter 227: loss = 0.001737,	Top-1 err = 44.360000,	Top-5 err = 24.400000,	train_time = 1.338646
TRAIN Iter 228: loss = 0.001752,	Top-1 err = 47.280000,	Top-5 err = 27.120000,	train_time = 1.294170
TRAIN Iter 229: loss = 0.001738,	Top-1 err = 47.980000,	Top-5 err = 28.540000,	train_time = 1.382946
TRAIN Iter 230: loss = 0.001723,	Top-1 err = 50.920000,	Top-5 err = 31.380000,	train_time = 1.485552
TRAIN Iter 231: loss = 0.001749,	Top-1 err = 47.180000,	Top-5 err = 28.920000,	train_time = 1.403809
TRAIN Iter 232: loss = 0.001762,	Top-1 err = 50.580000,	Top-5 err = 31.160000,	train_time = 1.401652
TRAIN Iter 233: loss = 0.001768,	Top-1 err = 47.800000,	Top-5 err = 29.040000,	train_time = 1.329079
TRAIN Iter 234: loss = 0.001774,	Top-1 err = 47.480000,	Top-5 err = 27.540000,	train_time = 1.342290
TRAIN Iter 235: loss = 0.001716,	Top-1 err = 47.420000,	Top-5 err = 27.140000,	train_time = 1.281025
TRAIN Iter 236: loss = 0.001750,	Top-1 err = 48.660000,	Top-5 err = 29.580000,	train_time = 1.316142
TRAIN Iter 237: loss = 0.001702,	Top-1 err = 45.980000,	Top-5 err = 25.000000,	train_time = 1.369396
TRAIN Iter 238: loss = 0.001716,	Top-1 err = 49.160000,	Top-5 err = 30.220000,	train_time = 1.298790
TRAIN Iter 239: loss = 0.001724,	Top-1 err = 49.480000,	Top-5 err = 27.980000,	train_time = 1.327514
TRAIN Iter 240: loss = 0.001664,	Top-1 err = 47.900000,	Top-5 err = 27.900000,	train_time = 1.339491
TRAIN Iter 241: loss = 0.001683,	Top-1 err = 48.960000,	Top-5 err = 28.680000,	train_time = 1.398023
TRAIN Iter 242: loss = 0.001710,	Top-1 err = 50.660000,	Top-5 err = 30.820000,	train_time = 1.416183
TRAIN Iter 243: loss = 0.001649,	Top-1 err = 45.680000,	Top-5 err = 26.240000,	train_time = 1.309185
TRAIN Iter 244: loss = 0.001671,	Top-1 err = 47.440000,	Top-5 err = 28.120000,	train_time = 1.320549
TRAIN Iter 245: loss = 0.001691,	Top-1 err = 46.000000,	Top-5 err = 26.940000,	train_time = 1.284575
TRAIN Iter 246: loss = 0.001657,	Top-1 err = 45.580000,	Top-5 err = 26.240000,	train_time = 1.404258
TRAIN Iter 247: loss = 0.001741,	Top-1 err = 51.560000,	Top-5 err = 32.200000,	train_time = 1.297508
TRAIN Iter 248: loss = 0.001718,	Top-1 err = 47.660000,	Top-5 err = 29.240000,	train_time = 1.337188
TRAIN Iter 249: loss = 0.001664,	Top-1 err = 50.680000,	Top-5 err = 30.300000,	train_time = 1.351422
TEST:
Iter 249: loss = 1.688992,	Top-1 err = 43.120000,	Top-5 err = 15.940000,	val_time = 0.831074
TRAIN Iter 250: loss = 0.001649,	Top-1 err = 46.500000,	Top-5 err = 27.400000,	train_time = 1.400983
TRAIN Iter 251: loss = 0.001688,	Top-1 err = 48.720000,	Top-5 err = 28.080000,	train_time = 1.296418
TRAIN Iter 252: loss = 0.001679,	Top-1 err = 49.820000,	Top-5 err = 30.640000,	train_time = 1.332310
TRAIN Iter 253: loss = 0.001640,	Top-1 err = 48.200000,	Top-5 err = 27.520000,	train_time = 1.318699
TRAIN Iter 254: loss = 0.001653,	Top-1 err = 50.300000,	Top-5 err = 30.560000,	train_time = 1.348912
TRAIN Iter 255: loss = 0.001664,	Top-1 err = 47.720000,	Top-5 err = 28.600000,	train_time = 1.302593
TRAIN Iter 256: loss = 0.001637,	Top-1 err = 49.160000,	Top-5 err = 28.620000,	train_time = 1.372432
TRAIN Iter 257: loss = 0.001653,	Top-1 err = 47.960000,	Top-5 err = 28.160000,	train_time = 1.320709
TRAIN Iter 258: loss = 0.001667,	Top-1 err = 44.580000,	Top-5 err = 26.740000,	train_time = 1.402339
TRAIN Iter 259: loss = 0.001653,	Top-1 err = 48.020000,	Top-5 err = 27.580000,	train_time = 1.270824
TEST:
Iter 259: loss = 1.664902,	Top-1 err = 42.930000,	Top-5 err = 16.010000,	val_time = 0.831942
TRAIN Iter 260: loss = 0.001586,	Top-1 err = 44.320000,	Top-5 err = 26.160000,	train_time = 1.312181
TRAIN Iter 261: loss = 0.001605,	Top-1 err = 48.200000,	Top-5 err = 27.880000,	train_time = 1.373888
TRAIN Iter 262: loss = 0.001572,	Top-1 err = 46.700000,	Top-5 err = 26.560000,	train_time = 1.401167
TRAIN Iter 263: loss = 0.001610,	Top-1 err = 49.080000,	Top-5 err = 29.880000,	train_time = 1.347959
TRAIN Iter 264: loss = 0.001616,	Top-1 err = 47.720000,	Top-5 err = 27.800000,	train_time = 1.377051
TRAIN Iter 265: loss = 0.001602,	Top-1 err = 47.060000,	Top-5 err = 27.440000,	train_time = 1.376221
TRAIN Iter 266: loss = 0.001633,	Top-1 err = 49.460000,	Top-5 err = 31.400000,	train_time = 1.319195
TRAIN Iter 267: loss = 0.001581,	Top-1 err = 47.380000,	Top-5 err = 27.260000,	train_time = 1.344208
TRAIN Iter 268: loss = 0.001561,	Top-1 err = 46.020000,	Top-5 err = 24.720000,	train_time = 1.337244
TRAIN Iter 269: loss = 0.001556,	Top-1 err = 47.040000,	Top-5 err = 27.440000,	train_time = 1.335936
TEST:
Iter 269: loss = 1.680634,	Top-1 err = 43.140000,	Top-5 err = 16.010000,	val_time = 0.810298
TRAIN Iter 270: loss = 0.001609,	Top-1 err = 44.820000,	Top-5 err = 26.020000,	train_time = 1.334170
TRAIN Iter 271: loss = 0.001565,	Top-1 err = 42.400000,	Top-5 err = 23.840000,	train_time = 1.269480
TRAIN Iter 272: loss = 0.001595,	Top-1 err = 48.660000,	Top-5 err = 28.600000,	train_time = 1.381718
TRAIN Iter 273: loss = 0.001597,	Top-1 err = 47.120000,	Top-5 err = 28.260000,	train_time = 1.392753
TRAIN Iter 274: loss = 0.001529,	Top-1 err = 46.260000,	Top-5 err = 26.380000,	train_time = 1.331778
TRAIN Iter 275: loss = 0.001565,	Top-1 err = 44.740000,	Top-5 err = 27.220000,	train_time = 1.352146
TRAIN Iter 276: loss = 0.001594,	Top-1 err = 47.200000,	Top-5 err = 27.960000,	train_time = 1.424446
TRAIN Iter 277: loss = 0.001563,	Top-1 err = 52.180000,	Top-5 err = 32.200000,	train_time = 1.306053
TRAIN Iter 278: loss = 0.001587,	Top-1 err = 47.820000,	Top-5 err = 28.080000,	train_time = 1.327635
TRAIN Iter 279: loss = 0.001559,	Top-1 err = 48.080000,	Top-5 err = 30.120000,	train_time = 1.379835
TEST:
Iter 279: loss = 1.684220,	Top-1 err = 43.110000,	Top-5 err = 16.110000,	val_time = 0.783163
TRAIN Iter 280: loss = 0.001550,	Top-1 err = 46.860000,	Top-5 err = 27.980000,	train_time = 1.328388
TRAIN Iter 281: loss = 0.001532,	Top-1 err = 47.240000,	Top-5 err = 28.120000,	train_time = 1.342482
TRAIN Iter 282: loss = 0.001540,	Top-1 err = 45.660000,	Top-5 err = 26.420000,	train_time = 1.356458
TRAIN Iter 283: loss = 0.001518,	Top-1 err = 46.360000,	Top-5 err = 28.000000,	train_time = 1.404231
TRAIN Iter 284: loss = 0.001526,	Top-1 err = 48.440000,	Top-5 err = 28.860000,	train_time = 1.374114
TRAIN Iter 285: loss = 0.001542,	Top-1 err = 49.580000,	Top-5 err = 30.200000,	train_time = 1.393001
TRAIN Iter 286: loss = 0.001571,	Top-1 err = 47.880000,	Top-5 err = 27.940000,	train_time = 1.364851
TRAIN Iter 287: loss = 0.001521,	Top-1 err = 47.700000,	Top-5 err = 28.160000,	train_time = 1.391063
TRAIN Iter 288: loss = 0.001510,	Top-1 err = 47.900000,	Top-5 err = 27.820000,	train_time = 1.351291
TRAIN Iter 289: loss = 0.001534,	Top-1 err = 49.600000,	Top-5 err = 29.820000,	train_time = 1.367453
TEST:
Iter 289: loss = 1.713185,	Top-1 err = 43.580000,	Top-5 err = 16.570000,	val_time = 0.844577
TRAIN Iter 290: loss = 0.001558,	Top-1 err = 47.420000,	Top-5 err = 29.060000,	train_time = 1.372229
TRAIN Iter 291: loss = 0.001511,	Top-1 err = 43.520000,	Top-5 err = 24.720000,	train_time = 1.301422
TRAIN Iter 292: loss = 0.001539,	Top-1 err = 47.460000,	Top-5 err = 27.340000,	train_time = 1.355367
TRAIN Iter 293: loss = 0.001516,	Top-1 err = 49.160000,	Top-5 err = 28.940000,	train_time = 1.353303
TRAIN Iter 294: loss = 0.001538,	Top-1 err = 50.760000,	Top-5 err = 30.740000,	train_time = 1.338776
TRAIN Iter 295: loss = 0.001489,	Top-1 err = 50.200000,	Top-5 err = 29.560000,	train_time = 1.361417
TRAIN Iter 296: loss = 0.001499,	Top-1 err = 43.380000,	Top-5 err = 24.160000,	train_time = 1.365540
TRAIN Iter 297: loss = 0.001508,	Top-1 err = 40.460000,	Top-5 err = 23.480000,	train_time = 1.388822
TRAIN Iter 298: loss = 0.001479,	Top-1 err = 42.640000,	Top-5 err = 23.720000,	train_time = 1.349729
TRAIN Iter 299: loss = 0.001495,	Top-1 err = 46.540000,	Top-5 err = 26.900000,	train_time = 1.305507
TEST:
Iter 299: loss = 1.680118,	Top-1 err = 42.750000,	Top-5 err = 15.990000,	val_time = 0.782748
Train Finish! Best accuracy is 57.25@299
