/home/dvspanos/miniconda3/envs/rded/lib/python3.10/site-packages/torchvision/models/_utils.py:208: UserWarning: The parameter 'pretrained' is deprecated since 0.13 and may be removed in the future, please use 'weights' instead.
  warnings.warn(
/home/dvspanos/miniconda3/envs/rded/lib/python3.10/site-packages/torchvision/models/_utils.py:223: UserWarning: Arguments other than a weight enum or `None` for 'weights' are deprecated since 0.13 and may be removed in the future. The current behavior is equivalent to passing `weights=None`.
  warnings.warn(msg)
=> using pytorch pre-trained teacher model 'resnet18_modified'
process data from /home/dvspanos/nikos/ca2d/artifacts/rded_sets/bench_cifar100_rn18_cadprune_ipc10
load data successfully
TRAIN Iter 0: loss = 0.014804,	Top-1 err = 98.200000,	Top-5 err = 90.400000,	train_time = 3.831605
TRAIN Iter 1: loss = 0.015916,	Top-1 err = 95.500000,	Top-5 err = 80.700000,	train_time = 1.800565
TRAIN Iter 2: loss = 0.013377,	Top-1 err = 93.800000,	Top-5 err = 73.600000,	train_time = 1.816321
TRAIN Iter 3: loss = 0.012061,	Top-1 err = 92.800000,	Top-5 err = 74.900000,	train_time = 1.818227
TRAIN Iter 4: loss = 0.011621,	Top-1 err = 93.400000,	Top-5 err = 74.800000,	train_time = 1.813568
TRAIN Iter 5: loss = 0.011705,	Top-1 err = 93.300000,	Top-5 err = 71.800000,	train_time = 1.795147
TRAIN Iter 6: loss = 0.012795,	Top-1 err = 89.000000,	Top-5 err = 69.600000,	train_time = 1.796603
TRAIN Iter 7: loss = 0.011613,	Top-1 err = 92.800000,	Top-5 err = 73.300000,	train_time = 1.835053
TRAIN Iter 8: loss = 0.012296,	Top-1 err = 88.800000,	Top-5 err = 66.100000,	train_time = 1.810599
TRAIN Iter 9: loss = 0.010847,	Top-1 err = 92.700000,	Top-5 err = 76.800000,	train_time = 1.820902
TRAIN Iter 10: loss = 0.012251,	Top-1 err = 81.000000,	Top-5 err = 55.600000,	train_time = 1.829368
TRAIN Iter 11: loss = 0.011007,	Top-1 err = 84.700000,	Top-5 err = 63.100000,	train_time = 1.827401
TRAIN Iter 12: loss = 0.012178,	Top-1 err = 79.900000,	Top-5 err = 53.300000,	train_time = 1.801668
TRAIN Iter 13: loss = 0.009738,	Top-1 err = 81.600000,	Top-5 err = 55.200000,	train_time = 1.796270
TRAIN Iter 14: loss = 0.010418,	Top-1 err = 77.600000,	Top-5 err = 49.700000,	train_time = 1.803269
TRAIN Iter 15: loss = 0.009213,	Top-1 err = 78.200000,	Top-5 err = 49.900000,	train_time = 1.808775
TRAIN Iter 16: loss = 0.009313,	Top-1 err = 82.100000,	Top-5 err = 60.600000,	train_time = 1.820433
TRAIN Iter 17: loss = 0.009534,	Top-1 err = 75.800000,	Top-5 err = 46.800000,	train_time = 1.810355
TRAIN Iter 18: loss = 0.009606,	Top-1 err = 79.600000,	Top-5 err = 55.600000,	train_time = 1.819310
TRAIN Iter 19: loss = 0.010456,	Top-1 err = 75.800000,	Top-5 err = 52.100000,	train_time = 1.803629
TRAIN Iter 20: loss = 0.008549,	Top-1 err = 84.500000,	Top-5 err = 63.700000,	train_time = 1.809000
TRAIN Iter 21: loss = 0.009593,	Top-1 err = 75.200000,	Top-5 err = 48.400000,	train_time = 1.811014
TRAIN Iter 22: loss = 0.008233,	Top-1 err = 81.000000,	Top-5 err = 59.000000,	train_time = 1.829010
TRAIN Iter 23: loss = 0.008850,	Top-1 err = 75.900000,	Top-5 err = 50.900000,	train_time = 1.809275
TRAIN Iter 24: loss = 0.008093,	Top-1 err = 77.800000,	Top-5 err = 55.200000,	train_time = 1.821534
TRAIN Iter 25: loss = 0.009839,	Top-1 err = 67.300000,	Top-5 err = 41.500000,	train_time = 1.809059
TRAIN Iter 26: loss = 0.008430,	Top-1 err = 72.600000,	Top-5 err = 44.900000,	train_time = 1.819708
TRAIN Iter 27: loss = 0.009525,	Top-1 err = 66.000000,	Top-5 err = 38.900000,	train_time = 1.815390
TRAIN Iter 28: loss = 0.009131,	Top-1 err = 66.900000,	Top-5 err = 39.700000,	train_time = 1.805194
TRAIN Iter 29: loss = 0.007971,	Top-1 err = 75.700000,	Top-5 err = 49.900000,	train_time = 1.823176
TRAIN Iter 30: loss = 0.008823,	Top-1 err = 69.200000,	Top-5 err = 44.500000,	train_time = 1.800095
TRAIN Iter 31: loss = 0.008025,	Top-1 err = 67.700000,	Top-5 err = 43.800000,	train_time = 1.820548
TRAIN Iter 32: loss = 0.008028,	Top-1 err = 76.700000,	Top-5 err = 54.700000,	train_time = 1.829867
TRAIN Iter 33: loss = 0.008522,	Top-1 err = 62.400000,	Top-5 err = 35.100000,	train_time = 1.816088
TRAIN Iter 34: loss = 0.007670,	Top-1 err = 68.900000,	Top-5 err = 41.500000,	train_time = 1.818441
TRAIN Iter 35: loss = 0.007923,	Top-1 err = 66.500000,	Top-5 err = 36.700000,	train_time = 1.818528
TRAIN Iter 36: loss = 0.008269,	Top-1 err = 66.900000,	Top-5 err = 41.400000,	train_time = 1.822177
TRAIN Iter 37: loss = 0.008287,	Top-1 err = 62.300000,	Top-5 err = 37.900000,	train_time = 1.817167
TRAIN Iter 38: loss = 0.007767,	Top-1 err = 59.800000,	Top-5 err = 33.600000,	train_time = 1.815042
TRAIN Iter 39: loss = 0.008006,	Top-1 err = 55.100000,	Top-5 err = 28.800000,	train_time = 1.798357
TRAIN Iter 40: loss = 0.007333,	Top-1 err = 71.000000,	Top-5 err = 48.000000,	train_time = 1.817846
TRAIN Iter 41: loss = 0.007126,	Top-1 err = 65.900000,	Top-5 err = 43.000000,	train_time = 1.797656
TRAIN Iter 42: loss = 0.007148,	Top-1 err = 71.800000,	Top-5 err = 46.000000,	train_time = 1.820901
TRAIN Iter 43: loss = 0.007004,	Top-1 err = 70.600000,	Top-5 err = 46.600000,	train_time = 1.809376
TRAIN Iter 44: loss = 0.007349,	Top-1 err = 70.100000,	Top-5 err = 44.800000,	train_time = 1.836692
TRAIN Iter 45: loss = 0.006992,	Top-1 err = 65.200000,	Top-5 err = 41.200000,	train_time = 1.823218
TRAIN Iter 46: loss = 0.007491,	Top-1 err = 64.100000,	Top-5 err = 40.000000,	train_time = 1.814826
TRAIN Iter 47: loss = 0.007412,	Top-1 err = 61.600000,	Top-5 err = 38.700000,	train_time = 1.824392
TRAIN Iter 48: loss = 0.007045,	Top-1 err = 47.500000,	Top-5 err = 21.500000,	train_time = 1.822486
TRAIN Iter 49: loss = 0.006974,	Top-1 err = 65.700000,	Top-5 err = 44.100000,	train_time = 1.795425
TRAIN Iter 50: loss = 0.006649,	Top-1 err = 65.200000,	Top-5 err = 40.400000,	train_time = 1.825051
TRAIN Iter 51: loss = 0.006874,	Top-1 err = 55.900000,	Top-5 err = 30.600000,	train_time = 1.798840
TRAIN Iter 52: loss = 0.006466,	Top-1 err = 57.000000,	Top-5 err = 31.500000,	train_time = 1.817646
TRAIN Iter 53: loss = 0.006931,	Top-1 err = 44.100000,	Top-5 err = 20.500000,	train_time = 1.799722
TRAIN Iter 54: loss = 0.006693,	Top-1 err = 55.200000,	Top-5 err = 30.900000,	train_time = 1.817645
TRAIN Iter 55: loss = 0.006515,	Top-1 err = 72.300000,	Top-5 err = 49.200000,	train_time = 1.808672
TRAIN Iter 56: loss = 0.006277,	Top-1 err = 59.800000,	Top-5 err = 33.300000,	train_time = 1.810360
TRAIN Iter 57: loss = 0.006425,	Top-1 err = 54.000000,	Top-5 err = 31.400000,	train_time = 1.811017
TRAIN Iter 58: loss = 0.006180,	Top-1 err = 67.800000,	Top-5 err = 44.900000,	train_time = 1.808398
TRAIN Iter 59: loss = 0.006160,	Top-1 err = 62.200000,	Top-5 err = 37.600000,	train_time = 1.803406
TRAIN Iter 60: loss = 0.006601,	Top-1 err = 59.800000,	Top-5 err = 35.900000,	train_time = 1.821729
TRAIN Iter 61: loss = 0.006520,	Top-1 err = 59.300000,	Top-5 err = 36.100000,	train_time = 1.804901
TRAIN Iter 62: loss = 0.006132,	Top-1 err = 62.300000,	Top-5 err = 40.100000,	train_time = 1.818497
TRAIN Iter 63: loss = 0.006311,	Top-1 err = 52.200000,	Top-5 err = 26.900000,	train_time = 1.814939
TRAIN Iter 64: loss = 0.006358,	Top-1 err = 51.700000,	Top-5 err = 28.000000,	train_time = 1.807523
TRAIN Iter 65: loss = 0.005902,	Top-1 err = 67.300000,	Top-5 err = 44.000000,	train_time = 1.796522
TRAIN Iter 66: loss = 0.006107,	Top-1 err = 65.900000,	Top-5 err = 43.500000,	train_time = 1.822741
TRAIN Iter 67: loss = 0.006010,	Top-1 err = 62.700000,	Top-5 err = 39.600000,	train_time = 1.810367
TRAIN Iter 68: loss = 0.006142,	Top-1 err = 44.800000,	Top-5 err = 19.500000,	train_time = 1.820618
TRAIN Iter 69: loss = 0.006133,	Top-1 err = 45.600000,	Top-5 err = 20.700000,	train_time = 1.822609
TRAIN Iter 70: loss = 0.005744,	Top-1 err = 59.700000,	Top-5 err = 35.500000,	train_time = 1.829935
TRAIN Iter 71: loss = 0.006195,	Top-1 err = 69.400000,	Top-5 err = 47.300000,	train_time = 1.816296
TRAIN Iter 72: loss = 0.006205,	Top-1 err = 56.100000,	Top-5 err = 29.400000,	train_time = 1.800691
TRAIN Iter 73: loss = 0.005691,	Top-1 err = 68.700000,	Top-5 err = 47.400000,	train_time = 1.813377
TRAIN Iter 74: loss = 0.005771,	Top-1 err = 44.900000,	Top-5 err = 23.600000,	train_time = 1.823850
TRAIN Iter 75: loss = 0.005449,	Top-1 err = 47.200000,	Top-5 err = 24.000000,	train_time = 1.820032
TRAIN Iter 76: loss = 0.005867,	Top-1 err = 53.000000,	Top-5 err = 30.300000,	train_time = 1.803088
TRAIN Iter 77: loss = 0.005947,	Top-1 err = 49.100000,	Top-5 err = 22.900000,	train_time = 1.805398
TRAIN Iter 78: loss = 0.005829,	Top-1 err = 50.500000,	Top-5 err = 32.300000,	train_time = 1.832532
TRAIN Iter 79: loss = 0.005608,	Top-1 err = 60.800000,	Top-5 err = 37.300000,	train_time = 1.814638
TRAIN Iter 80: loss = 0.005587,	Top-1 err = 68.700000,	Top-5 err = 51.300000,	train_time = 1.816878
TRAIN Iter 81: loss = 0.005744,	Top-1 err = 57.300000,	Top-5 err = 36.200000,	train_time = 1.804085
TRAIN Iter 82: loss = 0.005588,	Top-1 err = 52.400000,	Top-5 err = 29.600000,	train_time = 1.817755
TRAIN Iter 83: loss = 0.005542,	Top-1 err = 38.800000,	Top-5 err = 17.500000,	train_time = 1.822615
TRAIN Iter 84: loss = 0.005300,	Top-1 err = 37.900000,	Top-5 err = 15.800000,	train_time = 1.823519
TRAIN Iter 85: loss = 0.005431,	Top-1 err = 43.500000,	Top-5 err = 23.300000,	train_time = 1.816335
TRAIN Iter 86: loss = 0.005231,	Top-1 err = 59.000000,	Top-5 err = 40.100000,	train_time = 1.810883
TRAIN Iter 87: loss = 0.005186,	Top-1 err = 48.500000,	Top-5 err = 27.100000,	train_time = 1.830982
TRAIN Iter 88: loss = 0.005214,	Top-1 err = 63.000000,	Top-5 err = 38.500000,	train_time = 1.811543
TRAIN Iter 89: loss = 0.005107,	Top-1 err = 53.200000,	Top-5 err = 31.200000,	train_time = 1.805908
TRAIN Iter 90: loss = 0.005544,	Top-1 err = 52.400000,	Top-5 err = 28.800000,	train_time = 1.823820
TRAIN Iter 91: loss = 0.004987,	Top-1 err = 42.800000,	Top-5 err = 22.300000,	train_time = 1.819526
TRAIN Iter 92: loss = 0.005423,	Top-1 err = 53.800000,	Top-5 err = 30.900000,	train_time = 1.817728
TRAIN Iter 93: loss = 0.005394,	Top-1 err = 60.400000,	Top-5 err = 38.000000,	train_time = 1.836327
TRAIN Iter 94: loss = 0.005251,	Top-1 err = 54.400000,	Top-5 err = 34.000000,	train_time = 1.817509
TRAIN Iter 95: loss = 0.005445,	Top-1 err = 36.800000,	Top-5 err = 17.500000,	train_time = 1.819563
TRAIN Iter 96: loss = 0.004947,	Top-1 err = 34.200000,	Top-5 err = 13.300000,	train_time = 1.809888
TRAIN Iter 97: loss = 0.005207,	Top-1 err = 66.000000,	Top-5 err = 47.400000,	train_time = 1.810411
TRAIN Iter 98: loss = 0.005049,	Top-1 err = 48.900000,	Top-5 err = 26.500000,	train_time = 1.810973
TRAIN Iter 99: loss = 0.004919,	Top-1 err = 48.900000,	Top-5 err = 28.300000,	train_time = 1.815188
TRAIN Iter 100: loss = 0.004973,	Top-1 err = 61.400000,	Top-5 err = 47.500000,	train_time = 1.814901
TRAIN Iter 101: loss = 0.005173,	Top-1 err = 57.600000,	Top-5 err = 38.500000,	train_time = 1.806773
TRAIN Iter 102: loss = 0.005154,	Top-1 err = 70.300000,	Top-5 err = 45.200000,	train_time = 1.826672
TRAIN Iter 103: loss = 0.004913,	Top-1 err = 59.600000,	Top-5 err = 37.500000,	train_time = 1.806990
TRAIN Iter 104: loss = 0.005189,	Top-1 err = 48.000000,	Top-5 err = 27.800000,	train_time = 1.796081
TRAIN Iter 105: loss = 0.004833,	Top-1 err = 43.100000,	Top-5 err = 23.800000,	train_time = 1.819257
TRAIN Iter 106: loss = 0.005114,	Top-1 err = 67.200000,	Top-5 err = 46.400000,	train_time = 1.814544
TRAIN Iter 107: loss = 0.005049,	Top-1 err = 48.700000,	Top-5 err = 27.100000,	train_time = 1.791464
TRAIN Iter 108: loss = 0.004669,	Top-1 err = 29.800000,	Top-5 err = 10.300000,	train_time = 1.822259
TRAIN Iter 109: loss = 0.004650,	Top-1 err = 35.600000,	Top-5 err = 18.300000,	train_time = 1.812404
TRAIN Iter 110: loss = 0.004810,	Top-1 err = 59.000000,	Top-5 err = 41.100000,	train_time = 1.817834
TRAIN Iter 111: loss = 0.005007,	Top-1 err = 66.500000,	Top-5 err = 46.300000,	train_time = 1.833455
TRAIN Iter 112: loss = 0.004820,	Top-1 err = 65.000000,	Top-5 err = 42.500000,	train_time = 1.837664
TRAIN Iter 113: loss = 0.004731,	Top-1 err = 50.400000,	Top-5 err = 28.100000,	train_time = 1.804657
TRAIN Iter 114: loss = 0.004513,	Top-1 err = 53.200000,	Top-5 err = 35.100000,	train_time = 1.808805
TRAIN Iter 115: loss = 0.004581,	Top-1 err = 46.700000,	Top-5 err = 27.800000,	train_time = 1.832185
TRAIN Iter 116: loss = 0.004633,	Top-1 err = 71.700000,	Top-5 err = 50.400000,	train_time = 1.819261
TRAIN Iter 117: loss = 0.004566,	Top-1 err = 53.900000,	Top-5 err = 32.100000,	train_time = 1.821272
TRAIN Iter 118: loss = 0.004713,	Top-1 err = 49.700000,	Top-5 err = 25.500000,	train_time = 1.802016
TRAIN Iter 119: loss = 0.004667,	Top-1 err = 59.900000,	Top-5 err = 40.200000,	train_time = 1.824709
TRAIN Iter 120: loss = 0.004840,	Top-1 err = 54.900000,	Top-5 err = 35.900000,	train_time = 1.821284
TRAIN Iter 121: loss = 0.004767,	Top-1 err = 45.700000,	Top-5 err = 24.300000,	train_time = 1.817468
TRAIN Iter 122: loss = 0.004602,	Top-1 err = 54.400000,	Top-5 err = 36.800000,	train_time = 1.808790
TRAIN Iter 123: loss = 0.004388,	Top-1 err = 45.300000,	Top-5 err = 26.000000,	train_time = 1.817834
TRAIN Iter 124: loss = 0.004378,	Top-1 err = 41.000000,	Top-5 err = 21.600000,	train_time = 1.798547
TRAIN Iter 125: loss = 0.004413,	Top-1 err = 36.500000,	Top-5 err = 16.600000,	train_time = 1.811639
TRAIN Iter 126: loss = 0.004131,	Top-1 err = 21.800000,	Top-5 err = 8.500000,	train_time = 1.817242
TRAIN Iter 127: loss = 0.004487,	Top-1 err = 52.100000,	Top-5 err = 33.000000,	train_time = 1.835107
TRAIN Iter 128: loss = 0.004605,	Top-1 err = 47.700000,	Top-5 err = 27.300000,	train_time = 1.823415
TRAIN Iter 129: loss = 0.004454,	Top-1 err = 44.400000,	Top-5 err = 21.900000,	train_time = 1.826221
TRAIN Iter 130: loss = 0.004253,	Top-1 err = 41.100000,	Top-5 err = 24.000000,	train_time = 1.805831
TRAIN Iter 131: loss = 0.004327,	Top-1 err = 43.600000,	Top-5 err = 24.100000,	train_time = 1.810925
TRAIN Iter 132: loss = 0.004587,	Top-1 err = 52.500000,	Top-5 err = 31.700000,	train_time = 1.824777
TRAIN Iter 133: loss = 0.004466,	Top-1 err = 49.900000,	Top-5 err = 30.500000,	train_time = 1.802744
TRAIN Iter 134: loss = 0.004455,	Top-1 err = 49.000000,	Top-5 err = 26.900000,	train_time = 1.817819
TRAIN Iter 135: loss = 0.004641,	Top-1 err = 52.900000,	Top-5 err = 34.800000,	train_time = 1.810301
TRAIN Iter 136: loss = 0.004272,	Top-1 err = 45.000000,	Top-5 err = 22.700000,	train_time = 1.808432
TRAIN Iter 137: loss = 0.004230,	Top-1 err = 46.300000,	Top-5 err = 30.300000,	train_time = 1.821711
TRAIN Iter 138: loss = 0.004454,	Top-1 err = 64.000000,	Top-5 err = 48.600000,	train_time = 1.822663
TRAIN Iter 139: loss = 0.004346,	Top-1 err = 47.100000,	Top-5 err = 28.900000,	train_time = 1.821173
TRAIN Iter 140: loss = 0.004642,	Top-1 err = 70.300000,	Top-5 err = 47.400000,	train_time = 1.818494
TRAIN Iter 141: loss = 0.004328,	Top-1 err = 34.100000,	Top-5 err = 13.900000,	train_time = 1.821266
TRAIN Iter 142: loss = 0.004060,	Top-1 err = 39.900000,	Top-5 err = 20.800000,	train_time = 1.838334
TRAIN Iter 143: loss = 0.004272,	Top-1 err = 47.800000,	Top-5 err = 29.400000,	train_time = 1.804310
TRAIN Iter 144: loss = 0.004195,	Top-1 err = 51.800000,	Top-5 err = 32.700000,	train_time = 1.809155
TRAIN Iter 145: loss = 0.004129,	Top-1 err = 41.900000,	Top-5 err = 21.400000,	train_time = 1.806783
TRAIN Iter 146: loss = 0.003999,	Top-1 err = 43.700000,	Top-5 err = 22.700000,	train_time = 1.825872
TRAIN Iter 147: loss = 0.004345,	Top-1 err = 36.900000,	Top-5 err = 19.300000,	train_time = 1.824587
TRAIN Iter 148: loss = 0.004084,	Top-1 err = 44.500000,	Top-5 err = 27.400000,	train_time = 1.814398
TRAIN Iter 149: loss = 0.004361,	Top-1 err = 42.600000,	Top-5 err = 23.800000,	train_time = 1.811428
TRAIN Iter 150: loss = 0.004188,	Top-1 err = 47.400000,	Top-5 err = 28.300000,	train_time = 1.821193
TRAIN Iter 151: loss = 0.004298,	Top-1 err = 46.000000,	Top-5 err = 26.200000,	train_time = 1.821455
TRAIN Iter 152: loss = 0.004280,	Top-1 err = 66.200000,	Top-5 err = 45.600000,	train_time = 1.805391
TRAIN Iter 153: loss = 0.004208,	Top-1 err = 56.400000,	Top-5 err = 37.700000,	train_time = 1.828621
TRAIN Iter 154: loss = 0.004036,	Top-1 err = 44.600000,	Top-5 err = 23.700000,	train_time = 1.823638
TRAIN Iter 155: loss = 0.004024,	Top-1 err = 49.800000,	Top-5 err = 27.200000,	train_time = 1.818267
TRAIN Iter 156: loss = 0.003960,	Top-1 err = 54.000000,	Top-5 err = 34.900000,	train_time = 1.821777
TRAIN Iter 157: loss = 0.004200,	Top-1 err = 58.800000,	Top-5 err = 37.800000,	train_time = 1.820163
TRAIN Iter 158: loss = 0.004133,	Top-1 err = 63.500000,	Top-5 err = 43.500000,	train_time = 1.818606
TRAIN Iter 159: loss = 0.004089,	Top-1 err = 59.000000,	Top-5 err = 40.900000,	train_time = 1.811007
TRAIN Iter 160: loss = 0.004123,	Top-1 err = 58.600000,	Top-5 err = 37.900000,	train_time = 1.791802
TRAIN Iter 161: loss = 0.004120,	Top-1 err = 53.600000,	Top-5 err = 29.900000,	train_time = 1.810310
TRAIN Iter 162: loss = 0.004133,	Top-1 err = 60.400000,	Top-5 err = 41.800000,	train_time = 1.815992
TRAIN Iter 163: loss = 0.004114,	Top-1 err = 68.600000,	Top-5 err = 50.100000,	train_time = 1.814910
TRAIN Iter 164: loss = 0.004036,	Top-1 err = 60.700000,	Top-5 err = 40.000000,	train_time = 1.797588
TRAIN Iter 165: loss = 0.003885,	Top-1 err = 49.100000,	Top-5 err = 30.000000,	train_time = 1.824979
TRAIN Iter 166: loss = 0.004256,	Top-1 err = 57.900000,	Top-5 err = 39.000000,	train_time = 1.807040
TRAIN Iter 167: loss = 0.004104,	Top-1 err = 58.900000,	Top-5 err = 38.600000,	train_time = 1.812327
TRAIN Iter 168: loss = 0.003825,	Top-1 err = 49.400000,	Top-5 err = 28.100000,	train_time = 1.812508
TRAIN Iter 169: loss = 0.004073,	Top-1 err = 57.000000,	Top-5 err = 39.200000,	train_time = 1.815712
TRAIN Iter 170: loss = 0.003835,	Top-1 err = 44.200000,	Top-5 err = 22.300000,	train_time = 1.811898
TRAIN Iter 171: loss = 0.003851,	Top-1 err = 53.700000,	Top-5 err = 34.400000,	train_time = 1.809735
TRAIN Iter 172: loss = 0.003723,	Top-1 err = 29.100000,	Top-5 err = 13.400000,	train_time = 1.824969
TRAIN Iter 173: loss = 0.003826,	Top-1 err = 53.900000,	Top-5 err = 37.500000,	train_time = 1.818660
TRAIN Iter 174: loss = 0.003862,	Top-1 err = 44.500000,	Top-5 err = 26.900000,	train_time = 1.826038
TRAIN Iter 175: loss = 0.004182,	Top-1 err = 72.500000,	Top-5 err = 50.800000,	train_time = 1.822053
TRAIN Iter 176: loss = 0.003961,	Top-1 err = 47.900000,	Top-5 err = 29.200000,	train_time = 1.801485
TRAIN Iter 177: loss = 0.004038,	Top-1 err = 48.000000,	Top-5 err = 26.800000,	train_time = 1.821353
TRAIN Iter 178: loss = 0.004175,	Top-1 err = 57.900000,	Top-5 err = 33.200000,	train_time = 1.816079
TRAIN Iter 179: loss = 0.003926,	Top-1 err = 50.200000,	Top-5 err = 28.600000,	train_time = 1.829451
TRAIN Iter 180: loss = 0.003880,	Top-1 err = 51.000000,	Top-5 err = 31.000000,	train_time = 1.814610
TRAIN Iter 181: loss = 0.003987,	Top-1 err = 59.100000,	Top-5 err = 36.200000,	train_time = 1.821970
TRAIN Iter 182: loss = 0.003724,	Top-1 err = 43.600000,	Top-5 err = 27.600000,	train_time = 1.816368
TRAIN Iter 183: loss = 0.003594,	Top-1 err = 58.900000,	Top-5 err = 40.400000,	train_time = 1.808876
TRAIN Iter 184: loss = 0.003809,	Top-1 err = 45.600000,	Top-5 err = 29.900000,	train_time = 1.843669
TRAIN Iter 185: loss = 0.003834,	Top-1 err = 55.800000,	Top-5 err = 33.400000,	train_time = 1.811393
TRAIN Iter 186: loss = 0.003724,	Top-1 err = 43.900000,	Top-5 err = 23.000000,	train_time = 1.829640
TRAIN Iter 187: loss = 0.003781,	Top-1 err = 45.200000,	Top-5 err = 22.600000,	train_time = 1.821747
TRAIN Iter 188: loss = 0.003604,	Top-1 err = 32.100000,	Top-5 err = 15.400000,	train_time = 1.826762
TRAIN Iter 189: loss = 0.003423,	Top-1 err = 34.300000,	Top-5 err = 17.500000,	train_time = 1.817738
TRAIN Iter 190: loss = 0.003589,	Top-1 err = 41.300000,	Top-5 err = 27.700000,	train_time = 1.822060
TRAIN Iter 191: loss = 0.003477,	Top-1 err = 32.900000,	Top-5 err = 17.800000,	train_time = 1.818864
TRAIN Iter 192: loss = 0.003861,	Top-1 err = 54.700000,	Top-5 err = 34.600000,	train_time = 1.805649
TRAIN Iter 193: loss = 0.003668,	Top-1 err = 58.800000,	Top-5 err = 43.000000,	train_time = 1.809140
TRAIN Iter 194: loss = 0.003741,	Top-1 err = 48.000000,	Top-5 err = 27.500000,	train_time = 1.809723
TRAIN Iter 195: loss = 0.003535,	Top-1 err = 41.300000,	Top-5 err = 24.800000,	train_time = 1.832200
TRAIN Iter 196: loss = 0.003506,	Top-1 err = 30.000000,	Top-5 err = 12.000000,	train_time = 1.819831
TRAIN Iter 197: loss = 0.003600,	Top-1 err = 40.600000,	Top-5 err = 21.000000,	train_time = 1.805481
TRAIN Iter 198: loss = 0.003567,	Top-1 err = 57.200000,	Top-5 err = 43.300000,	train_time = 1.791622
TRAIN Iter 199: loss = 0.003478,	Top-1 err = 33.600000,	Top-5 err = 13.600000,	train_time = 1.806855
TRAIN Iter 200: loss = 0.003667,	Top-1 err = 53.800000,	Top-5 err = 35.100000,	train_time = 1.812113
TRAIN Iter 201: loss = 0.003577,	Top-1 err = 57.800000,	Top-5 err = 37.800000,	train_time = 1.824580
TRAIN Iter 202: loss = 0.003541,	Top-1 err = 53.300000,	Top-5 err = 38.900000,	train_time = 1.817032
TRAIN Iter 203: loss = 0.003578,	Top-1 err = 43.900000,	Top-5 err = 27.100000,	train_time = 1.823122
TRAIN Iter 204: loss = 0.003663,	Top-1 err = 59.100000,	Top-5 err = 41.100000,	train_time = 1.814573
TRAIN Iter 205: loss = 0.003673,	Top-1 err = 50.300000,	Top-5 err = 28.000000,	train_time = 1.811954
TRAIN Iter 206: loss = 0.003296,	Top-1 err = 24.500000,	Top-5 err = 12.400000,	train_time = 1.802065
TRAIN Iter 207: loss = 0.003526,	Top-1 err = 42.400000,	Top-5 err = 21.600000,	train_time = 1.804449
TRAIN Iter 208: loss = 0.003650,	Top-1 err = 59.000000,	Top-5 err = 37.600000,	train_time = 1.814954
TRAIN Iter 209: loss = 0.003530,	Top-1 err = 48.400000,	Top-5 err = 28.400000,	train_time = 1.806648
TRAIN Iter 210: loss = 0.003477,	Top-1 err = 44.300000,	Top-5 err = 24.800000,	train_time = 1.820988
TRAIN Iter 211: loss = 0.003552,	Top-1 err = 40.600000,	Top-5 err = 20.800000,	train_time = 1.808219
TRAIN Iter 212: loss = 0.003412,	Top-1 err = 38.400000,	Top-5 err = 18.900000,	train_time = 1.809102
TRAIN Iter 213: loss = 0.003625,	Top-1 err = 58.600000,	Top-5 err = 38.700000,	train_time = 1.800379
TRAIN Iter 214: loss = 0.003615,	Top-1 err = 53.300000,	Top-5 err = 36.900000,	train_time = 1.810869
TRAIN Iter 215: loss = 0.003484,	Top-1 err = 46.900000,	Top-5 err = 27.500000,	train_time = 1.820172
TRAIN Iter 216: loss = 0.003216,	Top-1 err = 27.100000,	Top-5 err = 10.000000,	train_time = 1.816804
TRAIN Iter 217: loss = 0.003623,	Top-1 err = 50.700000,	Top-5 err = 26.600000,	train_time = 1.816979
TRAIN Iter 218: loss = 0.003429,	Top-1 err = 42.400000,	Top-5 err = 24.200000,	train_time = 1.825679
TRAIN Iter 219: loss = 0.003561,	Top-1 err = 67.100000,	Top-5 err = 49.400000,	train_time = 1.810472
TRAIN Iter 220: loss = 0.003360,	Top-1 err = 34.800000,	Top-5 err = 17.300000,	train_time = 1.817502
TRAIN Iter 221: loss = 0.003643,	Top-1 err = 50.100000,	Top-5 err = 28.100000,	train_time = 1.825934
TRAIN Iter 222: loss = 0.003374,	Top-1 err = 44.300000,	Top-5 err = 26.500000,	train_time = 1.804267
TRAIN Iter 223: loss = 0.003462,	Top-1 err = 53.000000,	Top-5 err = 34.300000,	train_time = 1.823859
TRAIN Iter 224: loss = 0.003324,	Top-1 err = 44.700000,	Top-5 err = 27.900000,	train_time = 1.820112
TRAIN Iter 225: loss = 0.003280,	Top-1 err = 31.200000,	Top-5 err = 13.600000,	train_time = 1.806850
TRAIN Iter 226: loss = 0.003265,	Top-1 err = 31.400000,	Top-5 err = 13.000000,	train_time = 1.816741
TRAIN Iter 227: loss = 0.003326,	Top-1 err = 31.900000,	Top-5 err = 17.400000,	train_time = 1.792584
TRAIN Iter 228: loss = 0.003264,	Top-1 err = 33.400000,	Top-5 err = 17.100000,	train_time = 1.838446
TRAIN Iter 229: loss = 0.003427,	Top-1 err = 35.600000,	Top-5 err = 16.700000,	train_time = 1.819676
TRAIN Iter 230: loss = 0.003402,	Top-1 err = 51.800000,	Top-5 err = 35.400000,	train_time = 1.817640
TRAIN Iter 231: loss = 0.003647,	Top-1 err = 60.800000,	Top-5 err = 40.500000,	train_time = 1.817001
TRAIN Iter 232: loss = 0.003382,	Top-1 err = 45.200000,	Top-5 err = 22.500000,	train_time = 1.816947
TRAIN Iter 233: loss = 0.003395,	Top-1 err = 43.800000,	Top-5 err = 26.900000,	train_time = 1.821511
TRAIN Iter 234: loss = 0.003385,	Top-1 err = 45.100000,	Top-5 err = 27.900000,	train_time = 1.826008
TRAIN Iter 235: loss = 0.003298,	Top-1 err = 40.500000,	Top-5 err = 20.000000,	train_time = 1.818040
TRAIN Iter 236: loss = 0.003391,	Top-1 err = 45.900000,	Top-5 err = 26.400000,	train_time = 1.801508
TRAIN Iter 237: loss = 0.003312,	Top-1 err = 49.100000,	Top-5 err = 28.300000,	train_time = 1.815462
TRAIN Iter 238: loss = 0.003250,	Top-1 err = 36.000000,	Top-5 err = 21.100000,	train_time = 1.843088
TRAIN Iter 239: loss = 0.003226,	Top-1 err = 36.600000,	Top-5 err = 17.900000,	train_time = 1.816653
TRAIN Iter 240: loss = 0.003290,	Top-1 err = 43.200000,	Top-5 err = 23.400000,	train_time = 1.804087
TRAIN Iter 241: loss = 0.003464,	Top-1 err = 54.700000,	Top-5 err = 32.500000,	train_time = 1.821913
TRAIN Iter 242: loss = 0.003268,	Top-1 err = 41.700000,	Top-5 err = 27.400000,	train_time = 1.820287
TRAIN Iter 243: loss = 0.003524,	Top-1 err = 80.600000,	Top-5 err = 58.300000,	train_time = 1.803568
TRAIN Iter 244: loss = 0.003274,	Top-1 err = 45.600000,	Top-5 err = 27.500000,	train_time = 1.802648
TRAIN Iter 245: loss = 0.003345,	Top-1 err = 52.100000,	Top-5 err = 32.700000,	train_time = 1.795897
TRAIN Iter 246: loss = 0.003419,	Top-1 err = 59.300000,	Top-5 err = 37.900000,	train_time = 1.825382
TRAIN Iter 247: loss = 0.003300,	Top-1 err = 38.900000,	Top-5 err = 23.100000,	train_time = 1.820300
TRAIN Iter 248: loss = 0.003258,	Top-1 err = 39.300000,	Top-5 err = 21.000000,	train_time = 1.803298
TRAIN Iter 249: loss = 0.003165,	Top-1 err = 45.300000,	Top-5 err = 25.600000,	train_time = 1.808436
TEST:
Iter 249: loss = 2.265375,	Top-1 err = 55.410000,	Top-5 err = 24.120000,	val_time = 3.390201
TRAIN Iter 250: loss = 0.003368,	Top-1 err = 52.800000,	Top-5 err = 33.400000,	train_time = 1.804917
TRAIN Iter 251: loss = 0.003176,	Top-1 err = 49.100000,	Top-5 err = 35.500000,	train_time = 1.824311
TRAIN Iter 252: loss = 0.003016,	Top-1 err = 43.000000,	Top-5 err = 28.700000,	train_time = 1.791148
TRAIN Iter 253: loss = 0.003422,	Top-1 err = 49.400000,	Top-5 err = 30.900000,	train_time = 1.821567
TRAIN Iter 254: loss = 0.003180,	Top-1 err = 44.800000,	Top-5 err = 25.800000,	train_time = 1.818950
TRAIN Iter 255: loss = 0.003193,	Top-1 err = 55.400000,	Top-5 err = 41.700000,	train_time = 1.816545
TRAIN Iter 256: loss = 0.003253,	Top-1 err = 40.400000,	Top-5 err = 18.800000,	train_time = 1.814322
TRAIN Iter 257: loss = 0.003178,	Top-1 err = 45.700000,	Top-5 err = 24.700000,	train_time = 1.805778
TRAIN Iter 258: loss = 0.003137,	Top-1 err = 39.600000,	Top-5 err = 25.300000,	train_time = 1.817444
TRAIN Iter 259: loss = 0.003328,	Top-1 err = 57.200000,	Top-5 err = 34.500000,	train_time = 1.819384
TEST:
Iter 259: loss = 2.126395,	Top-1 err = 54.060000,	Top-5 err = 22.050000,	val_time = 3.381843
TRAIN Iter 260: loss = 0.003349,	Top-1 err = 61.200000,	Top-5 err = 40.400000,	train_time = 1.818601
TRAIN Iter 261: loss = 0.003303,	Top-1 err = 57.800000,	Top-5 err = 34.900000,	train_time = 1.814525
TRAIN Iter 262: loss = 0.003381,	Top-1 err = 62.100000,	Top-5 err = 42.400000,	train_time = 1.836173
TRAIN Iter 263: loss = 0.002984,	Top-1 err = 43.300000,	Top-5 err = 28.500000,	train_time = 1.810880
TRAIN Iter 264: loss = 0.003084,	Top-1 err = 42.900000,	Top-5 err = 22.600000,	train_time = 1.819960
TRAIN Iter 265: loss = 0.003151,	Top-1 err = 34.900000,	Top-5 err = 18.900000,	train_time = 1.795729
TRAIN Iter 266: loss = 0.003217,	Top-1 err = 45.700000,	Top-5 err = 29.900000,	train_time = 1.821574
TRAIN Iter 267: loss = 0.003125,	Top-1 err = 41.000000,	Top-5 err = 22.100000,	train_time = 1.794057
TRAIN Iter 268: loss = 0.003380,	Top-1 err = 65.400000,	Top-5 err = 44.900000,	train_time = 1.809068
TRAIN Iter 269: loss = 0.003376,	Top-1 err = 70.300000,	Top-5 err = 49.900000,	train_time = 1.814200
TEST:
Iter 269: loss = 2.153085,	Top-1 err = 53.380000,	Top-5 err = 22.160000,	val_time = 3.358559
TRAIN Iter 270: loss = 0.002959,	Top-1 err = 28.300000,	Top-5 err = 12.600000,	train_time = 1.815197
TRAIN Iter 271: loss = 0.003095,	Top-1 err = 43.500000,	Top-5 err = 27.700000,	train_time = 1.826474
TRAIN Iter 272: loss = 0.003148,	Top-1 err = 41.400000,	Top-5 err = 20.600000,	train_time = 1.828081
TRAIN Iter 273: loss = 0.003002,	Top-1 err = 36.900000,	Top-5 err = 20.600000,	train_time = 1.819299
TRAIN Iter 274: loss = 0.002955,	Top-1 err = 47.400000,	Top-5 err = 30.100000,	train_time = 1.809100
TRAIN Iter 275: loss = 0.003051,	Top-1 err = 57.600000,	Top-5 err = 42.400000,	train_time = 1.820985
TRAIN Iter 276: loss = 0.003177,	Top-1 err = 63.000000,	Top-5 err = 42.800000,	train_time = 1.821559
TRAIN Iter 277: loss = 0.003192,	Top-1 err = 50.800000,	Top-5 err = 33.300000,	train_time = 1.815444
TRAIN Iter 278: loss = 0.003186,	Top-1 err = 42.900000,	Top-5 err = 25.700000,	train_time = 1.812941
TRAIN Iter 279: loss = 0.003018,	Top-1 err = 37.300000,	Top-5 err = 19.300000,	train_time = 1.818309
TEST:
Iter 279: loss = 2.129200,	Top-1 err = 53.120000,	Top-5 err = 21.720000,	val_time = 3.368359
TRAIN Iter 280: loss = 0.003141,	Top-1 err = 39.900000,	Top-5 err = 22.700000,	train_time = 1.821939
TRAIN Iter 281: loss = 0.003154,	Top-1 err = 57.500000,	Top-5 err = 38.600000,	train_time = 1.815507
TRAIN Iter 282: loss = 0.003176,	Top-1 err = 50.700000,	Top-5 err = 31.200000,	train_time = 1.826470
TRAIN Iter 283: loss = 0.002657,	Top-1 err = 22.700000,	Top-5 err = 11.800000,	train_time = 1.811675
TRAIN Iter 284: loss = 0.003105,	Top-1 err = 39.900000,	Top-5 err = 21.800000,	train_time = 1.812465
TRAIN Iter 285: loss = 0.003035,	Top-1 err = 40.600000,	Top-5 err = 20.400000,	train_time = 1.794535
TRAIN Iter 286: loss = 0.002953,	Top-1 err = 34.100000,	Top-5 err = 19.800000,	train_time = 1.804586
TRAIN Iter 287: loss = 0.003007,	Top-1 err = 54.400000,	Top-5 err = 38.200000,	train_time = 1.811343
TRAIN Iter 288: loss = 0.002820,	Top-1 err = 35.000000,	Top-5 err = 23.200000,	train_time = 1.808239
TRAIN Iter 289: loss = 0.003043,	Top-1 err = 51.600000,	Top-5 err = 32.900000,	train_time = 1.827021
TEST:
Iter 289: loss = 2.157808,	Top-1 err = 52.890000,	Top-5 err = 22.210000,	val_time = 3.363495
TRAIN Iter 290: loss = 0.003118,	Top-1 err = 51.200000,	Top-5 err = 33.400000,	train_time = 1.798912
TRAIN Iter 291: loss = 0.002889,	Top-1 err = 40.800000,	Top-5 err = 21.300000,	train_time = 1.792096
TRAIN Iter 292: loss = 0.002984,	Top-1 err = 43.000000,	Top-5 err = 25.900000,	train_time = 1.802765
TRAIN Iter 293: loss = 0.003052,	Top-1 err = 55.200000,	Top-5 err = 35.600000,	train_time = 1.815184
TRAIN Iter 294: loss = 0.002898,	Top-1 err = 52.700000,	Top-5 err = 36.900000,	train_time = 1.830116
TRAIN Iter 295: loss = 0.002977,	Top-1 err = 44.300000,	Top-5 err = 24.200000,	train_time = 1.815063
TRAIN Iter 296: loss = 0.002910,	Top-1 err = 36.700000,	Top-5 err = 20.600000,	train_time = 1.792653
TRAIN Iter 297: loss = 0.002959,	Top-1 err = 54.600000,	Top-5 err = 40.300000,	train_time = 1.803392
TRAIN Iter 298: loss = 0.003086,	Top-1 err = 59.000000,	Top-5 err = 36.100000,	train_time = 1.827202
TRAIN Iter 299: loss = 0.003122,	Top-1 err = 47.100000,	Top-5 err = 28.900000,	train_time = 1.817885
TEST:
Iter 299: loss = 2.083228,	Top-1 err = 51.870000,	Top-5 err = 20.960000,	val_time = 3.384224
Train Finish! Best accuracy is 48.13@299
