/home/dvspanos/miniconda3/envs/rded/lib/python3.10/site-packages/torchvision/models/_utils.py:208: UserWarning: The parameter 'pretrained' is deprecated since 0.13 and may be removed in the future, please use 'weights' instead.
  warnings.warn(
/home/dvspanos/miniconda3/envs/rded/lib/python3.10/site-packages/torchvision/models/_utils.py:223: UserWarning: Arguments other than a weight enum or `None` for 'weights' are deprecated since 0.13 and may be removed in the future. The current behavior is equivalent to passing `weights=None`.
  warnings.warn(msg)
=> using pytorch pre-trained teacher model 'resnet18_modified'
process data from /home/dvspanos/nikos/ca2d/artifacts/sets/bench_cifar100_rn18_sharp2d_ipc50
load data successfully
TRAIN Iter 0: loss = 0.013345,	Top-1 err = 97.780000,	Top-5 err = 89.700000,	train_time = 10.706302
TRAIN Iter 1: loss = 0.012342,	Top-1 err = 96.540000,	Top-5 err = 85.320000,	train_time = 7.985902
TRAIN Iter 2: loss = 0.011741,	Top-1 err = 94.740000,	Top-5 err = 81.240000,	train_time = 7.955063
TRAIN Iter 3: loss = 0.011325,	Top-1 err = 93.820000,	Top-5 err = 79.520000,	train_time = 7.976644
TRAIN Iter 4: loss = 0.012102,	Top-1 err = 91.320000,	Top-5 err = 71.980000,	train_time = 7.957583
TRAIN Iter 5: loss = 0.011062,	Top-1 err = 90.840000,	Top-5 err = 73.060000,	train_time = 7.956629
TRAIN Iter 6: loss = 0.010293,	Top-1 err = 91.520000,	Top-5 err = 72.220000,	train_time = 7.977041
TRAIN Iter 7: loss = 0.010881,	Top-1 err = 88.240000,	Top-5 err = 66.800000,	train_time = 7.958187
TRAIN Iter 8: loss = 0.010507,	Top-1 err = 83.280000,	Top-5 err = 59.440000,	train_time = 7.965971
TRAIN Iter 9: loss = 0.009765,	Top-1 err = 84.320000,	Top-5 err = 61.560000,	train_time = 7.950177
TRAIN Iter 10: loss = 0.010213,	Top-1 err = 81.760000,	Top-5 err = 56.980000,	train_time = 7.970286
TRAIN Iter 11: loss = 0.008933,	Top-1 err = 82.300000,	Top-5 err = 59.440000,	train_time = 7.960697
TRAIN Iter 12: loss = 0.009772,	Top-1 err = 81.940000,	Top-5 err = 58.980000,	train_time = 7.974688
TRAIN Iter 13: loss = 0.008682,	Top-1 err = 83.220000,	Top-5 err = 61.160000,	train_time = 7.980217
TRAIN Iter 14: loss = 0.008099,	Top-1 err = 78.780000,	Top-5 err = 55.460000,	train_time = 7.957493
TRAIN Iter 15: loss = 0.007529,	Top-1 err = 81.840000,	Top-5 err = 60.640000,	train_time = 7.955644
TRAIN Iter 16: loss = 0.007834,	Top-1 err = 77.880000,	Top-5 err = 54.420000,	train_time = 7.953083
TRAIN Iter 17: loss = 0.007999,	Top-1 err = 79.300000,	Top-5 err = 55.400000,	train_time = 7.975203
TRAIN Iter 18: loss = 0.007562,	Top-1 err = 75.140000,	Top-5 err = 49.380000,	train_time = 7.980969
TRAIN Iter 19: loss = 0.007179,	Top-1 err = 74.600000,	Top-5 err = 49.800000,	train_time = 7.991380
TRAIN Iter 20: loss = 0.007582,	Top-1 err = 74.320000,	Top-5 err = 50.100000,	train_time = 7.968996
TRAIN Iter 21: loss = 0.007541,	Top-1 err = 74.220000,	Top-5 err = 48.920000,	train_time = 7.966602
TRAIN Iter 22: loss = 0.007092,	Top-1 err = 70.800000,	Top-5 err = 45.300000,	train_time = 7.963128
TRAIN Iter 23: loss = 0.006695,	Top-1 err = 78.860000,	Top-5 err = 57.440000,	train_time = 7.976366
TRAIN Iter 24: loss = 0.006884,	Top-1 err = 70.560000,	Top-5 err = 45.800000,	train_time = 7.958705
TRAIN Iter 25: loss = 0.006716,	Top-1 err = 67.560000,	Top-5 err = 41.960000,	train_time = 7.963257
TRAIN Iter 26: loss = 0.006209,	Top-1 err = 75.460000,	Top-5 err = 52.200000,	train_time = 7.972620
TRAIN Iter 27: loss = 0.006644,	Top-1 err = 71.340000,	Top-5 err = 48.040000,	train_time = 7.980863
TRAIN Iter 28: loss = 0.006382,	Top-1 err = 66.540000,	Top-5 err = 40.840000,	train_time = 7.974589
TRAIN Iter 29: loss = 0.006001,	Top-1 err = 72.060000,	Top-5 err = 47.080000,	train_time = 7.968492
TRAIN Iter 30: loss = 0.006181,	Top-1 err = 69.300000,	Top-5 err = 45.860000,	train_time = 7.963240
TRAIN Iter 31: loss = 0.006210,	Top-1 err = 63.920000,	Top-5 err = 37.860000,	train_time = 7.973181
TRAIN Iter 32: loss = 0.006233,	Top-1 err = 65.780000,	Top-5 err = 41.680000,	train_time = 7.975477
TRAIN Iter 33: loss = 0.005920,	Top-1 err = 63.720000,	Top-5 err = 38.340000,	train_time = 7.966127
TRAIN Iter 34: loss = 0.006125,	Top-1 err = 62.800000,	Top-5 err = 40.380000,	train_time = 7.949821
TRAIN Iter 35: loss = 0.005561,	Top-1 err = 65.980000,	Top-5 err = 41.260000,	train_time = 7.972445
TRAIN Iter 36: loss = 0.005349,	Top-1 err = 63.880000,	Top-5 err = 40.160000,	train_time = 7.979631
TRAIN Iter 37: loss = 0.005763,	Top-1 err = 59.180000,	Top-5 err = 34.500000,	train_time = 7.964352
TRAIN Iter 38: loss = 0.005085,	Top-1 err = 68.960000,	Top-5 err = 43.940000,	train_time = 7.970972
TRAIN Iter 39: loss = 0.005402,	Top-1 err = 64.660000,	Top-5 err = 39.040000,	train_time = 7.978629
TRAIN Iter 40: loss = 0.005619,	Top-1 err = 50.140000,	Top-5 err = 25.320000,	train_time = 7.956515
TRAIN Iter 41: loss = 0.005525,	Top-1 err = 68.740000,	Top-5 err = 47.580000,	train_time = 7.964078
TRAIN Iter 42: loss = 0.004938,	Top-1 err = 68.880000,	Top-5 err = 46.020000,	train_time = 7.973524
TRAIN Iter 43: loss = 0.005011,	Top-1 err = 66.340000,	Top-5 err = 42.960000,	train_time = 7.966573
TRAIN Iter 44: loss = 0.005084,	Top-1 err = 66.300000,	Top-5 err = 43.580000,	train_time = 7.961076
TRAIN Iter 45: loss = 0.005020,	Top-1 err = 58.240000,	Top-5 err = 34.500000,	train_time = 7.970576
TRAIN Iter 46: loss = 0.005101,	Top-1 err = 58.140000,	Top-5 err = 36.620000,	train_time = 7.976620
TRAIN Iter 47: loss = 0.004980,	Top-1 err = 61.040000,	Top-5 err = 39.100000,	train_time = 7.973598
TRAIN Iter 48: loss = 0.004702,	Top-1 err = 65.920000,	Top-5 err = 43.360000,	train_time = 7.970840
TRAIN Iter 49: loss = 0.005129,	Top-1 err = 56.860000,	Top-5 err = 33.780000,	train_time = 7.973848
TRAIN Iter 50: loss = 0.004825,	Top-1 err = 61.800000,	Top-5 err = 39.420000,	train_time = 7.979189
TRAIN Iter 51: loss = 0.004780,	Top-1 err = 62.640000,	Top-5 err = 42.500000,	train_time = 7.986339
TRAIN Iter 52: loss = 0.004745,	Top-1 err = 52.600000,	Top-5 err = 29.260000,	train_time = 7.963553
TRAIN Iter 53: loss = 0.004610,	Top-1 err = 62.380000,	Top-5 err = 40.420000,	train_time = 7.976307
TRAIN Iter 54: loss = 0.004454,	Top-1 err = 56.740000,	Top-5 err = 35.980000,	train_time = 7.980809
TRAIN Iter 55: loss = 0.004296,	Top-1 err = 59.920000,	Top-5 err = 38.840000,	train_time = 7.957951
TRAIN Iter 56: loss = 0.004364,	Top-1 err = 61.180000,	Top-5 err = 38.540000,	train_time = 7.963041
TRAIN Iter 57: loss = 0.004337,	Top-1 err = 65.740000,	Top-5 err = 44.620000,	train_time = 7.970895
TRAIN Iter 58: loss = 0.004233,	Top-1 err = 64.940000,	Top-5 err = 43.280000,	train_time = 7.966622
TRAIN Iter 59: loss = 0.004218,	Top-1 err = 61.820000,	Top-5 err = 37.700000,	train_time = 7.978457
TRAIN Iter 60: loss = 0.004687,	Top-1 err = 47.900000,	Top-5 err = 26.940000,	train_time = 7.973289
TRAIN Iter 61: loss = 0.004245,	Top-1 err = 53.700000,	Top-5 err = 31.480000,	train_time = 7.973593
TRAIN Iter 62: loss = 0.004155,	Top-1 err = 61.280000,	Top-5 err = 38.820000,	train_time = 7.974139
TRAIN Iter 63: loss = 0.004283,	Top-1 err = 49.040000,	Top-5 err = 27.080000,	train_time = 7.953785
TRAIN Iter 64: loss = 0.004175,	Top-1 err = 57.280000,	Top-5 err = 35.760000,	train_time = 7.953974
TRAIN Iter 65: loss = 0.004087,	Top-1 err = 57.200000,	Top-5 err = 36.000000,	train_time = 7.973655
TRAIN Iter 66: loss = 0.004117,	Top-1 err = 49.700000,	Top-5 err = 29.060000,	train_time = 7.976180
TRAIN Iter 67: loss = 0.004095,	Top-1 err = 49.220000,	Top-5 err = 27.220000,	train_time = 7.974350
TRAIN Iter 68: loss = 0.004051,	Top-1 err = 54.440000,	Top-5 err = 32.100000,	train_time = 7.968188
TRAIN Iter 69: loss = 0.004033,	Top-1 err = 53.480000,	Top-5 err = 33.020000,	train_time = 7.975544
TRAIN Iter 70: loss = 0.003993,	Top-1 err = 52.800000,	Top-5 err = 31.440000,	train_time = 7.969764
TRAIN Iter 71: loss = 0.004066,	Top-1 err = 52.040000,	Top-5 err = 32.540000,	train_time = 7.955570
TRAIN Iter 72: loss = 0.003809,	Top-1 err = 56.380000,	Top-5 err = 34.220000,	train_time = 7.957432
TRAIN Iter 73: loss = 0.003949,	Top-1 err = 55.780000,	Top-5 err = 34.360000,	train_time = 7.964479
TRAIN Iter 74: loss = 0.003802,	Top-1 err = 53.300000,	Top-5 err = 31.080000,	train_time = 7.969169
TRAIN Iter 75: loss = 0.003714,	Top-1 err = 60.540000,	Top-5 err = 39.060000,	train_time = 7.951952
TRAIN Iter 76: loss = 0.003741,	Top-1 err = 59.880000,	Top-5 err = 37.680000,	train_time = 7.968715
TRAIN Iter 77: loss = 0.003936,	Top-1 err = 53.020000,	Top-5 err = 33.280000,	train_time = 7.961522
TRAIN Iter 78: loss = 0.003919,	Top-1 err = 54.900000,	Top-5 err = 33.280000,	train_time = 7.966187
TRAIN Iter 79: loss = 0.003654,	Top-1 err = 58.720000,	Top-5 err = 39.280000,	train_time = 7.965813
TRAIN Iter 80: loss = 0.003793,	Top-1 err = 48.540000,	Top-5 err = 29.480000,	train_time = 7.970235
TRAIN Iter 81: loss = 0.003710,	Top-1 err = 52.820000,	Top-5 err = 31.980000,	train_time = 7.970308
TRAIN Iter 82: loss = 0.003643,	Top-1 err = 58.760000,	Top-5 err = 39.020000,	train_time = 7.951083
TRAIN Iter 83: loss = 0.003639,	Top-1 err = 60.020000,	Top-5 err = 40.060000,	train_time = 7.970526
TRAIN Iter 84: loss = 0.003523,	Top-1 err = 58.580000,	Top-5 err = 38.160000,	train_time = 7.986636
TRAIN Iter 85: loss = 0.003587,	Top-1 err = 53.320000,	Top-5 err = 32.720000,	train_time = 7.966662
TRAIN Iter 86: loss = 0.003484,	Top-1 err = 56.540000,	Top-5 err = 34.400000,	train_time = 7.956716
TRAIN Iter 87: loss = 0.003613,	Top-1 err = 53.400000,	Top-5 err = 35.740000,	train_time = 7.977372
TRAIN Iter 88: loss = 0.003674,	Top-1 err = 49.260000,	Top-5 err = 27.460000,	train_time = 7.968766
TRAIN Iter 89: loss = 0.003513,	Top-1 err = 43.500000,	Top-5 err = 23.260000,	train_time = 7.980058
TRAIN Iter 90: loss = 0.003727,	Top-1 err = 50.120000,	Top-5 err = 29.960000,	train_time = 7.976981
TRAIN Iter 91: loss = 0.003429,	Top-1 err = 55.400000,	Top-5 err = 34.080000,	train_time = 7.978238
TRAIN Iter 92: loss = 0.003370,	Top-1 err = 56.960000,	Top-5 err = 36.160000,	train_time = 7.969279
TRAIN Iter 93: loss = 0.003454,	Top-1 err = 58.060000,	Top-5 err = 37.180000,	train_time = 7.966456
TRAIN Iter 94: loss = 0.003585,	Top-1 err = 52.040000,	Top-5 err = 33.340000,	train_time = 7.955803
TRAIN Iter 95: loss = 0.003518,	Top-1 err = 58.420000,	Top-5 err = 37.880000,	train_time = 7.971429
TRAIN Iter 96: loss = 0.003496,	Top-1 err = 60.100000,	Top-5 err = 38.200000,	train_time = 7.965707
TRAIN Iter 97: loss = 0.003410,	Top-1 err = 56.600000,	Top-5 err = 34.820000,	train_time = 7.978148
TRAIN Iter 98: loss = 0.003358,	Top-1 err = 38.060000,	Top-5 err = 20.200000,	train_time = 7.966019
TRAIN Iter 99: loss = 0.003327,	Top-1 err = 54.920000,	Top-5 err = 33.500000,	train_time = 7.966666
TRAIN Iter 100: loss = 0.003363,	Top-1 err = 52.300000,	Top-5 err = 31.020000,	train_time = 7.975904
TRAIN Iter 101: loss = 0.003301,	Top-1 err = 50.680000,	Top-5 err = 29.040000,	train_time = 7.971396
TRAIN Iter 102: loss = 0.003283,	Top-1 err = 58.780000,	Top-5 err = 38.520000,	train_time = 7.973861
TRAIN Iter 103: loss = 0.003325,	Top-1 err = 57.380000,	Top-5 err = 35.300000,	train_time = 7.959371
TRAIN Iter 104: loss = 0.003287,	Top-1 err = 54.680000,	Top-5 err = 33.520000,	train_time = 7.970698
TRAIN Iter 105: loss = 0.003227,	Top-1 err = 54.800000,	Top-5 err = 33.040000,	train_time = 7.988379
TRAIN Iter 106: loss = 0.003213,	Top-1 err = 52.240000,	Top-5 err = 29.960000,	train_time = 7.985530
TRAIN Iter 107: loss = 0.003192,	Top-1 err = 62.760000,	Top-5 err = 41.620000,	train_time = 7.954636
TRAIN Iter 108: loss = 0.003214,	Top-1 err = 59.760000,	Top-5 err = 39.260000,	train_time = 7.981650
TRAIN Iter 109: loss = 0.003258,	Top-1 err = 53.640000,	Top-5 err = 32.000000,	train_time = 7.975731
TRAIN Iter 110: loss = 0.003162,	Top-1 err = 54.880000,	Top-5 err = 35.520000,	train_time = 7.980169
TRAIN Iter 111: loss = 0.003252,	Top-1 err = 56.840000,	Top-5 err = 36.860000,	train_time = 7.963162
TRAIN Iter 112: loss = 0.003218,	Top-1 err = 54.200000,	Top-5 err = 32.320000,	train_time = 7.978891
TRAIN Iter 113: loss = 0.003206,	Top-1 err = 51.460000,	Top-5 err = 34.020000,	train_time = 7.970265
TRAIN Iter 114: loss = 0.003220,	Top-1 err = 48.520000,	Top-5 err = 28.300000,	train_time = 7.985008
TRAIN Iter 115: loss = 0.003214,	Top-1 err = 52.320000,	Top-5 err = 33.960000,	train_time = 7.965041
TRAIN Iter 116: loss = 0.003121,	Top-1 err = 60.840000,	Top-5 err = 39.520000,	train_time = 7.975728
TRAIN Iter 117: loss = 0.003185,	Top-1 err = 46.240000,	Top-5 err = 25.860000,	train_time = 7.963810
TRAIN Iter 118: loss = 0.003206,	Top-1 err = 59.580000,	Top-5 err = 38.740000,	train_time = 7.963045
TRAIN Iter 119: loss = 0.003168,	Top-1 err = 58.300000,	Top-5 err = 38.880000,	train_time = 7.979446
TRAIN Iter 120: loss = 0.003184,	Top-1 err = 58.200000,	Top-5 err = 36.560000,	train_time = 7.951098
TRAIN Iter 121: loss = 0.003104,	Top-1 err = 59.100000,	Top-5 err = 40.000000,	train_time = 7.971874
TRAIN Iter 122: loss = 0.003053,	Top-1 err = 55.820000,	Top-5 err = 34.380000,	train_time = 7.972705
TRAIN Iter 123: loss = 0.003079,	Top-1 err = 57.420000,	Top-5 err = 37.600000,	train_time = 7.976691
TRAIN Iter 124: loss = 0.003129,	Top-1 err = 57.260000,	Top-5 err = 35.220000,	train_time = 7.979626
TRAIN Iter 125: loss = 0.003113,	Top-1 err = 49.920000,	Top-5 err = 30.640000,	train_time = 7.973636
TRAIN Iter 126: loss = 0.003022,	Top-1 err = 48.220000,	Top-5 err = 30.480000,	train_time = 7.962302
TRAIN Iter 127: loss = 0.003042,	Top-1 err = 65.300000,	Top-5 err = 45.780000,	train_time = 7.971612
TRAIN Iter 128: loss = 0.003087,	Top-1 err = 59.840000,	Top-5 err = 38.080000,	train_time = 7.968788
TRAIN Iter 129: loss = 0.003025,	Top-1 err = 49.000000,	Top-5 err = 27.760000,	train_time = 7.958611
TRAIN Iter 130: loss = 0.002994,	Top-1 err = 56.720000,	Top-5 err = 37.320000,	train_time = 7.975594
TRAIN Iter 131: loss = 0.003024,	Top-1 err = 59.420000,	Top-5 err = 40.460000,	train_time = 7.949048
TRAIN Iter 132: loss = 0.002993,	Top-1 err = 57.240000,	Top-5 err = 36.660000,	train_time = 7.949011
TRAIN Iter 133: loss = 0.002942,	Top-1 err = 39.240000,	Top-5 err = 21.100000,	train_time = 7.967367
TRAIN Iter 134: loss = 0.003076,	Top-1 err = 59.500000,	Top-5 err = 39.520000,	train_time = 7.978064
TRAIN Iter 135: loss = 0.002994,	Top-1 err = 60.020000,	Top-5 err = 40.520000,	train_time = 7.969840
TRAIN Iter 136: loss = 0.002928,	Top-1 err = 52.360000,	Top-5 err = 33.640000,	train_time = 7.969737
TRAIN Iter 137: loss = 0.002876,	Top-1 err = 47.000000,	Top-5 err = 29.420000,	train_time = 7.965599
TRAIN Iter 138: loss = 0.003002,	Top-1 err = 52.360000,	Top-5 err = 31.800000,	train_time = 7.968276
TRAIN Iter 139: loss = 0.002899,	Top-1 err = 49.220000,	Top-5 err = 30.520000,	train_time = 8.013109
TRAIN Iter 140: loss = 0.003021,	Top-1 err = 53.740000,	Top-5 err = 32.660000,	train_time = 7.976326
TRAIN Iter 141: loss = 0.002926,	Top-1 err = 57.480000,	Top-5 err = 37.220000,	train_time = 7.980203
TRAIN Iter 142: loss = 0.002916,	Top-1 err = 50.820000,	Top-5 err = 33.160000,	train_time = 7.979890
TRAIN Iter 143: loss = 0.002984,	Top-1 err = 52.100000,	Top-5 err = 32.800000,	train_time = 7.971496
TRAIN Iter 144: loss = 0.002872,	Top-1 err = 50.880000,	Top-5 err = 32.020000,	train_time = 7.972679
TRAIN Iter 145: loss = 0.002886,	Top-1 err = 52.180000,	Top-5 err = 33.880000,	train_time = 7.980058
TRAIN Iter 146: loss = 0.002925,	Top-1 err = 53.100000,	Top-5 err = 34.620000,	train_time = 7.969051
TRAIN Iter 147: loss = 0.002778,	Top-1 err = 50.500000,	Top-5 err = 29.320000,	train_time = 7.965316
TRAIN Iter 148: loss = 0.003013,	Top-1 err = 55.880000,	Top-5 err = 38.540000,	train_time = 7.978426
TRAIN Iter 149: loss = 0.002931,	Top-1 err = 56.080000,	Top-5 err = 36.460000,	train_time = 7.986037
TRAIN Iter 150: loss = 0.002872,	Top-1 err = 52.900000,	Top-5 err = 32.760000,	train_time = 7.969715
TRAIN Iter 151: loss = 0.002863,	Top-1 err = 55.940000,	Top-5 err = 35.860000,	train_time = 7.960487
TRAIN Iter 152: loss = 0.002854,	Top-1 err = 58.580000,	Top-5 err = 38.160000,	train_time = 7.967025
TRAIN Iter 153: loss = 0.002848,	Top-1 err = 47.140000,	Top-5 err = 28.500000,	train_time = 7.959212
TRAIN Iter 154: loss = 0.002850,	Top-1 err = 56.420000,	Top-5 err = 37.720000,	train_time = 7.962279
TRAIN Iter 155: loss = 0.002848,	Top-1 err = 59.440000,	Top-5 err = 39.280000,	train_time = 7.986338
TRAIN Iter 156: loss = 0.002759,	Top-1 err = 54.660000,	Top-5 err = 31.880000,	train_time = 7.994996
TRAIN Iter 157: loss = 0.002825,	Top-1 err = 60.100000,	Top-5 err = 40.540000,	train_time = 7.957553
TRAIN Iter 158: loss = 0.002760,	Top-1 err = 50.180000,	Top-5 err = 30.460000,	train_time = 7.990159
TRAIN Iter 159: loss = 0.002715,	Top-1 err = 49.360000,	Top-5 err = 30.380000,	train_time = 7.963652
TRAIN Iter 160: loss = 0.002800,	Top-1 err = 60.640000,	Top-5 err = 41.380000,	train_time = 7.979560
TRAIN Iter 161: loss = 0.002672,	Top-1 err = 47.200000,	Top-5 err = 28.660000,	train_time = 7.968086
TRAIN Iter 162: loss = 0.002732,	Top-1 err = 49.380000,	Top-5 err = 29.520000,	train_time = 7.959996
TRAIN Iter 163: loss = 0.002783,	Top-1 err = 61.980000,	Top-5 err = 41.620000,	train_time = 7.968102
TRAIN Iter 164: loss = 0.002713,	Top-1 err = 53.720000,	Top-5 err = 34.360000,	train_time = 7.975227
TRAIN Iter 165: loss = 0.002685,	Top-1 err = 52.480000,	Top-5 err = 33.780000,	train_time = 7.962469
TRAIN Iter 166: loss = 0.002753,	Top-1 err = 60.640000,	Top-5 err = 42.060000,	train_time = 7.969084
TRAIN Iter 167: loss = 0.002782,	Top-1 err = 59.720000,	Top-5 err = 40.400000,	train_time = 7.976790
TRAIN Iter 168: loss = 0.002735,	Top-1 err = 55.040000,	Top-5 err = 36.240000,	train_time = 7.972818
TRAIN Iter 169: loss = 0.002682,	Top-1 err = 42.800000,	Top-5 err = 27.240000,	train_time = 7.969390
TRAIN Iter 170: loss = 0.002758,	Top-1 err = 64.540000,	Top-5 err = 44.120000,	train_time = 7.962345
TRAIN Iter 171: loss = 0.002680,	Top-1 err = 46.320000,	Top-5 err = 26.800000,	train_time = 7.982331
TRAIN Iter 172: loss = 0.002680,	Top-1 err = 52.260000,	Top-5 err = 29.760000,	train_time = 7.973428
TRAIN Iter 173: loss = 0.002715,	Top-1 err = 54.460000,	Top-5 err = 35.560000,	train_time = 7.990908
TRAIN Iter 174: loss = 0.002677,	Top-1 err = 47.020000,	Top-5 err = 29.320000,	train_time = 7.978627
TRAIN Iter 175: loss = 0.002725,	Top-1 err = 60.580000,	Top-5 err = 41.640000,	train_time = 7.981058
TRAIN Iter 176: loss = 0.002737,	Top-1 err = 53.080000,	Top-5 err = 32.820000,	train_time = 7.968269
TRAIN Iter 177: loss = 0.002604,	Top-1 err = 41.800000,	Top-5 err = 23.760000,	train_time = 7.965508
TRAIN Iter 178: loss = 0.002668,	Top-1 err = 57.840000,	Top-5 err = 39.000000,	train_time = 7.958098
TRAIN Iter 179: loss = 0.002698,	Top-1 err = 49.360000,	Top-5 err = 30.380000,	train_time = 7.962633
TRAIN Iter 180: loss = 0.002618,	Top-1 err = 52.180000,	Top-5 err = 31.000000,	train_time = 7.945482
TRAIN Iter 181: loss = 0.002706,	Top-1 err = 52.200000,	Top-5 err = 31.500000,	train_time = 7.950933
TRAIN Iter 182: loss = 0.002621,	Top-1 err = 54.220000,	Top-5 err = 33.260000,	train_time = 7.956244
TRAIN Iter 183: loss = 0.002604,	Top-1 err = 54.400000,	Top-5 err = 33.820000,	train_time = 7.966317
TRAIN Iter 184: loss = 0.002592,	Top-1 err = 48.680000,	Top-5 err = 29.560000,	train_time = 7.963358
TRAIN Iter 185: loss = 0.002631,	Top-1 err = 47.820000,	Top-5 err = 27.780000,	train_time = 7.967709
TRAIN Iter 186: loss = 0.002641,	Top-1 err = 56.040000,	Top-5 err = 36.160000,	train_time = 7.964716
TRAIN Iter 187: loss = 0.002624,	Top-1 err = 56.940000,	Top-5 err = 36.640000,	train_time = 7.956693
TRAIN Iter 188: loss = 0.002679,	Top-1 err = 63.480000,	Top-5 err = 42.660000,	train_time = 7.950280
TRAIN Iter 189: loss = 0.002664,	Top-1 err = 56.940000,	Top-5 err = 36.580000,	train_time = 7.975437
TRAIN Iter 190: loss = 0.002586,	Top-1 err = 54.800000,	Top-5 err = 36.160000,	train_time = 7.960343
TRAIN Iter 191: loss = 0.002610,	Top-1 err = 57.280000,	Top-5 err = 34.900000,	train_time = 7.981682
TRAIN Iter 192: loss = 0.002649,	Top-1 err = 50.600000,	Top-5 err = 30.180000,	train_time = 7.968055
TRAIN Iter 193: loss = 0.002628,	Top-1 err = 56.260000,	Top-5 err = 35.620000,	train_time = 7.973198
TRAIN Iter 194: loss = 0.002625,	Top-1 err = 52.040000,	Top-5 err = 31.840000,	train_time = 7.982083
TRAIN Iter 195: loss = 0.002618,	Top-1 err = 51.580000,	Top-5 err = 33.540000,	train_time = 7.978475
TRAIN Iter 196: loss = 0.002652,	Top-1 err = 56.020000,	Top-5 err = 37.000000,	train_time = 7.979355
TRAIN Iter 197: loss = 0.002615,	Top-1 err = 62.500000,	Top-5 err = 42.100000,	train_time = 7.950150
TRAIN Iter 198: loss = 0.002609,	Top-1 err = 53.160000,	Top-5 err = 35.280000,	train_time = 7.961893
TRAIN Iter 199: loss = 0.002610,	Top-1 err = 53.500000,	Top-5 err = 32.700000,	train_time = 7.997442
TRAIN Iter 200: loss = 0.002492,	Top-1 err = 47.780000,	Top-5 err = 27.740000,	train_time = 7.960467
TRAIN Iter 201: loss = 0.002518,	Top-1 err = 44.120000,	Top-5 err = 25.840000,	train_time = 7.967674
TRAIN Iter 202: loss = 0.002529,	Top-1 err = 54.460000,	Top-5 err = 33.880000,	train_time = 7.975664
TRAIN Iter 203: loss = 0.002527,	Top-1 err = 51.260000,	Top-5 err = 31.140000,	train_time = 7.983741
TRAIN Iter 204: loss = 0.002588,	Top-1 err = 55.340000,	Top-5 err = 35.060000,	train_time = 7.945805
TRAIN Iter 205: loss = 0.002475,	Top-1 err = 48.940000,	Top-5 err = 30.800000,	train_time = 7.983374
TRAIN Iter 206: loss = 0.002592,	Top-1 err = 51.820000,	Top-5 err = 32.200000,	train_time = 7.976789
TRAIN Iter 207: loss = 0.002515,	Top-1 err = 46.580000,	Top-5 err = 26.660000,	train_time = 7.971932
TRAIN Iter 208: loss = 0.002522,	Top-1 err = 55.080000,	Top-5 err = 35.820000,	train_time = 7.968120
TRAIN Iter 209: loss = 0.002480,	Top-1 err = 50.480000,	Top-5 err = 31.040000,	train_time = 7.983387
TRAIN Iter 210: loss = 0.002506,	Top-1 err = 57.540000,	Top-5 err = 38.860000,	train_time = 7.967835
TRAIN Iter 211: loss = 0.002569,	Top-1 err = 55.560000,	Top-5 err = 36.020000,	train_time = 7.973538
TRAIN Iter 212: loss = 0.002565,	Top-1 err = 60.080000,	Top-5 err = 42.480000,	train_time = 7.986544
TRAIN Iter 213: loss = 0.002542,	Top-1 err = 55.720000,	Top-5 err = 36.200000,	train_time = 7.956531
TRAIN Iter 214: loss = 0.002528,	Top-1 err = 48.660000,	Top-5 err = 28.240000,	train_time = 7.957263
TRAIN Iter 215: loss = 0.002504,	Top-1 err = 56.080000,	Top-5 err = 35.760000,	train_time = 7.967824
TRAIN Iter 216: loss = 0.002549,	Top-1 err = 59.420000,	Top-5 err = 39.880000,	train_time = 7.976535
TRAIN Iter 217: loss = 0.002496,	Top-1 err = 58.560000,	Top-5 err = 38.640000,	train_time = 7.964540
TRAIN Iter 218: loss = 0.002513,	Top-1 err = 52.540000,	Top-5 err = 32.880000,	train_time = 7.969281
TRAIN Iter 219: loss = 0.002476,	Top-1 err = 54.980000,	Top-5 err = 34.380000,	train_time = 7.981949
TRAIN Iter 220: loss = 0.002486,	Top-1 err = 46.180000,	Top-5 err = 27.700000,	train_time = 7.976765
TRAIN Iter 221: loss = 0.002496,	Top-1 err = 51.980000,	Top-5 err = 32.540000,	train_time = 7.981452
TRAIN Iter 222: loss = 0.002521,	Top-1 err = 56.220000,	Top-5 err = 38.920000,	train_time = 7.968089
TRAIN Iter 223: loss = 0.002423,	Top-1 err = 56.900000,	Top-5 err = 36.140000,	train_time = 7.973583
TRAIN Iter 224: loss = 0.002417,	Top-1 err = 51.240000,	Top-5 err = 31.420000,	train_time = 7.979792
TRAIN Iter 225: loss = 0.002431,	Top-1 err = 52.320000,	Top-5 err = 32.280000,	train_time = 7.958620
TRAIN Iter 226: loss = 0.002454,	Top-1 err = 46.000000,	Top-5 err = 28.100000,	train_time = 7.983076
TRAIN Iter 227: loss = 0.002448,	Top-1 err = 48.800000,	Top-5 err = 29.700000,	train_time = 7.969394
TRAIN Iter 228: loss = 0.002430,	Top-1 err = 56.120000,	Top-5 err = 37.380000,	train_time = 7.970839
TRAIN Iter 229: loss = 0.002376,	Top-1 err = 41.340000,	Top-5 err = 24.440000,	train_time = 7.985254
TRAIN Iter 230: loss = 0.002425,	Top-1 err = 44.940000,	Top-5 err = 26.680000,	train_time = 7.948797
TRAIN Iter 231: loss = 0.002416,	Top-1 err = 51.260000,	Top-5 err = 32.120000,	train_time = 7.953743
TRAIN Iter 232: loss = 0.002426,	Top-1 err = 58.060000,	Top-5 err = 37.500000,	train_time = 7.985096
TRAIN Iter 233: loss = 0.002429,	Top-1 err = 62.020000,	Top-5 err = 44.240000,	train_time = 7.973589
TRAIN Iter 234: loss = 0.002453,	Top-1 err = 46.900000,	Top-5 err = 28.880000,	train_time = 7.951927
TRAIN Iter 235: loss = 0.002460,	Top-1 err = 49.060000,	Top-5 err = 29.500000,	train_time = 7.966297
TRAIN Iter 236: loss = 0.002444,	Top-1 err = 61.880000,	Top-5 err = 42.340000,	train_time = 7.971133
TRAIN Iter 237: loss = 0.002420,	Top-1 err = 53.700000,	Top-5 err = 34.040000,	train_time = 7.949067
TRAIN Iter 238: loss = 0.002355,	Top-1 err = 56.860000,	Top-5 err = 38.160000,	train_time = 7.953553
TRAIN Iter 239: loss = 0.002424,	Top-1 err = 51.020000,	Top-5 err = 32.820000,	train_time = 7.955509
TRAIN Iter 240: loss = 0.002383,	Top-1 err = 54.920000,	Top-5 err = 33.520000,	train_time = 7.977530
TRAIN Iter 241: loss = 0.002355,	Top-1 err = 53.500000,	Top-5 err = 34.780000,	train_time = 7.973639
TRAIN Iter 242: loss = 0.002420,	Top-1 err = 50.220000,	Top-5 err = 31.680000,	train_time = 7.974640
TRAIN Iter 243: loss = 0.002418,	Top-1 err = 52.320000,	Top-5 err = 31.740000,	train_time = 7.963674
TRAIN Iter 244: loss = 0.002448,	Top-1 err = 56.300000,	Top-5 err = 37.480000,	train_time = 7.976728
TRAIN Iter 245: loss = 0.002406,	Top-1 err = 50.980000,	Top-5 err = 30.280000,	train_time = 7.960336
TRAIN Iter 246: loss = 0.002282,	Top-1 err = 47.220000,	Top-5 err = 27.020000,	train_time = 7.972936
TRAIN Iter 247: loss = 0.002389,	Top-1 err = 50.400000,	Top-5 err = 31.840000,	train_time = 7.974109
TRAIN Iter 248: loss = 0.002345,	Top-1 err = 50.660000,	Top-5 err = 30.760000,	train_time = 7.958337
TRAIN Iter 249: loss = 0.002377,	Top-1 err = 60.220000,	Top-5 err = 41.260000,	train_time = 7.969388
TEST:
Iter 249: loss = 1.490639,	Top-1 err = 37.740000,	Top-5 err = 11.510000,	val_time = 3.266758
TRAIN Iter 250: loss = 0.002397,	Top-1 err = 53.420000,	Top-5 err = 32.940000,	train_time = 7.989600
TRAIN Iter 251: loss = 0.002400,	Top-1 err = 62.160000,	Top-5 err = 40.740000,	train_time = 7.979253
TRAIN Iter 252: loss = 0.002352,	Top-1 err = 59.300000,	Top-5 err = 42.680000,	train_time = 7.990780
TRAIN Iter 253: loss = 0.002305,	Top-1 err = 47.780000,	Top-5 err = 28.460000,	train_time = 7.993526
TRAIN Iter 254: loss = 0.002339,	Top-1 err = 52.620000,	Top-5 err = 34.940000,	train_time = 7.972748
TRAIN Iter 255: loss = 0.002341,	Top-1 err = 54.440000,	Top-5 err = 36.920000,	train_time = 7.964677
TRAIN Iter 256: loss = 0.002350,	Top-1 err = 51.540000,	Top-5 err = 31.620000,	train_time = 7.967067
TRAIN Iter 257: loss = 0.002322,	Top-1 err = 49.760000,	Top-5 err = 31.720000,	train_time = 7.968139
TRAIN Iter 258: loss = 0.002315,	Top-1 err = 47.780000,	Top-5 err = 29.840000,	train_time = 7.973086
TRAIN Iter 259: loss = 0.002274,	Top-1 err = 52.980000,	Top-5 err = 33.600000,	train_time = 7.960131
TEST:
Iter 259: loss = 1.494173,	Top-1 err = 37.200000,	Top-5 err = 12.040000,	val_time = 3.269605
TRAIN Iter 260: loss = 0.002356,	Top-1 err = 58.240000,	Top-5 err = 36.980000,	train_time = 7.965190
TRAIN Iter 261: loss = 0.002344,	Top-1 err = 53.920000,	Top-5 err = 34.660000,	train_time = 7.971354
TRAIN Iter 262: loss = 0.002339,	Top-1 err = 51.760000,	Top-5 err = 32.560000,	train_time = 7.959666
TRAIN Iter 263: loss = 0.002385,	Top-1 err = 64.180000,	Top-5 err = 43.560000,	train_time = 7.988236
TRAIN Iter 264: loss = 0.002297,	Top-1 err = 56.560000,	Top-5 err = 37.040000,	train_time = 7.975635
TRAIN Iter 265: loss = 0.002367,	Top-1 err = 51.460000,	Top-5 err = 31.280000,	train_time = 7.948213
TRAIN Iter 266: loss = 0.002256,	Top-1 err = 58.620000,	Top-5 err = 39.600000,	train_time = 7.961188
TRAIN Iter 267: loss = 0.002286,	Top-1 err = 54.880000,	Top-5 err = 35.260000,	train_time = 7.958751
TRAIN Iter 268: loss = 0.002267,	Top-1 err = 52.760000,	Top-5 err = 32.800000,	train_time = 7.974801
TRAIN Iter 269: loss = 0.002234,	Top-1 err = 53.880000,	Top-5 err = 37.080000,	train_time = 7.946973
TEST:
Iter 269: loss = 1.444666,	Top-1 err = 36.940000,	Top-5 err = 11.130000,	val_time = 3.263414
TRAIN Iter 270: loss = 0.002296,	Top-1 err = 54.640000,	Top-5 err = 36.480000,	train_time = 7.971613
TRAIN Iter 271: loss = 0.002333,	Top-1 err = 52.000000,	Top-5 err = 31.220000,	train_time = 7.974747
TRAIN Iter 272: loss = 0.002295,	Top-1 err = 56.060000,	Top-5 err = 36.640000,	train_time = 7.966486
TRAIN Iter 273: loss = 0.002307,	Top-1 err = 50.440000,	Top-5 err = 31.340000,	train_time = 7.975225
TRAIN Iter 274: loss = 0.002260,	Top-1 err = 46.180000,	Top-5 err = 27.840000,	train_time = 7.970416
TRAIN Iter 275: loss = 0.002226,	Top-1 err = 44.380000,	Top-5 err = 25.880000,	train_time = 7.962463
TRAIN Iter 276: loss = 0.002359,	Top-1 err = 64.820000,	Top-5 err = 45.000000,	train_time = 7.975148
TRAIN Iter 277: loss = 0.002276,	Top-1 err = 50.080000,	Top-5 err = 30.780000,	train_time = 7.973744
TRAIN Iter 278: loss = 0.002196,	Top-1 err = 46.780000,	Top-5 err = 28.320000,	train_time = 7.966237
TRAIN Iter 279: loss = 0.002174,	Top-1 err = 45.260000,	Top-5 err = 29.420000,	train_time = 7.976885
TEST:
Iter 279: loss = 1.454698,	Top-1 err = 36.930000,	Top-5 err = 11.410000,	val_time = 3.267577
TRAIN Iter 280: loss = 0.002238,	Top-1 err = 48.780000,	Top-5 err = 32.480000,	train_time = 7.985110
TRAIN Iter 281: loss = 0.002277,	Top-1 err = 50.040000,	Top-5 err = 31.040000,	train_time = 7.967266
TRAIN Iter 282: loss = 0.002292,	Top-1 err = 54.220000,	Top-5 err = 35.080000,	train_time = 7.968151
TRAIN Iter 283: loss = 0.002306,	Top-1 err = 61.500000,	Top-5 err = 40.720000,	train_time = 7.963882
TRAIN Iter 284: loss = 0.002184,	Top-1 err = 45.420000,	Top-5 err = 26.020000,	train_time = 7.980477
TRAIN Iter 285: loss = 0.002236,	Top-1 err = 45.700000,	Top-5 err = 22.740000,	train_time = 7.970039
TRAIN Iter 286: loss = 0.002146,	Top-1 err = 40.460000,	Top-5 err = 22.500000,	train_time = 7.974544
TRAIN Iter 287: loss = 0.002239,	Top-1 err = 54.940000,	Top-5 err = 35.820000,	train_time = 7.982230
TRAIN Iter 288: loss = 0.002162,	Top-1 err = 47.400000,	Top-5 err = 30.380000,	train_time = 7.974449
TRAIN Iter 289: loss = 0.002210,	Top-1 err = 53.860000,	Top-5 err = 36.940000,	train_time = 7.984151
TEST:
Iter 289: loss = 1.443042,	Top-1 err = 36.830000,	Top-5 err = 11.400000,	val_time = 3.267893
TRAIN Iter 290: loss = 0.002231,	Top-1 err = 51.440000,	Top-5 err = 31.740000,	train_time = 7.968899
TRAIN Iter 291: loss = 0.002213,	Top-1 err = 43.220000,	Top-5 err = 26.960000,	train_time = 7.979206
TRAIN Iter 292: loss = 0.002224,	Top-1 err = 47.360000,	Top-5 err = 28.000000,	train_time = 7.962813
TRAIN Iter 293: loss = 0.002212,	Top-1 err = 55.660000,	Top-5 err = 38.100000,	train_time = 7.972506
TRAIN Iter 294: loss = 0.002223,	Top-1 err = 59.940000,	Top-5 err = 40.920000,	train_time = 7.966677
TRAIN Iter 295: loss = 0.002184,	Top-1 err = 51.800000,	Top-5 err = 31.960000,	train_time = 7.975934
TRAIN Iter 296: loss = 0.002173,	Top-1 err = 42.700000,	Top-5 err = 25.220000,	train_time = 7.959116
TRAIN Iter 297: loss = 0.002170,	Top-1 err = 50.960000,	Top-5 err = 32.740000,	train_time = 7.959743
TRAIN Iter 298: loss = 0.002242,	Top-1 err = 60.040000,	Top-5 err = 41.780000,	train_time = 7.980686
TRAIN Iter 299: loss = 0.002198,	Top-1 err = 54.580000,	Top-5 err = 36.840000,	train_time = 7.977803
TEST:
Iter 299: loss = 1.462421,	Top-1 err = 37.140000,	Top-5 err = 11.090000,	val_time = 3.269481
Train Finish! Best accuracy is 63.17@289
