/home/dvspanos/miniconda3/envs/rded/lib/python3.10/site-packages/torchvision/models/_utils.py:208: UserWarning: The parameter 'pretrained' is deprecated since 0.13 and may be removed in the future, please use 'weights' instead.
  warnings.warn(
/home/dvspanos/miniconda3/envs/rded/lib/python3.10/site-packages/torchvision/models/_utils.py:223: UserWarning: Arguments other than a weight enum or `None` for 'weights' are deprecated since 0.13 and may be removed in the future. The current behavior is equivalent to passing `weights=None`.
  warnings.warn(msg)
=> using pytorch pre-trained teacher model 'resnet18_modified'
process data from /home/dvspanos/nikos/ca2d/artifacts/sets/bench_cifar100_rn18_rded_ipc50
load data successfully
TRAIN Iter 0: loss = 0.014019,	Top-1 err = 96.380000,	Top-5 err = 85.800000,	train_time = 10.680407
TRAIN Iter 1: loss = 0.012990,	Top-1 err = 95.020000,	Top-5 err = 80.080000,	train_time = 7.946681
TRAIN Iter 2: loss = 0.012976,	Top-1 err = 92.180000,	Top-5 err = 74.700000,	train_time = 7.960502
TRAIN Iter 3: loss = 0.011740,	Top-1 err = 90.200000,	Top-5 err = 71.480000,	train_time = 7.944769
TRAIN Iter 4: loss = 0.011431,	Top-1 err = 89.620000,	Top-5 err = 69.720000,	train_time = 7.953088
TRAIN Iter 5: loss = 0.010473,	Top-1 err = 87.280000,	Top-5 err = 65.260000,	train_time = 7.937267
TRAIN Iter 6: loss = 0.010577,	Top-1 err = 85.740000,	Top-5 err = 63.240000,	train_time = 7.943524
TRAIN Iter 7: loss = 0.010952,	Top-1 err = 82.360000,	Top-5 err = 57.460000,	train_time = 7.948887
TRAIN Iter 8: loss = 0.009505,	Top-1 err = 83.680000,	Top-5 err = 61.320000,	train_time = 7.946081
TRAIN Iter 9: loss = 0.010431,	Top-1 err = 78.240000,	Top-5 err = 52.700000,	train_time = 7.946655
TRAIN Iter 10: loss = 0.009023,	Top-1 err = 81.640000,	Top-5 err = 58.060000,	train_time = 7.955736
TRAIN Iter 11: loss = 0.008582,	Top-1 err = 81.580000,	Top-5 err = 57.460000,	train_time = 7.943714
TRAIN Iter 12: loss = 0.008596,	Top-1 err = 78.420000,	Top-5 err = 55.380000,	train_time = 7.944975
TRAIN Iter 13: loss = 0.008391,	Top-1 err = 76.520000,	Top-5 err = 51.640000,	train_time = 7.966036
TRAIN Iter 14: loss = 0.008317,	Top-1 err = 77.400000,	Top-5 err = 53.660000,	train_time = 7.941098
TRAIN Iter 15: loss = 0.008103,	Top-1 err = 74.900000,	Top-5 err = 50.940000,	train_time = 7.966846
TRAIN Iter 16: loss = 0.007855,	Top-1 err = 74.180000,	Top-5 err = 49.560000,	train_time = 7.948549
TRAIN Iter 17: loss = 0.007934,	Top-1 err = 71.160000,	Top-5 err = 45.720000,	train_time = 7.954539
TRAIN Iter 18: loss = 0.007593,	Top-1 err = 71.680000,	Top-5 err = 46.260000,	train_time = 7.954168
TRAIN Iter 19: loss = 0.007444,	Top-1 err = 64.340000,	Top-5 err = 36.500000,	train_time = 7.951771
TRAIN Iter 20: loss = 0.007553,	Top-1 err = 65.840000,	Top-5 err = 41.460000,	train_time = 7.963342
TRAIN Iter 21: loss = 0.007397,	Top-1 err = 70.040000,	Top-5 err = 46.100000,	train_time = 7.951489
TRAIN Iter 22: loss = 0.006887,	Top-1 err = 68.240000,	Top-5 err = 44.260000,	train_time = 7.953746
TRAIN Iter 23: loss = 0.007013,	Top-1 err = 67.620000,	Top-5 err = 43.500000,	train_time = 7.971124
TRAIN Iter 24: loss = 0.006360,	Top-1 err = 63.460000,	Top-5 err = 37.920000,	train_time = 7.965040
TRAIN Iter 25: loss = 0.006826,	Top-1 err = 55.780000,	Top-5 err = 30.440000,	train_time = 7.949367
TRAIN Iter 26: loss = 0.006603,	Top-1 err = 63.900000,	Top-5 err = 40.860000,	train_time = 7.949785
TRAIN Iter 27: loss = 0.006268,	Top-1 err = 61.460000,	Top-5 err = 37.180000,	train_time = 7.964237
TRAIN Iter 28: loss = 0.006081,	Top-1 err = 58.040000,	Top-5 err = 34.700000,	train_time = 7.970084
TRAIN Iter 29: loss = 0.005843,	Top-1 err = 67.600000,	Top-5 err = 43.540000,	train_time = 7.958460
TRAIN Iter 30: loss = 0.006321,	Top-1 err = 61.060000,	Top-5 err = 37.860000,	train_time = 7.944812
TRAIN Iter 31: loss = 0.006243,	Top-1 err = 61.720000,	Top-5 err = 39.400000,	train_time = 7.952282
TRAIN Iter 32: loss = 0.005485,	Top-1 err = 60.720000,	Top-5 err = 36.240000,	train_time = 7.969126
TRAIN Iter 33: loss = 0.005844,	Top-1 err = 61.840000,	Top-5 err = 39.120000,	train_time = 7.948524
TRAIN Iter 34: loss = 0.005576,	Top-1 err = 59.720000,	Top-5 err = 35.580000,	train_time = 7.962873
TRAIN Iter 35: loss = 0.005341,	Top-1 err = 60.840000,	Top-5 err = 36.460000,	train_time = 7.958619
TRAIN Iter 36: loss = 0.005449,	Top-1 err = 64.620000,	Top-5 err = 42.320000,	train_time = 7.938668
TRAIN Iter 37: loss = 0.005384,	Top-1 err = 54.760000,	Top-5 err = 31.600000,	train_time = 7.959215
TRAIN Iter 38: loss = 0.005696,	Top-1 err = 56.500000,	Top-5 err = 35.820000,	train_time = 7.960144
TRAIN Iter 39: loss = 0.005224,	Top-1 err = 62.140000,	Top-5 err = 40.240000,	train_time = 7.948150
TRAIN Iter 40: loss = 0.005422,	Top-1 err = 56.940000,	Top-5 err = 34.500000,	train_time = 7.997886
TRAIN Iter 41: loss = 0.005132,	Top-1 err = 51.020000,	Top-5 err = 29.680000,	train_time = 7.963845
TRAIN Iter 42: loss = 0.005061,	Top-1 err = 61.900000,	Top-5 err = 39.720000,	train_time = 7.952464
TRAIN Iter 43: loss = 0.004977,	Top-1 err = 62.120000,	Top-5 err = 40.120000,	train_time = 7.963926
TRAIN Iter 44: loss = 0.005128,	Top-1 err = 45.460000,	Top-5 err = 22.480000,	train_time = 7.955105
TRAIN Iter 45: loss = 0.004720,	Top-1 err = 61.300000,	Top-5 err = 38.540000,	train_time = 7.946507
TRAIN Iter 46: loss = 0.004871,	Top-1 err = 48.560000,	Top-5 err = 28.460000,	train_time = 7.950880
TRAIN Iter 47: loss = 0.004995,	Top-1 err = 45.940000,	Top-5 err = 24.840000,	train_time = 7.949033
TRAIN Iter 48: loss = 0.004774,	Top-1 err = 55.540000,	Top-5 err = 33.940000,	train_time = 7.959990
TRAIN Iter 49: loss = 0.004735,	Top-1 err = 56.080000,	Top-5 err = 35.040000,	train_time = 7.957136
TRAIN Iter 50: loss = 0.004724,	Top-1 err = 51.800000,	Top-5 err = 31.600000,	train_time = 7.948620
TRAIN Iter 51: loss = 0.004701,	Top-1 err = 60.360000,	Top-5 err = 38.840000,	train_time = 7.958472
TRAIN Iter 52: loss = 0.004662,	Top-1 err = 56.120000,	Top-5 err = 35.140000,	train_time = 7.959586
TRAIN Iter 53: loss = 0.004451,	Top-1 err = 49.480000,	Top-5 err = 29.580000,	train_time = 7.953652
TRAIN Iter 54: loss = 0.004498,	Top-1 err = 45.440000,	Top-5 err = 23.880000,	train_time = 7.955956
TRAIN Iter 55: loss = 0.004612,	Top-1 err = 57.660000,	Top-5 err = 38.780000,	train_time = 7.953547
TRAIN Iter 56: loss = 0.004384,	Top-1 err = 50.600000,	Top-5 err = 29.560000,	train_time = 7.956616
TRAIN Iter 57: loss = 0.004378,	Top-1 err = 50.020000,	Top-5 err = 29.880000,	train_time = 7.957037
TRAIN Iter 58: loss = 0.004149,	Top-1 err = 49.400000,	Top-5 err = 27.560000,	train_time = 7.948746
TRAIN Iter 59: loss = 0.004230,	Top-1 err = 56.200000,	Top-5 err = 36.220000,	train_time = 7.963162
TRAIN Iter 60: loss = 0.004176,	Top-1 err = 51.460000,	Top-5 err = 31.380000,	train_time = 7.955607
TRAIN Iter 61: loss = 0.004165,	Top-1 err = 52.960000,	Top-5 err = 33.660000,	train_time = 7.970478
TRAIN Iter 62: loss = 0.004173,	Top-1 err = 48.220000,	Top-5 err = 27.860000,	train_time = 7.959460
TRAIN Iter 63: loss = 0.004090,	Top-1 err = 41.660000,	Top-5 err = 21.680000,	train_time = 7.962356
TRAIN Iter 64: loss = 0.004036,	Top-1 err = 54.920000,	Top-5 err = 34.440000,	train_time = 7.942227
TRAIN Iter 65: loss = 0.003995,	Top-1 err = 50.080000,	Top-5 err = 31.840000,	train_time = 7.940843
TRAIN Iter 66: loss = 0.003970,	Top-1 err = 43.260000,	Top-5 err = 24.340000,	train_time = 7.942455
TRAIN Iter 67: loss = 0.004062,	Top-1 err = 47.200000,	Top-5 err = 26.780000,	train_time = 7.959365
TRAIN Iter 68: loss = 0.003910,	Top-1 err = 60.900000,	Top-5 err = 39.340000,	train_time = 7.950691
TRAIN Iter 69: loss = 0.003945,	Top-1 err = 59.440000,	Top-5 err = 40.340000,	train_time = 7.953404
TRAIN Iter 70: loss = 0.003867,	Top-1 err = 50.100000,	Top-5 err = 29.300000,	train_time = 7.947704
TRAIN Iter 71: loss = 0.003880,	Top-1 err = 57.580000,	Top-5 err = 35.360000,	train_time = 7.961061
TRAIN Iter 72: loss = 0.003879,	Top-1 err = 50.920000,	Top-5 err = 31.980000,	train_time = 7.971902
TRAIN Iter 73: loss = 0.003877,	Top-1 err = 49.100000,	Top-5 err = 29.640000,	train_time = 7.945887
TRAIN Iter 74: loss = 0.003897,	Top-1 err = 54.920000,	Top-5 err = 35.080000,	train_time = 7.967892
TRAIN Iter 75: loss = 0.003756,	Top-1 err = 49.440000,	Top-5 err = 28.300000,	train_time = 7.947261
TRAIN Iter 76: loss = 0.003856,	Top-1 err = 53.400000,	Top-5 err = 34.260000,	train_time = 7.952499
TRAIN Iter 77: loss = 0.003806,	Top-1 err = 51.360000,	Top-5 err = 33.800000,	train_time = 7.942311
TRAIN Iter 78: loss = 0.003741,	Top-1 err = 65.060000,	Top-5 err = 46.120000,	train_time = 7.966520
TRAIN Iter 79: loss = 0.003594,	Top-1 err = 59.800000,	Top-5 err = 37.800000,	train_time = 7.956518
TRAIN Iter 80: loss = 0.003830,	Top-1 err = 51.560000,	Top-5 err = 33.620000,	train_time = 7.949961
TRAIN Iter 81: loss = 0.003717,	Top-1 err = 45.900000,	Top-5 err = 24.940000,	train_time = 7.948810
TRAIN Iter 82: loss = 0.003547,	Top-1 err = 47.860000,	Top-5 err = 29.800000,	train_time = 7.942661
TRAIN Iter 83: loss = 0.003711,	Top-1 err = 64.720000,	Top-5 err = 46.800000,	train_time = 7.962340
TRAIN Iter 84: loss = 0.003651,	Top-1 err = 50.180000,	Top-5 err = 30.040000,	train_time = 7.949431
TRAIN Iter 85: loss = 0.003559,	Top-1 err = 47.140000,	Top-5 err = 28.840000,	train_time = 7.956303
TRAIN Iter 86: loss = 0.003600,	Top-1 err = 53.380000,	Top-5 err = 34.100000,	train_time = 7.947277
TRAIN Iter 87: loss = 0.003550,	Top-1 err = 40.420000,	Top-5 err = 23.260000,	train_time = 7.966736
TRAIN Iter 88: loss = 0.003563,	Top-1 err = 38.680000,	Top-5 err = 21.400000,	train_time = 7.939562
TRAIN Iter 89: loss = 0.003576,	Top-1 err = 54.620000,	Top-5 err = 34.140000,	train_time = 7.966759
TRAIN Iter 90: loss = 0.003621,	Top-1 err = 48.580000,	Top-5 err = 29.420000,	train_time = 7.949114
TRAIN Iter 91: loss = 0.003572,	Top-1 err = 49.100000,	Top-5 err = 30.300000,	train_time = 7.969569
TRAIN Iter 92: loss = 0.003411,	Top-1 err = 40.340000,	Top-5 err = 21.280000,	train_time = 7.956240
TRAIN Iter 93: loss = 0.003370,	Top-1 err = 48.740000,	Top-5 err = 32.700000,	train_time = 7.964482
TRAIN Iter 94: loss = 0.003401,	Top-1 err = 49.940000,	Top-5 err = 31.100000,	train_time = 7.968607
TRAIN Iter 95: loss = 0.003398,	Top-1 err = 43.820000,	Top-5 err = 23.900000,	train_time = 7.956059
TRAIN Iter 96: loss = 0.003322,	Top-1 err = 48.360000,	Top-5 err = 28.180000,	train_time = 7.963672
TRAIN Iter 97: loss = 0.003262,	Top-1 err = 45.980000,	Top-5 err = 28.360000,	train_time = 7.964959
TRAIN Iter 98: loss = 0.003223,	Top-1 err = 42.580000,	Top-5 err = 24.200000,	train_time = 7.966228
TRAIN Iter 99: loss = 0.003252,	Top-1 err = 54.120000,	Top-5 err = 32.300000,	train_time = 7.961307
TRAIN Iter 100: loss = 0.003221,	Top-1 err = 48.480000,	Top-5 err = 28.700000,	train_time = 7.953352
TRAIN Iter 101: loss = 0.003292,	Top-1 err = 52.460000,	Top-5 err = 31.620000,	train_time = 7.956171
TRAIN Iter 102: loss = 0.003406,	Top-1 err = 55.720000,	Top-5 err = 35.580000,	train_time = 7.936563
TRAIN Iter 103: loss = 0.003330,	Top-1 err = 51.500000,	Top-5 err = 32.760000,	train_time = 7.954734
TRAIN Iter 104: loss = 0.003233,	Top-1 err = 55.260000,	Top-5 err = 37.080000,	train_time = 7.964496
TRAIN Iter 105: loss = 0.003318,	Top-1 err = 47.040000,	Top-5 err = 29.440000,	train_time = 7.958596
TRAIN Iter 106: loss = 0.003286,	Top-1 err = 48.660000,	Top-5 err = 28.700000,	train_time = 7.960706
TRAIN Iter 107: loss = 0.003265,	Top-1 err = 59.580000,	Top-5 err = 40.080000,	train_time = 7.963260
TRAIN Iter 108: loss = 0.003153,	Top-1 err = 44.240000,	Top-5 err = 24.260000,	train_time = 7.976187
TRAIN Iter 109: loss = 0.003195,	Top-1 err = 56.540000,	Top-5 err = 34.800000,	train_time = 7.959877
TRAIN Iter 110: loss = 0.003284,	Top-1 err = 55.320000,	Top-5 err = 37.100000,	train_time = 7.949949
TRAIN Iter 111: loss = 0.003258,	Top-1 err = 51.780000,	Top-5 err = 33.900000,	train_time = 7.940114
TRAIN Iter 112: loss = 0.003123,	Top-1 err = 38.600000,	Top-5 err = 22.160000,	train_time = 7.942382
TRAIN Iter 113: loss = 0.003181,	Top-1 err = 45.500000,	Top-5 err = 27.140000,	train_time = 7.967685
TRAIN Iter 114: loss = 0.003100,	Top-1 err = 47.900000,	Top-5 err = 29.660000,	train_time = 7.952549
TRAIN Iter 115: loss = 0.003231,	Top-1 err = 51.440000,	Top-5 err = 32.580000,	train_time = 7.961185
TRAIN Iter 116: loss = 0.003230,	Top-1 err = 51.460000,	Top-5 err = 30.920000,	train_time = 7.962681
TRAIN Iter 117: loss = 0.003230,	Top-1 err = 51.020000,	Top-5 err = 30.320000,	train_time = 7.943107
TRAIN Iter 118: loss = 0.003203,	Top-1 err = 58.880000,	Top-5 err = 40.260000,	train_time = 7.948889
TRAIN Iter 119: loss = 0.003219,	Top-1 err = 45.220000,	Top-5 err = 25.960000,	train_time = 7.958926
TRAIN Iter 120: loss = 0.003168,	Top-1 err = 50.580000,	Top-5 err = 32.060000,	train_time = 7.950537
TRAIN Iter 121: loss = 0.003048,	Top-1 err = 38.840000,	Top-5 err = 23.780000,	train_time = 7.936538
TRAIN Iter 122: loss = 0.003033,	Top-1 err = 52.600000,	Top-5 err = 33.180000,	train_time = 7.957513
TRAIN Iter 123: loss = 0.003147,	Top-1 err = 52.420000,	Top-5 err = 36.400000,	train_time = 7.934635
TRAIN Iter 124: loss = 0.003171,	Top-1 err = 52.960000,	Top-5 err = 35.220000,	train_time = 7.966029
TRAIN Iter 125: loss = 0.003145,	Top-1 err = 54.600000,	Top-5 err = 34.880000,	train_time = 7.955563
TRAIN Iter 126: loss = 0.002937,	Top-1 err = 52.040000,	Top-5 err = 32.860000,	train_time = 7.965202
TRAIN Iter 127: loss = 0.003056,	Top-1 err = 57.460000,	Top-5 err = 37.040000,	train_time = 7.964300
TRAIN Iter 128: loss = 0.002951,	Top-1 err = 42.300000,	Top-5 err = 25.700000,	train_time = 7.957506
TRAIN Iter 129: loss = 0.003038,	Top-1 err = 48.040000,	Top-5 err = 30.280000,	train_time = 7.963946
TRAIN Iter 130: loss = 0.003007,	Top-1 err = 47.240000,	Top-5 err = 28.100000,	train_time = 7.967314
TRAIN Iter 131: loss = 0.002921,	Top-1 err = 45.600000,	Top-5 err = 26.380000,	train_time = 7.954620
TRAIN Iter 132: loss = 0.002973,	Top-1 err = 45.160000,	Top-5 err = 27.640000,	train_time = 7.965793
TRAIN Iter 133: loss = 0.003005,	Top-1 err = 53.460000,	Top-5 err = 32.780000,	train_time = 7.937492
TRAIN Iter 134: loss = 0.002986,	Top-1 err = 53.280000,	Top-5 err = 33.040000,	train_time = 7.964584
TRAIN Iter 135: loss = 0.003015,	Top-1 err = 56.820000,	Top-5 err = 41.240000,	train_time = 7.967457
TRAIN Iter 136: loss = 0.003038,	Top-1 err = 52.080000,	Top-5 err = 36.040000,	train_time = 7.964660
TRAIN Iter 137: loss = 0.002974,	Top-1 err = 70.240000,	Top-5 err = 50.520000,	train_time = 7.970138
TRAIN Iter 138: loss = 0.002911,	Top-1 err = 48.180000,	Top-5 err = 29.860000,	train_time = 7.952242
TRAIN Iter 139: loss = 0.002880,	Top-1 err = 58.060000,	Top-5 err = 37.740000,	train_time = 7.954280
TRAIN Iter 140: loss = 0.002922,	Top-1 err = 56.280000,	Top-5 err = 36.940000,	train_time = 7.955098
TRAIN Iter 141: loss = 0.002955,	Top-1 err = 47.040000,	Top-5 err = 30.260000,	train_time = 7.952307
TRAIN Iter 142: loss = 0.002938,	Top-1 err = 51.960000,	Top-5 err = 34.940000,	train_time = 7.961182
TRAIN Iter 143: loss = 0.002865,	Top-1 err = 50.780000,	Top-5 err = 32.860000,	train_time = 7.954929
TRAIN Iter 144: loss = 0.002900,	Top-1 err = 52.480000,	Top-5 err = 35.280000,	train_time = 7.957884
TRAIN Iter 145: loss = 0.002851,	Top-1 err = 38.040000,	Top-5 err = 23.500000,	train_time = 7.931007
TRAIN Iter 146: loss = 0.002827,	Top-1 err = 46.260000,	Top-5 err = 27.220000,	train_time = 7.965288
TRAIN Iter 147: loss = 0.002776,	Top-1 err = 44.500000,	Top-5 err = 27.380000,	train_time = 7.948657
TRAIN Iter 148: loss = 0.002920,	Top-1 err = 50.940000,	Top-5 err = 33.700000,	train_time = 7.967942
TRAIN Iter 149: loss = 0.002765,	Top-1 err = 42.660000,	Top-5 err = 25.680000,	train_time = 7.969675
TRAIN Iter 150: loss = 0.002803,	Top-1 err = 42.240000,	Top-5 err = 24.040000,	train_time = 7.970279
TRAIN Iter 151: loss = 0.002859,	Top-1 err = 53.000000,	Top-5 err = 33.040000,	train_time = 7.957376
TRAIN Iter 152: loss = 0.002789,	Top-1 err = 48.380000,	Top-5 err = 31.280000,	train_time = 7.949707
TRAIN Iter 153: loss = 0.002809,	Top-1 err = 52.480000,	Top-5 err = 36.020000,	train_time = 7.961886
TRAIN Iter 154: loss = 0.002764,	Top-1 err = 51.220000,	Top-5 err = 33.740000,	train_time = 7.965521
TRAIN Iter 155: loss = 0.002779,	Top-1 err = 52.360000,	Top-5 err = 32.960000,	train_time = 7.946283
TRAIN Iter 156: loss = 0.002742,	Top-1 err = 47.980000,	Top-5 err = 28.920000,	train_time = 7.957721
TRAIN Iter 157: loss = 0.002869,	Top-1 err = 51.220000,	Top-5 err = 31.000000,	train_time = 7.969100
TRAIN Iter 158: loss = 0.002814,	Top-1 err = 55.060000,	Top-5 err = 36.420000,	train_time = 7.960427
TRAIN Iter 159: loss = 0.002688,	Top-1 err = 34.620000,	Top-5 err = 18.780000,	train_time = 7.955898
TRAIN Iter 160: loss = 0.002748,	Top-1 err = 48.260000,	Top-5 err = 27.700000,	train_time = 7.961529
TRAIN Iter 161: loss = 0.002669,	Top-1 err = 44.020000,	Top-5 err = 27.120000,	train_time = 7.944195
TRAIN Iter 162: loss = 0.002796,	Top-1 err = 63.840000,	Top-5 err = 42.660000,	train_time = 7.938618
TRAIN Iter 163: loss = 0.002738,	Top-1 err = 51.180000,	Top-5 err = 31.460000,	train_time = 7.955225
TRAIN Iter 164: loss = 0.002855,	Top-1 err = 54.620000,	Top-5 err = 36.960000,	train_time = 7.949701
TRAIN Iter 165: loss = 0.002796,	Top-1 err = 51.400000,	Top-5 err = 34.920000,	train_time = 7.949979
TRAIN Iter 166: loss = 0.002743,	Top-1 err = 53.760000,	Top-5 err = 33.300000,	train_time = 7.958755
TRAIN Iter 167: loss = 0.002840,	Top-1 err = 41.500000,	Top-5 err = 24.220000,	train_time = 7.952698
TRAIN Iter 168: loss = 0.002767,	Top-1 err = 41.300000,	Top-5 err = 24.660000,	train_time = 7.964134
TRAIN Iter 169: loss = 0.002715,	Top-1 err = 44.740000,	Top-5 err = 27.640000,	train_time = 7.981167
TRAIN Iter 170: loss = 0.002657,	Top-1 err = 45.100000,	Top-5 err = 28.120000,	train_time = 7.945534
TRAIN Iter 171: loss = 0.002768,	Top-1 err = 47.020000,	Top-5 err = 29.340000,	train_time = 7.956416
TRAIN Iter 172: loss = 0.002706,	Top-1 err = 48.560000,	Top-5 err = 29.600000,	train_time = 7.951491
TRAIN Iter 173: loss = 0.002650,	Top-1 err = 56.080000,	Top-5 err = 36.220000,	train_time = 7.967503
TRAIN Iter 174: loss = 0.002644,	Top-1 err = 43.940000,	Top-5 err = 27.680000,	train_time = 7.950291
TRAIN Iter 175: loss = 0.002704,	Top-1 err = 50.980000,	Top-5 err = 32.840000,	train_time = 7.978248
TRAIN Iter 176: loss = 0.002638,	Top-1 err = 49.600000,	Top-5 err = 33.400000,	train_time = 7.952634
TRAIN Iter 177: loss = 0.002631,	Top-1 err = 45.460000,	Top-5 err = 27.680000,	train_time = 7.943064
TRAIN Iter 178: loss = 0.002629,	Top-1 err = 37.080000,	Top-5 err = 18.560000,	train_time = 7.957190
TRAIN Iter 179: loss = 0.002606,	Top-1 err = 34.700000,	Top-5 err = 19.960000,	train_time = 7.949159
TRAIN Iter 180: loss = 0.002652,	Top-1 err = 47.240000,	Top-5 err = 28.500000,	train_time = 7.946784
TRAIN Iter 181: loss = 0.002640,	Top-1 err = 37.520000,	Top-5 err = 20.100000,	train_time = 7.963107
TRAIN Iter 182: loss = 0.002787,	Top-1 err = 62.880000,	Top-5 err = 41.400000,	train_time = 7.958964
TRAIN Iter 183: loss = 0.002691,	Top-1 err = 64.560000,	Top-5 err = 43.960000,	train_time = 7.954668
TRAIN Iter 184: loss = 0.002706,	Top-1 err = 62.300000,	Top-5 err = 40.400000,	train_time = 7.954967
TRAIN Iter 185: loss = 0.002549,	Top-1 err = 46.920000,	Top-5 err = 29.860000,	train_time = 7.966880
TRAIN Iter 186: loss = 0.002642,	Top-1 err = 59.600000,	Top-5 err = 39.720000,	train_time = 7.954303
TRAIN Iter 187: loss = 0.002627,	Top-1 err = 49.780000,	Top-5 err = 31.280000,	train_time = 7.961367
TRAIN Iter 188: loss = 0.002599,	Top-1 err = 53.580000,	Top-5 err = 36.920000,	train_time = 7.961727
TRAIN Iter 189: loss = 0.002603,	Top-1 err = 47.520000,	Top-5 err = 29.740000,	train_time = 7.968243
TRAIN Iter 190: loss = 0.002577,	Top-1 err = 51.380000,	Top-5 err = 34.780000,	train_time = 7.955438
TRAIN Iter 191: loss = 0.002597,	Top-1 err = 50.500000,	Top-5 err = 29.320000,	train_time = 7.956797
TRAIN Iter 192: loss = 0.002585,	Top-1 err = 52.360000,	Top-5 err = 32.920000,	train_time = 7.948298
TRAIN Iter 193: loss = 0.002599,	Top-1 err = 44.260000,	Top-5 err = 26.700000,	train_time = 7.954064
TRAIN Iter 194: loss = 0.002515,	Top-1 err = 35.780000,	Top-5 err = 20.480000,	train_time = 7.991397
TRAIN Iter 195: loss = 0.002511,	Top-1 err = 45.080000,	Top-5 err = 28.860000,	train_time = 7.955158
TRAIN Iter 196: loss = 0.002568,	Top-1 err = 52.460000,	Top-5 err = 31.040000,	train_time = 7.957198
TRAIN Iter 197: loss = 0.002518,	Top-1 err = 46.740000,	Top-5 err = 30.540000,	train_time = 7.936184
TRAIN Iter 198: loss = 0.002525,	Top-1 err = 48.880000,	Top-5 err = 31.080000,	train_time = 7.944639
TRAIN Iter 199: loss = 0.002507,	Top-1 err = 38.840000,	Top-5 err = 22.700000,	train_time = 7.956753
TRAIN Iter 200: loss = 0.002541,	Top-1 err = 48.480000,	Top-5 err = 30.200000,	train_time = 7.963755
TRAIN Iter 201: loss = 0.002541,	Top-1 err = 44.860000,	Top-5 err = 27.680000,	train_time = 7.974132
TRAIN Iter 202: loss = 0.002569,	Top-1 err = 53.760000,	Top-5 err = 34.380000,	train_time = 7.965655
TRAIN Iter 203: loss = 0.002551,	Top-1 err = 53.620000,	Top-5 err = 34.640000,	train_time = 7.950614
TRAIN Iter 204: loss = 0.002504,	Top-1 err = 51.660000,	Top-5 err = 34.140000,	train_time = 7.962998
TRAIN Iter 205: loss = 0.002563,	Top-1 err = 57.280000,	Top-5 err = 37.260000,	train_time = 7.960117
TRAIN Iter 206: loss = 0.002487,	Top-1 err = 46.180000,	Top-5 err = 27.340000,	train_time = 7.966702
TRAIN Iter 207: loss = 0.002494,	Top-1 err = 50.900000,	Top-5 err = 32.240000,	train_time = 7.951828
TRAIN Iter 208: loss = 0.002509,	Top-1 err = 51.840000,	Top-5 err = 34.000000,	train_time = 7.958987
TRAIN Iter 209: loss = 0.002482,	Top-1 err = 41.760000,	Top-5 err = 24.940000,	train_time = 7.954711
TRAIN Iter 210: loss = 0.002483,	Top-1 err = 51.600000,	Top-5 err = 31.460000,	train_time = 7.946093
TRAIN Iter 211: loss = 0.002485,	Top-1 err = 54.660000,	Top-5 err = 34.700000,	train_time = 7.936217
TRAIN Iter 212: loss = 0.002481,	Top-1 err = 52.020000,	Top-5 err = 32.720000,	train_time = 7.934141
TRAIN Iter 213: loss = 0.002525,	Top-1 err = 56.980000,	Top-5 err = 40.200000,	train_time = 7.970231
TRAIN Iter 214: loss = 0.002503,	Top-1 err = 40.380000,	Top-5 err = 23.380000,	train_time = 7.930408
TRAIN Iter 215: loss = 0.002503,	Top-1 err = 49.040000,	Top-5 err = 28.800000,	train_time = 7.965670
TRAIN Iter 216: loss = 0.002602,	Top-1 err = 58.020000,	Top-5 err = 40.180000,	train_time = 7.964826
TRAIN Iter 217: loss = 0.002515,	Top-1 err = 55.480000,	Top-5 err = 36.180000,	train_time = 7.954583
TRAIN Iter 218: loss = 0.002375,	Top-1 err = 41.980000,	Top-5 err = 24.340000,	train_time = 7.970488
TRAIN Iter 219: loss = 0.002420,	Top-1 err = 50.280000,	Top-5 err = 34.540000,	train_time = 7.958529
TRAIN Iter 220: loss = 0.002441,	Top-1 err = 44.300000,	Top-5 err = 26.100000,	train_time = 7.962756
TRAIN Iter 221: loss = 0.002489,	Top-1 err = 45.440000,	Top-5 err = 27.420000,	train_time = 7.953790
TRAIN Iter 222: loss = 0.002487,	Top-1 err = 50.920000,	Top-5 err = 32.840000,	train_time = 7.927698
TRAIN Iter 223: loss = 0.002412,	Top-1 err = 41.960000,	Top-5 err = 24.620000,	train_time = 7.945709
TRAIN Iter 224: loss = 0.002421,	Top-1 err = 49.980000,	Top-5 err = 31.180000,	train_time = 7.932113
TRAIN Iter 225: loss = 0.002419,	Top-1 err = 50.100000,	Top-5 err = 33.720000,	train_time = 7.968057
TRAIN Iter 226: loss = 0.002416,	Top-1 err = 46.760000,	Top-5 err = 27.980000,	train_time = 7.957756
TRAIN Iter 227: loss = 0.002438,	Top-1 err = 47.900000,	Top-5 err = 30.920000,	train_time = 7.964831
TRAIN Iter 228: loss = 0.002390,	Top-1 err = 41.860000,	Top-5 err = 21.920000,	train_time = 7.933533
TRAIN Iter 229: loss = 0.002453,	Top-1 err = 47.020000,	Top-5 err = 28.260000,	train_time = 7.956532
TRAIN Iter 230: loss = 0.002447,	Top-1 err = 43.420000,	Top-5 err = 25.280000,	train_time = 7.956553
TRAIN Iter 231: loss = 0.002438,	Top-1 err = 52.880000,	Top-5 err = 35.680000,	train_time = 7.959432
TRAIN Iter 232: loss = 0.002390,	Top-1 err = 40.500000,	Top-5 err = 22.840000,	train_time = 7.974483
TRAIN Iter 233: loss = 0.002406,	Top-1 err = 46.760000,	Top-5 err = 29.660000,	train_time = 7.943694
TRAIN Iter 234: loss = 0.002357,	Top-1 err = 43.600000,	Top-5 err = 26.700000,	train_time = 7.943356
TRAIN Iter 235: loss = 0.002354,	Top-1 err = 52.600000,	Top-5 err = 35.820000,	train_time = 7.946116
TRAIN Iter 236: loss = 0.002415,	Top-1 err = 46.820000,	Top-5 err = 27.360000,	train_time = 7.953624
TRAIN Iter 237: loss = 0.002413,	Top-1 err = 40.860000,	Top-5 err = 24.500000,	train_time = 7.957103
TRAIN Iter 238: loss = 0.002344,	Top-1 err = 46.940000,	Top-5 err = 28.300000,	train_time = 7.963828
TRAIN Iter 239: loss = 0.002392,	Top-1 err = 51.300000,	Top-5 err = 33.760000,	train_time = 7.980884
TRAIN Iter 240: loss = 0.002435,	Top-1 err = 47.820000,	Top-5 err = 28.740000,	train_time = 7.955216
TRAIN Iter 241: loss = 0.002386,	Top-1 err = 45.920000,	Top-5 err = 27.200000,	train_time = 7.936815
TRAIN Iter 242: loss = 0.002401,	Top-1 err = 53.020000,	Top-5 err = 33.180000,	train_time = 7.942374
TRAIN Iter 243: loss = 0.002369,	Top-1 err = 51.840000,	Top-5 err = 34.480000,	train_time = 7.959496
TRAIN Iter 244: loss = 0.002319,	Top-1 err = 43.220000,	Top-5 err = 25.960000,	train_time = 7.948279
TRAIN Iter 245: loss = 0.002334,	Top-1 err = 44.740000,	Top-5 err = 27.320000,	train_time = 7.970271
TRAIN Iter 246: loss = 0.002369,	Top-1 err = 49.020000,	Top-5 err = 31.240000,	train_time = 7.963241
TRAIN Iter 247: loss = 0.002340,	Top-1 err = 46.980000,	Top-5 err = 28.140000,	train_time = 7.956024
TRAIN Iter 248: loss = 0.002373,	Top-1 err = 50.440000,	Top-5 err = 31.700000,	train_time = 7.955034
TRAIN Iter 249: loss = 0.002343,	Top-1 err = 48.040000,	Top-5 err = 28.980000,	train_time = 7.961000
TEST:
Iter 249: loss = 1.488264,	Top-1 err = 37.140000,	Top-5 err = 12.080000,	val_time = 3.243751
TRAIN Iter 250: loss = 0.002356,	Top-1 err = 54.000000,	Top-5 err = 35.140000,	train_time = 7.962416
TRAIN Iter 251: loss = 0.002303,	Top-1 err = 39.060000,	Top-5 err = 22.000000,	train_time = 7.982151
TRAIN Iter 252: loss = 0.002356,	Top-1 err = 45.240000,	Top-5 err = 26.740000,	train_time = 7.962304
TRAIN Iter 253: loss = 0.002344,	Top-1 err = 51.280000,	Top-5 err = 34.060000,	train_time = 7.946079
TRAIN Iter 254: loss = 0.002314,	Top-1 err = 48.500000,	Top-5 err = 31.040000,	train_time = 7.968976
TRAIN Iter 255: loss = 0.002290,	Top-1 err = 45.580000,	Top-5 err = 31.320000,	train_time = 7.957499
TRAIN Iter 256: loss = 0.002317,	Top-1 err = 45.880000,	Top-5 err = 30.040000,	train_time = 7.953775
TRAIN Iter 257: loss = 0.002267,	Top-1 err = 44.780000,	Top-5 err = 29.440000,	train_time = 7.957725
TRAIN Iter 258: loss = 0.002324,	Top-1 err = 48.240000,	Top-5 err = 27.820000,	train_time = 7.949362
TRAIN Iter 259: loss = 0.002264,	Top-1 err = 50.060000,	Top-5 err = 32.120000,	train_time = 7.959486
TEST:
Iter 259: loss = 1.488148,	Top-1 err = 37.250000,	Top-5 err = 11.990000,	val_time = 3.256952
TRAIN Iter 260: loss = 0.002375,	Top-1 err = 50.080000,	Top-5 err = 33.000000,	train_time = 7.967159
TRAIN Iter 261: loss = 0.002286,	Top-1 err = 30.960000,	Top-5 err = 15.560000,	train_time = 7.963744
TRAIN Iter 262: loss = 0.002262,	Top-1 err = 44.660000,	Top-5 err = 29.340000,	train_time = 7.954635
TRAIN Iter 263: loss = 0.002212,	Top-1 err = 43.200000,	Top-5 err = 26.240000,	train_time = 7.952319
TRAIN Iter 264: loss = 0.002224,	Top-1 err = 40.380000,	Top-5 err = 23.440000,	train_time = 7.963420
TRAIN Iter 265: loss = 0.002282,	Top-1 err = 58.040000,	Top-5 err = 38.920000,	train_time = 7.948130
TRAIN Iter 266: loss = 0.002308,	Top-1 err = 41.840000,	Top-5 err = 26.120000,	train_time = 7.959129
TRAIN Iter 267: loss = 0.002337,	Top-1 err = 48.280000,	Top-5 err = 30.860000,	train_time = 7.951222
TRAIN Iter 268: loss = 0.002246,	Top-1 err = 38.880000,	Top-5 err = 22.660000,	train_time = 7.941769
TRAIN Iter 269: loss = 0.002282,	Top-1 err = 43.320000,	Top-5 err = 25.500000,	train_time = 7.953487
TEST:
Iter 269: loss = 1.500044,	Top-1 err = 37.460000,	Top-5 err = 12.300000,	val_time = 3.250724
TRAIN Iter 270: loss = 0.002347,	Top-1 err = 60.320000,	Top-5 err = 40.660000,	train_time = 7.952797
TRAIN Iter 271: loss = 0.002265,	Top-1 err = 46.200000,	Top-5 err = 28.480000,	train_time = 7.965960
TRAIN Iter 272: loss = 0.002260,	Top-1 err = 52.560000,	Top-5 err = 32.480000,	train_time = 7.962603
TRAIN Iter 273: loss = 0.002285,	Top-1 err = 57.120000,	Top-5 err = 37.220000,	train_time = 7.951377
TRAIN Iter 274: loss = 0.002334,	Top-1 err = 55.780000,	Top-5 err = 37.560000,	train_time = 7.964140
TRAIN Iter 275: loss = 0.002262,	Top-1 err = 48.740000,	Top-5 err = 30.900000,	train_time = 7.947283
TRAIN Iter 276: loss = 0.002221,	Top-1 err = 47.840000,	Top-5 err = 30.920000,	train_time = 7.967393
TRAIN Iter 277: loss = 0.002270,	Top-1 err = 52.180000,	Top-5 err = 34.160000,	train_time = 7.963377
TRAIN Iter 278: loss = 0.002364,	Top-1 err = 57.780000,	Top-5 err = 36.360000,	train_time = 7.960113
TRAIN Iter 279: loss = 0.002252,	Top-1 err = 48.580000,	Top-5 err = 32.020000,	train_time = 7.962433
TEST:
Iter 279: loss = 1.496103,	Top-1 err = 37.580000,	Top-5 err = 12.210000,	val_time = 3.250431
TRAIN Iter 280: loss = 0.002294,	Top-1 err = 55.440000,	Top-5 err = 37.780000,	train_time = 7.961686
TRAIN Iter 281: loss = 0.002228,	Top-1 err = 54.520000,	Top-5 err = 34.480000,	train_time = 7.955032
TRAIN Iter 282: loss = 0.002151,	Top-1 err = 38.160000,	Top-5 err = 20.420000,	train_time = 7.957276
TRAIN Iter 283: loss = 0.002236,	Top-1 err = 51.380000,	Top-5 err = 32.280000,	train_time = 7.961747
TRAIN Iter 284: loss = 0.002201,	Top-1 err = 46.360000,	Top-5 err = 27.200000,	train_time = 7.945649
TRAIN Iter 285: loss = 0.002207,	Top-1 err = 44.340000,	Top-5 err = 27.700000,	train_time = 7.954082
TRAIN Iter 286: loss = 0.002261,	Top-1 err = 50.880000,	Top-5 err = 33.680000,	train_time = 7.954014
TRAIN Iter 287: loss = 0.002221,	Top-1 err = 44.140000,	Top-5 err = 27.000000,	train_time = 7.968019
TRAIN Iter 288: loss = 0.002230,	Top-1 err = 51.040000,	Top-5 err = 32.800000,	train_time = 7.979338
TRAIN Iter 289: loss = 0.002250,	Top-1 err = 56.320000,	Top-5 err = 38.020000,	train_time = 7.940624
TEST:
Iter 289: loss = 1.512205,	Top-1 err = 36.870000,	Top-5 err = 12.060000,	val_time = 3.240493
TRAIN Iter 290: loss = 0.002231,	Top-1 err = 48.820000,	Top-5 err = 30.400000,	train_time = 7.959666
TRAIN Iter 291: loss = 0.002260,	Top-1 err = 50.060000,	Top-5 err = 31.000000,	train_time = 7.971668
TRAIN Iter 292: loss = 0.002160,	Top-1 err = 43.700000,	Top-5 err = 25.080000,	train_time = 7.965293
TRAIN Iter 293: loss = 0.002290,	Top-1 err = 55.540000,	Top-5 err = 34.240000,	train_time = 7.965149
TRAIN Iter 294: loss = 0.002184,	Top-1 err = 54.040000,	Top-5 err = 35.340000,	train_time = 7.938813
TRAIN Iter 295: loss = 0.002204,	Top-1 err = 60.460000,	Top-5 err = 39.520000,	train_time = 7.950356
TRAIN Iter 296: loss = 0.002314,	Top-1 err = 57.540000,	Top-5 err = 38.920000,	train_time = 7.951540
TRAIN Iter 297: loss = 0.002284,	Top-1 err = 62.180000,	Top-5 err = 43.380000,	train_time = 7.977312
TRAIN Iter 298: loss = 0.002149,	Top-1 err = 42.480000,	Top-5 err = 23.820000,	train_time = 7.968579
TRAIN Iter 299: loss = 0.002238,	Top-1 err = 61.580000,	Top-5 err = 40.940000,	train_time = 7.959479
TEST:
Iter 299: loss = 1.457834,	Top-1 err = 36.870000,	Top-5 err = 11.590000,	val_time = 3.257519
Train Finish! Best accuracy is 63.13@289
