/home/dvspanos/miniconda3/envs/rded/lib/python3.10/site-packages/torchvision/models/_utils.py:208: UserWarning: The parameter 'pretrained' is deprecated since 0.13 and may be removed in the future, please use 'weights' instead.
  warnings.warn(
/home/dvspanos/miniconda3/envs/rded/lib/python3.10/site-packages/torchvision/models/_utils.py:223: UserWarning: Arguments other than a weight enum or `None` for 'weights' are deprecated since 0.13 and may be removed in the future. The current behavior is equivalent to passing `weights=None`.
  warnings.warn(msg)
=> using pytorch pre-trained teacher model 'resnet18_modified'
process data from /home/dvspanos/nikos/ca2d/artifacts/rded_sets/bench_cifar100_rn18_el2nw30_ipc10
load data successfully
TRAIN Iter 0: loss = 0.015573,	Top-1 err = 98.200000,	Top-5 err = 92.300000,	train_time = 3.807154
TRAIN Iter 1: loss = 0.013306,	Top-1 err = 98.000000,	Top-5 err = 90.700000,	train_time = 1.821218
TRAIN Iter 2: loss = 0.012598,	Top-1 err = 95.600000,	Top-5 err = 85.200000,	train_time = 1.827472
TRAIN Iter 3: loss = 0.013144,	Top-1 err = 96.700000,	Top-5 err = 86.000000,	train_time = 1.805974
TRAIN Iter 4: loss = 0.013939,	Top-1 err = 97.100000,	Top-5 err = 83.700000,	train_time = 1.784589
TRAIN Iter 5: loss = 0.014681,	Top-1 err = 95.600000,	Top-5 err = 78.600000,	train_time = 1.808233
TRAIN Iter 6: loss = 0.011527,	Top-1 err = 95.600000,	Top-5 err = 80.500000,	train_time = 1.814673
TRAIN Iter 7: loss = 0.012658,	Top-1 err = 95.700000,	Top-5 err = 78.900000,	train_time = 1.809305
TRAIN Iter 8: loss = 0.011674,	Top-1 err = 94.500000,	Top-5 err = 79.000000,	train_time = 1.784469
TRAIN Iter 9: loss = 0.012189,	Top-1 err = 94.200000,	Top-5 err = 78.200000,	train_time = 1.816852
TRAIN Iter 10: loss = 0.012229,	Top-1 err = 92.500000,	Top-5 err = 74.200000,	train_time = 1.822567
TRAIN Iter 11: loss = 0.010455,	Top-1 err = 95.200000,	Top-5 err = 81.000000,	train_time = 1.810785
TRAIN Iter 12: loss = 0.012376,	Top-1 err = 93.700000,	Top-5 err = 74.700000,	train_time = 1.802704
TRAIN Iter 13: loss = 0.010663,	Top-1 err = 92.900000,	Top-5 err = 75.400000,	train_time = 1.784511
TRAIN Iter 14: loss = 0.010612,	Top-1 err = 93.800000,	Top-5 err = 75.400000,	train_time = 1.802989
TRAIN Iter 15: loss = 0.011535,	Top-1 err = 91.900000,	Top-5 err = 71.400000,	train_time = 1.802724
TRAIN Iter 16: loss = 0.011290,	Top-1 err = 94.300000,	Top-5 err = 75.000000,	train_time = 1.807724
TRAIN Iter 17: loss = 0.010381,	Top-1 err = 91.400000,	Top-5 err = 70.200000,	train_time = 1.803168
TRAIN Iter 18: loss = 0.011597,	Top-1 err = 91.800000,	Top-5 err = 68.100000,	train_time = 1.795620
TRAIN Iter 19: loss = 0.010873,	Top-1 err = 89.500000,	Top-5 err = 65.500000,	train_time = 1.810208
TRAIN Iter 20: loss = 0.010375,	Top-1 err = 91.300000,	Top-5 err = 70.400000,	train_time = 1.831128
TRAIN Iter 21: loss = 0.009385,	Top-1 err = 92.600000,	Top-5 err = 73.700000,	train_time = 1.809956
TRAIN Iter 22: loss = 0.010311,	Top-1 err = 88.900000,	Top-5 err = 63.400000,	train_time = 1.812536
TRAIN Iter 23: loss = 0.010408,	Top-1 err = 88.900000,	Top-5 err = 61.100000,	train_time = 1.802462
TRAIN Iter 24: loss = 0.010764,	Top-1 err = 88.500000,	Top-5 err = 62.500000,	train_time = 1.812384
TRAIN Iter 25: loss = 0.009641,	Top-1 err = 88.200000,	Top-5 err = 64.700000,	train_time = 1.821169
TRAIN Iter 26: loss = 0.009221,	Top-1 err = 89.400000,	Top-5 err = 69.200000,	train_time = 1.821929
TRAIN Iter 27: loss = 0.008910,	Top-1 err = 90.900000,	Top-5 err = 72.900000,	train_time = 1.822135
TRAIN Iter 28: loss = 0.009135,	Top-1 err = 86.900000,	Top-5 err = 61.400000,	train_time = 1.823292
TRAIN Iter 29: loss = 0.009038,	Top-1 err = 88.100000,	Top-5 err = 66.400000,	train_time = 1.815625
TRAIN Iter 30: loss = 0.009110,	Top-1 err = 89.800000,	Top-5 err = 67.800000,	train_time = 1.809271
TRAIN Iter 31: loss = 0.008508,	Top-1 err = 86.000000,	Top-5 err = 60.600000,	train_time = 1.808441
TRAIN Iter 32: loss = 0.008422,	Top-1 err = 85.300000,	Top-5 err = 54.600000,	train_time = 1.822692
TRAIN Iter 33: loss = 0.008854,	Top-1 err = 85.500000,	Top-5 err = 56.700000,	train_time = 1.844198
TRAIN Iter 34: loss = 0.008721,	Top-1 err = 88.200000,	Top-5 err = 61.900000,	train_time = 1.798343
TRAIN Iter 35: loss = 0.008352,	Top-1 err = 89.300000,	Top-5 err = 66.200000,	train_time = 1.815721
TRAIN Iter 36: loss = 0.008719,	Top-1 err = 85.800000,	Top-5 err = 55.700000,	train_time = 1.807372
TRAIN Iter 37: loss = 0.009143,	Top-1 err = 83.700000,	Top-5 err = 57.300000,	train_time = 1.826854
TRAIN Iter 38: loss = 0.007983,	Top-1 err = 86.100000,	Top-5 err = 59.800000,	train_time = 1.807511
TRAIN Iter 39: loss = 0.007806,	Top-1 err = 85.200000,	Top-5 err = 58.900000,	train_time = 1.801816
TRAIN Iter 40: loss = 0.008053,	Top-1 err = 86.500000,	Top-5 err = 64.300000,	train_time = 1.819030
TRAIN Iter 41: loss = 0.008093,	Top-1 err = 83.500000,	Top-5 err = 57.800000,	train_time = 1.798707
TRAIN Iter 42: loss = 0.008199,	Top-1 err = 76.000000,	Top-5 err = 41.500000,	train_time = 1.828041
TRAIN Iter 43: loss = 0.007870,	Top-1 err = 76.600000,	Top-5 err = 48.000000,	train_time = 1.804333
TRAIN Iter 44: loss = 0.008077,	Top-1 err = 85.600000,	Top-5 err = 60.200000,	train_time = 1.829775
TRAIN Iter 45: loss = 0.007552,	Top-1 err = 84.100000,	Top-5 err = 56.800000,	train_time = 1.817716
TRAIN Iter 46: loss = 0.007842,	Top-1 err = 79.300000,	Top-5 err = 50.100000,	train_time = 1.804578
TRAIN Iter 47: loss = 0.007873,	Top-1 err = 80.500000,	Top-5 err = 55.600000,	train_time = 1.815696
TRAIN Iter 48: loss = 0.007805,	Top-1 err = 76.300000,	Top-5 err = 42.300000,	train_time = 1.816983
TRAIN Iter 49: loss = 0.007621,	Top-1 err = 72.500000,	Top-5 err = 37.200000,	train_time = 1.798684
TRAIN Iter 50: loss = 0.007880,	Top-1 err = 77.800000,	Top-5 err = 47.900000,	train_time = 1.804476
TRAIN Iter 51: loss = 0.007661,	Top-1 err = 75.300000,	Top-5 err = 47.700000,	train_time = 1.790158
TRAIN Iter 52: loss = 0.007414,	Top-1 err = 79.000000,	Top-5 err = 55.700000,	train_time = 1.794899
TRAIN Iter 53: loss = 0.007519,	Top-1 err = 74.600000,	Top-5 err = 44.500000,	train_time = 1.804000
TRAIN Iter 54: loss = 0.007425,	Top-1 err = 79.200000,	Top-5 err = 46.300000,	train_time = 1.805703
TRAIN Iter 55: loss = 0.007444,	Top-1 err = 73.500000,	Top-5 err = 42.800000,	train_time = 1.811984
TRAIN Iter 56: loss = 0.007230,	Top-1 err = 78.200000,	Top-5 err = 49.100000,	train_time = 1.806022
TRAIN Iter 57: loss = 0.006930,	Top-1 err = 80.900000,	Top-5 err = 54.900000,	train_time = 1.805584
TRAIN Iter 58: loss = 0.007124,	Top-1 err = 77.000000,	Top-5 err = 48.100000,	train_time = 1.810419
TRAIN Iter 59: loss = 0.007199,	Top-1 err = 72.100000,	Top-5 err = 44.700000,	train_time = 1.823308
TRAIN Iter 60: loss = 0.006688,	Top-1 err = 67.900000,	Top-5 err = 35.600000,	train_time = 1.812881
TRAIN Iter 61: loss = 0.006304,	Top-1 err = 72.100000,	Top-5 err = 42.100000,	train_time = 1.813466
TRAIN Iter 62: loss = 0.007016,	Top-1 err = 68.500000,	Top-5 err = 40.400000,	train_time = 1.807684
TRAIN Iter 63: loss = 0.006718,	Top-1 err = 60.600000,	Top-5 err = 23.000000,	train_time = 1.814123
TRAIN Iter 64: loss = 0.006582,	Top-1 err = 73.300000,	Top-5 err = 46.700000,	train_time = 1.805747
TRAIN Iter 65: loss = 0.006764,	Top-1 err = 71.400000,	Top-5 err = 43.000000,	train_time = 1.796597
TRAIN Iter 66: loss = 0.006902,	Top-1 err = 77.600000,	Top-5 err = 49.900000,	train_time = 1.799746
TRAIN Iter 67: loss = 0.006449,	Top-1 err = 60.800000,	Top-5 err = 26.700000,	train_time = 1.808531
TRAIN Iter 68: loss = 0.006680,	Top-1 err = 74.600000,	Top-5 err = 49.800000,	train_time = 1.820002
TRAIN Iter 69: loss = 0.006507,	Top-1 err = 71.600000,	Top-5 err = 43.500000,	train_time = 1.795694
TRAIN Iter 70: loss = 0.006368,	Top-1 err = 66.300000,	Top-5 err = 33.700000,	train_time = 1.815685
TRAIN Iter 71: loss = 0.006486,	Top-1 err = 68.800000,	Top-5 err = 40.600000,	train_time = 1.828449
TRAIN Iter 72: loss = 0.006265,	Top-1 err = 78.100000,	Top-5 err = 54.500000,	train_time = 1.825387
TRAIN Iter 73: loss = 0.006098,	Top-1 err = 65.800000,	Top-5 err = 35.300000,	train_time = 1.838172
TRAIN Iter 74: loss = 0.006310,	Top-1 err = 77.200000,	Top-5 err = 50.500000,	train_time = 1.811216
TRAIN Iter 75: loss = 0.006464,	Top-1 err = 63.300000,	Top-5 err = 32.100000,	train_time = 1.798933
TRAIN Iter 76: loss = 0.006338,	Top-1 err = 71.100000,	Top-5 err = 43.100000,	train_time = 1.816495
TRAIN Iter 77: loss = 0.006311,	Top-1 err = 70.000000,	Top-5 err = 41.600000,	train_time = 1.808667
TRAIN Iter 78: loss = 0.006117,	Top-1 err = 67.500000,	Top-5 err = 37.900000,	train_time = 1.807912
TRAIN Iter 79: loss = 0.006220,	Top-1 err = 75.500000,	Top-5 err = 52.200000,	train_time = 1.801666
TRAIN Iter 80: loss = 0.005926,	Top-1 err = 68.000000,	Top-5 err = 37.900000,	train_time = 1.817525
TRAIN Iter 81: loss = 0.005989,	Top-1 err = 67.100000,	Top-5 err = 36.400000,	train_time = 1.815574
TRAIN Iter 82: loss = 0.005857,	Top-1 err = 74.400000,	Top-5 err = 48.300000,	train_time = 1.819945
TRAIN Iter 83: loss = 0.006145,	Top-1 err = 60.400000,	Top-5 err = 31.200000,	train_time = 1.801127
TRAIN Iter 84: loss = 0.006053,	Top-1 err = 69.500000,	Top-5 err = 46.500000,	train_time = 1.819394
TRAIN Iter 85: loss = 0.005741,	Top-1 err = 74.000000,	Top-5 err = 44.900000,	train_time = 1.805758
TRAIN Iter 86: loss = 0.005734,	Top-1 err = 64.600000,	Top-5 err = 39.400000,	train_time = 1.818938
TRAIN Iter 87: loss = 0.005831,	Top-1 err = 54.600000,	Top-5 err = 25.800000,	train_time = 1.801719
TRAIN Iter 88: loss = 0.005540,	Top-1 err = 76.900000,	Top-5 err = 52.000000,	train_time = 1.791176
TRAIN Iter 89: loss = 0.005845,	Top-1 err = 66.500000,	Top-5 err = 37.200000,	train_time = 1.811014
TRAIN Iter 90: loss = 0.005869,	Top-1 err = 75.000000,	Top-5 err = 51.100000,	train_time = 1.797190
TRAIN Iter 91: loss = 0.005809,	Top-1 err = 66.300000,	Top-5 err = 39.200000,	train_time = 1.815248
TRAIN Iter 92: loss = 0.005398,	Top-1 err = 64.000000,	Top-5 err = 38.200000,	train_time = 1.815378
TRAIN Iter 93: loss = 0.005537,	Top-1 err = 59.500000,	Top-5 err = 29.300000,	train_time = 1.819692
TRAIN Iter 94: loss = 0.005675,	Top-1 err = 67.800000,	Top-5 err = 41.900000,	train_time = 1.802902
TRAIN Iter 95: loss = 0.005585,	Top-1 err = 41.700000,	Top-5 err = 15.700000,	train_time = 1.819803
TRAIN Iter 96: loss = 0.005317,	Top-1 err = 63.600000,	Top-5 err = 38.600000,	train_time = 1.801584
TRAIN Iter 97: loss = 0.005819,	Top-1 err = 74.200000,	Top-5 err = 49.700000,	train_time = 1.816981
TRAIN Iter 98: loss = 0.005574,	Top-1 err = 70.800000,	Top-5 err = 46.300000,	train_time = 1.825417
TRAIN Iter 99: loss = 0.005361,	Top-1 err = 66.100000,	Top-5 err = 40.200000,	train_time = 1.819546
TRAIN Iter 100: loss = 0.005626,	Top-1 err = 61.500000,	Top-5 err = 37.300000,	train_time = 1.823691
TRAIN Iter 101: loss = 0.005492,	Top-1 err = 67.700000,	Top-5 err = 40.800000,	train_time = 1.818178
TRAIN Iter 102: loss = 0.005344,	Top-1 err = 56.300000,	Top-5 err = 25.600000,	train_time = 1.789360
TRAIN Iter 103: loss = 0.005339,	Top-1 err = 64.500000,	Top-5 err = 40.100000,	train_time = 1.820723
TRAIN Iter 104: loss = 0.005257,	Top-1 err = 48.400000,	Top-5 err = 19.600000,	train_time = 1.814233
TRAIN Iter 105: loss = 0.005425,	Top-1 err = 70.800000,	Top-5 err = 45.700000,	train_time = 1.797528
TRAIN Iter 106: loss = 0.005316,	Top-1 err = 69.300000,	Top-5 err = 44.400000,	train_time = 1.806517
TRAIN Iter 107: loss = 0.005185,	Top-1 err = 54.900000,	Top-5 err = 26.800000,	train_time = 1.800581
TRAIN Iter 108: loss = 0.005126,	Top-1 err = 65.700000,	Top-5 err = 39.200000,	train_time = 1.811346
TRAIN Iter 109: loss = 0.005287,	Top-1 err = 73.800000,	Top-5 err = 52.400000,	train_time = 1.793586
TRAIN Iter 110: loss = 0.005254,	Top-1 err = 50.900000,	Top-5 err = 21.400000,	train_time = 1.810167
TRAIN Iter 111: loss = 0.005137,	Top-1 err = 48.300000,	Top-5 err = 21.700000,	train_time = 1.801331
TRAIN Iter 112: loss = 0.005183,	Top-1 err = 59.300000,	Top-5 err = 31.700000,	train_time = 1.806826
TRAIN Iter 113: loss = 0.005094,	Top-1 err = 66.700000,	Top-5 err = 45.700000,	train_time = 1.813851
TRAIN Iter 114: loss = 0.005060,	Top-1 err = 63.800000,	Top-5 err = 38.600000,	train_time = 1.809216
TRAIN Iter 115: loss = 0.005117,	Top-1 err = 56.500000,	Top-5 err = 32.000000,	train_time = 1.793067
TRAIN Iter 116: loss = 0.004781,	Top-1 err = 55.400000,	Top-5 err = 31.700000,	train_time = 1.806970
TRAIN Iter 117: loss = 0.004872,	Top-1 err = 42.400000,	Top-5 err = 12.400000,	train_time = 1.819937
TRAIN Iter 118: loss = 0.005022,	Top-1 err = 58.700000,	Top-5 err = 31.100000,	train_time = 1.793571
TRAIN Iter 119: loss = 0.004850,	Top-1 err = 44.800000,	Top-5 err = 19.600000,	train_time = 1.810285
TRAIN Iter 120: loss = 0.005221,	Top-1 err = 66.500000,	Top-5 err = 42.400000,	train_time = 1.814385
TRAIN Iter 121: loss = 0.004959,	Top-1 err = 54.800000,	Top-5 err = 28.700000,	train_time = 1.819250
TRAIN Iter 122: loss = 0.004876,	Top-1 err = 53.600000,	Top-5 err = 26.100000,	train_time = 1.808199
TRAIN Iter 123: loss = 0.005168,	Top-1 err = 73.000000,	Top-5 err = 49.200000,	train_time = 1.802450
TRAIN Iter 124: loss = 0.004804,	Top-1 err = 48.200000,	Top-5 err = 26.600000,	train_time = 1.817096
TRAIN Iter 125: loss = 0.004989,	Top-1 err = 56.100000,	Top-5 err = 34.600000,	train_time = 1.817436
TRAIN Iter 126: loss = 0.004909,	Top-1 err = 62.600000,	Top-5 err = 39.000000,	train_time = 1.815047
TRAIN Iter 127: loss = 0.004713,	Top-1 err = 41.100000,	Top-5 err = 16.500000,	train_time = 1.797173
TRAIN Iter 128: loss = 0.005050,	Top-1 err = 63.500000,	Top-5 err = 39.800000,	train_time = 1.809176
TRAIN Iter 129: loss = 0.004847,	Top-1 err = 71.900000,	Top-5 err = 47.000000,	train_time = 1.811285
TRAIN Iter 130: loss = 0.004938,	Top-1 err = 61.500000,	Top-5 err = 37.600000,	train_time = 1.808805
TRAIN Iter 131: loss = 0.004666,	Top-1 err = 50.700000,	Top-5 err = 26.300000,	train_time = 1.812472
TRAIN Iter 132: loss = 0.004886,	Top-1 err = 61.200000,	Top-5 err = 38.200000,	train_time = 1.799758
TRAIN Iter 133: loss = 0.004703,	Top-1 err = 46.700000,	Top-5 err = 22.800000,	train_time = 1.797479
TRAIN Iter 134: loss = 0.004735,	Top-1 err = 58.700000,	Top-5 err = 32.800000,	train_time = 1.793386
TRAIN Iter 135: loss = 0.004520,	Top-1 err = 41.800000,	Top-5 err = 16.200000,	train_time = 1.811460
TRAIN Iter 136: loss = 0.004848,	Top-1 err = 49.400000,	Top-5 err = 23.500000,	train_time = 1.809168
TRAIN Iter 137: loss = 0.004527,	Top-1 err = 64.300000,	Top-5 err = 40.400000,	train_time = 1.818667
TRAIN Iter 138: loss = 0.004683,	Top-1 err = 54.400000,	Top-5 err = 33.900000,	train_time = 1.808601
TRAIN Iter 139: loss = 0.004637,	Top-1 err = 59.300000,	Top-5 err = 40.100000,	train_time = 1.803078
TRAIN Iter 140: loss = 0.004654,	Top-1 err = 55.500000,	Top-5 err = 29.400000,	train_time = 1.816066
TRAIN Iter 141: loss = 0.004509,	Top-1 err = 46.200000,	Top-5 err = 26.200000,	train_time = 1.808352
TRAIN Iter 142: loss = 0.004535,	Top-1 err = 48.300000,	Top-5 err = 23.800000,	train_time = 1.820470
TRAIN Iter 143: loss = 0.004687,	Top-1 err = 62.300000,	Top-5 err = 42.100000,	train_time = 1.827590
TRAIN Iter 144: loss = 0.004540,	Top-1 err = 48.000000,	Top-5 err = 21.800000,	train_time = 1.838526
TRAIN Iter 145: loss = 0.004550,	Top-1 err = 56.200000,	Top-5 err = 32.000000,	train_time = 1.801684
TRAIN Iter 146: loss = 0.004285,	Top-1 err = 45.800000,	Top-5 err = 21.900000,	train_time = 1.812996
TRAIN Iter 147: loss = 0.004463,	Top-1 err = 56.900000,	Top-5 err = 29.700000,	train_time = 1.831380
TRAIN Iter 148: loss = 0.004375,	Top-1 err = 63.100000,	Top-5 err = 42.500000,	train_time = 1.803325
TRAIN Iter 149: loss = 0.004484,	Top-1 err = 55.700000,	Top-5 err = 32.800000,	train_time = 1.794564
TRAIN Iter 150: loss = 0.004365,	Top-1 err = 52.300000,	Top-5 err = 30.700000,	train_time = 1.815525
TRAIN Iter 151: loss = 0.004556,	Top-1 err = 55.800000,	Top-5 err = 30.400000,	train_time = 1.819831
TRAIN Iter 152: loss = 0.004509,	Top-1 err = 55.900000,	Top-5 err = 28.500000,	train_time = 1.806675
TRAIN Iter 153: loss = 0.004389,	Top-1 err = 52.900000,	Top-5 err = 29.100000,	train_time = 1.822533
TRAIN Iter 154: loss = 0.004319,	Top-1 err = 56.500000,	Top-5 err = 36.900000,	train_time = 1.808370
TRAIN Iter 155: loss = 0.004404,	Top-1 err = 43.100000,	Top-5 err = 16.800000,	train_time = 1.813679
TRAIN Iter 156: loss = 0.004250,	Top-1 err = 53.400000,	Top-5 err = 34.000000,	train_time = 1.798944
TRAIN Iter 157: loss = 0.004314,	Top-1 err = 57.400000,	Top-5 err = 32.500000,	train_time = 1.812178
TRAIN Iter 158: loss = 0.004101,	Top-1 err = 42.800000,	Top-5 err = 21.100000,	train_time = 1.806297
TRAIN Iter 159: loss = 0.004232,	Top-1 err = 39.400000,	Top-5 err = 14.700000,	train_time = 1.808532
TRAIN Iter 160: loss = 0.004159,	Top-1 err = 56.700000,	Top-5 err = 34.400000,	train_time = 1.799337
TRAIN Iter 161: loss = 0.004440,	Top-1 err = 67.200000,	Top-5 err = 45.900000,	train_time = 1.798725
TRAIN Iter 162: loss = 0.004173,	Top-1 err = 50.000000,	Top-5 err = 29.800000,	train_time = 1.833662
TRAIN Iter 163: loss = 0.004218,	Top-1 err = 47.200000,	Top-5 err = 21.900000,	train_time = 1.818944
TRAIN Iter 164: loss = 0.004109,	Top-1 err = 52.800000,	Top-5 err = 35.000000,	train_time = 1.807224
TRAIN Iter 165: loss = 0.004004,	Top-1 err = 41.600000,	Top-5 err = 18.400000,	train_time = 1.811258
TRAIN Iter 166: loss = 0.004007,	Top-1 err = 44.600000,	Top-5 err = 20.500000,	train_time = 1.798531
TRAIN Iter 167: loss = 0.004335,	Top-1 err = 52.100000,	Top-5 err = 26.500000,	train_time = 1.799488
TRAIN Iter 168: loss = 0.003955,	Top-1 err = 34.500000,	Top-5 err = 16.500000,	train_time = 1.818750
TRAIN Iter 169: loss = 0.004280,	Top-1 err = 59.900000,	Top-5 err = 37.000000,	train_time = 1.804473
TRAIN Iter 170: loss = 0.004279,	Top-1 err = 63.900000,	Top-5 err = 39.400000,	train_time = 1.814217
TRAIN Iter 171: loss = 0.004350,	Top-1 err = 68.900000,	Top-5 err = 45.800000,	train_time = 1.826959
TRAIN Iter 172: loss = 0.004193,	Top-1 err = 60.500000,	Top-5 err = 44.900000,	train_time = 1.821720
TRAIN Iter 173: loss = 0.004302,	Top-1 err = 65.300000,	Top-5 err = 42.500000,	train_time = 1.815347
TRAIN Iter 174: loss = 0.004349,	Top-1 err = 58.900000,	Top-5 err = 34.600000,	train_time = 1.816695
TRAIN Iter 175: loss = 0.004228,	Top-1 err = 55.100000,	Top-5 err = 30.600000,	train_time = 1.808385
TRAIN Iter 176: loss = 0.004219,	Top-1 err = 50.700000,	Top-5 err = 29.200000,	train_time = 1.812382
TRAIN Iter 177: loss = 0.004373,	Top-1 err = 60.500000,	Top-5 err = 35.100000,	train_time = 1.805661
TRAIN Iter 178: loss = 0.004080,	Top-1 err = 54.300000,	Top-5 err = 27.700000,	train_time = 1.811853
TRAIN Iter 179: loss = 0.004246,	Top-1 err = 61.900000,	Top-5 err = 38.900000,	train_time = 1.792754
TRAIN Iter 180: loss = 0.003917,	Top-1 err = 41.900000,	Top-5 err = 19.700000,	train_time = 1.801754
TRAIN Iter 181: loss = 0.004056,	Top-1 err = 68.800000,	Top-5 err = 45.700000,	train_time = 1.804890
TRAIN Iter 182: loss = 0.004102,	Top-1 err = 53.200000,	Top-5 err = 32.000000,	train_time = 1.796139
TRAIN Iter 183: loss = 0.004108,	Top-1 err = 44.900000,	Top-5 err = 23.700000,	train_time = 1.811162
TRAIN Iter 184: loss = 0.004004,	Top-1 err = 53.800000,	Top-5 err = 33.100000,	train_time = 1.804048
TRAIN Iter 185: loss = 0.004144,	Top-1 err = 56.000000,	Top-5 err = 32.900000,	train_time = 1.780861
TRAIN Iter 186: loss = 0.004351,	Top-1 err = 66.700000,	Top-5 err = 45.400000,	train_time = 1.821505
TRAIN Iter 187: loss = 0.004114,	Top-1 err = 41.500000,	Top-5 err = 20.600000,	train_time = 1.817699
TRAIN Iter 188: loss = 0.004112,	Top-1 err = 54.200000,	Top-5 err = 29.900000,	train_time = 1.789210
TRAIN Iter 189: loss = 0.003842,	Top-1 err = 49.500000,	Top-5 err = 25.700000,	train_time = 1.797045
TRAIN Iter 190: loss = 0.004016,	Top-1 err = 57.900000,	Top-5 err = 36.700000,	train_time = 1.799799
TRAIN Iter 191: loss = 0.003916,	Top-1 err = 55.400000,	Top-5 err = 34.900000,	train_time = 1.813799
TRAIN Iter 192: loss = 0.004138,	Top-1 err = 64.100000,	Top-5 err = 46.200000,	train_time = 1.816535
TRAIN Iter 193: loss = 0.003834,	Top-1 err = 44.900000,	Top-5 err = 22.400000,	train_time = 1.803475
TRAIN Iter 194: loss = 0.003864,	Top-1 err = 46.400000,	Top-5 err = 27.700000,	train_time = 1.822180
TRAIN Iter 195: loss = 0.004335,	Top-1 err = 84.100000,	Top-5 err = 66.100000,	train_time = 1.806106
TRAIN Iter 196: loss = 0.003737,	Top-1 err = 52.000000,	Top-5 err = 33.700000,	train_time = 1.816325
TRAIN Iter 197: loss = 0.004188,	Top-1 err = 68.700000,	Top-5 err = 43.600000,	train_time = 1.817607
TRAIN Iter 198: loss = 0.003981,	Top-1 err = 60.600000,	Top-5 err = 38.100000,	train_time = 1.821240
TRAIN Iter 199: loss = 0.003872,	Top-1 err = 59.400000,	Top-5 err = 33.900000,	train_time = 1.805055
TRAIN Iter 200: loss = 0.003825,	Top-1 err = 70.900000,	Top-5 err = 50.700000,	train_time = 1.795010
TRAIN Iter 201: loss = 0.003850,	Top-1 err = 44.800000,	Top-5 err = 23.900000,	train_time = 1.815937
TRAIN Iter 202: loss = 0.004003,	Top-1 err = 50.700000,	Top-5 err = 26.000000,	train_time = 1.813275
TRAIN Iter 203: loss = 0.003773,	Top-1 err = 44.900000,	Top-5 err = 22.900000,	train_time = 1.836738
TRAIN Iter 204: loss = 0.003835,	Top-1 err = 47.000000,	Top-5 err = 25.500000,	train_time = 1.816066
TRAIN Iter 205: loss = 0.003916,	Top-1 err = 59.200000,	Top-5 err = 39.800000,	train_time = 1.810351
TRAIN Iter 206: loss = 0.003579,	Top-1 err = 33.200000,	Top-5 err = 14.300000,	train_time = 1.798512
TRAIN Iter 207: loss = 0.004202,	Top-1 err = 68.600000,	Top-5 err = 48.600000,	train_time = 1.795264
TRAIN Iter 208: loss = 0.003999,	Top-1 err = 69.300000,	Top-5 err = 47.700000,	train_time = 1.823285
TRAIN Iter 209: loss = 0.003845,	Top-1 err = 61.600000,	Top-5 err = 45.600000,	train_time = 1.816955
TRAIN Iter 210: loss = 0.003831,	Top-1 err = 52.600000,	Top-5 err = 30.700000,	train_time = 1.803707
TRAIN Iter 211: loss = 0.003755,	Top-1 err = 47.600000,	Top-5 err = 26.200000,	train_time = 1.824732
TRAIN Iter 212: loss = 0.003791,	Top-1 err = 45.400000,	Top-5 err = 21.900000,	train_time = 1.816725
TRAIN Iter 213: loss = 0.003844,	Top-1 err = 59.000000,	Top-5 err = 39.500000,	train_time = 1.804734
TRAIN Iter 214: loss = 0.003857,	Top-1 err = 46.500000,	Top-5 err = 22.700000,	train_time = 1.817734
TRAIN Iter 215: loss = 0.003556,	Top-1 err = 48.900000,	Top-5 err = 30.000000,	train_time = 1.815981
TRAIN Iter 216: loss = 0.003754,	Top-1 err = 53.300000,	Top-5 err = 31.700000,	train_time = 1.814079
TRAIN Iter 217: loss = 0.003799,	Top-1 err = 48.300000,	Top-5 err = 27.200000,	train_time = 1.824950
TRAIN Iter 218: loss = 0.003414,	Top-1 err = 43.400000,	Top-5 err = 27.200000,	train_time = 1.817297
TRAIN Iter 219: loss = 0.003598,	Top-1 err = 39.800000,	Top-5 err = 19.200000,	train_time = 1.809988
TRAIN Iter 220: loss = 0.003734,	Top-1 err = 39.700000,	Top-5 err = 19.800000,	train_time = 1.834416
TRAIN Iter 221: loss = 0.003606,	Top-1 err = 38.300000,	Top-5 err = 18.600000,	train_time = 1.819890
TRAIN Iter 222: loss = 0.003606,	Top-1 err = 38.900000,	Top-5 err = 18.900000,	train_time = 1.815972
TRAIN Iter 223: loss = 0.003710,	Top-1 err = 44.100000,	Top-5 err = 21.100000,	train_time = 1.819004
TRAIN Iter 224: loss = 0.004047,	Top-1 err = 75.500000,	Top-5 err = 52.300000,	train_time = 1.819514
TRAIN Iter 225: loss = 0.003620,	Top-1 err = 38.700000,	Top-5 err = 18.800000,	train_time = 1.804912
TRAIN Iter 226: loss = 0.003836,	Top-1 err = 58.500000,	Top-5 err = 37.300000,	train_time = 1.822503
TRAIN Iter 227: loss = 0.003719,	Top-1 err = 48.400000,	Top-5 err = 26.200000,	train_time = 1.807601
TRAIN Iter 228: loss = 0.003912,	Top-1 err = 59.300000,	Top-5 err = 36.700000,	train_time = 1.801450
TRAIN Iter 229: loss = 0.003563,	Top-1 err = 44.700000,	Top-5 err = 28.800000,	train_time = 1.799271
TRAIN Iter 230: loss = 0.003457,	Top-1 err = 31.900000,	Top-5 err = 12.700000,	train_time = 1.806635
TRAIN Iter 231: loss = 0.003425,	Top-1 err = 40.500000,	Top-5 err = 17.700000,	train_time = 1.807021
TRAIN Iter 232: loss = 0.003704,	Top-1 err = 63.100000,	Top-5 err = 42.600000,	train_time = 1.818920
TRAIN Iter 233: loss = 0.003529,	Top-1 err = 62.900000,	Top-5 err = 43.500000,	train_time = 1.816416
TRAIN Iter 234: loss = 0.003092,	Top-1 err = 25.300000,	Top-5 err = 11.600000,	train_time = 1.806950
TRAIN Iter 235: loss = 0.003674,	Top-1 err = 51.300000,	Top-5 err = 30.600000,	train_time = 1.814455
TRAIN Iter 236: loss = 0.003655,	Top-1 err = 52.500000,	Top-5 err = 36.300000,	train_time = 1.807814
TRAIN Iter 237: loss = 0.003465,	Top-1 err = 44.500000,	Top-5 err = 26.900000,	train_time = 1.809225
TRAIN Iter 238: loss = 0.003620,	Top-1 err = 41.800000,	Top-5 err = 19.600000,	train_time = 1.808569
TRAIN Iter 239: loss = 0.003700,	Top-1 err = 46.300000,	Top-5 err = 25.400000,	train_time = 1.820195
TRAIN Iter 240: loss = 0.003639,	Top-1 err = 49.700000,	Top-5 err = 28.100000,	train_time = 1.825604
TRAIN Iter 241: loss = 0.003426,	Top-1 err = 48.100000,	Top-5 err = 27.600000,	train_time = 1.792552
TRAIN Iter 242: loss = 0.003570,	Top-1 err = 56.300000,	Top-5 err = 33.000000,	train_time = 1.817790
TRAIN Iter 243: loss = 0.003262,	Top-1 err = 31.900000,	Top-5 err = 14.700000,	train_time = 1.805927
TRAIN Iter 244: loss = 0.003556,	Top-1 err = 57.700000,	Top-5 err = 37.900000,	train_time = 1.805687
TRAIN Iter 245: loss = 0.003539,	Top-1 err = 44.100000,	Top-5 err = 22.500000,	train_time = 1.816086
TRAIN Iter 246: loss = 0.003327,	Top-1 err = 40.900000,	Top-5 err = 24.400000,	train_time = 1.803020
TRAIN Iter 247: loss = 0.003544,	Top-1 err = 46.200000,	Top-5 err = 22.500000,	train_time = 1.798457
TRAIN Iter 248: loss = 0.003626,	Top-1 err = 64.100000,	Top-5 err = 40.100000,	train_time = 1.817680
TRAIN Iter 249: loss = 0.003435,	Top-1 err = 50.500000,	Top-5 err = 28.700000,	train_time = 1.786863
TEST:
Iter 249: loss = 2.022469,	Top-1 err = 53.040000,	Top-5 err = 20.500000,	val_time = 3.361653
TRAIN Iter 250: loss = 0.003384,	Top-1 err = 49.900000,	Top-5 err = 33.400000,	train_time = 1.799570
TRAIN Iter 251: loss = 0.003389,	Top-1 err = 41.700000,	Top-5 err = 20.200000,	train_time = 1.795006
TRAIN Iter 252: loss = 0.003608,	Top-1 err = 64.900000,	Top-5 err = 39.000000,	train_time = 1.803112
TRAIN Iter 253: loss = 0.003386,	Top-1 err = 51.000000,	Top-5 err = 33.800000,	train_time = 1.819294
TRAIN Iter 254: loss = 0.003514,	Top-1 err = 51.100000,	Top-5 err = 29.200000,	train_time = 1.800070
TRAIN Iter 255: loss = 0.003593,	Top-1 err = 58.400000,	Top-5 err = 34.800000,	train_time = 1.808897
TRAIN Iter 256: loss = 0.003619,	Top-1 err = 55.900000,	Top-5 err = 38.800000,	train_time = 1.808515
TRAIN Iter 257: loss = 0.003588,	Top-1 err = 53.400000,	Top-5 err = 25.700000,	train_time = 1.802047
TRAIN Iter 258: loss = 0.003647,	Top-1 err = 64.200000,	Top-5 err = 42.500000,	train_time = 1.798991
TRAIN Iter 259: loss = 0.003266,	Top-1 err = 45.900000,	Top-5 err = 29.700000,	train_time = 1.801178
TEST:
Iter 259: loss = 2.005714,	Top-1 err = 52.840000,	Top-5 err = 20.010000,	val_time = 3.359357
TRAIN Iter 260: loss = 0.003436,	Top-1 err = 49.000000,	Top-5 err = 28.300000,	train_time = 1.826740
TRAIN Iter 261: loss = 0.003436,	Top-1 err = 72.300000,	Top-5 err = 55.400000,	train_time = 1.809813
TRAIN Iter 262: loss = 0.003338,	Top-1 err = 38.500000,	Top-5 err = 21.100000,	train_time = 1.826401
TRAIN Iter 263: loss = 0.003312,	Top-1 err = 42.400000,	Top-5 err = 22.200000,	train_time = 1.800662
TRAIN Iter 264: loss = 0.003366,	Top-1 err = 59.400000,	Top-5 err = 40.700000,	train_time = 1.823718
TRAIN Iter 265: loss = 0.003372,	Top-1 err = 51.200000,	Top-5 err = 35.500000,	train_time = 1.822008
TRAIN Iter 266: loss = 0.003447,	Top-1 err = 46.300000,	Top-5 err = 24.600000,	train_time = 1.804095
TRAIN Iter 267: loss = 0.003574,	Top-1 err = 48.300000,	Top-5 err = 21.100000,	train_time = 1.809703
TRAIN Iter 268: loss = 0.003523,	Top-1 err = 64.900000,	Top-5 err = 45.100000,	train_time = 1.809145
TRAIN Iter 269: loss = 0.003677,	Top-1 err = 72.400000,	Top-5 err = 51.600000,	train_time = 1.805626
TEST:
Iter 269: loss = 1.998780,	Top-1 err = 52.130000,	Top-5 err = 19.790000,	val_time = 3.384943
TRAIN Iter 270: loss = 0.003261,	Top-1 err = 40.800000,	Top-5 err = 23.700000,	train_time = 1.817670
TRAIN Iter 271: loss = 0.002950,	Top-1 err = 30.400000,	Top-5 err = 10.600000,	train_time = 1.810577
TRAIN Iter 272: loss = 0.003415,	Top-1 err = 65.700000,	Top-5 err = 43.700000,	train_time = 1.814808
TRAIN Iter 273: loss = 0.003429,	Top-1 err = 55.900000,	Top-5 err = 35.400000,	train_time = 1.819101
TRAIN Iter 274: loss = 0.003557,	Top-1 err = 64.300000,	Top-5 err = 40.400000,	train_time = 1.799060
TRAIN Iter 275: loss = 0.003579,	Top-1 err = 55.600000,	Top-5 err = 34.800000,	train_time = 1.830269
TRAIN Iter 276: loss = 0.003438,	Top-1 err = 57.100000,	Top-5 err = 40.400000,	train_time = 1.804301
TRAIN Iter 277: loss = 0.003302,	Top-1 err = 51.600000,	Top-5 err = 27.200000,	train_time = 1.822274
TRAIN Iter 278: loss = 0.003231,	Top-1 err = 48.900000,	Top-5 err = 31.700000,	train_time = 1.803678
TRAIN Iter 279: loss = 0.003370,	Top-1 err = 61.200000,	Top-5 err = 44.300000,	train_time = 1.824555
TEST:
Iter 279: loss = 1.970607,	Top-1 err = 51.170000,	Top-5 err = 19.360000,	val_time = 3.373130
TRAIN Iter 280: loss = 0.003165,	Top-1 err = 37.200000,	Top-5 err = 18.900000,	train_time = 1.811382
TRAIN Iter 281: loss = 0.003079,	Top-1 err = 34.200000,	Top-5 err = 20.300000,	train_time = 1.802491
TRAIN Iter 282: loss = 0.003135,	Top-1 err = 41.800000,	Top-5 err = 23.600000,	train_time = 1.807187
TRAIN Iter 283: loss = 0.003230,	Top-1 err = 35.100000,	Top-5 err = 14.800000,	train_time = 1.809505
TRAIN Iter 284: loss = 0.003283,	Top-1 err = 56.000000,	Top-5 err = 35.500000,	train_time = 1.796758
TRAIN Iter 285: loss = 0.003303,	Top-1 err = 45.300000,	Top-5 err = 24.700000,	train_time = 1.784914
TRAIN Iter 286: loss = 0.003195,	Top-1 err = 57.100000,	Top-5 err = 40.200000,	train_time = 1.804591
TRAIN Iter 287: loss = 0.003166,	Top-1 err = 46.500000,	Top-5 err = 24.600000,	train_time = 1.796693
TRAIN Iter 288: loss = 0.003354,	Top-1 err = 53.700000,	Top-5 err = 34.100000,	train_time = 1.844606
TRAIN Iter 289: loss = 0.003296,	Top-1 err = 50.300000,	Top-5 err = 33.200000,	train_time = 1.823921
TEST:
Iter 289: loss = 1.962369,	Top-1 err = 50.940000,	Top-5 err = 19.100000,	val_time = 3.357284
TRAIN Iter 290: loss = 0.003568,	Top-1 err = 55.800000,	Top-5 err = 32.100000,	train_time = 1.801344
TRAIN Iter 291: loss = 0.003343,	Top-1 err = 46.000000,	Top-5 err = 29.100000,	train_time = 1.808318
TRAIN Iter 292: loss = 0.003292,	Top-1 err = 44.400000,	Top-5 err = 23.200000,	train_time = 1.814318
TRAIN Iter 293: loss = 0.003461,	Top-1 err = 55.900000,	Top-5 err = 34.900000,	train_time = 1.827480
TRAIN Iter 294: loss = 0.003453,	Top-1 err = 54.100000,	Top-5 err = 32.200000,	train_time = 1.819062
TRAIN Iter 295: loss = 0.003481,	Top-1 err = 71.200000,	Top-5 err = 52.700000,	train_time = 1.805853
TRAIN Iter 296: loss = 0.003302,	Top-1 err = 47.700000,	Top-5 err = 29.100000,	train_time = 1.800122
TRAIN Iter 297: loss = 0.003398,	Top-1 err = 45.100000,	Top-5 err = 25.700000,	train_time = 1.814823
TRAIN Iter 298: loss = 0.003209,	Top-1 err = 42.000000,	Top-5 err = 24.100000,	train_time = 1.783570
TRAIN Iter 299: loss = 0.003346,	Top-1 err = 56.800000,	Top-5 err = 30.700000,	train_time = 1.809959
TEST:
Iter 299: loss = 1.983294,	Top-1 err = 51.480000,	Top-5 err = 19.800000,	val_time = 3.357738
Train Finish! Best accuracy is 49.06@289
