/home/dvspanos/miniconda3/envs/rded/lib/python3.10/site-packages/torch/cuda/__init__.py:611: UserWarning: Can't initialize NVML
  warnings.warn("Can't initialize NVML")
=> using pytorch pre-trained teacher model 'conv3'
process data from /home/dvspanos/nikos/ca2d/artifacts/rded_sets/sharp_fl_grad_a100_ipc50
load data successfully
TRAIN Iter 0: loss = 0.020832,	Top-1 err = 95.300000,	Top-5 err = 82.680000,	train_time = 2.127232
TRAIN Iter 1: loss = 0.016682,	Top-1 err = 89.460000,	Top-5 err = 69.600000,	train_time = 1.434420
TRAIN Iter 2: loss = 0.013880,	Top-1 err = 86.040000,	Top-5 err = 65.080000,	train_time = 1.409477
TRAIN Iter 3: loss = 0.012297,	Top-1 err = 83.020000,	Top-5 err = 57.820000,	train_time = 1.336131
TRAIN Iter 4: loss = 0.011426,	Top-1 err = 80.400000,	Top-5 err = 55.480000,	train_time = 1.315198
TRAIN Iter 5: loss = 0.010452,	Top-1 err = 80.340000,	Top-5 err = 56.140000,	train_time = 1.277467
TRAIN Iter 6: loss = 0.009935,	Top-1 err = 75.300000,	Top-5 err = 49.800000,	train_time = 1.321068
TRAIN Iter 7: loss = 0.009171,	Top-1 err = 75.540000,	Top-5 err = 50.200000,	train_time = 1.400529
TRAIN Iter 8: loss = 0.008563,	Top-1 err = 76.060000,	Top-5 err = 52.200000,	train_time = 1.393713
TRAIN Iter 9: loss = 0.008152,	Top-1 err = 71.700000,	Top-5 err = 44.940000,	train_time = 1.423250
TRAIN Iter 10: loss = 0.007781,	Top-1 err = 72.320000,	Top-5 err = 46.580000,	train_time = 1.370264
TRAIN Iter 11: loss = 0.007546,	Top-1 err = 68.420000,	Top-5 err = 40.340000,	train_time = 1.360726
TRAIN Iter 12: loss = 0.007245,	Top-1 err = 71.600000,	Top-5 err = 46.200000,	train_time = 1.365135
TRAIN Iter 13: loss = 0.007024,	Top-1 err = 71.000000,	Top-5 err = 44.000000,	train_time = 1.418347
TRAIN Iter 14: loss = 0.006708,	Top-1 err = 67.180000,	Top-5 err = 42.020000,	train_time = 1.428921
TRAIN Iter 15: loss = 0.006616,	Top-1 err = 67.560000,	Top-5 err = 42.240000,	train_time = 1.320951
TRAIN Iter 16: loss = 0.006519,	Top-1 err = 70.460000,	Top-5 err = 44.480000,	train_time = 1.389101
TRAIN Iter 17: loss = 0.006294,	Top-1 err = 67.960000,	Top-5 err = 42.500000,	train_time = 1.296761
TRAIN Iter 18: loss = 0.006070,	Top-1 err = 67.140000,	Top-5 err = 41.160000,	train_time = 1.404341
TRAIN Iter 19: loss = 0.006004,	Top-1 err = 66.820000,	Top-5 err = 41.760000,	train_time = 1.362468
TRAIN Iter 20: loss = 0.005822,	Top-1 err = 64.920000,	Top-5 err = 39.420000,	train_time = 1.370559
TRAIN Iter 21: loss = 0.005866,	Top-1 err = 64.320000,	Top-5 err = 38.360000,	train_time = 1.356820
TRAIN Iter 22: loss = 0.005725,	Top-1 err = 62.340000,	Top-5 err = 36.300000,	train_time = 1.353950
TRAIN Iter 23: loss = 0.005584,	Top-1 err = 68.320000,	Top-5 err = 43.720000,	train_time = 1.330890
TRAIN Iter 24: loss = 0.005544,	Top-1 err = 66.660000,	Top-5 err = 41.320000,	train_time = 1.322106
TRAIN Iter 25: loss = 0.005414,	Top-1 err = 64.800000,	Top-5 err = 38.760000,	train_time = 1.439096
TRAIN Iter 26: loss = 0.005286,	Top-1 err = 64.460000,	Top-5 err = 38.240000,	train_time = 1.342734
TRAIN Iter 27: loss = 0.005227,	Top-1 err = 63.700000,	Top-5 err = 37.200000,	train_time = 1.347919
TRAIN Iter 28: loss = 0.005176,	Top-1 err = 61.740000,	Top-5 err = 36.200000,	train_time = 1.360796
TRAIN Iter 29: loss = 0.005186,	Top-1 err = 61.980000,	Top-5 err = 36.280000,	train_time = 1.432236
TRAIN Iter 30: loss = 0.005040,	Top-1 err = 62.880000,	Top-5 err = 37.780000,	train_time = 1.395128
TRAIN Iter 31: loss = 0.004873,	Top-1 err = 61.460000,	Top-5 err = 35.040000,	train_time = 1.350163
TRAIN Iter 32: loss = 0.004882,	Top-1 err = 60.260000,	Top-5 err = 35.720000,	train_time = 1.441890
TRAIN Iter 33: loss = 0.004913,	Top-1 err = 63.120000,	Top-5 err = 37.700000,	train_time = 1.377943
TRAIN Iter 34: loss = 0.004841,	Top-1 err = 60.140000,	Top-5 err = 34.400000,	train_time = 1.303388
TRAIN Iter 35: loss = 0.004710,	Top-1 err = 59.740000,	Top-5 err = 34.200000,	train_time = 1.428105
TRAIN Iter 36: loss = 0.004766,	Top-1 err = 63.120000,	Top-5 err = 39.120000,	train_time = 1.378626
TRAIN Iter 37: loss = 0.004691,	Top-1 err = 63.180000,	Top-5 err = 38.260000,	train_time = 1.471231
TRAIN Iter 38: loss = 0.004603,	Top-1 err = 61.440000,	Top-5 err = 36.160000,	train_time = 1.340020
TRAIN Iter 39: loss = 0.004599,	Top-1 err = 62.480000,	Top-5 err = 38.300000,	train_time = 1.396420
TRAIN Iter 40: loss = 0.004601,	Top-1 err = 60.400000,	Top-5 err = 36.100000,	train_time = 1.375562
TRAIN Iter 41: loss = 0.004544,	Top-1 err = 63.560000,	Top-5 err = 38.360000,	train_time = 1.386170
TRAIN Iter 42: loss = 0.004520,	Top-1 err = 60.720000,	Top-5 err = 34.480000,	train_time = 1.364653
TRAIN Iter 43: loss = 0.004447,	Top-1 err = 59.660000,	Top-5 err = 35.740000,	train_time = 1.359806
TRAIN Iter 44: loss = 0.004458,	Top-1 err = 63.460000,	Top-5 err = 38.960000,	train_time = 1.348308
TRAIN Iter 45: loss = 0.004335,	Top-1 err = 60.100000,	Top-5 err = 35.080000,	train_time = 1.323110
TRAIN Iter 46: loss = 0.004239,	Top-1 err = 59.160000,	Top-5 err = 35.920000,	train_time = 1.335679
TRAIN Iter 47: loss = 0.004242,	Top-1 err = 61.000000,	Top-5 err = 35.940000,	train_time = 1.415988
TRAIN Iter 48: loss = 0.004287,	Top-1 err = 62.220000,	Top-5 err = 37.980000,	train_time = 1.407521
TRAIN Iter 49: loss = 0.004239,	Top-1 err = 63.540000,	Top-5 err = 38.860000,	train_time = 1.353348
TRAIN Iter 50: loss = 0.004165,	Top-1 err = 61.980000,	Top-5 err = 36.860000,	train_time = 1.383091
TRAIN Iter 51: loss = 0.004099,	Top-1 err = 60.300000,	Top-5 err = 35.440000,	train_time = 1.429507
TRAIN Iter 52: loss = 0.004123,	Top-1 err = 60.620000,	Top-5 err = 37.280000,	train_time = 1.361485
TRAIN Iter 53: loss = 0.004135,	Top-1 err = 60.860000,	Top-5 err = 34.920000,	train_time = 1.310148
TRAIN Iter 54: loss = 0.004064,	Top-1 err = 58.760000,	Top-5 err = 34.280000,	train_time = 1.389888
TRAIN Iter 55: loss = 0.004048,	Top-1 err = 61.380000,	Top-5 err = 38.520000,	train_time = 1.370045
TRAIN Iter 56: loss = 0.004004,	Top-1 err = 61.240000,	Top-5 err = 36.000000,	train_time = 1.402297
TRAIN Iter 57: loss = 0.004035,	Top-1 err = 59.520000,	Top-5 err = 35.640000,	train_time = 1.484448
TRAIN Iter 58: loss = 0.003960,	Top-1 err = 59.440000,	Top-5 err = 35.280000,	train_time = 1.381369
TRAIN Iter 59: loss = 0.003859,	Top-1 err = 60.740000,	Top-5 err = 37.600000,	train_time = 1.381192
TRAIN Iter 60: loss = 0.003923,	Top-1 err = 58.340000,	Top-5 err = 34.620000,	train_time = 1.388091
TRAIN Iter 61: loss = 0.003895,	Top-1 err = 60.420000,	Top-5 err = 35.200000,	train_time = 1.298145
TRAIN Iter 62: loss = 0.003857,	Top-1 err = 57.280000,	Top-5 err = 33.440000,	train_time = 1.363452
TRAIN Iter 63: loss = 0.003950,	Top-1 err = 60.160000,	Top-5 err = 35.720000,	train_time = 1.337378
TRAIN Iter 64: loss = 0.003825,	Top-1 err = 60.400000,	Top-5 err = 35.360000,	train_time = 1.424915
TRAIN Iter 65: loss = 0.003847,	Top-1 err = 60.180000,	Top-5 err = 36.580000,	train_time = 1.348930
TRAIN Iter 66: loss = 0.003778,	Top-1 err = 59.060000,	Top-5 err = 34.400000,	train_time = 1.444358
TRAIN Iter 67: loss = 0.003768,	Top-1 err = 58.600000,	Top-5 err = 35.180000,	train_time = 1.425517
TRAIN Iter 68: loss = 0.003794,	Top-1 err = 57.860000,	Top-5 err = 33.900000,	train_time = 1.262691
TRAIN Iter 69: loss = 0.003751,	Top-1 err = 60.560000,	Top-5 err = 36.940000,	train_time = 1.410475
TRAIN Iter 70: loss = 0.003732,	Top-1 err = 57.640000,	Top-5 err = 32.760000,	train_time = 1.364911
TRAIN Iter 71: loss = 0.003651,	Top-1 err = 58.840000,	Top-5 err = 35.000000,	train_time = 1.336421
TRAIN Iter 72: loss = 0.003782,	Top-1 err = 60.720000,	Top-5 err = 36.760000,	train_time = 1.385643
TRAIN Iter 73: loss = 0.003618,	Top-1 err = 57.280000,	Top-5 err = 34.060000,	train_time = 1.247086
TRAIN Iter 74: loss = 0.003648,	Top-1 err = 57.320000,	Top-5 err = 33.320000,	train_time = 1.406955
TRAIN Iter 75: loss = 0.003609,	Top-1 err = 56.980000,	Top-5 err = 32.280000,	train_time = 1.392017
TRAIN Iter 76: loss = 0.003631,	Top-1 err = 62.280000,	Top-5 err = 39.400000,	train_time = 1.360566
TRAIN Iter 77: loss = 0.003527,	Top-1 err = 59.160000,	Top-5 err = 34.620000,	train_time = 1.330614
TRAIN Iter 78: loss = 0.003554,	Top-1 err = 57.120000,	Top-5 err = 34.560000,	train_time = 1.361133
TRAIN Iter 79: loss = 0.003517,	Top-1 err = 58.480000,	Top-5 err = 33.900000,	train_time = 1.370471
TRAIN Iter 80: loss = 0.003457,	Top-1 err = 58.660000,	Top-5 err = 35.000000,	train_time = 1.416408
TRAIN Iter 81: loss = 0.003460,	Top-1 err = 58.420000,	Top-5 err = 34.780000,	train_time = 1.341477
TRAIN Iter 82: loss = 0.003524,	Top-1 err = 59.840000,	Top-5 err = 37.360000,	train_time = 1.446709
TRAIN Iter 83: loss = 0.003514,	Top-1 err = 58.360000,	Top-5 err = 31.920000,	train_time = 1.394625
TRAIN Iter 84: loss = 0.003471,	Top-1 err = 56.900000,	Top-5 err = 32.920000,	train_time = 1.419489
TRAIN Iter 85: loss = 0.003401,	Top-1 err = 57.620000,	Top-5 err = 34.400000,	train_time = 1.386115
TRAIN Iter 86: loss = 0.003407,	Top-1 err = 61.020000,	Top-5 err = 36.660000,	train_time = 1.374054
TRAIN Iter 87: loss = 0.003390,	Top-1 err = 57.680000,	Top-5 err = 34.060000,	train_time = 1.425822
TRAIN Iter 88: loss = 0.003381,	Top-1 err = 61.260000,	Top-5 err = 38.060000,	train_time = 1.329056
TRAIN Iter 89: loss = 0.003356,	Top-1 err = 61.780000,	Top-5 err = 38.680000,	train_time = 1.426031
TRAIN Iter 90: loss = 0.003318,	Top-1 err = 60.440000,	Top-5 err = 36.000000,	train_time = 1.431930
TRAIN Iter 91: loss = 0.003357,	Top-1 err = 56.720000,	Top-5 err = 32.660000,	train_time = 1.364049
TRAIN Iter 92: loss = 0.003296,	Top-1 err = 57.720000,	Top-5 err = 33.800000,	train_time = 1.402407
TRAIN Iter 93: loss = 0.003323,	Top-1 err = 58.560000,	Top-5 err = 35.580000,	train_time = 1.411010
TRAIN Iter 94: loss = 0.003272,	Top-1 err = 59.360000,	Top-5 err = 36.160000,	train_time = 1.363574
TRAIN Iter 95: loss = 0.003303,	Top-1 err = 59.900000,	Top-5 err = 36.240000,	train_time = 1.429106
TRAIN Iter 96: loss = 0.003310,	Top-1 err = 59.760000,	Top-5 err = 35.720000,	train_time = 1.321565
TRAIN Iter 97: loss = 0.003270,	Top-1 err = 57.820000,	Top-5 err = 34.760000,	train_time = 1.423721
TRAIN Iter 98: loss = 0.003167,	Top-1 err = 55.180000,	Top-5 err = 31.160000,	train_time = 1.399912
TRAIN Iter 99: loss = 0.003193,	Top-1 err = 57.240000,	Top-5 err = 33.600000,	train_time = 1.430654
TRAIN Iter 100: loss = 0.003212,	Top-1 err = 56.040000,	Top-5 err = 33.080000,	train_time = 1.402710
TRAIN Iter 101: loss = 0.003291,	Top-1 err = 58.780000,	Top-5 err = 35.220000,	train_time = 1.404614
TRAIN Iter 102: loss = 0.003205,	Top-1 err = 57.980000,	Top-5 err = 34.300000,	train_time = 1.389810
TRAIN Iter 103: loss = 0.003164,	Top-1 err = 57.320000,	Top-5 err = 35.520000,	train_time = 1.397576
TRAIN Iter 104: loss = 0.003139,	Top-1 err = 57.240000,	Top-5 err = 34.940000,	train_time = 1.357870
TRAIN Iter 105: loss = 0.003147,	Top-1 err = 58.120000,	Top-5 err = 34.620000,	train_time = 1.387926
TRAIN Iter 106: loss = 0.003126,	Top-1 err = 58.660000,	Top-5 err = 35.160000,	train_time = 1.384468
TRAIN Iter 107: loss = 0.003095,	Top-1 err = 59.420000,	Top-5 err = 37.220000,	train_time = 1.411884
TRAIN Iter 108: loss = 0.003107,	Top-1 err = 58.920000,	Top-5 err = 35.480000,	train_time = 1.300117
TRAIN Iter 109: loss = 0.003098,	Top-1 err = 55.320000,	Top-5 err = 32.320000,	train_time = 1.330529
TRAIN Iter 110: loss = 0.003110,	Top-1 err = 54.880000,	Top-5 err = 32.300000,	train_time = 1.372902
TRAIN Iter 111: loss = 0.003043,	Top-1 err = 55.480000,	Top-5 err = 31.020000,	train_time = 1.370009
TRAIN Iter 112: loss = 0.003088,	Top-1 err = 55.880000,	Top-5 err = 33.040000,	train_time = 1.403949
TRAIN Iter 113: loss = 0.003043,	Top-1 err = 58.680000,	Top-5 err = 36.360000,	train_time = 1.458968
TRAIN Iter 114: loss = 0.003034,	Top-1 err = 58.660000,	Top-5 err = 37.060000,	train_time = 1.382717
TRAIN Iter 115: loss = 0.003061,	Top-1 err = 55.660000,	Top-5 err = 33.020000,	train_time = 1.349245
TRAIN Iter 116: loss = 0.002946,	Top-1 err = 55.320000,	Top-5 err = 32.880000,	train_time = 1.457713
TRAIN Iter 117: loss = 0.002934,	Top-1 err = 54.940000,	Top-5 err = 31.540000,	train_time = 1.395305
TRAIN Iter 118: loss = 0.003016,	Top-1 err = 57.580000,	Top-5 err = 36.320000,	train_time = 1.403818
TRAIN Iter 119: loss = 0.002971,	Top-1 err = 55.300000,	Top-5 err = 31.680000,	train_time = 1.411081
TRAIN Iter 120: loss = 0.002932,	Top-1 err = 55.080000,	Top-5 err = 31.680000,	train_time = 1.425371
TRAIN Iter 121: loss = 0.002911,	Top-1 err = 58.600000,	Top-5 err = 35.660000,	train_time = 1.384045
TRAIN Iter 122: loss = 0.002930,	Top-1 err = 58.140000,	Top-5 err = 35.160000,	train_time = 1.376617
TRAIN Iter 123: loss = 0.002905,	Top-1 err = 54.140000,	Top-5 err = 30.000000,	train_time = 1.389645
TRAIN Iter 124: loss = 0.002891,	Top-1 err = 57.320000,	Top-5 err = 33.800000,	train_time = 1.350725
TRAIN Iter 125: loss = 0.002883,	Top-1 err = 54.340000,	Top-5 err = 31.300000,	train_time = 1.355168
TRAIN Iter 126: loss = 0.002901,	Top-1 err = 58.000000,	Top-5 err = 34.840000,	train_time = 1.365430
TRAIN Iter 127: loss = 0.002964,	Top-1 err = 56.320000,	Top-5 err = 34.300000,	train_time = 1.461649
TRAIN Iter 128: loss = 0.002882,	Top-1 err = 54.640000,	Top-5 err = 32.040000,	train_time = 1.367290
TRAIN Iter 129: loss = 0.002886,	Top-1 err = 57.040000,	Top-5 err = 33.480000,	train_time = 1.369974
TRAIN Iter 130: loss = 0.002819,	Top-1 err = 55.700000,	Top-5 err = 32.500000,	train_time = 1.381224
TRAIN Iter 131: loss = 0.002842,	Top-1 err = 56.980000,	Top-5 err = 34.580000,	train_time = 1.405399
TRAIN Iter 132: loss = 0.002775,	Top-1 err = 54.780000,	Top-5 err = 31.460000,	train_time = 1.394880
TRAIN Iter 133: loss = 0.002850,	Top-1 err = 56.400000,	Top-5 err = 33.740000,	train_time = 1.377038
TRAIN Iter 134: loss = 0.002805,	Top-1 err = 55.820000,	Top-5 err = 32.380000,	train_time = 1.303268
TRAIN Iter 135: loss = 0.002796,	Top-1 err = 57.100000,	Top-5 err = 33.920000,	train_time = 1.461902
TRAIN Iter 136: loss = 0.002871,	Top-1 err = 59.220000,	Top-5 err = 35.800000,	train_time = 1.377034
TRAIN Iter 137: loss = 0.002774,	Top-1 err = 58.560000,	Top-5 err = 35.500000,	train_time = 1.413570
TRAIN Iter 138: loss = 0.002726,	Top-1 err = 53.580000,	Top-5 err = 29.140000,	train_time = 1.361944
TRAIN Iter 139: loss = 0.002776,	Top-1 err = 56.020000,	Top-5 err = 31.840000,	train_time = 1.424157
TRAIN Iter 140: loss = 0.002751,	Top-1 err = 57.840000,	Top-5 err = 33.580000,	train_time = 1.469566
TRAIN Iter 141: loss = 0.002732,	Top-1 err = 56.940000,	Top-5 err = 32.960000,	train_time = 1.344049
TRAIN Iter 142: loss = 0.002725,	Top-1 err = 55.780000,	Top-5 err = 33.780000,	train_time = 1.401371
TRAIN Iter 143: loss = 0.002716,	Top-1 err = 58.380000,	Top-5 err = 33.460000,	train_time = 1.392859
TRAIN Iter 144: loss = 0.002718,	Top-1 err = 58.240000,	Top-5 err = 35.460000,	train_time = 1.425053
TRAIN Iter 145: loss = 0.002744,	Top-1 err = 58.760000,	Top-5 err = 36.460000,	train_time = 1.326933
TRAIN Iter 146: loss = 0.002742,	Top-1 err = 57.380000,	Top-5 err = 34.120000,	train_time = 1.397638
TRAIN Iter 147: loss = 0.002663,	Top-1 err = 53.960000,	Top-5 err = 30.620000,	train_time = 1.357766
TRAIN Iter 148: loss = 0.002631,	Top-1 err = 57.100000,	Top-5 err = 33.280000,	train_time = 1.463243
TRAIN Iter 149: loss = 0.002709,	Top-1 err = 58.640000,	Top-5 err = 36.320000,	train_time = 1.283067
TRAIN Iter 150: loss = 0.002687,	Top-1 err = 54.400000,	Top-5 err = 32.300000,	train_time = 1.306115
TRAIN Iter 151: loss = 0.002685,	Top-1 err = 57.680000,	Top-5 err = 34.180000,	train_time = 1.427685
TRAIN Iter 152: loss = 0.002612,	Top-1 err = 55.280000,	Top-5 err = 32.120000,	train_time = 1.371483
TRAIN Iter 153: loss = 0.002639,	Top-1 err = 56.820000,	Top-5 err = 34.300000,	train_time = 1.346647
TRAIN Iter 154: loss = 0.002639,	Top-1 err = 57.120000,	Top-5 err = 33.980000,	train_time = 1.365186
TRAIN Iter 155: loss = 0.002623,	Top-1 err = 57.140000,	Top-5 err = 33.300000,	train_time = 1.357672
TRAIN Iter 156: loss = 0.002607,	Top-1 err = 52.480000,	Top-5 err = 30.000000,	train_time = 1.361228
TRAIN Iter 157: loss = 0.002607,	Top-1 err = 52.360000,	Top-5 err = 30.100000,	train_time = 1.307840
TRAIN Iter 158: loss = 0.002594,	Top-1 err = 56.760000,	Top-5 err = 33.600000,	train_time = 1.343800
TRAIN Iter 159: loss = 0.002641,	Top-1 err = 54.140000,	Top-5 err = 31.240000,	train_time = 1.368444
TRAIN Iter 160: loss = 0.002565,	Top-1 err = 56.780000,	Top-5 err = 34.200000,	train_time = 1.358943
TRAIN Iter 161: loss = 0.002562,	Top-1 err = 53.220000,	Top-5 err = 30.400000,	train_time = 1.318725
TRAIN Iter 162: loss = 0.002619,	Top-1 err = 56.420000,	Top-5 err = 33.560000,	train_time = 1.349335
TRAIN Iter 163: loss = 0.002549,	Top-1 err = 59.000000,	Top-5 err = 35.600000,	train_time = 1.433972
TRAIN Iter 164: loss = 0.002565,	Top-1 err = 57.000000,	Top-5 err = 34.880000,	train_time = 1.347032
TRAIN Iter 165: loss = 0.002509,	Top-1 err = 54.980000,	Top-5 err = 32.140000,	train_time = 1.374961
TRAIN Iter 166: loss = 0.002544,	Top-1 err = 56.780000,	Top-5 err = 33.640000,	train_time = 1.383486
TRAIN Iter 167: loss = 0.002538,	Top-1 err = 53.800000,	Top-5 err = 31.520000,	train_time = 1.354567
TRAIN Iter 168: loss = 0.002574,	Top-1 err = 56.500000,	Top-5 err = 33.520000,	train_time = 1.367391
TRAIN Iter 169: loss = 0.002483,	Top-1 err = 56.180000,	Top-5 err = 32.440000,	train_time = 1.389118
TRAIN Iter 170: loss = 0.002497,	Top-1 err = 55.740000,	Top-5 err = 33.420000,	train_time = 1.320221
TRAIN Iter 171: loss = 0.002481,	Top-1 err = 55.000000,	Top-5 err = 31.040000,	train_time = 1.382761
TRAIN Iter 172: loss = 0.002488,	Top-1 err = 55.580000,	Top-5 err = 33.960000,	train_time = 1.338639
TRAIN Iter 173: loss = 0.002438,	Top-1 err = 55.380000,	Top-5 err = 32.920000,	train_time = 1.383787
TRAIN Iter 174: loss = 0.002493,	Top-1 err = 54.640000,	Top-5 err = 32.520000,	train_time = 1.312473
TRAIN Iter 175: loss = 0.002466,	Top-1 err = 57.740000,	Top-5 err = 34.880000,	train_time = 1.371834
TRAIN Iter 176: loss = 0.002440,	Top-1 err = 56.120000,	Top-5 err = 33.720000,	train_time = 1.374346
TRAIN Iter 177: loss = 0.002398,	Top-1 err = 54.640000,	Top-5 err = 30.720000,	train_time = 1.350603
TRAIN Iter 178: loss = 0.002439,	Top-1 err = 55.280000,	Top-5 err = 33.460000,	train_time = 1.296064
TRAIN Iter 179: loss = 0.002512,	Top-1 err = 57.760000,	Top-5 err = 35.860000,	train_time = 1.394439
TRAIN Iter 180: loss = 0.002459,	Top-1 err = 53.780000,	Top-5 err = 32.820000,	train_time = 1.320718
TRAIN Iter 181: loss = 0.002446,	Top-1 err = 56.860000,	Top-5 err = 33.420000,	train_time = 1.395124
TRAIN Iter 182: loss = 0.002415,	Top-1 err = 51.840000,	Top-5 err = 28.260000,	train_time = 1.377760
TRAIN Iter 183: loss = 0.002388,	Top-1 err = 54.600000,	Top-5 err = 31.320000,	train_time = 1.448266
TRAIN Iter 184: loss = 0.002303,	Top-1 err = 50.880000,	Top-5 err = 26.740000,	train_time = 1.384244
TRAIN Iter 185: loss = 0.002395,	Top-1 err = 53.620000,	Top-5 err = 31.160000,	train_time = 1.326606
TRAIN Iter 186: loss = 0.002381,	Top-1 err = 56.260000,	Top-5 err = 34.100000,	train_time = 1.354727
TRAIN Iter 187: loss = 0.002424,	Top-1 err = 54.160000,	Top-5 err = 31.120000,	train_time = 1.348231
TRAIN Iter 188: loss = 0.002414,	Top-1 err = 56.900000,	Top-5 err = 34.200000,	train_time = 1.385499
TRAIN Iter 189: loss = 0.002372,	Top-1 err = 57.880000,	Top-5 err = 35.080000,	train_time = 1.343224
TRAIN Iter 190: loss = 0.002390,	Top-1 err = 58.720000,	Top-5 err = 35.600000,	train_time = 1.394348
TRAIN Iter 191: loss = 0.002380,	Top-1 err = 56.140000,	Top-5 err = 33.060000,	train_time = 1.347667
TRAIN Iter 192: loss = 0.002351,	Top-1 err = 57.900000,	Top-5 err = 34.420000,	train_time = 1.323501
TRAIN Iter 193: loss = 0.002353,	Top-1 err = 58.500000,	Top-5 err = 35.300000,	train_time = 1.313236
TRAIN Iter 194: loss = 0.002390,	Top-1 err = 57.420000,	Top-5 err = 34.440000,	train_time = 1.358359
TRAIN Iter 195: loss = 0.002345,	Top-1 err = 55.820000,	Top-5 err = 34.240000,	train_time = 1.372562
TRAIN Iter 196: loss = 0.002357,	Top-1 err = 54.100000,	Top-5 err = 31.740000,	train_time = 1.354537
TRAIN Iter 197: loss = 0.002362,	Top-1 err = 56.320000,	Top-5 err = 33.800000,	train_time = 1.461582
TRAIN Iter 198: loss = 0.002327,	Top-1 err = 57.120000,	Top-5 err = 34.520000,	train_time = 1.373122
TRAIN Iter 199: loss = 0.002291,	Top-1 err = 55.040000,	Top-5 err = 31.620000,	train_time = 1.397819
TRAIN Iter 200: loss = 0.002266,	Top-1 err = 58.240000,	Top-5 err = 34.540000,	train_time = 1.363156
TRAIN Iter 201: loss = 0.002309,	Top-1 err = 52.420000,	Top-5 err = 28.460000,	train_time = 1.380177
TRAIN Iter 202: loss = 0.002338,	Top-1 err = 55.580000,	Top-5 err = 32.480000,	train_time = 1.363361
TRAIN Iter 203: loss = 0.002283,	Top-1 err = 55.740000,	Top-5 err = 34.160000,	train_time = 1.419600
TRAIN Iter 204: loss = 0.002331,	Top-1 err = 57.200000,	Top-5 err = 35.320000,	train_time = 1.387328
TRAIN Iter 205: loss = 0.002283,	Top-1 err = 56.020000,	Top-5 err = 32.380000,	train_time = 1.355394
TRAIN Iter 206: loss = 0.002317,	Top-1 err = 56.080000,	Top-5 err = 32.820000,	train_time = 1.335348
TRAIN Iter 207: loss = 0.002286,	Top-1 err = 52.780000,	Top-5 err = 30.080000,	train_time = 1.368168
TRAIN Iter 208: loss = 0.002204,	Top-1 err = 55.060000,	Top-5 err = 32.740000,	train_time = 1.452391
TRAIN Iter 209: loss = 0.002219,	Top-1 err = 52.400000,	Top-5 err = 30.780000,	train_time = 1.291085
TRAIN Iter 210: loss = 0.002248,	Top-1 err = 57.940000,	Top-5 err = 35.020000,	train_time = 1.303131
TRAIN Iter 211: loss = 0.002224,	Top-1 err = 55.120000,	Top-5 err = 32.820000,	train_time = 1.442291
TRAIN Iter 212: loss = 0.002207,	Top-1 err = 56.960000,	Top-5 err = 33.720000,	train_time = 1.324662
TRAIN Iter 213: loss = 0.002251,	Top-1 err = 54.600000,	Top-5 err = 33.040000,	train_time = 1.383990
TRAIN Iter 214: loss = 0.002274,	Top-1 err = 59.100000,	Top-5 err = 36.140000,	train_time = 1.373999
TRAIN Iter 215: loss = 0.002237,	Top-1 err = 53.780000,	Top-5 err = 31.500000,	train_time = 1.400846
TRAIN Iter 216: loss = 0.002216,	Top-1 err = 55.240000,	Top-5 err = 32.920000,	train_time = 1.379854
TRAIN Iter 217: loss = 0.002176,	Top-1 err = 59.160000,	Top-5 err = 36.120000,	train_time = 1.390454
TRAIN Iter 218: loss = 0.002220,	Top-1 err = 55.400000,	Top-5 err = 33.300000,	train_time = 1.398916
TRAIN Iter 219: loss = 0.002148,	Top-1 err = 54.600000,	Top-5 err = 32.080000,	train_time = 1.332772
TRAIN Iter 220: loss = 0.002248,	Top-1 err = 54.000000,	Top-5 err = 31.280000,	train_time = 1.368114
TRAIN Iter 221: loss = 0.002205,	Top-1 err = 56.160000,	Top-5 err = 33.340000,	train_time = 1.389554
TRAIN Iter 222: loss = 0.002137,	Top-1 err = 56.060000,	Top-5 err = 33.560000,	train_time = 1.344279
TRAIN Iter 223: loss = 0.002165,	Top-1 err = 56.340000,	Top-5 err = 33.180000,	train_time = 1.393970
TRAIN Iter 224: loss = 0.002174,	Top-1 err = 58.820000,	Top-5 err = 34.680000,	train_time = 1.362696
TRAIN Iter 225: loss = 0.002196,	Top-1 err = 57.420000,	Top-5 err = 35.460000,	train_time = 1.433376
TRAIN Iter 226: loss = 0.002183,	Top-1 err = 56.740000,	Top-5 err = 33.920000,	train_time = 1.368458
TRAIN Iter 227: loss = 0.002153,	Top-1 err = 55.340000,	Top-5 err = 33.960000,	train_time = 1.380784
TRAIN Iter 228: loss = 0.002122,	Top-1 err = 55.020000,	Top-5 err = 32.520000,	train_time = 1.411388
TRAIN Iter 229: loss = 0.002157,	Top-1 err = 54.700000,	Top-5 err = 32.140000,	train_time = 1.362847
TRAIN Iter 230: loss = 0.002117,	Top-1 err = 56.880000,	Top-5 err = 34.200000,	train_time = 1.300910
TRAIN Iter 231: loss = 0.002139,	Top-1 err = 53.900000,	Top-5 err = 32.280000,	train_time = 1.430231
TRAIN Iter 232: loss = 0.002156,	Top-1 err = 56.020000,	Top-5 err = 34.540000,	train_time = 1.346819
TRAIN Iter 233: loss = 0.002112,	Top-1 err = 57.700000,	Top-5 err = 35.240000,	train_time = 1.433491
TRAIN Iter 234: loss = 0.002126,	Top-1 err = 53.780000,	Top-5 err = 31.760000,	train_time = 1.447906
TRAIN Iter 235: loss = 0.002058,	Top-1 err = 52.780000,	Top-5 err = 29.960000,	train_time = 1.406538
TRAIN Iter 236: loss = 0.002080,	Top-1 err = 55.680000,	Top-5 err = 33.500000,	train_time = 1.392979
TRAIN Iter 237: loss = 0.002094,	Top-1 err = 55.520000,	Top-5 err = 32.500000,	train_time = 1.409824
TRAIN Iter 238: loss = 0.002121,	Top-1 err = 56.920000,	Top-5 err = 35.840000,	train_time = 1.344101
TRAIN Iter 239: loss = 0.002124,	Top-1 err = 50.640000,	Top-5 err = 29.200000,	train_time = 1.390355
TRAIN Iter 240: loss = 0.002109,	Top-1 err = 56.400000,	Top-5 err = 34.640000,	train_time = 1.460158
TRAIN Iter 241: loss = 0.002136,	Top-1 err = 55.500000,	Top-5 err = 32.000000,	train_time = 1.395247
TRAIN Iter 242: loss = 0.002094,	Top-1 err = 54.680000,	Top-5 err = 32.560000,	train_time = 1.360579
TRAIN Iter 243: loss = 0.002039,	Top-1 err = 51.100000,	Top-5 err = 28.120000,	train_time = 1.314812
TRAIN Iter 244: loss = 0.002029,	Top-1 err = 56.000000,	Top-5 err = 32.760000,	train_time = 1.408232
TRAIN Iter 245: loss = 0.002070,	Top-1 err = 54.820000,	Top-5 err = 32.700000,	train_time = 1.344066
TRAIN Iter 246: loss = 0.002064,	Top-1 err = 56.500000,	Top-5 err = 32.300000,	train_time = 1.365116
TRAIN Iter 247: loss = 0.002037,	Top-1 err = 56.500000,	Top-5 err = 33.140000,	train_time = 1.336345
TRAIN Iter 248: loss = 0.001991,	Top-1 err = 54.100000,	Top-5 err = 31.140000,	train_time = 1.413332
TRAIN Iter 249: loss = 0.002050,	Top-1 err = 58.260000,	Top-5 err = 35.800000,	train_time = 1.406176
TEST:
Iter 249: loss = 1.693208,	Top-1 err = 42.720000,	Top-5 err = 16.050000,	val_time = 0.807389
TRAIN Iter 250: loss = 0.002075,	Top-1 err = 53.840000,	Top-5 err = 33.540000,	train_time = 1.336424
TRAIN Iter 251: loss = 0.002017,	Top-1 err = 56.900000,	Top-5 err = 33.860000,	train_time = 1.294442
TRAIN Iter 252: loss = 0.002039,	Top-1 err = 53.000000,	Top-5 err = 30.200000,	train_time = 1.400102
TRAIN Iter 253: loss = 0.002017,	Top-1 err = 52.060000,	Top-5 err = 29.980000,	train_time = 1.398639
TRAIN Iter 254: loss = 0.002015,	Top-1 err = 53.540000,	Top-5 err = 30.180000,	train_time = 1.373000
TRAIN Iter 255: loss = 0.002009,	Top-1 err = 53.920000,	Top-5 err = 31.760000,	train_time = 1.380576
TRAIN Iter 256: loss = 0.002039,	Top-1 err = 56.660000,	Top-5 err = 32.500000,	train_time = 1.348378
TRAIN Iter 257: loss = 0.001959,	Top-1 err = 52.480000,	Top-5 err = 29.820000,	train_time = 1.311085
TRAIN Iter 258: loss = 0.001978,	Top-1 err = 57.280000,	Top-5 err = 34.340000,	train_time = 1.431500
TRAIN Iter 259: loss = 0.002028,	Top-1 err = 56.060000,	Top-5 err = 32.820000,	train_time = 1.404545
TEST:
Iter 259: loss = 1.715571,	Top-1 err = 43.450000,	Top-5 err = 16.130000,	val_time = 0.836024
TRAIN Iter 260: loss = 0.001974,	Top-1 err = 53.800000,	Top-5 err = 31.580000,	train_time = 1.413990
TRAIN Iter 261: loss = 0.001995,	Top-1 err = 52.440000,	Top-5 err = 30.180000,	train_time = 1.315843
TRAIN Iter 262: loss = 0.001996,	Top-1 err = 56.720000,	Top-5 err = 33.920000,	train_time = 1.394066
TRAIN Iter 263: loss = 0.002011,	Top-1 err = 54.780000,	Top-5 err = 33.000000,	train_time = 1.381038
TRAIN Iter 264: loss = 0.002016,	Top-1 err = 56.780000,	Top-5 err = 33.220000,	train_time = 1.326906
TRAIN Iter 265: loss = 0.002005,	Top-1 err = 56.060000,	Top-5 err = 34.660000,	train_time = 1.430321
TRAIN Iter 266: loss = 0.001930,	Top-1 err = 55.160000,	Top-5 err = 33.360000,	train_time = 1.387831
TRAIN Iter 267: loss = 0.001957,	Top-1 err = 55.600000,	Top-5 err = 31.380000,	train_time = 1.415865
TRAIN Iter 268: loss = 0.001989,	Top-1 err = 57.500000,	Top-5 err = 35.300000,	train_time = 1.374611
TRAIN Iter 269: loss = 0.001973,	Top-1 err = 58.620000,	Top-5 err = 35.540000,	train_time = 1.382902
TEST:
Iter 269: loss = 1.687539,	Top-1 err = 42.480000,	Top-5 err = 15.890000,	val_time = 0.757528
TRAIN Iter 270: loss = 0.001978,	Top-1 err = 54.300000,	Top-5 err = 32.820000,	train_time = 1.368519
TRAIN Iter 271: loss = 0.001903,	Top-1 err = 57.140000,	Top-5 err = 34.540000,	train_time = 1.401881
TRAIN Iter 272: loss = 0.001967,	Top-1 err = 52.240000,	Top-5 err = 30.160000,	train_time = 1.384595
TRAIN Iter 273: loss = 0.001920,	Top-1 err = 53.940000,	Top-5 err = 31.620000,	train_time = 1.350574
TRAIN Iter 274: loss = 0.001893,	Top-1 err = 51.580000,	Top-5 err = 29.000000,	train_time = 1.426244
TRAIN Iter 275: loss = 0.001892,	Top-1 err = 52.200000,	Top-5 err = 29.160000,	train_time = 1.387337
TRAIN Iter 276: loss = 0.001908,	Top-1 err = 54.280000,	Top-5 err = 33.160000,	train_time = 1.370389
TRAIN Iter 277: loss = 0.001942,	Top-1 err = 56.940000,	Top-5 err = 35.040000,	train_time = 1.383591
TRAIN Iter 278: loss = 0.001870,	Top-1 err = 55.360000,	Top-5 err = 32.660000,	train_time = 1.402882
TRAIN Iter 279: loss = 0.001915,	Top-1 err = 55.020000,	Top-5 err = 32.920000,	train_time = 1.411557
TEST:
Iter 279: loss = 1.677616,	Top-1 err = 42.300000,	Top-5 err = 15.980000,	val_time = 0.782346
TRAIN Iter 280: loss = 0.001903,	Top-1 err = 54.540000,	Top-5 err = 33.240000,	train_time = 1.445311
TRAIN Iter 281: loss = 0.001878,	Top-1 err = 52.460000,	Top-5 err = 29.900000,	train_time = 1.324826
TRAIN Iter 282: loss = 0.001897,	Top-1 err = 54.860000,	Top-5 err = 33.440000,	train_time = 1.328509
TRAIN Iter 283: loss = 0.001872,	Top-1 err = 51.760000,	Top-5 err = 30.620000,	train_time = 1.383056
TRAIN Iter 284: loss = 0.001890,	Top-1 err = 53.140000,	Top-5 err = 31.360000,	train_time = 1.454565
TRAIN Iter 285: loss = 0.001844,	Top-1 err = 57.560000,	Top-5 err = 34.560000,	train_time = 1.367865
TRAIN Iter 286: loss = 0.001860,	Top-1 err = 55.380000,	Top-5 err = 30.880000,	train_time = 1.364256
TRAIN Iter 287: loss = 0.001889,	Top-1 err = 50.960000,	Top-5 err = 29.280000,	train_time = 1.363900
TRAIN Iter 288: loss = 0.001869,	Top-1 err = 54.740000,	Top-5 err = 31.760000,	train_time = 1.345934
TRAIN Iter 289: loss = 0.001865,	Top-1 err = 50.380000,	Top-5 err = 28.180000,	train_time = 1.357840
TEST:
Iter 289: loss = 1.681955,	Top-1 err = 42.550000,	Top-5 err = 16.170000,	val_time = 0.818987
TRAIN Iter 290: loss = 0.001837,	Top-1 err = 54.600000,	Top-5 err = 30.920000,	train_time = 1.343865
TRAIN Iter 291: loss = 0.001857,	Top-1 err = 54.440000,	Top-5 err = 33.060000,	train_time = 1.337391
TRAIN Iter 292: loss = 0.001852,	Top-1 err = 54.500000,	Top-5 err = 31.720000,	train_time = 1.352758
TRAIN Iter 293: loss = 0.001827,	Top-1 err = 53.520000,	Top-5 err = 30.240000,	train_time = 1.407582
TRAIN Iter 294: loss = 0.001887,	Top-1 err = 55.180000,	Top-5 err = 32.960000,	train_time = 1.384573
TRAIN Iter 295: loss = 0.001827,	Top-1 err = 56.060000,	Top-5 err = 32.180000,	train_time = 1.347622
TRAIN Iter 296: loss = 0.001870,	Top-1 err = 54.760000,	Top-5 err = 33.000000,	train_time = 1.410343
TRAIN Iter 297: loss = 0.001875,	Top-1 err = 53.460000,	Top-5 err = 31.720000,	train_time = 1.297280
TRAIN Iter 298: loss = 0.001798,	Top-1 err = 54.780000,	Top-5 err = 33.000000,	train_time = 1.354556
TRAIN Iter 299: loss = 0.001864,	Top-1 err = 54.580000,	Top-5 err = 32.420000,	train_time = 1.313513
TEST:
Iter 299: loss = 1.663139,	Top-1 err = 41.810000,	Top-5 err = 15.610000,	val_time = 0.702514
Train Finish! Best accuracy is 58.19@299
