/home/dvspanos/miniconda3/envs/rded/lib/python3.10/site-packages/torchvision/models/_utils.py:208: UserWarning: The parameter 'pretrained' is deprecated since 0.13 and may be removed in the future, please use 'weights' instead.
  warnings.warn(
/home/dvspanos/miniconda3/envs/rded/lib/python3.10/site-packages/torchvision/models/_utils.py:223: UserWarning: Arguments other than a weight enum or `None` for 'weights' are deprecated since 0.13 and may be removed in the future. The current behavior is equivalent to passing `weights=None`.
  warnings.warn(msg)
=> using pytorch pre-trained teacher model 'resnet18_modified'
process data from /home/dvspanos/nikos/ca2d/artifacts/sets/bench_cifar100_rn18_sharp2d_ipc10
load data successfully
TRAIN Iter 0: loss = 0.015774,	Top-1 err = 97.900000,	Top-5 err = 91.100000,	train_time = 3.683182
TRAIN Iter 1: loss = 0.014063,	Top-1 err = 97.300000,	Top-5 err = 87.900000,	train_time = 1.806879
TRAIN Iter 2: loss = 0.014791,	Top-1 err = 96.200000,	Top-5 err = 82.500000,	train_time = 1.819382
TRAIN Iter 3: loss = 0.012069,	Top-1 err = 96.100000,	Top-5 err = 82.100000,	train_time = 1.812065
TRAIN Iter 4: loss = 0.013599,	Top-1 err = 95.300000,	Top-5 err = 82.400000,	train_time = 1.796936
TRAIN Iter 5: loss = 0.013452,	Top-1 err = 93.100000,	Top-5 err = 78.700000,	train_time = 1.818454
TRAIN Iter 6: loss = 0.012521,	Top-1 err = 92.600000,	Top-5 err = 79.500000,	train_time = 1.795702
TRAIN Iter 7: loss = 0.012774,	Top-1 err = 93.400000,	Top-5 err = 77.200000,	train_time = 1.803223
TRAIN Iter 8: loss = 0.012916,	Top-1 err = 89.500000,	Top-5 err = 72.700000,	train_time = 1.808513
TRAIN Iter 9: loss = 0.012381,	Top-1 err = 91.000000,	Top-5 err = 73.500000,	train_time = 1.801468
TRAIN Iter 10: loss = 0.013596,	Top-1 err = 88.900000,	Top-5 err = 67.900000,	train_time = 1.793691
TRAIN Iter 11: loss = 0.014319,	Top-1 err = 85.900000,	Top-5 err = 63.100000,	train_time = 1.798850
TRAIN Iter 12: loss = 0.011087,	Top-1 err = 91.600000,	Top-5 err = 73.800000,	train_time = 1.791247
TRAIN Iter 13: loss = 0.012928,	Top-1 err = 88.000000,	Top-5 err = 65.800000,	train_time = 1.795661
TRAIN Iter 14: loss = 0.012329,	Top-1 err = 88.000000,	Top-5 err = 64.900000,	train_time = 1.808645
TRAIN Iter 15: loss = 0.010235,	Top-1 err = 88.000000,	Top-5 err = 70.300000,	train_time = 1.810547
TRAIN Iter 16: loss = 0.012204,	Top-1 err = 87.900000,	Top-5 err = 67.600000,	train_time = 1.797336
TRAIN Iter 17: loss = 0.012025,	Top-1 err = 87.200000,	Top-5 err = 69.400000,	train_time = 1.788145
TRAIN Iter 18: loss = 0.011815,	Top-1 err = 86.500000,	Top-5 err = 63.500000,	train_time = 1.792579
TRAIN Iter 19: loss = 0.012501,	Top-1 err = 81.500000,	Top-5 err = 56.900000,	train_time = 1.806184
TRAIN Iter 20: loss = 0.012300,	Top-1 err = 78.800000,	Top-5 err = 52.700000,	train_time = 1.814640
TRAIN Iter 21: loss = 0.011776,	Top-1 err = 79.400000,	Top-5 err = 53.800000,	train_time = 1.793299
TRAIN Iter 22: loss = 0.010531,	Top-1 err = 82.300000,	Top-5 err = 60.500000,	train_time = 1.806383
TRAIN Iter 23: loss = 0.011605,	Top-1 err = 77.800000,	Top-5 err = 51.300000,	train_time = 1.798187
TRAIN Iter 24: loss = 0.010810,	Top-1 err = 76.800000,	Top-5 err = 50.000000,	train_time = 1.792984
TRAIN Iter 25: loss = 0.013022,	Top-1 err = 70.700000,	Top-5 err = 40.100000,	train_time = 1.791187
TRAIN Iter 26: loss = 0.010578,	Top-1 err = 79.700000,	Top-5 err = 56.300000,	train_time = 1.810457
TRAIN Iter 27: loss = 0.009302,	Top-1 err = 79.900000,	Top-5 err = 56.200000,	train_time = 1.798268
TRAIN Iter 28: loss = 0.010744,	Top-1 err = 69.000000,	Top-5 err = 41.100000,	train_time = 1.796058
TRAIN Iter 29: loss = 0.009339,	Top-1 err = 78.300000,	Top-5 err = 53.200000,	train_time = 1.805960
TRAIN Iter 30: loss = 0.010901,	Top-1 err = 71.300000,	Top-5 err = 43.900000,	train_time = 1.800982
TRAIN Iter 31: loss = 0.010266,	Top-1 err = 83.300000,	Top-5 err = 62.700000,	train_time = 1.802736
TRAIN Iter 32: loss = 0.010544,	Top-1 err = 72.300000,	Top-5 err = 45.600000,	train_time = 1.798383
TRAIN Iter 33: loss = 0.009695,	Top-1 err = 78.700000,	Top-5 err = 56.100000,	train_time = 1.797380
TRAIN Iter 34: loss = 0.009090,	Top-1 err = 71.900000,	Top-5 err = 43.200000,	train_time = 1.811964
TRAIN Iter 35: loss = 0.008003,	Top-1 err = 71.500000,	Top-5 err = 45.600000,	train_time = 1.816109
TRAIN Iter 36: loss = 0.009697,	Top-1 err = 68.900000,	Top-5 err = 42.100000,	train_time = 1.803527
TRAIN Iter 37: loss = 0.008970,	Top-1 err = 72.000000,	Top-5 err = 44.400000,	train_time = 1.801157
TRAIN Iter 38: loss = 0.007973,	Top-1 err = 77.000000,	Top-5 err = 55.000000,	train_time = 1.796377
TRAIN Iter 39: loss = 0.008398,	Top-1 err = 74.700000,	Top-5 err = 52.000000,	train_time = 1.812346
TRAIN Iter 40: loss = 0.008776,	Top-1 err = 68.000000,	Top-5 err = 46.200000,	train_time = 1.793327
TRAIN Iter 41: loss = 0.009240,	Top-1 err = 70.300000,	Top-5 err = 43.400000,	train_time = 1.799468
TRAIN Iter 42: loss = 0.008920,	Top-1 err = 61.600000,	Top-5 err = 34.700000,	train_time = 1.807546
TRAIN Iter 43: loss = 0.008240,	Top-1 err = 67.700000,	Top-5 err = 41.400000,	train_time = 1.797680
TRAIN Iter 44: loss = 0.008887,	Top-1 err = 75.000000,	Top-5 err = 54.100000,	train_time = 1.799939
TRAIN Iter 45: loss = 0.008243,	Top-1 err = 65.700000,	Top-5 err = 42.400000,	train_time = 1.796084
TRAIN Iter 46: loss = 0.008323,	Top-1 err = 59.600000,	Top-5 err = 32.900000,	train_time = 1.817748
TRAIN Iter 47: loss = 0.008045,	Top-1 err = 66.600000,	Top-5 err = 43.100000,	train_time = 1.796619
TRAIN Iter 48: loss = 0.007679,	Top-1 err = 62.000000,	Top-5 err = 33.300000,	train_time = 1.816498
TRAIN Iter 49: loss = 0.007810,	Top-1 err = 66.400000,	Top-5 err = 41.900000,	train_time = 1.798000
TRAIN Iter 50: loss = 0.007787,	Top-1 err = 69.600000,	Top-5 err = 44.300000,	train_time = 1.793447
TRAIN Iter 51: loss = 0.008823,	Top-1 err = 52.900000,	Top-5 err = 29.500000,	train_time = 1.811630
TRAIN Iter 52: loss = 0.007947,	Top-1 err = 67.000000,	Top-5 err = 43.000000,	train_time = 1.792297
TRAIN Iter 53: loss = 0.008574,	Top-1 err = 60.000000,	Top-5 err = 35.700000,	train_time = 1.801040
TRAIN Iter 54: loss = 0.007390,	Top-1 err = 62.100000,	Top-5 err = 36.200000,	train_time = 1.809323
TRAIN Iter 55: loss = 0.007322,	Top-1 err = 63.200000,	Top-5 err = 40.300000,	train_time = 1.808827
TRAIN Iter 56: loss = 0.007655,	Top-1 err = 54.700000,	Top-5 err = 29.200000,	train_time = 1.801554
TRAIN Iter 57: loss = 0.006994,	Top-1 err = 55.700000,	Top-5 err = 32.400000,	train_time = 1.818753
TRAIN Iter 58: loss = 0.007125,	Top-1 err = 76.000000,	Top-5 err = 56.000000,	train_time = 1.810316
TRAIN Iter 59: loss = 0.007110,	Top-1 err = 63.900000,	Top-5 err = 42.100000,	train_time = 1.809737
TRAIN Iter 60: loss = 0.007326,	Top-1 err = 54.500000,	Top-5 err = 31.100000,	train_time = 1.805324
TRAIN Iter 61: loss = 0.007318,	Top-1 err = 59.000000,	Top-5 err = 34.700000,	train_time = 1.795063
TRAIN Iter 62: loss = 0.007236,	Top-1 err = 62.400000,	Top-5 err = 42.000000,	train_time = 1.809913
TRAIN Iter 63: loss = 0.007094,	Top-1 err = 38.200000,	Top-5 err = 16.500000,	train_time = 1.811436
TRAIN Iter 64: loss = 0.007031,	Top-1 err = 52.000000,	Top-5 err = 28.800000,	train_time = 1.789039
TRAIN Iter 65: loss = 0.006643,	Top-1 err = 65.700000,	Top-5 err = 43.800000,	train_time = 1.782294
TRAIN Iter 66: loss = 0.006492,	Top-1 err = 62.400000,	Top-5 err = 39.600000,	train_time = 1.798910
TRAIN Iter 67: loss = 0.007198,	Top-1 err = 58.300000,	Top-5 err = 39.300000,	train_time = 1.800204
TRAIN Iter 68: loss = 0.006999,	Top-1 err = 62.200000,	Top-5 err = 42.800000,	train_time = 1.795231
TRAIN Iter 69: loss = 0.006994,	Top-1 err = 48.300000,	Top-5 err = 27.400000,	train_time = 1.809416
TRAIN Iter 70: loss = 0.006814,	Top-1 err = 58.200000,	Top-5 err = 37.300000,	train_time = 1.799294
TRAIN Iter 71: loss = 0.007076,	Top-1 err = 49.100000,	Top-5 err = 26.000000,	train_time = 1.788894
TRAIN Iter 72: loss = 0.006751,	Top-1 err = 42.500000,	Top-5 err = 21.900000,	train_time = 1.806558
TRAIN Iter 73: loss = 0.006693,	Top-1 err = 71.300000,	Top-5 err = 50.100000,	train_time = 1.811157
TRAIN Iter 74: loss = 0.006447,	Top-1 err = 50.900000,	Top-5 err = 28.800000,	train_time = 1.782503
TRAIN Iter 75: loss = 0.006547,	Top-1 err = 58.700000,	Top-5 err = 39.400000,	train_time = 1.800309
TRAIN Iter 76: loss = 0.006352,	Top-1 err = 51.500000,	Top-5 err = 32.100000,	train_time = 1.800051
TRAIN Iter 77: loss = 0.006760,	Top-1 err = 56.400000,	Top-5 err = 37.000000,	train_time = 1.809390
TRAIN Iter 78: loss = 0.007046,	Top-1 err = 39.300000,	Top-5 err = 19.400000,	train_time = 1.810224
TRAIN Iter 79: loss = 0.006196,	Top-1 err = 50.200000,	Top-5 err = 28.600000,	train_time = 1.811242
TRAIN Iter 80: loss = 0.006721,	Top-1 err = 40.400000,	Top-5 err = 21.700000,	train_time = 1.804790
TRAIN Iter 81: loss = 0.006146,	Top-1 err = 65.100000,	Top-5 err = 41.700000,	train_time = 1.795140
TRAIN Iter 82: loss = 0.006308,	Top-1 err = 42.800000,	Top-5 err = 22.500000,	train_time = 1.803490
TRAIN Iter 83: loss = 0.006325,	Top-1 err = 50.500000,	Top-5 err = 28.900000,	train_time = 1.782830
TRAIN Iter 84: loss = 0.006089,	Top-1 err = 43.900000,	Top-5 err = 24.600000,	train_time = 1.785189
TRAIN Iter 85: loss = 0.006705,	Top-1 err = 50.000000,	Top-5 err = 30.000000,	train_time = 1.788408
TRAIN Iter 86: loss = 0.006292,	Top-1 err = 47.500000,	Top-5 err = 26.800000,	train_time = 1.802896
TRAIN Iter 87: loss = 0.006005,	Top-1 err = 48.200000,	Top-5 err = 25.800000,	train_time = 1.804365
TRAIN Iter 88: loss = 0.005736,	Top-1 err = 49.100000,	Top-5 err = 27.800000,	train_time = 1.800727
TRAIN Iter 89: loss = 0.006070,	Top-1 err = 46.100000,	Top-5 err = 26.500000,	train_time = 1.806913
TRAIN Iter 90: loss = 0.005851,	Top-1 err = 45.500000,	Top-5 err = 25.800000,	train_time = 1.791522
TRAIN Iter 91: loss = 0.005566,	Top-1 err = 46.500000,	Top-5 err = 27.600000,	train_time = 1.813657
TRAIN Iter 92: loss = 0.005749,	Top-1 err = 48.800000,	Top-5 err = 29.600000,	train_time = 1.810786
TRAIN Iter 93: loss = 0.006084,	Top-1 err = 49.100000,	Top-5 err = 32.000000,	train_time = 1.796676
TRAIN Iter 94: loss = 0.005967,	Top-1 err = 38.700000,	Top-5 err = 20.200000,	train_time = 1.802005
TRAIN Iter 95: loss = 0.005510,	Top-1 err = 51.400000,	Top-5 err = 26.500000,	train_time = 1.813607
TRAIN Iter 96: loss = 0.005334,	Top-1 err = 46.400000,	Top-5 err = 24.800000,	train_time = 1.798861
TRAIN Iter 97: loss = 0.005684,	Top-1 err = 65.400000,	Top-5 err = 43.900000,	train_time = 1.798850
TRAIN Iter 98: loss = 0.005694,	Top-1 err = 42.300000,	Top-5 err = 21.800000,	train_time = 1.797187
TRAIN Iter 99: loss = 0.005703,	Top-1 err = 46.100000,	Top-5 err = 25.700000,	train_time = 1.796919
TRAIN Iter 100: loss = 0.005830,	Top-1 err = 37.900000,	Top-5 err = 19.500000,	train_time = 1.802564
TRAIN Iter 101: loss = 0.005631,	Top-1 err = 25.100000,	Top-5 err = 7.900000,	train_time = 1.803635
TRAIN Iter 102: loss = 0.005932,	Top-1 err = 43.900000,	Top-5 err = 25.700000,	train_time = 1.810534
TRAIN Iter 103: loss = 0.005779,	Top-1 err = 52.900000,	Top-5 err = 33.800000,	train_time = 1.816541
TRAIN Iter 104: loss = 0.005648,	Top-1 err = 56.200000,	Top-5 err = 41.400000,	train_time = 1.804871
TRAIN Iter 105: loss = 0.005502,	Top-1 err = 49.000000,	Top-5 err = 30.100000,	train_time = 1.795379
TRAIN Iter 106: loss = 0.005342,	Top-1 err = 54.000000,	Top-5 err = 34.800000,	train_time = 1.822752
TRAIN Iter 107: loss = 0.005817,	Top-1 err = 52.400000,	Top-5 err = 34.400000,	train_time = 1.804198
TRAIN Iter 108: loss = 0.005460,	Top-1 err = 48.400000,	Top-5 err = 27.100000,	train_time = 1.792969
TRAIN Iter 109: loss = 0.005328,	Top-1 err = 64.700000,	Top-5 err = 42.800000,	train_time = 1.811066
TRAIN Iter 110: loss = 0.005407,	Top-1 err = 55.600000,	Top-5 err = 37.300000,	train_time = 1.778447
TRAIN Iter 111: loss = 0.005386,	Top-1 err = 48.400000,	Top-5 err = 33.300000,	train_time = 1.802450
TRAIN Iter 112: loss = 0.005134,	Top-1 err = 40.500000,	Top-5 err = 21.100000,	train_time = 1.810306
TRAIN Iter 113: loss = 0.005537,	Top-1 err = 54.200000,	Top-5 err = 34.800000,	train_time = 1.809987
TRAIN Iter 114: loss = 0.005195,	Top-1 err = 38.000000,	Top-5 err = 18.500000,	train_time = 1.810186
TRAIN Iter 115: loss = 0.005152,	Top-1 err = 48.900000,	Top-5 err = 32.000000,	train_time = 1.798894
TRAIN Iter 116: loss = 0.005475,	Top-1 err = 46.400000,	Top-5 err = 33.200000,	train_time = 1.821638
TRAIN Iter 117: loss = 0.005285,	Top-1 err = 30.300000,	Top-5 err = 16.100000,	train_time = 1.805142
TRAIN Iter 118: loss = 0.005133,	Top-1 err = 35.600000,	Top-5 err = 17.700000,	train_time = 1.805182
TRAIN Iter 119: loss = 0.005382,	Top-1 err = 58.000000,	Top-5 err = 37.900000,	train_time = 1.804701
TRAIN Iter 120: loss = 0.005047,	Top-1 err = 54.000000,	Top-5 err = 34.600000,	train_time = 1.803059
TRAIN Iter 121: loss = 0.005092,	Top-1 err = 42.500000,	Top-5 err = 25.200000,	train_time = 1.808564
TRAIN Iter 122: loss = 0.005143,	Top-1 err = 57.800000,	Top-5 err = 40.300000,	train_time = 1.811668
TRAIN Iter 123: loss = 0.005709,	Top-1 err = 40.300000,	Top-5 err = 20.200000,	train_time = 1.807155
TRAIN Iter 124: loss = 0.004881,	Top-1 err = 36.100000,	Top-5 err = 20.200000,	train_time = 1.806458
TRAIN Iter 125: loss = 0.005363,	Top-1 err = 49.300000,	Top-5 err = 35.700000,	train_time = 1.812542
TRAIN Iter 126: loss = 0.004985,	Top-1 err = 49.000000,	Top-5 err = 30.800000,	train_time = 1.822881
TRAIN Iter 127: loss = 0.004977,	Top-1 err = 42.800000,	Top-5 err = 24.800000,	train_time = 1.801867
TRAIN Iter 128: loss = 0.005006,	Top-1 err = 35.500000,	Top-5 err = 17.500000,	train_time = 1.805195
TRAIN Iter 129: loss = 0.005119,	Top-1 err = 69.600000,	Top-5 err = 50.000000,	train_time = 1.823986
TRAIN Iter 130: loss = 0.004754,	Top-1 err = 39.500000,	Top-5 err = 22.100000,	train_time = 1.798563
TRAIN Iter 131: loss = 0.004992,	Top-1 err = 31.700000,	Top-5 err = 15.700000,	train_time = 1.797213
TRAIN Iter 132: loss = 0.005008,	Top-1 err = 41.000000,	Top-5 err = 22.900000,	train_time = 1.798242
TRAIN Iter 133: loss = 0.004859,	Top-1 err = 52.400000,	Top-5 err = 35.400000,	train_time = 1.789977
TRAIN Iter 134: loss = 0.004952,	Top-1 err = 45.500000,	Top-5 err = 29.400000,	train_time = 1.811090
TRAIN Iter 135: loss = 0.004678,	Top-1 err = 44.200000,	Top-5 err = 29.300000,	train_time = 1.820268
TRAIN Iter 136: loss = 0.004862,	Top-1 err = 48.500000,	Top-5 err = 33.000000,	train_time = 1.809465
TRAIN Iter 137: loss = 0.004527,	Top-1 err = 27.600000,	Top-5 err = 13.100000,	train_time = 1.791431
TRAIN Iter 138: loss = 0.004658,	Top-1 err = 32.100000,	Top-5 err = 16.800000,	train_time = 1.779090
TRAIN Iter 139: loss = 0.004732,	Top-1 err = 64.700000,	Top-5 err = 46.300000,	train_time = 1.804063
TRAIN Iter 140: loss = 0.004816,	Top-1 err = 37.400000,	Top-5 err = 20.700000,	train_time = 1.801685
TRAIN Iter 141: loss = 0.004721,	Top-1 err = 49.500000,	Top-5 err = 29.000000,	train_time = 1.807595
TRAIN Iter 142: loss = 0.004922,	Top-1 err = 52.500000,	Top-5 err = 30.700000,	train_time = 1.811957
TRAIN Iter 143: loss = 0.004766,	Top-1 err = 59.100000,	Top-5 err = 41.600000,	train_time = 1.808736
TRAIN Iter 144: loss = 0.004822,	Top-1 err = 54.200000,	Top-5 err = 36.900000,	train_time = 1.801507
TRAIN Iter 145: loss = 0.004595,	Top-1 err = 43.900000,	Top-5 err = 25.600000,	train_time = 1.791778
TRAIN Iter 146: loss = 0.004659,	Top-1 err = 58.600000,	Top-5 err = 38.900000,	train_time = 1.792897
TRAIN Iter 147: loss = 0.004753,	Top-1 err = 68.600000,	Top-5 err = 47.900000,	train_time = 1.794775
TRAIN Iter 148: loss = 0.004619,	Top-1 err = 38.500000,	Top-5 err = 18.900000,	train_time = 1.791034
TRAIN Iter 149: loss = 0.004683,	Top-1 err = 47.100000,	Top-5 err = 26.200000,	train_time = 1.811355
TRAIN Iter 150: loss = 0.004690,	Top-1 err = 26.200000,	Top-5 err = 13.400000,	train_time = 1.807859
TRAIN Iter 151: loss = 0.004911,	Top-1 err = 34.700000,	Top-5 err = 22.000000,	train_time = 1.796602
TRAIN Iter 152: loss = 0.004642,	Top-1 err = 38.500000,	Top-5 err = 22.900000,	train_time = 1.805638
TRAIN Iter 153: loss = 0.004316,	Top-1 err = 38.500000,	Top-5 err = 19.700000,	train_time = 1.796403
TRAIN Iter 154: loss = 0.004539,	Top-1 err = 39.700000,	Top-5 err = 21.900000,	train_time = 1.799224
TRAIN Iter 155: loss = 0.004513,	Top-1 err = 45.000000,	Top-5 err = 23.300000,	train_time = 1.794678
TRAIN Iter 156: loss = 0.004502,	Top-1 err = 47.900000,	Top-5 err = 31.100000,	train_time = 1.806190
TRAIN Iter 157: loss = 0.004396,	Top-1 err = 41.100000,	Top-5 err = 27.600000,	train_time = 1.801157
TRAIN Iter 158: loss = 0.004354,	Top-1 err = 44.600000,	Top-5 err = 26.300000,	train_time = 1.801670
TRAIN Iter 159: loss = 0.004190,	Top-1 err = 18.000000,	Top-5 err = 6.400000,	train_time = 1.789396
TRAIN Iter 160: loss = 0.004730,	Top-1 err = 48.800000,	Top-5 err = 30.700000,	train_time = 1.790843
TRAIN Iter 161: loss = 0.004509,	Top-1 err = 45.000000,	Top-5 err = 26.900000,	train_time = 1.817039
TRAIN Iter 162: loss = 0.004232,	Top-1 err = 35.500000,	Top-5 err = 18.200000,	train_time = 1.802469
TRAIN Iter 163: loss = 0.004460,	Top-1 err = 35.500000,	Top-5 err = 19.200000,	train_time = 1.786953
TRAIN Iter 164: loss = 0.004230,	Top-1 err = 52.500000,	Top-5 err = 39.100000,	train_time = 1.811506
TRAIN Iter 165: loss = 0.004521,	Top-1 err = 46.900000,	Top-5 err = 29.500000,	train_time = 1.819985
TRAIN Iter 166: loss = 0.004297,	Top-1 err = 25.100000,	Top-5 err = 10.900000,	train_time = 1.804254
TRAIN Iter 167: loss = 0.004306,	Top-1 err = 27.200000,	Top-5 err = 13.400000,	train_time = 1.784850
TRAIN Iter 168: loss = 0.004327,	Top-1 err = 33.700000,	Top-5 err = 16.500000,	train_time = 1.782543
TRAIN Iter 169: loss = 0.004430,	Top-1 err = 36.600000,	Top-5 err = 18.300000,	train_time = 1.801951
TRAIN Iter 170: loss = 0.004321,	Top-1 err = 34.300000,	Top-5 err = 19.200000,	train_time = 1.813275
TRAIN Iter 171: loss = 0.004385,	Top-1 err = 43.500000,	Top-5 err = 25.700000,	train_time = 1.807197
TRAIN Iter 172: loss = 0.004174,	Top-1 err = 38.600000,	Top-5 err = 24.200000,	train_time = 1.813328
TRAIN Iter 173: loss = 0.004186,	Top-1 err = 42.300000,	Top-5 err = 27.300000,	train_time = 1.817779
TRAIN Iter 174: loss = 0.004226,	Top-1 err = 37.200000,	Top-5 err = 22.200000,	train_time = 1.795869
TRAIN Iter 175: loss = 0.004136,	Top-1 err = 33.800000,	Top-5 err = 18.200000,	train_time = 1.814980
TRAIN Iter 176: loss = 0.004312,	Top-1 err = 31.800000,	Top-5 err = 17.100000,	train_time = 1.816704
TRAIN Iter 177: loss = 0.004128,	Top-1 err = 47.200000,	Top-5 err = 33.000000,	train_time = 1.780468
TRAIN Iter 178: loss = 0.004505,	Top-1 err = 44.000000,	Top-5 err = 28.500000,	train_time = 1.788171
TRAIN Iter 179: loss = 0.004325,	Top-1 err = 33.800000,	Top-5 err = 20.700000,	train_time = 1.791049
TRAIN Iter 180: loss = 0.004162,	Top-1 err = 44.400000,	Top-5 err = 25.200000,	train_time = 1.809381
TRAIN Iter 181: loss = 0.004310,	Top-1 err = 42.100000,	Top-5 err = 23.800000,	train_time = 1.794932
TRAIN Iter 182: loss = 0.004107,	Top-1 err = 27.000000,	Top-5 err = 14.500000,	train_time = 1.810133
TRAIN Iter 183: loss = 0.004351,	Top-1 err = 55.300000,	Top-5 err = 31.200000,	train_time = 1.801217
TRAIN Iter 184: loss = 0.004210,	Top-1 err = 39.300000,	Top-5 err = 21.200000,	train_time = 1.805077
TRAIN Iter 185: loss = 0.004271,	Top-1 err = 51.500000,	Top-5 err = 33.000000,	train_time = 1.807478
TRAIN Iter 186: loss = 0.004207,	Top-1 err = 25.300000,	Top-5 err = 13.200000,	train_time = 1.800428
TRAIN Iter 187: loss = 0.004217,	Top-1 err = 40.600000,	Top-5 err = 24.500000,	train_time = 1.809953
TRAIN Iter 188: loss = 0.004088,	Top-1 err = 40.100000,	Top-5 err = 19.300000,	train_time = 1.804464
TRAIN Iter 189: loss = 0.004086,	Top-1 err = 53.400000,	Top-5 err = 37.000000,	train_time = 1.808829
TRAIN Iter 190: loss = 0.004112,	Top-1 err = 46.000000,	Top-5 err = 25.600000,	train_time = 1.797037
TRAIN Iter 191: loss = 0.004302,	Top-1 err = 46.000000,	Top-5 err = 30.400000,	train_time = 1.798122
TRAIN Iter 192: loss = 0.004066,	Top-1 err = 34.900000,	Top-5 err = 19.300000,	train_time = 1.809379
TRAIN Iter 193: loss = 0.004129,	Top-1 err = 39.600000,	Top-5 err = 24.100000,	train_time = 1.811688
TRAIN Iter 194: loss = 0.004319,	Top-1 err = 50.700000,	Top-5 err = 34.200000,	train_time = 1.805505
TRAIN Iter 195: loss = 0.003996,	Top-1 err = 46.400000,	Top-5 err = 28.000000,	train_time = 1.810854
TRAIN Iter 196: loss = 0.004252,	Top-1 err = 40.200000,	Top-5 err = 21.500000,	train_time = 1.778731
TRAIN Iter 197: loss = 0.004002,	Top-1 err = 35.000000,	Top-5 err = 19.700000,	train_time = 1.799820
TRAIN Iter 198: loss = 0.004059,	Top-1 err = 52.000000,	Top-5 err = 36.800000,	train_time = 1.796352
TRAIN Iter 199: loss = 0.004035,	Top-1 err = 43.800000,	Top-5 err = 28.100000,	train_time = 1.814021
TRAIN Iter 200: loss = 0.004095,	Top-1 err = 30.100000,	Top-5 err = 17.100000,	train_time = 1.811011
TRAIN Iter 201: loss = 0.004238,	Top-1 err = 43.800000,	Top-5 err = 27.300000,	train_time = 1.791516
TRAIN Iter 202: loss = 0.004017,	Top-1 err = 32.800000,	Top-5 err = 20.300000,	train_time = 1.801433
TRAIN Iter 203: loss = 0.003949,	Top-1 err = 36.500000,	Top-5 err = 17.700000,	train_time = 1.806961
TRAIN Iter 204: loss = 0.004129,	Top-1 err = 43.100000,	Top-5 err = 24.400000,	train_time = 1.797609
TRAIN Iter 205: loss = 0.004171,	Top-1 err = 51.200000,	Top-5 err = 36.300000,	train_time = 1.794390
TRAIN Iter 206: loss = 0.003987,	Top-1 err = 50.800000,	Top-5 err = 32.500000,	train_time = 1.799764
TRAIN Iter 207: loss = 0.004016,	Top-1 err = 38.800000,	Top-5 err = 24.700000,	train_time = 1.804624
TRAIN Iter 208: loss = 0.004113,	Top-1 err = 57.700000,	Top-5 err = 39.400000,	train_time = 1.785426
TRAIN Iter 209: loss = 0.003872,	Top-1 err = 37.600000,	Top-5 err = 22.800000,	train_time = 1.804365
TRAIN Iter 210: loss = 0.003801,	Top-1 err = 45.500000,	Top-5 err = 30.900000,	train_time = 1.799261
TRAIN Iter 211: loss = 0.003909,	Top-1 err = 48.000000,	Top-5 err = 26.800000,	train_time = 1.795753
TRAIN Iter 212: loss = 0.003854,	Top-1 err = 40.200000,	Top-5 err = 26.000000,	train_time = 1.792527
TRAIN Iter 213: loss = 0.004081,	Top-1 err = 48.700000,	Top-5 err = 28.500000,	train_time = 1.791786
TRAIN Iter 214: loss = 0.003810,	Top-1 err = 36.700000,	Top-5 err = 19.200000,	train_time = 1.815926
TRAIN Iter 215: loss = 0.004175,	Top-1 err = 55.700000,	Top-5 err = 36.400000,	train_time = 1.802817
TRAIN Iter 216: loss = 0.003866,	Top-1 err = 38.700000,	Top-5 err = 21.200000,	train_time = 1.792561
TRAIN Iter 217: loss = 0.003939,	Top-1 err = 38.500000,	Top-5 err = 20.600000,	train_time = 1.800097
TRAIN Iter 218: loss = 0.003637,	Top-1 err = 43.900000,	Top-5 err = 31.400000,	train_time = 1.804173
TRAIN Iter 219: loss = 0.003681,	Top-1 err = 36.500000,	Top-5 err = 24.400000,	train_time = 1.803803
TRAIN Iter 220: loss = 0.004143,	Top-1 err = 36.200000,	Top-5 err = 17.400000,	train_time = 1.797505
TRAIN Iter 221: loss = 0.003807,	Top-1 err = 33.500000,	Top-5 err = 16.500000,	train_time = 1.803476
TRAIN Iter 222: loss = 0.003703,	Top-1 err = 29.400000,	Top-5 err = 15.000000,	train_time = 1.795451
TRAIN Iter 223: loss = 0.003583,	Top-1 err = 35.400000,	Top-5 err = 22.900000,	train_time = 1.802569
TRAIN Iter 224: loss = 0.003685,	Top-1 err = 28.100000,	Top-5 err = 13.900000,	train_time = 1.800231
TRAIN Iter 225: loss = 0.003868,	Top-1 err = 32.200000,	Top-5 err = 19.900000,	train_time = 1.783036
TRAIN Iter 226: loss = 0.003781,	Top-1 err = 43.200000,	Top-5 err = 24.500000,	train_time = 1.796119
TRAIN Iter 227: loss = 0.003902,	Top-1 err = 40.200000,	Top-5 err = 27.000000,	train_time = 1.802525
TRAIN Iter 228: loss = 0.003732,	Top-1 err = 47.600000,	Top-5 err = 29.100000,	train_time = 1.793074
TRAIN Iter 229: loss = 0.003684,	Top-1 err = 37.500000,	Top-5 err = 21.400000,	train_time = 1.815044
TRAIN Iter 230: loss = 0.003639,	Top-1 err = 39.200000,	Top-5 err = 22.700000,	train_time = 1.798473
TRAIN Iter 231: loss = 0.003821,	Top-1 err = 55.100000,	Top-5 err = 37.300000,	train_time = 1.801450
TRAIN Iter 232: loss = 0.003547,	Top-1 err = 28.200000,	Top-5 err = 13.800000,	train_time = 1.801790
TRAIN Iter 233: loss = 0.003761,	Top-1 err = 50.500000,	Top-5 err = 32.500000,	train_time = 1.800191
TRAIN Iter 234: loss = 0.003737,	Top-1 err = 46.900000,	Top-5 err = 30.500000,	train_time = 1.801899
TRAIN Iter 235: loss = 0.003712,	Top-1 err = 35.300000,	Top-5 err = 20.400000,	train_time = 1.808299
TRAIN Iter 236: loss = 0.003613,	Top-1 err = 49.700000,	Top-5 err = 35.600000,	train_time = 1.804634
TRAIN Iter 237: loss = 0.003636,	Top-1 err = 38.500000,	Top-5 err = 21.300000,	train_time = 1.820882
TRAIN Iter 238: loss = 0.003721,	Top-1 err = 46.600000,	Top-5 err = 28.800000,	train_time = 1.781629
TRAIN Iter 239: loss = 0.003650,	Top-1 err = 45.400000,	Top-5 err = 31.300000,	train_time = 1.814396
TRAIN Iter 240: loss = 0.003771,	Top-1 err = 45.000000,	Top-5 err = 23.600000,	train_time = 1.804873
TRAIN Iter 241: loss = 0.003951,	Top-1 err = 46.800000,	Top-5 err = 31.400000,	train_time = 1.801254
TRAIN Iter 242: loss = 0.003806,	Top-1 err = 44.400000,	Top-5 err = 27.000000,	train_time = 1.806625
TRAIN Iter 243: loss = 0.003873,	Top-1 err = 54.400000,	Top-5 err = 35.400000,	train_time = 1.797634
TRAIN Iter 244: loss = 0.003626,	Top-1 err = 41.300000,	Top-5 err = 23.800000,	train_time = 1.821335
TRAIN Iter 245: loss = 0.003588,	Top-1 err = 35.200000,	Top-5 err = 18.300000,	train_time = 1.789484
TRAIN Iter 246: loss = 0.003276,	Top-1 err = 23.200000,	Top-5 err = 13.500000,	train_time = 1.802944
TRAIN Iter 247: loss = 0.003521,	Top-1 err = 35.300000,	Top-5 err = 19.400000,	train_time = 1.810191
TRAIN Iter 248: loss = 0.003587,	Top-1 err = 40.500000,	Top-5 err = 21.600000,	train_time = 1.803368
TRAIN Iter 249: loss = 0.003600,	Top-1 err = 38.100000,	Top-5 err = 19.900000,	train_time = 1.802835
TEST:
Iter 249: loss = 2.593037,	Top-1 err = 60.040000,	Top-5 err = 27.580000,	val_time = 3.378078
TRAIN Iter 250: loss = 0.003503,	Top-1 err = 27.500000,	Top-5 err = 11.800000,	train_time = 1.813812
TRAIN Iter 251: loss = 0.003530,	Top-1 err = 39.500000,	Top-5 err = 27.100000,	train_time = 1.814213
TRAIN Iter 252: loss = 0.003644,	Top-1 err = 49.700000,	Top-5 err = 31.400000,	train_time = 1.815139
TRAIN Iter 253: loss = 0.003586,	Top-1 err = 44.100000,	Top-5 err = 24.300000,	train_time = 1.790872
TRAIN Iter 254: loss = 0.003618,	Top-1 err = 28.100000,	Top-5 err = 15.500000,	train_time = 1.803199
TRAIN Iter 255: loss = 0.003334,	Top-1 err = 36.200000,	Top-5 err = 17.600000,	train_time = 1.805241
TRAIN Iter 256: loss = 0.003744,	Top-1 err = 55.100000,	Top-5 err = 36.200000,	train_time = 1.800942
TRAIN Iter 257: loss = 0.003744,	Top-1 err = 47.700000,	Top-5 err = 26.400000,	train_time = 1.813568
TRAIN Iter 258: loss = 0.003526,	Top-1 err = 42.200000,	Top-5 err = 23.900000,	train_time = 1.791122
TRAIN Iter 259: loss = 0.003716,	Top-1 err = 52.100000,	Top-5 err = 31.800000,	train_time = 1.819929
TEST:
Iter 259: loss = 2.503324,	Top-1 err = 57.910000,	Top-5 err = 25.880000,	val_time = 3.354723
TRAIN Iter 260: loss = 0.003591,	Top-1 err = 45.400000,	Top-5 err = 28.100000,	train_time = 1.799583
TRAIN Iter 261: loss = 0.003659,	Top-1 err = 39.300000,	Top-5 err = 21.800000,	train_time = 1.794500
TRAIN Iter 262: loss = 0.003667,	Top-1 err = 50.200000,	Top-5 err = 31.100000,	train_time = 1.796576
TRAIN Iter 263: loss = 0.003409,	Top-1 err = 37.400000,	Top-5 err = 20.600000,	train_time = 1.799461
TRAIN Iter 264: loss = 0.003445,	Top-1 err = 39.900000,	Top-5 err = 23.500000,	train_time = 1.806623
TRAIN Iter 265: loss = 0.003601,	Top-1 err = 32.000000,	Top-5 err = 18.400000,	train_time = 1.799892
TRAIN Iter 266: loss = 0.003272,	Top-1 err = 36.000000,	Top-5 err = 19.000000,	train_time = 1.792785
TRAIN Iter 267: loss = 0.003372,	Top-1 err = 40.400000,	Top-5 err = 25.400000,	train_time = 1.780866
TRAIN Iter 268: loss = 0.003450,	Top-1 err = 46.500000,	Top-5 err = 25.500000,	train_time = 1.809386
TRAIN Iter 269: loss = 0.003730,	Top-1 err = 68.700000,	Top-5 err = 48.800000,	train_time = 1.794565
TEST:
Iter 269: loss = 2.387533,	Top-1 err = 56.960000,	Top-5 err = 25.450000,	val_time = 3.361387
TRAIN Iter 270: loss = 0.003286,	Top-1 err = 39.700000,	Top-5 err = 23.400000,	train_time = 1.783792
TRAIN Iter 271: loss = 0.003700,	Top-1 err = 59.800000,	Top-5 err = 34.400000,	train_time = 1.805645
TRAIN Iter 272: loss = 0.003476,	Top-1 err = 50.300000,	Top-5 err = 33.500000,	train_time = 1.809624
TRAIN Iter 273: loss = 0.003474,	Top-1 err = 31.500000,	Top-5 err = 14.300000,	train_time = 1.813176
TRAIN Iter 274: loss = 0.003708,	Top-1 err = 42.400000,	Top-5 err = 25.600000,	train_time = 1.798748
TRAIN Iter 275: loss = 0.003473,	Top-1 err = 49.300000,	Top-5 err = 32.600000,	train_time = 1.815477
TRAIN Iter 276: loss = 0.003369,	Top-1 err = 30.900000,	Top-5 err = 17.000000,	train_time = 1.809988
TRAIN Iter 277: loss = 0.003248,	Top-1 err = 32.700000,	Top-5 err = 19.900000,	train_time = 1.808116
TRAIN Iter 278: loss = 0.003639,	Top-1 err = 51.800000,	Top-5 err = 32.300000,	train_time = 1.812661
TRAIN Iter 279: loss = 0.003575,	Top-1 err = 60.200000,	Top-5 err = 39.000000,	train_time = 1.788212
TEST:
Iter 279: loss = 2.402487,	Top-1 err = 56.920000,	Top-5 err = 24.840000,	val_time = 3.371136
TRAIN Iter 280: loss = 0.003546,	Top-1 err = 45.400000,	Top-5 err = 28.000000,	train_time = 1.820881
TRAIN Iter 281: loss = 0.003167,	Top-1 err = 28.900000,	Top-5 err = 12.800000,	train_time = 1.794662
TRAIN Iter 282: loss = 0.003515,	Top-1 err = 50.100000,	Top-5 err = 33.800000,	train_time = 1.801418
TRAIN Iter 283: loss = 0.003398,	Top-1 err = 45.600000,	Top-5 err = 27.000000,	train_time = 1.807507
TRAIN Iter 284: loss = 0.003276,	Top-1 err = 35.200000,	Top-5 err = 24.100000,	train_time = 1.811919
TRAIN Iter 285: loss = 0.003133,	Top-1 err = 23.800000,	Top-5 err = 9.500000,	train_time = 1.799154
TRAIN Iter 286: loss = 0.003402,	Top-1 err = 34.300000,	Top-5 err = 16.900000,	train_time = 1.801327
TRAIN Iter 287: loss = 0.003507,	Top-1 err = 61.000000,	Top-5 err = 45.800000,	train_time = 1.798772
TRAIN Iter 288: loss = 0.003289,	Top-1 err = 30.600000,	Top-5 err = 18.400000,	train_time = 1.800395
TRAIN Iter 289: loss = 0.003267,	Top-1 err = 37.600000,	Top-5 err = 23.500000,	train_time = 1.793319
TEST:
Iter 289: loss = 2.392243,	Top-1 err = 56.610000,	Top-5 err = 25.160000,	val_time = 3.364123
TRAIN Iter 290: loss = 0.003550,	Top-1 err = 53.100000,	Top-5 err = 35.300000,	train_time = 1.798830
TRAIN Iter 291: loss = 0.003470,	Top-1 err = 38.300000,	Top-5 err = 20.500000,	train_time = 1.776539
TRAIN Iter 292: loss = 0.003210,	Top-1 err = 35.600000,	Top-5 err = 23.900000,	train_time = 1.807864
TRAIN Iter 293: loss = 0.003270,	Top-1 err = 33.500000,	Top-5 err = 17.200000,	train_time = 1.822057
TRAIN Iter 294: loss = 0.003431,	Top-1 err = 43.400000,	Top-5 err = 27.200000,	train_time = 1.806442
TRAIN Iter 295: loss = 0.003415,	Top-1 err = 46.700000,	Top-5 err = 28.600000,	train_time = 1.802426
TRAIN Iter 296: loss = 0.003322,	Top-1 err = 41.600000,	Top-5 err = 26.700000,	train_time = 1.791587
TRAIN Iter 297: loss = 0.003462,	Top-1 err = 53.800000,	Top-5 err = 34.200000,	train_time = 1.804584
TRAIN Iter 298: loss = 0.003496,	Top-1 err = 57.400000,	Top-5 err = 38.800000,	train_time = 1.801502
TRAIN Iter 299: loss = 0.003118,	Top-1 err = 39.200000,	Top-5 err = 25.300000,	train_time = 1.809789
TEST:
Iter 299: loss = 2.395044,	Top-1 err = 56.880000,	Top-5 err = 25.410000,	val_time = 3.355264
Train Finish! Best accuracy is 43.39@289
