/home/dvspanos/miniconda3/envs/rded/lib/python3.10/site-packages/torch/cuda/__init__.py:611: UserWarning: Can't initialize NVML
  warnings.warn("Can't initialize NVML")
=> using pytorch pre-trained teacher model 'conv3'
process data from /home/dvspanos/nikos/ca2d/artifacts/rded_sets/bench_cifar100_conv_el2nw80_ipc100
load data successfully
TRAIN Iter 0: loss = 0.016799,	Top-1 err = 92.340000,	Top-5 err = 74.140000,	train_time = 3.224380
TRAIN Iter 1: loss = 0.012503,	Top-1 err = 84.490000,	Top-5 err = 59.180000,	train_time = 2.640190
TRAIN Iter 2: loss = 0.010165,	Top-1 err = 78.670000,	Top-5 err = 51.410000,	train_time = 2.566681
TRAIN Iter 3: loss = 0.008936,	Top-1 err = 74.500000,	Top-5 err = 46.530000,	train_time = 2.551713
TRAIN Iter 4: loss = 0.007959,	Top-1 err = 72.460000,	Top-5 err = 45.960000,	train_time = 2.529522
TRAIN Iter 5: loss = 0.007428,	Top-1 err = 69.510000,	Top-5 err = 41.180000,	train_time = 2.394309
TRAIN Iter 6: loss = 0.006872,	Top-1 err = 68.890000,	Top-5 err = 42.760000,	train_time = 2.513569
TRAIN Iter 7: loss = 0.006469,	Top-1 err = 67.250000,	Top-5 err = 40.260000,	train_time = 2.636662
TRAIN Iter 8: loss = 0.006125,	Top-1 err = 66.960000,	Top-5 err = 41.210000,	train_time = 2.504904
TRAIN Iter 9: loss = 0.005931,	Top-1 err = 64.530000,	Top-5 err = 37.920000,	train_time = 2.587980
TRAIN Iter 10: loss = 0.005642,	Top-1 err = 64.100000,	Top-5 err = 37.930000,	train_time = 2.534283
TRAIN Iter 11: loss = 0.005406,	Top-1 err = 64.730000,	Top-5 err = 39.080000,	train_time = 2.534752
TRAIN Iter 12: loss = 0.005350,	Top-1 err = 63.020000,	Top-5 err = 37.180000,	train_time = 2.522026
TRAIN Iter 13: loss = 0.005163,	Top-1 err = 63.550000,	Top-5 err = 37.870000,	train_time = 2.514718
TRAIN Iter 14: loss = 0.005088,	Top-1 err = 61.800000,	Top-5 err = 35.920000,	train_time = 2.536325
TRAIN Iter 15: loss = 0.004929,	Top-1 err = 62.230000,	Top-5 err = 37.130000,	train_time = 2.487313
TRAIN Iter 16: loss = 0.004776,	Top-1 err = 60.820000,	Top-5 err = 34.700000,	train_time = 2.624288
TRAIN Iter 17: loss = 0.004700,	Top-1 err = 63.280000,	Top-5 err = 38.080000,	train_time = 2.539515
TRAIN Iter 18: loss = 0.004639,	Top-1 err = 65.960000,	Top-5 err = 39.510000,	train_time = 2.538784
TRAIN Iter 19: loss = 0.004570,	Top-1 err = 60.660000,	Top-5 err = 35.340000,	train_time = 2.532719
TRAIN Iter 20: loss = 0.004481,	Top-1 err = 61.250000,	Top-5 err = 36.120000,	train_time = 2.570751
TRAIN Iter 21: loss = 0.004408,	Top-1 err = 59.860000,	Top-5 err = 34.070000,	train_time = 2.525235
TRAIN Iter 22: loss = 0.004303,	Top-1 err = 60.770000,	Top-5 err = 35.260000,	train_time = 2.603630
TRAIN Iter 23: loss = 0.004309,	Top-1 err = 61.440000,	Top-5 err = 37.050000,	train_time = 2.503988
TRAIN Iter 24: loss = 0.004172,	Top-1 err = 59.350000,	Top-5 err = 34.700000,	train_time = 2.538607
TRAIN Iter 25: loss = 0.004164,	Top-1 err = 61.540000,	Top-5 err = 36.720000,	train_time = 2.565885
TRAIN Iter 26: loss = 0.004120,	Top-1 err = 61.770000,	Top-5 err = 35.980000,	train_time = 2.698856
TRAIN Iter 27: loss = 0.004053,	Top-1 err = 59.810000,	Top-5 err = 35.000000,	train_time = 2.563760
TRAIN Iter 28: loss = 0.003980,	Top-1 err = 61.340000,	Top-5 err = 36.730000,	train_time = 2.506262
TRAIN Iter 29: loss = 0.003981,	Top-1 err = 61.160000,	Top-5 err = 36.580000,	train_time = 2.517865
TRAIN Iter 30: loss = 0.003915,	Top-1 err = 61.670000,	Top-5 err = 36.180000,	train_time = 2.544571
TRAIN Iter 31: loss = 0.003858,	Top-1 err = 59.640000,	Top-5 err = 36.030000,	train_time = 2.543772
TRAIN Iter 32: loss = 0.003810,	Top-1 err = 59.820000,	Top-5 err = 34.850000,	train_time = 2.436972
TRAIN Iter 33: loss = 0.003795,	Top-1 err = 62.310000,	Top-5 err = 36.980000,	train_time = 2.547949
TRAIN Iter 34: loss = 0.003783,	Top-1 err = 59.690000,	Top-5 err = 35.740000,	train_time = 2.552533
TRAIN Iter 35: loss = 0.003678,	Top-1 err = 60.580000,	Top-5 err = 35.950000,	train_time = 2.514324
TRAIN Iter 36: loss = 0.003636,	Top-1 err = 59.590000,	Top-5 err = 34.590000,	train_time = 2.538204
TRAIN Iter 37: loss = 0.003637,	Top-1 err = 60.120000,	Top-5 err = 35.400000,	train_time = 2.555360
TRAIN Iter 38: loss = 0.003628,	Top-1 err = 60.150000,	Top-5 err = 35.670000,	train_time = 2.508472
TRAIN Iter 39: loss = 0.003503,	Top-1 err = 59.790000,	Top-5 err = 34.770000,	train_time = 2.529564
TRAIN Iter 40: loss = 0.003503,	Top-1 err = 58.950000,	Top-5 err = 34.290000,	train_time = 2.564284
TRAIN Iter 41: loss = 0.003457,	Top-1 err = 61.930000,	Top-5 err = 36.620000,	train_time = 2.564644
TRAIN Iter 42: loss = 0.003458,	Top-1 err = 58.220000,	Top-5 err = 33.870000,	train_time = 2.499052
TRAIN Iter 43: loss = 0.003364,	Top-1 err = 59.770000,	Top-5 err = 35.610000,	train_time = 2.518515
TRAIN Iter 44: loss = 0.003338,	Top-1 err = 62.040000,	Top-5 err = 37.840000,	train_time = 2.604887
TRAIN Iter 45: loss = 0.003374,	Top-1 err = 59.540000,	Top-5 err = 35.830000,	train_time = 2.572194
TRAIN Iter 46: loss = 0.003291,	Top-1 err = 62.470000,	Top-5 err = 38.710000,	train_time = 2.595659
TRAIN Iter 47: loss = 0.003271,	Top-1 err = 60.080000,	Top-5 err = 35.710000,	train_time = 2.485803
TRAIN Iter 48: loss = 0.003262,	Top-1 err = 59.720000,	Top-5 err = 35.990000,	train_time = 2.523696
TRAIN Iter 49: loss = 0.003214,	Top-1 err = 60.320000,	Top-5 err = 35.800000,	train_time = 2.526325
TRAIN Iter 50: loss = 0.003205,	Top-1 err = 58.160000,	Top-5 err = 34.890000,	train_time = 2.495164
TRAIN Iter 51: loss = 0.003155,	Top-1 err = 59.820000,	Top-5 err = 35.450000,	train_time = 2.643700
TRAIN Iter 52: loss = 0.003054,	Top-1 err = 59.760000,	Top-5 err = 36.050000,	train_time = 2.534525
TRAIN Iter 53: loss = 0.003100,	Top-1 err = 58.590000,	Top-5 err = 33.960000,	train_time = 2.546483
TRAIN Iter 54: loss = 0.003007,	Top-1 err = 58.790000,	Top-5 err = 34.640000,	train_time = 2.501649
TRAIN Iter 55: loss = 0.003007,	Top-1 err = 59.050000,	Top-5 err = 34.560000,	train_time = 2.526282
TRAIN Iter 56: loss = 0.003000,	Top-1 err = 59.850000,	Top-5 err = 35.410000,	train_time = 2.560449
TRAIN Iter 57: loss = 0.002985,	Top-1 err = 58.730000,	Top-5 err = 34.750000,	train_time = 2.586781
TRAIN Iter 58: loss = 0.003003,	Top-1 err = 59.440000,	Top-5 err = 36.540000,	train_time = 2.628274
TRAIN Iter 59: loss = 0.002945,	Top-1 err = 59.250000,	Top-5 err = 34.880000,	train_time = 2.602799
TRAIN Iter 60: loss = 0.002947,	Top-1 err = 60.010000,	Top-5 err = 35.770000,	train_time = 2.492938
TRAIN Iter 61: loss = 0.002949,	Top-1 err = 59.410000,	Top-5 err = 35.480000,	train_time = 2.644005
TRAIN Iter 62: loss = 0.002878,	Top-1 err = 56.930000,	Top-5 err = 32.340000,	train_time = 2.433223
TRAIN Iter 63: loss = 0.002794,	Top-1 err = 55.960000,	Top-5 err = 31.960000,	train_time = 2.621276
TRAIN Iter 64: loss = 0.002835,	Top-1 err = 57.450000,	Top-5 err = 34.380000,	train_time = 2.613753
TRAIN Iter 65: loss = 0.002788,	Top-1 err = 56.550000,	Top-5 err = 31.950000,	train_time = 2.603993
TRAIN Iter 66: loss = 0.002762,	Top-1 err = 57.750000,	Top-5 err = 32.920000,	train_time = 2.512094
TRAIN Iter 67: loss = 0.002739,	Top-1 err = 58.400000,	Top-5 err = 34.420000,	train_time = 2.587359
TRAIN Iter 68: loss = 0.002792,	Top-1 err = 58.720000,	Top-5 err = 33.860000,	train_time = 2.612737
TRAIN Iter 69: loss = 0.002694,	Top-1 err = 58.600000,	Top-5 err = 33.630000,	train_time = 2.623595
TRAIN Iter 70: loss = 0.002689,	Top-1 err = 58.430000,	Top-5 err = 34.110000,	train_time = 2.478208
TRAIN Iter 71: loss = 0.002683,	Top-1 err = 57.050000,	Top-5 err = 34.170000,	train_time = 2.523097
TRAIN Iter 72: loss = 0.002671,	Top-1 err = 58.610000,	Top-5 err = 34.830000,	train_time = 2.561451
TRAIN Iter 73: loss = 0.002647,	Top-1 err = 58.030000,	Top-5 err = 33.700000,	train_time = 2.455891
TRAIN Iter 74: loss = 0.002598,	Top-1 err = 59.370000,	Top-5 err = 34.760000,	train_time = 2.623103
TRAIN Iter 75: loss = 0.002610,	Top-1 err = 57.090000,	Top-5 err = 33.730000,	train_time = 2.512904
TRAIN Iter 76: loss = 0.002598,	Top-1 err = 58.510000,	Top-5 err = 34.150000,	train_time = 2.626627
TRAIN Iter 77: loss = 0.002630,	Top-1 err = 58.970000,	Top-5 err = 34.960000,	train_time = 2.568979
TRAIN Iter 78: loss = 0.002587,	Top-1 err = 57.940000,	Top-5 err = 34.700000,	train_time = 2.493249
TRAIN Iter 79: loss = 0.002550,	Top-1 err = 57.490000,	Top-5 err = 33.310000,	train_time = 2.580633
TRAIN Iter 80: loss = 0.002530,	Top-1 err = 56.010000,	Top-5 err = 31.510000,	train_time = 2.342092
TRAIN Iter 81: loss = 0.002512,	Top-1 err = 57.260000,	Top-5 err = 34.180000,	train_time = 2.423786
TRAIN Iter 82: loss = 0.002474,	Top-1 err = 58.010000,	Top-5 err = 33.620000,	train_time = 2.416975
TRAIN Iter 83: loss = 0.002449,	Top-1 err = 57.280000,	Top-5 err = 32.970000,	train_time = 2.524642
TRAIN Iter 84: loss = 0.002458,	Top-1 err = 58.470000,	Top-5 err = 35.290000,	train_time = 2.495306
TRAIN Iter 85: loss = 0.002436,	Top-1 err = 58.560000,	Top-5 err = 35.300000,	train_time = 2.539918
TRAIN Iter 86: loss = 0.002447,	Top-1 err = 55.240000,	Top-5 err = 31.770000,	train_time = 2.585709
TRAIN Iter 87: loss = 0.002441,	Top-1 err = 58.100000,	Top-5 err = 35.270000,	train_time = 2.522251
TRAIN Iter 88: loss = 0.002461,	Top-1 err = 57.090000,	Top-5 err = 33.250000,	train_time = 2.512155
TRAIN Iter 89: loss = 0.002336,	Top-1 err = 58.400000,	Top-5 err = 34.390000,	train_time = 2.411059
TRAIN Iter 90: loss = 0.002347,	Top-1 err = 57.730000,	Top-5 err = 33.920000,	train_time = 2.449501
TRAIN Iter 91: loss = 0.002413,	Top-1 err = 58.930000,	Top-5 err = 34.970000,	train_time = 2.593999
TRAIN Iter 92: loss = 0.002329,	Top-1 err = 58.320000,	Top-5 err = 34.780000,	train_time = 2.479116
TRAIN Iter 93: loss = 0.002341,	Top-1 err = 59.120000,	Top-5 err = 35.870000,	train_time = 2.596288
TRAIN Iter 94: loss = 0.002355,	Top-1 err = 58.040000,	Top-5 err = 34.790000,	train_time = 2.502111
TRAIN Iter 95: loss = 0.002285,	Top-1 err = 57.450000,	Top-5 err = 33.330000,	train_time = 2.583848
TRAIN Iter 96: loss = 0.002306,	Top-1 err = 56.100000,	Top-5 err = 32.230000,	train_time = 2.520818
TRAIN Iter 97: loss = 0.002282,	Top-1 err = 59.520000,	Top-5 err = 36.550000,	train_time = 2.487491
TRAIN Iter 98: loss = 0.002248,	Top-1 err = 56.720000,	Top-5 err = 33.020000,	train_time = 2.655148
TRAIN Iter 99: loss = 0.002235,	Top-1 err = 59.780000,	Top-5 err = 35.540000,	train_time = 2.511080
TRAIN Iter 100: loss = 0.002258,	Top-1 err = 57.590000,	Top-5 err = 33.630000,	train_time = 2.542209
TRAIN Iter 101: loss = 0.002236,	Top-1 err = 57.670000,	Top-5 err = 34.520000,	train_time = 2.615969
TRAIN Iter 102: loss = 0.002218,	Top-1 err = 55.440000,	Top-5 err = 31.930000,	train_time = 2.621959
TRAIN Iter 103: loss = 0.002213,	Top-1 err = 57.310000,	Top-5 err = 34.160000,	train_time = 2.513768
TRAIN Iter 104: loss = 0.002146,	Top-1 err = 55.120000,	Top-5 err = 31.060000,	train_time = 2.503436
TRAIN Iter 105: loss = 0.002164,	Top-1 err = 60.580000,	Top-5 err = 36.280000,	train_time = 2.505352
TRAIN Iter 106: loss = 0.002170,	Top-1 err = 57.120000,	Top-5 err = 33.210000,	train_time = 2.475396
TRAIN Iter 107: loss = 0.002134,	Top-1 err = 55.280000,	Top-5 err = 31.570000,	train_time = 2.460044
TRAIN Iter 108: loss = 0.002201,	Top-1 err = 56.560000,	Top-5 err = 33.210000,	train_time = 2.542471
TRAIN Iter 109: loss = 0.002136,	Top-1 err = 55.290000,	Top-5 err = 31.770000,	train_time = 2.521945
TRAIN Iter 110: loss = 0.002142,	Top-1 err = 56.880000,	Top-5 err = 33.000000,	train_time = 2.580451
TRAIN Iter 111: loss = 0.002118,	Top-1 err = 57.430000,	Top-5 err = 33.680000,	train_time = 2.487974
TRAIN Iter 112: loss = 0.002128,	Top-1 err = 55.030000,	Top-5 err = 31.280000,	train_time = 2.551232
TRAIN Iter 113: loss = 0.002101,	Top-1 err = 56.270000,	Top-5 err = 31.730000,	train_time = 2.488727
TRAIN Iter 114: loss = 0.002069,	Top-1 err = 57.230000,	Top-5 err = 34.040000,	train_time = 2.576460
TRAIN Iter 115: loss = 0.002133,	Top-1 err = 58.920000,	Top-5 err = 35.970000,	train_time = 2.522640
TRAIN Iter 116: loss = 0.002116,	Top-1 err = 58.600000,	Top-5 err = 35.290000,	train_time = 2.576120
TRAIN Iter 117: loss = 0.002050,	Top-1 err = 57.330000,	Top-5 err = 33.030000,	train_time = 2.690957
TRAIN Iter 118: loss = 0.002058,	Top-1 err = 57.630000,	Top-5 err = 33.150000,	train_time = 2.511283
TRAIN Iter 119: loss = 0.002045,	Top-1 err = 58.960000,	Top-5 err = 34.930000,	train_time = 2.550906
TRAIN Iter 120: loss = 0.002049,	Top-1 err = 58.190000,	Top-5 err = 34.220000,	train_time = 2.561956
TRAIN Iter 121: loss = 0.001992,	Top-1 err = 56.840000,	Top-5 err = 34.070000,	train_time = 2.605731
TRAIN Iter 122: loss = 0.002033,	Top-1 err = 55.910000,	Top-5 err = 32.660000,	train_time = 2.422794
TRAIN Iter 123: loss = 0.001982,	Top-1 err = 58.030000,	Top-5 err = 35.000000,	train_time = 2.470072
TRAIN Iter 124: loss = 0.002004,	Top-1 err = 58.720000,	Top-5 err = 35.140000,	train_time = 2.540171
TRAIN Iter 125: loss = 0.002013,	Top-1 err = 57.210000,	Top-5 err = 33.630000,	train_time = 2.592070
TRAIN Iter 126: loss = 0.002023,	Top-1 err = 58.080000,	Top-5 err = 34.270000,	train_time = 2.559444
TRAIN Iter 127: loss = 0.001987,	Top-1 err = 58.390000,	Top-5 err = 35.040000,	train_time = 2.544882
TRAIN Iter 128: loss = 0.001985,	Top-1 err = 57.960000,	Top-5 err = 34.550000,	train_time = 2.575066
TRAIN Iter 129: loss = 0.001946,	Top-1 err = 56.090000,	Top-5 err = 33.060000,	train_time = 2.454626
TRAIN Iter 130: loss = 0.001993,	Top-1 err = 56.440000,	Top-5 err = 33.610000,	train_time = 2.434546
TRAIN Iter 131: loss = 0.001926,	Top-1 err = 57.310000,	Top-5 err = 34.190000,	train_time = 2.496358
TRAIN Iter 132: loss = 0.001968,	Top-1 err = 57.140000,	Top-5 err = 32.980000,	train_time = 2.552874
TRAIN Iter 133: loss = 0.002001,	Top-1 err = 57.840000,	Top-5 err = 35.370000,	train_time = 2.537514
TRAIN Iter 134: loss = 0.001935,	Top-1 err = 56.350000,	Top-5 err = 32.480000,	train_time = 2.600907
TRAIN Iter 135: loss = 0.001909,	Top-1 err = 54.430000,	Top-5 err = 31.240000,	train_time = 2.602369
TRAIN Iter 136: loss = 0.001919,	Top-1 err = 58.070000,	Top-5 err = 35.200000,	train_time = 2.473781
TRAIN Iter 137: loss = 0.001919,	Top-1 err = 56.280000,	Top-5 err = 32.410000,	train_time = 2.550433
TRAIN Iter 138: loss = 0.001962,	Top-1 err = 58.770000,	Top-5 err = 36.160000,	train_time = 2.530679
TRAIN Iter 139: loss = 0.001898,	Top-1 err = 58.150000,	Top-5 err = 35.150000,	train_time = 2.517523
TRAIN Iter 140: loss = 0.001884,	Top-1 err = 57.590000,	Top-5 err = 32.980000,	train_time = 2.437998
TRAIN Iter 141: loss = 0.001924,	Top-1 err = 56.050000,	Top-5 err = 33.770000,	train_time = 2.535952
TRAIN Iter 142: loss = 0.001889,	Top-1 err = 58.360000,	Top-5 err = 35.040000,	train_time = 2.552751
TRAIN Iter 143: loss = 0.001826,	Top-1 err = 57.650000,	Top-5 err = 33.650000,	train_time = 2.555212
TRAIN Iter 144: loss = 0.001895,	Top-1 err = 58.390000,	Top-5 err = 34.750000,	train_time = 2.511000
TRAIN Iter 145: loss = 0.001847,	Top-1 err = 55.890000,	Top-5 err = 32.020000,	train_time = 2.547688
TRAIN Iter 146: loss = 0.001853,	Top-1 err = 57.140000,	Top-5 err = 33.660000,	train_time = 2.372017
TRAIN Iter 147: loss = 0.001883,	Top-1 err = 58.490000,	Top-5 err = 36.170000,	train_time = 2.497452
TRAIN Iter 148: loss = 0.001872,	Top-1 err = 52.170000,	Top-5 err = 28.870000,	train_time = 2.601919
TRAIN Iter 149: loss = 0.001789,	Top-1 err = 54.630000,	Top-5 err = 31.020000,	train_time = 2.311783
TRAIN Iter 150: loss = 0.001795,	Top-1 err = 55.510000,	Top-5 err = 31.190000,	train_time = 2.530252
TRAIN Iter 151: loss = 0.001839,	Top-1 err = 55.780000,	Top-5 err = 31.490000,	train_time = 2.464939
TRAIN Iter 152: loss = 0.001850,	Top-1 err = 57.280000,	Top-5 err = 34.560000,	train_time = 2.357963
TRAIN Iter 153: loss = 0.001846,	Top-1 err = 58.940000,	Top-5 err = 35.480000,	train_time = 2.454764
TRAIN Iter 154: loss = 0.001793,	Top-1 err = 58.790000,	Top-5 err = 34.800000,	train_time = 2.514392
TRAIN Iter 155: loss = 0.001828,	Top-1 err = 58.210000,	Top-5 err = 35.030000,	train_time = 2.687798
TRAIN Iter 156: loss = 0.001807,	Top-1 err = 56.450000,	Top-5 err = 33.120000,	train_time = 2.594637
TRAIN Iter 157: loss = 0.001781,	Top-1 err = 57.200000,	Top-5 err = 33.310000,	train_time = 2.499563
TRAIN Iter 158: loss = 0.001814,	Top-1 err = 56.510000,	Top-5 err = 33.190000,	train_time = 2.528530
TRAIN Iter 159: loss = 0.001802,	Top-1 err = 57.600000,	Top-5 err = 33.990000,	train_time = 2.546499
TRAIN Iter 160: loss = 0.001780,	Top-1 err = 58.780000,	Top-5 err = 35.020000,	train_time = 2.532981
TRAIN Iter 161: loss = 0.001815,	Top-1 err = 57.400000,	Top-5 err = 34.550000,	train_time = 2.527896
TRAIN Iter 162: loss = 0.001767,	Top-1 err = 59.070000,	Top-5 err = 35.600000,	train_time = 2.483643
TRAIN Iter 163: loss = 0.001738,	Top-1 err = 57.150000,	Top-5 err = 32.910000,	train_time = 2.511036
TRAIN Iter 164: loss = 0.001766,	Top-1 err = 58.710000,	Top-5 err = 34.890000,	train_time = 2.570117
TRAIN Iter 165: loss = 0.001749,	Top-1 err = 58.300000,	Top-5 err = 35.280000,	train_time = 2.532380
TRAIN Iter 166: loss = 0.001781,	Top-1 err = 57.840000,	Top-5 err = 34.590000,	train_time = 2.430266
TRAIN Iter 167: loss = 0.001748,	Top-1 err = 58.130000,	Top-5 err = 34.110000,	train_time = 2.622532
TRAIN Iter 168: loss = 0.001708,	Top-1 err = 57.200000,	Top-5 err = 33.310000,	train_time = 2.349002
TRAIN Iter 169: loss = 0.001714,	Top-1 err = 54.170000,	Top-5 err = 32.020000,	train_time = 2.560976
TRAIN Iter 170: loss = 0.001762,	Top-1 err = 56.070000,	Top-5 err = 32.720000,	train_time = 2.552761
TRAIN Iter 171: loss = 0.001726,	Top-1 err = 57.470000,	Top-5 err = 34.000000,	train_time = 2.525120
TRAIN Iter 172: loss = 0.001709,	Top-1 err = 58.150000,	Top-5 err = 34.030000,	train_time = 2.582587
TRAIN Iter 173: loss = 0.001729,	Top-1 err = 55.220000,	Top-5 err = 31.890000,	train_time = 2.454601
TRAIN Iter 174: loss = 0.001734,	Top-1 err = 56.990000,	Top-5 err = 33.760000,	train_time = 2.604272
TRAIN Iter 175: loss = 0.001692,	Top-1 err = 55.280000,	Top-5 err = 32.310000,	train_time = 2.487906
TRAIN Iter 176: loss = 0.001697,	Top-1 err = 57.220000,	Top-5 err = 34.030000,	train_time = 2.551729
TRAIN Iter 177: loss = 0.001700,	Top-1 err = 58.440000,	Top-5 err = 34.020000,	train_time = 2.634800
TRAIN Iter 178: loss = 0.001660,	Top-1 err = 55.700000,	Top-5 err = 32.860000,	train_time = 2.620654
TRAIN Iter 179: loss = 0.001704,	Top-1 err = 56.580000,	Top-5 err = 32.400000,	train_time = 2.493468
TRAIN Iter 180: loss = 0.001667,	Top-1 err = 55.820000,	Top-5 err = 32.220000,	train_time = 2.432837
TRAIN Iter 181: loss = 0.001674,	Top-1 err = 56.400000,	Top-5 err = 33.250000,	train_time = 2.611973
TRAIN Iter 182: loss = 0.001679,	Top-1 err = 55.770000,	Top-5 err = 32.940000,	train_time = 2.580355
TRAIN Iter 183: loss = 0.001626,	Top-1 err = 56.900000,	Top-5 err = 33.060000,	train_time = 2.577252
TRAIN Iter 184: loss = 0.001668,	Top-1 err = 57.520000,	Top-5 err = 34.360000,	train_time = 2.495792
TRAIN Iter 185: loss = 0.001654,	Top-1 err = 56.360000,	Top-5 err = 32.550000,	train_time = 2.544213
TRAIN Iter 186: loss = 0.001638,	Top-1 err = 57.820000,	Top-5 err = 33.930000,	train_time = 2.474660
TRAIN Iter 187: loss = 0.001675,	Top-1 err = 56.970000,	Top-5 err = 33.200000,	train_time = 2.595785
TRAIN Iter 188: loss = 0.001629,	Top-1 err = 55.870000,	Top-5 err = 32.270000,	train_time = 2.537789
TRAIN Iter 189: loss = 0.001615,	Top-1 err = 56.850000,	Top-5 err = 33.560000,	train_time = 2.492128
TRAIN Iter 190: loss = 0.001609,	Top-1 err = 58.660000,	Top-5 err = 35.700000,	train_time = 2.460141
TRAIN Iter 191: loss = 0.001637,	Top-1 err = 56.440000,	Top-5 err = 32.540000,	train_time = 2.529705
TRAIN Iter 192: loss = 0.001603,	Top-1 err = 55.870000,	Top-5 err = 32.590000,	train_time = 2.577762
TRAIN Iter 193: loss = 0.001591,	Top-1 err = 57.490000,	Top-5 err = 34.100000,	train_time = 2.536974
TRAIN Iter 194: loss = 0.001598,	Top-1 err = 56.990000,	Top-5 err = 33.520000,	train_time = 2.531736
TRAIN Iter 195: loss = 0.001608,	Top-1 err = 58.820000,	Top-5 err = 35.430000,	train_time = 2.612742
TRAIN Iter 196: loss = 0.001610,	Top-1 err = 55.040000,	Top-5 err = 31.480000,	train_time = 2.430222
TRAIN Iter 197: loss = 0.001623,	Top-1 err = 59.100000,	Top-5 err = 35.680000,	train_time = 2.507874
TRAIN Iter 198: loss = 0.001619,	Top-1 err = 58.360000,	Top-5 err = 34.980000,	train_time = 2.572509
TRAIN Iter 199: loss = 0.001600,	Top-1 err = 56.230000,	Top-5 err = 32.360000,	train_time = 2.589734
TRAIN Iter 200: loss = 0.001618,	Top-1 err = 55.960000,	Top-5 err = 32.740000,	train_time = 2.706559
TRAIN Iter 201: loss = 0.001604,	Top-1 err = 58.220000,	Top-5 err = 35.300000,	train_time = 2.446102
TRAIN Iter 202: loss = 0.001579,	Top-1 err = 54.680000,	Top-5 err = 31.050000,	train_time = 2.548504
TRAIN Iter 203: loss = 0.001586,	Top-1 err = 56.200000,	Top-5 err = 33.650000,	train_time = 2.498605
TRAIN Iter 204: loss = 0.001577,	Top-1 err = 55.280000,	Top-5 err = 31.650000,	train_time = 2.544988
TRAIN Iter 205: loss = 0.001563,	Top-1 err = 54.400000,	Top-5 err = 30.530000,	train_time = 2.548007
TRAIN Iter 206: loss = 0.001586,	Top-1 err = 57.270000,	Top-5 err = 33.090000,	train_time = 2.509974
TRAIN Iter 207: loss = 0.001616,	Top-1 err = 57.400000,	Top-5 err = 33.990000,	train_time = 2.491101
TRAIN Iter 208: loss = 0.001600,	Top-1 err = 55.140000,	Top-5 err = 32.460000,	train_time = 2.485329
TRAIN Iter 209: loss = 0.001595,	Top-1 err = 57.860000,	Top-5 err = 33.520000,	train_time = 2.593597
TRAIN Iter 210: loss = 0.001559,	Top-1 err = 56.100000,	Top-5 err = 33.870000,	train_time = 2.583217
TRAIN Iter 211: loss = 0.001557,	Top-1 err = 55.560000,	Top-5 err = 31.950000,	train_time = 2.712351
TRAIN Iter 212: loss = 0.001537,	Top-1 err = 55.790000,	Top-5 err = 32.000000,	train_time = 2.530085
TRAIN Iter 213: loss = 0.001577,	Top-1 err = 55.930000,	Top-5 err = 33.960000,	train_time = 2.407355
TRAIN Iter 214: loss = 0.001544,	Top-1 err = 56.070000,	Top-5 err = 32.710000,	train_time = 2.496366
TRAIN Iter 215: loss = 0.001569,	Top-1 err = 56.850000,	Top-5 err = 33.380000,	train_time = 2.499917
TRAIN Iter 216: loss = 0.001533,	Top-1 err = 55.480000,	Top-5 err = 32.010000,	train_time = 2.466906
TRAIN Iter 217: loss = 0.001523,	Top-1 err = 56.320000,	Top-5 err = 33.020000,	train_time = 2.555158
TRAIN Iter 218: loss = 0.001560,	Top-1 err = 57.530000,	Top-5 err = 34.090000,	train_time = 2.489991
TRAIN Iter 219: loss = 0.001546,	Top-1 err = 55.100000,	Top-5 err = 31.190000,	train_time = 2.587228
TRAIN Iter 220: loss = 0.001555,	Top-1 err = 58.540000,	Top-5 err = 35.030000,	train_time = 2.594810
TRAIN Iter 221: loss = 0.001521,	Top-1 err = 55.750000,	Top-5 err = 32.110000,	train_time = 2.631464
TRAIN Iter 222: loss = 0.001525,	Top-1 err = 56.440000,	Top-5 err = 33.410000,	train_time = 2.436426
TRAIN Iter 223: loss = 0.001537,	Top-1 err = 57.320000,	Top-5 err = 34.450000,	train_time = 2.622645
TRAIN Iter 224: loss = 0.001525,	Top-1 err = 57.860000,	Top-5 err = 34.130000,	train_time = 2.452506
TRAIN Iter 225: loss = 0.001530,	Top-1 err = 57.250000,	Top-5 err = 33.210000,	train_time = 2.433762
TRAIN Iter 226: loss = 0.001523,	Top-1 err = 57.580000,	Top-5 err = 33.870000,	train_time = 2.452422
TRAIN Iter 227: loss = 0.001523,	Top-1 err = 54.540000,	Top-5 err = 31.480000,	train_time = 2.592582
TRAIN Iter 228: loss = 0.001478,	Top-1 err = 55.270000,	Top-5 err = 31.920000,	train_time = 2.446770
TRAIN Iter 229: loss = 0.001498,	Top-1 err = 54.170000,	Top-5 err = 31.390000,	train_time = 2.559630
TRAIN Iter 230: loss = 0.001489,	Top-1 err = 59.850000,	Top-5 err = 37.050000,	train_time = 2.490008
TRAIN Iter 231: loss = 0.001520,	Top-1 err = 57.300000,	Top-5 err = 34.010000,	train_time = 2.490717
TRAIN Iter 232: loss = 0.001483,	Top-1 err = 57.220000,	Top-5 err = 33.740000,	train_time = 2.607022
TRAIN Iter 233: loss = 0.001441,	Top-1 err = 56.370000,	Top-5 err = 31.920000,	train_time = 2.586638
TRAIN Iter 234: loss = 0.001466,	Top-1 err = 55.700000,	Top-5 err = 32.110000,	train_time = 2.528029
TRAIN Iter 235: loss = 0.001478,	Top-1 err = 55.020000,	Top-5 err = 31.340000,	train_time = 2.635736
TRAIN Iter 236: loss = 0.001477,	Top-1 err = 55.720000,	Top-5 err = 32.800000,	train_time = 2.613043
TRAIN Iter 237: loss = 0.001496,	Top-1 err = 54.050000,	Top-5 err = 31.180000,	train_time = 2.576722
TRAIN Iter 238: loss = 0.001486,	Top-1 err = 56.740000,	Top-5 err = 32.550000,	train_time = 2.566450
TRAIN Iter 239: loss = 0.001475,	Top-1 err = 55.950000,	Top-5 err = 32.960000,	train_time = 2.513149
TRAIN Iter 240: loss = 0.001451,	Top-1 err = 54.580000,	Top-5 err = 31.670000,	train_time = 2.606633
TRAIN Iter 241: loss = 0.001492,	Top-1 err = 57.520000,	Top-5 err = 34.580000,	train_time = 2.482395
TRAIN Iter 242: loss = 0.001492,	Top-1 err = 55.560000,	Top-5 err = 32.520000,	train_time = 2.513073
TRAIN Iter 243: loss = 0.001432,	Top-1 err = 54.430000,	Top-5 err = 31.230000,	train_time = 2.497218
TRAIN Iter 244: loss = 0.001470,	Top-1 err = 55.400000,	Top-5 err = 32.560000,	train_time = 2.440345
TRAIN Iter 245: loss = 0.001480,	Top-1 err = 58.530000,	Top-5 err = 35.130000,	train_time = 2.624135
TRAIN Iter 246: loss = 0.001439,	Top-1 err = 54.930000,	Top-5 err = 31.130000,	train_time = 2.584424
TRAIN Iter 247: loss = 0.001469,	Top-1 err = 55.110000,	Top-5 err = 31.240000,	train_time = 2.546480
TRAIN Iter 248: loss = 0.001436,	Top-1 err = 55.630000,	Top-5 err = 33.240000,	train_time = 2.517212
TRAIN Iter 249: loss = 0.001440,	Top-1 err = 56.200000,	Top-5 err = 33.430000,	train_time = 2.455040
TEST:
Iter 249: loss = 1.681402,	Top-1 err = 42.320000,	Top-5 err = 16.160000,	val_time = 0.835637
TRAIN Iter 250: loss = 0.001453,	Top-1 err = 57.100000,	Top-5 err = 34.180000,	train_time = 2.410022
TRAIN Iter 251: loss = 0.001504,	Top-1 err = 54.930000,	Top-5 err = 31.720000,	train_time = 2.579250
TRAIN Iter 252: loss = 0.001463,	Top-1 err = 56.380000,	Top-5 err = 33.020000,	train_time = 2.619743
TRAIN Iter 253: loss = 0.001446,	Top-1 err = 57.990000,	Top-5 err = 34.380000,	train_time = 2.443440
TRAIN Iter 254: loss = 0.001425,	Top-1 err = 55.360000,	Top-5 err = 31.940000,	train_time = 2.644071
TRAIN Iter 255: loss = 0.001414,	Top-1 err = 56.260000,	Top-5 err = 32.920000,	train_time = 2.566185
TRAIN Iter 256: loss = 0.001447,	Top-1 err = 57.840000,	Top-5 err = 34.250000,	train_time = 2.527051
TRAIN Iter 257: loss = 0.001404,	Top-1 err = 56.550000,	Top-5 err = 33.820000,	train_time = 2.629548
TRAIN Iter 258: loss = 0.001417,	Top-1 err = 55.240000,	Top-5 err = 32.440000,	train_time = 2.461453
TRAIN Iter 259: loss = 0.001410,	Top-1 err = 53.440000,	Top-5 err = 30.070000,	train_time = 2.408015
TEST:
Iter 259: loss = 1.659458,	Top-1 err = 41.480000,	Top-5 err = 15.520000,	val_time = 0.767525
TRAIN Iter 260: loss = 0.001443,	Top-1 err = 57.170000,	Top-5 err = 34.120000,	train_time = 2.572150
TRAIN Iter 261: loss = 0.001425,	Top-1 err = 57.180000,	Top-5 err = 33.680000,	train_time = 2.464714
TRAIN Iter 262: loss = 0.001419,	Top-1 err = 57.880000,	Top-5 err = 34.770000,	train_time = 2.519420
TRAIN Iter 263: loss = 0.001400,	Top-1 err = 56.860000,	Top-5 err = 33.580000,	train_time = 2.554029
TRAIN Iter 264: loss = 0.001412,	Top-1 err = 56.250000,	Top-5 err = 33.380000,	train_time = 2.590945
TRAIN Iter 265: loss = 0.001424,	Top-1 err = 56.450000,	Top-5 err = 33.370000,	train_time = 2.586588
TRAIN Iter 266: loss = 0.001417,	Top-1 err = 57.440000,	Top-5 err = 33.960000,	train_time = 2.441213
TRAIN Iter 267: loss = 0.001380,	Top-1 err = 55.590000,	Top-5 err = 32.900000,	train_time = 2.648113
TRAIN Iter 268: loss = 0.001412,	Top-1 err = 56.910000,	Top-5 err = 33.930000,	train_time = 2.564127
TRAIN Iter 269: loss = 0.001419,	Top-1 err = 56.940000,	Top-5 err = 33.430000,	train_time = 2.666994
TEST:
Iter 269: loss = 1.687123,	Top-1 err = 42.170000,	Top-5 err = 15.800000,	val_time = 0.803784
TRAIN Iter 270: loss = 0.001363,	Top-1 err = 55.050000,	Top-5 err = 31.750000,	train_time = 2.568425
TRAIN Iter 271: loss = 0.001372,	Top-1 err = 58.400000,	Top-5 err = 35.790000,	train_time = 2.524789
TRAIN Iter 272: loss = 0.001396,	Top-1 err = 57.500000,	Top-5 err = 34.350000,	train_time = 2.504732
TRAIN Iter 273: loss = 0.001378,	Top-1 err = 55.910000,	Top-5 err = 32.910000,	train_time = 2.448145
TRAIN Iter 274: loss = 0.001385,	Top-1 err = 57.440000,	Top-5 err = 34.560000,	train_time = 2.530061
TRAIN Iter 275: loss = 0.001412,	Top-1 err = 53.040000,	Top-5 err = 30.990000,	train_time = 2.541212
TRAIN Iter 276: loss = 0.001396,	Top-1 err = 53.980000,	Top-5 err = 32.070000,	train_time = 2.566520
TRAIN Iter 277: loss = 0.001362,	Top-1 err = 56.730000,	Top-5 err = 32.750000,	train_time = 2.519624
TRAIN Iter 278: loss = 0.001395,	Top-1 err = 55.000000,	Top-5 err = 32.680000,	train_time = 2.645886
TRAIN Iter 279: loss = 0.001377,	Top-1 err = 56.880000,	Top-5 err = 33.660000,	train_time = 2.476490
TEST:
Iter 279: loss = 1.640057,	Top-1 err = 41.460000,	Top-5 err = 15.540000,	val_time = 0.812521
TRAIN Iter 280: loss = 0.001373,	Top-1 err = 56.230000,	Top-5 err = 33.400000,	train_time = 2.457635
TRAIN Iter 281: loss = 0.001354,	Top-1 err = 55.120000,	Top-5 err = 32.050000,	train_time = 2.455477
TRAIN Iter 282: loss = 0.001334,	Top-1 err = 54.340000,	Top-5 err = 31.230000,	train_time = 2.477666
TRAIN Iter 283: loss = 0.001361,	Top-1 err = 56.690000,	Top-5 err = 33.950000,	train_time = 2.597853
TRAIN Iter 284: loss = 0.001350,	Top-1 err = 56.660000,	Top-5 err = 33.590000,	train_time = 2.649061
TRAIN Iter 285: loss = 0.001385,	Top-1 err = 55.030000,	Top-5 err = 31.770000,	train_time = 2.528330
TRAIN Iter 286: loss = 0.001343,	Top-1 err = 56.820000,	Top-5 err = 33.850000,	train_time = 2.562032
TRAIN Iter 287: loss = 0.001370,	Top-1 err = 57.470000,	Top-5 err = 34.100000,	train_time = 2.454020
TRAIN Iter 288: loss = 0.001359,	Top-1 err = 56.090000,	Top-5 err = 32.990000,	train_time = 2.503518
TRAIN Iter 289: loss = 0.001343,	Top-1 err = 57.810000,	Top-5 err = 34.280000,	train_time = 2.632954
TEST:
Iter 289: loss = 1.649086,	Top-1 err = 41.390000,	Top-5 err = 15.880000,	val_time = 0.730359
TRAIN Iter 290: loss = 0.001349,	Top-1 err = 55.360000,	Top-5 err = 33.210000,	train_time = 2.562115
TRAIN Iter 291: loss = 0.001338,	Top-1 err = 55.310000,	Top-5 err = 31.730000,	train_time = 2.586033
TRAIN Iter 292: loss = 0.001352,	Top-1 err = 56.320000,	Top-5 err = 33.330000,	train_time = 2.473183
TRAIN Iter 293: loss = 0.001338,	Top-1 err = 56.430000,	Top-5 err = 32.850000,	train_time = 2.500109
TRAIN Iter 294: loss = 0.001361,	Top-1 err = 55.550000,	Top-5 err = 33.280000,	train_time = 2.568615
TRAIN Iter 295: loss = 0.001306,	Top-1 err = 57.740000,	Top-5 err = 34.900000,	train_time = 2.423684
TRAIN Iter 296: loss = 0.001328,	Top-1 err = 55.440000,	Top-5 err = 32.000000,	train_time = 2.565341
TRAIN Iter 297: loss = 0.001317,	Top-1 err = 55.940000,	Top-5 err = 32.970000,	train_time = 2.473121
TRAIN Iter 298: loss = 0.001338,	Top-1 err = 54.680000,	Top-5 err = 32.030000,	train_time = 2.534559
TRAIN Iter 299: loss = 0.001327,	Top-1 err = 54.880000,	Top-5 err = 31.910000,	train_time = 2.537799
TEST:
Iter 299: loss = 1.644287,	Top-1 err = 41.630000,	Top-5 err = 15.580000,	val_time = 0.820688
Train Finish! Best accuracy is 58.61@289
