/home/dvspanos/miniconda3/envs/rded/lib/python3.10/site-packages/torchvision/models/_utils.py:208: UserWarning: The parameter 'pretrained' is deprecated since 0.13 and may be removed in the future, please use 'weights' instead.
  warnings.warn(
/home/dvspanos/miniconda3/envs/rded/lib/python3.10/site-packages/torchvision/models/_utils.py:223: UserWarning: Arguments other than a weight enum or `None` for 'weights' are deprecated since 0.13 and may be removed in the future. The current behavior is equivalent to passing `weights=None`.
  warnings.warn(msg)
=> using pytorch pre-trained teacher model 'resnet18_modified'
process data from /home/dvspanos/nikos/ca2d/artifacts/rded_sets/bench_cifar100_rn18_el2nw20_ipc10
load data successfully
TRAIN Iter 0: loss = 0.014828,	Top-1 err = 98.200000,	Top-5 err = 92.800000,	train_time = 3.842263
TRAIN Iter 1: loss = 0.012832,	Top-1 err = 98.300000,	Top-5 err = 91.200000,	train_time = 1.822852
TRAIN Iter 2: loss = 0.012070,	Top-1 err = 97.200000,	Top-5 err = 87.900000,	train_time = 1.810189
TRAIN Iter 3: loss = 0.012462,	Top-1 err = 97.400000,	Top-5 err = 87.200000,	train_time = 1.808989
TRAIN Iter 4: loss = 0.013021,	Top-1 err = 97.100000,	Top-5 err = 84.400000,	train_time = 1.787858
TRAIN Iter 5: loss = 0.013479,	Top-1 err = 96.100000,	Top-5 err = 80.800000,	train_time = 1.812840
TRAIN Iter 6: loss = 0.010830,	Top-1 err = 96.600000,	Top-5 err = 83.700000,	train_time = 1.812586
TRAIN Iter 7: loss = 0.012078,	Top-1 err = 95.600000,	Top-5 err = 83.200000,	train_time = 1.818288
TRAIN Iter 8: loss = 0.010994,	Top-1 err = 94.900000,	Top-5 err = 79.800000,	train_time = 1.800704
TRAIN Iter 9: loss = 0.011710,	Top-1 err = 95.000000,	Top-5 err = 80.900000,	train_time = 1.812913
TRAIN Iter 10: loss = 0.011433,	Top-1 err = 95.600000,	Top-5 err = 77.900000,	train_time = 1.813293
TRAIN Iter 11: loss = 0.009974,	Top-1 err = 95.500000,	Top-5 err = 82.800000,	train_time = 1.796609
TRAIN Iter 12: loss = 0.011374,	Top-1 err = 93.300000,	Top-5 err = 76.500000,	train_time = 1.789784
TRAIN Iter 13: loss = 0.010218,	Top-1 err = 93.700000,	Top-5 err = 75.500000,	train_time = 1.809342
TRAIN Iter 14: loss = 0.010007,	Top-1 err = 94.400000,	Top-5 err = 77.100000,	train_time = 1.818775
TRAIN Iter 15: loss = 0.010862,	Top-1 err = 92.500000,	Top-5 err = 73.800000,	train_time = 1.802057
TRAIN Iter 16: loss = 0.010484,	Top-1 err = 92.300000,	Top-5 err = 74.700000,	train_time = 1.800794
TRAIN Iter 17: loss = 0.010142,	Top-1 err = 92.100000,	Top-5 err = 74.700000,	train_time = 1.823789
TRAIN Iter 18: loss = 0.011046,	Top-1 err = 93.100000,	Top-5 err = 73.100000,	train_time = 1.812076
TRAIN Iter 19: loss = 0.009987,	Top-1 err = 91.100000,	Top-5 err = 69.900000,	train_time = 1.816658
TRAIN Iter 20: loss = 0.009906,	Top-1 err = 91.500000,	Top-5 err = 69.700000,	train_time = 1.790266
TRAIN Iter 21: loss = 0.008888,	Top-1 err = 92.400000,	Top-5 err = 77.300000,	train_time = 1.819830
TRAIN Iter 22: loss = 0.009834,	Top-1 err = 87.900000,	Top-5 err = 67.500000,	train_time = 1.810214
TRAIN Iter 23: loss = 0.010025,	Top-1 err = 89.600000,	Top-5 err = 64.500000,	train_time = 1.817855
TRAIN Iter 24: loss = 0.009864,	Top-1 err = 89.200000,	Top-5 err = 63.500000,	train_time = 1.811741
TRAIN Iter 25: loss = 0.008966,	Top-1 err = 89.500000,	Top-5 err = 68.000000,	train_time = 1.806925
TRAIN Iter 26: loss = 0.008666,	Top-1 err = 91.200000,	Top-5 err = 70.900000,	train_time = 1.801407
TRAIN Iter 27: loss = 0.008351,	Top-1 err = 92.700000,	Top-5 err = 75.900000,	train_time = 1.796552
TRAIN Iter 28: loss = 0.008666,	Top-1 err = 87.700000,	Top-5 err = 64.600000,	train_time = 1.798220
TRAIN Iter 29: loss = 0.008550,	Top-1 err = 91.000000,	Top-5 err = 68.800000,	train_time = 1.810540
TRAIN Iter 30: loss = 0.008723,	Top-1 err = 90.800000,	Top-5 err = 71.500000,	train_time = 1.793990
TRAIN Iter 31: loss = 0.008227,	Top-1 err = 88.900000,	Top-5 err = 65.400000,	train_time = 1.809548
TRAIN Iter 32: loss = 0.008003,	Top-1 err = 86.300000,	Top-5 err = 59.300000,	train_time = 1.814238
TRAIN Iter 33: loss = 0.008366,	Top-1 err = 87.600000,	Top-5 err = 62.900000,	train_time = 1.801195
TRAIN Iter 34: loss = 0.008457,	Top-1 err = 87.400000,	Top-5 err = 67.300000,	train_time = 1.804251
TRAIN Iter 35: loss = 0.007900,	Top-1 err = 90.300000,	Top-5 err = 68.700000,	train_time = 1.802505
TRAIN Iter 36: loss = 0.008064,	Top-1 err = 85.000000,	Top-5 err = 57.800000,	train_time = 1.816135
TRAIN Iter 37: loss = 0.008513,	Top-1 err = 84.900000,	Top-5 err = 61.600000,	train_time = 1.816745
TRAIN Iter 38: loss = 0.007880,	Top-1 err = 86.700000,	Top-5 err = 61.900000,	train_time = 1.813530
TRAIN Iter 39: loss = 0.007497,	Top-1 err = 86.900000,	Top-5 err = 61.400000,	train_time = 1.815875
TRAIN Iter 40: loss = 0.007582,	Top-1 err = 88.700000,	Top-5 err = 66.300000,	train_time = 1.799241
TRAIN Iter 41: loss = 0.007708,	Top-1 err = 86.300000,	Top-5 err = 59.500000,	train_time = 1.815086
TRAIN Iter 42: loss = 0.007609,	Top-1 err = 79.800000,	Top-5 err = 47.700000,	train_time = 1.799407
TRAIN Iter 43: loss = 0.007552,	Top-1 err = 80.600000,	Top-5 err = 50.900000,	train_time = 1.805189
TRAIN Iter 44: loss = 0.007606,	Top-1 err = 84.700000,	Top-5 err = 62.600000,	train_time = 1.823208
TRAIN Iter 45: loss = 0.007232,	Top-1 err = 85.700000,	Top-5 err = 62.300000,	train_time = 1.851062
TRAIN Iter 46: loss = 0.007477,	Top-1 err = 80.200000,	Top-5 err = 55.700000,	train_time = 1.813853
TRAIN Iter 47: loss = 0.007261,	Top-1 err = 83.800000,	Top-5 err = 55.600000,	train_time = 1.807617
TRAIN Iter 48: loss = 0.007077,	Top-1 err = 77.200000,	Top-5 err = 46.100000,	train_time = 1.810395
TRAIN Iter 49: loss = 0.007014,	Top-1 err = 76.000000,	Top-5 err = 38.400000,	train_time = 1.816908
TRAIN Iter 50: loss = 0.007239,	Top-1 err = 78.600000,	Top-5 err = 51.900000,	train_time = 1.793793
TRAIN Iter 51: loss = 0.007225,	Top-1 err = 77.700000,	Top-5 err = 48.200000,	train_time = 1.804921
TRAIN Iter 52: loss = 0.007128,	Top-1 err = 81.500000,	Top-5 err = 57.800000,	train_time = 1.815336
TRAIN Iter 53: loss = 0.007118,	Top-1 err = 76.100000,	Top-5 err = 45.700000,	train_time = 1.816586
TRAIN Iter 54: loss = 0.007092,	Top-1 err = 78.700000,	Top-5 err = 52.900000,	train_time = 1.818679
TRAIN Iter 55: loss = 0.006986,	Top-1 err = 76.500000,	Top-5 err = 47.400000,	train_time = 1.818848
TRAIN Iter 56: loss = 0.006799,	Top-1 err = 78.800000,	Top-5 err = 52.900000,	train_time = 1.814319
TRAIN Iter 57: loss = 0.006574,	Top-1 err = 84.300000,	Top-5 err = 56.700000,	train_time = 1.806693
TRAIN Iter 58: loss = 0.006751,	Top-1 err = 80.400000,	Top-5 err = 50.700000,	train_time = 1.807297
TRAIN Iter 59: loss = 0.007050,	Top-1 err = 75.700000,	Top-5 err = 48.100000,	train_time = 1.810099
TRAIN Iter 60: loss = 0.006449,	Top-1 err = 72.000000,	Top-5 err = 38.700000,	train_time = 1.823844
TRAIN Iter 61: loss = 0.006276,	Top-1 err = 74.300000,	Top-5 err = 46.400000,	train_time = 1.809938
TRAIN Iter 62: loss = 0.006599,	Top-1 err = 74.000000,	Top-5 err = 43.700000,	train_time = 1.803076
TRAIN Iter 63: loss = 0.006292,	Top-1 err = 62.900000,	Top-5 err = 28.100000,	train_time = 1.814751
TRAIN Iter 64: loss = 0.006305,	Top-1 err = 76.700000,	Top-5 err = 50.300000,	train_time = 1.802947
TRAIN Iter 65: loss = 0.006342,	Top-1 err = 74.900000,	Top-5 err = 44.200000,	train_time = 1.800025
TRAIN Iter 66: loss = 0.006607,	Top-1 err = 78.800000,	Top-5 err = 51.900000,	train_time = 1.809013
TRAIN Iter 67: loss = 0.006333,	Top-1 err = 63.700000,	Top-5 err = 29.400000,	train_time = 1.803538
TRAIN Iter 68: loss = 0.006355,	Top-1 err = 77.400000,	Top-5 err = 53.200000,	train_time = 1.808349
TRAIN Iter 69: loss = 0.006251,	Top-1 err = 73.900000,	Top-5 err = 48.300000,	train_time = 1.814832
TRAIN Iter 70: loss = 0.006043,	Top-1 err = 68.500000,	Top-5 err = 34.800000,	train_time = 1.779409
TRAIN Iter 71: loss = 0.006315,	Top-1 err = 74.000000,	Top-5 err = 43.100000,	train_time = 1.822587
TRAIN Iter 72: loss = 0.005932,	Top-1 err = 80.600000,	Top-5 err = 55.100000,	train_time = 1.821653
TRAIN Iter 73: loss = 0.005937,	Top-1 err = 69.300000,	Top-5 err = 37.300000,	train_time = 1.803539
TRAIN Iter 74: loss = 0.006027,	Top-1 err = 78.000000,	Top-5 err = 53.000000,	train_time = 1.818053
TRAIN Iter 75: loss = 0.006177,	Top-1 err = 66.700000,	Top-5 err = 33.200000,	train_time = 1.813470
TRAIN Iter 76: loss = 0.006118,	Top-1 err = 72.500000,	Top-5 err = 44.200000,	train_time = 1.829934
TRAIN Iter 77: loss = 0.005915,	Top-1 err = 73.800000,	Top-5 err = 45.000000,	train_time = 1.811940
TRAIN Iter 78: loss = 0.005891,	Top-1 err = 68.900000,	Top-5 err = 40.700000,	train_time = 1.788136
TRAIN Iter 79: loss = 0.005990,	Top-1 err = 76.800000,	Top-5 err = 54.700000,	train_time = 1.827747
TRAIN Iter 80: loss = 0.005956,	Top-1 err = 72.700000,	Top-5 err = 41.100000,	train_time = 1.801156
TRAIN Iter 81: loss = 0.005696,	Top-1 err = 70.900000,	Top-5 err = 39.600000,	train_time = 1.814971
TRAIN Iter 82: loss = 0.005729,	Top-1 err = 76.900000,	Top-5 err = 51.600000,	train_time = 1.801138
TRAIN Iter 83: loss = 0.005840,	Top-1 err = 66.900000,	Top-5 err = 33.900000,	train_time = 1.816858
TRAIN Iter 84: loss = 0.005802,	Top-1 err = 75.100000,	Top-5 err = 49.600000,	train_time = 1.814868
TRAIN Iter 85: loss = 0.005665,	Top-1 err = 75.600000,	Top-5 err = 47.300000,	train_time = 1.819249
TRAIN Iter 86: loss = 0.005644,	Top-1 err = 68.500000,	Top-5 err = 40.000000,	train_time = 1.811085
TRAIN Iter 87: loss = 0.005658,	Top-1 err = 61.000000,	Top-5 err = 26.700000,	train_time = 1.809683
TRAIN Iter 88: loss = 0.005368,	Top-1 err = 78.400000,	Top-5 err = 55.000000,	train_time = 1.823145
TRAIN Iter 89: loss = 0.005551,	Top-1 err = 70.700000,	Top-5 err = 41.200000,	train_time = 1.813601
TRAIN Iter 90: loss = 0.005637,	Top-1 err = 77.800000,	Top-5 err = 53.100000,	train_time = 1.813725
TRAIN Iter 91: loss = 0.005434,	Top-1 err = 68.800000,	Top-5 err = 41.800000,	train_time = 1.811124
TRAIN Iter 92: loss = 0.005255,	Top-1 err = 68.600000,	Top-5 err = 40.100000,	train_time = 1.798939
TRAIN Iter 93: loss = 0.005468,	Top-1 err = 61.400000,	Top-5 err = 29.500000,	train_time = 1.814943
TRAIN Iter 94: loss = 0.005430,	Top-1 err = 71.700000,	Top-5 err = 42.400000,	train_time = 1.794724
TRAIN Iter 95: loss = 0.005407,	Top-1 err = 46.600000,	Top-5 err = 18.100000,	train_time = 1.824306
TRAIN Iter 96: loss = 0.005199,	Top-1 err = 65.800000,	Top-5 err = 39.300000,	train_time = 1.822533
TRAIN Iter 97: loss = 0.005566,	Top-1 err = 78.500000,	Top-5 err = 55.400000,	train_time = 1.806939
TRAIN Iter 98: loss = 0.005422,	Top-1 err = 72.700000,	Top-5 err = 49.900000,	train_time = 1.813662
TRAIN Iter 99: loss = 0.005054,	Top-1 err = 69.300000,	Top-5 err = 44.500000,	train_time = 1.812679
TRAIN Iter 100: loss = 0.005310,	Top-1 err = 63.300000,	Top-5 err = 38.100000,	train_time = 1.816327
TRAIN Iter 101: loss = 0.005455,	Top-1 err = 72.100000,	Top-5 err = 47.400000,	train_time = 1.809886
TRAIN Iter 102: loss = 0.005099,	Top-1 err = 58.000000,	Top-5 err = 28.400000,	train_time = 1.803753
TRAIN Iter 103: loss = 0.005095,	Top-1 err = 65.900000,	Top-5 err = 39.700000,	train_time = 1.820721
TRAIN Iter 104: loss = 0.005049,	Top-1 err = 52.500000,	Top-5 err = 23.000000,	train_time = 1.814583
TRAIN Iter 105: loss = 0.005318,	Top-1 err = 72.300000,	Top-5 err = 45.400000,	train_time = 1.816495
TRAIN Iter 106: loss = 0.005201,	Top-1 err = 72.800000,	Top-5 err = 46.400000,	train_time = 1.800772
TRAIN Iter 107: loss = 0.005046,	Top-1 err = 58.800000,	Top-5 err = 29.500000,	train_time = 1.794548
TRAIN Iter 108: loss = 0.005057,	Top-1 err = 65.800000,	Top-5 err = 42.500000,	train_time = 1.840914
TRAIN Iter 109: loss = 0.005170,	Top-1 err = 77.800000,	Top-5 err = 55.000000,	train_time = 1.822366
TRAIN Iter 110: loss = 0.005090,	Top-1 err = 52.400000,	Top-5 err = 23.800000,	train_time = 1.820532
TRAIN Iter 111: loss = 0.005056,	Top-1 err = 54.000000,	Top-5 err = 25.100000,	train_time = 1.822626
TRAIN Iter 112: loss = 0.004996,	Top-1 err = 62.500000,	Top-5 err = 34.500000,	train_time = 1.816734
TRAIN Iter 113: loss = 0.004969,	Top-1 err = 69.300000,	Top-5 err = 45.800000,	train_time = 1.828052
TRAIN Iter 114: loss = 0.004951,	Top-1 err = 65.900000,	Top-5 err = 39.100000,	train_time = 1.826039
TRAIN Iter 115: loss = 0.004894,	Top-1 err = 63.400000,	Top-5 err = 35.600000,	train_time = 1.804991
TRAIN Iter 116: loss = 0.004697,	Top-1 err = 56.700000,	Top-5 err = 33.600000,	train_time = 1.799717
TRAIN Iter 117: loss = 0.004672,	Top-1 err = 45.300000,	Top-5 err = 17.800000,	train_time = 1.816506
TRAIN Iter 118: loss = 0.005015,	Top-1 err = 63.100000,	Top-5 err = 35.300000,	train_time = 1.829441
TRAIN Iter 119: loss = 0.004806,	Top-1 err = 50.200000,	Top-5 err = 22.200000,	train_time = 1.808289
TRAIN Iter 120: loss = 0.005084,	Top-1 err = 68.100000,	Top-5 err = 44.200000,	train_time = 1.813792
TRAIN Iter 121: loss = 0.004771,	Top-1 err = 59.500000,	Top-5 err = 31.500000,	train_time = 1.806666
TRAIN Iter 122: loss = 0.004758,	Top-1 err = 55.400000,	Top-5 err = 30.600000,	train_time = 1.817587
TRAIN Iter 123: loss = 0.005084,	Top-1 err = 75.300000,	Top-5 err = 47.500000,	train_time = 1.810858
TRAIN Iter 124: loss = 0.004682,	Top-1 err = 53.200000,	Top-5 err = 28.800000,	train_time = 1.822532
TRAIN Iter 125: loss = 0.004779,	Top-1 err = 60.500000,	Top-5 err = 37.900000,	train_time = 1.811910
TRAIN Iter 126: loss = 0.004723,	Top-1 err = 64.100000,	Top-5 err = 38.700000,	train_time = 1.793705
TRAIN Iter 127: loss = 0.004562,	Top-1 err = 46.500000,	Top-5 err = 18.500000,	train_time = 1.821281
TRAIN Iter 128: loss = 0.004909,	Top-1 err = 66.900000,	Top-5 err = 44.500000,	train_time = 1.792735
TRAIN Iter 129: loss = 0.004762,	Top-1 err = 72.900000,	Top-5 err = 49.800000,	train_time = 1.807096
TRAIN Iter 130: loss = 0.004785,	Top-1 err = 65.000000,	Top-5 err = 39.900000,	train_time = 1.813957
TRAIN Iter 131: loss = 0.004499,	Top-1 err = 52.800000,	Top-5 err = 26.300000,	train_time = 1.792598
TRAIN Iter 132: loss = 0.004833,	Top-1 err = 64.300000,	Top-5 err = 39.300000,	train_time = 1.819154
TRAIN Iter 133: loss = 0.004494,	Top-1 err = 50.100000,	Top-5 err = 24.400000,	train_time = 1.813716
TRAIN Iter 134: loss = 0.004595,	Top-1 err = 59.500000,	Top-5 err = 37.600000,	train_time = 1.797486
TRAIN Iter 135: loss = 0.004382,	Top-1 err = 42.400000,	Top-5 err = 17.200000,	train_time = 1.804223
TRAIN Iter 136: loss = 0.004704,	Top-1 err = 55.900000,	Top-5 err = 25.900000,	train_time = 1.808238
TRAIN Iter 137: loss = 0.004533,	Top-1 err = 67.200000,	Top-5 err = 43.600000,	train_time = 1.822586
TRAIN Iter 138: loss = 0.004552,	Top-1 err = 57.300000,	Top-5 err = 36.100000,	train_time = 1.805287
TRAIN Iter 139: loss = 0.004564,	Top-1 err = 62.900000,	Top-5 err = 41.300000,	train_time = 1.811679
TRAIN Iter 140: loss = 0.004544,	Top-1 err = 60.100000,	Top-5 err = 30.200000,	train_time = 1.791892
TRAIN Iter 141: loss = 0.004458,	Top-1 err = 51.600000,	Top-5 err = 28.600000,	train_time = 1.809644
TRAIN Iter 142: loss = 0.004328,	Top-1 err = 51.700000,	Top-5 err = 28.500000,	train_time = 1.836124
TRAIN Iter 143: loss = 0.004526,	Top-1 err = 65.400000,	Top-5 err = 43.700000,	train_time = 1.822570
TRAIN Iter 144: loss = 0.004328,	Top-1 err = 49.200000,	Top-5 err = 22.400000,	train_time = 1.812490
TRAIN Iter 145: loss = 0.004422,	Top-1 err = 60.500000,	Top-5 err = 34.300000,	train_time = 1.798498
TRAIN Iter 146: loss = 0.004081,	Top-1 err = 47.600000,	Top-5 err = 22.200000,	train_time = 1.836615
TRAIN Iter 147: loss = 0.004431,	Top-1 err = 60.400000,	Top-5 err = 32.400000,	train_time = 1.808459
TRAIN Iter 148: loss = 0.004375,	Top-1 err = 66.000000,	Top-5 err = 43.100000,	train_time = 1.805408
TRAIN Iter 149: loss = 0.004548,	Top-1 err = 58.800000,	Top-5 err = 34.000000,	train_time = 1.812605
TRAIN Iter 150: loss = 0.004288,	Top-1 err = 55.400000,	Top-5 err = 33.700000,	train_time = 1.805494
TRAIN Iter 151: loss = 0.004358,	Top-1 err = 58.700000,	Top-5 err = 33.500000,	train_time = 1.826023
TRAIN Iter 152: loss = 0.004329,	Top-1 err = 58.500000,	Top-5 err = 31.800000,	train_time = 1.790415
TRAIN Iter 153: loss = 0.004292,	Top-1 err = 55.700000,	Top-5 err = 30.700000,	train_time = 1.813527
TRAIN Iter 154: loss = 0.004322,	Top-1 err = 60.800000,	Top-5 err = 40.100000,	train_time = 1.820892
TRAIN Iter 155: loss = 0.004377,	Top-1 err = 46.600000,	Top-5 err = 21.700000,	train_time = 1.803397
TRAIN Iter 156: loss = 0.004244,	Top-1 err = 59.900000,	Top-5 err = 35.900000,	train_time = 1.829477
TRAIN Iter 157: loss = 0.004265,	Top-1 err = 58.800000,	Top-5 err = 33.100000,	train_time = 1.821171
TRAIN Iter 158: loss = 0.004091,	Top-1 err = 48.300000,	Top-5 err = 24.000000,	train_time = 1.803897
TRAIN Iter 159: loss = 0.004078,	Top-1 err = 41.000000,	Top-5 err = 16.700000,	train_time = 1.804105
TRAIN Iter 160: loss = 0.004156,	Top-1 err = 58.400000,	Top-5 err = 34.300000,	train_time = 1.817549
TRAIN Iter 161: loss = 0.004474,	Top-1 err = 69.500000,	Top-5 err = 47.200000,	train_time = 1.819662
TRAIN Iter 162: loss = 0.004141,	Top-1 err = 52.700000,	Top-5 err = 32.200000,	train_time = 1.797440
TRAIN Iter 163: loss = 0.004120,	Top-1 err = 51.400000,	Top-5 err = 25.600000,	train_time = 1.820425
TRAIN Iter 164: loss = 0.003987,	Top-1 err = 54.600000,	Top-5 err = 36.000000,	train_time = 1.805032
TRAIN Iter 165: loss = 0.003950,	Top-1 err = 43.100000,	Top-5 err = 20.900000,	train_time = 1.811911
TRAIN Iter 166: loss = 0.003952,	Top-1 err = 45.200000,	Top-5 err = 22.700000,	train_time = 1.810300
TRAIN Iter 167: loss = 0.004206,	Top-1 err = 54.100000,	Top-5 err = 28.700000,	train_time = 1.799589
TRAIN Iter 168: loss = 0.004002,	Top-1 err = 38.200000,	Top-5 err = 18.600000,	train_time = 1.803723
TRAIN Iter 169: loss = 0.004143,	Top-1 err = 62.600000,	Top-5 err = 39.100000,	train_time = 1.807454
TRAIN Iter 170: loss = 0.004210,	Top-1 err = 66.500000,	Top-5 err = 42.000000,	train_time = 1.797324
TRAIN Iter 171: loss = 0.004339,	Top-1 err = 70.800000,	Top-5 err = 46.700000,	train_time = 1.819303
TRAIN Iter 172: loss = 0.003981,	Top-1 err = 62.800000,	Top-5 err = 44.200000,	train_time = 1.812348
TRAIN Iter 173: loss = 0.004140,	Top-1 err = 67.000000,	Top-5 err = 44.400000,	train_time = 1.805141
TRAIN Iter 174: loss = 0.004219,	Top-1 err = 58.600000,	Top-5 err = 35.500000,	train_time = 1.818187
TRAIN Iter 175: loss = 0.004017,	Top-1 err = 57.300000,	Top-5 err = 33.800000,	train_time = 1.822328
TRAIN Iter 176: loss = 0.004062,	Top-1 err = 58.700000,	Top-5 err = 30.900000,	train_time = 1.795810
TRAIN Iter 177: loss = 0.004258,	Top-1 err = 61.800000,	Top-5 err = 35.500000,	train_time = 1.807989
TRAIN Iter 178: loss = 0.004089,	Top-1 err = 53.600000,	Top-5 err = 29.000000,	train_time = 1.805147
TRAIN Iter 179: loss = 0.004171,	Top-1 err = 62.100000,	Top-5 err = 39.400000,	train_time = 1.808207
TRAIN Iter 180: loss = 0.003804,	Top-1 err = 46.400000,	Top-5 err = 21.800000,	train_time = 1.793230
TRAIN Iter 181: loss = 0.004019,	Top-1 err = 68.900000,	Top-5 err = 47.400000,	train_time = 1.804827
TRAIN Iter 182: loss = 0.004000,	Top-1 err = 56.100000,	Top-5 err = 33.600000,	train_time = 1.802568
TRAIN Iter 183: loss = 0.004046,	Top-1 err = 47.500000,	Top-5 err = 24.800000,	train_time = 1.794150
TRAIN Iter 184: loss = 0.003868,	Top-1 err = 57.900000,	Top-5 err = 36.600000,	train_time = 1.794473
TRAIN Iter 185: loss = 0.004110,	Top-1 err = 59.200000,	Top-5 err = 37.300000,	train_time = 1.811573
TRAIN Iter 186: loss = 0.004185,	Top-1 err = 68.700000,	Top-5 err = 46.800000,	train_time = 1.820190
TRAIN Iter 187: loss = 0.003871,	Top-1 err = 44.500000,	Top-5 err = 20.100000,	train_time = 1.796461
TRAIN Iter 188: loss = 0.003968,	Top-1 err = 57.700000,	Top-5 err = 33.000000,	train_time = 1.824314
TRAIN Iter 189: loss = 0.003842,	Top-1 err = 50.700000,	Top-5 err = 26.800000,	train_time = 1.823713
TRAIN Iter 190: loss = 0.003876,	Top-1 err = 59.900000,	Top-5 err = 35.600000,	train_time = 1.820319
TRAIN Iter 191: loss = 0.003995,	Top-1 err = 57.100000,	Top-5 err = 38.100000,	train_time = 1.805894
TRAIN Iter 192: loss = 0.004027,	Top-1 err = 65.200000,	Top-5 err = 48.900000,	train_time = 1.813111
TRAIN Iter 193: loss = 0.003746,	Top-1 err = 47.400000,	Top-5 err = 23.700000,	train_time = 1.834862
TRAIN Iter 194: loss = 0.003813,	Top-1 err = 49.000000,	Top-5 err = 29.400000,	train_time = 1.815800
TRAIN Iter 195: loss = 0.004210,	Top-1 err = 83.500000,	Top-5 err = 63.800000,	train_time = 1.813962
TRAIN Iter 196: loss = 0.003636,	Top-1 err = 55.100000,	Top-5 err = 35.500000,	train_time = 1.800422
TRAIN Iter 197: loss = 0.004043,	Top-1 err = 69.300000,	Top-5 err = 44.900000,	train_time = 1.804177
TRAIN Iter 198: loss = 0.003993,	Top-1 err = 64.400000,	Top-5 err = 41.100000,	train_time = 1.835797
TRAIN Iter 199: loss = 0.004005,	Top-1 err = 63.200000,	Top-5 err = 35.900000,	train_time = 1.814830
TRAIN Iter 200: loss = 0.003719,	Top-1 err = 70.900000,	Top-5 err = 50.300000,	train_time = 1.812573
TRAIN Iter 201: loss = 0.003733,	Top-1 err = 46.700000,	Top-5 err = 25.300000,	train_time = 1.789098
TRAIN Iter 202: loss = 0.003844,	Top-1 err = 50.100000,	Top-5 err = 27.500000,	train_time = 1.812737
TRAIN Iter 203: loss = 0.003786,	Top-1 err = 47.700000,	Top-5 err = 25.200000,	train_time = 1.796273
TRAIN Iter 204: loss = 0.003747,	Top-1 err = 50.000000,	Top-5 err = 26.500000,	train_time = 1.818940
TRAIN Iter 205: loss = 0.003781,	Top-1 err = 62.900000,	Top-5 err = 41.200000,	train_time = 1.822704
TRAIN Iter 206: loss = 0.003505,	Top-1 err = 35.100000,	Top-5 err = 14.200000,	train_time = 1.825507
TRAIN Iter 207: loss = 0.004176,	Top-1 err = 70.500000,	Top-5 err = 48.200000,	train_time = 1.848364
TRAIN Iter 208: loss = 0.003961,	Top-1 err = 68.800000,	Top-5 err = 46.100000,	train_time = 1.809674
TRAIN Iter 209: loss = 0.003713,	Top-1 err = 61.800000,	Top-5 err = 48.500000,	train_time = 1.805848
TRAIN Iter 210: loss = 0.003826,	Top-1 err = 54.700000,	Top-5 err = 31.800000,	train_time = 1.803115
TRAIN Iter 211: loss = 0.003577,	Top-1 err = 52.900000,	Top-5 err = 29.200000,	train_time = 1.796282
TRAIN Iter 212: loss = 0.003701,	Top-1 err = 47.400000,	Top-5 err = 22.300000,	train_time = 1.818321
TRAIN Iter 213: loss = 0.003788,	Top-1 err = 60.100000,	Top-5 err = 41.800000,	train_time = 1.818990
TRAIN Iter 214: loss = 0.003713,	Top-1 err = 47.100000,	Top-5 err = 22.300000,	train_time = 1.798162
TRAIN Iter 215: loss = 0.003476,	Top-1 err = 50.200000,	Top-5 err = 31.000000,	train_time = 1.805249
TRAIN Iter 216: loss = 0.003687,	Top-1 err = 56.700000,	Top-5 err = 35.600000,	train_time = 1.799147
TRAIN Iter 217: loss = 0.003853,	Top-1 err = 52.500000,	Top-5 err = 30.000000,	train_time = 1.802517
TRAIN Iter 218: loss = 0.003421,	Top-1 err = 45.500000,	Top-5 err = 30.000000,	train_time = 1.813559
TRAIN Iter 219: loss = 0.003572,	Top-1 err = 42.600000,	Top-5 err = 21.100000,	train_time = 1.801933
TRAIN Iter 220: loss = 0.003636,	Top-1 err = 45.600000,	Top-5 err = 21.000000,	train_time = 1.816256
TRAIN Iter 221: loss = 0.003530,	Top-1 err = 40.800000,	Top-5 err = 20.900000,	train_time = 1.825621
TRAIN Iter 222: loss = 0.003538,	Top-1 err = 44.800000,	Top-5 err = 21.300000,	train_time = 1.794269
TRAIN Iter 223: loss = 0.003603,	Top-1 err = 48.200000,	Top-5 err = 23.800000,	train_time = 1.803623
TRAIN Iter 224: loss = 0.003926,	Top-1 err = 74.400000,	Top-5 err = 52.300000,	train_time = 1.791323
TRAIN Iter 225: loss = 0.003511,	Top-1 err = 38.800000,	Top-5 err = 19.600000,	train_time = 1.803079
TRAIN Iter 226: loss = 0.003888,	Top-1 err = 60.500000,	Top-5 err = 39.000000,	train_time = 1.811038
TRAIN Iter 227: loss = 0.003617,	Top-1 err = 50.900000,	Top-5 err = 28.000000,	train_time = 1.812286
TRAIN Iter 228: loss = 0.003814,	Top-1 err = 58.600000,	Top-5 err = 36.400000,	train_time = 1.806637
TRAIN Iter 229: loss = 0.003490,	Top-1 err = 47.200000,	Top-5 err = 27.400000,	train_time = 1.823005
TRAIN Iter 230: loss = 0.003459,	Top-1 err = 39.300000,	Top-5 err = 15.300000,	train_time = 1.802687
TRAIN Iter 231: loss = 0.003299,	Top-1 err = 42.300000,	Top-5 err = 22.200000,	train_time = 1.809858
TRAIN Iter 232: loss = 0.003634,	Top-1 err = 62.000000,	Top-5 err = 44.000000,	train_time = 1.809872
TRAIN Iter 233: loss = 0.003456,	Top-1 err = 65.100000,	Top-5 err = 45.800000,	train_time = 1.821595
TRAIN Iter 234: loss = 0.003019,	Top-1 err = 26.800000,	Top-5 err = 12.300000,	train_time = 1.817989
TRAIN Iter 235: loss = 0.003622,	Top-1 err = 53.300000,	Top-5 err = 33.000000,	train_time = 1.818449
TRAIN Iter 236: loss = 0.003570,	Top-1 err = 55.300000,	Top-5 err = 37.200000,	train_time = 1.798830
TRAIN Iter 237: loss = 0.003314,	Top-1 err = 47.100000,	Top-5 err = 28.700000,	train_time = 1.821001
TRAIN Iter 238: loss = 0.003491,	Top-1 err = 45.100000,	Top-5 err = 22.200000,	train_time = 1.802802
TRAIN Iter 239: loss = 0.003614,	Top-1 err = 51.500000,	Top-5 err = 26.600000,	train_time = 1.799966
TRAIN Iter 240: loss = 0.003522,	Top-1 err = 54.900000,	Top-5 err = 30.300000,	train_time = 1.808129
TRAIN Iter 241: loss = 0.003456,	Top-1 err = 52.300000,	Top-5 err = 28.800000,	train_time = 1.822591
TRAIN Iter 242: loss = 0.003428,	Top-1 err = 59.000000,	Top-5 err = 37.000000,	train_time = 1.796605
TRAIN Iter 243: loss = 0.003216,	Top-1 err = 33.300000,	Top-5 err = 16.400000,	train_time = 1.795004
TRAIN Iter 244: loss = 0.003418,	Top-1 err = 58.600000,	Top-5 err = 38.700000,	train_time = 1.810895
TRAIN Iter 245: loss = 0.003407,	Top-1 err = 49.400000,	Top-5 err = 25.400000,	train_time = 1.805743
TRAIN Iter 246: loss = 0.003277,	Top-1 err = 45.300000,	Top-5 err = 27.100000,	train_time = 1.801759
TRAIN Iter 247: loss = 0.003350,	Top-1 err = 49.100000,	Top-5 err = 26.600000,	train_time = 1.827746
TRAIN Iter 248: loss = 0.003506,	Top-1 err = 65.200000,	Top-5 err = 41.000000,	train_time = 1.817176
TRAIN Iter 249: loss = 0.003390,	Top-1 err = 54.800000,	Top-5 err = 31.700000,	train_time = 1.803870
TEST:
Iter 249: loss = 2.070639,	Top-1 err = 54.620000,	Top-5 err = 21.090000,	val_time = 3.354929
TRAIN Iter 250: loss = 0.003320,	Top-1 err = 53.200000,	Top-5 err = 35.600000,	train_time = 1.820094
TRAIN Iter 251: loss = 0.003277,	Top-1 err = 46.100000,	Top-5 err = 22.900000,	train_time = 1.805717
TRAIN Iter 252: loss = 0.003573,	Top-1 err = 65.600000,	Top-5 err = 41.300000,	train_time = 1.784313
TRAIN Iter 253: loss = 0.003333,	Top-1 err = 54.700000,	Top-5 err = 37.700000,	train_time = 1.807919
TRAIN Iter 254: loss = 0.003447,	Top-1 err = 52.400000,	Top-5 err = 30.800000,	train_time = 1.814388
TRAIN Iter 255: loss = 0.003455,	Top-1 err = 61.700000,	Top-5 err = 39.000000,	train_time = 1.795785
TRAIN Iter 256: loss = 0.003505,	Top-1 err = 56.500000,	Top-5 err = 38.300000,	train_time = 1.804838
TRAIN Iter 257: loss = 0.003578,	Top-1 err = 57.800000,	Top-5 err = 27.700000,	train_time = 1.811554
TRAIN Iter 258: loss = 0.003644,	Top-1 err = 67.300000,	Top-5 err = 42.500000,	train_time = 1.830074
TRAIN Iter 259: loss = 0.003184,	Top-1 err = 46.500000,	Top-5 err = 32.300000,	train_time = 1.806118
TEST:
Iter 259: loss = 1.999958,	Top-1 err = 53.720000,	Top-5 err = 20.430000,	val_time = 3.375566
TRAIN Iter 260: loss = 0.003346,	Top-1 err = 49.600000,	Top-5 err = 28.900000,	train_time = 1.828369
TRAIN Iter 261: loss = 0.003384,	Top-1 err = 73.700000,	Top-5 err = 55.400000,	train_time = 1.808637
TRAIN Iter 262: loss = 0.003283,	Top-1 err = 41.800000,	Top-5 err = 22.300000,	train_time = 1.825525
TRAIN Iter 263: loss = 0.003240,	Top-1 err = 43.800000,	Top-5 err = 22.300000,	train_time = 1.827757
TRAIN Iter 264: loss = 0.003385,	Top-1 err = 60.300000,	Top-5 err = 42.100000,	train_time = 1.793616
TRAIN Iter 265: loss = 0.003307,	Top-1 err = 54.000000,	Top-5 err = 37.200000,	train_time = 1.812998
TRAIN Iter 266: loss = 0.003389,	Top-1 err = 48.500000,	Top-5 err = 26.800000,	train_time = 1.822105
TRAIN Iter 267: loss = 0.003534,	Top-1 err = 49.800000,	Top-5 err = 23.800000,	train_time = 1.804174
TRAIN Iter 268: loss = 0.003445,	Top-1 err = 66.500000,	Top-5 err = 46.000000,	train_time = 1.824605
TRAIN Iter 269: loss = 0.003523,	Top-1 err = 72.600000,	Top-5 err = 52.500000,	train_time = 1.824288
TEST:
Iter 269: loss = 2.043533,	Top-1 err = 54.250000,	Top-5 err = 20.570000,	val_time = 3.366970
TRAIN Iter 270: loss = 0.003187,	Top-1 err = 42.500000,	Top-5 err = 24.500000,	train_time = 1.795662
TRAIN Iter 271: loss = 0.002950,	Top-1 err = 34.900000,	Top-5 err = 14.000000,	train_time = 1.801217
TRAIN Iter 272: loss = 0.003327,	Top-1 err = 67.700000,	Top-5 err = 47.700000,	train_time = 1.803511
TRAIN Iter 273: loss = 0.003414,	Top-1 err = 58.400000,	Top-5 err = 37.800000,	train_time = 1.793053
TRAIN Iter 274: loss = 0.003477,	Top-1 err = 65.400000,	Top-5 err = 40.200000,	train_time = 1.811039
TRAIN Iter 275: loss = 0.003481,	Top-1 err = 59.000000,	Top-5 err = 39.000000,	train_time = 1.809546
TRAIN Iter 276: loss = 0.003309,	Top-1 err = 59.200000,	Top-5 err = 42.400000,	train_time = 1.826232
TRAIN Iter 277: loss = 0.003324,	Top-1 err = 51.800000,	Top-5 err = 28.600000,	train_time = 1.792274
TRAIN Iter 278: loss = 0.003211,	Top-1 err = 50.900000,	Top-5 err = 34.000000,	train_time = 1.817545
TRAIN Iter 279: loss = 0.003360,	Top-1 err = 67.200000,	Top-5 err = 48.700000,	train_time = 1.803766
TEST:
Iter 279: loss = 1.979809,	Top-1 err = 52.650000,	Top-5 err = 19.850000,	val_time = 3.386980
TRAIN Iter 280: loss = 0.003084,	Top-1 err = 40.300000,	Top-5 err = 19.900000,	train_time = 1.802468
TRAIN Iter 281: loss = 0.002889,	Top-1 err = 37.900000,	Top-5 err = 21.800000,	train_time = 1.810082
TRAIN Iter 282: loss = 0.003058,	Top-1 err = 44.800000,	Top-5 err = 26.100000,	train_time = 1.810179
TRAIN Iter 283: loss = 0.003219,	Top-1 err = 36.800000,	Top-5 err = 14.800000,	train_time = 1.796929
TRAIN Iter 284: loss = 0.003260,	Top-1 err = 60.700000,	Top-5 err = 38.100000,	train_time = 1.811852
TRAIN Iter 285: loss = 0.003272,	Top-1 err = 49.200000,	Top-5 err = 26.800000,	train_time = 1.826866
TRAIN Iter 286: loss = 0.003159,	Top-1 err = 59.600000,	Top-5 err = 41.700000,	train_time = 1.821415
TRAIN Iter 287: loss = 0.003136,	Top-1 err = 49.300000,	Top-5 err = 25.800000,	train_time = 1.818161
TRAIN Iter 288: loss = 0.003315,	Top-1 err = 55.200000,	Top-5 err = 35.900000,	train_time = 1.816291
TRAIN Iter 289: loss = 0.003270,	Top-1 err = 53.400000,	Top-5 err = 32.100000,	train_time = 1.818714
TEST:
Iter 289: loss = 1.989697,	Top-1 err = 52.320000,	Top-5 err = 19.940000,	val_time = 3.376161
TRAIN Iter 290: loss = 0.003491,	Top-1 err = 57.600000,	Top-5 err = 35.400000,	train_time = 1.824234
TRAIN Iter 291: loss = 0.003364,	Top-1 err = 48.500000,	Top-5 err = 28.000000,	train_time = 1.813734
TRAIN Iter 292: loss = 0.003182,	Top-1 err = 47.900000,	Top-5 err = 25.800000,	train_time = 1.812702
TRAIN Iter 293: loss = 0.003464,	Top-1 err = 57.900000,	Top-5 err = 38.100000,	train_time = 1.792507
TRAIN Iter 294: loss = 0.003325,	Top-1 err = 55.300000,	Top-5 err = 33.000000,	train_time = 1.817648
TRAIN Iter 295: loss = 0.003467,	Top-1 err = 72.800000,	Top-5 err = 55.100000,	train_time = 1.816096
TRAIN Iter 296: loss = 0.003172,	Top-1 err = 50.800000,	Top-5 err = 28.900000,	train_time = 1.807420
TRAIN Iter 297: loss = 0.003242,	Top-1 err = 47.800000,	Top-5 err = 27.100000,	train_time = 1.800993
TRAIN Iter 298: loss = 0.003070,	Top-1 err = 44.300000,	Top-5 err = 24.300000,	train_time = 1.812208
TRAIN Iter 299: loss = 0.003232,	Top-1 err = 55.200000,	Top-5 err = 32.500000,	train_time = 1.808205
TEST:
Iter 299: loss = 2.001177,	Top-1 err = 52.770000,	Top-5 err = 19.950000,	val_time = 3.373741
Train Finish! Best accuracy is 47.68@289
