/home/dvspanos/miniconda3/envs/rded/lib/python3.10/site-packages/torch/cuda/__init__.py:611: UserWarning: Can't initialize NVML
  warnings.warn("Can't initialize NVML")
=> using pytorch pre-trained teacher model 'conv3'
process data from /home/dvspanos/nikos/ca2d/artifacts/rded_sets/bench_cifar100_random_ipc100
load data successfully
TRAIN Iter 0: loss = 0.016150,	Top-1 err = 94.100000,	Top-5 err = 79.190000,	train_time = 3.309023
TRAIN Iter 1: loss = 0.012042,	Top-1 err = 89.330000,	Top-5 err = 68.740000,	train_time = 2.616648
TRAIN Iter 2: loss = 0.010005,	Top-1 err = 85.140000,	Top-5 err = 61.820000,	train_time = 2.573680
TRAIN Iter 3: loss = 0.008741,	Top-1 err = 82.510000,	Top-5 err = 57.950000,	train_time = 2.622091
TRAIN Iter 4: loss = 0.007750,	Top-1 err = 80.900000,	Top-5 err = 56.400000,	train_time = 2.655696
TRAIN Iter 5: loss = 0.007122,	Top-1 err = 78.550000,	Top-5 err = 52.690000,	train_time = 2.620572
TRAIN Iter 6: loss = 0.006704,	Top-1 err = 78.230000,	Top-5 err = 53.690000,	train_time = 2.506752
TRAIN Iter 7: loss = 0.006337,	Top-1 err = 76.920000,	Top-5 err = 51.030000,	train_time = 2.612589
TRAIN Iter 8: loss = 0.006071,	Top-1 err = 77.870000,	Top-5 err = 53.480000,	train_time = 2.508703
TRAIN Iter 9: loss = 0.005775,	Top-1 err = 76.600000,	Top-5 err = 51.900000,	train_time = 2.556687
TRAIN Iter 10: loss = 0.005490,	Top-1 err = 74.230000,	Top-5 err = 49.040000,	train_time = 2.526293
TRAIN Iter 11: loss = 0.005356,	Top-1 err = 74.980000,	Top-5 err = 49.930000,	train_time = 2.574275
TRAIN Iter 12: loss = 0.005169,	Top-1 err = 74.840000,	Top-5 err = 49.790000,	train_time = 2.518147
TRAIN Iter 13: loss = 0.004972,	Top-1 err = 73.080000,	Top-5 err = 48.200000,	train_time = 2.560493
TRAIN Iter 14: loss = 0.004894,	Top-1 err = 72.280000,	Top-5 err = 46.380000,	train_time = 2.490038
TRAIN Iter 15: loss = 0.004755,	Top-1 err = 71.950000,	Top-5 err = 45.680000,	train_time = 2.636648
TRAIN Iter 16: loss = 0.004652,	Top-1 err = 72.370000,	Top-5 err = 47.450000,	train_time = 2.653638
TRAIN Iter 17: loss = 0.004529,	Top-1 err = 71.410000,	Top-5 err = 44.830000,	train_time = 2.465191
TRAIN Iter 18: loss = 0.004471,	Top-1 err = 73.230000,	Top-5 err = 48.130000,	train_time = 2.629148
TRAIN Iter 19: loss = 0.004459,	Top-1 err = 72.610000,	Top-5 err = 47.800000,	train_time = 2.625867
TRAIN Iter 20: loss = 0.004302,	Top-1 err = 71.580000,	Top-5 err = 46.450000,	train_time = 2.640683
TRAIN Iter 21: loss = 0.004265,	Top-1 err = 70.550000,	Top-5 err = 44.810000,	train_time = 2.644383
TRAIN Iter 22: loss = 0.004216,	Top-1 err = 71.510000,	Top-5 err = 46.900000,	train_time = 2.609561
TRAIN Iter 23: loss = 0.004067,	Top-1 err = 70.720000,	Top-5 err = 45.230000,	train_time = 2.502074
TRAIN Iter 24: loss = 0.004056,	Top-1 err = 73.630000,	Top-5 err = 48.510000,	train_time = 2.594921
TRAIN Iter 25: loss = 0.003956,	Top-1 err = 72.280000,	Top-5 err = 47.460000,	train_time = 2.578889
TRAIN Iter 26: loss = 0.003933,	Top-1 err = 71.300000,	Top-5 err = 46.400000,	train_time = 2.410650
TRAIN Iter 27: loss = 0.003921,	Top-1 err = 70.290000,	Top-5 err = 45.880000,	train_time = 2.640747
TRAIN Iter 28: loss = 0.003805,	Top-1 err = 70.840000,	Top-5 err = 45.860000,	train_time = 2.606933
TRAIN Iter 29: loss = 0.003825,	Top-1 err = 70.950000,	Top-5 err = 46.000000,	train_time = 2.546160
TRAIN Iter 30: loss = 0.003716,	Top-1 err = 69.790000,	Top-5 err = 44.420000,	train_time = 2.551632
TRAIN Iter 31: loss = 0.003675,	Top-1 err = 69.470000,	Top-5 err = 44.440000,	train_time = 2.583113
TRAIN Iter 32: loss = 0.003680,	Top-1 err = 71.430000,	Top-5 err = 45.610000,	train_time = 2.566332
TRAIN Iter 33: loss = 0.003571,	Top-1 err = 70.020000,	Top-5 err = 44.350000,	train_time = 2.622796
TRAIN Iter 34: loss = 0.003595,	Top-1 err = 69.790000,	Top-5 err = 44.900000,	train_time = 2.610723
TRAIN Iter 35: loss = 0.003524,	Top-1 err = 70.160000,	Top-5 err = 44.510000,	train_time = 2.580908
TRAIN Iter 36: loss = 0.003504,	Top-1 err = 70.370000,	Top-5 err = 45.230000,	train_time = 2.810565
TRAIN Iter 37: loss = 0.003405,	Top-1 err = 69.400000,	Top-5 err = 42.730000,	train_time = 2.660896
TRAIN Iter 38: loss = 0.003411,	Top-1 err = 71.300000,	Top-5 err = 46.700000,	train_time = 2.667508
TRAIN Iter 39: loss = 0.003388,	Top-1 err = 68.760000,	Top-5 err = 43.420000,	train_time = 2.543523
TRAIN Iter 40: loss = 0.003362,	Top-1 err = 69.560000,	Top-5 err = 44.610000,	train_time = 2.518022
TRAIN Iter 41: loss = 0.003300,	Top-1 err = 69.480000,	Top-5 err = 45.110000,	train_time = 2.565803
TRAIN Iter 42: loss = 0.003309,	Top-1 err = 68.670000,	Top-5 err = 44.550000,	train_time = 2.545151
TRAIN Iter 43: loss = 0.003237,	Top-1 err = 70.480000,	Top-5 err = 45.440000,	train_time = 2.525661
TRAIN Iter 44: loss = 0.003200,	Top-1 err = 72.090000,	Top-5 err = 47.580000,	train_time = 2.498356
TRAIN Iter 45: loss = 0.003178,	Top-1 err = 69.810000,	Top-5 err = 44.170000,	train_time = 2.537765
TRAIN Iter 46: loss = 0.003171,	Top-1 err = 69.120000,	Top-5 err = 43.770000,	train_time = 2.460062
TRAIN Iter 47: loss = 0.003169,	Top-1 err = 71.010000,	Top-5 err = 45.740000,	train_time = 2.749600
TRAIN Iter 48: loss = 0.003080,	Top-1 err = 68.870000,	Top-5 err = 43.890000,	train_time = 2.508388
TRAIN Iter 49: loss = 0.003040,	Top-1 err = 68.210000,	Top-5 err = 42.680000,	train_time = 2.544792
TRAIN Iter 50: loss = 0.003054,	Top-1 err = 68.600000,	Top-5 err = 43.790000,	train_time = 2.458500
TRAIN Iter 51: loss = 0.003053,	Top-1 err = 68.950000,	Top-5 err = 44.280000,	train_time = 2.726087
TRAIN Iter 52: loss = 0.002983,	Top-1 err = 69.680000,	Top-5 err = 44.660000,	train_time = 2.625877
TRAIN Iter 53: loss = 0.002957,	Top-1 err = 69.460000,	Top-5 err = 45.630000,	train_time = 2.510451
TRAIN Iter 54: loss = 0.002958,	Top-1 err = 68.910000,	Top-5 err = 43.600000,	train_time = 2.612264
TRAIN Iter 55: loss = 0.002946,	Top-1 err = 66.960000,	Top-5 err = 41.490000,	train_time = 2.579349
TRAIN Iter 56: loss = 0.002883,	Top-1 err = 68.490000,	Top-5 err = 44.300000,	train_time = 2.513609
TRAIN Iter 57: loss = 0.002893,	Top-1 err = 69.090000,	Top-5 err = 44.380000,	train_time = 2.616368
TRAIN Iter 58: loss = 0.002825,	Top-1 err = 67.080000,	Top-5 err = 41.960000,	train_time = 2.664110
TRAIN Iter 59: loss = 0.002818,	Top-1 err = 68.280000,	Top-5 err = 43.890000,	train_time = 2.574597
TRAIN Iter 60: loss = 0.002768,	Top-1 err = 68.870000,	Top-5 err = 43.700000,	train_time = 2.616344
TRAIN Iter 61: loss = 0.002785,	Top-1 err = 67.710000,	Top-5 err = 42.890000,	train_time = 2.607726
TRAIN Iter 62: loss = 0.002783,	Top-1 err = 67.710000,	Top-5 err = 42.200000,	train_time = 2.669042
TRAIN Iter 63: loss = 0.002757,	Top-1 err = 69.350000,	Top-5 err = 44.540000,	train_time = 2.541020
TRAIN Iter 64: loss = 0.002723,	Top-1 err = 67.790000,	Top-5 err = 42.170000,	train_time = 2.640326
TRAIN Iter 65: loss = 0.002684,	Top-1 err = 68.380000,	Top-5 err = 43.550000,	train_time = 2.633809
TRAIN Iter 66: loss = 0.002665,	Top-1 err = 67.480000,	Top-5 err = 42.160000,	train_time = 2.572979
TRAIN Iter 67: loss = 0.002613,	Top-1 err = 68.160000,	Top-5 err = 43.530000,	train_time = 2.591885
TRAIN Iter 68: loss = 0.002684,	Top-1 err = 68.890000,	Top-5 err = 45.080000,	train_time = 2.642398
TRAIN Iter 69: loss = 0.002593,	Top-1 err = 66.080000,	Top-5 err = 40.580000,	train_time = 2.619732
TRAIN Iter 70: loss = 0.002569,	Top-1 err = 68.300000,	Top-5 err = 42.760000,	train_time = 2.651997
TRAIN Iter 71: loss = 0.002556,	Top-1 err = 68.560000,	Top-5 err = 44.270000,	train_time = 2.753125
TRAIN Iter 72: loss = 0.002572,	Top-1 err = 69.320000,	Top-5 err = 45.110000,	train_time = 2.582705
TRAIN Iter 73: loss = 0.002559,	Top-1 err = 68.020000,	Top-5 err = 42.930000,	train_time = 2.768991
TRAIN Iter 74: loss = 0.002474,	Top-1 err = 69.470000,	Top-5 err = 45.480000,	train_time = 2.593733
TRAIN Iter 75: loss = 0.002512,	Top-1 err = 68.000000,	Top-5 err = 42.840000,	train_time = 2.515038
TRAIN Iter 76: loss = 0.002483,	Top-1 err = 67.970000,	Top-5 err = 43.650000,	train_time = 2.653333
TRAIN Iter 77: loss = 0.002425,	Top-1 err = 68.560000,	Top-5 err = 43.430000,	train_time = 2.569039
TRAIN Iter 78: loss = 0.002429,	Top-1 err = 65.550000,	Top-5 err = 39.640000,	train_time = 2.576466
TRAIN Iter 79: loss = 0.002438,	Top-1 err = 67.360000,	Top-5 err = 41.530000,	train_time = 2.573652
TRAIN Iter 80: loss = 0.002355,	Top-1 err = 66.510000,	Top-5 err = 41.110000,	train_time = 2.611714
TRAIN Iter 81: loss = 0.002369,	Top-1 err = 69.230000,	Top-5 err = 43.980000,	train_time = 2.566517
TRAIN Iter 82: loss = 0.002415,	Top-1 err = 68.130000,	Top-5 err = 43.340000,	train_time = 2.565670
TRAIN Iter 83: loss = 0.002389,	Top-1 err = 67.280000,	Top-5 err = 42.170000,	train_time = 2.633285
TRAIN Iter 84: loss = 0.002331,	Top-1 err = 67.370000,	Top-5 err = 42.380000,	train_time = 2.615884
TRAIN Iter 85: loss = 0.002338,	Top-1 err = 67.970000,	Top-5 err = 42.630000,	train_time = 2.593867
TRAIN Iter 86: loss = 0.002303,	Top-1 err = 67.670000,	Top-5 err = 43.290000,	train_time = 2.496346
TRAIN Iter 87: loss = 0.002296,	Top-1 err = 67.830000,	Top-5 err = 43.250000,	train_time = 2.624962
TRAIN Iter 88: loss = 0.002276,	Top-1 err = 66.560000,	Top-5 err = 41.680000,	train_time = 2.628460
TRAIN Iter 89: loss = 0.002261,	Top-1 err = 68.290000,	Top-5 err = 43.620000,	train_time = 2.637862
TRAIN Iter 90: loss = 0.002257,	Top-1 err = 66.480000,	Top-5 err = 41.950000,	train_time = 2.632973
TRAIN Iter 91: loss = 0.002230,	Top-1 err = 66.190000,	Top-5 err = 40.750000,	train_time = 2.616575
TRAIN Iter 92: loss = 0.002241,	Top-1 err = 64.950000,	Top-5 err = 39.150000,	train_time = 2.543103
TRAIN Iter 93: loss = 0.002229,	Top-1 err = 66.860000,	Top-5 err = 42.000000,	train_time = 2.564647
TRAIN Iter 94: loss = 0.002169,	Top-1 err = 68.340000,	Top-5 err = 44.220000,	train_time = 2.593014
TRAIN Iter 95: loss = 0.002205,	Top-1 err = 68.450000,	Top-5 err = 44.330000,	train_time = 2.667281
TRAIN Iter 96: loss = 0.002168,	Top-1 err = 68.190000,	Top-5 err = 43.890000,	train_time = 2.453478
TRAIN Iter 97: loss = 0.002160,	Top-1 err = 67.440000,	Top-5 err = 43.000000,	train_time = 2.553375
TRAIN Iter 98: loss = 0.002142,	Top-1 err = 67.030000,	Top-5 err = 42.040000,	train_time = 2.580915
TRAIN Iter 99: loss = 0.002159,	Top-1 err = 67.270000,	Top-5 err = 42.940000,	train_time = 2.525568
TRAIN Iter 100: loss = 0.002114,	Top-1 err = 66.750000,	Top-5 err = 41.360000,	train_time = 2.549831
TRAIN Iter 101: loss = 0.002128,	Top-1 err = 66.870000,	Top-5 err = 42.490000,	train_time = 2.638795
TRAIN Iter 102: loss = 0.002122,	Top-1 err = 68.210000,	Top-5 err = 43.830000,	train_time = 2.674155
TRAIN Iter 103: loss = 0.002106,	Top-1 err = 66.290000,	Top-5 err = 41.350000,	train_time = 2.605164
TRAIN Iter 104: loss = 0.002095,	Top-1 err = 66.640000,	Top-5 err = 41.490000,	train_time = 2.644875
TRAIN Iter 105: loss = 0.002052,	Top-1 err = 67.630000,	Top-5 err = 43.450000,	train_time = 2.548152
TRAIN Iter 106: loss = 0.002087,	Top-1 err = 66.990000,	Top-5 err = 42.620000,	train_time = 2.570410
TRAIN Iter 107: loss = 0.002032,	Top-1 err = 67.460000,	Top-5 err = 42.280000,	train_time = 2.548841
TRAIN Iter 108: loss = 0.002046,	Top-1 err = 68.600000,	Top-5 err = 44.380000,	train_time = 2.731209
TRAIN Iter 109: loss = 0.002040,	Top-1 err = 66.230000,	Top-5 err = 41.870000,	train_time = 2.533370
TRAIN Iter 110: loss = 0.002010,	Top-1 err = 66.820000,	Top-5 err = 42.220000,	train_time = 2.583249
TRAIN Iter 111: loss = 0.001985,	Top-1 err = 66.710000,	Top-5 err = 42.370000,	train_time = 2.581314
TRAIN Iter 112: loss = 0.001991,	Top-1 err = 68.980000,	Top-5 err = 44.220000,	train_time = 2.613532
TRAIN Iter 113: loss = 0.001999,	Top-1 err = 67.750000,	Top-5 err = 42.490000,	train_time = 2.662361
TRAIN Iter 114: loss = 0.002015,	Top-1 err = 66.520000,	Top-5 err = 41.980000,	train_time = 2.488724
TRAIN Iter 115: loss = 0.001974,	Top-1 err = 66.880000,	Top-5 err = 42.410000,	train_time = 2.629308
TRAIN Iter 116: loss = 0.001966,	Top-1 err = 66.860000,	Top-5 err = 43.660000,	train_time = 2.553190
TRAIN Iter 117: loss = 0.001943,	Top-1 err = 65.160000,	Top-5 err = 40.790000,	train_time = 2.542611
TRAIN Iter 118: loss = 0.001945,	Top-1 err = 67.300000,	Top-5 err = 42.310000,	train_time = 2.520849
TRAIN Iter 119: loss = 0.001938,	Top-1 err = 66.380000,	Top-5 err = 41.760000,	train_time = 2.577753
TRAIN Iter 120: loss = 0.001935,	Top-1 err = 66.960000,	Top-5 err = 42.490000,	train_time = 2.694887
TRAIN Iter 121: loss = 0.001911,	Top-1 err = 64.780000,	Top-5 err = 39.870000,	train_time = 2.567362
TRAIN Iter 122: loss = 0.001941,	Top-1 err = 66.600000,	Top-5 err = 41.570000,	train_time = 2.590349
TRAIN Iter 123: loss = 0.001944,	Top-1 err = 67.280000,	Top-5 err = 42.940000,	train_time = 2.523191
TRAIN Iter 124: loss = 0.001892,	Top-1 err = 67.410000,	Top-5 err = 42.430000,	train_time = 2.473856
TRAIN Iter 125: loss = 0.001938,	Top-1 err = 67.290000,	Top-5 err = 42.520000,	train_time = 2.626030
TRAIN Iter 126: loss = 0.001870,	Top-1 err = 64.710000,	Top-5 err = 39.510000,	train_time = 2.580379
TRAIN Iter 127: loss = 0.001857,	Top-1 err = 65.740000,	Top-5 err = 41.330000,	train_time = 2.582554
TRAIN Iter 128: loss = 0.001874,	Top-1 err = 66.670000,	Top-5 err = 41.080000,	train_time = 2.553381
TRAIN Iter 129: loss = 0.001860,	Top-1 err = 67.840000,	Top-5 err = 42.760000,	train_time = 2.620394
TRAIN Iter 130: loss = 0.001849,	Top-1 err = 64.950000,	Top-5 err = 40.890000,	train_time = 2.703727
TRAIN Iter 131: loss = 0.001878,	Top-1 err = 67.180000,	Top-5 err = 42.110000,	train_time = 2.620285
TRAIN Iter 132: loss = 0.001874,	Top-1 err = 67.380000,	Top-5 err = 42.770000,	train_time = 2.559403
TRAIN Iter 133: loss = 0.001851,	Top-1 err = 66.950000,	Top-5 err = 41.960000,	train_time = 2.580618
TRAIN Iter 134: loss = 0.001853,	Top-1 err = 68.600000,	Top-5 err = 45.170000,	train_time = 2.406608
TRAIN Iter 135: loss = 0.001843,	Top-1 err = 66.970000,	Top-5 err = 43.010000,	train_time = 2.065855
TRAIN Iter 136: loss = 0.001798,	Top-1 err = 65.310000,	Top-5 err = 40.350000,	train_time = 2.585082
TRAIN Iter 137: loss = 0.001805,	Top-1 err = 64.780000,	Top-5 err = 39.000000,	train_time = 2.504591
TRAIN Iter 138: loss = 0.001838,	Top-1 err = 66.720000,	Top-5 err = 42.470000,	train_time = 2.563505
TRAIN Iter 139: loss = 0.001770,	Top-1 err = 67.070000,	Top-5 err = 42.560000,	train_time = 2.394297
TRAIN Iter 140: loss = 0.001775,	Top-1 err = 66.050000,	Top-5 err = 40.850000,	train_time = 2.461570
TRAIN Iter 141: loss = 0.001803,	Top-1 err = 66.340000,	Top-5 err = 41.530000,	train_time = 2.708528
TRAIN Iter 142: loss = 0.001821,	Top-1 err = 67.710000,	Top-5 err = 43.150000,	train_time = 2.678495
TRAIN Iter 143: loss = 0.001755,	Top-1 err = 64.720000,	Top-5 err = 39.520000,	train_time = 2.685312
TRAIN Iter 144: loss = 0.001789,	Top-1 err = 65.130000,	Top-5 err = 40.550000,	train_time = 2.642736
TRAIN Iter 145: loss = 0.001741,	Top-1 err = 65.970000,	Top-5 err = 41.130000,	train_time = 2.494745
TRAIN Iter 146: loss = 0.001770,	Top-1 err = 65.610000,	Top-5 err = 40.990000,	train_time = 2.654986
TRAIN Iter 147: loss = 0.001770,	Top-1 err = 66.600000,	Top-5 err = 43.090000,	train_time = 2.567212
TRAIN Iter 148: loss = 0.001787,	Top-1 err = 66.210000,	Top-5 err = 41.650000,	train_time = 2.611368
TRAIN Iter 149: loss = 0.001739,	Top-1 err = 67.070000,	Top-5 err = 42.640000,	train_time = 2.618497
TRAIN Iter 150: loss = 0.001764,	Top-1 err = 65.170000,	Top-5 err = 41.790000,	train_time = 2.447601
TRAIN Iter 151: loss = 0.001705,	Top-1 err = 64.010000,	Top-5 err = 38.700000,	train_time = 2.732404
TRAIN Iter 152: loss = 0.001732,	Top-1 err = 65.990000,	Top-5 err = 41.490000,	train_time = 2.533842
TRAIN Iter 153: loss = 0.001733,	Top-1 err = 67.590000,	Top-5 err = 42.870000,	train_time = 2.602816
TRAIN Iter 154: loss = 0.001694,	Top-1 err = 66.320000,	Top-5 err = 41.140000,	train_time = 2.623407
TRAIN Iter 155: loss = 0.001712,	Top-1 err = 67.530000,	Top-5 err = 43.330000,	train_time = 2.645474
TRAIN Iter 156: loss = 0.001722,	Top-1 err = 67.470000,	Top-5 err = 43.480000,	train_time = 2.562952
TRAIN Iter 157: loss = 0.001737,	Top-1 err = 66.860000,	Top-5 err = 42.840000,	train_time = 2.630531
TRAIN Iter 158: loss = 0.001745,	Top-1 err = 67.450000,	Top-5 err = 42.690000,	train_time = 2.592449
TRAIN Iter 159: loss = 0.001711,	Top-1 err = 65.820000,	Top-5 err = 41.610000,	train_time = 2.530529
TRAIN Iter 160: loss = 0.001657,	Top-1 err = 67.310000,	Top-5 err = 42.360000,	train_time = 2.630300
TRAIN Iter 161: loss = 0.001739,	Top-1 err = 66.920000,	Top-5 err = 42.510000,	train_time = 2.724877
TRAIN Iter 162: loss = 0.001680,	Top-1 err = 66.130000,	Top-5 err = 41.440000,	train_time = 2.604890
TRAIN Iter 163: loss = 0.001678,	Top-1 err = 66.430000,	Top-5 err = 42.480000,	train_time = 2.517921
TRAIN Iter 164: loss = 0.001660,	Top-1 err = 65.530000,	Top-5 err = 40.790000,	train_time = 2.545658
TRAIN Iter 165: loss = 0.001698,	Top-1 err = 66.300000,	Top-5 err = 41.240000,	train_time = 2.673065
TRAIN Iter 166: loss = 0.001677,	Top-1 err = 66.690000,	Top-5 err = 42.380000,	train_time = 2.562828
TRAIN Iter 167: loss = 0.001668,	Top-1 err = 66.060000,	Top-5 err = 41.110000,	train_time = 2.578160
TRAIN Iter 168: loss = 0.001650,	Top-1 err = 66.290000,	Top-5 err = 41.460000,	train_time = 2.558100
TRAIN Iter 169: loss = 0.001635,	Top-1 err = 65.510000,	Top-5 err = 41.870000,	train_time = 2.579581
TRAIN Iter 170: loss = 0.001640,	Top-1 err = 67.400000,	Top-5 err = 43.270000,	train_time = 2.577235
TRAIN Iter 171: loss = 0.001703,	Top-1 err = 66.780000,	Top-5 err = 42.600000,	train_time = 2.492716
TRAIN Iter 172: loss = 0.001641,	Top-1 err = 68.400000,	Top-5 err = 43.780000,	train_time = 2.385777
TRAIN Iter 173: loss = 0.001676,	Top-1 err = 65.570000,	Top-5 err = 40.170000,	train_time = 2.602725
TRAIN Iter 174: loss = 0.001625,	Top-1 err = 66.070000,	Top-5 err = 41.230000,	train_time = 2.482101
TRAIN Iter 175: loss = 0.001647,	Top-1 err = 66.090000,	Top-5 err = 42.110000,	train_time = 2.663979
TRAIN Iter 176: loss = 0.001656,	Top-1 err = 65.970000,	Top-5 err = 42.090000,	train_time = 2.576208
TRAIN Iter 177: loss = 0.001604,	Top-1 err = 65.420000,	Top-5 err = 40.770000,	train_time = 2.687470
TRAIN Iter 178: loss = 0.001643,	Top-1 err = 65.320000,	Top-5 err = 40.700000,	train_time = 2.708497
TRAIN Iter 179: loss = 0.001639,	Top-1 err = 66.540000,	Top-5 err = 41.680000,	train_time = 2.523502
TRAIN Iter 180: loss = 0.001602,	Top-1 err = 65.780000,	Top-5 err = 41.790000,	train_time = 2.575712
TRAIN Iter 181: loss = 0.001571,	Top-1 err = 66.160000,	Top-5 err = 41.940000,	train_time = 2.615267
TRAIN Iter 182: loss = 0.001613,	Top-1 err = 67.060000,	Top-5 err = 42.400000,	train_time = 2.479780
TRAIN Iter 183: loss = 0.001557,	Top-1 err = 66.000000,	Top-5 err = 41.250000,	train_time = 2.588177
TRAIN Iter 184: loss = 0.001575,	Top-1 err = 66.330000,	Top-5 err = 42.280000,	train_time = 2.549631
TRAIN Iter 185: loss = 0.001587,	Top-1 err = 65.500000,	Top-5 err = 41.220000,	train_time = 2.561541
TRAIN Iter 186: loss = 0.001587,	Top-1 err = 65.410000,	Top-5 err = 41.300000,	train_time = 2.581205
TRAIN Iter 187: loss = 0.001612,	Top-1 err = 64.580000,	Top-5 err = 40.180000,	train_time = 2.523401
TRAIN Iter 188: loss = 0.001599,	Top-1 err = 67.890000,	Top-5 err = 43.310000,	train_time = 2.603629
TRAIN Iter 189: loss = 0.001578,	Top-1 err = 65.930000,	Top-5 err = 41.760000,	train_time = 2.511282
TRAIN Iter 190: loss = 0.001587,	Top-1 err = 66.880000,	Top-5 err = 42.430000,	train_time = 2.492742
TRAIN Iter 191: loss = 0.001589,	Top-1 err = 65.820000,	Top-5 err = 40.940000,	train_time = 2.568514
TRAIN Iter 192: loss = 0.001543,	Top-1 err = 65.610000,	Top-5 err = 40.920000,	train_time = 2.544762
TRAIN Iter 193: loss = 0.001564,	Top-1 err = 64.540000,	Top-5 err = 39.660000,	train_time = 2.606436
TRAIN Iter 194: loss = 0.001602,	Top-1 err = 68.070000,	Top-5 err = 43.710000,	train_time = 2.572601
TRAIN Iter 195: loss = 0.001551,	Top-1 err = 65.900000,	Top-5 err = 41.610000,	train_time = 2.552499
TRAIN Iter 196: loss = 0.001551,	Top-1 err = 68.710000,	Top-5 err = 44.560000,	train_time = 2.569661
TRAIN Iter 197: loss = 0.001560,	Top-1 err = 68.260000,	Top-5 err = 44.530000,	train_time = 2.639101
TRAIN Iter 198: loss = 0.001528,	Top-1 err = 67.460000,	Top-5 err = 42.370000,	train_time = 2.494337
TRAIN Iter 199: loss = 0.001528,	Top-1 err = 66.600000,	Top-5 err = 41.460000,	train_time = 2.614936
TRAIN Iter 200: loss = 0.001529,	Top-1 err = 64.380000,	Top-5 err = 39.770000,	train_time = 2.471887
TRAIN Iter 201: loss = 0.001530,	Top-1 err = 66.670000,	Top-5 err = 42.880000,	train_time = 2.558386
TRAIN Iter 202: loss = 0.001525,	Top-1 err = 65.020000,	Top-5 err = 41.350000,	train_time = 2.447602
TRAIN Iter 203: loss = 0.001538,	Top-1 err = 64.540000,	Top-5 err = 39.300000,	train_time = 2.484143
TRAIN Iter 204: loss = 0.001526,	Top-1 err = 67.890000,	Top-5 err = 44.060000,	train_time = 2.573865
TRAIN Iter 205: loss = 0.001561,	Top-1 err = 66.890000,	Top-5 err = 42.250000,	train_time = 2.643515
TRAIN Iter 206: loss = 0.001482,	Top-1 err = 65.470000,	Top-5 err = 40.610000,	train_time = 2.607344
TRAIN Iter 207: loss = 0.001500,	Top-1 err = 66.930000,	Top-5 err = 42.540000,	train_time = 2.680078
TRAIN Iter 208: loss = 0.001505,	Top-1 err = 64.780000,	Top-5 err = 40.060000,	train_time = 2.516365
TRAIN Iter 209: loss = 0.001518,	Top-1 err = 67.480000,	Top-5 err = 42.880000,	train_time = 2.598967
TRAIN Iter 210: loss = 0.001470,	Top-1 err = 67.100000,	Top-5 err = 42.790000,	train_time = 2.722109
TRAIN Iter 211: loss = 0.001486,	Top-1 err = 65.620000,	Top-5 err = 40.920000,	train_time = 2.503625
TRAIN Iter 212: loss = 0.001503,	Top-1 err = 66.570000,	Top-5 err = 41.310000,	train_time = 2.678240
TRAIN Iter 213: loss = 0.001483,	Top-1 err = 65.920000,	Top-5 err = 41.340000,	train_time = 2.746193
TRAIN Iter 214: loss = 0.001480,	Top-1 err = 65.560000,	Top-5 err = 40.440000,	train_time = 2.599694
TRAIN Iter 215: loss = 0.001514,	Top-1 err = 63.240000,	Top-5 err = 38.320000,	train_time = 2.649716
TRAIN Iter 216: loss = 0.001490,	Top-1 err = 65.120000,	Top-5 err = 40.640000,	train_time = 2.596388
TRAIN Iter 217: loss = 0.001492,	Top-1 err = 65.320000,	Top-5 err = 40.920000,	train_time = 2.558520
TRAIN Iter 218: loss = 0.001469,	Top-1 err = 64.630000,	Top-5 err = 39.320000,	train_time = 2.569645
TRAIN Iter 219: loss = 0.001482,	Top-1 err = 67.390000,	Top-5 err = 42.940000,	train_time = 2.665002
TRAIN Iter 220: loss = 0.001481,	Top-1 err = 65.540000,	Top-5 err = 40.170000,	train_time = 2.705186
TRAIN Iter 221: loss = 0.001485,	Top-1 err = 67.460000,	Top-5 err = 44.360000,	train_time = 2.546119
TRAIN Iter 222: loss = 0.001469,	Top-1 err = 66.880000,	Top-5 err = 42.490000,	train_time = 2.648446
TRAIN Iter 223: loss = 0.001495,	Top-1 err = 66.220000,	Top-5 err = 41.250000,	train_time = 2.620261
TRAIN Iter 224: loss = 0.001470,	Top-1 err = 67.140000,	Top-5 err = 42.400000,	train_time = 2.644461
TRAIN Iter 225: loss = 0.001456,	Top-1 err = 66.350000,	Top-5 err = 42.260000,	train_time = 2.251754
TRAIN Iter 226: loss = 0.001456,	Top-1 err = 66.320000,	Top-5 err = 41.910000,	train_time = 2.588568
TRAIN Iter 227: loss = 0.001468,	Top-1 err = 64.380000,	Top-5 err = 40.730000,	train_time = 2.529820
TRAIN Iter 228: loss = 0.001441,	Top-1 err = 65.880000,	Top-5 err = 40.530000,	train_time = 2.545356
TRAIN Iter 229: loss = 0.001476,	Top-1 err = 64.960000,	Top-5 err = 40.060000,	train_time = 2.580796
TRAIN Iter 230: loss = 0.001432,	Top-1 err = 65.040000,	Top-5 err = 40.200000,	train_time = 2.621255
TRAIN Iter 231: loss = 0.001447,	Top-1 err = 66.630000,	Top-5 err = 42.450000,	train_time = 2.540772
TRAIN Iter 232: loss = 0.001446,	Top-1 err = 65.620000,	Top-5 err = 40.850000,	train_time = 2.568689
TRAIN Iter 233: loss = 0.001438,	Top-1 err = 65.760000,	Top-5 err = 40.880000,	train_time = 2.560975
TRAIN Iter 234: loss = 0.001434,	Top-1 err = 66.500000,	Top-5 err = 42.090000,	train_time = 2.586315
TRAIN Iter 235: loss = 0.001408,	Top-1 err = 66.780000,	Top-5 err = 42.200000,	train_time = 2.586241
TRAIN Iter 236: loss = 0.001427,	Top-1 err = 65.970000,	Top-5 err = 41.290000,	train_time = 2.487900
TRAIN Iter 237: loss = 0.001427,	Top-1 err = 65.700000,	Top-5 err = 40.860000,	train_time = 2.552805
TRAIN Iter 238: loss = 0.001401,	Top-1 err = 64.740000,	Top-5 err = 39.390000,	train_time = 2.593368
TRAIN Iter 239: loss = 0.001418,	Top-1 err = 65.870000,	Top-5 err = 41.010000,	train_time = 2.553815
TRAIN Iter 240: loss = 0.001387,	Top-1 err = 64.090000,	Top-5 err = 39.070000,	train_time = 2.557222
TRAIN Iter 241: loss = 0.001430,	Top-1 err = 66.410000,	Top-5 err = 41.870000,	train_time = 2.491969
TRAIN Iter 242: loss = 0.001450,	Top-1 err = 66.200000,	Top-5 err = 42.640000,	train_time = 2.533750
TRAIN Iter 243: loss = 0.001432,	Top-1 err = 66.690000,	Top-5 err = 42.320000,	train_time = 2.567514
TRAIN Iter 244: loss = 0.001403,	Top-1 err = 64.860000,	Top-5 err = 40.290000,	train_time = 2.594853
TRAIN Iter 245: loss = 0.001433,	Top-1 err = 64.220000,	Top-5 err = 38.910000,	train_time = 2.440978
TRAIN Iter 246: loss = 0.001392,	Top-1 err = 65.950000,	Top-5 err = 40.980000,	train_time = 2.498521
TRAIN Iter 247: loss = 0.001394,	Top-1 err = 68.330000,	Top-5 err = 44.130000,	train_time = 2.588521
TRAIN Iter 248: loss = 0.001381,	Top-1 err = 64.840000,	Top-5 err = 40.270000,	train_time = 2.642032
TRAIN Iter 249: loss = 0.001398,	Top-1 err = 67.220000,	Top-5 err = 42.340000,	train_time = 2.547670
TEST:
Iter 249: loss = 1.654800,	Top-1 err = 41.590000,	Top-5 err = 15.800000,	val_time = 0.825172
TRAIN Iter 250: loss = 0.001378,	Top-1 err = 64.430000,	Top-5 err = 39.520000,	train_time = 2.570626
TRAIN Iter 251: loss = 0.001397,	Top-1 err = 66.520000,	Top-5 err = 43.240000,	train_time = 2.595818
TRAIN Iter 252: loss = 0.001357,	Top-1 err = 64.020000,	Top-5 err = 39.290000,	train_time = 2.492436
TRAIN Iter 253: loss = 0.001368,	Top-1 err = 66.010000,	Top-5 err = 40.600000,	train_time = 2.446261
TRAIN Iter 254: loss = 0.001384,	Top-1 err = 64.520000,	Top-5 err = 39.570000,	train_time = 2.642347
TRAIN Iter 255: loss = 0.001421,	Top-1 err = 65.760000,	Top-5 err = 41.710000,	train_time = 2.641363
TRAIN Iter 256: loss = 0.001374,	Top-1 err = 64.870000,	Top-5 err = 40.100000,	train_time = 2.588009
TRAIN Iter 257: loss = 0.001387,	Top-1 err = 65.200000,	Top-5 err = 39.580000,	train_time = 2.513571
TRAIN Iter 258: loss = 0.001396,	Top-1 err = 66.220000,	Top-5 err = 41.180000,	train_time = 2.621642
TRAIN Iter 259: loss = 0.001371,	Top-1 err = 63.250000,	Top-5 err = 39.210000,	train_time = 2.614388
TEST:
Iter 259: loss = 1.673411,	Top-1 err = 41.780000,	Top-5 err = 15.950000,	val_time = 0.796193
TRAIN Iter 260: loss = 0.001383,	Top-1 err = 66.450000,	Top-5 err = 42.180000,	train_time = 2.544072
TRAIN Iter 261: loss = 0.001368,	Top-1 err = 64.370000,	Top-5 err = 39.830000,	train_time = 2.508795
TRAIN Iter 262: loss = 0.001380,	Top-1 err = 66.560000,	Top-5 err = 41.190000,	train_time = 2.544443
TRAIN Iter 263: loss = 0.001332,	Top-1 err = 66.440000,	Top-5 err = 42.220000,	train_time = 2.546775
TRAIN Iter 264: loss = 0.001405,	Top-1 err = 67.100000,	Top-5 err = 43.090000,	train_time = 2.409666
TRAIN Iter 265: loss = 0.001407,	Top-1 err = 62.860000,	Top-5 err = 38.720000,	train_time = 2.579882
TRAIN Iter 266: loss = 0.001315,	Top-1 err = 65.810000,	Top-5 err = 40.620000,	train_time = 2.619340
TRAIN Iter 267: loss = 0.001349,	Top-1 err = 65.910000,	Top-5 err = 40.250000,	train_time = 2.616083
TRAIN Iter 268: loss = 0.001367,	Top-1 err = 64.310000,	Top-5 err = 39.510000,	train_time = 2.561158
TRAIN Iter 269: loss = 0.001339,	Top-1 err = 64.250000,	Top-5 err = 39.810000,	train_time = 2.631034
TEST:
Iter 269: loss = 1.632905,	Top-1 err = 41.440000,	Top-5 err = 15.610000,	val_time = 0.789220
TRAIN Iter 270: loss = 0.001346,	Top-1 err = 66.850000,	Top-5 err = 42.400000,	train_time = 2.597008
TRAIN Iter 271: loss = 0.001342,	Top-1 err = 65.180000,	Top-5 err = 40.590000,	train_time = 2.637824
TRAIN Iter 272: loss = 0.001329,	Top-1 err = 64.060000,	Top-5 err = 39.210000,	train_time = 2.525273
TRAIN Iter 273: loss = 0.001341,	Top-1 err = 65.090000,	Top-5 err = 40.360000,	train_time = 2.644667
TRAIN Iter 274: loss = 0.001309,	Top-1 err = 64.900000,	Top-5 err = 40.900000,	train_time = 2.552248
TRAIN Iter 275: loss = 0.001350,	Top-1 err = 64.910000,	Top-5 err = 41.100000,	train_time = 2.594111
TRAIN Iter 276: loss = 0.001313,	Top-1 err = 64.380000,	Top-5 err = 39.960000,	train_time = 2.512829
TRAIN Iter 277: loss = 0.001322,	Top-1 err = 66.790000,	Top-5 err = 42.490000,	train_time = 2.533228
TRAIN Iter 278: loss = 0.001335,	Top-1 err = 65.980000,	Top-5 err = 41.810000,	train_time = 2.486014
TRAIN Iter 279: loss = 0.001346,	Top-1 err = 66.530000,	Top-5 err = 41.780000,	train_time = 2.605439
TEST:
Iter 279: loss = 1.705460,	Top-1 err = 42.180000,	Top-5 err = 16.420000,	val_time = 0.808664
TRAIN Iter 280: loss = 0.001324,	Top-1 err = 63.500000,	Top-5 err = 38.280000,	train_time = 2.629007
TRAIN Iter 281: loss = 0.001314,	Top-1 err = 63.760000,	Top-5 err = 39.220000,	train_time = 2.670678
TRAIN Iter 282: loss = 0.001312,	Top-1 err = 66.500000,	Top-5 err = 41.370000,	train_time = 2.493032
TRAIN Iter 283: loss = 0.001303,	Top-1 err = 65.160000,	Top-5 err = 40.300000,	train_time = 2.707846
TRAIN Iter 284: loss = 0.001312,	Top-1 err = 64.750000,	Top-5 err = 39.880000,	train_time = 2.493833
TRAIN Iter 285: loss = 0.001301,	Top-1 err = 65.390000,	Top-5 err = 40.370000,	train_time = 2.592119
TRAIN Iter 286: loss = 0.001332,	Top-1 err = 63.580000,	Top-5 err = 38.610000,	train_time = 2.489661
TRAIN Iter 287: loss = 0.001322,	Top-1 err = 64.910000,	Top-5 err = 40.630000,	train_time = 2.534510
TRAIN Iter 288: loss = 0.001276,	Top-1 err = 64.030000,	Top-5 err = 39.320000,	train_time = 2.550431
TRAIN Iter 289: loss = 0.001281,	Top-1 err = 64.440000,	Top-5 err = 39.260000,	train_time = 2.559432
TEST:
Iter 289: loss = 1.638483,	Top-1 err = 41.070000,	Top-5 err = 15.480000,	val_time = 0.839916
TRAIN Iter 290: loss = 0.001287,	Top-1 err = 64.370000,	Top-5 err = 39.330000,	train_time = 2.553822
TRAIN Iter 291: loss = 0.001300,	Top-1 err = 66.160000,	Top-5 err = 41.350000,	train_time = 2.653852
TRAIN Iter 292: loss = 0.001313,	Top-1 err = 66.090000,	Top-5 err = 41.950000,	train_time = 2.687216
TRAIN Iter 293: loss = 0.001303,	Top-1 err = 65.740000,	Top-5 err = 41.700000,	train_time = 2.549170
TRAIN Iter 294: loss = 0.001279,	Top-1 err = 65.880000,	Top-5 err = 41.260000,	train_time = 2.583504
TRAIN Iter 295: loss = 0.001270,	Top-1 err = 63.990000,	Top-5 err = 39.580000,	train_time = 2.556578
TRAIN Iter 296: loss = 0.001307,	Top-1 err = 64.580000,	Top-5 err = 40.930000,	train_time = 2.554778
TRAIN Iter 297: loss = 0.001280,	Top-1 err = 64.470000,	Top-5 err = 39.600000,	train_time = 2.627614
TRAIN Iter 298: loss = 0.001292,	Top-1 err = 66.200000,	Top-5 err = 40.650000,	train_time = 2.651817
TRAIN Iter 299: loss = 0.001300,	Top-1 err = 65.600000,	Top-5 err = 41.660000,	train_time = 2.583017
TEST:
Iter 299: loss = 1.612269,	Top-1 err = 40.930000,	Top-5 err = 15.420000,	val_time = 0.766273
Train Finish! Best accuracy is 59.07@299
