/home/dvspanos/miniconda3/envs/rded/lib/python3.10/site-packages/torch/cuda/__init__.py:611: UserWarning: Can't initialize NVML
  warnings.warn("Can't initialize NVML")
=> using pytorch pre-trained teacher model 'conv3'
process data from /home/dvspanos/nikos/ca2d/artifacts/rded_sets/bench_cifar100_conv_el2nw60_ipc50
load data successfully
TRAIN Iter 0: loss = 0.018111,	Top-1 err = 95.540000,	Top-5 err = 82.200000,	train_time = 2.165603
TRAIN Iter 1: loss = 0.014711,	Top-1 err = 92.800000,	Top-5 err = 74.040000,	train_time = 1.278906
TRAIN Iter 2: loss = 0.012699,	Top-1 err = 89.460000,	Top-5 err = 66.100000,	train_time = 1.409247
TRAIN Iter 3: loss = 0.011208,	Top-1 err = 86.420000,	Top-5 err = 62.260000,	train_time = 1.424120
TRAIN Iter 4: loss = 0.010196,	Top-1 err = 85.540000,	Top-5 err = 60.180000,	train_time = 1.387288
TRAIN Iter 5: loss = 0.009452,	Top-1 err = 81.660000,	Top-5 err = 54.760000,	train_time = 1.411628
TRAIN Iter 6: loss = 0.008965,	Top-1 err = 80.960000,	Top-5 err = 53.780000,	train_time = 1.379346
TRAIN Iter 7: loss = 0.008316,	Top-1 err = 77.980000,	Top-5 err = 49.740000,	train_time = 1.371259
TRAIN Iter 8: loss = 0.007787,	Top-1 err = 79.100000,	Top-5 err = 50.460000,	train_time = 1.287849
TRAIN Iter 9: loss = 0.007593,	Top-1 err = 78.360000,	Top-5 err = 51.520000,	train_time = 1.341142
TRAIN Iter 10: loss = 0.007367,	Top-1 err = 76.620000,	Top-5 err = 47.700000,	train_time = 1.376100
TRAIN Iter 11: loss = 0.006885,	Top-1 err = 73.020000,	Top-5 err = 43.940000,	train_time = 1.450562
TRAIN Iter 12: loss = 0.006624,	Top-1 err = 74.660000,	Top-5 err = 46.640000,	train_time = 1.370847
TRAIN Iter 13: loss = 0.006473,	Top-1 err = 75.260000,	Top-5 err = 48.500000,	train_time = 1.352892
TRAIN Iter 14: loss = 0.006284,	Top-1 err = 72.240000,	Top-5 err = 44.660000,	train_time = 1.381756
TRAIN Iter 15: loss = 0.006290,	Top-1 err = 71.920000,	Top-5 err = 46.240000,	train_time = 1.380240
TRAIN Iter 16: loss = 0.006064,	Top-1 err = 71.840000,	Top-5 err = 43.740000,	train_time = 1.389901
TRAIN Iter 17: loss = 0.005741,	Top-1 err = 73.480000,	Top-5 err = 48.020000,	train_time = 1.422033
TRAIN Iter 18: loss = 0.005819,	Top-1 err = 70.100000,	Top-5 err = 41.340000,	train_time = 1.294909
TRAIN Iter 19: loss = 0.005651,	Top-1 err = 71.380000,	Top-5 err = 43.720000,	train_time = 1.368485
TRAIN Iter 20: loss = 0.005506,	Top-1 err = 71.280000,	Top-5 err = 44.480000,	train_time = 1.382303
TRAIN Iter 21: loss = 0.005404,	Top-1 err = 70.420000,	Top-5 err = 41.460000,	train_time = 1.268804
TRAIN Iter 22: loss = 0.005242,	Top-1 err = 69.180000,	Top-5 err = 41.040000,	train_time = 1.342656
TRAIN Iter 23: loss = 0.005140,	Top-1 err = 72.740000,	Top-5 err = 46.320000,	train_time = 1.360785
TRAIN Iter 24: loss = 0.005066,	Top-1 err = 68.880000,	Top-5 err = 40.460000,	train_time = 1.375638
TRAIN Iter 25: loss = 0.004990,	Top-1 err = 70.260000,	Top-5 err = 43.080000,	train_time = 1.403309
TRAIN Iter 26: loss = 0.004902,	Top-1 err = 70.360000,	Top-5 err = 42.080000,	train_time = 1.231649
TRAIN Iter 27: loss = 0.004870,	Top-1 err = 68.480000,	Top-5 err = 42.100000,	train_time = 1.390155
TRAIN Iter 28: loss = 0.004809,	Top-1 err = 68.040000,	Top-5 err = 40.460000,	train_time = 1.401105
TRAIN Iter 29: loss = 0.004724,	Top-1 err = 65.720000,	Top-5 err = 38.060000,	train_time = 1.420668
TRAIN Iter 30: loss = 0.004707,	Top-1 err = 67.540000,	Top-5 err = 40.940000,	train_time = 1.302899
TRAIN Iter 31: loss = 0.004659,	Top-1 err = 68.480000,	Top-5 err = 40.680000,	train_time = 1.401445
TRAIN Iter 32: loss = 0.004641,	Top-1 err = 65.800000,	Top-5 err = 39.140000,	train_time = 1.318175
TRAIN Iter 33: loss = 0.004510,	Top-1 err = 67.960000,	Top-5 err = 39.620000,	train_time = 1.365729
TRAIN Iter 34: loss = 0.004550,	Top-1 err = 70.220000,	Top-5 err = 44.180000,	train_time = 1.325460
TRAIN Iter 35: loss = 0.004514,	Top-1 err = 67.860000,	Top-5 err = 40.880000,	train_time = 1.409286
TRAIN Iter 36: loss = 0.004384,	Top-1 err = 70.800000,	Top-5 err = 43.620000,	train_time = 1.364718
TRAIN Iter 37: loss = 0.004457,	Top-1 err = 71.220000,	Top-5 err = 44.580000,	train_time = 1.402718
TRAIN Iter 38: loss = 0.004368,	Top-1 err = 64.980000,	Top-5 err = 39.100000,	train_time = 1.308455
TRAIN Iter 39: loss = 0.004159,	Top-1 err = 66.900000,	Top-5 err = 39.780000,	train_time = 1.359783
TRAIN Iter 40: loss = 0.004227,	Top-1 err = 65.980000,	Top-5 err = 39.120000,	train_time = 1.403129
TRAIN Iter 41: loss = 0.004232,	Top-1 err = 68.700000,	Top-5 err = 41.480000,	train_time = 1.246764
TRAIN Iter 42: loss = 0.004188,	Top-1 err = 63.640000,	Top-5 err = 36.740000,	train_time = 1.436807
TRAIN Iter 43: loss = 0.004072,	Top-1 err = 67.000000,	Top-5 err = 38.200000,	train_time = 1.386680
TRAIN Iter 44: loss = 0.004106,	Top-1 err = 67.380000,	Top-5 err = 40.400000,	train_time = 1.374506
TRAIN Iter 45: loss = 0.004021,	Top-1 err = 66.320000,	Top-5 err = 38.640000,	train_time = 1.310856
TRAIN Iter 46: loss = 0.004066,	Top-1 err = 67.760000,	Top-5 err = 41.540000,	train_time = 1.271250
TRAIN Iter 47: loss = 0.003971,	Top-1 err = 67.060000,	Top-5 err = 40.640000,	train_time = 1.349499
TRAIN Iter 48: loss = 0.003926,	Top-1 err = 66.260000,	Top-5 err = 40.040000,	train_time = 1.344625
TRAIN Iter 49: loss = 0.003931,	Top-1 err = 64.280000,	Top-5 err = 36.900000,	train_time = 1.346731
TRAIN Iter 50: loss = 0.003910,	Top-1 err = 66.080000,	Top-5 err = 38.840000,	train_time = 1.361755
TRAIN Iter 51: loss = 0.003896,	Top-1 err = 67.560000,	Top-5 err = 41.560000,	train_time = 1.320662
TRAIN Iter 52: loss = 0.003846,	Top-1 err = 67.800000,	Top-5 err = 40.460000,	train_time = 1.344650
TRAIN Iter 53: loss = 0.003801,	Top-1 err = 64.980000,	Top-5 err = 37.920000,	train_time = 1.330407
TRAIN Iter 54: loss = 0.003813,	Top-1 err = 65.620000,	Top-5 err = 38.340000,	train_time = 1.422025
TRAIN Iter 55: loss = 0.003817,	Top-1 err = 65.260000,	Top-5 err = 38.400000,	train_time = 1.170576
TRAIN Iter 56: loss = 0.003767,	Top-1 err = 67.380000,	Top-5 err = 42.180000,	train_time = 1.376905
TRAIN Iter 57: loss = 0.003782,	Top-1 err = 67.020000,	Top-5 err = 40.680000,	train_time = 1.396158
TRAIN Iter 58: loss = 0.003773,	Top-1 err = 64.020000,	Top-5 err = 38.340000,	train_time = 1.367135
TRAIN Iter 59: loss = 0.003672,	Top-1 err = 67.720000,	Top-5 err = 41.020000,	train_time = 1.363572
TRAIN Iter 60: loss = 0.003675,	Top-1 err = 67.040000,	Top-5 err = 41.180000,	train_time = 1.327497
TRAIN Iter 61: loss = 0.003669,	Top-1 err = 66.920000,	Top-5 err = 40.120000,	train_time = 1.289925
TRAIN Iter 62: loss = 0.003594,	Top-1 err = 66.400000,	Top-5 err = 39.800000,	train_time = 1.346456
TRAIN Iter 63: loss = 0.003593,	Top-1 err = 67.060000,	Top-5 err = 39.680000,	train_time = 1.363645
TRAIN Iter 64: loss = 0.003533,	Top-1 err = 64.240000,	Top-5 err = 37.860000,	train_time = 1.325616
TRAIN Iter 65: loss = 0.003661,	Top-1 err = 65.560000,	Top-5 err = 40.400000,	train_time = 1.369208
TRAIN Iter 66: loss = 0.003509,	Top-1 err = 67.780000,	Top-5 err = 40.300000,	train_time = 1.402242
TRAIN Iter 67: loss = 0.003580,	Top-1 err = 67.500000,	Top-5 err = 41.280000,	train_time = 1.316399
TRAIN Iter 68: loss = 0.003480,	Top-1 err = 67.100000,	Top-5 err = 41.160000,	train_time = 1.373832
TRAIN Iter 69: loss = 0.003500,	Top-1 err = 64.440000,	Top-5 err = 37.820000,	train_time = 1.353460
TRAIN Iter 70: loss = 0.003422,	Top-1 err = 64.320000,	Top-5 err = 38.380000,	train_time = 1.376816
TRAIN Iter 71: loss = 0.003413,	Top-1 err = 67.680000,	Top-5 err = 40.780000,	train_time = 1.285892
TRAIN Iter 72: loss = 0.003438,	Top-1 err = 66.360000,	Top-5 err = 39.300000,	train_time = 1.390378
TRAIN Iter 73: loss = 0.003389,	Top-1 err = 64.320000,	Top-5 err = 38.040000,	train_time = 1.345509
TRAIN Iter 74: loss = 0.003398,	Top-1 err = 64.040000,	Top-5 err = 37.640000,	train_time = 1.326723
TRAIN Iter 75: loss = 0.003392,	Top-1 err = 66.980000,	Top-5 err = 40.160000,	train_time = 1.371421
TRAIN Iter 76: loss = 0.003384,	Top-1 err = 64.780000,	Top-5 err = 38.980000,	train_time = 1.370119
TRAIN Iter 77: loss = 0.003300,	Top-1 err = 66.120000,	Top-5 err = 39.420000,	train_time = 1.323670
TRAIN Iter 78: loss = 0.003272,	Top-1 err = 66.740000,	Top-5 err = 40.940000,	train_time = 1.325542
TRAIN Iter 79: loss = 0.003252,	Top-1 err = 65.260000,	Top-5 err = 38.160000,	train_time = 1.302912
TRAIN Iter 80: loss = 0.003298,	Top-1 err = 66.920000,	Top-5 err = 40.040000,	train_time = 1.286785
TRAIN Iter 81: loss = 0.003226,	Top-1 err = 63.400000,	Top-5 err = 36.760000,	train_time = 1.388589
TRAIN Iter 82: loss = 0.003225,	Top-1 err = 67.060000,	Top-5 err = 40.620000,	train_time = 1.371227
TRAIN Iter 83: loss = 0.003267,	Top-1 err = 67.160000,	Top-5 err = 41.060000,	train_time = 1.362160
TRAIN Iter 84: loss = 0.003219,	Top-1 err = 62.520000,	Top-5 err = 35.260000,	train_time = 1.356552
TRAIN Iter 85: loss = 0.003237,	Top-1 err = 65.680000,	Top-5 err = 39.660000,	train_time = 1.467302
TRAIN Iter 86: loss = 0.003161,	Top-1 err = 65.260000,	Top-5 err = 39.760000,	train_time = 1.309428
TRAIN Iter 87: loss = 0.003163,	Top-1 err = 65.920000,	Top-5 err = 39.420000,	train_time = 1.349985
TRAIN Iter 88: loss = 0.003145,	Top-1 err = 67.980000,	Top-5 err = 42.440000,	train_time = 1.390419
TRAIN Iter 89: loss = 0.003218,	Top-1 err = 67.400000,	Top-5 err = 42.040000,	train_time = 1.353621
TRAIN Iter 90: loss = 0.003173,	Top-1 err = 66.100000,	Top-5 err = 40.860000,	train_time = 1.319448
TRAIN Iter 91: loss = 0.003117,	Top-1 err = 63.680000,	Top-5 err = 38.080000,	train_time = 1.317796
TRAIN Iter 92: loss = 0.003128,	Top-1 err = 67.520000,	Top-5 err = 41.800000,	train_time = 1.406589
TRAIN Iter 93: loss = 0.003033,	Top-1 err = 67.920000,	Top-5 err = 42.500000,	train_time = 1.394411
TRAIN Iter 94: loss = 0.003018,	Top-1 err = 64.360000,	Top-5 err = 37.800000,	train_time = 1.372370
TRAIN Iter 95: loss = 0.003072,	Top-1 err = 65.740000,	Top-5 err = 39.940000,	train_time = 1.371068
TRAIN Iter 96: loss = 0.003048,	Top-1 err = 65.280000,	Top-5 err = 39.240000,	train_time = 1.399729
TRAIN Iter 97: loss = 0.003009,	Top-1 err = 65.640000,	Top-5 err = 39.780000,	train_time = 1.388384
TRAIN Iter 98: loss = 0.003058,	Top-1 err = 66.740000,	Top-5 err = 40.740000,	train_time = 1.368294
TRAIN Iter 99: loss = 0.003023,	Top-1 err = 66.380000,	Top-5 err = 39.920000,	train_time = 1.408307
TRAIN Iter 100: loss = 0.003009,	Top-1 err = 64.480000,	Top-5 err = 38.560000,	train_time = 1.307344
TRAIN Iter 101: loss = 0.002980,	Top-1 err = 66.020000,	Top-5 err = 39.400000,	train_time = 1.417000
TRAIN Iter 102: loss = 0.002879,	Top-1 err = 64.300000,	Top-5 err = 38.620000,	train_time = 1.376608
TRAIN Iter 103: loss = 0.002949,	Top-1 err = 65.180000,	Top-5 err = 39.020000,	train_time = 1.377964
TRAIN Iter 104: loss = 0.002930,	Top-1 err = 64.700000,	Top-5 err = 38.700000,	train_time = 1.392155
TRAIN Iter 105: loss = 0.002935,	Top-1 err = 66.080000,	Top-5 err = 40.500000,	train_time = 1.344845
TRAIN Iter 106: loss = 0.002887,	Top-1 err = 67.060000,	Top-5 err = 41.660000,	train_time = 1.382798
TRAIN Iter 107: loss = 0.002894,	Top-1 err = 60.560000,	Top-5 err = 34.060000,	train_time = 1.329663
TRAIN Iter 108: loss = 0.002879,	Top-1 err = 63.520000,	Top-5 err = 37.500000,	train_time = 1.326269
TRAIN Iter 109: loss = 0.002888,	Top-1 err = 65.760000,	Top-5 err = 41.080000,	train_time = 1.376971
TRAIN Iter 110: loss = 0.002882,	Top-1 err = 64.480000,	Top-5 err = 37.540000,	train_time = 1.268250
TRAIN Iter 111: loss = 0.002857,	Top-1 err = 65.500000,	Top-5 err = 38.440000,	train_time = 1.374180
TRAIN Iter 112: loss = 0.002857,	Top-1 err = 63.840000,	Top-5 err = 38.540000,	train_time = 1.367646
TRAIN Iter 113: loss = 0.002806,	Top-1 err = 66.900000,	Top-5 err = 39.900000,	train_time = 1.388302
TRAIN Iter 114: loss = 0.002853,	Top-1 err = 64.160000,	Top-5 err = 38.080000,	train_time = 1.335590
TRAIN Iter 115: loss = 0.002762,	Top-1 err = 64.460000,	Top-5 err = 39.740000,	train_time = 1.328750
TRAIN Iter 116: loss = 0.002782,	Top-1 err = 65.480000,	Top-5 err = 39.480000,	train_time = 1.382366
TRAIN Iter 117: loss = 0.002783,	Top-1 err = 64.820000,	Top-5 err = 39.180000,	train_time = 1.287963
TRAIN Iter 118: loss = 0.002793,	Top-1 err = 63.060000,	Top-5 err = 38.720000,	train_time = 1.354885
TRAIN Iter 119: loss = 0.002770,	Top-1 err = 64.480000,	Top-5 err = 38.540000,	train_time = 1.301942
TRAIN Iter 120: loss = 0.002721,	Top-1 err = 65.440000,	Top-5 err = 39.880000,	train_time = 1.332589
TRAIN Iter 121: loss = 0.002761,	Top-1 err = 64.680000,	Top-5 err = 39.280000,	train_time = 1.394984
TRAIN Iter 122: loss = 0.002680,	Top-1 err = 63.300000,	Top-5 err = 36.740000,	train_time = 1.423162
TRAIN Iter 123: loss = 0.002814,	Top-1 err = 67.700000,	Top-5 err = 42.340000,	train_time = 1.354492
TRAIN Iter 124: loss = 0.002642,	Top-1 err = 63.060000,	Top-5 err = 35.640000,	train_time = 1.360365
TRAIN Iter 125: loss = 0.002640,	Top-1 err = 61.020000,	Top-5 err = 35.760000,	train_time = 1.394050
TRAIN Iter 126: loss = 0.002616,	Top-1 err = 62.700000,	Top-5 err = 35.620000,	train_time = 1.378699
TRAIN Iter 127: loss = 0.002636,	Top-1 err = 63.020000,	Top-5 err = 36.240000,	train_time = 1.393165
TRAIN Iter 128: loss = 0.002585,	Top-1 err = 63.100000,	Top-5 err = 36.920000,	train_time = 1.430776
TRAIN Iter 129: loss = 0.002626,	Top-1 err = 63.780000,	Top-5 err = 38.060000,	train_time = 1.359744
TRAIN Iter 130: loss = 0.002641,	Top-1 err = 62.860000,	Top-5 err = 36.260000,	train_time = 1.432682
TRAIN Iter 131: loss = 0.002598,	Top-1 err = 62.540000,	Top-5 err = 36.360000,	train_time = 1.388887
TRAIN Iter 132: loss = 0.002643,	Top-1 err = 62.820000,	Top-5 err = 37.240000,	train_time = 1.340744
TRAIN Iter 133: loss = 0.002568,	Top-1 err = 64.540000,	Top-5 err = 37.620000,	train_time = 1.325009
TRAIN Iter 134: loss = 0.002558,	Top-1 err = 63.180000,	Top-5 err = 38.800000,	train_time = 1.373801
TRAIN Iter 135: loss = 0.002544,	Top-1 err = 63.520000,	Top-5 err = 38.060000,	train_time = 1.402358
TRAIN Iter 136: loss = 0.002618,	Top-1 err = 65.460000,	Top-5 err = 39.200000,	train_time = 1.327746
TRAIN Iter 137: loss = 0.002585,	Top-1 err = 63.160000,	Top-5 err = 36.700000,	train_time = 1.359312
TRAIN Iter 138: loss = 0.002534,	Top-1 err = 64.240000,	Top-5 err = 36.920000,	train_time = 1.396814
TRAIN Iter 139: loss = 0.002485,	Top-1 err = 63.540000,	Top-5 err = 37.200000,	train_time = 1.438423
TRAIN Iter 140: loss = 0.002522,	Top-1 err = 67.000000,	Top-5 err = 40.840000,	train_time = 1.350540
TRAIN Iter 141: loss = 0.002489,	Top-1 err = 63.120000,	Top-5 err = 35.280000,	train_time = 1.358624
TRAIN Iter 142: loss = 0.002535,	Top-1 err = 62.940000,	Top-5 err = 36.060000,	train_time = 1.281651
TRAIN Iter 143: loss = 0.002502,	Top-1 err = 63.180000,	Top-5 err = 37.520000,	train_time = 1.373626
TRAIN Iter 144: loss = 0.002494,	Top-1 err = 64.040000,	Top-5 err = 37.280000,	train_time = 1.277939
TRAIN Iter 145: loss = 0.002480,	Top-1 err = 62.960000,	Top-5 err = 37.720000,	train_time = 1.340606
TRAIN Iter 146: loss = 0.002513,	Top-1 err = 64.920000,	Top-5 err = 39.220000,	train_time = 1.398268
TRAIN Iter 147: loss = 0.002459,	Top-1 err = 64.600000,	Top-5 err = 37.500000,	train_time = 1.343935
TRAIN Iter 148: loss = 0.002460,	Top-1 err = 65.360000,	Top-5 err = 39.800000,	train_time = 1.378567
TRAIN Iter 149: loss = 0.002410,	Top-1 err = 63.620000,	Top-5 err = 37.760000,	train_time = 1.288235
TRAIN Iter 150: loss = 0.002411,	Top-1 err = 62.160000,	Top-5 err = 36.160000,	train_time = 1.356788
TRAIN Iter 151: loss = 0.002438,	Top-1 err = 64.580000,	Top-5 err = 38.240000,	train_time = 1.369312
TRAIN Iter 152: loss = 0.002424,	Top-1 err = 64.820000,	Top-5 err = 39.200000,	train_time = 1.307554
TRAIN Iter 153: loss = 0.002377,	Top-1 err = 62.020000,	Top-5 err = 36.360000,	train_time = 1.427564
TRAIN Iter 154: loss = 0.002412,	Top-1 err = 63.400000,	Top-5 err = 37.780000,	train_time = 1.299645
TRAIN Iter 155: loss = 0.002402,	Top-1 err = 65.220000,	Top-5 err = 40.640000,	train_time = 1.346228
TRAIN Iter 156: loss = 0.002393,	Top-1 err = 65.560000,	Top-5 err = 39.240000,	train_time = 1.337279
TRAIN Iter 157: loss = 0.002355,	Top-1 err = 62.180000,	Top-5 err = 38.220000,	train_time = 1.318408
TRAIN Iter 158: loss = 0.002359,	Top-1 err = 62.220000,	Top-5 err = 36.560000,	train_time = 1.393249
TRAIN Iter 159: loss = 0.002377,	Top-1 err = 62.720000,	Top-5 err = 37.220000,	train_time = 1.447077
TRAIN Iter 160: loss = 0.002342,	Top-1 err = 61.380000,	Top-5 err = 34.200000,	train_time = 1.346831
TRAIN Iter 161: loss = 0.002335,	Top-1 err = 61.360000,	Top-5 err = 34.980000,	train_time = 1.430602
TRAIN Iter 162: loss = 0.002364,	Top-1 err = 64.660000,	Top-5 err = 38.760000,	train_time = 1.354888
TRAIN Iter 163: loss = 0.002308,	Top-1 err = 61.860000,	Top-5 err = 36.560000,	train_time = 1.334793
TRAIN Iter 164: loss = 0.002266,	Top-1 err = 63.460000,	Top-5 err = 37.480000,	train_time = 1.300416
TRAIN Iter 165: loss = 0.002284,	Top-1 err = 63.560000,	Top-5 err = 37.460000,	train_time = 1.443390
TRAIN Iter 166: loss = 0.002306,	Top-1 err = 62.480000,	Top-5 err = 35.760000,	train_time = 1.326999
TRAIN Iter 167: loss = 0.002290,	Top-1 err = 61.560000,	Top-5 err = 36.500000,	train_time = 1.192776
TRAIN Iter 168: loss = 0.002321,	Top-1 err = 64.200000,	Top-5 err = 37.560000,	train_time = 1.287008
TRAIN Iter 169: loss = 0.002295,	Top-1 err = 64.960000,	Top-5 err = 39.500000,	train_time = 1.299904
TRAIN Iter 170: loss = 0.002300,	Top-1 err = 62.940000,	Top-5 err = 37.580000,	train_time = 1.380748
TRAIN Iter 171: loss = 0.002321,	Top-1 err = 64.900000,	Top-5 err = 39.060000,	train_time = 1.342004
TRAIN Iter 172: loss = 0.002266,	Top-1 err = 58.460000,	Top-5 err = 31.780000,	train_time = 1.367402
TRAIN Iter 173: loss = 0.002271,	Top-1 err = 64.100000,	Top-5 err = 38.940000,	train_time = 1.392008
TRAIN Iter 174: loss = 0.002299,	Top-1 err = 64.040000,	Top-5 err = 39.320000,	train_time = 1.400693
TRAIN Iter 175: loss = 0.002292,	Top-1 err = 65.480000,	Top-5 err = 39.480000,	train_time = 1.394056
TRAIN Iter 176: loss = 0.002230,	Top-1 err = 63.020000,	Top-5 err = 36.020000,	train_time = 1.325165
TRAIN Iter 177: loss = 0.002257,	Top-1 err = 63.440000,	Top-5 err = 37.220000,	train_time = 1.388300
TRAIN Iter 178: loss = 0.002214,	Top-1 err = 64.040000,	Top-5 err = 38.420000,	train_time = 1.381827
TRAIN Iter 179: loss = 0.002210,	Top-1 err = 64.820000,	Top-5 err = 39.020000,	train_time = 1.439035
TRAIN Iter 180: loss = 0.002179,	Top-1 err = 62.420000,	Top-5 err = 35.820000,	train_time = 1.389717
TRAIN Iter 181: loss = 0.002240,	Top-1 err = 64.080000,	Top-5 err = 39.340000,	train_time = 1.301174
TRAIN Iter 182: loss = 0.002210,	Top-1 err = 63.600000,	Top-5 err = 37.880000,	train_time = 1.368388
TRAIN Iter 183: loss = 0.002245,	Top-1 err = 64.080000,	Top-5 err = 39.220000,	train_time = 1.414473
TRAIN Iter 184: loss = 0.002133,	Top-1 err = 64.460000,	Top-5 err = 39.080000,	train_time = 1.348378
TRAIN Iter 185: loss = 0.002187,	Top-1 err = 64.700000,	Top-5 err = 39.140000,	train_time = 1.352655
TRAIN Iter 186: loss = 0.002138,	Top-1 err = 63.060000,	Top-5 err = 36.780000,	train_time = 1.301178
TRAIN Iter 187: loss = 0.002210,	Top-1 err = 66.180000,	Top-5 err = 40.120000,	train_time = 1.315030
TRAIN Iter 188: loss = 0.002137,	Top-1 err = 61.260000,	Top-5 err = 36.260000,	train_time = 1.329947
TRAIN Iter 189: loss = 0.002143,	Top-1 err = 64.320000,	Top-5 err = 38.780000,	train_time = 1.393583
TRAIN Iter 190: loss = 0.002113,	Top-1 err = 63.420000,	Top-5 err = 38.020000,	train_time = 1.405433
TRAIN Iter 191: loss = 0.002148,	Top-1 err = 63.760000,	Top-5 err = 37.020000,	train_time = 1.355964
TRAIN Iter 192: loss = 0.002131,	Top-1 err = 62.160000,	Top-5 err = 36.220000,	train_time = 1.435941
TRAIN Iter 193: loss = 0.002150,	Top-1 err = 60.880000,	Top-5 err = 34.660000,	train_time = 1.310674
TRAIN Iter 194: loss = 0.002110,	Top-1 err = 63.060000,	Top-5 err = 38.100000,	train_time = 1.345151
TRAIN Iter 195: loss = 0.002127,	Top-1 err = 66.080000,	Top-5 err = 40.520000,	train_time = 1.388633
TRAIN Iter 196: loss = 0.002107,	Top-1 err = 61.120000,	Top-5 err = 34.060000,	train_time = 1.421940
TRAIN Iter 197: loss = 0.002117,	Top-1 err = 63.140000,	Top-5 err = 38.040000,	train_time = 1.369737
TRAIN Iter 198: loss = 0.002090,	Top-1 err = 61.680000,	Top-5 err = 37.060000,	train_time = 1.359445
TRAIN Iter 199: loss = 0.002106,	Top-1 err = 67.180000,	Top-5 err = 41.960000,	train_time = 1.331703
TRAIN Iter 200: loss = 0.002092,	Top-1 err = 63.300000,	Top-5 err = 37.900000,	train_time = 1.437807
TRAIN Iter 201: loss = 0.002157,	Top-1 err = 64.020000,	Top-5 err = 38.040000,	train_time = 1.329172
TRAIN Iter 202: loss = 0.002086,	Top-1 err = 64.280000,	Top-5 err = 38.860000,	train_time = 1.349789
TRAIN Iter 203: loss = 0.002031,	Top-1 err = 61.440000,	Top-5 err = 36.700000,	train_time = 1.356511
TRAIN Iter 204: loss = 0.002057,	Top-1 err = 59.740000,	Top-5 err = 34.320000,	train_time = 1.304331
TRAIN Iter 205: loss = 0.002012,	Top-1 err = 63.140000,	Top-5 err = 36.380000,	train_time = 1.331058
TRAIN Iter 206: loss = 0.002059,	Top-1 err = 63.080000,	Top-5 err = 38.560000,	train_time = 1.333925
TRAIN Iter 207: loss = 0.002052,	Top-1 err = 61.940000,	Top-5 err = 36.160000,	train_time = 1.419481
TRAIN Iter 208: loss = 0.002002,	Top-1 err = 61.160000,	Top-5 err = 35.140000,	train_time = 1.347557
TRAIN Iter 209: loss = 0.002024,	Top-1 err = 61.500000,	Top-5 err = 35.460000,	train_time = 1.441441
TRAIN Iter 210: loss = 0.002084,	Top-1 err = 65.400000,	Top-5 err = 39.320000,	train_time = 1.329888
TRAIN Iter 211: loss = 0.002038,	Top-1 err = 67.120000,	Top-5 err = 40.880000,	train_time = 1.425182
TRAIN Iter 212: loss = 0.002011,	Top-1 err = 60.760000,	Top-5 err = 34.840000,	train_time = 1.369925
TRAIN Iter 213: loss = 0.002064,	Top-1 err = 63.880000,	Top-5 err = 37.940000,	train_time = 1.391607
TRAIN Iter 214: loss = 0.002005,	Top-1 err = 61.180000,	Top-5 err = 34.640000,	train_time = 1.416587
TRAIN Iter 215: loss = 0.002001,	Top-1 err = 61.760000,	Top-5 err = 36.580000,	train_time = 1.393739
TRAIN Iter 216: loss = 0.001998,	Top-1 err = 63.560000,	Top-5 err = 39.440000,	train_time = 1.329165
TRAIN Iter 217: loss = 0.001957,	Top-1 err = 60.960000,	Top-5 err = 35.700000,	train_time = 1.173774
TRAIN Iter 218: loss = 0.001993,	Top-1 err = 62.420000,	Top-5 err = 36.560000,	train_time = 1.377436
TRAIN Iter 219: loss = 0.001953,	Top-1 err = 61.740000,	Top-5 err = 35.560000,	train_time = 1.362072
TRAIN Iter 220: loss = 0.002028,	Top-1 err = 61.080000,	Top-5 err = 36.060000,	train_time = 1.307769
TRAIN Iter 221: loss = 0.001990,	Top-1 err = 62.460000,	Top-5 err = 37.300000,	train_time = 1.301391
TRAIN Iter 222: loss = 0.001973,	Top-1 err = 61.580000,	Top-5 err = 34.700000,	train_time = 1.307767
TRAIN Iter 223: loss = 0.001942,	Top-1 err = 64.380000,	Top-5 err = 38.540000,	train_time = 1.369626
TRAIN Iter 224: loss = 0.001949,	Top-1 err = 60.980000,	Top-5 err = 35.020000,	train_time = 1.347232
TRAIN Iter 225: loss = 0.001957,	Top-1 err = 62.640000,	Top-5 err = 36.960000,	train_time = 1.348551
TRAIN Iter 226: loss = 0.001906,	Top-1 err = 63.920000,	Top-5 err = 38.380000,	train_time = 1.424767
TRAIN Iter 227: loss = 0.001896,	Top-1 err = 60.240000,	Top-5 err = 34.400000,	train_time = 1.367100
TRAIN Iter 228: loss = 0.001933,	Top-1 err = 61.800000,	Top-5 err = 36.020000,	train_time = 1.340579
TRAIN Iter 229: loss = 0.001905,	Top-1 err = 62.760000,	Top-5 err = 37.640000,	train_time = 1.392332
TRAIN Iter 230: loss = 0.001907,	Top-1 err = 64.560000,	Top-5 err = 39.960000,	train_time = 1.369590
TRAIN Iter 231: loss = 0.001907,	Top-1 err = 61.660000,	Top-5 err = 37.480000,	train_time = 1.379031
TRAIN Iter 232: loss = 0.001965,	Top-1 err = 64.820000,	Top-5 err = 40.000000,	train_time = 1.237415
TRAIN Iter 233: loss = 0.001941,	Top-1 err = 63.460000,	Top-5 err = 37.840000,	train_time = 1.368612
TRAIN Iter 234: loss = 0.001928,	Top-1 err = 62.880000,	Top-5 err = 36.100000,	train_time = 1.332063
TRAIN Iter 235: loss = 0.001949,	Top-1 err = 62.360000,	Top-5 err = 37.540000,	train_time = 1.313892
TRAIN Iter 236: loss = 0.001884,	Top-1 err = 64.220000,	Top-5 err = 38.220000,	train_time = 1.363179
TRAIN Iter 237: loss = 0.001861,	Top-1 err = 61.200000,	Top-5 err = 35.020000,	train_time = 1.382298
TRAIN Iter 238: loss = 0.001939,	Top-1 err = 64.880000,	Top-5 err = 39.380000,	train_time = 1.359545
TRAIN Iter 239: loss = 0.001901,	Top-1 err = 64.280000,	Top-5 err = 38.800000,	train_time = 1.310052
TRAIN Iter 240: loss = 0.001852,	Top-1 err = 62.900000,	Top-5 err = 37.440000,	train_time = 1.364942
TRAIN Iter 241: loss = 0.001873,	Top-1 err = 63.680000,	Top-5 err = 38.660000,	train_time = 1.350170
TRAIN Iter 242: loss = 0.001921,	Top-1 err = 64.680000,	Top-5 err = 40.120000,	train_time = 1.349579
TRAIN Iter 243: loss = 0.001842,	Top-1 err = 61.140000,	Top-5 err = 35.640000,	train_time = 1.372552
TRAIN Iter 244: loss = 0.001835,	Top-1 err = 62.200000,	Top-5 err = 36.740000,	train_time = 1.393298
TRAIN Iter 245: loss = 0.001844,	Top-1 err = 61.520000,	Top-5 err = 36.640000,	train_time = 1.390383
TRAIN Iter 246: loss = 0.001850,	Top-1 err = 60.720000,	Top-5 err = 35.760000,	train_time = 1.308544
TRAIN Iter 247: loss = 0.001884,	Top-1 err = 65.820000,	Top-5 err = 40.900000,	train_time = 1.288734
TRAIN Iter 248: loss = 0.001908,	Top-1 err = 63.480000,	Top-5 err = 38.460000,	train_time = 1.361994
TRAIN Iter 249: loss = 0.001829,	Top-1 err = 65.580000,	Top-5 err = 40.700000,	train_time = 1.410471
TEST:
Iter 249: loss = 1.657855,	Top-1 err = 42.310000,	Top-5 err = 16.020000,	val_time = 0.762614
TRAIN Iter 250: loss = 0.001835,	Top-1 err = 61.640000,	Top-5 err = 36.840000,	train_time = 1.404051
TRAIN Iter 251: loss = 0.001895,	Top-1 err = 64.960000,	Top-5 err = 39.460000,	train_time = 1.340627
TRAIN Iter 252: loss = 0.001816,	Top-1 err = 64.120000,	Top-5 err = 39.180000,	train_time = 1.378046
TRAIN Iter 253: loss = 0.001794,	Top-1 err = 63.440000,	Top-5 err = 36.740000,	train_time = 1.423290
TRAIN Iter 254: loss = 0.001824,	Top-1 err = 65.500000,	Top-5 err = 39.900000,	train_time = 1.362629
TRAIN Iter 255: loss = 0.001797,	Top-1 err = 63.280000,	Top-5 err = 37.700000,	train_time = 1.328494
TRAIN Iter 256: loss = 0.001817,	Top-1 err = 63.360000,	Top-5 err = 38.000000,	train_time = 1.381319
TRAIN Iter 257: loss = 0.001800,	Top-1 err = 62.260000,	Top-5 err = 37.200000,	train_time = 1.319216
TRAIN Iter 258: loss = 0.001825,	Top-1 err = 61.440000,	Top-5 err = 35.720000,	train_time = 1.371456
TRAIN Iter 259: loss = 0.001804,	Top-1 err = 62.020000,	Top-5 err = 36.180000,	train_time = 1.313341
TEST:
Iter 259: loss = 1.627616,	Top-1 err = 41.970000,	Top-5 err = 15.670000,	val_time = 0.778724
TRAIN Iter 260: loss = 0.001779,	Top-1 err = 60.760000,	Top-5 err = 35.540000,	train_time = 1.373005
TRAIN Iter 261: loss = 0.001761,	Top-1 err = 62.260000,	Top-5 err = 37.380000,	train_time = 1.359126
TRAIN Iter 262: loss = 0.001798,	Top-1 err = 63.120000,	Top-5 err = 35.960000,	train_time = 1.305050
TRAIN Iter 263: loss = 0.001830,	Top-1 err = 63.900000,	Top-5 err = 38.460000,	train_time = 1.327542
TRAIN Iter 264: loss = 0.001780,	Top-1 err = 63.280000,	Top-5 err = 36.960000,	train_time = 1.378101
TRAIN Iter 265: loss = 0.001792,	Top-1 err = 61.420000,	Top-5 err = 36.560000,	train_time = 1.349681
TRAIN Iter 266: loss = 0.001761,	Top-1 err = 62.800000,	Top-5 err = 39.420000,	train_time = 1.401507
TRAIN Iter 267: loss = 0.001768,	Top-1 err = 62.900000,	Top-5 err = 36.640000,	train_time = 1.312552
TRAIN Iter 268: loss = 0.001728,	Top-1 err = 62.200000,	Top-5 err = 35.100000,	train_time = 1.347876
TRAIN Iter 269: loss = 0.001762,	Top-1 err = 61.740000,	Top-5 err = 36.880000,	train_time = 1.379400
TEST:
Iter 269: loss = 1.682463,	Top-1 err = 42.380000,	Top-5 err = 16.190000,	val_time = 0.778439
TRAIN Iter 270: loss = 0.001743,	Top-1 err = 61.820000,	Top-5 err = 35.480000,	train_time = 1.365063
TRAIN Iter 271: loss = 0.001683,	Top-1 err = 58.480000,	Top-5 err = 32.900000,	train_time = 1.385885
TRAIN Iter 272: loss = 0.001740,	Top-1 err = 63.160000,	Top-5 err = 37.520000,	train_time = 1.380341
TRAIN Iter 273: loss = 0.001756,	Top-1 err = 63.200000,	Top-5 err = 38.400000,	train_time = 1.440527
TRAIN Iter 274: loss = 0.001714,	Top-1 err = 60.480000,	Top-5 err = 35.640000,	train_time = 1.416196
TRAIN Iter 275: loss = 0.001725,	Top-1 err = 60.820000,	Top-5 err = 35.400000,	train_time = 1.374890
TRAIN Iter 276: loss = 0.001740,	Top-1 err = 61.620000,	Top-5 err = 36.300000,	train_time = 1.345869
TRAIN Iter 277: loss = 0.001720,	Top-1 err = 66.420000,	Top-5 err = 42.400000,	train_time = 1.443115
TRAIN Iter 278: loss = 0.001717,	Top-1 err = 62.040000,	Top-5 err = 37.800000,	train_time = 1.328357
TRAIN Iter 279: loss = 0.001709,	Top-1 err = 63.400000,	Top-5 err = 38.680000,	train_time = 1.329664
TEST:
Iter 279: loss = 1.632260,	Top-1 err = 41.860000,	Top-5 err = 15.450000,	val_time = 0.737860
TRAIN Iter 280: loss = 0.001711,	Top-1 err = 62.720000,	Top-5 err = 37.200000,	train_time = 1.361931
TRAIN Iter 281: loss = 0.001686,	Top-1 err = 62.720000,	Top-5 err = 37.460000,	train_time = 1.316946
TRAIN Iter 282: loss = 0.001710,	Top-1 err = 60.520000,	Top-5 err = 36.620000,	train_time = 1.196122
TRAIN Iter 283: loss = 0.001698,	Top-1 err = 61.620000,	Top-5 err = 37.140000,	train_time = 1.310822
TRAIN Iter 284: loss = 0.001701,	Top-1 err = 62.880000,	Top-5 err = 36.620000,	train_time = 1.286098
TRAIN Iter 285: loss = 0.001702,	Top-1 err = 64.420000,	Top-5 err = 39.520000,	train_time = 1.277058
TRAIN Iter 286: loss = 0.001687,	Top-1 err = 63.720000,	Top-5 err = 37.540000,	train_time = 1.408546
TRAIN Iter 287: loss = 0.001630,	Top-1 err = 63.060000,	Top-5 err = 36.480000,	train_time = 1.396089
TRAIN Iter 288: loss = 0.001686,	Top-1 err = 61.560000,	Top-5 err = 37.320000,	train_time = 1.358577
TRAIN Iter 289: loss = 0.001679,	Top-1 err = 63.920000,	Top-5 err = 39.300000,	train_time = 1.342579
TEST:
Iter 289: loss = 1.712940,	Top-1 err = 42.770000,	Top-5 err = 16.220000,	val_time = 0.736799
TRAIN Iter 290: loss = 0.001669,	Top-1 err = 61.720000,	Top-5 err = 37.180000,	train_time = 1.278617
TRAIN Iter 291: loss = 0.001648,	Top-1 err = 59.980000,	Top-5 err = 33.440000,	train_time = 1.382458
TRAIN Iter 292: loss = 0.001702,	Top-1 err = 61.320000,	Top-5 err = 35.780000,	train_time = 1.318677
TRAIN Iter 293: loss = 0.001645,	Top-1 err = 64.760000,	Top-5 err = 39.020000,	train_time = 1.374537
TRAIN Iter 294: loss = 0.001682,	Top-1 err = 64.880000,	Top-5 err = 39.420000,	train_time = 1.376875
TRAIN Iter 295: loss = 0.001666,	Top-1 err = 63.920000,	Top-5 err = 39.720000,	train_time = 1.365532
TRAIN Iter 296: loss = 0.001640,	Top-1 err = 59.540000,	Top-5 err = 33.660000,	train_time = 1.290922
TRAIN Iter 297: loss = 0.001633,	Top-1 err = 57.500000,	Top-5 err = 32.260000,	train_time = 1.385107
TRAIN Iter 298: loss = 0.001608,	Top-1 err = 58.700000,	Top-5 err = 32.540000,	train_time = 1.325761
TRAIN Iter 299: loss = 0.001644,	Top-1 err = 61.680000,	Top-5 err = 35.380000,	train_time = 1.326266
TEST:
Iter 299: loss = 1.673707,	Top-1 err = 42.660000,	Top-5 err = 16.140000,	val_time = 0.853578
Train Finish! Best accuracy is 58.14@279
