/home/dvspanos/miniconda3/envs/rded/lib/python3.10/site-packages/torch/cuda/__init__.py:611: UserWarning: Can't initialize NVML
  warnings.warn("Can't initialize NVML")
=> using pytorch pre-trained teacher model 'conv3'
process data from /home/dvspanos/nikos/ca2d/artifacts/rded_sets/bench_cifar100_random_ipc100
load data successfully
TRAIN Iter 0: loss = 0.016450,	Top-1 err = 94.040000,	Top-5 err = 79.600000,	train_time = 3.328522
TRAIN Iter 1: loss = 0.012038,	Top-1 err = 88.990000,	Top-5 err = 68.660000,	train_time = 2.541262
TRAIN Iter 2: loss = 0.009901,	Top-1 err = 84.810000,	Top-5 err = 61.210000,	train_time = 2.658299
TRAIN Iter 3: loss = 0.008722,	Top-1 err = 82.060000,	Top-5 err = 57.900000,	train_time = 2.509009
TRAIN Iter 4: loss = 0.007723,	Top-1 err = 79.640000,	Top-5 err = 54.210000,	train_time = 2.475044
TRAIN Iter 5: loss = 0.007097,	Top-1 err = 78.730000,	Top-5 err = 52.930000,	train_time = 2.653463
TRAIN Iter 6: loss = 0.006626,	Top-1 err = 77.350000,	Top-5 err = 52.980000,	train_time = 2.576005
TRAIN Iter 7: loss = 0.006279,	Top-1 err = 76.750000,	Top-5 err = 51.970000,	train_time = 2.666306
TRAIN Iter 8: loss = 0.005991,	Top-1 err = 76.050000,	Top-5 err = 51.310000,	train_time = 2.559766
TRAIN Iter 9: loss = 0.005757,	Top-1 err = 75.850000,	Top-5 err = 50.420000,	train_time = 2.490799
TRAIN Iter 10: loss = 0.005473,	Top-1 err = 74.800000,	Top-5 err = 49.880000,	train_time = 2.634511
TRAIN Iter 11: loss = 0.005300,	Top-1 err = 75.010000,	Top-5 err = 48.500000,	train_time = 2.649601
TRAIN Iter 12: loss = 0.005147,	Top-1 err = 73.290000,	Top-5 err = 47.460000,	train_time = 2.570440
TRAIN Iter 13: loss = 0.005066,	Top-1 err = 74.800000,	Top-5 err = 49.300000,	train_time = 2.632422
TRAIN Iter 14: loss = 0.004918,	Top-1 err = 73.120000,	Top-5 err = 47.240000,	train_time = 2.444952
TRAIN Iter 15: loss = 0.004826,	Top-1 err = 73.560000,	Top-5 err = 48.420000,	train_time = 2.574002
TRAIN Iter 16: loss = 0.004659,	Top-1 err = 73.440000,	Top-5 err = 47.990000,	train_time = 2.559359
TRAIN Iter 17: loss = 0.004610,	Top-1 err = 71.000000,	Top-5 err = 45.710000,	train_time = 2.596112
TRAIN Iter 18: loss = 0.004511,	Top-1 err = 72.130000,	Top-5 err = 47.160000,	train_time = 2.592167
TRAIN Iter 19: loss = 0.004400,	Top-1 err = 71.900000,	Top-5 err = 46.780000,	train_time = 2.594279
TRAIN Iter 20: loss = 0.004320,	Top-1 err = 71.900000,	Top-5 err = 46.310000,	train_time = 2.552281
TRAIN Iter 21: loss = 0.004256,	Top-1 err = 71.700000,	Top-5 err = 46.110000,	train_time = 2.445992
TRAIN Iter 22: loss = 0.004256,	Top-1 err = 72.430000,	Top-5 err = 47.620000,	train_time = 2.607733
TRAIN Iter 23: loss = 0.004113,	Top-1 err = 71.770000,	Top-5 err = 46.620000,	train_time = 2.547823
TRAIN Iter 24: loss = 0.004089,	Top-1 err = 72.740000,	Top-5 err = 48.270000,	train_time = 2.617406
TRAIN Iter 25: loss = 0.004048,	Top-1 err = 70.780000,	Top-5 err = 46.030000,	train_time = 2.574269
TRAIN Iter 26: loss = 0.003983,	Top-1 err = 69.110000,	Top-5 err = 43.400000,	train_time = 2.465863
TRAIN Iter 27: loss = 0.003889,	Top-1 err = 70.610000,	Top-5 err = 45.500000,	train_time = 2.440348
TRAIN Iter 28: loss = 0.003860,	Top-1 err = 72.640000,	Top-5 err = 46.900000,	train_time = 2.625581
TRAIN Iter 29: loss = 0.003751,	Top-1 err = 70.170000,	Top-5 err = 45.290000,	train_time = 2.541478
TRAIN Iter 30: loss = 0.003731,	Top-1 err = 69.750000,	Top-5 err = 44.260000,	train_time = 2.554532
TRAIN Iter 31: loss = 0.003765,	Top-1 err = 71.150000,	Top-5 err = 47.090000,	train_time = 2.590543
TRAIN Iter 32: loss = 0.003658,	Top-1 err = 69.020000,	Top-5 err = 43.100000,	train_time = 2.523427
TRAIN Iter 33: loss = 0.003623,	Top-1 err = 69.850000,	Top-5 err = 43.930000,	train_time = 2.600200
TRAIN Iter 34: loss = 0.003623,	Top-1 err = 70.620000,	Top-5 err = 45.840000,	train_time = 2.520604
TRAIN Iter 35: loss = 0.003511,	Top-1 err = 70.120000,	Top-5 err = 44.410000,	train_time = 2.669846
TRAIN Iter 36: loss = 0.003494,	Top-1 err = 68.990000,	Top-5 err = 43.630000,	train_time = 2.599951
TRAIN Iter 37: loss = 0.003499,	Top-1 err = 70.670000,	Top-5 err = 45.120000,	train_time = 2.451833
TRAIN Iter 38: loss = 0.003406,	Top-1 err = 69.220000,	Top-5 err = 44.660000,	train_time = 2.612320
TRAIN Iter 39: loss = 0.003350,	Top-1 err = 70.650000,	Top-5 err = 45.350000,	train_time = 2.649324
TRAIN Iter 40: loss = 0.003373,	Top-1 err = 69.320000,	Top-5 err = 43.140000,	train_time = 2.532997
TRAIN Iter 41: loss = 0.003293,	Top-1 err = 68.950000,	Top-5 err = 42.960000,	train_time = 2.642364
TRAIN Iter 42: loss = 0.003301,	Top-1 err = 68.310000,	Top-5 err = 43.400000,	train_time = 2.628754
TRAIN Iter 43: loss = 0.003254,	Top-1 err = 70.710000,	Top-5 err = 46.190000,	train_time = 2.462209
TRAIN Iter 44: loss = 0.003253,	Top-1 err = 69.720000,	Top-5 err = 44.270000,	train_time = 2.614782
TRAIN Iter 45: loss = 0.003197,	Top-1 err = 69.470000,	Top-5 err = 44.970000,	train_time = 2.551096
TRAIN Iter 46: loss = 0.003119,	Top-1 err = 70.290000,	Top-5 err = 45.870000,	train_time = 2.472899
TRAIN Iter 47: loss = 0.003107,	Top-1 err = 68.020000,	Top-5 err = 42.250000,	train_time = 2.576562
TRAIN Iter 48: loss = 0.003053,	Top-1 err = 69.900000,	Top-5 err = 45.340000,	train_time = 2.618760
TRAIN Iter 49: loss = 0.003082,	Top-1 err = 67.830000,	Top-5 err = 42.360000,	train_time = 2.524508
TRAIN Iter 50: loss = 0.003001,	Top-1 err = 69.350000,	Top-5 err = 43.660000,	train_time = 2.535474
TRAIN Iter 51: loss = 0.003000,	Top-1 err = 68.670000,	Top-5 err = 43.090000,	train_time = 2.555733
TRAIN Iter 52: loss = 0.002965,	Top-1 err = 68.660000,	Top-5 err = 43.580000,	train_time = 2.647461
TRAIN Iter 53: loss = 0.002925,	Top-1 err = 67.720000,	Top-5 err = 42.400000,	train_time = 2.698749
TRAIN Iter 54: loss = 0.002904,	Top-1 err = 70.260000,	Top-5 err = 45.300000,	train_time = 2.483983
TRAIN Iter 55: loss = 0.002861,	Top-1 err = 68.950000,	Top-5 err = 44.610000,	train_time = 2.479935
TRAIN Iter 56: loss = 0.002861,	Top-1 err = 68.780000,	Top-5 err = 45.050000,	train_time = 2.595943
TRAIN Iter 57: loss = 0.002784,	Top-1 err = 69.560000,	Top-5 err = 44.300000,	train_time = 2.700505
TRAIN Iter 58: loss = 0.002786,	Top-1 err = 67.860000,	Top-5 err = 42.360000,	train_time = 2.690969
TRAIN Iter 59: loss = 0.002770,	Top-1 err = 69.430000,	Top-5 err = 43.650000,	train_time = 2.514007
TRAIN Iter 60: loss = 0.002742,	Top-1 err = 69.140000,	Top-5 err = 43.800000,	train_time = 2.530142
TRAIN Iter 61: loss = 0.002798,	Top-1 err = 67.940000,	Top-5 err = 42.200000,	train_time = 2.590672
TRAIN Iter 62: loss = 0.002712,	Top-1 err = 66.750000,	Top-5 err = 41.220000,	train_time = 2.545481
TRAIN Iter 63: loss = 0.002688,	Top-1 err = 67.280000,	Top-5 err = 42.030000,	train_time = 2.580848
TRAIN Iter 64: loss = 0.002690,	Top-1 err = 69.060000,	Top-5 err = 44.510000,	train_time = 2.602381
TRAIN Iter 65: loss = 0.002616,	Top-1 err = 68.510000,	Top-5 err = 43.730000,	train_time = 2.590281
TRAIN Iter 66: loss = 0.002647,	Top-1 err = 68.120000,	Top-5 err = 42.480000,	train_time = 2.631049
TRAIN Iter 67: loss = 0.002627,	Top-1 err = 68.790000,	Top-5 err = 43.930000,	train_time = 2.598900
TRAIN Iter 68: loss = 0.002571,	Top-1 err = 69.090000,	Top-5 err = 43.850000,	train_time = 2.680177
TRAIN Iter 69: loss = 0.002548,	Top-1 err = 67.310000,	Top-5 err = 42.880000,	train_time = 2.476532
TRAIN Iter 70: loss = 0.002535,	Top-1 err = 67.180000,	Top-5 err = 41.910000,	train_time = 2.633569
TRAIN Iter 71: loss = 0.002524,	Top-1 err = 68.760000,	Top-5 err = 44.120000,	train_time = 2.580679
TRAIN Iter 72: loss = 0.002497,	Top-1 err = 70.310000,	Top-5 err = 45.080000,	train_time = 2.692091
TRAIN Iter 73: loss = 0.002449,	Top-1 err = 67.630000,	Top-5 err = 42.900000,	train_time = 2.532140
TRAIN Iter 74: loss = 0.002440,	Top-1 err = 68.710000,	Top-5 err = 44.220000,	train_time = 2.629986
TRAIN Iter 75: loss = 0.002476,	Top-1 err = 66.990000,	Top-5 err = 41.980000,	train_time = 2.607888
TRAIN Iter 76: loss = 0.002362,	Top-1 err = 67.370000,	Top-5 err = 41.740000,	train_time = 2.581436
TRAIN Iter 77: loss = 0.002425,	Top-1 err = 67.210000,	Top-5 err = 42.490000,	train_time = 2.556194
TRAIN Iter 78: loss = 0.002434,	Top-1 err = 67.510000,	Top-5 err = 43.100000,	train_time = 2.576661
TRAIN Iter 79: loss = 0.002330,	Top-1 err = 68.220000,	Top-5 err = 43.720000,	train_time = 2.611789
TRAIN Iter 80: loss = 0.002343,	Top-1 err = 67.630000,	Top-5 err = 42.980000,	train_time = 2.570501
TRAIN Iter 81: loss = 0.002341,	Top-1 err = 67.420000,	Top-5 err = 42.590000,	train_time = 2.648424
TRAIN Iter 82: loss = 0.002294,	Top-1 err = 66.880000,	Top-5 err = 41.960000,	train_time = 2.466793
TRAIN Iter 83: loss = 0.002305,	Top-1 err = 66.830000,	Top-5 err = 41.390000,	train_time = 2.570282
TRAIN Iter 84: loss = 0.002308,	Top-1 err = 68.540000,	Top-5 err = 43.370000,	train_time = 2.635325
TRAIN Iter 85: loss = 0.002252,	Top-1 err = 67.600000,	Top-5 err = 42.590000,	train_time = 2.532739
TRAIN Iter 86: loss = 0.002225,	Top-1 err = 67.970000,	Top-5 err = 42.790000,	train_time = 2.562344
TRAIN Iter 87: loss = 0.002253,	Top-1 err = 67.650000,	Top-5 err = 43.100000,	train_time = 2.623961
TRAIN Iter 88: loss = 0.002224,	Top-1 err = 67.030000,	Top-5 err = 42.010000,	train_time = 2.541730
TRAIN Iter 89: loss = 0.002242,	Top-1 err = 67.630000,	Top-5 err = 42.180000,	train_time = 2.524881
TRAIN Iter 90: loss = 0.002228,	Top-1 err = 66.550000,	Top-5 err = 41.880000,	train_time = 2.505597
TRAIN Iter 91: loss = 0.002193,	Top-1 err = 66.490000,	Top-5 err = 41.550000,	train_time = 2.537114
TRAIN Iter 92: loss = 0.002202,	Top-1 err = 68.690000,	Top-5 err = 44.050000,	train_time = 2.516432
TRAIN Iter 93: loss = 0.002125,	Top-1 err = 67.670000,	Top-5 err = 41.600000,	train_time = 2.492835
TRAIN Iter 94: loss = 0.002164,	Top-1 err = 66.660000,	Top-5 err = 41.640000,	train_time = 2.550311
TRAIN Iter 95: loss = 0.002167,	Top-1 err = 65.840000,	Top-5 err = 42.320000,	train_time = 2.667302
TRAIN Iter 96: loss = 0.002117,	Top-1 err = 66.590000,	Top-5 err = 41.600000,	train_time = 2.595055
TRAIN Iter 97: loss = 0.002153,	Top-1 err = 67.360000,	Top-5 err = 43.050000,	train_time = 2.546219
TRAIN Iter 98: loss = 0.002167,	Top-1 err = 69.130000,	Top-5 err = 44.330000,	train_time = 2.603813
TRAIN Iter 99: loss = 0.002122,	Top-1 err = 67.080000,	Top-5 err = 41.970000,	train_time = 2.640502
TRAIN Iter 100: loss = 0.002068,	Top-1 err = 68.330000,	Top-5 err = 42.920000,	train_time = 2.676627
TRAIN Iter 101: loss = 0.002060,	Top-1 err = 67.190000,	Top-5 err = 42.120000,	train_time = 2.542661
TRAIN Iter 102: loss = 0.002092,	Top-1 err = 68.670000,	Top-5 err = 44.130000,	train_time = 2.516159
TRAIN Iter 103: loss = 0.002099,	Top-1 err = 67.650000,	Top-5 err = 42.990000,	train_time = 2.506072
TRAIN Iter 104: loss = 0.002039,	Top-1 err = 67.750000,	Top-5 err = 42.830000,	train_time = 2.575621
TRAIN Iter 105: loss = 0.002055,	Top-1 err = 67.690000,	Top-5 err = 42.170000,	train_time = 2.695833
TRAIN Iter 106: loss = 0.002067,	Top-1 err = 66.210000,	Top-5 err = 41.510000,	train_time = 2.577626
TRAIN Iter 107: loss = 0.002049,	Top-1 err = 67.830000,	Top-5 err = 43.630000,	train_time = 2.580566
TRAIN Iter 108: loss = 0.002007,	Top-1 err = 66.450000,	Top-5 err = 41.640000,	train_time = 2.553977
TRAIN Iter 109: loss = 0.002043,	Top-1 err = 67.730000,	Top-5 err = 43.030000,	train_time = 2.631480
TRAIN Iter 110: loss = 0.001989,	Top-1 err = 67.020000,	Top-5 err = 42.460000,	train_time = 2.522928
TRAIN Iter 111: loss = 0.001982,	Top-1 err = 68.180000,	Top-5 err = 43.840000,	train_time = 2.704661
TRAIN Iter 112: loss = 0.001968,	Top-1 err = 66.240000,	Top-5 err = 41.090000,	train_time = 2.635362
TRAIN Iter 113: loss = 0.002003,	Top-1 err = 67.780000,	Top-5 err = 42.980000,	train_time = 2.576602
TRAIN Iter 114: loss = 0.001959,	Top-1 err = 66.820000,	Top-5 err = 42.200000,	train_time = 2.659388
TRAIN Iter 115: loss = 0.001981,	Top-1 err = 66.330000,	Top-5 err = 40.390000,	train_time = 2.511634
TRAIN Iter 116: loss = 0.001944,	Top-1 err = 66.480000,	Top-5 err = 41.100000,	train_time = 2.429713
TRAIN Iter 117: loss = 0.001932,	Top-1 err = 66.000000,	Top-5 err = 41.870000,	train_time = 2.510184
TRAIN Iter 118: loss = 0.001964,	Top-1 err = 67.590000,	Top-5 err = 43.460000,	train_time = 2.607211
TRAIN Iter 119: loss = 0.001911,	Top-1 err = 67.660000,	Top-5 err = 42.410000,	train_time = 2.589273
TRAIN Iter 120: loss = 0.001922,	Top-1 err = 65.990000,	Top-5 err = 41.170000,	train_time = 2.569526
TRAIN Iter 121: loss = 0.001865,	Top-1 err = 65.950000,	Top-5 err = 41.730000,	train_time = 2.615251
TRAIN Iter 122: loss = 0.001880,	Top-1 err = 67.670000,	Top-5 err = 42.970000,	train_time = 2.647999
TRAIN Iter 123: loss = 0.001909,	Top-1 err = 67.470000,	Top-5 err = 42.950000,	train_time = 2.461892
TRAIN Iter 124: loss = 0.001897,	Top-1 err = 65.450000,	Top-5 err = 40.780000,	train_time = 2.540327
TRAIN Iter 125: loss = 0.001872,	Top-1 err = 66.910000,	Top-5 err = 42.520000,	train_time = 2.637924
TRAIN Iter 126: loss = 0.001885,	Top-1 err = 67.170000,	Top-5 err = 42.710000,	train_time = 2.438704
TRAIN Iter 127: loss = 0.001896,	Top-1 err = 66.270000,	Top-5 err = 42.090000,	train_time = 2.555746
TRAIN Iter 128: loss = 0.001893,	Top-1 err = 66.710000,	Top-5 err = 41.920000,	train_time = 2.517181
TRAIN Iter 129: loss = 0.001882,	Top-1 err = 66.900000,	Top-5 err = 41.850000,	train_time = 2.497696
TRAIN Iter 130: loss = 0.001871,	Top-1 err = 66.000000,	Top-5 err = 40.800000,	train_time = 2.508429
TRAIN Iter 131: loss = 0.001851,	Top-1 err = 67.790000,	Top-5 err = 43.470000,	train_time = 2.560937
TRAIN Iter 132: loss = 0.001847,	Top-1 err = 66.170000,	Top-5 err = 41.080000,	train_time = 2.750879
TRAIN Iter 133: loss = 0.001809,	Top-1 err = 65.850000,	Top-5 err = 41.530000,	train_time = 2.438442
TRAIN Iter 134: loss = 0.001811,	Top-1 err = 66.010000,	Top-5 err = 41.100000,	train_time = 2.531470
TRAIN Iter 135: loss = 0.001787,	Top-1 err = 65.910000,	Top-5 err = 40.980000,	train_time = 2.535666
TRAIN Iter 136: loss = 0.001814,	Top-1 err = 67.380000,	Top-5 err = 43.040000,	train_time = 2.515586
TRAIN Iter 137: loss = 0.001839,	Top-1 err = 66.650000,	Top-5 err = 42.610000,	train_time = 2.465024
TRAIN Iter 138: loss = 0.001772,	Top-1 err = 66.770000,	Top-5 err = 42.140000,	train_time = 2.488664
TRAIN Iter 139: loss = 0.001804,	Top-1 err = 66.610000,	Top-5 err = 42.890000,	train_time = 2.569719
TRAIN Iter 140: loss = 0.001813,	Top-1 err = 66.290000,	Top-5 err = 42.180000,	train_time = 2.574143
TRAIN Iter 141: loss = 0.001784,	Top-1 err = 68.440000,	Top-5 err = 45.320000,	train_time = 2.587216
TRAIN Iter 142: loss = 0.001811,	Top-1 err = 66.060000,	Top-5 err = 40.990000,	train_time = 2.457621
TRAIN Iter 143: loss = 0.001796,	Top-1 err = 67.860000,	Top-5 err = 43.160000,	train_time = 2.389520
TRAIN Iter 144: loss = 0.001789,	Top-1 err = 67.500000,	Top-5 err = 43.080000,	train_time = 2.517846
TRAIN Iter 145: loss = 0.001755,	Top-1 err = 66.840000,	Top-5 err = 41.960000,	train_time = 2.717614
TRAIN Iter 146: loss = 0.001753,	Top-1 err = 65.930000,	Top-5 err = 40.400000,	train_time = 2.447066
TRAIN Iter 147: loss = 0.001739,	Top-1 err = 65.540000,	Top-5 err = 41.210000,	train_time = 2.532898
TRAIN Iter 148: loss = 0.001735,	Top-1 err = 65.000000,	Top-5 err = 39.700000,	train_time = 2.534910
TRAIN Iter 149: loss = 0.001722,	Top-1 err = 68.170000,	Top-5 err = 42.870000,	train_time = 2.536590
TRAIN Iter 150: loss = 0.001726,	Top-1 err = 66.090000,	Top-5 err = 41.590000,	train_time = 2.520844
TRAIN Iter 151: loss = 0.001723,	Top-1 err = 67.100000,	Top-5 err = 42.780000,	train_time = 2.780411
TRAIN Iter 152: loss = 0.001723,	Top-1 err = 66.400000,	Top-5 err = 41.610000,	train_time = 2.637292
TRAIN Iter 153: loss = 0.001713,	Top-1 err = 66.310000,	Top-5 err = 41.130000,	train_time = 2.597446
TRAIN Iter 154: loss = 0.001725,	Top-1 err = 66.500000,	Top-5 err = 42.460000,	train_time = 2.502834
TRAIN Iter 155: loss = 0.001695,	Top-1 err = 67.220000,	Top-5 err = 42.210000,	train_time = 2.564182
TRAIN Iter 156: loss = 0.001696,	Top-1 err = 66.400000,	Top-5 err = 41.440000,	train_time = 2.515985
TRAIN Iter 157: loss = 0.001710,	Top-1 err = 65.380000,	Top-5 err = 40.490000,	train_time = 2.545572
TRAIN Iter 158: loss = 0.001670,	Top-1 err = 65.960000,	Top-5 err = 41.610000,	train_time = 2.588525
TRAIN Iter 159: loss = 0.001690,	Top-1 err = 66.180000,	Top-5 err = 41.350000,	train_time = 2.562975
TRAIN Iter 160: loss = 0.001686,	Top-1 err = 65.330000,	Top-5 err = 40.410000,	train_time = 2.555159
TRAIN Iter 161: loss = 0.001689,	Top-1 err = 67.180000,	Top-5 err = 42.890000,	train_time = 2.327450
TRAIN Iter 162: loss = 0.001665,	Top-1 err = 64.030000,	Top-5 err = 38.950000,	train_time = 2.557582
TRAIN Iter 163: loss = 0.001704,	Top-1 err = 65.190000,	Top-5 err = 40.620000,	train_time = 2.661748
TRAIN Iter 164: loss = 0.001655,	Top-1 err = 66.810000,	Top-5 err = 42.010000,	train_time = 2.678717
TRAIN Iter 165: loss = 0.001668,	Top-1 err = 65.910000,	Top-5 err = 41.670000,	train_time = 2.631329
TRAIN Iter 166: loss = 0.001694,	Top-1 err = 67.260000,	Top-5 err = 42.380000,	train_time = 2.511599
TRAIN Iter 167: loss = 0.001673,	Top-1 err = 66.010000,	Top-5 err = 40.940000,	train_time = 2.467674
TRAIN Iter 168: loss = 0.001675,	Top-1 err = 67.700000,	Top-5 err = 44.610000,	train_time = 2.575770
TRAIN Iter 169: loss = 0.001650,	Top-1 err = 66.650000,	Top-5 err = 42.160000,	train_time = 2.635618
TRAIN Iter 170: loss = 0.001646,	Top-1 err = 65.180000,	Top-5 err = 41.080000,	train_time = 2.583610
TRAIN Iter 171: loss = 0.001639,	Top-1 err = 65.710000,	Top-5 err = 42.130000,	train_time = 2.597742
TRAIN Iter 172: loss = 0.001640,	Top-1 err = 66.330000,	Top-5 err = 41.160000,	train_time = 2.648852
TRAIN Iter 173: loss = 0.001638,	Top-1 err = 66.430000,	Top-5 err = 42.070000,	train_time = 2.609583
TRAIN Iter 174: loss = 0.001616,	Top-1 err = 65.200000,	Top-5 err = 40.190000,	train_time = 2.522876
TRAIN Iter 175: loss = 0.001636,	Top-1 err = 67.180000,	Top-5 err = 42.850000,	train_time = 2.550565
TRAIN Iter 176: loss = 0.001660,	Top-1 err = 67.260000,	Top-5 err = 42.360000,	train_time = 2.561133
TRAIN Iter 177: loss = 0.001607,	Top-1 err = 66.910000,	Top-5 err = 42.200000,	train_time = 2.575288
TRAIN Iter 178: loss = 0.001615,	Top-1 err = 64.660000,	Top-5 err = 40.700000,	train_time = 2.540183
TRAIN Iter 179: loss = 0.001628,	Top-1 err = 66.090000,	Top-5 err = 41.640000,	train_time = 2.592286
TRAIN Iter 180: loss = 0.001620,	Top-1 err = 66.380000,	Top-5 err = 42.950000,	train_time = 2.618258
TRAIN Iter 181: loss = 0.001659,	Top-1 err = 64.940000,	Top-5 err = 41.350000,	train_time = 2.544714
TRAIN Iter 182: loss = 0.001626,	Top-1 err = 67.280000,	Top-5 err = 42.530000,	train_time = 2.677596
TRAIN Iter 183: loss = 0.001619,	Top-1 err = 65.880000,	Top-5 err = 41.570000,	train_time = 2.570147
TRAIN Iter 184: loss = 0.001575,	Top-1 err = 63.540000,	Top-5 err = 38.760000,	train_time = 2.598258
TRAIN Iter 185: loss = 0.001588,	Top-1 err = 66.590000,	Top-5 err = 42.300000,	train_time = 2.610056
TRAIN Iter 186: loss = 0.001585,	Top-1 err = 65.170000,	Top-5 err = 40.700000,	train_time = 2.575388
TRAIN Iter 187: loss = 0.001587,	Top-1 err = 65.950000,	Top-5 err = 41.030000,	train_time = 2.609770
TRAIN Iter 188: loss = 0.001608,	Top-1 err = 67.640000,	Top-5 err = 42.980000,	train_time = 2.525730
TRAIN Iter 189: loss = 0.001559,	Top-1 err = 66.290000,	Top-5 err = 41.870000,	train_time = 2.506311
TRAIN Iter 190: loss = 0.001560,	Top-1 err = 66.230000,	Top-5 err = 41.510000,	train_time = 2.564530
TRAIN Iter 191: loss = 0.001605,	Top-1 err = 68.380000,	Top-5 err = 44.240000,	train_time = 2.592968
TRAIN Iter 192: loss = 0.001604,	Top-1 err = 66.510000,	Top-5 err = 42.230000,	train_time = 2.597030
TRAIN Iter 193: loss = 0.001583,	Top-1 err = 66.070000,	Top-5 err = 41.690000,	train_time = 2.512274
TRAIN Iter 194: loss = 0.001577,	Top-1 err = 66.900000,	Top-5 err = 42.950000,	train_time = 2.488848
TRAIN Iter 195: loss = 0.001562,	Top-1 err = 66.250000,	Top-5 err = 41.840000,	train_time = 2.589261
TRAIN Iter 196: loss = 0.001559,	Top-1 err = 66.980000,	Top-5 err = 43.220000,	train_time = 2.664917
TRAIN Iter 197: loss = 0.001564,	Top-1 err = 65.220000,	Top-5 err = 41.040000,	train_time = 2.567851
TRAIN Iter 198: loss = 0.001532,	Top-1 err = 67.730000,	Top-5 err = 42.410000,	train_time = 2.510095
TRAIN Iter 199: loss = 0.001509,	Top-1 err = 66.680000,	Top-5 err = 42.010000,	train_time = 2.327074
TRAIN Iter 200: loss = 0.001552,	Top-1 err = 65.900000,	Top-5 err = 41.370000,	train_time = 2.552516
TRAIN Iter 201: loss = 0.001560,	Top-1 err = 64.850000,	Top-5 err = 40.080000,	train_time = 2.584288
TRAIN Iter 202: loss = 0.001542,	Top-1 err = 66.200000,	Top-5 err = 40.740000,	train_time = 2.625747
TRAIN Iter 203: loss = 0.001559,	Top-1 err = 65.470000,	Top-5 err = 39.800000,	train_time = 2.562229
TRAIN Iter 204: loss = 0.001515,	Top-1 err = 66.040000,	Top-5 err = 41.480000,	train_time = 2.542625
TRAIN Iter 205: loss = 0.001502,	Top-1 err = 64.600000,	Top-5 err = 39.730000,	train_time = 2.463050
TRAIN Iter 206: loss = 0.001526,	Top-1 err = 68.220000,	Top-5 err = 44.470000,	train_time = 2.573141
TRAIN Iter 207: loss = 0.001535,	Top-1 err = 66.010000,	Top-5 err = 42.100000,	train_time = 2.599052
TRAIN Iter 208: loss = 0.001536,	Top-1 err = 66.650000,	Top-5 err = 42.490000,	train_time = 2.487532
TRAIN Iter 209: loss = 0.001502,	Top-1 err = 67.120000,	Top-5 err = 42.050000,	train_time = 2.601694
TRAIN Iter 210: loss = 0.001526,	Top-1 err = 65.830000,	Top-5 err = 41.120000,	train_time = 2.626599
TRAIN Iter 211: loss = 0.001524,	Top-1 err = 66.000000,	Top-5 err = 41.500000,	train_time = 2.572480
TRAIN Iter 212: loss = 0.001515,	Top-1 err = 67.550000,	Top-5 err = 42.770000,	train_time = 2.602243
TRAIN Iter 213: loss = 0.001502,	Top-1 err = 65.220000,	Top-5 err = 41.000000,	train_time = 2.731844
TRAIN Iter 214: loss = 0.001513,	Top-1 err = 66.750000,	Top-5 err = 41.830000,	train_time = 2.569838
TRAIN Iter 215: loss = 0.001532,	Top-1 err = 65.010000,	Top-5 err = 41.110000,	train_time = 2.574173
TRAIN Iter 216: loss = 0.001516,	Top-1 err = 66.040000,	Top-5 err = 41.370000,	train_time = 2.507712
TRAIN Iter 217: loss = 0.001520,	Top-1 err = 65.900000,	Top-5 err = 41.630000,	train_time = 2.526269
TRAIN Iter 218: loss = 0.001497,	Top-1 err = 65.210000,	Top-5 err = 40.430000,	train_time = 2.588037
TRAIN Iter 219: loss = 0.001479,	Top-1 err = 66.460000,	Top-5 err = 42.110000,	train_time = 2.573709
TRAIN Iter 220: loss = 0.001486,	Top-1 err = 64.320000,	Top-5 err = 39.350000,	train_time = 2.468300
TRAIN Iter 221: loss = 0.001504,	Top-1 err = 66.230000,	Top-5 err = 42.370000,	train_time = 2.600382
TRAIN Iter 222: loss = 0.001492,	Top-1 err = 64.100000,	Top-5 err = 40.080000,	train_time = 2.573845
TRAIN Iter 223: loss = 0.001489,	Top-1 err = 67.060000,	Top-5 err = 42.230000,	train_time = 2.536864
TRAIN Iter 224: loss = 0.001529,	Top-1 err = 65.220000,	Top-5 err = 41.060000,	train_time = 2.529583
TRAIN Iter 225: loss = 0.001484,	Top-1 err = 66.400000,	Top-5 err = 42.010000,	train_time = 2.482274
TRAIN Iter 226: loss = 0.001521,	Top-1 err = 67.840000,	Top-5 err = 42.840000,	train_time = 2.592361
TRAIN Iter 227: loss = 0.001482,	Top-1 err = 64.320000,	Top-5 err = 39.780000,	train_time = 2.588515
TRAIN Iter 228: loss = 0.001458,	Top-1 err = 65.140000,	Top-5 err = 40.510000,	train_time = 2.577959
TRAIN Iter 229: loss = 0.001499,	Top-1 err = 65.710000,	Top-5 err = 41.260000,	train_time = 2.687981
TRAIN Iter 230: loss = 0.001514,	Top-1 err = 66.320000,	Top-5 err = 42.520000,	train_time = 2.632051
TRAIN Iter 231: loss = 0.001437,	Top-1 err = 65.670000,	Top-5 err = 40.710000,	train_time = 2.482060
TRAIN Iter 232: loss = 0.001468,	Top-1 err = 66.690000,	Top-5 err = 42.210000,	train_time = 2.586731
TRAIN Iter 233: loss = 0.001500,	Top-1 err = 66.750000,	Top-5 err = 42.120000,	train_time = 2.565804
TRAIN Iter 234: loss = 0.001488,	Top-1 err = 65.260000,	Top-5 err = 41.100000,	train_time = 2.465968
TRAIN Iter 235: loss = 0.001472,	Top-1 err = 66.620000,	Top-5 err = 42.780000,	train_time = 2.578618
TRAIN Iter 236: loss = 0.001432,	Top-1 err = 64.460000,	Top-5 err = 40.100000,	train_time = 2.582403
TRAIN Iter 237: loss = 0.001469,	Top-1 err = 64.450000,	Top-5 err = 39.710000,	train_time = 2.570158
TRAIN Iter 238: loss = 0.001466,	Top-1 err = 65.060000,	Top-5 err = 41.300000,	train_time = 2.553518
TRAIN Iter 239: loss = 0.001442,	Top-1 err = 65.700000,	Top-5 err = 42.330000,	train_time = 2.665847
TRAIN Iter 240: loss = 0.001428,	Top-1 err = 65.540000,	Top-5 err = 41.150000,	train_time = 2.545291
TRAIN Iter 241: loss = 0.001441,	Top-1 err = 66.100000,	Top-5 err = 42.280000,	train_time = 2.510478
TRAIN Iter 242: loss = 0.001467,	Top-1 err = 66.260000,	Top-5 err = 41.490000,	train_time = 2.633872
TRAIN Iter 243: loss = 0.001466,	Top-1 err = 67.230000,	Top-5 err = 42.810000,	train_time = 2.563199
TRAIN Iter 244: loss = 0.001406,	Top-1 err = 66.160000,	Top-5 err = 41.460000,	train_time = 2.674994
TRAIN Iter 245: loss = 0.001435,	Top-1 err = 65.470000,	Top-5 err = 40.710000,	train_time = 2.526295
TRAIN Iter 246: loss = 0.001401,	Top-1 err = 65.760000,	Top-5 err = 41.260000,	train_time = 2.654312
TRAIN Iter 247: loss = 0.001461,	Top-1 err = 66.210000,	Top-5 err = 42.070000,	train_time = 2.639020
TRAIN Iter 248: loss = 0.001408,	Top-1 err = 65.880000,	Top-5 err = 40.730000,	train_time = 2.564748
TRAIN Iter 249: loss = 0.001459,	Top-1 err = 67.020000,	Top-5 err = 42.210000,	train_time = 2.547394
TEST:
Iter 249: loss = 1.642816,	Top-1 err = 41.780000,	Top-5 err = 15.400000,	val_time = 0.840786
TRAIN Iter 250: loss = 0.001448,	Top-1 err = 67.290000,	Top-5 err = 42.930000,	train_time = 2.524735
TRAIN Iter 251: loss = 0.001426,	Top-1 err = 65.990000,	Top-5 err = 41.650000,	train_time = 2.596709
TRAIN Iter 252: loss = 0.001431,	Top-1 err = 63.960000,	Top-5 err = 39.190000,	train_time = 2.693618
TRAIN Iter 253: loss = 0.001425,	Top-1 err = 65.540000,	Top-5 err = 40.270000,	train_time = 2.715754
TRAIN Iter 254: loss = 0.001419,	Top-1 err = 66.660000,	Top-5 err = 42.540000,	train_time = 2.571035
TRAIN Iter 255: loss = 0.001456,	Top-1 err = 65.650000,	Top-5 err = 41.120000,	train_time = 2.471941
TRAIN Iter 256: loss = 0.001405,	Top-1 err = 63.580000,	Top-5 err = 38.420000,	train_time = 2.625198
TRAIN Iter 257: loss = 0.001426,	Top-1 err = 65.950000,	Top-5 err = 41.710000,	train_time = 2.508727
TRAIN Iter 258: loss = 0.001421,	Top-1 err = 67.850000,	Top-5 err = 43.880000,	train_time = 2.641112
TRAIN Iter 259: loss = 0.001386,	Top-1 err = 64.990000,	Top-5 err = 40.300000,	train_time = 2.570977
TEST:
Iter 259: loss = 1.653269,	Top-1 err = 42.090000,	Top-5 err = 15.640000,	val_time = 0.781842
TRAIN Iter 260: loss = 0.001395,	Top-1 err = 64.800000,	Top-5 err = 40.690000,	train_time = 2.721896
TRAIN Iter 261: loss = 0.001407,	Top-1 err = 65.760000,	Top-5 err = 40.700000,	train_time = 2.645363
TRAIN Iter 262: loss = 0.001453,	Top-1 err = 65.310000,	Top-5 err = 41.390000,	train_time = 2.547208
TRAIN Iter 263: loss = 0.001424,	Top-1 err = 66.250000,	Top-5 err = 41.530000,	train_time = 2.580589
TRAIN Iter 264: loss = 0.001382,	Top-1 err = 62.980000,	Top-5 err = 38.500000,	train_time = 2.634468
TRAIN Iter 265: loss = 0.001390,	Top-1 err = 65.440000,	Top-5 err = 40.960000,	train_time = 2.595543
TRAIN Iter 266: loss = 0.001403,	Top-1 err = 64.880000,	Top-5 err = 40.180000,	train_time = 2.644255
TRAIN Iter 267: loss = 0.001383,	Top-1 err = 66.000000,	Top-5 err = 40.990000,	train_time = 2.752803
TRAIN Iter 268: loss = 0.001364,	Top-1 err = 63.630000,	Top-5 err = 38.870000,	train_time = 2.585800
TRAIN Iter 269: loss = 0.001383,	Top-1 err = 64.880000,	Top-5 err = 40.250000,	train_time = 2.575723
TEST:
Iter 269: loss = 1.656221,	Top-1 err = 42.010000,	Top-5 err = 15.680000,	val_time = 0.826681
TRAIN Iter 270: loss = 0.001388,	Top-1 err = 66.360000,	Top-5 err = 42.460000,	train_time = 2.632992
TRAIN Iter 271: loss = 0.001389,	Top-1 err = 65.810000,	Top-5 err = 41.240000,	train_time = 2.521272
TRAIN Iter 272: loss = 0.001357,	Top-1 err = 66.110000,	Top-5 err = 42.090000,	train_time = 2.540077
TRAIN Iter 273: loss = 0.001370,	Top-1 err = 66.170000,	Top-5 err = 41.940000,	train_time = 2.489501
TRAIN Iter 274: loss = 0.001397,	Top-1 err = 66.350000,	Top-5 err = 42.430000,	train_time = 2.532916
TRAIN Iter 275: loss = 0.001367,	Top-1 err = 65.980000,	Top-5 err = 41.340000,	train_time = 2.670492
TRAIN Iter 276: loss = 0.001367,	Top-1 err = 65.910000,	Top-5 err = 41.650000,	train_time = 2.424163
TRAIN Iter 277: loss = 0.001370,	Top-1 err = 66.830000,	Top-5 err = 42.580000,	train_time = 2.505026
TRAIN Iter 278: loss = 0.001385,	Top-1 err = 67.610000,	Top-5 err = 43.730000,	train_time = 2.534829
TRAIN Iter 279: loss = 0.001343,	Top-1 err = 65.280000,	Top-5 err = 40.500000,	train_time = 2.537341
TEST:
Iter 279: loss = 1.663043,	Top-1 err = 41.680000,	Top-5 err = 16.130000,	val_time = 0.770970
TRAIN Iter 280: loss = 0.001374,	Top-1 err = 65.870000,	Top-5 err = 41.320000,	train_time = 2.523701
TRAIN Iter 281: loss = 0.001385,	Top-1 err = 65.350000,	Top-5 err = 41.050000,	train_time = 2.608589
TRAIN Iter 282: loss = 0.001366,	Top-1 err = 65.750000,	Top-5 err = 40.500000,	train_time = 2.498663
TRAIN Iter 283: loss = 0.001354,	Top-1 err = 66.280000,	Top-5 err = 42.690000,	train_time = 2.575786
TRAIN Iter 284: loss = 0.001394,	Top-1 err = 64.490000,	Top-5 err = 40.530000,	train_time = 2.708158
TRAIN Iter 285: loss = 0.001377,	Top-1 err = 64.200000,	Top-5 err = 40.470000,	train_time = 2.534051
TRAIN Iter 286: loss = 0.001348,	Top-1 err = 66.960000,	Top-5 err = 42.920000,	train_time = 2.588802
TRAIN Iter 287: loss = 0.001354,	Top-1 err = 66.030000,	Top-5 err = 41.380000,	train_time = 2.705767
TRAIN Iter 288: loss = 0.001347,	Top-1 err = 67.520000,	Top-5 err = 42.690000,	train_time = 2.545705
TRAIN Iter 289: loss = 0.001359,	Top-1 err = 68.170000,	Top-5 err = 43.640000,	train_time = 2.587884
TEST:
Iter 289: loss = 1.642655,	Top-1 err = 41.560000,	Top-5 err = 15.750000,	val_time = 0.755441
TRAIN Iter 290: loss = 0.001360,	Top-1 err = 67.000000,	Top-5 err = 42.820000,	train_time = 2.470128
TRAIN Iter 291: loss = 0.001337,	Top-1 err = 64.980000,	Top-5 err = 40.460000,	train_time = 2.628526
TRAIN Iter 292: loss = 0.001333,	Top-1 err = 66.430000,	Top-5 err = 41.970000,	train_time = 2.551851
TRAIN Iter 293: loss = 0.001305,	Top-1 err = 66.150000,	Top-5 err = 41.920000,	train_time = 2.517643
TRAIN Iter 294: loss = 0.001321,	Top-1 err = 64.490000,	Top-5 err = 39.500000,	train_time = 2.668873
TRAIN Iter 295: loss = 0.001347,	Top-1 err = 65.380000,	Top-5 err = 40.770000,	train_time = 2.643239
TRAIN Iter 296: loss = 0.001328,	Top-1 err = 66.140000,	Top-5 err = 41.280000,	train_time = 2.554624
TRAIN Iter 297: loss = 0.001309,	Top-1 err = 63.850000,	Top-5 err = 39.090000,	train_time = 2.527920
TRAIN Iter 298: loss = 0.001332,	Top-1 err = 68.100000,	Top-5 err = 44.690000,	train_time = 2.596592
TRAIN Iter 299: loss = 0.001336,	Top-1 err = 65.490000,	Top-5 err = 41.540000,	train_time = 2.424190
TEST:
Iter 299: loss = 1.630954,	Top-1 err = 41.430000,	Top-5 err = 15.160000,	val_time = 0.786852
Train Finish! Best accuracy is 58.57@299
