/home/dvspanos/miniconda3/envs/rded/lib/python3.10/site-packages/torch/cuda/__init__.py:611: UserWarning: Can't initialize NVML
  warnings.warn("Can't initialize NVML")
=> using pytorch pre-trained teacher model 'conv3'
process data from /home/dvspanos/nikos/ca2d/artifacts/sets/bench_cifar100_conv_ca2d_ipc100
load data successfully
TRAIN Iter 0: loss = 0.012992,	Top-1 err = 93.570000,	Top-5 err = 78.960000,	train_time = 3.383392
TRAIN Iter 1: loss = 0.010097,	Top-1 err = 88.350000,	Top-5 err = 66.520000,	train_time = 2.561745
TRAIN Iter 2: loss = 0.008364,	Top-1 err = 83.520000,	Top-5 err = 59.070000,	train_time = 2.551445
TRAIN Iter 3: loss = 0.007317,	Top-1 err = 79.680000,	Top-5 err = 53.200000,	train_time = 2.507195
TRAIN Iter 4: loss = 0.006484,	Top-1 err = 77.770000,	Top-5 err = 51.900000,	train_time = 2.657941
TRAIN Iter 5: loss = 0.005916,	Top-1 err = 73.570000,	Top-5 err = 45.550000,	train_time = 2.611210
TRAIN Iter 6: loss = 0.005606,	Top-1 err = 74.110000,	Top-5 err = 46.880000,	train_time = 2.606128
TRAIN Iter 7: loss = 0.005227,	Top-1 err = 70.180000,	Top-5 err = 43.860000,	train_time = 2.557264
TRAIN Iter 8: loss = 0.004994,	Top-1 err = 70.820000,	Top-5 err = 45.490000,	train_time = 2.580569
TRAIN Iter 9: loss = 0.004745,	Top-1 err = 69.910000,	Top-5 err = 43.390000,	train_time = 2.678011
TRAIN Iter 10: loss = 0.004575,	Top-1 err = 66.640000,	Top-5 err = 40.570000,	train_time = 2.644165
TRAIN Iter 11: loss = 0.004458,	Top-1 err = 67.950000,	Top-5 err = 42.350000,	train_time = 2.618870
TRAIN Iter 12: loss = 0.004227,	Top-1 err = 66.800000,	Top-5 err = 40.730000,	train_time = 2.553285
TRAIN Iter 13: loss = 0.004150,	Top-1 err = 65.050000,	Top-5 err = 39.520000,	train_time = 2.411420
TRAIN Iter 14: loss = 0.004005,	Top-1 err = 63.210000,	Top-5 err = 38.420000,	train_time = 2.481037
TRAIN Iter 15: loss = 0.003961,	Top-1 err = 63.970000,	Top-5 err = 37.930000,	train_time = 2.647283
TRAIN Iter 16: loss = 0.003830,	Top-1 err = 63.630000,	Top-5 err = 38.830000,	train_time = 2.560625
TRAIN Iter 17: loss = 0.003763,	Top-1 err = 61.940000,	Top-5 err = 35.940000,	train_time = 2.677829
TRAIN Iter 18: loss = 0.003734,	Top-1 err = 64.120000,	Top-5 err = 39.560000,	train_time = 2.506928
TRAIN Iter 19: loss = 0.003727,	Top-1 err = 63.820000,	Top-5 err = 38.680000,	train_time = 2.625356
TRAIN Iter 20: loss = 0.003555,	Top-1 err = 62.190000,	Top-5 err = 37.710000,	train_time = 2.591878
TRAIN Iter 21: loss = 0.003536,	Top-1 err = 61.960000,	Top-5 err = 36.890000,	train_time = 2.571413
TRAIN Iter 22: loss = 0.003512,	Top-1 err = 63.040000,	Top-5 err = 38.700000,	train_time = 2.630886
TRAIN Iter 23: loss = 0.003379,	Top-1 err = 62.050000,	Top-5 err = 36.600000,	train_time = 2.603133
TRAIN Iter 24: loss = 0.003381,	Top-1 err = 64.910000,	Top-5 err = 40.050000,	train_time = 2.591893
TRAIN Iter 25: loss = 0.003342,	Top-1 err = 62.890000,	Top-5 err = 38.490000,	train_time = 2.641401
TRAIN Iter 26: loss = 0.003290,	Top-1 err = 61.840000,	Top-5 err = 37.220000,	train_time = 2.554354
TRAIN Iter 27: loss = 0.003258,	Top-1 err = 60.930000,	Top-5 err = 37.290000,	train_time = 2.555682
TRAIN Iter 28: loss = 0.003211,	Top-1 err = 62.460000,	Top-5 err = 37.480000,	train_time = 2.495057
TRAIN Iter 29: loss = 0.003165,	Top-1 err = 61.360000,	Top-5 err = 37.190000,	train_time = 2.467792
TRAIN Iter 30: loss = 0.003088,	Top-1 err = 59.460000,	Top-5 err = 34.990000,	train_time = 2.515777
TRAIN Iter 31: loss = 0.003110,	Top-1 err = 60.430000,	Top-5 err = 35.590000,	train_time = 2.754694
TRAIN Iter 32: loss = 0.003069,	Top-1 err = 62.390000,	Top-5 err = 37.910000,	train_time = 2.552598
TRAIN Iter 33: loss = 0.003043,	Top-1 err = 60.430000,	Top-5 err = 36.180000,	train_time = 2.642547
TRAIN Iter 34: loss = 0.002963,	Top-1 err = 60.140000,	Top-5 err = 36.110000,	train_time = 2.606338
TRAIN Iter 35: loss = 0.002920,	Top-1 err = 59.930000,	Top-5 err = 35.020000,	train_time = 2.486916
TRAIN Iter 36: loss = 0.002941,	Top-1 err = 60.050000,	Top-5 err = 37.060000,	train_time = 2.541135
TRAIN Iter 37: loss = 0.002887,	Top-1 err = 59.290000,	Top-5 err = 35.330000,	train_time = 2.615003
TRAIN Iter 38: loss = 0.002899,	Top-1 err = 62.310000,	Top-5 err = 37.880000,	train_time = 2.560198
TRAIN Iter 39: loss = 0.002835,	Top-1 err = 58.520000,	Top-5 err = 34.860000,	train_time = 2.479573
TRAIN Iter 40: loss = 0.002764,	Top-1 err = 59.110000,	Top-5 err = 35.310000,	train_time = 2.561726
TRAIN Iter 41: loss = 0.002769,	Top-1 err = 60.160000,	Top-5 err = 36.170000,	train_time = 2.582345
TRAIN Iter 42: loss = 0.002757,	Top-1 err = 59.370000,	Top-5 err = 35.230000,	train_time = 2.671900
TRAIN Iter 43: loss = 0.002710,	Top-1 err = 60.610000,	Top-5 err = 36.920000,	train_time = 2.664473
TRAIN Iter 44: loss = 0.002710,	Top-1 err = 62.850000,	Top-5 err = 39.260000,	train_time = 2.401223
TRAIN Iter 45: loss = 0.002665,	Top-1 err = 58.750000,	Top-5 err = 34.810000,	train_time = 2.682110
TRAIN Iter 46: loss = 0.002614,	Top-1 err = 59.380000,	Top-5 err = 34.830000,	train_time = 2.615910
TRAIN Iter 47: loss = 0.002622,	Top-1 err = 60.650000,	Top-5 err = 37.650000,	train_time = 2.544940
TRAIN Iter 48: loss = 0.002580,	Top-1 err = 58.860000,	Top-5 err = 35.560000,	train_time = 2.510767
TRAIN Iter 49: loss = 0.002543,	Top-1 err = 57.490000,	Top-5 err = 33.520000,	train_time = 2.572002
TRAIN Iter 50: loss = 0.002550,	Top-1 err = 58.890000,	Top-5 err = 35.280000,	train_time = 2.576790
TRAIN Iter 51: loss = 0.002525,	Top-1 err = 59.110000,	Top-5 err = 35.210000,	train_time = 2.655710
TRAIN Iter 52: loss = 0.002463,	Top-1 err = 59.540000,	Top-5 err = 35.870000,	train_time = 2.586606
TRAIN Iter 53: loss = 0.002470,	Top-1 err = 60.060000,	Top-5 err = 36.930000,	train_time = 2.677911
TRAIN Iter 54: loss = 0.002463,	Top-1 err = 58.660000,	Top-5 err = 34.650000,	train_time = 2.693848
TRAIN Iter 55: loss = 0.002426,	Top-1 err = 56.090000,	Top-5 err = 32.910000,	train_time = 2.558742
TRAIN Iter 56: loss = 0.002390,	Top-1 err = 57.610000,	Top-5 err = 34.710000,	train_time = 2.518157
TRAIN Iter 57: loss = 0.002365,	Top-1 err = 58.800000,	Top-5 err = 35.840000,	train_time = 2.502212
TRAIN Iter 58: loss = 0.002352,	Top-1 err = 57.430000,	Top-5 err = 33.940000,	train_time = 2.631237
TRAIN Iter 59: loss = 0.002322,	Top-1 err = 57.350000,	Top-5 err = 34.460000,	train_time = 2.627454
TRAIN Iter 60: loss = 0.002303,	Top-1 err = 58.180000,	Top-5 err = 34.560000,	train_time = 2.547658
TRAIN Iter 61: loss = 0.002327,	Top-1 err = 57.150000,	Top-5 err = 34.000000,	train_time = 2.520509
TRAIN Iter 62: loss = 0.002281,	Top-1 err = 56.820000,	Top-5 err = 33.920000,	train_time = 2.549896
TRAIN Iter 63: loss = 0.002288,	Top-1 err = 59.030000,	Top-5 err = 35.490000,	train_time = 2.557692
TRAIN Iter 64: loss = 0.002217,	Top-1 err = 56.420000,	Top-5 err = 33.300000,	train_time = 2.646003
TRAIN Iter 65: loss = 0.002239,	Top-1 err = 57.710000,	Top-5 err = 34.290000,	train_time = 2.575641
TRAIN Iter 66: loss = 0.002208,	Top-1 err = 56.660000,	Top-5 err = 32.630000,	train_time = 2.695117
TRAIN Iter 67: loss = 0.002204,	Top-1 err = 57.640000,	Top-5 err = 34.310000,	train_time = 2.582972
TRAIN Iter 68: loss = 0.002221,	Top-1 err = 58.720000,	Top-5 err = 36.410000,	train_time = 2.594768
TRAIN Iter 69: loss = 0.002160,	Top-1 err = 56.380000,	Top-5 err = 32.250000,	train_time = 2.523878
TRAIN Iter 70: loss = 0.002123,	Top-1 err = 57.480000,	Top-5 err = 33.510000,	train_time = 2.591297
TRAIN Iter 71: loss = 0.002146,	Top-1 err = 58.220000,	Top-5 err = 34.840000,	train_time = 2.550524
TRAIN Iter 72: loss = 0.002138,	Top-1 err = 59.540000,	Top-5 err = 37.300000,	train_time = 2.664295
TRAIN Iter 73: loss = 0.002101,	Top-1 err = 57.230000,	Top-5 err = 33.770000,	train_time = 2.621701
TRAIN Iter 74: loss = 0.002043,	Top-1 err = 59.500000,	Top-5 err = 36.500000,	train_time = 2.559438
TRAIN Iter 75: loss = 0.002087,	Top-1 err = 57.760000,	Top-5 err = 34.480000,	train_time = 2.733040
TRAIN Iter 76: loss = 0.002058,	Top-1 err = 56.780000,	Top-5 err = 34.250000,	train_time = 2.632723
TRAIN Iter 77: loss = 0.002041,	Top-1 err = 58.600000,	Top-5 err = 34.990000,	train_time = 2.590126
TRAIN Iter 78: loss = 0.002031,	Top-1 err = 54.280000,	Top-5 err = 31.700000,	train_time = 2.526190
TRAIN Iter 79: loss = 0.001980,	Top-1 err = 56.910000,	Top-5 err = 33.910000,	train_time = 2.547195
TRAIN Iter 80: loss = 0.002014,	Top-1 err = 55.700000,	Top-5 err = 32.420000,	train_time = 2.594944
TRAIN Iter 81: loss = 0.001978,	Top-1 err = 60.120000,	Top-5 err = 36.230000,	train_time = 2.712235
TRAIN Iter 82: loss = 0.002006,	Top-1 err = 56.630000,	Top-5 err = 34.020000,	train_time = 2.490660
TRAIN Iter 83: loss = 0.001954,	Top-1 err = 56.790000,	Top-5 err = 33.680000,	train_time = 2.423656
TRAIN Iter 84: loss = 0.001918,	Top-1 err = 57.200000,	Top-5 err = 33.840000,	train_time = 2.562310
TRAIN Iter 85: loss = 0.001964,	Top-1 err = 57.150000,	Top-5 err = 34.470000,	train_time = 2.643765
TRAIN Iter 86: loss = 0.001919,	Top-1 err = 57.010000,	Top-5 err = 35.020000,	train_time = 2.652874
TRAIN Iter 87: loss = 0.001893,	Top-1 err = 57.810000,	Top-5 err = 34.700000,	train_time = 2.561169
TRAIN Iter 88: loss = 0.001884,	Top-1 err = 56.000000,	Top-5 err = 32.840000,	train_time = 2.554919
TRAIN Iter 89: loss = 0.001880,	Top-1 err = 58.090000,	Top-5 err = 36.130000,	train_time = 2.604831
TRAIN Iter 90: loss = 0.001875,	Top-1 err = 56.040000,	Top-5 err = 33.370000,	train_time = 2.517405
TRAIN Iter 91: loss = 0.001828,	Top-1 err = 54.530000,	Top-5 err = 31.850000,	train_time = 2.633795
TRAIN Iter 92: loss = 0.001852,	Top-1 err = 52.920000,	Top-5 err = 29.990000,	train_time = 2.717919
TRAIN Iter 93: loss = 0.001824,	Top-1 err = 55.790000,	Top-5 err = 32.520000,	train_time = 2.609233
TRAIN Iter 94: loss = 0.001872,	Top-1 err = 59.410000,	Top-5 err = 36.740000,	train_time = 2.656825
TRAIN Iter 95: loss = 0.001832,	Top-1 err = 58.510000,	Top-5 err = 35.130000,	train_time = 2.665107
TRAIN Iter 96: loss = 0.001800,	Top-1 err = 58.230000,	Top-5 err = 35.340000,	train_time = 2.580313
TRAIN Iter 97: loss = 0.001802,	Top-1 err = 56.980000,	Top-5 err = 34.990000,	train_time = 2.605673
TRAIN Iter 98: loss = 0.001776,	Top-1 err = 56.740000,	Top-5 err = 33.210000,	train_time = 2.624151
TRAIN Iter 99: loss = 0.001802,	Top-1 err = 57.390000,	Top-5 err = 34.760000,	train_time = 2.656251
TRAIN Iter 100: loss = 0.001785,	Top-1 err = 56.400000,	Top-5 err = 32.890000,	train_time = 2.560099
TRAIN Iter 101: loss = 0.001762,	Top-1 err = 56.070000,	Top-5 err = 33.820000,	train_time = 2.573682
TRAIN Iter 102: loss = 0.001794,	Top-1 err = 58.260000,	Top-5 err = 35.450000,	train_time = 2.543115
TRAIN Iter 103: loss = 0.001763,	Top-1 err = 55.200000,	Top-5 err = 33.160000,	train_time = 2.592655
TRAIN Iter 104: loss = 0.001754,	Top-1 err = 54.620000,	Top-5 err = 32.950000,	train_time = 2.567150
TRAIN Iter 105: loss = 0.001700,	Top-1 err = 57.240000,	Top-5 err = 34.070000,	train_time = 2.606009
TRAIN Iter 106: loss = 0.001732,	Top-1 err = 56.790000,	Top-5 err = 33.690000,	train_time = 2.595930
TRAIN Iter 107: loss = 0.001734,	Top-1 err = 56.870000,	Top-5 err = 34.260000,	train_time = 2.664358
TRAIN Iter 108: loss = 0.001702,	Top-1 err = 58.930000,	Top-5 err = 35.600000,	train_time = 2.587059
TRAIN Iter 109: loss = 0.001714,	Top-1 err = 55.790000,	Top-5 err = 33.870000,	train_time = 2.583211
TRAIN Iter 110: loss = 0.001693,	Top-1 err = 56.180000,	Top-5 err = 33.920000,	train_time = 2.677391
TRAIN Iter 111: loss = 0.001689,	Top-1 err = 56.790000,	Top-5 err = 33.880000,	train_time = 2.471858
TRAIN Iter 112: loss = 0.001697,	Top-1 err = 58.330000,	Top-5 err = 35.470000,	train_time = 2.543363
TRAIN Iter 113: loss = 0.001693,	Top-1 err = 57.120000,	Top-5 err = 34.390000,	train_time = 2.524157
TRAIN Iter 114: loss = 0.001700,	Top-1 err = 55.430000,	Top-5 err = 32.710000,	train_time = 2.668717
TRAIN Iter 115: loss = 0.001651,	Top-1 err = 57.010000,	Top-5 err = 34.060000,	train_time = 2.641454
TRAIN Iter 116: loss = 0.001664,	Top-1 err = 57.150000,	Top-5 err = 35.260000,	train_time = 2.718265
TRAIN Iter 117: loss = 0.001642,	Top-1 err = 54.060000,	Top-5 err = 31.980000,	train_time = 2.547787
TRAIN Iter 118: loss = 0.001632,	Top-1 err = 56.490000,	Top-5 err = 33.730000,	train_time = 2.559686
TRAIN Iter 119: loss = 0.001637,	Top-1 err = 55.630000,	Top-5 err = 33.560000,	train_time = 2.702741
TRAIN Iter 120: loss = 0.001645,	Top-1 err = 57.110000,	Top-5 err = 33.730000,	train_time = 2.593636
TRAIN Iter 121: loss = 0.001653,	Top-1 err = 54.210000,	Top-5 err = 32.040000,	train_time = 2.527244
TRAIN Iter 122: loss = 0.001620,	Top-1 err = 56.490000,	Top-5 err = 33.980000,	train_time = 2.501213
TRAIN Iter 123: loss = 0.001605,	Top-1 err = 57.120000,	Top-5 err = 34.550000,	train_time = 2.499952
TRAIN Iter 124: loss = 0.001578,	Top-1 err = 57.470000,	Top-5 err = 34.390000,	train_time = 2.508150
TRAIN Iter 125: loss = 0.001605,	Top-1 err = 56.650000,	Top-5 err = 34.650000,	train_time = 2.605963
TRAIN Iter 126: loss = 0.001575,	Top-1 err = 53.230000,	Top-5 err = 31.410000,	train_time = 2.597557
TRAIN Iter 127: loss = 0.001580,	Top-1 err = 55.020000,	Top-5 err = 32.370000,	train_time = 2.514332
TRAIN Iter 128: loss = 0.001566,	Top-1 err = 55.890000,	Top-5 err = 33.470000,	train_time = 2.528071
TRAIN Iter 129: loss = 0.001627,	Top-1 err = 58.000000,	Top-5 err = 34.560000,	train_time = 2.697473
TRAIN Iter 130: loss = 0.001555,	Top-1 err = 53.810000,	Top-5 err = 32.280000,	train_time = 2.560687
TRAIN Iter 131: loss = 0.001563,	Top-1 err = 56.970000,	Top-5 err = 34.270000,	train_time = 2.577171
TRAIN Iter 132: loss = 0.001575,	Top-1 err = 56.300000,	Top-5 err = 33.550000,	train_time = 2.571464
TRAIN Iter 133: loss = 0.001574,	Top-1 err = 56.680000,	Top-5 err = 33.480000,	train_time = 2.520107
TRAIN Iter 134: loss = 0.001565,	Top-1 err = 59.290000,	Top-5 err = 36.450000,	train_time = 2.680936
TRAIN Iter 135: loss = 0.001559,	Top-1 err = 56.630000,	Top-5 err = 34.960000,	train_time = 2.551207
TRAIN Iter 136: loss = 0.001505,	Top-1 err = 53.920000,	Top-5 err = 31.560000,	train_time = 2.616472
TRAIN Iter 137: loss = 0.001520,	Top-1 err = 53.980000,	Top-5 err = 30.740000,	train_time = 2.495131
TRAIN Iter 138: loss = 0.001540,	Top-1 err = 57.720000,	Top-5 err = 34.710000,	train_time = 2.520185
TRAIN Iter 139: loss = 0.001531,	Top-1 err = 57.440000,	Top-5 err = 34.360000,	train_time = 2.646271
TRAIN Iter 140: loss = 0.001528,	Top-1 err = 54.720000,	Top-5 err = 32.300000,	train_time = 2.693498
TRAIN Iter 141: loss = 0.001532,	Top-1 err = 54.660000,	Top-5 err = 32.840000,	train_time = 2.668619
TRAIN Iter 142: loss = 0.001507,	Top-1 err = 57.280000,	Top-5 err = 33.980000,	train_time = 2.601904
TRAIN Iter 143: loss = 0.001483,	Top-1 err = 53.430000,	Top-5 err = 30.980000,	train_time = 2.678396
TRAIN Iter 144: loss = 0.001518,	Top-1 err = 54.280000,	Top-5 err = 31.810000,	train_time = 2.643968
TRAIN Iter 145: loss = 0.001475,	Top-1 err = 55.970000,	Top-5 err = 33.160000,	train_time = 2.565219
TRAIN Iter 146: loss = 0.001455,	Top-1 err = 55.250000,	Top-5 err = 32.470000,	train_time = 2.661236
TRAIN Iter 147: loss = 0.001492,	Top-1 err = 56.850000,	Top-5 err = 34.310000,	train_time = 2.629240
TRAIN Iter 148: loss = 0.001508,	Top-1 err = 55.040000,	Top-5 err = 33.380000,	train_time = 2.655686
TRAIN Iter 149: loss = 0.001456,	Top-1 err = 56.980000,	Top-5 err = 34.280000,	train_time = 2.505823
TRAIN Iter 150: loss = 0.001484,	Top-1 err = 55.320000,	Top-5 err = 32.680000,	train_time = 2.656160
TRAIN Iter 151: loss = 0.001466,	Top-1 err = 52.750000,	Top-5 err = 30.460000,	train_time = 2.532386
TRAIN Iter 152: loss = 0.001458,	Top-1 err = 54.600000,	Top-5 err = 32.220000,	train_time = 2.539310
TRAIN Iter 153: loss = 0.001452,	Top-1 err = 57.300000,	Top-5 err = 35.270000,	train_time = 2.612053
TRAIN Iter 154: loss = 0.001439,	Top-1 err = 54.440000,	Top-5 err = 31.860000,	train_time = 2.626645
TRAIN Iter 155: loss = 0.001498,	Top-1 err = 57.720000,	Top-5 err = 34.230000,	train_time = 2.514565
TRAIN Iter 156: loss = 0.001474,	Top-1 err = 58.200000,	Top-5 err = 35.090000,	train_time = 2.637831
TRAIN Iter 157: loss = 0.001441,	Top-1 err = 55.850000,	Top-5 err = 34.180000,	train_time = 2.590389
TRAIN Iter 158: loss = 0.001454,	Top-1 err = 57.210000,	Top-5 err = 34.440000,	train_time = 2.599645
TRAIN Iter 159: loss = 0.001433,	Top-1 err = 55.200000,	Top-5 err = 33.240000,	train_time = 2.712970
TRAIN Iter 160: loss = 0.001429,	Top-1 err = 56.990000,	Top-5 err = 33.800000,	train_time = 2.590254
TRAIN Iter 161: loss = 0.001450,	Top-1 err = 56.780000,	Top-5 err = 34.520000,	train_time = 2.617167
TRAIN Iter 162: loss = 0.001416,	Top-1 err = 55.270000,	Top-5 err = 33.180000,	train_time = 2.719310
TRAIN Iter 163: loss = 0.001426,	Top-1 err = 54.440000,	Top-5 err = 33.250000,	train_time = 2.617407
TRAIN Iter 164: loss = 0.001408,	Top-1 err = 55.000000,	Top-5 err = 31.980000,	train_time = 2.637562
TRAIN Iter 165: loss = 0.001444,	Top-1 err = 55.270000,	Top-5 err = 33.070000,	train_time = 2.771232
TRAIN Iter 166: loss = 0.001410,	Top-1 err = 56.340000,	Top-5 err = 33.530000,	train_time = 2.640108
TRAIN Iter 167: loss = 0.001413,	Top-1 err = 54.880000,	Top-5 err = 32.260000,	train_time = 2.619188
TRAIN Iter 168: loss = 0.001405,	Top-1 err = 55.440000,	Top-5 err = 32.690000,	train_time = 2.614846
TRAIN Iter 169: loss = 0.001431,	Top-1 err = 55.270000,	Top-5 err = 32.860000,	train_time = 2.518805
TRAIN Iter 170: loss = 0.001424,	Top-1 err = 56.970000,	Top-5 err = 34.390000,	train_time = 2.582867
TRAIN Iter 171: loss = 0.001404,	Top-1 err = 56.440000,	Top-5 err = 33.920000,	train_time = 2.510092
TRAIN Iter 172: loss = 0.001430,	Top-1 err = 58.630000,	Top-5 err = 35.750000,	train_time = 2.653548
TRAIN Iter 173: loss = 0.001426,	Top-1 err = 54.180000,	Top-5 err = 31.680000,	train_time = 2.657814
TRAIN Iter 174: loss = 0.001374,	Top-1 err = 54.430000,	Top-5 err = 32.730000,	train_time = 2.527901
TRAIN Iter 175: loss = 0.001401,	Top-1 err = 56.090000,	Top-5 err = 33.660000,	train_time = 2.516553
TRAIN Iter 176: loss = 0.001439,	Top-1 err = 55.120000,	Top-5 err = 32.820000,	train_time = 2.502292
TRAIN Iter 177: loss = 0.001381,	Top-1 err = 54.370000,	Top-5 err = 31.950000,	train_time = 2.507839
TRAIN Iter 178: loss = 0.001390,	Top-1 err = 54.270000,	Top-5 err = 32.360000,	train_time = 2.422672
TRAIN Iter 179: loss = 0.001378,	Top-1 err = 56.530000,	Top-5 err = 34.020000,	train_time = 2.611650
TRAIN Iter 180: loss = 0.001393,	Top-1 err = 55.840000,	Top-5 err = 32.520000,	train_time = 2.632296
TRAIN Iter 181: loss = 0.001382,	Top-1 err = 56.550000,	Top-5 err = 33.910000,	train_time = 2.627406
TRAIN Iter 182: loss = 0.001352,	Top-1 err = 56.880000,	Top-5 err = 33.910000,	train_time = 2.709777
TRAIN Iter 183: loss = 0.001375,	Top-1 err = 55.520000,	Top-5 err = 32.590000,	train_time = 2.648167
TRAIN Iter 184: loss = 0.001363,	Top-1 err = 56.210000,	Top-5 err = 33.660000,	train_time = 2.486300
TRAIN Iter 185: loss = 0.001393,	Top-1 err = 54.690000,	Top-5 err = 32.580000,	train_time = 2.569462
TRAIN Iter 186: loss = 0.001376,	Top-1 err = 55.310000,	Top-5 err = 32.930000,	train_time = 2.618788
TRAIN Iter 187: loss = 0.001349,	Top-1 err = 53.860000,	Top-5 err = 32.010000,	train_time = 2.575119
TRAIN Iter 188: loss = 0.001408,	Top-1 err = 58.240000,	Top-5 err = 35.360000,	train_time = 2.601100
TRAIN Iter 189: loss = 0.001355,	Top-1 err = 56.300000,	Top-5 err = 33.620000,	train_time = 2.560064
TRAIN Iter 190: loss = 0.001364,	Top-1 err = 57.050000,	Top-5 err = 33.370000,	train_time = 2.559611
TRAIN Iter 191: loss = 0.001354,	Top-1 err = 54.200000,	Top-5 err = 31.880000,	train_time = 2.650483
TRAIN Iter 192: loss = 0.001347,	Top-1 err = 55.640000,	Top-5 err = 32.570000,	train_time = 2.746879
TRAIN Iter 193: loss = 0.001361,	Top-1 err = 54.630000,	Top-5 err = 31.180000,	train_time = 2.668048
TRAIN Iter 194: loss = 0.001389,	Top-1 err = 57.480000,	Top-5 err = 35.000000,	train_time = 2.633167
TRAIN Iter 195: loss = 0.001354,	Top-1 err = 55.750000,	Top-5 err = 33.730000,	train_time = 2.593760
TRAIN Iter 196: loss = 0.001372,	Top-1 err = 58.810000,	Top-5 err = 36.910000,	train_time = 2.580837
TRAIN Iter 197: loss = 0.001358,	Top-1 err = 59.010000,	Top-5 err = 36.960000,	train_time = 2.607625
TRAIN Iter 198: loss = 0.001348,	Top-1 err = 57.290000,	Top-5 err = 34.270000,	train_time = 2.572899
TRAIN Iter 199: loss = 0.001326,	Top-1 err = 55.700000,	Top-5 err = 33.370000,	train_time = 2.609946
TRAIN Iter 200: loss = 0.001322,	Top-1 err = 53.640000,	Top-5 err = 31.580000,	train_time = 2.705767
TRAIN Iter 201: loss = 0.001328,	Top-1 err = 56.520000,	Top-5 err = 34.010000,	train_time = 2.600191
TRAIN Iter 202: loss = 0.001337,	Top-1 err = 55.770000,	Top-5 err = 33.520000,	train_time = 2.592406
TRAIN Iter 203: loss = 0.001339,	Top-1 err = 53.160000,	Top-5 err = 31.240000,	train_time = 2.554651
TRAIN Iter 204: loss = 0.001337,	Top-1 err = 57.630000,	Top-5 err = 35.610000,	train_time = 2.513179
TRAIN Iter 205: loss = 0.001299,	Top-1 err = 56.770000,	Top-5 err = 34.280000,	train_time = 2.665100
TRAIN Iter 206: loss = 0.001307,	Top-1 err = 54.680000,	Top-5 err = 31.610000,	train_time = 2.550361
TRAIN Iter 207: loss = 0.001330,	Top-1 err = 57.000000,	Top-5 err = 34.450000,	train_time = 2.422607
TRAIN Iter 208: loss = 0.001314,	Top-1 err = 53.400000,	Top-5 err = 31.230000,	train_time = 2.280448
TRAIN Iter 209: loss = 0.001322,	Top-1 err = 58.270000,	Top-5 err = 35.530000,	train_time = 2.633922
TRAIN Iter 210: loss = 0.001304,	Top-1 err = 57.040000,	Top-5 err = 34.620000,	train_time = 2.446109
TRAIN Iter 211: loss = 0.001328,	Top-1 err = 55.280000,	Top-5 err = 32.880000,	train_time = 2.627052
TRAIN Iter 212: loss = 0.001315,	Top-1 err = 55.040000,	Top-5 err = 33.690000,	train_time = 2.574006
TRAIN Iter 213: loss = 0.001291,	Top-1 err = 55.670000,	Top-5 err = 33.300000,	train_time = 2.454226
TRAIN Iter 214: loss = 0.001286,	Top-1 err = 54.950000,	Top-5 err = 32.610000,	train_time = 2.606157
TRAIN Iter 215: loss = 0.001275,	Top-1 err = 52.030000,	Top-5 err = 29.940000,	train_time = 2.599765
TRAIN Iter 216: loss = 0.001313,	Top-1 err = 54.730000,	Top-5 err = 32.900000,	train_time = 2.555817
TRAIN Iter 217: loss = 0.001272,	Top-1 err = 54.000000,	Top-5 err = 32.130000,	train_time = 2.516980
TRAIN Iter 218: loss = 0.001272,	Top-1 err = 53.230000,	Top-5 err = 31.240000,	train_time = 2.719408
TRAIN Iter 219: loss = 0.001297,	Top-1 err = 57.270000,	Top-5 err = 34.930000,	train_time = 2.609538
TRAIN Iter 220: loss = 0.001286,	Top-1 err = 54.730000,	Top-5 err = 31.870000,	train_time = 2.619228
TRAIN Iter 221: loss = 0.001290,	Top-1 err = 57.960000,	Top-5 err = 36.230000,	train_time = 2.581824
TRAIN Iter 222: loss = 0.001297,	Top-1 err = 55.090000,	Top-5 err = 33.820000,	train_time = 2.625315
TRAIN Iter 223: loss = 0.001324,	Top-1 err = 55.160000,	Top-5 err = 32.330000,	train_time = 2.653336
TRAIN Iter 224: loss = 0.001288,	Top-1 err = 56.060000,	Top-5 err = 33.960000,	train_time = 2.606547
TRAIN Iter 225: loss = 0.001277,	Top-1 err = 56.910000,	Top-5 err = 34.550000,	train_time = 2.519874
TRAIN Iter 226: loss = 0.001265,	Top-1 err = 55.650000,	Top-5 err = 33.280000,	train_time = 2.506886
TRAIN Iter 227: loss = 0.001272,	Top-1 err = 53.960000,	Top-5 err = 31.890000,	train_time = 2.599683
TRAIN Iter 228: loss = 0.001248,	Top-1 err = 55.860000,	Top-5 err = 31.910000,	train_time = 2.533613
TRAIN Iter 229: loss = 0.001286,	Top-1 err = 54.060000,	Top-5 err = 32.660000,	train_time = 2.628756
TRAIN Iter 230: loss = 0.001254,	Top-1 err = 54.020000,	Top-5 err = 32.900000,	train_time = 2.605008
TRAIN Iter 231: loss = 0.001282,	Top-1 err = 56.390000,	Top-5 err = 34.620000,	train_time = 2.552216
TRAIN Iter 232: loss = 0.001252,	Top-1 err = 54.890000,	Top-5 err = 32.200000,	train_time = 2.617611
TRAIN Iter 233: loss = 0.001282,	Top-1 err = 54.200000,	Top-5 err = 32.590000,	train_time = 2.572167
TRAIN Iter 234: loss = 0.001294,	Top-1 err = 55.230000,	Top-5 err = 33.350000,	train_time = 2.599955
TRAIN Iter 235: loss = 0.001260,	Top-1 err = 56.300000,	Top-5 err = 33.780000,	train_time = 2.529462
TRAIN Iter 236: loss = 0.001257,	Top-1 err = 55.290000,	Top-5 err = 33.310000,	train_time = 2.558545
TRAIN Iter 237: loss = 0.001253,	Top-1 err = 56.090000,	Top-5 err = 32.840000,	train_time = 2.589038
TRAIN Iter 238: loss = 0.001226,	Top-1 err = 53.320000,	Top-5 err = 31.110000,	train_time = 2.505461
TRAIN Iter 239: loss = 0.001253,	Top-1 err = 55.810000,	Top-5 err = 32.460000,	train_time = 2.654639
TRAIN Iter 240: loss = 0.001244,	Top-1 err = 52.930000,	Top-5 err = 31.010000,	train_time = 2.527343
TRAIN Iter 241: loss = 0.001246,	Top-1 err = 54.780000,	Top-5 err = 33.820000,	train_time = 2.636770
TRAIN Iter 242: loss = 0.001275,	Top-1 err = 55.390000,	Top-5 err = 34.190000,	train_time = 2.664679
TRAIN Iter 243: loss = 0.001247,	Top-1 err = 56.380000,	Top-5 err = 33.880000,	train_time = 2.436071
TRAIN Iter 244: loss = 0.001262,	Top-1 err = 54.840000,	Top-5 err = 32.010000,	train_time = 2.577816
TRAIN Iter 245: loss = 0.001224,	Top-1 err = 51.680000,	Top-5 err = 30.120000,	train_time = 2.602405
TRAIN Iter 246: loss = 0.001223,	Top-1 err = 55.560000,	Top-5 err = 33.140000,	train_time = 2.619915
TRAIN Iter 247: loss = 0.001221,	Top-1 err = 59.140000,	Top-5 err = 36.150000,	train_time = 2.510498
TRAIN Iter 248: loss = 0.001223,	Top-1 err = 53.150000,	Top-5 err = 31.700000,	train_time = 2.648011
TRAIN Iter 249: loss = 0.001247,	Top-1 err = 56.950000,	Top-5 err = 34.300000,	train_time = 2.536444
TEST:
Iter 249: loss = 1.670012,	Top-1 err = 42.060000,	Top-5 err = 16.080000,	val_time = 0.792250
TRAIN Iter 250: loss = 0.001223,	Top-1 err = 53.310000,	Top-5 err = 31.030000,	train_time = 2.624548
TRAIN Iter 251: loss = 0.001244,	Top-1 err = 56.020000,	Top-5 err = 34.610000,	train_time = 2.528952
TRAIN Iter 252: loss = 0.001212,	Top-1 err = 53.420000,	Top-5 err = 31.380000,	train_time = 2.503631
TRAIN Iter 253: loss = 0.001205,	Top-1 err = 55.010000,	Top-5 err = 32.870000,	train_time = 2.595625
TRAIN Iter 254: loss = 0.001199,	Top-1 err = 55.000000,	Top-5 err = 31.520000,	train_time = 2.656941
TRAIN Iter 255: loss = 0.001228,	Top-1 err = 55.500000,	Top-5 err = 33.530000,	train_time = 2.651855
TRAIN Iter 256: loss = 0.001227,	Top-1 err = 54.160000,	Top-5 err = 32.350000,	train_time = 2.639605
TRAIN Iter 257: loss = 0.001222,	Top-1 err = 53.810000,	Top-5 err = 30.340000,	train_time = 2.562329
TRAIN Iter 258: loss = 0.001246,	Top-1 err = 55.230000,	Top-5 err = 33.720000,	train_time = 2.624021
TRAIN Iter 259: loss = 0.001212,	Top-1 err = 52.750000,	Top-5 err = 30.640000,	train_time = 2.622070
TEST:
Iter 259: loss = 1.707129,	Top-1 err = 42.550000,	Top-5 err = 16.550000,	val_time = 0.747702
TRAIN Iter 260: loss = 0.001187,	Top-1 err = 55.660000,	Top-5 err = 33.950000,	train_time = 2.605609
TRAIN Iter 261: loss = 0.001212,	Top-1 err = 53.100000,	Top-5 err = 30.920000,	train_time = 2.635406
TRAIN Iter 262: loss = 0.001221,	Top-1 err = 55.870000,	Top-5 err = 33.270000,	train_time = 2.693584
TRAIN Iter 263: loss = 0.001200,	Top-1 err = 56.990000,	Top-5 err = 34.270000,	train_time = 2.513182
TRAIN Iter 264: loss = 0.001216,	Top-1 err = 56.900000,	Top-5 err = 35.310000,	train_time = 2.630067
TRAIN Iter 265: loss = 0.001198,	Top-1 err = 52.920000,	Top-5 err = 30.880000,	train_time = 2.628124
TRAIN Iter 266: loss = 0.001166,	Top-1 err = 55.260000,	Top-5 err = 32.480000,	train_time = 2.560569
TRAIN Iter 267: loss = 0.001159,	Top-1 err = 54.910000,	Top-5 err = 32.530000,	train_time = 2.709011
TRAIN Iter 268: loss = 0.001186,	Top-1 err = 52.600000,	Top-5 err = 30.890000,	train_time = 2.619627
TRAIN Iter 269: loss = 0.001180,	Top-1 err = 53.600000,	Top-5 err = 31.550000,	train_time = 2.486796
TEST:
Iter 269: loss = 1.648085,	Top-1 err = 41.960000,	Top-5 err = 16.120000,	val_time = 0.811004
TRAIN Iter 270: loss = 0.001167,	Top-1 err = 56.180000,	Top-5 err = 34.320000,	train_time = 2.674654
TRAIN Iter 271: loss = 0.001169,	Top-1 err = 53.760000,	Top-5 err = 31.970000,	train_time = 2.614715
TRAIN Iter 272: loss = 0.001159,	Top-1 err = 52.800000,	Top-5 err = 30.730000,	train_time = 2.520879
TRAIN Iter 273: loss = 0.001171,	Top-1 err = 54.090000,	Top-5 err = 33.040000,	train_time = 2.595239
TRAIN Iter 274: loss = 0.001169,	Top-1 err = 54.470000,	Top-5 err = 32.000000,	train_time = 2.630480
TRAIN Iter 275: loss = 0.001181,	Top-1 err = 53.690000,	Top-5 err = 31.320000,	train_time = 2.579779
TRAIN Iter 276: loss = 0.001146,	Top-1 err = 53.270000,	Top-5 err = 31.030000,	train_time = 2.493937
TRAIN Iter 277: loss = 0.001136,	Top-1 err = 56.510000,	Top-5 err = 33.520000,	train_time = 2.520592
TRAIN Iter 278: loss = 0.001206,	Top-1 err = 55.680000,	Top-5 err = 33.570000,	train_time = 2.490380
TRAIN Iter 279: loss = 0.001151,	Top-1 err = 56.480000,	Top-5 err = 34.710000,	train_time = 2.607805
TEST:
Iter 279: loss = 1.685120,	Top-1 err = 42.800000,	Top-5 err = 16.060000,	val_time = 0.853777
TRAIN Iter 280: loss = 0.001145,	Top-1 err = 51.020000,	Top-5 err = 29.630000,	train_time = 2.479684
TRAIN Iter 281: loss = 0.001131,	Top-1 err = 52.920000,	Top-5 err = 31.000000,	train_time = 2.565434
TRAIN Iter 282: loss = 0.001162,	Top-1 err = 55.770000,	Top-5 err = 33.010000,	train_time = 2.451623
TRAIN Iter 283: loss = 0.001144,	Top-1 err = 54.480000,	Top-5 err = 32.150000,	train_time = 2.562954
TRAIN Iter 284: loss = 0.001145,	Top-1 err = 52.430000,	Top-5 err = 30.520000,	train_time = 2.603431
TRAIN Iter 285: loss = 0.001144,	Top-1 err = 54.470000,	Top-5 err = 32.040000,	train_time = 2.705983
TRAIN Iter 286: loss = 0.001145,	Top-1 err = 51.820000,	Top-5 err = 30.840000,	train_time = 2.625715
TRAIN Iter 287: loss = 0.001151,	Top-1 err = 53.550000,	Top-5 err = 32.130000,	train_time = 2.654970
TRAIN Iter 288: loss = 0.001147,	Top-1 err = 52.010000,	Top-5 err = 30.130000,	train_time = 2.599514
TRAIN Iter 289: loss = 0.001135,	Top-1 err = 53.900000,	Top-5 err = 31.840000,	train_time = 2.678048
TEST:
Iter 289: loss = 1.669962,	Top-1 err = 41.950000,	Top-5 err = 16.030000,	val_time = 0.733406
TRAIN Iter 290: loss = 0.001141,	Top-1 err = 53.130000,	Top-5 err = 30.590000,	train_time = 2.579969
TRAIN Iter 291: loss = 0.001116,	Top-1 err = 54.790000,	Top-5 err = 32.910000,	train_time = 2.618586
TRAIN Iter 292: loss = 0.001149,	Top-1 err = 55.580000,	Top-5 err = 34.600000,	train_time = 2.637207
TRAIN Iter 293: loss = 0.001138,	Top-1 err = 55.640000,	Top-5 err = 33.910000,	train_time = 2.515680
TRAIN Iter 294: loss = 0.001142,	Top-1 err = 54.940000,	Top-5 err = 32.620000,	train_time = 2.606468
TRAIN Iter 295: loss = 0.001132,	Top-1 err = 53.810000,	Top-5 err = 31.410000,	train_time = 2.621083
TRAIN Iter 296: loss = 0.001138,	Top-1 err = 54.160000,	Top-5 err = 32.570000,	train_time = 2.605796
TRAIN Iter 297: loss = 0.001147,	Top-1 err = 53.600000,	Top-5 err = 31.750000,	train_time = 2.489366
TRAIN Iter 298: loss = 0.001106,	Top-1 err = 53.940000,	Top-5 err = 31.890000,	train_time = 2.607895
TRAIN Iter 299: loss = 0.001117,	Top-1 err = 55.600000,	Top-5 err = 33.370000,	train_time = 2.519750
TEST:
Iter 299: loss = 1.652702,	Top-1 err = 41.850000,	Top-5 err = 15.700000,	val_time = 0.808974
Train Finish! Best accuracy is 58.15@299
