/home/dvspanos/miniconda3/envs/rded/lib/python3.10/site-packages/torch/cuda/__init__.py:611: UserWarning: Can't initialize NVML
  warnings.warn("Can't initialize NVML")
=> using pytorch pre-trained teacher model 'conv3'
process data from /home/dvspanos/nikos/ca2d/artifacts/rded_sets/bench_cifar100_conv_el2nw40_ipc10
load data successfully
TRAIN Iter 0: loss = 0.019764,	Top-1 err = 97.300000,	Top-5 err = 91.300000,	train_time = 1.097808
TRAIN Iter 1: loss = 0.018474,	Top-1 err = 96.500000,	Top-5 err = 86.400000,	train_time = 0.373799
TRAIN Iter 2: loss = 0.016450,	Top-1 err = 95.800000,	Top-5 err = 82.600000,	train_time = 0.367816
TRAIN Iter 3: loss = 0.016177,	Top-1 err = 95.400000,	Top-5 err = 80.900000,	train_time = 0.416228
TRAIN Iter 4: loss = 0.015489,	Top-1 err = 94.400000,	Top-5 err = 77.100000,	train_time = 0.398692
TRAIN Iter 5: loss = 0.015076,	Top-1 err = 96.000000,	Top-5 err = 79.800000,	train_time = 0.395437
TRAIN Iter 6: loss = 0.014365,	Top-1 err = 95.300000,	Top-5 err = 79.300000,	train_time = 0.383453
TRAIN Iter 7: loss = 0.013528,	Top-1 err = 94.500000,	Top-5 err = 78.700000,	train_time = 0.409198
TRAIN Iter 8: loss = 0.013520,	Top-1 err = 92.700000,	Top-5 err = 72.400000,	train_time = 0.402350
TRAIN Iter 9: loss = 0.013144,	Top-1 err = 91.500000,	Top-5 err = 72.300000,	train_time = 0.381904
TRAIN Iter 10: loss = 0.012193,	Top-1 err = 91.000000,	Top-5 err = 72.700000,	train_time = 0.409625
TRAIN Iter 11: loss = 0.012468,	Top-1 err = 91.400000,	Top-5 err = 71.000000,	train_time = 0.420109
TRAIN Iter 12: loss = 0.011298,	Top-1 err = 87.500000,	Top-5 err = 64.000000,	train_time = 0.383546
TRAIN Iter 13: loss = 0.011427,	Top-1 err = 88.700000,	Top-5 err = 65.400000,	train_time = 0.390430
TRAIN Iter 14: loss = 0.011026,	Top-1 err = 89.200000,	Top-5 err = 69.100000,	train_time = 0.386877
TRAIN Iter 15: loss = 0.010663,	Top-1 err = 87.400000,	Top-5 err = 59.800000,	train_time = 0.407020
TRAIN Iter 16: loss = 0.010501,	Top-1 err = 87.900000,	Top-5 err = 63.900000,	train_time = 0.408426
TRAIN Iter 17: loss = 0.010133,	Top-1 err = 86.100000,	Top-5 err = 64.700000,	train_time = 0.408460
TRAIN Iter 18: loss = 0.009842,	Top-1 err = 87.100000,	Top-5 err = 61.000000,	train_time = 0.409609
TRAIN Iter 19: loss = 0.009752,	Top-1 err = 86.400000,	Top-5 err = 62.800000,	train_time = 0.386132
TRAIN Iter 20: loss = 0.009264,	Top-1 err = 87.000000,	Top-5 err = 58.600000,	train_time = 0.394662
TRAIN Iter 21: loss = 0.009186,	Top-1 err = 86.600000,	Top-5 err = 58.800000,	train_time = 0.394151
TRAIN Iter 22: loss = 0.008928,	Top-1 err = 87.300000,	Top-5 err = 61.600000,	train_time = 0.393724
TRAIN Iter 23: loss = 0.008841,	Top-1 err = 80.800000,	Top-5 err = 52.600000,	train_time = 0.388833
TRAIN Iter 24: loss = 0.008783,	Top-1 err = 86.700000,	Top-5 err = 63.500000,	train_time = 0.400119
TRAIN Iter 25: loss = 0.008683,	Top-1 err = 85.800000,	Top-5 err = 59.400000,	train_time = 0.379788
TRAIN Iter 26: loss = 0.008389,	Top-1 err = 83.200000,	Top-5 err = 58.600000,	train_time = 0.324420
TRAIN Iter 27: loss = 0.008282,	Top-1 err = 83.000000,	Top-5 err = 55.200000,	train_time = 0.375390
TRAIN Iter 28: loss = 0.008469,	Top-1 err = 84.300000,	Top-5 err = 59.200000,	train_time = 0.376009
TRAIN Iter 29: loss = 0.007944,	Top-1 err = 79.600000,	Top-5 err = 48.500000,	train_time = 0.379112
TRAIN Iter 30: loss = 0.007961,	Top-1 err = 83.200000,	Top-5 err = 58.700000,	train_time = 0.408588
TRAIN Iter 31: loss = 0.008215,	Top-1 err = 79.900000,	Top-5 err = 51.800000,	train_time = 0.370588
TRAIN Iter 32: loss = 0.007557,	Top-1 err = 82.900000,	Top-5 err = 56.100000,	train_time = 0.317747
TRAIN Iter 33: loss = 0.007471,	Top-1 err = 80.500000,	Top-5 err = 50.300000,	train_time = 0.391980
TRAIN Iter 34: loss = 0.007497,	Top-1 err = 80.700000,	Top-5 err = 53.700000,	train_time = 0.400825
TRAIN Iter 35: loss = 0.007563,	Top-1 err = 81.200000,	Top-5 err = 53.700000,	train_time = 0.404192
TRAIN Iter 36: loss = 0.007241,	Top-1 err = 77.600000,	Top-5 err = 49.200000,	train_time = 0.381387
TRAIN Iter 37: loss = 0.007199,	Top-1 err = 81.700000,	Top-5 err = 54.400000,	train_time = 0.373789
TRAIN Iter 38: loss = 0.007173,	Top-1 err = 79.400000,	Top-5 err = 49.900000,	train_time = 0.372096
TRAIN Iter 39: loss = 0.006957,	Top-1 err = 78.100000,	Top-5 err = 47.400000,	train_time = 0.367289
TRAIN Iter 40: loss = 0.006981,	Top-1 err = 79.500000,	Top-5 err = 51.900000,	train_time = 0.391307
TRAIN Iter 41: loss = 0.007069,	Top-1 err = 77.500000,	Top-5 err = 48.600000,	train_time = 0.391599
TRAIN Iter 42: loss = 0.006872,	Top-1 err = 81.400000,	Top-5 err = 53.200000,	train_time = 0.394595
TRAIN Iter 43: loss = 0.006784,	Top-1 err = 79.900000,	Top-5 err = 56.200000,	train_time = 0.376986
TRAIN Iter 44: loss = 0.006702,	Top-1 err = 79.600000,	Top-5 err = 50.700000,	train_time = 0.383319
TRAIN Iter 45: loss = 0.006695,	Top-1 err = 79.500000,	Top-5 err = 51.100000,	train_time = 0.383264
TRAIN Iter 46: loss = 0.006629,	Top-1 err = 76.500000,	Top-5 err = 49.700000,	train_time = 0.402072
TRAIN Iter 47: loss = 0.006466,	Top-1 err = 78.000000,	Top-5 err = 51.300000,	train_time = 0.376488
TRAIN Iter 48: loss = 0.006646,	Top-1 err = 81.800000,	Top-5 err = 55.200000,	train_time = 0.407695
TRAIN Iter 49: loss = 0.006510,	Top-1 err = 81.400000,	Top-5 err = 56.300000,	train_time = 0.395249
TRAIN Iter 50: loss = 0.006184,	Top-1 err = 76.800000,	Top-5 err = 49.500000,	train_time = 0.395586
TRAIN Iter 51: loss = 0.006435,	Top-1 err = 77.200000,	Top-5 err = 49.000000,	train_time = 0.416384
TRAIN Iter 52: loss = 0.006471,	Top-1 err = 79.200000,	Top-5 err = 52.800000,	train_time = 0.400135
TRAIN Iter 53: loss = 0.006271,	Top-1 err = 75.000000,	Top-5 err = 47.000000,	train_time = 0.385917
TRAIN Iter 54: loss = 0.006159,	Top-1 err = 74.200000,	Top-5 err = 46.200000,	train_time = 0.500062
TRAIN Iter 55: loss = 0.006142,	Top-1 err = 71.100000,	Top-5 err = 43.000000,	train_time = 0.398511
TRAIN Iter 56: loss = 0.006130,	Top-1 err = 75.900000,	Top-5 err = 50.300000,	train_time = 0.393939
TRAIN Iter 57: loss = 0.006027,	Top-1 err = 74.900000,	Top-5 err = 45.000000,	train_time = 0.429732
TRAIN Iter 58: loss = 0.005967,	Top-1 err = 78.400000,	Top-5 err = 48.600000,	train_time = 0.382799
TRAIN Iter 59: loss = 0.006182,	Top-1 err = 74.700000,	Top-5 err = 46.200000,	train_time = 0.357251
TRAIN Iter 60: loss = 0.005780,	Top-1 err = 74.800000,	Top-5 err = 46.200000,	train_time = 0.410236
TRAIN Iter 61: loss = 0.005619,	Top-1 err = 73.900000,	Top-5 err = 45.400000,	train_time = 0.392570
TRAIN Iter 62: loss = 0.005767,	Top-1 err = 76.300000,	Top-5 err = 48.100000,	train_time = 0.393369
TRAIN Iter 63: loss = 0.005720,	Top-1 err = 78.300000,	Top-5 err = 51.400000,	train_time = 0.403092
TRAIN Iter 64: loss = 0.005553,	Top-1 err = 77.200000,	Top-5 err = 46.700000,	train_time = 0.411606
TRAIN Iter 65: loss = 0.005659,	Top-1 err = 75.400000,	Top-5 err = 48.600000,	train_time = 0.384975
TRAIN Iter 66: loss = 0.005684,	Top-1 err = 75.900000,	Top-5 err = 46.700000,	train_time = 0.401257
TRAIN Iter 67: loss = 0.005597,	Top-1 err = 77.300000,	Top-5 err = 47.900000,	train_time = 0.399990
TRAIN Iter 68: loss = 0.005647,	Top-1 err = 78.800000,	Top-5 err = 51.800000,	train_time = 0.373439
TRAIN Iter 69: loss = 0.005692,	Top-1 err = 76.400000,	Top-5 err = 48.100000,	train_time = 0.402389
TRAIN Iter 70: loss = 0.005435,	Top-1 err = 71.600000,	Top-5 err = 38.800000,	train_time = 0.394517
TRAIN Iter 71: loss = 0.005161,	Top-1 err = 75.300000,	Top-5 err = 47.600000,	train_time = 0.436627
TRAIN Iter 72: loss = 0.005534,	Top-1 err = 73.900000,	Top-5 err = 46.500000,	train_time = 0.373709
TRAIN Iter 73: loss = 0.005691,	Top-1 err = 77.400000,	Top-5 err = 50.900000,	train_time = 0.350371
TRAIN Iter 74: loss = 0.005465,	Top-1 err = 73.900000,	Top-5 err = 43.500000,	train_time = 0.434633
TRAIN Iter 75: loss = 0.005258,	Top-1 err = 73.000000,	Top-5 err = 44.900000,	train_time = 0.394487
TRAIN Iter 76: loss = 0.005425,	Top-1 err = 73.000000,	Top-5 err = 42.300000,	train_time = 0.392658
TRAIN Iter 77: loss = 0.005279,	Top-1 err = 74.400000,	Top-5 err = 46.400000,	train_time = 0.386154
TRAIN Iter 78: loss = 0.005362,	Top-1 err = 76.900000,	Top-5 err = 50.800000,	train_time = 0.388335
TRAIN Iter 79: loss = 0.005331,	Top-1 err = 79.500000,	Top-5 err = 53.200000,	train_time = 0.407797
TRAIN Iter 80: loss = 0.004996,	Top-1 err = 71.700000,	Top-5 err = 41.500000,	train_time = 0.402735
TRAIN Iter 81: loss = 0.005016,	Top-1 err = 72.900000,	Top-5 err = 42.500000,	train_time = 0.406134
TRAIN Iter 82: loss = 0.004876,	Top-1 err = 71.500000,	Top-5 err = 38.900000,	train_time = 0.392503
TRAIN Iter 83: loss = 0.005197,	Top-1 err = 77.200000,	Top-5 err = 50.000000,	train_time = 0.378509
TRAIN Iter 84: loss = 0.005088,	Top-1 err = 75.300000,	Top-5 err = 49.100000,	train_time = 0.337668
TRAIN Iter 85: loss = 0.005395,	Top-1 err = 78.300000,	Top-5 err = 54.400000,	train_time = 0.407542
TRAIN Iter 86: loss = 0.005094,	Top-1 err = 76.100000,	Top-5 err = 46.100000,	train_time = 0.369371
TRAIN Iter 87: loss = 0.004960,	Top-1 err = 77.000000,	Top-5 err = 50.700000,	train_time = 0.381277
TRAIN Iter 88: loss = 0.005053,	Top-1 err = 74.700000,	Top-5 err = 46.100000,	train_time = 0.393211
TRAIN Iter 89: loss = 0.005001,	Top-1 err = 75.200000,	Top-5 err = 46.900000,	train_time = 0.376244
TRAIN Iter 90: loss = 0.004997,	Top-1 err = 75.100000,	Top-5 err = 47.300000,	train_time = 0.342187
TRAIN Iter 91: loss = 0.004878,	Top-1 err = 68.800000,	Top-5 err = 38.800000,	train_time = 0.385075
TRAIN Iter 92: loss = 0.004944,	Top-1 err = 75.600000,	Top-5 err = 45.400000,	train_time = 0.348478
TRAIN Iter 93: loss = 0.004986,	Top-1 err = 72.400000,	Top-5 err = 40.800000,	train_time = 0.373138
TRAIN Iter 94: loss = 0.004903,	Top-1 err = 71.900000,	Top-5 err = 43.700000,	train_time = 0.388895
TRAIN Iter 95: loss = 0.004743,	Top-1 err = 73.400000,	Top-5 err = 46.400000,	train_time = 0.379860
TRAIN Iter 96: loss = 0.004842,	Top-1 err = 73.800000,	Top-5 err = 45.400000,	train_time = 0.367228
TRAIN Iter 97: loss = 0.004710,	Top-1 err = 74.600000,	Top-5 err = 46.800000,	train_time = 0.386816
TRAIN Iter 98: loss = 0.004804,	Top-1 err = 70.500000,	Top-5 err = 41.300000,	train_time = 0.391574
TRAIN Iter 99: loss = 0.004827,	Top-1 err = 72.000000,	Top-5 err = 43.000000,	train_time = 0.381927
TRAIN Iter 100: loss = 0.004520,	Top-1 err = 72.200000,	Top-5 err = 41.900000,	train_time = 0.375309
TRAIN Iter 101: loss = 0.004632,	Top-1 err = 75.200000,	Top-5 err = 47.900000,	train_time = 0.386346
TRAIN Iter 102: loss = 0.004789,	Top-1 err = 75.100000,	Top-5 err = 47.300000,	train_time = 0.386238
TRAIN Iter 103: loss = 0.004747,	Top-1 err = 76.400000,	Top-5 err = 50.900000,	train_time = 0.392792
TRAIN Iter 104: loss = 0.004546,	Top-1 err = 68.300000,	Top-5 err = 40.700000,	train_time = 0.384042
TRAIN Iter 105: loss = 0.004576,	Top-1 err = 64.600000,	Top-5 err = 37.400000,	train_time = 0.384315
TRAIN Iter 106: loss = 0.004597,	Top-1 err = 72.000000,	Top-5 err = 45.300000,	train_time = 0.368106
TRAIN Iter 107: loss = 0.004583,	Top-1 err = 70.000000,	Top-5 err = 41.100000,	train_time = 0.361003
TRAIN Iter 108: loss = 0.004587,	Top-1 err = 74.700000,	Top-5 err = 48.000000,	train_time = 0.436796
TRAIN Iter 109: loss = 0.004573,	Top-1 err = 68.200000,	Top-5 err = 41.200000,	train_time = 0.412060
TRAIN Iter 110: loss = 0.004484,	Top-1 err = 72.100000,	Top-5 err = 43.600000,	train_time = 0.409749
TRAIN Iter 111: loss = 0.004324,	Top-1 err = 68.000000,	Top-5 err = 36.200000,	train_time = 0.390273
TRAIN Iter 112: loss = 0.004287,	Top-1 err = 65.400000,	Top-5 err = 35.200000,	train_time = 0.370845
TRAIN Iter 113: loss = 0.004535,	Top-1 err = 68.400000,	Top-5 err = 41.400000,	train_time = 0.407892
TRAIN Iter 114: loss = 0.004542,	Top-1 err = 78.900000,	Top-5 err = 51.600000,	train_time = 0.378412
TRAIN Iter 115: loss = 0.004550,	Top-1 err = 73.800000,	Top-5 err = 46.700000,	train_time = 0.398821
TRAIN Iter 116: loss = 0.004648,	Top-1 err = 75.800000,	Top-5 err = 50.500000,	train_time = 0.396371
TRAIN Iter 117: loss = 0.004451,	Top-1 err = 73.200000,	Top-5 err = 46.200000,	train_time = 0.388011
TRAIN Iter 118: loss = 0.004230,	Top-1 err = 69.300000,	Top-5 err = 38.100000,	train_time = 0.377563
TRAIN Iter 119: loss = 0.004315,	Top-1 err = 74.900000,	Top-5 err = 47.000000,	train_time = 0.375514
TRAIN Iter 120: loss = 0.004244,	Top-1 err = 71.900000,	Top-5 err = 41.600000,	train_time = 0.372802
TRAIN Iter 121: loss = 0.004303,	Top-1 err = 67.500000,	Top-5 err = 38.700000,	train_time = 0.403945
TRAIN Iter 122: loss = 0.004335,	Top-1 err = 70.600000,	Top-5 err = 42.000000,	train_time = 0.406518
TRAIN Iter 123: loss = 0.004344,	Top-1 err = 71.200000,	Top-5 err = 43.200000,	train_time = 0.385281
TRAIN Iter 124: loss = 0.004280,	Top-1 err = 69.600000,	Top-5 err = 39.200000,	train_time = 0.381882
TRAIN Iter 125: loss = 0.004363,	Top-1 err = 70.400000,	Top-5 err = 45.900000,	train_time = 0.375628
TRAIN Iter 126: loss = 0.004337,	Top-1 err = 72.200000,	Top-5 err = 41.300000,	train_time = 0.375134
TRAIN Iter 127: loss = 0.004382,	Top-1 err = 74.600000,	Top-5 err = 52.000000,	train_time = 0.392418
TRAIN Iter 128: loss = 0.004167,	Top-1 err = 72.500000,	Top-5 err = 44.200000,	train_time = 0.398239
TRAIN Iter 129: loss = 0.004381,	Top-1 err = 71.700000,	Top-5 err = 43.100000,	train_time = 0.385232
TRAIN Iter 130: loss = 0.004232,	Top-1 err = 71.100000,	Top-5 err = 43.600000,	train_time = 0.352228
TRAIN Iter 131: loss = 0.004098,	Top-1 err = 71.900000,	Top-5 err = 42.500000,	train_time = 0.401692
TRAIN Iter 132: loss = 0.004377,	Top-1 err = 76.500000,	Top-5 err = 47.300000,	train_time = 0.391391
TRAIN Iter 133: loss = 0.004137,	Top-1 err = 71.500000,	Top-5 err = 44.600000,	train_time = 0.368974
TRAIN Iter 134: loss = 0.004211,	Top-1 err = 72.000000,	Top-5 err = 40.600000,	train_time = 0.406613
TRAIN Iter 135: loss = 0.004495,	Top-1 err = 75.600000,	Top-5 err = 49.800000,	train_time = 0.392938
TRAIN Iter 136: loss = 0.004098,	Top-1 err = 66.800000,	Top-5 err = 41.200000,	train_time = 0.390222
TRAIN Iter 137: loss = 0.004055,	Top-1 err = 71.500000,	Top-5 err = 46.300000,	train_time = 0.390427
TRAIN Iter 138: loss = 0.003991,	Top-1 err = 67.600000,	Top-5 err = 36.900000,	train_time = 0.391253
TRAIN Iter 139: loss = 0.004016,	Top-1 err = 70.700000,	Top-5 err = 40.800000,	train_time = 0.385604
TRAIN Iter 140: loss = 0.004079,	Top-1 err = 70.400000,	Top-5 err = 44.400000,	train_time = 0.404461
TRAIN Iter 141: loss = 0.004166,	Top-1 err = 69.800000,	Top-5 err = 41.500000,	train_time = 0.420718
TRAIN Iter 142: loss = 0.003974,	Top-1 err = 67.900000,	Top-5 err = 37.300000,	train_time = 0.394653
TRAIN Iter 143: loss = 0.004212,	Top-1 err = 71.000000,	Top-5 err = 42.500000,	train_time = 0.393625
TRAIN Iter 144: loss = 0.004269,	Top-1 err = 71.500000,	Top-5 err = 43.500000,	train_time = 0.394731
TRAIN Iter 145: loss = 0.004045,	Top-1 err = 64.700000,	Top-5 err = 36.700000,	train_time = 0.385378
TRAIN Iter 146: loss = 0.003941,	Top-1 err = 65.600000,	Top-5 err = 36.700000,	train_time = 0.403365
TRAIN Iter 147: loss = 0.004217,	Top-1 err = 73.700000,	Top-5 err = 48.200000,	train_time = 0.398023
TRAIN Iter 148: loss = 0.003870,	Top-1 err = 65.100000,	Top-5 err = 36.400000,	train_time = 0.398177
TRAIN Iter 149: loss = 0.003888,	Top-1 err = 71.700000,	Top-5 err = 44.000000,	train_time = 0.397727
TRAIN Iter 150: loss = 0.004072,	Top-1 err = 70.000000,	Top-5 err = 42.600000,	train_time = 0.378848
TRAIN Iter 151: loss = 0.003999,	Top-1 err = 71.800000,	Top-5 err = 45.100000,	train_time = 0.349533
TRAIN Iter 152: loss = 0.003923,	Top-1 err = 67.300000,	Top-5 err = 37.800000,	train_time = 0.374837
TRAIN Iter 153: loss = 0.003990,	Top-1 err = 70.900000,	Top-5 err = 43.400000,	train_time = 0.416879
TRAIN Iter 154: loss = 0.004016,	Top-1 err = 70.500000,	Top-5 err = 41.700000,	train_time = 0.396873
TRAIN Iter 155: loss = 0.004019,	Top-1 err = 71.200000,	Top-5 err = 41.700000,	train_time = 0.359488
TRAIN Iter 156: loss = 0.003834,	Top-1 err = 70.800000,	Top-5 err = 40.100000,	train_time = 0.374142
TRAIN Iter 157: loss = 0.003819,	Top-1 err = 69.400000,	Top-5 err = 38.100000,	train_time = 0.403419
TRAIN Iter 158: loss = 0.003964,	Top-1 err = 71.800000,	Top-5 err = 44.600000,	train_time = 0.398571
TRAIN Iter 159: loss = 0.004022,	Top-1 err = 68.800000,	Top-5 err = 43.200000,	train_time = 0.380883
TRAIN Iter 160: loss = 0.003933,	Top-1 err = 71.400000,	Top-5 err = 44.200000,	train_time = 0.393878
TRAIN Iter 161: loss = 0.003850,	Top-1 err = 69.500000,	Top-5 err = 39.900000,	train_time = 0.381827
TRAIN Iter 162: loss = 0.003830,	Top-1 err = 70.700000,	Top-5 err = 42.900000,	train_time = 0.407490
TRAIN Iter 163: loss = 0.003695,	Top-1 err = 63.000000,	Top-5 err = 32.200000,	train_time = 0.384463
TRAIN Iter 164: loss = 0.003743,	Top-1 err = 67.000000,	Top-5 err = 39.500000,	train_time = 0.388234
TRAIN Iter 165: loss = 0.003668,	Top-1 err = 66.400000,	Top-5 err = 37.600000,	train_time = 0.397050
TRAIN Iter 166: loss = 0.003576,	Top-1 err = 66.300000,	Top-5 err = 39.600000,	train_time = 0.378917
TRAIN Iter 167: loss = 0.003698,	Top-1 err = 66.000000,	Top-5 err = 38.400000,	train_time = 0.410142
TRAIN Iter 168: loss = 0.003925,	Top-1 err = 71.200000,	Top-5 err = 44.400000,	train_time = 0.402402
TRAIN Iter 169: loss = 0.003888,	Top-1 err = 71.200000,	Top-5 err = 44.800000,	train_time = 0.389764
TRAIN Iter 170: loss = 0.003744,	Top-1 err = 73.100000,	Top-5 err = 44.000000,	train_time = 0.403686
TRAIN Iter 171: loss = 0.003926,	Top-1 err = 74.500000,	Top-5 err = 48.800000,	train_time = 0.402947
TRAIN Iter 172: loss = 0.003864,	Top-1 err = 72.200000,	Top-5 err = 45.300000,	train_time = 0.424179
TRAIN Iter 173: loss = 0.003901,	Top-1 err = 73.900000,	Top-5 err = 47.500000,	train_time = 0.407158
TRAIN Iter 174: loss = 0.003794,	Top-1 err = 70.600000,	Top-5 err = 42.200000,	train_time = 0.380791
TRAIN Iter 175: loss = 0.003851,	Top-1 err = 70.500000,	Top-5 err = 43.400000,	train_time = 0.375790
TRAIN Iter 176: loss = 0.003711,	Top-1 err = 67.600000,	Top-5 err = 40.000000,	train_time = 0.394822
TRAIN Iter 177: loss = 0.003818,	Top-1 err = 68.900000,	Top-5 err = 40.800000,	train_time = 0.393936
TRAIN Iter 178: loss = 0.003884,	Top-1 err = 70.700000,	Top-5 err = 42.400000,	train_time = 0.402683
TRAIN Iter 179: loss = 0.003699,	Top-1 err = 65.600000,	Top-5 err = 37.800000,	train_time = 0.373037
TRAIN Iter 180: loss = 0.003731,	Top-1 err = 70.800000,	Top-5 err = 43.600000,	train_time = 0.416402
TRAIN Iter 181: loss = 0.003820,	Top-1 err = 71.600000,	Top-5 err = 46.700000,	train_time = 0.356967
TRAIN Iter 182: loss = 0.003678,	Top-1 err = 71.300000,	Top-5 err = 42.400000,	train_time = 0.412203
TRAIN Iter 183: loss = 0.003952,	Top-1 err = 71.500000,	Top-5 err = 43.200000,	train_time = 0.392485
TRAIN Iter 184: loss = 0.003833,	Top-1 err = 74.200000,	Top-5 err = 47.500000,	train_time = 0.372406
TRAIN Iter 185: loss = 0.004005,	Top-1 err = 76.000000,	Top-5 err = 54.000000,	train_time = 0.378617
TRAIN Iter 186: loss = 0.003771,	Top-1 err = 71.000000,	Top-5 err = 38.200000,	train_time = 0.396140
TRAIN Iter 187: loss = 0.003668,	Top-1 err = 73.900000,	Top-5 err = 50.800000,	train_time = 0.376949
TRAIN Iter 188: loss = 0.003814,	Top-1 err = 73.200000,	Top-5 err = 46.800000,	train_time = 0.343674
TRAIN Iter 189: loss = 0.003668,	Top-1 err = 66.300000,	Top-5 err = 35.100000,	train_time = 0.339822
TRAIN Iter 190: loss = 0.003693,	Top-1 err = 71.900000,	Top-5 err = 47.500000,	train_time = 0.350804
TRAIN Iter 191: loss = 0.003478,	Top-1 err = 61.700000,	Top-5 err = 32.000000,	train_time = 0.407689
TRAIN Iter 192: loss = 0.003787,	Top-1 err = 70.400000,	Top-5 err = 45.400000,	train_time = 0.408181
TRAIN Iter 193: loss = 0.003642,	Top-1 err = 66.700000,	Top-5 err = 39.100000,	train_time = 0.389007
TRAIN Iter 194: loss = 0.003505,	Top-1 err = 68.400000,	Top-5 err = 39.400000,	train_time = 0.363089
TRAIN Iter 195: loss = 0.003545,	Top-1 err = 70.400000,	Top-5 err = 42.800000,	train_time = 0.385108
TRAIN Iter 196: loss = 0.003553,	Top-1 err = 69.300000,	Top-5 err = 41.100000,	train_time = 0.363713
TRAIN Iter 197: loss = 0.003594,	Top-1 err = 70.200000,	Top-5 err = 42.000000,	train_time = 0.403747
TRAIN Iter 198: loss = 0.003453,	Top-1 err = 65.900000,	Top-5 err = 37.000000,	train_time = 0.395535
TRAIN Iter 199: loss = 0.003499,	Top-1 err = 72.700000,	Top-5 err = 42.500000,	train_time = 0.383564
TRAIN Iter 200: loss = 0.003532,	Top-1 err = 65.900000,	Top-5 err = 40.200000,	train_time = 0.414746
TRAIN Iter 201: loss = 0.003576,	Top-1 err = 68.800000,	Top-5 err = 40.100000,	train_time = 0.390503
TRAIN Iter 202: loss = 0.003711,	Top-1 err = 67.300000,	Top-5 err = 42.900000,	train_time = 0.420242
TRAIN Iter 203: loss = 0.003549,	Top-1 err = 68.800000,	Top-5 err = 40.100000,	train_time = 0.423058
TRAIN Iter 204: loss = 0.003534,	Top-1 err = 70.100000,	Top-5 err = 40.200000,	train_time = 0.409638
TRAIN Iter 205: loss = 0.003565,	Top-1 err = 70.700000,	Top-5 err = 43.700000,	train_time = 0.393137
TRAIN Iter 206: loss = 0.003535,	Top-1 err = 70.300000,	Top-5 err = 42.200000,	train_time = 0.395938
TRAIN Iter 207: loss = 0.003561,	Top-1 err = 72.000000,	Top-5 err = 43.400000,	train_time = 0.353440
TRAIN Iter 208: loss = 0.003592,	Top-1 err = 68.000000,	Top-5 err = 40.200000,	train_time = 0.389899
TRAIN Iter 209: loss = 0.003583,	Top-1 err = 71.500000,	Top-5 err = 44.100000,	train_time = 0.396810
TRAIN Iter 210: loss = 0.003530,	Top-1 err = 63.600000,	Top-5 err = 36.600000,	train_time = 0.400570
TRAIN Iter 211: loss = 0.003483,	Top-1 err = 67.500000,	Top-5 err = 39.000000,	train_time = 0.394487
TRAIN Iter 212: loss = 0.003303,	Top-1 err = 61.600000,	Top-5 err = 33.200000,	train_time = 0.366797
TRAIN Iter 213: loss = 0.003470,	Top-1 err = 69.500000,	Top-5 err = 40.500000,	train_time = 0.394481
TRAIN Iter 214: loss = 0.003484,	Top-1 err = 67.500000,	Top-5 err = 38.000000,	train_time = 0.399806
TRAIN Iter 215: loss = 0.003524,	Top-1 err = 73.000000,	Top-5 err = 47.300000,	train_time = 0.411163
TRAIN Iter 216: loss = 0.003306,	Top-1 err = 65.800000,	Top-5 err = 35.500000,	train_time = 0.391122
TRAIN Iter 217: loss = 0.003642,	Top-1 err = 70.400000,	Top-5 err = 43.600000,	train_time = 0.409301
TRAIN Iter 218: loss = 0.003451,	Top-1 err = 64.500000,	Top-5 err = 37.300000,	train_time = 0.399789
TRAIN Iter 219: loss = 0.003342,	Top-1 err = 69.200000,	Top-5 err = 40.400000,	train_time = 0.403240
TRAIN Iter 220: loss = 0.003569,	Top-1 err = 72.700000,	Top-5 err = 42.600000,	train_time = 0.397808
TRAIN Iter 221: loss = 0.003368,	Top-1 err = 67.400000,	Top-5 err = 36.200000,	train_time = 0.400050
TRAIN Iter 222: loss = 0.003494,	Top-1 err = 72.000000,	Top-5 err = 45.200000,	train_time = 0.394803
TRAIN Iter 223: loss = 0.003344,	Top-1 err = 67.900000,	Top-5 err = 39.400000,	train_time = 0.371483
TRAIN Iter 224: loss = 0.003225,	Top-1 err = 67.100000,	Top-5 err = 37.900000,	train_time = 0.387964
TRAIN Iter 225: loss = 0.003444,	Top-1 err = 69.100000,	Top-5 err = 39.300000,	train_time = 0.379647
TRAIN Iter 226: loss = 0.003430,	Top-1 err = 71.300000,	Top-5 err = 43.400000,	train_time = 0.386775
TRAIN Iter 227: loss = 0.003349,	Top-1 err = 68.400000,	Top-5 err = 39.000000,	train_time = 0.400419
TRAIN Iter 228: loss = 0.003509,	Top-1 err = 70.600000,	Top-5 err = 44.800000,	train_time = 0.398632
TRAIN Iter 229: loss = 0.003430,	Top-1 err = 65.800000,	Top-5 err = 37.700000,	train_time = 0.382540
TRAIN Iter 230: loss = 0.003396,	Top-1 err = 69.000000,	Top-5 err = 44.400000,	train_time = 0.379658
TRAIN Iter 231: loss = 0.003522,	Top-1 err = 70.100000,	Top-5 err = 42.500000,	train_time = 0.378835
TRAIN Iter 232: loss = 0.003434,	Top-1 err = 70.800000,	Top-5 err = 44.800000,	train_time = 0.369052
TRAIN Iter 233: loss = 0.003298,	Top-1 err = 66.300000,	Top-5 err = 38.500000,	train_time = 0.401647
TRAIN Iter 234: loss = 0.003628,	Top-1 err = 74.800000,	Top-5 err = 50.300000,	train_time = 0.388993
TRAIN Iter 235: loss = 0.003502,	Top-1 err = 74.900000,	Top-5 err = 48.100000,	train_time = 0.407933
TRAIN Iter 236: loss = 0.003231,	Top-1 err = 66.200000,	Top-5 err = 37.300000,	train_time = 0.396791
TRAIN Iter 237: loss = 0.003354,	Top-1 err = 68.000000,	Top-5 err = 41.300000,	train_time = 0.382966
TRAIN Iter 238: loss = 0.003380,	Top-1 err = 68.100000,	Top-5 err = 42.000000,	train_time = 0.382029
TRAIN Iter 239: loss = 0.003230,	Top-1 err = 67.100000,	Top-5 err = 41.900000,	train_time = 0.410838
TRAIN Iter 240: loss = 0.003380,	Top-1 err = 66.100000,	Top-5 err = 38.900000,	train_time = 0.397273
TRAIN Iter 241: loss = 0.003228,	Top-1 err = 64.500000,	Top-5 err = 39.000000,	train_time = 0.387101
TRAIN Iter 242: loss = 0.003297,	Top-1 err = 67.600000,	Top-5 err = 41.800000,	train_time = 0.382650
TRAIN Iter 243: loss = 0.003201,	Top-1 err = 66.700000,	Top-5 err = 36.400000,	train_time = 0.422867
TRAIN Iter 244: loss = 0.003364,	Top-1 err = 71.200000,	Top-5 err = 46.000000,	train_time = 0.396836
TRAIN Iter 245: loss = 0.003251,	Top-1 err = 67.700000,	Top-5 err = 40.300000,	train_time = 0.396122
TRAIN Iter 246: loss = 0.003322,	Top-1 err = 68.600000,	Top-5 err = 41.400000,	train_time = 0.366741
TRAIN Iter 247: loss = 0.003412,	Top-1 err = 66.700000,	Top-5 err = 37.700000,	train_time = 0.386871
TRAIN Iter 248: loss = 0.003249,	Top-1 err = 69.400000,	Top-5 err = 40.900000,	train_time = 0.355991
TRAIN Iter 249: loss = 0.003187,	Top-1 err = 63.200000,	Top-5 err = 36.100000,	train_time = 0.411656
TEST:
Iter 249: loss = 1.984397,	Top-1 err = 51.500000,	Top-5 err = 20.500000,	val_time = 0.760636
TRAIN Iter 250: loss = 0.003357,	Top-1 err = 70.000000,	Top-5 err = 44.000000,	train_time = 0.382605
TRAIN Iter 251: loss = 0.003172,	Top-1 err = 67.500000,	Top-5 err = 40.000000,	train_time = 0.369415
TRAIN Iter 252: loss = 0.003303,	Top-1 err = 69.400000,	Top-5 err = 45.000000,	train_time = 0.339500
TRAIN Iter 253: loss = 0.003339,	Top-1 err = 67.800000,	Top-5 err = 35.400000,	train_time = 0.413460
TRAIN Iter 254: loss = 0.003177,	Top-1 err = 66.600000,	Top-5 err = 36.300000,	train_time = 0.403262
TRAIN Iter 255: loss = 0.003430,	Top-1 err = 72.900000,	Top-5 err = 46.800000,	train_time = 0.412841
TRAIN Iter 256: loss = 0.003160,	Top-1 err = 67.100000,	Top-5 err = 39.300000,	train_time = 0.384936
TRAIN Iter 257: loss = 0.003208,	Top-1 err = 69.400000,	Top-5 err = 39.400000,	train_time = 0.380091
TRAIN Iter 258: loss = 0.003279,	Top-1 err = 69.400000,	Top-5 err = 43.700000,	train_time = 0.394436
TRAIN Iter 259: loss = 0.003328,	Top-1 err = 70.700000,	Top-5 err = 39.300000,	train_time = 0.389167
TEST:
Iter 259: loss = 1.974355,	Top-1 err = 51.620000,	Top-5 err = 20.070000,	val_time = 0.759492
TRAIN Iter 260: loss = 0.003183,	Top-1 err = 65.100000,	Top-5 err = 34.800000,	train_time = 0.390019
TRAIN Iter 261: loss = 0.003310,	Top-1 err = 69.600000,	Top-5 err = 42.900000,	train_time = 0.401193
TRAIN Iter 262: loss = 0.003421,	Top-1 err = 72.500000,	Top-5 err = 45.700000,	train_time = 0.413782
TRAIN Iter 263: loss = 0.003356,	Top-1 err = 71.200000,	Top-5 err = 39.900000,	train_time = 0.387400
TRAIN Iter 264: loss = 0.003412,	Top-1 err = 69.200000,	Top-5 err = 40.900000,	train_time = 0.382114
TRAIN Iter 265: loss = 0.003124,	Top-1 err = 66.200000,	Top-5 err = 39.400000,	train_time = 0.398995
TRAIN Iter 266: loss = 0.003194,	Top-1 err = 69.100000,	Top-5 err = 42.000000,	train_time = 0.406569
TRAIN Iter 267: loss = 0.003093,	Top-1 err = 65.300000,	Top-5 err = 35.900000,	train_time = 0.388891
TRAIN Iter 268: loss = 0.003159,	Top-1 err = 65.600000,	Top-5 err = 38.000000,	train_time = 0.393286
TRAIN Iter 269: loss = 0.003244,	Top-1 err = 71.600000,	Top-5 err = 45.300000,	train_time = 0.382062
TEST:
Iter 269: loss = 1.974794,	Top-1 err = 50.650000,	Top-5 err = 20.480000,	val_time = 0.723519
TRAIN Iter 270: loss = 0.003063,	Top-1 err = 66.200000,	Top-5 err = 36.300000,	train_time = 0.371458
TRAIN Iter 271: loss = 0.003277,	Top-1 err = 72.800000,	Top-5 err = 45.800000,	train_time = 0.387451
TRAIN Iter 272: loss = 0.003013,	Top-1 err = 66.700000,	Top-5 err = 37.900000,	train_time = 0.336548
TRAIN Iter 273: loss = 0.003002,	Top-1 err = 68.600000,	Top-5 err = 40.800000,	train_time = 0.358646
TRAIN Iter 274: loss = 0.003087,	Top-1 err = 65.300000,	Top-5 err = 37.200000,	train_time = 0.397465
TRAIN Iter 275: loss = 0.003316,	Top-1 err = 69.700000,	Top-5 err = 42.500000,	train_time = 0.402062
TRAIN Iter 276: loss = 0.003183,	Top-1 err = 69.200000,	Top-5 err = 43.100000,	train_time = 0.397219
TRAIN Iter 277: loss = 0.003068,	Top-1 err = 67.500000,	Top-5 err = 39.700000,	train_time = 0.394034
TRAIN Iter 278: loss = 0.003023,	Top-1 err = 64.700000,	Top-5 err = 37.300000,	train_time = 0.392571
TRAIN Iter 279: loss = 0.003189,	Top-1 err = 66.300000,	Top-5 err = 39.400000,	train_time = 0.397178
TEST:
Iter 279: loss = 2.040554,	Top-1 err = 51.550000,	Top-5 err = 21.490000,	val_time = 0.820371
TRAIN Iter 280: loss = 0.003118,	Top-1 err = 70.900000,	Top-5 err = 44.400000,	train_time = 0.393155
TRAIN Iter 281: loss = 0.003043,	Top-1 err = 68.600000,	Top-5 err = 41.500000,	train_time = 0.378134
TRAIN Iter 282: loss = 0.003211,	Top-1 err = 72.000000,	Top-5 err = 45.300000,	train_time = 0.402182
TRAIN Iter 283: loss = 0.003219,	Top-1 err = 70.700000,	Top-5 err = 43.000000,	train_time = 0.409515
TRAIN Iter 284: loss = 0.002967,	Top-1 err = 65.700000,	Top-5 err = 39.100000,	train_time = 0.404023
TRAIN Iter 285: loss = 0.003165,	Top-1 err = 72.800000,	Top-5 err = 48.800000,	train_time = 0.362745
TRAIN Iter 286: loss = 0.003228,	Top-1 err = 72.400000,	Top-5 err = 46.900000,	train_time = 0.398801
TRAIN Iter 287: loss = 0.002955,	Top-1 err = 61.100000,	Top-5 err = 31.000000,	train_time = 0.339493
TRAIN Iter 288: loss = 0.003189,	Top-1 err = 69.400000,	Top-5 err = 41.000000,	train_time = 0.387041
TRAIN Iter 289: loss = 0.003164,	Top-1 err = 69.300000,	Top-5 err = 43.000000,	train_time = 0.387006
TEST:
Iter 289: loss = 1.980858,	Top-1 err = 50.930000,	Top-5 err = 20.580000,	val_time = 0.816543
TRAIN Iter 290: loss = 0.003191,	Top-1 err = 67.600000,	Top-5 err = 40.500000,	train_time = 0.377075
TRAIN Iter 291: loss = 0.003255,	Top-1 err = 73.600000,	Top-5 err = 44.600000,	train_time = 0.355774
TRAIN Iter 292: loss = 0.003152,	Top-1 err = 67.900000,	Top-5 err = 41.800000,	train_time = 0.407629
TRAIN Iter 293: loss = 0.003021,	Top-1 err = 65.600000,	Top-5 err = 36.000000,	train_time = 0.423841
TRAIN Iter 294: loss = 0.003013,	Top-1 err = 63.100000,	Top-5 err = 32.400000,	train_time = 0.394795
TRAIN Iter 295: loss = 0.003058,	Top-1 err = 70.600000,	Top-5 err = 41.000000,	train_time = 0.424567
TRAIN Iter 296: loss = 0.003098,	Top-1 err = 72.400000,	Top-5 err = 45.600000,	train_time = 0.372622
TRAIN Iter 297: loss = 0.003003,	Top-1 err = 66.600000,	Top-5 err = 42.700000,	train_time = 0.354041
TRAIN Iter 298: loss = 0.002986,	Top-1 err = 69.900000,	Top-5 err = 42.900000,	train_time = 0.412761
TRAIN Iter 299: loss = 0.003122,	Top-1 err = 66.800000,	Top-5 err = 36.500000,	train_time = 0.377187
TEST:
Iter 299: loss = 1.950005,	Top-1 err = 50.370000,	Top-5 err = 19.860000,	val_time = 0.732958
Train Finish! Best accuracy is 49.63@299
