/home/dvspanos/miniconda3/envs/rded/lib/python3.10/site-packages/torch/cuda/__init__.py:611: UserWarning: Can't initialize NVML
  warnings.warn("Can't initialize NVML")
=> using pytorch pre-trained teacher model 'conv3'
process data from /home/dvspanos/nikos/ca2d/artifacts/sets/bench_cifar100_conv_rcad2d_ipc100
load data successfully
TRAIN Iter 0: loss = 0.012799,	Top-1 err = 93.180000,	Top-5 err = 78.050000,	train_time = 3.400902
TRAIN Iter 1: loss = 0.009934,	Top-1 err = 87.920000,	Top-5 err = 66.030000,	train_time = 2.696950
TRAIN Iter 2: loss = 0.008368,	Top-1 err = 82.880000,	Top-5 err = 58.400000,	train_time = 2.560608
TRAIN Iter 3: loss = 0.007366,	Top-1 err = 78.410000,	Top-5 err = 52.670000,	train_time = 2.631644
TRAIN Iter 4: loss = 0.006472,	Top-1 err = 77.100000,	Top-5 err = 50.610000,	train_time = 2.654486
TRAIN Iter 5: loss = 0.005909,	Top-1 err = 72.960000,	Top-5 err = 45.870000,	train_time = 2.586366
TRAIN Iter 6: loss = 0.005522,	Top-1 err = 73.400000,	Top-5 err = 47.130000,	train_time = 2.577261
TRAIN Iter 7: loss = 0.005309,	Top-1 err = 69.500000,	Top-5 err = 43.980000,	train_time = 2.576169
TRAIN Iter 8: loss = 0.004917,	Top-1 err = 71.030000,	Top-5 err = 45.640000,	train_time = 2.487586
TRAIN Iter 9: loss = 0.004669,	Top-1 err = 69.220000,	Top-5 err = 43.660000,	train_time = 2.589280
TRAIN Iter 10: loss = 0.004508,	Top-1 err = 66.720000,	Top-5 err = 40.610000,	train_time = 2.664267
TRAIN Iter 11: loss = 0.004382,	Top-1 err = 67.190000,	Top-5 err = 42.110000,	train_time = 2.732280
TRAIN Iter 12: loss = 0.004272,	Top-1 err = 67.030000,	Top-5 err = 41.800000,	train_time = 2.637898
TRAIN Iter 13: loss = 0.004068,	Top-1 err = 65.290000,	Top-5 err = 39.170000,	train_time = 2.586476
TRAIN Iter 14: loss = 0.003988,	Top-1 err = 62.510000,	Top-5 err = 37.340000,	train_time = 2.504674
TRAIN Iter 15: loss = 0.003936,	Top-1 err = 63.440000,	Top-5 err = 37.820000,	train_time = 2.504661
TRAIN Iter 16: loss = 0.003799,	Top-1 err = 63.480000,	Top-5 err = 39.000000,	train_time = 2.618685
TRAIN Iter 17: loss = 0.003676,	Top-1 err = 61.720000,	Top-5 err = 35.700000,	train_time = 2.518069
TRAIN Iter 18: loss = 0.003643,	Top-1 err = 63.860000,	Top-5 err = 38.730000,	train_time = 2.634973
TRAIN Iter 19: loss = 0.003631,	Top-1 err = 63.710000,	Top-5 err = 39.000000,	train_time = 2.652042
TRAIN Iter 20: loss = 0.003535,	Top-1 err = 62.930000,	Top-5 err = 37.850000,	train_time = 2.599872
TRAIN Iter 21: loss = 0.003486,	Top-1 err = 61.080000,	Top-5 err = 36.060000,	train_time = 2.699553
TRAIN Iter 22: loss = 0.003394,	Top-1 err = 62.230000,	Top-5 err = 37.780000,	train_time = 2.599806
TRAIN Iter 23: loss = 0.003350,	Top-1 err = 61.760000,	Top-5 err = 37.170000,	train_time = 2.660544
TRAIN Iter 24: loss = 0.003340,	Top-1 err = 64.340000,	Top-5 err = 40.220000,	train_time = 2.549605
TRAIN Iter 25: loss = 0.003269,	Top-1 err = 62.710000,	Top-5 err = 38.320000,	train_time = 2.622791
TRAIN Iter 26: loss = 0.003224,	Top-1 err = 62.530000,	Top-5 err = 38.020000,	train_time = 2.684819
TRAIN Iter 27: loss = 0.003203,	Top-1 err = 61.000000,	Top-5 err = 37.230000,	train_time = 2.559995
TRAIN Iter 28: loss = 0.003166,	Top-1 err = 61.520000,	Top-5 err = 37.270000,	train_time = 2.559016
TRAIN Iter 29: loss = 0.003089,	Top-1 err = 61.440000,	Top-5 err = 37.090000,	train_time = 2.563350
TRAIN Iter 30: loss = 0.003008,	Top-1 err = 59.450000,	Top-5 err = 35.150000,	train_time = 2.560526
TRAIN Iter 31: loss = 0.003022,	Top-1 err = 59.860000,	Top-5 err = 35.850000,	train_time = 2.676814
TRAIN Iter 32: loss = 0.002988,	Top-1 err = 61.200000,	Top-5 err = 37.380000,	train_time = 2.648392
TRAIN Iter 33: loss = 0.002948,	Top-1 err = 60.440000,	Top-5 err = 36.010000,	train_time = 2.577696
TRAIN Iter 34: loss = 0.002922,	Top-1 err = 60.850000,	Top-5 err = 36.170000,	train_time = 2.573810
TRAIN Iter 35: loss = 0.002871,	Top-1 err = 59.090000,	Top-5 err = 34.940000,	train_time = 2.573268
TRAIN Iter 36: loss = 0.002870,	Top-1 err = 59.670000,	Top-5 err = 35.970000,	train_time = 2.641263
TRAIN Iter 37: loss = 0.002795,	Top-1 err = 58.190000,	Top-5 err = 34.300000,	train_time = 2.610015
TRAIN Iter 38: loss = 0.002805,	Top-1 err = 62.160000,	Top-5 err = 38.320000,	train_time = 2.550650
TRAIN Iter 39: loss = 0.002801,	Top-1 err = 58.490000,	Top-5 err = 34.900000,	train_time = 2.594539
TRAIN Iter 40: loss = 0.002748,	Top-1 err = 59.620000,	Top-5 err = 35.990000,	train_time = 2.587501
TRAIN Iter 41: loss = 0.002702,	Top-1 err = 59.790000,	Top-5 err = 36.000000,	train_time = 2.550996
TRAIN Iter 42: loss = 0.002695,	Top-1 err = 59.260000,	Top-5 err = 35.330000,	train_time = 2.609821
TRAIN Iter 43: loss = 0.002662,	Top-1 err = 60.620000,	Top-5 err = 37.400000,	train_time = 2.676904
TRAIN Iter 44: loss = 0.002653,	Top-1 err = 63.150000,	Top-5 err = 39.260000,	train_time = 2.550620
TRAIN Iter 45: loss = 0.002608,	Top-1 err = 59.390000,	Top-5 err = 35.350000,	train_time = 2.563817
TRAIN Iter 46: loss = 0.002625,	Top-1 err = 58.400000,	Top-5 err = 34.480000,	train_time = 2.645562
TRAIN Iter 47: loss = 0.002569,	Top-1 err = 60.840000,	Top-5 err = 37.210000,	train_time = 2.641403
TRAIN Iter 48: loss = 0.002548,	Top-1 err = 59.550000,	Top-5 err = 35.370000,	train_time = 2.569284
TRAIN Iter 49: loss = 0.002472,	Top-1 err = 56.790000,	Top-5 err = 33.350000,	train_time = 2.528126
TRAIN Iter 50: loss = 0.002525,	Top-1 err = 57.950000,	Top-5 err = 35.210000,	train_time = 2.634871
TRAIN Iter 51: loss = 0.002462,	Top-1 err = 59.230000,	Top-5 err = 35.890000,	train_time = 2.646158
TRAIN Iter 52: loss = 0.002477,	Top-1 err = 59.630000,	Top-5 err = 35.900000,	train_time = 2.671329
TRAIN Iter 53: loss = 0.002479,	Top-1 err = 60.560000,	Top-5 err = 37.760000,	train_time = 2.599589
TRAIN Iter 54: loss = 0.002448,	Top-1 err = 58.000000,	Top-5 err = 34.520000,	train_time = 2.612367
TRAIN Iter 55: loss = 0.002417,	Top-1 err = 56.880000,	Top-5 err = 33.070000,	train_time = 2.628904
TRAIN Iter 56: loss = 0.002363,	Top-1 err = 58.030000,	Top-5 err = 35.080000,	train_time = 2.639440
TRAIN Iter 57: loss = 0.002375,	Top-1 err = 58.890000,	Top-5 err = 35.650000,	train_time = 2.620103
TRAIN Iter 58: loss = 0.002332,	Top-1 err = 56.730000,	Top-5 err = 33.720000,	train_time = 2.609525
TRAIN Iter 59: loss = 0.002327,	Top-1 err = 57.310000,	Top-5 err = 34.790000,	train_time = 2.599979
TRAIN Iter 60: loss = 0.002315,	Top-1 err = 58.260000,	Top-5 err = 34.190000,	train_time = 2.534498
TRAIN Iter 61: loss = 0.002268,	Top-1 err = 57.720000,	Top-5 err = 33.270000,	train_time = 2.679351
TRAIN Iter 62: loss = 0.002264,	Top-1 err = 56.610000,	Top-5 err = 33.830000,	train_time = 2.539945
TRAIN Iter 63: loss = 0.002272,	Top-1 err = 58.740000,	Top-5 err = 35.370000,	train_time = 2.505638
TRAIN Iter 64: loss = 0.002215,	Top-1 err = 56.640000,	Top-5 err = 33.710000,	train_time = 2.702285
TRAIN Iter 65: loss = 0.002269,	Top-1 err = 57.660000,	Top-5 err = 34.050000,	train_time = 2.595688
TRAIN Iter 66: loss = 0.002194,	Top-1 err = 56.770000,	Top-5 err = 32.760000,	train_time = 2.529864
TRAIN Iter 67: loss = 0.002175,	Top-1 err = 57.930000,	Top-5 err = 34.330000,	train_time = 2.590840
TRAIN Iter 68: loss = 0.002224,	Top-1 err = 58.850000,	Top-5 err = 36.380000,	train_time = 2.605554
TRAIN Iter 69: loss = 0.002149,	Top-1 err = 55.530000,	Top-5 err = 31.800000,	train_time = 2.636397
TRAIN Iter 70: loss = 0.002142,	Top-1 err = 58.360000,	Top-5 err = 34.700000,	train_time = 2.559407
TRAIN Iter 71: loss = 0.002163,	Top-1 err = 57.890000,	Top-5 err = 35.160000,	train_time = 2.551845
TRAIN Iter 72: loss = 0.002154,	Top-1 err = 59.950000,	Top-5 err = 36.750000,	train_time = 2.652146
TRAIN Iter 73: loss = 0.002084,	Top-1 err = 57.700000,	Top-5 err = 34.650000,	train_time = 2.548769
TRAIN Iter 74: loss = 0.002079,	Top-1 err = 59.330000,	Top-5 err = 36.760000,	train_time = 2.602806
TRAIN Iter 75: loss = 0.002085,	Top-1 err = 58.070000,	Top-5 err = 34.110000,	train_time = 2.601842
TRAIN Iter 76: loss = 0.002057,	Top-1 err = 57.180000,	Top-5 err = 34.230000,	train_time = 2.617952
TRAIN Iter 77: loss = 0.002076,	Top-1 err = 58.780000,	Top-5 err = 35.400000,	train_time = 2.691255
TRAIN Iter 78: loss = 0.002004,	Top-1 err = 54.580000,	Top-5 err = 31.630000,	train_time = 2.706891
TRAIN Iter 79: loss = 0.002062,	Top-1 err = 57.920000,	Top-5 err = 33.960000,	train_time = 2.615868
TRAIN Iter 80: loss = 0.002043,	Top-1 err = 56.590000,	Top-5 err = 32.840000,	train_time = 2.702565
TRAIN Iter 81: loss = 0.002025,	Top-1 err = 59.790000,	Top-5 err = 36.350000,	train_time = 2.584960
TRAIN Iter 82: loss = 0.002008,	Top-1 err = 57.390000,	Top-5 err = 34.530000,	train_time = 2.531604
TRAIN Iter 83: loss = 0.001996,	Top-1 err = 57.580000,	Top-5 err = 33.830000,	train_time = 2.540077
TRAIN Iter 84: loss = 0.001967,	Top-1 err = 57.340000,	Top-5 err = 33.530000,	train_time = 2.578039
TRAIN Iter 85: loss = 0.001959,	Top-1 err = 57.320000,	Top-5 err = 33.980000,	train_time = 2.557052
TRAIN Iter 86: loss = 0.001957,	Top-1 err = 57.320000,	Top-5 err = 34.890000,	train_time = 2.567227
TRAIN Iter 87: loss = 0.001940,	Top-1 err = 57.190000,	Top-5 err = 34.490000,	train_time = 2.682742
TRAIN Iter 88: loss = 0.001930,	Top-1 err = 56.660000,	Top-5 err = 33.510000,	train_time = 2.623048
TRAIN Iter 89: loss = 0.001940,	Top-1 err = 57.990000,	Top-5 err = 35.420000,	train_time = 2.647231
TRAIN Iter 90: loss = 0.001938,	Top-1 err = 56.460000,	Top-5 err = 33.490000,	train_time = 2.549114
TRAIN Iter 91: loss = 0.001866,	Top-1 err = 54.210000,	Top-5 err = 31.960000,	train_time = 2.621102
TRAIN Iter 92: loss = 0.001878,	Top-1 err = 54.060000,	Top-5 err = 31.070000,	train_time = 2.554529
TRAIN Iter 93: loss = 0.001875,	Top-1 err = 56.340000,	Top-5 err = 32.980000,	train_time = 2.627509
TRAIN Iter 94: loss = 0.001882,	Top-1 err = 59.240000,	Top-5 err = 36.490000,	train_time = 2.662869
TRAIN Iter 95: loss = 0.001885,	Top-1 err = 58.600000,	Top-5 err = 36.070000,	train_time = 2.435959
TRAIN Iter 96: loss = 0.001835,	Top-1 err = 58.810000,	Top-5 err = 36.210000,	train_time = 2.632397
TRAIN Iter 97: loss = 0.001862,	Top-1 err = 57.930000,	Top-5 err = 35.650000,	train_time = 2.661820
TRAIN Iter 98: loss = 0.001833,	Top-1 err = 56.270000,	Top-5 err = 33.280000,	train_time = 2.504283
TRAIN Iter 99: loss = 0.001834,	Top-1 err = 57.690000,	Top-5 err = 34.760000,	train_time = 2.709587
TRAIN Iter 100: loss = 0.001815,	Top-1 err = 55.680000,	Top-5 err = 32.580000,	train_time = 2.625894
TRAIN Iter 101: loss = 0.001791,	Top-1 err = 56.540000,	Top-5 err = 34.890000,	train_time = 2.599901
TRAIN Iter 102: loss = 0.001807,	Top-1 err = 58.220000,	Top-5 err = 35.620000,	train_time = 2.552247
TRAIN Iter 103: loss = 0.001789,	Top-1 err = 54.680000,	Top-5 err = 32.560000,	train_time = 2.513362
TRAIN Iter 104: loss = 0.001783,	Top-1 err = 55.440000,	Top-5 err = 32.970000,	train_time = 2.448862
TRAIN Iter 105: loss = 0.001760,	Top-1 err = 57.630000,	Top-5 err = 34.560000,	train_time = 2.685198
TRAIN Iter 106: loss = 0.001764,	Top-1 err = 56.700000,	Top-5 err = 34.170000,	train_time = 2.572899
TRAIN Iter 107: loss = 0.001743,	Top-1 err = 56.290000,	Top-5 err = 34.260000,	train_time = 2.642175
TRAIN Iter 108: loss = 0.001744,	Top-1 err = 59.000000,	Top-5 err = 36.300000,	train_time = 2.608385
TRAIN Iter 109: loss = 0.001726,	Top-1 err = 55.300000,	Top-5 err = 33.910000,	train_time = 2.643343
TRAIN Iter 110: loss = 0.001739,	Top-1 err = 56.060000,	Top-5 err = 33.480000,	train_time = 2.715508
TRAIN Iter 111: loss = 0.001692,	Top-1 err = 57.070000,	Top-5 err = 34.410000,	train_time = 2.642711
TRAIN Iter 112: loss = 0.001696,	Top-1 err = 59.580000,	Top-5 err = 35.800000,	train_time = 2.652484
TRAIN Iter 113: loss = 0.001702,	Top-1 err = 57.230000,	Top-5 err = 34.310000,	train_time = 2.695442
TRAIN Iter 114: loss = 0.001699,	Top-1 err = 55.670000,	Top-5 err = 33.140000,	train_time = 2.694004
TRAIN Iter 115: loss = 0.001643,	Top-1 err = 56.650000,	Top-5 err = 34.260000,	train_time = 2.618616
TRAIN Iter 116: loss = 0.001724,	Top-1 err = 58.010000,	Top-5 err = 35.890000,	train_time = 2.480510
TRAIN Iter 117: loss = 0.001621,	Top-1 err = 54.460000,	Top-5 err = 31.890000,	train_time = 2.635317
TRAIN Iter 118: loss = 0.001619,	Top-1 err = 56.600000,	Top-5 err = 33.860000,	train_time = 2.599321
TRAIN Iter 119: loss = 0.001691,	Top-1 err = 56.010000,	Top-5 err = 33.000000,	train_time = 2.601655
TRAIN Iter 120: loss = 0.001680,	Top-1 err = 56.710000,	Top-5 err = 34.050000,	train_time = 2.570523
TRAIN Iter 121: loss = 0.001637,	Top-1 err = 54.430000,	Top-5 err = 31.910000,	train_time = 2.681106
TRAIN Iter 122: loss = 0.001632,	Top-1 err = 56.890000,	Top-5 err = 34.300000,	train_time = 2.533851
TRAIN Iter 123: loss = 0.001638,	Top-1 err = 57.280000,	Top-5 err = 34.980000,	train_time = 2.495608
TRAIN Iter 124: loss = 0.001602,	Top-1 err = 57.550000,	Top-5 err = 33.600000,	train_time = 2.642638
TRAIN Iter 125: loss = 0.001640,	Top-1 err = 56.570000,	Top-5 err = 34.940000,	train_time = 2.487872
TRAIN Iter 126: loss = 0.001625,	Top-1 err = 53.120000,	Top-5 err = 31.260000,	train_time = 2.593025
TRAIN Iter 127: loss = 0.001558,	Top-1 err = 55.760000,	Top-5 err = 32.820000,	train_time = 2.657094
TRAIN Iter 128: loss = 0.001573,	Top-1 err = 55.230000,	Top-5 err = 33.080000,	train_time = 2.497540
TRAIN Iter 129: loss = 0.001625,	Top-1 err = 57.940000,	Top-5 err = 34.910000,	train_time = 2.621255
TRAIN Iter 130: loss = 0.001568,	Top-1 err = 54.110000,	Top-5 err = 31.970000,	train_time = 2.564625
TRAIN Iter 131: loss = 0.001616,	Top-1 err = 56.680000,	Top-5 err = 34.860000,	train_time = 2.620337
TRAIN Iter 132: loss = 0.001575,	Top-1 err = 56.610000,	Top-5 err = 34.560000,	train_time = 2.580019
TRAIN Iter 133: loss = 0.001587,	Top-1 err = 56.880000,	Top-5 err = 33.530000,	train_time = 2.612911
TRAIN Iter 134: loss = 0.001545,	Top-1 err = 59.240000,	Top-5 err = 36.360000,	train_time = 2.594473
TRAIN Iter 135: loss = 0.001590,	Top-1 err = 56.950000,	Top-5 err = 35.120000,	train_time = 2.652343
TRAIN Iter 136: loss = 0.001531,	Top-1 err = 54.390000,	Top-5 err = 32.120000,	train_time = 2.676706
TRAIN Iter 137: loss = 0.001510,	Top-1 err = 52.790000,	Top-5 err = 30.450000,	train_time = 2.701917
TRAIN Iter 138: loss = 0.001524,	Top-1 err = 57.560000,	Top-5 err = 34.480000,	train_time = 2.510267
TRAIN Iter 139: loss = 0.001511,	Top-1 err = 57.760000,	Top-5 err = 34.900000,	train_time = 2.666070
TRAIN Iter 140: loss = 0.001529,	Top-1 err = 54.460000,	Top-5 err = 32.480000,	train_time = 2.589425
TRAIN Iter 141: loss = 0.001527,	Top-1 err = 55.200000,	Top-5 err = 32.680000,	train_time = 2.591669
TRAIN Iter 142: loss = 0.001497,	Top-1 err = 57.330000,	Top-5 err = 34.390000,	train_time = 2.513259
TRAIN Iter 143: loss = 0.001473,	Top-1 err = 53.630000,	Top-5 err = 31.120000,	train_time = 2.662600
TRAIN Iter 144: loss = 0.001503,	Top-1 err = 53.890000,	Top-5 err = 32.330000,	train_time = 2.529700
TRAIN Iter 145: loss = 0.001462,	Top-1 err = 55.320000,	Top-5 err = 32.860000,	train_time = 2.522712
TRAIN Iter 146: loss = 0.001485,	Top-1 err = 55.310000,	Top-5 err = 32.660000,	train_time = 2.672843
TRAIN Iter 147: loss = 0.001485,	Top-1 err = 56.760000,	Top-5 err = 33.190000,	train_time = 2.529072
TRAIN Iter 148: loss = 0.001494,	Top-1 err = 56.040000,	Top-5 err = 33.630000,	train_time = 2.630364
TRAIN Iter 149: loss = 0.001490,	Top-1 err = 57.060000,	Top-5 err = 34.310000,	train_time = 2.664677
TRAIN Iter 150: loss = 0.001464,	Top-1 err = 54.850000,	Top-5 err = 32.810000,	train_time = 2.613784
TRAIN Iter 151: loss = 0.001413,	Top-1 err = 52.700000,	Top-5 err = 30.550000,	train_time = 2.607481
TRAIN Iter 152: loss = 0.001453,	Top-1 err = 55.330000,	Top-5 err = 33.000000,	train_time = 2.487155
TRAIN Iter 153: loss = 0.001431,	Top-1 err = 58.000000,	Top-5 err = 34.990000,	train_time = 2.604255
TRAIN Iter 154: loss = 0.001410,	Top-1 err = 54.820000,	Top-5 err = 31.750000,	train_time = 2.626436
TRAIN Iter 155: loss = 0.001458,	Top-1 err = 57.120000,	Top-5 err = 34.300000,	train_time = 2.622164
TRAIN Iter 156: loss = 0.001457,	Top-1 err = 58.150000,	Top-5 err = 34.750000,	train_time = 2.669317
TRAIN Iter 157: loss = 0.001407,	Top-1 err = 56.800000,	Top-5 err = 34.480000,	train_time = 2.577897
TRAIN Iter 158: loss = 0.001453,	Top-1 err = 56.940000,	Top-5 err = 34.520000,	train_time = 2.573985
TRAIN Iter 159: loss = 0.001441,	Top-1 err = 55.410000,	Top-5 err = 32.780000,	train_time = 2.561373
TRAIN Iter 160: loss = 0.001421,	Top-1 err = 57.050000,	Top-5 err = 33.390000,	train_time = 2.664860
TRAIN Iter 161: loss = 0.001426,	Top-1 err = 57.200000,	Top-5 err = 35.090000,	train_time = 2.607230
TRAIN Iter 162: loss = 0.001401,	Top-1 err = 55.600000,	Top-5 err = 33.010000,	train_time = 2.570769
TRAIN Iter 163: loss = 0.001410,	Top-1 err = 55.800000,	Top-5 err = 33.580000,	train_time = 2.491624
TRAIN Iter 164: loss = 0.001405,	Top-1 err = 54.880000,	Top-5 err = 31.540000,	train_time = 2.590256
TRAIN Iter 165: loss = 0.001408,	Top-1 err = 54.910000,	Top-5 err = 32.460000,	train_time = 2.603365
TRAIN Iter 166: loss = 0.001402,	Top-1 err = 56.020000,	Top-5 err = 34.030000,	train_time = 2.580162
TRAIN Iter 167: loss = 0.001383,	Top-1 err = 55.340000,	Top-5 err = 32.770000,	train_time = 2.549881
TRAIN Iter 168: loss = 0.001359,	Top-1 err = 55.650000,	Top-5 err = 32.540000,	train_time = 2.656141
TRAIN Iter 169: loss = 0.001403,	Top-1 err = 54.930000,	Top-5 err = 32.980000,	train_time = 2.577350
TRAIN Iter 170: loss = 0.001415,	Top-1 err = 56.910000,	Top-5 err = 34.890000,	train_time = 2.664198
TRAIN Iter 171: loss = 0.001429,	Top-1 err = 56.600000,	Top-5 err = 34.370000,	train_time = 2.719398
TRAIN Iter 172: loss = 0.001377,	Top-1 err = 57.880000,	Top-5 err = 35.530000,	train_time = 2.598925
TRAIN Iter 173: loss = 0.001359,	Top-1 err = 55.110000,	Top-5 err = 31.470000,	train_time = 2.580933
TRAIN Iter 174: loss = 0.001341,	Top-1 err = 54.840000,	Top-5 err = 32.660000,	train_time = 2.619864
TRAIN Iter 175: loss = 0.001398,	Top-1 err = 55.910000,	Top-5 err = 33.200000,	train_time = 2.524343
TRAIN Iter 176: loss = 0.001405,	Top-1 err = 55.460000,	Top-5 err = 32.970000,	train_time = 2.628527
TRAIN Iter 177: loss = 0.001371,	Top-1 err = 54.350000,	Top-5 err = 32.640000,	train_time = 2.537749
TRAIN Iter 178: loss = 0.001367,	Top-1 err = 54.530000,	Top-5 err = 32.910000,	train_time = 2.647684
TRAIN Iter 179: loss = 0.001347,	Top-1 err = 55.470000,	Top-5 err = 33.620000,	train_time = 2.576118
TRAIN Iter 180: loss = 0.001347,	Top-1 err = 55.440000,	Top-5 err = 33.050000,	train_time = 2.564578
TRAIN Iter 181: loss = 0.001349,	Top-1 err = 56.090000,	Top-5 err = 33.950000,	train_time = 2.599059
TRAIN Iter 182: loss = 0.001334,	Top-1 err = 57.090000,	Top-5 err = 33.950000,	train_time = 2.589213
TRAIN Iter 183: loss = 0.001352,	Top-1 err = 55.430000,	Top-5 err = 32.270000,	train_time = 2.608250
TRAIN Iter 184: loss = 0.001344,	Top-1 err = 56.160000,	Top-5 err = 33.360000,	train_time = 2.591184
TRAIN Iter 185: loss = 0.001347,	Top-1 err = 54.780000,	Top-5 err = 32.380000,	train_time = 2.691327
TRAIN Iter 186: loss = 0.001332,	Top-1 err = 55.250000,	Top-5 err = 32.630000,	train_time = 2.567527
TRAIN Iter 187: loss = 0.001328,	Top-1 err = 54.980000,	Top-5 err = 32.010000,	train_time = 2.607277
TRAIN Iter 188: loss = 0.001370,	Top-1 err = 57.940000,	Top-5 err = 35.680000,	train_time = 2.505341
TRAIN Iter 189: loss = 0.001332,	Top-1 err = 56.540000,	Top-5 err = 34.260000,	train_time = 2.800491
TRAIN Iter 190: loss = 0.001328,	Top-1 err = 56.230000,	Top-5 err = 33.180000,	train_time = 2.548335
TRAIN Iter 191: loss = 0.001298,	Top-1 err = 55.360000,	Top-5 err = 32.940000,	train_time = 2.652160
TRAIN Iter 192: loss = 0.001318,	Top-1 err = 55.150000,	Top-5 err = 32.470000,	train_time = 2.599101
TRAIN Iter 193: loss = 0.001330,	Top-1 err = 54.010000,	Top-5 err = 31.250000,	train_time = 2.573899
TRAIN Iter 194: loss = 0.001319,	Top-1 err = 58.260000,	Top-5 err = 34.790000,	train_time = 2.650970
TRAIN Iter 195: loss = 0.001319,	Top-1 err = 55.780000,	Top-5 err = 33.860000,	train_time = 2.650677
TRAIN Iter 196: loss = 0.001346,	Top-1 err = 58.840000,	Top-5 err = 36.850000,	train_time = 2.499599
TRAIN Iter 197: loss = 0.001327,	Top-1 err = 58.930000,	Top-5 err = 36.260000,	train_time = 2.593519
TRAIN Iter 198: loss = 0.001318,	Top-1 err = 57.390000,	Top-5 err = 34.390000,	train_time = 2.598364
TRAIN Iter 199: loss = 0.001290,	Top-1 err = 55.340000,	Top-5 err = 33.440000,	train_time = 2.544981
TRAIN Iter 200: loss = 0.001279,	Top-1 err = 53.450000,	Top-5 err = 31.980000,	train_time = 2.730091
TRAIN Iter 201: loss = 0.001328,	Top-1 err = 56.090000,	Top-5 err = 34.790000,	train_time = 2.644675
TRAIN Iter 202: loss = 0.001268,	Top-1 err = 55.340000,	Top-5 err = 33.310000,	train_time = 2.689433
TRAIN Iter 203: loss = 0.001318,	Top-1 err = 53.710000,	Top-5 err = 31.290000,	train_time = 2.595899
TRAIN Iter 204: loss = 0.001287,	Top-1 err = 58.180000,	Top-5 err = 35.980000,	train_time = 2.688951
TRAIN Iter 205: loss = 0.001335,	Top-1 err = 56.660000,	Top-5 err = 34.290000,	train_time = 2.595752
TRAIN Iter 206: loss = 0.001253,	Top-1 err = 55.410000,	Top-5 err = 32.990000,	train_time = 2.541324
TRAIN Iter 207: loss = 0.001287,	Top-1 err = 57.910000,	Top-5 err = 34.310000,	train_time = 2.698652
TRAIN Iter 208: loss = 0.001279,	Top-1 err = 53.660000,	Top-5 err = 31.210000,	train_time = 2.430726
TRAIN Iter 209: loss = 0.001272,	Top-1 err = 57.960000,	Top-5 err = 35.620000,	train_time = 2.715825
TRAIN Iter 210: loss = 0.001293,	Top-1 err = 56.320000,	Top-5 err = 34.110000,	train_time = 2.576191
TRAIN Iter 211: loss = 0.001279,	Top-1 err = 54.920000,	Top-5 err = 32.740000,	train_time = 2.637518
TRAIN Iter 212: loss = 0.001271,	Top-1 err = 54.180000,	Top-5 err = 32.870000,	train_time = 2.609163
TRAIN Iter 213: loss = 0.001261,	Top-1 err = 55.650000,	Top-5 err = 33.070000,	train_time = 2.569644
TRAIN Iter 214: loss = 0.001261,	Top-1 err = 54.870000,	Top-5 err = 32.080000,	train_time = 2.588253
TRAIN Iter 215: loss = 0.001267,	Top-1 err = 52.980000,	Top-5 err = 29.640000,	train_time = 2.636210
TRAIN Iter 216: loss = 0.001298,	Top-1 err = 54.750000,	Top-5 err = 32.630000,	train_time = 2.607014
TRAIN Iter 217: loss = 0.001250,	Top-1 err = 55.050000,	Top-5 err = 32.720000,	train_time = 2.647024
TRAIN Iter 218: loss = 0.001259,	Top-1 err = 54.260000,	Top-5 err = 31.420000,	train_time = 2.627724
TRAIN Iter 219: loss = 0.001277,	Top-1 err = 57.660000,	Top-5 err = 35.420000,	train_time = 2.727871
TRAIN Iter 220: loss = 0.001266,	Top-1 err = 54.340000,	Top-5 err = 32.000000,	train_time = 2.722280
TRAIN Iter 221: loss = 0.001257,	Top-1 err = 58.110000,	Top-5 err = 36.860000,	train_time = 2.564619
TRAIN Iter 222: loss = 0.001262,	Top-1 err = 55.770000,	Top-5 err = 33.450000,	train_time = 2.625541
TRAIN Iter 223: loss = 0.001269,	Top-1 err = 55.220000,	Top-5 err = 33.350000,	train_time = 2.577826
TRAIN Iter 224: loss = 0.001260,	Top-1 err = 56.350000,	Top-5 err = 34.070000,	train_time = 2.617573
TRAIN Iter 225: loss = 0.001249,	Top-1 err = 55.860000,	Top-5 err = 34.220000,	train_time = 2.683684
TRAIN Iter 226: loss = 0.001257,	Top-1 err = 55.550000,	Top-5 err = 33.720000,	train_time = 2.645475
TRAIN Iter 227: loss = 0.001222,	Top-1 err = 53.810000,	Top-5 err = 31.810000,	train_time = 2.583453
TRAIN Iter 228: loss = 0.001264,	Top-1 err = 55.250000,	Top-5 err = 32.710000,	train_time = 2.632551
TRAIN Iter 229: loss = 0.001254,	Top-1 err = 53.700000,	Top-5 err = 32.150000,	train_time = 2.555527
TRAIN Iter 230: loss = 0.001210,	Top-1 err = 54.210000,	Top-5 err = 32.710000,	train_time = 2.510588
TRAIN Iter 231: loss = 0.001246,	Top-1 err = 56.800000,	Top-5 err = 34.550000,	train_time = 2.594702
TRAIN Iter 232: loss = 0.001234,	Top-1 err = 54.860000,	Top-5 err = 32.700000,	train_time = 2.551930
TRAIN Iter 233: loss = 0.001290,	Top-1 err = 54.280000,	Top-5 err = 32.910000,	train_time = 2.620157
TRAIN Iter 234: loss = 0.001247,	Top-1 err = 55.410000,	Top-5 err = 32.780000,	train_time = 2.643918
TRAIN Iter 235: loss = 0.001226,	Top-1 err = 57.480000,	Top-5 err = 33.860000,	train_time = 2.658032
TRAIN Iter 236: loss = 0.001226,	Top-1 err = 55.220000,	Top-5 err = 32.790000,	train_time = 2.589403
TRAIN Iter 237: loss = 0.001215,	Top-1 err = 55.430000,	Top-5 err = 32.990000,	train_time = 2.583961
TRAIN Iter 238: loss = 0.001191,	Top-1 err = 53.300000,	Top-5 err = 31.030000,	train_time = 2.736220
TRAIN Iter 239: loss = 0.001211,	Top-1 err = 55.650000,	Top-5 err = 31.850000,	train_time = 2.638486
TRAIN Iter 240: loss = 0.001201,	Top-1 err = 53.660000,	Top-5 err = 30.980000,	train_time = 2.647878
TRAIN Iter 241: loss = 0.001218,	Top-1 err = 55.150000,	Top-5 err = 33.190000,	train_time = 2.672361
TRAIN Iter 242: loss = 0.001220,	Top-1 err = 55.110000,	Top-5 err = 33.540000,	train_time = 2.556037
TRAIN Iter 243: loss = 0.001233,	Top-1 err = 56.930000,	Top-5 err = 34.810000,	train_time = 2.629714
TRAIN Iter 244: loss = 0.001233,	Top-1 err = 55.070000,	Top-5 err = 32.050000,	train_time = 2.633848
TRAIN Iter 245: loss = 0.001206,	Top-1 err = 52.370000,	Top-5 err = 30.830000,	train_time = 2.627947
TRAIN Iter 246: loss = 0.001203,	Top-1 err = 54.620000,	Top-5 err = 32.500000,	train_time = 2.530547
TRAIN Iter 247: loss = 0.001214,	Top-1 err = 58.880000,	Top-5 err = 36.620000,	train_time = 2.639270
TRAIN Iter 248: loss = 0.001196,	Top-1 err = 53.980000,	Top-5 err = 32.260000,	train_time = 2.483660
TRAIN Iter 249: loss = 0.001230,	Top-1 err = 56.260000,	Top-5 err = 34.360000,	train_time = 2.709316
TEST:
Iter 249: loss = 1.665239,	Top-1 err = 41.640000,	Top-5 err = 15.890000,	val_time = 0.745522
TRAIN Iter 250: loss = 0.001210,	Top-1 err = 53.210000,	Top-5 err = 31.010000,	train_time = 2.610475
TRAIN Iter 251: loss = 0.001215,	Top-1 err = 56.290000,	Top-5 err = 35.010000,	train_time = 2.573224
TRAIN Iter 252: loss = 0.001178,	Top-1 err = 53.470000,	Top-5 err = 31.100000,	train_time = 2.593240
TRAIN Iter 253: loss = 0.001186,	Top-1 err = 55.750000,	Top-5 err = 33.440000,	train_time = 2.576358
TRAIN Iter 254: loss = 0.001192,	Top-1 err = 54.440000,	Top-5 err = 31.800000,	train_time = 2.674398
TRAIN Iter 255: loss = 0.001212,	Top-1 err = 55.760000,	Top-5 err = 33.660000,	train_time = 2.686064
TRAIN Iter 256: loss = 0.001208,	Top-1 err = 54.470000,	Top-5 err = 31.800000,	train_time = 2.638282
TRAIN Iter 257: loss = 0.001167,	Top-1 err = 53.470000,	Top-5 err = 30.620000,	train_time = 2.525468
TRAIN Iter 258: loss = 0.001220,	Top-1 err = 55.310000,	Top-5 err = 32.850000,	train_time = 2.469613
TRAIN Iter 259: loss = 0.001207,	Top-1 err = 52.840000,	Top-5 err = 30.240000,	train_time = 2.613988
TEST:
Iter 259: loss = 1.683232,	Top-1 err = 42.150000,	Top-5 err = 16.030000,	val_time = 0.758395
TRAIN Iter 260: loss = 0.001188,	Top-1 err = 54.890000,	Top-5 err = 33.310000,	train_time = 2.626541
TRAIN Iter 261: loss = 0.001182,	Top-1 err = 53.100000,	Top-5 err = 30.850000,	train_time = 2.525039
TRAIN Iter 262: loss = 0.001189,	Top-1 err = 55.920000,	Top-5 err = 33.960000,	train_time = 2.611285
TRAIN Iter 263: loss = 0.001171,	Top-1 err = 56.870000,	Top-5 err = 33.850000,	train_time = 2.696032
TRAIN Iter 264: loss = 0.001204,	Top-1 err = 56.580000,	Top-5 err = 34.750000,	train_time = 2.663795
TRAIN Iter 265: loss = 0.001172,	Top-1 err = 52.520000,	Top-5 err = 30.820000,	train_time = 2.550091
TRAIN Iter 266: loss = 0.001162,	Top-1 err = 54.890000,	Top-5 err = 32.800000,	train_time = 2.630687
TRAIN Iter 267: loss = 0.001149,	Top-1 err = 54.960000,	Top-5 err = 31.970000,	train_time = 2.603573
TRAIN Iter 268: loss = 0.001178,	Top-1 err = 54.000000,	Top-5 err = 31.340000,	train_time = 2.537681
TRAIN Iter 269: loss = 0.001186,	Top-1 err = 53.560000,	Top-5 err = 31.500000,	train_time = 2.555086
TEST:
Iter 269: loss = 1.669231,	Top-1 err = 41.950000,	Top-5 err = 16.030000,	val_time = 0.765650
TRAIN Iter 270: loss = 0.001173,	Top-1 err = 56.520000,	Top-5 err = 35.000000,	train_time = 2.570554
TRAIN Iter 271: loss = 0.001152,	Top-1 err = 53.670000,	Top-5 err = 31.790000,	train_time = 2.536469
TRAIN Iter 272: loss = 0.001148,	Top-1 err = 52.980000,	Top-5 err = 30.560000,	train_time = 2.670404
TRAIN Iter 273: loss = 0.001204,	Top-1 err = 54.430000,	Top-5 err = 33.380000,	train_time = 2.560494
TRAIN Iter 274: loss = 0.001157,	Top-1 err = 54.890000,	Top-5 err = 32.450000,	train_time = 2.681569
TRAIN Iter 275: loss = 0.001142,	Top-1 err = 54.050000,	Top-5 err = 32.550000,	train_time = 2.594503
TRAIN Iter 276: loss = 0.001186,	Top-1 err = 53.580000,	Top-5 err = 32.080000,	train_time = 2.666514
TRAIN Iter 277: loss = 0.001130,	Top-1 err = 56.080000,	Top-5 err = 33.600000,	train_time = 2.634821
TRAIN Iter 278: loss = 0.001164,	Top-1 err = 56.380000,	Top-5 err = 34.680000,	train_time = 2.531374
TRAIN Iter 279: loss = 0.001143,	Top-1 err = 56.130000,	Top-5 err = 33.960000,	train_time = 2.515568
TEST:
Iter 279: loss = 1.671823,	Top-1 err = 41.960000,	Top-5 err = 16.120000,	val_time = 0.720528
TRAIN Iter 280: loss = 0.001146,	Top-1 err = 51.610000,	Top-5 err = 30.290000,	train_time = 2.526602
TRAIN Iter 281: loss = 0.001100,	Top-1 err = 52.580000,	Top-5 err = 30.800000,	train_time = 2.614951
TRAIN Iter 282: loss = 0.001157,	Top-1 err = 55.200000,	Top-5 err = 33.030000,	train_time = 2.655606
TRAIN Iter 283: loss = 0.001150,	Top-1 err = 54.140000,	Top-5 err = 32.430000,	train_time = 2.661413
TRAIN Iter 284: loss = 0.001120,	Top-1 err = 53.280000,	Top-5 err = 30.750000,	train_time = 2.620622
TRAIN Iter 285: loss = 0.001123,	Top-1 err = 53.480000,	Top-5 err = 31.450000,	train_time = 2.680709
TRAIN Iter 286: loss = 0.001148,	Top-1 err = 52.410000,	Top-5 err = 30.830000,	train_time = 2.646263
TRAIN Iter 287: loss = 0.001130,	Top-1 err = 53.880000,	Top-5 err = 32.320000,	train_time = 2.621842
TRAIN Iter 288: loss = 0.001146,	Top-1 err = 52.660000,	Top-5 err = 31.570000,	train_time = 2.684734
TRAIN Iter 289: loss = 0.001113,	Top-1 err = 53.850000,	Top-5 err = 31.360000,	train_time = 2.524556
TEST:
Iter 289: loss = 1.684818,	Top-1 err = 42.340000,	Top-5 err = 16.000000,	val_time = 0.679272
TRAIN Iter 290: loss = 0.001140,	Top-1 err = 53.180000,	Top-5 err = 30.580000,	train_time = 2.549805
TRAIN Iter 291: loss = 0.001137,	Top-1 err = 55.590000,	Top-5 err = 33.570000,	train_time = 2.610045
TRAIN Iter 292: loss = 0.001144,	Top-1 err = 56.010000,	Top-5 err = 34.770000,	train_time = 2.562682
TRAIN Iter 293: loss = 0.001136,	Top-1 err = 55.440000,	Top-5 err = 33.790000,	train_time = 2.635542
TRAIN Iter 294: loss = 0.001108,	Top-1 err = 55.380000,	Top-5 err = 32.690000,	train_time = 2.520623
TRAIN Iter 295: loss = 0.001122,	Top-1 err = 53.450000,	Top-5 err = 31.760000,	train_time = 2.657325
TRAIN Iter 296: loss = 0.001128,	Top-1 err = 53.980000,	Top-5 err = 32.350000,	train_time = 2.497032
TRAIN Iter 297: loss = 0.001138,	Top-1 err = 53.970000,	Top-5 err = 32.000000,	train_time = 2.689638
TRAIN Iter 298: loss = 0.001135,	Top-1 err = 54.280000,	Top-5 err = 31.980000,	train_time = 2.591502
TRAIN Iter 299: loss = 0.001119,	Top-1 err = 54.510000,	Top-5 err = 33.220000,	train_time = 2.598215
TEST:
Iter 299: loss = 1.635509,	Top-1 err = 41.650000,	Top-5 err = 16.030000,	val_time = 0.810946
Train Finish! Best accuracy is 58.36@249
