/home/dvspanos/miniconda3/envs/rded/lib/python3.10/site-packages/torch/cuda/__init__.py:611: UserWarning: Can't initialize NVML
  warnings.warn("Can't initialize NVML")
=> using pytorch pre-trained teacher model 'conv3'
process data from /home/dvspanos/nikos/ca2d/artifacts/rded_sets/bench_cifar100_conv_el2nw30_ipc100
load data successfully
TRAIN Iter 0: loss = 0.015523,	Top-1 err = 95.530000,	Top-5 err = 82.060000,	train_time = 3.361243
TRAIN Iter 1: loss = 0.011554,	Top-1 err = 92.160000,	Top-5 err = 72.730000,	train_time = 2.734670
TRAIN Iter 2: loss = 0.009578,	Top-1 err = 89.870000,	Top-5 err = 67.130000,	train_time = 2.549661
TRAIN Iter 3: loss = 0.008453,	Top-1 err = 87.330000,	Top-5 err = 63.040000,	train_time = 2.519701
TRAIN Iter 4: loss = 0.007618,	Top-1 err = 86.980000,	Top-5 err = 62.120000,	train_time = 2.661507
TRAIN Iter 5: loss = 0.006963,	Top-1 err = 84.660000,	Top-5 err = 58.190000,	train_time = 2.669487
TRAIN Iter 6: loss = 0.006487,	Top-1 err = 84.400000,	Top-5 err = 58.450000,	train_time = 2.650428
TRAIN Iter 7: loss = 0.006178,	Top-1 err = 83.050000,	Top-5 err = 56.150000,	train_time = 2.529363
TRAIN Iter 8: loss = 0.005823,	Top-1 err = 83.100000,	Top-5 err = 57.190000,	train_time = 2.618441
TRAIN Iter 9: loss = 0.005666,	Top-1 err = 81.530000,	Top-5 err = 53.300000,	train_time = 2.548182
TRAIN Iter 10: loss = 0.005388,	Top-1 err = 81.030000,	Top-5 err = 52.570000,	train_time = 2.552323
TRAIN Iter 11: loss = 0.005177,	Top-1 err = 81.190000,	Top-5 err = 54.740000,	train_time = 2.564771
TRAIN Iter 12: loss = 0.005034,	Top-1 err = 80.210000,	Top-5 err = 51.900000,	train_time = 2.490979
TRAIN Iter 13: loss = 0.004905,	Top-1 err = 80.570000,	Top-5 err = 52.440000,	train_time = 2.585241
TRAIN Iter 14: loss = 0.004803,	Top-1 err = 79.390000,	Top-5 err = 51.070000,	train_time = 2.618942
TRAIN Iter 15: loss = 0.004690,	Top-1 err = 78.690000,	Top-5 err = 50.670000,	train_time = 2.611586
TRAIN Iter 16: loss = 0.004580,	Top-1 err = 78.300000,	Top-5 err = 49.610000,	train_time = 2.505710
TRAIN Iter 17: loss = 0.004492,	Top-1 err = 79.420000,	Top-5 err = 51.960000,	train_time = 2.632141
TRAIN Iter 18: loss = 0.004346,	Top-1 err = 80.870000,	Top-5 err = 54.070000,	train_time = 2.585108
TRAIN Iter 19: loss = 0.004313,	Top-1 err = 77.760000,	Top-5 err = 49.560000,	train_time = 2.527806
TRAIN Iter 20: loss = 0.004246,	Top-1 err = 78.280000,	Top-5 err = 50.640000,	train_time = 2.453004
TRAIN Iter 21: loss = 0.004162,	Top-1 err = 77.120000,	Top-5 err = 49.030000,	train_time = 2.620935
TRAIN Iter 22: loss = 0.004085,	Top-1 err = 77.800000,	Top-5 err = 50.010000,	train_time = 2.514955
TRAIN Iter 23: loss = 0.004037,	Top-1 err = 77.840000,	Top-5 err = 51.270000,	train_time = 2.599851
TRAIN Iter 24: loss = 0.003972,	Top-1 err = 77.110000,	Top-5 err = 49.510000,	train_time = 2.442742
TRAIN Iter 25: loss = 0.003922,	Top-1 err = 77.730000,	Top-5 err = 50.800000,	train_time = 2.459776
TRAIN Iter 26: loss = 0.003852,	Top-1 err = 77.560000,	Top-5 err = 49.810000,	train_time = 2.550276
TRAIN Iter 27: loss = 0.003826,	Top-1 err = 77.710000,	Top-5 err = 48.570000,	train_time = 2.549792
TRAIN Iter 28: loss = 0.003744,	Top-1 err = 77.200000,	Top-5 err = 50.670000,	train_time = 2.503951
TRAIN Iter 29: loss = 0.003703,	Top-1 err = 76.700000,	Top-5 err = 49.220000,	train_time = 2.521236
TRAIN Iter 30: loss = 0.003690,	Top-1 err = 77.220000,	Top-5 err = 49.920000,	train_time = 2.564502
TRAIN Iter 31: loss = 0.003614,	Top-1 err = 76.440000,	Top-5 err = 49.080000,	train_time = 2.553838
TRAIN Iter 32: loss = 0.003591,	Top-1 err = 76.590000,	Top-5 err = 48.580000,	train_time = 2.579057
TRAIN Iter 33: loss = 0.003520,	Top-1 err = 77.220000,	Top-5 err = 50.960000,	train_time = 2.633995
TRAIN Iter 34: loss = 0.003525,	Top-1 err = 76.930000,	Top-5 err = 48.950000,	train_time = 2.557276
TRAIN Iter 35: loss = 0.003439,	Top-1 err = 76.550000,	Top-5 err = 49.440000,	train_time = 2.630421
TRAIN Iter 36: loss = 0.003408,	Top-1 err = 76.620000,	Top-5 err = 48.730000,	train_time = 2.471909
TRAIN Iter 37: loss = 0.003412,	Top-1 err = 77.220000,	Top-5 err = 48.370000,	train_time = 2.525197
TRAIN Iter 38: loss = 0.003305,	Top-1 err = 76.070000,	Top-5 err = 48.440000,	train_time = 2.576844
TRAIN Iter 39: loss = 0.003278,	Top-1 err = 76.100000,	Top-5 err = 48.130000,	train_time = 2.548559
TRAIN Iter 40: loss = 0.003235,	Top-1 err = 75.720000,	Top-5 err = 47.930000,	train_time = 2.623486
TRAIN Iter 41: loss = 0.003273,	Top-1 err = 77.140000,	Top-5 err = 49.950000,	train_time = 2.508030
TRAIN Iter 42: loss = 0.003211,	Top-1 err = 74.760000,	Top-5 err = 46.750000,	train_time = 2.626624
TRAIN Iter 43: loss = 0.003142,	Top-1 err = 76.410000,	Top-5 err = 49.130000,	train_time = 2.645496
TRAIN Iter 44: loss = 0.003125,	Top-1 err = 76.940000,	Top-5 err = 50.650000,	train_time = 2.515327
TRAIN Iter 45: loss = 0.003116,	Top-1 err = 75.050000,	Top-5 err = 47.370000,	train_time = 2.471680
TRAIN Iter 46: loss = 0.003065,	Top-1 err = 77.760000,	Top-5 err = 50.910000,	train_time = 2.503775
TRAIN Iter 47: loss = 0.003042,	Top-1 err = 76.480000,	Top-5 err = 48.390000,	train_time = 2.549480
TRAIN Iter 48: loss = 0.003046,	Top-1 err = 75.350000,	Top-5 err = 48.640000,	train_time = 2.568486
TRAIN Iter 49: loss = 0.002996,	Top-1 err = 76.040000,	Top-5 err = 48.530000,	train_time = 2.485393
TRAIN Iter 50: loss = 0.002985,	Top-1 err = 74.420000,	Top-5 err = 47.480000,	train_time = 2.568986
TRAIN Iter 51: loss = 0.002878,	Top-1 err = 74.700000,	Top-5 err = 47.790000,	train_time = 2.672097
TRAIN Iter 52: loss = 0.002877,	Top-1 err = 75.620000,	Top-5 err = 47.960000,	train_time = 2.562175
TRAIN Iter 53: loss = 0.002867,	Top-1 err = 74.740000,	Top-5 err = 46.500000,	train_time = 2.524913
TRAIN Iter 54: loss = 0.002827,	Top-1 err = 74.880000,	Top-5 err = 47.340000,	train_time = 2.543677
TRAIN Iter 55: loss = 0.002818,	Top-1 err = 75.220000,	Top-5 err = 47.440000,	train_time = 2.619459
TRAIN Iter 56: loss = 0.002784,	Top-1 err = 75.570000,	Top-5 err = 48.080000,	train_time = 2.472505
TRAIN Iter 57: loss = 0.002779,	Top-1 err = 74.970000,	Top-5 err = 47.130000,	train_time = 2.461827
TRAIN Iter 58: loss = 0.002781,	Top-1 err = 75.260000,	Top-5 err = 48.370000,	train_time = 2.532037
TRAIN Iter 59: loss = 0.002717,	Top-1 err = 74.880000,	Top-5 err = 47.350000,	train_time = 2.432636
TRAIN Iter 60: loss = 0.002720,	Top-1 err = 75.400000,	Top-5 err = 48.500000,	train_time = 2.533418
TRAIN Iter 61: loss = 0.002711,	Top-1 err = 74.700000,	Top-5 err = 48.280000,	train_time = 2.640635
TRAIN Iter 62: loss = 0.002658,	Top-1 err = 73.980000,	Top-5 err = 45.580000,	train_time = 2.448097
TRAIN Iter 63: loss = 0.002622,	Top-1 err = 72.760000,	Top-5 err = 45.500000,	train_time = 2.690315
TRAIN Iter 64: loss = 0.002642,	Top-1 err = 74.470000,	Top-5 err = 46.870000,	train_time = 2.567882
TRAIN Iter 65: loss = 0.002606,	Top-1 err = 73.330000,	Top-5 err = 45.160000,	train_time = 2.474117
TRAIN Iter 66: loss = 0.002570,	Top-1 err = 73.670000,	Top-5 err = 45.870000,	train_time = 2.640077
TRAIN Iter 67: loss = 0.002563,	Top-1 err = 73.970000,	Top-5 err = 46.710000,	train_time = 2.597473
TRAIN Iter 68: loss = 0.002492,	Top-1 err = 73.790000,	Top-5 err = 46.410000,	train_time = 2.644789
TRAIN Iter 69: loss = 0.002514,	Top-1 err = 74.350000,	Top-5 err = 46.010000,	train_time = 2.594936
TRAIN Iter 70: loss = 0.002464,	Top-1 err = 74.850000,	Top-5 err = 46.970000,	train_time = 2.523119
TRAIN Iter 71: loss = 0.002482,	Top-1 err = 73.460000,	Top-5 err = 45.720000,	train_time = 2.514729
TRAIN Iter 72: loss = 0.002514,	Top-1 err = 74.310000,	Top-5 err = 46.100000,	train_time = 2.441400
TRAIN Iter 73: loss = 0.002449,	Top-1 err = 74.190000,	Top-5 err = 47.100000,	train_time = 2.587308
TRAIN Iter 74: loss = 0.002404,	Top-1 err = 74.640000,	Top-5 err = 47.650000,	train_time = 2.650728
TRAIN Iter 75: loss = 0.002397,	Top-1 err = 73.650000,	Top-5 err = 46.200000,	train_time = 2.451196
TRAIN Iter 76: loss = 0.002379,	Top-1 err = 74.430000,	Top-5 err = 46.690000,	train_time = 2.678049
TRAIN Iter 77: loss = 0.002403,	Top-1 err = 73.560000,	Top-5 err = 46.540000,	train_time = 2.583061
TRAIN Iter 78: loss = 0.002368,	Top-1 err = 73.540000,	Top-5 err = 46.590000,	train_time = 2.617369
TRAIN Iter 79: loss = 0.002368,	Top-1 err = 73.190000,	Top-5 err = 45.570000,	train_time = 2.659092
TRAIN Iter 80: loss = 0.002324,	Top-1 err = 72.320000,	Top-5 err = 44.530000,	train_time = 2.514024
TRAIN Iter 81: loss = 0.002355,	Top-1 err = 73.020000,	Top-5 err = 45.620000,	train_time = 2.386021
TRAIN Iter 82: loss = 0.002265,	Top-1 err = 73.190000,	Top-5 err = 46.090000,	train_time = 2.556525
TRAIN Iter 83: loss = 0.002314,	Top-1 err = 72.850000,	Top-5 err = 45.200000,	train_time = 2.560629
TRAIN Iter 84: loss = 0.002327,	Top-1 err = 74.840000,	Top-5 err = 47.070000,	train_time = 2.576891
TRAIN Iter 85: loss = 0.002264,	Top-1 err = 74.200000,	Top-5 err = 47.480000,	train_time = 2.534057
TRAIN Iter 86: loss = 0.002274,	Top-1 err = 72.030000,	Top-5 err = 43.810000,	train_time = 2.655576
TRAIN Iter 87: loss = 0.002286,	Top-1 err = 73.890000,	Top-5 err = 46.700000,	train_time = 2.521850
TRAIN Iter 88: loss = 0.002242,	Top-1 err = 73.180000,	Top-5 err = 45.660000,	train_time = 2.499899
TRAIN Iter 89: loss = 0.002222,	Top-1 err = 74.110000,	Top-5 err = 47.340000,	train_time = 2.626747
TRAIN Iter 90: loss = 0.002231,	Top-1 err = 73.260000,	Top-5 err = 46.710000,	train_time = 2.597008
TRAIN Iter 91: loss = 0.002224,	Top-1 err = 74.000000,	Top-5 err = 46.810000,	train_time = 2.495443
TRAIN Iter 92: loss = 0.002217,	Top-1 err = 74.360000,	Top-5 err = 46.950000,	train_time = 2.544341
TRAIN Iter 93: loss = 0.002181,	Top-1 err = 74.030000,	Top-5 err = 47.060000,	train_time = 2.567070
TRAIN Iter 94: loss = 0.002160,	Top-1 err = 73.680000,	Top-5 err = 45.370000,	train_time = 2.565766
TRAIN Iter 95: loss = 0.002173,	Top-1 err = 73.090000,	Top-5 err = 45.260000,	train_time = 2.452725
TRAIN Iter 96: loss = 0.002172,	Top-1 err = 73.070000,	Top-5 err = 44.760000,	train_time = 2.581782
TRAIN Iter 97: loss = 0.002085,	Top-1 err = 74.370000,	Top-5 err = 47.940000,	train_time = 2.659176
TRAIN Iter 98: loss = 0.002159,	Top-1 err = 71.890000,	Top-5 err = 44.650000,	train_time = 2.640477
TRAIN Iter 99: loss = 0.002076,	Top-1 err = 73.820000,	Top-5 err = 47.940000,	train_time = 2.576749
TRAIN Iter 100: loss = 0.002097,	Top-1 err = 73.590000,	Top-5 err = 46.210000,	train_time = 2.426588
TRAIN Iter 101: loss = 0.002077,	Top-1 err = 73.220000,	Top-5 err = 45.750000,	train_time = 2.624663
TRAIN Iter 102: loss = 0.002079,	Top-1 err = 71.500000,	Top-5 err = 43.660000,	train_time = 2.638695
TRAIN Iter 103: loss = 0.002102,	Top-1 err = 73.340000,	Top-5 err = 45.430000,	train_time = 2.417673
TRAIN Iter 104: loss = 0.002035,	Top-1 err = 71.390000,	Top-5 err = 43.720000,	train_time = 2.450508
TRAIN Iter 105: loss = 0.002046,	Top-1 err = 74.030000,	Top-5 err = 47.920000,	train_time = 2.680271
TRAIN Iter 106: loss = 0.002041,	Top-1 err = 72.020000,	Top-5 err = 44.410000,	train_time = 2.589694
TRAIN Iter 107: loss = 0.002007,	Top-1 err = 71.870000,	Top-5 err = 44.000000,	train_time = 2.522881
TRAIN Iter 108: loss = 0.002001,	Top-1 err = 73.070000,	Top-5 err = 45.580000,	train_time = 2.678604
TRAIN Iter 109: loss = 0.001981,	Top-1 err = 71.970000,	Top-5 err = 44.580000,	train_time = 2.524960
TRAIN Iter 110: loss = 0.001996,	Top-1 err = 72.580000,	Top-5 err = 45.650000,	train_time = 2.493359
TRAIN Iter 111: loss = 0.001974,	Top-1 err = 73.230000,	Top-5 err = 46.250000,	train_time = 2.513567
TRAIN Iter 112: loss = 0.001984,	Top-1 err = 71.730000,	Top-5 err = 43.280000,	train_time = 2.528862
TRAIN Iter 113: loss = 0.001936,	Top-1 err = 72.410000,	Top-5 err = 45.060000,	train_time = 2.595169
TRAIN Iter 114: loss = 0.001971,	Top-1 err = 73.070000,	Top-5 err = 45.940000,	train_time = 2.600473
TRAIN Iter 115: loss = 0.001941,	Top-1 err = 73.750000,	Top-5 err = 47.080000,	train_time = 2.581914
TRAIN Iter 116: loss = 0.001948,	Top-1 err = 73.330000,	Top-5 err = 47.230000,	train_time = 2.564689
TRAIN Iter 117: loss = 0.001938,	Top-1 err = 72.680000,	Top-5 err = 45.080000,	train_time = 2.596123
TRAIN Iter 118: loss = 0.001891,	Top-1 err = 73.100000,	Top-5 err = 45.060000,	train_time = 2.544214
TRAIN Iter 119: loss = 0.001916,	Top-1 err = 73.350000,	Top-5 err = 47.180000,	train_time = 2.612947
TRAIN Iter 120: loss = 0.001888,	Top-1 err = 72.910000,	Top-5 err = 46.090000,	train_time = 2.561663
TRAIN Iter 121: loss = 0.001891,	Top-1 err = 71.950000,	Top-5 err = 45.870000,	train_time = 2.585191
TRAIN Iter 122: loss = 0.001863,	Top-1 err = 72.330000,	Top-5 err = 44.550000,	train_time = 2.534162
TRAIN Iter 123: loss = 0.001894,	Top-1 err = 73.000000,	Top-5 err = 46.790000,	train_time = 2.676914
TRAIN Iter 124: loss = 0.001870,	Top-1 err = 73.480000,	Top-5 err = 47.030000,	train_time = 2.709929
TRAIN Iter 125: loss = 0.001830,	Top-1 err = 72.410000,	Top-5 err = 45.210000,	train_time = 2.617564
TRAIN Iter 126: loss = 0.001842,	Top-1 err = 73.200000,	Top-5 err = 46.560000,	train_time = 2.474521
TRAIN Iter 127: loss = 0.001821,	Top-1 err = 73.800000,	Top-5 err = 46.740000,	train_time = 2.476078
TRAIN Iter 128: loss = 0.001886,	Top-1 err = 72.550000,	Top-5 err = 46.200000,	train_time = 2.536100
TRAIN Iter 129: loss = 0.001821,	Top-1 err = 71.680000,	Top-5 err = 44.000000,	train_time = 2.623768
TRAIN Iter 130: loss = 0.001820,	Top-1 err = 72.230000,	Top-5 err = 44.960000,	train_time = 2.652277
TRAIN Iter 131: loss = 0.001829,	Top-1 err = 73.060000,	Top-5 err = 45.780000,	train_time = 2.681094
TRAIN Iter 132: loss = 0.001760,	Top-1 err = 71.930000,	Top-5 err = 44.410000,	train_time = 2.509458
TRAIN Iter 133: loss = 0.001848,	Top-1 err = 72.680000,	Top-5 err = 46.550000,	train_time = 2.639577
TRAIN Iter 134: loss = 0.001798,	Top-1 err = 71.660000,	Top-5 err = 43.570000,	train_time = 2.546414
TRAIN Iter 135: loss = 0.001759,	Top-1 err = 71.010000,	Top-5 err = 43.000000,	train_time = 2.479412
TRAIN Iter 136: loss = 0.001753,	Top-1 err = 73.210000,	Top-5 err = 45.860000,	train_time = 2.636936
TRAIN Iter 137: loss = 0.001785,	Top-1 err = 71.380000,	Top-5 err = 45.010000,	train_time = 2.572204
TRAIN Iter 138: loss = 0.001791,	Top-1 err = 73.580000,	Top-5 err = 46.980000,	train_time = 2.613594
TRAIN Iter 139: loss = 0.001783,	Top-1 err = 72.760000,	Top-5 err = 46.530000,	train_time = 2.586063
TRAIN Iter 140: loss = 0.001737,	Top-1 err = 72.400000,	Top-5 err = 45.220000,	train_time = 2.564849
TRAIN Iter 141: loss = 0.001735,	Top-1 err = 71.740000,	Top-5 err = 44.870000,	train_time = 2.513179
TRAIN Iter 142: loss = 0.001738,	Top-1 err = 73.310000,	Top-5 err = 46.930000,	train_time = 2.663180
TRAIN Iter 143: loss = 0.001702,	Top-1 err = 72.640000,	Top-5 err = 45.630000,	train_time = 2.572226
TRAIN Iter 144: loss = 0.001720,	Top-1 err = 73.140000,	Top-5 err = 45.740000,	train_time = 2.587531
TRAIN Iter 145: loss = 0.001688,	Top-1 err = 70.950000,	Top-5 err = 43.350000,	train_time = 2.566944
TRAIN Iter 146: loss = 0.001705,	Top-1 err = 72.930000,	Top-5 err = 45.810000,	train_time = 2.528983
TRAIN Iter 147: loss = 0.001715,	Top-1 err = 73.200000,	Top-5 err = 47.400000,	train_time = 2.561363
TRAIN Iter 148: loss = 0.001702,	Top-1 err = 68.790000,	Top-5 err = 41.100000,	train_time = 2.582411
TRAIN Iter 149: loss = 0.001717,	Top-1 err = 70.220000,	Top-5 err = 42.330000,	train_time = 2.653785
TRAIN Iter 150: loss = 0.001660,	Top-1 err = 70.740000,	Top-5 err = 42.650000,	train_time = 2.607954
TRAIN Iter 151: loss = 0.001668,	Top-1 err = 71.350000,	Top-5 err = 44.120000,	train_time = 2.661180
TRAIN Iter 152: loss = 0.001680,	Top-1 err = 71.650000,	Top-5 err = 45.710000,	train_time = 2.511451
TRAIN Iter 153: loss = 0.001664,	Top-1 err = 73.280000,	Top-5 err = 46.930000,	train_time = 2.472917
TRAIN Iter 154: loss = 0.001654,	Top-1 err = 72.790000,	Top-5 err = 46.150000,	train_time = 2.623624
TRAIN Iter 155: loss = 0.001682,	Top-1 err = 72.750000,	Top-5 err = 46.420000,	train_time = 2.562406
TRAIN Iter 156: loss = 0.001670,	Top-1 err = 71.750000,	Top-5 err = 45.190000,	train_time = 2.659022
TRAIN Iter 157: loss = 0.001620,	Top-1 err = 72.580000,	Top-5 err = 44.980000,	train_time = 2.574488
TRAIN Iter 158: loss = 0.001666,	Top-1 err = 72.180000,	Top-5 err = 44.440000,	train_time = 2.615215
TRAIN Iter 159: loss = 0.001627,	Top-1 err = 72.120000,	Top-5 err = 45.140000,	train_time = 2.604637
TRAIN Iter 160: loss = 0.001656,	Top-1 err = 73.770000,	Top-5 err = 47.310000,	train_time = 2.641648
TRAIN Iter 161: loss = 0.001659,	Top-1 err = 72.240000,	Top-5 err = 45.450000,	train_time = 2.528218
TRAIN Iter 162: loss = 0.001605,	Top-1 err = 73.040000,	Top-5 err = 46.030000,	train_time = 2.652590
TRAIN Iter 163: loss = 0.001607,	Top-1 err = 72.110000,	Top-5 err = 45.000000,	train_time = 2.607760
TRAIN Iter 164: loss = 0.001624,	Top-1 err = 72.970000,	Top-5 err = 46.430000,	train_time = 2.530431
TRAIN Iter 165: loss = 0.001650,	Top-1 err = 72.680000,	Top-5 err = 46.530000,	train_time = 2.608122
TRAIN Iter 166: loss = 0.001625,	Top-1 err = 72.580000,	Top-5 err = 46.340000,	train_time = 2.479673
TRAIN Iter 167: loss = 0.001585,	Top-1 err = 72.980000,	Top-5 err = 46.180000,	train_time = 2.643444
TRAIN Iter 168: loss = 0.001569,	Top-1 err = 71.750000,	Top-5 err = 44.970000,	train_time = 2.558806
TRAIN Iter 169: loss = 0.001604,	Top-1 err = 69.660000,	Top-5 err = 43.100000,	train_time = 2.562706
TRAIN Iter 170: loss = 0.001582,	Top-1 err = 70.620000,	Top-5 err = 43.460000,	train_time = 2.547369
TRAIN Iter 171: loss = 0.001610,	Top-1 err = 72.900000,	Top-5 err = 45.260000,	train_time = 2.432941
TRAIN Iter 172: loss = 0.001606,	Top-1 err = 72.890000,	Top-5 err = 45.680000,	train_time = 2.460942
TRAIN Iter 173: loss = 0.001591,	Top-1 err = 70.800000,	Top-5 err = 43.520000,	train_time = 2.530877
TRAIN Iter 174: loss = 0.001596,	Top-1 err = 71.780000,	Top-5 err = 45.120000,	train_time = 2.529289
TRAIN Iter 175: loss = 0.001586,	Top-1 err = 70.430000,	Top-5 err = 42.770000,	train_time = 2.658935
TRAIN Iter 176: loss = 0.001606,	Top-1 err = 71.940000,	Top-5 err = 45.100000,	train_time = 2.582990
TRAIN Iter 177: loss = 0.001561,	Top-1 err = 73.510000,	Top-5 err = 46.340000,	train_time = 2.622776
TRAIN Iter 178: loss = 0.001563,	Top-1 err = 71.250000,	Top-5 err = 44.200000,	train_time = 2.621962
TRAIN Iter 179: loss = 0.001583,	Top-1 err = 70.980000,	Top-5 err = 44.420000,	train_time = 2.585545
TRAIN Iter 180: loss = 0.001530,	Top-1 err = 71.860000,	Top-5 err = 44.030000,	train_time = 2.666640
TRAIN Iter 181: loss = 0.001535,	Top-1 err = 71.350000,	Top-5 err = 44.310000,	train_time = 2.641169
TRAIN Iter 182: loss = 0.001550,	Top-1 err = 71.660000,	Top-5 err = 44.320000,	train_time = 2.517870
TRAIN Iter 183: loss = 0.001573,	Top-1 err = 72.430000,	Top-5 err = 45.250000,	train_time = 2.552438
TRAIN Iter 184: loss = 0.001591,	Top-1 err = 72.540000,	Top-5 err = 45.130000,	train_time = 2.493703
TRAIN Iter 185: loss = 0.001518,	Top-1 err = 72.140000,	Top-5 err = 44.280000,	train_time = 2.492487
TRAIN Iter 186: loss = 0.001506,	Top-1 err = 72.260000,	Top-5 err = 45.150000,	train_time = 2.530523
TRAIN Iter 187: loss = 0.001554,	Top-1 err = 71.920000,	Top-5 err = 45.220000,	train_time = 2.578530
TRAIN Iter 188: loss = 0.001560,	Top-1 err = 71.570000,	Top-5 err = 44.600000,	train_time = 2.638268
TRAIN Iter 189: loss = 0.001539,	Top-1 err = 71.800000,	Top-5 err = 44.740000,	train_time = 2.460787
TRAIN Iter 190: loss = 0.001528,	Top-1 err = 73.970000,	Top-5 err = 46.880000,	train_time = 2.348472
TRAIN Iter 191: loss = 0.001492,	Top-1 err = 71.950000,	Top-5 err = 44.850000,	train_time = 2.526769
TRAIN Iter 192: loss = 0.001508,	Top-1 err = 72.190000,	Top-5 err = 44.880000,	train_time = 2.592426
TRAIN Iter 193: loss = 0.001510,	Top-1 err = 72.130000,	Top-5 err = 45.570000,	train_time = 2.641407
TRAIN Iter 194: loss = 0.001496,	Top-1 err = 72.510000,	Top-5 err = 45.010000,	train_time = 2.637585
TRAIN Iter 195: loss = 0.001503,	Top-1 err = 73.350000,	Top-5 err = 47.190000,	train_time = 2.526993
TRAIN Iter 196: loss = 0.001483,	Top-1 err = 70.750000,	Top-5 err = 43.750000,	train_time = 2.566958
TRAIN Iter 197: loss = 0.001511,	Top-1 err = 73.180000,	Top-5 err = 46.310000,	train_time = 2.538651
TRAIN Iter 198: loss = 0.001482,	Top-1 err = 72.350000,	Top-5 err = 45.690000,	train_time = 2.554384
TRAIN Iter 199: loss = 0.001486,	Top-1 err = 72.110000,	Top-5 err = 44.830000,	train_time = 2.519739
TRAIN Iter 200: loss = 0.001490,	Top-1 err = 70.860000,	Top-5 err = 43.610000,	train_time = 2.584319
TRAIN Iter 201: loss = 0.001489,	Top-1 err = 72.390000,	Top-5 err = 46.310000,	train_time = 2.580775
TRAIN Iter 202: loss = 0.001458,	Top-1 err = 70.060000,	Top-5 err = 42.760000,	train_time = 2.457567
TRAIN Iter 203: loss = 0.001489,	Top-1 err = 71.420000,	Top-5 err = 43.340000,	train_time = 2.649314
TRAIN Iter 204: loss = 0.001514,	Top-1 err = 70.310000,	Top-5 err = 43.250000,	train_time = 2.557936
TRAIN Iter 205: loss = 0.001513,	Top-1 err = 69.770000,	Top-5 err = 42.110000,	train_time = 2.470770
TRAIN Iter 206: loss = 0.001483,	Top-1 err = 72.090000,	Top-5 err = 44.850000,	train_time = 2.713139
TRAIN Iter 207: loss = 0.001457,	Top-1 err = 72.520000,	Top-5 err = 45.400000,	train_time = 2.564253
TRAIN Iter 208: loss = 0.001499,	Top-1 err = 70.410000,	Top-5 err = 43.030000,	train_time = 2.640923
TRAIN Iter 209: loss = 0.001455,	Top-1 err = 72.290000,	Top-5 err = 45.100000,	train_time = 2.548400
TRAIN Iter 210: loss = 0.001472,	Top-1 err = 71.690000,	Top-5 err = 44.810000,	train_time = 2.507228
TRAIN Iter 211: loss = 0.001463,	Top-1 err = 70.890000,	Top-5 err = 42.920000,	train_time = 2.566419
TRAIN Iter 212: loss = 0.001471,	Top-1 err = 71.380000,	Top-5 err = 43.980000,	train_time = 2.437486
TRAIN Iter 213: loss = 0.001457,	Top-1 err = 71.730000,	Top-5 err = 44.560000,	train_time = 2.545876
TRAIN Iter 214: loss = 0.001468,	Top-1 err = 71.060000,	Top-5 err = 43.920000,	train_time = 2.537748
TRAIN Iter 215: loss = 0.001464,	Top-1 err = 71.400000,	Top-5 err = 44.900000,	train_time = 2.584487
TRAIN Iter 216: loss = 0.001425,	Top-1 err = 71.180000,	Top-5 err = 43.620000,	train_time = 2.489172
TRAIN Iter 217: loss = 0.001452,	Top-1 err = 71.800000,	Top-5 err = 44.850000,	train_time = 2.459707
TRAIN Iter 218: loss = 0.001458,	Top-1 err = 72.660000,	Top-5 err = 45.460000,	train_time = 2.515692
TRAIN Iter 219: loss = 0.001423,	Top-1 err = 70.460000,	Top-5 err = 42.480000,	train_time = 2.620771
TRAIN Iter 220: loss = 0.001446,	Top-1 err = 72.660000,	Top-5 err = 46.170000,	train_time = 2.610366
TRAIN Iter 221: loss = 0.001480,	Top-1 err = 71.520000,	Top-5 err = 44.330000,	train_time = 2.681167
TRAIN Iter 222: loss = 0.001450,	Top-1 err = 71.800000,	Top-5 err = 44.730000,	train_time = 2.592036
TRAIN Iter 223: loss = 0.001430,	Top-1 err = 72.820000,	Top-5 err = 46.410000,	train_time = 2.610446
TRAIN Iter 224: loss = 0.001442,	Top-1 err = 72.040000,	Top-5 err = 45.390000,	train_time = 2.561719
TRAIN Iter 225: loss = 0.001438,	Top-1 err = 71.160000,	Top-5 err = 44.320000,	train_time = 2.539618
TRAIN Iter 226: loss = 0.001421,	Top-1 err = 72.160000,	Top-5 err = 45.100000,	train_time = 2.616130
TRAIN Iter 227: loss = 0.001425,	Top-1 err = 70.280000,	Top-5 err = 42.600000,	train_time = 2.590646
TRAIN Iter 228: loss = 0.001427,	Top-1 err = 70.700000,	Top-5 err = 44.090000,	train_time = 2.592240
TRAIN Iter 229: loss = 0.001439,	Top-1 err = 70.990000,	Top-5 err = 43.750000,	train_time = 2.609944
TRAIN Iter 230: loss = 0.001444,	Top-1 err = 72.640000,	Top-5 err = 47.390000,	train_time = 2.614548
TRAIN Iter 231: loss = 0.001454,	Top-1 err = 72.010000,	Top-5 err = 44.920000,	train_time = 2.500466
TRAIN Iter 232: loss = 0.001379,	Top-1 err = 71.800000,	Top-5 err = 44.690000,	train_time = 2.520648
TRAIN Iter 233: loss = 0.001376,	Top-1 err = 71.420000,	Top-5 err = 44.270000,	train_time = 2.571433
TRAIN Iter 234: loss = 0.001405,	Top-1 err = 71.380000,	Top-5 err = 43.230000,	train_time = 2.488324
TRAIN Iter 235: loss = 0.001389,	Top-1 err = 71.110000,	Top-5 err = 43.320000,	train_time = 2.573575
TRAIN Iter 236: loss = 0.001437,	Top-1 err = 71.680000,	Top-5 err = 44.950000,	train_time = 2.440707
TRAIN Iter 237: loss = 0.001397,	Top-1 err = 70.220000,	Top-5 err = 42.320000,	train_time = 2.542829
TRAIN Iter 238: loss = 0.001424,	Top-1 err = 71.370000,	Top-5 err = 44.280000,	train_time = 2.638880
TRAIN Iter 239: loss = 0.001410,	Top-1 err = 72.070000,	Top-5 err = 44.650000,	train_time = 2.483155
TRAIN Iter 240: loss = 0.001387,	Top-1 err = 70.380000,	Top-5 err = 42.340000,	train_time = 2.682741
TRAIN Iter 241: loss = 0.001408,	Top-1 err = 72.660000,	Top-5 err = 46.060000,	train_time = 2.521955
TRAIN Iter 242: loss = 0.001392,	Top-1 err = 71.080000,	Top-5 err = 43.490000,	train_time = 2.554434
TRAIN Iter 243: loss = 0.001359,	Top-1 err = 70.480000,	Top-5 err = 42.420000,	train_time = 2.635248
TRAIN Iter 244: loss = 0.001383,	Top-1 err = 71.250000,	Top-5 err = 44.020000,	train_time = 2.652697
TRAIN Iter 245: loss = 0.001392,	Top-1 err = 72.950000,	Top-5 err = 45.640000,	train_time = 2.644826
TRAIN Iter 246: loss = 0.001370,	Top-1 err = 70.720000,	Top-5 err = 43.500000,	train_time = 2.526065
TRAIN Iter 247: loss = 0.001372,	Top-1 err = 70.740000,	Top-5 err = 42.570000,	train_time = 2.528903
TRAIN Iter 248: loss = 0.001353,	Top-1 err = 71.150000,	Top-5 err = 43.800000,	train_time = 2.549166
TRAIN Iter 249: loss = 0.001374,	Top-1 err = 72.140000,	Top-5 err = 44.490000,	train_time = 2.603759
TEST:
Iter 249: loss = 1.670612,	Top-1 err = 42.150000,	Top-5 err = 15.420000,	val_time = 0.781311
TRAIN Iter 250: loss = 0.001363,	Top-1 err = 71.830000,	Top-5 err = 45.540000,	train_time = 2.568019
TRAIN Iter 251: loss = 0.001371,	Top-1 err = 70.080000,	Top-5 err = 42.740000,	train_time = 2.405560
TRAIN Iter 252: loss = 0.001360,	Top-1 err = 71.220000,	Top-5 err = 44.420000,	train_time = 2.684592
TRAIN Iter 253: loss = 0.001349,	Top-1 err = 71.900000,	Top-5 err = 45.270000,	train_time = 2.509914
TRAIN Iter 254: loss = 0.001360,	Top-1 err = 70.870000,	Top-5 err = 43.810000,	train_time = 2.559054
TRAIN Iter 255: loss = 0.001344,	Top-1 err = 72.270000,	Top-5 err = 44.780000,	train_time = 2.445426
TRAIN Iter 256: loss = 0.001377,	Top-1 err = 72.380000,	Top-5 err = 45.290000,	train_time = 2.585549
TRAIN Iter 257: loss = 0.001374,	Top-1 err = 71.470000,	Top-5 err = 44.180000,	train_time = 2.548785
TRAIN Iter 258: loss = 0.001372,	Top-1 err = 70.780000,	Top-5 err = 43.510000,	train_time = 2.657860
TRAIN Iter 259: loss = 0.001332,	Top-1 err = 69.250000,	Top-5 err = 42.140000,	train_time = 2.515582
TEST:
Iter 259: loss = 1.675838,	Top-1 err = 41.810000,	Top-5 err = 15.740000,	val_time = 0.799166
TRAIN Iter 260: loss = 0.001349,	Top-1 err = 72.420000,	Top-5 err = 44.930000,	train_time = 2.477133
TRAIN Iter 261: loss = 0.001378,	Top-1 err = 72.330000,	Top-5 err = 45.780000,	train_time = 2.500284
TRAIN Iter 262: loss = 0.001329,	Top-1 err = 71.570000,	Top-5 err = 45.570000,	train_time = 2.575025
TRAIN Iter 263: loss = 0.001305,	Top-1 err = 72.360000,	Top-5 err = 44.800000,	train_time = 2.632735
TRAIN Iter 264: loss = 0.001326,	Top-1 err = 72.380000,	Top-5 err = 45.120000,	train_time = 2.497964
TRAIN Iter 265: loss = 0.001330,	Top-1 err = 72.020000,	Top-5 err = 44.860000,	train_time = 2.509033
TRAIN Iter 266: loss = 0.001337,	Top-1 err = 72.260000,	Top-5 err = 45.630000,	train_time = 2.539200
TRAIN Iter 267: loss = 0.001309,	Top-1 err = 71.320000,	Top-5 err = 44.050000,	train_time = 2.479012
TRAIN Iter 268: loss = 0.001333,	Top-1 err = 72.610000,	Top-5 err = 45.460000,	train_time = 2.704917
TRAIN Iter 269: loss = 0.001333,	Top-1 err = 71.640000,	Top-5 err = 44.800000,	train_time = 2.618777
TEST:
Iter 269: loss = 1.631443,	Top-1 err = 41.320000,	Top-5 err = 15.350000,	val_time = 0.799416
TRAIN Iter 270: loss = 0.001279,	Top-1 err = 70.520000,	Top-5 err = 43.200000,	train_time = 2.413207
TRAIN Iter 271: loss = 0.001337,	Top-1 err = 73.220000,	Top-5 err = 47.050000,	train_time = 2.521603
TRAIN Iter 272: loss = 0.001310,	Top-1 err = 72.320000,	Top-5 err = 45.660000,	train_time = 2.445226
TRAIN Iter 273: loss = 0.001306,	Top-1 err = 71.290000,	Top-5 err = 44.340000,	train_time = 2.629376
TRAIN Iter 274: loss = 0.001305,	Top-1 err = 71.320000,	Top-5 err = 45.010000,	train_time = 2.519307
TRAIN Iter 275: loss = 0.001312,	Top-1 err = 70.040000,	Top-5 err = 42.160000,	train_time = 2.480280
TRAIN Iter 276: loss = 0.001305,	Top-1 err = 70.180000,	Top-5 err = 43.030000,	train_time = 2.614922
TRAIN Iter 277: loss = 0.001275,	Top-1 err = 70.840000,	Top-5 err = 44.040000,	train_time = 2.502646
TRAIN Iter 278: loss = 0.001310,	Top-1 err = 70.820000,	Top-5 err = 43.660000,	train_time = 2.561910
TRAIN Iter 279: loss = 0.001302,	Top-1 err = 71.970000,	Top-5 err = 44.330000,	train_time = 2.526675
TEST:
Iter 279: loss = 1.673393,	Top-1 err = 41.890000,	Top-5 err = 16.010000,	val_time = 0.842125
TRAIN Iter 280: loss = 0.001294,	Top-1 err = 71.170000,	Top-5 err = 44.180000,	train_time = 2.575196
TRAIN Iter 281: loss = 0.001280,	Top-1 err = 70.490000,	Top-5 err = 43.990000,	train_time = 2.665259
TRAIN Iter 282: loss = 0.001274,	Top-1 err = 70.720000,	Top-5 err = 43.150000,	train_time = 2.657219
TRAIN Iter 283: loss = 0.001302,	Top-1 err = 71.140000,	Top-5 err = 44.730000,	train_time = 2.513421
TRAIN Iter 284: loss = 0.001294,	Top-1 err = 71.330000,	Top-5 err = 44.090000,	train_time = 2.527516
TRAIN Iter 285: loss = 0.001280,	Top-1 err = 69.680000,	Top-5 err = 41.900000,	train_time = 2.661624
TRAIN Iter 286: loss = 0.001282,	Top-1 err = 72.000000,	Top-5 err = 44.850000,	train_time = 2.518933
TRAIN Iter 287: loss = 0.001311,	Top-1 err = 71.420000,	Top-5 err = 45.080000,	train_time = 2.663484
TRAIN Iter 288: loss = 0.001303,	Top-1 err = 71.280000,	Top-5 err = 43.890000,	train_time = 2.573668
TRAIN Iter 289: loss = 0.001269,	Top-1 err = 72.800000,	Top-5 err = 46.460000,	train_time = 2.508040
TEST:
Iter 289: loss = 1.640994,	Top-1 err = 41.460000,	Top-5 err = 15.540000,	val_time = 0.790042
TRAIN Iter 290: loss = 0.001261,	Top-1 err = 71.190000,	Top-5 err = 44.070000,	train_time = 2.576423
TRAIN Iter 291: loss = 0.001280,	Top-1 err = 71.000000,	Top-5 err = 43.120000,	train_time = 2.611504
TRAIN Iter 292: loss = 0.001275,	Top-1 err = 72.100000,	Top-5 err = 45.190000,	train_time = 2.579050
TRAIN Iter 293: loss = 0.001276,	Top-1 err = 71.170000,	Top-5 err = 43.480000,	train_time = 2.592390
TRAIN Iter 294: loss = 0.001250,	Top-1 err = 70.790000,	Top-5 err = 44.020000,	train_time = 2.680854
TRAIN Iter 295: loss = 0.001291,	Top-1 err = 71.830000,	Top-5 err = 45.700000,	train_time = 2.564861
TRAIN Iter 296: loss = 0.001250,	Top-1 err = 70.260000,	Top-5 err = 43.080000,	train_time = 2.553375
TRAIN Iter 297: loss = 0.001242,	Top-1 err = 71.120000,	Top-5 err = 43.850000,	train_time = 2.632817
TRAIN Iter 298: loss = 0.001260,	Top-1 err = 70.330000,	Top-5 err = 42.990000,	train_time = 2.517468
TRAIN Iter 299: loss = 0.001240,	Top-1 err = 70.800000,	Top-5 err = 43.590000,	train_time = 2.660844
TEST:
Iter 299: loss = 1.645700,	Top-1 err = 41.650000,	Top-5 err = 15.550000,	val_time = 0.743009
Train Finish! Best accuracy is 58.68@269
