/home/dvspanos/miniconda3/envs/rded/lib/python3.10/site-packages/torch/cuda/__init__.py:611: UserWarning: Can't initialize NVML
  warnings.warn("Can't initialize NVML")
=> using pytorch pre-trained teacher model 'conv3'
process data from /home/dvspanos/nikos/ca2d/artifacts/rded_sets/bench_cifar100_conv_el2nw30_ipc10
load data successfully
TRAIN Iter 0: loss = 0.019408,	Top-1 err = 97.800000,	Top-5 err = 90.600000,	train_time = 1.103138
TRAIN Iter 1: loss = 0.017727,	Top-1 err = 97.200000,	Top-5 err = 86.800000,	train_time = 0.386500
TRAIN Iter 2: loss = 0.016125,	Top-1 err = 95.000000,	Top-5 err = 83.500000,	train_time = 0.408940
TRAIN Iter 3: loss = 0.015903,	Top-1 err = 94.400000,	Top-5 err = 82.100000,	train_time = 0.391330
TRAIN Iter 4: loss = 0.014969,	Top-1 err = 95.100000,	Top-5 err = 79.900000,	train_time = 0.372040
TRAIN Iter 5: loss = 0.014338,	Top-1 err = 92.800000,	Top-5 err = 76.100000,	train_time = 0.364327
TRAIN Iter 6: loss = 0.013934,	Top-1 err = 94.100000,	Top-5 err = 79.400000,	train_time = 0.371872
TRAIN Iter 7: loss = 0.012951,	Top-1 err = 94.100000,	Top-5 err = 78.700000,	train_time = 0.407840
TRAIN Iter 8: loss = 0.012832,	Top-1 err = 93.100000,	Top-5 err = 77.000000,	train_time = 0.395511
TRAIN Iter 9: loss = 0.012898,	Top-1 err = 92.600000,	Top-5 err = 74.900000,	train_time = 0.413272
TRAIN Iter 10: loss = 0.012173,	Top-1 err = 93.200000,	Top-5 err = 74.700000,	train_time = 0.380201
TRAIN Iter 11: loss = 0.011978,	Top-1 err = 92.800000,	Top-5 err = 73.700000,	train_time = 0.397856
TRAIN Iter 12: loss = 0.011417,	Top-1 err = 89.300000,	Top-5 err = 67.700000,	train_time = 0.442593
TRAIN Iter 13: loss = 0.011298,	Top-1 err = 89.200000,	Top-5 err = 69.100000,	train_time = 0.435477
TRAIN Iter 14: loss = 0.010706,	Top-1 err = 89.800000,	Top-5 err = 69.800000,	train_time = 0.392826
TRAIN Iter 15: loss = 0.010639,	Top-1 err = 88.700000,	Top-5 err = 65.600000,	train_time = 0.422429
TRAIN Iter 16: loss = 0.010343,	Top-1 err = 89.800000,	Top-5 err = 65.300000,	train_time = 0.377525
TRAIN Iter 17: loss = 0.010066,	Top-1 err = 88.300000,	Top-5 err = 67.700000,	train_time = 0.420989
TRAIN Iter 18: loss = 0.009920,	Top-1 err = 88.700000,	Top-5 err = 67.300000,	train_time = 0.352718
TRAIN Iter 19: loss = 0.009793,	Top-1 err = 89.300000,	Top-5 err = 67.100000,	train_time = 0.371227
TRAIN Iter 20: loss = 0.009049,	Top-1 err = 88.800000,	Top-5 err = 64.300000,	train_time = 0.378468
TRAIN Iter 21: loss = 0.009229,	Top-1 err = 89.900000,	Top-5 err = 65.800000,	train_time = 0.371211
TRAIN Iter 22: loss = 0.009078,	Top-1 err = 88.700000,	Top-5 err = 65.200000,	train_time = 0.404384
TRAIN Iter 23: loss = 0.009095,	Top-1 err = 83.400000,	Top-5 err = 56.500000,	train_time = 0.376532
TRAIN Iter 24: loss = 0.008651,	Top-1 err = 89.600000,	Top-5 err = 69.300000,	train_time = 0.391103
TRAIN Iter 25: loss = 0.008632,	Top-1 err = 88.300000,	Top-5 err = 64.000000,	train_time = 0.384546
TRAIN Iter 26: loss = 0.008287,	Top-1 err = 85.600000,	Top-5 err = 59.400000,	train_time = 0.401984
TRAIN Iter 27: loss = 0.007832,	Top-1 err = 85.500000,	Top-5 err = 58.800000,	train_time = 0.396733
TRAIN Iter 28: loss = 0.007971,	Top-1 err = 86.200000,	Top-5 err = 63.400000,	train_time = 0.396691
TRAIN Iter 29: loss = 0.007911,	Top-1 err = 82.600000,	Top-5 err = 56.800000,	train_time = 0.388334
TRAIN Iter 30: loss = 0.007930,	Top-1 err = 85.200000,	Top-5 err = 63.400000,	train_time = 0.387714
TRAIN Iter 31: loss = 0.007980,	Top-1 err = 83.100000,	Top-5 err = 55.800000,	train_time = 0.426823
TRAIN Iter 32: loss = 0.007755,	Top-1 err = 85.000000,	Top-5 err = 63.000000,	train_time = 0.400523
TRAIN Iter 33: loss = 0.007398,	Top-1 err = 82.300000,	Top-5 err = 54.100000,	train_time = 0.409109
TRAIN Iter 34: loss = 0.007457,	Top-1 err = 84.600000,	Top-5 err = 58.300000,	train_time = 0.401915
TRAIN Iter 35: loss = 0.007167,	Top-1 err = 79.900000,	Top-5 err = 55.300000,	train_time = 0.365302
TRAIN Iter 36: loss = 0.006995,	Top-1 err = 81.300000,	Top-5 err = 55.100000,	train_time = 0.407640
TRAIN Iter 37: loss = 0.007186,	Top-1 err = 82.500000,	Top-5 err = 58.400000,	train_time = 0.385494
TRAIN Iter 38: loss = 0.007242,	Top-1 err = 82.800000,	Top-5 err = 55.400000,	train_time = 0.404569
TRAIN Iter 39: loss = 0.006937,	Top-1 err = 79.900000,	Top-5 err = 52.100000,	train_time = 0.403520
TRAIN Iter 40: loss = 0.006659,	Top-1 err = 81.800000,	Top-5 err = 59.700000,	train_time = 0.409310
TRAIN Iter 41: loss = 0.006689,	Top-1 err = 80.800000,	Top-5 err = 52.700000,	train_time = 0.382078
TRAIN Iter 42: loss = 0.007014,	Top-1 err = 84.800000,	Top-5 err = 57.300000,	train_time = 0.393386
TRAIN Iter 43: loss = 0.006641,	Top-1 err = 83.200000,	Top-5 err = 59.600000,	train_time = 0.383025
TRAIN Iter 44: loss = 0.006441,	Top-1 err = 82.700000,	Top-5 err = 54.800000,	train_time = 0.324564
TRAIN Iter 45: loss = 0.006383,	Top-1 err = 81.100000,	Top-5 err = 52.500000,	train_time = 0.417755
TRAIN Iter 46: loss = 0.006891,	Top-1 err = 82.800000,	Top-5 err = 55.800000,	train_time = 0.393929
TRAIN Iter 47: loss = 0.006466,	Top-1 err = 80.700000,	Top-5 err = 56.300000,	train_time = 0.399230
TRAIN Iter 48: loss = 0.006480,	Top-1 err = 81.000000,	Top-5 err = 57.400000,	train_time = 0.368953
TRAIN Iter 49: loss = 0.006601,	Top-1 err = 83.500000,	Top-5 err = 59.900000,	train_time = 0.419141
TRAIN Iter 50: loss = 0.006269,	Top-1 err = 78.300000,	Top-5 err = 51.300000,	train_time = 0.376089
TRAIN Iter 51: loss = 0.006262,	Top-1 err = 80.800000,	Top-5 err = 53.800000,	train_time = 0.378130
TRAIN Iter 52: loss = 0.006200,	Top-1 err = 81.600000,	Top-5 err = 55.900000,	train_time = 0.371826
TRAIN Iter 53: loss = 0.006157,	Top-1 err = 79.600000,	Top-5 err = 51.000000,	train_time = 0.410658
TRAIN Iter 54: loss = 0.006042,	Top-1 err = 78.200000,	Top-5 err = 49.100000,	train_time = 0.500194
TRAIN Iter 55: loss = 0.005973,	Top-1 err = 76.800000,	Top-5 err = 46.400000,	train_time = 0.370613
TRAIN Iter 56: loss = 0.006025,	Top-1 err = 80.000000,	Top-5 err = 56.500000,	train_time = 0.413294
TRAIN Iter 57: loss = 0.005931,	Top-1 err = 78.700000,	Top-5 err = 49.100000,	train_time = 0.409110
TRAIN Iter 58: loss = 0.005704,	Top-1 err = 79.900000,	Top-5 err = 52.800000,	train_time = 0.411517
TRAIN Iter 59: loss = 0.005773,	Top-1 err = 77.400000,	Top-5 err = 49.300000,	train_time = 0.382830
TRAIN Iter 60: loss = 0.005430,	Top-1 err = 77.500000,	Top-5 err = 51.000000,	train_time = 0.411228
TRAIN Iter 61: loss = 0.005576,	Top-1 err = 77.000000,	Top-5 err = 49.500000,	train_time = 0.396695
TRAIN Iter 62: loss = 0.005601,	Top-1 err = 80.000000,	Top-5 err = 52.500000,	train_time = 0.401866
TRAIN Iter 63: loss = 0.005695,	Top-1 err = 79.700000,	Top-5 err = 52.900000,	train_time = 0.411012
TRAIN Iter 64: loss = 0.005624,	Top-1 err = 79.400000,	Top-5 err = 53.200000,	train_time = 0.406421
TRAIN Iter 65: loss = 0.005608,	Top-1 err = 77.200000,	Top-5 err = 50.600000,	train_time = 0.379725
TRAIN Iter 66: loss = 0.005555,	Top-1 err = 76.700000,	Top-5 err = 50.500000,	train_time = 0.410801
TRAIN Iter 67: loss = 0.005514,	Top-1 err = 80.000000,	Top-5 err = 51.500000,	train_time = 0.412693
TRAIN Iter 68: loss = 0.005480,	Top-1 err = 81.000000,	Top-5 err = 56.800000,	train_time = 0.386173
TRAIN Iter 69: loss = 0.005720,	Top-1 err = 79.800000,	Top-5 err = 51.000000,	train_time = 0.393689
TRAIN Iter 70: loss = 0.005247,	Top-1 err = 73.600000,	Top-5 err = 44.700000,	train_time = 0.376212
TRAIN Iter 71: loss = 0.005032,	Top-1 err = 77.800000,	Top-5 err = 50.000000,	train_time = 0.390411
TRAIN Iter 72: loss = 0.005315,	Top-1 err = 76.400000,	Top-5 err = 51.100000,	train_time = 0.399976
TRAIN Iter 73: loss = 0.005515,	Top-1 err = 79.000000,	Top-5 err = 53.500000,	train_time = 0.402088
TRAIN Iter 74: loss = 0.005181,	Top-1 err = 76.700000,	Top-5 err = 47.100000,	train_time = 0.370677
TRAIN Iter 75: loss = 0.005103,	Top-1 err = 76.400000,	Top-5 err = 49.900000,	train_time = 0.412056
TRAIN Iter 76: loss = 0.005186,	Top-1 err = 73.600000,	Top-5 err = 47.500000,	train_time = 0.404865
TRAIN Iter 77: loss = 0.005229,	Top-1 err = 76.700000,	Top-5 err = 50.000000,	train_time = 0.404670
TRAIN Iter 78: loss = 0.005479,	Top-1 err = 80.300000,	Top-5 err = 52.000000,	train_time = 0.339691
TRAIN Iter 79: loss = 0.005206,	Top-1 err = 81.300000,	Top-5 err = 56.800000,	train_time = 0.406773
TRAIN Iter 80: loss = 0.005067,	Top-1 err = 75.700000,	Top-5 err = 47.100000,	train_time = 0.400886
TRAIN Iter 81: loss = 0.005023,	Top-1 err = 75.100000,	Top-5 err = 43.600000,	train_time = 0.383460
TRAIN Iter 82: loss = 0.004758,	Top-1 err = 73.700000,	Top-5 err = 44.100000,	train_time = 0.372715
TRAIN Iter 83: loss = 0.004930,	Top-1 err = 78.800000,	Top-5 err = 54.600000,	train_time = 0.386539
TRAIN Iter 84: loss = 0.004959,	Top-1 err = 79.900000,	Top-5 err = 53.900000,	train_time = 0.414915
TRAIN Iter 85: loss = 0.005212,	Top-1 err = 81.600000,	Top-5 err = 57.200000,	train_time = 0.353133
TRAIN Iter 86: loss = 0.004901,	Top-1 err = 77.600000,	Top-5 err = 50.600000,	train_time = 0.389348
TRAIN Iter 87: loss = 0.005023,	Top-1 err = 79.900000,	Top-5 err = 52.900000,	train_time = 0.357614
TRAIN Iter 88: loss = 0.005012,	Top-1 err = 77.600000,	Top-5 err = 50.900000,	train_time = 0.387068
TRAIN Iter 89: loss = 0.004962,	Top-1 err = 78.100000,	Top-5 err = 49.800000,	train_time = 0.428604
TRAIN Iter 90: loss = 0.004914,	Top-1 err = 76.500000,	Top-5 err = 48.600000,	train_time = 0.384204
TRAIN Iter 91: loss = 0.004825,	Top-1 err = 71.200000,	Top-5 err = 43.000000,	train_time = 0.394330
TRAIN Iter 92: loss = 0.004843,	Top-1 err = 75.200000,	Top-5 err = 50.300000,	train_time = 0.384782
TRAIN Iter 93: loss = 0.004869,	Top-1 err = 74.400000,	Top-5 err = 47.000000,	train_time = 0.389511
TRAIN Iter 94: loss = 0.004707,	Top-1 err = 75.200000,	Top-5 err = 47.800000,	train_time = 0.384094
TRAIN Iter 95: loss = 0.004771,	Top-1 err = 75.200000,	Top-5 err = 49.600000,	train_time = 0.386062
TRAIN Iter 96: loss = 0.004886,	Top-1 err = 77.200000,	Top-5 err = 51.500000,	train_time = 0.383423
TRAIN Iter 97: loss = 0.004670,	Top-1 err = 76.700000,	Top-5 err = 52.600000,	train_time = 0.411772
TRAIN Iter 98: loss = 0.004802,	Top-1 err = 76.200000,	Top-5 err = 47.300000,	train_time = 0.402553
TRAIN Iter 99: loss = 0.004626,	Top-1 err = 77.000000,	Top-5 err = 44.900000,	train_time = 0.366683
TRAIN Iter 100: loss = 0.004632,	Top-1 err = 74.200000,	Top-5 err = 44.300000,	train_time = 0.421101
TRAIN Iter 101: loss = 0.004738,	Top-1 err = 77.800000,	Top-5 err = 52.900000,	train_time = 0.362125
TRAIN Iter 102: loss = 0.004687,	Top-1 err = 79.300000,	Top-5 err = 51.800000,	train_time = 0.389381
TRAIN Iter 103: loss = 0.004636,	Top-1 err = 75.700000,	Top-5 err = 53.200000,	train_time = 0.392323
TRAIN Iter 104: loss = 0.004378,	Top-1 err = 74.000000,	Top-5 err = 44.100000,	train_time = 0.417886
TRAIN Iter 105: loss = 0.004430,	Top-1 err = 72.300000,	Top-5 err = 40.200000,	train_time = 0.396907
TRAIN Iter 106: loss = 0.004550,	Top-1 err = 74.900000,	Top-5 err = 50.000000,	train_time = 0.416494
TRAIN Iter 107: loss = 0.004576,	Top-1 err = 72.600000,	Top-5 err = 44.800000,	train_time = 0.404621
TRAIN Iter 108: loss = 0.004407,	Top-1 err = 77.100000,	Top-5 err = 50.200000,	train_time = 0.390598
TRAIN Iter 109: loss = 0.004580,	Top-1 err = 73.500000,	Top-5 err = 45.500000,	train_time = 0.397217
TRAIN Iter 110: loss = 0.004551,	Top-1 err = 76.000000,	Top-5 err = 49.500000,	train_time = 0.370108
TRAIN Iter 111: loss = 0.004496,	Top-1 err = 71.400000,	Top-5 err = 41.700000,	train_time = 0.372911
TRAIN Iter 112: loss = 0.004170,	Top-1 err = 69.100000,	Top-5 err = 39.500000,	train_time = 0.403991
TRAIN Iter 113: loss = 0.004333,	Top-1 err = 74.100000,	Top-5 err = 45.600000,	train_time = 0.387762
TRAIN Iter 114: loss = 0.004592,	Top-1 err = 79.600000,	Top-5 err = 54.800000,	train_time = 0.387744
TRAIN Iter 115: loss = 0.004428,	Top-1 err = 77.000000,	Top-5 err = 49.900000,	train_time = 0.379315
TRAIN Iter 116: loss = 0.004470,	Top-1 err = 79.400000,	Top-5 err = 52.300000,	train_time = 0.400039
TRAIN Iter 117: loss = 0.004432,	Top-1 err = 75.800000,	Top-5 err = 50.900000,	train_time = 0.402783
TRAIN Iter 118: loss = 0.004399,	Top-1 err = 73.100000,	Top-5 err = 45.300000,	train_time = 0.382611
TRAIN Iter 119: loss = 0.004470,	Top-1 err = 75.900000,	Top-5 err = 48.700000,	train_time = 0.393986
TRAIN Iter 120: loss = 0.004158,	Top-1 err = 73.200000,	Top-5 err = 44.400000,	train_time = 0.408052
TRAIN Iter 121: loss = 0.004139,	Top-1 err = 72.700000,	Top-5 err = 42.800000,	train_time = 0.393663
TRAIN Iter 122: loss = 0.004356,	Top-1 err = 74.800000,	Top-5 err = 47.900000,	train_time = 0.381961
TRAIN Iter 123: loss = 0.004242,	Top-1 err = 74.000000,	Top-5 err = 46.800000,	train_time = 0.394128
TRAIN Iter 124: loss = 0.004362,	Top-1 err = 70.600000,	Top-5 err = 41.400000,	train_time = 0.408689
TRAIN Iter 125: loss = 0.004336,	Top-1 err = 74.600000,	Top-5 err = 48.300000,	train_time = 0.418770
TRAIN Iter 126: loss = 0.004215,	Top-1 err = 75.200000,	Top-5 err = 45.800000,	train_time = 0.378018
TRAIN Iter 127: loss = 0.004290,	Top-1 err = 77.900000,	Top-5 err = 53.900000,	train_time = 0.393534
TRAIN Iter 128: loss = 0.004059,	Top-1 err = 73.300000,	Top-5 err = 45.300000,	train_time = 0.391890
TRAIN Iter 129: loss = 0.004351,	Top-1 err = 74.200000,	Top-5 err = 48.300000,	train_time = 0.385638
TRAIN Iter 130: loss = 0.004183,	Top-1 err = 75.700000,	Top-5 err = 47.400000,	train_time = 0.397284
TRAIN Iter 131: loss = 0.004117,	Top-1 err = 71.500000,	Top-5 err = 44.100000,	train_time = 0.406164
TRAIN Iter 132: loss = 0.004224,	Top-1 err = 79.000000,	Top-5 err = 52.100000,	train_time = 0.387330
TRAIN Iter 133: loss = 0.004039,	Top-1 err = 75.000000,	Top-5 err = 47.700000,	train_time = 0.394681
TRAIN Iter 134: loss = 0.004054,	Top-1 err = 72.800000,	Top-5 err = 44.600000,	train_time = 0.402507
TRAIN Iter 135: loss = 0.004237,	Top-1 err = 77.900000,	Top-5 err = 52.000000,	train_time = 0.388589
TRAIN Iter 136: loss = 0.003957,	Top-1 err = 74.300000,	Top-5 err = 45.500000,	train_time = 0.398641
TRAIN Iter 137: loss = 0.003995,	Top-1 err = 75.300000,	Top-5 err = 45.500000,	train_time = 0.371513
TRAIN Iter 138: loss = 0.004035,	Top-1 err = 71.200000,	Top-5 err = 42.500000,	train_time = 0.405851
TRAIN Iter 139: loss = 0.004022,	Top-1 err = 71.100000,	Top-5 err = 43.400000,	train_time = 0.407978
TRAIN Iter 140: loss = 0.003909,	Top-1 err = 75.200000,	Top-5 err = 47.900000,	train_time = 0.381976
TRAIN Iter 141: loss = 0.003970,	Top-1 err = 73.500000,	Top-5 err = 45.800000,	train_time = 0.355673
TRAIN Iter 142: loss = 0.003953,	Top-1 err = 69.300000,	Top-5 err = 43.500000,	train_time = 0.376867
TRAIN Iter 143: loss = 0.004150,	Top-1 err = 75.900000,	Top-5 err = 43.700000,	train_time = 0.399791
TRAIN Iter 144: loss = 0.003942,	Top-1 err = 74.800000,	Top-5 err = 46.900000,	train_time = 0.388554
TRAIN Iter 145: loss = 0.003908,	Top-1 err = 70.200000,	Top-5 err = 39.500000,	train_time = 0.348177
TRAIN Iter 146: loss = 0.003784,	Top-1 err = 70.600000,	Top-5 err = 39.400000,	train_time = 0.409572
TRAIN Iter 147: loss = 0.004095,	Top-1 err = 76.000000,	Top-5 err = 49.800000,	train_time = 0.379238
TRAIN Iter 148: loss = 0.003987,	Top-1 err = 69.500000,	Top-5 err = 40.700000,	train_time = 0.394022
TRAIN Iter 149: loss = 0.003944,	Top-1 err = 75.700000,	Top-5 err = 47.400000,	train_time = 0.395465
TRAIN Iter 150: loss = 0.003843,	Top-1 err = 73.800000,	Top-5 err = 46.600000,	train_time = 0.406501
TRAIN Iter 151: loss = 0.003772,	Top-1 err = 75.600000,	Top-5 err = 49.000000,	train_time = 0.367134
TRAIN Iter 152: loss = 0.003724,	Top-1 err = 68.700000,	Top-5 err = 42.500000,	train_time = 0.404207
TRAIN Iter 153: loss = 0.003897,	Top-1 err = 74.000000,	Top-5 err = 44.800000,	train_time = 0.344838
TRAIN Iter 154: loss = 0.003991,	Top-1 err = 73.700000,	Top-5 err = 47.200000,	train_time = 0.393549
TRAIN Iter 155: loss = 0.004014,	Top-1 err = 73.600000,	Top-5 err = 47.000000,	train_time = 0.423966
TRAIN Iter 156: loss = 0.003812,	Top-1 err = 71.400000,	Top-5 err = 47.400000,	train_time = 0.428032
TRAIN Iter 157: loss = 0.003843,	Top-1 err = 70.600000,	Top-5 err = 40.600000,	train_time = 0.356758
TRAIN Iter 158: loss = 0.003905,	Top-1 err = 74.900000,	Top-5 err = 46.700000,	train_time = 0.394191
TRAIN Iter 159: loss = 0.003868,	Top-1 err = 71.500000,	Top-5 err = 45.300000,	train_time = 0.394440
TRAIN Iter 160: loss = 0.003974,	Top-1 err = 73.000000,	Top-5 err = 46.300000,	train_time = 0.374096
TRAIN Iter 161: loss = 0.003733,	Top-1 err = 70.600000,	Top-5 err = 41.900000,	train_time = 0.406254
TRAIN Iter 162: loss = 0.003751,	Top-1 err = 74.700000,	Top-5 err = 49.300000,	train_time = 0.398065
TRAIN Iter 163: loss = 0.003600,	Top-1 err = 66.200000,	Top-5 err = 36.300000,	train_time = 0.421152
TRAIN Iter 164: loss = 0.003674,	Top-1 err = 70.700000,	Top-5 err = 43.500000,	train_time = 0.409112
TRAIN Iter 165: loss = 0.003668,	Top-1 err = 71.200000,	Top-5 err = 44.000000,	train_time = 0.409064
TRAIN Iter 166: loss = 0.003668,	Top-1 err = 70.800000,	Top-5 err = 42.200000,	train_time = 0.391429
TRAIN Iter 167: loss = 0.003703,	Top-1 err = 69.600000,	Top-5 err = 43.000000,	train_time = 0.373519
TRAIN Iter 168: loss = 0.003921,	Top-1 err = 73.500000,	Top-5 err = 45.600000,	train_time = 0.411428
TRAIN Iter 169: loss = 0.003784,	Top-1 err = 73.300000,	Top-5 err = 48.700000,	train_time = 0.388957
TRAIN Iter 170: loss = 0.003618,	Top-1 err = 73.700000,	Top-5 err = 49.000000,	train_time = 0.434054
TRAIN Iter 171: loss = 0.003703,	Top-1 err = 76.900000,	Top-5 err = 51.800000,	train_time = 0.380984
TRAIN Iter 172: loss = 0.003777,	Top-1 err = 73.300000,	Top-5 err = 45.800000,	train_time = 0.382143
TRAIN Iter 173: loss = 0.003805,	Top-1 err = 76.400000,	Top-5 err = 52.100000,	train_time = 0.388371
TRAIN Iter 174: loss = 0.003869,	Top-1 err = 71.300000,	Top-5 err = 44.700000,	train_time = 0.362410
TRAIN Iter 175: loss = 0.003899,	Top-1 err = 74.800000,	Top-5 err = 49.400000,	train_time = 0.381627
TRAIN Iter 176: loss = 0.003607,	Top-1 err = 73.400000,	Top-5 err = 43.000000,	train_time = 0.393966
TRAIN Iter 177: loss = 0.003751,	Top-1 err = 71.800000,	Top-5 err = 45.300000,	train_time = 0.356686
TRAIN Iter 178: loss = 0.003684,	Top-1 err = 71.100000,	Top-5 err = 46.400000,	train_time = 0.433074
TRAIN Iter 179: loss = 0.003677,	Top-1 err = 70.600000,	Top-5 err = 42.000000,	train_time = 0.407225
TRAIN Iter 180: loss = 0.003637,	Top-1 err = 74.700000,	Top-5 err = 47.800000,	train_time = 0.361674
TRAIN Iter 181: loss = 0.003702,	Top-1 err = 75.300000,	Top-5 err = 50.100000,	train_time = 0.382975
TRAIN Iter 182: loss = 0.003640,	Top-1 err = 70.700000,	Top-5 err = 44.900000,	train_time = 0.382423
TRAIN Iter 183: loss = 0.003704,	Top-1 err = 73.900000,	Top-5 err = 46.500000,	train_time = 0.412779
TRAIN Iter 184: loss = 0.003720,	Top-1 err = 77.600000,	Top-5 err = 50.600000,	train_time = 0.390062
TRAIN Iter 185: loss = 0.003946,	Top-1 err = 79.900000,	Top-5 err = 54.600000,	train_time = 0.373353
TRAIN Iter 186: loss = 0.003575,	Top-1 err = 74.000000,	Top-5 err = 45.400000,	train_time = 0.354124
TRAIN Iter 187: loss = 0.003772,	Top-1 err = 76.700000,	Top-5 err = 51.600000,	train_time = 0.387971
TRAIN Iter 188: loss = 0.003652,	Top-1 err = 76.400000,	Top-5 err = 49.300000,	train_time = 0.389128
TRAIN Iter 189: loss = 0.003602,	Top-1 err = 69.900000,	Top-5 err = 44.200000,	train_time = 0.344288
TRAIN Iter 190: loss = 0.003684,	Top-1 err = 75.200000,	Top-5 err = 51.500000,	train_time = 0.393944
TRAIN Iter 191: loss = 0.003470,	Top-1 err = 67.600000,	Top-5 err = 37.500000,	train_time = 0.372867
TRAIN Iter 192: loss = 0.003678,	Top-1 err = 74.400000,	Top-5 err = 48.500000,	train_time = 0.392066
TRAIN Iter 193: loss = 0.003590,	Top-1 err = 69.600000,	Top-5 err = 42.300000,	train_time = 0.398782
TRAIN Iter 194: loss = 0.003525,	Top-1 err = 70.500000,	Top-5 err = 41.000000,	train_time = 0.372991
TRAIN Iter 195: loss = 0.003566,	Top-1 err = 73.200000,	Top-5 err = 43.800000,	train_time = 0.402799
TRAIN Iter 196: loss = 0.003588,	Top-1 err = 72.800000,	Top-5 err = 44.500000,	train_time = 0.396509
TRAIN Iter 197: loss = 0.003562,	Top-1 err = 75.200000,	Top-5 err = 47.000000,	train_time = 0.397604
TRAIN Iter 198: loss = 0.003496,	Top-1 err = 71.600000,	Top-5 err = 41.600000,	train_time = 0.396517
TRAIN Iter 199: loss = 0.003553,	Top-1 err = 73.800000,	Top-5 err = 47.200000,	train_time = 0.383078
TRAIN Iter 200: loss = 0.003653,	Top-1 err = 69.600000,	Top-5 err = 42.600000,	train_time = 0.390732
TRAIN Iter 201: loss = 0.003395,	Top-1 err = 71.300000,	Top-5 err = 43.000000,	train_time = 0.404581
TRAIN Iter 202: loss = 0.003636,	Top-1 err = 72.400000,	Top-5 err = 44.200000,	train_time = 0.390376
TRAIN Iter 203: loss = 0.003524,	Top-1 err = 70.500000,	Top-5 err = 43.800000,	train_time = 0.393580
TRAIN Iter 204: loss = 0.003560,	Top-1 err = 71.500000,	Top-5 err = 45.100000,	train_time = 0.366130
TRAIN Iter 205: loss = 0.003580,	Top-1 err = 73.700000,	Top-5 err = 48.300000,	train_time = 0.421356
TRAIN Iter 206: loss = 0.003413,	Top-1 err = 73.200000,	Top-5 err = 45.700000,	train_time = 0.391599
TRAIN Iter 207: loss = 0.003548,	Top-1 err = 74.700000,	Top-5 err = 46.100000,	train_time = 0.439235
TRAIN Iter 208: loss = 0.003630,	Top-1 err = 70.400000,	Top-5 err = 41.900000,	train_time = 0.365780
TRAIN Iter 209: loss = 0.003629,	Top-1 err = 74.300000,	Top-5 err = 47.700000,	train_time = 0.372636
TRAIN Iter 210: loss = 0.003421,	Top-1 err = 69.100000,	Top-5 err = 42.100000,	train_time = 0.420127
TRAIN Iter 211: loss = 0.003404,	Top-1 err = 69.400000,	Top-5 err = 42.900000,	train_time = 0.386570
TRAIN Iter 212: loss = 0.003264,	Top-1 err = 66.600000,	Top-5 err = 37.000000,	train_time = 0.377204
TRAIN Iter 213: loss = 0.003461,	Top-1 err = 72.100000,	Top-5 err = 44.400000,	train_time = 0.374519
TRAIN Iter 214: loss = 0.003566,	Top-1 err = 71.400000,	Top-5 err = 43.400000,	train_time = 0.393816
TRAIN Iter 215: loss = 0.003451,	Top-1 err = 76.800000,	Top-5 err = 52.300000,	train_time = 0.395307
TRAIN Iter 216: loss = 0.003405,	Top-1 err = 71.500000,	Top-5 err = 42.800000,	train_time = 0.440999
TRAIN Iter 217: loss = 0.003416,	Top-1 err = 72.800000,	Top-5 err = 45.500000,	train_time = 0.384443
TRAIN Iter 218: loss = 0.003392,	Top-1 err = 68.100000,	Top-5 err = 39.500000,	train_time = 0.388135
TRAIN Iter 219: loss = 0.003323,	Top-1 err = 72.000000,	Top-5 err = 43.600000,	train_time = 0.404076
TRAIN Iter 220: loss = 0.003340,	Top-1 err = 73.700000,	Top-5 err = 45.200000,	train_time = 0.363026
TRAIN Iter 221: loss = 0.003322,	Top-1 err = 70.200000,	Top-5 err = 39.700000,	train_time = 0.384695
TRAIN Iter 222: loss = 0.003599,	Top-1 err = 77.200000,	Top-5 err = 50.700000,	train_time = 0.410788
TRAIN Iter 223: loss = 0.003376,	Top-1 err = 72.000000,	Top-5 err = 44.000000,	train_time = 0.378371
TRAIN Iter 224: loss = 0.003269,	Top-1 err = 69.400000,	Top-5 err = 42.600000,	train_time = 0.403553
TRAIN Iter 225: loss = 0.003340,	Top-1 err = 74.300000,	Top-5 err = 45.000000,	train_time = 0.394468
TRAIN Iter 226: loss = 0.003392,	Top-1 err = 73.500000,	Top-5 err = 46.300000,	train_time = 0.392422
TRAIN Iter 227: loss = 0.003402,	Top-1 err = 70.900000,	Top-5 err = 43.200000,	train_time = 0.330662
TRAIN Iter 228: loss = 0.003447,	Top-1 err = 71.300000,	Top-5 err = 44.000000,	train_time = 0.402719
TRAIN Iter 229: loss = 0.003258,	Top-1 err = 70.300000,	Top-5 err = 42.000000,	train_time = 0.389897
TRAIN Iter 230: loss = 0.003350,	Top-1 err = 73.400000,	Top-5 err = 47.700000,	train_time = 0.401471
TRAIN Iter 231: loss = 0.003422,	Top-1 err = 73.400000,	Top-5 err = 45.500000,	train_time = 0.395863
TRAIN Iter 232: loss = 0.003411,	Top-1 err = 74.000000,	Top-5 err = 46.600000,	train_time = 0.383534
TRAIN Iter 233: loss = 0.003272,	Top-1 err = 72.100000,	Top-5 err = 44.000000,	train_time = 0.443360
TRAIN Iter 234: loss = 0.003509,	Top-1 err = 78.800000,	Top-5 err = 52.000000,	train_time = 0.409303
TRAIN Iter 235: loss = 0.003508,	Top-1 err = 77.300000,	Top-5 err = 51.600000,	train_time = 0.412332
TRAIN Iter 236: loss = 0.003181,	Top-1 err = 71.500000,	Top-5 err = 40.500000,	train_time = 0.399380
TRAIN Iter 237: loss = 0.003289,	Top-1 err = 74.000000,	Top-5 err = 44.800000,	train_time = 0.392031
TRAIN Iter 238: loss = 0.003223,	Top-1 err = 72.300000,	Top-5 err = 47.300000,	train_time = 0.385127
TRAIN Iter 239: loss = 0.003148,	Top-1 err = 70.900000,	Top-5 err = 46.500000,	train_time = 0.401510
TRAIN Iter 240: loss = 0.003312,	Top-1 err = 69.900000,	Top-5 err = 42.600000,	train_time = 0.386244
TRAIN Iter 241: loss = 0.003283,	Top-1 err = 71.300000,	Top-5 err = 40.400000,	train_time = 0.399965
TRAIN Iter 242: loss = 0.003335,	Top-1 err = 72.500000,	Top-5 err = 46.100000,	train_time = 0.387493
TRAIN Iter 243: loss = 0.003176,	Top-1 err = 69.000000,	Top-5 err = 39.700000,	train_time = 0.421821
TRAIN Iter 244: loss = 0.003270,	Top-1 err = 73.400000,	Top-5 err = 47.300000,	train_time = 0.359170
TRAIN Iter 245: loss = 0.003198,	Top-1 err = 70.300000,	Top-5 err = 40.400000,	train_time = 0.367469
TRAIN Iter 246: loss = 0.003317,	Top-1 err = 72.600000,	Top-5 err = 45.800000,	train_time = 0.395132
TRAIN Iter 247: loss = 0.003230,	Top-1 err = 70.300000,	Top-5 err = 40.700000,	train_time = 0.387965
TRAIN Iter 248: loss = 0.003192,	Top-1 err = 72.300000,	Top-5 err = 43.500000,	train_time = 0.410395
TRAIN Iter 249: loss = 0.003191,	Top-1 err = 68.000000,	Top-5 err = 39.000000,	train_time = 0.404193
TEST:
Iter 249: loss = 1.956094,	Top-1 err = 50.800000,	Top-5 err = 20.590000,	val_time = 0.793417
TRAIN Iter 250: loss = 0.003328,	Top-1 err = 72.300000,	Top-5 err = 47.600000,	train_time = 0.381162
TRAIN Iter 251: loss = 0.003273,	Top-1 err = 73.400000,	Top-5 err = 46.100000,	train_time = 0.386843
TRAIN Iter 252: loss = 0.003223,	Top-1 err = 75.300000,	Top-5 err = 47.200000,	train_time = 0.424111
TRAIN Iter 253: loss = 0.003251,	Top-1 err = 69.100000,	Top-5 err = 42.700000,	train_time = 0.404018
TRAIN Iter 254: loss = 0.003123,	Top-1 err = 69.300000,	Top-5 err = 42.300000,	train_time = 0.346690
TRAIN Iter 255: loss = 0.003242,	Top-1 err = 76.000000,	Top-5 err = 51.600000,	train_time = 0.400057
TRAIN Iter 256: loss = 0.003104,	Top-1 err = 70.500000,	Top-5 err = 43.900000,	train_time = 0.415735
TRAIN Iter 257: loss = 0.003094,	Top-1 err = 72.100000,	Top-5 err = 42.400000,	train_time = 0.419995
TRAIN Iter 258: loss = 0.003321,	Top-1 err = 74.700000,	Top-5 err = 48.600000,	train_time = 0.390966
TRAIN Iter 259: loss = 0.003301,	Top-1 err = 72.700000,	Top-5 err = 44.200000,	train_time = 0.377855
TEST:
Iter 259: loss = 1.976621,	Top-1 err = 51.450000,	Top-5 err = 20.960000,	val_time = 0.716238
TRAIN Iter 260: loss = 0.003246,	Top-1 err = 68.500000,	Top-5 err = 39.900000,	train_time = 0.395777
TRAIN Iter 261: loss = 0.003244,	Top-1 err = 72.700000,	Top-5 err = 46.100000,	train_time = 0.404773
TRAIN Iter 262: loss = 0.003300,	Top-1 err = 75.100000,	Top-5 err = 48.200000,	train_time = 0.410948
TRAIN Iter 263: loss = 0.003209,	Top-1 err = 72.800000,	Top-5 err = 46.000000,	train_time = 0.352331
TRAIN Iter 264: loss = 0.003202,	Top-1 err = 73.600000,	Top-5 err = 44.600000,	train_time = 0.408828
TRAIN Iter 265: loss = 0.002987,	Top-1 err = 73.200000,	Top-5 err = 44.600000,	train_time = 0.392202
TRAIN Iter 266: loss = 0.003161,	Top-1 err = 71.400000,	Top-5 err = 44.900000,	train_time = 0.395613
TRAIN Iter 267: loss = 0.003009,	Top-1 err = 70.900000,	Top-5 err = 41.900000,	train_time = 0.381147
TRAIN Iter 268: loss = 0.003123,	Top-1 err = 71.800000,	Top-5 err = 43.600000,	train_time = 0.416946
TRAIN Iter 269: loss = 0.003150,	Top-1 err = 73.400000,	Top-5 err = 48.000000,	train_time = 0.355500
TEST:
Iter 269: loss = 1.974492,	Top-1 err = 51.120000,	Top-5 err = 20.730000,	val_time = 0.775598
TRAIN Iter 270: loss = 0.003009,	Top-1 err = 69.800000,	Top-5 err = 39.000000,	train_time = 0.396048
TRAIN Iter 271: loss = 0.003172,	Top-1 err = 73.500000,	Top-5 err = 48.900000,	train_time = 0.395251
TRAIN Iter 272: loss = 0.002984,	Top-1 err = 70.100000,	Top-5 err = 43.300000,	train_time = 0.410574
TRAIN Iter 273: loss = 0.003055,	Top-1 err = 70.300000,	Top-5 err = 44.900000,	train_time = 0.385161
TRAIN Iter 274: loss = 0.003014,	Top-1 err = 69.600000,	Top-5 err = 40.000000,	train_time = 0.373984
TRAIN Iter 275: loss = 0.003272,	Top-1 err = 73.500000,	Top-5 err = 45.300000,	train_time = 0.406253
TRAIN Iter 276: loss = 0.003120,	Top-1 err = 72.900000,	Top-5 err = 44.300000,	train_time = 0.383020
TRAIN Iter 277: loss = 0.003029,	Top-1 err = 70.500000,	Top-5 err = 41.600000,	train_time = 0.414549
TRAIN Iter 278: loss = 0.003037,	Top-1 err = 67.800000,	Top-5 err = 38.400000,	train_time = 0.377216
TRAIN Iter 279: loss = 0.003083,	Top-1 err = 70.800000,	Top-5 err = 44.300000,	train_time = 0.392719
TEST:
Iter 279: loss = 1.963758,	Top-1 err = 50.660000,	Top-5 err = 20.590000,	val_time = 0.780128
TRAIN Iter 280: loss = 0.003058,	Top-1 err = 73.300000,	Top-5 err = 47.000000,	train_time = 0.392854
TRAIN Iter 281: loss = 0.003004,	Top-1 err = 71.200000,	Top-5 err = 43.200000,	train_time = 0.411698
TRAIN Iter 282: loss = 0.003147,	Top-1 err = 74.600000,	Top-5 err = 50.900000,	train_time = 0.379489
TRAIN Iter 283: loss = 0.003107,	Top-1 err = 74.200000,	Top-5 err = 46.000000,	train_time = 0.378913
TRAIN Iter 284: loss = 0.002898,	Top-1 err = 70.700000,	Top-5 err = 43.300000,	train_time = 0.419173
TRAIN Iter 285: loss = 0.003062,	Top-1 err = 76.500000,	Top-5 err = 54.000000,	train_time = 0.435733
TRAIN Iter 286: loss = 0.003154,	Top-1 err = 73.900000,	Top-5 err = 48.900000,	train_time = 0.343502
TRAIN Iter 287: loss = 0.002869,	Top-1 err = 63.300000,	Top-5 err = 34.800000,	train_time = 0.390620
TRAIN Iter 288: loss = 0.003100,	Top-1 err = 72.400000,	Top-5 err = 44.100000,	train_time = 0.388422
TRAIN Iter 289: loss = 0.003069,	Top-1 err = 72.900000,	Top-5 err = 48.500000,	train_time = 0.387754
TEST:
Iter 289: loss = 1.945551,	Top-1 err = 50.260000,	Top-5 err = 20.110000,	val_time = 0.790774
TRAIN Iter 290: loss = 0.003108,	Top-1 err = 70.400000,	Top-5 err = 41.600000,	train_time = 0.404283
TRAIN Iter 291: loss = 0.003196,	Top-1 err = 76.100000,	Top-5 err = 50.000000,	train_time = 0.382648
TRAIN Iter 292: loss = 0.002969,	Top-1 err = 68.800000,	Top-5 err = 45.300000,	train_time = 0.405108
TRAIN Iter 293: loss = 0.003028,	Top-1 err = 68.900000,	Top-5 err = 44.700000,	train_time = 0.404141
TRAIN Iter 294: loss = 0.002934,	Top-1 err = 68.300000,	Top-5 err = 40.200000,	train_time = 0.400475
TRAIN Iter 295: loss = 0.002931,	Top-1 err = 73.100000,	Top-5 err = 46.400000,	train_time = 0.401874
TRAIN Iter 296: loss = 0.003078,	Top-1 err = 75.600000,	Top-5 err = 50.500000,	train_time = 0.405785
TRAIN Iter 297: loss = 0.002986,	Top-1 err = 70.000000,	Top-5 err = 47.100000,	train_time = 0.377180
TRAIN Iter 298: loss = 0.003030,	Top-1 err = 71.400000,	Top-5 err = 46.000000,	train_time = 0.388137
TRAIN Iter 299: loss = 0.002988,	Top-1 err = 73.000000,	Top-5 err = 41.800000,	train_time = 0.388984
TEST:
Iter 299: loss = 1.994160,	Top-1 err = 51.210000,	Top-5 err = 20.750000,	val_time = 0.725601
Train Finish! Best accuracy is 49.74@289
