/home/dvspanos/miniconda3/envs/rded/lib/python3.10/site-packages/torch/cuda/__init__.py:611: UserWarning: Can't initialize NVML
  warnings.warn("Can't initialize NVML")
=> using pytorch pre-trained teacher model 'conv3'
process data from /home/dvspanos/nikos/ca2d/artifacts/rded_sets/bench_cifar100_conv_rcad_ipc100
load data successfully
TRAIN Iter 0: loss = 0.016644,	Top-1 err = 95.060000,	Top-5 err = 81.520000,	train_time = 3.292528
TRAIN Iter 1: loss = 0.012233,	Top-1 err = 90.240000,	Top-5 err = 70.320000,	train_time = 2.510590
TRAIN Iter 2: loss = 0.010158,	Top-1 err = 87.570000,	Top-5 err = 64.430000,	train_time = 2.606266
TRAIN Iter 3: loss = 0.008864,	Top-1 err = 84.630000,	Top-5 err = 59.820000,	train_time = 2.493218
TRAIN Iter 4: loss = 0.007938,	Top-1 err = 83.110000,	Top-5 err = 58.700000,	train_time = 2.528022
TRAIN Iter 5: loss = 0.007351,	Top-1 err = 80.170000,	Top-5 err = 53.350000,	train_time = 2.639397
TRAIN Iter 6: loss = 0.006713,	Top-1 err = 79.980000,	Top-5 err = 54.280000,	train_time = 2.639981
TRAIN Iter 7: loss = 0.006427,	Top-1 err = 78.340000,	Top-5 err = 51.670000,	train_time = 2.553863
TRAIN Iter 8: loss = 0.006105,	Top-1 err = 77.940000,	Top-5 err = 51.710000,	train_time = 2.567886
TRAIN Iter 9: loss = 0.005815,	Top-1 err = 75.780000,	Top-5 err = 48.420000,	train_time = 2.466619
TRAIN Iter 10: loss = 0.005582,	Top-1 err = 75.870000,	Top-5 err = 48.570000,	train_time = 2.586517
TRAIN Iter 11: loss = 0.005402,	Top-1 err = 76.010000,	Top-5 err = 49.390000,	train_time = 2.531699
TRAIN Iter 12: loss = 0.005294,	Top-1 err = 74.750000,	Top-5 err = 48.400000,	train_time = 2.554738
TRAIN Iter 13: loss = 0.005117,	Top-1 err = 74.600000,	Top-5 err = 47.850000,	train_time = 2.555195
TRAIN Iter 14: loss = 0.004933,	Top-1 err = 73.360000,	Top-5 err = 46.050000,	train_time = 2.618007
TRAIN Iter 15: loss = 0.004809,	Top-1 err = 73.040000,	Top-5 err = 45.680000,	train_time = 2.487289
TRAIN Iter 16: loss = 0.004695,	Top-1 err = 72.320000,	Top-5 err = 44.730000,	train_time = 2.602106
TRAIN Iter 17: loss = 0.004639,	Top-1 err = 74.320000,	Top-5 err = 47.680000,	train_time = 2.503735
TRAIN Iter 18: loss = 0.004539,	Top-1 err = 75.100000,	Top-5 err = 49.460000,	train_time = 2.592928
TRAIN Iter 19: loss = 0.004482,	Top-1 err = 72.040000,	Top-5 err = 44.800000,	train_time = 2.587079
TRAIN Iter 20: loss = 0.004341,	Top-1 err = 71.670000,	Top-5 err = 45.100000,	train_time = 2.622506
TRAIN Iter 21: loss = 0.004311,	Top-1 err = 71.180000,	Top-5 err = 43.880000,	train_time = 2.569204
TRAIN Iter 22: loss = 0.004194,	Top-1 err = 71.960000,	Top-5 err = 45.540000,	train_time = 2.587500
TRAIN Iter 23: loss = 0.004205,	Top-1 err = 71.880000,	Top-5 err = 46.220000,	train_time = 2.575919
TRAIN Iter 24: loss = 0.004130,	Top-1 err = 70.890000,	Top-5 err = 43.820000,	train_time = 2.608800
TRAIN Iter 25: loss = 0.004059,	Top-1 err = 72.440000,	Top-5 err = 45.770000,	train_time = 2.504196
TRAIN Iter 26: loss = 0.003943,	Top-1 err = 71.210000,	Top-5 err = 44.880000,	train_time = 2.520390
TRAIN Iter 27: loss = 0.003930,	Top-1 err = 70.450000,	Top-5 err = 43.100000,	train_time = 2.611371
TRAIN Iter 28: loss = 0.003908,	Top-1 err = 71.350000,	Top-5 err = 45.650000,	train_time = 2.628462
TRAIN Iter 29: loss = 0.003816,	Top-1 err = 71.370000,	Top-5 err = 44.510000,	train_time = 2.553292
TRAIN Iter 30: loss = 0.003737,	Top-1 err = 71.440000,	Top-5 err = 44.920000,	train_time = 2.513631
TRAIN Iter 31: loss = 0.003727,	Top-1 err = 70.560000,	Top-5 err = 44.570000,	train_time = 2.614118
TRAIN Iter 32: loss = 0.003674,	Top-1 err = 70.090000,	Top-5 err = 43.660000,	train_time = 2.566664
TRAIN Iter 33: loss = 0.003673,	Top-1 err = 71.450000,	Top-5 err = 45.700000,	train_time = 2.544732
TRAIN Iter 34: loss = 0.003558,	Top-1 err = 70.360000,	Top-5 err = 44.550000,	train_time = 2.627312
TRAIN Iter 35: loss = 0.003487,	Top-1 err = 70.530000,	Top-5 err = 43.240000,	train_time = 2.574036
TRAIN Iter 36: loss = 0.003449,	Top-1 err = 70.200000,	Top-5 err = 43.040000,	train_time = 2.695315
TRAIN Iter 37: loss = 0.003465,	Top-1 err = 69.690000,	Top-5 err = 43.380000,	train_time = 2.426951
TRAIN Iter 38: loss = 0.003384,	Top-1 err = 70.130000,	Top-5 err = 43.620000,	train_time = 2.499839
TRAIN Iter 39: loss = 0.003347,	Top-1 err = 70.710000,	Top-5 err = 43.830000,	train_time = 2.567437
TRAIN Iter 40: loss = 0.003306,	Top-1 err = 69.970000,	Top-5 err = 43.230000,	train_time = 2.519119
TRAIN Iter 41: loss = 0.003285,	Top-1 err = 70.480000,	Top-5 err = 45.040000,	train_time = 2.481742
TRAIN Iter 42: loss = 0.003278,	Top-1 err = 68.450000,	Top-5 err = 42.600000,	train_time = 2.533537
TRAIN Iter 43: loss = 0.003185,	Top-1 err = 69.440000,	Top-5 err = 43.750000,	train_time = 2.614648
TRAIN Iter 44: loss = 0.003177,	Top-1 err = 70.480000,	Top-5 err = 45.700000,	train_time = 2.487648
TRAIN Iter 45: loss = 0.003166,	Top-1 err = 68.720000,	Top-5 err = 42.550000,	train_time = 2.477740
TRAIN Iter 46: loss = 0.003134,	Top-1 err = 71.660000,	Top-5 err = 46.660000,	train_time = 2.580345
TRAIN Iter 47: loss = 0.003059,	Top-1 err = 68.970000,	Top-5 err = 43.450000,	train_time = 2.543761
TRAIN Iter 48: loss = 0.003072,	Top-1 err = 69.610000,	Top-5 err = 44.030000,	train_time = 2.613730
TRAIN Iter 49: loss = 0.003068,	Top-1 err = 69.440000,	Top-5 err = 44.400000,	train_time = 2.641805
TRAIN Iter 50: loss = 0.003025,	Top-1 err = 68.680000,	Top-5 err = 42.620000,	train_time = 2.643024
TRAIN Iter 51: loss = 0.002918,	Top-1 err = 68.430000,	Top-5 err = 43.000000,	train_time = 2.571857
TRAIN Iter 52: loss = 0.002922,	Top-1 err = 68.970000,	Top-5 err = 43.750000,	train_time = 2.549834
TRAIN Iter 53: loss = 0.002887,	Top-1 err = 67.920000,	Top-5 err = 41.690000,	train_time = 2.513960
TRAIN Iter 54: loss = 0.002870,	Top-1 err = 68.980000,	Top-5 err = 43.470000,	train_time = 2.574575
TRAIN Iter 55: loss = 0.002826,	Top-1 err = 68.460000,	Top-5 err = 42.350000,	train_time = 2.558888
TRAIN Iter 56: loss = 0.002836,	Top-1 err = 69.060000,	Top-5 err = 43.020000,	train_time = 2.532835
TRAIN Iter 57: loss = 0.002783,	Top-1 err = 67.660000,	Top-5 err = 42.690000,	train_time = 2.615510
TRAIN Iter 58: loss = 0.002777,	Top-1 err = 69.130000,	Top-5 err = 44.260000,	train_time = 2.528116
TRAIN Iter 59: loss = 0.002792,	Top-1 err = 67.600000,	Top-5 err = 42.000000,	train_time = 2.666842
TRAIN Iter 60: loss = 0.002718,	Top-1 err = 68.620000,	Top-5 err = 43.150000,	train_time = 2.561220
TRAIN Iter 61: loss = 0.002720,	Top-1 err = 68.850000,	Top-5 err = 43.870000,	train_time = 2.564509
TRAIN Iter 62: loss = 0.002627,	Top-1 err = 66.300000,	Top-5 err = 39.630000,	train_time = 2.541472
TRAIN Iter 63: loss = 0.002621,	Top-1 err = 66.630000,	Top-5 err = 40.130000,	train_time = 2.574245
TRAIN Iter 64: loss = 0.002576,	Top-1 err = 67.390000,	Top-5 err = 41.590000,	train_time = 2.595072
TRAIN Iter 65: loss = 0.002568,	Top-1 err = 66.430000,	Top-5 err = 39.870000,	train_time = 2.542333
TRAIN Iter 66: loss = 0.002571,	Top-1 err = 67.360000,	Top-5 err = 40.790000,	train_time = 2.548545
TRAIN Iter 67: loss = 0.002526,	Top-1 err = 68.260000,	Top-5 err = 42.260000,	train_time = 2.646673
TRAIN Iter 68: loss = 0.002546,	Top-1 err = 68.520000,	Top-5 err = 41.930000,	train_time = 2.519976
TRAIN Iter 69: loss = 0.002482,	Top-1 err = 67.980000,	Top-5 err = 41.560000,	train_time = 2.611776
TRAIN Iter 70: loss = 0.002443,	Top-1 err = 68.210000,	Top-5 err = 42.580000,	train_time = 2.539329
TRAIN Iter 71: loss = 0.002482,	Top-1 err = 66.090000,	Top-5 err = 40.730000,	train_time = 2.495904
TRAIN Iter 72: loss = 0.002511,	Top-1 err = 66.890000,	Top-5 err = 41.850000,	train_time = 2.540855
TRAIN Iter 73: loss = 0.002383,	Top-1 err = 67.210000,	Top-5 err = 41.670000,	train_time = 2.500292
TRAIN Iter 74: loss = 0.002399,	Top-1 err = 67.910000,	Top-5 err = 42.410000,	train_time = 2.666004
TRAIN Iter 75: loss = 0.002392,	Top-1 err = 66.940000,	Top-5 err = 41.490000,	train_time = 2.458208
TRAIN Iter 76: loss = 0.002413,	Top-1 err = 67.120000,	Top-5 err = 41.950000,	train_time = 2.622823
TRAIN Iter 77: loss = 0.002381,	Top-1 err = 67.380000,	Top-5 err = 41.340000,	train_time = 2.616389
TRAIN Iter 78: loss = 0.002350,	Top-1 err = 67.600000,	Top-5 err = 42.070000,	train_time = 2.452002
TRAIN Iter 79: loss = 0.002354,	Top-1 err = 66.680000,	Top-5 err = 40.870000,	train_time = 2.584743
TRAIN Iter 80: loss = 0.002348,	Top-1 err = 65.000000,	Top-5 err = 39.090000,	train_time = 2.535114
TRAIN Iter 81: loss = 0.002312,	Top-1 err = 66.050000,	Top-5 err = 41.200000,	train_time = 2.549571
TRAIN Iter 82: loss = 0.002270,	Top-1 err = 66.430000,	Top-5 err = 40.500000,	train_time = 2.541458
TRAIN Iter 83: loss = 0.002255,	Top-1 err = 66.170000,	Top-5 err = 40.290000,	train_time = 2.564158
TRAIN Iter 84: loss = 0.002286,	Top-1 err = 68.100000,	Top-5 err = 42.380000,	train_time = 2.535582
TRAIN Iter 85: loss = 0.002303,	Top-1 err = 67.750000,	Top-5 err = 42.050000,	train_time = 2.607177
TRAIN Iter 86: loss = 0.002253,	Top-1 err = 65.300000,	Top-5 err = 39.040000,	train_time = 2.511162
TRAIN Iter 87: loss = 0.002249,	Top-1 err = 67.850000,	Top-5 err = 42.660000,	train_time = 2.489717
TRAIN Iter 88: loss = 0.002214,	Top-1 err = 66.470000,	Top-5 err = 41.230000,	train_time = 2.587910
TRAIN Iter 89: loss = 0.002180,	Top-1 err = 67.690000,	Top-5 err = 41.820000,	train_time = 2.425863
TRAIN Iter 90: loss = 0.002202,	Top-1 err = 66.810000,	Top-5 err = 41.430000,	train_time = 2.611357
TRAIN Iter 91: loss = 0.002207,	Top-1 err = 67.570000,	Top-5 err = 42.400000,	train_time = 2.582299
TRAIN Iter 92: loss = 0.002154,	Top-1 err = 67.770000,	Top-5 err = 42.370000,	train_time = 2.792876
TRAIN Iter 93: loss = 0.002177,	Top-1 err = 67.050000,	Top-5 err = 43.080000,	train_time = 2.534784
TRAIN Iter 94: loss = 0.002192,	Top-1 err = 67.870000,	Top-5 err = 42.280000,	train_time = 2.604672
TRAIN Iter 95: loss = 0.002146,	Top-1 err = 65.900000,	Top-5 err = 41.440000,	train_time = 2.618385
TRAIN Iter 96: loss = 0.002160,	Top-1 err = 66.120000,	Top-5 err = 39.940000,	train_time = 2.627285
TRAIN Iter 97: loss = 0.002080,	Top-1 err = 67.730000,	Top-5 err = 43.140000,	train_time = 2.524888
TRAIN Iter 98: loss = 0.002104,	Top-1 err = 65.610000,	Top-5 err = 40.440000,	train_time = 2.576174
TRAIN Iter 99: loss = 0.002074,	Top-1 err = 67.570000,	Top-5 err = 42.770000,	train_time = 2.674166
TRAIN Iter 100: loss = 0.002103,	Top-1 err = 67.170000,	Top-5 err = 41.220000,	train_time = 2.408781
TRAIN Iter 101: loss = 0.002090,	Top-1 err = 66.120000,	Top-5 err = 41.380000,	train_time = 2.629041
TRAIN Iter 102: loss = 0.002048,	Top-1 err = 64.790000,	Top-5 err = 39.170000,	train_time = 2.456864
TRAIN Iter 103: loss = 0.002051,	Top-1 err = 66.450000,	Top-5 err = 41.190000,	train_time = 2.544809
TRAIN Iter 104: loss = 0.002022,	Top-1 err = 65.000000,	Top-5 err = 38.620000,	train_time = 2.574704
TRAIN Iter 105: loss = 0.001994,	Top-1 err = 68.680000,	Top-5 err = 42.300000,	train_time = 2.517300
TRAIN Iter 106: loss = 0.002026,	Top-1 err = 65.650000,	Top-5 err = 39.830000,	train_time = 2.590937
TRAIN Iter 107: loss = 0.002017,	Top-1 err = 64.450000,	Top-5 err = 39.180000,	train_time = 2.483827
TRAIN Iter 108: loss = 0.001993,	Top-1 err = 66.020000,	Top-5 err = 40.120000,	train_time = 2.590930
TRAIN Iter 109: loss = 0.001982,	Top-1 err = 65.520000,	Top-5 err = 40.030000,	train_time = 2.546718
TRAIN Iter 110: loss = 0.002037,	Top-1 err = 65.920000,	Top-5 err = 40.130000,	train_time = 2.575887
TRAIN Iter 111: loss = 0.001990,	Top-1 err = 66.810000,	Top-5 err = 41.270000,	train_time = 2.650997
TRAIN Iter 112: loss = 0.001991,	Top-1 err = 65.390000,	Top-5 err = 38.970000,	train_time = 2.443798
TRAIN Iter 113: loss = 0.001993,	Top-1 err = 66.320000,	Top-5 err = 39.550000,	train_time = 2.581839
TRAIN Iter 114: loss = 0.001987,	Top-1 err = 66.350000,	Top-5 err = 40.620000,	train_time = 2.496112
TRAIN Iter 115: loss = 0.001948,	Top-1 err = 67.060000,	Top-5 err = 42.370000,	train_time = 2.531317
TRAIN Iter 116: loss = 0.001918,	Top-1 err = 66.990000,	Top-5 err = 41.800000,	train_time = 2.565369
TRAIN Iter 117: loss = 0.001975,	Top-1 err = 66.050000,	Top-5 err = 40.030000,	train_time = 2.519706
TRAIN Iter 118: loss = 0.001918,	Top-1 err = 66.970000,	Top-5 err = 40.620000,	train_time = 2.574294
TRAIN Iter 119: loss = 0.001911,	Top-1 err = 67.420000,	Top-5 err = 41.660000,	train_time = 2.589355
TRAIN Iter 120: loss = 0.001922,	Top-1 err = 66.310000,	Top-5 err = 40.650000,	train_time = 2.526003
TRAIN Iter 121: loss = 0.001928,	Top-1 err = 66.440000,	Top-5 err = 41.050000,	train_time = 2.567175
TRAIN Iter 122: loss = 0.001929,	Top-1 err = 65.330000,	Top-5 err = 40.560000,	train_time = 2.642966
TRAIN Iter 123: loss = 0.001902,	Top-1 err = 67.260000,	Top-5 err = 42.140000,	train_time = 2.521561
TRAIN Iter 124: loss = 0.001888,	Top-1 err = 67.570000,	Top-5 err = 42.460000,	train_time = 2.481968
TRAIN Iter 125: loss = 0.001908,	Top-1 err = 66.810000,	Top-5 err = 41.170000,	train_time = 2.522117
TRAIN Iter 126: loss = 0.001892,	Top-1 err = 66.540000,	Top-5 err = 41.590000,	train_time = 2.551810
TRAIN Iter 127: loss = 0.001856,	Top-1 err = 67.780000,	Top-5 err = 42.890000,	train_time = 2.581969
TRAIN Iter 128: loss = 0.001895,	Top-1 err = 66.860000,	Top-5 err = 41.610000,	train_time = 2.475936
TRAIN Iter 129: loss = 0.001915,	Top-1 err = 65.400000,	Top-5 err = 40.130000,	train_time = 2.594483
TRAIN Iter 130: loss = 0.001865,	Top-1 err = 65.230000,	Top-5 err = 40.320000,	train_time = 2.645804
TRAIN Iter 131: loss = 0.001856,	Top-1 err = 67.070000,	Top-5 err = 41.390000,	train_time = 2.562520
TRAIN Iter 132: loss = 0.001844,	Top-1 err = 65.850000,	Top-5 err = 40.690000,	train_time = 2.574861
TRAIN Iter 133: loss = 0.001860,	Top-1 err = 66.890000,	Top-5 err = 41.580000,	train_time = 2.582030
TRAIN Iter 134: loss = 0.001832,	Top-1 err = 64.920000,	Top-5 err = 39.330000,	train_time = 2.563789
TRAIN Iter 135: loss = 0.001801,	Top-1 err = 64.000000,	Top-5 err = 38.550000,	train_time = 2.460208
TRAIN Iter 136: loss = 0.001825,	Top-1 err = 66.460000,	Top-5 err = 40.830000,	train_time = 2.407713
TRAIN Iter 137: loss = 0.001805,	Top-1 err = 65.450000,	Top-5 err = 39.930000,	train_time = 2.478369
TRAIN Iter 138: loss = 0.001864,	Top-1 err = 67.550000,	Top-5 err = 43.200000,	train_time = 2.561862
TRAIN Iter 139: loss = 0.001793,	Top-1 err = 66.590000,	Top-5 err = 41.600000,	train_time = 2.515910
TRAIN Iter 140: loss = 0.001849,	Top-1 err = 66.600000,	Top-5 err = 40.690000,	train_time = 2.564362
TRAIN Iter 141: loss = 0.001831,	Top-1 err = 64.940000,	Top-5 err = 40.220000,	train_time = 2.509655
TRAIN Iter 142: loss = 0.001792,	Top-1 err = 67.710000,	Top-5 err = 42.980000,	train_time = 2.687912
TRAIN Iter 143: loss = 0.001788,	Top-1 err = 66.940000,	Top-5 err = 41.580000,	train_time = 2.459797
TRAIN Iter 144: loss = 0.001780,	Top-1 err = 67.260000,	Top-5 err = 41.920000,	train_time = 2.571210
TRAIN Iter 145: loss = 0.001736,	Top-1 err = 64.890000,	Top-5 err = 39.220000,	train_time = 2.624222
TRAIN Iter 146: loss = 0.001801,	Top-1 err = 66.850000,	Top-5 err = 41.350000,	train_time = 2.547338
TRAIN Iter 147: loss = 0.001792,	Top-1 err = 67.510000,	Top-5 err = 42.620000,	train_time = 2.533582
TRAIN Iter 148: loss = 0.001790,	Top-1 err = 61.890000,	Top-5 err = 36.350000,	train_time = 2.483976
TRAIN Iter 149: loss = 0.001782,	Top-1 err = 64.240000,	Top-5 err = 38.420000,	train_time = 2.479071
TRAIN Iter 150: loss = 0.001729,	Top-1 err = 64.630000,	Top-5 err = 39.110000,	train_time = 2.464707
TRAIN Iter 151: loss = 0.001730,	Top-1 err = 64.750000,	Top-5 err = 39.730000,	train_time = 2.468840
TRAIN Iter 152: loss = 0.001769,	Top-1 err = 66.390000,	Top-5 err = 41.760000,	train_time = 2.615983
TRAIN Iter 153: loss = 0.001758,	Top-1 err = 67.770000,	Top-5 err = 42.280000,	train_time = 2.558097
TRAIN Iter 154: loss = 0.001748,	Top-1 err = 67.060000,	Top-5 err = 41.310000,	train_time = 2.413966
TRAIN Iter 155: loss = 0.001754,	Top-1 err = 66.950000,	Top-5 err = 42.010000,	train_time = 2.631959
TRAIN Iter 156: loss = 0.001716,	Top-1 err = 65.700000,	Top-5 err = 40.540000,	train_time = 2.538593
TRAIN Iter 157: loss = 0.001732,	Top-1 err = 65.700000,	Top-5 err = 40.910000,	train_time = 2.571997
TRAIN Iter 158: loss = 0.001733,	Top-1 err = 65.020000,	Top-5 err = 40.540000,	train_time = 2.591969
TRAIN Iter 159: loss = 0.001691,	Top-1 err = 65.900000,	Top-5 err = 41.150000,	train_time = 2.643127
TRAIN Iter 160: loss = 0.001699,	Top-1 err = 66.740000,	Top-5 err = 41.680000,	train_time = 2.591042
TRAIN Iter 161: loss = 0.001710,	Top-1 err = 66.840000,	Top-5 err = 41.630000,	train_time = 2.627595
TRAIN Iter 162: loss = 0.001721,	Top-1 err = 67.420000,	Top-5 err = 41.830000,	train_time = 2.534000
TRAIN Iter 163: loss = 0.001707,	Top-1 err = 65.970000,	Top-5 err = 41.120000,	train_time = 2.606716
TRAIN Iter 164: loss = 0.001710,	Top-1 err = 67.080000,	Top-5 err = 40.970000,	train_time = 2.653417
TRAIN Iter 165: loss = 0.001692,	Top-1 err = 66.820000,	Top-5 err = 42.910000,	train_time = 2.596523
TRAIN Iter 166: loss = 0.001689,	Top-1 err = 66.350000,	Top-5 err = 41.720000,	train_time = 2.598247
TRAIN Iter 167: loss = 0.001633,	Top-1 err = 66.030000,	Top-5 err = 41.530000,	train_time = 2.483630
TRAIN Iter 168: loss = 0.001697,	Top-1 err = 65.480000,	Top-5 err = 40.710000,	train_time = 2.564700
TRAIN Iter 169: loss = 0.001651,	Top-1 err = 63.680000,	Top-5 err = 39.500000,	train_time = 2.593985
TRAIN Iter 170: loss = 0.001668,	Top-1 err = 64.670000,	Top-5 err = 39.390000,	train_time = 2.533554
TRAIN Iter 171: loss = 0.001641,	Top-1 err = 65.510000,	Top-5 err = 41.260000,	train_time = 2.512968
TRAIN Iter 172: loss = 0.001637,	Top-1 err = 66.970000,	Top-5 err = 41.470000,	train_time = 2.599115
TRAIN Iter 173: loss = 0.001666,	Top-1 err = 64.380000,	Top-5 err = 38.760000,	train_time = 2.589449
TRAIN Iter 174: loss = 0.001658,	Top-1 err = 66.140000,	Top-5 err = 41.260000,	train_time = 2.512512
TRAIN Iter 175: loss = 0.001612,	Top-1 err = 63.670000,	Top-5 err = 38.600000,	train_time = 2.601188
TRAIN Iter 176: loss = 0.001672,	Top-1 err = 66.160000,	Top-5 err = 41.240000,	train_time = 2.525203
TRAIN Iter 177: loss = 0.001639,	Top-1 err = 66.530000,	Top-5 err = 41.540000,	train_time = 2.490283
TRAIN Iter 178: loss = 0.001602,	Top-1 err = 64.910000,	Top-5 err = 39.710000,	train_time = 2.503828
TRAIN Iter 179: loss = 0.001661,	Top-1 err = 65.630000,	Top-5 err = 40.140000,	train_time = 2.521686
TRAIN Iter 180: loss = 0.001604,	Top-1 err = 65.580000,	Top-5 err = 39.970000,	train_time = 2.578652
TRAIN Iter 181: loss = 0.001584,	Top-1 err = 65.150000,	Top-5 err = 40.100000,	train_time = 2.608268
TRAIN Iter 182: loss = 0.001618,	Top-1 err = 65.180000,	Top-5 err = 40.110000,	train_time = 2.528359
TRAIN Iter 183: loss = 0.001627,	Top-1 err = 65.740000,	Top-5 err = 40.440000,	train_time = 2.664514
TRAIN Iter 184: loss = 0.001632,	Top-1 err = 65.450000,	Top-5 err = 41.050000,	train_time = 2.407600
TRAIN Iter 185: loss = 0.001586,	Top-1 err = 65.370000,	Top-5 err = 39.930000,	train_time = 2.164110
TRAIN Iter 186: loss = 0.001594,	Top-1 err = 66.120000,	Top-5 err = 41.250000,	train_time = 2.535667
TRAIN Iter 187: loss = 0.001618,	Top-1 err = 65.290000,	Top-5 err = 40.100000,	train_time = 2.583254
TRAIN Iter 188: loss = 0.001599,	Top-1 err = 65.710000,	Top-5 err = 40.150000,	train_time = 2.442481
TRAIN Iter 189: loss = 0.001602,	Top-1 err = 65.250000,	Top-5 err = 40.480000,	train_time = 2.510836
TRAIN Iter 190: loss = 0.001578,	Top-1 err = 67.170000,	Top-5 err = 42.750000,	train_time = 2.593337
TRAIN Iter 191: loss = 0.001552,	Top-1 err = 65.630000,	Top-5 err = 39.480000,	train_time = 2.577045
TRAIN Iter 192: loss = 0.001596,	Top-1 err = 65.840000,	Top-5 err = 40.130000,	train_time = 2.498378
TRAIN Iter 193: loss = 0.001550,	Top-1 err = 65.910000,	Top-5 err = 41.210000,	train_time = 2.529948
TRAIN Iter 194: loss = 0.001590,	Top-1 err = 65.120000,	Top-5 err = 39.680000,	train_time = 2.470317
TRAIN Iter 195: loss = 0.001558,	Top-1 err = 67.070000,	Top-5 err = 42.880000,	train_time = 2.672346
TRAIN Iter 196: loss = 0.001534,	Top-1 err = 64.570000,	Top-5 err = 39.210000,	train_time = 2.542257
TRAIN Iter 197: loss = 0.001563,	Top-1 err = 67.240000,	Top-5 err = 41.740000,	train_time = 2.680507
TRAIN Iter 198: loss = 0.001561,	Top-1 err = 66.520000,	Top-5 err = 41.490000,	train_time = 2.493915
TRAIN Iter 199: loss = 0.001539,	Top-1 err = 65.610000,	Top-5 err = 40.120000,	train_time = 2.497540
TRAIN Iter 200: loss = 0.001542,	Top-1 err = 65.040000,	Top-5 err = 39.580000,	train_time = 2.585355
TRAIN Iter 201: loss = 0.001551,	Top-1 err = 66.920000,	Top-5 err = 42.590000,	train_time = 2.646060
TRAIN Iter 202: loss = 0.001534,	Top-1 err = 63.460000,	Top-5 err = 38.280000,	train_time = 2.540700
TRAIN Iter 203: loss = 0.001565,	Top-1 err = 65.100000,	Top-5 err = 40.010000,	train_time = 2.562658
TRAIN Iter 204: loss = 0.001550,	Top-1 err = 64.350000,	Top-5 err = 38.790000,	train_time = 2.574077
TRAIN Iter 205: loss = 0.001538,	Top-1 err = 62.730000,	Top-5 err = 37.220000,	train_time = 2.618490
TRAIN Iter 206: loss = 0.001505,	Top-1 err = 66.070000,	Top-5 err = 40.450000,	train_time = 2.555463
TRAIN Iter 207: loss = 0.001522,	Top-1 err = 66.680000,	Top-5 err = 41.380000,	train_time = 2.656898
TRAIN Iter 208: loss = 0.001551,	Top-1 err = 65.060000,	Top-5 err = 39.850000,	train_time = 2.456733
TRAIN Iter 209: loss = 0.001517,	Top-1 err = 66.200000,	Top-5 err = 41.170000,	train_time = 2.562954
TRAIN Iter 210: loss = 0.001539,	Top-1 err = 65.460000,	Top-5 err = 40.180000,	train_time = 2.500121
TRAIN Iter 211: loss = 0.001564,	Top-1 err = 64.650000,	Top-5 err = 38.880000,	train_time = 2.573308
TRAIN Iter 212: loss = 0.001507,	Top-1 err = 65.200000,	Top-5 err = 39.240000,	train_time = 2.573218
TRAIN Iter 213: loss = 0.001516,	Top-1 err = 64.970000,	Top-5 err = 40.070000,	train_time = 2.449712
TRAIN Iter 214: loss = 0.001514,	Top-1 err = 64.210000,	Top-5 err = 39.440000,	train_time = 2.641066
TRAIN Iter 215: loss = 0.001509,	Top-1 err = 65.550000,	Top-5 err = 40.290000,	train_time = 2.489288
TRAIN Iter 216: loss = 0.001501,	Top-1 err = 64.650000,	Top-5 err = 39.240000,	train_time = 2.530177
TRAIN Iter 217: loss = 0.001524,	Top-1 err = 65.800000,	Top-5 err = 40.630000,	train_time = 2.581262
TRAIN Iter 218: loss = 0.001505,	Top-1 err = 65.760000,	Top-5 err = 41.100000,	train_time = 2.497526
TRAIN Iter 219: loss = 0.001512,	Top-1 err = 63.880000,	Top-5 err = 38.050000,	train_time = 2.526862
TRAIN Iter 220: loss = 0.001501,	Top-1 err = 67.570000,	Top-5 err = 42.350000,	train_time = 2.567538
TRAIN Iter 221: loss = 0.001492,	Top-1 err = 64.630000,	Top-5 err = 39.010000,	train_time = 2.527132
TRAIN Iter 222: loss = 0.001489,	Top-1 err = 65.740000,	Top-5 err = 40.150000,	train_time = 2.486874
TRAIN Iter 223: loss = 0.001478,	Top-1 err = 66.340000,	Top-5 err = 42.350000,	train_time = 2.494826
TRAIN Iter 224: loss = 0.001496,	Top-1 err = 66.080000,	Top-5 err = 41.300000,	train_time = 2.534020
TRAIN Iter 225: loss = 0.001480,	Top-1 err = 65.700000,	Top-5 err = 40.350000,	train_time = 2.642787
TRAIN Iter 226: loss = 0.001507,	Top-1 err = 66.310000,	Top-5 err = 41.540000,	train_time = 2.490860
TRAIN Iter 227: loss = 0.001475,	Top-1 err = 63.770000,	Top-5 err = 39.030000,	train_time = 2.623775
TRAIN Iter 228: loss = 0.001466,	Top-1 err = 64.150000,	Top-5 err = 38.800000,	train_time = 2.628575
TRAIN Iter 229: loss = 0.001452,	Top-1 err = 63.430000,	Top-5 err = 38.300000,	train_time = 2.521495
TRAIN Iter 230: loss = 0.001457,	Top-1 err = 67.580000,	Top-5 err = 43.940000,	train_time = 2.505931
TRAIN Iter 231: loss = 0.001516,	Top-1 err = 65.560000,	Top-5 err = 41.180000,	train_time = 2.583847
TRAIN Iter 232: loss = 0.001440,	Top-1 err = 65.510000,	Top-5 err = 40.060000,	train_time = 2.535764
TRAIN Iter 233: loss = 0.001464,	Top-1 err = 65.630000,	Top-5 err = 39.920000,	train_time = 2.547618
TRAIN Iter 234: loss = 0.001437,	Top-1 err = 64.900000,	Top-5 err = 38.700000,	train_time = 2.390993
TRAIN Iter 235: loss = 0.001442,	Top-1 err = 64.460000,	Top-5 err = 38.660000,	train_time = 2.589895
TRAIN Iter 236: loss = 0.001453,	Top-1 err = 65.580000,	Top-5 err = 40.060000,	train_time = 2.390308
TRAIN Iter 237: loss = 0.001478,	Top-1 err = 63.680000,	Top-5 err = 37.610000,	train_time = 2.709703
TRAIN Iter 238: loss = 0.001488,	Top-1 err = 65.130000,	Top-5 err = 40.160000,	train_time = 2.535463
TRAIN Iter 239: loss = 0.001474,	Top-1 err = 65.610000,	Top-5 err = 40.410000,	train_time = 2.568115
TRAIN Iter 240: loss = 0.001433,	Top-1 err = 63.880000,	Top-5 err = 38.500000,	train_time = 2.703557
TRAIN Iter 241: loss = 0.001447,	Top-1 err = 66.060000,	Top-5 err = 41.530000,	train_time = 2.650561
TRAIN Iter 242: loss = 0.001442,	Top-1 err = 64.410000,	Top-5 err = 39.460000,	train_time = 2.500545
TRAIN Iter 243: loss = 0.001396,	Top-1 err = 63.040000,	Top-5 err = 37.820000,	train_time = 2.598234
TRAIN Iter 244: loss = 0.001431,	Top-1 err = 64.340000,	Top-5 err = 39.750000,	train_time = 2.534643
TRAIN Iter 245: loss = 0.001450,	Top-1 err = 66.660000,	Top-5 err = 42.210000,	train_time = 2.426472
TRAIN Iter 246: loss = 0.001382,	Top-1 err = 64.280000,	Top-5 err = 38.490000,	train_time = 2.575467
TRAIN Iter 247: loss = 0.001428,	Top-1 err = 64.130000,	Top-5 err = 38.410000,	train_time = 2.628885
TRAIN Iter 248: loss = 0.001431,	Top-1 err = 65.080000,	Top-5 err = 39.640000,	train_time = 2.470630
TRAIN Iter 249: loss = 0.001421,	Top-1 err = 65.210000,	Top-5 err = 40.470000,	train_time = 2.461143
TEST:
Iter 249: loss = 1.664843,	Top-1 err = 41.780000,	Top-5 err = 15.760000,	val_time = 0.781062
TRAIN Iter 250: loss = 0.001381,	Top-1 err = 65.810000,	Top-5 err = 41.030000,	train_time = 2.570672
TRAIN Iter 251: loss = 0.001425,	Top-1 err = 64.500000,	Top-5 err = 38.640000,	train_time = 2.654806
TRAIN Iter 252: loss = 0.001438,	Top-1 err = 64.750000,	Top-5 err = 40.140000,	train_time = 2.688794
TRAIN Iter 253: loss = 0.001422,	Top-1 err = 65.750000,	Top-5 err = 41.170000,	train_time = 2.486340
TRAIN Iter 254: loss = 0.001395,	Top-1 err = 64.530000,	Top-5 err = 39.550000,	train_time = 2.615008
TRAIN Iter 255: loss = 0.001401,	Top-1 err = 64.860000,	Top-5 err = 39.340000,	train_time = 2.575253
TRAIN Iter 256: loss = 0.001421,	Top-1 err = 66.290000,	Top-5 err = 40.930000,	train_time = 2.599202
TRAIN Iter 257: loss = 0.001399,	Top-1 err = 65.250000,	Top-5 err = 40.610000,	train_time = 2.502422
TRAIN Iter 258: loss = 0.001414,	Top-1 err = 64.360000,	Top-5 err = 38.940000,	train_time = 2.594562
TRAIN Iter 259: loss = 0.001394,	Top-1 err = 62.630000,	Top-5 err = 36.610000,	train_time = 2.582285
TEST:
Iter 259: loss = 1.683263,	Top-1 err = 42.130000,	Top-5 err = 15.910000,	val_time = 0.781470
TRAIN Iter 260: loss = 0.001402,	Top-1 err = 65.910000,	Top-5 err = 41.120000,	train_time = 2.695898
TRAIN Iter 261: loss = 0.001424,	Top-1 err = 65.410000,	Top-5 err = 40.860000,	train_time = 2.592771
TRAIN Iter 262: loss = 0.001420,	Top-1 err = 65.880000,	Top-5 err = 40.970000,	train_time = 2.631904
TRAIN Iter 263: loss = 0.001369,	Top-1 err = 65.030000,	Top-5 err = 39.560000,	train_time = 2.492428
TRAIN Iter 264: loss = 0.001390,	Top-1 err = 66.030000,	Top-5 err = 40.610000,	train_time = 2.710653
TRAIN Iter 265: loss = 0.001414,	Top-1 err = 66.050000,	Top-5 err = 41.320000,	train_time = 2.669426
TRAIN Iter 266: loss = 0.001388,	Top-1 err = 65.960000,	Top-5 err = 41.730000,	train_time = 2.541142
TRAIN Iter 267: loss = 0.001402,	Top-1 err = 64.770000,	Top-5 err = 39.640000,	train_time = 2.644662
TRAIN Iter 268: loss = 0.001372,	Top-1 err = 65.170000,	Top-5 err = 41.040000,	train_time = 2.571101
TRAIN Iter 269: loss = 0.001375,	Top-1 err = 65.110000,	Top-5 err = 40.120000,	train_time = 2.550453
TEST:
Iter 269: loss = 1.673250,	Top-1 err = 41.500000,	Top-5 err = 16.010000,	val_time = 0.756024
TRAIN Iter 270: loss = 0.001342,	Top-1 err = 63.690000,	Top-5 err = 38.170000,	train_time = 2.606639
TRAIN Iter 271: loss = 0.001356,	Top-1 err = 66.930000,	Top-5 err = 42.640000,	train_time = 2.395771
TRAIN Iter 272: loss = 0.001347,	Top-1 err = 66.620000,	Top-5 err = 40.630000,	train_time = 2.505134
TRAIN Iter 273: loss = 0.001381,	Top-1 err = 65.320000,	Top-5 err = 39.600000,	train_time = 2.641511
TRAIN Iter 274: loss = 0.001370,	Top-1 err = 66.060000,	Top-5 err = 41.100000,	train_time = 2.620446
TRAIN Iter 275: loss = 0.001349,	Top-1 err = 61.920000,	Top-5 err = 37.130000,	train_time = 2.492373
TRAIN Iter 276: loss = 0.001374,	Top-1 err = 64.030000,	Top-5 err = 38.760000,	train_time = 2.451517
TRAIN Iter 277: loss = 0.001375,	Top-1 err = 65.060000,	Top-5 err = 40.060000,	train_time = 2.612509
TRAIN Iter 278: loss = 0.001374,	Top-1 err = 64.560000,	Top-5 err = 39.670000,	train_time = 2.473210
TRAIN Iter 279: loss = 0.001384,	Top-1 err = 65.860000,	Top-5 err = 40.870000,	train_time = 2.657277
TEST:
Iter 279: loss = 1.641848,	Top-1 err = 41.970000,	Top-5 err = 15.840000,	val_time = 0.759578
TRAIN Iter 280: loss = 0.001371,	Top-1 err = 65.300000,	Top-5 err = 40.370000,	train_time = 2.531909
TRAIN Iter 281: loss = 0.001353,	Top-1 err = 65.330000,	Top-5 err = 40.320000,	train_time = 2.475974
TRAIN Iter 282: loss = 0.001323,	Top-1 err = 64.160000,	Top-5 err = 38.090000,	train_time = 2.542479
TRAIN Iter 283: loss = 0.001353,	Top-1 err = 65.440000,	Top-5 err = 40.540000,	train_time = 2.601270
TRAIN Iter 284: loss = 0.001347,	Top-1 err = 64.980000,	Top-5 err = 40.060000,	train_time = 2.594605
TRAIN Iter 285: loss = 0.001379,	Top-1 err = 63.990000,	Top-5 err = 38.340000,	train_time = 2.505050
TRAIN Iter 286: loss = 0.001335,	Top-1 err = 66.590000,	Top-5 err = 41.190000,	train_time = 2.618121
TRAIN Iter 287: loss = 0.001319,	Top-1 err = 64.890000,	Top-5 err = 41.000000,	train_time = 2.514306
TRAIN Iter 288: loss = 0.001315,	Top-1 err = 65.030000,	Top-5 err = 40.040000,	train_time = 2.592716
TRAIN Iter 289: loss = 0.001329,	Top-1 err = 66.380000,	Top-5 err = 41.300000,	train_time = 2.528059
TEST:
Iter 289: loss = 1.669921,	Top-1 err = 41.970000,	Top-5 err = 16.050000,	val_time = 0.752211
TRAIN Iter 290: loss = 0.001325,	Top-1 err = 64.670000,	Top-5 err = 39.400000,	train_time = 2.403221
TRAIN Iter 291: loss = 0.001359,	Top-1 err = 64.710000,	Top-5 err = 39.420000,	train_time = 2.611107
TRAIN Iter 292: loss = 0.001365,	Top-1 err = 65.080000,	Top-5 err = 40.520000,	train_time = 2.675988
TRAIN Iter 293: loss = 0.001316,	Top-1 err = 64.690000,	Top-5 err = 39.380000,	train_time = 2.589958
TRAIN Iter 294: loss = 0.001293,	Top-1 err = 65.200000,	Top-5 err = 41.080000,	train_time = 2.533716
TRAIN Iter 295: loss = 0.001320,	Top-1 err = 66.510000,	Top-5 err = 42.150000,	train_time = 2.610123
TRAIN Iter 296: loss = 0.001292,	Top-1 err = 64.730000,	Top-5 err = 39.190000,	train_time = 2.638628
TRAIN Iter 297: loss = 0.001294,	Top-1 err = 64.490000,	Top-5 err = 40.650000,	train_time = 2.589937
TRAIN Iter 298: loss = 0.001344,	Top-1 err = 64.100000,	Top-5 err = 38.580000,	train_time = 2.514656
TRAIN Iter 299: loss = 0.001283,	Top-1 err = 63.880000,	Top-5 err = 38.420000,	train_time = 2.509574
TEST:
Iter 299: loss = 1.638162,	Top-1 err = 41.460000,	Top-5 err = 15.500000,	val_time = 0.783565
Train Finish! Best accuracy is 58.54@299
