/home/dvspanos/miniconda3/envs/rded/lib/python3.10/site-packages/torch/cuda/__init__.py:611: UserWarning: Can't initialize NVML
  warnings.warn("Can't initialize NVML")
=> using pytorch pre-trained teacher model 'conv3'
process data from /home/dvspanos/nikos/ca2d/artifacts/rded_sets/cadprune_ipc10
load data successfully
TRAIN Iter 0: loss = 0.024662,	Top-1 err = 97.400000,	Top-5 err = 87.200000,	train_time = 1.114585
TRAIN Iter 1: loss = 0.022664,	Top-1 err = 91.100000,	Top-5 err = 72.000000,	train_time = 0.394931
TRAIN Iter 2: loss = 0.019699,	Top-1 err = 88.500000,	Top-5 err = 65.500000,	train_time = 0.387916
TRAIN Iter 3: loss = 0.019777,	Top-1 err = 83.500000,	Top-5 err = 62.800000,	train_time = 0.401338
TRAIN Iter 4: loss = 0.018130,	Top-1 err = 82.100000,	Top-5 err = 58.900000,	train_time = 0.386896
TRAIN Iter 5: loss = 0.017228,	Top-1 err = 79.900000,	Top-5 err = 53.400000,	train_time = 0.408699
TRAIN Iter 6: loss = 0.016619,	Top-1 err = 80.600000,	Top-5 err = 58.400000,	train_time = 0.406204
TRAIN Iter 7: loss = 0.015979,	Top-1 err = 81.500000,	Top-5 err = 55.800000,	train_time = 0.364597
TRAIN Iter 8: loss = 0.015121,	Top-1 err = 75.300000,	Top-5 err = 48.400000,	train_time = 0.380493
TRAIN Iter 9: loss = 0.014487,	Top-1 err = 72.500000,	Top-5 err = 47.400000,	train_time = 0.410596
TRAIN Iter 10: loss = 0.013275,	Top-1 err = 68.900000,	Top-5 err = 45.900000,	train_time = 0.400601
TRAIN Iter 11: loss = 0.013495,	Top-1 err = 73.700000,	Top-5 err = 49.500000,	train_time = 0.393968
TRAIN Iter 12: loss = 0.013108,	Top-1 err = 61.700000,	Top-5 err = 36.400000,	train_time = 0.403274
TRAIN Iter 13: loss = 0.012653,	Top-1 err = 64.800000,	Top-5 err = 39.500000,	train_time = 0.377060
TRAIN Iter 14: loss = 0.011850,	Top-1 err = 67.600000,	Top-5 err = 42.500000,	train_time = 0.388390
TRAIN Iter 15: loss = 0.011279,	Top-1 err = 55.200000,	Top-5 err = 27.700000,	train_time = 0.372249
TRAIN Iter 16: loss = 0.011509,	Top-1 err = 61.000000,	Top-5 err = 38.400000,	train_time = 0.391925
TRAIN Iter 17: loss = 0.010824,	Top-1 err = 62.100000,	Top-5 err = 37.900000,	train_time = 0.404171
TRAIN Iter 18: loss = 0.010918,	Top-1 err = 60.500000,	Top-5 err = 35.800000,	train_time = 0.396202
TRAIN Iter 19: loss = 0.010865,	Top-1 err = 61.200000,	Top-5 err = 39.600000,	train_time = 0.353757
TRAIN Iter 20: loss = 0.010285,	Top-1 err = 60.700000,	Top-5 err = 34.700000,	train_time = 0.383109
TRAIN Iter 21: loss = 0.010035,	Top-1 err = 57.800000,	Top-5 err = 32.800000,	train_time = 0.403448
TRAIN Iter 22: loss = 0.009672,	Top-1 err = 60.500000,	Top-5 err = 38.900000,	train_time = 0.352849
TRAIN Iter 23: loss = 0.010156,	Top-1 err = 51.400000,	Top-5 err = 26.100000,	train_time = 0.425779
TRAIN Iter 24: loss = 0.009458,	Top-1 err = 62.200000,	Top-5 err = 41.500000,	train_time = 0.403209
TRAIN Iter 25: loss = 0.009254,	Top-1 err = 54.500000,	Top-5 err = 31.400000,	train_time = 0.405078
TRAIN Iter 26: loss = 0.009267,	Top-1 err = 54.300000,	Top-5 err = 32.100000,	train_time = 0.399602
TRAIN Iter 27: loss = 0.009148,	Top-1 err = 54.500000,	Top-5 err = 32.000000,	train_time = 0.394900
TRAIN Iter 28: loss = 0.008880,	Top-1 err = 54.900000,	Top-5 err = 32.900000,	train_time = 0.397867
TRAIN Iter 29: loss = 0.008898,	Top-1 err = 44.700000,	Top-5 err = 24.300000,	train_time = 0.404643
TRAIN Iter 30: loss = 0.008580,	Top-1 err = 59.300000,	Top-5 err = 36.500000,	train_time = 0.383806
TRAIN Iter 31: loss = 0.008667,	Top-1 err = 49.600000,	Top-5 err = 27.500000,	train_time = 0.413295
TRAIN Iter 32: loss = 0.008392,	Top-1 err = 58.100000,	Top-5 err = 33.500000,	train_time = 0.367295
TRAIN Iter 33: loss = 0.008265,	Top-1 err = 43.900000,	Top-5 err = 24.300000,	train_time = 0.412369
TRAIN Iter 34: loss = 0.008185,	Top-1 err = 51.900000,	Top-5 err = 31.500000,	train_time = 0.387146
TRAIN Iter 35: loss = 0.008001,	Top-1 err = 50.900000,	Top-5 err = 27.700000,	train_time = 0.414588
TRAIN Iter 36: loss = 0.007494,	Top-1 err = 47.000000,	Top-5 err = 24.500000,	train_time = 0.403849
TRAIN Iter 37: loss = 0.007814,	Top-1 err = 51.900000,	Top-5 err = 29.100000,	train_time = 0.423706
TRAIN Iter 38: loss = 0.007673,	Top-1 err = 50.500000,	Top-5 err = 27.200000,	train_time = 0.401730
TRAIN Iter 39: loss = 0.007630,	Top-1 err = 44.800000,	Top-5 err = 21.900000,	train_time = 0.402239
TRAIN Iter 40: loss = 0.007418,	Top-1 err = 52.100000,	Top-5 err = 29.200000,	train_time = 0.396072
TRAIN Iter 41: loss = 0.007227,	Top-1 err = 46.000000,	Top-5 err = 25.200000,	train_time = 0.415749
TRAIN Iter 42: loss = 0.007713,	Top-1 err = 53.800000,	Top-5 err = 31.000000,	train_time = 0.355170
TRAIN Iter 43: loss = 0.007469,	Top-1 err = 56.800000,	Top-5 err = 33.100000,	train_time = 0.399902
TRAIN Iter 44: loss = 0.007366,	Top-1 err = 49.500000,	Top-5 err = 29.100000,	train_time = 0.417792
TRAIN Iter 45: loss = 0.007317,	Top-1 err = 48.000000,	Top-5 err = 27.600000,	train_time = 0.397576
TRAIN Iter 46: loss = 0.007248,	Top-1 err = 52.700000,	Top-5 err = 31.100000,	train_time = 0.384852
TRAIN Iter 47: loss = 0.007550,	Top-1 err = 52.800000,	Top-5 err = 30.500000,	train_time = 0.412817
TRAIN Iter 48: loss = 0.007458,	Top-1 err = 57.700000,	Top-5 err = 37.000000,	train_time = 0.403389
TRAIN Iter 49: loss = 0.006857,	Top-1 err = 55.400000,	Top-5 err = 34.100000,	train_time = 0.349597
TRAIN Iter 50: loss = 0.006781,	Top-1 err = 49.700000,	Top-5 err = 28.400000,	train_time = 0.386973
TRAIN Iter 51: loss = 0.007217,	Top-1 err = 49.100000,	Top-5 err = 26.400000,	train_time = 0.421151
TRAIN Iter 52: loss = 0.006842,	Top-1 err = 53.600000,	Top-5 err = 32.700000,	train_time = 0.387433
TRAIN Iter 53: loss = 0.006681,	Top-1 err = 45.300000,	Top-5 err = 25.300000,	train_time = 0.392380
TRAIN Iter 54: loss = 0.006535,	Top-1 err = 44.800000,	Top-5 err = 23.700000,	train_time = 0.476808
TRAIN Iter 55: loss = 0.006866,	Top-1 err = 39.700000,	Top-5 err = 19.200000,	train_time = 0.375237
TRAIN Iter 56: loss = 0.006767,	Top-1 err = 52.600000,	Top-5 err = 30.800000,	train_time = 0.401773
TRAIN Iter 57: loss = 0.006265,	Top-1 err = 41.600000,	Top-5 err = 20.800000,	train_time = 0.411904
TRAIN Iter 58: loss = 0.006330,	Top-1 err = 46.500000,	Top-5 err = 27.800000,	train_time = 0.405748
TRAIN Iter 59: loss = 0.006675,	Top-1 err = 44.900000,	Top-5 err = 24.800000,	train_time = 0.393437
TRAIN Iter 60: loss = 0.006216,	Top-1 err = 43.200000,	Top-5 err = 22.300000,	train_time = 0.386167
TRAIN Iter 61: loss = 0.006058,	Top-1 err = 43.800000,	Top-5 err = 24.000000,	train_time = 0.386210
TRAIN Iter 62: loss = 0.006311,	Top-1 err = 46.900000,	Top-5 err = 27.200000,	train_time = 0.431232
TRAIN Iter 63: loss = 0.006067,	Top-1 err = 49.300000,	Top-5 err = 27.800000,	train_time = 0.384540
TRAIN Iter 64: loss = 0.006378,	Top-1 err = 52.100000,	Top-5 err = 28.400000,	train_time = 0.406816
TRAIN Iter 65: loss = 0.006002,	Top-1 err = 46.400000,	Top-5 err = 26.700000,	train_time = 0.411866
TRAIN Iter 66: loss = 0.006050,	Top-1 err = 45.700000,	Top-5 err = 24.900000,	train_time = 0.406652
TRAIN Iter 67: loss = 0.006328,	Top-1 err = 48.100000,	Top-5 err = 28.700000,	train_time = 0.385870
TRAIN Iter 68: loss = 0.006028,	Top-1 err = 54.500000,	Top-5 err = 30.700000,	train_time = 0.385251
TRAIN Iter 69: loss = 0.006092,	Top-1 err = 50.200000,	Top-5 err = 30.000000,	train_time = 0.380323
TRAIN Iter 70: loss = 0.005990,	Top-1 err = 38.900000,	Top-5 err = 18.000000,	train_time = 0.394678
TRAIN Iter 71: loss = 0.005425,	Top-1 err = 49.300000,	Top-5 err = 27.100000,	train_time = 0.383602
TRAIN Iter 72: loss = 0.005867,	Top-1 err = 46.300000,	Top-5 err = 27.300000,	train_time = 0.338447
TRAIN Iter 73: loss = 0.005780,	Top-1 err = 53.700000,	Top-5 err = 29.500000,	train_time = 0.374091
TRAIN Iter 74: loss = 0.005616,	Top-1 err = 42.000000,	Top-5 err = 20.600000,	train_time = 0.373659
TRAIN Iter 75: loss = 0.005735,	Top-1 err = 46.100000,	Top-5 err = 27.000000,	train_time = 0.415055
TRAIN Iter 76: loss = 0.005618,	Top-1 err = 43.000000,	Top-5 err = 24.100000,	train_time = 0.389616
TRAIN Iter 77: loss = 0.005768,	Top-1 err = 49.800000,	Top-5 err = 29.600000,	train_time = 0.390208
TRAIN Iter 78: loss = 0.005824,	Top-1 err = 52.300000,	Top-5 err = 31.100000,	train_time = 0.342330
TRAIN Iter 79: loss = 0.005784,	Top-1 err = 56.800000,	Top-5 err = 35.100000,	train_time = 0.400810
TRAIN Iter 80: loss = 0.005459,	Top-1 err = 42.600000,	Top-5 err = 23.900000,	train_time = 0.387705
TRAIN Iter 81: loss = 0.005544,	Top-1 err = 40.800000,	Top-5 err = 21.400000,	train_time = 0.383112
TRAIN Iter 82: loss = 0.005293,	Top-1 err = 41.000000,	Top-5 err = 20.500000,	train_time = 0.413707
TRAIN Iter 83: loss = 0.005317,	Top-1 err = 51.700000,	Top-5 err = 30.400000,	train_time = 0.430216
TRAIN Iter 84: loss = 0.005505,	Top-1 err = 52.300000,	Top-5 err = 31.900000,	train_time = 0.401951
TRAIN Iter 85: loss = 0.005666,	Top-1 err = 55.300000,	Top-5 err = 39.400000,	train_time = 0.409390
TRAIN Iter 86: loss = 0.005589,	Top-1 err = 48.800000,	Top-5 err = 28.900000,	train_time = 0.409398
TRAIN Iter 87: loss = 0.005415,	Top-1 err = 52.000000,	Top-5 err = 32.300000,	train_time = 0.398559
TRAIN Iter 88: loss = 0.005684,	Top-1 err = 46.300000,	Top-5 err = 28.000000,	train_time = 0.384474
TRAIN Iter 89: loss = 0.005527,	Top-1 err = 50.500000,	Top-5 err = 30.700000,	train_time = 0.399683
TRAIN Iter 90: loss = 0.005320,	Top-1 err = 48.400000,	Top-5 err = 28.600000,	train_time = 0.373608
TRAIN Iter 91: loss = 0.005168,	Top-1 err = 37.400000,	Top-5 err = 16.700000,	train_time = 0.386113
TRAIN Iter 92: loss = 0.005192,	Top-1 err = 45.900000,	Top-5 err = 24.800000,	train_time = 0.404039
TRAIN Iter 93: loss = 0.005099,	Top-1 err = 40.700000,	Top-5 err = 21.700000,	train_time = 0.393449
TRAIN Iter 94: loss = 0.004953,	Top-1 err = 43.100000,	Top-5 err = 24.100000,	train_time = 0.405457
TRAIN Iter 95: loss = 0.005117,	Top-1 err = 46.600000,	Top-5 err = 27.500000,	train_time = 0.341360
TRAIN Iter 96: loss = 0.005025,	Top-1 err = 46.800000,	Top-5 err = 27.400000,	train_time = 0.357590
TRAIN Iter 97: loss = 0.005048,	Top-1 err = 50.300000,	Top-5 err = 30.500000,	train_time = 0.394620
TRAIN Iter 98: loss = 0.004872,	Top-1 err = 44.600000,	Top-5 err = 24.000000,	train_time = 0.403692
TRAIN Iter 99: loss = 0.005141,	Top-1 err = 42.100000,	Top-5 err = 24.800000,	train_time = 0.364038
TRAIN Iter 100: loss = 0.004931,	Top-1 err = 43.600000,	Top-5 err = 24.400000,	train_time = 0.406963
TRAIN Iter 101: loss = 0.005503,	Top-1 err = 52.800000,	Top-5 err = 31.400000,	train_time = 0.385155
TRAIN Iter 102: loss = 0.005088,	Top-1 err = 51.900000,	Top-5 err = 31.500000,	train_time = 0.409968
TRAIN Iter 103: loss = 0.005014,	Top-1 err = 50.300000,	Top-5 err = 31.100000,	train_time = 0.404295
TRAIN Iter 104: loss = 0.004933,	Top-1 err = 41.200000,	Top-5 err = 21.000000,	train_time = 0.416432
TRAIN Iter 105: loss = 0.004931,	Top-1 err = 37.900000,	Top-5 err = 19.100000,	train_time = 0.398846
TRAIN Iter 106: loss = 0.004967,	Top-1 err = 46.500000,	Top-5 err = 28.800000,	train_time = 0.388862
TRAIN Iter 107: loss = 0.004870,	Top-1 err = 42.100000,	Top-5 err = 23.400000,	train_time = 0.352873
TRAIN Iter 108: loss = 0.004968,	Top-1 err = 49.900000,	Top-5 err = 30.500000,	train_time = 0.401841
TRAIN Iter 109: loss = 0.004917,	Top-1 err = 42.800000,	Top-5 err = 23.200000,	train_time = 0.425539
TRAIN Iter 110: loss = 0.004941,	Top-1 err = 47.500000,	Top-5 err = 27.700000,	train_time = 0.391446
TRAIN Iter 111: loss = 0.004746,	Top-1 err = 37.100000,	Top-5 err = 17.700000,	train_time = 0.404382
TRAIN Iter 112: loss = 0.004581,	Top-1 err = 36.100000,	Top-5 err = 19.900000,	train_time = 0.404618
TRAIN Iter 113: loss = 0.004934,	Top-1 err = 45.200000,	Top-5 err = 24.400000,	train_time = 0.389226
TRAIN Iter 114: loss = 0.005152,	Top-1 err = 57.000000,	Top-5 err = 34.600000,	train_time = 0.397428
TRAIN Iter 115: loss = 0.004914,	Top-1 err = 48.900000,	Top-5 err = 28.300000,	train_time = 0.393021
TRAIN Iter 116: loss = 0.004991,	Top-1 err = 53.200000,	Top-5 err = 34.800000,	train_time = 0.385056
TRAIN Iter 117: loss = 0.004752,	Top-1 err = 48.200000,	Top-5 err = 31.600000,	train_time = 0.396894
TRAIN Iter 118: loss = 0.004639,	Top-1 err = 42.100000,	Top-5 err = 22.600000,	train_time = 0.390593
TRAIN Iter 119: loss = 0.004854,	Top-1 err = 48.600000,	Top-5 err = 26.800000,	train_time = 0.380912
TRAIN Iter 120: loss = 0.004639,	Top-1 err = 44.200000,	Top-5 err = 22.600000,	train_time = 0.396598
TRAIN Iter 121: loss = 0.004705,	Top-1 err = 39.300000,	Top-5 err = 21.100000,	train_time = 0.404176
TRAIN Iter 122: loss = 0.004768,	Top-1 err = 46.200000,	Top-5 err = 26.300000,	train_time = 0.378499
TRAIN Iter 123: loss = 0.004712,	Top-1 err = 44.900000,	Top-5 err = 26.900000,	train_time = 0.422449
TRAIN Iter 124: loss = 0.004568,	Top-1 err = 39.800000,	Top-5 err = 22.700000,	train_time = 0.407610
TRAIN Iter 125: loss = 0.004718,	Top-1 err = 46.200000,	Top-5 err = 26.700000,	train_time = 0.415480
TRAIN Iter 126: loss = 0.004677,	Top-1 err = 44.700000,	Top-5 err = 24.300000,	train_time = 0.418604
TRAIN Iter 127: loss = 0.004664,	Top-1 err = 53.900000,	Top-5 err = 34.500000,	train_time = 0.423537
TRAIN Iter 128: loss = 0.004469,	Top-1 err = 45.200000,	Top-5 err = 26.400000,	train_time = 0.417876
TRAIN Iter 129: loss = 0.004656,	Top-1 err = 49.500000,	Top-5 err = 27.500000,	train_time = 0.441616
TRAIN Iter 130: loss = 0.004565,	Top-1 err = 42.600000,	Top-5 err = 25.400000,	train_time = 0.367854
TRAIN Iter 131: loss = 0.004581,	Top-1 err = 43.500000,	Top-5 err = 25.900000,	train_time = 0.405002
TRAIN Iter 132: loss = 0.004710,	Top-1 err = 51.100000,	Top-5 err = 29.200000,	train_time = 0.393651
TRAIN Iter 133: loss = 0.004455,	Top-1 err = 48.900000,	Top-5 err = 30.400000,	train_time = 0.384113
TRAIN Iter 134: loss = 0.004445,	Top-1 err = 41.800000,	Top-5 err = 22.200000,	train_time = 0.407202
TRAIN Iter 135: loss = 0.004801,	Top-1 err = 53.000000,	Top-5 err = 34.400000,	train_time = 0.371918
TRAIN Iter 136: loss = 0.004439,	Top-1 err = 42.200000,	Top-5 err = 23.100000,	train_time = 0.416147
TRAIN Iter 137: loss = 0.004338,	Top-1 err = 46.900000,	Top-5 err = 27.300000,	train_time = 0.455530
TRAIN Iter 138: loss = 0.004489,	Top-1 err = 39.700000,	Top-5 err = 23.700000,	train_time = 0.365283
TRAIN Iter 139: loss = 0.004432,	Top-1 err = 44.000000,	Top-5 err = 24.400000,	train_time = 0.402121
TRAIN Iter 140: loss = 0.004320,	Top-1 err = 46.300000,	Top-5 err = 26.800000,	train_time = 0.400187
TRAIN Iter 141: loss = 0.004500,	Top-1 err = 43.400000,	Top-5 err = 25.200000,	train_time = 0.375063
TRAIN Iter 142: loss = 0.004281,	Top-1 err = 39.600000,	Top-5 err = 21.600000,	train_time = 0.408789
TRAIN Iter 143: loss = 0.004528,	Top-1 err = 44.100000,	Top-5 err = 24.600000,	train_time = 0.392355
TRAIN Iter 144: loss = 0.004430,	Top-1 err = 46.000000,	Top-5 err = 26.700000,	train_time = 0.430036
TRAIN Iter 145: loss = 0.004272,	Top-1 err = 37.600000,	Top-5 err = 20.900000,	train_time = 0.395524
TRAIN Iter 146: loss = 0.004315,	Top-1 err = 39.000000,	Top-5 err = 21.500000,	train_time = 0.355438
TRAIN Iter 147: loss = 0.004468,	Top-1 err = 50.300000,	Top-5 err = 31.500000,	train_time = 0.367546
TRAIN Iter 148: loss = 0.004171,	Top-1 err = 36.900000,	Top-5 err = 19.000000,	train_time = 0.362115
TRAIN Iter 149: loss = 0.004400,	Top-1 err = 44.300000,	Top-5 err = 25.300000,	train_time = 0.381977
TRAIN Iter 150: loss = 0.004333,	Top-1 err = 43.800000,	Top-5 err = 23.400000,	train_time = 0.386285
TRAIN Iter 151: loss = 0.004269,	Top-1 err = 46.400000,	Top-5 err = 26.700000,	train_time = 0.389379
TRAIN Iter 152: loss = 0.004111,	Top-1 err = 39.800000,	Top-5 err = 22.000000,	train_time = 0.386620
TRAIN Iter 153: loss = 0.004300,	Top-1 err = 46.200000,	Top-5 err = 26.800000,	train_time = 0.384196
TRAIN Iter 154: loss = 0.004168,	Top-1 err = 44.100000,	Top-5 err = 23.300000,	train_time = 0.383465
TRAIN Iter 155: loss = 0.004360,	Top-1 err = 47.400000,	Top-5 err = 26.800000,	train_time = 0.402309
TRAIN Iter 156: loss = 0.004174,	Top-1 err = 44.300000,	Top-5 err = 24.200000,	train_time = 0.399342
TRAIN Iter 157: loss = 0.004129,	Top-1 err = 38.600000,	Top-5 err = 18.300000,	train_time = 0.382535
TRAIN Iter 158: loss = 0.004353,	Top-1 err = 48.100000,	Top-5 err = 29.000000,	train_time = 0.420427
TRAIN Iter 159: loss = 0.004163,	Top-1 err = 44.400000,	Top-5 err = 27.800000,	train_time = 0.379177
TRAIN Iter 160: loss = 0.004289,	Top-1 err = 46.600000,	Top-5 err = 29.100000,	train_time = 0.411890
TRAIN Iter 161: loss = 0.004184,	Top-1 err = 42.300000,	Top-5 err = 23.100000,	train_time = 0.428334
TRAIN Iter 162: loss = 0.004338,	Top-1 err = 44.900000,	Top-5 err = 28.500000,	train_time = 0.398648
TRAIN Iter 163: loss = 0.004015,	Top-1 err = 33.000000,	Top-5 err = 16.900000,	train_time = 0.392153
TRAIN Iter 164: loss = 0.004031,	Top-1 err = 42.000000,	Top-5 err = 25.200000,	train_time = 0.361372
TRAIN Iter 165: loss = 0.004113,	Top-1 err = 41.700000,	Top-5 err = 22.700000,	train_time = 0.404803
TRAIN Iter 166: loss = 0.004035,	Top-1 err = 44.000000,	Top-5 err = 25.300000,	train_time = 0.388436
TRAIN Iter 167: loss = 0.003944,	Top-1 err = 39.000000,	Top-5 err = 22.400000,	train_time = 0.382771
TRAIN Iter 168: loss = 0.004344,	Top-1 err = 45.900000,	Top-5 err = 23.300000,	train_time = 0.401011
TRAIN Iter 169: loss = 0.004199,	Top-1 err = 49.200000,	Top-5 err = 27.500000,	train_time = 0.389320
TRAIN Iter 170: loss = 0.004004,	Top-1 err = 48.100000,	Top-5 err = 27.000000,	train_time = 0.380279
TRAIN Iter 171: loss = 0.004243,	Top-1 err = 53.500000,	Top-5 err = 34.500000,	train_time = 0.406785
TRAIN Iter 172: loss = 0.004161,	Top-1 err = 46.700000,	Top-5 err = 27.800000,	train_time = 0.378172
TRAIN Iter 173: loss = 0.004306,	Top-1 err = 50.500000,	Top-5 err = 32.600000,	train_time = 0.372075
TRAIN Iter 174: loss = 0.004249,	Top-1 err = 45.700000,	Top-5 err = 26.300000,	train_time = 0.393382
TRAIN Iter 175: loss = 0.004206,	Top-1 err = 47.600000,	Top-5 err = 29.000000,	train_time = 0.369420
TRAIN Iter 176: loss = 0.004092,	Top-1 err = 45.100000,	Top-5 err = 25.900000,	train_time = 0.416539
TRAIN Iter 177: loss = 0.004139,	Top-1 err = 44.000000,	Top-5 err = 24.600000,	train_time = 0.379294
TRAIN Iter 178: loss = 0.004111,	Top-1 err = 46.000000,	Top-5 err = 24.500000,	train_time = 0.392004
TRAIN Iter 179: loss = 0.003938,	Top-1 err = 39.900000,	Top-5 err = 23.900000,	train_time = 0.400992
TRAIN Iter 180: loss = 0.003941,	Top-1 err = 47.500000,	Top-5 err = 27.700000,	train_time = 0.368549
TRAIN Iter 181: loss = 0.004015,	Top-1 err = 49.900000,	Top-5 err = 30.600000,	train_time = 0.388075
TRAIN Iter 182: loss = 0.003892,	Top-1 err = 45.300000,	Top-5 err = 24.700000,	train_time = 0.362718
TRAIN Iter 183: loss = 0.004253,	Top-1 err = 47.500000,	Top-5 err = 26.000000,	train_time = 0.366319
TRAIN Iter 184: loss = 0.004069,	Top-1 err = 51.400000,	Top-5 err = 31.500000,	train_time = 0.384280
TRAIN Iter 185: loss = 0.004232,	Top-1 err = 56.600000,	Top-5 err = 38.800000,	train_time = 0.391490
TRAIN Iter 186: loss = 0.003996,	Top-1 err = 44.100000,	Top-5 err = 25.300000,	train_time = 0.356365
TRAIN Iter 187: loss = 0.004163,	Top-1 err = 52.000000,	Top-5 err = 33.100000,	train_time = 0.382183
TRAIN Iter 188: loss = 0.004178,	Top-1 err = 49.500000,	Top-5 err = 30.400000,	train_time = 0.380087
TRAIN Iter 189: loss = 0.004049,	Top-1 err = 40.700000,	Top-5 err = 20.200000,	train_time = 0.367980
TRAIN Iter 190: loss = 0.004121,	Top-1 err = 52.900000,	Top-5 err = 31.600000,	train_time = 0.392746
TRAIN Iter 191: loss = 0.003811,	Top-1 err = 33.500000,	Top-5 err = 16.700000,	train_time = 0.442380
TRAIN Iter 192: loss = 0.003962,	Top-1 err = 45.500000,	Top-5 err = 27.800000,	train_time = 0.399546
TRAIN Iter 193: loss = 0.003889,	Top-1 err = 42.000000,	Top-5 err = 23.000000,	train_time = 0.397721
TRAIN Iter 194: loss = 0.003735,	Top-1 err = 40.100000,	Top-5 err = 24.800000,	train_time = 0.369006
TRAIN Iter 195: loss = 0.003771,	Top-1 err = 43.600000,	Top-5 err = 21.700000,	train_time = 0.392972
TRAIN Iter 196: loss = 0.003827,	Top-1 err = 42.900000,	Top-5 err = 24.500000,	train_time = 0.404350
TRAIN Iter 197: loss = 0.003810,	Top-1 err = 44.700000,	Top-5 err = 25.300000,	train_time = 0.393136
TRAIN Iter 198: loss = 0.003766,	Top-1 err = 41.100000,	Top-5 err = 21.500000,	train_time = 0.386734
TRAIN Iter 199: loss = 0.003787,	Top-1 err = 46.700000,	Top-5 err = 27.000000,	train_time = 0.392766
TRAIN Iter 200: loss = 0.003796,	Top-1 err = 42.200000,	Top-5 err = 25.000000,	train_time = 0.388810
TRAIN Iter 201: loss = 0.003701,	Top-1 err = 42.700000,	Top-5 err = 21.700000,	train_time = 0.384223
TRAIN Iter 202: loss = 0.003978,	Top-1 err = 44.000000,	Top-5 err = 26.100000,	train_time = 0.390861
TRAIN Iter 203: loss = 0.003968,	Top-1 err = 43.400000,	Top-5 err = 26.300000,	train_time = 0.392760
TRAIN Iter 204: loss = 0.003817,	Top-1 err = 41.400000,	Top-5 err = 21.500000,	train_time = 0.414759
TRAIN Iter 205: loss = 0.003927,	Top-1 err = 47.100000,	Top-5 err = 27.600000,	train_time = 0.371176
TRAIN Iter 206: loss = 0.003799,	Top-1 err = 44.900000,	Top-5 err = 24.600000,	train_time = 0.412211
TRAIN Iter 207: loss = 0.003876,	Top-1 err = 50.200000,	Top-5 err = 27.800000,	train_time = 0.414933
TRAIN Iter 208: loss = 0.003971,	Top-1 err = 41.600000,	Top-5 err = 24.400000,	train_time = 0.407821
TRAIN Iter 209: loss = 0.003814,	Top-1 err = 47.900000,	Top-5 err = 27.000000,	train_time = 0.382973
TRAIN Iter 210: loss = 0.003802,	Top-1 err = 40.800000,	Top-5 err = 22.500000,	train_time = 0.391341
TRAIN Iter 211: loss = 0.003763,	Top-1 err = 39.700000,	Top-5 err = 23.400000,	train_time = 0.415412
TRAIN Iter 212: loss = 0.003648,	Top-1 err = 35.000000,	Top-5 err = 17.700000,	train_time = 0.375835
TRAIN Iter 213: loss = 0.003733,	Top-1 err = 44.000000,	Top-5 err = 25.800000,	train_time = 0.403091
TRAIN Iter 214: loss = 0.003678,	Top-1 err = 40.600000,	Top-5 err = 22.600000,	train_time = 0.384753
TRAIN Iter 215: loss = 0.003837,	Top-1 err = 52.300000,	Top-5 err = 31.500000,	train_time = 0.385947
TRAIN Iter 216: loss = 0.003621,	Top-1 err = 40.400000,	Top-5 err = 21.600000,	train_time = 0.374143
TRAIN Iter 217: loss = 0.003899,	Top-1 err = 45.200000,	Top-5 err = 27.900000,	train_time = 0.410660
TRAIN Iter 218: loss = 0.003558,	Top-1 err = 38.100000,	Top-5 err = 20.100000,	train_time = 0.396468
TRAIN Iter 219: loss = 0.003563,	Top-1 err = 45.400000,	Top-5 err = 22.300000,	train_time = 0.378050
TRAIN Iter 220: loss = 0.003710,	Top-1 err = 45.800000,	Top-5 err = 27.800000,	train_time = 0.399397
TRAIN Iter 221: loss = 0.003676,	Top-1 err = 40.000000,	Top-5 err = 22.200000,	train_time = 0.414837
TRAIN Iter 222: loss = 0.003888,	Top-1 err = 53.100000,	Top-5 err = 32.500000,	train_time = 0.405286
TRAIN Iter 223: loss = 0.003631,	Top-1 err = 42.600000,	Top-5 err = 25.700000,	train_time = 0.363340
TRAIN Iter 224: loss = 0.003589,	Top-1 err = 40.800000,	Top-5 err = 20.800000,	train_time = 0.422222
TRAIN Iter 225: loss = 0.003674,	Top-1 err = 47.600000,	Top-5 err = 24.800000,	train_time = 0.403051
TRAIN Iter 226: loss = 0.003770,	Top-1 err = 45.000000,	Top-5 err = 25.100000,	train_time = 0.398018
TRAIN Iter 227: loss = 0.003681,	Top-1 err = 43.600000,	Top-5 err = 23.800000,	train_time = 0.369764
TRAIN Iter 228: loss = 0.003667,	Top-1 err = 46.300000,	Top-5 err = 24.500000,	train_time = 0.370579
TRAIN Iter 229: loss = 0.003739,	Top-1 err = 41.700000,	Top-5 err = 23.700000,	train_time = 0.410750
TRAIN Iter 230: loss = 0.003745,	Top-1 err = 47.000000,	Top-5 err = 30.200000,	train_time = 0.394978
TRAIN Iter 231: loss = 0.003827,	Top-1 err = 43.600000,	Top-5 err = 23.900000,	train_time = 0.354187
TRAIN Iter 232: loss = 0.003737,	Top-1 err = 48.500000,	Top-5 err = 30.500000,	train_time = 0.406446
TRAIN Iter 233: loss = 0.003581,	Top-1 err = 43.100000,	Top-5 err = 23.900000,	train_time = 0.391193
TRAIN Iter 234: loss = 0.003754,	Top-1 err = 54.900000,	Top-5 err = 35.800000,	train_time = 0.367446
TRAIN Iter 235: loss = 0.003690,	Top-1 err = 52.600000,	Top-5 err = 33.300000,	train_time = 0.406353
TRAIN Iter 236: loss = 0.003523,	Top-1 err = 39.800000,	Top-5 err = 19.900000,	train_time = 0.411352
TRAIN Iter 237: loss = 0.003574,	Top-1 err = 45.600000,	Top-5 err = 27.100000,	train_time = 0.376283
TRAIN Iter 238: loss = 0.003579,	Top-1 err = 44.000000,	Top-5 err = 22.800000,	train_time = 0.400840
TRAIN Iter 239: loss = 0.003523,	Top-1 err = 44.000000,	Top-5 err = 26.100000,	train_time = 0.371728
TRAIN Iter 240: loss = 0.003630,	Top-1 err = 43.900000,	Top-5 err = 22.900000,	train_time = 0.389006
TRAIN Iter 241: loss = 0.003627,	Top-1 err = 42.600000,	Top-5 err = 23.400000,	train_time = 0.419299
TRAIN Iter 242: loss = 0.003468,	Top-1 err = 45.500000,	Top-5 err = 26.600000,	train_time = 0.386745
TRAIN Iter 243: loss = 0.003415,	Top-1 err = 40.200000,	Top-5 err = 17.600000,	train_time = 0.377119
TRAIN Iter 244: loss = 0.003559,	Top-1 err = 49.200000,	Top-5 err = 29.000000,	train_time = 0.408017
TRAIN Iter 245: loss = 0.003558,	Top-1 err = 42.100000,	Top-5 err = 22.500000,	train_time = 0.389466
TRAIN Iter 246: loss = 0.003510,	Top-1 err = 43.800000,	Top-5 err = 24.800000,	train_time = 0.352111
TRAIN Iter 247: loss = 0.003429,	Top-1 err = 41.400000,	Top-5 err = 22.800000,	train_time = 0.404337
TRAIN Iter 248: loss = 0.003536,	Top-1 err = 42.100000,	Top-5 err = 23.200000,	train_time = 0.405120
TRAIN Iter 249: loss = 0.003552,	Top-1 err = 38.800000,	Top-5 err = 20.500000,	train_time = 0.404909
TEST:
Iter 249: loss = 1.979529,	Top-1 err = 50.380000,	Top-5 err = 20.790000,	val_time = 0.769654
TRAIN Iter 250: loss = 0.003658,	Top-1 err = 47.200000,	Top-5 err = 30.000000,	train_time = 0.412498
TRAIN Iter 251: loss = 0.003387,	Top-1 err = 46.000000,	Top-5 err = 24.400000,	train_time = 0.406212
TRAIN Iter 252: loss = 0.003511,	Top-1 err = 48.000000,	Top-5 err = 29.300000,	train_time = 0.393956
TRAIN Iter 253: loss = 0.003422,	Top-1 err = 41.200000,	Top-5 err = 20.800000,	train_time = 0.403753
TRAIN Iter 254: loss = 0.003454,	Top-1 err = 40.200000,	Top-5 err = 21.000000,	train_time = 0.381360
TRAIN Iter 255: loss = 0.003737,	Top-1 err = 51.900000,	Top-5 err = 33.000000,	train_time = 0.424457
TRAIN Iter 256: loss = 0.003533,	Top-1 err = 42.000000,	Top-5 err = 24.000000,	train_time = 0.397426
TRAIN Iter 257: loss = 0.003433,	Top-1 err = 43.500000,	Top-5 err = 23.300000,	train_time = 0.368327
TRAIN Iter 258: loss = 0.003586,	Top-1 err = 49.400000,	Top-5 err = 30.100000,	train_time = 0.420048
TRAIN Iter 259: loss = 0.003581,	Top-1 err = 44.600000,	Top-5 err = 23.900000,	train_time = 0.398198
TEST:
Iter 259: loss = 1.989213,	Top-1 err = 50.260000,	Top-5 err = 21.140000,	val_time = 0.812841
TRAIN Iter 260: loss = 0.003537,	Top-1 err = 41.000000,	Top-5 err = 19.700000,	train_time = 0.387137
TRAIN Iter 261: loss = 0.003495,	Top-1 err = 46.700000,	Top-5 err = 28.900000,	train_time = 0.380616
TRAIN Iter 262: loss = 0.003707,	Top-1 err = 49.500000,	Top-5 err = 32.900000,	train_time = 0.413549
TRAIN Iter 263: loss = 0.003609,	Top-1 err = 45.900000,	Top-5 err = 25.500000,	train_time = 0.370932
TRAIN Iter 264: loss = 0.003508,	Top-1 err = 46.000000,	Top-5 err = 25.800000,	train_time = 0.369167
TRAIN Iter 265: loss = 0.003481,	Top-1 err = 45.200000,	Top-5 err = 24.700000,	train_time = 0.346039
TRAIN Iter 266: loss = 0.003414,	Top-1 err = 46.500000,	Top-5 err = 25.900000,	train_time = 0.404412
TRAIN Iter 267: loss = 0.003314,	Top-1 err = 35.900000,	Top-5 err = 18.100000,	train_time = 0.406953
TRAIN Iter 268: loss = 0.003402,	Top-1 err = 43.500000,	Top-5 err = 22.600000,	train_time = 0.401998
TRAIN Iter 269: loss = 0.003484,	Top-1 err = 47.900000,	Top-5 err = 26.800000,	train_time = 0.383227
TEST:
Iter 269: loss = 2.021304,	Top-1 err = 50.720000,	Top-5 err = 21.220000,	val_time = 0.846602
TRAIN Iter 270: loss = 0.003282,	Top-1 err = 38.300000,	Top-5 err = 19.900000,	train_time = 0.384844
TRAIN Iter 271: loss = 0.003457,	Top-1 err = 50.200000,	Top-5 err = 28.900000,	train_time = 0.408547
TRAIN Iter 272: loss = 0.003389,	Top-1 err = 41.300000,	Top-5 err = 23.000000,	train_time = 0.402747
TRAIN Iter 273: loss = 0.003291,	Top-1 err = 44.600000,	Top-5 err = 26.500000,	train_time = 0.383426
TRAIN Iter 274: loss = 0.003252,	Top-1 err = 38.000000,	Top-5 err = 21.000000,	train_time = 0.401971
TRAIN Iter 275: loss = 0.003408,	Top-1 err = 44.200000,	Top-5 err = 26.400000,	train_time = 0.423977
TRAIN Iter 276: loss = 0.003489,	Top-1 err = 45.900000,	Top-5 err = 25.500000,	train_time = 0.399596
TRAIN Iter 277: loss = 0.003328,	Top-1 err = 46.000000,	Top-5 err = 26.300000,	train_time = 0.409405
TRAIN Iter 278: loss = 0.003311,	Top-1 err = 41.300000,	Top-5 err = 22.600000,	train_time = 0.379911
TRAIN Iter 279: loss = 0.003413,	Top-1 err = 41.900000,	Top-5 err = 23.900000,	train_time = 0.388344
TEST:
Iter 279: loss = 1.988309,	Top-1 err = 50.490000,	Top-5 err = 20.640000,	val_time = 0.792269
TRAIN Iter 280: loss = 0.003426,	Top-1 err = 49.800000,	Top-5 err = 28.000000,	train_time = 0.345754
TRAIN Iter 281: loss = 0.003281,	Top-1 err = 44.300000,	Top-5 err = 24.900000,	train_time = 0.396151
TRAIN Iter 282: loss = 0.003381,	Top-1 err = 50.800000,	Top-5 err = 30.400000,	train_time = 0.398057
TRAIN Iter 283: loss = 0.003447,	Top-1 err = 46.500000,	Top-5 err = 26.500000,	train_time = 0.391717
TRAIN Iter 284: loss = 0.003320,	Top-1 err = 44.100000,	Top-5 err = 25.600000,	train_time = 0.373226
TRAIN Iter 285: loss = 0.003432,	Top-1 err = 56.000000,	Top-5 err = 35.800000,	train_time = 0.422723
TRAIN Iter 286: loss = 0.003549,	Top-1 err = 51.800000,	Top-5 err = 32.100000,	train_time = 0.409713
TRAIN Iter 287: loss = 0.003252,	Top-1 err = 34.000000,	Top-5 err = 15.700000,	train_time = 0.402654
TRAIN Iter 288: loss = 0.003502,	Top-1 err = 43.200000,	Top-5 err = 24.700000,	train_time = 0.392421
TRAIN Iter 289: loss = 0.003336,	Top-1 err = 48.000000,	Top-5 err = 27.200000,	train_time = 0.373352
TEST:
Iter 289: loss = 1.976705,	Top-1 err = 50.400000,	Top-5 err = 20.850000,	val_time = 0.812782
TRAIN Iter 290: loss = 0.003371,	Top-1 err = 42.000000,	Top-5 err = 23.700000,	train_time = 0.390852
TRAIN Iter 291: loss = 0.003355,	Top-1 err = 50.700000,	Top-5 err = 29.900000,	train_time = 0.391940
TRAIN Iter 292: loss = 0.003374,	Top-1 err = 44.000000,	Top-5 err = 25.600000,	train_time = 0.394492
TRAIN Iter 293: loss = 0.003259,	Top-1 err = 39.800000,	Top-5 err = 22.400000,	train_time = 0.413619
TRAIN Iter 294: loss = 0.003292,	Top-1 err = 38.100000,	Top-5 err = 20.400000,	train_time = 0.397198
TRAIN Iter 295: loss = 0.003254,	Top-1 err = 46.300000,	Top-5 err = 26.500000,	train_time = 0.383708
TRAIN Iter 296: loss = 0.003355,	Top-1 err = 52.400000,	Top-5 err = 32.100000,	train_time = 0.377992
TRAIN Iter 297: loss = 0.003388,	Top-1 err = 47.500000,	Top-5 err = 30.100000,	train_time = 0.387095
TRAIN Iter 298: loss = 0.003326,	Top-1 err = 46.900000,	Top-5 err = 28.400000,	train_time = 0.369248
TRAIN Iter 299: loss = 0.003359,	Top-1 err = 43.000000,	Top-5 err = 23.000000,	train_time = 0.358680
TEST:
Iter 299: loss = 1.991892,	Top-1 err = 50.840000,	Top-5 err = 20.520000,	val_time = 0.719305
Train Finish! Best accuracy is 49.74@259
