/home/dvspanos/miniconda3/envs/rded/lib/python3.10/site-packages/torch/cuda/__init__.py:611: UserWarning: Can't initialize NVML
  warnings.warn("Can't initialize NVML")
=> using pytorch pre-trained teacher model 'conv3'
process data from /home/dvspanos/nikos/ca2d/artifacts/sets/ca2d_ipc50
load data successfully
TRAIN Iter 0: loss = 0.016000,	Top-1 err = 93.600000,	Top-5 err = 79.000000,	train_time = 2.227804
TRAIN Iter 1: loss = 0.013442,	Top-1 err = 88.480000,	Top-5 err = 67.120000,	train_time = 1.364593
TRAIN Iter 2: loss = 0.011594,	Top-1 err = 83.520000,	Top-5 err = 59.720000,	train_time = 1.298452
TRAIN Iter 3: loss = 0.010190,	Top-1 err = 78.760000,	Top-5 err = 53.680000,	train_time = 1.414127
TRAIN Iter 4: loss = 0.009268,	Top-1 err = 73.420000,	Top-5 err = 46.900000,	train_time = 1.330826
TRAIN Iter 5: loss = 0.008602,	Top-1 err = 72.260000,	Top-5 err = 46.220000,	train_time = 1.326350
TRAIN Iter 6: loss = 0.007802,	Top-1 err = 68.380000,	Top-5 err = 42.580000,	train_time = 1.359377
TRAIN Iter 7: loss = 0.007273,	Top-1 err = 67.500000,	Top-5 err = 40.420000,	train_time = 1.268210
TRAIN Iter 8: loss = 0.006862,	Top-1 err = 63.000000,	Top-5 err = 36.620000,	train_time = 1.343843
TRAIN Iter 9: loss = 0.006526,	Top-1 err = 63.540000,	Top-5 err = 38.620000,	train_time = 1.403017
TRAIN Iter 10: loss = 0.006367,	Top-1 err = 61.860000,	Top-5 err = 37.180000,	train_time = 1.340200
TRAIN Iter 11: loss = 0.005949,	Top-1 err = 58.360000,	Top-5 err = 33.440000,	train_time = 1.355275
TRAIN Iter 12: loss = 0.005789,	Top-1 err = 59.560000,	Top-5 err = 34.080000,	train_time = 1.256710
TRAIN Iter 13: loss = 0.005720,	Top-1 err = 60.480000,	Top-5 err = 36.440000,	train_time = 1.381043
TRAIN Iter 14: loss = 0.005470,	Top-1 err = 57.240000,	Top-5 err = 34.600000,	train_time = 1.380931
TRAIN Iter 15: loss = 0.005396,	Top-1 err = 59.460000,	Top-5 err = 36.200000,	train_time = 1.386460
TRAIN Iter 16: loss = 0.005157,	Top-1 err = 58.820000,	Top-5 err = 34.740000,	train_time = 1.336845
TRAIN Iter 17: loss = 0.005109,	Top-1 err = 55.800000,	Top-5 err = 32.340000,	train_time = 1.382051
TRAIN Iter 18: loss = 0.004931,	Top-1 err = 56.400000,	Top-5 err = 33.320000,	train_time = 1.274796
TRAIN Iter 19: loss = 0.004849,	Top-1 err = 57.640000,	Top-5 err = 34.180000,	train_time = 1.296984
TRAIN Iter 20: loss = 0.004766,	Top-1 err = 58.280000,	Top-5 err = 34.520000,	train_time = 1.348508
TRAIN Iter 21: loss = 0.004710,	Top-1 err = 55.800000,	Top-5 err = 32.780000,	train_time = 1.379690
TRAIN Iter 22: loss = 0.004515,	Top-1 err = 54.060000,	Top-5 err = 31.260000,	train_time = 1.350184
TRAIN Iter 23: loss = 0.004438,	Top-1 err = 56.520000,	Top-5 err = 33.300000,	train_time = 1.405682
TRAIN Iter 24: loss = 0.004494,	Top-1 err = 55.520000,	Top-5 err = 33.520000,	train_time = 1.379084
TRAIN Iter 25: loss = 0.004324,	Top-1 err = 51.680000,	Top-5 err = 30.160000,	train_time = 1.373488
TRAIN Iter 26: loss = 0.004376,	Top-1 err = 56.080000,	Top-5 err = 33.480000,	train_time = 1.364717
TRAIN Iter 27: loss = 0.004239,	Top-1 err = 55.140000,	Top-5 err = 33.080000,	train_time = 1.373252
TRAIN Iter 28: loss = 0.004223,	Top-1 err = 50.700000,	Top-5 err = 28.920000,	train_time = 1.379139
TRAIN Iter 29: loss = 0.004254,	Top-1 err = 56.540000,	Top-5 err = 34.400000,	train_time = 1.316418
TRAIN Iter 30: loss = 0.004104,	Top-1 err = 52.480000,	Top-5 err = 30.340000,	train_time = 1.401431
TRAIN Iter 31: loss = 0.004179,	Top-1 err = 56.100000,	Top-5 err = 34.100000,	train_time = 1.362771
TRAIN Iter 32: loss = 0.004039,	Top-1 err = 55.720000,	Top-5 err = 32.520000,	train_time = 1.289177
TRAIN Iter 33: loss = 0.003916,	Top-1 err = 55.420000,	Top-5 err = 32.560000,	train_time = 1.350742
TRAIN Iter 34: loss = 0.003914,	Top-1 err = 50.540000,	Top-5 err = 28.460000,	train_time = 1.350714
TRAIN Iter 35: loss = 0.003880,	Top-1 err = 50.540000,	Top-5 err = 27.980000,	train_time = 1.379211
TRAIN Iter 36: loss = 0.003912,	Top-1 err = 51.240000,	Top-5 err = 29.280000,	train_time = 1.369057
TRAIN Iter 37: loss = 0.003804,	Top-1 err = 52.440000,	Top-5 err = 31.640000,	train_time = 1.390935
TRAIN Iter 38: loss = 0.003806,	Top-1 err = 51.380000,	Top-5 err = 31.220000,	train_time = 1.384441
TRAIN Iter 39: loss = 0.003724,	Top-1 err = 52.020000,	Top-5 err = 29.240000,	train_time = 1.304180
TRAIN Iter 40: loss = 0.003700,	Top-1 err = 53.820000,	Top-5 err = 31.320000,	train_time = 1.369584
TRAIN Iter 41: loss = 0.003581,	Top-1 err = 49.600000,	Top-5 err = 26.800000,	train_time = 1.430650
TRAIN Iter 42: loss = 0.003629,	Top-1 err = 51.720000,	Top-5 err = 30.680000,	train_time = 1.370037
TRAIN Iter 43: loss = 0.003543,	Top-1 err = 51.460000,	Top-5 err = 28.640000,	train_time = 1.312941
TRAIN Iter 44: loss = 0.003647,	Top-1 err = 52.420000,	Top-5 err = 30.140000,	train_time = 1.365239
TRAIN Iter 45: loss = 0.003686,	Top-1 err = 55.460000,	Top-5 err = 34.740000,	train_time = 1.372536
TRAIN Iter 46: loss = 0.003529,	Top-1 err = 52.140000,	Top-5 err = 30.880000,	train_time = 1.373744
TRAIN Iter 47: loss = 0.003438,	Top-1 err = 51.980000,	Top-5 err = 29.960000,	train_time = 1.324692
TRAIN Iter 48: loss = 0.003533,	Top-1 err = 54.380000,	Top-5 err = 33.620000,	train_time = 1.354589
TRAIN Iter 49: loss = 0.003551,	Top-1 err = 53.160000,	Top-5 err = 32.380000,	train_time = 1.377356
TRAIN Iter 50: loss = 0.003474,	Top-1 err = 50.260000,	Top-5 err = 29.520000,	train_time = 1.320436
TRAIN Iter 51: loss = 0.003398,	Top-1 err = 50.460000,	Top-5 err = 30.980000,	train_time = 1.303701
TRAIN Iter 52: loss = 0.003330,	Top-1 err = 45.120000,	Top-5 err = 25.400000,	train_time = 1.377021
TRAIN Iter 53: loss = 0.003349,	Top-1 err = 50.720000,	Top-5 err = 30.540000,	train_time = 1.377236
TRAIN Iter 54: loss = 0.003339,	Top-1 err = 51.900000,	Top-5 err = 30.520000,	train_time = 1.322435
TRAIN Iter 55: loss = 0.003319,	Top-1 err = 49.460000,	Top-5 err = 28.820000,	train_time = 1.355388
TRAIN Iter 56: loss = 0.003288,	Top-1 err = 50.960000,	Top-5 err = 29.560000,	train_time = 1.294781
TRAIN Iter 57: loss = 0.003299,	Top-1 err = 54.600000,	Top-5 err = 33.840000,	train_time = 1.315012
TRAIN Iter 58: loss = 0.003221,	Top-1 err = 48.780000,	Top-5 err = 27.260000,	train_time = 1.363998
TRAIN Iter 59: loss = 0.003271,	Top-1 err = 52.540000,	Top-5 err = 31.240000,	train_time = 1.343065
TRAIN Iter 60: loss = 0.003190,	Top-1 err = 49.220000,	Top-5 err = 27.740000,	train_time = 1.339194
TRAIN Iter 61: loss = 0.003214,	Top-1 err = 49.480000,	Top-5 err = 29.280000,	train_time = 1.263862
TRAIN Iter 62: loss = 0.003235,	Top-1 err = 52.900000,	Top-5 err = 32.380000,	train_time = 1.384814
TRAIN Iter 63: loss = 0.003135,	Top-1 err = 49.960000,	Top-5 err = 30.740000,	train_time = 1.453421
TRAIN Iter 64: loss = 0.003164,	Top-1 err = 47.480000,	Top-5 err = 26.440000,	train_time = 1.448169
TRAIN Iter 65: loss = 0.003134,	Top-1 err = 48.780000,	Top-5 err = 27.140000,	train_time = 1.382132
TRAIN Iter 66: loss = 0.003090,	Top-1 err = 50.420000,	Top-5 err = 30.320000,	train_time = 1.288736
TRAIN Iter 67: loss = 0.003095,	Top-1 err = 48.900000,	Top-5 err = 27.800000,	train_time = 1.393778
TRAIN Iter 68: loss = 0.003077,	Top-1 err = 49.600000,	Top-5 err = 30.220000,	train_time = 1.396344
TRAIN Iter 69: loss = 0.003000,	Top-1 err = 53.660000,	Top-5 err = 32.260000,	train_time = 1.406672
TRAIN Iter 70: loss = 0.003069,	Top-1 err = 51.460000,	Top-5 err = 29.780000,	train_time = 1.374393
TRAIN Iter 71: loss = 0.002953,	Top-1 err = 49.840000,	Top-5 err = 28.340000,	train_time = 1.322171
TRAIN Iter 72: loss = 0.003011,	Top-1 err = 48.860000,	Top-5 err = 28.300000,	train_time = 1.390173
TRAIN Iter 73: loss = 0.002896,	Top-1 err = 48.440000,	Top-5 err = 27.700000,	train_time = 1.247965
TRAIN Iter 74: loss = 0.002941,	Top-1 err = 49.660000,	Top-5 err = 28.980000,	train_time = 1.364492
TRAIN Iter 75: loss = 0.003028,	Top-1 err = 51.700000,	Top-5 err = 30.720000,	train_time = 1.354138
TRAIN Iter 76: loss = 0.002908,	Top-1 err = 48.420000,	Top-5 err = 26.360000,	train_time = 1.371851
TRAIN Iter 77: loss = 0.002960,	Top-1 err = 50.780000,	Top-5 err = 29.660000,	train_time = 1.356947
TRAIN Iter 78: loss = 0.002919,	Top-1 err = 52.080000,	Top-5 err = 31.160000,	train_time = 1.301428
TRAIN Iter 79: loss = 0.002866,	Top-1 err = 50.180000,	Top-5 err = 28.460000,	train_time = 1.366013
TRAIN Iter 80: loss = 0.002895,	Top-1 err = 50.780000,	Top-5 err = 30.100000,	train_time = 1.435033
TRAIN Iter 81: loss = 0.002804,	Top-1 err = 46.600000,	Top-5 err = 25.420000,	train_time = 1.278554
TRAIN Iter 82: loss = 0.002817,	Top-1 err = 45.960000,	Top-5 err = 26.140000,	train_time = 1.450196
TRAIN Iter 83: loss = 0.002870,	Top-1 err = 51.000000,	Top-5 err = 30.500000,	train_time = 1.256202
TRAIN Iter 84: loss = 0.002836,	Top-1 err = 45.880000,	Top-5 err = 27.400000,	train_time = 1.461463
TRAIN Iter 85: loss = 0.002798,	Top-1 err = 49.260000,	Top-5 err = 28.940000,	train_time = 1.331021
TRAIN Iter 86: loss = 0.002807,	Top-1 err = 50.660000,	Top-5 err = 30.200000,	train_time = 1.345213
TRAIN Iter 87: loss = 0.002815,	Top-1 err = 50.900000,	Top-5 err = 31.360000,	train_time = 1.332900
TRAIN Iter 88: loss = 0.002787,	Top-1 err = 49.720000,	Top-5 err = 29.560000,	train_time = 1.412063
TRAIN Iter 89: loss = 0.002717,	Top-1 err = 48.360000,	Top-5 err = 29.060000,	train_time = 1.362183
TRAIN Iter 90: loss = 0.002730,	Top-1 err = 47.880000,	Top-5 err = 27.260000,	train_time = 1.341056
TRAIN Iter 91: loss = 0.002753,	Top-1 err = 51.060000,	Top-5 err = 29.600000,	train_time = 1.325773
TRAIN Iter 92: loss = 0.002684,	Top-1 err = 51.420000,	Top-5 err = 30.440000,	train_time = 1.361688
TRAIN Iter 93: loss = 0.002696,	Top-1 err = 50.720000,	Top-5 err = 29.880000,	train_time = 1.345109
TRAIN Iter 94: loss = 0.002648,	Top-1 err = 46.840000,	Top-5 err = 26.980000,	train_time = 1.367848
TRAIN Iter 95: loss = 0.002658,	Top-1 err = 49.340000,	Top-5 err = 28.760000,	train_time = 1.317645
TRAIN Iter 96: loss = 0.002710,	Top-1 err = 50.960000,	Top-5 err = 31.360000,	train_time = 1.365419
TRAIN Iter 97: loss = 0.002737,	Top-1 err = 49.900000,	Top-5 err = 29.040000,	train_time = 1.342585
TRAIN Iter 98: loss = 0.002609,	Top-1 err = 45.820000,	Top-5 err = 26.840000,	train_time = 1.428496
TRAIN Iter 99: loss = 0.002624,	Top-1 err = 48.540000,	Top-5 err = 27.420000,	train_time = 1.446363
TRAIN Iter 100: loss = 0.002616,	Top-1 err = 50.400000,	Top-5 err = 29.540000,	train_time = 1.360120
TRAIN Iter 101: loss = 0.002561,	Top-1 err = 46.920000,	Top-5 err = 26.440000,	train_time = 1.456891
TRAIN Iter 102: loss = 0.002558,	Top-1 err = 49.180000,	Top-5 err = 28.420000,	train_time = 1.411629
TRAIN Iter 103: loss = 0.002566,	Top-1 err = 48.680000,	Top-5 err = 27.600000,	train_time = 1.421949
TRAIN Iter 104: loss = 0.002561,	Top-1 err = 47.960000,	Top-5 err = 27.400000,	train_time = 1.322875
TRAIN Iter 105: loss = 0.002555,	Top-1 err = 48.240000,	Top-5 err = 28.700000,	train_time = 1.327863
TRAIN Iter 106: loss = 0.002513,	Top-1 err = 48.740000,	Top-5 err = 27.820000,	train_time = 1.260077
TRAIN Iter 107: loss = 0.002469,	Top-1 err = 45.980000,	Top-5 err = 25.460000,	train_time = 1.399433
TRAIN Iter 108: loss = 0.002509,	Top-1 err = 53.300000,	Top-5 err = 32.620000,	train_time = 1.402269
TRAIN Iter 109: loss = 0.002547,	Top-1 err = 50.420000,	Top-5 err = 29.520000,	train_time = 1.442651
TRAIN Iter 110: loss = 0.002545,	Top-1 err = 50.160000,	Top-5 err = 29.400000,	train_time = 1.299903
TRAIN Iter 111: loss = 0.002503,	Top-1 err = 49.220000,	Top-5 err = 29.440000,	train_time = 1.338444
TRAIN Iter 112: loss = 0.002535,	Top-1 err = 53.360000,	Top-5 err = 33.500000,	train_time = 1.399992
TRAIN Iter 113: loss = 0.002434,	Top-1 err = 47.140000,	Top-5 err = 27.840000,	train_time = 1.359091
TRAIN Iter 114: loss = 0.002383,	Top-1 err = 51.500000,	Top-5 err = 30.340000,	train_time = 1.401343
TRAIN Iter 115: loss = 0.002407,	Top-1 err = 47.420000,	Top-5 err = 27.000000,	train_time = 1.346063
TRAIN Iter 116: loss = 0.002478,	Top-1 err = 48.680000,	Top-5 err = 28.580000,	train_time = 1.348876
TRAIN Iter 117: loss = 0.002460,	Top-1 err = 46.840000,	Top-5 err = 26.740000,	train_time = 1.468380
TRAIN Iter 118: loss = 0.002369,	Top-1 err = 49.020000,	Top-5 err = 28.420000,	train_time = 1.346329
TRAIN Iter 119: loss = 0.002456,	Top-1 err = 50.400000,	Top-5 err = 30.540000,	train_time = 1.341179
TRAIN Iter 120: loss = 0.002442,	Top-1 err = 49.220000,	Top-5 err = 29.200000,	train_time = 1.437982
TRAIN Iter 121: loss = 0.002401,	Top-1 err = 51.300000,	Top-5 err = 30.060000,	train_time = 1.323622
TRAIN Iter 122: loss = 0.002393,	Top-1 err = 46.660000,	Top-5 err = 26.300000,	train_time = 1.382743
TRAIN Iter 123: loss = 0.002355,	Top-1 err = 45.620000,	Top-5 err = 27.220000,	train_time = 1.442019
TRAIN Iter 124: loss = 0.002352,	Top-1 err = 49.180000,	Top-5 err = 28.740000,	train_time = 1.348948
TRAIN Iter 125: loss = 0.002312,	Top-1 err = 42.100000,	Top-5 err = 23.920000,	train_time = 1.388752
TRAIN Iter 126: loss = 0.002319,	Top-1 err = 43.540000,	Top-5 err = 23.960000,	train_time = 1.435616
TRAIN Iter 127: loss = 0.002325,	Top-1 err = 49.400000,	Top-5 err = 30.860000,	train_time = 1.395171
TRAIN Iter 128: loss = 0.002297,	Top-1 err = 49.100000,	Top-5 err = 29.260000,	train_time = 1.360552
TRAIN Iter 129: loss = 0.002345,	Top-1 err = 50.040000,	Top-5 err = 30.020000,	train_time = 1.457100
TRAIN Iter 130: loss = 0.002277,	Top-1 err = 51.240000,	Top-5 err = 30.900000,	train_time = 1.370971
TRAIN Iter 131: loss = 0.002298,	Top-1 err = 46.960000,	Top-5 err = 27.820000,	train_time = 1.341051
TRAIN Iter 132: loss = 0.002307,	Top-1 err = 47.360000,	Top-5 err = 28.300000,	train_time = 1.436441
TRAIN Iter 133: loss = 0.002293,	Top-1 err = 47.820000,	Top-5 err = 27.840000,	train_time = 1.388671
TRAIN Iter 134: loss = 0.002292,	Top-1 err = 49.640000,	Top-5 err = 29.740000,	train_time = 1.395012
TRAIN Iter 135: loss = 0.002324,	Top-1 err = 50.560000,	Top-5 err = 30.140000,	train_time = 1.403288
TRAIN Iter 136: loss = 0.002223,	Top-1 err = 47.780000,	Top-5 err = 27.660000,	train_time = 1.383633
TRAIN Iter 137: loss = 0.002321,	Top-1 err = 50.860000,	Top-5 err = 31.480000,	train_time = 1.343897
TRAIN Iter 138: loss = 0.002272,	Top-1 err = 48.460000,	Top-5 err = 28.840000,	train_time = 1.446655
TRAIN Iter 139: loss = 0.002205,	Top-1 err = 44.560000,	Top-5 err = 26.520000,	train_time = 1.421024
TRAIN Iter 140: loss = 0.002217,	Top-1 err = 43.940000,	Top-5 err = 25.340000,	train_time = 1.339622
TRAIN Iter 141: loss = 0.002234,	Top-1 err = 48.440000,	Top-5 err = 27.840000,	train_time = 1.347387
TRAIN Iter 142: loss = 0.002213,	Top-1 err = 50.840000,	Top-5 err = 30.960000,	train_time = 1.346199
TRAIN Iter 143: loss = 0.002235,	Top-1 err = 47.300000,	Top-5 err = 27.940000,	train_time = 1.371130
TRAIN Iter 144: loss = 0.002190,	Top-1 err = 52.420000,	Top-5 err = 32.500000,	train_time = 1.353118
TRAIN Iter 145: loss = 0.002192,	Top-1 err = 50.080000,	Top-5 err = 29.400000,	train_time = 1.378602
TRAIN Iter 146: loss = 0.002177,	Top-1 err = 50.520000,	Top-5 err = 30.420000,	train_time = 1.333623
TRAIN Iter 147: loss = 0.002143,	Top-1 err = 46.600000,	Top-5 err = 26.380000,	train_time = 1.374958
TRAIN Iter 148: loss = 0.002191,	Top-1 err = 50.460000,	Top-5 err = 29.640000,	train_time = 1.397071
TRAIN Iter 149: loss = 0.002171,	Top-1 err = 49.940000,	Top-5 err = 29.020000,	train_time = 1.421626
TRAIN Iter 150: loss = 0.002146,	Top-1 err = 45.060000,	Top-5 err = 25.980000,	train_time = 1.339178
TRAIN Iter 151: loss = 0.002158,	Top-1 err = 48.360000,	Top-5 err = 30.060000,	train_time = 1.283795
TRAIN Iter 152: loss = 0.002108,	Top-1 err = 48.680000,	Top-5 err = 28.040000,	train_time = 1.288830
TRAIN Iter 153: loss = 0.002094,	Top-1 err = 46.680000,	Top-5 err = 26.640000,	train_time = 1.389782
TRAIN Iter 154: loss = 0.002145,	Top-1 err = 47.900000,	Top-5 err = 28.140000,	train_time = 1.290833
TRAIN Iter 155: loss = 0.002096,	Top-1 err = 48.020000,	Top-5 err = 27.300000,	train_time = 1.430948
TRAIN Iter 156: loss = 0.002073,	Top-1 err = 47.680000,	Top-5 err = 27.500000,	train_time = 1.280466
TRAIN Iter 157: loss = 0.002125,	Top-1 err = 49.260000,	Top-5 err = 28.600000,	train_time = 1.381343
TRAIN Iter 158: loss = 0.002116,	Top-1 err = 48.640000,	Top-5 err = 29.480000,	train_time = 1.348827
TRAIN Iter 159: loss = 0.002092,	Top-1 err = 50.400000,	Top-5 err = 29.220000,	train_time = 1.376910
TRAIN Iter 160: loss = 0.002110,	Top-1 err = 49.700000,	Top-5 err = 29.560000,	train_time = 1.308212
TRAIN Iter 161: loss = 0.002054,	Top-1 err = 46.540000,	Top-5 err = 26.120000,	train_time = 1.347350
TRAIN Iter 162: loss = 0.002093,	Top-1 err = 47.720000,	Top-5 err = 28.200000,	train_time = 1.362254
TRAIN Iter 163: loss = 0.002050,	Top-1 err = 46.140000,	Top-5 err = 26.380000,	train_time = 1.304211
TRAIN Iter 164: loss = 0.002001,	Top-1 err = 46.080000,	Top-5 err = 26.040000,	train_time = 1.316509
TRAIN Iter 165: loss = 0.002019,	Top-1 err = 48.020000,	Top-5 err = 28.460000,	train_time = 1.391560
TRAIN Iter 166: loss = 0.002075,	Top-1 err = 50.980000,	Top-5 err = 31.200000,	train_time = 1.295734
TRAIN Iter 167: loss = 0.002058,	Top-1 err = 44.380000,	Top-5 err = 24.620000,	train_time = 1.428956
TRAIN Iter 168: loss = 0.002041,	Top-1 err = 47.640000,	Top-5 err = 27.520000,	train_time = 1.359352
TRAIN Iter 169: loss = 0.002009,	Top-1 err = 50.420000,	Top-5 err = 30.020000,	train_time = 1.312738
TRAIN Iter 170: loss = 0.001985,	Top-1 err = 44.700000,	Top-5 err = 25.680000,	train_time = 1.385493
TRAIN Iter 171: loss = 0.002004,	Top-1 err = 49.400000,	Top-5 err = 29.440000,	train_time = 1.372910
TRAIN Iter 172: loss = 0.002019,	Top-1 err = 49.080000,	Top-5 err = 29.840000,	train_time = 1.427588
TRAIN Iter 173: loss = 0.002024,	Top-1 err = 49.080000,	Top-5 err = 28.520000,	train_time = 1.378029
TRAIN Iter 174: loss = 0.002026,	Top-1 err = 46.400000,	Top-5 err = 26.900000,	train_time = 1.376698
TRAIN Iter 175: loss = 0.001993,	Top-1 err = 49.620000,	Top-5 err = 29.640000,	train_time = 1.338575
TRAIN Iter 176: loss = 0.001986,	Top-1 err = 48.180000,	Top-5 err = 27.640000,	train_time = 1.318608
TRAIN Iter 177: loss = 0.002007,	Top-1 err = 46.080000,	Top-5 err = 27.020000,	train_time = 1.341530
TRAIN Iter 178: loss = 0.001943,	Top-1 err = 47.580000,	Top-5 err = 26.480000,	train_time = 1.360414
TRAIN Iter 179: loss = 0.001970,	Top-1 err = 49.260000,	Top-5 err = 29.700000,	train_time = 1.340946
TRAIN Iter 180: loss = 0.001968,	Top-1 err = 47.780000,	Top-5 err = 28.520000,	train_time = 1.371327
TRAIN Iter 181: loss = 0.001886,	Top-1 err = 46.000000,	Top-5 err = 26.440000,	train_time = 1.352142
TRAIN Iter 182: loss = 0.001930,	Top-1 err = 45.640000,	Top-5 err = 26.060000,	train_time = 1.375393
TRAIN Iter 183: loss = 0.001925,	Top-1 err = 47.280000,	Top-5 err = 27.160000,	train_time = 1.341174
TRAIN Iter 184: loss = 0.001988,	Top-1 err = 52.520000,	Top-5 err = 32.180000,	train_time = 1.339164
TRAIN Iter 185: loss = 0.001957,	Top-1 err = 46.900000,	Top-5 err = 28.160000,	train_time = 1.403850
TRAIN Iter 186: loss = 0.001900,	Top-1 err = 49.000000,	Top-5 err = 29.320000,	train_time = 1.309808
TRAIN Iter 187: loss = 0.001879,	Top-1 err = 45.000000,	Top-5 err = 24.460000,	train_time = 1.348412
TRAIN Iter 188: loss = 0.001914,	Top-1 err = 47.320000,	Top-5 err = 27.880000,	train_time = 1.230539
TRAIN Iter 189: loss = 0.001904,	Top-1 err = 47.040000,	Top-5 err = 27.140000,	train_time = 1.348287
TRAIN Iter 190: loss = 0.001897,	Top-1 err = 46.980000,	Top-5 err = 27.500000,	train_time = 1.378443
TRAIN Iter 191: loss = 0.001862,	Top-1 err = 46.100000,	Top-5 err = 27.960000,	train_time = 1.332131
TRAIN Iter 192: loss = 0.001915,	Top-1 err = 43.900000,	Top-5 err = 25.220000,	train_time = 1.377425
TRAIN Iter 193: loss = 0.001901,	Top-1 err = 48.180000,	Top-5 err = 28.720000,	train_time = 1.333664
TRAIN Iter 194: loss = 0.001847,	Top-1 err = 47.500000,	Top-5 err = 28.400000,	train_time = 1.385836
TRAIN Iter 195: loss = 0.001860,	Top-1 err = 47.580000,	Top-5 err = 28.720000,	train_time = 1.317553
TRAIN Iter 196: loss = 0.001890,	Top-1 err = 50.240000,	Top-5 err = 29.100000,	train_time = 1.307469
TRAIN Iter 197: loss = 0.001910,	Top-1 err = 49.580000,	Top-5 err = 30.580000,	train_time = 1.366236
TRAIN Iter 198: loss = 0.001834,	Top-1 err = 45.320000,	Top-5 err = 26.320000,	train_time = 1.292449
TRAIN Iter 199: loss = 0.001876,	Top-1 err = 48.800000,	Top-5 err = 28.600000,	train_time = 1.419417
TRAIN Iter 200: loss = 0.001861,	Top-1 err = 49.980000,	Top-5 err = 30.280000,	train_time = 1.336655
TRAIN Iter 201: loss = 0.001848,	Top-1 err = 49.280000,	Top-5 err = 29.760000,	train_time = 1.308106
TRAIN Iter 202: loss = 0.001832,	Top-1 err = 49.740000,	Top-5 err = 29.580000,	train_time = 1.301532
TRAIN Iter 203: loss = 0.001786,	Top-1 err = 44.980000,	Top-5 err = 25.160000,	train_time = 1.343356
TRAIN Iter 204: loss = 0.001830,	Top-1 err = 47.240000,	Top-5 err = 26.280000,	train_time = 1.325549
TRAIN Iter 205: loss = 0.001824,	Top-1 err = 52.080000,	Top-5 err = 33.680000,	train_time = 1.219508
TRAIN Iter 206: loss = 0.001805,	Top-1 err = 49.020000,	Top-5 err = 29.700000,	train_time = 1.343059
TRAIN Iter 207: loss = 0.001835,	Top-1 err = 49.080000,	Top-5 err = 30.860000,	train_time = 1.298940
TRAIN Iter 208: loss = 0.001823,	Top-1 err = 49.580000,	Top-5 err = 28.740000,	train_time = 1.318237
TRAIN Iter 209: loss = 0.001775,	Top-1 err = 47.120000,	Top-5 err = 26.720000,	train_time = 1.323077
TRAIN Iter 210: loss = 0.001817,	Top-1 err = 47.460000,	Top-5 err = 27.980000,	train_time = 1.307791
TRAIN Iter 211: loss = 0.001798,	Top-1 err = 47.540000,	Top-5 err = 27.360000,	train_time = 1.421775
TRAIN Iter 212: loss = 0.001788,	Top-1 err = 47.720000,	Top-5 err = 28.200000,	train_time = 1.364595
TRAIN Iter 213: loss = 0.001790,	Top-1 err = 44.420000,	Top-5 err = 26.120000,	train_time = 1.366365
TRAIN Iter 214: loss = 0.001792,	Top-1 err = 51.720000,	Top-5 err = 31.480000,	train_time = 1.380989
TRAIN Iter 215: loss = 0.001761,	Top-1 err = 47.100000,	Top-5 err = 26.940000,	train_time = 1.355174
TRAIN Iter 216: loss = 0.001746,	Top-1 err = 48.900000,	Top-5 err = 29.600000,	train_time = 1.425783
TRAIN Iter 217: loss = 0.001750,	Top-1 err = 44.820000,	Top-5 err = 24.760000,	train_time = 1.271023
TRAIN Iter 218: loss = 0.001776,	Top-1 err = 47.300000,	Top-5 err = 28.240000,	train_time = 1.254733
TRAIN Iter 219: loss = 0.001804,	Top-1 err = 50.260000,	Top-5 err = 30.760000,	train_time = 1.382996
TRAIN Iter 220: loss = 0.001770,	Top-1 err = 48.160000,	Top-5 err = 28.960000,	train_time = 1.361597
TRAIN Iter 221: loss = 0.001739,	Top-1 err = 47.860000,	Top-5 err = 27.560000,	train_time = 1.411182
TRAIN Iter 222: loss = 0.001722,	Top-1 err = 49.860000,	Top-5 err = 30.060000,	train_time = 1.279788
TRAIN Iter 223: loss = 0.001740,	Top-1 err = 49.200000,	Top-5 err = 29.020000,	train_time = 1.396674
TRAIN Iter 224: loss = 0.001713,	Top-1 err = 48.160000,	Top-5 err = 28.640000,	train_time = 1.368443
TRAIN Iter 225: loss = 0.001752,	Top-1 err = 44.880000,	Top-5 err = 26.440000,	train_time = 1.352078
TRAIN Iter 226: loss = 0.001756,	Top-1 err = 47.420000,	Top-5 err = 27.840000,	train_time = 1.343258
TRAIN Iter 227: loss = 0.001765,	Top-1 err = 49.700000,	Top-5 err = 28.780000,	train_time = 1.291167
TRAIN Iter 228: loss = 0.001756,	Top-1 err = 47.200000,	Top-5 err = 26.340000,	train_time = 1.392549
TRAIN Iter 229: loss = 0.001725,	Top-1 err = 50.240000,	Top-5 err = 29.660000,	train_time = 1.459314
TRAIN Iter 230: loss = 0.001666,	Top-1 err = 44.740000,	Top-5 err = 25.260000,	train_time = 1.383873
TRAIN Iter 231: loss = 0.001684,	Top-1 err = 47.280000,	Top-5 err = 27.400000,	train_time = 1.329207
TRAIN Iter 232: loss = 0.001688,	Top-1 err = 49.300000,	Top-5 err = 29.240000,	train_time = 1.404866
TRAIN Iter 233: loss = 0.001636,	Top-1 err = 44.880000,	Top-5 err = 25.980000,	train_time = 1.418547
TRAIN Iter 234: loss = 0.001697,	Top-1 err = 47.480000,	Top-5 err = 27.460000,	train_time = 1.353539
TRAIN Iter 235: loss = 0.001658,	Top-1 err = 46.760000,	Top-5 err = 27.040000,	train_time = 1.359982
TRAIN Iter 236: loss = 0.001700,	Top-1 err = 49.740000,	Top-5 err = 30.660000,	train_time = 1.383793
TRAIN Iter 237: loss = 0.001684,	Top-1 err = 50.820000,	Top-5 err = 30.380000,	train_time = 1.353638
TRAIN Iter 238: loss = 0.001728,	Top-1 err = 49.420000,	Top-5 err = 29.960000,	train_time = 1.367770
TRAIN Iter 239: loss = 0.001710,	Top-1 err = 50.260000,	Top-5 err = 30.460000,	train_time = 1.404462
TRAIN Iter 240: loss = 0.001665,	Top-1 err = 43.820000,	Top-5 err = 25.540000,	train_time = 1.299199
TRAIN Iter 241: loss = 0.001654,	Top-1 err = 49.360000,	Top-5 err = 29.740000,	train_time = 1.359762
TRAIN Iter 242: loss = 0.001611,	Top-1 err = 46.360000,	Top-5 err = 26.000000,	train_time = 1.317764
TRAIN Iter 243: loss = 0.001622,	Top-1 err = 46.540000,	Top-5 err = 27.180000,	train_time = 1.429158
TRAIN Iter 244: loss = 0.001601,	Top-1 err = 47.780000,	Top-5 err = 27.340000,	train_time = 1.398820
TRAIN Iter 245: loss = 0.001660,	Top-1 err = 49.140000,	Top-5 err = 27.860000,	train_time = 1.313289
TRAIN Iter 246: loss = 0.001631,	Top-1 err = 45.100000,	Top-5 err = 26.280000,	train_time = 1.436621
TRAIN Iter 247: loss = 0.001661,	Top-1 err = 50.520000,	Top-5 err = 30.640000,	train_time = 1.371040
TRAIN Iter 248: loss = 0.001678,	Top-1 err = 44.140000,	Top-5 err = 24.540000,	train_time = 1.377064
TRAIN Iter 249: loss = 0.001621,	Top-1 err = 48.140000,	Top-5 err = 28.500000,	train_time = 1.360095
TEST:
Iter 249: loss = 1.738358,	Top-1 err = 43.960000,	Top-5 err = 16.700000,	val_time = 0.739009
TRAIN Iter 250: loss = 0.001616,	Top-1 err = 46.420000,	Top-5 err = 26.460000,	train_time = 1.184506
TRAIN Iter 251: loss = 0.001643,	Top-1 err = 48.460000,	Top-5 err = 28.380000,	train_time = 1.389828
TRAIN Iter 252: loss = 0.001657,	Top-1 err = 51.460000,	Top-5 err = 30.600000,	train_time = 1.485201
TRAIN Iter 253: loss = 0.001630,	Top-1 err = 45.900000,	Top-5 err = 26.280000,	train_time = 1.309412
TRAIN Iter 254: loss = 0.001628,	Top-1 err = 50.640000,	Top-5 err = 30.520000,	train_time = 1.297941
TRAIN Iter 255: loss = 0.001589,	Top-1 err = 46.360000,	Top-5 err = 26.540000,	train_time = 1.313492
TRAIN Iter 256: loss = 0.001609,	Top-1 err = 49.040000,	Top-5 err = 29.560000,	train_time = 1.361439
TRAIN Iter 257: loss = 0.001600,	Top-1 err = 45.880000,	Top-5 err = 27.280000,	train_time = 1.343996
TRAIN Iter 258: loss = 0.001578,	Top-1 err = 45.540000,	Top-5 err = 26.260000,	train_time = 1.369833
TRAIN Iter 259: loss = 0.001655,	Top-1 err = 48.340000,	Top-5 err = 30.160000,	train_time = 1.465328
TEST:
Iter 259: loss = 1.710762,	Top-1 err = 43.170000,	Top-5 err = 16.810000,	val_time = 0.772851
TRAIN Iter 260: loss = 0.001608,	Top-1 err = 44.260000,	Top-5 err = 25.280000,	train_time = 1.336561
TRAIN Iter 261: loss = 0.001601,	Top-1 err = 47.580000,	Top-5 err = 27.800000,	train_time = 1.367749
TRAIN Iter 262: loss = 0.001634,	Top-1 err = 50.660000,	Top-5 err = 31.100000,	train_time = 1.334690
TRAIN Iter 263: loss = 0.001592,	Top-1 err = 47.260000,	Top-5 err = 28.820000,	train_time = 1.382150
TRAIN Iter 264: loss = 0.001605,	Top-1 err = 45.200000,	Top-5 err = 26.000000,	train_time = 1.337235
TRAIN Iter 265: loss = 0.001582,	Top-1 err = 46.300000,	Top-5 err = 26.340000,	train_time = 1.367826
TRAIN Iter 266: loss = 0.001545,	Top-1 err = 46.120000,	Top-5 err = 26.500000,	train_time = 1.358428
TRAIN Iter 267: loss = 0.001602,	Top-1 err = 48.040000,	Top-5 err = 28.600000,	train_time = 1.485153
TRAIN Iter 268: loss = 0.001568,	Top-1 err = 47.420000,	Top-5 err = 27.980000,	train_time = 1.353703
TRAIN Iter 269: loss = 0.001585,	Top-1 err = 46.660000,	Top-5 err = 26.760000,	train_time = 1.331633
TEST:
Iter 269: loss = 1.702224,	Top-1 err = 43.110000,	Top-5 err = 16.440000,	val_time = 0.742898
TRAIN Iter 270: loss = 0.001550,	Top-1 err = 45.160000,	Top-5 err = 26.540000,	train_time = 1.363457
TRAIN Iter 271: loss = 0.001565,	Top-1 err = 47.800000,	Top-5 err = 29.620000,	train_time = 1.345854
TRAIN Iter 272: loss = 0.001551,	Top-1 err = 50.820000,	Top-5 err = 30.360000,	train_time = 1.308598
TRAIN Iter 273: loss = 0.001570,	Top-1 err = 47.300000,	Top-5 err = 27.480000,	train_time = 1.461661
TRAIN Iter 274: loss = 0.001523,	Top-1 err = 45.360000,	Top-5 err = 27.460000,	train_time = 1.329958
TRAIN Iter 275: loss = 0.001559,	Top-1 err = 49.280000,	Top-5 err = 30.040000,	train_time = 1.334989
TRAIN Iter 276: loss = 0.001571,	Top-1 err = 48.360000,	Top-5 err = 28.740000,	train_time = 1.342446
TRAIN Iter 277: loss = 0.001510,	Top-1 err = 46.000000,	Top-5 err = 26.080000,	train_time = 1.336808
TRAIN Iter 278: loss = 0.001538,	Top-1 err = 47.960000,	Top-5 err = 28.560000,	train_time = 1.368278
TRAIN Iter 279: loss = 0.001547,	Top-1 err = 48.560000,	Top-5 err = 28.740000,	train_time = 1.337771
TEST:
Iter 279: loss = 1.689935,	Top-1 err = 42.800000,	Top-5 err = 16.290000,	val_time = 0.710344
TRAIN Iter 280: loss = 0.001564,	Top-1 err = 47.820000,	Top-5 err = 29.300000,	train_time = 1.313626
TRAIN Iter 281: loss = 0.001543,	Top-1 err = 45.420000,	Top-5 err = 26.640000,	train_time = 1.322543
TRAIN Iter 282: loss = 0.001550,	Top-1 err = 52.560000,	Top-5 err = 33.260000,	train_time = 1.289152
TRAIN Iter 283: loss = 0.001516,	Top-1 err = 47.840000,	Top-5 err = 28.380000,	train_time = 1.313345
TRAIN Iter 284: loss = 0.001521,	Top-1 err = 48.500000,	Top-5 err = 28.080000,	train_time = 1.409858
TRAIN Iter 285: loss = 0.001536,	Top-1 err = 45.520000,	Top-5 err = 26.280000,	train_time = 1.383343
TRAIN Iter 286: loss = 0.001518,	Top-1 err = 48.340000,	Top-5 err = 28.280000,	train_time = 1.375578
TRAIN Iter 287: loss = 0.001532,	Top-1 err = 50.900000,	Top-5 err = 31.820000,	train_time = 1.298474
TRAIN Iter 288: loss = 0.001532,	Top-1 err = 47.040000,	Top-5 err = 27.820000,	train_time = 1.373313
TRAIN Iter 289: loss = 0.001519,	Top-1 err = 49.500000,	Top-5 err = 29.100000,	train_time = 1.368265
TEST:
Iter 289: loss = 1.694939,	Top-1 err = 42.710000,	Top-5 err = 16.220000,	val_time = 0.838600
TRAIN Iter 290: loss = 0.001532,	Top-1 err = 47.480000,	Top-5 err = 29.520000,	train_time = 1.372168
TRAIN Iter 291: loss = 0.001511,	Top-1 err = 47.600000,	Top-5 err = 27.980000,	train_time = 1.330632
TRAIN Iter 292: loss = 0.001519,	Top-1 err = 45.560000,	Top-5 err = 25.960000,	train_time = 1.342860
TRAIN Iter 293: loss = 0.001454,	Top-1 err = 48.000000,	Top-5 err = 28.060000,	train_time = 1.451149
TRAIN Iter 294: loss = 0.001480,	Top-1 err = 46.160000,	Top-5 err = 28.180000,	train_time = 1.404170
TRAIN Iter 295: loss = 0.001513,	Top-1 err = 46.940000,	Top-5 err = 27.340000,	train_time = 1.390920
TRAIN Iter 296: loss = 0.001473,	Top-1 err = 46.520000,	Top-5 err = 27.180000,	train_time = 1.311038
TRAIN Iter 297: loss = 0.001460,	Top-1 err = 43.360000,	Top-5 err = 24.800000,	train_time = 1.414460
TRAIN Iter 298: loss = 0.001512,	Top-1 err = 50.020000,	Top-5 err = 31.840000,	train_time = 1.371977
TRAIN Iter 299: loss = 0.001469,	Top-1 err = 46.620000,	Top-5 err = 27.740000,	train_time = 1.280217
TEST:
Iter 299: loss = 1.665431,	Top-1 err = 42.160000,	Top-5 err = 15.850000,	val_time = 0.761616
Train Finish! Best accuracy is 57.84@299
