/home/dvspanos/miniconda3/envs/rded/lib/python3.10/site-packages/torch/cuda/__init__.py:611: UserWarning: Can't initialize NVML
  warnings.warn("Can't initialize NVML")
=> using pytorch pre-trained teacher model 'conv3'
process data from /home/dvspanos/nikos/ca2d/artifacts/rded_sets/bench_cifar100_conv_el2nw90_ipc100
load data successfully
TRAIN Iter 0: loss = 0.017417,	Top-1 err = 90.690000,	Top-5 err = 72.080000,	train_time = 3.332601
TRAIN Iter 1: loss = 0.012538,	Top-1 err = 80.950000,	Top-5 err = 56.440000,	train_time = 2.524897
TRAIN Iter 2: loss = 0.010306,	Top-1 err = 74.960000,	Top-5 err = 48.340000,	train_time = 2.555282
TRAIN Iter 3: loss = 0.009038,	Top-1 err = 69.670000,	Top-5 err = 42.600000,	train_time = 2.627117
TRAIN Iter 4: loss = 0.007953,	Top-1 err = 69.110000,	Top-5 err = 43.040000,	train_time = 2.723161
TRAIN Iter 5: loss = 0.007314,	Top-1 err = 63.890000,	Top-5 err = 37.600000,	train_time = 2.561989
TRAIN Iter 6: loss = 0.006851,	Top-1 err = 65.220000,	Top-5 err = 40.480000,	train_time = 2.584093
TRAIN Iter 7: loss = 0.006620,	Top-1 err = 62.290000,	Top-5 err = 37.130000,	train_time = 2.545662
TRAIN Iter 8: loss = 0.006132,	Top-1 err = 64.210000,	Top-5 err = 39.010000,	train_time = 2.586232
TRAIN Iter 9: loss = 0.005893,	Top-1 err = 62.920000,	Top-5 err = 37.230000,	train_time = 2.639063
TRAIN Iter 10: loss = 0.005627,	Top-1 err = 59.470000,	Top-5 err = 34.880000,	train_time = 2.580211
TRAIN Iter 11: loss = 0.005512,	Top-1 err = 60.180000,	Top-5 err = 35.860000,	train_time = 2.540990
TRAIN Iter 12: loss = 0.005346,	Top-1 err = 60.450000,	Top-5 err = 36.400000,	train_time = 2.621290
TRAIN Iter 13: loss = 0.005193,	Top-1 err = 58.170000,	Top-5 err = 34.250000,	train_time = 2.537295
TRAIN Iter 14: loss = 0.005071,	Top-1 err = 57.180000,	Top-5 err = 32.490000,	train_time = 2.670786
TRAIN Iter 15: loss = 0.004884,	Top-1 err = 57.100000,	Top-5 err = 32.380000,	train_time = 2.528363
TRAIN Iter 16: loss = 0.004827,	Top-1 err = 57.390000,	Top-5 err = 33.680000,	train_time = 2.574379
TRAIN Iter 17: loss = 0.004749,	Top-1 err = 55.770000,	Top-5 err = 30.580000,	train_time = 2.690310
TRAIN Iter 18: loss = 0.004688,	Top-1 err = 58.530000,	Top-5 err = 35.870000,	train_time = 2.696373
TRAIN Iter 19: loss = 0.004558,	Top-1 err = 58.400000,	Top-5 err = 34.510000,	train_time = 2.681847
TRAIN Iter 20: loss = 0.004477,	Top-1 err = 56.540000,	Top-5 err = 33.750000,	train_time = 2.470160
TRAIN Iter 21: loss = 0.004441,	Top-1 err = 55.520000,	Top-5 err = 31.650000,	train_time = 2.640581
TRAIN Iter 22: loss = 0.004352,	Top-1 err = 57.440000,	Top-5 err = 33.690000,	train_time = 2.569059
TRAIN Iter 23: loss = 0.004274,	Top-1 err = 56.590000,	Top-5 err = 32.370000,	train_time = 2.618187
TRAIN Iter 24: loss = 0.004258,	Top-1 err = 59.310000,	Top-5 err = 36.040000,	train_time = 2.531105
TRAIN Iter 25: loss = 0.004179,	Top-1 err = 57.410000,	Top-5 err = 33.780000,	train_time = 2.649361
TRAIN Iter 26: loss = 0.004104,	Top-1 err = 57.190000,	Top-5 err = 34.120000,	train_time = 2.486725
TRAIN Iter 27: loss = 0.004101,	Top-1 err = 55.990000,	Top-5 err = 33.550000,	train_time = 2.586347
TRAIN Iter 28: loss = 0.003994,	Top-1 err = 56.920000,	Top-5 err = 33.220000,	train_time = 2.525933
TRAIN Iter 29: loss = 0.003961,	Top-1 err = 57.370000,	Top-5 err = 33.330000,	train_time = 2.445244
TRAIN Iter 30: loss = 0.003847,	Top-1 err = 54.270000,	Top-5 err = 31.260000,	train_time = 2.514875
TRAIN Iter 31: loss = 0.003856,	Top-1 err = 55.250000,	Top-5 err = 31.510000,	train_time = 2.502519
TRAIN Iter 32: loss = 0.003810,	Top-1 err = 56.520000,	Top-5 err = 33.480000,	train_time = 2.691049
TRAIN Iter 33: loss = 0.003797,	Top-1 err = 55.830000,	Top-5 err = 32.510000,	train_time = 2.570231
TRAIN Iter 34: loss = 0.003767,	Top-1 err = 55.560000,	Top-5 err = 32.550000,	train_time = 2.512881
TRAIN Iter 35: loss = 0.003681,	Top-1 err = 54.990000,	Top-5 err = 31.980000,	train_time = 2.600302
TRAIN Iter 36: loss = 0.003670,	Top-1 err = 56.380000,	Top-5 err = 33.700000,	train_time = 2.607461
TRAIN Iter 37: loss = 0.003621,	Top-1 err = 53.990000,	Top-5 err = 31.140000,	train_time = 2.689963
TRAIN Iter 38: loss = 0.003633,	Top-1 err = 57.710000,	Top-5 err = 34.800000,	train_time = 2.555712
TRAIN Iter 39: loss = 0.003566,	Top-1 err = 54.000000,	Top-5 err = 31.430000,	train_time = 2.683641
TRAIN Iter 40: loss = 0.003505,	Top-1 err = 54.870000,	Top-5 err = 32.270000,	train_time = 2.548065
TRAIN Iter 41: loss = 0.003480,	Top-1 err = 55.210000,	Top-5 err = 33.180000,	train_time = 2.584388
TRAIN Iter 42: loss = 0.003475,	Top-1 err = 54.520000,	Top-5 err = 31.380000,	train_time = 2.599193
TRAIN Iter 43: loss = 0.003407,	Top-1 err = 55.830000,	Top-5 err = 33.290000,	train_time = 2.635101
TRAIN Iter 44: loss = 0.003481,	Top-1 err = 59.540000,	Top-5 err = 36.080000,	train_time = 2.598747
TRAIN Iter 45: loss = 0.003414,	Top-1 err = 54.560000,	Top-5 err = 31.970000,	train_time = 2.589497
TRAIN Iter 46: loss = 0.003357,	Top-1 err = 55.150000,	Top-5 err = 32.490000,	train_time = 2.667785
TRAIN Iter 47: loss = 0.003316,	Top-1 err = 57.100000,	Top-5 err = 34.500000,	train_time = 2.600309
TRAIN Iter 48: loss = 0.003287,	Top-1 err = 54.970000,	Top-5 err = 32.810000,	train_time = 2.563475
TRAIN Iter 49: loss = 0.003232,	Top-1 err = 53.250000,	Top-5 err = 30.190000,	train_time = 2.541858
TRAIN Iter 50: loss = 0.003284,	Top-1 err = 54.470000,	Top-5 err = 32.340000,	train_time = 2.594354
TRAIN Iter 51: loss = 0.003189,	Top-1 err = 55.520000,	Top-5 err = 32.280000,	train_time = 2.507316
TRAIN Iter 52: loss = 0.003182,	Top-1 err = 56.170000,	Top-5 err = 32.910000,	train_time = 2.531251
TRAIN Iter 53: loss = 0.003163,	Top-1 err = 56.590000,	Top-5 err = 34.680000,	train_time = 2.599043
TRAIN Iter 54: loss = 0.003151,	Top-1 err = 53.950000,	Top-5 err = 31.820000,	train_time = 2.647435
TRAIN Iter 55: loss = 0.003120,	Top-1 err = 52.800000,	Top-5 err = 30.320000,	train_time = 2.631513
TRAIN Iter 56: loss = 0.003101,	Top-1 err = 55.090000,	Top-5 err = 32.970000,	train_time = 2.517356
TRAIN Iter 57: loss = 0.003075,	Top-1 err = 55.450000,	Top-5 err = 32.900000,	train_time = 2.672771
TRAIN Iter 58: loss = 0.002991,	Top-1 err = 52.700000,	Top-5 err = 30.700000,	train_time = 2.572845
TRAIN Iter 59: loss = 0.003055,	Top-1 err = 54.410000,	Top-5 err = 31.700000,	train_time = 2.503031
TRAIN Iter 60: loss = 0.002984,	Top-1 err = 55.090000,	Top-5 err = 32.610000,	train_time = 2.590641
TRAIN Iter 61: loss = 0.002972,	Top-1 err = 53.170000,	Top-5 err = 31.410000,	train_time = 2.496330
TRAIN Iter 62: loss = 0.002915,	Top-1 err = 53.060000,	Top-5 err = 30.800000,	train_time = 2.679497
TRAIN Iter 63: loss = 0.002945,	Top-1 err = 55.850000,	Top-5 err = 32.710000,	train_time = 2.614389
TRAIN Iter 64: loss = 0.002861,	Top-1 err = 53.380000,	Top-5 err = 30.680000,	train_time = 2.576486
TRAIN Iter 65: loss = 0.002928,	Top-1 err = 54.380000,	Top-5 err = 31.780000,	train_time = 2.636208
TRAIN Iter 66: loss = 0.002866,	Top-1 err = 52.720000,	Top-5 err = 30.250000,	train_time = 2.479141
TRAIN Iter 67: loss = 0.002831,	Top-1 err = 54.600000,	Top-5 err = 31.250000,	train_time = 2.633691
TRAIN Iter 68: loss = 0.002863,	Top-1 err = 56.130000,	Top-5 err = 33.930000,	train_time = 2.565183
TRAIN Iter 69: loss = 0.002802,	Top-1 err = 51.860000,	Top-5 err = 29.300000,	train_time = 2.665088
TRAIN Iter 70: loss = 0.002761,	Top-1 err = 54.330000,	Top-5 err = 31.020000,	train_time = 2.637809
TRAIN Iter 71: loss = 0.002763,	Top-1 err = 55.390000,	Top-5 err = 32.370000,	train_time = 2.622868
TRAIN Iter 72: loss = 0.002718,	Top-1 err = 56.310000,	Top-5 err = 33.650000,	train_time = 2.618893
TRAIN Iter 73: loss = 0.002681,	Top-1 err = 54.110000,	Top-5 err = 31.370000,	train_time = 2.549432
TRAIN Iter 74: loss = 0.002683,	Top-1 err = 55.860000,	Top-5 err = 33.770000,	train_time = 2.533944
TRAIN Iter 75: loss = 0.002669,	Top-1 err = 54.200000,	Top-5 err = 31.860000,	train_time = 2.409255
TRAIN Iter 76: loss = 0.002623,	Top-1 err = 53.920000,	Top-5 err = 30.750000,	train_time = 2.553334
TRAIN Iter 77: loss = 0.002638,	Top-1 err = 54.890000,	Top-5 err = 32.760000,	train_time = 2.629041
TRAIN Iter 78: loss = 0.002597,	Top-1 err = 51.680000,	Top-5 err = 29.170000,	train_time = 2.582921
TRAIN Iter 79: loss = 0.002577,	Top-1 err = 53.910000,	Top-5 err = 29.990000,	train_time = 2.533661
TRAIN Iter 80: loss = 0.002580,	Top-1 err = 52.660000,	Top-5 err = 29.610000,	train_time = 2.525157
TRAIN Iter 81: loss = 0.002590,	Top-1 err = 55.980000,	Top-5 err = 33.480000,	train_time = 2.546218
TRAIN Iter 82: loss = 0.002552,	Top-1 err = 54.270000,	Top-5 err = 31.840000,	train_time = 2.595672
TRAIN Iter 83: loss = 0.002545,	Top-1 err = 53.430000,	Top-5 err = 30.970000,	train_time = 2.603293
TRAIN Iter 84: loss = 0.002530,	Top-1 err = 54.470000,	Top-5 err = 30.920000,	train_time = 2.635007
TRAIN Iter 85: loss = 0.002528,	Top-1 err = 55.070000,	Top-5 err = 32.070000,	train_time = 2.632582
TRAIN Iter 86: loss = 0.002482,	Top-1 err = 54.300000,	Top-5 err = 32.310000,	train_time = 2.604101
TRAIN Iter 87: loss = 0.002454,	Top-1 err = 54.970000,	Top-5 err = 32.170000,	train_time = 2.554014
TRAIN Iter 88: loss = 0.002446,	Top-1 err = 53.510000,	Top-5 err = 30.700000,	train_time = 2.576222
TRAIN Iter 89: loss = 0.002444,	Top-1 err = 54.520000,	Top-5 err = 33.020000,	train_time = 2.581753
TRAIN Iter 90: loss = 0.002439,	Top-1 err = 52.940000,	Top-5 err = 30.950000,	train_time = 2.651104
TRAIN Iter 91: loss = 0.002410,	Top-1 err = 51.360000,	Top-5 err = 29.150000,	train_time = 2.558271
TRAIN Iter 92: loss = 0.002412,	Top-1 err = 50.280000,	Top-5 err = 28.210000,	train_time = 2.616483
TRAIN Iter 93: loss = 0.002414,	Top-1 err = 52.790000,	Top-5 err = 30.600000,	train_time = 2.509933
TRAIN Iter 94: loss = 0.002380,	Top-1 err = 56.320000,	Top-5 err = 33.740000,	train_time = 2.598471
TRAIN Iter 95: loss = 0.002377,	Top-1 err = 55.740000,	Top-5 err = 33.180000,	train_time = 2.547796
TRAIN Iter 96: loss = 0.002343,	Top-1 err = 55.490000,	Top-5 err = 33.060000,	train_time = 2.654160
TRAIN Iter 97: loss = 0.002356,	Top-1 err = 54.890000,	Top-5 err = 32.290000,	train_time = 2.517436
TRAIN Iter 98: loss = 0.002341,	Top-1 err = 53.470000,	Top-5 err = 31.760000,	train_time = 2.623122
TRAIN Iter 99: loss = 0.002304,	Top-1 err = 54.490000,	Top-5 err = 32.780000,	train_time = 2.578123
TRAIN Iter 100: loss = 0.002297,	Top-1 err = 53.550000,	Top-5 err = 30.880000,	train_time = 2.720979
TRAIN Iter 101: loss = 0.002299,	Top-1 err = 53.600000,	Top-5 err = 31.510000,	train_time = 2.639365
TRAIN Iter 102: loss = 0.002320,	Top-1 err = 55.870000,	Top-5 err = 33.160000,	train_time = 2.488567
TRAIN Iter 103: loss = 0.002267,	Top-1 err = 52.670000,	Top-5 err = 30.320000,	train_time = 2.657860
TRAIN Iter 104: loss = 0.002283,	Top-1 err = 52.220000,	Top-5 err = 30.320000,	train_time = 2.486549
TRAIN Iter 105: loss = 0.002248,	Top-1 err = 54.810000,	Top-5 err = 32.810000,	train_time = 2.583950
TRAIN Iter 106: loss = 0.002240,	Top-1 err = 53.200000,	Top-5 err = 31.740000,	train_time = 2.582759
TRAIN Iter 107: loss = 0.002252,	Top-1 err = 55.430000,	Top-5 err = 32.010000,	train_time = 2.656958
TRAIN Iter 108: loss = 0.002223,	Top-1 err = 55.660000,	Top-5 err = 33.150000,	train_time = 2.596542
TRAIN Iter 109: loss = 0.002194,	Top-1 err = 52.800000,	Top-5 err = 31.310000,	train_time = 2.579259
TRAIN Iter 110: loss = 0.002234,	Top-1 err = 53.840000,	Top-5 err = 31.590000,	train_time = 2.618196
TRAIN Iter 111: loss = 0.002186,	Top-1 err = 54.720000,	Top-5 err = 31.710000,	train_time = 2.571600
TRAIN Iter 112: loss = 0.002189,	Top-1 err = 56.000000,	Top-5 err = 33.470000,	train_time = 2.528055
TRAIN Iter 113: loss = 0.002222,	Top-1 err = 54.610000,	Top-5 err = 32.160000,	train_time = 2.603028
TRAIN Iter 114: loss = 0.002223,	Top-1 err = 52.610000,	Top-5 err = 30.670000,	train_time = 2.687864
TRAIN Iter 115: loss = 0.002152,	Top-1 err = 53.880000,	Top-5 err = 31.920000,	train_time = 2.634435
TRAIN Iter 116: loss = 0.002170,	Top-1 err = 54.090000,	Top-5 err = 32.820000,	train_time = 2.508493
TRAIN Iter 117: loss = 0.002139,	Top-1 err = 51.920000,	Top-5 err = 29.920000,	train_time = 2.683546
TRAIN Iter 118: loss = 0.002132,	Top-1 err = 53.810000,	Top-5 err = 31.490000,	train_time = 2.576465
TRAIN Iter 119: loss = 0.002153,	Top-1 err = 52.620000,	Top-5 err = 31.140000,	train_time = 2.664514
TRAIN Iter 120: loss = 0.002117,	Top-1 err = 54.090000,	Top-5 err = 31.470000,	train_time = 2.608687
TRAIN Iter 121: loss = 0.002139,	Top-1 err = 51.120000,	Top-5 err = 29.140000,	train_time = 2.588978
TRAIN Iter 122: loss = 0.002097,	Top-1 err = 53.810000,	Top-5 err = 32.120000,	train_time = 2.435348
TRAIN Iter 123: loss = 0.002125,	Top-1 err = 54.350000,	Top-5 err = 32.060000,	train_time = 2.586288
TRAIN Iter 124: loss = 0.002076,	Top-1 err = 55.000000,	Top-5 err = 32.090000,	train_time = 2.509758
TRAIN Iter 125: loss = 0.002134,	Top-1 err = 54.120000,	Top-5 err = 32.280000,	train_time = 2.617226
TRAIN Iter 126: loss = 0.002059,	Top-1 err = 50.740000,	Top-5 err = 29.120000,	train_time = 2.519022
TRAIN Iter 127: loss = 0.002073,	Top-1 err = 52.560000,	Top-5 err = 30.630000,	train_time = 2.651885
TRAIN Iter 128: loss = 0.002070,	Top-1 err = 52.980000,	Top-5 err = 30.780000,	train_time = 2.746717
TRAIN Iter 129: loss = 0.002074,	Top-1 err = 55.400000,	Top-5 err = 32.140000,	train_time = 2.746565
TRAIN Iter 130: loss = 0.001999,	Top-1 err = 51.530000,	Top-5 err = 29.960000,	train_time = 2.582011
TRAIN Iter 131: loss = 0.002048,	Top-1 err = 54.520000,	Top-5 err = 32.290000,	train_time = 2.522141
TRAIN Iter 132: loss = 0.002045,	Top-1 err = 53.860000,	Top-5 err = 32.670000,	train_time = 2.640144
TRAIN Iter 133: loss = 0.002023,	Top-1 err = 53.650000,	Top-5 err = 31.490000,	train_time = 2.657361
TRAIN Iter 134: loss = 0.002009,	Top-1 err = 56.740000,	Top-5 err = 34.500000,	train_time = 2.498206
TRAIN Iter 135: loss = 0.002018,	Top-1 err = 54.200000,	Top-5 err = 32.650000,	train_time = 2.565588
TRAIN Iter 136: loss = 0.001999,	Top-1 err = 50.910000,	Top-5 err = 29.440000,	train_time = 2.541174
TRAIN Iter 137: loss = 0.001981,	Top-1 err = 50.830000,	Top-5 err = 27.770000,	train_time = 2.571055
TRAIN Iter 138: loss = 0.002013,	Top-1 err = 54.900000,	Top-5 err = 32.930000,	train_time = 2.556798
TRAIN Iter 139: loss = 0.001944,	Top-1 err = 54.200000,	Top-5 err = 32.280000,	train_time = 2.585466
TRAIN Iter 140: loss = 0.001924,	Top-1 err = 52.590000,	Top-5 err = 30.120000,	train_time = 2.460513
TRAIN Iter 141: loss = 0.001948,	Top-1 err = 52.540000,	Top-5 err = 31.170000,	train_time = 2.621244
TRAIN Iter 142: loss = 0.001942,	Top-1 err = 54.490000,	Top-5 err = 31.850000,	train_time = 2.474892
TRAIN Iter 143: loss = 0.001913,	Top-1 err = 51.620000,	Top-5 err = 29.200000,	train_time = 2.502586
TRAIN Iter 144: loss = 0.001894,	Top-1 err = 50.550000,	Top-5 err = 29.430000,	train_time = 2.565333
TRAIN Iter 145: loss = 0.001913,	Top-1 err = 52.940000,	Top-5 err = 31.040000,	train_time = 2.549095
TRAIN Iter 146: loss = 0.001890,	Top-1 err = 52.770000,	Top-5 err = 30.470000,	train_time = 2.511583
TRAIN Iter 147: loss = 0.001876,	Top-1 err = 54.660000,	Top-5 err = 31.600000,	train_time = 2.523346
TRAIN Iter 148: loss = 0.001897,	Top-1 err = 52.990000,	Top-5 err = 30.750000,	train_time = 2.599706
TRAIN Iter 149: loss = 0.001889,	Top-1 err = 54.580000,	Top-5 err = 32.200000,	train_time = 2.564650
TRAIN Iter 150: loss = 0.001883,	Top-1 err = 52.760000,	Top-5 err = 30.860000,	train_time = 2.501946
TRAIN Iter 151: loss = 0.001855,	Top-1 err = 49.920000,	Top-5 err = 28.280000,	train_time = 2.596907
TRAIN Iter 152: loss = 0.001868,	Top-1 err = 52.760000,	Top-5 err = 30.810000,	train_time = 2.633952
TRAIN Iter 153: loss = 0.001854,	Top-1 err = 56.070000,	Top-5 err = 32.420000,	train_time = 2.488732
TRAIN Iter 154: loss = 0.001828,	Top-1 err = 51.580000,	Top-5 err = 29.360000,	train_time = 2.544773
TRAIN Iter 155: loss = 0.001847,	Top-1 err = 54.830000,	Top-5 err = 32.860000,	train_time = 2.486981
TRAIN Iter 156: loss = 0.001855,	Top-1 err = 54.510000,	Top-5 err = 32.310000,	train_time = 2.584159
TRAIN Iter 157: loss = 0.001817,	Top-1 err = 54.020000,	Top-5 err = 32.300000,	train_time = 2.691141
TRAIN Iter 158: loss = 0.001796,	Top-1 err = 54.520000,	Top-5 err = 32.640000,	train_time = 2.665064
TRAIN Iter 159: loss = 0.001811,	Top-1 err = 52.770000,	Top-5 err = 30.350000,	train_time = 2.613601
TRAIN Iter 160: loss = 0.001772,	Top-1 err = 54.580000,	Top-5 err = 32.060000,	train_time = 2.507308
TRAIN Iter 161: loss = 0.001777,	Top-1 err = 54.420000,	Top-5 err = 32.860000,	train_time = 2.616271
TRAIN Iter 162: loss = 0.001795,	Top-1 err = 53.190000,	Top-5 err = 30.990000,	train_time = 2.645633
TRAIN Iter 163: loss = 0.001777,	Top-1 err = 52.880000,	Top-5 err = 31.320000,	train_time = 2.546159
TRAIN Iter 164: loss = 0.001765,	Top-1 err = 51.880000,	Top-5 err = 29.870000,	train_time = 2.605312
TRAIN Iter 165: loss = 0.001766,	Top-1 err = 53.270000,	Top-5 err = 31.110000,	train_time = 2.638486
TRAIN Iter 166: loss = 0.001752,	Top-1 err = 54.160000,	Top-5 err = 31.810000,	train_time = 2.534050
TRAIN Iter 167: loss = 0.001737,	Top-1 err = 52.700000,	Top-5 err = 30.280000,	train_time = 2.496633
TRAIN Iter 168: loss = 0.001719,	Top-1 err = 53.460000,	Top-5 err = 30.670000,	train_time = 2.630437
TRAIN Iter 169: loss = 0.001761,	Top-1 err = 52.610000,	Top-5 err = 31.240000,	train_time = 2.504261
TRAIN Iter 170: loss = 0.001765,	Top-1 err = 54.630000,	Top-5 err = 32.140000,	train_time = 2.550315
TRAIN Iter 171: loss = 0.001744,	Top-1 err = 53.450000,	Top-5 err = 31.730000,	train_time = 2.567153
TRAIN Iter 172: loss = 0.001741,	Top-1 err = 55.940000,	Top-5 err = 34.070000,	train_time = 2.579790
TRAIN Iter 173: loss = 0.001738,	Top-1 err = 51.950000,	Top-5 err = 30.010000,	train_time = 2.536022
TRAIN Iter 174: loss = 0.001724,	Top-1 err = 52.460000,	Top-5 err = 30.030000,	train_time = 2.536091
TRAIN Iter 175: loss = 0.001707,	Top-1 err = 53.280000,	Top-5 err = 31.490000,	train_time = 2.661888
TRAIN Iter 176: loss = 0.001701,	Top-1 err = 52.100000,	Top-5 err = 30.190000,	train_time = 2.393838
TRAIN Iter 177: loss = 0.001740,	Top-1 err = 51.770000,	Top-5 err = 30.230000,	train_time = 2.603139
TRAIN Iter 178: loss = 0.001672,	Top-1 err = 52.130000,	Top-5 err = 30.660000,	train_time = 2.566712
TRAIN Iter 179: loss = 0.001676,	Top-1 err = 54.260000,	Top-5 err = 31.930000,	train_time = 2.615830
TRAIN Iter 180: loss = 0.001713,	Top-1 err = 53.460000,	Top-5 err = 30.970000,	train_time = 2.585012
TRAIN Iter 181: loss = 0.001647,	Top-1 err = 53.650000,	Top-5 err = 31.010000,	train_time = 2.492302
TRAIN Iter 182: loss = 0.001665,	Top-1 err = 54.670000,	Top-5 err = 32.090000,	train_time = 2.655826
TRAIN Iter 183: loss = 0.001629,	Top-1 err = 53.160000,	Top-5 err = 30.690000,	train_time = 2.628970
TRAIN Iter 184: loss = 0.001682,	Top-1 err = 53.760000,	Top-5 err = 31.780000,	train_time = 2.577236
TRAIN Iter 185: loss = 0.001698,	Top-1 err = 52.390000,	Top-5 err = 30.630000,	train_time = 2.733096
TRAIN Iter 186: loss = 0.001665,	Top-1 err = 52.790000,	Top-5 err = 31.190000,	train_time = 2.566857
TRAIN Iter 187: loss = 0.001626,	Top-1 err = 51.780000,	Top-5 err = 29.580000,	train_time = 2.670395
TRAIN Iter 188: loss = 0.001676,	Top-1 err = 55.440000,	Top-5 err = 33.440000,	train_time = 2.458663
TRAIN Iter 189: loss = 0.001622,	Top-1 err = 54.140000,	Top-5 err = 31.430000,	train_time = 2.582276
TRAIN Iter 190: loss = 0.001658,	Top-1 err = 54.330000,	Top-5 err = 31.460000,	train_time = 2.675228
TRAIN Iter 191: loss = 0.001625,	Top-1 err = 52.210000,	Top-5 err = 30.680000,	train_time = 2.476172
TRAIN Iter 192: loss = 0.001637,	Top-1 err = 52.540000,	Top-5 err = 30.030000,	train_time = 2.592603
TRAIN Iter 193: loss = 0.001653,	Top-1 err = 51.780000,	Top-5 err = 29.590000,	train_time = 2.691381
TRAIN Iter 194: loss = 0.001616,	Top-1 err = 55.180000,	Top-5 err = 33.260000,	train_time = 2.584507
TRAIN Iter 195: loss = 0.001623,	Top-1 err = 52.970000,	Top-5 err = 31.230000,	train_time = 2.591715
TRAIN Iter 196: loss = 0.001635,	Top-1 err = 56.790000,	Top-5 err = 34.190000,	train_time = 2.706840
TRAIN Iter 197: loss = 0.001610,	Top-1 err = 56.880000,	Top-5 err = 34.590000,	train_time = 2.645554
TRAIN Iter 198: loss = 0.001587,	Top-1 err = 54.200000,	Top-5 err = 32.290000,	train_time = 2.679330
TRAIN Iter 199: loss = 0.001590,	Top-1 err = 53.650000,	Top-5 err = 31.190000,	train_time = 2.623371
TRAIN Iter 200: loss = 0.001576,	Top-1 err = 51.050000,	Top-5 err = 29.990000,	train_time = 2.498358
TRAIN Iter 201: loss = 0.001607,	Top-1 err = 53.940000,	Top-5 err = 32.010000,	train_time = 2.596613
TRAIN Iter 202: loss = 0.001562,	Top-1 err = 53.080000,	Top-5 err = 30.810000,	train_time = 2.604325
TRAIN Iter 203: loss = 0.001593,	Top-1 err = 51.420000,	Top-5 err = 29.110000,	train_time = 2.648044
TRAIN Iter 204: loss = 0.001585,	Top-1 err = 56.250000,	Top-5 err = 34.320000,	train_time = 2.643048
TRAIN Iter 205: loss = 0.001601,	Top-1 err = 53.800000,	Top-5 err = 31.680000,	train_time = 2.664310
TRAIN Iter 206: loss = 0.001563,	Top-1 err = 52.890000,	Top-5 err = 28.980000,	train_time = 2.602652
TRAIN Iter 207: loss = 0.001589,	Top-1 err = 54.920000,	Top-5 err = 31.790000,	train_time = 2.710101
TRAIN Iter 208: loss = 0.001565,	Top-1 err = 51.770000,	Top-5 err = 29.450000,	train_time = 2.576323
TRAIN Iter 209: loss = 0.001555,	Top-1 err = 55.980000,	Top-5 err = 33.300000,	train_time = 2.683338
TRAIN Iter 210: loss = 0.001577,	Top-1 err = 54.550000,	Top-5 err = 32.990000,	train_time = 2.507722
TRAIN Iter 211: loss = 0.001566,	Top-1 err = 52.910000,	Top-5 err = 30.910000,	train_time = 2.593446
TRAIN Iter 212: loss = 0.001575,	Top-1 err = 53.030000,	Top-5 err = 31.520000,	train_time = 2.571846
TRAIN Iter 213: loss = 0.001538,	Top-1 err = 53.330000,	Top-5 err = 30.650000,	train_time = 2.577584
TRAIN Iter 214: loss = 0.001561,	Top-1 err = 53.150000,	Top-5 err = 30.440000,	train_time = 2.644195
TRAIN Iter 215: loss = 0.001530,	Top-1 err = 49.460000,	Top-5 err = 27.920000,	train_time = 2.442205
TRAIN Iter 216: loss = 0.001554,	Top-1 err = 52.390000,	Top-5 err = 31.290000,	train_time = 2.539260
TRAIN Iter 217: loss = 0.001507,	Top-1 err = 52.180000,	Top-5 err = 30.330000,	train_time = 2.620285
TRAIN Iter 218: loss = 0.001514,	Top-1 err = 51.650000,	Top-5 err = 28.890000,	train_time = 2.468361
TRAIN Iter 219: loss = 0.001552,	Top-1 err = 55.080000,	Top-5 err = 33.110000,	train_time = 2.589292
TRAIN Iter 220: loss = 0.001520,	Top-1 err = 52.130000,	Top-5 err = 30.240000,	train_time = 2.503913
TRAIN Iter 221: loss = 0.001547,	Top-1 err = 55.730000,	Top-5 err = 34.290000,	train_time = 2.498776
TRAIN Iter 222: loss = 0.001531,	Top-1 err = 54.220000,	Top-5 err = 31.850000,	train_time = 2.560930
TRAIN Iter 223: loss = 0.001543,	Top-1 err = 53.370000,	Top-5 err = 30.740000,	train_time = 2.553019
TRAIN Iter 224: loss = 0.001540,	Top-1 err = 54.240000,	Top-5 err = 32.050000,	train_time = 2.638720
TRAIN Iter 225: loss = 0.001515,	Top-1 err = 53.870000,	Top-5 err = 32.210000,	train_time = 2.629309
TRAIN Iter 226: loss = 0.001520,	Top-1 err = 53.470000,	Top-5 err = 31.430000,	train_time = 2.584076
TRAIN Iter 227: loss = 0.001508,	Top-1 err = 50.890000,	Top-5 err = 29.560000,	train_time = 2.649606
TRAIN Iter 228: loss = 0.001512,	Top-1 err = 52.830000,	Top-5 err = 29.850000,	train_time = 2.691086
TRAIN Iter 229: loss = 0.001492,	Top-1 err = 51.800000,	Top-5 err = 29.790000,	train_time = 2.452685
TRAIN Iter 230: loss = 0.001495,	Top-1 err = 51.900000,	Top-5 err = 30.850000,	train_time = 2.488238
TRAIN Iter 231: loss = 0.001515,	Top-1 err = 54.600000,	Top-5 err = 32.690000,	train_time = 2.623281
TRAIN Iter 232: loss = 0.001509,	Top-1 err = 51.600000,	Top-5 err = 30.020000,	train_time = 2.599148
TRAIN Iter 233: loss = 0.001536,	Top-1 err = 52.360000,	Top-5 err = 31.310000,	train_time = 2.576435
TRAIN Iter 234: loss = 0.001463,	Top-1 err = 53.010000,	Top-5 err = 30.940000,	train_time = 2.669562
TRAIN Iter 235: loss = 0.001484,	Top-1 err = 53.940000,	Top-5 err = 31.890000,	train_time = 2.509479
TRAIN Iter 236: loss = 0.001520,	Top-1 err = 53.570000,	Top-5 err = 31.210000,	train_time = 2.554559
TRAIN Iter 237: loss = 0.001483,	Top-1 err = 53.730000,	Top-5 err = 31.320000,	train_time = 2.616165
TRAIN Iter 238: loss = 0.001447,	Top-1 err = 50.840000,	Top-5 err = 29.470000,	train_time = 2.606628
TRAIN Iter 239: loss = 0.001485,	Top-1 err = 52.440000,	Top-5 err = 30.310000,	train_time = 2.623761
TRAIN Iter 240: loss = 0.001503,	Top-1 err = 50.870000,	Top-5 err = 29.750000,	train_time = 2.657796
TRAIN Iter 241: loss = 0.001465,	Top-1 err = 52.950000,	Top-5 err = 31.310000,	train_time = 2.624111
TRAIN Iter 242: loss = 0.001468,	Top-1 err = 53.280000,	Top-5 err = 32.300000,	train_time = 2.523020
TRAIN Iter 243: loss = 0.001475,	Top-1 err = 54.380000,	Top-5 err = 32.380000,	train_time = 2.623408
TRAIN Iter 244: loss = 0.001455,	Top-1 err = 51.830000,	Top-5 err = 29.870000,	train_time = 2.661342
TRAIN Iter 245: loss = 0.001430,	Top-1 err = 50.610000,	Top-5 err = 28.510000,	train_time = 2.568959
TRAIN Iter 246: loss = 0.001485,	Top-1 err = 53.070000,	Top-5 err = 30.640000,	train_time = 2.521596
TRAIN Iter 247: loss = 0.001442,	Top-1 err = 56.030000,	Top-5 err = 34.050000,	train_time = 2.456712
TRAIN Iter 248: loss = 0.001431,	Top-1 err = 52.180000,	Top-5 err = 30.030000,	train_time = 2.481163
TRAIN Iter 249: loss = 0.001419,	Top-1 err = 53.860000,	Top-5 err = 31.500000,	train_time = 2.603765
TEST:
Iter 249: loss = 1.681066,	Top-1 err = 41.420000,	Top-5 err = 16.010000,	val_time = 0.825007
TRAIN Iter 250: loss = 0.001453,	Top-1 err = 50.820000,	Top-5 err = 28.830000,	train_time = 2.595740
TRAIN Iter 251: loss = 0.001452,	Top-1 err = 53.840000,	Top-5 err = 32.870000,	train_time = 2.518374
TRAIN Iter 252: loss = 0.001423,	Top-1 err = 51.410000,	Top-5 err = 29.370000,	train_time = 2.525465
TRAIN Iter 253: loss = 0.001410,	Top-1 err = 52.950000,	Top-5 err = 29.890000,	train_time = 2.666850
TRAIN Iter 254: loss = 0.001427,	Top-1 err = 52.360000,	Top-5 err = 29.360000,	train_time = 2.631943
TRAIN Iter 255: loss = 0.001474,	Top-1 err = 53.090000,	Top-5 err = 30.960000,	train_time = 2.561701
TRAIN Iter 256: loss = 0.001443,	Top-1 err = 52.000000,	Top-5 err = 30.530000,	train_time = 2.487849
TRAIN Iter 257: loss = 0.001421,	Top-1 err = 51.150000,	Top-5 err = 28.410000,	train_time = 2.513781
TRAIN Iter 258: loss = 0.001448,	Top-1 err = 52.480000,	Top-5 err = 31.870000,	train_time = 2.568083
TRAIN Iter 259: loss = 0.001426,	Top-1 err = 50.130000,	Top-5 err = 29.180000,	train_time = 2.481387
TEST:
Iter 259: loss = 1.687519,	Top-1 err = 41.820000,	Top-5 err = 16.100000,	val_time = 0.767734
TRAIN Iter 260: loss = 0.001414,	Top-1 err = 53.190000,	Top-5 err = 31.940000,	train_time = 2.659874
TRAIN Iter 261: loss = 0.001413,	Top-1 err = 49.700000,	Top-5 err = 28.260000,	train_time = 2.576925
TRAIN Iter 262: loss = 0.001442,	Top-1 err = 53.720000,	Top-5 err = 31.890000,	train_time = 2.598573
TRAIN Iter 263: loss = 0.001421,	Top-1 err = 54.560000,	Top-5 err = 32.500000,	train_time = 2.595455
TRAIN Iter 264: loss = 0.001444,	Top-1 err = 54.230000,	Top-5 err = 33.150000,	train_time = 2.460112
TRAIN Iter 265: loss = 0.001424,	Top-1 err = 49.840000,	Top-5 err = 28.250000,	train_time = 2.592711
TRAIN Iter 266: loss = 0.001412,	Top-1 err = 53.380000,	Top-5 err = 30.910000,	train_time = 2.591750
TRAIN Iter 267: loss = 0.001411,	Top-1 err = 52.750000,	Top-5 err = 30.320000,	train_time = 2.566287
TRAIN Iter 268: loss = 0.001415,	Top-1 err = 51.010000,	Top-5 err = 28.840000,	train_time = 2.613193
TRAIN Iter 269: loss = 0.001377,	Top-1 err = 50.790000,	Top-5 err = 29.860000,	train_time = 2.483020
TEST:
Iter 269: loss = 1.658070,	Top-1 err = 41.660000,	Top-5 err = 15.740000,	val_time = 0.744495
TRAIN Iter 270: loss = 0.001405,	Top-1 err = 54.380000,	Top-5 err = 33.070000,	train_time = 2.593483
TRAIN Iter 271: loss = 0.001387,	Top-1 err = 51.800000,	Top-5 err = 30.290000,	train_time = 2.652686
TRAIN Iter 272: loss = 0.001370,	Top-1 err = 50.130000,	Top-5 err = 28.120000,	train_time = 2.697413
TRAIN Iter 273: loss = 0.001423,	Top-1 err = 51.850000,	Top-5 err = 30.680000,	train_time = 2.574336
TRAIN Iter 274: loss = 0.001390,	Top-1 err = 52.640000,	Top-5 err = 30.140000,	train_time = 2.592363
TRAIN Iter 275: loss = 0.001408,	Top-1 err = 51.640000,	Top-5 err = 29.020000,	train_time = 2.631403
TRAIN Iter 276: loss = 0.001381,	Top-1 err = 50.870000,	Top-5 err = 29.630000,	train_time = 2.495752
TRAIN Iter 277: loss = 0.001375,	Top-1 err = 53.430000,	Top-5 err = 31.370000,	train_time = 2.607908
TRAIN Iter 278: loss = 0.001393,	Top-1 err = 53.230000,	Top-5 err = 31.750000,	train_time = 2.509922
TRAIN Iter 279: loss = 0.001376,	Top-1 err = 54.530000,	Top-5 err = 32.620000,	train_time = 2.637220
TEST:
Iter 279: loss = 1.631126,	Top-1 err = 41.180000,	Top-5 err = 15.660000,	val_time = 0.824427
TRAIN Iter 280: loss = 0.001383,	Top-1 err = 48.970000,	Top-5 err = 28.100000,	train_time = 2.470570
TRAIN Iter 281: loss = 0.001376,	Top-1 err = 50.270000,	Top-5 err = 29.190000,	train_time = 2.534158
TRAIN Iter 282: loss = 0.001380,	Top-1 err = 53.240000,	Top-5 err = 30.740000,	train_time = 2.650169
TRAIN Iter 283: loss = 0.001368,	Top-1 err = 51.650000,	Top-5 err = 30.340000,	train_time = 2.407182
TRAIN Iter 284: loss = 0.001342,	Top-1 err = 50.450000,	Top-5 err = 28.890000,	train_time = 2.488566
TRAIN Iter 285: loss = 0.001371,	Top-1 err = 51.730000,	Top-5 err = 29.890000,	train_time = 2.540744
TRAIN Iter 286: loss = 0.001373,	Top-1 err = 50.370000,	Top-5 err = 28.840000,	train_time = 2.616497
TRAIN Iter 287: loss = 0.001371,	Top-1 err = 51.530000,	Top-5 err = 30.050000,	train_time = 2.624683
TRAIN Iter 288: loss = 0.001360,	Top-1 err = 50.410000,	Top-5 err = 28.630000,	train_time = 2.650527
TRAIN Iter 289: loss = 0.001355,	Top-1 err = 51.430000,	Top-5 err = 30.020000,	train_time = 2.520897
TEST:
Iter 289: loss = 1.644858,	Top-1 err = 40.930000,	Top-5 err = 15.740000,	val_time = 0.759259
TRAIN Iter 290: loss = 0.001360,	Top-1 err = 50.400000,	Top-5 err = 28.590000,	train_time = 2.461378
TRAIN Iter 291: loss = 0.001366,	Top-1 err = 53.250000,	Top-5 err = 31.110000,	train_time = 2.529460
TRAIN Iter 292: loss = 0.001368,	Top-1 err = 52.830000,	Top-5 err = 32.100000,	train_time = 2.559747
TRAIN Iter 293: loss = 0.001374,	Top-1 err = 53.260000,	Top-5 err = 31.380000,	train_time = 2.612472
TRAIN Iter 294: loss = 0.001332,	Top-1 err = 52.390000,	Top-5 err = 30.240000,	train_time = 2.530850
TRAIN Iter 295: loss = 0.001351,	Top-1 err = 51.340000,	Top-5 err = 30.090000,	train_time = 2.518279
TRAIN Iter 296: loss = 0.001349,	Top-1 err = 52.090000,	Top-5 err = 30.220000,	train_time = 2.504798
TRAIN Iter 297: loss = 0.001351,	Top-1 err = 51.130000,	Top-5 err = 29.430000,	train_time = 2.591857
TRAIN Iter 298: loss = 0.001339,	Top-1 err = 52.070000,	Top-5 err = 29.930000,	train_time = 2.580969
TRAIN Iter 299: loss = 0.001350,	Top-1 err = 52.880000,	Top-5 err = 31.420000,	train_time = 2.632406
TEST:
Iter 299: loss = 1.649147,	Top-1 err = 41.330000,	Top-5 err = 15.840000,	val_time = 0.803738
Train Finish! Best accuracy is 59.07@289
