/home/dvspanos/miniconda3/envs/rded/lib/python3.10/site-packages/torch/cuda/__init__.py:611: UserWarning: Can't initialize NVML
  warnings.warn("Can't initialize NVML")
=> using pytorch pre-trained teacher model 'conv3'
process data from /home/dvspanos/nikos/ca2d/artifacts/rded_sets/rcad_feat_fl_ipc10
load data successfully
TRAIN Iter 0: loss = 0.027263,	Top-1 err = 96.700000,	Top-5 err = 87.500000,	train_time = 1.126502
TRAIN Iter 1: loss = 0.023078,	Top-1 err = 93.400000,	Top-5 err = 76.900000,	train_time = 0.385358
TRAIN Iter 2: loss = 0.022388,	Top-1 err = 88.100000,	Top-5 err = 64.400000,	train_time = 0.386817
TRAIN Iter 3: loss = 0.019717,	Top-1 err = 87.100000,	Top-5 err = 63.300000,	train_time = 0.417074
TRAIN Iter 4: loss = 0.020006,	Top-1 err = 81.600000,	Top-5 err = 54.300000,	train_time = 0.405926
TRAIN Iter 5: loss = 0.018477,	Top-1 err = 78.400000,	Top-5 err = 49.600000,	train_time = 0.386817
TRAIN Iter 6: loss = 0.017392,	Top-1 err = 74.900000,	Top-5 err = 49.100000,	train_time = 0.422755
TRAIN Iter 7: loss = 0.017294,	Top-1 err = 79.000000,	Top-5 err = 50.700000,	train_time = 0.412923
TRAIN Iter 8: loss = 0.016186,	Top-1 err = 77.500000,	Top-5 err = 49.600000,	train_time = 0.374020
TRAIN Iter 9: loss = 0.014795,	Top-1 err = 75.400000,	Top-5 err = 48.000000,	train_time = 0.360943
TRAIN Iter 10: loss = 0.014644,	Top-1 err = 69.400000,	Top-5 err = 43.900000,	train_time = 0.386738
TRAIN Iter 11: loss = 0.014465,	Top-1 err = 71.300000,	Top-5 err = 47.200000,	train_time = 0.395792
TRAIN Iter 12: loss = 0.013488,	Top-1 err = 67.900000,	Top-5 err = 38.800000,	train_time = 0.378900
TRAIN Iter 13: loss = 0.013492,	Top-1 err = 70.300000,	Top-5 err = 42.400000,	train_time = 0.407443
TRAIN Iter 14: loss = 0.012861,	Top-1 err = 68.700000,	Top-5 err = 44.100000,	train_time = 0.394280
TRAIN Iter 15: loss = 0.012087,	Top-1 err = 64.300000,	Top-5 err = 36.400000,	train_time = 0.395631
TRAIN Iter 16: loss = 0.011304,	Top-1 err = 67.600000,	Top-5 err = 41.800000,	train_time = 0.380126
TRAIN Iter 17: loss = 0.011698,	Top-1 err = 66.000000,	Top-5 err = 38.200000,	train_time = 0.368312
TRAIN Iter 18: loss = 0.011383,	Top-1 err = 64.500000,	Top-5 err = 38.500000,	train_time = 0.408832
TRAIN Iter 19: loss = 0.011169,	Top-1 err = 59.300000,	Top-5 err = 32.100000,	train_time = 0.392645
TRAIN Iter 20: loss = 0.011059,	Top-1 err = 60.900000,	Top-5 err = 33.200000,	train_time = 0.409456
TRAIN Iter 21: loss = 0.010648,	Top-1 err = 60.100000,	Top-5 err = 32.500000,	train_time = 0.412463
TRAIN Iter 22: loss = 0.009770,	Top-1 err = 58.700000,	Top-5 err = 30.900000,	train_time = 0.377445
TRAIN Iter 23: loss = 0.010441,	Top-1 err = 57.300000,	Top-5 err = 31.300000,	train_time = 0.369833
TRAIN Iter 24: loss = 0.009752,	Top-1 err = 57.800000,	Top-5 err = 33.400000,	train_time = 0.414623
TRAIN Iter 25: loss = 0.009981,	Top-1 err = 53.500000,	Top-5 err = 27.400000,	train_time = 0.411849
TRAIN Iter 26: loss = 0.009717,	Top-1 err = 62.400000,	Top-5 err = 38.700000,	train_time = 0.391423
TRAIN Iter 27: loss = 0.009433,	Top-1 err = 62.300000,	Top-5 err = 37.400000,	train_time = 0.383400
TRAIN Iter 28: loss = 0.009215,	Top-1 err = 54.300000,	Top-5 err = 28.900000,	train_time = 0.400299
TRAIN Iter 29: loss = 0.009263,	Top-1 err = 54.700000,	Top-5 err = 29.800000,	train_time = 0.351713
TRAIN Iter 30: loss = 0.008965,	Top-1 err = 58.500000,	Top-5 err = 34.300000,	train_time = 0.382676
TRAIN Iter 31: loss = 0.008813,	Top-1 err = 55.500000,	Top-5 err = 30.600000,	train_time = 0.377973
TRAIN Iter 32: loss = 0.008784,	Top-1 err = 54.300000,	Top-5 err = 33.300000,	train_time = 0.391917
TRAIN Iter 33: loss = 0.008803,	Top-1 err = 56.500000,	Top-5 err = 32.100000,	train_time = 0.366179
TRAIN Iter 34: loss = 0.008131,	Top-1 err = 53.700000,	Top-5 err = 28.500000,	train_time = 0.434279
TRAIN Iter 35: loss = 0.008143,	Top-1 err = 58.100000,	Top-5 err = 33.000000,	train_time = 0.386029
TRAIN Iter 36: loss = 0.008083,	Top-1 err = 62.500000,	Top-5 err = 37.700000,	train_time = 0.442758
TRAIN Iter 37: loss = 0.007870,	Top-1 err = 47.200000,	Top-5 err = 23.300000,	train_time = 0.382480
TRAIN Iter 38: loss = 0.007751,	Top-1 err = 50.200000,	Top-5 err = 26.000000,	train_time = 0.354745
TRAIN Iter 39: loss = 0.007690,	Top-1 err = 48.700000,	Top-5 err = 25.100000,	train_time = 0.367087
TRAIN Iter 40: loss = 0.007450,	Top-1 err = 48.600000,	Top-5 err = 24.500000,	train_time = 0.392280
TRAIN Iter 41: loss = 0.007627,	Top-1 err = 48.100000,	Top-5 err = 24.600000,	train_time = 0.409015
TRAIN Iter 42: loss = 0.007617,	Top-1 err = 48.100000,	Top-5 err = 23.500000,	train_time = 0.438550
TRAIN Iter 43: loss = 0.007446,	Top-1 err = 48.100000,	Top-5 err = 26.000000,	train_time = 0.396279
TRAIN Iter 44: loss = 0.007529,	Top-1 err = 49.400000,	Top-5 err = 27.700000,	train_time = 0.415513
TRAIN Iter 45: loss = 0.007558,	Top-1 err = 50.200000,	Top-5 err = 25.400000,	train_time = 0.362293
TRAIN Iter 46: loss = 0.007466,	Top-1 err = 50.600000,	Top-5 err = 26.900000,	train_time = 0.392762
TRAIN Iter 47: loss = 0.007068,	Top-1 err = 56.400000,	Top-5 err = 33.200000,	train_time = 0.405434
TRAIN Iter 48: loss = 0.007028,	Top-1 err = 50.600000,	Top-5 err = 28.700000,	train_time = 0.402676
TRAIN Iter 49: loss = 0.007382,	Top-1 err = 51.600000,	Top-5 err = 30.400000,	train_time = 0.384910
TRAIN Iter 50: loss = 0.007152,	Top-1 err = 45.400000,	Top-5 err = 21.700000,	train_time = 0.391241
TRAIN Iter 51: loss = 0.007319,	Top-1 err = 52.300000,	Top-5 err = 31.300000,	train_time = 0.370692
TRAIN Iter 52: loss = 0.006942,	Top-1 err = 54.200000,	Top-5 err = 32.600000,	train_time = 0.418073
TRAIN Iter 53: loss = 0.006685,	Top-1 err = 52.200000,	Top-5 err = 29.900000,	train_time = 0.354689
TRAIN Iter 54: loss = 0.006706,	Top-1 err = 49.200000,	Top-5 err = 24.800000,	train_time = 0.482701
TRAIN Iter 55: loss = 0.006518,	Top-1 err = 43.700000,	Top-5 err = 20.100000,	train_time = 0.384942
TRAIN Iter 56: loss = 0.006652,	Top-1 err = 41.900000,	Top-5 err = 21.100000,	train_time = 0.392957
TRAIN Iter 57: loss = 0.006384,	Top-1 err = 52.100000,	Top-5 err = 28.000000,	train_time = 0.395232
TRAIN Iter 58: loss = 0.006483,	Top-1 err = 47.800000,	Top-5 err = 25.000000,	train_time = 0.407721
TRAIN Iter 59: loss = 0.006425,	Top-1 err = 49.200000,	Top-5 err = 28.900000,	train_time = 0.400363
TRAIN Iter 60: loss = 0.006519,	Top-1 err = 53.800000,	Top-5 err = 30.900000,	train_time = 0.390082
TRAIN Iter 61: loss = 0.006243,	Top-1 err = 42.600000,	Top-5 err = 19.400000,	train_time = 0.405969
TRAIN Iter 62: loss = 0.006236,	Top-1 err = 45.800000,	Top-5 err = 21.900000,	train_time = 0.354214
TRAIN Iter 63: loss = 0.006171,	Top-1 err = 46.300000,	Top-5 err = 23.500000,	train_time = 0.369411
TRAIN Iter 64: loss = 0.006316,	Top-1 err = 55.200000,	Top-5 err = 29.400000,	train_time = 0.367701
TRAIN Iter 65: loss = 0.006000,	Top-1 err = 49.700000,	Top-5 err = 25.100000,	train_time = 0.388033
TRAIN Iter 66: loss = 0.005894,	Top-1 err = 45.100000,	Top-5 err = 22.300000,	train_time = 0.406958
TRAIN Iter 67: loss = 0.006265,	Top-1 err = 54.500000,	Top-5 err = 33.100000,	train_time = 0.392053
TRAIN Iter 68: loss = 0.006061,	Top-1 err = 50.700000,	Top-5 err = 27.800000,	train_time = 0.392825
TRAIN Iter 69: loss = 0.006121,	Top-1 err = 48.700000,	Top-5 err = 27.300000,	train_time = 0.370577
TRAIN Iter 70: loss = 0.005868,	Top-1 err = 47.200000,	Top-5 err = 25.800000,	train_time = 0.398041
TRAIN Iter 71: loss = 0.005974,	Top-1 err = 44.500000,	Top-5 err = 25.100000,	train_time = 0.362279
TRAIN Iter 72: loss = 0.005948,	Top-1 err = 48.300000,	Top-5 err = 24.800000,	train_time = 0.394551
TRAIN Iter 73: loss = 0.005856,	Top-1 err = 45.600000,	Top-5 err = 23.500000,	train_time = 0.419190
TRAIN Iter 74: loss = 0.005857,	Top-1 err = 53.100000,	Top-5 err = 30.200000,	train_time = 0.414095
TRAIN Iter 75: loss = 0.005872,	Top-1 err = 46.200000,	Top-5 err = 25.900000,	train_time = 0.416992
TRAIN Iter 76: loss = 0.005747,	Top-1 err = 49.800000,	Top-5 err = 28.400000,	train_time = 0.397300
TRAIN Iter 77: loss = 0.005824,	Top-1 err = 51.500000,	Top-5 err = 31.100000,	train_time = 0.397621
TRAIN Iter 78: loss = 0.005734,	Top-1 err = 46.900000,	Top-5 err = 25.400000,	train_time = 0.399738
TRAIN Iter 79: loss = 0.005839,	Top-1 err = 49.800000,	Top-5 err = 30.700000,	train_time = 0.399052
TRAIN Iter 80: loss = 0.005755,	Top-1 err = 47.700000,	Top-5 err = 24.100000,	train_time = 0.378949
TRAIN Iter 81: loss = 0.005795,	Top-1 err = 50.900000,	Top-5 err = 30.600000,	train_time = 0.401211
TRAIN Iter 82: loss = 0.005447,	Top-1 err = 48.700000,	Top-5 err = 26.900000,	train_time = 0.376278
TRAIN Iter 83: loss = 0.005554,	Top-1 err = 44.400000,	Top-5 err = 23.000000,	train_time = 0.397223
TRAIN Iter 84: loss = 0.005780,	Top-1 err = 50.200000,	Top-5 err = 30.500000,	train_time = 0.375473
TRAIN Iter 85: loss = 0.005721,	Top-1 err = 45.900000,	Top-5 err = 25.300000,	train_time = 0.400177
TRAIN Iter 86: loss = 0.005198,	Top-1 err = 47.100000,	Top-5 err = 26.400000,	train_time = 0.390785
TRAIN Iter 87: loss = 0.005495,	Top-1 err = 42.700000,	Top-5 err = 22.500000,	train_time = 0.406666
TRAIN Iter 88: loss = 0.005624,	Top-1 err = 49.900000,	Top-5 err = 27.900000,	train_time = 0.386332
TRAIN Iter 89: loss = 0.005375,	Top-1 err = 47.000000,	Top-5 err = 27.500000,	train_time = 0.402936
TRAIN Iter 90: loss = 0.005102,	Top-1 err = 43.300000,	Top-5 err = 23.300000,	train_time = 0.409175
TRAIN Iter 91: loss = 0.005362,	Top-1 err = 46.800000,	Top-5 err = 26.900000,	train_time = 0.355068
TRAIN Iter 92: loss = 0.005520,	Top-1 err = 47.900000,	Top-5 err = 25.300000,	train_time = 0.402015
TRAIN Iter 93: loss = 0.005422,	Top-1 err = 49.600000,	Top-5 err = 27.700000,	train_time = 0.400426
TRAIN Iter 94: loss = 0.005303,	Top-1 err = 48.300000,	Top-5 err = 26.500000,	train_time = 0.371319
TRAIN Iter 95: loss = 0.005316,	Top-1 err = 46.400000,	Top-5 err = 24.500000,	train_time = 0.384304
TRAIN Iter 96: loss = 0.005336,	Top-1 err = 50.500000,	Top-5 err = 28.400000,	train_time = 0.367235
TRAIN Iter 97: loss = 0.005394,	Top-1 err = 51.500000,	Top-5 err = 28.800000,	train_time = 0.385563
TRAIN Iter 98: loss = 0.005182,	Top-1 err = 54.300000,	Top-5 err = 31.300000,	train_time = 0.393258
TRAIN Iter 99: loss = 0.005059,	Top-1 err = 42.900000,	Top-5 err = 21.300000,	train_time = 0.401661
TRAIN Iter 100: loss = 0.005057,	Top-1 err = 50.600000,	Top-5 err = 29.800000,	train_time = 0.420747
TRAIN Iter 101: loss = 0.005078,	Top-1 err = 45.800000,	Top-5 err = 22.500000,	train_time = 0.402063
TRAIN Iter 102: loss = 0.005134,	Top-1 err = 48.800000,	Top-5 err = 29.200000,	train_time = 0.401019
TRAIN Iter 103: loss = 0.005058,	Top-1 err = 48.500000,	Top-5 err = 28.700000,	train_time = 0.406171
TRAIN Iter 104: loss = 0.005389,	Top-1 err = 55.400000,	Top-5 err = 32.800000,	train_time = 0.372814
TRAIN Iter 105: loss = 0.005112,	Top-1 err = 43.800000,	Top-5 err = 27.400000,	train_time = 0.387930
TRAIN Iter 106: loss = 0.005109,	Top-1 err = 49.200000,	Top-5 err = 29.600000,	train_time = 0.376084
TRAIN Iter 107: loss = 0.004937,	Top-1 err = 41.700000,	Top-5 err = 22.200000,	train_time = 0.406861
TRAIN Iter 108: loss = 0.004780,	Top-1 err = 43.500000,	Top-5 err = 22.300000,	train_time = 0.388519
TRAIN Iter 109: loss = 0.004953,	Top-1 err = 46.500000,	Top-5 err = 27.600000,	train_time = 0.402583
TRAIN Iter 110: loss = 0.004877,	Top-1 err = 43.400000,	Top-5 err = 20.500000,	train_time = 0.377924
TRAIN Iter 111: loss = 0.004816,	Top-1 err = 43.800000,	Top-5 err = 25.100000,	train_time = 0.411580
TRAIN Iter 112: loss = 0.004648,	Top-1 err = 41.500000,	Top-5 err = 19.800000,	train_time = 0.396774
TRAIN Iter 113: loss = 0.004815,	Top-1 err = 40.400000,	Top-5 err = 20.800000,	train_time = 0.403827
TRAIN Iter 114: loss = 0.004953,	Top-1 err = 49.600000,	Top-5 err = 28.400000,	train_time = 0.367810
TRAIN Iter 115: loss = 0.004826,	Top-1 err = 43.900000,	Top-5 err = 22.700000,	train_time = 0.397988
TRAIN Iter 116: loss = 0.004816,	Top-1 err = 48.800000,	Top-5 err = 28.100000,	train_time = 0.398007
TRAIN Iter 117: loss = 0.004795,	Top-1 err = 51.100000,	Top-5 err = 28.800000,	train_time = 0.375942
TRAIN Iter 118: loss = 0.004828,	Top-1 err = 44.800000,	Top-5 err = 25.500000,	train_time = 0.389524
TRAIN Iter 119: loss = 0.004823,	Top-1 err = 49.800000,	Top-5 err = 26.900000,	train_time = 0.362069
TRAIN Iter 120: loss = 0.004781,	Top-1 err = 47.900000,	Top-5 err = 24.500000,	train_time = 0.398995
TRAIN Iter 121: loss = 0.004781,	Top-1 err = 43.100000,	Top-5 err = 22.700000,	train_time = 0.394951
TRAIN Iter 122: loss = 0.004981,	Top-1 err = 50.300000,	Top-5 err = 32.300000,	train_time = 0.392871
TRAIN Iter 123: loss = 0.004839,	Top-1 err = 50.800000,	Top-5 err = 32.300000,	train_time = 0.388597
TRAIN Iter 124: loss = 0.004685,	Top-1 err = 42.700000,	Top-5 err = 21.600000,	train_time = 0.379452
TRAIN Iter 125: loss = 0.004614,	Top-1 err = 38.400000,	Top-5 err = 17.900000,	train_time = 0.401830
TRAIN Iter 126: loss = 0.004666,	Top-1 err = 47.500000,	Top-5 err = 25.600000,	train_time = 0.394598
TRAIN Iter 127: loss = 0.004648,	Top-1 err = 44.200000,	Top-5 err = 22.200000,	train_time = 0.358423
TRAIN Iter 128: loss = 0.004512,	Top-1 err = 42.000000,	Top-5 err = 24.400000,	train_time = 0.399637
TRAIN Iter 129: loss = 0.004550,	Top-1 err = 45.200000,	Top-5 err = 23.800000,	train_time = 0.395657
TRAIN Iter 130: loss = 0.004662,	Top-1 err = 49.500000,	Top-5 err = 27.500000,	train_time = 0.413400
TRAIN Iter 131: loss = 0.004628,	Top-1 err = 45.700000,	Top-5 err = 25.700000,	train_time = 0.381141
TRAIN Iter 132: loss = 0.004838,	Top-1 err = 52.000000,	Top-5 err = 32.800000,	train_time = 0.422710
TRAIN Iter 133: loss = 0.004620,	Top-1 err = 47.200000,	Top-5 err = 26.600000,	train_time = 0.395840
TRAIN Iter 134: loss = 0.004446,	Top-1 err = 42.500000,	Top-5 err = 22.100000,	train_time = 0.405845
TRAIN Iter 135: loss = 0.004736,	Top-1 err = 55.200000,	Top-5 err = 35.400000,	train_time = 0.357499
TRAIN Iter 136: loss = 0.004331,	Top-1 err = 44.400000,	Top-5 err = 23.300000,	train_time = 0.387902
TRAIN Iter 137: loss = 0.004477,	Top-1 err = 40.100000,	Top-5 err = 21.800000,	train_time = 0.374030
TRAIN Iter 138: loss = 0.004520,	Top-1 err = 43.200000,	Top-5 err = 22.800000,	train_time = 0.383952
TRAIN Iter 139: loss = 0.004639,	Top-1 err = 53.400000,	Top-5 err = 31.300000,	train_time = 0.390557
TRAIN Iter 140: loss = 0.004533,	Top-1 err = 43.500000,	Top-5 err = 22.700000,	train_time = 0.389253
TRAIN Iter 141: loss = 0.004294,	Top-1 err = 40.500000,	Top-5 err = 23.100000,	train_time = 0.415631
TRAIN Iter 142: loss = 0.004549,	Top-1 err = 44.100000,	Top-5 err = 24.700000,	train_time = 0.368319
TRAIN Iter 143: loss = 0.004160,	Top-1 err = 35.800000,	Top-5 err = 16.700000,	train_time = 0.395025
TRAIN Iter 144: loss = 0.004380,	Top-1 err = 44.100000,	Top-5 err = 24.300000,	train_time = 0.407287
TRAIN Iter 145: loss = 0.004497,	Top-1 err = 53.800000,	Top-5 err = 31.600000,	train_time = 0.403512
TRAIN Iter 146: loss = 0.004409,	Top-1 err = 44.700000,	Top-5 err = 27.300000,	train_time = 0.377349
TRAIN Iter 147: loss = 0.004507,	Top-1 err = 50.500000,	Top-5 err = 30.300000,	train_time = 0.407420
TRAIN Iter 148: loss = 0.004690,	Top-1 err = 48.900000,	Top-5 err = 29.000000,	train_time = 0.364872
TRAIN Iter 149: loss = 0.004565,	Top-1 err = 45.200000,	Top-5 err = 24.200000,	train_time = 0.423775
TRAIN Iter 150: loss = 0.004484,	Top-1 err = 52.600000,	Top-5 err = 30.900000,	train_time = 0.389895
TRAIN Iter 151: loss = 0.004303,	Top-1 err = 39.600000,	Top-5 err = 19.400000,	train_time = 0.395735
TRAIN Iter 152: loss = 0.004290,	Top-1 err = 47.700000,	Top-5 err = 26.800000,	train_time = 0.367006
TRAIN Iter 153: loss = 0.004487,	Top-1 err = 44.800000,	Top-5 err = 24.300000,	train_time = 0.412649
TRAIN Iter 154: loss = 0.004263,	Top-1 err = 43.700000,	Top-5 err = 20.400000,	train_time = 0.414596
TRAIN Iter 155: loss = 0.004366,	Top-1 err = 44.900000,	Top-5 err = 24.100000,	train_time = 0.391610
TRAIN Iter 156: loss = 0.004331,	Top-1 err = 46.800000,	Top-5 err = 28.300000,	train_time = 0.402088
TRAIN Iter 157: loss = 0.004439,	Top-1 err = 52.600000,	Top-5 err = 34.300000,	train_time = 0.398494
TRAIN Iter 158: loss = 0.004314,	Top-1 err = 42.100000,	Top-5 err = 20.300000,	train_time = 0.395213
TRAIN Iter 159: loss = 0.004533,	Top-1 err = 52.000000,	Top-5 err = 34.300000,	train_time = 0.381304
TRAIN Iter 160: loss = 0.004363,	Top-1 err = 42.500000,	Top-5 err = 23.100000,	train_time = 0.446155
TRAIN Iter 161: loss = 0.004177,	Top-1 err = 40.600000,	Top-5 err = 22.900000,	train_time = 0.382335
TRAIN Iter 162: loss = 0.004189,	Top-1 err = 48.900000,	Top-5 err = 27.300000,	train_time = 0.396599
TRAIN Iter 163: loss = 0.004370,	Top-1 err = 49.000000,	Top-5 err = 26.000000,	train_time = 0.401917
TRAIN Iter 164: loss = 0.004286,	Top-1 err = 48.900000,	Top-5 err = 29.000000,	train_time = 0.396495
TRAIN Iter 165: loss = 0.004213,	Top-1 err = 50.500000,	Top-5 err = 28.400000,	train_time = 0.346768
TRAIN Iter 166: loss = 0.004168,	Top-1 err = 48.700000,	Top-5 err = 26.500000,	train_time = 0.364984
TRAIN Iter 167: loss = 0.004099,	Top-1 err = 43.800000,	Top-5 err = 22.900000,	train_time = 0.411652
TRAIN Iter 168: loss = 0.004431,	Top-1 err = 54.800000,	Top-5 err = 35.100000,	train_time = 0.379428
TRAIN Iter 169: loss = 0.004133,	Top-1 err = 39.500000,	Top-5 err = 18.800000,	train_time = 0.397798
TRAIN Iter 170: loss = 0.004130,	Top-1 err = 44.600000,	Top-5 err = 25.700000,	train_time = 0.407731
TRAIN Iter 171: loss = 0.004082,	Top-1 err = 41.200000,	Top-5 err = 21.600000,	train_time = 0.397027
TRAIN Iter 172: loss = 0.004139,	Top-1 err = 46.800000,	Top-5 err = 25.700000,	train_time = 0.396292
TRAIN Iter 173: loss = 0.004105,	Top-1 err = 46.200000,	Top-5 err = 27.500000,	train_time = 0.387223
TRAIN Iter 174: loss = 0.004064,	Top-1 err = 36.400000,	Top-5 err = 19.900000,	train_time = 0.395703
TRAIN Iter 175: loss = 0.004072,	Top-1 err = 40.500000,	Top-5 err = 22.500000,	train_time = 0.414482
TRAIN Iter 176: loss = 0.004062,	Top-1 err = 49.100000,	Top-5 err = 29.800000,	train_time = 0.378680
TRAIN Iter 177: loss = 0.004016,	Top-1 err = 46.300000,	Top-5 err = 23.100000,	train_time = 0.361241
TRAIN Iter 178: loss = 0.003792,	Top-1 err = 34.300000,	Top-5 err = 17.000000,	train_time = 0.394183
TRAIN Iter 179: loss = 0.004106,	Top-1 err = 43.100000,	Top-5 err = 23.400000,	train_time = 0.396396
TRAIN Iter 180: loss = 0.004164,	Top-1 err = 47.800000,	Top-5 err = 29.800000,	train_time = 0.380085
TRAIN Iter 181: loss = 0.003918,	Top-1 err = 41.800000,	Top-5 err = 24.300000,	train_time = 0.382364
TRAIN Iter 182: loss = 0.003861,	Top-1 err = 36.000000,	Top-5 err = 18.300000,	train_time = 0.393831
TRAIN Iter 183: loss = 0.004254,	Top-1 err = 50.800000,	Top-5 err = 31.300000,	train_time = 0.408088
TRAIN Iter 184: loss = 0.003947,	Top-1 err = 45.300000,	Top-5 err = 26.600000,	train_time = 0.397249
TRAIN Iter 185: loss = 0.003880,	Top-1 err = 35.800000,	Top-5 err = 17.500000,	train_time = 0.373560
TRAIN Iter 186: loss = 0.003989,	Top-1 err = 53.400000,	Top-5 err = 35.900000,	train_time = 0.398077
TRAIN Iter 187: loss = 0.004124,	Top-1 err = 48.100000,	Top-5 err = 27.000000,	train_time = 0.390742
TRAIN Iter 188: loss = 0.004009,	Top-1 err = 46.300000,	Top-5 err = 25.600000,	train_time = 0.396799
TRAIN Iter 189: loss = 0.004006,	Top-1 err = 48.200000,	Top-5 err = 28.100000,	train_time = 0.382980
TRAIN Iter 190: loss = 0.004133,	Top-1 err = 49.500000,	Top-5 err = 27.900000,	train_time = 0.399238
TRAIN Iter 191: loss = 0.004077,	Top-1 err = 47.900000,	Top-5 err = 27.400000,	train_time = 0.392462
TRAIN Iter 192: loss = 0.003977,	Top-1 err = 47.100000,	Top-5 err = 27.300000,	train_time = 0.411837
TRAIN Iter 193: loss = 0.004016,	Top-1 err = 44.000000,	Top-5 err = 23.400000,	train_time = 0.390184
TRAIN Iter 194: loss = 0.004020,	Top-1 err = 42.600000,	Top-5 err = 22.900000,	train_time = 0.391815
TRAIN Iter 195: loss = 0.003838,	Top-1 err = 42.900000,	Top-5 err = 23.500000,	train_time = 0.393478
TRAIN Iter 196: loss = 0.003872,	Top-1 err = 43.700000,	Top-5 err = 23.900000,	train_time = 0.376930
TRAIN Iter 197: loss = 0.003749,	Top-1 err = 39.800000,	Top-5 err = 19.700000,	train_time = 0.372105
TRAIN Iter 198: loss = 0.004003,	Top-1 err = 55.700000,	Top-5 err = 34.800000,	train_time = 0.424571
TRAIN Iter 199: loss = 0.003926,	Top-1 err = 42.900000,	Top-5 err = 21.500000,	train_time = 0.426184
TRAIN Iter 200: loss = 0.003855,	Top-1 err = 47.300000,	Top-5 err = 26.900000,	train_time = 0.378811
TRAIN Iter 201: loss = 0.003937,	Top-1 err = 48.500000,	Top-5 err = 28.000000,	train_time = 0.385893
TRAIN Iter 202: loss = 0.004065,	Top-1 err = 47.500000,	Top-5 err = 30.100000,	train_time = 0.395517
TRAIN Iter 203: loss = 0.003904,	Top-1 err = 45.800000,	Top-5 err = 23.600000,	train_time = 0.374563
TRAIN Iter 204: loss = 0.003852,	Top-1 err = 42.900000,	Top-5 err = 22.800000,	train_time = 0.375349
TRAIN Iter 205: loss = 0.003829,	Top-1 err = 46.000000,	Top-5 err = 26.600000,	train_time = 0.363923
TRAIN Iter 206: loss = 0.003540,	Top-1 err = 37.300000,	Top-5 err = 14.700000,	train_time = 0.374319
TRAIN Iter 207: loss = 0.003801,	Top-1 err = 37.100000,	Top-5 err = 17.700000,	train_time = 0.419950
TRAIN Iter 208: loss = 0.003768,	Top-1 err = 46.400000,	Top-5 err = 25.000000,	train_time = 0.397088
TRAIN Iter 209: loss = 0.003682,	Top-1 err = 41.700000,	Top-5 err = 21.100000,	train_time = 0.374942
TRAIN Iter 210: loss = 0.003948,	Top-1 err = 45.600000,	Top-5 err = 25.300000,	train_time = 0.402501
TRAIN Iter 211: loss = 0.003818,	Top-1 err = 49.000000,	Top-5 err = 28.600000,	train_time = 0.390016
TRAIN Iter 212: loss = 0.003732,	Top-1 err = 45.600000,	Top-5 err = 27.300000,	train_time = 0.433870
TRAIN Iter 213: loss = 0.003749,	Top-1 err = 39.600000,	Top-5 err = 18.500000,	train_time = 0.389735
TRAIN Iter 214: loss = 0.003828,	Top-1 err = 44.800000,	Top-5 err = 24.400000,	train_time = 0.386791
TRAIN Iter 215: loss = 0.003641,	Top-1 err = 43.200000,	Top-5 err = 23.800000,	train_time = 0.368414
TRAIN Iter 216: loss = 0.003772,	Top-1 err = 45.400000,	Top-5 err = 25.300000,	train_time = 0.352426
TRAIN Iter 217: loss = 0.003645,	Top-1 err = 42.300000,	Top-5 err = 22.300000,	train_time = 0.408132
TRAIN Iter 218: loss = 0.003823,	Top-1 err = 48.100000,	Top-5 err = 24.900000,	train_time = 0.393481
TRAIN Iter 219: loss = 0.003834,	Top-1 err = 40.300000,	Top-5 err = 19.200000,	train_time = 0.396896
TRAIN Iter 220: loss = 0.003779,	Top-1 err = 50.300000,	Top-5 err = 30.100000,	train_time = 0.391069
TRAIN Iter 221: loss = 0.003787,	Top-1 err = 48.000000,	Top-5 err = 26.600000,	train_time = 0.386896
TRAIN Iter 222: loss = 0.003620,	Top-1 err = 39.100000,	Top-5 err = 20.300000,	train_time = 0.384521
TRAIN Iter 223: loss = 0.003650,	Top-1 err = 43.500000,	Top-5 err = 21.900000,	train_time = 0.389129
TRAIN Iter 224: loss = 0.003735,	Top-1 err = 46.400000,	Top-5 err = 27.900000,	train_time = 0.376426
TRAIN Iter 225: loss = 0.003826,	Top-1 err = 51.400000,	Top-5 err = 28.800000,	train_time = 0.386596
TRAIN Iter 226: loss = 0.003986,	Top-1 err = 49.900000,	Top-5 err = 32.400000,	train_time = 0.361372
TRAIN Iter 227: loss = 0.003851,	Top-1 err = 51.600000,	Top-5 err = 33.400000,	train_time = 0.384824
TRAIN Iter 228: loss = 0.003760,	Top-1 err = 52.500000,	Top-5 err = 31.000000,	train_time = 0.405198
TRAIN Iter 229: loss = 0.003502,	Top-1 err = 41.600000,	Top-5 err = 23.000000,	train_time = 0.386017
TRAIN Iter 230: loss = 0.003586,	Top-1 err = 48.100000,	Top-5 err = 27.900000,	train_time = 0.396805
TRAIN Iter 231: loss = 0.003520,	Top-1 err = 41.500000,	Top-5 err = 21.500000,	train_time = 0.378411
TRAIN Iter 232: loss = 0.003682,	Top-1 err = 45.400000,	Top-5 err = 25.100000,	train_time = 0.370613
TRAIN Iter 233: loss = 0.003608,	Top-1 err = 37.000000,	Top-5 err = 19.000000,	train_time = 0.412951
TRAIN Iter 234: loss = 0.003891,	Top-1 err = 47.400000,	Top-5 err = 27.300000,	train_time = 0.379587
TRAIN Iter 235: loss = 0.003606,	Top-1 err = 40.400000,	Top-5 err = 22.300000,	train_time = 0.393122
TRAIN Iter 236: loss = 0.003488,	Top-1 err = 41.200000,	Top-5 err = 19.900000,	train_time = 0.403344
TRAIN Iter 237: loss = 0.003576,	Top-1 err = 41.800000,	Top-5 err = 21.600000,	train_time = 0.361207
TRAIN Iter 238: loss = 0.003657,	Top-1 err = 50.000000,	Top-5 err = 28.600000,	train_time = 0.393259
TRAIN Iter 239: loss = 0.003613,	Top-1 err = 49.800000,	Top-5 err = 30.300000,	train_time = 0.419312
TRAIN Iter 240: loss = 0.003731,	Top-1 err = 49.400000,	Top-5 err = 32.300000,	train_time = 0.426045
TRAIN Iter 241: loss = 0.003623,	Top-1 err = 44.900000,	Top-5 err = 25.500000,	train_time = 0.366654
TRAIN Iter 242: loss = 0.003645,	Top-1 err = 52.300000,	Top-5 err = 30.800000,	train_time = 0.415124
TRAIN Iter 243: loss = 0.003699,	Top-1 err = 47.000000,	Top-5 err = 29.600000,	train_time = 0.382990
TRAIN Iter 244: loss = 0.003721,	Top-1 err = 43.100000,	Top-5 err = 22.400000,	train_time = 0.384484
TRAIN Iter 245: loss = 0.003643,	Top-1 err = 52.100000,	Top-5 err = 33.200000,	train_time = 0.380266
TRAIN Iter 246: loss = 0.003732,	Top-1 err = 56.500000,	Top-5 err = 34.000000,	train_time = 0.404990
TRAIN Iter 247: loss = 0.003401,	Top-1 err = 38.600000,	Top-5 err = 19.100000,	train_time = 0.372482
TRAIN Iter 248: loss = 0.003580,	Top-1 err = 45.300000,	Top-5 err = 24.900000,	train_time = 0.412387
TRAIN Iter 249: loss = 0.003709,	Top-1 err = 48.200000,	Top-5 err = 28.900000,	train_time = 0.405282
TEST:
Iter 249: loss = 2.039894,	Top-1 err = 50.990000,	Top-5 err = 21.470000,	val_time = 0.809205
TRAIN Iter 250: loss = 0.003495,	Top-1 err = 43.700000,	Top-5 err = 25.000000,	train_time = 0.383354
TRAIN Iter 251: loss = 0.003530,	Top-1 err = 44.600000,	Top-5 err = 25.800000,	train_time = 0.422104
TRAIN Iter 252: loss = 0.003397,	Top-1 err = 38.300000,	Top-5 err = 18.800000,	train_time = 0.386726
TRAIN Iter 253: loss = 0.003478,	Top-1 err = 41.800000,	Top-5 err = 25.700000,	train_time = 0.404223
TRAIN Iter 254: loss = 0.003594,	Top-1 err = 46.900000,	Top-5 err = 25.800000,	train_time = 0.397933
TRAIN Iter 255: loss = 0.003391,	Top-1 err = 43.000000,	Top-5 err = 23.900000,	train_time = 0.371529
TRAIN Iter 256: loss = 0.003419,	Top-1 err = 44.000000,	Top-5 err = 24.800000,	train_time = 0.392123
TRAIN Iter 257: loss = 0.003562,	Top-1 err = 48.600000,	Top-5 err = 30.700000,	train_time = 0.403857
TRAIN Iter 258: loss = 0.003370,	Top-1 err = 43.400000,	Top-5 err = 22.100000,	train_time = 0.388364
TRAIN Iter 259: loss = 0.003632,	Top-1 err = 49.000000,	Top-5 err = 31.100000,	train_time = 0.320210
TEST:
Iter 259: loss = 2.036165,	Top-1 err = 51.020000,	Top-5 err = 21.700000,	val_time = 0.713329
TRAIN Iter 260: loss = 0.003490,	Top-1 err = 38.000000,	Top-5 err = 22.100000,	train_time = 0.360856
TRAIN Iter 261: loss = 0.003518,	Top-1 err = 44.900000,	Top-5 err = 21.800000,	train_time = 0.391876
TRAIN Iter 262: loss = 0.003449,	Top-1 err = 44.600000,	Top-5 err = 26.300000,	train_time = 0.400013
TRAIN Iter 263: loss = 0.003258,	Top-1 err = 38.500000,	Top-5 err = 18.200000,	train_time = 0.395582
TRAIN Iter 264: loss = 0.003276,	Top-1 err = 35.900000,	Top-5 err = 18.400000,	train_time = 0.407794
TRAIN Iter 265: loss = 0.003642,	Top-1 err = 50.400000,	Top-5 err = 29.800000,	train_time = 0.431102
TRAIN Iter 266: loss = 0.003346,	Top-1 err = 41.900000,	Top-5 err = 24.900000,	train_time = 0.327967
TRAIN Iter 267: loss = 0.003518,	Top-1 err = 50.000000,	Top-5 err = 31.100000,	train_time = 0.403508
TRAIN Iter 268: loss = 0.003373,	Top-1 err = 39.800000,	Top-5 err = 21.700000,	train_time = 0.381966
TRAIN Iter 269: loss = 0.003461,	Top-1 err = 43.900000,	Top-5 err = 23.800000,	train_time = 0.418128
TEST:
Iter 269: loss = 1.960000,	Top-1 err = 49.670000,	Top-5 err = 20.220000,	val_time = 0.802995
TRAIN Iter 270: loss = 0.003416,	Top-1 err = 49.600000,	Top-5 err = 30.300000,	train_time = 0.356845
TRAIN Iter 271: loss = 0.003365,	Top-1 err = 36.100000,	Top-5 err = 16.800000,	train_time = 0.391026
TRAIN Iter 272: loss = 0.003386,	Top-1 err = 50.200000,	Top-5 err = 30.600000,	train_time = 0.406615
TRAIN Iter 273: loss = 0.003446,	Top-1 err = 50.300000,	Top-5 err = 29.700000,	train_time = 0.401561
TRAIN Iter 274: loss = 0.003387,	Top-1 err = 44.300000,	Top-5 err = 23.200000,	train_time = 0.393211
TRAIN Iter 275: loss = 0.003298,	Top-1 err = 43.000000,	Top-5 err = 24.400000,	train_time = 0.360504
TRAIN Iter 276: loss = 0.003478,	Top-1 err = 45.400000,	Top-5 err = 25.900000,	train_time = 0.369634
TRAIN Iter 277: loss = 0.003347,	Top-1 err = 46.200000,	Top-5 err = 24.400000,	train_time = 0.407574
TRAIN Iter 278: loss = 0.003215,	Top-1 err = 39.000000,	Top-5 err = 21.400000,	train_time = 0.410727
TRAIN Iter 279: loss = 0.003298,	Top-1 err = 41.700000,	Top-5 err = 22.500000,	train_time = 0.373978
TEST:
Iter 279: loss = 1.967705,	Top-1 err = 49.630000,	Top-5 err = 20.410000,	val_time = 0.764619
TRAIN Iter 280: loss = 0.003374,	Top-1 err = 47.600000,	Top-5 err = 25.100000,	train_time = 0.374685
TRAIN Iter 281: loss = 0.003431,	Top-1 err = 46.600000,	Top-5 err = 25.300000,	train_time = 0.387578
TRAIN Iter 282: loss = 0.003345,	Top-1 err = 40.400000,	Top-5 err = 20.500000,	train_time = 0.417006
TRAIN Iter 283: loss = 0.003271,	Top-1 err = 44.900000,	Top-5 err = 25.600000,	train_time = 0.395222
TRAIN Iter 284: loss = 0.003339,	Top-1 err = 41.200000,	Top-5 err = 21.900000,	train_time = 0.417897
TRAIN Iter 285: loss = 0.003406,	Top-1 err = 50.900000,	Top-5 err = 30.600000,	train_time = 0.384170
TRAIN Iter 286: loss = 0.003336,	Top-1 err = 47.600000,	Top-5 err = 25.900000,	train_time = 0.417234
TRAIN Iter 287: loss = 0.003367,	Top-1 err = 42.900000,	Top-5 err = 21.100000,	train_time = 0.327002
TRAIN Iter 288: loss = 0.003458,	Top-1 err = 51.100000,	Top-5 err = 32.400000,	train_time = 0.393656
TRAIN Iter 289: loss = 0.003397,	Top-1 err = 51.100000,	Top-5 err = 29.700000,	train_time = 0.380112
TEST:
Iter 289: loss = 1.958905,	Top-1 err = 49.600000,	Top-5 err = 20.410000,	val_time = 0.738089
TRAIN Iter 290: loss = 0.003088,	Top-1 err = 39.500000,	Top-5 err = 20.800000,	train_time = 0.375639
TRAIN Iter 291: loss = 0.003330,	Top-1 err = 46.200000,	Top-5 err = 28.200000,	train_time = 0.417330
TRAIN Iter 292: loss = 0.003223,	Top-1 err = 48.300000,	Top-5 err = 28.500000,	train_time = 0.401988
TRAIN Iter 293: loss = 0.003103,	Top-1 err = 40.400000,	Top-5 err = 19.900000,	train_time = 0.376526
TRAIN Iter 294: loss = 0.003237,	Top-1 err = 41.600000,	Top-5 err = 21.400000,	train_time = 0.402707
TRAIN Iter 295: loss = 0.003503,	Top-1 err = 53.700000,	Top-5 err = 32.400000,	train_time = 0.354007
TRAIN Iter 296: loss = 0.003186,	Top-1 err = 45.700000,	Top-5 err = 25.500000,	train_time = 0.395251
TRAIN Iter 297: loss = 0.003331,	Top-1 err = 45.200000,	Top-5 err = 24.700000,	train_time = 0.382484
TRAIN Iter 298: loss = 0.003307,	Top-1 err = 39.600000,	Top-5 err = 21.000000,	train_time = 0.397614
TRAIN Iter 299: loss = 0.003461,	Top-1 err = 46.700000,	Top-5 err = 27.800000,	train_time = 0.405358
TEST:
Iter 299: loss = 1.951596,	Top-1 err = 49.170000,	Top-5 err = 20.060000,	val_time = 0.726363
Train Finish! Best accuracy is 50.83@299
