/home/dvspanos/miniconda3/envs/rded/lib/python3.10/site-packages/torch/cuda/__init__.py:611: UserWarning: Can't initialize NVML
  warnings.warn("Can't initialize NVML")
=> using pytorch pre-trained teacher model 'conv3'
process data from /home/dvspanos/nikos/ca2d/artifacts/rded_sets/bench_cifar100_conv_el2nw0_ipc100
load data successfully
TRAIN Iter 0: loss = 0.014821,	Top-1 err = 97.380000,	Top-5 err = 87.930000,	train_time = 3.345640
TRAIN Iter 1: loss = 0.011211,	Top-1 err = 95.970000,	Top-5 err = 82.970000,	train_time = 2.608611
TRAIN Iter 2: loss = 0.009405,	Top-1 err = 95.540000,	Top-5 err = 79.830000,	train_time = 2.567336
TRAIN Iter 3: loss = 0.008346,	Top-1 err = 94.510000,	Top-5 err = 77.440000,	train_time = 2.571581
TRAIN Iter 4: loss = 0.007503,	Top-1 err = 94.430000,	Top-5 err = 77.160000,	train_time = 2.639843
TRAIN Iter 5: loss = 0.006937,	Top-1 err = 93.570000,	Top-5 err = 73.920000,	train_time = 2.554795
TRAIN Iter 6: loss = 0.006374,	Top-1 err = 93.360000,	Top-5 err = 74.040000,	train_time = 2.553469
TRAIN Iter 7: loss = 0.006102,	Top-1 err = 92.700000,	Top-5 err = 71.970000,	train_time = 2.569811
TRAIN Iter 8: loss = 0.005776,	Top-1 err = 92.410000,	Top-5 err = 71.680000,	train_time = 2.512894
TRAIN Iter 9: loss = 0.005577,	Top-1 err = 91.810000,	Top-5 err = 70.300000,	train_time = 2.597354
TRAIN Iter 10: loss = 0.005362,	Top-1 err = 91.570000,	Top-5 err = 70.050000,	train_time = 2.585698
TRAIN Iter 11: loss = 0.005139,	Top-1 err = 91.290000,	Top-5 err = 69.060000,	train_time = 2.618373
TRAIN Iter 12: loss = 0.004966,	Top-1 err = 90.650000,	Top-5 err = 68.710000,	train_time = 2.489460
TRAIN Iter 13: loss = 0.004823,	Top-1 err = 91.410000,	Top-5 err = 69.130000,	train_time = 2.619753
TRAIN Iter 14: loss = 0.004709,	Top-1 err = 90.560000,	Top-5 err = 67.260000,	train_time = 2.601486
TRAIN Iter 15: loss = 0.004583,	Top-1 err = 90.150000,	Top-5 err = 67.770000,	train_time = 2.563498
TRAIN Iter 16: loss = 0.004454,	Top-1 err = 89.290000,	Top-5 err = 65.800000,	train_time = 2.472882
TRAIN Iter 17: loss = 0.004392,	Top-1 err = 90.310000,	Top-5 err = 68.230000,	train_time = 2.472212
TRAIN Iter 18: loss = 0.004348,	Top-1 err = 90.510000,	Top-5 err = 68.700000,	train_time = 2.521878
TRAIN Iter 19: loss = 0.004299,	Top-1 err = 89.010000,	Top-5 err = 65.450000,	train_time = 2.665171
TRAIN Iter 20: loss = 0.004097,	Top-1 err = 89.050000,	Top-5 err = 65.450000,	train_time = 2.450376
TRAIN Iter 21: loss = 0.004074,	Top-1 err = 89.030000,	Top-5 err = 65.330000,	train_time = 2.486063
TRAIN Iter 22: loss = 0.003997,	Top-1 err = 89.170000,	Top-5 err = 66.400000,	train_time = 2.580183
TRAIN Iter 23: loss = 0.003932,	Top-1 err = 88.910000,	Top-5 err = 64.820000,	train_time = 2.448724
TRAIN Iter 24: loss = 0.003878,	Top-1 err = 88.750000,	Top-5 err = 64.890000,	train_time = 2.615024
TRAIN Iter 25: loss = 0.003799,	Top-1 err = 89.030000,	Top-5 err = 65.740000,	train_time = 2.543933
TRAIN Iter 26: loss = 0.003789,	Top-1 err = 89.430000,	Top-5 err = 66.600000,	train_time = 2.592039
TRAIN Iter 27: loss = 0.003742,	Top-1 err = 87.940000,	Top-5 err = 64.200000,	train_time = 2.621613
TRAIN Iter 28: loss = 0.003717,	Top-1 err = 88.610000,	Top-5 err = 66.140000,	train_time = 2.625861
TRAIN Iter 29: loss = 0.003670,	Top-1 err = 87.620000,	Top-5 err = 64.070000,	train_time = 2.577990
TRAIN Iter 30: loss = 0.003602,	Top-1 err = 88.730000,	Top-5 err = 64.910000,	train_time = 2.587814
TRAIN Iter 31: loss = 0.003507,	Top-1 err = 88.200000,	Top-5 err = 64.980000,	train_time = 2.492394
TRAIN Iter 32: loss = 0.003545,	Top-1 err = 87.810000,	Top-5 err = 64.370000,	train_time = 2.527996
TRAIN Iter 33: loss = 0.003472,	Top-1 err = 88.680000,	Top-5 err = 65.230000,	train_time = 2.674772
TRAIN Iter 34: loss = 0.003450,	Top-1 err = 87.760000,	Top-5 err = 64.720000,	train_time = 2.541968
TRAIN Iter 35: loss = 0.003375,	Top-1 err = 87.860000,	Top-5 err = 63.940000,	train_time = 2.510162
TRAIN Iter 36: loss = 0.003338,	Top-1 err = 87.480000,	Top-5 err = 63.400000,	train_time = 2.597670
TRAIN Iter 37: loss = 0.003319,	Top-1 err = 87.650000,	Top-5 err = 63.790000,	train_time = 2.492915
TRAIN Iter 38: loss = 0.003297,	Top-1 err = 87.910000,	Top-5 err = 63.270000,	train_time = 2.572055
TRAIN Iter 39: loss = 0.003174,	Top-1 err = 87.700000,	Top-5 err = 63.520000,	train_time = 2.579919
TRAIN Iter 40: loss = 0.003209,	Top-1 err = 87.700000,	Top-5 err = 64.070000,	train_time = 2.728648
TRAIN Iter 41: loss = 0.003182,	Top-1 err = 87.800000,	Top-5 err = 64.040000,	train_time = 2.660389
TRAIN Iter 42: loss = 0.003185,	Top-1 err = 86.840000,	Top-5 err = 62.260000,	train_time = 2.631437
TRAIN Iter 43: loss = 0.003102,	Top-1 err = 87.130000,	Top-5 err = 63.500000,	train_time = 2.584432
TRAIN Iter 44: loss = 0.003089,	Top-1 err = 87.720000,	Top-5 err = 64.040000,	train_time = 2.695274
TRAIN Iter 45: loss = 0.003039,	Top-1 err = 86.960000,	Top-5 err = 62.840000,	train_time = 2.592997
TRAIN Iter 46: loss = 0.002999,	Top-1 err = 88.080000,	Top-5 err = 65.640000,	train_time = 2.437370
TRAIN Iter 47: loss = 0.002940,	Top-1 err = 87.580000,	Top-5 err = 62.590000,	train_time = 2.628909
TRAIN Iter 48: loss = 0.002954,	Top-1 err = 86.910000,	Top-5 err = 63.280000,	train_time = 2.612487
TRAIN Iter 49: loss = 0.002936,	Top-1 err = 87.570000,	Top-5 err = 63.240000,	train_time = 2.514961
TRAIN Iter 50: loss = 0.002896,	Top-1 err = 86.790000,	Top-5 err = 62.470000,	train_time = 2.451108
TRAIN Iter 51: loss = 0.002900,	Top-1 err = 86.380000,	Top-5 err = 62.570000,	train_time = 2.638054
TRAIN Iter 52: loss = 0.002819,	Top-1 err = 86.850000,	Top-5 err = 62.600000,	train_time = 2.532332
TRAIN Iter 53: loss = 0.002868,	Top-1 err = 87.280000,	Top-5 err = 62.590000,	train_time = 2.516960
TRAIN Iter 54: loss = 0.002741,	Top-1 err = 86.290000,	Top-5 err = 61.560000,	train_time = 2.585222
TRAIN Iter 55: loss = 0.002769,	Top-1 err = 86.870000,	Top-5 err = 62.550000,	train_time = 2.593738
TRAIN Iter 56: loss = 0.002748,	Top-1 err = 87.050000,	Top-5 err = 61.650000,	train_time = 2.501520
TRAIN Iter 57: loss = 0.002673,	Top-1 err = 86.150000,	Top-5 err = 61.160000,	train_time = 2.591955
TRAIN Iter 58: loss = 0.002728,	Top-1 err = 86.380000,	Top-5 err = 62.520000,	train_time = 2.548486
TRAIN Iter 59: loss = 0.002672,	Top-1 err = 86.420000,	Top-5 err = 61.420000,	train_time = 2.563289
TRAIN Iter 60: loss = 0.002673,	Top-1 err = 86.740000,	Top-5 err = 62.110000,	train_time = 2.680818
TRAIN Iter 61: loss = 0.002613,	Top-1 err = 86.640000,	Top-5 err = 62.580000,	train_time = 2.390481
TRAIN Iter 62: loss = 0.002575,	Top-1 err = 85.730000,	Top-5 err = 60.030000,	train_time = 2.580658
TRAIN Iter 63: loss = 0.002484,	Top-1 err = 85.470000,	Top-5 err = 59.790000,	train_time = 2.580176
TRAIN Iter 64: loss = 0.002506,	Top-1 err = 85.680000,	Top-5 err = 61.060000,	train_time = 2.557807
TRAIN Iter 65: loss = 0.002470,	Top-1 err = 85.390000,	Top-5 err = 59.810000,	train_time = 2.589320
TRAIN Iter 66: loss = 0.002459,	Top-1 err = 85.830000,	Top-5 err = 61.050000,	train_time = 2.723398
TRAIN Iter 67: loss = 0.002441,	Top-1 err = 85.970000,	Top-5 err = 61.040000,	train_time = 2.550512
TRAIN Iter 68: loss = 0.002416,	Top-1 err = 85.220000,	Top-5 err = 60.780000,	train_time = 2.593058
TRAIN Iter 69: loss = 0.002466,	Top-1 err = 85.900000,	Top-5 err = 60.980000,	train_time = 2.557068
TRAIN Iter 70: loss = 0.002380,	Top-1 err = 85.860000,	Top-5 err = 61.220000,	train_time = 2.491485
TRAIN Iter 71: loss = 0.002379,	Top-1 err = 85.110000,	Top-5 err = 60.200000,	train_time = 2.666798
TRAIN Iter 72: loss = 0.002325,	Top-1 err = 85.690000,	Top-5 err = 61.050000,	train_time = 2.629580
TRAIN Iter 73: loss = 0.002328,	Top-1 err = 85.730000,	Top-5 err = 61.070000,	train_time = 2.520632
TRAIN Iter 74: loss = 0.002307,	Top-1 err = 86.410000,	Top-5 err = 61.590000,	train_time = 2.505335
TRAIN Iter 75: loss = 0.002334,	Top-1 err = 86.060000,	Top-5 err = 60.630000,	train_time = 2.426558
TRAIN Iter 76: loss = 0.002273,	Top-1 err = 85.460000,	Top-5 err = 60.530000,	train_time = 2.499152
TRAIN Iter 77: loss = 0.002244,	Top-1 err = 85.160000,	Top-5 err = 60.190000,	train_time = 2.565719
TRAIN Iter 78: loss = 0.002207,	Top-1 err = 85.700000,	Top-5 err = 61.090000,	train_time = 2.368552
TRAIN Iter 79: loss = 0.002209,	Top-1 err = 85.340000,	Top-5 err = 60.650000,	train_time = 2.492518
TRAIN Iter 80: loss = 0.002185,	Top-1 err = 83.770000,	Top-5 err = 58.540000,	train_time = 2.524317
TRAIN Iter 81: loss = 0.002248,	Top-1 err = 85.540000,	Top-5 err = 59.710000,	train_time = 2.514146
TRAIN Iter 82: loss = 0.002183,	Top-1 err = 85.400000,	Top-5 err = 60.360000,	train_time = 2.624656
TRAIN Iter 83: loss = 0.002120,	Top-1 err = 84.550000,	Top-5 err = 59.440000,	train_time = 2.519785
TRAIN Iter 84: loss = 0.002128,	Top-1 err = 85.650000,	Top-5 err = 61.000000,	train_time = 2.426610
TRAIN Iter 85: loss = 0.002145,	Top-1 err = 85.620000,	Top-5 err = 60.740000,	train_time = 2.625379
TRAIN Iter 86: loss = 0.002130,	Top-1 err = 84.210000,	Top-5 err = 57.890000,	train_time = 2.626989
TRAIN Iter 87: loss = 0.002123,	Top-1 err = 85.440000,	Top-5 err = 59.880000,	train_time = 2.692342
TRAIN Iter 88: loss = 0.002073,	Top-1 err = 84.900000,	Top-5 err = 60.550000,	train_time = 2.532481
TRAIN Iter 89: loss = 0.002086,	Top-1 err = 85.290000,	Top-5 err = 60.920000,	train_time = 2.518366
TRAIN Iter 90: loss = 0.002065,	Top-1 err = 84.860000,	Top-5 err = 60.370000,	train_time = 2.499398
TRAIN Iter 91: loss = 0.002076,	Top-1 err = 85.230000,	Top-5 err = 60.740000,	train_time = 2.555773
TRAIN Iter 92: loss = 0.001997,	Top-1 err = 84.360000,	Top-5 err = 60.080000,	train_time = 2.533565
TRAIN Iter 93: loss = 0.001989,	Top-1 err = 85.170000,	Top-5 err = 60.630000,	train_time = 2.523037
TRAIN Iter 94: loss = 0.002026,	Top-1 err = 85.020000,	Top-5 err = 60.730000,	train_time = 2.547961
TRAIN Iter 95: loss = 0.001991,	Top-1 err = 84.900000,	Top-5 err = 59.850000,	train_time = 2.553945
TRAIN Iter 96: loss = 0.002004,	Top-1 err = 84.350000,	Top-5 err = 59.060000,	train_time = 2.537221
TRAIN Iter 97: loss = 0.001959,	Top-1 err = 85.880000,	Top-5 err = 61.350000,	train_time = 2.595720
TRAIN Iter 98: loss = 0.001962,	Top-1 err = 84.070000,	Top-5 err = 58.960000,	train_time = 2.481601
TRAIN Iter 99: loss = 0.001958,	Top-1 err = 85.640000,	Top-5 err = 61.700000,	train_time = 2.652951
TRAIN Iter 100: loss = 0.001962,	Top-1 err = 85.260000,	Top-5 err = 60.790000,	train_time = 2.597798
TRAIN Iter 101: loss = 0.001991,	Top-1 err = 84.570000,	Top-5 err = 59.080000,	train_time = 2.456044
TRAIN Iter 102: loss = 0.001911,	Top-1 err = 84.580000,	Top-5 err = 58.700000,	train_time = 2.697074
TRAIN Iter 103: loss = 0.001903,	Top-1 err = 84.960000,	Top-5 err = 59.450000,	train_time = 2.681329
TRAIN Iter 104: loss = 0.001895,	Top-1 err = 84.310000,	Top-5 err = 57.830000,	train_time = 2.606520
TRAIN Iter 105: loss = 0.001896,	Top-1 err = 85.120000,	Top-5 err = 61.700000,	train_time = 2.576599
TRAIN Iter 106: loss = 0.001885,	Top-1 err = 84.550000,	Top-5 err = 58.510000,	train_time = 2.650315
TRAIN Iter 107: loss = 0.001888,	Top-1 err = 83.670000,	Top-5 err = 58.110000,	train_time = 2.625799
TRAIN Iter 108: loss = 0.001873,	Top-1 err = 84.410000,	Top-5 err = 58.870000,	train_time = 2.592131
TRAIN Iter 109: loss = 0.001855,	Top-1 err = 83.870000,	Top-5 err = 58.780000,	train_time = 2.516190
TRAIN Iter 110: loss = 0.001895,	Top-1 err = 84.430000,	Top-5 err = 58.900000,	train_time = 2.611928
TRAIN Iter 111: loss = 0.001864,	Top-1 err = 84.550000,	Top-5 err = 59.650000,	train_time = 2.592676
TRAIN Iter 112: loss = 0.001810,	Top-1 err = 84.030000,	Top-5 err = 58.040000,	train_time = 2.494694
TRAIN Iter 113: loss = 0.001817,	Top-1 err = 83.730000,	Top-5 err = 59.040000,	train_time = 2.572223
TRAIN Iter 114: loss = 0.001860,	Top-1 err = 84.780000,	Top-5 err = 59.480000,	train_time = 2.542120
TRAIN Iter 115: loss = 0.001820,	Top-1 err = 84.790000,	Top-5 err = 60.140000,	train_time = 2.643047
TRAIN Iter 116: loss = 0.001820,	Top-1 err = 84.220000,	Top-5 err = 59.850000,	train_time = 2.538051
TRAIN Iter 117: loss = 0.001784,	Top-1 err = 83.610000,	Top-5 err = 58.830000,	train_time = 2.676101
TRAIN Iter 118: loss = 0.001784,	Top-1 err = 84.430000,	Top-5 err = 59.830000,	train_time = 2.662523
TRAIN Iter 119: loss = 0.001816,	Top-1 err = 84.630000,	Top-5 err = 60.280000,	train_time = 2.534187
TRAIN Iter 120: loss = 0.001799,	Top-1 err = 84.130000,	Top-5 err = 59.390000,	train_time = 2.478153
TRAIN Iter 121: loss = 0.001754,	Top-1 err = 84.250000,	Top-5 err = 60.130000,	train_time = 2.651022
TRAIN Iter 122: loss = 0.001755,	Top-1 err = 84.170000,	Top-5 err = 59.610000,	train_time = 2.601192
TRAIN Iter 123: loss = 0.001773,	Top-1 err = 84.620000,	Top-5 err = 59.240000,	train_time = 2.506780
TRAIN Iter 124: loss = 0.001751,	Top-1 err = 84.680000,	Top-5 err = 60.760000,	train_time = 2.425746
TRAIN Iter 125: loss = 0.001727,	Top-1 err = 84.500000,	Top-5 err = 59.360000,	train_time = 2.576479
TRAIN Iter 126: loss = 0.001762,	Top-1 err = 84.660000,	Top-5 err = 59.500000,	train_time = 2.595587
TRAIN Iter 127: loss = 0.001752,	Top-1 err = 84.440000,	Top-5 err = 59.720000,	train_time = 2.576095
TRAIN Iter 128: loss = 0.001743,	Top-1 err = 84.440000,	Top-5 err = 59.390000,	train_time = 2.537543
TRAIN Iter 129: loss = 0.001718,	Top-1 err = 84.120000,	Top-5 err = 57.990000,	train_time = 2.607862
TRAIN Iter 130: loss = 0.001735,	Top-1 err = 83.500000,	Top-5 err = 58.310000,	train_time = 2.548135
TRAIN Iter 131: loss = 0.001708,	Top-1 err = 84.430000,	Top-5 err = 59.020000,	train_time = 2.536875
TRAIN Iter 132: loss = 0.001699,	Top-1 err = 84.460000,	Top-5 err = 58.870000,	train_time = 2.612918
TRAIN Iter 133: loss = 0.001676,	Top-1 err = 84.580000,	Top-5 err = 59.660000,	train_time = 2.512120
TRAIN Iter 134: loss = 0.001713,	Top-1 err = 83.720000,	Top-5 err = 58.640000,	train_time = 2.584891
TRAIN Iter 135: loss = 0.001679,	Top-1 err = 83.210000,	Top-5 err = 57.320000,	train_time = 2.488084
TRAIN Iter 136: loss = 0.001675,	Top-1 err = 84.590000,	Top-5 err = 58.900000,	train_time = 2.549708
TRAIN Iter 137: loss = 0.001682,	Top-1 err = 83.850000,	Top-5 err = 58.560000,	train_time = 2.624724
TRAIN Iter 138: loss = 0.001676,	Top-1 err = 84.390000,	Top-5 err = 59.620000,	train_time = 2.722915
TRAIN Iter 139: loss = 0.001678,	Top-1 err = 84.130000,	Top-5 err = 59.810000,	train_time = 2.603835
TRAIN Iter 140: loss = 0.001679,	Top-1 err = 83.970000,	Top-5 err = 59.200000,	train_time = 2.586325
TRAIN Iter 141: loss = 0.001662,	Top-1 err = 83.140000,	Top-5 err = 57.740000,	train_time = 2.502971
TRAIN Iter 142: loss = 0.001669,	Top-1 err = 84.610000,	Top-5 err = 60.600000,	train_time = 2.658469
TRAIN Iter 143: loss = 0.001616,	Top-1 err = 83.690000,	Top-5 err = 58.950000,	train_time = 2.550133
TRAIN Iter 144: loss = 0.001674,	Top-1 err = 84.610000,	Top-5 err = 59.970000,	train_time = 2.511497
TRAIN Iter 145: loss = 0.001634,	Top-1 err = 83.350000,	Top-5 err = 57.690000,	train_time = 2.498500
TRAIN Iter 146: loss = 0.001640,	Top-1 err = 84.170000,	Top-5 err = 58.340000,	train_time = 2.625823
TRAIN Iter 147: loss = 0.001640,	Top-1 err = 84.560000,	Top-5 err = 60.540000,	train_time = 2.504213
TRAIN Iter 148: loss = 0.001642,	Top-1 err = 82.420000,	Top-5 err = 55.880000,	train_time = 2.552325
TRAIN Iter 149: loss = 0.001627,	Top-1 err = 83.110000,	Top-5 err = 56.610000,	train_time = 2.596000
TRAIN Iter 150: loss = 0.001601,	Top-1 err = 83.140000,	Top-5 err = 57.480000,	train_time = 2.599475
TRAIN Iter 151: loss = 0.001618,	Top-1 err = 83.740000,	Top-5 err = 57.610000,	train_time = 2.503356
TRAIN Iter 152: loss = 0.001615,	Top-1 err = 84.610000,	Top-5 err = 58.830000,	train_time = 2.556512
TRAIN Iter 153: loss = 0.001612,	Top-1 err = 84.900000,	Top-5 err = 60.200000,	train_time = 2.569972
TRAIN Iter 154: loss = 0.001584,	Top-1 err = 84.530000,	Top-5 err = 60.710000,	train_time = 2.589808
TRAIN Iter 155: loss = 0.001580,	Top-1 err = 84.490000,	Top-5 err = 60.070000,	train_time = 2.649155
TRAIN Iter 156: loss = 0.001598,	Top-1 err = 83.670000,	Top-5 err = 58.560000,	train_time = 2.677536
TRAIN Iter 157: loss = 0.001549,	Top-1 err = 84.300000,	Top-5 err = 58.600000,	train_time = 2.588966
TRAIN Iter 158: loss = 0.001583,	Top-1 err = 83.900000,	Top-5 err = 57.870000,	train_time = 2.617169
TRAIN Iter 159: loss = 0.001566,	Top-1 err = 84.060000,	Top-5 err = 59.640000,	train_time = 2.608684
TRAIN Iter 160: loss = 0.001566,	Top-1 err = 84.780000,	Top-5 err = 59.910000,	train_time = 2.678337
TRAIN Iter 161: loss = 0.001549,	Top-1 err = 84.380000,	Top-5 err = 59.320000,	train_time = 2.645669
TRAIN Iter 162: loss = 0.001581,	Top-1 err = 84.800000,	Top-5 err = 60.300000,	train_time = 2.694220
TRAIN Iter 163: loss = 0.001588,	Top-1 err = 84.560000,	Top-5 err = 60.110000,	train_time = 2.600535
TRAIN Iter 164: loss = 0.001565,	Top-1 err = 84.200000,	Top-5 err = 60.260000,	train_time = 2.532854
TRAIN Iter 165: loss = 0.001559,	Top-1 err = 84.310000,	Top-5 err = 59.480000,	train_time = 2.602189
TRAIN Iter 166: loss = 0.001552,	Top-1 err = 83.740000,	Top-5 err = 58.870000,	train_time = 2.567445
TRAIN Iter 167: loss = 0.001536,	Top-1 err = 84.400000,	Top-5 err = 59.200000,	train_time = 2.424177
TRAIN Iter 168: loss = 0.001522,	Top-1 err = 83.820000,	Top-5 err = 58.490000,	train_time = 2.575602
TRAIN Iter 169: loss = 0.001515,	Top-1 err = 82.530000,	Top-5 err = 56.070000,	train_time = 2.758318
TRAIN Iter 170: loss = 0.001552,	Top-1 err = 83.120000,	Top-5 err = 57.590000,	train_time = 2.661835
TRAIN Iter 171: loss = 0.001543,	Top-1 err = 84.190000,	Top-5 err = 58.290000,	train_time = 2.626069
TRAIN Iter 172: loss = 0.001516,	Top-1 err = 83.920000,	Top-5 err = 59.490000,	train_time = 2.582519
TRAIN Iter 173: loss = 0.001549,	Top-1 err = 82.600000,	Top-5 err = 57.060000,	train_time = 2.443453
TRAIN Iter 174: loss = 0.001540,	Top-1 err = 84.280000,	Top-5 err = 58.480000,	train_time = 2.448771
TRAIN Iter 175: loss = 0.001527,	Top-1 err = 83.330000,	Top-5 err = 57.440000,	train_time = 2.475376
TRAIN Iter 176: loss = 0.001530,	Top-1 err = 83.500000,	Top-5 err = 59.280000,	train_time = 2.518884
TRAIN Iter 177: loss = 0.001513,	Top-1 err = 84.510000,	Top-5 err = 59.290000,	train_time = 2.508178
TRAIN Iter 178: loss = 0.001473,	Top-1 err = 83.790000,	Top-5 err = 57.630000,	train_time = 2.684708
TRAIN Iter 179: loss = 0.001503,	Top-1 err = 83.370000,	Top-5 err = 58.080000,	train_time = 2.558787
TRAIN Iter 180: loss = 0.001508,	Top-1 err = 83.960000,	Top-5 err = 58.470000,	train_time = 2.663721
TRAIN Iter 181: loss = 0.001492,	Top-1 err = 83.880000,	Top-5 err = 58.170000,	train_time = 2.660924
TRAIN Iter 182: loss = 0.001491,	Top-1 err = 83.810000,	Top-5 err = 58.180000,	train_time = 2.627498
TRAIN Iter 183: loss = 0.001493,	Top-1 err = 83.920000,	Top-5 err = 58.400000,	train_time = 2.609294
TRAIN Iter 184: loss = 0.001502,	Top-1 err = 83.770000,	Top-5 err = 58.270000,	train_time = 2.536559
TRAIN Iter 185: loss = 0.001494,	Top-1 err = 83.470000,	Top-5 err = 57.980000,	train_time = 2.520737
TRAIN Iter 186: loss = 0.001448,	Top-1 err = 83.670000,	Top-5 err = 58.550000,	train_time = 2.566957
TRAIN Iter 187: loss = 0.001519,	Top-1 err = 84.430000,	Top-5 err = 58.870000,	train_time = 2.488277
TRAIN Iter 188: loss = 0.001481,	Top-1 err = 83.550000,	Top-5 err = 58.200000,	train_time = 2.427192
TRAIN Iter 189: loss = 0.001508,	Top-1 err = 83.340000,	Top-5 err = 58.070000,	train_time = 2.519390
TRAIN Iter 190: loss = 0.001489,	Top-1 err = 84.950000,	Top-5 err = 59.900000,	train_time = 2.542256
TRAIN Iter 191: loss = 0.001457,	Top-1 err = 83.260000,	Top-5 err = 57.420000,	train_time = 2.524352
TRAIN Iter 192: loss = 0.001482,	Top-1 err = 83.590000,	Top-5 err = 58.080000,	train_time = 2.546485
TRAIN Iter 193: loss = 0.001463,	Top-1 err = 84.440000,	Top-5 err = 58.650000,	train_time = 2.544715
TRAIN Iter 194: loss = 0.001471,	Top-1 err = 83.920000,	Top-5 err = 58.790000,	train_time = 2.643500
TRAIN Iter 195: loss = 0.001439,	Top-1 err = 84.320000,	Top-5 err = 59.390000,	train_time = 2.501213
TRAIN Iter 196: loss = 0.001459,	Top-1 err = 83.040000,	Top-5 err = 57.620000,	train_time = 2.589494
TRAIN Iter 197: loss = 0.001473,	Top-1 err = 83.900000,	Top-5 err = 59.730000,	train_time = 2.564182
TRAIN Iter 198: loss = 0.001461,	Top-1 err = 83.830000,	Top-5 err = 59.370000,	train_time = 2.611286
TRAIN Iter 199: loss = 0.001461,	Top-1 err = 83.250000,	Top-5 err = 58.620000,	train_time = 2.405887
TRAIN Iter 200: loss = 0.001452,	Top-1 err = 83.350000,	Top-5 err = 58.010000,	train_time = 2.606091
TRAIN Iter 201: loss = 0.001432,	Top-1 err = 84.250000,	Top-5 err = 59.290000,	train_time = 2.506560
TRAIN Iter 202: loss = 0.001436,	Top-1 err = 82.450000,	Top-5 err = 56.710000,	train_time = 2.584930
TRAIN Iter 203: loss = 0.001436,	Top-1 err = 83.430000,	Top-5 err = 58.010000,	train_time = 2.501359
TRAIN Iter 204: loss = 0.001478,	Top-1 err = 83.550000,	Top-5 err = 57.910000,	train_time = 2.515693
TRAIN Iter 205: loss = 0.001430,	Top-1 err = 82.520000,	Top-5 err = 56.090000,	train_time = 2.565382
TRAIN Iter 206: loss = 0.001451,	Top-1 err = 83.990000,	Top-5 err = 58.740000,	train_time = 2.592899
TRAIN Iter 207: loss = 0.001443,	Top-1 err = 83.720000,	Top-5 err = 59.270000,	train_time = 2.578696
TRAIN Iter 208: loss = 0.001438,	Top-1 err = 83.010000,	Top-5 err = 57.800000,	train_time = 2.598974
TRAIN Iter 209: loss = 0.001443,	Top-1 err = 84.180000,	Top-5 err = 58.650000,	train_time = 2.523861
TRAIN Iter 210: loss = 0.001457,	Top-1 err = 83.970000,	Top-5 err = 58.810000,	train_time = 2.479992
TRAIN Iter 211: loss = 0.001409,	Top-1 err = 83.250000,	Top-5 err = 56.970000,	train_time = 2.521589
TRAIN Iter 212: loss = 0.001432,	Top-1 err = 83.210000,	Top-5 err = 57.410000,	train_time = 2.559004
TRAIN Iter 213: loss = 0.001446,	Top-1 err = 83.220000,	Top-5 err = 57.800000,	train_time = 2.640013
TRAIN Iter 214: loss = 0.001423,	Top-1 err = 82.460000,	Top-5 err = 57.370000,	train_time = 2.485566
TRAIN Iter 215: loss = 0.001404,	Top-1 err = 83.570000,	Top-5 err = 58.150000,	train_time = 2.794932
TRAIN Iter 216: loss = 0.001414,	Top-1 err = 83.860000,	Top-5 err = 57.800000,	train_time = 2.563695
TRAIN Iter 217: loss = 0.001399,	Top-1 err = 83.810000,	Top-5 err = 58.380000,	train_time = 2.544622
TRAIN Iter 218: loss = 0.001421,	Top-1 err = 83.920000,	Top-5 err = 59.420000,	train_time = 2.570577
TRAIN Iter 219: loss = 0.001415,	Top-1 err = 83.060000,	Top-5 err = 56.980000,	train_time = 2.622361
TRAIN Iter 220: loss = 0.001406,	Top-1 err = 84.290000,	Top-5 err = 59.690000,	train_time = 2.509210
TRAIN Iter 221: loss = 0.001414,	Top-1 err = 83.120000,	Top-5 err = 57.030000,	train_time = 2.609867
TRAIN Iter 222: loss = 0.001378,	Top-1 err = 83.920000,	Top-5 err = 58.800000,	train_time = 2.560027
TRAIN Iter 223: loss = 0.001384,	Top-1 err = 84.150000,	Top-5 err = 59.490000,	train_time = 2.569039
TRAIN Iter 224: loss = 0.001387,	Top-1 err = 84.890000,	Top-5 err = 59.440000,	train_time = 2.603234
TRAIN Iter 225: loss = 0.001394,	Top-1 err = 83.740000,	Top-5 err = 57.790000,	train_time = 2.617791
TRAIN Iter 226: loss = 0.001396,	Top-1 err = 84.110000,	Top-5 err = 59.170000,	train_time = 2.643986
TRAIN Iter 227: loss = 0.001416,	Top-1 err = 82.630000,	Top-5 err = 56.210000,	train_time = 2.555214
TRAIN Iter 228: loss = 0.001395,	Top-1 err = 83.390000,	Top-5 err = 57.180000,	train_time = 2.529273
TRAIN Iter 229: loss = 0.001361,	Top-1 err = 83.180000,	Top-5 err = 56.410000,	train_time = 2.454987
TRAIN Iter 230: loss = 0.001389,	Top-1 err = 84.170000,	Top-5 err = 60.110000,	train_time = 2.562255
TRAIN Iter 231: loss = 0.001421,	Top-1 err = 83.740000,	Top-5 err = 58.720000,	train_time = 2.666480
TRAIN Iter 232: loss = 0.001387,	Top-1 err = 83.500000,	Top-5 err = 59.060000,	train_time = 2.572642
TRAIN Iter 233: loss = 0.001363,	Top-1 err = 83.830000,	Top-5 err = 57.840000,	train_time = 2.645211
TRAIN Iter 234: loss = 0.001328,	Top-1 err = 82.580000,	Top-5 err = 56.720000,	train_time = 2.580947
TRAIN Iter 235: loss = 0.001371,	Top-1 err = 83.200000,	Top-5 err = 56.850000,	train_time = 2.474625
TRAIN Iter 236: loss = 0.001381,	Top-1 err = 83.770000,	Top-5 err = 58.500000,	train_time = 2.448829
TRAIN Iter 237: loss = 0.001358,	Top-1 err = 82.380000,	Top-5 err = 56.110000,	train_time = 2.600028
TRAIN Iter 238: loss = 0.001384,	Top-1 err = 83.830000,	Top-5 err = 58.070000,	train_time = 2.470130
TRAIN Iter 239: loss = 0.001362,	Top-1 err = 83.340000,	Top-5 err = 57.450000,	train_time = 2.572134
TRAIN Iter 240: loss = 0.001333,	Top-1 err = 82.890000,	Top-5 err = 56.060000,	train_time = 2.441980
TRAIN Iter 241: loss = 0.001369,	Top-1 err = 83.920000,	Top-5 err = 58.680000,	train_time = 2.612183
TRAIN Iter 242: loss = 0.001376,	Top-1 err = 83.230000,	Top-5 err = 57.120000,	train_time = 2.610516
TRAIN Iter 243: loss = 0.001328,	Top-1 err = 81.620000,	Top-5 err = 55.680000,	train_time = 2.594479
TRAIN Iter 244: loss = 0.001367,	Top-1 err = 83.200000,	Top-5 err = 57.490000,	train_time = 2.411191
TRAIN Iter 245: loss = 0.001370,	Top-1 err = 83.890000,	Top-5 err = 58.770000,	train_time = 2.578637
TRAIN Iter 246: loss = 0.001344,	Top-1 err = 83.340000,	Top-5 err = 57.810000,	train_time = 2.643403
TRAIN Iter 247: loss = 0.001343,	Top-1 err = 83.330000,	Top-5 err = 57.100000,	train_time = 2.423155
TRAIN Iter 248: loss = 0.001329,	Top-1 err = 83.520000,	Top-5 err = 57.340000,	train_time = 2.609188
TRAIN Iter 249: loss = 0.001330,	Top-1 err = 84.210000,	Top-5 err = 57.420000,	train_time = 2.617718
TEST:
Iter 249: loss = 1.670651,	Top-1 err = 42.170000,	Top-5 err = 16.010000,	val_time = 0.725891
TRAIN Iter 250: loss = 0.001337,	Top-1 err = 83.730000,	Top-5 err = 59.360000,	train_time = 2.639632
TRAIN Iter 251: loss = 0.001339,	Top-1 err = 82.360000,	Top-5 err = 57.090000,	train_time = 2.518082
TRAIN Iter 252: loss = 0.001338,	Top-1 err = 83.420000,	Top-5 err = 58.070000,	train_time = 2.599286
TRAIN Iter 253: loss = 0.001299,	Top-1 err = 84.030000,	Top-5 err = 58.740000,	train_time = 2.596970
TRAIN Iter 254: loss = 0.001331,	Top-1 err = 83.280000,	Top-5 err = 57.890000,	train_time = 2.604978
TRAIN Iter 255: loss = 0.001341,	Top-1 err = 82.830000,	Top-5 err = 57.810000,	train_time = 2.582214
TRAIN Iter 256: loss = 0.001309,	Top-1 err = 83.730000,	Top-5 err = 59.190000,	train_time = 2.628275
TRAIN Iter 257: loss = 0.001312,	Top-1 err = 83.270000,	Top-5 err = 58.560000,	train_time = 2.580900
TRAIN Iter 258: loss = 0.001312,	Top-1 err = 83.180000,	Top-5 err = 57.180000,	train_time = 2.428741
TRAIN Iter 259: loss = 0.001309,	Top-1 err = 81.310000,	Top-5 err = 55.980000,	train_time = 2.549975
TEST:
Iter 259: loss = 1.721420,	Top-1 err = 42.390000,	Top-5 err = 16.210000,	val_time = 0.775341
TRAIN Iter 260: loss = 0.001332,	Top-1 err = 83.740000,	Top-5 err = 58.290000,	train_time = 2.690594
TRAIN Iter 261: loss = 0.001343,	Top-1 err = 83.580000,	Top-5 err = 58.520000,	train_time = 2.595546
TRAIN Iter 262: loss = 0.001314,	Top-1 err = 83.490000,	Top-5 err = 59.530000,	train_time = 2.608322
TRAIN Iter 263: loss = 0.001280,	Top-1 err = 83.150000,	Top-5 err = 58.410000,	train_time = 2.539025
TRAIN Iter 264: loss = 0.001302,	Top-1 err = 83.750000,	Top-5 err = 58.440000,	train_time = 2.649110
TRAIN Iter 265: loss = 0.001343,	Top-1 err = 83.490000,	Top-5 err = 57.950000,	train_time = 2.571270
TRAIN Iter 266: loss = 0.001303,	Top-1 err = 83.470000,	Top-5 err = 58.680000,	train_time = 2.596537
TRAIN Iter 267: loss = 0.001293,	Top-1 err = 82.610000,	Top-5 err = 57.480000,	train_time = 2.542712
TRAIN Iter 268: loss = 0.001299,	Top-1 err = 83.590000,	Top-5 err = 58.820000,	train_time = 2.584472
TRAIN Iter 269: loss = 0.001303,	Top-1 err = 83.430000,	Top-5 err = 57.770000,	train_time = 2.554363
TEST:
Iter 269: loss = 1.671402,	Top-1 err = 41.830000,	Top-5 err = 15.570000,	val_time = 0.823066
TRAIN Iter 270: loss = 0.001267,	Top-1 err = 83.740000,	Top-5 err = 57.810000,	train_time = 2.624558
TRAIN Iter 271: loss = 0.001303,	Top-1 err = 84.340000,	Top-5 err = 60.110000,	train_time = 2.495492
TRAIN Iter 272: loss = 0.001283,	Top-1 err = 84.090000,	Top-5 err = 58.590000,	train_time = 2.594730
TRAIN Iter 273: loss = 0.001306,	Top-1 err = 83.920000,	Top-5 err = 58.770000,	train_time = 2.544219
TRAIN Iter 274: loss = 0.001278,	Top-1 err = 83.820000,	Top-5 err = 59.090000,	train_time = 2.568963
TRAIN Iter 275: loss = 0.001303,	Top-1 err = 81.670000,	Top-5 err = 55.400000,	train_time = 2.539390
TRAIN Iter 276: loss = 0.001286,	Top-1 err = 82.490000,	Top-5 err = 56.130000,	train_time = 2.638795
TRAIN Iter 277: loss = 0.001293,	Top-1 err = 82.960000,	Top-5 err = 57.630000,	train_time = 2.542536
TRAIN Iter 278: loss = 0.001284,	Top-1 err = 83.250000,	Top-5 err = 57.390000,	train_time = 2.640157
TRAIN Iter 279: loss = 0.001274,	Top-1 err = 83.730000,	Top-5 err = 58.050000,	train_time = 2.544071
TEST:
Iter 279: loss = 1.645730,	Top-1 err = 41.550000,	Top-5 err = 15.450000,	val_time = 0.861785
TRAIN Iter 280: loss = 0.001280,	Top-1 err = 83.730000,	Top-5 err = 59.010000,	train_time = 2.572587
TRAIN Iter 281: loss = 0.001268,	Top-1 err = 83.240000,	Top-5 err = 57.610000,	train_time = 2.678204
TRAIN Iter 282: loss = 0.001246,	Top-1 err = 82.480000,	Top-5 err = 55.840000,	train_time = 2.436663
TRAIN Iter 283: loss = 0.001290,	Top-1 err = 83.090000,	Top-5 err = 57.980000,	train_time = 2.728030
TRAIN Iter 284: loss = 0.001264,	Top-1 err = 83.200000,	Top-5 err = 58.130000,	train_time = 2.604989
TRAIN Iter 285: loss = 0.001281,	Top-1 err = 82.830000,	Top-5 err = 56.490000,	train_time = 2.583606
TRAIN Iter 286: loss = 0.001250,	Top-1 err = 83.440000,	Top-5 err = 58.700000,	train_time = 2.568369
TRAIN Iter 287: loss = 0.001272,	Top-1 err = 83.690000,	Top-5 err = 57.960000,	train_time = 2.526913
TRAIN Iter 288: loss = 0.001259,	Top-1 err = 83.370000,	Top-5 err = 57.780000,	train_time = 2.592041
TRAIN Iter 289: loss = 0.001280,	Top-1 err = 83.970000,	Top-5 err = 58.620000,	train_time = 2.560210
TEST:
Iter 289: loss = 1.660940,	Top-1 err = 41.890000,	Top-5 err = 15.740000,	val_time = 0.810477
TRAIN Iter 290: loss = 0.001269,	Top-1 err = 83.110000,	Top-5 err = 57.750000,	train_time = 2.519224
TRAIN Iter 291: loss = 0.001224,	Top-1 err = 83.330000,	Top-5 err = 57.390000,	train_time = 2.449024
TRAIN Iter 292: loss = 0.001280,	Top-1 err = 83.520000,	Top-5 err = 58.010000,	train_time = 2.535217
TRAIN Iter 293: loss = 0.001270,	Top-1 err = 83.430000,	Top-5 err = 58.270000,	train_time = 2.670353
TRAIN Iter 294: loss = 0.001275,	Top-1 err = 83.060000,	Top-5 err = 57.980000,	train_time = 2.525634
TRAIN Iter 295: loss = 0.001257,	Top-1 err = 83.860000,	Top-5 err = 59.390000,	train_time = 2.575148
TRAIN Iter 296: loss = 0.001245,	Top-1 err = 83.240000,	Top-5 err = 57.270000,	train_time = 2.619074
TRAIN Iter 297: loss = 0.001230,	Top-1 err = 83.540000,	Top-5 err = 58.000000,	train_time = 2.585863
TRAIN Iter 298: loss = 0.001244,	Top-1 err = 82.750000,	Top-5 err = 57.010000,	train_time = 2.516768
TRAIN Iter 299: loss = 0.001175,	Top-1 err = 83.550000,	Top-5 err = 57.780000,	train_time = 2.610495
TEST:
Iter 299: loss = 1.673815,	Top-1 err = 42.180000,	Top-5 err = 15.970000,	val_time = 0.777111
Train Finish! Best accuracy is 58.45@279
