/home/dvspanos/miniconda3/envs/rded/lib/python3.10/site-packages/torch/cuda/__init__.py:611: UserWarning: Can't initialize NVML
  warnings.warn("Can't initialize NVML")
=> using pytorch pre-trained teacher model 'conv3'
process data from /home/dvspanos/nikos/ca2d/artifacts/rded_sets/bench_cifar100_conv_cadprune_ipc100
load data successfully
TRAIN Iter 0: loss = 0.016154,	Top-1 err = 95.770000,	Top-5 err = 83.240000,	train_time = 3.335371
TRAIN Iter 1: loss = 0.011950,	Top-1 err = 91.510000,	Top-5 err = 73.320000,	train_time = 2.525381
TRAIN Iter 2: loss = 0.009945,	Top-1 err = 89.490000,	Top-5 err = 67.200000,	train_time = 2.522644
TRAIN Iter 3: loss = 0.008883,	Top-1 err = 86.740000,	Top-5 err = 61.860000,	train_time = 2.513002
TRAIN Iter 4: loss = 0.007746,	Top-1 err = 85.880000,	Top-5 err = 60.510000,	train_time = 2.468773
TRAIN Iter 5: loss = 0.007143,	Top-1 err = 82.460000,	Top-5 err = 56.170000,	train_time = 2.590487
TRAIN Iter 6: loss = 0.006752,	Top-1 err = 82.700000,	Top-5 err = 56.680000,	train_time = 2.377531
TRAIN Iter 7: loss = 0.006364,	Top-1 err = 81.120000,	Top-5 err = 53.720000,	train_time = 2.572331
TRAIN Iter 8: loss = 0.005990,	Top-1 err = 81.020000,	Top-5 err = 54.480000,	train_time = 2.564105
TRAIN Iter 9: loss = 0.005775,	Top-1 err = 79.910000,	Top-5 err = 53.280000,	train_time = 2.482141
TRAIN Iter 10: loss = 0.005527,	Top-1 err = 78.330000,	Top-5 err = 50.600000,	train_time = 2.436888
TRAIN Iter 11: loss = 0.005428,	Top-1 err = 78.080000,	Top-5 err = 51.500000,	train_time = 2.503444
TRAIN Iter 12: loss = 0.005250,	Top-1 err = 78.560000,	Top-5 err = 51.140000,	train_time = 2.558124
TRAIN Iter 13: loss = 0.005013,	Top-1 err = 76.880000,	Top-5 err = 49.120000,	train_time = 2.504933
TRAIN Iter 14: loss = 0.004890,	Top-1 err = 75.470000,	Top-5 err = 47.500000,	train_time = 2.554872
TRAIN Iter 15: loss = 0.004740,	Top-1 err = 75.610000,	Top-5 err = 47.540000,	train_time = 2.482076
TRAIN Iter 16: loss = 0.004627,	Top-1 err = 75.350000,	Top-5 err = 47.480000,	train_time = 2.553080
TRAIN Iter 17: loss = 0.004517,	Top-1 err = 74.390000,	Top-5 err = 45.290000,	train_time = 2.512541
TRAIN Iter 18: loss = 0.004500,	Top-1 err = 75.400000,	Top-5 err = 47.860000,	train_time = 2.435086
TRAIN Iter 19: loss = 0.004435,	Top-1 err = 74.700000,	Top-5 err = 47.540000,	train_time = 2.695666
TRAIN Iter 20: loss = 0.004365,	Top-1 err = 74.220000,	Top-5 err = 46.610000,	train_time = 2.534153
TRAIN Iter 21: loss = 0.004240,	Top-1 err = 73.130000,	Top-5 err = 45.170000,	train_time = 2.748805
TRAIN Iter 22: loss = 0.004169,	Top-1 err = 74.910000,	Top-5 err = 46.660000,	train_time = 2.622761
TRAIN Iter 23: loss = 0.004033,	Top-1 err = 73.960000,	Top-5 err = 45.740000,	train_time = 2.544782
TRAIN Iter 24: loss = 0.004041,	Top-1 err = 76.240000,	Top-5 err = 49.590000,	train_time = 2.538351
TRAIN Iter 25: loss = 0.004013,	Top-1 err = 74.960000,	Top-5 err = 48.040000,	train_time = 2.511080
TRAIN Iter 26: loss = 0.003944,	Top-1 err = 74.370000,	Top-5 err = 47.820000,	train_time = 2.550490
TRAIN Iter 27: loss = 0.003895,	Top-1 err = 73.280000,	Top-5 err = 46.010000,	train_time = 2.539975
TRAIN Iter 28: loss = 0.003802,	Top-1 err = 73.330000,	Top-5 err = 45.810000,	train_time = 2.553357
TRAIN Iter 29: loss = 0.003773,	Top-1 err = 73.470000,	Top-5 err = 46.440000,	train_time = 2.536281
TRAIN Iter 30: loss = 0.003675,	Top-1 err = 72.290000,	Top-5 err = 44.100000,	train_time = 2.499590
TRAIN Iter 31: loss = 0.003642,	Top-1 err = 71.730000,	Top-5 err = 44.160000,	train_time = 2.566717
TRAIN Iter 32: loss = 0.003619,	Top-1 err = 72.810000,	Top-5 err = 46.220000,	train_time = 2.460292
TRAIN Iter 33: loss = 0.003606,	Top-1 err = 72.330000,	Top-5 err = 44.680000,	train_time = 2.642870
TRAIN Iter 34: loss = 0.003535,	Top-1 err = 72.540000,	Top-5 err = 45.720000,	train_time = 2.569834
TRAIN Iter 35: loss = 0.003438,	Top-1 err = 71.650000,	Top-5 err = 44.490000,	train_time = 2.551271
TRAIN Iter 36: loss = 0.003429,	Top-1 err = 71.530000,	Top-5 err = 44.580000,	train_time = 2.433952
TRAIN Iter 37: loss = 0.003377,	Top-1 err = 69.930000,	Top-5 err = 43.230000,	train_time = 2.569080
TRAIN Iter 38: loss = 0.003334,	Top-1 err = 73.170000,	Top-5 err = 46.840000,	train_time = 2.549080
TRAIN Iter 39: loss = 0.003343,	Top-1 err = 70.910000,	Top-5 err = 44.420000,	train_time = 2.510312
TRAIN Iter 40: loss = 0.003267,	Top-1 err = 72.200000,	Top-5 err = 44.460000,	train_time = 2.486986
TRAIN Iter 41: loss = 0.003265,	Top-1 err = 71.990000,	Top-5 err = 45.090000,	train_time = 2.574725
TRAIN Iter 42: loss = 0.003222,	Top-1 err = 71.500000,	Top-5 err = 44.070000,	train_time = 2.625438
TRAIN Iter 43: loss = 0.003155,	Top-1 err = 72.110000,	Top-5 err = 45.310000,	train_time = 2.552344
TRAIN Iter 44: loss = 0.003143,	Top-1 err = 73.880000,	Top-5 err = 47.910000,	train_time = 2.585664
TRAIN Iter 45: loss = 0.003081,	Top-1 err = 71.280000,	Top-5 err = 44.010000,	train_time = 2.446676
TRAIN Iter 46: loss = 0.003119,	Top-1 err = 71.290000,	Top-5 err = 44.340000,	train_time = 2.753064
TRAIN Iter 47: loss = 0.003027,	Top-1 err = 71.840000,	Top-5 err = 45.870000,	train_time = 2.595329
TRAIN Iter 48: loss = 0.002987,	Top-1 err = 71.030000,	Top-5 err = 43.920000,	train_time = 2.558483
TRAIN Iter 49: loss = 0.002918,	Top-1 err = 70.520000,	Top-5 err = 42.310000,	train_time = 2.494977
TRAIN Iter 50: loss = 0.002962,	Top-1 err = 70.090000,	Top-5 err = 43.690000,	train_time = 2.535585
TRAIN Iter 51: loss = 0.002923,	Top-1 err = 70.780000,	Top-5 err = 44.740000,	train_time = 2.435834
TRAIN Iter 52: loss = 0.002862,	Top-1 err = 71.250000,	Top-5 err = 44.140000,	train_time = 2.277984
TRAIN Iter 53: loss = 0.002876,	Top-1 err = 71.350000,	Top-5 err = 45.870000,	train_time = 2.632647
TRAIN Iter 54: loss = 0.002836,	Top-1 err = 69.830000,	Top-5 err = 42.790000,	train_time = 2.568115
TRAIN Iter 55: loss = 0.002873,	Top-1 err = 69.060000,	Top-5 err = 42.170000,	train_time = 2.505148
TRAIN Iter 56: loss = 0.002758,	Top-1 err = 70.120000,	Top-5 err = 43.640000,	train_time = 2.536438
TRAIN Iter 57: loss = 0.002741,	Top-1 err = 70.080000,	Top-5 err = 43.970000,	train_time = 2.580545
TRAIN Iter 58: loss = 0.002735,	Top-1 err = 69.100000,	Top-5 err = 41.740000,	train_time = 2.571950
TRAIN Iter 59: loss = 0.002738,	Top-1 err = 69.450000,	Top-5 err = 43.200000,	train_time = 2.564330
TRAIN Iter 60: loss = 0.002701,	Top-1 err = 70.090000,	Top-5 err = 42.880000,	train_time = 2.532326
TRAIN Iter 61: loss = 0.002682,	Top-1 err = 68.990000,	Top-5 err = 42.380000,	train_time = 2.764447
TRAIN Iter 62: loss = 0.002605,	Top-1 err = 68.400000,	Top-5 err = 41.860000,	train_time = 2.604961
TRAIN Iter 63: loss = 0.002623,	Top-1 err = 70.310000,	Top-5 err = 44.580000,	train_time = 2.449203
TRAIN Iter 64: loss = 0.002568,	Top-1 err = 68.720000,	Top-5 err = 42.240000,	train_time = 2.591885
TRAIN Iter 65: loss = 0.002596,	Top-1 err = 70.190000,	Top-5 err = 42.900000,	train_time = 2.615883
TRAIN Iter 66: loss = 0.002546,	Top-1 err = 69.870000,	Top-5 err = 42.360000,	train_time = 2.550075
TRAIN Iter 67: loss = 0.002510,	Top-1 err = 68.820000,	Top-5 err = 42.530000,	train_time = 2.501729
TRAIN Iter 68: loss = 0.002526,	Top-1 err = 69.990000,	Top-5 err = 44.640000,	train_time = 2.563574
TRAIN Iter 69: loss = 0.002433,	Top-1 err = 68.470000,	Top-5 err = 40.990000,	train_time = 2.657319
TRAIN Iter 70: loss = 0.002415,	Top-1 err = 69.820000,	Top-5 err = 43.230000,	train_time = 2.517251
TRAIN Iter 71: loss = 0.002448,	Top-1 err = 69.090000,	Top-5 err = 43.550000,	train_time = 2.537776
TRAIN Iter 72: loss = 0.002423,	Top-1 err = 70.630000,	Top-5 err = 44.730000,	train_time = 2.572712
TRAIN Iter 73: loss = 0.002430,	Top-1 err = 69.710000,	Top-5 err = 42.970000,	train_time = 2.525980
TRAIN Iter 74: loss = 0.002362,	Top-1 err = 70.750000,	Top-5 err = 44.700000,	train_time = 2.558113
TRAIN Iter 75: loss = 0.002380,	Top-1 err = 69.130000,	Top-5 err = 42.700000,	train_time = 2.584686
TRAIN Iter 76: loss = 0.002361,	Top-1 err = 69.370000,	Top-5 err = 41.990000,	train_time = 2.628310
TRAIN Iter 77: loss = 0.002348,	Top-1 err = 70.190000,	Top-5 err = 43.870000,	train_time = 2.661632
TRAIN Iter 78: loss = 0.002347,	Top-1 err = 66.990000,	Top-5 err = 39.260000,	train_time = 2.538225
TRAIN Iter 79: loss = 0.002342,	Top-1 err = 68.580000,	Top-5 err = 41.520000,	train_time = 2.499981
TRAIN Iter 80: loss = 0.002292,	Top-1 err = 68.810000,	Top-5 err = 41.460000,	train_time = 2.637927
TRAIN Iter 81: loss = 0.002317,	Top-1 err = 70.460000,	Top-5 err = 44.030000,	train_time = 2.570128
TRAIN Iter 82: loss = 0.002283,	Top-1 err = 68.830000,	Top-5 err = 42.880000,	train_time = 2.544972
TRAIN Iter 83: loss = 0.002271,	Top-1 err = 69.330000,	Top-5 err = 42.390000,	train_time = 2.602583
TRAIN Iter 84: loss = 0.002261,	Top-1 err = 68.570000,	Top-5 err = 41.910000,	train_time = 2.506737
TRAIN Iter 85: loss = 0.002230,	Top-1 err = 69.410000,	Top-5 err = 43.060000,	train_time = 2.592124
TRAIN Iter 86: loss = 0.002202,	Top-1 err = 68.830000,	Top-5 err = 43.000000,	train_time = 2.563480
TRAIN Iter 87: loss = 0.002205,	Top-1 err = 68.630000,	Top-5 err = 42.770000,	train_time = 2.547473
TRAIN Iter 88: loss = 0.002159,	Top-1 err = 68.260000,	Top-5 err = 41.410000,	train_time = 2.559493
TRAIN Iter 89: loss = 0.002183,	Top-1 err = 69.380000,	Top-5 err = 43.560000,	train_time = 2.584937
TRAIN Iter 90: loss = 0.002175,	Top-1 err = 68.570000,	Top-5 err = 41.720000,	train_time = 2.527736
TRAIN Iter 91: loss = 0.002149,	Top-1 err = 67.260000,	Top-5 err = 40.210000,	train_time = 2.490211
TRAIN Iter 92: loss = 0.002157,	Top-1 err = 65.320000,	Top-5 err = 38.480000,	train_time = 2.633435
TRAIN Iter 93: loss = 0.002114,	Top-1 err = 67.210000,	Top-5 err = 41.580000,	train_time = 2.504235
TRAIN Iter 94: loss = 0.002147,	Top-1 err = 70.680000,	Top-5 err = 45.380000,	train_time = 2.545474
TRAIN Iter 95: loss = 0.002148,	Top-1 err = 69.430000,	Top-5 err = 43.990000,	train_time = 2.435207
TRAIN Iter 96: loss = 0.002114,	Top-1 err = 70.030000,	Top-5 err = 44.090000,	train_time = 2.651668
TRAIN Iter 97: loss = 0.002116,	Top-1 err = 68.950000,	Top-5 err = 43.240000,	train_time = 2.589548
TRAIN Iter 98: loss = 0.002053,	Top-1 err = 67.820000,	Top-5 err = 42.050000,	train_time = 2.535328
TRAIN Iter 99: loss = 0.002053,	Top-1 err = 69.070000,	Top-5 err = 42.670000,	train_time = 2.533561
TRAIN Iter 100: loss = 0.002061,	Top-1 err = 68.030000,	Top-5 err = 40.980000,	train_time = 2.487521
TRAIN Iter 101: loss = 0.002050,	Top-1 err = 68.420000,	Top-5 err = 42.080000,	train_time = 2.561261
TRAIN Iter 102: loss = 0.002049,	Top-1 err = 69.010000,	Top-5 err = 42.740000,	train_time = 2.626109
TRAIN Iter 103: loss = 0.002052,	Top-1 err = 67.710000,	Top-5 err = 41.070000,	train_time = 2.650072
TRAIN Iter 104: loss = 0.002002,	Top-1 err = 67.800000,	Top-5 err = 41.490000,	train_time = 2.545686
TRAIN Iter 105: loss = 0.002034,	Top-1 err = 68.890000,	Top-5 err = 43.330000,	train_time = 2.673467
TRAIN Iter 106: loss = 0.002012,	Top-1 err = 68.730000,	Top-5 err = 42.390000,	train_time = 2.680732
TRAIN Iter 107: loss = 0.002011,	Top-1 err = 68.320000,	Top-5 err = 42.430000,	train_time = 2.478014
TRAIN Iter 108: loss = 0.001998,	Top-1 err = 70.010000,	Top-5 err = 43.940000,	train_time = 2.611918
TRAIN Iter 109: loss = 0.001999,	Top-1 err = 67.720000,	Top-5 err = 41.140000,	train_time = 2.562352
TRAIN Iter 110: loss = 0.001982,	Top-1 err = 67.970000,	Top-5 err = 41.100000,	train_time = 2.568528
TRAIN Iter 111: loss = 0.001955,	Top-1 err = 68.200000,	Top-5 err = 41.330000,	train_time = 2.508358
TRAIN Iter 112: loss = 0.001982,	Top-1 err = 69.900000,	Top-5 err = 44.430000,	train_time = 2.432456
TRAIN Iter 113: loss = 0.001933,	Top-1 err = 69.270000,	Top-5 err = 42.970000,	train_time = 2.661009
TRAIN Iter 114: loss = 0.001988,	Top-1 err = 67.710000,	Top-5 err = 41.620000,	train_time = 2.633165
TRAIN Iter 115: loss = 0.001948,	Top-1 err = 67.980000,	Top-5 err = 42.280000,	train_time = 2.462944
TRAIN Iter 116: loss = 0.001949,	Top-1 err = 69.180000,	Top-5 err = 43.520000,	train_time = 2.575699
TRAIN Iter 117: loss = 0.001900,	Top-1 err = 66.010000,	Top-5 err = 40.130000,	train_time = 2.659570
TRAIN Iter 118: loss = 0.001919,	Top-1 err = 68.580000,	Top-5 err = 41.620000,	train_time = 2.616623
TRAIN Iter 119: loss = 0.001916,	Top-1 err = 68.100000,	Top-5 err = 42.080000,	train_time = 2.557876
TRAIN Iter 120: loss = 0.001912,	Top-1 err = 68.190000,	Top-5 err = 42.720000,	train_time = 2.613824
TRAIN Iter 121: loss = 0.001920,	Top-1 err = 66.300000,	Top-5 err = 39.860000,	train_time = 2.703038
TRAIN Iter 122: loss = 0.001895,	Top-1 err = 68.260000,	Top-5 err = 41.740000,	train_time = 2.623790
TRAIN Iter 123: loss = 0.001908,	Top-1 err = 67.780000,	Top-5 err = 42.440000,	train_time = 2.557776
TRAIN Iter 124: loss = 0.001845,	Top-1 err = 68.740000,	Top-5 err = 42.660000,	train_time = 2.559575
TRAIN Iter 125: loss = 0.001921,	Top-1 err = 68.420000,	Top-5 err = 43.240000,	train_time = 2.497008
TRAIN Iter 126: loss = 0.001874,	Top-1 err = 65.940000,	Top-5 err = 39.410000,	train_time = 2.509520
TRAIN Iter 127: loss = 0.001855,	Top-1 err = 67.010000,	Top-5 err = 40.930000,	train_time = 2.651645
TRAIN Iter 128: loss = 0.001845,	Top-1 err = 67.440000,	Top-5 err = 41.060000,	train_time = 2.689850
TRAIN Iter 129: loss = 0.001877,	Top-1 err = 68.850000,	Top-5 err = 42.730000,	train_time = 2.612784
TRAIN Iter 130: loss = 0.001844,	Top-1 err = 66.320000,	Top-5 err = 40.540000,	train_time = 2.655895
TRAIN Iter 131: loss = 0.001855,	Top-1 err = 69.030000,	Top-5 err = 43.110000,	train_time = 2.560044
TRAIN Iter 132: loss = 0.001828,	Top-1 err = 67.740000,	Top-5 err = 42.100000,	train_time = 2.575369
TRAIN Iter 133: loss = 0.001842,	Top-1 err = 68.510000,	Top-5 err = 42.350000,	train_time = 2.571398
TRAIN Iter 134: loss = 0.001820,	Top-1 err = 70.530000,	Top-5 err = 44.570000,	train_time = 2.497710
TRAIN Iter 135: loss = 0.001794,	Top-1 err = 67.910000,	Top-5 err = 41.990000,	train_time = 2.530792
TRAIN Iter 136: loss = 0.001767,	Top-1 err = 66.070000,	Top-5 err = 39.880000,	train_time = 2.561129
TRAIN Iter 137: loss = 0.001786,	Top-1 err = 65.870000,	Top-5 err = 38.770000,	train_time = 2.528650
TRAIN Iter 138: loss = 0.001840,	Top-1 err = 68.950000,	Top-5 err = 43.120000,	train_time = 2.478010
TRAIN Iter 139: loss = 0.001750,	Top-1 err = 68.440000,	Top-5 err = 42.450000,	train_time = 2.496014
TRAIN Iter 140: loss = 0.001779,	Top-1 err = 66.820000,	Top-5 err = 40.150000,	train_time = 2.610605
TRAIN Iter 141: loss = 0.001788,	Top-1 err = 66.240000,	Top-5 err = 41.050000,	train_time = 2.696157
TRAIN Iter 142: loss = 0.001768,	Top-1 err = 68.620000,	Top-5 err = 42.360000,	train_time = 2.631867
TRAIN Iter 143: loss = 0.001771,	Top-1 err = 66.380000,	Top-5 err = 39.850000,	train_time = 2.493996
TRAIN Iter 144: loss = 0.001753,	Top-1 err = 65.960000,	Top-5 err = 39.060000,	train_time = 2.550779
TRAIN Iter 145: loss = 0.001756,	Top-1 err = 67.570000,	Top-5 err = 41.710000,	train_time = 2.674803
TRAIN Iter 146: loss = 0.001752,	Top-1 err = 67.480000,	Top-5 err = 40.870000,	train_time = 2.570696
TRAIN Iter 147: loss = 0.001801,	Top-1 err = 67.920000,	Top-5 err = 41.270000,	train_time = 2.602912
TRAIN Iter 148: loss = 0.001788,	Top-1 err = 67.480000,	Top-5 err = 40.720000,	train_time = 2.503740
TRAIN Iter 149: loss = 0.001752,	Top-1 err = 69.000000,	Top-5 err = 42.940000,	train_time = 2.659225
TRAIN Iter 150: loss = 0.001750,	Top-1 err = 67.290000,	Top-5 err = 40.920000,	train_time = 2.475706
TRAIN Iter 151: loss = 0.001727,	Top-1 err = 65.440000,	Top-5 err = 38.690000,	train_time = 2.610483
TRAIN Iter 152: loss = 0.001738,	Top-1 err = 67.010000,	Top-5 err = 40.870000,	train_time = 2.540399
TRAIN Iter 153: loss = 0.001700,	Top-1 err = 68.970000,	Top-5 err = 43.100000,	train_time = 2.630566
TRAIN Iter 154: loss = 0.001702,	Top-1 err = 66.190000,	Top-5 err = 39.820000,	train_time = 2.622427
TRAIN Iter 155: loss = 0.001728,	Top-1 err = 68.410000,	Top-5 err = 42.540000,	train_time = 2.705727
TRAIN Iter 156: loss = 0.001703,	Top-1 err = 68.960000,	Top-5 err = 43.280000,	train_time = 2.556769
TRAIN Iter 157: loss = 0.001715,	Top-1 err = 67.750000,	Top-5 err = 42.070000,	train_time = 2.614444
TRAIN Iter 158: loss = 0.001695,	Top-1 err = 68.470000,	Top-5 err = 42.370000,	train_time = 2.531876
TRAIN Iter 159: loss = 0.001675,	Top-1 err = 66.560000,	Top-5 err = 40.020000,	train_time = 2.582381
TRAIN Iter 160: loss = 0.001652,	Top-1 err = 68.150000,	Top-5 err = 42.100000,	train_time = 2.562927
TRAIN Iter 161: loss = 0.001738,	Top-1 err = 68.860000,	Top-5 err = 42.890000,	train_time = 2.531116
TRAIN Iter 162: loss = 0.001690,	Top-1 err = 67.520000,	Top-5 err = 41.440000,	train_time = 2.506549
TRAIN Iter 163: loss = 0.001691,	Top-1 err = 67.830000,	Top-5 err = 41.750000,	train_time = 2.637091
TRAIN Iter 164: loss = 0.001669,	Top-1 err = 66.800000,	Top-5 err = 40.120000,	train_time = 2.557538
TRAIN Iter 165: loss = 0.001671,	Top-1 err = 68.360000,	Top-5 err = 41.520000,	train_time = 2.541210
TRAIN Iter 166: loss = 0.001671,	Top-1 err = 68.790000,	Top-5 err = 42.650000,	train_time = 2.522723
TRAIN Iter 167: loss = 0.001637,	Top-1 err = 67.160000,	Top-5 err = 41.270000,	train_time = 2.521523
TRAIN Iter 168: loss = 0.001640,	Top-1 err = 67.350000,	Top-5 err = 40.550000,	train_time = 2.519937
TRAIN Iter 169: loss = 0.001662,	Top-1 err = 67.040000,	Top-5 err = 40.960000,	train_time = 2.483109
TRAIN Iter 170: loss = 0.001675,	Top-1 err = 67.840000,	Top-5 err = 42.820000,	train_time = 2.438546
TRAIN Iter 171: loss = 0.001658,	Top-1 err = 67.830000,	Top-5 err = 42.240000,	train_time = 2.611289
TRAIN Iter 172: loss = 0.001634,	Top-1 err = 70.140000,	Top-5 err = 44.370000,	train_time = 2.651693
TRAIN Iter 173: loss = 0.001662,	Top-1 err = 65.850000,	Top-5 err = 40.220000,	train_time = 2.530413
TRAIN Iter 174: loss = 0.001614,	Top-1 err = 66.790000,	Top-5 err = 40.100000,	train_time = 2.572664
TRAIN Iter 175: loss = 0.001626,	Top-1 err = 67.070000,	Top-5 err = 41.100000,	train_time = 2.585419
TRAIN Iter 176: loss = 0.001634,	Top-1 err = 66.640000,	Top-5 err = 41.050000,	train_time = 2.553330
TRAIN Iter 177: loss = 0.001611,	Top-1 err = 67.260000,	Top-5 err = 39.950000,	train_time = 2.549800
TRAIN Iter 178: loss = 0.001620,	Top-1 err = 65.720000,	Top-5 err = 40.150000,	train_time = 2.636635
TRAIN Iter 179: loss = 0.001589,	Top-1 err = 67.680000,	Top-5 err = 41.650000,	train_time = 2.566814
TRAIN Iter 180: loss = 0.001607,	Top-1 err = 67.810000,	Top-5 err = 41.510000,	train_time = 2.519781
TRAIN Iter 181: loss = 0.001621,	Top-1 err = 66.810000,	Top-5 err = 41.140000,	train_time = 2.573833
TRAIN Iter 182: loss = 0.001576,	Top-1 err = 68.400000,	Top-5 err = 42.890000,	train_time = 2.518056
TRAIN Iter 183: loss = 0.001603,	Top-1 err = 66.420000,	Top-5 err = 40.660000,	train_time = 2.440522
TRAIN Iter 184: loss = 0.001568,	Top-1 err = 68.260000,	Top-5 err = 41.910000,	train_time = 2.489122
TRAIN Iter 185: loss = 0.001623,	Top-1 err = 66.600000,	Top-5 err = 41.580000,	train_time = 2.453991
TRAIN Iter 186: loss = 0.001585,	Top-1 err = 66.570000,	Top-5 err = 41.320000,	train_time = 2.543719
TRAIN Iter 187: loss = 0.001563,	Top-1 err = 65.850000,	Top-5 err = 39.610000,	train_time = 2.556726
TRAIN Iter 188: loss = 0.001597,	Top-1 err = 68.660000,	Top-5 err = 42.960000,	train_time = 2.538039
TRAIN Iter 189: loss = 0.001581,	Top-1 err = 68.130000,	Top-5 err = 42.340000,	train_time = 2.544583
TRAIN Iter 190: loss = 0.001544,	Top-1 err = 67.920000,	Top-5 err = 41.750000,	train_time = 2.535923
TRAIN Iter 191: loss = 0.001570,	Top-1 err = 67.150000,	Top-5 err = 41.040000,	train_time = 2.521811
TRAIN Iter 192: loss = 0.001536,	Top-1 err = 67.290000,	Top-5 err = 40.980000,	train_time = 2.557397
TRAIN Iter 193: loss = 0.001536,	Top-1 err = 66.500000,	Top-5 err = 39.810000,	train_time = 2.632089
TRAIN Iter 194: loss = 0.001593,	Top-1 err = 69.290000,	Top-5 err = 43.950000,	train_time = 2.544026
TRAIN Iter 195: loss = 0.001562,	Top-1 err = 67.380000,	Top-5 err = 41.450000,	train_time = 2.434501
TRAIN Iter 196: loss = 0.001584,	Top-1 err = 69.640000,	Top-5 err = 44.500000,	train_time = 2.702574
TRAIN Iter 197: loss = 0.001540,	Top-1 err = 69.360000,	Top-5 err = 43.940000,	train_time = 2.543797
TRAIN Iter 198: loss = 0.001538,	Top-1 err = 68.580000,	Top-5 err = 42.300000,	train_time = 2.510567
TRAIN Iter 199: loss = 0.001546,	Top-1 err = 67.930000,	Top-5 err = 41.510000,	train_time = 2.616316
TRAIN Iter 200: loss = 0.001497,	Top-1 err = 65.770000,	Top-5 err = 39.780000,	train_time = 2.589116
TRAIN Iter 201: loss = 0.001576,	Top-1 err = 67.940000,	Top-5 err = 41.890000,	train_time = 2.566438
TRAIN Iter 202: loss = 0.001499,	Top-1 err = 66.960000,	Top-5 err = 40.860000,	train_time = 2.541199
TRAIN Iter 203: loss = 0.001541,	Top-1 err = 65.640000,	Top-5 err = 39.470000,	train_time = 2.536267
TRAIN Iter 204: loss = 0.001529,	Top-1 err = 69.040000,	Top-5 err = 43.830000,	train_time = 2.559117
TRAIN Iter 205: loss = 0.001530,	Top-1 err = 68.500000,	Top-5 err = 42.580000,	train_time = 2.564576
TRAIN Iter 206: loss = 0.001499,	Top-1 err = 66.870000,	Top-5 err = 39.760000,	train_time = 2.606064
TRAIN Iter 207: loss = 0.001514,	Top-1 err = 68.130000,	Top-5 err = 42.240000,	train_time = 2.525275
TRAIN Iter 208: loss = 0.001503,	Top-1 err = 65.490000,	Top-5 err = 40.100000,	train_time = 2.479915
TRAIN Iter 209: loss = 0.001532,	Top-1 err = 70.130000,	Top-5 err = 43.880000,	train_time = 2.617517
TRAIN Iter 210: loss = 0.001459,	Top-1 err = 68.480000,	Top-5 err = 42.960000,	train_time = 2.501414
TRAIN Iter 211: loss = 0.001522,	Top-1 err = 67.330000,	Top-5 err = 40.610000,	train_time = 2.620358
TRAIN Iter 212: loss = 0.001502,	Top-1 err = 67.100000,	Top-5 err = 41.990000,	train_time = 2.587713
TRAIN Iter 213: loss = 0.001526,	Top-1 err = 67.920000,	Top-5 err = 41.350000,	train_time = 2.499713
TRAIN Iter 214: loss = 0.001511,	Top-1 err = 67.180000,	Top-5 err = 41.080000,	train_time = 2.590404
TRAIN Iter 215: loss = 0.001468,	Top-1 err = 65.040000,	Top-5 err = 38.150000,	train_time = 2.550292
TRAIN Iter 216: loss = 0.001495,	Top-1 err = 66.720000,	Top-5 err = 41.060000,	train_time = 2.593712
TRAIN Iter 217: loss = 0.001513,	Top-1 err = 66.010000,	Top-5 err = 40.720000,	train_time = 2.548531
TRAIN Iter 218: loss = 0.001473,	Top-1 err = 65.680000,	Top-5 err = 39.510000,	train_time = 2.453879
TRAIN Iter 219: loss = 0.001497,	Top-1 err = 68.310000,	Top-5 err = 43.250000,	train_time = 2.559474
TRAIN Iter 220: loss = 0.001464,	Top-1 err = 65.890000,	Top-5 err = 39.990000,	train_time = 2.579673
TRAIN Iter 221: loss = 0.001484,	Top-1 err = 69.090000,	Top-5 err = 44.040000,	train_time = 2.599414
TRAIN Iter 222: loss = 0.001459,	Top-1 err = 67.580000,	Top-5 err = 41.410000,	train_time = 2.480999
TRAIN Iter 223: loss = 0.001462,	Top-1 err = 67.130000,	Top-5 err = 40.900000,	train_time = 2.539784
TRAIN Iter 224: loss = 0.001489,	Top-1 err = 67.930000,	Top-5 err = 42.770000,	train_time = 2.627871
TRAIN Iter 225: loss = 0.001470,	Top-1 err = 67.800000,	Top-5 err = 42.910000,	train_time = 2.447352
TRAIN Iter 226: loss = 0.001474,	Top-1 err = 67.160000,	Top-5 err = 41.510000,	train_time = 2.539460
TRAIN Iter 227: loss = 0.001464,	Top-1 err = 65.500000,	Top-5 err = 39.280000,	train_time = 2.537256
TRAIN Iter 228: loss = 0.001481,	Top-1 err = 67.100000,	Top-5 err = 40.810000,	train_time = 2.590833
TRAIN Iter 229: loss = 0.001450,	Top-1 err = 66.210000,	Top-5 err = 40.400000,	train_time = 2.602118
TRAIN Iter 230: loss = 0.001448,	Top-1 err = 66.210000,	Top-5 err = 40.190000,	train_time = 2.625535
TRAIN Iter 231: loss = 0.001488,	Top-1 err = 68.430000,	Top-5 err = 42.190000,	train_time = 2.485962
TRAIN Iter 232: loss = 0.001452,	Top-1 err = 66.730000,	Top-5 err = 40.890000,	train_time = 2.521911
TRAIN Iter 233: loss = 0.001452,	Top-1 err = 66.720000,	Top-5 err = 41.050000,	train_time = 2.555042
TRAIN Iter 234: loss = 0.001483,	Top-1 err = 67.250000,	Top-5 err = 41.680000,	train_time = 2.629413
TRAIN Iter 235: loss = 0.001424,	Top-1 err = 68.340000,	Top-5 err = 42.660000,	train_time = 2.535817
TRAIN Iter 236: loss = 0.001440,	Top-1 err = 67.570000,	Top-5 err = 40.680000,	train_time = 2.557040
TRAIN Iter 237: loss = 0.001428,	Top-1 err = 67.790000,	Top-5 err = 42.030000,	train_time = 2.459763
TRAIN Iter 238: loss = 0.001422,	Top-1 err = 64.810000,	Top-5 err = 38.240000,	train_time = 2.459971
TRAIN Iter 239: loss = 0.001437,	Top-1 err = 67.320000,	Top-5 err = 40.810000,	train_time = 2.626679
TRAIN Iter 240: loss = 0.001431,	Top-1 err = 65.220000,	Top-5 err = 39.320000,	train_time = 2.488923
TRAIN Iter 241: loss = 0.001445,	Top-1 err = 67.150000,	Top-5 err = 41.440000,	train_time = 2.623713
TRAIN Iter 242: loss = 0.001453,	Top-1 err = 66.940000,	Top-5 err = 41.600000,	train_time = 2.736229
TRAIN Iter 243: loss = 0.001392,	Top-1 err = 67.810000,	Top-5 err = 42.500000,	train_time = 2.451922
TRAIN Iter 244: loss = 0.001442,	Top-1 err = 66.610000,	Top-5 err = 40.990000,	train_time = 2.560059
TRAIN Iter 245: loss = 0.001391,	Top-1 err = 64.800000,	Top-5 err = 38.420000,	train_time = 2.477666
TRAIN Iter 246: loss = 0.001418,	Top-1 err = 67.230000,	Top-5 err = 41.670000,	train_time = 2.449931
TRAIN Iter 247: loss = 0.001402,	Top-1 err = 68.930000,	Top-5 err = 43.380000,	train_time = 2.578868
TRAIN Iter 248: loss = 0.001376,	Top-1 err = 65.870000,	Top-5 err = 40.160000,	train_time = 2.637631
TRAIN Iter 249: loss = 0.001419,	Top-1 err = 67.630000,	Top-5 err = 42.030000,	train_time = 2.542760
TEST:
Iter 249: loss = 1.660802,	Top-1 err = 41.990000,	Top-5 err = 15.770000,	val_time = 0.684156
TRAIN Iter 250: loss = 0.001435,	Top-1 err = 65.160000,	Top-5 err = 38.910000,	train_time = 2.557906
TRAIN Iter 251: loss = 0.001418,	Top-1 err = 67.710000,	Top-5 err = 42.340000,	train_time = 2.599433
TRAIN Iter 252: loss = 0.001391,	Top-1 err = 65.600000,	Top-5 err = 39.390000,	train_time = 2.529025
TRAIN Iter 253: loss = 0.001393,	Top-1 err = 67.620000,	Top-5 err = 40.960000,	train_time = 2.557461
TRAIN Iter 254: loss = 0.001406,	Top-1 err = 66.430000,	Top-5 err = 39.840000,	train_time = 2.523114
TRAIN Iter 255: loss = 0.001394,	Top-1 err = 67.920000,	Top-5 err = 41.580000,	train_time = 2.574061
TRAIN Iter 256: loss = 0.001393,	Top-1 err = 66.380000,	Top-5 err = 40.300000,	train_time = 2.520477
TRAIN Iter 257: loss = 0.001379,	Top-1 err = 66.200000,	Top-5 err = 39.160000,	train_time = 2.628968
TRAIN Iter 258: loss = 0.001457,	Top-1 err = 67.000000,	Top-5 err = 40.910000,	train_time = 2.552564
TRAIN Iter 259: loss = 0.001402,	Top-1 err = 64.200000,	Top-5 err = 38.450000,	train_time = 2.584907
TEST:
Iter 259: loss = 1.669695,	Top-1 err = 42.080000,	Top-5 err = 15.670000,	val_time = 0.770680
TRAIN Iter 260: loss = 0.001370,	Top-1 err = 66.820000,	Top-5 err = 41.790000,	train_time = 2.580119
TRAIN Iter 261: loss = 0.001371,	Top-1 err = 64.970000,	Top-5 err = 38.540000,	train_time = 2.535368
TRAIN Iter 262: loss = 0.001381,	Top-1 err = 67.360000,	Top-5 err = 41.910000,	train_time = 2.539404
TRAIN Iter 263: loss = 0.001383,	Top-1 err = 67.550000,	Top-5 err = 42.310000,	train_time = 2.623987
TRAIN Iter 264: loss = 0.001402,	Top-1 err = 67.490000,	Top-5 err = 42.480000,	train_time = 2.521348
TRAIN Iter 265: loss = 0.001349,	Top-1 err = 64.040000,	Top-5 err = 37.810000,	train_time = 2.600515
TRAIN Iter 266: loss = 0.001379,	Top-1 err = 66.330000,	Top-5 err = 40.660000,	train_time = 2.557308
TRAIN Iter 267: loss = 0.001345,	Top-1 err = 66.700000,	Top-5 err = 40.030000,	train_time = 2.569763
TRAIN Iter 268: loss = 0.001340,	Top-1 err = 65.440000,	Top-5 err = 39.330000,	train_time = 2.611389
TRAIN Iter 269: loss = 0.001362,	Top-1 err = 65.360000,	Top-5 err = 39.440000,	train_time = 2.680624
TEST:
Iter 269: loss = 1.641502,	Top-1 err = 41.680000,	Top-5 err = 15.560000,	val_time = 0.750006
TRAIN Iter 270: loss = 0.001359,	Top-1 err = 68.490000,	Top-5 err = 42.730000,	train_time = 2.544500
TRAIN Iter 271: loss = 0.001330,	Top-1 err = 65.460000,	Top-5 err = 39.710000,	train_time = 2.591353
TRAIN Iter 272: loss = 0.001315,	Top-1 err = 65.200000,	Top-5 err = 38.890000,	train_time = 2.643503
TRAIN Iter 273: loss = 0.001342,	Top-1 err = 65.740000,	Top-5 err = 40.510000,	train_time = 2.705541
TRAIN Iter 274: loss = 0.001354,	Top-1 err = 66.360000,	Top-5 err = 41.140000,	train_time = 2.570533
TRAIN Iter 275: loss = 0.001300,	Top-1 err = 65.830000,	Top-5 err = 39.620000,	train_time = 2.560628
TRAIN Iter 276: loss = 0.001358,	Top-1 err = 65.830000,	Top-5 err = 39.790000,	train_time = 2.578139
TRAIN Iter 277: loss = 0.001326,	Top-1 err = 66.960000,	Top-5 err = 41.660000,	train_time = 2.526289
TRAIN Iter 278: loss = 0.001356,	Top-1 err = 67.580000,	Top-5 err = 41.830000,	train_time = 2.553317
TRAIN Iter 279: loss = 0.001310,	Top-1 err = 68.040000,	Top-5 err = 42.340000,	train_time = 2.623801
TEST:
Iter 279: loss = 1.642003,	Top-1 err = 41.500000,	Top-5 err = 15.660000,	val_time = 0.789382
TRAIN Iter 280: loss = 0.001346,	Top-1 err = 64.500000,	Top-5 err = 37.990000,	train_time = 2.535088
TRAIN Iter 281: loss = 0.001320,	Top-1 err = 65.020000,	Top-5 err = 38.560000,	train_time = 2.524188
TRAIN Iter 282: loss = 0.001333,	Top-1 err = 66.720000,	Top-5 err = 41.320000,	train_time = 2.556379
TRAIN Iter 283: loss = 0.001323,	Top-1 err = 66.290000,	Top-5 err = 39.680000,	train_time = 2.449951
TRAIN Iter 284: loss = 0.001301,	Top-1 err = 64.570000,	Top-5 err = 37.660000,	train_time = 2.484597
TRAIN Iter 285: loss = 0.001285,	Top-1 err = 65.790000,	Top-5 err = 39.300000,	train_time = 2.410631
TRAIN Iter 286: loss = 0.001323,	Top-1 err = 64.740000,	Top-5 err = 38.930000,	train_time = 2.541862
TRAIN Iter 287: loss = 0.001338,	Top-1 err = 65.630000,	Top-5 err = 40.190000,	train_time = 2.422751
TRAIN Iter 288: loss = 0.001335,	Top-1 err = 64.930000,	Top-5 err = 38.100000,	train_time = 2.594585
TRAIN Iter 289: loss = 0.001324,	Top-1 err = 65.330000,	Top-5 err = 39.420000,	train_time = 2.586586
TEST:
Iter 289: loss = 1.664401,	Top-1 err = 41.830000,	Top-5 err = 15.540000,	val_time = 0.772830
TRAIN Iter 290: loss = 0.001324,	Top-1 err = 65.050000,	Top-5 err = 38.960000,	train_time = 2.432617
TRAIN Iter 291: loss = 0.001313,	Top-1 err = 66.980000,	Top-5 err = 41.150000,	train_time = 2.603429
TRAIN Iter 292: loss = 0.001347,	Top-1 err = 68.110000,	Top-5 err = 41.870000,	train_time = 2.546454
TRAIN Iter 293: loss = 0.001319,	Top-1 err = 67.370000,	Top-5 err = 41.270000,	train_time = 2.576476
TRAIN Iter 294: loss = 0.001309,	Top-1 err = 67.070000,	Top-5 err = 41.560000,	train_time = 2.407687
TRAIN Iter 295: loss = 0.001316,	Top-1 err = 65.730000,	Top-5 err = 39.400000,	train_time = 2.538574
TRAIN Iter 296: loss = 0.001307,	Top-1 err = 66.300000,	Top-5 err = 41.050000,	train_time = 2.442190
TRAIN Iter 297: loss = 0.001290,	Top-1 err = 64.940000,	Top-5 err = 38.630000,	train_time = 2.548475
TRAIN Iter 298: loss = 0.001287,	Top-1 err = 66.110000,	Top-5 err = 39.660000,	train_time = 2.567011
TRAIN Iter 299: loss = 0.001304,	Top-1 err = 66.440000,	Top-5 err = 40.400000,	train_time = 2.481355
TEST:
Iter 299: loss = 1.646618,	Top-1 err = 41.620000,	Top-5 err = 15.410000,	val_time = 0.795106
Train Finish! Best accuracy is 58.5@279
