/home/dvspanos/miniconda3/envs/rded/lib/python3.10/site-packages/torch/cuda/__init__.py:611: UserWarning: Can't initialize NVML
  warnings.warn("Can't initialize NVML")
=> using pytorch pre-trained teacher model 'conv3'
process data from /home/dvspanos/nikos/ca2d/artifacts/sets/bench_cifar100_conv_sharp2d_ipc50
load data successfully
TRAIN Iter 0: loss = 0.015633,	Top-1 err = 93.720000,	Top-5 err = 78.580000,	train_time = 2.050261
TRAIN Iter 1: loss = 0.013220,	Top-1 err = 86.740000,	Top-5 err = 66.480000,	train_time = 1.391927
TRAIN Iter 2: loss = 0.011290,	Top-1 err = 82.880000,	Top-5 err = 59.520000,	train_time = 1.317791
TRAIN Iter 3: loss = 0.009963,	Top-1 err = 76.700000,	Top-5 err = 50.580000,	train_time = 1.370225
TRAIN Iter 4: loss = 0.009239,	Top-1 err = 72.460000,	Top-5 err = 47.180000,	train_time = 1.373886
TRAIN Iter 5: loss = 0.008356,	Top-1 err = 72.600000,	Top-5 err = 47.680000,	train_time = 1.361404
TRAIN Iter 6: loss = 0.007964,	Top-1 err = 66.320000,	Top-5 err = 40.820000,	train_time = 1.344233
TRAIN Iter 7: loss = 0.007308,	Top-1 err = 67.080000,	Top-5 err = 41.400000,	train_time = 1.320687
TRAIN Iter 8: loss = 0.007019,	Top-1 err = 68.980000,	Top-5 err = 44.180000,	train_time = 1.304978
TRAIN Iter 9: loss = 0.006549,	Top-1 err = 62.020000,	Top-5 err = 37.620000,	train_time = 1.344215
TRAIN Iter 10: loss = 0.006329,	Top-1 err = 62.200000,	Top-5 err = 39.000000,	train_time = 1.260083
TRAIN Iter 11: loss = 0.006075,	Top-1 err = 58.920000,	Top-5 err = 34.160000,	train_time = 1.363427
TRAIN Iter 12: loss = 0.005971,	Top-1 err = 63.220000,	Top-5 err = 38.540000,	train_time = 1.275052
TRAIN Iter 13: loss = 0.005695,	Top-1 err = 60.780000,	Top-5 err = 36.960000,	train_time = 1.416992
TRAIN Iter 14: loss = 0.005519,	Top-1 err = 56.460000,	Top-5 err = 33.580000,	train_time = 1.347066
TRAIN Iter 15: loss = 0.005365,	Top-1 err = 56.940000,	Top-5 err = 34.380000,	train_time = 1.308968
TRAIN Iter 16: loss = 0.005285,	Top-1 err = 61.880000,	Top-5 err = 38.860000,	train_time = 1.310591
TRAIN Iter 17: loss = 0.005220,	Top-1 err = 59.100000,	Top-5 err = 35.640000,	train_time = 1.349134
TRAIN Iter 18: loss = 0.005005,	Top-1 err = 57.420000,	Top-5 err = 34.100000,	train_time = 1.241862
TRAIN Iter 19: loss = 0.004867,	Top-1 err = 55.880000,	Top-5 err = 33.720000,	train_time = 1.314678
TRAIN Iter 20: loss = 0.004793,	Top-1 err = 55.040000,	Top-5 err = 32.180000,	train_time = 1.418638
TRAIN Iter 21: loss = 0.004697,	Top-1 err = 53.060000,	Top-5 err = 30.500000,	train_time = 1.306691
TRAIN Iter 22: loss = 0.004829,	Top-1 err = 51.720000,	Top-5 err = 29.820000,	train_time = 1.337803
TRAIN Iter 23: loss = 0.004651,	Top-1 err = 59.400000,	Top-5 err = 37.560000,	train_time = 1.395456
TRAIN Iter 24: loss = 0.004526,	Top-1 err = 57.000000,	Top-5 err = 34.700000,	train_time = 1.347449
TRAIN Iter 25: loss = 0.004302,	Top-1 err = 54.960000,	Top-5 err = 31.440000,	train_time = 1.311007
TRAIN Iter 26: loss = 0.004290,	Top-1 err = 53.940000,	Top-5 err = 32.340000,	train_time = 1.398888
TRAIN Iter 27: loss = 0.004300,	Top-1 err = 53.580000,	Top-5 err = 31.100000,	train_time = 1.422122
TRAIN Iter 28: loss = 0.004261,	Top-1 err = 50.840000,	Top-5 err = 29.520000,	train_time = 1.350953
TRAIN Iter 29: loss = 0.004167,	Top-1 err = 52.020000,	Top-5 err = 30.300000,	train_time = 1.307957
TRAIN Iter 30: loss = 0.004175,	Top-1 err = 51.640000,	Top-5 err = 30.980000,	train_time = 1.338464
TRAIN Iter 31: loss = 0.004023,	Top-1 err = 51.440000,	Top-5 err = 28.100000,	train_time = 1.286632
TRAIN Iter 32: loss = 0.003984,	Top-1 err = 50.140000,	Top-5 err = 29.340000,	train_time = 1.360183
TRAIN Iter 33: loss = 0.003985,	Top-1 err = 52.620000,	Top-5 err = 31.540000,	train_time = 1.301515
TRAIN Iter 34: loss = 0.003929,	Top-1 err = 50.000000,	Top-5 err = 27.840000,	train_time = 1.371810
TRAIN Iter 35: loss = 0.003928,	Top-1 err = 50.960000,	Top-5 err = 28.780000,	train_time = 1.293900
TRAIN Iter 36: loss = 0.003889,	Top-1 err = 53.020000,	Top-5 err = 31.580000,	train_time = 1.316608
TRAIN Iter 37: loss = 0.003854,	Top-1 err = 52.440000,	Top-5 err = 30.600000,	train_time = 1.327776
TRAIN Iter 38: loss = 0.003828,	Top-1 err = 51.320000,	Top-5 err = 29.960000,	train_time = 1.372907
TRAIN Iter 39: loss = 0.003794,	Top-1 err = 54.040000,	Top-5 err = 33.380000,	train_time = 1.404842
TRAIN Iter 40: loss = 0.003719,	Top-1 err = 50.860000,	Top-5 err = 29.400000,	train_time = 1.308301
TRAIN Iter 41: loss = 0.003718,	Top-1 err = 52.820000,	Top-5 err = 31.760000,	train_time = 1.341293
TRAIN Iter 42: loss = 0.003731,	Top-1 err = 49.720000,	Top-5 err = 28.620000,	train_time = 1.367485
TRAIN Iter 43: loss = 0.003705,	Top-1 err = 49.320000,	Top-5 err = 29.660000,	train_time = 1.337986
TRAIN Iter 44: loss = 0.003663,	Top-1 err = 54.700000,	Top-5 err = 32.380000,	train_time = 1.313077
TRAIN Iter 45: loss = 0.003564,	Top-1 err = 50.080000,	Top-5 err = 28.800000,	train_time = 1.378199
TRAIN Iter 46: loss = 0.003462,	Top-1 err = 49.740000,	Top-5 err = 28.620000,	train_time = 1.295800
TRAIN Iter 47: loss = 0.003484,	Top-1 err = 50.980000,	Top-5 err = 29.400000,	train_time = 1.380694
TRAIN Iter 48: loss = 0.003481,	Top-1 err = 52.760000,	Top-5 err = 30.840000,	train_time = 1.322053
TRAIN Iter 49: loss = 0.003452,	Top-1 err = 54.640000,	Top-5 err = 34.240000,	train_time = 1.402963
TRAIN Iter 50: loss = 0.003462,	Top-1 err = 53.020000,	Top-5 err = 31.600000,	train_time = 1.370165
TRAIN Iter 51: loss = 0.003431,	Top-1 err = 51.220000,	Top-5 err = 29.600000,	train_time = 1.295877
TRAIN Iter 52: loss = 0.003370,	Top-1 err = 51.920000,	Top-5 err = 31.140000,	train_time = 1.395318
TRAIN Iter 53: loss = 0.003414,	Top-1 err = 50.280000,	Top-5 err = 29.360000,	train_time = 1.376579
TRAIN Iter 54: loss = 0.003381,	Top-1 err = 47.320000,	Top-5 err = 28.400000,	train_time = 1.423481
TRAIN Iter 55: loss = 0.003311,	Top-1 err = 53.240000,	Top-5 err = 31.980000,	train_time = 1.390371
TRAIN Iter 56: loss = 0.003339,	Top-1 err = 50.480000,	Top-5 err = 29.960000,	train_time = 1.319550
TRAIN Iter 57: loss = 0.003323,	Top-1 err = 50.260000,	Top-5 err = 30.200000,	train_time = 1.328993
TRAIN Iter 58: loss = 0.003253,	Top-1 err = 50.200000,	Top-5 err = 30.100000,	train_time = 1.293915
TRAIN Iter 59: loss = 0.003263,	Top-1 err = 51.300000,	Top-5 err = 30.300000,	train_time = 1.352832
TRAIN Iter 60: loss = 0.003222,	Top-1 err = 48.380000,	Top-5 err = 28.440000,	train_time = 1.294169
TRAIN Iter 61: loss = 0.003171,	Top-1 err = 49.340000,	Top-5 err = 28.680000,	train_time = 1.304090
TRAIN Iter 62: loss = 0.003160,	Top-1 err = 49.000000,	Top-5 err = 27.240000,	train_time = 1.336482
TRAIN Iter 63: loss = 0.003190,	Top-1 err = 50.680000,	Top-5 err = 30.860000,	train_time = 1.279593
TRAIN Iter 64: loss = 0.003154,	Top-1 err = 50.340000,	Top-5 err = 28.760000,	train_time = 1.397901
TRAIN Iter 65: loss = 0.003174,	Top-1 err = 52.080000,	Top-5 err = 31.040000,	train_time = 1.382227
TRAIN Iter 66: loss = 0.003117,	Top-1 err = 50.340000,	Top-5 err = 28.600000,	train_time = 1.334912
TRAIN Iter 67: loss = 0.003117,	Top-1 err = 49.840000,	Top-5 err = 29.720000,	train_time = 1.358587
TRAIN Iter 68: loss = 0.003072,	Top-1 err = 49.300000,	Top-5 err = 27.960000,	train_time = 1.348422
TRAIN Iter 69: loss = 0.003098,	Top-1 err = 51.540000,	Top-5 err = 31.200000,	train_time = 1.365088
TRAIN Iter 70: loss = 0.003054,	Top-1 err = 47.560000,	Top-5 err = 27.460000,	train_time = 1.374553
TRAIN Iter 71: loss = 0.002961,	Top-1 err = 50.900000,	Top-5 err = 29.520000,	train_time = 1.409187
TRAIN Iter 72: loss = 0.003040,	Top-1 err = 51.660000,	Top-5 err = 31.160000,	train_time = 1.338276
TRAIN Iter 73: loss = 0.002981,	Top-1 err = 48.000000,	Top-5 err = 28.420000,	train_time = 1.361415
TRAIN Iter 74: loss = 0.003057,	Top-1 err = 49.320000,	Top-5 err = 27.420000,	train_time = 1.428257
TRAIN Iter 75: loss = 0.003032,	Top-1 err = 48.500000,	Top-5 err = 27.460000,	train_time = 1.358325
TRAIN Iter 76: loss = 0.002994,	Top-1 err = 53.120000,	Top-5 err = 33.220000,	train_time = 1.381837
TRAIN Iter 77: loss = 0.002922,	Top-1 err = 50.220000,	Top-5 err = 29.260000,	train_time = 1.309770
TRAIN Iter 78: loss = 0.003004,	Top-1 err = 48.780000,	Top-5 err = 29.700000,	train_time = 1.332659
TRAIN Iter 79: loss = 0.002952,	Top-1 err = 49.940000,	Top-5 err = 29.120000,	train_time = 1.402372
TRAIN Iter 80: loss = 0.002861,	Top-1 err = 50.160000,	Top-5 err = 29.320000,	train_time = 1.385710
TRAIN Iter 81: loss = 0.002821,	Top-1 err = 49.500000,	Top-5 err = 28.880000,	train_time = 1.395855
TRAIN Iter 82: loss = 0.002895,	Top-1 err = 52.200000,	Top-5 err = 31.060000,	train_time = 1.362396
TRAIN Iter 83: loss = 0.002864,	Top-1 err = 47.940000,	Top-5 err = 26.900000,	train_time = 1.365630
TRAIN Iter 84: loss = 0.002850,	Top-1 err = 49.160000,	Top-5 err = 28.420000,	train_time = 1.363479
TRAIN Iter 85: loss = 0.002809,	Top-1 err = 48.420000,	Top-5 err = 28.620000,	train_time = 1.323442
TRAIN Iter 86: loss = 0.002794,	Top-1 err = 52.120000,	Top-5 err = 32.040000,	train_time = 1.417936
TRAIN Iter 87: loss = 0.002818,	Top-1 err = 49.460000,	Top-5 err = 29.200000,	train_time = 1.339327
TRAIN Iter 88: loss = 0.002820,	Top-1 err = 54.360000,	Top-5 err = 33.500000,	train_time = 1.316592
TRAIN Iter 89: loss = 0.002772,	Top-1 err = 54.480000,	Top-5 err = 32.200000,	train_time = 1.294900
TRAIN Iter 90: loss = 0.002777,	Top-1 err = 51.100000,	Top-5 err = 30.100000,	train_time = 1.416823
TRAIN Iter 91: loss = 0.002743,	Top-1 err = 45.920000,	Top-5 err = 27.360000,	train_time = 1.356784
TRAIN Iter 92: loss = 0.002677,	Top-1 err = 49.480000,	Top-5 err = 27.700000,	train_time = 1.293985
TRAIN Iter 93: loss = 0.002721,	Top-1 err = 48.500000,	Top-5 err = 29.660000,	train_time = 1.273123
TRAIN Iter 94: loss = 0.002791,	Top-1 err = 51.120000,	Top-5 err = 31.540000,	train_time = 1.257206
TRAIN Iter 95: loss = 0.002656,	Top-1 err = 52.700000,	Top-5 err = 31.020000,	train_time = 1.408600
TRAIN Iter 96: loss = 0.002668,	Top-1 err = 49.060000,	Top-5 err = 29.800000,	train_time = 1.430776
TRAIN Iter 97: loss = 0.002685,	Top-1 err = 49.940000,	Top-5 err = 30.180000,	train_time = 1.333225
TRAIN Iter 98: loss = 0.002635,	Top-1 err = 45.820000,	Top-5 err = 26.240000,	train_time = 1.412870
TRAIN Iter 99: loss = 0.002585,	Top-1 err = 49.160000,	Top-5 err = 27.920000,	train_time = 1.344950
TRAIN Iter 100: loss = 0.002668,	Top-1 err = 48.020000,	Top-5 err = 27.380000,	train_time = 1.327655
TRAIN Iter 101: loss = 0.002693,	Top-1 err = 49.960000,	Top-5 err = 29.980000,	train_time = 1.382439
TRAIN Iter 102: loss = 0.002647,	Top-1 err = 49.620000,	Top-5 err = 28.880000,	train_time = 1.388475
TRAIN Iter 103: loss = 0.002624,	Top-1 err = 49.140000,	Top-5 err = 28.800000,	train_time = 1.358104
TRAIN Iter 104: loss = 0.002586,	Top-1 err = 49.760000,	Top-5 err = 29.460000,	train_time = 1.348538
TRAIN Iter 105: loss = 0.002554,	Top-1 err = 49.900000,	Top-5 err = 29.620000,	train_time = 1.349227
TRAIN Iter 106: loss = 0.002546,	Top-1 err = 49.200000,	Top-5 err = 30.480000,	train_time = 1.282529
TRAIN Iter 107: loss = 0.002602,	Top-1 err = 52.080000,	Top-5 err = 32.180000,	train_time = 1.380423
TRAIN Iter 108: loss = 0.002576,	Top-1 err = 50.460000,	Top-5 err = 30.460000,	train_time = 1.498149
TRAIN Iter 109: loss = 0.002543,	Top-1 err = 45.880000,	Top-5 err = 25.700000,	train_time = 1.369165
TRAIN Iter 110: loss = 0.002547,	Top-1 err = 46.680000,	Top-5 err = 27.680000,	train_time = 1.281453
TRAIN Iter 111: loss = 0.002501,	Top-1 err = 46.520000,	Top-5 err = 26.100000,	train_time = 1.343426
TRAIN Iter 112: loss = 0.002486,	Top-1 err = 47.360000,	Top-5 err = 27.700000,	train_time = 1.372304
TRAIN Iter 113: loss = 0.002489,	Top-1 err = 51.260000,	Top-5 err = 31.180000,	train_time = 1.325083
TRAIN Iter 114: loss = 0.002477,	Top-1 err = 51.640000,	Top-5 err = 31.860000,	train_time = 1.360098
TRAIN Iter 115: loss = 0.002502,	Top-1 err = 47.200000,	Top-5 err = 27.480000,	train_time = 1.304289
TRAIN Iter 116: loss = 0.002402,	Top-1 err = 47.980000,	Top-5 err = 27.880000,	train_time = 1.374007
TRAIN Iter 117: loss = 0.002408,	Top-1 err = 46.300000,	Top-5 err = 26.060000,	train_time = 1.381518
TRAIN Iter 118: loss = 0.002403,	Top-1 err = 49.700000,	Top-5 err = 30.060000,	train_time = 1.461355
TRAIN Iter 119: loss = 0.002377,	Top-1 err = 46.720000,	Top-5 err = 27.540000,	train_time = 1.253293
TRAIN Iter 120: loss = 0.002379,	Top-1 err = 47.240000,	Top-5 err = 26.460000,	train_time = 1.286456
TRAIN Iter 121: loss = 0.002381,	Top-1 err = 49.920000,	Top-5 err = 29.120000,	train_time = 1.324079
TRAIN Iter 122: loss = 0.002424,	Top-1 err = 49.300000,	Top-5 err = 29.080000,	train_time = 1.348468
TRAIN Iter 123: loss = 0.002402,	Top-1 err = 44.780000,	Top-5 err = 24.740000,	train_time = 1.306914
TRAIN Iter 124: loss = 0.002381,	Top-1 err = 48.700000,	Top-5 err = 28.540000,	train_time = 1.292867
TRAIN Iter 125: loss = 0.002372,	Top-1 err = 46.640000,	Top-5 err = 27.340000,	train_time = 1.351733
TRAIN Iter 126: loss = 0.002394,	Top-1 err = 49.600000,	Top-5 err = 29.020000,	train_time = 1.291487
TRAIN Iter 127: loss = 0.002360,	Top-1 err = 48.260000,	Top-5 err = 28.320000,	train_time = 1.309618
TRAIN Iter 128: loss = 0.002314,	Top-1 err = 45.780000,	Top-5 err = 25.660000,	train_time = 1.380388
TRAIN Iter 129: loss = 0.002291,	Top-1 err = 48.080000,	Top-5 err = 28.180000,	train_time = 1.364248
TRAIN Iter 130: loss = 0.002296,	Top-1 err = 48.000000,	Top-5 err = 28.520000,	train_time = 1.376809
TRAIN Iter 131: loss = 0.002291,	Top-1 err = 47.880000,	Top-5 err = 28.120000,	train_time = 1.345599
TRAIN Iter 132: loss = 0.002245,	Top-1 err = 45.760000,	Top-5 err = 25.920000,	train_time = 1.340163
TRAIN Iter 133: loss = 0.002297,	Top-1 err = 47.720000,	Top-5 err = 27.900000,	train_time = 1.437702
TRAIN Iter 134: loss = 0.002347,	Top-1 err = 47.860000,	Top-5 err = 27.240000,	train_time = 1.368776
TRAIN Iter 135: loss = 0.002248,	Top-1 err = 47.600000,	Top-5 err = 28.380000,	train_time = 1.350653
TRAIN Iter 136: loss = 0.002288,	Top-1 err = 50.020000,	Top-5 err = 31.040000,	train_time = 1.281897
TRAIN Iter 137: loss = 0.002279,	Top-1 err = 49.180000,	Top-5 err = 30.080000,	train_time = 1.376704
TRAIN Iter 138: loss = 0.002208,	Top-1 err = 44.500000,	Top-5 err = 24.140000,	train_time = 1.353629
TRAIN Iter 139: loss = 0.002202,	Top-1 err = 47.260000,	Top-5 err = 27.500000,	train_time = 1.288290
TRAIN Iter 140: loss = 0.002224,	Top-1 err = 48.560000,	Top-5 err = 27.820000,	train_time = 1.304349
TRAIN Iter 141: loss = 0.002145,	Top-1 err = 48.040000,	Top-5 err = 27.300000,	train_time = 1.326553
TRAIN Iter 142: loss = 0.002197,	Top-1 err = 47.960000,	Top-5 err = 29.460000,	train_time = 1.343564
TRAIN Iter 143: loss = 0.002245,	Top-1 err = 50.520000,	Top-5 err = 28.540000,	train_time = 1.380401
TRAIN Iter 144: loss = 0.002223,	Top-1 err = 50.780000,	Top-5 err = 30.540000,	train_time = 1.323923
TRAIN Iter 145: loss = 0.002196,	Top-1 err = 51.180000,	Top-5 err = 31.460000,	train_time = 1.378622
TRAIN Iter 146: loss = 0.002259,	Top-1 err = 49.400000,	Top-5 err = 30.060000,	train_time = 1.289672
TRAIN Iter 147: loss = 0.002177,	Top-1 err = 45.760000,	Top-5 err = 26.020000,	train_time = 1.356379
TRAIN Iter 148: loss = 0.002145,	Top-1 err = 49.660000,	Top-5 err = 30.140000,	train_time = 1.345550
TRAIN Iter 149: loss = 0.002227,	Top-1 err = 50.700000,	Top-5 err = 30.700000,	train_time = 1.354704
TRAIN Iter 150: loss = 0.002126,	Top-1 err = 46.960000,	Top-5 err = 26.940000,	train_time = 1.415999
TRAIN Iter 151: loss = 0.002122,	Top-1 err = 49.040000,	Top-5 err = 28.200000,	train_time = 1.285843
TRAIN Iter 152: loss = 0.002100,	Top-1 err = 46.960000,	Top-5 err = 26.660000,	train_time = 1.351698
TRAIN Iter 153: loss = 0.002147,	Top-1 err = 49.820000,	Top-5 err = 28.940000,	train_time = 1.310382
TRAIN Iter 154: loss = 0.002147,	Top-1 err = 50.520000,	Top-5 err = 30.280000,	train_time = 1.357292
TRAIN Iter 155: loss = 0.002151,	Top-1 err = 48.540000,	Top-5 err = 27.820000,	train_time = 1.398441
TRAIN Iter 156: loss = 0.002087,	Top-1 err = 45.040000,	Top-5 err = 25.800000,	train_time = 1.340686
TRAIN Iter 157: loss = 0.002071,	Top-1 err = 43.380000,	Top-5 err = 25.920000,	train_time = 1.382580
TRAIN Iter 158: loss = 0.002171,	Top-1 err = 48.260000,	Top-5 err = 28.360000,	train_time = 1.306400
TRAIN Iter 159: loss = 0.002080,	Top-1 err = 46.420000,	Top-5 err = 26.820000,	train_time = 1.340895
TRAIN Iter 160: loss = 0.002035,	Top-1 err = 47.260000,	Top-5 err = 27.220000,	train_time = 1.361846
TRAIN Iter 161: loss = 0.002113,	Top-1 err = 45.360000,	Top-5 err = 25.020000,	train_time = 1.244270
TRAIN Iter 162: loss = 0.002056,	Top-1 err = 48.640000,	Top-5 err = 28.620000,	train_time = 1.228926
TRAIN Iter 163: loss = 0.002055,	Top-1 err = 51.940000,	Top-5 err = 30.980000,	train_time = 1.360978
TRAIN Iter 164: loss = 0.002048,	Top-1 err = 49.700000,	Top-5 err = 29.820000,	train_time = 1.382561
TRAIN Iter 165: loss = 0.002057,	Top-1 err = 46.520000,	Top-5 err = 26.580000,	train_time = 1.428691
TRAIN Iter 166: loss = 0.002063,	Top-1 err = 47.820000,	Top-5 err = 28.380000,	train_time = 1.271459
TRAIN Iter 167: loss = 0.002051,	Top-1 err = 46.680000,	Top-5 err = 26.600000,	train_time = 1.357930
TRAIN Iter 168: loss = 0.002055,	Top-1 err = 47.900000,	Top-5 err = 27.520000,	train_time = 1.300117
TRAIN Iter 169: loss = 0.001973,	Top-1 err = 47.020000,	Top-5 err = 27.540000,	train_time = 1.424922
TRAIN Iter 170: loss = 0.001997,	Top-1 err = 48.620000,	Top-5 err = 28.640000,	train_time = 1.362790
TRAIN Iter 171: loss = 0.001989,	Top-1 err = 45.560000,	Top-5 err = 26.380000,	train_time = 1.353566
TRAIN Iter 172: loss = 0.002020,	Top-1 err = 47.300000,	Top-5 err = 27.740000,	train_time = 1.292747
TRAIN Iter 173: loss = 0.002001,	Top-1 err = 48.200000,	Top-5 err = 29.360000,	train_time = 1.404984
TRAIN Iter 174: loss = 0.002055,	Top-1 err = 47.340000,	Top-5 err = 27.560000,	train_time = 1.351519
TRAIN Iter 175: loss = 0.001983,	Top-1 err = 49.260000,	Top-5 err = 28.840000,	train_time = 1.308058
TRAIN Iter 176: loss = 0.001994,	Top-1 err = 46.540000,	Top-5 err = 27.200000,	train_time = 1.328518
TRAIN Iter 177: loss = 0.001951,	Top-1 err = 45.740000,	Top-5 err = 25.500000,	train_time = 1.396314
TRAIN Iter 178: loss = 0.001929,	Top-1 err = 46.580000,	Top-5 err = 27.680000,	train_time = 1.315642
TRAIN Iter 179: loss = 0.002012,	Top-1 err = 49.700000,	Top-5 err = 31.040000,	train_time = 1.411629
TRAIN Iter 180: loss = 0.001994,	Top-1 err = 45.900000,	Top-5 err = 27.120000,	train_time = 1.416758
TRAIN Iter 181: loss = 0.001973,	Top-1 err = 47.340000,	Top-5 err = 28.580000,	train_time = 1.342211
TRAIN Iter 182: loss = 0.001946,	Top-1 err = 43.520000,	Top-5 err = 23.200000,	train_time = 1.336171
TRAIN Iter 183: loss = 0.001958,	Top-1 err = 46.620000,	Top-5 err = 26.860000,	train_time = 1.306090
TRAIN Iter 184: loss = 0.001850,	Top-1 err = 42.200000,	Top-5 err = 22.740000,	train_time = 1.368534
TRAIN Iter 185: loss = 0.001919,	Top-1 err = 46.220000,	Top-5 err = 26.440000,	train_time = 1.347198
TRAIN Iter 186: loss = 0.001933,	Top-1 err = 48.720000,	Top-5 err = 28.580000,	train_time = 1.266438
TRAIN Iter 187: loss = 0.001940,	Top-1 err = 45.220000,	Top-5 err = 25.540000,	train_time = 1.309725
TRAIN Iter 188: loss = 0.001892,	Top-1 err = 48.840000,	Top-5 err = 29.200000,	train_time = 1.292583
TRAIN Iter 189: loss = 0.001882,	Top-1 err = 50.640000,	Top-5 err = 29.540000,	train_time = 1.346981
TRAIN Iter 190: loss = 0.001922,	Top-1 err = 50.820000,	Top-5 err = 31.720000,	train_time = 1.426458
TRAIN Iter 191: loss = 0.001953,	Top-1 err = 48.480000,	Top-5 err = 28.920000,	train_time = 1.385439
TRAIN Iter 192: loss = 0.001866,	Top-1 err = 48.520000,	Top-5 err = 28.040000,	train_time = 1.336237
TRAIN Iter 193: loss = 0.001881,	Top-1 err = 50.540000,	Top-5 err = 29.320000,	train_time = 1.384416
TRAIN Iter 194: loss = 0.001891,	Top-1 err = 49.380000,	Top-5 err = 29.380000,	train_time = 1.379166
TRAIN Iter 195: loss = 0.001869,	Top-1 err = 48.380000,	Top-5 err = 28.780000,	train_time = 1.384153
TRAIN Iter 196: loss = 0.001906,	Top-1 err = 46.600000,	Top-5 err = 27.860000,	train_time = 1.353445
TRAIN Iter 197: loss = 0.001880,	Top-1 err = 48.280000,	Top-5 err = 28.160000,	train_time = 1.429930
TRAIN Iter 198: loss = 0.001820,	Top-1 err = 50.360000,	Top-5 err = 29.440000,	train_time = 1.303956
TRAIN Iter 199: loss = 0.001830,	Top-1 err = 47.580000,	Top-5 err = 27.500000,	train_time = 1.387225
TRAIN Iter 200: loss = 0.001823,	Top-1 err = 50.360000,	Top-5 err = 29.440000,	train_time = 1.353077
TRAIN Iter 201: loss = 0.001843,	Top-1 err = 43.960000,	Top-5 err = 24.720000,	train_time = 1.365594
TRAIN Iter 202: loss = 0.001850,	Top-1 err = 47.340000,	Top-5 err = 28.120000,	train_time = 1.301140
TRAIN Iter 203: loss = 0.001825,	Top-1 err = 48.320000,	Top-5 err = 28.640000,	train_time = 1.331994
TRAIN Iter 204: loss = 0.001849,	Top-1 err = 50.720000,	Top-5 err = 31.160000,	train_time = 1.332850
TRAIN Iter 205: loss = 0.001831,	Top-1 err = 48.060000,	Top-5 err = 28.180000,	train_time = 1.354440
TRAIN Iter 206: loss = 0.001885,	Top-1 err = 47.540000,	Top-5 err = 27.740000,	train_time = 1.461616
TRAIN Iter 207: loss = 0.001857,	Top-1 err = 46.680000,	Top-5 err = 26.920000,	train_time = 1.410323
TRAIN Iter 208: loss = 0.001800,	Top-1 err = 47.600000,	Top-5 err = 28.280000,	train_time = 1.273842
TRAIN Iter 209: loss = 0.001787,	Top-1 err = 45.980000,	Top-5 err = 26.880000,	train_time = 1.366967
TRAIN Iter 210: loss = 0.001802,	Top-1 err = 50.180000,	Top-5 err = 29.860000,	train_time = 1.398762
TRAIN Iter 211: loss = 0.001757,	Top-1 err = 47.660000,	Top-5 err = 28.540000,	train_time = 1.438493
TRAIN Iter 212: loss = 0.001773,	Top-1 err = 48.180000,	Top-5 err = 28.800000,	train_time = 1.353055
TRAIN Iter 213: loss = 0.001789,	Top-1 err = 48.320000,	Top-5 err = 28.600000,	train_time = 1.339492
TRAIN Iter 214: loss = 0.001807,	Top-1 err = 51.320000,	Top-5 err = 30.760000,	train_time = 1.345637
TRAIN Iter 215: loss = 0.001749,	Top-1 err = 46.080000,	Top-5 err = 26.300000,	train_time = 1.267040
TRAIN Iter 216: loss = 0.001748,	Top-1 err = 48.760000,	Top-5 err = 28.820000,	train_time = 1.394468
TRAIN Iter 217: loss = 0.001779,	Top-1 err = 51.600000,	Top-5 err = 30.400000,	train_time = 1.322237
TRAIN Iter 218: loss = 0.001786,	Top-1 err = 47.700000,	Top-5 err = 27.840000,	train_time = 1.301486
TRAIN Iter 219: loss = 0.001745,	Top-1 err = 47.020000,	Top-5 err = 28.660000,	train_time = 1.383629
TRAIN Iter 220: loss = 0.001787,	Top-1 err = 47.120000,	Top-5 err = 26.440000,	train_time = 1.266999
TRAIN Iter 221: loss = 0.001773,	Top-1 err = 47.620000,	Top-5 err = 28.680000,	train_time = 1.379019
TRAIN Iter 222: loss = 0.001726,	Top-1 err = 48.400000,	Top-5 err = 28.400000,	train_time = 1.335619
TRAIN Iter 223: loss = 0.001710,	Top-1 err = 48.060000,	Top-5 err = 28.660000,	train_time = 1.412248
TRAIN Iter 224: loss = 0.001758,	Top-1 err = 50.740000,	Top-5 err = 29.400000,	train_time = 1.388822
TRAIN Iter 225: loss = 0.001774,	Top-1 err = 50.140000,	Top-5 err = 29.180000,	train_time = 1.333908
TRAIN Iter 226: loss = 0.001724,	Top-1 err = 48.560000,	Top-5 err = 29.040000,	train_time = 1.365661
TRAIN Iter 227: loss = 0.001755,	Top-1 err = 47.940000,	Top-5 err = 28.560000,	train_time = 1.369185
TRAIN Iter 228: loss = 0.001710,	Top-1 err = 47.780000,	Top-5 err = 27.780000,	train_time = 1.280925
TRAIN Iter 229: loss = 0.001704,	Top-1 err = 45.960000,	Top-5 err = 27.740000,	train_time = 1.403160
TRAIN Iter 230: loss = 0.001699,	Top-1 err = 48.520000,	Top-5 err = 29.680000,	train_time = 1.333217
TRAIN Iter 231: loss = 0.001731,	Top-1 err = 47.640000,	Top-5 err = 27.820000,	train_time = 1.357557
TRAIN Iter 232: loss = 0.001683,	Top-1 err = 48.280000,	Top-5 err = 29.840000,	train_time = 1.351592
TRAIN Iter 233: loss = 0.001707,	Top-1 err = 50.460000,	Top-5 err = 31.320000,	train_time = 1.350557
TRAIN Iter 234: loss = 0.001680,	Top-1 err = 46.240000,	Top-5 err = 27.360000,	train_time = 1.311149
TRAIN Iter 235: loss = 0.001663,	Top-1 err = 45.440000,	Top-5 err = 25.840000,	train_time = 1.370093
TRAIN Iter 236: loss = 0.001650,	Top-1 err = 48.360000,	Top-5 err = 29.480000,	train_time = 1.407380
TRAIN Iter 237: loss = 0.001655,	Top-1 err = 47.060000,	Top-5 err = 27.180000,	train_time = 1.337281
TRAIN Iter 238: loss = 0.001683,	Top-1 err = 50.360000,	Top-5 err = 30.560000,	train_time = 1.322866
TRAIN Iter 239: loss = 0.001638,	Top-1 err = 42.900000,	Top-5 err = 25.600000,	train_time = 1.406802
TRAIN Iter 240: loss = 0.001668,	Top-1 err = 47.980000,	Top-5 err = 28.720000,	train_time = 1.327209
TRAIN Iter 241: loss = 0.001632,	Top-1 err = 47.960000,	Top-5 err = 27.560000,	train_time = 1.353181
TRAIN Iter 242: loss = 0.001695,	Top-1 err = 47.200000,	Top-5 err = 28.940000,	train_time = 1.331688
TRAIN Iter 243: loss = 0.001622,	Top-1 err = 42.860000,	Top-5 err = 23.580000,	train_time = 1.356568
TRAIN Iter 244: loss = 0.001610,	Top-1 err = 48.220000,	Top-5 err = 28.100000,	train_time = 1.351568
TRAIN Iter 245: loss = 0.001610,	Top-1 err = 47.620000,	Top-5 err = 28.700000,	train_time = 1.332526
TRAIN Iter 246: loss = 0.001652,	Top-1 err = 48.420000,	Top-5 err = 27.820000,	train_time = 1.403795
TRAIN Iter 247: loss = 0.001626,	Top-1 err = 49.240000,	Top-5 err = 29.240000,	train_time = 1.357267
TRAIN Iter 248: loss = 0.001559,	Top-1 err = 46.400000,	Top-5 err = 26.120000,	train_time = 1.357605
TRAIN Iter 249: loss = 0.001640,	Top-1 err = 51.160000,	Top-5 err = 31.280000,	train_time = 1.318578
TEST:
Iter 249: loss = 1.708195,	Top-1 err = 43.130000,	Top-5 err = 16.490000,	val_time = 0.802500
TRAIN Iter 250: loss = 0.001605,	Top-1 err = 45.380000,	Top-5 err = 28.100000,	train_time = 1.359206
TRAIN Iter 251: loss = 0.001638,	Top-1 err = 49.580000,	Top-5 err = 28.520000,	train_time = 1.343166
TRAIN Iter 252: loss = 0.001592,	Top-1 err = 43.680000,	Top-5 err = 25.400000,	train_time = 1.361698
TRAIN Iter 253: loss = 0.001598,	Top-1 err = 44.000000,	Top-5 err = 25.340000,	train_time = 1.340936
TRAIN Iter 254: loss = 0.001587,	Top-1 err = 46.360000,	Top-5 err = 26.500000,	train_time = 1.350551
TRAIN Iter 255: loss = 0.001611,	Top-1 err = 47.120000,	Top-5 err = 27.340000,	train_time = 1.246641
TRAIN Iter 256: loss = 0.001606,	Top-1 err = 48.060000,	Top-5 err = 27.340000,	train_time = 1.308036
TRAIN Iter 257: loss = 0.001585,	Top-1 err = 45.600000,	Top-5 err = 26.600000,	train_time = 1.504404
TRAIN Iter 258: loss = 0.001591,	Top-1 err = 48.860000,	Top-5 err = 28.660000,	train_time = 1.363867
TRAIN Iter 259: loss = 0.001574,	Top-1 err = 48.700000,	Top-5 err = 28.620000,	train_time = 1.327132
TEST:
Iter 259: loss = 1.725941,	Top-1 err = 43.210000,	Top-5 err = 16.470000,	val_time = 0.754254
TRAIN Iter 260: loss = 0.001549,	Top-1 err = 47.200000,	Top-5 err = 27.140000,	train_time = 1.334299
TRAIN Iter 261: loss = 0.001563,	Top-1 err = 43.940000,	Top-5 err = 25.440000,	train_time = 1.398922
TRAIN Iter 262: loss = 0.001572,	Top-1 err = 48.580000,	Top-5 err = 29.040000,	train_time = 1.347280
TRAIN Iter 263: loss = 0.001598,	Top-1 err = 46.560000,	Top-5 err = 27.740000,	train_time = 1.302491
TRAIN Iter 264: loss = 0.001575,	Top-1 err = 48.140000,	Top-5 err = 28.020000,	train_time = 1.318642
TRAIN Iter 265: loss = 0.001559,	Top-1 err = 48.080000,	Top-5 err = 29.420000,	train_time = 1.466150
TRAIN Iter 266: loss = 0.001533,	Top-1 err = 48.440000,	Top-5 err = 27.700000,	train_time = 1.288872
TRAIN Iter 267: loss = 0.001553,	Top-1 err = 47.440000,	Top-5 err = 26.040000,	train_time = 1.340278
TRAIN Iter 268: loss = 0.001614,	Top-1 err = 49.920000,	Top-5 err = 30.860000,	train_time = 1.357774
TRAIN Iter 269: loss = 0.001558,	Top-1 err = 50.960000,	Top-5 err = 31.040000,	train_time = 1.309278
TEST:
Iter 269: loss = 1.663610,	Top-1 err = 42.590000,	Top-5 err = 16.070000,	val_time = 0.745928
TRAIN Iter 270: loss = 0.001559,	Top-1 err = 47.300000,	Top-5 err = 28.760000,	train_time = 1.375309
TRAIN Iter 271: loss = 0.001567,	Top-1 err = 50.300000,	Top-5 err = 29.920000,	train_time = 1.330988
TRAIN Iter 272: loss = 0.001514,	Top-1 err = 45.920000,	Top-5 err = 26.680000,	train_time = 1.341931
TRAIN Iter 273: loss = 0.001551,	Top-1 err = 45.020000,	Top-5 err = 26.360000,	train_time = 1.327520
TRAIN Iter 274: loss = 0.001538,	Top-1 err = 43.560000,	Top-5 err = 24.160000,	train_time = 1.370224
TRAIN Iter 275: loss = 0.001516,	Top-1 err = 44.440000,	Top-5 err = 23.640000,	train_time = 1.328356
TRAIN Iter 276: loss = 0.001526,	Top-1 err = 47.620000,	Top-5 err = 28.240000,	train_time = 1.382425
TRAIN Iter 277: loss = 0.001514,	Top-1 err = 49.080000,	Top-5 err = 30.020000,	train_time = 1.461422
TRAIN Iter 278: loss = 0.001517,	Top-1 err = 49.180000,	Top-5 err = 27.940000,	train_time = 1.345702
TRAIN Iter 279: loss = 0.001503,	Top-1 err = 48.020000,	Top-5 err = 28.380000,	train_time = 1.329525
TEST:
Iter 279: loss = 1.751418,	Top-1 err = 43.840000,	Top-5 err = 17.140000,	val_time = 0.729406
TRAIN Iter 280: loss = 0.001523,	Top-1 err = 47.600000,	Top-5 err = 27.880000,	train_time = 1.278261
TRAIN Iter 281: loss = 0.001490,	Top-1 err = 45.140000,	Top-5 err = 25.160000,	train_time = 1.408657
TRAIN Iter 282: loss = 0.001545,	Top-1 err = 47.840000,	Top-5 err = 28.920000,	train_time = 1.316075
TRAIN Iter 283: loss = 0.001529,	Top-1 err = 43.860000,	Top-5 err = 25.640000,	train_time = 1.304679
TRAIN Iter 284: loss = 0.001474,	Top-1 err = 46.420000,	Top-5 err = 26.800000,	train_time = 1.420885
TRAIN Iter 285: loss = 0.001487,	Top-1 err = 49.320000,	Top-5 err = 29.520000,	train_time = 1.317039
TRAIN Iter 286: loss = 0.001507,	Top-1 err = 47.060000,	Top-5 err = 26.600000,	train_time = 1.296780
TRAIN Iter 287: loss = 0.001476,	Top-1 err = 43.920000,	Top-5 err = 24.860000,	train_time = 1.335053
TRAIN Iter 288: loss = 0.001447,	Top-1 err = 46.800000,	Top-5 err = 26.720000,	train_time = 1.356674
TRAIN Iter 289: loss = 0.001460,	Top-1 err = 42.660000,	Top-5 err = 23.560000,	train_time = 1.357768
TEST:
Iter 289: loss = 1.707504,	Top-1 err = 42.870000,	Top-5 err = 16.510000,	val_time = 0.742207
TRAIN Iter 290: loss = 0.001476,	Top-1 err = 45.700000,	Top-5 err = 26.620000,	train_time = 1.335534
TRAIN Iter 291: loss = 0.001459,	Top-1 err = 47.480000,	Top-5 err = 28.080000,	train_time = 1.395718
TRAIN Iter 292: loss = 0.001488,	Top-1 err = 46.860000,	Top-5 err = 27.700000,	train_time = 1.427102
TRAIN Iter 293: loss = 0.001457,	Top-1 err = 46.440000,	Top-5 err = 26.400000,	train_time = 1.363952
TRAIN Iter 294: loss = 0.001521,	Top-1 err = 47.480000,	Top-5 err = 29.000000,	train_time = 1.348618
TRAIN Iter 295: loss = 0.001454,	Top-1 err = 48.240000,	Top-5 err = 27.280000,	train_time = 1.247957
TRAIN Iter 296: loss = 0.001460,	Top-1 err = 46.440000,	Top-5 err = 28.040000,	train_time = 1.333443
TRAIN Iter 297: loss = 0.001480,	Top-1 err = 45.900000,	Top-5 err = 27.920000,	train_time = 1.413573
TRAIN Iter 298: loss = 0.001455,	Top-1 err = 48.700000,	Top-5 err = 28.660000,	train_time = 1.285722
TRAIN Iter 299: loss = 0.001448,	Top-1 err = 46.900000,	Top-5 err = 28.100000,	train_time = 1.376823
TEST:
Iter 299: loss = 1.672389,	Top-1 err = 42.630000,	Top-5 err = 16.430000,	val_time = 0.792743
Train Finish! Best accuracy is 57.41@269
