/home/dvspanos/miniconda3/envs/rded/lib/python3.10/site-packages/torchvision/models/_utils.py:208: UserWarning: The parameter 'pretrained' is deprecated since 0.13 and may be removed in the future, please use 'weights' instead.
  warnings.warn(
/home/dvspanos/miniconda3/envs/rded/lib/python3.10/site-packages/torchvision/models/_utils.py:223: UserWarning: Arguments other than a weight enum or `None` for 'weights' are deprecated since 0.13 and may be removed in the future. The current behavior is equivalent to passing `weights=None`.
  warnings.warn(msg)
=> using pytorch pre-trained teacher model 'resnet18_modified'
process data from /home/dvspanos/nikos/ca2d/artifacts/rded_sets/bench_cifar100_rn18_el2nw70_ipc10
load data successfully
TRAIN Iter 0: loss = 0.016428,	Top-1 err = 97.800000,	Top-5 err = 91.200000,	train_time = 3.861476
TRAIN Iter 1: loss = 0.014015,	Top-1 err = 97.000000,	Top-5 err = 85.400000,	train_time = 1.819180
TRAIN Iter 2: loss = 0.012828,	Top-1 err = 94.100000,	Top-5 err = 79.000000,	train_time = 1.815848
TRAIN Iter 3: loss = 0.014042,	Top-1 err = 94.800000,	Top-5 err = 81.600000,	train_time = 1.814744
TRAIN Iter 4: loss = 0.014743,	Top-1 err = 95.300000,	Top-5 err = 81.900000,	train_time = 1.818805
TRAIN Iter 5: loss = 0.015536,	Top-1 err = 93.000000,	Top-5 err = 73.600000,	train_time = 1.805314
TRAIN Iter 6: loss = 0.012065,	Top-1 err = 94.200000,	Top-5 err = 76.100000,	train_time = 1.816839
TRAIN Iter 7: loss = 0.013292,	Top-1 err = 93.200000,	Top-5 err = 75.000000,	train_time = 1.810382
TRAIN Iter 8: loss = 0.012642,	Top-1 err = 93.700000,	Top-5 err = 71.800000,	train_time = 1.791609
TRAIN Iter 9: loss = 0.013126,	Top-1 err = 92.600000,	Top-5 err = 74.000000,	train_time = 1.788408
TRAIN Iter 10: loss = 0.012746,	Top-1 err = 90.400000,	Top-5 err = 65.500000,	train_time = 1.804425
TRAIN Iter 11: loss = 0.010771,	Top-1 err = 92.700000,	Top-5 err = 75.400000,	train_time = 1.816231
TRAIN Iter 12: loss = 0.012909,	Top-1 err = 91.500000,	Top-5 err = 65.200000,	train_time = 1.821706
TRAIN Iter 13: loss = 0.011406,	Top-1 err = 88.200000,	Top-5 err = 63.400000,	train_time = 1.821428
TRAIN Iter 14: loss = 0.011136,	Top-1 err = 91.200000,	Top-5 err = 68.400000,	train_time = 1.822694
TRAIN Iter 15: loss = 0.011810,	Top-1 err = 87.500000,	Top-5 err = 62.200000,	train_time = 1.803554
TRAIN Iter 16: loss = 0.011694,	Top-1 err = 90.800000,	Top-5 err = 67.600000,	train_time = 1.798654
TRAIN Iter 17: loss = 0.010707,	Top-1 err = 87.100000,	Top-5 err = 62.700000,	train_time = 1.786357
TRAIN Iter 18: loss = 0.012041,	Top-1 err = 85.800000,	Top-5 err = 60.300000,	train_time = 1.807230
TRAIN Iter 19: loss = 0.011254,	Top-1 err = 84.300000,	Top-5 err = 54.300000,	train_time = 1.803888
TRAIN Iter 20: loss = 0.010808,	Top-1 err = 85.700000,	Top-5 err = 60.500000,	train_time = 1.800480
TRAIN Iter 21: loss = 0.009509,	Top-1 err = 90.800000,	Top-5 err = 67.700000,	train_time = 1.816301
TRAIN Iter 22: loss = 0.010505,	Top-1 err = 80.900000,	Top-5 err = 50.800000,	train_time = 1.809418
TRAIN Iter 23: loss = 0.010888,	Top-1 err = 82.700000,	Top-5 err = 52.600000,	train_time = 1.821016
TRAIN Iter 24: loss = 0.011043,	Top-1 err = 80.100000,	Top-5 err = 52.900000,	train_time = 1.811488
TRAIN Iter 25: loss = 0.009894,	Top-1 err = 82.600000,	Top-5 err = 54.800000,	train_time = 1.839121
TRAIN Iter 26: loss = 0.009612,	Top-1 err = 83.900000,	Top-5 err = 61.300000,	train_time = 1.801744
TRAIN Iter 27: loss = 0.009175,	Top-1 err = 87.600000,	Top-5 err = 67.300000,	train_time = 1.797028
TRAIN Iter 28: loss = 0.009201,	Top-1 err = 80.200000,	Top-5 err = 52.400000,	train_time = 1.807585
TRAIN Iter 29: loss = 0.009290,	Top-1 err = 82.400000,	Top-5 err = 56.400000,	train_time = 1.799099
TRAIN Iter 30: loss = 0.009264,	Top-1 err = 84.100000,	Top-5 err = 58.600000,	train_time = 1.809971
TRAIN Iter 31: loss = 0.008871,	Top-1 err = 78.000000,	Top-5 err = 52.000000,	train_time = 1.816613
TRAIN Iter 32: loss = 0.008414,	Top-1 err = 75.700000,	Top-5 err = 43.700000,	train_time = 1.808445
TRAIN Iter 33: loss = 0.008687,	Top-1 err = 74.700000,	Top-5 err = 47.000000,	train_time = 1.809263
TRAIN Iter 34: loss = 0.008865,	Top-1 err = 79.900000,	Top-5 err = 51.600000,	train_time = 1.798793
TRAIN Iter 35: loss = 0.008438,	Top-1 err = 80.900000,	Top-5 err = 57.400000,	train_time = 1.792449
TRAIN Iter 36: loss = 0.008983,	Top-1 err = 73.700000,	Top-5 err = 44.800000,	train_time = 1.806574
TRAIN Iter 37: loss = 0.009246,	Top-1 err = 73.900000,	Top-5 err = 47.800000,	train_time = 1.824757
TRAIN Iter 38: loss = 0.008267,	Top-1 err = 78.300000,	Top-5 err = 48.300000,	train_time = 1.809810
TRAIN Iter 39: loss = 0.007951,	Top-1 err = 74.900000,	Top-5 err = 46.800000,	train_time = 1.822082
TRAIN Iter 40: loss = 0.008102,	Top-1 err = 80.500000,	Top-5 err = 56.800000,	train_time = 1.824122
TRAIN Iter 41: loss = 0.008125,	Top-1 err = 75.400000,	Top-5 err = 47.200000,	train_time = 1.817945
TRAIN Iter 42: loss = 0.008537,	Top-1 err = 63.100000,	Top-5 err = 30.700000,	train_time = 1.810740
TRAIN Iter 43: loss = 0.008099,	Top-1 err = 69.100000,	Top-5 err = 37.200000,	train_time = 1.813501
TRAIN Iter 44: loss = 0.008108,	Top-1 err = 76.100000,	Top-5 err = 51.800000,	train_time = 1.787425
TRAIN Iter 45: loss = 0.007624,	Top-1 err = 75.800000,	Top-5 err = 49.600000,	train_time = 1.791985
TRAIN Iter 46: loss = 0.007910,	Top-1 err = 67.900000,	Top-5 err = 40.200000,	train_time = 1.800341
TRAIN Iter 47: loss = 0.007939,	Top-1 err = 71.600000,	Top-5 err = 42.800000,	train_time = 1.810639
TRAIN Iter 48: loss = 0.007892,	Top-1 err = 61.200000,	Top-5 err = 30.900000,	train_time = 1.801489
TRAIN Iter 49: loss = 0.007504,	Top-1 err = 55.700000,	Top-5 err = 23.400000,	train_time = 1.824905
TRAIN Iter 50: loss = 0.007699,	Top-1 err = 68.100000,	Top-5 err = 39.400000,	train_time = 1.821088
TRAIN Iter 51: loss = 0.007650,	Top-1 err = 62.800000,	Top-5 err = 35.100000,	train_time = 1.811508
TRAIN Iter 52: loss = 0.007472,	Top-1 err = 72.500000,	Top-5 err = 48.800000,	train_time = 1.814017
TRAIN Iter 53: loss = 0.007478,	Top-1 err = 61.300000,	Top-5 err = 32.900000,	train_time = 1.817088
TRAIN Iter 54: loss = 0.007457,	Top-1 err = 65.400000,	Top-5 err = 38.500000,	train_time = 1.803240
TRAIN Iter 55: loss = 0.007367,	Top-1 err = 61.100000,	Top-5 err = 32.600000,	train_time = 1.824160
TRAIN Iter 56: loss = 0.007311,	Top-1 err = 66.100000,	Top-5 err = 40.700000,	train_time = 1.809197
TRAIN Iter 57: loss = 0.006951,	Top-1 err = 73.400000,	Top-5 err = 44.900000,	train_time = 1.815441
TRAIN Iter 58: loss = 0.007229,	Top-1 err = 69.300000,	Top-5 err = 39.400000,	train_time = 1.813385
TRAIN Iter 59: loss = 0.007225,	Top-1 err = 62.200000,	Top-5 err = 35.800000,	train_time = 1.814055
TRAIN Iter 60: loss = 0.006631,	Top-1 err = 53.000000,	Top-5 err = 23.900000,	train_time = 1.812044
TRAIN Iter 61: loss = 0.006409,	Top-1 err = 58.600000,	Top-5 err = 29.900000,	train_time = 1.804292
TRAIN Iter 62: loss = 0.006987,	Top-1 err = 56.800000,	Top-5 err = 28.300000,	train_time = 1.822731
TRAIN Iter 63: loss = 0.006603,	Top-1 err = 43.600000,	Top-5 err = 13.100000,	train_time = 1.818517
TRAIN Iter 64: loss = 0.006593,	Top-1 err = 62.900000,	Top-5 err = 35.100000,	train_time = 1.810715
TRAIN Iter 65: loss = 0.006508,	Top-1 err = 60.200000,	Top-5 err = 31.900000,	train_time = 1.806919
TRAIN Iter 66: loss = 0.006770,	Top-1 err = 65.100000,	Top-5 err = 41.000000,	train_time = 1.792478
TRAIN Iter 67: loss = 0.006408,	Top-1 err = 43.100000,	Top-5 err = 16.500000,	train_time = 1.820304
TRAIN Iter 68: loss = 0.006530,	Top-1 err = 62.700000,	Top-5 err = 37.800000,	train_time = 1.787259
TRAIN Iter 69: loss = 0.006399,	Top-1 err = 59.200000,	Top-5 err = 35.400000,	train_time = 1.811870
TRAIN Iter 70: loss = 0.006305,	Top-1 err = 51.700000,	Top-5 err = 24.300000,	train_time = 1.811932
TRAIN Iter 71: loss = 0.006514,	Top-1 err = 55.500000,	Top-5 err = 32.400000,	train_time = 1.813612
TRAIN Iter 72: loss = 0.006107,	Top-1 err = 68.600000,	Top-5 err = 45.400000,	train_time = 1.813740
TRAIN Iter 73: loss = 0.006158,	Top-1 err = 51.400000,	Top-5 err = 24.800000,	train_time = 1.806277
TRAIN Iter 74: loss = 0.006281,	Top-1 err = 66.900000,	Top-5 err = 42.200000,	train_time = 1.783489
TRAIN Iter 75: loss = 0.006437,	Top-1 err = 45.900000,	Top-5 err = 21.900000,	train_time = 1.802176
TRAIN Iter 76: loss = 0.006266,	Top-1 err = 55.900000,	Top-5 err = 33.300000,	train_time = 1.811422
TRAIN Iter 77: loss = 0.006143,	Top-1 err = 56.700000,	Top-5 err = 32.700000,	train_time = 1.815481
TRAIN Iter 78: loss = 0.006056,	Top-1 err = 52.000000,	Top-5 err = 27.900000,	train_time = 1.816253
TRAIN Iter 79: loss = 0.006190,	Top-1 err = 65.500000,	Top-5 err = 46.900000,	train_time = 1.808101
TRAIN Iter 80: loss = 0.005936,	Top-1 err = 56.100000,	Top-5 err = 26.600000,	train_time = 1.791410
TRAIN Iter 81: loss = 0.005927,	Top-1 err = 55.700000,	Top-5 err = 27.700000,	train_time = 1.814782
TRAIN Iter 82: loss = 0.005794,	Top-1 err = 63.700000,	Top-5 err = 37.800000,	train_time = 1.818491
TRAIN Iter 83: loss = 0.006023,	Top-1 err = 47.300000,	Top-5 err = 22.500000,	train_time = 1.807836
TRAIN Iter 84: loss = 0.005905,	Top-1 err = 61.900000,	Top-5 err = 38.200000,	train_time = 1.815196
TRAIN Iter 85: loss = 0.005668,	Top-1 err = 60.300000,	Top-5 err = 34.600000,	train_time = 1.843364
TRAIN Iter 86: loss = 0.005691,	Top-1 err = 54.100000,	Top-5 err = 32.800000,	train_time = 1.795720
TRAIN Iter 87: loss = 0.005812,	Top-1 err = 39.800000,	Top-5 err = 17.700000,	train_time = 1.802439
TRAIN Iter 88: loss = 0.005378,	Top-1 err = 66.400000,	Top-5 err = 41.500000,	train_time = 1.811686
TRAIN Iter 89: loss = 0.005732,	Top-1 err = 53.400000,	Top-5 err = 28.200000,	train_time = 1.816547
TRAIN Iter 90: loss = 0.005762,	Top-1 err = 66.800000,	Top-5 err = 42.200000,	train_time = 1.820024
TRAIN Iter 91: loss = 0.005647,	Top-1 err = 53.300000,	Top-5 err = 31.100000,	train_time = 1.798234
TRAIN Iter 92: loss = 0.005323,	Top-1 err = 50.300000,	Top-5 err = 29.500000,	train_time = 1.816460
TRAIN Iter 93: loss = 0.005613,	Top-1 err = 46.300000,	Top-5 err = 22.600000,	train_time = 1.812613
TRAIN Iter 94: loss = 0.005544,	Top-1 err = 54.400000,	Top-5 err = 31.300000,	train_time = 1.794771
TRAIN Iter 95: loss = 0.005414,	Top-1 err = 27.600000,	Top-5 err = 11.400000,	train_time = 1.807913
TRAIN Iter 96: loss = 0.005280,	Top-1 err = 51.300000,	Top-5 err = 31.400000,	train_time = 1.809790
TRAIN Iter 97: loss = 0.005647,	Top-1 err = 66.700000,	Top-5 err = 44.000000,	train_time = 1.791383
TRAIN Iter 98: loss = 0.005531,	Top-1 err = 63.100000,	Top-5 err = 38.400000,	train_time = 1.811410
TRAIN Iter 99: loss = 0.005305,	Top-1 err = 56.300000,	Top-5 err = 32.500000,	train_time = 1.809213
TRAIN Iter 100: loss = 0.005504,	Top-1 err = 50.900000,	Top-5 err = 30.400000,	train_time = 1.795863
TRAIN Iter 101: loss = 0.005462,	Top-1 err = 58.300000,	Top-5 err = 36.600000,	train_time = 1.821563
TRAIN Iter 102: loss = 0.005169,	Top-1 err = 39.800000,	Top-5 err = 19.100000,	train_time = 1.803333
TRAIN Iter 103: loss = 0.005163,	Top-1 err = 51.800000,	Top-5 err = 32.300000,	train_time = 1.821300
TRAIN Iter 104: loss = 0.005127,	Top-1 err = 31.200000,	Top-5 err = 13.500000,	train_time = 1.803529
TRAIN Iter 105: loss = 0.005318,	Top-1 err = 61.400000,	Top-5 err = 38.600000,	train_time = 1.814903
TRAIN Iter 106: loss = 0.005188,	Top-1 err = 60.000000,	Top-5 err = 38.900000,	train_time = 1.799681
TRAIN Iter 107: loss = 0.005245,	Top-1 err = 42.600000,	Top-5 err = 17.800000,	train_time = 1.827487
TRAIN Iter 108: loss = 0.005027,	Top-1 err = 55.400000,	Top-5 err = 33.200000,	train_time = 1.816190
TRAIN Iter 109: loss = 0.005263,	Top-1 err = 69.900000,	Top-5 err = 48.600000,	train_time = 1.818558
TRAIN Iter 110: loss = 0.005171,	Top-1 err = 34.300000,	Top-5 err = 12.700000,	train_time = 1.818349
TRAIN Iter 111: loss = 0.005167,	Top-1 err = 36.200000,	Top-5 err = 15.900000,	train_time = 1.809420
TRAIN Iter 112: loss = 0.004994,	Top-1 err = 46.800000,	Top-5 err = 25.400000,	train_time = 1.796126
TRAIN Iter 113: loss = 0.004846,	Top-1 err = 57.300000,	Top-5 err = 38.000000,	train_time = 1.812200
TRAIN Iter 114: loss = 0.004967,	Top-1 err = 52.500000,	Top-5 err = 29.800000,	train_time = 1.818489
TRAIN Iter 115: loss = 0.004893,	Top-1 err = 45.200000,	Top-5 err = 25.200000,	train_time = 1.809127
TRAIN Iter 116: loss = 0.004672,	Top-1 err = 42.100000,	Top-5 err = 27.400000,	train_time = 1.816415
TRAIN Iter 117: loss = 0.004715,	Top-1 err = 25.500000,	Top-5 err = 8.100000,	train_time = 1.823753
TRAIN Iter 118: loss = 0.005053,	Top-1 err = 47.700000,	Top-5 err = 26.800000,	train_time = 1.810547
TRAIN Iter 119: loss = 0.004772,	Top-1 err = 33.900000,	Top-5 err = 16.100000,	train_time = 1.817295
TRAIN Iter 120: loss = 0.005062,	Top-1 err = 55.900000,	Top-5 err = 36.300000,	train_time = 1.818170
TRAIN Iter 121: loss = 0.004929,	Top-1 err = 42.900000,	Top-5 err = 21.300000,	train_time = 1.815886
TRAIN Iter 122: loss = 0.004749,	Top-1 err = 42.900000,	Top-5 err = 20.500000,	train_time = 1.822913
TRAIN Iter 123: loss = 0.005060,	Top-1 err = 62.700000,	Top-5 err = 39.200000,	train_time = 1.809477
TRAIN Iter 124: loss = 0.004706,	Top-1 err = 36.800000,	Top-5 err = 21.800000,	train_time = 1.835196
TRAIN Iter 125: loss = 0.004785,	Top-1 err = 47.000000,	Top-5 err = 31.200000,	train_time = 1.796791
TRAIN Iter 126: loss = 0.004849,	Top-1 err = 50.600000,	Top-5 err = 32.900000,	train_time = 1.819717
TRAIN Iter 127: loss = 0.004707,	Top-1 err = 28.400000,	Top-5 err = 13.400000,	train_time = 1.808107
TRAIN Iter 128: loss = 0.004928,	Top-1 err = 54.600000,	Top-5 err = 33.900000,	train_time = 1.801773
TRAIN Iter 129: loss = 0.004981,	Top-1 err = 65.600000,	Top-5 err = 41.800000,	train_time = 1.824061
TRAIN Iter 130: loss = 0.004862,	Top-1 err = 52.600000,	Top-5 err = 32.300000,	train_time = 1.817912
TRAIN Iter 131: loss = 0.004640,	Top-1 err = 37.200000,	Top-5 err = 19.500000,	train_time = 1.818274
TRAIN Iter 132: loss = 0.004903,	Top-1 err = 51.600000,	Top-5 err = 31.000000,	train_time = 1.802851
TRAIN Iter 133: loss = 0.004508,	Top-1 err = 36.000000,	Top-5 err = 18.300000,	train_time = 1.828521
TRAIN Iter 134: loss = 0.004612,	Top-1 err = 46.900000,	Top-5 err = 30.200000,	train_time = 1.813057
TRAIN Iter 135: loss = 0.004423,	Top-1 err = 26.400000,	Top-5 err = 9.400000,	train_time = 1.818795
TRAIN Iter 136: loss = 0.004880,	Top-1 err = 39.800000,	Top-5 err = 19.000000,	train_time = 1.801336
TRAIN Iter 137: loss = 0.004664,	Top-1 err = 55.300000,	Top-5 err = 36.600000,	train_time = 1.808346
TRAIN Iter 138: loss = 0.004675,	Top-1 err = 43.900000,	Top-5 err = 29.600000,	train_time = 1.819744
TRAIN Iter 139: loss = 0.004580,	Top-1 err = 49.300000,	Top-5 err = 36.300000,	train_time = 1.811167
TRAIN Iter 140: loss = 0.004588,	Top-1 err = 47.600000,	Top-5 err = 21.800000,	train_time = 1.793360
TRAIN Iter 141: loss = 0.004489,	Top-1 err = 38.700000,	Top-5 err = 24.300000,	train_time = 1.823027
TRAIN Iter 142: loss = 0.004363,	Top-1 err = 39.500000,	Top-5 err = 22.500000,	train_time = 1.813041
TRAIN Iter 143: loss = 0.004502,	Top-1 err = 56.300000,	Top-5 err = 39.100000,	train_time = 1.819947
TRAIN Iter 144: loss = 0.004508,	Top-1 err = 36.200000,	Top-5 err = 17.000000,	train_time = 1.802454
TRAIN Iter 145: loss = 0.004426,	Top-1 err = 46.100000,	Top-5 err = 25.800000,	train_time = 1.811509
TRAIN Iter 146: loss = 0.004241,	Top-1 err = 33.700000,	Top-5 err = 13.900000,	train_time = 1.808050
TRAIN Iter 147: loss = 0.004492,	Top-1 err = 45.400000,	Top-5 err = 23.800000,	train_time = 1.829205
TRAIN Iter 148: loss = 0.004217,	Top-1 err = 53.500000,	Top-5 err = 38.500000,	train_time = 1.807355
TRAIN Iter 149: loss = 0.004585,	Top-1 err = 49.800000,	Top-5 err = 29.100000,	train_time = 1.822845
TRAIN Iter 150: loss = 0.004294,	Top-1 err = 43.400000,	Top-5 err = 27.700000,	train_time = 1.800790
TRAIN Iter 151: loss = 0.004465,	Top-1 err = 45.600000,	Top-5 err = 25.800000,	train_time = 1.794529
TRAIN Iter 152: loss = 0.004407,	Top-1 err = 44.500000,	Top-5 err = 20.400000,	train_time = 1.800141
TRAIN Iter 153: loss = 0.004306,	Top-1 err = 42.100000,	Top-5 err = 24.100000,	train_time = 1.796649
TRAIN Iter 154: loss = 0.004318,	Top-1 err = 49.000000,	Top-5 err = 33.100000,	train_time = 1.815228
TRAIN Iter 155: loss = 0.004410,	Top-1 err = 32.700000,	Top-5 err = 15.200000,	train_time = 1.810332
TRAIN Iter 156: loss = 0.004260,	Top-1 err = 47.500000,	Top-5 err = 29.500000,	train_time = 1.804692
TRAIN Iter 157: loss = 0.004319,	Top-1 err = 46.000000,	Top-5 err = 26.300000,	train_time = 1.814010
TRAIN Iter 158: loss = 0.004184,	Top-1 err = 33.300000,	Top-5 err = 18.500000,	train_time = 1.815770
TRAIN Iter 159: loss = 0.004203,	Top-1 err = 26.600000,	Top-5 err = 10.200000,	train_time = 1.808132
TRAIN Iter 160: loss = 0.004207,	Top-1 err = 46.800000,	Top-5 err = 27.900000,	train_time = 1.806791
TRAIN Iter 161: loss = 0.004573,	Top-1 err = 62.100000,	Top-5 err = 39.200000,	train_time = 1.808161
TRAIN Iter 162: loss = 0.004090,	Top-1 err = 39.200000,	Top-5 err = 25.600000,	train_time = 1.819412
TRAIN Iter 163: loss = 0.004053,	Top-1 err = 37.200000,	Top-5 err = 17.300000,	train_time = 1.803787
TRAIN Iter 164: loss = 0.004046,	Top-1 err = 45.900000,	Top-5 err = 32.200000,	train_time = 1.829612
TRAIN Iter 165: loss = 0.003994,	Top-1 err = 31.400000,	Top-5 err = 15.000000,	train_time = 1.800751
TRAIN Iter 166: loss = 0.003949,	Top-1 err = 32.900000,	Top-5 err = 15.900000,	train_time = 1.803940
TRAIN Iter 167: loss = 0.004218,	Top-1 err = 41.100000,	Top-5 err = 22.700000,	train_time = 1.831511
TRAIN Iter 168: loss = 0.003879,	Top-1 err = 26.300000,	Top-5 err = 14.500000,	train_time = 1.796088
TRAIN Iter 169: loss = 0.004238,	Top-1 err = 52.000000,	Top-5 err = 30.400000,	train_time = 1.817500
TRAIN Iter 170: loss = 0.004238,	Top-1 err = 55.800000,	Top-5 err = 33.800000,	train_time = 1.815172
TRAIN Iter 171: loss = 0.004477,	Top-1 err = 61.900000,	Top-5 err = 38.600000,	train_time = 1.809567
TRAIN Iter 172: loss = 0.004034,	Top-1 err = 54.000000,	Top-5 err = 40.700000,	train_time = 1.801681
TRAIN Iter 173: loss = 0.004234,	Top-1 err = 58.700000,	Top-5 err = 38.100000,	train_time = 1.787656
TRAIN Iter 174: loss = 0.004316,	Top-1 err = 48.800000,	Top-5 err = 27.900000,	train_time = 1.813699
TRAIN Iter 175: loss = 0.004190,	Top-1 err = 47.400000,	Top-5 err = 27.000000,	train_time = 1.825576
TRAIN Iter 176: loss = 0.004144,	Top-1 err = 41.700000,	Top-5 err = 23.200000,	train_time = 1.814252
TRAIN Iter 177: loss = 0.004394,	Top-1 err = 50.900000,	Top-5 err = 27.500000,	train_time = 1.806057
TRAIN Iter 178: loss = 0.004175,	Top-1 err = 42.600000,	Top-5 err = 20.500000,	train_time = 1.823009
TRAIN Iter 179: loss = 0.004146,	Top-1 err = 55.000000,	Top-5 err = 36.000000,	train_time = 1.824386
TRAIN Iter 180: loss = 0.003835,	Top-1 err = 31.000000,	Top-5 err = 16.700000,	train_time = 1.813931
TRAIN Iter 181: loss = 0.004076,	Top-1 err = 61.900000,	Top-5 err = 40.600000,	train_time = 1.826989
TRAIN Iter 182: loss = 0.003941,	Top-1 err = 45.500000,	Top-5 err = 25.900000,	train_time = 1.805055
TRAIN Iter 183: loss = 0.004009,	Top-1 err = 33.800000,	Top-5 err = 17.900000,	train_time = 1.807493
TRAIN Iter 184: loss = 0.003796,	Top-1 err = 43.900000,	Top-5 err = 29.700000,	train_time = 1.800330
TRAIN Iter 185: loss = 0.003994,	Top-1 err = 49.700000,	Top-5 err = 29.200000,	train_time = 1.807814
TRAIN Iter 186: loss = 0.004099,	Top-1 err = 60.600000,	Top-5 err = 41.900000,	train_time = 1.805022
TRAIN Iter 187: loss = 0.003941,	Top-1 err = 31.400000,	Top-5 err = 16.500000,	train_time = 1.791093
TRAIN Iter 188: loss = 0.004075,	Top-1 err = 47.700000,	Top-5 err = 25.500000,	train_time = 1.792208
TRAIN Iter 189: loss = 0.003872,	Top-1 err = 39.200000,	Top-5 err = 21.300000,	train_time = 1.806761
TRAIN Iter 190: loss = 0.003850,	Top-1 err = 49.000000,	Top-5 err = 30.400000,	train_time = 1.805984
TRAIN Iter 191: loss = 0.004056,	Top-1 err = 48.700000,	Top-5 err = 30.800000,	train_time = 1.786140
TRAIN Iter 192: loss = 0.004182,	Top-1 err = 60.900000,	Top-5 err = 45.700000,	train_time = 1.809541
TRAIN Iter 193: loss = 0.003739,	Top-1 err = 35.400000,	Top-5 err = 19.300000,	train_time = 1.823227
TRAIN Iter 194: loss = 0.003804,	Top-1 err = 38.200000,	Top-5 err = 24.300000,	train_time = 1.805391
TRAIN Iter 195: loss = 0.004190,	Top-1 err = 79.300000,	Top-5 err = 62.500000,	train_time = 1.801639
TRAIN Iter 196: loss = 0.003659,	Top-1 err = 45.300000,	Top-5 err = 30.600000,	train_time = 1.821020
TRAIN Iter 197: loss = 0.004104,	Top-1 err = 60.700000,	Top-5 err = 37.400000,	train_time = 1.806928
TRAIN Iter 198: loss = 0.003928,	Top-1 err = 52.200000,	Top-5 err = 32.800000,	train_time = 1.828547
TRAIN Iter 199: loss = 0.003921,	Top-1 err = 51.000000,	Top-5 err = 27.300000,	train_time = 1.808075
TRAIN Iter 200: loss = 0.003865,	Top-1 err = 63.100000,	Top-5 err = 47.200000,	train_time = 1.812488
TRAIN Iter 201: loss = 0.003761,	Top-1 err = 35.800000,	Top-5 err = 20.800000,	train_time = 1.802683
TRAIN Iter 202: loss = 0.003902,	Top-1 err = 38.800000,	Top-5 err = 19.500000,	train_time = 1.823920
TRAIN Iter 203: loss = 0.003717,	Top-1 err = 36.500000,	Top-5 err = 21.300000,	train_time = 1.813674
TRAIN Iter 204: loss = 0.003895,	Top-1 err = 41.600000,	Top-5 err = 22.400000,	train_time = 1.804615
TRAIN Iter 205: loss = 0.003809,	Top-1 err = 53.200000,	Top-5 err = 36.700000,	train_time = 1.812192
TRAIN Iter 206: loss = 0.003518,	Top-1 err = 22.500000,	Top-5 err = 9.900000,	train_time = 1.805951
TRAIN Iter 207: loss = 0.004234,	Top-1 err = 65.100000,	Top-5 err = 43.700000,	train_time = 1.814853
TRAIN Iter 208: loss = 0.003977,	Top-1 err = 61.500000,	Top-5 err = 41.400000,	train_time = 1.802944
TRAIN Iter 209: loss = 0.003712,	Top-1 err = 55.700000,	Top-5 err = 42.600000,	train_time = 1.813243
TRAIN Iter 210: loss = 0.003793,	Top-1 err = 45.000000,	Top-5 err = 25.400000,	train_time = 1.826069
TRAIN Iter 211: loss = 0.003686,	Top-1 err = 41.600000,	Top-5 err = 23.400000,	train_time = 1.815736
TRAIN Iter 212: loss = 0.003713,	Top-1 err = 34.400000,	Top-5 err = 15.700000,	train_time = 1.811189
TRAIN Iter 213: loss = 0.003826,	Top-1 err = 51.600000,	Top-5 err = 35.800000,	train_time = 1.791044
TRAIN Iter 214: loss = 0.003691,	Top-1 err = 36.700000,	Top-5 err = 18.200000,	train_time = 1.795621
TRAIN Iter 215: loss = 0.003453,	Top-1 err = 41.500000,	Top-5 err = 26.000000,	train_time = 1.805173
TRAIN Iter 216: loss = 0.003708,	Top-1 err = 47.300000,	Top-5 err = 30.000000,	train_time = 1.800173
TRAIN Iter 217: loss = 0.003738,	Top-1 err = 42.200000,	Top-5 err = 24.600000,	train_time = 1.804332
TRAIN Iter 218: loss = 0.003346,	Top-1 err = 35.500000,	Top-5 err = 24.900000,	train_time = 1.822475
TRAIN Iter 219: loss = 0.003647,	Top-1 err = 34.200000,	Top-5 err = 16.300000,	train_time = 1.804944
TRAIN Iter 220: loss = 0.003820,	Top-1 err = 32.200000,	Top-5 err = 15.400000,	train_time = 1.820043
TRAIN Iter 221: loss = 0.003640,	Top-1 err = 31.100000,	Top-5 err = 16.400000,	train_time = 1.813066
TRAIN Iter 222: loss = 0.003602,	Top-1 err = 34.900000,	Top-5 err = 16.400000,	train_time = 1.809448
TRAIN Iter 223: loss = 0.003762,	Top-1 err = 37.800000,	Top-5 err = 19.400000,	train_time = 1.811099
TRAIN Iter 224: loss = 0.003913,	Top-1 err = 68.800000,	Top-5 err = 46.400000,	train_time = 1.823982
TRAIN Iter 225: loss = 0.003612,	Top-1 err = 30.400000,	Top-5 err = 16.100000,	train_time = 1.805398
TRAIN Iter 226: loss = 0.003917,	Top-1 err = 50.900000,	Top-5 err = 32.500000,	train_time = 1.803816
TRAIN Iter 227: loss = 0.003682,	Top-1 err = 41.000000,	Top-5 err = 20.700000,	train_time = 1.790970
TRAIN Iter 228: loss = 0.003813,	Top-1 err = 51.200000,	Top-5 err = 30.400000,	train_time = 1.809273
TRAIN Iter 229: loss = 0.003489,	Top-1 err = 37.700000,	Top-5 err = 23.200000,	train_time = 1.809175
TRAIN Iter 230: loss = 0.003417,	Top-1 err = 24.700000,	Top-5 err = 9.300000,	train_time = 1.806771
TRAIN Iter 231: loss = 0.003475,	Top-1 err = 31.700000,	Top-5 err = 15.600000,	train_time = 1.816386
TRAIN Iter 232: loss = 0.003694,	Top-1 err = 56.900000,	Top-5 err = 40.000000,	train_time = 1.803513
TRAIN Iter 233: loss = 0.003524,	Top-1 err = 60.000000,	Top-5 err = 43.700000,	train_time = 1.807194
TRAIN Iter 234: loss = 0.003047,	Top-1 err = 18.700000,	Top-5 err = 10.400000,	train_time = 1.793072
TRAIN Iter 235: loss = 0.003726,	Top-1 err = 46.400000,	Top-5 err = 25.100000,	train_time = 1.809972
TRAIN Iter 236: loss = 0.003675,	Top-1 err = 49.900000,	Top-5 err = 34.200000,	train_time = 1.816568
TRAIN Iter 237: loss = 0.003423,	Top-1 err = 38.800000,	Top-5 err = 23.500000,	train_time = 1.812897
TRAIN Iter 238: loss = 0.003445,	Top-1 err = 33.700000,	Top-5 err = 15.600000,	train_time = 1.802240
TRAIN Iter 239: loss = 0.003751,	Top-1 err = 40.700000,	Top-5 err = 21.000000,	train_time = 1.798335
TRAIN Iter 240: loss = 0.003625,	Top-1 err = 45.500000,	Top-5 err = 22.400000,	train_time = 1.790725
TRAIN Iter 241: loss = 0.003478,	Top-1 err = 39.200000,	Top-5 err = 22.400000,	train_time = 1.809302
TRAIN Iter 242: loss = 0.003529,	Top-1 err = 48.100000,	Top-5 err = 31.600000,	train_time = 1.814049
TRAIN Iter 243: loss = 0.003325,	Top-1 err = 24.400000,	Top-5 err = 13.200000,	train_time = 1.814941
TRAIN Iter 244: loss = 0.003513,	Top-1 err = 51.600000,	Top-5 err = 33.700000,	train_time = 1.809781
TRAIN Iter 245: loss = 0.003370,	Top-1 err = 38.100000,	Top-5 err = 19.900000,	train_time = 1.815288
TRAIN Iter 246: loss = 0.003383,	Top-1 err = 36.600000,	Top-5 err = 20.800000,	train_time = 1.821889
TRAIN Iter 247: loss = 0.003512,	Top-1 err = 38.100000,	Top-5 err = 19.800000,	train_time = 1.829659
TRAIN Iter 248: loss = 0.003591,	Top-1 err = 55.300000,	Top-5 err = 33.300000,	train_time = 1.803337
TRAIN Iter 249: loss = 0.003386,	Top-1 err = 46.200000,	Top-5 err = 25.800000,	train_time = 1.812134
TEST:
Iter 249: loss = 2.049132,	Top-1 err = 51.280000,	Top-5 err = 20.300000,	val_time = 3.364872
TRAIN Iter 250: loss = 0.003302,	Top-1 err = 45.000000,	Top-5 err = 30.900000,	train_time = 1.822547
TRAIN Iter 251: loss = 0.003375,	Top-1 err = 35.100000,	Top-5 err = 15.800000,	train_time = 1.820524
TRAIN Iter 252: loss = 0.003601,	Top-1 err = 56.500000,	Top-5 err = 32.700000,	train_time = 1.811277
TRAIN Iter 253: loss = 0.003320,	Top-1 err = 47.200000,	Top-5 err = 32.700000,	train_time = 1.807298
TRAIN Iter 254: loss = 0.003540,	Top-1 err = 44.800000,	Top-5 err = 25.800000,	train_time = 1.810693
TRAIN Iter 255: loss = 0.003590,	Top-1 err = 52.000000,	Top-5 err = 31.000000,	train_time = 1.822577
TRAIN Iter 256: loss = 0.003544,	Top-1 err = 49.700000,	Top-5 err = 34.700000,	train_time = 1.824097
TRAIN Iter 257: loss = 0.003489,	Top-1 err = 43.300000,	Top-5 err = 18.600000,	train_time = 1.796875
TRAIN Iter 258: loss = 0.003617,	Top-1 err = 55.500000,	Top-5 err = 34.500000,	train_time = 1.807446
TRAIN Iter 259: loss = 0.003186,	Top-1 err = 38.900000,	Top-5 err = 28.000000,	train_time = 1.817856
TEST:
Iter 259: loss = 1.954940,	Top-1 err = 50.080000,	Top-5 err = 19.100000,	val_time = 3.362139
TRAIN Iter 260: loss = 0.003280,	Top-1 err = 41.600000,	Top-5 err = 23.000000,	train_time = 1.813051
TRAIN Iter 261: loss = 0.003390,	Top-1 err = 68.200000,	Top-5 err = 50.300000,	train_time = 1.825699
TRAIN Iter 262: loss = 0.003230,	Top-1 err = 33.900000,	Top-5 err = 19.600000,	train_time = 1.816282
TRAIN Iter 263: loss = 0.003236,	Top-1 err = 33.700000,	Top-5 err = 17.900000,	train_time = 1.807763
TRAIN Iter 264: loss = 0.003408,	Top-1 err = 53.700000,	Top-5 err = 37.300000,	train_time = 1.814411
TRAIN Iter 265: loss = 0.003267,	Top-1 err = 46.300000,	Top-5 err = 32.100000,	train_time = 1.799740
TRAIN Iter 266: loss = 0.003423,	Top-1 err = 37.300000,	Top-5 err = 20.900000,	train_time = 1.811172
TRAIN Iter 267: loss = 0.003507,	Top-1 err = 35.700000,	Top-5 err = 14.600000,	train_time = 1.794236
TRAIN Iter 268: loss = 0.003480,	Top-1 err = 58.600000,	Top-5 err = 40.900000,	train_time = 1.827089
TRAIN Iter 269: loss = 0.003594,	Top-1 err = 68.100000,	Top-5 err = 47.500000,	train_time = 1.798243
TEST:
Iter 269: loss = 1.990119,	Top-1 err = 49.810000,	Top-5 err = 19.380000,	val_time = 3.373969
TRAIN Iter 270: loss = 0.003198,	Top-1 err = 33.600000,	Top-5 err = 19.100000,	train_time = 1.811755
TRAIN Iter 271: loss = 0.002986,	Top-1 err = 21.900000,	Top-5 err = 9.200000,	train_time = 1.798057
TRAIN Iter 272: loss = 0.003367,	Top-1 err = 60.200000,	Top-5 err = 36.800000,	train_time = 1.817015
TRAIN Iter 273: loss = 0.003405,	Top-1 err = 48.600000,	Top-5 err = 29.300000,	train_time = 1.815139
TRAIN Iter 274: loss = 0.003613,	Top-1 err = 59.600000,	Top-5 err = 34.800000,	train_time = 1.818654
TRAIN Iter 275: loss = 0.003442,	Top-1 err = 49.200000,	Top-5 err = 30.700000,	train_time = 1.815003
TRAIN Iter 276: loss = 0.003369,	Top-1 err = 51.300000,	Top-5 err = 39.900000,	train_time = 1.834773
TRAIN Iter 277: loss = 0.003353,	Top-1 err = 41.200000,	Top-5 err = 22.100000,	train_time = 1.804336
TRAIN Iter 278: loss = 0.003252,	Top-1 err = 43.700000,	Top-5 err = 30.000000,	train_time = 1.808664
TRAIN Iter 279: loss = 0.003403,	Top-1 err = 59.800000,	Top-5 err = 41.700000,	train_time = 1.792663
TEST:
Iter 279: loss = 2.038204,	Top-1 err = 50.440000,	Top-5 err = 19.890000,	val_time = 3.363780
TRAIN Iter 280: loss = 0.003200,	Top-1 err = 30.200000,	Top-5 err = 15.400000,	train_time = 1.813476
TRAIN Iter 281: loss = 0.002952,	Top-1 err = 29.200000,	Top-5 err = 18.300000,	train_time = 1.801317
TRAIN Iter 282: loss = 0.003110,	Top-1 err = 35.600000,	Top-5 err = 21.100000,	train_time = 1.812796
TRAIN Iter 283: loss = 0.003150,	Top-1 err = 28.100000,	Top-5 err = 11.900000,	train_time = 1.802430
TRAIN Iter 284: loss = 0.003233,	Top-1 err = 50.700000,	Top-5 err = 32.300000,	train_time = 1.809436
TRAIN Iter 285: loss = 0.003288,	Top-1 err = 38.300000,	Top-5 err = 18.600000,	train_time = 1.812601
TRAIN Iter 286: loss = 0.003201,	Top-1 err = 53.000000,	Top-5 err = 37.800000,	train_time = 1.808462
TRAIN Iter 287: loss = 0.003105,	Top-1 err = 40.400000,	Top-5 err = 20.300000,	train_time = 1.828353
TRAIN Iter 288: loss = 0.003297,	Top-1 err = 48.700000,	Top-5 err = 32.900000,	train_time = 1.814500
TRAIN Iter 289: loss = 0.003310,	Top-1 err = 45.900000,	Top-5 err = 30.300000,	train_time = 1.821870
TEST:
Iter 289: loss = 1.922689,	Top-1 err = 48.680000,	Top-5 err = 18.860000,	val_time = 3.368474
TRAIN Iter 290: loss = 0.003424,	Top-1 err = 50.800000,	Top-5 err = 27.200000,	train_time = 1.801067
TRAIN Iter 291: loss = 0.003380,	Top-1 err = 40.600000,	Top-5 err = 24.500000,	train_time = 1.806772
TRAIN Iter 292: loss = 0.003241,	Top-1 err = 38.000000,	Top-5 err = 19.600000,	train_time = 1.805627
TRAIN Iter 293: loss = 0.003418,	Top-1 err = 51.500000,	Top-5 err = 31.900000,	train_time = 1.804569
TRAIN Iter 294: loss = 0.003327,	Top-1 err = 46.200000,	Top-5 err = 27.600000,	train_time = 1.809493
TRAIN Iter 295: loss = 0.003438,	Top-1 err = 67.300000,	Top-5 err = 51.600000,	train_time = 1.839804
TRAIN Iter 296: loss = 0.003186,	Top-1 err = 40.100000,	Top-5 err = 23.100000,	train_time = 1.819418
TRAIN Iter 297: loss = 0.003228,	Top-1 err = 40.000000,	Top-5 err = 22.800000,	train_time = 1.799405
TRAIN Iter 298: loss = 0.003095,	Top-1 err = 35.300000,	Top-5 err = 21.300000,	train_time = 1.816361
TRAIN Iter 299: loss = 0.003188,	Top-1 err = 47.500000,	Top-5 err = 26.800000,	train_time = 1.788175
TEST:
Iter 299: loss = 1.964246,	Top-1 err = 49.550000,	Top-5 err = 18.880000,	val_time = 3.363171
Train Finish! Best accuracy is 51.32@289
