/home/dvspanos/miniconda3/envs/rded/lib/python3.10/site-packages/torch/cuda/__init__.py:611: UserWarning: Can't initialize NVML
  warnings.warn("Can't initialize NVML")
=> using pytorch pre-trained teacher model 'conv3'
process data from /home/dvspanos/nikos/ca2d/artifacts/sets/bench_cifar100_conv_rded_ipc10
load data successfully
TRAIN Iter 0: loss = 0.019671,	Top-1 err = 95.900000,	Top-5 err = 85.000000,	train_time = 1.146503
TRAIN Iter 1: loss = 0.018398,	Top-1 err = 92.700000,	Top-5 err = 73.100000,	train_time = 0.437962
TRAIN Iter 2: loss = 0.015952,	Top-1 err = 88.700000,	Top-5 err = 68.600000,	train_time = 0.409712
TRAIN Iter 3: loss = 0.015971,	Top-1 err = 85.300000,	Top-5 err = 63.800000,	train_time = 0.373683
TRAIN Iter 4: loss = 0.015336,	Top-1 err = 85.100000,	Top-5 err = 60.300000,	train_time = 0.380955
TRAIN Iter 5: loss = 0.014258,	Top-1 err = 80.300000,	Top-5 err = 55.700000,	train_time = 0.393833
TRAIN Iter 6: loss = 0.014146,	Top-1 err = 82.500000,	Top-5 err = 58.400000,	train_time = 0.361828
TRAIN Iter 7: loss = 0.013107,	Top-1 err = 81.200000,	Top-5 err = 58.200000,	train_time = 0.398028
TRAIN Iter 8: loss = 0.012605,	Top-1 err = 75.500000,	Top-5 err = 50.200000,	train_time = 0.368743
TRAIN Iter 9: loss = 0.012545,	Top-1 err = 75.100000,	Top-5 err = 51.400000,	train_time = 0.398979
TRAIN Iter 10: loss = 0.011611,	Top-1 err = 71.900000,	Top-5 err = 47.500000,	train_time = 0.383302
TRAIN Iter 11: loss = 0.011520,	Top-1 err = 72.600000,	Top-5 err = 50.000000,	train_time = 0.407085
TRAIN Iter 12: loss = 0.010700,	Top-1 err = 65.300000,	Top-5 err = 39.100000,	train_time = 0.415539
TRAIN Iter 13: loss = 0.010841,	Top-1 err = 67.300000,	Top-5 err = 41.700000,	train_time = 0.388866
TRAIN Iter 14: loss = 0.010150,	Top-1 err = 68.100000,	Top-5 err = 43.100000,	train_time = 0.402278
TRAIN Iter 15: loss = 0.009684,	Top-1 err = 57.000000,	Top-5 err = 32.100000,	train_time = 0.392158
TRAIN Iter 16: loss = 0.010013,	Top-1 err = 63.100000,	Top-5 err = 38.600000,	train_time = 0.399512
TRAIN Iter 17: loss = 0.009764,	Top-1 err = 60.400000,	Top-5 err = 38.300000,	train_time = 0.369962
TRAIN Iter 18: loss = 0.009203,	Top-1 err = 63.100000,	Top-5 err = 35.900000,	train_time = 0.423285
TRAIN Iter 19: loss = 0.009506,	Top-1 err = 63.600000,	Top-5 err = 38.400000,	train_time = 0.403235
TRAIN Iter 20: loss = 0.008868,	Top-1 err = 59.700000,	Top-5 err = 36.200000,	train_time = 0.415924
TRAIN Iter 21: loss = 0.008806,	Top-1 err = 56.100000,	Top-5 err = 32.600000,	train_time = 0.391695
TRAIN Iter 22: loss = 0.008321,	Top-1 err = 63.900000,	Top-5 err = 37.100000,	train_time = 0.377518
TRAIN Iter 23: loss = 0.008411,	Top-1 err = 50.400000,	Top-5 err = 28.000000,	train_time = 0.408597
TRAIN Iter 24: loss = 0.008284,	Top-1 err = 63.000000,	Top-5 err = 41.000000,	train_time = 0.390347
TRAIN Iter 25: loss = 0.008360,	Top-1 err = 58.700000,	Top-5 err = 32.800000,	train_time = 0.413149
TRAIN Iter 26: loss = 0.007763,	Top-1 err = 55.400000,	Top-5 err = 31.800000,	train_time = 0.385617
TRAIN Iter 27: loss = 0.007918,	Top-1 err = 54.500000,	Top-5 err = 31.000000,	train_time = 0.420819
TRAIN Iter 28: loss = 0.007672,	Top-1 err = 57.400000,	Top-5 err = 35.800000,	train_time = 0.374619
TRAIN Iter 29: loss = 0.007811,	Top-1 err = 47.900000,	Top-5 err = 24.600000,	train_time = 0.421824
TRAIN Iter 30: loss = 0.007616,	Top-1 err = 58.300000,	Top-5 err = 34.400000,	train_time = 0.410245
TRAIN Iter 31: loss = 0.007843,	Top-1 err = 50.600000,	Top-5 err = 29.500000,	train_time = 0.400335
TRAIN Iter 32: loss = 0.007295,	Top-1 err = 57.500000,	Top-5 err = 35.900000,	train_time = 0.368650
TRAIN Iter 33: loss = 0.007154,	Top-1 err = 45.600000,	Top-5 err = 24.300000,	train_time = 0.398738
TRAIN Iter 34: loss = 0.007210,	Top-1 err = 52.100000,	Top-5 err = 30.900000,	train_time = 0.407231
TRAIN Iter 35: loss = 0.007009,	Top-1 err = 50.500000,	Top-5 err = 28.400000,	train_time = 0.432490
TRAIN Iter 36: loss = 0.006652,	Top-1 err = 46.800000,	Top-5 err = 23.700000,	train_time = 0.388509
TRAIN Iter 37: loss = 0.006998,	Top-1 err = 49.300000,	Top-5 err = 31.800000,	train_time = 0.381561
TRAIN Iter 38: loss = 0.006857,	Top-1 err = 49.200000,	Top-5 err = 27.900000,	train_time = 0.400245
TRAIN Iter 39: loss = 0.006782,	Top-1 err = 44.900000,	Top-5 err = 24.000000,	train_time = 0.399104
TRAIN Iter 40: loss = 0.006563,	Top-1 err = 49.900000,	Top-5 err = 29.200000,	train_time = 0.395947
TRAIN Iter 41: loss = 0.006358,	Top-1 err = 44.300000,	Top-5 err = 24.100000,	train_time = 0.331470
TRAIN Iter 42: loss = 0.006602,	Top-1 err = 51.700000,	Top-5 err = 29.300000,	train_time = 0.400682
TRAIN Iter 43: loss = 0.006496,	Top-1 err = 54.900000,	Top-5 err = 33.800000,	train_time = 0.384271
TRAIN Iter 44: loss = 0.006752,	Top-1 err = 52.700000,	Top-5 err = 30.400000,	train_time = 0.375596
TRAIN Iter 45: loss = 0.006310,	Top-1 err = 47.400000,	Top-5 err = 28.500000,	train_time = 0.374572
TRAIN Iter 46: loss = 0.006564,	Top-1 err = 50.500000,	Top-5 err = 30.200000,	train_time = 0.414989
TRAIN Iter 47: loss = 0.006509,	Top-1 err = 51.300000,	Top-5 err = 30.300000,	train_time = 0.397474
TRAIN Iter 48: loss = 0.006604,	Top-1 err = 54.400000,	Top-5 err = 36.200000,	train_time = 0.412197
TRAIN Iter 49: loss = 0.006329,	Top-1 err = 55.400000,	Top-5 err = 33.200000,	train_time = 0.407508
TRAIN Iter 50: loss = 0.006015,	Top-1 err = 45.400000,	Top-5 err = 26.600000,	train_time = 0.398553
TRAIN Iter 51: loss = 0.006356,	Top-1 err = 47.000000,	Top-5 err = 28.100000,	train_time = 0.393553
TRAIN Iter 52: loss = 0.006245,	Top-1 err = 53.000000,	Top-5 err = 32.300000,	train_time = 0.389757
TRAIN Iter 53: loss = 0.005871,	Top-1 err = 44.500000,	Top-5 err = 26.900000,	train_time = 0.398014
TRAIN Iter 54: loss = 0.005865,	Top-1 err = 45.300000,	Top-5 err = 23.800000,	train_time = 0.378771
TRAIN Iter 55: loss = 0.005792,	Top-1 err = 36.300000,	Top-5 err = 18.000000,	train_time = 0.408323
TRAIN Iter 56: loss = 0.005872,	Top-1 err = 48.500000,	Top-5 err = 28.500000,	train_time = 0.406011
TRAIN Iter 57: loss = 0.005635,	Top-1 err = 39.500000,	Top-5 err = 21.200000,	train_time = 0.385379
TRAIN Iter 58: loss = 0.005467,	Top-1 err = 43.800000,	Top-5 err = 26.800000,	train_time = 0.380868
TRAIN Iter 59: loss = 0.005653,	Top-1 err = 43.400000,	Top-5 err = 23.500000,	train_time = 0.406779
TRAIN Iter 60: loss = 0.005267,	Top-1 err = 41.100000,	Top-5 err = 22.800000,	train_time = 0.411074
TRAIN Iter 61: loss = 0.005382,	Top-1 err = 41.300000,	Top-5 err = 23.700000,	train_time = 0.386458
TRAIN Iter 62: loss = 0.005466,	Top-1 err = 47.000000,	Top-5 err = 27.200000,	train_time = 0.382514
TRAIN Iter 63: loss = 0.005392,	Top-1 err = 49.400000,	Top-5 err = 27.400000,	train_time = 0.384938
TRAIN Iter 64: loss = 0.005560,	Top-1 err = 47.300000,	Top-5 err = 26.700000,	train_time = 0.374103
TRAIN Iter 65: loss = 0.005426,	Top-1 err = 46.300000,	Top-5 err = 25.700000,	train_time = 0.372924
TRAIN Iter 66: loss = 0.005509,	Top-1 err = 46.100000,	Top-5 err = 25.100000,	train_time = 0.403068
TRAIN Iter 67: loss = 0.005496,	Top-1 err = 47.500000,	Top-5 err = 29.100000,	train_time = 0.381068
TRAIN Iter 68: loss = 0.005557,	Top-1 err = 52.800000,	Top-5 err = 30.600000,	train_time = 0.407285
TRAIN Iter 69: loss = 0.005429,	Top-1 err = 50.500000,	Top-5 err = 31.100000,	train_time = 0.387036
TRAIN Iter 70: loss = 0.005184,	Top-1 err = 33.300000,	Top-5 err = 17.100000,	train_time = 0.387959
TRAIN Iter 71: loss = 0.004929,	Top-1 err = 44.200000,	Top-5 err = 23.900000,	train_time = 0.393895
TRAIN Iter 72: loss = 0.005263,	Top-1 err = 45.800000,	Top-5 err = 25.900000,	train_time = 0.387407
TRAIN Iter 73: loss = 0.005113,	Top-1 err = 47.800000,	Top-5 err = 27.600000,	train_time = 0.402436
TRAIN Iter 74: loss = 0.004987,	Top-1 err = 40.500000,	Top-5 err = 22.500000,	train_time = 0.401385
TRAIN Iter 75: loss = 0.004874,	Top-1 err = 43.400000,	Top-5 err = 25.700000,	train_time = 0.416622
TRAIN Iter 76: loss = 0.004903,	Top-1 err = 41.300000,	Top-5 err = 24.100000,	train_time = 0.401607
TRAIN Iter 77: loss = 0.004925,	Top-1 err = 46.900000,	Top-5 err = 28.600000,	train_time = 0.385071
TRAIN Iter 78: loss = 0.005090,	Top-1 err = 48.200000,	Top-5 err = 29.900000,	train_time = 0.394856
TRAIN Iter 79: loss = 0.005254,	Top-1 err = 53.500000,	Top-5 err = 32.600000,	train_time = 0.376537
TRAIN Iter 80: loss = 0.004914,	Top-1 err = 41.000000,	Top-5 err = 23.900000,	train_time = 0.401234
TRAIN Iter 81: loss = 0.004825,	Top-1 err = 38.000000,	Top-5 err = 21.100000,	train_time = 0.333082
TRAIN Iter 82: loss = 0.004617,	Top-1 err = 36.100000,	Top-5 err = 19.100000,	train_time = 0.419590
TRAIN Iter 83: loss = 0.004849,	Top-1 err = 50.900000,	Top-5 err = 28.400000,	train_time = 0.391595
TRAIN Iter 84: loss = 0.004988,	Top-1 err = 45.900000,	Top-5 err = 31.900000,	train_time = 0.389480
TRAIN Iter 85: loss = 0.004994,	Top-1 err = 55.200000,	Top-5 err = 38.100000,	train_time = 0.394122
TRAIN Iter 86: loss = 0.004847,	Top-1 err = 44.500000,	Top-5 err = 26.400000,	train_time = 0.414867
TRAIN Iter 87: loss = 0.004824,	Top-1 err = 50.700000,	Top-5 err = 29.900000,	train_time = 0.377913
TRAIN Iter 88: loss = 0.004825,	Top-1 err = 44.900000,	Top-5 err = 27.800000,	train_time = 0.381820
TRAIN Iter 89: loss = 0.004815,	Top-1 err = 46.500000,	Top-5 err = 27.200000,	train_time = 0.412127
TRAIN Iter 90: loss = 0.004878,	Top-1 err = 43.200000,	Top-5 err = 26.700000,	train_time = 0.373922
TRAIN Iter 91: loss = 0.004662,	Top-1 err = 33.100000,	Top-5 err = 17.300000,	train_time = 0.402608
TRAIN Iter 92: loss = 0.004475,	Top-1 err = 44.600000,	Top-5 err = 24.900000,	train_time = 0.377743
TRAIN Iter 93: loss = 0.004498,	Top-1 err = 40.100000,	Top-5 err = 21.900000,	train_time = 0.367884
TRAIN Iter 94: loss = 0.004656,	Top-1 err = 42.400000,	Top-5 err = 23.500000,	train_time = 0.396814
TRAIN Iter 95: loss = 0.004567,	Top-1 err = 43.400000,	Top-5 err = 26.700000,	train_time = 0.390317
TRAIN Iter 96: loss = 0.004469,	Top-1 err = 45.700000,	Top-5 err = 28.200000,	train_time = 0.392342
TRAIN Iter 97: loss = 0.004494,	Top-1 err = 46.900000,	Top-5 err = 27.100000,	train_time = 0.410036
TRAIN Iter 98: loss = 0.004523,	Top-1 err = 42.200000,	Top-5 err = 24.200000,	train_time = 0.410941
TRAIN Iter 99: loss = 0.004760,	Top-1 err = 38.900000,	Top-5 err = 21.700000,	train_time = 0.349760
TRAIN Iter 100: loss = 0.004340,	Top-1 err = 37.800000,	Top-5 err = 21.300000,	train_time = 0.372121
TRAIN Iter 101: loss = 0.004604,	Top-1 err = 51.200000,	Top-5 err = 29.400000,	train_time = 0.385389
TRAIN Iter 102: loss = 0.004453,	Top-1 err = 47.800000,	Top-5 err = 30.400000,	train_time = 0.413571
TRAIN Iter 103: loss = 0.004591,	Top-1 err = 50.700000,	Top-5 err = 31.600000,	train_time = 0.358115
TRAIN Iter 104: loss = 0.004278,	Top-1 err = 37.700000,	Top-5 err = 18.000000,	train_time = 0.389800
TRAIN Iter 105: loss = 0.004293,	Top-1 err = 34.700000,	Top-5 err = 15.900000,	train_time = 0.406316
TRAIN Iter 106: loss = 0.004351,	Top-1 err = 43.900000,	Top-5 err = 26.400000,	train_time = 0.416576
TRAIN Iter 107: loss = 0.004251,	Top-1 err = 39.100000,	Top-5 err = 21.900000,	train_time = 0.398349
TRAIN Iter 108: loss = 0.004323,	Top-1 err = 48.500000,	Top-5 err = 29.900000,	train_time = 0.375213
TRAIN Iter 109: loss = 0.004358,	Top-1 err = 39.600000,	Top-5 err = 22.200000,	train_time = 0.393806
TRAIN Iter 110: loss = 0.004298,	Top-1 err = 45.000000,	Top-5 err = 26.300000,	train_time = 0.393644
TRAIN Iter 111: loss = 0.004282,	Top-1 err = 31.800000,	Top-5 err = 16.300000,	train_time = 0.387038
TRAIN Iter 112: loss = 0.004123,	Top-1 err = 32.600000,	Top-5 err = 15.600000,	train_time = 0.394386
TRAIN Iter 113: loss = 0.004418,	Top-1 err = 40.200000,	Top-5 err = 23.200000,	train_time = 0.380098
TRAIN Iter 114: loss = 0.004484,	Top-1 err = 52.700000,	Top-5 err = 33.000000,	train_time = 0.398098
TRAIN Iter 115: loss = 0.004303,	Top-1 err = 46.100000,	Top-5 err = 26.800000,	train_time = 0.423494
TRAIN Iter 116: loss = 0.004190,	Top-1 err = 48.400000,	Top-5 err = 29.600000,	train_time = 0.398603
TRAIN Iter 117: loss = 0.004154,	Top-1 err = 45.700000,	Top-5 err = 30.200000,	train_time = 0.399940
TRAIN Iter 118: loss = 0.004159,	Top-1 err = 39.400000,	Top-5 err = 22.900000,	train_time = 0.402583
TRAIN Iter 119: loss = 0.004178,	Top-1 err = 45.900000,	Top-5 err = 24.700000,	train_time = 0.372434
TRAIN Iter 120: loss = 0.004032,	Top-1 err = 39.400000,	Top-5 err = 20.600000,	train_time = 0.404644
TRAIN Iter 121: loss = 0.004035,	Top-1 err = 34.400000,	Top-5 err = 20.000000,	train_time = 0.378788
TRAIN Iter 122: loss = 0.004216,	Top-1 err = 43.400000,	Top-5 err = 26.000000,	train_time = 0.366511
TRAIN Iter 123: loss = 0.004208,	Top-1 err = 40.800000,	Top-5 err = 24.300000,	train_time = 0.371261
TRAIN Iter 124: loss = 0.004062,	Top-1 err = 38.200000,	Top-5 err = 21.200000,	train_time = 0.390997
TRAIN Iter 125: loss = 0.004131,	Top-1 err = 42.400000,	Top-5 err = 24.200000,	train_time = 0.442049
TRAIN Iter 126: loss = 0.004173,	Top-1 err = 42.700000,	Top-5 err = 22.000000,	train_time = 0.388019
TRAIN Iter 127: loss = 0.004117,	Top-1 err = 49.700000,	Top-5 err = 32.200000,	train_time = 0.385230
TRAIN Iter 128: loss = 0.004075,	Top-1 err = 41.400000,	Top-5 err = 24.200000,	train_time = 0.395197
TRAIN Iter 129: loss = 0.004104,	Top-1 err = 44.800000,	Top-5 err = 24.400000,	train_time = 0.398573
TRAIN Iter 130: loss = 0.003950,	Top-1 err = 42.100000,	Top-5 err = 24.700000,	train_time = 0.378920
TRAIN Iter 131: loss = 0.003904,	Top-1 err = 39.400000,	Top-5 err = 22.500000,	train_time = 0.375951
TRAIN Iter 132: loss = 0.004024,	Top-1 err = 48.500000,	Top-5 err = 28.400000,	train_time = 0.385942
TRAIN Iter 133: loss = 0.003909,	Top-1 err = 46.100000,	Top-5 err = 28.700000,	train_time = 0.394623
TRAIN Iter 134: loss = 0.003973,	Top-1 err = 40.900000,	Top-5 err = 22.200000,	train_time = 0.395126
TRAIN Iter 135: loss = 0.004202,	Top-1 err = 51.500000,	Top-5 err = 31.200000,	train_time = 0.434476
TRAIN Iter 136: loss = 0.003839,	Top-1 err = 36.700000,	Top-5 err = 19.900000,	train_time = 0.385942
TRAIN Iter 137: loss = 0.003784,	Top-1 err = 43.400000,	Top-5 err = 25.700000,	train_time = 0.401770
TRAIN Iter 138: loss = 0.003916,	Top-1 err = 37.300000,	Top-5 err = 21.400000,	train_time = 0.373471
TRAIN Iter 139: loss = 0.003863,	Top-1 err = 38.900000,	Top-5 err = 22.000000,	train_time = 0.402019
TRAIN Iter 140: loss = 0.003713,	Top-1 err = 42.900000,	Top-5 err = 25.900000,	train_time = 0.426293
TRAIN Iter 141: loss = 0.003879,	Top-1 err = 40.300000,	Top-5 err = 22.700000,	train_time = 0.371234
TRAIN Iter 142: loss = 0.003938,	Top-1 err = 37.100000,	Top-5 err = 21.500000,	train_time = 0.398818
TRAIN Iter 143: loss = 0.003982,	Top-1 err = 39.000000,	Top-5 err = 20.900000,	train_time = 0.392961
TRAIN Iter 144: loss = 0.003966,	Top-1 err = 42.300000,	Top-5 err = 24.400000,	train_time = 0.394491
TRAIN Iter 145: loss = 0.003788,	Top-1 err = 35.400000,	Top-5 err = 18.900000,	train_time = 0.378594
TRAIN Iter 146: loss = 0.003845,	Top-1 err = 35.800000,	Top-5 err = 18.200000,	train_time = 0.329865
TRAIN Iter 147: loss = 0.003894,	Top-1 err = 47.500000,	Top-5 err = 30.600000,	train_time = 0.379396
TRAIN Iter 148: loss = 0.003693,	Top-1 err = 31.700000,	Top-5 err = 17.200000,	train_time = 0.389690
TRAIN Iter 149: loss = 0.003722,	Top-1 err = 41.700000,	Top-5 err = 23.600000,	train_time = 0.388345
TRAIN Iter 150: loss = 0.003700,	Top-1 err = 38.700000,	Top-5 err = 21.600000,	train_time = 0.409531
TRAIN Iter 151: loss = 0.003772,	Top-1 err = 42.800000,	Top-5 err = 23.900000,	train_time = 0.403462
TRAIN Iter 152: loss = 0.003560,	Top-1 err = 36.000000,	Top-5 err = 19.700000,	train_time = 0.403754
TRAIN Iter 153: loss = 0.003836,	Top-1 err = 45.200000,	Top-5 err = 27.700000,	train_time = 0.401946
TRAIN Iter 154: loss = 0.003668,	Top-1 err = 40.700000,	Top-5 err = 22.400000,	train_time = 0.395470
TRAIN Iter 155: loss = 0.003714,	Top-1 err = 42.500000,	Top-5 err = 24.900000,	train_time = 0.424125
TRAIN Iter 156: loss = 0.003724,	Top-1 err = 41.400000,	Top-5 err = 23.700000,	train_time = 0.390323
TRAIN Iter 157: loss = 0.003659,	Top-1 err = 33.400000,	Top-5 err = 15.700000,	train_time = 0.397780
TRAIN Iter 158: loss = 0.003771,	Top-1 err = 43.900000,	Top-5 err = 27.700000,	train_time = 0.383665
TRAIN Iter 159: loss = 0.003709,	Top-1 err = 42.600000,	Top-5 err = 25.000000,	train_time = 0.369589
TRAIN Iter 160: loss = 0.003762,	Top-1 err = 42.400000,	Top-5 err = 26.200000,	train_time = 0.403203
TRAIN Iter 161: loss = 0.003614,	Top-1 err = 37.100000,	Top-5 err = 20.500000,	train_time = 0.402879
TRAIN Iter 162: loss = 0.003726,	Top-1 err = 42.300000,	Top-5 err = 25.400000,	train_time = 0.408431
TRAIN Iter 163: loss = 0.003500,	Top-1 err = 27.400000,	Top-5 err = 14.000000,	train_time = 0.390774
TRAIN Iter 164: loss = 0.003690,	Top-1 err = 38.600000,	Top-5 err = 23.300000,	train_time = 0.401956
TRAIN Iter 165: loss = 0.003529,	Top-1 err = 38.400000,	Top-5 err = 21.900000,	train_time = 0.419893
TRAIN Iter 166: loss = 0.003470,	Top-1 err = 40.900000,	Top-5 err = 22.300000,	train_time = 0.382194
TRAIN Iter 167: loss = 0.003498,	Top-1 err = 36.600000,	Top-5 err = 21.000000,	train_time = 0.407534
TRAIN Iter 168: loss = 0.003628,	Top-1 err = 38.600000,	Top-5 err = 20.400000,	train_time = 0.384680
TRAIN Iter 169: loss = 0.003664,	Top-1 err = 43.600000,	Top-5 err = 25.300000,	train_time = 0.407065
TRAIN Iter 170: loss = 0.003541,	Top-1 err = 45.000000,	Top-5 err = 23.100000,	train_time = 0.420018
TRAIN Iter 171: loss = 0.003729,	Top-1 err = 49.500000,	Top-5 err = 31.500000,	train_time = 0.397894
TRAIN Iter 172: loss = 0.003616,	Top-1 err = 43.400000,	Top-5 err = 26.100000,	train_time = 0.378536
TRAIN Iter 173: loss = 0.003721,	Top-1 err = 48.100000,	Top-5 err = 29.400000,	train_time = 0.405377
TRAIN Iter 174: loss = 0.003673,	Top-1 err = 43.100000,	Top-5 err = 24.500000,	train_time = 0.383179
TRAIN Iter 175: loss = 0.003902,	Top-1 err = 44.900000,	Top-5 err = 28.700000,	train_time = 0.418316
TRAIN Iter 176: loss = 0.003456,	Top-1 err = 38.900000,	Top-5 err = 23.100000,	train_time = 0.392615
TRAIN Iter 177: loss = 0.003637,	Top-1 err = 40.800000,	Top-5 err = 21.300000,	train_time = 0.360588
TRAIN Iter 178: loss = 0.003702,	Top-1 err = 39.700000,	Top-5 err = 23.700000,	train_time = 0.374706
TRAIN Iter 179: loss = 0.003480,	Top-1 err = 36.400000,	Top-5 err = 21.900000,	train_time = 0.390368
TRAIN Iter 180: loss = 0.003500,	Top-1 err = 43.000000,	Top-5 err = 24.700000,	train_time = 0.415645
TRAIN Iter 181: loss = 0.003648,	Top-1 err = 44.300000,	Top-5 err = 28.600000,	train_time = 0.413649
TRAIN Iter 182: loss = 0.003447,	Top-1 err = 40.600000,	Top-5 err = 21.300000,	train_time = 0.407551
TRAIN Iter 183: loss = 0.003613,	Top-1 err = 42.900000,	Top-5 err = 24.100000,	train_time = 0.367475
TRAIN Iter 184: loss = 0.003582,	Top-1 err = 50.200000,	Top-5 err = 30.000000,	train_time = 0.390689
TRAIN Iter 185: loss = 0.003850,	Top-1 err = 52.900000,	Top-5 err = 35.400000,	train_time = 0.356014
TRAIN Iter 186: loss = 0.003574,	Top-1 err = 41.500000,	Top-5 err = 21.600000,	train_time = 0.403733
TRAIN Iter 187: loss = 0.003585,	Top-1 err = 51.400000,	Top-5 err = 33.200000,	train_time = 0.391712
TRAIN Iter 188: loss = 0.003618,	Top-1 err = 46.300000,	Top-5 err = 29.400000,	train_time = 0.407276
TRAIN Iter 189: loss = 0.003513,	Top-1 err = 36.100000,	Top-5 err = 17.700000,	train_time = 0.401798
TRAIN Iter 190: loss = 0.003670,	Top-1 err = 48.900000,	Top-5 err = 29.400000,	train_time = 0.406488
TRAIN Iter 191: loss = 0.003381,	Top-1 err = 29.700000,	Top-5 err = 13.100000,	train_time = 0.369568
TRAIN Iter 192: loss = 0.003563,	Top-1 err = 42.400000,	Top-5 err = 26.800000,	train_time = 0.360653
TRAIN Iter 193: loss = 0.003383,	Top-1 err = 35.800000,	Top-5 err = 19.100000,	train_time = 0.404856
TRAIN Iter 194: loss = 0.003259,	Top-1 err = 37.100000,	Top-5 err = 22.200000,	train_time = 0.394377
TRAIN Iter 195: loss = 0.003381,	Top-1 err = 38.900000,	Top-5 err = 20.400000,	train_time = 0.415001
TRAIN Iter 196: loss = 0.003331,	Top-1 err = 37.900000,	Top-5 err = 20.900000,	train_time = 0.398198
TRAIN Iter 197: loss = 0.003349,	Top-1 err = 41.000000,	Top-5 err = 23.400000,	train_time = 0.359532
TRAIN Iter 198: loss = 0.003448,	Top-1 err = 36.800000,	Top-5 err = 21.300000,	train_time = 0.383628
TRAIN Iter 199: loss = 0.003409,	Top-1 err = 40.500000,	Top-5 err = 24.100000,	train_time = 0.368233
TRAIN Iter 200: loss = 0.003471,	Top-1 err = 36.400000,	Top-5 err = 22.500000,	train_time = 0.397510
TRAIN Iter 201: loss = 0.003410,	Top-1 err = 38.900000,	Top-5 err = 20.800000,	train_time = 0.419329
TRAIN Iter 202: loss = 0.003545,	Top-1 err = 40.500000,	Top-5 err = 24.300000,	train_time = 0.390441
TRAIN Iter 203: loss = 0.003398,	Top-1 err = 38.200000,	Top-5 err = 23.900000,	train_time = 0.368759
TRAIN Iter 204: loss = 0.003367,	Top-1 err = 38.000000,	Top-5 err = 19.300000,	train_time = 0.393269
TRAIN Iter 205: loss = 0.003415,	Top-1 err = 42.900000,	Top-5 err = 27.100000,	train_time = 0.404983
TRAIN Iter 206: loss = 0.003348,	Top-1 err = 41.100000,	Top-5 err = 22.400000,	train_time = 0.410422
TRAIN Iter 207: loss = 0.003479,	Top-1 err = 42.800000,	Top-5 err = 24.800000,	train_time = 0.390553
TRAIN Iter 208: loss = 0.003503,	Top-1 err = 38.100000,	Top-5 err = 21.400000,	train_time = 0.376015
TRAIN Iter 209: loss = 0.003308,	Top-1 err = 42.100000,	Top-5 err = 25.600000,	train_time = 0.408008
TRAIN Iter 210: loss = 0.003392,	Top-1 err = 34.900000,	Top-5 err = 19.000000,	train_time = 0.391175
TRAIN Iter 211: loss = 0.003343,	Top-1 err = 34.700000,	Top-5 err = 19.500000,	train_time = 0.407720
TRAIN Iter 212: loss = 0.003138,	Top-1 err = 28.700000,	Top-5 err = 15.400000,	train_time = 0.415874
TRAIN Iter 213: loss = 0.003271,	Top-1 err = 40.200000,	Top-5 err = 22.600000,	train_time = 0.445635
TRAIN Iter 214: loss = 0.003321,	Top-1 err = 37.500000,	Top-5 err = 19.800000,	train_time = 0.357015
TRAIN Iter 215: loss = 0.003389,	Top-1 err = 49.200000,	Top-5 err = 31.200000,	train_time = 0.379642
TRAIN Iter 216: loss = 0.003112,	Top-1 err = 34.700000,	Top-5 err = 18.100000,	train_time = 0.406416
TRAIN Iter 217: loss = 0.003291,	Top-1 err = 42.800000,	Top-5 err = 26.200000,	train_time = 0.394249
TRAIN Iter 218: loss = 0.003107,	Top-1 err = 32.400000,	Top-5 err = 17.300000,	train_time = 0.383816
TRAIN Iter 219: loss = 0.003147,	Top-1 err = 37.600000,	Top-5 err = 21.100000,	train_time = 0.407121
TRAIN Iter 220: loss = 0.003291,	Top-1 err = 40.400000,	Top-5 err = 24.000000,	train_time = 0.351472
TRAIN Iter 221: loss = 0.003129,	Top-1 err = 36.200000,	Top-5 err = 19.800000,	train_time = 0.386313
TRAIN Iter 222: loss = 0.003310,	Top-1 err = 49.400000,	Top-5 err = 28.700000,	train_time = 0.384465
TRAIN Iter 223: loss = 0.003179,	Top-1 err = 39.000000,	Top-5 err = 22.700000,	train_time = 0.412678
TRAIN Iter 224: loss = 0.003154,	Top-1 err = 37.600000,	Top-5 err = 21.300000,	train_time = 0.395572
TRAIN Iter 225: loss = 0.003198,	Top-1 err = 40.100000,	Top-5 err = 20.500000,	train_time = 0.411694
TRAIN Iter 226: loss = 0.003418,	Top-1 err = 41.300000,	Top-5 err = 24.700000,	train_time = 0.379242
TRAIN Iter 227: loss = 0.003184,	Top-1 err = 37.200000,	Top-5 err = 21.000000,	train_time = 0.384406
TRAIN Iter 228: loss = 0.003401,	Top-1 err = 40.200000,	Top-5 err = 23.400000,	train_time = 0.390220
TRAIN Iter 229: loss = 0.003263,	Top-1 err = 38.200000,	Top-5 err = 22.200000,	train_time = 0.387683
TRAIN Iter 230: loss = 0.003241,	Top-1 err = 41.900000,	Top-5 err = 27.400000,	train_time = 0.394903
TRAIN Iter 231: loss = 0.003366,	Top-1 err = 38.000000,	Top-5 err = 20.400000,	train_time = 0.410275
TRAIN Iter 232: loss = 0.003264,	Top-1 err = 43.000000,	Top-5 err = 28.000000,	train_time = 0.377512
TRAIN Iter 233: loss = 0.003175,	Top-1 err = 37.200000,	Top-5 err = 20.300000,	train_time = 0.414307
TRAIN Iter 234: loss = 0.003215,	Top-1 err = 51.400000,	Top-5 err = 30.700000,	train_time = 0.381901
TRAIN Iter 235: loss = 0.003358,	Top-1 err = 50.300000,	Top-5 err = 32.500000,	train_time = 0.408998
TRAIN Iter 236: loss = 0.003109,	Top-1 err = 34.200000,	Top-5 err = 18.300000,	train_time = 0.404721
TRAIN Iter 237: loss = 0.003213,	Top-1 err = 42.400000,	Top-5 err = 25.000000,	train_time = 0.349892
TRAIN Iter 238: loss = 0.003117,	Top-1 err = 37.300000,	Top-5 err = 19.200000,	train_time = 0.392529
TRAIN Iter 239: loss = 0.003047,	Top-1 err = 38.600000,	Top-5 err = 23.900000,	train_time = 0.405954
TRAIN Iter 240: loss = 0.003115,	Top-1 err = 38.500000,	Top-5 err = 22.800000,	train_time = 0.387555
TRAIN Iter 241: loss = 0.003127,	Top-1 err = 36.000000,	Top-5 err = 21.800000,	train_time = 0.416529
TRAIN Iter 242: loss = 0.003132,	Top-1 err = 41.300000,	Top-5 err = 22.700000,	train_time = 0.385813
TRAIN Iter 243: loss = 0.002997,	Top-1 err = 36.100000,	Top-5 err = 16.900000,	train_time = 0.397655
TRAIN Iter 244: loss = 0.003151,	Top-1 err = 43.900000,	Top-5 err = 26.600000,	train_time = 0.432395
TRAIN Iter 245: loss = 0.003131,	Top-1 err = 35.300000,	Top-5 err = 18.800000,	train_time = 0.388432
TRAIN Iter 246: loss = 0.003207,	Top-1 err = 39.800000,	Top-5 err = 23.200000,	train_time = 0.406012
TRAIN Iter 247: loss = 0.003131,	Top-1 err = 36.800000,	Top-5 err = 20.100000,	train_time = 0.352846
TRAIN Iter 248: loss = 0.003080,	Top-1 err = 40.900000,	Top-5 err = 23.800000,	train_time = 0.392278
TRAIN Iter 249: loss = 0.003071,	Top-1 err = 34.600000,	Top-5 err = 19.000000,	train_time = 0.357950
TEST:
Iter 249: loss = 2.049339,	Top-1 err = 51.300000,	Top-5 err = 22.770000,	val_time = 0.796333
TRAIN Iter 250: loss = 0.003188,	Top-1 err = 44.800000,	Top-5 err = 26.800000,	train_time = 0.370370
TRAIN Iter 251: loss = 0.003126,	Top-1 err = 39.700000,	Top-5 err = 22.300000,	train_time = 0.405077
TRAIN Iter 252: loss = 0.003135,	Top-1 err = 42.800000,	Top-5 err = 26.600000,	train_time = 0.382838
TRAIN Iter 253: loss = 0.003199,	Top-1 err = 36.200000,	Top-5 err = 20.700000,	train_time = 0.342371
TRAIN Iter 254: loss = 0.003027,	Top-1 err = 36.100000,	Top-5 err = 18.000000,	train_time = 0.385457
TRAIN Iter 255: loss = 0.003227,	Top-1 err = 48.000000,	Top-5 err = 31.100000,	train_time = 0.386816
TRAIN Iter 256: loss = 0.003081,	Top-1 err = 38.700000,	Top-5 err = 23.500000,	train_time = 0.392429
TRAIN Iter 257: loss = 0.003026,	Top-1 err = 39.300000,	Top-5 err = 20.900000,	train_time = 0.376601
TRAIN Iter 258: loss = 0.003171,	Top-1 err = 43.700000,	Top-5 err = 26.500000,	train_time = 0.398449
TRAIN Iter 259: loss = 0.003092,	Top-1 err = 38.500000,	Top-5 err = 22.500000,	train_time = 0.373403
TEST:
Iter 259: loss = 2.073231,	Top-1 err = 52.560000,	Top-5 err = 22.700000,	val_time = 0.745054
TRAIN Iter 260: loss = 0.003046,	Top-1 err = 34.200000,	Top-5 err = 20.000000,	train_time = 0.410389
TRAIN Iter 261: loss = 0.003248,	Top-1 err = 43.400000,	Top-5 err = 27.700000,	train_time = 0.392130
TRAIN Iter 262: loss = 0.003169,	Top-1 err = 46.300000,	Top-5 err = 28.500000,	train_time = 0.399526
TRAIN Iter 263: loss = 0.003082,	Top-1 err = 40.800000,	Top-5 err = 22.100000,	train_time = 0.373163
TRAIN Iter 264: loss = 0.003049,	Top-1 err = 42.500000,	Top-5 err = 22.400000,	train_time = 0.399657
TRAIN Iter 265: loss = 0.003010,	Top-1 err = 40.300000,	Top-5 err = 20.900000,	train_time = 0.397433
TRAIN Iter 266: loss = 0.003023,	Top-1 err = 39.500000,	Top-5 err = 23.100000,	train_time = 0.416301
TRAIN Iter 267: loss = 0.002883,	Top-1 err = 34.500000,	Top-5 err = 17.800000,	train_time = 0.402528
TRAIN Iter 268: loss = 0.003053,	Top-1 err = 35.700000,	Top-5 err = 22.200000,	train_time = 0.396681
TRAIN Iter 269: loss = 0.003090,	Top-1 err = 44.500000,	Top-5 err = 24.700000,	train_time = 0.392849
TEST:
Iter 269: loss = 2.046345,	Top-1 err = 51.630000,	Top-5 err = 22.200000,	val_time = 0.799722
TRAIN Iter 270: loss = 0.002948,	Top-1 err = 31.900000,	Top-5 err = 15.700000,	train_time = 0.379806
TRAIN Iter 271: loss = 0.003015,	Top-1 err = 45.200000,	Top-5 err = 27.100000,	train_time = 0.384200
TRAIN Iter 272: loss = 0.002926,	Top-1 err = 37.500000,	Top-5 err = 20.500000,	train_time = 0.375211
TRAIN Iter 273: loss = 0.002861,	Top-1 err = 39.800000,	Top-5 err = 23.300000,	train_time = 0.384085
TRAIN Iter 274: loss = 0.002845,	Top-1 err = 33.100000,	Top-5 err = 18.800000,	train_time = 0.333984
TRAIN Iter 275: loss = 0.003081,	Top-1 err = 42.100000,	Top-5 err = 24.800000,	train_time = 0.368418
TRAIN Iter 276: loss = 0.003055,	Top-1 err = 41.500000,	Top-5 err = 23.900000,	train_time = 0.406451
TRAIN Iter 277: loss = 0.002924,	Top-1 err = 41.800000,	Top-5 err = 25.900000,	train_time = 0.370968
TRAIN Iter 278: loss = 0.002927,	Top-1 err = 35.800000,	Top-5 err = 20.300000,	train_time = 0.389464
TRAIN Iter 279: loss = 0.002917,	Top-1 err = 36.600000,	Top-5 err = 21.400000,	train_time = 0.395396
TEST:
Iter 279: loss = 2.022204,	Top-1 err = 51.650000,	Top-5 err = 21.770000,	val_time = 0.743638
TRAIN Iter 280: loss = 0.002974,	Top-1 err = 41.800000,	Top-5 err = 25.100000,	train_time = 0.371078
TRAIN Iter 281: loss = 0.002954,	Top-1 err = 39.800000,	Top-5 err = 22.800000,	train_time = 0.405596
TRAIN Iter 282: loss = 0.003020,	Top-1 err = 45.100000,	Top-5 err = 27.900000,	train_time = 0.371931
TRAIN Iter 283: loss = 0.002972,	Top-1 err = 43.000000,	Top-5 err = 24.200000,	train_time = 0.394454
TRAIN Iter 284: loss = 0.002915,	Top-1 err = 38.600000,	Top-5 err = 23.100000,	train_time = 0.397735
TRAIN Iter 285: loss = 0.002957,	Top-1 err = 50.400000,	Top-5 err = 31.300000,	train_time = 0.386150
TRAIN Iter 286: loss = 0.003065,	Top-1 err = 49.400000,	Top-5 err = 31.000000,	train_time = 0.444539
TRAIN Iter 287: loss = 0.002841,	Top-1 err = 28.800000,	Top-5 err = 14.100000,	train_time = 0.409430
TRAIN Iter 288: loss = 0.002973,	Top-1 err = 42.400000,	Top-5 err = 22.400000,	train_time = 0.348083
TRAIN Iter 289: loss = 0.002968,	Top-1 err = 40.400000,	Top-5 err = 23.000000,	train_time = 0.417242
TEST:
Iter 289: loss = 2.007405,	Top-1 err = 51.210000,	Top-5 err = 21.770000,	val_time = 0.681350
TRAIN Iter 290: loss = 0.002950,	Top-1 err = 37.000000,	Top-5 err = 21.800000,	train_time = 0.390201
TRAIN Iter 291: loss = 0.003037,	Top-1 err = 43.100000,	Top-5 err = 24.600000,	train_time = 0.391841
TRAIN Iter 292: loss = 0.002952,	Top-1 err = 42.100000,	Top-5 err = 24.600000,	train_time = 0.401412
TRAIN Iter 293: loss = 0.002917,	Top-1 err = 36.700000,	Top-5 err = 20.600000,	train_time = 0.425434
TRAIN Iter 294: loss = 0.002881,	Top-1 err = 30.900000,	Top-5 err = 15.900000,	train_time = 0.384616
TRAIN Iter 295: loss = 0.002913,	Top-1 err = 42.300000,	Top-5 err = 26.000000,	train_time = 0.389746
TRAIN Iter 296: loss = 0.002949,	Top-1 err = 45.700000,	Top-5 err = 27.800000,	train_time = 0.376768
TRAIN Iter 297: loss = 0.002951,	Top-1 err = 41.600000,	Top-5 err = 28.300000,	train_time = 0.404618
TRAIN Iter 298: loss = 0.002847,	Top-1 err = 42.600000,	Top-5 err = 26.300000,	train_time = 0.401087
TRAIN Iter 299: loss = 0.002901,	Top-1 err = 36.400000,	Top-5 err = 18.400000,	train_time = 0.409289
TEST:
Iter 299: loss = 2.060961,	Top-1 err = 51.900000,	Top-5 err = 22.230000,	val_time = 0.789099
Train Finish! Best accuracy is 48.79@289
