/home/dvspanos/miniconda3/envs/rded/lib/python3.10/site-packages/torch/cuda/__init__.py:611: UserWarning: Can't initialize NVML
  warnings.warn("Can't initialize NVML")
=> using pytorch pre-trained teacher model 'conv3'
process data from /home/dvspanos/nikos/ca2d/artifacts/rded_sets/bench_cifar100_random_ipc100
load data successfully
TRAIN Iter 0: loss = 0.016231,	Top-1 err = 94.270000,	Top-5 err = 79.450000,	train_time = 3.363479
TRAIN Iter 1: loss = 0.012067,	Top-1 err = 88.890000,	Top-5 err = 67.570000,	train_time = 2.534580
TRAIN Iter 2: loss = 0.009941,	Top-1 err = 85.430000,	Top-5 err = 61.200000,	train_time = 2.390728
TRAIN Iter 3: loss = 0.008710,	Top-1 err = 82.270000,	Top-5 err = 58.080000,	train_time = 2.467614
TRAIN Iter 4: loss = 0.007952,	Top-1 err = 80.970000,	Top-5 err = 56.650000,	train_time = 2.606084
TRAIN Iter 5: loss = 0.007260,	Top-1 err = 78.060000,	Top-5 err = 51.920000,	train_time = 2.685333
TRAIN Iter 6: loss = 0.006684,	Top-1 err = 78.050000,	Top-5 err = 52.900000,	train_time = 2.506385
TRAIN Iter 7: loss = 0.006405,	Top-1 err = 77.390000,	Top-5 err = 51.640000,	train_time = 2.485538
TRAIN Iter 8: loss = 0.005993,	Top-1 err = 76.640000,	Top-5 err = 51.930000,	train_time = 2.426328
TRAIN Iter 9: loss = 0.005768,	Top-1 err = 74.590000,	Top-5 err = 48.660000,	train_time = 2.627627
TRAIN Iter 10: loss = 0.005598,	Top-1 err = 74.970000,	Top-5 err = 49.430000,	train_time = 2.573050
TRAIN Iter 11: loss = 0.005310,	Top-1 err = 74.090000,	Top-5 err = 49.730000,	train_time = 2.495158
TRAIN Iter 12: loss = 0.005252,	Top-1 err = 73.410000,	Top-5 err = 47.410000,	train_time = 2.667644
TRAIN Iter 13: loss = 0.005062,	Top-1 err = 73.450000,	Top-5 err = 48.120000,	train_time = 2.495927
TRAIN Iter 14: loss = 0.004955,	Top-1 err = 72.200000,	Top-5 err = 46.120000,	train_time = 2.557269
TRAIN Iter 15: loss = 0.004826,	Top-1 err = 71.840000,	Top-5 err = 45.970000,	train_time = 2.545724
TRAIN Iter 16: loss = 0.004685,	Top-1 err = 70.750000,	Top-5 err = 44.920000,	train_time = 2.525980
TRAIN Iter 17: loss = 0.004570,	Top-1 err = 73.370000,	Top-5 err = 48.230000,	train_time = 2.608068
TRAIN Iter 18: loss = 0.004496,	Top-1 err = 73.620000,	Top-5 err = 49.280000,	train_time = 2.569617
TRAIN Iter 19: loss = 0.004436,	Top-1 err = 71.820000,	Top-5 err = 45.440000,	train_time = 2.540650
TRAIN Iter 20: loss = 0.004348,	Top-1 err = 71.690000,	Top-5 err = 46.630000,	train_time = 2.465615
TRAIN Iter 21: loss = 0.004291,	Top-1 err = 70.500000,	Top-5 err = 44.140000,	train_time = 2.531656
TRAIN Iter 22: loss = 0.004152,	Top-1 err = 71.530000,	Top-5 err = 46.260000,	train_time = 2.475368
TRAIN Iter 23: loss = 0.004175,	Top-1 err = 71.630000,	Top-5 err = 46.600000,	train_time = 2.568038
TRAIN Iter 24: loss = 0.004037,	Top-1 err = 70.810000,	Top-5 err = 44.890000,	train_time = 2.428353
TRAIN Iter 25: loss = 0.004034,	Top-1 err = 71.740000,	Top-5 err = 46.330000,	train_time = 2.605633
TRAIN Iter 26: loss = 0.003985,	Top-1 err = 71.280000,	Top-5 err = 46.500000,	train_time = 2.556492
TRAIN Iter 27: loss = 0.003900,	Top-1 err = 69.450000,	Top-5 err = 44.410000,	train_time = 2.577561
TRAIN Iter 28: loss = 0.003825,	Top-1 err = 71.240000,	Top-5 err = 47.010000,	train_time = 2.611291
TRAIN Iter 29: loss = 0.003797,	Top-1 err = 70.500000,	Top-5 err = 45.310000,	train_time = 2.614199
TRAIN Iter 30: loss = 0.003771,	Top-1 err = 70.890000,	Top-5 err = 45.710000,	train_time = 2.539767
TRAIN Iter 31: loss = 0.003641,	Top-1 err = 70.600000,	Top-5 err = 45.450000,	train_time = 2.528710
TRAIN Iter 32: loss = 0.003678,	Top-1 err = 70.020000,	Top-5 err = 44.430000,	train_time = 2.529521
TRAIN Iter 33: loss = 0.003621,	Top-1 err = 71.010000,	Top-5 err = 46.520000,	train_time = 2.438560
TRAIN Iter 34: loss = 0.003592,	Top-1 err = 69.980000,	Top-5 err = 44.820000,	train_time = 2.559839
TRAIN Iter 35: loss = 0.003540,	Top-1 err = 69.600000,	Top-5 err = 44.860000,	train_time = 2.489983
TRAIN Iter 36: loss = 0.003425,	Top-1 err = 69.440000,	Top-5 err = 44.410000,	train_time = 2.500782
TRAIN Iter 37: loss = 0.003447,	Top-1 err = 70.380000,	Top-5 err = 44.710000,	train_time = 2.605482
TRAIN Iter 38: loss = 0.003387,	Top-1 err = 70.180000,	Top-5 err = 44.630000,	train_time = 2.575379
TRAIN Iter 39: loss = 0.003332,	Top-1 err = 70.140000,	Top-5 err = 44.670000,	train_time = 2.495882
TRAIN Iter 40: loss = 0.003307,	Top-1 err = 69.060000,	Top-5 err = 43.850000,	train_time = 2.442089
TRAIN Iter 41: loss = 0.003262,	Top-1 err = 70.280000,	Top-5 err = 44.920000,	train_time = 2.548579
TRAIN Iter 42: loss = 0.003250,	Top-1 err = 67.940000,	Top-5 err = 42.740000,	train_time = 2.568398
TRAIN Iter 43: loss = 0.003231,	Top-1 err = 69.810000,	Top-5 err = 44.670000,	train_time = 2.601826
TRAIN Iter 44: loss = 0.003197,	Top-1 err = 70.820000,	Top-5 err = 46.500000,	train_time = 2.496865
TRAIN Iter 45: loss = 0.003183,	Top-1 err = 69.070000,	Top-5 err = 43.870000,	train_time = 2.520983
TRAIN Iter 46: loss = 0.003094,	Top-1 err = 71.610000,	Top-5 err = 47.530000,	train_time = 2.622191
TRAIN Iter 47: loss = 0.003107,	Top-1 err = 69.020000,	Top-5 err = 44.030000,	train_time = 2.504986
TRAIN Iter 48: loss = 0.003002,	Top-1 err = 69.780000,	Top-5 err = 45.060000,	train_time = 2.434052
TRAIN Iter 49: loss = 0.003049,	Top-1 err = 69.920000,	Top-5 err = 44.910000,	train_time = 2.627089
TRAIN Iter 50: loss = 0.003028,	Top-1 err = 69.010000,	Top-5 err = 44.740000,	train_time = 2.543940
TRAIN Iter 51: loss = 0.002999,	Top-1 err = 69.290000,	Top-5 err = 43.450000,	train_time = 2.464329
TRAIN Iter 52: loss = 0.002946,	Top-1 err = 69.150000,	Top-5 err = 45.150000,	train_time = 2.544361
TRAIN Iter 53: loss = 0.002914,	Top-1 err = 67.980000,	Top-5 err = 43.410000,	train_time = 2.421334
TRAIN Iter 54: loss = 0.002908,	Top-1 err = 68.830000,	Top-5 err = 44.050000,	train_time = 2.579955
TRAIN Iter 55: loss = 0.002871,	Top-1 err = 68.900000,	Top-5 err = 43.740000,	train_time = 2.560634
TRAIN Iter 56: loss = 0.002833,	Top-1 err = 69.310000,	Top-5 err = 44.440000,	train_time = 2.583561
TRAIN Iter 57: loss = 0.002795,	Top-1 err = 68.240000,	Top-5 err = 43.710000,	train_time = 2.683841
TRAIN Iter 58: loss = 0.002799,	Top-1 err = 69.280000,	Top-5 err = 44.980000,	train_time = 2.596108
TRAIN Iter 59: loss = 0.002792,	Top-1 err = 68.070000,	Top-5 err = 43.520000,	train_time = 2.636143
TRAIN Iter 60: loss = 0.002750,	Top-1 err = 69.500000,	Top-5 err = 45.050000,	train_time = 2.628494
TRAIN Iter 61: loss = 0.002693,	Top-1 err = 68.980000,	Top-5 err = 44.210000,	train_time = 2.433394
TRAIN Iter 62: loss = 0.002657,	Top-1 err = 67.090000,	Top-5 err = 41.360000,	train_time = 2.559490
TRAIN Iter 63: loss = 0.002647,	Top-1 err = 66.440000,	Top-5 err = 41.340000,	train_time = 2.614132
TRAIN Iter 64: loss = 0.002639,	Top-1 err = 67.780000,	Top-5 err = 43.290000,	train_time = 2.312239
TRAIN Iter 65: loss = 0.002628,	Top-1 err = 66.180000,	Top-5 err = 41.550000,	train_time = 2.574104
TRAIN Iter 66: loss = 0.002638,	Top-1 err = 67.590000,	Top-5 err = 42.530000,	train_time = 2.456658
TRAIN Iter 67: loss = 0.002565,	Top-1 err = 68.180000,	Top-5 err = 43.540000,	train_time = 2.513753
TRAIN Iter 68: loss = 0.002573,	Top-1 err = 67.970000,	Top-5 err = 43.030000,	train_time = 2.540902
TRAIN Iter 69: loss = 0.002538,	Top-1 err = 67.520000,	Top-5 err = 43.090000,	train_time = 2.545532
TRAIN Iter 70: loss = 0.002508,	Top-1 err = 68.650000,	Top-5 err = 43.480000,	train_time = 2.539256
TRAIN Iter 71: loss = 0.002499,	Top-1 err = 67.360000,	Top-5 err = 42.840000,	train_time = 2.400165
TRAIN Iter 72: loss = 0.002476,	Top-1 err = 67.910000,	Top-5 err = 43.080000,	train_time = 2.552896
TRAIN Iter 73: loss = 0.002497,	Top-1 err = 68.120000,	Top-5 err = 42.990000,	train_time = 2.458158
TRAIN Iter 74: loss = 0.002433,	Top-1 err = 68.920000,	Top-5 err = 43.880000,	train_time = 2.666080
TRAIN Iter 75: loss = 0.002418,	Top-1 err = 67.470000,	Top-5 err = 43.200000,	train_time = 2.591483
TRAIN Iter 76: loss = 0.002386,	Top-1 err = 68.440000,	Top-5 err = 42.670000,	train_time = 2.558887
TRAIN Iter 77: loss = 0.002413,	Top-1 err = 68.190000,	Top-5 err = 43.220000,	train_time = 2.571669
TRAIN Iter 78: loss = 0.002349,	Top-1 err = 68.170000,	Top-5 err = 43.130000,	train_time = 2.539247
TRAIN Iter 79: loss = 0.002398,	Top-1 err = 66.770000,	Top-5 err = 41.920000,	train_time = 2.502614
TRAIN Iter 80: loss = 0.002344,	Top-1 err = 65.370000,	Top-5 err = 39.780000,	train_time = 2.615025
TRAIN Iter 81: loss = 0.002362,	Top-1 err = 67.410000,	Top-5 err = 42.250000,	train_time = 2.509089
TRAIN Iter 82: loss = 0.002274,	Top-1 err = 67.420000,	Top-5 err = 41.890000,	train_time = 2.557030
TRAIN Iter 83: loss = 0.002292,	Top-1 err = 66.640000,	Top-5 err = 41.880000,	train_time = 2.594711
TRAIN Iter 84: loss = 0.002298,	Top-1 err = 68.560000,	Top-5 err = 43.260000,	train_time = 2.481996
TRAIN Iter 85: loss = 0.002279,	Top-1 err = 68.010000,	Top-5 err = 43.170000,	train_time = 2.472581
TRAIN Iter 86: loss = 0.002327,	Top-1 err = 65.860000,	Top-5 err = 40.940000,	train_time = 2.493071
TRAIN Iter 87: loss = 0.002267,	Top-1 err = 68.340000,	Top-5 err = 43.760000,	train_time = 2.449225
TRAIN Iter 88: loss = 0.002297,	Top-1 err = 67.320000,	Top-5 err = 42.540000,	train_time = 2.656131
TRAIN Iter 89: loss = 0.002205,	Top-1 err = 68.630000,	Top-5 err = 43.700000,	train_time = 2.517338
TRAIN Iter 90: loss = 0.002180,	Top-1 err = 67.050000,	Top-5 err = 42.480000,	train_time = 2.547994
TRAIN Iter 91: loss = 0.002235,	Top-1 err = 68.320000,	Top-5 err = 43.990000,	train_time = 2.692037
TRAIN Iter 92: loss = 0.002196,	Top-1 err = 68.770000,	Top-5 err = 44.110000,	train_time = 2.713452
TRAIN Iter 93: loss = 0.002186,	Top-1 err = 68.200000,	Top-5 err = 43.900000,	train_time = 2.556265
TRAIN Iter 94: loss = 0.002200,	Top-1 err = 67.540000,	Top-5 err = 42.980000,	train_time = 2.409146
TRAIN Iter 95: loss = 0.002170,	Top-1 err = 67.700000,	Top-5 err = 42.730000,	train_time = 2.560053
TRAIN Iter 96: loss = 0.002160,	Top-1 err = 65.750000,	Top-5 err = 40.800000,	train_time = 2.468144
TRAIN Iter 97: loss = 0.002118,	Top-1 err = 68.740000,	Top-5 err = 44.310000,	train_time = 2.501547
TRAIN Iter 98: loss = 0.002151,	Top-1 err = 66.300000,	Top-5 err = 41.840000,	train_time = 2.565291
TRAIN Iter 99: loss = 0.002096,	Top-1 err = 68.550000,	Top-5 err = 44.320000,	train_time = 2.498625
TRAIN Iter 100: loss = 0.002118,	Top-1 err = 67.670000,	Top-5 err = 42.500000,	train_time = 2.571421
TRAIN Iter 101: loss = 0.002127,	Top-1 err = 66.740000,	Top-5 err = 42.050000,	train_time = 2.533999
TRAIN Iter 102: loss = 0.002093,	Top-1 err = 65.720000,	Top-5 err = 41.260000,	train_time = 2.568936
TRAIN Iter 103: loss = 0.002061,	Top-1 err = 66.890000,	Top-5 err = 42.140000,	train_time = 2.325645
TRAIN Iter 104: loss = 0.002064,	Top-1 err = 64.820000,	Top-5 err = 40.400000,	train_time = 2.524420
TRAIN Iter 105: loss = 0.002010,	Top-1 err = 68.910000,	Top-5 err = 44.790000,	train_time = 2.570169
TRAIN Iter 106: loss = 0.002094,	Top-1 err = 66.540000,	Top-5 err = 41.670000,	train_time = 2.577167
TRAIN Iter 107: loss = 0.002010,	Top-1 err = 65.820000,	Top-5 err = 40.570000,	train_time = 2.479401
TRAIN Iter 108: loss = 0.002016,	Top-1 err = 66.450000,	Top-5 err = 41.630000,	train_time = 2.461035
TRAIN Iter 109: loss = 0.002002,	Top-1 err = 66.180000,	Top-5 err = 41.620000,	train_time = 2.560878
TRAIN Iter 110: loss = 0.002033,	Top-1 err = 66.460000,	Top-5 err = 41.480000,	train_time = 2.576493
TRAIN Iter 111: loss = 0.002027,	Top-1 err = 67.120000,	Top-5 err = 42.480000,	train_time = 2.647521
TRAIN Iter 112: loss = 0.002007,	Top-1 err = 66.090000,	Top-5 err = 40.600000,	train_time = 2.580557
TRAIN Iter 113: loss = 0.002014,	Top-1 err = 66.690000,	Top-5 err = 41.140000,	train_time = 2.589917
TRAIN Iter 114: loss = 0.001983,	Top-1 err = 66.760000,	Top-5 err = 42.410000,	train_time = 2.555898
TRAIN Iter 115: loss = 0.001992,	Top-1 err = 68.070000,	Top-5 err = 44.130000,	train_time = 2.557273
TRAIN Iter 116: loss = 0.001977,	Top-1 err = 67.680000,	Top-5 err = 43.230000,	train_time = 2.585357
TRAIN Iter 117: loss = 0.001945,	Top-1 err = 67.140000,	Top-5 err = 41.930000,	train_time = 2.601747
TRAIN Iter 118: loss = 0.001919,	Top-1 err = 66.990000,	Top-5 err = 41.820000,	train_time = 2.440311
TRAIN Iter 119: loss = 0.001937,	Top-1 err = 68.400000,	Top-5 err = 43.320000,	train_time = 2.671071
TRAIN Iter 120: loss = 0.001972,	Top-1 err = 67.570000,	Top-5 err = 42.700000,	train_time = 2.584662
TRAIN Iter 121: loss = 0.001938,	Top-1 err = 67.000000,	Top-5 err = 42.190000,	train_time = 2.511450
TRAIN Iter 122: loss = 0.001961,	Top-1 err = 65.780000,	Top-5 err = 41.430000,	train_time = 2.523458
TRAIN Iter 123: loss = 0.001967,	Top-1 err = 67.210000,	Top-5 err = 43.150000,	train_time = 2.362883
TRAIN Iter 124: loss = 0.001913,	Top-1 err = 67.700000,	Top-5 err = 43.790000,	train_time = 2.608894
TRAIN Iter 125: loss = 0.001939,	Top-1 err = 67.340000,	Top-5 err = 42.400000,	train_time = 2.431207
TRAIN Iter 126: loss = 0.001905,	Top-1 err = 67.380000,	Top-5 err = 43.370000,	train_time = 2.515256
TRAIN Iter 127: loss = 0.001877,	Top-1 err = 67.770000,	Top-5 err = 44.050000,	train_time = 2.557935
TRAIN Iter 128: loss = 0.001930,	Top-1 err = 67.190000,	Top-5 err = 42.190000,	train_time = 2.612047
TRAIN Iter 129: loss = 0.001902,	Top-1 err = 66.150000,	Top-5 err = 41.690000,	train_time = 2.434841
TRAIN Iter 130: loss = 0.001867,	Top-1 err = 65.990000,	Top-5 err = 41.300000,	train_time = 2.709409
TRAIN Iter 131: loss = 0.001885,	Top-1 err = 67.310000,	Top-5 err = 42.480000,	train_time = 2.522361
TRAIN Iter 132: loss = 0.001881,	Top-1 err = 66.360000,	Top-5 err = 42.070000,	train_time = 2.530075
TRAIN Iter 133: loss = 0.001870,	Top-1 err = 67.350000,	Top-5 err = 43.180000,	train_time = 2.667051
TRAIN Iter 134: loss = 0.001866,	Top-1 err = 65.820000,	Top-5 err = 40.480000,	train_time = 2.436101
TRAIN Iter 135: loss = 0.001863,	Top-1 err = 65.120000,	Top-5 err = 39.840000,	train_time = 2.314532
TRAIN Iter 136: loss = 0.001859,	Top-1 err = 67.100000,	Top-5 err = 42.940000,	train_time = 2.527113
TRAIN Iter 137: loss = 0.001828,	Top-1 err = 67.120000,	Top-5 err = 41.620000,	train_time = 2.514156
TRAIN Iter 138: loss = 0.001860,	Top-1 err = 67.920000,	Top-5 err = 43.340000,	train_time = 2.540998
TRAIN Iter 139: loss = 0.001832,	Top-1 err = 67.430000,	Top-5 err = 43.860000,	train_time = 2.519951
TRAIN Iter 140: loss = 0.001806,	Top-1 err = 66.940000,	Top-5 err = 41.750000,	train_time = 2.574860
TRAIN Iter 141: loss = 0.001812,	Top-1 err = 65.720000,	Top-5 err = 41.880000,	train_time = 2.396485
TRAIN Iter 142: loss = 0.001817,	Top-1 err = 67.570000,	Top-5 err = 43.700000,	train_time = 2.630336
TRAIN Iter 143: loss = 0.001791,	Top-1 err = 67.390000,	Top-5 err = 42.640000,	train_time = 2.637379
TRAIN Iter 144: loss = 0.001812,	Top-1 err = 67.070000,	Top-5 err = 43.340000,	train_time = 2.566845
TRAIN Iter 145: loss = 0.001779,	Top-1 err = 65.830000,	Top-5 err = 40.580000,	train_time = 2.398946
TRAIN Iter 146: loss = 0.001762,	Top-1 err = 67.260000,	Top-5 err = 42.350000,	train_time = 2.556967
TRAIN Iter 147: loss = 0.001788,	Top-1 err = 67.910000,	Top-5 err = 44.320000,	train_time = 2.579545
TRAIN Iter 148: loss = 0.001787,	Top-1 err = 62.960000,	Top-5 err = 38.040000,	train_time = 2.499231
TRAIN Iter 149: loss = 0.001749,	Top-1 err = 64.530000,	Top-5 err = 39.170000,	train_time = 2.584707
TRAIN Iter 150: loss = 0.001755,	Top-1 err = 64.740000,	Top-5 err = 39.760000,	train_time = 2.605687
TRAIN Iter 151: loss = 0.001783,	Top-1 err = 65.770000,	Top-5 err = 40.960000,	train_time = 2.479156
TRAIN Iter 152: loss = 0.001774,	Top-1 err = 67.840000,	Top-5 err = 42.890000,	train_time = 2.564400
TRAIN Iter 153: loss = 0.001754,	Top-1 err = 68.490000,	Top-5 err = 44.210000,	train_time = 2.542136
TRAIN Iter 154: loss = 0.001724,	Top-1 err = 68.850000,	Top-5 err = 43.810000,	train_time = 2.548064
TRAIN Iter 155: loss = 0.001756,	Top-1 err = 67.800000,	Top-5 err = 43.060000,	train_time = 2.546304
TRAIN Iter 156: loss = 0.001736,	Top-1 err = 66.260000,	Top-5 err = 41.430000,	train_time = 2.585146
TRAIN Iter 157: loss = 0.001736,	Top-1 err = 67.090000,	Top-5 err = 41.720000,	train_time = 2.488398
TRAIN Iter 158: loss = 0.001732,	Top-1 err = 65.900000,	Top-5 err = 41.370000,	train_time = 2.702613
TRAIN Iter 159: loss = 0.001726,	Top-1 err = 66.330000,	Top-5 err = 42.150000,	train_time = 2.670305
TRAIN Iter 160: loss = 0.001709,	Top-1 err = 67.130000,	Top-5 err = 43.030000,	train_time = 2.555099
TRAIN Iter 161: loss = 0.001714,	Top-1 err = 66.980000,	Top-5 err = 42.720000,	train_time = 2.511935
TRAIN Iter 162: loss = 0.001704,	Top-1 err = 68.200000,	Top-5 err = 43.810000,	train_time = 2.545433
TRAIN Iter 163: loss = 0.001698,	Top-1 err = 65.760000,	Top-5 err = 41.000000,	train_time = 2.507158
TRAIN Iter 164: loss = 0.001695,	Top-1 err = 67.450000,	Top-5 err = 43.480000,	train_time = 2.496953
TRAIN Iter 165: loss = 0.001665,	Top-1 err = 67.460000,	Top-5 err = 43.730000,	train_time = 2.489588
TRAIN Iter 166: loss = 0.001745,	Top-1 err = 67.120000,	Top-5 err = 43.380000,	train_time = 2.479435
TRAIN Iter 167: loss = 0.001660,	Top-1 err = 67.600000,	Top-5 err = 42.940000,	train_time = 2.563121
TRAIN Iter 168: loss = 0.001682,	Top-1 err = 66.150000,	Top-5 err = 41.500000,	train_time = 2.477530
TRAIN Iter 169: loss = 0.001662,	Top-1 err = 64.690000,	Top-5 err = 40.250000,	train_time = 2.485181
TRAIN Iter 170: loss = 0.001673,	Top-1 err = 65.360000,	Top-5 err = 40.900000,	train_time = 2.569345
TRAIN Iter 171: loss = 0.001670,	Top-1 err = 66.220000,	Top-5 err = 42.860000,	train_time = 2.558615
TRAIN Iter 172: loss = 0.001622,	Top-1 err = 67.520000,	Top-5 err = 42.520000,	train_time = 2.473595
TRAIN Iter 173: loss = 0.001647,	Top-1 err = 65.280000,	Top-5 err = 40.630000,	train_time = 2.463215
TRAIN Iter 174: loss = 0.001663,	Top-1 err = 67.180000,	Top-5 err = 43.010000,	train_time = 2.467873
TRAIN Iter 175: loss = 0.001625,	Top-1 err = 65.500000,	Top-5 err = 40.810000,	train_time = 2.446131
TRAIN Iter 176: loss = 0.001645,	Top-1 err = 66.640000,	Top-5 err = 42.720000,	train_time = 2.466558
TRAIN Iter 177: loss = 0.001628,	Top-1 err = 67.550000,	Top-5 err = 42.860000,	train_time = 2.329144
TRAIN Iter 178: loss = 0.001652,	Top-1 err = 66.080000,	Top-5 err = 41.310000,	train_time = 2.516595
TRAIN Iter 179: loss = 0.001665,	Top-1 err = 66.180000,	Top-5 err = 41.780000,	train_time = 2.611273
TRAIN Iter 180: loss = 0.001626,	Top-1 err = 66.050000,	Top-5 err = 41.310000,	train_time = 2.595238
TRAIN Iter 181: loss = 0.001561,	Top-1 err = 65.940000,	Top-5 err = 41.750000,	train_time = 2.640354
TRAIN Iter 182: loss = 0.001611,	Top-1 err = 65.750000,	Top-5 err = 41.540000,	train_time = 2.623890
TRAIN Iter 183: loss = 0.001592,	Top-1 err = 66.050000,	Top-5 err = 41.470000,	train_time = 2.607179
TRAIN Iter 184: loss = 0.001628,	Top-1 err = 66.620000,	Top-5 err = 42.290000,	train_time = 2.476622
TRAIN Iter 185: loss = 0.001559,	Top-1 err = 66.210000,	Top-5 err = 41.310000,	train_time = 2.510334
TRAIN Iter 186: loss = 0.001556,	Top-1 err = 66.770000,	Top-5 err = 42.280000,	train_time = 2.385412
TRAIN Iter 187: loss = 0.001604,	Top-1 err = 66.550000,	Top-5 err = 42.370000,	train_time = 2.508111
TRAIN Iter 188: loss = 0.001587,	Top-1 err = 65.550000,	Top-5 err = 40.950000,	train_time = 2.537355
TRAIN Iter 189: loss = 0.001575,	Top-1 err = 66.210000,	Top-5 err = 42.390000,	train_time = 2.521693
TRAIN Iter 190: loss = 0.001564,	Top-1 err = 67.300000,	Top-5 err = 43.970000,	train_time = 2.480312
TRAIN Iter 191: loss = 0.001555,	Top-1 err = 65.840000,	Top-5 err = 40.540000,	train_time = 2.494713
TRAIN Iter 192: loss = 0.001552,	Top-1 err = 65.730000,	Top-5 err = 41.180000,	train_time = 2.607687
TRAIN Iter 193: loss = 0.001547,	Top-1 err = 66.470000,	Top-5 err = 41.470000,	train_time = 2.466413
TRAIN Iter 194: loss = 0.001522,	Top-1 err = 66.500000,	Top-5 err = 41.960000,	train_time = 2.580143
TRAIN Iter 195: loss = 0.001543,	Top-1 err = 67.670000,	Top-5 err = 44.020000,	train_time = 2.467790
TRAIN Iter 196: loss = 0.001531,	Top-1 err = 65.210000,	Top-5 err = 40.210000,	train_time = 2.470261
TRAIN Iter 197: loss = 0.001563,	Top-1 err = 67.720000,	Top-5 err = 43.340000,	train_time = 2.435605
TRAIN Iter 198: loss = 0.001545,	Top-1 err = 67.160000,	Top-5 err = 42.640000,	train_time = 2.510907
TRAIN Iter 199: loss = 0.001515,	Top-1 err = 66.470000,	Top-5 err = 41.080000,	train_time = 2.561110
TRAIN Iter 200: loss = 0.001545,	Top-1 err = 66.270000,	Top-5 err = 40.540000,	train_time = 2.600246
TRAIN Iter 201: loss = 0.001525,	Top-1 err = 67.300000,	Top-5 err = 43.000000,	train_time = 2.550024
TRAIN Iter 202: loss = 0.001483,	Top-1 err = 64.310000,	Top-5 err = 39.340000,	train_time = 2.349369
TRAIN Iter 203: loss = 0.001538,	Top-1 err = 65.490000,	Top-5 err = 41.370000,	train_time = 2.425414
TRAIN Iter 204: loss = 0.001486,	Top-1 err = 65.110000,	Top-5 err = 40.550000,	train_time = 2.515323
TRAIN Iter 205: loss = 0.001513,	Top-1 err = 63.990000,	Top-5 err = 38.480000,	train_time = 2.458054
TRAIN Iter 206: loss = 0.001510,	Top-1 err = 66.900000,	Top-5 err = 41.780000,	train_time = 2.501160
TRAIN Iter 207: loss = 0.001518,	Top-1 err = 66.650000,	Top-5 err = 42.170000,	train_time = 2.502052
TRAIN Iter 208: loss = 0.001522,	Top-1 err = 65.200000,	Top-5 err = 40.470000,	train_time = 2.477402
TRAIN Iter 209: loss = 0.001511,	Top-1 err = 67.020000,	Top-5 err = 42.220000,	train_time = 2.500022
TRAIN Iter 210: loss = 0.001493,	Top-1 err = 66.220000,	Top-5 err = 41.260000,	train_time = 2.610322
TRAIN Iter 211: loss = 0.001498,	Top-1 err = 65.180000,	Top-5 err = 40.320000,	train_time = 2.576236
TRAIN Iter 212: loss = 0.001488,	Top-1 err = 65.760000,	Top-5 err = 40.760000,	train_time = 2.545068
TRAIN Iter 213: loss = 0.001517,	Top-1 err = 65.980000,	Top-5 err = 42.100000,	train_time = 2.535393
TRAIN Iter 214: loss = 0.001493,	Top-1 err = 65.340000,	Top-5 err = 40.620000,	train_time = 2.527303
TRAIN Iter 215: loss = 0.001464,	Top-1 err = 66.220000,	Top-5 err = 41.620000,	train_time = 2.544020
TRAIN Iter 216: loss = 0.001497,	Top-1 err = 65.190000,	Top-5 err = 40.410000,	train_time = 2.533321
TRAIN Iter 217: loss = 0.001484,	Top-1 err = 66.680000,	Top-5 err = 41.460000,	train_time = 2.532068
TRAIN Iter 218: loss = 0.001478,	Top-1 err = 67.340000,	Top-5 err = 41.940000,	train_time = 2.538389
TRAIN Iter 219: loss = 0.001493,	Top-1 err = 65.100000,	Top-5 err = 40.100000,	train_time = 2.552495
TRAIN Iter 220: loss = 0.001479,	Top-1 err = 67.750000,	Top-5 err = 43.410000,	train_time = 2.505141
TRAIN Iter 221: loss = 0.001445,	Top-1 err = 64.730000,	Top-5 err = 40.390000,	train_time = 2.431066
TRAIN Iter 222: loss = 0.001493,	Top-1 err = 66.310000,	Top-5 err = 41.850000,	train_time = 2.600325
TRAIN Iter 223: loss = 0.001472,	Top-1 err = 67.750000,	Top-5 err = 43.140000,	train_time = 2.484914
TRAIN Iter 224: loss = 0.001487,	Top-1 err = 66.940000,	Top-5 err = 41.990000,	train_time = 2.514152
TRAIN Iter 225: loss = 0.001455,	Top-1 err = 66.460000,	Top-5 err = 42.140000,	train_time = 2.518458
TRAIN Iter 226: loss = 0.001435,	Top-1 err = 66.480000,	Top-5 err = 42.430000,	train_time = 2.607223
TRAIN Iter 227: loss = 0.001456,	Top-1 err = 64.530000,	Top-5 err = 39.780000,	train_time = 2.492791
TRAIN Iter 228: loss = 0.001413,	Top-1 err = 64.820000,	Top-5 err = 40.110000,	train_time = 2.619082
TRAIN Iter 229: loss = 0.001459,	Top-1 err = 63.920000,	Top-5 err = 39.500000,	train_time = 2.654544
TRAIN Iter 230: loss = 0.001440,	Top-1 err = 68.370000,	Top-5 err = 44.610000,	train_time = 2.562084
TRAIN Iter 231: loss = 0.001437,	Top-1 err = 66.430000,	Top-5 err = 41.050000,	train_time = 2.533520
TRAIN Iter 232: loss = 0.001437,	Top-1 err = 66.680000,	Top-5 err = 41.540000,	train_time = 2.475776
TRAIN Iter 233: loss = 0.001433,	Top-1 err = 65.290000,	Top-5 err = 40.390000,	train_time = 2.544883
TRAIN Iter 234: loss = 0.001430,	Top-1 err = 65.500000,	Top-5 err = 40.540000,	train_time = 2.533890
TRAIN Iter 235: loss = 0.001387,	Top-1 err = 64.660000,	Top-5 err = 39.470000,	train_time = 2.543453
TRAIN Iter 236: loss = 0.001446,	Top-1 err = 66.190000,	Top-5 err = 41.640000,	train_time = 2.512021
TRAIN Iter 237: loss = 0.001413,	Top-1 err = 64.010000,	Top-5 err = 39.060000,	train_time = 2.505332
TRAIN Iter 238: loss = 0.001424,	Top-1 err = 65.600000,	Top-5 err = 41.700000,	train_time = 2.634824
TRAIN Iter 239: loss = 0.001429,	Top-1 err = 66.800000,	Top-5 err = 42.200000,	train_time = 2.569215
TRAIN Iter 240: loss = 0.001397,	Top-1 err = 64.470000,	Top-5 err = 39.960000,	train_time = 2.650005
TRAIN Iter 241: loss = 0.001411,	Top-1 err = 66.350000,	Top-5 err = 41.960000,	train_time = 2.473819
TRAIN Iter 242: loss = 0.001437,	Top-1 err = 64.790000,	Top-5 err = 40.920000,	train_time = 2.544377
TRAIN Iter 243: loss = 0.001409,	Top-1 err = 63.380000,	Top-5 err = 38.670000,	train_time = 2.541692
TRAIN Iter 244: loss = 0.001409,	Top-1 err = 65.270000,	Top-5 err = 40.930000,	train_time = 2.609459
TRAIN Iter 245: loss = 0.001409,	Top-1 err = 67.510000,	Top-5 err = 43.120000,	train_time = 2.563678
TRAIN Iter 246: loss = 0.001423,	Top-1 err = 64.860000,	Top-5 err = 40.560000,	train_time = 2.664484
TRAIN Iter 247: loss = 0.001371,	Top-1 err = 65.040000,	Top-5 err = 40.110000,	train_time = 2.516245
TRAIN Iter 248: loss = 0.001384,	Top-1 err = 65.250000,	Top-5 err = 40.670000,	train_time = 2.442069
TRAIN Iter 249: loss = 0.001394,	Top-1 err = 66.150000,	Top-5 err = 40.660000,	train_time = 2.503533
TEST:
Iter 249: loss = 1.656432,	Top-1 err = 41.320000,	Top-5 err = 15.520000,	val_time = 0.828727
TRAIN Iter 250: loss = 0.001390,	Top-1 err = 66.200000,	Top-5 err = 41.540000,	train_time = 2.586314
TRAIN Iter 251: loss = 0.001406,	Top-1 err = 64.970000,	Top-5 err = 39.920000,	train_time = 2.620148
TRAIN Iter 252: loss = 0.001383,	Top-1 err = 65.420000,	Top-5 err = 41.090000,	train_time = 2.626961
TRAIN Iter 253: loss = 0.001363,	Top-1 err = 66.640000,	Top-5 err = 42.300000,	train_time = 2.502458
TRAIN Iter 254: loss = 0.001357,	Top-1 err = 64.750000,	Top-5 err = 40.470000,	train_time = 2.531043
TRAIN Iter 255: loss = 0.001380,	Top-1 err = 65.420000,	Top-5 err = 41.440000,	train_time = 2.383373
TRAIN Iter 256: loss = 0.001383,	Top-1 err = 66.760000,	Top-5 err = 42.800000,	train_time = 2.515042
TRAIN Iter 257: loss = 0.001371,	Top-1 err = 66.010000,	Top-5 err = 41.520000,	train_time = 2.533266
TRAIN Iter 258: loss = 0.001357,	Top-1 err = 65.190000,	Top-5 err = 40.730000,	train_time = 2.592877
TRAIN Iter 259: loss = 0.001357,	Top-1 err = 63.630000,	Top-5 err = 38.290000,	train_time = 2.626631
TEST:
Iter 259: loss = 1.668714,	Top-1 err = 41.810000,	Top-5 err = 15.510000,	val_time = 0.741546
TRAIN Iter 260: loss = 0.001411,	Top-1 err = 66.640000,	Top-5 err = 42.450000,	train_time = 2.468121
TRAIN Iter 261: loss = 0.001377,	Top-1 err = 66.250000,	Top-5 err = 41.790000,	train_time = 2.524060
TRAIN Iter 262: loss = 0.001360,	Top-1 err = 67.020000,	Top-5 err = 42.520000,	train_time = 2.545378
TRAIN Iter 263: loss = 0.001342,	Top-1 err = 65.930000,	Top-5 err = 40.910000,	train_time = 2.739203
TRAIN Iter 264: loss = 0.001331,	Top-1 err = 66.300000,	Top-5 err = 42.090000,	train_time = 2.693623
TRAIN Iter 265: loss = 0.001394,	Top-1 err = 66.360000,	Top-5 err = 42.420000,	train_time = 2.581727
TRAIN Iter 266: loss = 0.001366,	Top-1 err = 66.610000,	Top-5 err = 42.410000,	train_time = 2.545470
TRAIN Iter 267: loss = 0.001327,	Top-1 err = 65.390000,	Top-5 err = 41.090000,	train_time = 2.573479
TRAIN Iter 268: loss = 0.001384,	Top-1 err = 66.580000,	Top-5 err = 43.030000,	train_time = 2.507559
TRAIN Iter 269: loss = 0.001330,	Top-1 err = 66.160000,	Top-5 err = 41.840000,	train_time = 2.392829
TEST:
Iter 269: loss = 1.660957,	Top-1 err = 41.430000,	Top-5 err = 15.730000,	val_time = 0.745676
TRAIN Iter 270: loss = 0.001300,	Top-1 err = 65.480000,	Top-5 err = 40.140000,	train_time = 2.665967
TRAIN Iter 271: loss = 0.001327,	Top-1 err = 67.560000,	Top-5 err = 44.020000,	train_time = 2.464807
TRAIN Iter 272: loss = 0.001354,	Top-1 err = 66.480000,	Top-5 err = 42.760000,	train_time = 2.441496
TRAIN Iter 273: loss = 0.001317,	Top-1 err = 65.830000,	Top-5 err = 41.080000,	train_time = 2.574624
TRAIN Iter 274: loss = 0.001365,	Top-1 err = 67.330000,	Top-5 err = 42.980000,	train_time = 2.586501
TRAIN Iter 275: loss = 0.001356,	Top-1 err = 63.500000,	Top-5 err = 39.230000,	train_time = 2.539459
TRAIN Iter 276: loss = 0.001325,	Top-1 err = 64.340000,	Top-5 err = 40.110000,	train_time = 2.557098
TRAIN Iter 277: loss = 0.001299,	Top-1 err = 65.610000,	Top-5 err = 41.010000,	train_time = 2.546705
TRAIN Iter 278: loss = 0.001350,	Top-1 err = 65.210000,	Top-5 err = 40.990000,	train_time = 2.548715
TRAIN Iter 279: loss = 0.001319,	Top-1 err = 65.700000,	Top-5 err = 41.040000,	train_time = 2.483637
TEST:
Iter 279: loss = 1.632884,	Top-1 err = 40.960000,	Top-5 err = 15.650000,	val_time = 0.750206
TRAIN Iter 280: loss = 0.001299,	Top-1 err = 66.170000,	Top-5 err = 41.920000,	train_time = 2.474980
TRAIN Iter 281: loss = 0.001298,	Top-1 err = 64.770000,	Top-5 err = 40.130000,	train_time = 2.515277
TRAIN Iter 282: loss = 0.001311,	Top-1 err = 64.420000,	Top-5 err = 39.300000,	train_time = 2.521871
TRAIN Iter 283: loss = 0.001333,	Top-1 err = 65.900000,	Top-5 err = 41.850000,	train_time = 2.428734
TRAIN Iter 284: loss = 0.001314,	Top-1 err = 65.050000,	Top-5 err = 41.250000,	train_time = 2.686095
TRAIN Iter 285: loss = 0.001311,	Top-1 err = 64.620000,	Top-5 err = 40.090000,	train_time = 2.637497
TRAIN Iter 286: loss = 0.001294,	Top-1 err = 66.030000,	Top-5 err = 41.560000,	train_time = 2.480294
TRAIN Iter 287: loss = 0.001279,	Top-1 err = 65.710000,	Top-5 err = 41.720000,	train_time = 2.605337
TRAIN Iter 288: loss = 0.001302,	Top-1 err = 65.930000,	Top-5 err = 41.140000,	train_time = 2.590222
TRAIN Iter 289: loss = 0.001338,	Top-1 err = 66.880000,	Top-5 err = 42.260000,	train_time = 2.418979
TEST:
Iter 289: loss = 1.638761,	Top-1 err = 41.530000,	Top-5 err = 15.570000,	val_time = 0.771872
TRAIN Iter 290: loss = 0.001281,	Top-1 err = 65.210000,	Top-5 err = 40.890000,	train_time = 2.503763
TRAIN Iter 291: loss = 0.001279,	Top-1 err = 65.130000,	Top-5 err = 40.510000,	train_time = 2.538297
TRAIN Iter 292: loss = 0.001291,	Top-1 err = 65.720000,	Top-5 err = 41.390000,	train_time = 2.543397
TRAIN Iter 293: loss = 0.001283,	Top-1 err = 65.670000,	Top-5 err = 40.830000,	train_time = 2.475880
TRAIN Iter 294: loss = 0.001304,	Top-1 err = 66.130000,	Top-5 err = 41.760000,	train_time = 2.604868
TRAIN Iter 295: loss = 0.001259,	Top-1 err = 67.260000,	Top-5 err = 42.930000,	train_time = 2.455207
TRAIN Iter 296: loss = 0.001279,	Top-1 err = 64.730000,	Top-5 err = 39.990000,	train_time = 2.671947
TRAIN Iter 297: loss = 0.001272,	Top-1 err = 65.650000,	Top-5 err = 41.640000,	train_time = 2.598343
TRAIN Iter 298: loss = 0.001296,	Top-1 err = 64.710000,	Top-5 err = 39.850000,	train_time = 2.532259
TRAIN Iter 299: loss = 0.001257,	Top-1 err = 65.000000,	Top-5 err = 40.460000,	train_time = 2.514779
TEST:
Iter 299: loss = 1.655027,	Top-1 err = 41.600000,	Top-5 err = 15.630000,	val_time = 0.757894
Train Finish! Best accuracy is 59.04@279
