/home/dvspanos/miniconda3/envs/rded/lib/python3.10/site-packages/torchvision/models/_utils.py:208: UserWarning: The parameter 'pretrained' is deprecated since 0.13 and may be removed in the future, please use 'weights' instead.
  warnings.warn(
/home/dvspanos/miniconda3/envs/rded/lib/python3.10/site-packages/torchvision/models/_utils.py:223: UserWarning: Arguments other than a weight enum or `None` for 'weights' are deprecated since 0.13 and may be removed in the future. The current behavior is equivalent to passing `weights=None`.
  warnings.warn(msg)
=> using pytorch pre-trained teacher model 'resnet18_modified'
process data from /home/dvspanos/nikos/ca2d/artifacts/sets/bench_cifar100_rn18_ca2d_ipc50
load data successfully
TRAIN Iter 0: loss = 0.015782,	Top-1 err = 96.540000,	Top-5 err = 86.240000,	train_time = 10.736241
TRAIN Iter 1: loss = 0.012339,	Top-1 err = 94.800000,	Top-5 err = 81.040000,	train_time = 7.965303
TRAIN Iter 2: loss = 0.012377,	Top-1 err = 94.220000,	Top-5 err = 78.840000,	train_time = 7.970915
TRAIN Iter 3: loss = 0.012145,	Top-1 err = 91.980000,	Top-5 err = 74.440000,	train_time = 7.965115
TRAIN Iter 4: loss = 0.012620,	Top-1 err = 88.920000,	Top-5 err = 67.280000,	train_time = 7.978012
TRAIN Iter 5: loss = 0.011112,	Top-1 err = 85.960000,	Top-5 err = 63.900000,	train_time = 7.963354
TRAIN Iter 6: loss = 0.009880,	Top-1 err = 84.960000,	Top-5 err = 63.260000,	train_time = 7.971381
TRAIN Iter 7: loss = 0.010591,	Top-1 err = 83.320000,	Top-5 err = 59.900000,	train_time = 7.974812
TRAIN Iter 8: loss = 0.009410,	Top-1 err = 85.920000,	Top-5 err = 63.600000,	train_time = 7.979527
TRAIN Iter 9: loss = 0.008900,	Top-1 err = 82.520000,	Top-5 err = 57.860000,	train_time = 7.973134
TRAIN Iter 10: loss = 0.010244,	Top-1 err = 73.980000,	Top-5 err = 47.080000,	train_time = 7.969245
TRAIN Iter 11: loss = 0.009233,	Top-1 err = 77.320000,	Top-5 err = 51.160000,	train_time = 7.956633
TRAIN Iter 12: loss = 0.009159,	Top-1 err = 76.720000,	Top-5 err = 52.420000,	train_time = 7.959858
TRAIN Iter 13: loss = 0.008751,	Top-1 err = 71.600000,	Top-5 err = 44.520000,	train_time = 7.956105
TRAIN Iter 14: loss = 0.009063,	Top-1 err = 71.360000,	Top-5 err = 46.120000,	train_time = 7.968609
TRAIN Iter 15: loss = 0.009046,	Top-1 err = 62.180000,	Top-5 err = 33.920000,	train_time = 7.939704
TRAIN Iter 16: loss = 0.007793,	Top-1 err = 75.440000,	Top-5 err = 52.440000,	train_time = 7.966705
TRAIN Iter 17: loss = 0.007491,	Top-1 err = 72.480000,	Top-5 err = 47.980000,	train_time = 7.960300
TRAIN Iter 18: loss = 0.007712,	Top-1 err = 68.120000,	Top-5 err = 43.620000,	train_time = 7.968872
TRAIN Iter 19: loss = 0.007865,	Top-1 err = 61.200000,	Top-5 err = 35.840000,	train_time = 7.969799
TRAIN Iter 20: loss = 0.007176,	Top-1 err = 63.940000,	Top-5 err = 38.100000,	train_time = 7.972489
TRAIN Iter 21: loss = 0.007196,	Top-1 err = 56.960000,	Top-5 err = 30.860000,	train_time = 7.973980
TRAIN Iter 22: loss = 0.006522,	Top-1 err = 64.700000,	Top-5 err = 40.380000,	train_time = 7.963625
TRAIN Iter 23: loss = 0.006377,	Top-1 err = 67.460000,	Top-5 err = 42.700000,	train_time = 7.943816
TRAIN Iter 24: loss = 0.006693,	Top-1 err = 61.920000,	Top-5 err = 37.360000,	train_time = 7.944691
TRAIN Iter 25: loss = 0.006798,	Top-1 err = 57.660000,	Top-5 err = 32.980000,	train_time = 7.963696
TRAIN Iter 26: loss = 0.006037,	Top-1 err = 69.420000,	Top-5 err = 46.480000,	train_time = 7.975719
TRAIN Iter 27: loss = 0.006554,	Top-1 err = 48.740000,	Top-5 err = 25.020000,	train_time = 7.976373
TRAIN Iter 28: loss = 0.006110,	Top-1 err = 67.080000,	Top-5 err = 43.700000,	train_time = 7.987271
TRAIN Iter 29: loss = 0.006228,	Top-1 err = 58.320000,	Top-5 err = 36.000000,	train_time = 7.967903
TRAIN Iter 30: loss = 0.006256,	Top-1 err = 53.140000,	Top-5 err = 28.780000,	train_time = 7.960198
TRAIN Iter 31: loss = 0.006200,	Top-1 err = 58.020000,	Top-5 err = 35.720000,	train_time = 7.981204
TRAIN Iter 32: loss = 0.005745,	Top-1 err = 64.280000,	Top-5 err = 41.880000,	train_time = 7.972993
TRAIN Iter 33: loss = 0.006123,	Top-1 err = 43.760000,	Top-5 err = 20.340000,	train_time = 7.966274
TRAIN Iter 34: loss = 0.005701,	Top-1 err = 55.740000,	Top-5 err = 34.960000,	train_time = 7.966061
TRAIN Iter 35: loss = 0.005518,	Top-1 err = 56.100000,	Top-5 err = 33.160000,	train_time = 7.976796
TRAIN Iter 36: loss = 0.005564,	Top-1 err = 55.060000,	Top-5 err = 31.560000,	train_time = 7.969803
TRAIN Iter 37: loss = 0.005421,	Top-1 err = 55.800000,	Top-5 err = 35.020000,	train_time = 7.966746
TRAIN Iter 38: loss = 0.005484,	Top-1 err = 44.100000,	Top-5 err = 24.520000,	train_time = 7.968685
TRAIN Iter 39: loss = 0.005355,	Top-1 err = 53.260000,	Top-5 err = 32.960000,	train_time = 7.974437
TRAIN Iter 40: loss = 0.005316,	Top-1 err = 61.900000,	Top-5 err = 41.420000,	train_time = 7.978947
TRAIN Iter 41: loss = 0.005347,	Top-1 err = 58.680000,	Top-5 err = 38.800000,	train_time = 7.980964
TRAIN Iter 42: loss = 0.005141,	Top-1 err = 55.580000,	Top-5 err = 34.140000,	train_time = 7.969530
TRAIN Iter 43: loss = 0.005154,	Top-1 err = 39.520000,	Top-5 err = 19.400000,	train_time = 7.968072
TRAIN Iter 44: loss = 0.004971,	Top-1 err = 64.740000,	Top-5 err = 43.960000,	train_time = 7.974961
TRAIN Iter 45: loss = 0.004829,	Top-1 err = 57.300000,	Top-5 err = 36.240000,	train_time = 7.960875
TRAIN Iter 46: loss = 0.004865,	Top-1 err = 55.960000,	Top-5 err = 35.220000,	train_time = 7.945466
TRAIN Iter 47: loss = 0.004716,	Top-1 err = 59.440000,	Top-5 err = 37.940000,	train_time = 7.974715
TRAIN Iter 48: loss = 0.005024,	Top-1 err = 52.340000,	Top-5 err = 33.620000,	train_time = 7.979813
TRAIN Iter 49: loss = 0.004677,	Top-1 err = 47.100000,	Top-5 err = 27.620000,	train_time = 7.980994
TRAIN Iter 50: loss = 0.004898,	Top-1 err = 32.940000,	Top-5 err = 15.100000,	train_time = 7.975370
TRAIN Iter 51: loss = 0.004758,	Top-1 err = 51.560000,	Top-5 err = 30.860000,	train_time = 7.955014
TRAIN Iter 52: loss = 0.004673,	Top-1 err = 44.660000,	Top-5 err = 25.540000,	train_time = 7.971585
TRAIN Iter 53: loss = 0.004608,	Top-1 err = 54.480000,	Top-5 err = 33.980000,	train_time = 7.956186
TRAIN Iter 54: loss = 0.004714,	Top-1 err = 47.640000,	Top-5 err = 28.940000,	train_time = 7.978068
TRAIN Iter 55: loss = 0.004468,	Top-1 err = 56.980000,	Top-5 err = 38.120000,	train_time = 7.968712
TRAIN Iter 56: loss = 0.004627,	Top-1 err = 50.820000,	Top-5 err = 31.520000,	train_time = 7.974750
TRAIN Iter 57: loss = 0.004379,	Top-1 err = 50.400000,	Top-5 err = 30.740000,	train_time = 7.962021
TRAIN Iter 58: loss = 0.004224,	Top-1 err = 39.880000,	Top-5 err = 20.120000,	train_time = 7.982655
TRAIN Iter 59: loss = 0.004658,	Top-1 err = 45.100000,	Top-5 err = 26.860000,	train_time = 7.976928
TRAIN Iter 60: loss = 0.004251,	Top-1 err = 50.900000,	Top-5 err = 29.860000,	train_time = 7.961657
TRAIN Iter 61: loss = 0.004322,	Top-1 err = 55.980000,	Top-5 err = 35.360000,	train_time = 7.963708
TRAIN Iter 62: loss = 0.004069,	Top-1 err = 54.180000,	Top-5 err = 33.780000,	train_time = 7.948498
TRAIN Iter 63: loss = 0.004221,	Top-1 err = 58.340000,	Top-5 err = 40.820000,	train_time = 7.957256
TRAIN Iter 64: loss = 0.004082,	Top-1 err = 58.640000,	Top-5 err = 36.740000,	train_time = 7.975852
TRAIN Iter 65: loss = 0.004035,	Top-1 err = 63.060000,	Top-5 err = 43.660000,	train_time = 7.965582
TRAIN Iter 66: loss = 0.004066,	Top-1 err = 57.100000,	Top-5 err = 35.560000,	train_time = 7.982235
TRAIN Iter 67: loss = 0.003987,	Top-1 err = 54.480000,	Top-5 err = 36.080000,	train_time = 7.971205
TRAIN Iter 68: loss = 0.003958,	Top-1 err = 43.240000,	Top-5 err = 25.200000,	train_time = 7.953158
TRAIN Iter 69: loss = 0.004015,	Top-1 err = 48.900000,	Top-5 err = 30.900000,	train_time = 7.977751
TRAIN Iter 70: loss = 0.004084,	Top-1 err = 58.460000,	Top-5 err = 39.180000,	train_time = 7.963007
TRAIN Iter 71: loss = 0.003993,	Top-1 err = 53.820000,	Top-5 err = 32.920000,	train_time = 7.953088
TRAIN Iter 72: loss = 0.003814,	Top-1 err = 56.580000,	Top-5 err = 36.120000,	train_time = 7.960989
TRAIN Iter 73: loss = 0.003837,	Top-1 err = 51.440000,	Top-5 err = 34.160000,	train_time = 7.962832
TRAIN Iter 74: loss = 0.003870,	Top-1 err = 50.600000,	Top-5 err = 30.780000,	train_time = 7.974336
TRAIN Iter 75: loss = 0.003824,	Top-1 err = 34.600000,	Top-5 err = 17.680000,	train_time = 7.952634
TRAIN Iter 76: loss = 0.003839,	Top-1 err = 43.820000,	Top-5 err = 26.520000,	train_time = 7.979245
TRAIN Iter 77: loss = 0.003770,	Top-1 err = 52.220000,	Top-5 err = 34.180000,	train_time = 7.975298
TRAIN Iter 78: loss = 0.003818,	Top-1 err = 39.400000,	Top-5 err = 22.040000,	train_time = 7.948533
TRAIN Iter 79: loss = 0.003766,	Top-1 err = 46.260000,	Top-5 err = 27.140000,	train_time = 7.973913
TRAIN Iter 80: loss = 0.003633,	Top-1 err = 61.280000,	Top-5 err = 40.840000,	train_time = 7.964055
TRAIN Iter 81: loss = 0.003770,	Top-1 err = 48.540000,	Top-5 err = 31.580000,	train_time = 7.974278
TRAIN Iter 82: loss = 0.003810,	Top-1 err = 41.060000,	Top-5 err = 23.080000,	train_time = 7.969852
TRAIN Iter 83: loss = 0.003672,	Top-1 err = 51.420000,	Top-5 err = 31.800000,	train_time = 7.971777
TRAIN Iter 84: loss = 0.003697,	Top-1 err = 41.620000,	Top-5 err = 23.880000,	train_time = 7.958740
TRAIN Iter 85: loss = 0.003560,	Top-1 err = 52.840000,	Top-5 err = 34.940000,	train_time = 7.966950
TRAIN Iter 86: loss = 0.003498,	Top-1 err = 40.500000,	Top-5 err = 21.960000,	train_time = 7.950201
TRAIN Iter 87: loss = 0.003546,	Top-1 err = 53.420000,	Top-5 err = 35.060000,	train_time = 7.969708
TRAIN Iter 88: loss = 0.003525,	Top-1 err = 43.580000,	Top-5 err = 23.360000,	train_time = 7.968698
TRAIN Iter 89: loss = 0.003486,	Top-1 err = 47.800000,	Top-5 err = 32.640000,	train_time = 7.961251
TRAIN Iter 90: loss = 0.003610,	Top-1 err = 29.220000,	Top-5 err = 12.920000,	train_time = 7.953381
TRAIN Iter 91: loss = 0.003556,	Top-1 err = 38.180000,	Top-5 err = 20.500000,	train_time = 7.963153
TRAIN Iter 92: loss = 0.003466,	Top-1 err = 56.160000,	Top-5 err = 36.340000,	train_time = 7.968996
TRAIN Iter 93: loss = 0.003448,	Top-1 err = 44.240000,	Top-5 err = 26.460000,	train_time = 7.956064
TRAIN Iter 94: loss = 0.003379,	Top-1 err = 45.120000,	Top-5 err = 26.600000,	train_time = 7.960939
TRAIN Iter 95: loss = 0.003420,	Top-1 err = 40.800000,	Top-5 err = 21.800000,	train_time = 7.968685
TRAIN Iter 96: loss = 0.003384,	Top-1 err = 47.500000,	Top-5 err = 28.160000,	train_time = 7.987035
TRAIN Iter 97: loss = 0.003433,	Top-1 err = 61.340000,	Top-5 err = 40.740000,	train_time = 7.961206
TRAIN Iter 98: loss = 0.003431,	Top-1 err = 53.360000,	Top-5 err = 34.660000,	train_time = 7.957980
TRAIN Iter 99: loss = 0.003420,	Top-1 err = 42.220000,	Top-5 err = 23.340000,	train_time = 7.973740
TRAIN Iter 100: loss = 0.003458,	Top-1 err = 49.620000,	Top-5 err = 33.580000,	train_time = 7.976783
TRAIN Iter 101: loss = 0.003336,	Top-1 err = 48.800000,	Top-5 err = 29.280000,	train_time = 7.955765
TRAIN Iter 102: loss = 0.003395,	Top-1 err = 48.840000,	Top-5 err = 30.700000,	train_time = 7.969740
TRAIN Iter 103: loss = 0.003334,	Top-1 err = 50.060000,	Top-5 err = 30.680000,	train_time = 7.962883
TRAIN Iter 104: loss = 0.003386,	Top-1 err = 60.420000,	Top-5 err = 38.520000,	train_time = 7.987634
TRAIN Iter 105: loss = 0.003257,	Top-1 err = 45.880000,	Top-5 err = 29.480000,	train_time = 7.963242
TRAIN Iter 106: loss = 0.003557,	Top-1 err = 39.820000,	Top-5 err = 24.040000,	train_time = 7.970247
TRAIN Iter 107: loss = 0.003360,	Top-1 err = 63.740000,	Top-5 err = 42.240000,	train_time = 7.949067
TRAIN Iter 108: loss = 0.003250,	Top-1 err = 35.920000,	Top-5 err = 19.260000,	train_time = 7.974906
TRAIN Iter 109: loss = 0.003117,	Top-1 err = 45.440000,	Top-5 err = 28.740000,	train_time = 7.972472
TRAIN Iter 110: loss = 0.003283,	Top-1 err = 58.760000,	Top-5 err = 39.120000,	train_time = 7.975531
TRAIN Iter 111: loss = 0.003310,	Top-1 err = 43.160000,	Top-5 err = 25.320000,	train_time = 7.966705
TRAIN Iter 112: loss = 0.003252,	Top-1 err = 53.060000,	Top-5 err = 32.680000,	train_time = 7.972128
TRAIN Iter 113: loss = 0.003159,	Top-1 err = 34.140000,	Top-5 err = 19.980000,	train_time = 7.973519
TRAIN Iter 114: loss = 0.003263,	Top-1 err = 43.000000,	Top-5 err = 25.960000,	train_time = 7.977365
TRAIN Iter 115: loss = 0.003228,	Top-1 err = 45.320000,	Top-5 err = 30.440000,	train_time = 7.973361
TRAIN Iter 116: loss = 0.003102,	Top-1 err = 47.360000,	Top-5 err = 28.060000,	train_time = 7.976195
TRAIN Iter 117: loss = 0.003108,	Top-1 err = 52.380000,	Top-5 err = 34.080000,	train_time = 7.976352
TRAIN Iter 118: loss = 0.003076,	Top-1 err = 44.160000,	Top-5 err = 27.240000,	train_time = 7.957950
TRAIN Iter 119: loss = 0.003256,	Top-1 err = 56.140000,	Top-5 err = 36.300000,	train_time = 7.966100
TRAIN Iter 120: loss = 0.003101,	Top-1 err = 52.680000,	Top-5 err = 34.160000,	train_time = 7.950958
TRAIN Iter 121: loss = 0.003048,	Top-1 err = 48.140000,	Top-5 err = 30.600000,	train_time = 7.953460
TRAIN Iter 122: loss = 0.002966,	Top-1 err = 36.420000,	Top-5 err = 20.940000,	train_time = 7.947005
TRAIN Iter 123: loss = 0.003024,	Top-1 err = 47.140000,	Top-5 err = 30.960000,	train_time = 7.979451
TRAIN Iter 124: loss = 0.003047,	Top-1 err = 41.380000,	Top-5 err = 22.940000,	train_time = 7.967817
TRAIN Iter 125: loss = 0.003056,	Top-1 err = 51.200000,	Top-5 err = 34.080000,	train_time = 7.971674
TRAIN Iter 126: loss = 0.003116,	Top-1 err = 43.060000,	Top-5 err = 26.660000,	train_time = 7.961920
TRAIN Iter 127: loss = 0.003068,	Top-1 err = 46.080000,	Top-5 err = 30.240000,	train_time = 7.970708
TRAIN Iter 128: loss = 0.003114,	Top-1 err = 57.840000,	Top-5 err = 38.220000,	train_time = 7.965403
TRAIN Iter 129: loss = 0.003162,	Top-1 err = 60.160000,	Top-5 err = 40.140000,	train_time = 7.994360
TRAIN Iter 130: loss = 0.003030,	Top-1 err = 46.080000,	Top-5 err = 26.840000,	train_time = 7.966835
TRAIN Iter 131: loss = 0.002996,	Top-1 err = 52.660000,	Top-5 err = 31.400000,	train_time = 7.978669
TRAIN Iter 132: loss = 0.003089,	Top-1 err = 49.780000,	Top-5 err = 29.180000,	train_time = 7.965343
TRAIN Iter 133: loss = 0.003025,	Top-1 err = 58.800000,	Top-5 err = 41.920000,	train_time = 7.952383
TRAIN Iter 134: loss = 0.003019,	Top-1 err = 56.360000,	Top-5 err = 35.740000,	train_time = 7.970835
TRAIN Iter 135: loss = 0.002904,	Top-1 err = 40.680000,	Top-5 err = 22.780000,	train_time = 7.963843
TRAIN Iter 136: loss = 0.002991,	Top-1 err = 43.940000,	Top-5 err = 25.440000,	train_time = 7.971845
TRAIN Iter 137: loss = 0.003009,	Top-1 err = 55.560000,	Top-5 err = 38.540000,	train_time = 7.986941
TRAIN Iter 138: loss = 0.002931,	Top-1 err = 55.640000,	Top-5 err = 37.520000,	train_time = 7.963531
TRAIN Iter 139: loss = 0.002908,	Top-1 err = 60.360000,	Top-5 err = 41.260000,	train_time = 7.959382
TRAIN Iter 140: loss = 0.002990,	Top-1 err = 50.000000,	Top-5 err = 29.840000,	train_time = 7.981704
TRAIN Iter 141: loss = 0.002980,	Top-1 err = 38.300000,	Top-5 err = 22.560000,	train_time = 7.982034
TRAIN Iter 142: loss = 0.002894,	Top-1 err = 43.320000,	Top-5 err = 25.300000,	train_time = 7.970654
TRAIN Iter 143: loss = 0.002903,	Top-1 err = 46.480000,	Top-5 err = 30.500000,	train_time = 7.963532
TRAIN Iter 144: loss = 0.002827,	Top-1 err = 44.200000,	Top-5 err = 26.020000,	train_time = 7.970302
TRAIN Iter 145: loss = 0.002930,	Top-1 err = 47.880000,	Top-5 err = 28.980000,	train_time = 7.969152
TRAIN Iter 146: loss = 0.002938,	Top-1 err = 46.540000,	Top-5 err = 27.280000,	train_time = 7.977023
TRAIN Iter 147: loss = 0.002856,	Top-1 err = 50.320000,	Top-5 err = 31.080000,	train_time = 7.967582
TRAIN Iter 148: loss = 0.002795,	Top-1 err = 46.860000,	Top-5 err = 30.620000,	train_time = 7.972517
TRAIN Iter 149: loss = 0.002932,	Top-1 err = 52.320000,	Top-5 err = 34.520000,	train_time = 7.966264
TRAIN Iter 150: loss = 0.002949,	Top-1 err = 56.480000,	Top-5 err = 37.280000,	train_time = 7.955017
TRAIN Iter 151: loss = 0.002809,	Top-1 err = 43.920000,	Top-5 err = 26.600000,	train_time = 7.979658
TRAIN Iter 152: loss = 0.002872,	Top-1 err = 55.440000,	Top-5 err = 36.520000,	train_time = 7.973523
TRAIN Iter 153: loss = 0.002807,	Top-1 err = 46.940000,	Top-5 err = 28.860000,	train_time = 7.949296
TRAIN Iter 154: loss = 0.003013,	Top-1 err = 45.340000,	Top-5 err = 28.640000,	train_time = 7.968197
TRAIN Iter 155: loss = 0.002864,	Top-1 err = 49.660000,	Top-5 err = 29.160000,	train_time = 7.962718
TRAIN Iter 156: loss = 0.002835,	Top-1 err = 52.220000,	Top-5 err = 32.960000,	train_time = 7.986149
TRAIN Iter 157: loss = 0.002782,	Top-1 err = 45.500000,	Top-5 err = 27.360000,	train_time = 7.985713
TRAIN Iter 158: loss = 0.002792,	Top-1 err = 43.980000,	Top-5 err = 28.520000,	train_time = 7.969378
TRAIN Iter 159: loss = 0.002786,	Top-1 err = 54.660000,	Top-5 err = 36.500000,	train_time = 7.975608
TRAIN Iter 160: loss = 0.002809,	Top-1 err = 44.900000,	Top-5 err = 24.860000,	train_time = 7.982913
TRAIN Iter 161: loss = 0.002874,	Top-1 err = 44.040000,	Top-5 err = 25.460000,	train_time = 7.972259
TRAIN Iter 162: loss = 0.002790,	Top-1 err = 46.760000,	Top-5 err = 30.720000,	train_time = 7.982219
TRAIN Iter 163: loss = 0.002792,	Top-1 err = 53.740000,	Top-5 err = 38.060000,	train_time = 7.976892
TRAIN Iter 164: loss = 0.002745,	Top-1 err = 46.860000,	Top-5 err = 28.080000,	train_time = 7.973571
TRAIN Iter 165: loss = 0.002720,	Top-1 err = 48.620000,	Top-5 err = 29.680000,	train_time = 7.978857
TRAIN Iter 166: loss = 0.002790,	Top-1 err = 48.300000,	Top-5 err = 29.100000,	train_time = 7.964288
TRAIN Iter 167: loss = 0.002789,	Top-1 err = 42.720000,	Top-5 err = 27.300000,	train_time = 7.980272
TRAIN Iter 168: loss = 0.002768,	Top-1 err = 43.500000,	Top-5 err = 26.540000,	train_time = 7.966295
TRAIN Iter 169: loss = 0.002707,	Top-1 err = 44.100000,	Top-5 err = 27.100000,	train_time = 7.962213
TRAIN Iter 170: loss = 0.002664,	Top-1 err = 38.460000,	Top-5 err = 21.160000,	train_time = 7.963161
TRAIN Iter 171: loss = 0.002698,	Top-1 err = 37.000000,	Top-5 err = 20.200000,	train_time = 7.964174
TRAIN Iter 172: loss = 0.002698,	Top-1 err = 54.060000,	Top-5 err = 35.420000,	train_time = 7.949620
TRAIN Iter 173: loss = 0.002823,	Top-1 err = 42.020000,	Top-5 err = 26.460000,	train_time = 7.971591
TRAIN Iter 174: loss = 0.002816,	Top-1 err = 52.440000,	Top-5 err = 32.180000,	train_time = 7.976750
TRAIN Iter 175: loss = 0.002751,	Top-1 err = 47.920000,	Top-5 err = 31.140000,	train_time = 7.968234
TRAIN Iter 176: loss = 0.002724,	Top-1 err = 42.660000,	Top-5 err = 27.060000,	train_time = 7.951697
TRAIN Iter 177: loss = 0.002714,	Top-1 err = 50.720000,	Top-5 err = 31.340000,	train_time = 7.960737
TRAIN Iter 178: loss = 0.002662,	Top-1 err = 45.880000,	Top-5 err = 27.360000,	train_time = 7.973355
TRAIN Iter 179: loss = 0.002765,	Top-1 err = 41.720000,	Top-5 err = 25.020000,	train_time = 7.960755
TRAIN Iter 180: loss = 0.002743,	Top-1 err = 41.340000,	Top-5 err = 26.500000,	train_time = 7.952247
TRAIN Iter 181: loss = 0.002657,	Top-1 err = 44.460000,	Top-5 err = 26.400000,	train_time = 8.001780
TRAIN Iter 182: loss = 0.002701,	Top-1 err = 42.780000,	Top-5 err = 26.600000,	train_time = 7.960245
TRAIN Iter 183: loss = 0.002682,	Top-1 err = 41.000000,	Top-5 err = 25.040000,	train_time = 7.971867
TRAIN Iter 184: loss = 0.002744,	Top-1 err = 62.260000,	Top-5 err = 42.620000,	train_time = 7.987041
TRAIN Iter 185: loss = 0.002604,	Top-1 err = 41.840000,	Top-5 err = 27.020000,	train_time = 7.960052
TRAIN Iter 186: loss = 0.002687,	Top-1 err = 57.680000,	Top-5 err = 39.620000,	train_time = 7.986820
TRAIN Iter 187: loss = 0.002707,	Top-1 err = 52.700000,	Top-5 err = 31.980000,	train_time = 7.989331
TRAIN Iter 188: loss = 0.002644,	Top-1 err = 51.940000,	Top-5 err = 35.340000,	train_time = 7.962250
TRAIN Iter 189: loss = 0.002630,	Top-1 err = 46.640000,	Top-5 err = 28.020000,	train_time = 7.960571
TRAIN Iter 190: loss = 0.002637,	Top-1 err = 52.960000,	Top-5 err = 35.260000,	train_time = 7.965739
TRAIN Iter 191: loss = 0.002659,	Top-1 err = 56.460000,	Top-5 err = 37.220000,	train_time = 7.958218
TRAIN Iter 192: loss = 0.002637,	Top-1 err = 49.720000,	Top-5 err = 33.380000,	train_time = 7.988909
TRAIN Iter 193: loss = 0.002615,	Top-1 err = 52.980000,	Top-5 err = 36.220000,	train_time = 7.969241
TRAIN Iter 194: loss = 0.002582,	Top-1 err = 46.560000,	Top-5 err = 28.740000,	train_time = 7.979526
TRAIN Iter 195: loss = 0.002642,	Top-1 err = 44.940000,	Top-5 err = 29.620000,	train_time = 7.965709
TRAIN Iter 196: loss = 0.002613,	Top-1 err = 59.560000,	Top-5 err = 40.600000,	train_time = 7.949807
TRAIN Iter 197: loss = 0.002580,	Top-1 err = 49.260000,	Top-5 err = 31.940000,	train_time = 7.970557
TRAIN Iter 198: loss = 0.002551,	Top-1 err = 43.600000,	Top-5 err = 27.220000,	train_time = 7.951367
TRAIN Iter 199: loss = 0.002520,	Top-1 err = 48.700000,	Top-5 err = 29.100000,	train_time = 7.974270
TRAIN Iter 200: loss = 0.002635,	Top-1 err = 64.520000,	Top-5 err = 44.540000,	train_time = 7.965566
TRAIN Iter 201: loss = 0.002537,	Top-1 err = 49.660000,	Top-5 err = 29.220000,	train_time = 7.952558
TRAIN Iter 202: loss = 0.002534,	Top-1 err = 55.140000,	Top-5 err = 36.620000,	train_time = 7.990569
TRAIN Iter 203: loss = 0.002513,	Top-1 err = 45.140000,	Top-5 err = 28.640000,	train_time = 7.975833
TRAIN Iter 204: loss = 0.002565,	Top-1 err = 54.140000,	Top-5 err = 35.160000,	train_time = 7.954305
TRAIN Iter 205: loss = 0.002488,	Top-1 err = 38.900000,	Top-5 err = 20.260000,	train_time = 7.964590
TRAIN Iter 206: loss = 0.002451,	Top-1 err = 34.340000,	Top-5 err = 17.660000,	train_time = 7.972425
TRAIN Iter 207: loss = 0.002506,	Top-1 err = 37.340000,	Top-5 err = 21.460000,	train_time = 7.964265
TRAIN Iter 208: loss = 0.002564,	Top-1 err = 51.140000,	Top-5 err = 31.360000,	train_time = 7.971202
TRAIN Iter 209: loss = 0.002547,	Top-1 err = 39.780000,	Top-5 err = 22.800000,	train_time = 7.973577
TRAIN Iter 210: loss = 0.002508,	Top-1 err = 48.000000,	Top-5 err = 31.100000,	train_time = 7.972648
TRAIN Iter 211: loss = 0.002552,	Top-1 err = 53.540000,	Top-5 err = 33.560000,	train_time = 7.958601
TRAIN Iter 212: loss = 0.002509,	Top-1 err = 44.520000,	Top-5 err = 27.160000,	train_time = 7.988857
TRAIN Iter 213: loss = 0.002538,	Top-1 err = 53.620000,	Top-5 err = 37.000000,	train_time = 7.969958
TRAIN Iter 214: loss = 0.002450,	Top-1 err = 44.760000,	Top-5 err = 27.400000,	train_time = 7.973915
TRAIN Iter 215: loss = 0.002447,	Top-1 err = 42.920000,	Top-5 err = 26.680000,	train_time = 7.973398
TRAIN Iter 216: loss = 0.002466,	Top-1 err = 40.400000,	Top-5 err = 24.100000,	train_time = 7.958271
TRAIN Iter 217: loss = 0.002446,	Top-1 err = 49.440000,	Top-5 err = 31.460000,	train_time = 7.958275
TRAIN Iter 218: loss = 0.002552,	Top-1 err = 52.000000,	Top-5 err = 32.020000,	train_time = 7.962602
TRAIN Iter 219: loss = 0.002517,	Top-1 err = 48.100000,	Top-5 err = 28.900000,	train_time = 7.973815
TRAIN Iter 220: loss = 0.002453,	Top-1 err = 39.860000,	Top-5 err = 24.820000,	train_time = 7.964843
TRAIN Iter 221: loss = 0.002464,	Top-1 err = 45.840000,	Top-5 err = 28.320000,	train_time = 7.977470
TRAIN Iter 222: loss = 0.002524,	Top-1 err = 47.120000,	Top-5 err = 28.200000,	train_time = 7.970469
TRAIN Iter 223: loss = 0.002516,	Top-1 err = 47.240000,	Top-5 err = 29.520000,	train_time = 7.965722
TRAIN Iter 224: loss = 0.002403,	Top-1 err = 38.640000,	Top-5 err = 23.900000,	train_time = 7.949222
TRAIN Iter 225: loss = 0.002494,	Top-1 err = 48.960000,	Top-5 err = 32.640000,	train_time = 7.959026
TRAIN Iter 226: loss = 0.002489,	Top-1 err = 47.120000,	Top-5 err = 26.100000,	train_time = 7.956327
TRAIN Iter 227: loss = 0.002455,	Top-1 err = 40.780000,	Top-5 err = 24.000000,	train_time = 7.980325
TRAIN Iter 228: loss = 0.002459,	Top-1 err = 46.640000,	Top-5 err = 27.460000,	train_time = 7.981037
TRAIN Iter 229: loss = 0.002357,	Top-1 err = 40.220000,	Top-5 err = 22.640000,	train_time = 7.982703
TRAIN Iter 230: loss = 0.002460,	Top-1 err = 55.400000,	Top-5 err = 36.980000,	train_time = 7.950895
TRAIN Iter 231: loss = 0.002399,	Top-1 err = 37.600000,	Top-5 err = 21.300000,	train_time = 7.983098
TRAIN Iter 232: loss = 0.002430,	Top-1 err = 37.860000,	Top-5 err = 23.100000,	train_time = 7.971385
TRAIN Iter 233: loss = 0.002366,	Top-1 err = 48.420000,	Top-5 err = 31.120000,	train_time = 7.964694
TRAIN Iter 234: loss = 0.002392,	Top-1 err = 44.760000,	Top-5 err = 29.340000,	train_time = 7.976085
TRAIN Iter 235: loss = 0.002423,	Top-1 err = 41.220000,	Top-5 err = 25.140000,	train_time = 7.955736
TRAIN Iter 236: loss = 0.002405,	Top-1 err = 52.240000,	Top-5 err = 34.540000,	train_time = 7.974375
TRAIN Iter 237: loss = 0.002441,	Top-1 err = 54.220000,	Top-5 err = 35.920000,	train_time = 7.966396
TRAIN Iter 238: loss = 0.002417,	Top-1 err = 38.820000,	Top-5 err = 20.660000,	train_time = 7.956049
TRAIN Iter 239: loss = 0.002362,	Top-1 err = 40.160000,	Top-5 err = 25.520000,	train_time = 7.989082
TRAIN Iter 240: loss = 0.002395,	Top-1 err = 44.880000,	Top-5 err = 27.520000,	train_time = 7.951812
TRAIN Iter 241: loss = 0.002388,	Top-1 err = 40.160000,	Top-5 err = 24.380000,	train_time = 7.958102
TRAIN Iter 242: loss = 0.002491,	Top-1 err = 51.940000,	Top-5 err = 32.560000,	train_time = 7.968583
TRAIN Iter 243: loss = 0.002403,	Top-1 err = 47.300000,	Top-5 err = 28.000000,	train_time = 7.969324
TRAIN Iter 244: loss = 0.002400,	Top-1 err = 50.760000,	Top-5 err = 32.420000,	train_time = 7.955294
TRAIN Iter 245: loss = 0.002399,	Top-1 err = 43.580000,	Top-5 err = 27.300000,	train_time = 7.981448
TRAIN Iter 246: loss = 0.002344,	Top-1 err = 41.900000,	Top-5 err = 24.620000,	train_time = 7.967613
TRAIN Iter 247: loss = 0.002398,	Top-1 err = 47.600000,	Top-5 err = 32.140000,	train_time = 7.983119
TRAIN Iter 248: loss = 0.002333,	Top-1 err = 47.500000,	Top-5 err = 29.220000,	train_time = 7.961380
TRAIN Iter 249: loss = 0.002382,	Top-1 err = 47.120000,	Top-5 err = 28.300000,	train_time = 7.974512
TEST:
Iter 249: loss = 1.503777,	Top-1 err = 37.510000,	Top-5 err = 12.140000,	val_time = 3.255752
TRAIN Iter 250: loss = 0.002340,	Top-1 err = 45.140000,	Top-5 err = 26.880000,	train_time = 7.963558
TRAIN Iter 251: loss = 0.002336,	Top-1 err = 42.940000,	Top-5 err = 25.060000,	train_time = 7.950125
TRAIN Iter 252: loss = 0.002341,	Top-1 err = 44.480000,	Top-5 err = 26.580000,	train_time = 7.965501
TRAIN Iter 253: loss = 0.002288,	Top-1 err = 45.400000,	Top-5 err = 27.820000,	train_time = 7.960685
TRAIN Iter 254: loss = 0.002229,	Top-1 err = 32.400000,	Top-5 err = 16.940000,	train_time = 7.973327
TRAIN Iter 255: loss = 0.002369,	Top-1 err = 50.000000,	Top-5 err = 31.960000,	train_time = 7.957434
TRAIN Iter 256: loss = 0.002247,	Top-1 err = 31.200000,	Top-5 err = 18.780000,	train_time = 7.949198
TRAIN Iter 257: loss = 0.002394,	Top-1 err = 62.240000,	Top-5 err = 43.940000,	train_time = 7.983610
TRAIN Iter 258: loss = 0.002321,	Top-1 err = 43.280000,	Top-5 err = 26.640000,	train_time = 7.972537
TRAIN Iter 259: loss = 0.002281,	Top-1 err = 39.340000,	Top-5 err = 24.220000,	train_time = 7.948402
TEST:
Iter 259: loss = 1.507131,	Top-1 err = 37.640000,	Top-5 err = 12.270000,	val_time = 3.263491
TRAIN Iter 260: loss = 0.002265,	Top-1 err = 43.800000,	Top-5 err = 29.400000,	train_time = 7.978690
TRAIN Iter 261: loss = 0.002227,	Top-1 err = 37.620000,	Top-5 err = 23.840000,	train_time = 7.980328
TRAIN Iter 262: loss = 0.002312,	Top-1 err = 48.420000,	Top-5 err = 30.080000,	train_time = 7.968708
TRAIN Iter 263: loss = 0.002298,	Top-1 err = 46.340000,	Top-5 err = 29.280000,	train_time = 7.965588
TRAIN Iter 264: loss = 0.002355,	Top-1 err = 56.080000,	Top-5 err = 39.260000,	train_time = 7.941803
TRAIN Iter 265: loss = 0.002356,	Top-1 err = 51.380000,	Top-5 err = 32.300000,	train_time = 7.971455
TRAIN Iter 266: loss = 0.002268,	Top-1 err = 36.780000,	Top-5 err = 21.520000,	train_time = 7.962241
TRAIN Iter 267: loss = 0.002329,	Top-1 err = 50.660000,	Top-5 err = 30.700000,	train_time = 7.969308
TRAIN Iter 268: loss = 0.002303,	Top-1 err = 45.840000,	Top-5 err = 25.160000,	train_time = 7.976190
TRAIN Iter 269: loss = 0.002336,	Top-1 err = 55.520000,	Top-5 err = 35.720000,	train_time = 7.970923
TEST:
Iter 269: loss = 1.484597,	Top-1 err = 37.200000,	Top-5 err = 12.090000,	val_time = 3.239138
TRAIN Iter 270: loss = 0.002249,	Top-1 err = 45.060000,	Top-5 err = 27.940000,	train_time = 7.948112
TRAIN Iter 271: loss = 0.002288,	Top-1 err = 42.900000,	Top-5 err = 28.440000,	train_time = 7.978000
TRAIN Iter 272: loss = 0.002247,	Top-1 err = 38.160000,	Top-5 err = 21.400000,	train_time = 7.970308
TRAIN Iter 273: loss = 0.002257,	Top-1 err = 48.100000,	Top-5 err = 30.220000,	train_time = 7.969348
TRAIN Iter 274: loss = 0.002309,	Top-1 err = 42.380000,	Top-5 err = 25.600000,	train_time = 7.986834
TRAIN Iter 275: loss = 0.002298,	Top-1 err = 51.040000,	Top-5 err = 32.920000,	train_time = 7.990879
TRAIN Iter 276: loss = 0.002246,	Top-1 err = 38.820000,	Top-5 err = 21.680000,	train_time = 7.986049
TRAIN Iter 277: loss = 0.002364,	Top-1 err = 54.160000,	Top-5 err = 36.760000,	train_time = 7.948596
TRAIN Iter 278: loss = 0.002259,	Top-1 err = 37.760000,	Top-5 err = 20.540000,	train_time = 7.964246
TRAIN Iter 279: loss = 0.002166,	Top-1 err = 36.280000,	Top-5 err = 20.440000,	train_time = 7.971622
TEST:
Iter 279: loss = 1.505627,	Top-1 err = 37.420000,	Top-5 err = 12.310000,	val_time = 3.264798
TRAIN Iter 280: loss = 0.002219,	Top-1 err = 42.560000,	Top-5 err = 26.260000,	train_time = 7.962142
TRAIN Iter 281: loss = 0.002222,	Top-1 err = 46.300000,	Top-5 err = 27.040000,	train_time = 7.957427
TRAIN Iter 282: loss = 0.002156,	Top-1 err = 39.100000,	Top-5 err = 23.200000,	train_time = 7.952163
TRAIN Iter 283: loss = 0.002160,	Top-1 err = 34.180000,	Top-5 err = 17.220000,	train_time = 7.977374
TRAIN Iter 284: loss = 0.002286,	Top-1 err = 49.720000,	Top-5 err = 32.520000,	train_time = 7.969219
TRAIN Iter 285: loss = 0.002257,	Top-1 err = 43.940000,	Top-5 err = 26.520000,	train_time = 7.949767
TRAIN Iter 286: loss = 0.002268,	Top-1 err = 45.060000,	Top-5 err = 28.180000,	train_time = 7.974413
TRAIN Iter 287: loss = 0.002235,	Top-1 err = 46.140000,	Top-5 err = 29.500000,	train_time = 7.977723
TRAIN Iter 288: loss = 0.002263,	Top-1 err = 46.540000,	Top-5 err = 29.080000,	train_time = 7.979028
TRAIN Iter 289: loss = 0.002271,	Top-1 err = 53.040000,	Top-5 err = 35.500000,	train_time = 7.969163
TEST:
Iter 289: loss = 1.513358,	Top-1 err = 37.500000,	Top-5 err = 12.480000,	val_time = 3.261005
TRAIN Iter 290: loss = 0.002212,	Top-1 err = 41.880000,	Top-5 err = 26.020000,	train_time = 7.967781
TRAIN Iter 291: loss = 0.002219,	Top-1 err = 51.100000,	Top-5 err = 33.420000,	train_time = 7.983664
TRAIN Iter 292: loss = 0.002266,	Top-1 err = 48.460000,	Top-5 err = 28.980000,	train_time = 7.961250
TRAIN Iter 293: loss = 0.002213,	Top-1 err = 45.000000,	Top-5 err = 27.520000,	train_time = 7.970338
TRAIN Iter 294: loss = 0.002225,	Top-1 err = 45.840000,	Top-5 err = 30.020000,	train_time = 7.974858
TRAIN Iter 295: loss = 0.002225,	Top-1 err = 49.340000,	Top-5 err = 32.940000,	train_time = 7.980589
TRAIN Iter 296: loss = 0.002205,	Top-1 err = 45.220000,	Top-5 err = 27.440000,	train_time = 7.965689
TRAIN Iter 297: loss = 0.002229,	Top-1 err = 41.340000,	Top-5 err = 24.200000,	train_time = 7.954837
TRAIN Iter 298: loss = 0.002251,	Top-1 err = 55.780000,	Top-5 err = 36.100000,	train_time = 7.963935
TRAIN Iter 299: loss = 0.002223,	Top-1 err = 54.880000,	Top-5 err = 38.820000,	train_time = 7.986549
TEST:
Iter 299: loss = 1.473946,	Top-1 err = 37.250000,	Top-5 err = 12.010000,	val_time = 3.265604
Train Finish! Best accuracy is 62.8@269
