/home/dvspanos/miniconda3/envs/rded/lib/python3.10/site-packages/torch/cuda/__init__.py:611: UserWarning: Can't initialize NVML
  warnings.warn("Can't initialize NVML")
=> using pytorch pre-trained teacher model 'conv3'
process data from /home/dvspanos/nikos/ca2d/artifacts/rded_sets/rcad_feat_fl_ipc50
load data successfully
TRAIN Iter 0: loss = 0.019844,	Top-1 err = 95.140000,	Top-5 err = 81.620000,	train_time = 2.040249
TRAIN Iter 1: loss = 0.016499,	Top-1 err = 91.000000,	Top-5 err = 70.940000,	train_time = 1.418584
TRAIN Iter 2: loss = 0.013625,	Top-1 err = 86.800000,	Top-5 err = 63.980000,	train_time = 1.327392
TRAIN Iter 3: loss = 0.012293,	Top-1 err = 84.260000,	Top-5 err = 59.820000,	train_time = 1.386969
TRAIN Iter 4: loss = 0.010696,	Top-1 err = 80.000000,	Top-5 err = 52.620000,	train_time = 1.385551
TRAIN Iter 5: loss = 0.010106,	Top-1 err = 78.660000,	Top-5 err = 52.220000,	train_time = 1.358023
TRAIN Iter 6: loss = 0.009279,	Top-1 err = 76.520000,	Top-5 err = 50.320000,	train_time = 1.337233
TRAIN Iter 7: loss = 0.008612,	Top-1 err = 74.060000,	Top-5 err = 48.300000,	train_time = 1.331683
TRAIN Iter 8: loss = 0.008280,	Top-1 err = 72.120000,	Top-5 err = 43.320000,	train_time = 1.401501
TRAIN Iter 9: loss = 0.007721,	Top-1 err = 71.880000,	Top-5 err = 44.240000,	train_time = 1.428359
TRAIN Iter 10: loss = 0.007446,	Top-1 err = 71.660000,	Top-5 err = 44.180000,	train_time = 1.345434
TRAIN Iter 11: loss = 0.007349,	Top-1 err = 68.440000,	Top-5 err = 41.460000,	train_time = 1.298856
TRAIN Iter 12: loss = 0.006975,	Top-1 err = 69.180000,	Top-5 err = 40.900000,	train_time = 1.352583
TRAIN Iter 13: loss = 0.006585,	Top-1 err = 69.280000,	Top-5 err = 41.940000,	train_time = 1.397692
TRAIN Iter 14: loss = 0.006393,	Top-1 err = 67.400000,	Top-5 err = 40.620000,	train_time = 1.415715
TRAIN Iter 15: loss = 0.006347,	Top-1 err = 68.800000,	Top-5 err = 42.020000,	train_time = 1.443025
TRAIN Iter 16: loss = 0.006057,	Top-1 err = 68.140000,	Top-5 err = 41.220000,	train_time = 1.296753
TRAIN Iter 17: loss = 0.006105,	Top-1 err = 66.140000,	Top-5 err = 38.760000,	train_time = 1.338903
TRAIN Iter 18: loss = 0.005910,	Top-1 err = 66.660000,	Top-5 err = 40.440000,	train_time = 1.398057
TRAIN Iter 19: loss = 0.005608,	Top-1 err = 66.720000,	Top-5 err = 40.560000,	train_time = 1.342681
TRAIN Iter 20: loss = 0.005614,	Top-1 err = 67.940000,	Top-5 err = 41.640000,	train_time = 1.347497
TRAIN Iter 21: loss = 0.005546,	Top-1 err = 65.060000,	Top-5 err = 39.180000,	train_time = 1.358148
TRAIN Iter 22: loss = 0.005382,	Top-1 err = 63.580000,	Top-5 err = 37.460000,	train_time = 1.352695
TRAIN Iter 23: loss = 0.005302,	Top-1 err = 66.780000,	Top-5 err = 39.320000,	train_time = 1.378762
TRAIN Iter 24: loss = 0.005343,	Top-1 err = 63.980000,	Top-5 err = 39.340000,	train_time = 1.376536
TRAIN Iter 25: loss = 0.005268,	Top-1 err = 61.720000,	Top-5 err = 35.580000,	train_time = 1.404021
TRAIN Iter 26: loss = 0.005072,	Top-1 err = 65.460000,	Top-5 err = 39.280000,	train_time = 1.358326
TRAIN Iter 27: loss = 0.004977,	Top-1 err = 64.720000,	Top-5 err = 39.100000,	train_time = 1.325811
TRAIN Iter 28: loss = 0.005014,	Top-1 err = 61.040000,	Top-5 err = 34.740000,	train_time = 1.409158
TRAIN Iter 29: loss = 0.004928,	Top-1 err = 65.260000,	Top-5 err = 40.040000,	train_time = 1.305800
TRAIN Iter 30: loss = 0.004794,	Top-1 err = 62.160000,	Top-5 err = 36.440000,	train_time = 1.349289
TRAIN Iter 31: loss = 0.004865,	Top-1 err = 65.440000,	Top-5 err = 41.000000,	train_time = 1.287198
TRAIN Iter 32: loss = 0.004824,	Top-1 err = 64.280000,	Top-5 err = 39.240000,	train_time = 1.289000
TRAIN Iter 33: loss = 0.004727,	Top-1 err = 64.060000,	Top-5 err = 38.500000,	train_time = 1.400441
TRAIN Iter 34: loss = 0.004687,	Top-1 err = 60.720000,	Top-5 err = 35.820000,	train_time = 1.368357
TRAIN Iter 35: loss = 0.004556,	Top-1 err = 61.900000,	Top-5 err = 34.940000,	train_time = 1.329937
TRAIN Iter 36: loss = 0.004560,	Top-1 err = 61.380000,	Top-5 err = 36.720000,	train_time = 1.360129
TRAIN Iter 37: loss = 0.004466,	Top-1 err = 61.380000,	Top-5 err = 38.140000,	train_time = 1.342159
TRAIN Iter 38: loss = 0.004564,	Top-1 err = 62.420000,	Top-5 err = 37.900000,	train_time = 1.383376
TRAIN Iter 39: loss = 0.004412,	Top-1 err = 61.280000,	Top-5 err = 35.580000,	train_time = 1.347566
TRAIN Iter 40: loss = 0.004366,	Top-1 err = 63.220000,	Top-5 err = 37.720000,	train_time = 1.348112
TRAIN Iter 41: loss = 0.004312,	Top-1 err = 59.940000,	Top-5 err = 33.400000,	train_time = 1.315902
TRAIN Iter 42: loss = 0.004311,	Top-1 err = 62.520000,	Top-5 err = 37.440000,	train_time = 1.341778
TRAIN Iter 43: loss = 0.004287,	Top-1 err = 60.480000,	Top-5 err = 35.900000,	train_time = 1.390415
TRAIN Iter 44: loss = 0.004253,	Top-1 err = 60.120000,	Top-5 err = 35.440000,	train_time = 1.362332
TRAIN Iter 45: loss = 0.004276,	Top-1 err = 63.340000,	Top-5 err = 40.740000,	train_time = 1.434103
TRAIN Iter 46: loss = 0.004198,	Top-1 err = 61.300000,	Top-5 err = 36.780000,	train_time = 1.278743
TRAIN Iter 47: loss = 0.004124,	Top-1 err = 61.860000,	Top-5 err = 36.660000,	train_time = 1.306499
TRAIN Iter 48: loss = 0.004137,	Top-1 err = 62.800000,	Top-5 err = 38.780000,	train_time = 1.374622
TRAIN Iter 49: loss = 0.004198,	Top-1 err = 63.000000,	Top-5 err = 38.740000,	train_time = 1.364572
TRAIN Iter 50: loss = 0.004091,	Top-1 err = 59.880000,	Top-5 err = 35.560000,	train_time = 1.427258
TRAIN Iter 51: loss = 0.004035,	Top-1 err = 60.020000,	Top-5 err = 36.080000,	train_time = 1.416796
TRAIN Iter 52: loss = 0.003987,	Top-1 err = 56.320000,	Top-5 err = 31.780000,	train_time = 1.386555
TRAIN Iter 53: loss = 0.004001,	Top-1 err = 61.720000,	Top-5 err = 36.700000,	train_time = 1.403809
TRAIN Iter 54: loss = 0.003907,	Top-1 err = 60.320000,	Top-5 err = 36.780000,	train_time = 1.368451
TRAIN Iter 55: loss = 0.003866,	Top-1 err = 59.860000,	Top-5 err = 33.920000,	train_time = 1.388326
TRAIN Iter 56: loss = 0.003929,	Top-1 err = 61.020000,	Top-5 err = 36.120000,	train_time = 1.352262
TRAIN Iter 57: loss = 0.003959,	Top-1 err = 64.060000,	Top-5 err = 40.660000,	train_time = 1.359336
TRAIN Iter 58: loss = 0.003858,	Top-1 err = 59.160000,	Top-5 err = 34.440000,	train_time = 1.325735
TRAIN Iter 59: loss = 0.003828,	Top-1 err = 63.080000,	Top-5 err = 37.960000,	train_time = 1.230264
TRAIN Iter 60: loss = 0.003776,	Top-1 err = 59.120000,	Top-5 err = 34.860000,	train_time = 1.322772
TRAIN Iter 61: loss = 0.003783,	Top-1 err = 59.520000,	Top-5 err = 35.160000,	train_time = 1.380913
TRAIN Iter 62: loss = 0.003903,	Top-1 err = 62.540000,	Top-5 err = 38.980000,	train_time = 1.381883
TRAIN Iter 63: loss = 0.003747,	Top-1 err = 59.200000,	Top-5 err = 35.120000,	train_time = 1.353387
TRAIN Iter 64: loss = 0.003759,	Top-1 err = 57.180000,	Top-5 err = 33.180000,	train_time = 1.295388
TRAIN Iter 65: loss = 0.003793,	Top-1 err = 58.340000,	Top-5 err = 33.420000,	train_time = 1.319061
TRAIN Iter 66: loss = 0.003689,	Top-1 err = 59.660000,	Top-5 err = 36.320000,	train_time = 1.395429
TRAIN Iter 67: loss = 0.003669,	Top-1 err = 58.360000,	Top-5 err = 34.080000,	train_time = 1.366553
TRAIN Iter 68: loss = 0.003668,	Top-1 err = 59.500000,	Top-5 err = 35.980000,	train_time = 1.306992
TRAIN Iter 69: loss = 0.003667,	Top-1 err = 61.980000,	Top-5 err = 37.880000,	train_time = 1.331019
TRAIN Iter 70: loss = 0.003565,	Top-1 err = 61.940000,	Top-5 err = 37.060000,	train_time = 1.435365
TRAIN Iter 71: loss = 0.003508,	Top-1 err = 60.340000,	Top-5 err = 34.680000,	train_time = 1.413894
TRAIN Iter 72: loss = 0.003560,	Top-1 err = 58.140000,	Top-5 err = 33.760000,	train_time = 1.374165
TRAIN Iter 73: loss = 0.003562,	Top-1 err = 59.460000,	Top-5 err = 35.420000,	train_time = 1.305863
TRAIN Iter 74: loss = 0.003581,	Top-1 err = 60.120000,	Top-5 err = 35.360000,	train_time = 1.326604
TRAIN Iter 75: loss = 0.003643,	Top-1 err = 61.040000,	Top-5 err = 37.100000,	train_time = 1.367039
TRAIN Iter 76: loss = 0.003526,	Top-1 err = 57.580000,	Top-5 err = 32.540000,	train_time = 1.338616
TRAIN Iter 77: loss = 0.003509,	Top-1 err = 60.220000,	Top-5 err = 36.300000,	train_time = 1.404150
TRAIN Iter 78: loss = 0.003548,	Top-1 err = 61.600000,	Top-5 err = 38.200000,	train_time = 1.311535
TRAIN Iter 79: loss = 0.003399,	Top-1 err = 60.320000,	Top-5 err = 35.100000,	train_time = 1.385864
TRAIN Iter 80: loss = 0.003501,	Top-1 err = 60.480000,	Top-5 err = 35.800000,	train_time = 1.338192
TRAIN Iter 81: loss = 0.003388,	Top-1 err = 55.860000,	Top-5 err = 31.880000,	train_time = 1.351231
TRAIN Iter 82: loss = 0.003464,	Top-1 err = 57.500000,	Top-5 err = 31.820000,	train_time = 1.366517
TRAIN Iter 83: loss = 0.003384,	Top-1 err = 59.520000,	Top-5 err = 36.240000,	train_time = 1.284469
TRAIN Iter 84: loss = 0.003362,	Top-1 err = 57.140000,	Top-5 err = 33.120000,	train_time = 1.426075
TRAIN Iter 85: loss = 0.003353,	Top-1 err = 59.060000,	Top-5 err = 34.760000,	train_time = 1.323996
TRAIN Iter 86: loss = 0.003322,	Top-1 err = 60.280000,	Top-5 err = 35.600000,	train_time = 1.431533
TRAIN Iter 87: loss = 0.003369,	Top-1 err = 61.580000,	Top-5 err = 37.740000,	train_time = 1.415572
TRAIN Iter 88: loss = 0.003291,	Top-1 err = 59.640000,	Top-5 err = 35.960000,	train_time = 1.408383
TRAIN Iter 89: loss = 0.003341,	Top-1 err = 59.420000,	Top-5 err = 35.060000,	train_time = 1.406625
TRAIN Iter 90: loss = 0.003298,	Top-1 err = 57.520000,	Top-5 err = 33.420000,	train_time = 1.369349
TRAIN Iter 91: loss = 0.003226,	Top-1 err = 59.280000,	Top-5 err = 35.660000,	train_time = 1.380906
TRAIN Iter 92: loss = 0.003242,	Top-1 err = 60.600000,	Top-5 err = 36.420000,	train_time = 1.372567
TRAIN Iter 93: loss = 0.003208,	Top-1 err = 60.160000,	Top-5 err = 35.820000,	train_time = 1.300563
TRAIN Iter 94: loss = 0.003197,	Top-1 err = 56.180000,	Top-5 err = 32.040000,	train_time = 1.331417
TRAIN Iter 95: loss = 0.003214,	Top-1 err = 58.780000,	Top-5 err = 34.600000,	train_time = 1.296905
TRAIN Iter 96: loss = 0.003289,	Top-1 err = 60.500000,	Top-5 err = 37.360000,	train_time = 1.357739
TRAIN Iter 97: loss = 0.003132,	Top-1 err = 59.380000,	Top-5 err = 35.480000,	train_time = 1.359712
TRAIN Iter 98: loss = 0.003128,	Top-1 err = 56.900000,	Top-5 err = 32.900000,	train_time = 1.376852
TRAIN Iter 99: loss = 0.003158,	Top-1 err = 58.280000,	Top-5 err = 33.600000,	train_time = 1.397394
TRAIN Iter 100: loss = 0.003102,	Top-1 err = 60.080000,	Top-5 err = 35.120000,	train_time = 1.355718
TRAIN Iter 101: loss = 0.003123,	Top-1 err = 58.020000,	Top-5 err = 32.120000,	train_time = 1.317631
TRAIN Iter 102: loss = 0.003141,	Top-1 err = 59.300000,	Top-5 err = 34.180000,	train_time = 1.377863
TRAIN Iter 103: loss = 0.003115,	Top-1 err = 59.300000,	Top-5 err = 34.280000,	train_time = 1.328026
TRAIN Iter 104: loss = 0.003117,	Top-1 err = 58.360000,	Top-5 err = 33.960000,	train_time = 1.330551
TRAIN Iter 105: loss = 0.003044,	Top-1 err = 57.700000,	Top-5 err = 34.420000,	train_time = 1.361099
TRAIN Iter 106: loss = 0.003043,	Top-1 err = 57.640000,	Top-5 err = 33.100000,	train_time = 1.407979
TRAIN Iter 107: loss = 0.003028,	Top-1 err = 56.860000,	Top-5 err = 32.280000,	train_time = 1.401818
TRAIN Iter 108: loss = 0.003056,	Top-1 err = 60.900000,	Top-5 err = 38.240000,	train_time = 1.330345
TRAIN Iter 109: loss = 0.003028,	Top-1 err = 60.020000,	Top-5 err = 37.260000,	train_time = 1.334315
TRAIN Iter 110: loss = 0.002914,	Top-1 err = 59.600000,	Top-5 err = 35.880000,	train_time = 1.356518
TRAIN Iter 111: loss = 0.003006,	Top-1 err = 58.180000,	Top-5 err = 35.760000,	train_time = 1.383234
TRAIN Iter 112: loss = 0.003015,	Top-1 err = 62.120000,	Top-5 err = 37.520000,	train_time = 1.285683
TRAIN Iter 113: loss = 0.002931,	Top-1 err = 56.960000,	Top-5 err = 32.760000,	train_time = 1.351429
TRAIN Iter 114: loss = 0.002928,	Top-1 err = 60.220000,	Top-5 err = 35.380000,	train_time = 1.335618
TRAIN Iter 115: loss = 0.002903,	Top-1 err = 57.380000,	Top-5 err = 33.460000,	train_time = 1.382688
TRAIN Iter 116: loss = 0.002908,	Top-1 err = 58.180000,	Top-5 err = 34.140000,	train_time = 1.325894
TRAIN Iter 117: loss = 0.002881,	Top-1 err = 55.600000,	Top-5 err = 31.640000,	train_time = 1.352301
TRAIN Iter 118: loss = 0.002866,	Top-1 err = 58.200000,	Top-5 err = 33.940000,	train_time = 1.331545
TRAIN Iter 119: loss = 0.002941,	Top-1 err = 59.200000,	Top-5 err = 36.120000,	train_time = 1.389509
TRAIN Iter 120: loss = 0.002871,	Top-1 err = 58.920000,	Top-5 err = 33.600000,	train_time = 1.377578
TRAIN Iter 121: loss = 0.002834,	Top-1 err = 60.520000,	Top-5 err = 35.780000,	train_time = 1.345510
TRAIN Iter 122: loss = 0.002861,	Top-1 err = 56.680000,	Top-5 err = 32.140000,	train_time = 1.364124
TRAIN Iter 123: loss = 0.002810,	Top-1 err = 56.980000,	Top-5 err = 33.700000,	train_time = 1.328302
TRAIN Iter 124: loss = 0.002824,	Top-1 err = 58.380000,	Top-5 err = 33.840000,	train_time = 1.394278
TRAIN Iter 125: loss = 0.002866,	Top-1 err = 52.960000,	Top-5 err = 29.700000,	train_time = 1.310039
TRAIN Iter 126: loss = 0.002792,	Top-1 err = 53.860000,	Top-5 err = 29.700000,	train_time = 1.318795
TRAIN Iter 127: loss = 0.002740,	Top-1 err = 59.000000,	Top-5 err = 35.580000,	train_time = 1.416539
TRAIN Iter 128: loss = 0.002794,	Top-1 err = 57.840000,	Top-5 err = 35.080000,	train_time = 1.326451
TRAIN Iter 129: loss = 0.002792,	Top-1 err = 59.140000,	Top-5 err = 35.180000,	train_time = 1.414485
TRAIN Iter 130: loss = 0.002779,	Top-1 err = 60.560000,	Top-5 err = 37.040000,	train_time = 1.356101
TRAIN Iter 131: loss = 0.002744,	Top-1 err = 56.500000,	Top-5 err = 33.180000,	train_time = 1.433970
TRAIN Iter 132: loss = 0.002759,	Top-1 err = 57.020000,	Top-5 err = 32.620000,	train_time = 1.393923
TRAIN Iter 133: loss = 0.002737,	Top-1 err = 57.680000,	Top-5 err = 34.620000,	train_time = 1.383852
TRAIN Iter 134: loss = 0.002758,	Top-1 err = 59.620000,	Top-5 err = 34.960000,	train_time = 1.409554
TRAIN Iter 135: loss = 0.002731,	Top-1 err = 58.900000,	Top-5 err = 35.420000,	train_time = 1.397680
TRAIN Iter 136: loss = 0.002690,	Top-1 err = 57.900000,	Top-5 err = 34.600000,	train_time = 1.331104
TRAIN Iter 137: loss = 0.002759,	Top-1 err = 60.300000,	Top-5 err = 36.880000,	train_time = 1.338808
TRAIN Iter 138: loss = 0.002738,	Top-1 err = 58.400000,	Top-5 err = 33.900000,	train_time = 1.354795
TRAIN Iter 139: loss = 0.002655,	Top-1 err = 54.700000,	Top-5 err = 32.140000,	train_time = 1.428240
TRAIN Iter 140: loss = 0.002691,	Top-1 err = 54.240000,	Top-5 err = 31.360000,	train_time = 1.294689
TRAIN Iter 141: loss = 0.002620,	Top-1 err = 57.680000,	Top-5 err = 33.880000,	train_time = 1.435090
TRAIN Iter 142: loss = 0.002700,	Top-1 err = 58.960000,	Top-5 err = 37.100000,	train_time = 1.391860
TRAIN Iter 143: loss = 0.002686,	Top-1 err = 57.580000,	Top-5 err = 34.060000,	train_time = 1.406922
TRAIN Iter 144: loss = 0.002702,	Top-1 err = 60.100000,	Top-5 err = 36.680000,	train_time = 1.429902
TRAIN Iter 145: loss = 0.002627,	Top-1 err = 60.020000,	Top-5 err = 35.660000,	train_time = 1.307970
TRAIN Iter 146: loss = 0.002661,	Top-1 err = 60.580000,	Top-5 err = 37.200000,	train_time = 1.363969
TRAIN Iter 147: loss = 0.002575,	Top-1 err = 55.500000,	Top-5 err = 31.840000,	train_time = 1.275364
TRAIN Iter 148: loss = 0.002602,	Top-1 err = 59.460000,	Top-5 err = 35.680000,	train_time = 1.248513
TRAIN Iter 149: loss = 0.002625,	Top-1 err = 60.300000,	Top-5 err = 35.500000,	train_time = 1.388913
TRAIN Iter 150: loss = 0.002568,	Top-1 err = 56.300000,	Top-5 err = 32.020000,	train_time = 1.426614
TRAIN Iter 151: loss = 0.002590,	Top-1 err = 58.700000,	Top-5 err = 36.240000,	train_time = 1.322479
TRAIN Iter 152: loss = 0.002544,	Top-1 err = 57.140000,	Top-5 err = 33.260000,	train_time = 1.305179
TRAIN Iter 153: loss = 0.002504,	Top-1 err = 56.800000,	Top-5 err = 32.420000,	train_time = 1.408607
TRAIN Iter 154: loss = 0.002484,	Top-1 err = 56.140000,	Top-5 err = 32.140000,	train_time = 1.350208
TRAIN Iter 155: loss = 0.002525,	Top-1 err = 56.260000,	Top-5 err = 32.780000,	train_time = 1.333212
TRAIN Iter 156: loss = 0.002510,	Top-1 err = 57.060000,	Top-5 err = 33.160000,	train_time = 1.403044
TRAIN Iter 157: loss = 0.002540,	Top-1 err = 58.860000,	Top-5 err = 35.240000,	train_time = 1.387854
TRAIN Iter 158: loss = 0.002490,	Top-1 err = 58.600000,	Top-5 err = 35.380000,	train_time = 1.358113
TRAIN Iter 159: loss = 0.002487,	Top-1 err = 58.620000,	Top-5 err = 34.660000,	train_time = 1.328412
TRAIN Iter 160: loss = 0.002507,	Top-1 err = 58.320000,	Top-5 err = 34.720000,	train_time = 1.371229
TRAIN Iter 161: loss = 0.002507,	Top-1 err = 55.600000,	Top-5 err = 31.980000,	train_time = 1.386088
TRAIN Iter 162: loss = 0.002552,	Top-1 err = 57.580000,	Top-5 err = 33.880000,	train_time = 1.413833
TRAIN Iter 163: loss = 0.002484,	Top-1 err = 57.160000,	Top-5 err = 33.820000,	train_time = 1.312355
TRAIN Iter 164: loss = 0.002468,	Top-1 err = 55.740000,	Top-5 err = 31.820000,	train_time = 1.417898
TRAIN Iter 165: loss = 0.002504,	Top-1 err = 58.420000,	Top-5 err = 35.060000,	train_time = 1.370485
TRAIN Iter 166: loss = 0.002461,	Top-1 err = 59.420000,	Top-5 err = 36.720000,	train_time = 1.371323
TRAIN Iter 167: loss = 0.002446,	Top-1 err = 54.620000,	Top-5 err = 30.320000,	train_time = 1.234803
TRAIN Iter 168: loss = 0.002462,	Top-1 err = 56.920000,	Top-5 err = 33.540000,	train_time = 1.344589
TRAIN Iter 169: loss = 0.002419,	Top-1 err = 60.100000,	Top-5 err = 36.120000,	train_time = 1.362651
TRAIN Iter 170: loss = 0.002428,	Top-1 err = 54.580000,	Top-5 err = 31.220000,	train_time = 1.389424
TRAIN Iter 171: loss = 0.002386,	Top-1 err = 59.140000,	Top-5 err = 34.260000,	train_time = 1.424097
TRAIN Iter 172: loss = 0.002394,	Top-1 err = 58.860000,	Top-5 err = 35.640000,	train_time = 1.365900
TRAIN Iter 173: loss = 0.002411,	Top-1 err = 57.520000,	Top-5 err = 33.100000,	train_time = 1.339345
TRAIN Iter 174: loss = 0.002394,	Top-1 err = 54.960000,	Top-5 err = 32.200000,	train_time = 1.363037
TRAIN Iter 175: loss = 0.002376,	Top-1 err = 58.660000,	Top-5 err = 35.500000,	train_time = 1.341570
TRAIN Iter 176: loss = 0.002369,	Top-1 err = 57.820000,	Top-5 err = 33.380000,	train_time = 1.432217
TRAIN Iter 177: loss = 0.002413,	Top-1 err = 55.960000,	Top-5 err = 33.000000,	train_time = 1.354059
TRAIN Iter 178: loss = 0.002303,	Top-1 err = 56.160000,	Top-5 err = 32.720000,	train_time = 1.309653
TRAIN Iter 179: loss = 0.002302,	Top-1 err = 58.500000,	Top-5 err = 35.780000,	train_time = 1.458358
TRAIN Iter 180: loss = 0.002373,	Top-1 err = 56.820000,	Top-5 err = 33.540000,	train_time = 1.364978
TRAIN Iter 181: loss = 0.002372,	Top-1 err = 54.540000,	Top-5 err = 31.800000,	train_time = 1.378902
TRAIN Iter 182: loss = 0.002251,	Top-1 err = 54.800000,	Top-5 err = 31.420000,	train_time = 1.317162
TRAIN Iter 183: loss = 0.002290,	Top-1 err = 55.740000,	Top-5 err = 32.860000,	train_time = 1.326690
TRAIN Iter 184: loss = 0.002334,	Top-1 err = 61.580000,	Top-5 err = 38.480000,	train_time = 1.336561
TRAIN Iter 185: loss = 0.002358,	Top-1 err = 56.000000,	Top-5 err = 33.100000,	train_time = 1.417908
TRAIN Iter 186: loss = 0.002276,	Top-1 err = 58.280000,	Top-5 err = 35.740000,	train_time = 1.385549
TRAIN Iter 187: loss = 0.002301,	Top-1 err = 55.100000,	Top-5 err = 30.500000,	train_time = 1.383622
TRAIN Iter 188: loss = 0.002252,	Top-1 err = 56.540000,	Top-5 err = 33.380000,	train_time = 1.313733
TRAIN Iter 189: loss = 0.002293,	Top-1 err = 55.980000,	Top-5 err = 33.100000,	train_time = 1.316647
TRAIN Iter 190: loss = 0.002237,	Top-1 err = 56.500000,	Top-5 err = 33.060000,	train_time = 1.326051
TRAIN Iter 191: loss = 0.002298,	Top-1 err = 55.400000,	Top-5 err = 32.820000,	train_time = 1.364473
TRAIN Iter 192: loss = 0.002259,	Top-1 err = 53.360000,	Top-5 err = 31.280000,	train_time = 1.329567
TRAIN Iter 193: loss = 0.002249,	Top-1 err = 58.640000,	Top-5 err = 34.820000,	train_time = 1.382342
TRAIN Iter 194: loss = 0.002233,	Top-1 err = 57.720000,	Top-5 err = 33.900000,	train_time = 1.350524
TRAIN Iter 195: loss = 0.002314,	Top-1 err = 57.260000,	Top-5 err = 34.280000,	train_time = 1.404676
TRAIN Iter 196: loss = 0.002249,	Top-1 err = 59.720000,	Top-5 err = 34.600000,	train_time = 1.363991
TRAIN Iter 197: loss = 0.002237,	Top-1 err = 58.520000,	Top-5 err = 34.840000,	train_time = 1.382639
TRAIN Iter 198: loss = 0.002213,	Top-1 err = 55.720000,	Top-5 err = 31.500000,	train_time = 1.438322
TRAIN Iter 199: loss = 0.002177,	Top-1 err = 57.740000,	Top-5 err = 34.320000,	train_time = 1.387574
TRAIN Iter 200: loss = 0.002192,	Top-1 err = 59.540000,	Top-5 err = 35.800000,	train_time = 1.398575
TRAIN Iter 201: loss = 0.002177,	Top-1 err = 58.040000,	Top-5 err = 34.520000,	train_time = 1.330302
TRAIN Iter 202: loss = 0.002171,	Top-1 err = 57.780000,	Top-5 err = 34.080000,	train_time = 1.372895
TRAIN Iter 203: loss = 0.002165,	Top-1 err = 55.260000,	Top-5 err = 30.160000,	train_time = 1.418327
TRAIN Iter 204: loss = 0.002179,	Top-1 err = 57.080000,	Top-5 err = 32.460000,	train_time = 1.390704
TRAIN Iter 205: loss = 0.002150,	Top-1 err = 62.540000,	Top-5 err = 38.380000,	train_time = 1.411438
TRAIN Iter 206: loss = 0.002137,	Top-1 err = 57.840000,	Top-5 err = 34.380000,	train_time = 1.421593
TRAIN Iter 207: loss = 0.002158,	Top-1 err = 57.720000,	Top-5 err = 35.800000,	train_time = 1.305601
TRAIN Iter 208: loss = 0.002100,	Top-1 err = 58.300000,	Top-5 err = 34.660000,	train_time = 1.306225
TRAIN Iter 209: loss = 0.002174,	Top-1 err = 57.020000,	Top-5 err = 32.040000,	train_time = 1.365845
TRAIN Iter 210: loss = 0.002101,	Top-1 err = 57.600000,	Top-5 err = 32.880000,	train_time = 1.384257
TRAIN Iter 211: loss = 0.002077,	Top-1 err = 57.980000,	Top-5 err = 33.740000,	train_time = 1.396396
TRAIN Iter 212: loss = 0.002154,	Top-1 err = 57.420000,	Top-5 err = 33.780000,	train_time = 1.367938
TRAIN Iter 213: loss = 0.002117,	Top-1 err = 54.020000,	Top-5 err = 31.480000,	train_time = 1.282628
TRAIN Iter 214: loss = 0.002122,	Top-1 err = 60.140000,	Top-5 err = 37.320000,	train_time = 1.348567
TRAIN Iter 215: loss = 0.002107,	Top-1 err = 55.300000,	Top-5 err = 32.140000,	train_time = 1.365527
TRAIN Iter 216: loss = 0.002086,	Top-1 err = 57.940000,	Top-5 err = 33.880000,	train_time = 1.390073
TRAIN Iter 217: loss = 0.002093,	Top-1 err = 54.440000,	Top-5 err = 30.920000,	train_time = 1.341938
TRAIN Iter 218: loss = 0.002170,	Top-1 err = 56.560000,	Top-5 err = 33.040000,	train_time = 1.353826
TRAIN Iter 219: loss = 0.002092,	Top-1 err = 59.360000,	Top-5 err = 37.620000,	train_time = 1.376521
TRAIN Iter 220: loss = 0.002051,	Top-1 err = 57.260000,	Top-5 err = 33.860000,	train_time = 1.344899
TRAIN Iter 221: loss = 0.002043,	Top-1 err = 57.220000,	Top-5 err = 33.240000,	train_time = 1.368644
TRAIN Iter 222: loss = 0.002025,	Top-1 err = 59.240000,	Top-5 err = 35.420000,	train_time = 1.352969
TRAIN Iter 223: loss = 0.002029,	Top-1 err = 57.100000,	Top-5 err = 34.560000,	train_time = 1.368544
TRAIN Iter 224: loss = 0.002072,	Top-1 err = 56.980000,	Top-5 err = 33.860000,	train_time = 1.426208
TRAIN Iter 225: loss = 0.002060,	Top-1 err = 54.560000,	Top-5 err = 31.240000,	train_time = 1.431128
TRAIN Iter 226: loss = 0.002003,	Top-1 err = 57.040000,	Top-5 err = 33.160000,	train_time = 1.365431
TRAIN Iter 227: loss = 0.002041,	Top-1 err = 58.620000,	Top-5 err = 35.520000,	train_time = 1.410942
TRAIN Iter 228: loss = 0.001983,	Top-1 err = 56.780000,	Top-5 err = 32.740000,	train_time = 1.356674
TRAIN Iter 229: loss = 0.001984,	Top-1 err = 57.860000,	Top-5 err = 34.740000,	train_time = 1.399897
TRAIN Iter 230: loss = 0.001987,	Top-1 err = 54.020000,	Top-5 err = 30.860000,	train_time = 1.319326
TRAIN Iter 231: loss = 0.001955,	Top-1 err = 56.000000,	Top-5 err = 31.760000,	train_time = 1.351583
TRAIN Iter 232: loss = 0.002008,	Top-1 err = 59.100000,	Top-5 err = 34.240000,	train_time = 1.397609
TRAIN Iter 233: loss = 0.001905,	Top-1 err = 53.840000,	Top-5 err = 30.680000,	train_time = 1.377844
TRAIN Iter 234: loss = 0.001940,	Top-1 err = 56.320000,	Top-5 err = 33.120000,	train_time = 1.378684
TRAIN Iter 235: loss = 0.001971,	Top-1 err = 55.980000,	Top-5 err = 32.540000,	train_time = 1.406787
TRAIN Iter 236: loss = 0.001960,	Top-1 err = 58.580000,	Top-5 err = 35.900000,	train_time = 1.294441
TRAIN Iter 237: loss = 0.001964,	Top-1 err = 58.800000,	Top-5 err = 35.340000,	train_time = 1.379643
TRAIN Iter 238: loss = 0.001965,	Top-1 err = 57.740000,	Top-5 err = 36.440000,	train_time = 1.301595
TRAIN Iter 239: loss = 0.001947,	Top-1 err = 59.700000,	Top-5 err = 36.540000,	train_time = 1.398407
TRAIN Iter 240: loss = 0.001935,	Top-1 err = 54.680000,	Top-5 err = 30.060000,	train_time = 1.297491
TRAIN Iter 241: loss = 0.001899,	Top-1 err = 57.380000,	Top-5 err = 34.680000,	train_time = 1.333964
TRAIN Iter 242: loss = 0.001923,	Top-1 err = 55.600000,	Top-5 err = 32.320000,	train_time = 1.403409
TRAIN Iter 243: loss = 0.001918,	Top-1 err = 56.140000,	Top-5 err = 33.460000,	train_time = 1.385178
TRAIN Iter 244: loss = 0.001921,	Top-1 err = 57.180000,	Top-5 err = 33.140000,	train_time = 1.358774
TRAIN Iter 245: loss = 0.001921,	Top-1 err = 56.680000,	Top-5 err = 33.380000,	train_time = 1.364565
TRAIN Iter 246: loss = 0.001913,	Top-1 err = 54.200000,	Top-5 err = 31.740000,	train_time = 1.403800
TRAIN Iter 247: loss = 0.001987,	Top-1 err = 58.940000,	Top-5 err = 36.220000,	train_time = 1.471679
TRAIN Iter 248: loss = 0.001883,	Top-1 err = 52.620000,	Top-5 err = 29.700000,	train_time = 1.279997
TRAIN Iter 249: loss = 0.001945,	Top-1 err = 56.700000,	Top-5 err = 33.340000,	train_time = 1.406442
TEST:
Iter 249: loss = 1.691109,	Top-1 err = 42.230000,	Top-5 err = 16.300000,	val_time = 0.808400
TRAIN Iter 250: loss = 0.001914,	Top-1 err = 55.780000,	Top-5 err = 31.880000,	train_time = 1.311134
TRAIN Iter 251: loss = 0.001929,	Top-1 err = 56.920000,	Top-5 err = 33.440000,	train_time = 1.295321
TRAIN Iter 252: loss = 0.001916,	Top-1 err = 60.240000,	Top-5 err = 37.020000,	train_time = 1.417333
TRAIN Iter 253: loss = 0.001885,	Top-1 err = 55.980000,	Top-5 err = 32.060000,	train_time = 1.337373
TRAIN Iter 254: loss = 0.001879,	Top-1 err = 59.520000,	Top-5 err = 35.820000,	train_time = 1.358594
TRAIN Iter 255: loss = 0.001874,	Top-1 err = 55.700000,	Top-5 err = 31.980000,	train_time = 1.345504
TRAIN Iter 256: loss = 0.001857,	Top-1 err = 57.480000,	Top-5 err = 35.080000,	train_time = 1.296089
TRAIN Iter 257: loss = 0.001859,	Top-1 err = 55.840000,	Top-5 err = 32.080000,	train_time = 1.477500
TRAIN Iter 258: loss = 0.001843,	Top-1 err = 55.380000,	Top-5 err = 31.820000,	train_time = 1.304217
TRAIN Iter 259: loss = 0.001859,	Top-1 err = 56.780000,	Top-5 err = 34.580000,	train_time = 1.354461
TEST:
Iter 259: loss = 1.659690,	Top-1 err = 41.770000,	Top-5 err = 16.080000,	val_time = 0.758881
TRAIN Iter 260: loss = 0.001889,	Top-1 err = 54.640000,	Top-5 err = 31.440000,	train_time = 1.388853
TRAIN Iter 261: loss = 0.001859,	Top-1 err = 56.180000,	Top-5 err = 32.820000,	train_time = 1.399847
TRAIN Iter 262: loss = 0.001872,	Top-1 err = 60.040000,	Top-5 err = 37.600000,	train_time = 1.385183
TRAIN Iter 263: loss = 0.001879,	Top-1 err = 57.440000,	Top-5 err = 34.400000,	train_time = 1.416269
TRAIN Iter 264: loss = 0.001816,	Top-1 err = 54.280000,	Top-5 err = 30.860000,	train_time = 1.254694
TRAIN Iter 265: loss = 0.001797,	Top-1 err = 56.680000,	Top-5 err = 32.740000,	train_time = 1.396707
TRAIN Iter 266: loss = 0.001748,	Top-1 err = 53.920000,	Top-5 err = 30.460000,	train_time = 1.403025
TRAIN Iter 267: loss = 0.001865,	Top-1 err = 57.560000,	Top-5 err = 34.680000,	train_time = 1.351318
TRAIN Iter 268: loss = 0.001782,	Top-1 err = 54.520000,	Top-5 err = 33.020000,	train_time = 1.426458
TRAIN Iter 269: loss = 0.001841,	Top-1 err = 56.680000,	Top-5 err = 31.660000,	train_time = 1.274922
TEST:
Iter 269: loss = 1.671250,	Top-1 err = 42.260000,	Top-5 err = 15.940000,	val_time = 0.791024
TRAIN Iter 270: loss = 0.001763,	Top-1 err = 54.140000,	Top-5 err = 31.980000,	train_time = 1.424593
TRAIN Iter 271: loss = 0.001814,	Top-1 err = 56.140000,	Top-5 err = 33.600000,	train_time = 1.308717
TRAIN Iter 272: loss = 0.001767,	Top-1 err = 58.860000,	Top-5 err = 36.040000,	train_time = 1.335963
TRAIN Iter 273: loss = 0.001800,	Top-1 err = 56.700000,	Top-5 err = 33.740000,	train_time = 1.357005
TRAIN Iter 274: loss = 0.001808,	Top-1 err = 55.160000,	Top-5 err = 32.860000,	train_time = 1.329050
TRAIN Iter 275: loss = 0.001801,	Top-1 err = 59.060000,	Top-5 err = 37.040000,	train_time = 1.325828
TRAIN Iter 276: loss = 0.001778,	Top-1 err = 56.720000,	Top-5 err = 34.340000,	train_time = 1.381140
TRAIN Iter 277: loss = 0.001768,	Top-1 err = 55.540000,	Top-5 err = 31.740000,	train_time = 1.297014
TRAIN Iter 278: loss = 0.001762,	Top-1 err = 58.440000,	Top-5 err = 33.540000,	train_time = 1.287099
TRAIN Iter 279: loss = 0.001731,	Top-1 err = 57.420000,	Top-5 err = 34.580000,	train_time = 1.387178
TEST:
Iter 279: loss = 1.650094,	Top-1 err = 41.970000,	Top-5 err = 15.670000,	val_time = 0.716341
TRAIN Iter 280: loss = 0.001807,	Top-1 err = 57.060000,	Top-5 err = 34.100000,	train_time = 1.300440
TRAIN Iter 281: loss = 0.001789,	Top-1 err = 55.300000,	Top-5 err = 32.060000,	train_time = 1.376317
TRAIN Iter 282: loss = 0.001758,	Top-1 err = 60.760000,	Top-5 err = 38.200000,	train_time = 1.436218
TRAIN Iter 283: loss = 0.001723,	Top-1 err = 56.360000,	Top-5 err = 33.320000,	train_time = 1.356646
TRAIN Iter 284: loss = 0.001707,	Top-1 err = 55.360000,	Top-5 err = 32.680000,	train_time = 1.359820
TRAIN Iter 285: loss = 0.001737,	Top-1 err = 55.320000,	Top-5 err = 31.920000,	train_time = 1.378937
TRAIN Iter 286: loss = 0.001761,	Top-1 err = 57.280000,	Top-5 err = 34.160000,	train_time = 1.327306
TRAIN Iter 287: loss = 0.001695,	Top-1 err = 60.280000,	Top-5 err = 37.180000,	train_time = 1.350630
TRAIN Iter 288: loss = 0.001732,	Top-1 err = 54.440000,	Top-5 err = 33.460000,	train_time = 1.390131
TRAIN Iter 289: loss = 0.001764,	Top-1 err = 58.320000,	Top-5 err = 35.640000,	train_time = 1.385899
TEST:
Iter 289: loss = 1.666082,	Top-1 err = 42.600000,	Top-5 err = 15.970000,	val_time = 0.837499
TRAIN Iter 290: loss = 0.001719,	Top-1 err = 56.200000,	Top-5 err = 34.320000,	train_time = 1.352125
TRAIN Iter 291: loss = 0.001763,	Top-1 err = 57.600000,	Top-5 err = 33.380000,	train_time = 1.395339
TRAIN Iter 292: loss = 0.001731,	Top-1 err = 55.760000,	Top-5 err = 31.540000,	train_time = 1.384684
TRAIN Iter 293: loss = 0.001694,	Top-1 err = 56.280000,	Top-5 err = 32.680000,	train_time = 1.270912
TRAIN Iter 294: loss = 0.001698,	Top-1 err = 54.560000,	Top-5 err = 32.000000,	train_time = 1.346409
TRAIN Iter 295: loss = 0.001709,	Top-1 err = 55.020000,	Top-5 err = 32.360000,	train_time = 1.335394
TRAIN Iter 296: loss = 0.001712,	Top-1 err = 55.520000,	Top-5 err = 31.900000,	train_time = 1.335138
TRAIN Iter 297: loss = 0.001678,	Top-1 err = 52.280000,	Top-5 err = 30.040000,	train_time = 1.387220
TRAIN Iter 298: loss = 0.001715,	Top-1 err = 59.420000,	Top-5 err = 38.260000,	train_time = 1.377876
TRAIN Iter 299: loss = 0.001710,	Top-1 err = 55.960000,	Top-5 err = 32.360000,	train_time = 1.309261
TEST:
Iter 299: loss = 1.656704,	Top-1 err = 41.730000,	Top-5 err = 15.980000,	val_time = 0.747576
Train Finish! Best accuracy is 58.27@299
