/home/dvspanos/miniconda3/envs/rded/lib/python3.10/site-packages/torch/cuda/__init__.py:611: UserWarning: Can't initialize NVML
  warnings.warn("Can't initialize NVML")
=> using pytorch pre-trained teacher model 'conv3'
process data from /home/dvspanos/nikos/ca2d/artifacts/rded_sets/bench_cifar100_conv_el2nw60_ipc10
load data successfully
TRAIN Iter 0: loss = 0.020023,	Top-1 err = 97.900000,	Top-5 err = 89.400000,	train_time = 1.106705
TRAIN Iter 1: loss = 0.018754,	Top-1 err = 95.800000,	Top-5 err = 82.300000,	train_time = 0.372941
TRAIN Iter 2: loss = 0.017075,	Top-1 err = 94.600000,	Top-5 err = 78.900000,	train_time = 0.405140
TRAIN Iter 3: loss = 0.016616,	Top-1 err = 92.800000,	Top-5 err = 77.000000,	train_time = 0.410901
TRAIN Iter 4: loss = 0.015866,	Top-1 err = 93.400000,	Top-5 err = 74.300000,	train_time = 0.366680
TRAIN Iter 5: loss = 0.014540,	Top-1 err = 91.900000,	Top-5 err = 72.600000,	train_time = 0.399598
TRAIN Iter 6: loss = 0.014353,	Top-1 err = 93.700000,	Top-5 err = 73.800000,	train_time = 0.382758
TRAIN Iter 7: loss = 0.013847,	Top-1 err = 92.000000,	Top-5 err = 73.800000,	train_time = 0.423326
TRAIN Iter 8: loss = 0.013422,	Top-1 err = 89.200000,	Top-5 err = 66.600000,	train_time = 0.416249
TRAIN Iter 9: loss = 0.013479,	Top-1 err = 89.300000,	Top-5 err = 68.700000,	train_time = 0.405767
TRAIN Iter 10: loss = 0.012903,	Top-1 err = 88.700000,	Top-5 err = 65.200000,	train_time = 0.352031
TRAIN Iter 11: loss = 0.012160,	Top-1 err = 87.300000,	Top-5 err = 65.400000,	train_time = 0.412787
TRAIN Iter 12: loss = 0.011474,	Top-1 err = 85.600000,	Top-5 err = 58.700000,	train_time = 0.387613
TRAIN Iter 13: loss = 0.011408,	Top-1 err = 85.500000,	Top-5 err = 60.900000,	train_time = 0.382725
TRAIN Iter 14: loss = 0.011166,	Top-1 err = 85.900000,	Top-5 err = 61.700000,	train_time = 0.336687
TRAIN Iter 15: loss = 0.010794,	Top-1 err = 80.800000,	Top-5 err = 51.400000,	train_time = 0.398717
TRAIN Iter 16: loss = 0.010415,	Top-1 err = 82.600000,	Top-5 err = 57.100000,	train_time = 0.374298
TRAIN Iter 17: loss = 0.010410,	Top-1 err = 82.300000,	Top-5 err = 58.200000,	train_time = 0.409238
TRAIN Iter 18: loss = 0.009977,	Top-1 err = 81.700000,	Top-5 err = 56.600000,	train_time = 0.398251
TRAIN Iter 19: loss = 0.010149,	Top-1 err = 81.800000,	Top-5 err = 58.800000,	train_time = 0.370254
TRAIN Iter 20: loss = 0.009413,	Top-1 err = 80.500000,	Top-5 err = 54.200000,	train_time = 0.365697
TRAIN Iter 21: loss = 0.009504,	Top-1 err = 78.900000,	Top-5 err = 51.400000,	train_time = 0.398683
TRAIN Iter 22: loss = 0.008844,	Top-1 err = 80.800000,	Top-5 err = 55.300000,	train_time = 0.396417
TRAIN Iter 23: loss = 0.009130,	Top-1 err = 74.700000,	Top-5 err = 45.600000,	train_time = 0.381552
TRAIN Iter 24: loss = 0.008970,	Top-1 err = 84.000000,	Top-5 err = 59.100000,	train_time = 0.366184
TRAIN Iter 25: loss = 0.008676,	Top-1 err = 78.600000,	Top-5 err = 49.600000,	train_time = 0.386788
TRAIN Iter 26: loss = 0.008542,	Top-1 err = 76.000000,	Top-5 err = 50.000000,	train_time = 0.364356
TRAIN Iter 27: loss = 0.008613,	Top-1 err = 76.200000,	Top-5 err = 48.300000,	train_time = 0.376392
TRAIN Iter 28: loss = 0.008376,	Top-1 err = 76.200000,	Top-5 err = 50.300000,	train_time = 0.382173
TRAIN Iter 29: loss = 0.008336,	Top-1 err = 72.700000,	Top-5 err = 42.100000,	train_time = 0.399859
TRAIN Iter 30: loss = 0.008008,	Top-1 err = 77.600000,	Top-5 err = 51.000000,	train_time = 0.383954
TRAIN Iter 31: loss = 0.007857,	Top-1 err = 73.500000,	Top-5 err = 43.400000,	train_time = 0.413593
TRAIN Iter 32: loss = 0.007601,	Top-1 err = 78.800000,	Top-5 err = 51.400000,	train_time = 0.352252
TRAIN Iter 33: loss = 0.007677,	Top-1 err = 71.300000,	Top-5 err = 41.900000,	train_time = 0.393524
TRAIN Iter 34: loss = 0.007529,	Top-1 err = 72.200000,	Top-5 err = 43.800000,	train_time = 0.355384
TRAIN Iter 35: loss = 0.007301,	Top-1 err = 71.700000,	Top-5 err = 43.800000,	train_time = 0.404063
TRAIN Iter 36: loss = 0.007209,	Top-1 err = 69.800000,	Top-5 err = 42.100000,	train_time = 0.402093
TRAIN Iter 37: loss = 0.007410,	Top-1 err = 73.800000,	Top-5 err = 46.100000,	train_time = 0.374994
TRAIN Iter 38: loss = 0.007240,	Top-1 err = 73.700000,	Top-5 err = 44.600000,	train_time = 0.405446
TRAIN Iter 39: loss = 0.007242,	Top-1 err = 69.500000,	Top-5 err = 39.600000,	train_time = 0.380292
TRAIN Iter 40: loss = 0.006863,	Top-1 err = 71.700000,	Top-5 err = 45.900000,	train_time = 0.374446
TRAIN Iter 41: loss = 0.006819,	Top-1 err = 71.900000,	Top-5 err = 40.900000,	train_time = 0.380463
TRAIN Iter 42: loss = 0.006948,	Top-1 err = 73.100000,	Top-5 err = 47.900000,	train_time = 0.405082
TRAIN Iter 43: loss = 0.006962,	Top-1 err = 76.500000,	Top-5 err = 50.100000,	train_time = 0.397238
TRAIN Iter 44: loss = 0.006822,	Top-1 err = 72.600000,	Top-5 err = 44.400000,	train_time = 0.379007
TRAIN Iter 45: loss = 0.006565,	Top-1 err = 69.600000,	Top-5 err = 41.500000,	train_time = 0.351675
TRAIN Iter 46: loss = 0.006811,	Top-1 err = 72.500000,	Top-5 err = 45.900000,	train_time = 0.391726
TRAIN Iter 47: loss = 0.006681,	Top-1 err = 71.900000,	Top-5 err = 45.800000,	train_time = 0.384676
TRAIN Iter 48: loss = 0.006664,	Top-1 err = 74.000000,	Top-5 err = 48.600000,	train_time = 0.411445
TRAIN Iter 49: loss = 0.006527,	Top-1 err = 76.800000,	Top-5 err = 50.000000,	train_time = 0.399091
TRAIN Iter 50: loss = 0.006388,	Top-1 err = 68.300000,	Top-5 err = 41.000000,	train_time = 0.383337
TRAIN Iter 51: loss = 0.006635,	Top-1 err = 70.900000,	Top-5 err = 44.700000,	train_time = 0.359753
TRAIN Iter 52: loss = 0.006244,	Top-1 err = 71.500000,	Top-5 err = 45.600000,	train_time = 0.414239
TRAIN Iter 53: loss = 0.006343,	Top-1 err = 68.700000,	Top-5 err = 39.800000,	train_time = 0.401682
TRAIN Iter 54: loss = 0.006188,	Top-1 err = 68.100000,	Top-5 err = 39.200000,	train_time = 0.476095
TRAIN Iter 55: loss = 0.006118,	Top-1 err = 62.700000,	Top-5 err = 35.600000,	train_time = 0.390645
TRAIN Iter 56: loss = 0.006169,	Top-1 err = 70.100000,	Top-5 err = 43.400000,	train_time = 0.374024
TRAIN Iter 57: loss = 0.005884,	Top-1 err = 64.900000,	Top-5 err = 33.600000,	train_time = 0.359581
TRAIN Iter 58: loss = 0.005811,	Top-1 err = 67.500000,	Top-5 err = 40.500000,	train_time = 0.378951
TRAIN Iter 59: loss = 0.006106,	Top-1 err = 66.100000,	Top-5 err = 38.700000,	train_time = 0.380527
TRAIN Iter 60: loss = 0.005666,	Top-1 err = 64.700000,	Top-5 err = 35.500000,	train_time = 0.388224
TRAIN Iter 61: loss = 0.005804,	Top-1 err = 67.600000,	Top-5 err = 40.700000,	train_time = 0.416175
TRAIN Iter 62: loss = 0.005908,	Top-1 err = 68.800000,	Top-5 err = 41.100000,	train_time = 0.394358
TRAIN Iter 63: loss = 0.005944,	Top-1 err = 72.800000,	Top-5 err = 44.600000,	train_time = 0.422033
TRAIN Iter 64: loss = 0.005960,	Top-1 err = 72.100000,	Top-5 err = 43.200000,	train_time = 0.380162
TRAIN Iter 65: loss = 0.005881,	Top-1 err = 68.900000,	Top-5 err = 41.200000,	train_time = 0.390034
TRAIN Iter 66: loss = 0.005789,	Top-1 err = 66.200000,	Top-5 err = 39.100000,	train_time = 0.387857
TRAIN Iter 67: loss = 0.005583,	Top-1 err = 66.900000,	Top-5 err = 40.400000,	train_time = 0.388810
TRAIN Iter 68: loss = 0.005823,	Top-1 err = 72.200000,	Top-5 err = 47.800000,	train_time = 0.383051
TRAIN Iter 69: loss = 0.005766,	Top-1 err = 67.100000,	Top-5 err = 41.300000,	train_time = 0.376562
TRAIN Iter 70: loss = 0.005413,	Top-1 err = 61.500000,	Top-5 err = 32.100000,	train_time = 0.414243
TRAIN Iter 71: loss = 0.005206,	Top-1 err = 66.800000,	Top-5 err = 38.400000,	train_time = 0.392117
TRAIN Iter 72: loss = 0.005324,	Top-1 err = 65.600000,	Top-5 err = 37.000000,	train_time = 0.392107
TRAIN Iter 73: loss = 0.005451,	Top-1 err = 70.400000,	Top-5 err = 43.600000,	train_time = 0.380659
TRAIN Iter 74: loss = 0.005328,	Top-1 err = 64.300000,	Top-5 err = 35.300000,	train_time = 0.341213
TRAIN Iter 75: loss = 0.005283,	Top-1 err = 64.800000,	Top-5 err = 38.700000,	train_time = 0.383156
TRAIN Iter 76: loss = 0.005316,	Top-1 err = 63.800000,	Top-5 err = 37.600000,	train_time = 0.386291
TRAIN Iter 77: loss = 0.005377,	Top-1 err = 66.000000,	Top-5 err = 43.000000,	train_time = 0.400637
TRAIN Iter 78: loss = 0.005620,	Top-1 err = 71.500000,	Top-5 err = 42.900000,	train_time = 0.400776
TRAIN Iter 79: loss = 0.005408,	Top-1 err = 72.300000,	Top-5 err = 46.100000,	train_time = 0.392126
TRAIN Iter 80: loss = 0.005079,	Top-1 err = 61.600000,	Top-5 err = 33.900000,	train_time = 0.396637
TRAIN Iter 81: loss = 0.005086,	Top-1 err = 61.400000,	Top-5 err = 36.700000,	train_time = 0.405914
TRAIN Iter 82: loss = 0.005187,	Top-1 err = 61.200000,	Top-5 err = 34.900000,	train_time = 0.396285
TRAIN Iter 83: loss = 0.005225,	Top-1 err = 70.500000,	Top-5 err = 42.900000,	train_time = 0.377284
TRAIN Iter 84: loss = 0.005295,	Top-1 err = 70.200000,	Top-5 err = 44.700000,	train_time = 0.358970
TRAIN Iter 85: loss = 0.005348,	Top-1 err = 71.800000,	Top-5 err = 49.700000,	train_time = 0.401173
TRAIN Iter 86: loss = 0.005171,	Top-1 err = 65.900000,	Top-5 err = 37.900000,	train_time = 0.360469
TRAIN Iter 87: loss = 0.005104,	Top-1 err = 68.700000,	Top-5 err = 45.800000,	train_time = 0.395812
TRAIN Iter 88: loss = 0.004919,	Top-1 err = 65.100000,	Top-5 err = 36.600000,	train_time = 0.392287
TRAIN Iter 89: loss = 0.005186,	Top-1 err = 67.300000,	Top-5 err = 42.300000,	train_time = 0.397700
TRAIN Iter 90: loss = 0.005056,	Top-1 err = 67.500000,	Top-5 err = 39.800000,	train_time = 0.388899
TRAIN Iter 91: loss = 0.004885,	Top-1 err = 56.300000,	Top-5 err = 31.100000,	train_time = 0.388932
TRAIN Iter 92: loss = 0.004879,	Top-1 err = 63.500000,	Top-5 err = 35.500000,	train_time = 0.402809
TRAIN Iter 93: loss = 0.004907,	Top-1 err = 62.200000,	Top-5 err = 33.500000,	train_time = 0.396951
TRAIN Iter 94: loss = 0.005022,	Top-1 err = 64.300000,	Top-5 err = 37.700000,	train_time = 0.400155
TRAIN Iter 95: loss = 0.004996,	Top-1 err = 64.200000,	Top-5 err = 38.700000,	train_time = 0.391952
TRAIN Iter 96: loss = 0.004879,	Top-1 err = 66.600000,	Top-5 err = 40.700000,	train_time = 0.422549
TRAIN Iter 97: loss = 0.004883,	Top-1 err = 68.400000,	Top-5 err = 44.100000,	train_time = 0.402196
TRAIN Iter 98: loss = 0.005049,	Top-1 err = 64.100000,	Top-5 err = 37.600000,	train_time = 0.422481
TRAIN Iter 99: loss = 0.004911,	Top-1 err = 63.400000,	Top-5 err = 36.100000,	train_time = 0.405690
TRAIN Iter 100: loss = 0.004519,	Top-1 err = 61.200000,	Top-5 err = 34.100000,	train_time = 0.399487
TRAIN Iter 101: loss = 0.004735,	Top-1 err = 69.300000,	Top-5 err = 43.800000,	train_time = 0.405222
TRAIN Iter 102: loss = 0.004816,	Top-1 err = 68.400000,	Top-5 err = 44.200000,	train_time = 0.388631
TRAIN Iter 103: loss = 0.004804,	Top-1 err = 68.000000,	Top-5 err = 43.200000,	train_time = 0.385186
TRAIN Iter 104: loss = 0.004530,	Top-1 err = 60.100000,	Top-5 err = 32.100000,	train_time = 0.406972
TRAIN Iter 105: loss = 0.004639,	Top-1 err = 57.700000,	Top-5 err = 29.600000,	train_time = 0.388904
TRAIN Iter 106: loss = 0.004616,	Top-1 err = 66.100000,	Top-5 err = 39.500000,	train_time = 0.386805
TRAIN Iter 107: loss = 0.004633,	Top-1 err = 62.200000,	Top-5 err = 34.900000,	train_time = 0.389777
TRAIN Iter 108: loss = 0.004643,	Top-1 err = 67.600000,	Top-5 err = 43.000000,	train_time = 0.341174
TRAIN Iter 109: loss = 0.004662,	Top-1 err = 59.800000,	Top-5 err = 34.400000,	train_time = 0.385840
TRAIN Iter 110: loss = 0.004591,	Top-1 err = 64.200000,	Top-5 err = 37.900000,	train_time = 0.431341
TRAIN Iter 111: loss = 0.004448,	Top-1 err = 57.100000,	Top-5 err = 29.900000,	train_time = 0.363532
TRAIN Iter 112: loss = 0.004178,	Top-1 err = 55.600000,	Top-5 err = 28.000000,	train_time = 0.400820
TRAIN Iter 113: loss = 0.004561,	Top-1 err = 62.400000,	Top-5 err = 32.300000,	train_time = 0.377814
TRAIN Iter 114: loss = 0.004687,	Top-1 err = 71.400000,	Top-5 err = 44.300000,	train_time = 0.407053
TRAIN Iter 115: loss = 0.004614,	Top-1 err = 68.500000,	Top-5 err = 42.000000,	train_time = 0.354460
TRAIN Iter 116: loss = 0.004546,	Top-1 err = 65.200000,	Top-5 err = 42.100000,	train_time = 0.364483
TRAIN Iter 117: loss = 0.004461,	Top-1 err = 65.800000,	Top-5 err = 40.700000,	train_time = 0.400248
TRAIN Iter 118: loss = 0.004435,	Top-1 err = 61.600000,	Top-5 err = 34.700000,	train_time = 0.365509
TRAIN Iter 119: loss = 0.004556,	Top-1 err = 67.200000,	Top-5 err = 39.000000,	train_time = 0.392194
TRAIN Iter 120: loss = 0.004432,	Top-1 err = 61.600000,	Top-5 err = 37.100000,	train_time = 0.374402
TRAIN Iter 121: loss = 0.004284,	Top-1 err = 57.200000,	Top-5 err = 31.500000,	train_time = 0.382356
TRAIN Iter 122: loss = 0.004347,	Top-1 err = 62.800000,	Top-5 err = 36.300000,	train_time = 0.402686
TRAIN Iter 123: loss = 0.004390,	Top-1 err = 61.500000,	Top-5 err = 35.000000,	train_time = 0.384709
TRAIN Iter 124: loss = 0.004455,	Top-1 err = 59.600000,	Top-5 err = 33.300000,	train_time = 0.413813
TRAIN Iter 125: loss = 0.004515,	Top-1 err = 64.200000,	Top-5 err = 36.800000,	train_time = 0.419155
TRAIN Iter 126: loss = 0.004465,	Top-1 err = 60.700000,	Top-5 err = 36.000000,	train_time = 0.406251
TRAIN Iter 127: loss = 0.004485,	Top-1 err = 70.500000,	Top-5 err = 45.000000,	train_time = 0.409268
TRAIN Iter 128: loss = 0.004296,	Top-1 err = 63.000000,	Top-5 err = 36.500000,	train_time = 0.425486
TRAIN Iter 129: loss = 0.004264,	Top-1 err = 65.600000,	Top-5 err = 37.700000,	train_time = 0.414542
TRAIN Iter 130: loss = 0.004235,	Top-1 err = 61.800000,	Top-5 err = 35.600000,	train_time = 0.373986
TRAIN Iter 131: loss = 0.004261,	Top-1 err = 60.800000,	Top-5 err = 34.800000,	train_time = 0.384575
TRAIN Iter 132: loss = 0.004246,	Top-1 err = 68.600000,	Top-5 err = 41.800000,	train_time = 0.417847
TRAIN Iter 133: loss = 0.004163,	Top-1 err = 65.100000,	Top-5 err = 42.700000,	train_time = 0.394385
TRAIN Iter 134: loss = 0.004163,	Top-1 err = 60.100000,	Top-5 err = 31.500000,	train_time = 0.427642
TRAIN Iter 135: loss = 0.004625,	Top-1 err = 67.800000,	Top-5 err = 44.400000,	train_time = 0.374086
TRAIN Iter 136: loss = 0.004264,	Top-1 err = 60.400000,	Top-5 err = 34.900000,	train_time = 0.339453
TRAIN Iter 137: loss = 0.004096,	Top-1 err = 64.300000,	Top-5 err = 36.300000,	train_time = 0.389526
TRAIN Iter 138: loss = 0.004189,	Top-1 err = 57.100000,	Top-5 err = 31.000000,	train_time = 0.373503
TRAIN Iter 139: loss = 0.004193,	Top-1 err = 64.000000,	Top-5 err = 35.000000,	train_time = 0.385004
TRAIN Iter 140: loss = 0.004207,	Top-1 err = 62.800000,	Top-5 err = 37.800000,	train_time = 0.423773
TRAIN Iter 141: loss = 0.004194,	Top-1 err = 63.400000,	Top-5 err = 34.400000,	train_time = 0.392204
TRAIN Iter 142: loss = 0.004040,	Top-1 err = 60.400000,	Top-5 err = 34.300000,	train_time = 0.395574
TRAIN Iter 143: loss = 0.004280,	Top-1 err = 63.700000,	Top-5 err = 34.700000,	train_time = 0.401288
TRAIN Iter 144: loss = 0.004267,	Top-1 err = 61.800000,	Top-5 err = 37.800000,	train_time = 0.363793
TRAIN Iter 145: loss = 0.004007,	Top-1 err = 57.300000,	Top-5 err = 29.800000,	train_time = 0.404855
TRAIN Iter 146: loss = 0.003939,	Top-1 err = 57.100000,	Top-5 err = 31.700000,	train_time = 0.421725
TRAIN Iter 147: loss = 0.004271,	Top-1 err = 68.700000,	Top-5 err = 41.300000,	train_time = 0.406455
TRAIN Iter 148: loss = 0.003992,	Top-1 err = 55.300000,	Top-5 err = 28.800000,	train_time = 0.358674
TRAIN Iter 149: loss = 0.004200,	Top-1 err = 62.800000,	Top-5 err = 35.900000,	train_time = 0.376895
TRAIN Iter 150: loss = 0.004008,	Top-1 err = 60.100000,	Top-5 err = 36.000000,	train_time = 0.386339
TRAIN Iter 151: loss = 0.003832,	Top-1 err = 62.900000,	Top-5 err = 38.700000,	train_time = 0.378640
TRAIN Iter 152: loss = 0.004014,	Top-1 err = 59.300000,	Top-5 err = 34.500000,	train_time = 0.395987
TRAIN Iter 153: loss = 0.004058,	Top-1 err = 64.200000,	Top-5 err = 39.100000,	train_time = 0.422905
TRAIN Iter 154: loss = 0.004098,	Top-1 err = 62.600000,	Top-5 err = 35.800000,	train_time = 0.379171
TRAIN Iter 155: loss = 0.004027,	Top-1 err = 63.800000,	Top-5 err = 35.100000,	train_time = 0.388541
TRAIN Iter 156: loss = 0.003972,	Top-1 err = 63.700000,	Top-5 err = 34.500000,	train_time = 0.354414
TRAIN Iter 157: loss = 0.004019,	Top-1 err = 58.600000,	Top-5 err = 30.800000,	train_time = 0.400621
TRAIN Iter 158: loss = 0.004015,	Top-1 err = 64.800000,	Top-5 err = 37.700000,	train_time = 0.395549
TRAIN Iter 159: loss = 0.003979,	Top-1 err = 64.800000,	Top-5 err = 37.100000,	train_time = 0.412150
TRAIN Iter 160: loss = 0.004071,	Top-1 err = 63.300000,	Top-5 err = 38.700000,	train_time = 0.397571
TRAIN Iter 161: loss = 0.003951,	Top-1 err = 59.600000,	Top-5 err = 34.100000,	train_time = 0.385041
TRAIN Iter 162: loss = 0.004092,	Top-1 err = 63.700000,	Top-5 err = 37.700000,	train_time = 0.392914
TRAIN Iter 163: loss = 0.003723,	Top-1 err = 52.000000,	Top-5 err = 25.700000,	train_time = 0.390921
TRAIN Iter 164: loss = 0.003756,	Top-1 err = 59.500000,	Top-5 err = 35.500000,	train_time = 0.393250
TRAIN Iter 165: loss = 0.003865,	Top-1 err = 57.900000,	Top-5 err = 33.500000,	train_time = 0.418663
TRAIN Iter 166: loss = 0.003719,	Top-1 err = 59.100000,	Top-5 err = 34.700000,	train_time = 0.385744
TRAIN Iter 167: loss = 0.003738,	Top-1 err = 56.400000,	Top-5 err = 31.200000,	train_time = 0.360901
TRAIN Iter 168: loss = 0.003952,	Top-1 err = 65.500000,	Top-5 err = 35.500000,	train_time = 0.449083
TRAIN Iter 169: loss = 0.004008,	Top-1 err = 65.800000,	Top-5 err = 38.400000,	train_time = 0.384676
TRAIN Iter 170: loss = 0.003947,	Top-1 err = 65.300000,	Top-5 err = 40.500000,	train_time = 0.374335
TRAIN Iter 171: loss = 0.004071,	Top-1 err = 68.100000,	Top-5 err = 42.100000,	train_time = 0.421833
TRAIN Iter 172: loss = 0.003892,	Top-1 err = 65.800000,	Top-5 err = 39.300000,	train_time = 0.366392
TRAIN Iter 173: loss = 0.003973,	Top-1 err = 67.300000,	Top-5 err = 43.400000,	train_time = 0.379481
TRAIN Iter 174: loss = 0.004000,	Top-1 err = 62.800000,	Top-5 err = 37.300000,	train_time = 0.385688
TRAIN Iter 175: loss = 0.004211,	Top-1 err = 65.300000,	Top-5 err = 40.200000,	train_time = 0.392715
TRAIN Iter 176: loss = 0.003780,	Top-1 err = 62.600000,	Top-5 err = 36.200000,	train_time = 0.384633
TRAIN Iter 177: loss = 0.003924,	Top-1 err = 62.300000,	Top-5 err = 35.500000,	train_time = 0.409497
TRAIN Iter 178: loss = 0.003819,	Top-1 err = 62.400000,	Top-5 err = 34.900000,	train_time = 0.379215
TRAIN Iter 179: loss = 0.003682,	Top-1 err = 57.800000,	Top-5 err = 32.800000,	train_time = 0.392236
TRAIN Iter 180: loss = 0.003772,	Top-1 err = 63.900000,	Top-5 err = 39.300000,	train_time = 0.364338
TRAIN Iter 181: loss = 0.003822,	Top-1 err = 65.100000,	Top-5 err = 41.000000,	train_time = 0.396405
TRAIN Iter 182: loss = 0.003790,	Top-1 err = 59.900000,	Top-5 err = 36.000000,	train_time = 0.403430
TRAIN Iter 183: loss = 0.003941,	Top-1 err = 64.800000,	Top-5 err = 40.100000,	train_time = 0.399002
TRAIN Iter 184: loss = 0.003878,	Top-1 err = 67.500000,	Top-5 err = 43.900000,	train_time = 0.361659
TRAIN Iter 185: loss = 0.004187,	Top-1 err = 70.400000,	Top-5 err = 47.000000,	train_time = 0.363178
TRAIN Iter 186: loss = 0.003704,	Top-1 err = 62.900000,	Top-5 err = 34.900000,	train_time = 0.402690
TRAIN Iter 187: loss = 0.003966,	Top-1 err = 69.200000,	Top-5 err = 45.600000,	train_time = 0.388314
TRAIN Iter 188: loss = 0.003912,	Top-1 err = 68.300000,	Top-5 err = 42.900000,	train_time = 0.424652
TRAIN Iter 189: loss = 0.003705,	Top-1 err = 58.700000,	Top-5 err = 31.400000,	train_time = 0.386607
TRAIN Iter 190: loss = 0.003799,	Top-1 err = 67.500000,	Top-5 err = 40.300000,	train_time = 0.396332
TRAIN Iter 191: loss = 0.003651,	Top-1 err = 53.300000,	Top-5 err = 24.200000,	train_time = 0.387594
TRAIN Iter 192: loss = 0.003825,	Top-1 err = 63.200000,	Top-5 err = 40.200000,	train_time = 0.374521
TRAIN Iter 193: loss = 0.003811,	Top-1 err = 58.000000,	Top-5 err = 34.100000,	train_time = 0.401905
TRAIN Iter 194: loss = 0.003697,	Top-1 err = 59.300000,	Top-5 err = 34.200000,	train_time = 0.373816
TRAIN Iter 195: loss = 0.003642,	Top-1 err = 60.900000,	Top-5 err = 34.300000,	train_time = 0.396150
TRAIN Iter 196: loss = 0.003653,	Top-1 err = 60.100000,	Top-5 err = 33.600000,	train_time = 0.404074
TRAIN Iter 197: loss = 0.003753,	Top-1 err = 60.000000,	Top-5 err = 34.900000,	train_time = 0.385278
TRAIN Iter 198: loss = 0.003622,	Top-1 err = 58.200000,	Top-5 err = 31.400000,	train_time = 0.384732
TRAIN Iter 199: loss = 0.003600,	Top-1 err = 63.700000,	Top-5 err = 36.700000,	train_time = 0.377338
TRAIN Iter 200: loss = 0.003605,	Top-1 err = 60.400000,	Top-5 err = 34.600000,	train_time = 0.410881
TRAIN Iter 201: loss = 0.003482,	Top-1 err = 60.300000,	Top-5 err = 32.900000,	train_time = 0.410544
TRAIN Iter 202: loss = 0.003662,	Top-1 err = 62.200000,	Top-5 err = 34.600000,	train_time = 0.368826
TRAIN Iter 203: loss = 0.003592,	Top-1 err = 62.700000,	Top-5 err = 37.000000,	train_time = 0.413346
TRAIN Iter 204: loss = 0.003652,	Top-1 err = 58.500000,	Top-5 err = 32.900000,	train_time = 0.387701
TRAIN Iter 205: loss = 0.003575,	Top-1 err = 64.600000,	Top-5 err = 38.300000,	train_time = 0.397969
TRAIN Iter 206: loss = 0.003557,	Top-1 err = 59.300000,	Top-5 err = 35.300000,	train_time = 0.389636
TRAIN Iter 207: loss = 0.003701,	Top-1 err = 65.200000,	Top-5 err = 40.900000,	train_time = 0.343292
TRAIN Iter 208: loss = 0.003942,	Top-1 err = 59.900000,	Top-5 err = 33.900000,	train_time = 0.374859
TRAIN Iter 209: loss = 0.003731,	Top-1 err = 63.900000,	Top-5 err = 36.900000,	train_time = 0.416454
TRAIN Iter 210: loss = 0.003540,	Top-1 err = 58.000000,	Top-5 err = 32.200000,	train_time = 0.368650
TRAIN Iter 211: loss = 0.003547,	Top-1 err = 59.300000,	Top-5 err = 31.700000,	train_time = 0.397253
TRAIN Iter 212: loss = 0.003370,	Top-1 err = 53.600000,	Top-5 err = 28.700000,	train_time = 0.438278
TRAIN Iter 213: loss = 0.003492,	Top-1 err = 58.800000,	Top-5 err = 36.400000,	train_time = 0.398530
TRAIN Iter 214: loss = 0.003537,	Top-1 err = 60.600000,	Top-5 err = 32.900000,	train_time = 0.328975
TRAIN Iter 215: loss = 0.003678,	Top-1 err = 68.600000,	Top-5 err = 42.700000,	train_time = 0.365439
TRAIN Iter 216: loss = 0.003419,	Top-1 err = 58.600000,	Top-5 err = 30.100000,	train_time = 0.393047
TRAIN Iter 217: loss = 0.003660,	Top-1 err = 63.200000,	Top-5 err = 37.300000,	train_time = 0.409827
TRAIN Iter 218: loss = 0.003545,	Top-1 err = 56.200000,	Top-5 err = 29.700000,	train_time = 0.347050
TRAIN Iter 219: loss = 0.003461,	Top-1 err = 59.400000,	Top-5 err = 35.400000,	train_time = 0.394832
TRAIN Iter 220: loss = 0.003477,	Top-1 err = 62.000000,	Top-5 err = 36.700000,	train_time = 0.411731
TRAIN Iter 221: loss = 0.003385,	Top-1 err = 57.200000,	Top-5 err = 31.500000,	train_time = 0.391556
TRAIN Iter 222: loss = 0.003579,	Top-1 err = 67.300000,	Top-5 err = 42.600000,	train_time = 0.398242
TRAIN Iter 223: loss = 0.003468,	Top-1 err = 60.300000,	Top-5 err = 36.100000,	train_time = 0.384344
TRAIN Iter 224: loss = 0.003362,	Top-1 err = 60.000000,	Top-5 err = 32.300000,	train_time = 0.399126
TRAIN Iter 225: loss = 0.003448,	Top-1 err = 61.300000,	Top-5 err = 33.200000,	train_time = 0.430741
TRAIN Iter 226: loss = 0.003526,	Top-1 err = 61.600000,	Top-5 err = 35.800000,	train_time = 0.382252
TRAIN Iter 227: loss = 0.003464,	Top-1 err = 58.900000,	Top-5 err = 33.100000,	train_time = 0.374632
TRAIN Iter 228: loss = 0.003660,	Top-1 err = 63.300000,	Top-5 err = 34.900000,	train_time = 0.376208
TRAIN Iter 229: loss = 0.003561,	Top-1 err = 58.300000,	Top-5 err = 35.300000,	train_time = 0.391325
TRAIN Iter 230: loss = 0.003551,	Top-1 err = 60.500000,	Top-5 err = 36.400000,	train_time = 0.389791
TRAIN Iter 231: loss = 0.003554,	Top-1 err = 61.700000,	Top-5 err = 37.200000,	train_time = 0.400212
TRAIN Iter 232: loss = 0.003455,	Top-1 err = 61.400000,	Top-5 err = 40.700000,	train_time = 0.371504
TRAIN Iter 233: loss = 0.003422,	Top-1 err = 61.200000,	Top-5 err = 32.900000,	train_time = 0.394570
TRAIN Iter 234: loss = 0.003611,	Top-1 err = 68.700000,	Top-5 err = 43.900000,	train_time = 0.388187
TRAIN Iter 235: loss = 0.003704,	Top-1 err = 68.300000,	Top-5 err = 43.800000,	train_time = 0.385639
TRAIN Iter 236: loss = 0.003391,	Top-1 err = 58.300000,	Top-5 err = 30.800000,	train_time = 0.399274
TRAIN Iter 237: loss = 0.003477,	Top-1 err = 62.800000,	Top-5 err = 36.200000,	train_time = 0.352450
TRAIN Iter 238: loss = 0.003369,	Top-1 err = 61.800000,	Top-5 err = 34.300000,	train_time = 0.391943
TRAIN Iter 239: loss = 0.003290,	Top-1 err = 58.900000,	Top-5 err = 35.600000,	train_time = 0.415321
TRAIN Iter 240: loss = 0.003330,	Top-1 err = 59.100000,	Top-5 err = 33.500000,	train_time = 0.398738
TRAIN Iter 241: loss = 0.003348,	Top-1 err = 57.400000,	Top-5 err = 34.000000,	train_time = 0.396660
TRAIN Iter 242: loss = 0.003407,	Top-1 err = 62.600000,	Top-5 err = 37.600000,	train_time = 0.359146
TRAIN Iter 243: loss = 0.003324,	Top-1 err = 58.200000,	Top-5 err = 30.200000,	train_time = 0.396026
TRAIN Iter 244: loss = 0.003453,	Top-1 err = 63.800000,	Top-5 err = 39.400000,	train_time = 0.374772
TRAIN Iter 245: loss = 0.003283,	Top-1 err = 59.200000,	Top-5 err = 32.800000,	train_time = 0.426318
TRAIN Iter 246: loss = 0.003327,	Top-1 err = 62.100000,	Top-5 err = 36.000000,	train_time = 0.399083
TRAIN Iter 247: loss = 0.003403,	Top-1 err = 57.300000,	Top-5 err = 31.000000,	train_time = 0.388149
TRAIN Iter 248: loss = 0.003356,	Top-1 err = 58.600000,	Top-5 err = 33.400000,	train_time = 0.390477
TRAIN Iter 249: loss = 0.003320,	Top-1 err = 56.600000,	Top-5 err = 30.400000,	train_time = 0.416987
TEST:
Iter 249: loss = 1.977555,	Top-1 err = 50.540000,	Top-5 err = 20.970000,	val_time = 0.758047
TRAIN Iter 250: loss = 0.003283,	Top-1 err = 63.500000,	Top-5 err = 37.600000,	train_time = 0.413776
TRAIN Iter 251: loss = 0.003267,	Top-1 err = 61.300000,	Top-5 err = 35.300000,	train_time = 0.385648
TRAIN Iter 252: loss = 0.003374,	Top-1 err = 63.000000,	Top-5 err = 39.300000,	train_time = 0.402978
TRAIN Iter 253: loss = 0.003374,	Top-1 err = 59.600000,	Top-5 err = 33.600000,	train_time = 0.382946
TRAIN Iter 254: loss = 0.003310,	Top-1 err = 58.900000,	Top-5 err = 31.300000,	train_time = 0.369367
TRAIN Iter 255: loss = 0.003514,	Top-1 err = 67.500000,	Top-5 err = 42.600000,	train_time = 0.413284
TRAIN Iter 256: loss = 0.003354,	Top-1 err = 59.300000,	Top-5 err = 34.100000,	train_time = 0.394624
TRAIN Iter 257: loss = 0.003181,	Top-1 err = 59.200000,	Top-5 err = 32.900000,	train_time = 0.365155
TRAIN Iter 258: loss = 0.003430,	Top-1 err = 65.700000,	Top-5 err = 39.300000,	train_time = 0.389675
TRAIN Iter 259: loss = 0.003366,	Top-1 err = 63.800000,	Top-5 err = 35.200000,	train_time = 0.364940
TEST:
Iter 259: loss = 1.964405,	Top-1 err = 50.400000,	Top-5 err = 20.750000,	val_time = 0.776523
TRAIN Iter 260: loss = 0.003318,	Top-1 err = 56.400000,	Top-5 err = 31.200000,	train_time = 0.375746
TRAIN Iter 261: loss = 0.003347,	Top-1 err = 62.300000,	Top-5 err = 38.400000,	train_time = 0.375808
TRAIN Iter 262: loss = 0.003554,	Top-1 err = 63.900000,	Top-5 err = 40.700000,	train_time = 0.376895
TRAIN Iter 263: loss = 0.003315,	Top-1 err = 61.900000,	Top-5 err = 35.500000,	train_time = 0.418901
TRAIN Iter 264: loss = 0.003429,	Top-1 err = 63.800000,	Top-5 err = 35.700000,	train_time = 0.386197
TRAIN Iter 265: loss = 0.003329,	Top-1 err = 63.300000,	Top-5 err = 37.500000,	train_time = 0.411486
TRAIN Iter 266: loss = 0.003267,	Top-1 err = 62.000000,	Top-5 err = 35.900000,	train_time = 0.365849
TRAIN Iter 267: loss = 0.003060,	Top-1 err = 57.900000,	Top-5 err = 31.100000,	train_time = 0.386981
TRAIN Iter 268: loss = 0.003173,	Top-1 err = 58.600000,	Top-5 err = 31.600000,	train_time = 0.372705
TRAIN Iter 269: loss = 0.003291,	Top-1 err = 64.900000,	Top-5 err = 37.700000,	train_time = 0.385354
TEST:
Iter 269: loss = 1.967048,	Top-1 err = 50.400000,	Top-5 err = 20.350000,	val_time = 0.736037
TRAIN Iter 270: loss = 0.003150,	Top-1 err = 55.300000,	Top-5 err = 28.400000,	train_time = 0.408535
TRAIN Iter 271: loss = 0.003278,	Top-1 err = 65.700000,	Top-5 err = 39.500000,	train_time = 0.356024
TRAIN Iter 272: loss = 0.003139,	Top-1 err = 58.700000,	Top-5 err = 30.900000,	train_time = 0.398184
TRAIN Iter 273: loss = 0.003123,	Top-1 err = 61.300000,	Top-5 err = 35.400000,	train_time = 0.393367
TRAIN Iter 274: loss = 0.003140,	Top-1 err = 56.900000,	Top-5 err = 30.200000,	train_time = 0.440074
TRAIN Iter 275: loss = 0.003310,	Top-1 err = 61.000000,	Top-5 err = 37.400000,	train_time = 0.397179
TRAIN Iter 276: loss = 0.003253,	Top-1 err = 61.000000,	Top-5 err = 36.400000,	train_time = 0.395109
TRAIN Iter 277: loss = 0.003162,	Top-1 err = 60.600000,	Top-5 err = 35.200000,	train_time = 0.414599
TRAIN Iter 278: loss = 0.003167,	Top-1 err = 56.500000,	Top-5 err = 31.200000,	train_time = 0.400843
TRAIN Iter 279: loss = 0.003275,	Top-1 err = 61.500000,	Top-5 err = 34.100000,	train_time = 0.370402
TEST:
Iter 279: loss = 1.989813,	Top-1 err = 50.720000,	Top-5 err = 20.920000,	val_time = 0.739110
TRAIN Iter 280: loss = 0.003197,	Top-1 err = 65.500000,	Top-5 err = 39.600000,	train_time = 0.380157
TRAIN Iter 281: loss = 0.003214,	Top-1 err = 60.100000,	Top-5 err = 34.700000,	train_time = 0.394135
TRAIN Iter 282: loss = 0.003387,	Top-1 err = 64.400000,	Top-5 err = 40.100000,	train_time = 0.431598
TRAIN Iter 283: loss = 0.003197,	Top-1 err = 64.300000,	Top-5 err = 37.100000,	train_time = 0.414332
TRAIN Iter 284: loss = 0.003066,	Top-1 err = 57.200000,	Top-5 err = 34.000000,	train_time = 0.392233
TRAIN Iter 285: loss = 0.003226,	Top-1 err = 66.800000,	Top-5 err = 44.300000,	train_time = 0.384784
TRAIN Iter 286: loss = 0.003311,	Top-1 err = 68.200000,	Top-5 err = 43.000000,	train_time = 0.372293
TRAIN Iter 287: loss = 0.003004,	Top-1 err = 53.200000,	Top-5 err = 27.100000,	train_time = 0.377000
TRAIN Iter 288: loss = 0.003266,	Top-1 err = 63.400000,	Top-5 err = 37.300000,	train_time = 0.402963
TRAIN Iter 289: loss = 0.003221,	Top-1 err = 63.400000,	Top-5 err = 35.600000,	train_time = 0.402114
TEST:
Iter 289: loss = 1.928059,	Top-1 err = 49.940000,	Top-5 err = 20.050000,	val_time = 0.718396
TRAIN Iter 290: loss = 0.003162,	Top-1 err = 59.200000,	Top-5 err = 33.300000,	train_time = 0.373613
TRAIN Iter 291: loss = 0.003353,	Top-1 err = 65.900000,	Top-5 err = 40.600000,	train_time = 0.412448
TRAIN Iter 292: loss = 0.003153,	Top-1 err = 61.900000,	Top-5 err = 35.800000,	train_time = 0.409297
TRAIN Iter 293: loss = 0.003112,	Top-1 err = 58.700000,	Top-5 err = 32.500000,	train_time = 0.374910
TRAIN Iter 294: loss = 0.003096,	Top-1 err = 55.300000,	Top-5 err = 28.300000,	train_time = 0.406521
TRAIN Iter 295: loss = 0.003130,	Top-1 err = 61.600000,	Top-5 err = 33.800000,	train_time = 0.379503
TRAIN Iter 296: loss = 0.003157,	Top-1 err = 65.900000,	Top-5 err = 39.100000,	train_time = 0.395267
TRAIN Iter 297: loss = 0.003145,	Top-1 err = 60.400000,	Top-5 err = 37.000000,	train_time = 0.414138
TRAIN Iter 298: loss = 0.003117,	Top-1 err = 62.400000,	Top-5 err = 38.900000,	train_time = 0.381127
TRAIN Iter 299: loss = 0.003242,	Top-1 err = 59.100000,	Top-5 err = 31.300000,	train_time = 0.388992
TEST:
Iter 299: loss = 1.925873,	Top-1 err = 49.570000,	Top-5 err = 19.610000,	val_time = 0.772276
Train Finish! Best accuracy is 50.43@299
