/home/dvspanos/miniconda3/envs/rded/lib/python3.10/site-packages/torch/cuda/__init__.py:611: UserWarning: Can't initialize NVML
  warnings.warn("Can't initialize NVML")
=> using pytorch pre-trained teacher model 'conv3'
process data from /home/dvspanos/nikos/ca2d/artifacts/sets/rcad2d_feat_fl_ipc50
load data successfully
TRAIN Iter 0: loss = 0.015344,	Top-1 err = 94.060000,	Top-5 err = 78.880000,	train_time = 2.121012
TRAIN Iter 1: loss = 0.012823,	Top-1 err = 88.060000,	Top-5 err = 66.080000,	train_time = 1.373861
TRAIN Iter 2: loss = 0.011126,	Top-1 err = 83.540000,	Top-5 err = 60.640000,	train_time = 1.329150
TRAIN Iter 3: loss = 0.009695,	Top-1 err = 79.080000,	Top-5 err = 52.480000,	train_time = 1.351082
TRAIN Iter 4: loss = 0.009129,	Top-1 err = 74.460000,	Top-5 err = 48.760000,	train_time = 1.341716
TRAIN Iter 5: loss = 0.008261,	Top-1 err = 74.860000,	Top-5 err = 49.280000,	train_time = 1.361791
TRAIN Iter 6: loss = 0.007917,	Top-1 err = 68.500000,	Top-5 err = 42.520000,	train_time = 1.354060
TRAIN Iter 7: loss = 0.007214,	Top-1 err = 69.280000,	Top-5 err = 43.280000,	train_time = 1.336411
TRAIN Iter 8: loss = 0.006812,	Top-1 err = 69.940000,	Top-5 err = 45.560000,	train_time = 1.325626
TRAIN Iter 9: loss = 0.006432,	Top-1 err = 63.500000,	Top-5 err = 37.560000,	train_time = 1.430365
TRAIN Iter 10: loss = 0.006205,	Top-1 err = 64.880000,	Top-5 err = 39.380000,	train_time = 1.355995
TRAIN Iter 11: loss = 0.005903,	Top-1 err = 60.660000,	Top-5 err = 35.680000,	train_time = 1.297148
TRAIN Iter 12: loss = 0.005798,	Top-1 err = 63.480000,	Top-5 err = 38.200000,	train_time = 1.264257
TRAIN Iter 13: loss = 0.005652,	Top-1 err = 60.940000,	Top-5 err = 37.500000,	train_time = 1.374241
TRAIN Iter 14: loss = 0.005427,	Top-1 err = 58.080000,	Top-5 err = 34.820000,	train_time = 1.270833
TRAIN Iter 15: loss = 0.005317,	Top-1 err = 58.640000,	Top-5 err = 35.560000,	train_time = 1.386700
TRAIN Iter 16: loss = 0.005205,	Top-1 err = 62.520000,	Top-5 err = 39.260000,	train_time = 1.304142
TRAIN Iter 17: loss = 0.005085,	Top-1 err = 60.600000,	Top-5 err = 36.520000,	train_time = 1.293538
TRAIN Iter 18: loss = 0.004846,	Top-1 err = 59.100000,	Top-5 err = 34.420000,	train_time = 1.293345
TRAIN Iter 19: loss = 0.004766,	Top-1 err = 58.400000,	Top-5 err = 35.100000,	train_time = 1.298716
TRAIN Iter 20: loss = 0.004680,	Top-1 err = 56.200000,	Top-5 err = 33.900000,	train_time = 1.397236
TRAIN Iter 21: loss = 0.004566,	Top-1 err = 53.240000,	Top-5 err = 30.900000,	train_time = 1.363679
TRAIN Iter 22: loss = 0.004627,	Top-1 err = 53.640000,	Top-5 err = 30.640000,	train_time = 1.381649
TRAIN Iter 23: loss = 0.004524,	Top-1 err = 59.660000,	Top-5 err = 36.980000,	train_time = 1.381692
TRAIN Iter 24: loss = 0.004438,	Top-1 err = 57.600000,	Top-5 err = 35.220000,	train_time = 1.263178
TRAIN Iter 25: loss = 0.004266,	Top-1 err = 54.860000,	Top-5 err = 32.340000,	train_time = 1.331308
TRAIN Iter 26: loss = 0.004314,	Top-1 err = 54.300000,	Top-5 err = 31.820000,	train_time = 1.300817
TRAIN Iter 27: loss = 0.004143,	Top-1 err = 54.380000,	Top-5 err = 30.720000,	train_time = 1.354126
TRAIN Iter 28: loss = 0.004191,	Top-1 err = 52.920000,	Top-5 err = 30.160000,	train_time = 1.294194
TRAIN Iter 29: loss = 0.004105,	Top-1 err = 51.460000,	Top-5 err = 30.440000,	train_time = 1.382368
TRAIN Iter 30: loss = 0.004216,	Top-1 err = 53.340000,	Top-5 err = 32.040000,	train_time = 1.347421
TRAIN Iter 31: loss = 0.003962,	Top-1 err = 52.360000,	Top-5 err = 29.080000,	train_time = 1.328631
TRAIN Iter 32: loss = 0.003992,	Top-1 err = 51.240000,	Top-5 err = 30.340000,	train_time = 1.355486
TRAIN Iter 33: loss = 0.003930,	Top-1 err = 54.460000,	Top-5 err = 32.000000,	train_time = 1.322484
TRAIN Iter 34: loss = 0.003953,	Top-1 err = 51.380000,	Top-5 err = 28.560000,	train_time = 1.327303
TRAIN Iter 35: loss = 0.003840,	Top-1 err = 51.040000,	Top-5 err = 28.820000,	train_time = 1.411551
TRAIN Iter 36: loss = 0.003864,	Top-1 err = 53.880000,	Top-5 err = 31.820000,	train_time = 1.309088
TRAIN Iter 37: loss = 0.003777,	Top-1 err = 54.640000,	Top-5 err = 32.060000,	train_time = 1.411596
TRAIN Iter 38: loss = 0.003751,	Top-1 err = 52.320000,	Top-5 err = 30.660000,	train_time = 1.359278
TRAIN Iter 39: loss = 0.003675,	Top-1 err = 54.520000,	Top-5 err = 33.740000,	train_time = 1.334815
TRAIN Iter 40: loss = 0.003707,	Top-1 err = 51.660000,	Top-5 err = 30.260000,	train_time = 1.392848
TRAIN Iter 41: loss = 0.003684,	Top-1 err = 53.960000,	Top-5 err = 32.100000,	train_time = 1.264684
TRAIN Iter 42: loss = 0.003693,	Top-1 err = 49.760000,	Top-5 err = 29.300000,	train_time = 1.334926
TRAIN Iter 43: loss = 0.003615,	Top-1 err = 51.100000,	Top-5 err = 29.420000,	train_time = 1.372961
TRAIN Iter 44: loss = 0.003564,	Top-1 err = 54.940000,	Top-5 err = 33.120000,	train_time = 1.342493
TRAIN Iter 45: loss = 0.003548,	Top-1 err = 51.160000,	Top-5 err = 28.560000,	train_time = 1.265602
TRAIN Iter 46: loss = 0.003437,	Top-1 err = 51.100000,	Top-5 err = 29.220000,	train_time = 1.342512
TRAIN Iter 47: loss = 0.003466,	Top-1 err = 52.380000,	Top-5 err = 30.500000,	train_time = 1.350992
TRAIN Iter 48: loss = 0.003452,	Top-1 err = 53.740000,	Top-5 err = 32.320000,	train_time = 1.344099
TRAIN Iter 49: loss = 0.003460,	Top-1 err = 56.100000,	Top-5 err = 34.780000,	train_time = 1.351586
TRAIN Iter 50: loss = 0.003460,	Top-1 err = 53.600000,	Top-5 err = 31.760000,	train_time = 1.206593
TRAIN Iter 51: loss = 0.003399,	Top-1 err = 51.260000,	Top-5 err = 29.420000,	train_time = 1.427322
TRAIN Iter 52: loss = 0.003341,	Top-1 err = 53.360000,	Top-5 err = 31.080000,	train_time = 1.267639
TRAIN Iter 53: loss = 0.003362,	Top-1 err = 51.580000,	Top-5 err = 30.860000,	train_time = 1.350724
TRAIN Iter 54: loss = 0.003347,	Top-1 err = 47.900000,	Top-5 err = 29.040000,	train_time = 1.277833
TRAIN Iter 55: loss = 0.003364,	Top-1 err = 54.000000,	Top-5 err = 33.280000,	train_time = 1.271595
TRAIN Iter 56: loss = 0.003290,	Top-1 err = 52.940000,	Top-5 err = 31.440000,	train_time = 1.355705
TRAIN Iter 57: loss = 0.003230,	Top-1 err = 50.980000,	Top-5 err = 29.560000,	train_time = 1.355454
TRAIN Iter 58: loss = 0.003201,	Top-1 err = 51.580000,	Top-5 err = 30.460000,	train_time = 1.412977
TRAIN Iter 59: loss = 0.003180,	Top-1 err = 52.400000,	Top-5 err = 31.880000,	train_time = 1.418051
TRAIN Iter 60: loss = 0.003180,	Top-1 err = 48.780000,	Top-5 err = 28.340000,	train_time = 1.377902
TRAIN Iter 61: loss = 0.003230,	Top-1 err = 51.600000,	Top-5 err = 29.160000,	train_time = 1.312255
TRAIN Iter 62: loss = 0.003169,	Top-1 err = 49.060000,	Top-5 err = 27.800000,	train_time = 1.261614
TRAIN Iter 63: loss = 0.003171,	Top-1 err = 51.980000,	Top-5 err = 31.120000,	train_time = 1.312183
TRAIN Iter 64: loss = 0.003133,	Top-1 err = 53.580000,	Top-5 err = 30.180000,	train_time = 1.387332
TRAIN Iter 65: loss = 0.003159,	Top-1 err = 52.960000,	Top-5 err = 31.060000,	train_time = 1.400282
TRAIN Iter 66: loss = 0.003049,	Top-1 err = 51.280000,	Top-5 err = 28.820000,	train_time = 1.345873
TRAIN Iter 67: loss = 0.003105,	Top-1 err = 50.440000,	Top-5 err = 30.920000,	train_time = 1.335303
TRAIN Iter 68: loss = 0.003089,	Top-1 err = 49.340000,	Top-5 err = 28.840000,	train_time = 1.430318
TRAIN Iter 69: loss = 0.003004,	Top-1 err = 53.100000,	Top-5 err = 32.120000,	train_time = 1.387373
TRAIN Iter 70: loss = 0.003071,	Top-1 err = 48.280000,	Top-5 err = 27.280000,	train_time = 1.370979
TRAIN Iter 71: loss = 0.002952,	Top-1 err = 51.800000,	Top-5 err = 30.840000,	train_time = 1.419473
TRAIN Iter 72: loss = 0.002992,	Top-1 err = 52.880000,	Top-5 err = 31.080000,	train_time = 1.289207
TRAIN Iter 73: loss = 0.002948,	Top-1 err = 49.180000,	Top-5 err = 30.060000,	train_time = 1.383405
TRAIN Iter 74: loss = 0.003016,	Top-1 err = 49.880000,	Top-5 err = 28.340000,	train_time = 1.345022
TRAIN Iter 75: loss = 0.002975,	Top-1 err = 48.720000,	Top-5 err = 28.240000,	train_time = 1.378554
TRAIN Iter 76: loss = 0.003032,	Top-1 err = 54.460000,	Top-5 err = 33.900000,	train_time = 1.432881
TRAIN Iter 77: loss = 0.002941,	Top-1 err = 51.640000,	Top-5 err = 30.220000,	train_time = 1.409252
TRAIN Iter 78: loss = 0.002960,	Top-1 err = 49.860000,	Top-5 err = 29.620000,	train_time = 1.366741
TRAIN Iter 79: loss = 0.002886,	Top-1 err = 50.520000,	Top-5 err = 29.360000,	train_time = 1.433527
TRAIN Iter 80: loss = 0.002857,	Top-1 err = 51.620000,	Top-5 err = 30.740000,	train_time = 1.351914
TRAIN Iter 81: loss = 0.002823,	Top-1 err = 49.660000,	Top-5 err = 29.240000,	train_time = 1.425713
TRAIN Iter 82: loss = 0.002857,	Top-1 err = 52.860000,	Top-5 err = 32.960000,	train_time = 1.344623
TRAIN Iter 83: loss = 0.002872,	Top-1 err = 48.780000,	Top-5 err = 28.020000,	train_time = 1.342343
TRAIN Iter 84: loss = 0.002831,	Top-1 err = 50.680000,	Top-5 err = 27.880000,	train_time = 1.413839
TRAIN Iter 85: loss = 0.002830,	Top-1 err = 49.200000,	Top-5 err = 29.500000,	train_time = 1.364622
TRAIN Iter 86: loss = 0.002780,	Top-1 err = 53.980000,	Top-5 err = 33.520000,	train_time = 1.402251
TRAIN Iter 87: loss = 0.002850,	Top-1 err = 50.220000,	Top-5 err = 29.680000,	train_time = 1.402796
TRAIN Iter 88: loss = 0.002804,	Top-1 err = 54.460000,	Top-5 err = 33.720000,	train_time = 1.371890
TRAIN Iter 89: loss = 0.002784,	Top-1 err = 54.720000,	Top-5 err = 33.100000,	train_time = 1.328176
TRAIN Iter 90: loss = 0.002740,	Top-1 err = 52.100000,	Top-5 err = 30.700000,	train_time = 1.429594
TRAIN Iter 91: loss = 0.002759,	Top-1 err = 48.780000,	Top-5 err = 27.200000,	train_time = 1.336807
TRAIN Iter 92: loss = 0.002733,	Top-1 err = 50.080000,	Top-5 err = 29.360000,	train_time = 1.379649
TRAIN Iter 93: loss = 0.002711,	Top-1 err = 49.540000,	Top-5 err = 30.100000,	train_time = 1.414373
TRAIN Iter 94: loss = 0.002780,	Top-1 err = 52.360000,	Top-5 err = 31.780000,	train_time = 1.362487
TRAIN Iter 95: loss = 0.002654,	Top-1 err = 52.980000,	Top-5 err = 32.520000,	train_time = 1.392988
TRAIN Iter 96: loss = 0.002686,	Top-1 err = 50.680000,	Top-5 err = 30.320000,	train_time = 1.368257
TRAIN Iter 97: loss = 0.002695,	Top-1 err = 50.360000,	Top-5 err = 30.120000,	train_time = 1.382803
TRAIN Iter 98: loss = 0.002619,	Top-1 err = 47.140000,	Top-5 err = 26.960000,	train_time = 1.310028
TRAIN Iter 99: loss = 0.002607,	Top-1 err = 49.280000,	Top-5 err = 28.880000,	train_time = 1.394296
TRAIN Iter 100: loss = 0.002619,	Top-1 err = 48.400000,	Top-5 err = 27.740000,	train_time = 1.323105
TRAIN Iter 101: loss = 0.002696,	Top-1 err = 50.520000,	Top-5 err = 31.040000,	train_time = 1.295093
TRAIN Iter 102: loss = 0.002625,	Top-1 err = 50.580000,	Top-5 err = 29.780000,	train_time = 1.356218
TRAIN Iter 103: loss = 0.002594,	Top-1 err = 49.820000,	Top-5 err = 30.600000,	train_time = 1.346790
TRAIN Iter 104: loss = 0.002615,	Top-1 err = 51.100000,	Top-5 err = 31.080000,	train_time = 1.305573
TRAIN Iter 105: loss = 0.002592,	Top-1 err = 50.380000,	Top-5 err = 30.620000,	train_time = 1.298195
TRAIN Iter 106: loss = 0.002607,	Top-1 err = 50.940000,	Top-5 err = 30.420000,	train_time = 1.366404
TRAIN Iter 107: loss = 0.002582,	Top-1 err = 52.880000,	Top-5 err = 32.920000,	train_time = 1.376438
TRAIN Iter 108: loss = 0.002566,	Top-1 err = 51.260000,	Top-5 err = 31.060000,	train_time = 1.293036
TRAIN Iter 109: loss = 0.002539,	Top-1 err = 47.940000,	Top-5 err = 26.720000,	train_time = 1.503379
TRAIN Iter 110: loss = 0.002532,	Top-1 err = 47.960000,	Top-5 err = 27.660000,	train_time = 1.310117
TRAIN Iter 111: loss = 0.002511,	Top-1 err = 46.960000,	Top-5 err = 26.780000,	train_time = 1.485646
TRAIN Iter 112: loss = 0.002518,	Top-1 err = 47.400000,	Top-5 err = 28.280000,	train_time = 1.317986
TRAIN Iter 113: loss = 0.002495,	Top-1 err = 51.200000,	Top-5 err = 31.880000,	train_time = 1.360755
TRAIN Iter 114: loss = 0.002544,	Top-1 err = 52.880000,	Top-5 err = 32.880000,	train_time = 1.370690
TRAIN Iter 115: loss = 0.002516,	Top-1 err = 48.720000,	Top-5 err = 28.380000,	train_time = 1.284923
TRAIN Iter 116: loss = 0.002410,	Top-1 err = 47.540000,	Top-5 err = 28.420000,	train_time = 1.371783
TRAIN Iter 117: loss = 0.002436,	Top-1 err = 47.920000,	Top-5 err = 27.320000,	train_time = 1.445782
TRAIN Iter 118: loss = 0.002453,	Top-1 err = 50.320000,	Top-5 err = 31.140000,	train_time = 1.438359
TRAIN Iter 119: loss = 0.002484,	Top-1 err = 48.000000,	Top-5 err = 27.980000,	train_time = 1.428429
TRAIN Iter 120: loss = 0.002415,	Top-1 err = 46.400000,	Top-5 err = 27.440000,	train_time = 1.296039
TRAIN Iter 121: loss = 0.002428,	Top-1 err = 51.300000,	Top-5 err = 30.700000,	train_time = 1.298763
TRAIN Iter 122: loss = 0.002437,	Top-1 err = 50.340000,	Top-5 err = 30.440000,	train_time = 1.236263
TRAIN Iter 123: loss = 0.002432,	Top-1 err = 46.080000,	Top-5 err = 25.320000,	train_time = 1.324229
TRAIN Iter 124: loss = 0.002371,	Top-1 err = 49.740000,	Top-5 err = 30.300000,	train_time = 1.296804
TRAIN Iter 125: loss = 0.002363,	Top-1 err = 46.960000,	Top-5 err = 28.320000,	train_time = 1.309458
TRAIN Iter 126: loss = 0.002417,	Top-1 err = 52.040000,	Top-5 err = 30.940000,	train_time = 1.396860
TRAIN Iter 127: loss = 0.002427,	Top-1 err = 49.600000,	Top-5 err = 29.600000,	train_time = 1.239875
TRAIN Iter 128: loss = 0.002357,	Top-1 err = 47.780000,	Top-5 err = 26.300000,	train_time = 1.423595
TRAIN Iter 129: loss = 0.002364,	Top-1 err = 50.140000,	Top-5 err = 29.420000,	train_time = 1.344729
TRAIN Iter 130: loss = 0.002367,	Top-1 err = 49.660000,	Top-5 err = 28.420000,	train_time = 1.389726
TRAIN Iter 131: loss = 0.002332,	Top-1 err = 49.300000,	Top-5 err = 29.260000,	train_time = 1.421789
TRAIN Iter 132: loss = 0.002316,	Top-1 err = 47.160000,	Top-5 err = 26.980000,	train_time = 1.322170
TRAIN Iter 133: loss = 0.002341,	Top-1 err = 49.640000,	Top-5 err = 29.180000,	train_time = 1.424008
TRAIN Iter 134: loss = 0.002291,	Top-1 err = 49.100000,	Top-5 err = 27.940000,	train_time = 1.243173
TRAIN Iter 135: loss = 0.002349,	Top-1 err = 49.100000,	Top-5 err = 29.140000,	train_time = 1.333683
TRAIN Iter 136: loss = 0.002310,	Top-1 err = 50.960000,	Top-5 err = 31.900000,	train_time = 1.297894
TRAIN Iter 137: loss = 0.002275,	Top-1 err = 50.280000,	Top-5 err = 31.080000,	train_time = 1.387611
TRAIN Iter 138: loss = 0.002253,	Top-1 err = 45.120000,	Top-5 err = 25.440000,	train_time = 1.409121
TRAIN Iter 139: loss = 0.002235,	Top-1 err = 47.080000,	Top-5 err = 27.140000,	train_time = 1.302418
TRAIN Iter 140: loss = 0.002227,	Top-1 err = 48.800000,	Top-5 err = 28.040000,	train_time = 1.339111
TRAIN Iter 141: loss = 0.002189,	Top-1 err = 49.440000,	Top-5 err = 28.260000,	train_time = 1.302309
TRAIN Iter 142: loss = 0.002202,	Top-1 err = 49.160000,	Top-5 err = 29.300000,	train_time = 1.295925
TRAIN Iter 143: loss = 0.002254,	Top-1 err = 49.900000,	Top-5 err = 29.180000,	train_time = 1.344873
TRAIN Iter 144: loss = 0.002262,	Top-1 err = 52.080000,	Top-5 err = 31.500000,	train_time = 1.338908
TRAIN Iter 145: loss = 0.002231,	Top-1 err = 51.640000,	Top-5 err = 31.720000,	train_time = 1.337169
TRAIN Iter 146: loss = 0.002237,	Top-1 err = 50.840000,	Top-5 err = 30.620000,	train_time = 1.384995
TRAIN Iter 147: loss = 0.002192,	Top-1 err = 46.840000,	Top-5 err = 26.720000,	train_time = 1.326714
TRAIN Iter 148: loss = 0.002193,	Top-1 err = 50.400000,	Top-5 err = 29.800000,	train_time = 1.351808
TRAIN Iter 149: loss = 0.002219,	Top-1 err = 51.100000,	Top-5 err = 31.460000,	train_time = 1.283466
TRAIN Iter 150: loss = 0.002158,	Top-1 err = 48.280000,	Top-5 err = 28.120000,	train_time = 1.401167
TRAIN Iter 151: loss = 0.002227,	Top-1 err = 49.780000,	Top-5 err = 28.700000,	train_time = 1.376664
TRAIN Iter 152: loss = 0.002154,	Top-1 err = 46.800000,	Top-5 err = 27.620000,	train_time = 1.362052
TRAIN Iter 153: loss = 0.002136,	Top-1 err = 51.420000,	Top-5 err = 29.500000,	train_time = 1.304902
TRAIN Iter 154: loss = 0.002128,	Top-1 err = 50.760000,	Top-5 err = 29.760000,	train_time = 1.284728
TRAIN Iter 155: loss = 0.002112,	Top-1 err = 50.380000,	Top-5 err = 28.700000,	train_time = 1.393909
TRAIN Iter 156: loss = 0.002113,	Top-1 err = 46.060000,	Top-5 err = 25.160000,	train_time = 1.378807
TRAIN Iter 157: loss = 0.002104,	Top-1 err = 45.620000,	Top-5 err = 26.120000,	train_time = 1.373233
TRAIN Iter 158: loss = 0.002132,	Top-1 err = 49.740000,	Top-5 err = 28.700000,	train_time = 1.355611
TRAIN Iter 159: loss = 0.002104,	Top-1 err = 47.280000,	Top-5 err = 26.900000,	train_time = 1.332808
TRAIN Iter 160: loss = 0.002080,	Top-1 err = 49.040000,	Top-5 err = 27.660000,	train_time = 1.374681
TRAIN Iter 161: loss = 0.002091,	Top-1 err = 45.260000,	Top-5 err = 25.260000,	train_time = 1.373171
TRAIN Iter 162: loss = 0.002069,	Top-1 err = 49.340000,	Top-5 err = 29.360000,	train_time = 1.314617
TRAIN Iter 163: loss = 0.002089,	Top-1 err = 52.940000,	Top-5 err = 31.580000,	train_time = 1.349849
TRAIN Iter 164: loss = 0.002121,	Top-1 err = 51.300000,	Top-5 err = 31.720000,	train_time = 1.289348
TRAIN Iter 165: loss = 0.002064,	Top-1 err = 47.220000,	Top-5 err = 27.360000,	train_time = 1.345222
TRAIN Iter 166: loss = 0.002069,	Top-1 err = 48.780000,	Top-5 err = 28.460000,	train_time = 1.307636
TRAIN Iter 167: loss = 0.002088,	Top-1 err = 48.660000,	Top-5 err = 27.320000,	train_time = 1.313299
TRAIN Iter 168: loss = 0.002010,	Top-1 err = 48.340000,	Top-5 err = 28.040000,	train_time = 1.379917
TRAIN Iter 169: loss = 0.002014,	Top-1 err = 48.420000,	Top-5 err = 28.180000,	train_time = 1.383948
TRAIN Iter 170: loss = 0.002055,	Top-1 err = 48.980000,	Top-5 err = 29.060000,	train_time = 1.345184
TRAIN Iter 171: loss = 0.002038,	Top-1 err = 47.180000,	Top-5 err = 26.840000,	train_time = 1.378140
TRAIN Iter 172: loss = 0.002013,	Top-1 err = 48.820000,	Top-5 err = 29.220000,	train_time = 1.380208
TRAIN Iter 173: loss = 0.002000,	Top-1 err = 49.260000,	Top-5 err = 30.000000,	train_time = 1.369457
TRAIN Iter 174: loss = 0.002027,	Top-1 err = 48.200000,	Top-5 err = 29.220000,	train_time = 1.412265
TRAIN Iter 175: loss = 0.001958,	Top-1 err = 50.260000,	Top-5 err = 30.100000,	train_time = 1.305676
TRAIN Iter 176: loss = 0.002009,	Top-1 err = 48.800000,	Top-5 err = 28.360000,	train_time = 1.345543
TRAIN Iter 177: loss = 0.001984,	Top-1 err = 46.680000,	Top-5 err = 25.380000,	train_time = 1.336313
TRAIN Iter 178: loss = 0.001937,	Top-1 err = 47.820000,	Top-5 err = 28.600000,	train_time = 1.390621
TRAIN Iter 179: loss = 0.001986,	Top-1 err = 50.420000,	Top-5 err = 30.940000,	train_time = 1.279945
TRAIN Iter 180: loss = 0.002062,	Top-1 err = 46.600000,	Top-5 err = 27.620000,	train_time = 1.418005
TRAIN Iter 181: loss = 0.001955,	Top-1 err = 48.940000,	Top-5 err = 29.060000,	train_time = 1.364835
TRAIN Iter 182: loss = 0.001915,	Top-1 err = 44.160000,	Top-5 err = 24.520000,	train_time = 1.353817
TRAIN Iter 183: loss = 0.001924,	Top-1 err = 47.180000,	Top-5 err = 27.020000,	train_time = 1.399928
TRAIN Iter 184: loss = 0.001887,	Top-1 err = 43.380000,	Top-5 err = 23.520000,	train_time = 1.302271
TRAIN Iter 185: loss = 0.001925,	Top-1 err = 47.140000,	Top-5 err = 27.480000,	train_time = 1.280097
TRAIN Iter 186: loss = 0.001919,	Top-1 err = 50.180000,	Top-5 err = 29.440000,	train_time = 1.310840
TRAIN Iter 187: loss = 0.001921,	Top-1 err = 46.120000,	Top-5 err = 27.120000,	train_time = 1.390236
TRAIN Iter 188: loss = 0.001910,	Top-1 err = 49.980000,	Top-5 err = 30.200000,	train_time = 1.329670
TRAIN Iter 189: loss = 0.001902,	Top-1 err = 51.620000,	Top-5 err = 31.200000,	train_time = 1.429380
TRAIN Iter 190: loss = 0.001937,	Top-1 err = 52.120000,	Top-5 err = 31.720000,	train_time = 1.338680
TRAIN Iter 191: loss = 0.001919,	Top-1 err = 49.320000,	Top-5 err = 28.700000,	train_time = 1.341052
TRAIN Iter 192: loss = 0.001904,	Top-1 err = 50.200000,	Top-5 err = 30.060000,	train_time = 1.403162
TRAIN Iter 193: loss = 0.001894,	Top-1 err = 51.360000,	Top-5 err = 29.840000,	train_time = 1.246163
TRAIN Iter 194: loss = 0.001885,	Top-1 err = 49.640000,	Top-5 err = 29.520000,	train_time = 1.380541
TRAIN Iter 195: loss = 0.001869,	Top-1 err = 48.820000,	Top-5 err = 29.200000,	train_time = 1.366342
TRAIN Iter 196: loss = 0.001901,	Top-1 err = 47.580000,	Top-5 err = 28.520000,	train_time = 1.338620
TRAIN Iter 197: loss = 0.001951,	Top-1 err = 48.900000,	Top-5 err = 28.900000,	train_time = 1.379931
TRAIN Iter 198: loss = 0.001926,	Top-1 err = 50.860000,	Top-5 err = 31.680000,	train_time = 1.279860
TRAIN Iter 199: loss = 0.001821,	Top-1 err = 47.960000,	Top-5 err = 27.840000,	train_time = 1.324366
TRAIN Iter 200: loss = 0.001827,	Top-1 err = 50.960000,	Top-5 err = 30.160000,	train_time = 1.388636
TRAIN Iter 201: loss = 0.001838,	Top-1 err = 44.520000,	Top-5 err = 25.360000,	train_time = 1.368546
TRAIN Iter 202: loss = 0.001855,	Top-1 err = 48.160000,	Top-5 err = 28.420000,	train_time = 1.372587
TRAIN Iter 203: loss = 0.001832,	Top-1 err = 48.280000,	Top-5 err = 30.180000,	train_time = 1.396909
TRAIN Iter 204: loss = 0.001859,	Top-1 err = 51.180000,	Top-5 err = 31.240000,	train_time = 1.358573
TRAIN Iter 205: loss = 0.001863,	Top-1 err = 48.860000,	Top-5 err = 28.460000,	train_time = 1.320133
TRAIN Iter 206: loss = 0.001855,	Top-1 err = 48.120000,	Top-5 err = 27.760000,	train_time = 1.245624
TRAIN Iter 207: loss = 0.001859,	Top-1 err = 46.340000,	Top-5 err = 26.940000,	train_time = 1.366689
TRAIN Iter 208: loss = 0.001805,	Top-1 err = 48.520000,	Top-5 err = 30.160000,	train_time = 1.329125
TRAIN Iter 209: loss = 0.001789,	Top-1 err = 46.280000,	Top-5 err = 27.120000,	train_time = 1.323243
TRAIN Iter 210: loss = 0.001795,	Top-1 err = 50.940000,	Top-5 err = 29.620000,	train_time = 1.334088
TRAIN Iter 211: loss = 0.001774,	Top-1 err = 48.340000,	Top-5 err = 28.760000,	train_time = 1.337342
TRAIN Iter 212: loss = 0.001790,	Top-1 err = 48.640000,	Top-5 err = 28.600000,	train_time = 1.399223
TRAIN Iter 213: loss = 0.001824,	Top-1 err = 49.100000,	Top-5 err = 29.060000,	train_time = 1.339916
TRAIN Iter 214: loss = 0.001816,	Top-1 err = 52.400000,	Top-5 err = 30.120000,	train_time = 1.403425
TRAIN Iter 215: loss = 0.001750,	Top-1 err = 46.280000,	Top-5 err = 26.680000,	train_time = 1.292603
TRAIN Iter 216: loss = 0.001776,	Top-1 err = 48.960000,	Top-5 err = 28.480000,	train_time = 1.386991
TRAIN Iter 217: loss = 0.001810,	Top-1 err = 52.380000,	Top-5 err = 31.460000,	train_time = 1.377906
TRAIN Iter 218: loss = 0.001766,	Top-1 err = 47.640000,	Top-5 err = 27.860000,	train_time = 1.388076
TRAIN Iter 219: loss = 0.001794,	Top-1 err = 46.980000,	Top-5 err = 27.860000,	train_time = 1.364497
TRAIN Iter 220: loss = 0.001726,	Top-1 err = 46.620000,	Top-5 err = 27.060000,	train_time = 1.310660
TRAIN Iter 221: loss = 0.001784,	Top-1 err = 48.100000,	Top-5 err = 29.160000,	train_time = 1.354789
TRAIN Iter 222: loss = 0.001741,	Top-1 err = 48.840000,	Top-5 err = 28.500000,	train_time = 1.444254
TRAIN Iter 223: loss = 0.001737,	Top-1 err = 48.960000,	Top-5 err = 28.580000,	train_time = 1.346614
TRAIN Iter 224: loss = 0.001722,	Top-1 err = 51.180000,	Top-5 err = 30.380000,	train_time = 1.432220
TRAIN Iter 225: loss = 0.001724,	Top-1 err = 49.920000,	Top-5 err = 29.420000,	train_time = 1.276404
TRAIN Iter 226: loss = 0.001729,	Top-1 err = 49.620000,	Top-5 err = 29.240000,	train_time = 1.308764
TRAIN Iter 227: loss = 0.001774,	Top-1 err = 49.120000,	Top-5 err = 28.420000,	train_time = 1.407963
TRAIN Iter 228: loss = 0.001702,	Top-1 err = 47.200000,	Top-5 err = 28.940000,	train_time = 1.326897
TRAIN Iter 229: loss = 0.001733,	Top-1 err = 47.320000,	Top-5 err = 28.580000,	train_time = 1.299918
TRAIN Iter 230: loss = 0.001702,	Top-1 err = 48.800000,	Top-5 err = 29.700000,	train_time = 1.298310
TRAIN Iter 231: loss = 0.001715,	Top-1 err = 47.460000,	Top-5 err = 28.520000,	train_time = 1.418675
TRAIN Iter 232: loss = 0.001694,	Top-1 err = 47.860000,	Top-5 err = 29.660000,	train_time = 1.420853
TRAIN Iter 233: loss = 0.001685,	Top-1 err = 51.480000,	Top-5 err = 31.360000,	train_time = 1.331561
TRAIN Iter 234: loss = 0.001688,	Top-1 err = 46.360000,	Top-5 err = 27.100000,	train_time = 1.365608
TRAIN Iter 235: loss = 0.001670,	Top-1 err = 45.940000,	Top-5 err = 26.320000,	train_time = 1.358580
TRAIN Iter 236: loss = 0.001659,	Top-1 err = 50.020000,	Top-5 err = 29.960000,	train_time = 1.384852
TRAIN Iter 237: loss = 0.001662,	Top-1 err = 46.600000,	Top-5 err = 26.980000,	train_time = 1.404083
TRAIN Iter 238: loss = 0.001720,	Top-1 err = 51.820000,	Top-5 err = 31.080000,	train_time = 1.353294
TRAIN Iter 239: loss = 0.001690,	Top-1 err = 44.780000,	Top-5 err = 25.620000,	train_time = 1.337658
TRAIN Iter 240: loss = 0.001674,	Top-1 err = 49.640000,	Top-5 err = 29.900000,	train_time = 1.366445
TRAIN Iter 241: loss = 0.001654,	Top-1 err = 48.900000,	Top-5 err = 28.580000,	train_time = 1.361484
TRAIN Iter 242: loss = 0.001681,	Top-1 err = 49.300000,	Top-5 err = 30.360000,	train_time = 1.461551
TRAIN Iter 243: loss = 0.001616,	Top-1 err = 43.160000,	Top-5 err = 24.300000,	train_time = 1.331542
TRAIN Iter 244: loss = 0.001600,	Top-1 err = 49.540000,	Top-5 err = 27.880000,	train_time = 1.364065
TRAIN Iter 245: loss = 0.001669,	Top-1 err = 47.580000,	Top-5 err = 28.800000,	train_time = 1.354635
TRAIN Iter 246: loss = 0.001631,	Top-1 err = 48.760000,	Top-5 err = 28.520000,	train_time = 1.342764
TRAIN Iter 247: loss = 0.001651,	Top-1 err = 49.880000,	Top-5 err = 29.560000,	train_time = 1.442325
TRAIN Iter 248: loss = 0.001564,	Top-1 err = 46.780000,	Top-5 err = 25.880000,	train_time = 1.356163
TRAIN Iter 249: loss = 0.001596,	Top-1 err = 53.000000,	Top-5 err = 32.140000,	train_time = 1.308841
TEST:
Iter 249: loss = 1.716304,	Top-1 err = 43.330000,	Top-5 err = 16.490000,	val_time = 0.777310
TRAIN Iter 250: loss = 0.001638,	Top-1 err = 46.980000,	Top-5 err = 28.380000,	train_time = 1.347717
TRAIN Iter 251: loss = 0.001630,	Top-1 err = 51.200000,	Top-5 err = 29.900000,	train_time = 1.379473
TRAIN Iter 252: loss = 0.001583,	Top-1 err = 45.140000,	Top-5 err = 25.900000,	train_time = 1.307370
TRAIN Iter 253: loss = 0.001592,	Top-1 err = 44.760000,	Top-5 err = 26.180000,	train_time = 1.288908
TRAIN Iter 254: loss = 0.001595,	Top-1 err = 46.720000,	Top-5 err = 27.020000,	train_time = 1.433971
TRAIN Iter 255: loss = 0.001576,	Top-1 err = 48.440000,	Top-5 err = 28.640000,	train_time = 1.413506
TRAIN Iter 256: loss = 0.001613,	Top-1 err = 48.420000,	Top-5 err = 28.540000,	train_time = 1.394289
TRAIN Iter 257: loss = 0.001554,	Top-1 err = 44.920000,	Top-5 err = 26.860000,	train_time = 1.339016
TRAIN Iter 258: loss = 0.001596,	Top-1 err = 50.180000,	Top-5 err = 28.880000,	train_time = 1.423313
TRAIN Iter 259: loss = 0.001579,	Top-1 err = 49.140000,	Top-5 err = 29.340000,	train_time = 1.294152
TEST:
Iter 259: loss = 1.686667,	Top-1 err = 42.980000,	Top-5 err = 16.170000,	val_time = 0.752779
TRAIN Iter 260: loss = 0.001566,	Top-1 err = 49.040000,	Top-5 err = 28.240000,	train_time = 1.399168
TRAIN Iter 261: loss = 0.001586,	Top-1 err = 44.780000,	Top-5 err = 26.500000,	train_time = 1.265283
TRAIN Iter 262: loss = 0.001544,	Top-1 err = 49.800000,	Top-5 err = 29.780000,	train_time = 1.433540
TRAIN Iter 263: loss = 0.001575,	Top-1 err = 47.700000,	Top-5 err = 28.320000,	train_time = 1.368832
TRAIN Iter 264: loss = 0.001594,	Top-1 err = 48.480000,	Top-5 err = 28.180000,	train_time = 1.311532
TRAIN Iter 265: loss = 0.001576,	Top-1 err = 49.180000,	Top-5 err = 30.620000,	train_time = 1.382545
TRAIN Iter 266: loss = 0.001543,	Top-1 err = 49.100000,	Top-5 err = 28.660000,	train_time = 1.330789
TRAIN Iter 267: loss = 0.001550,	Top-1 err = 47.560000,	Top-5 err = 27.460000,	train_time = 1.340090
TRAIN Iter 268: loss = 0.001574,	Top-1 err = 50.820000,	Top-5 err = 30.720000,	train_time = 1.237080
TRAIN Iter 269: loss = 0.001551,	Top-1 err = 51.120000,	Top-5 err = 30.680000,	train_time = 1.342082
TEST:
Iter 269: loss = 1.674710,	Top-1 err = 42.610000,	Top-5 err = 16.300000,	val_time = 0.732144
TRAIN Iter 270: loss = 0.001535,	Top-1 err = 48.740000,	Top-5 err = 29.900000,	train_time = 1.290526
TRAIN Iter 271: loss = 0.001533,	Top-1 err = 49.440000,	Top-5 err = 30.020000,	train_time = 1.339083
TRAIN Iter 272: loss = 0.001538,	Top-1 err = 46.020000,	Top-5 err = 26.500000,	train_time = 1.358965
TRAIN Iter 273: loss = 0.001568,	Top-1 err = 46.060000,	Top-5 err = 27.080000,	train_time = 1.355853
TRAIN Iter 274: loss = 0.001520,	Top-1 err = 43.380000,	Top-5 err = 24.600000,	train_time = 1.355802
TRAIN Iter 275: loss = 0.001488,	Top-1 err = 45.320000,	Top-5 err = 25.260000,	train_time = 1.340152
TRAIN Iter 276: loss = 0.001517,	Top-1 err = 48.100000,	Top-5 err = 28.480000,	train_time = 1.380432
TRAIN Iter 277: loss = 0.001484,	Top-1 err = 50.060000,	Top-5 err = 30.860000,	train_time = 1.373079
TRAIN Iter 278: loss = 0.001519,	Top-1 err = 49.140000,	Top-5 err = 29.300000,	train_time = 1.346175
TRAIN Iter 279: loss = 0.001497,	Top-1 err = 49.540000,	Top-5 err = 29.760000,	train_time = 1.355687
TEST:
Iter 279: loss = 1.675940,	Top-1 err = 42.840000,	Top-5 err = 16.400000,	val_time = 0.756146
TRAIN Iter 280: loss = 0.001517,	Top-1 err = 47.960000,	Top-5 err = 28.580000,	train_time = 1.329778
TRAIN Iter 281: loss = 0.001470,	Top-1 err = 45.500000,	Top-5 err = 25.600000,	train_time = 1.340826
TRAIN Iter 282: loss = 0.001499,	Top-1 err = 49.780000,	Top-5 err = 29.500000,	train_time = 1.378927
TRAIN Iter 283: loss = 0.001499,	Top-1 err = 44.180000,	Top-5 err = 26.300000,	train_time = 1.384399
TRAIN Iter 284: loss = 0.001484,	Top-1 err = 46.900000,	Top-5 err = 27.040000,	train_time = 1.352551
TRAIN Iter 285: loss = 0.001474,	Top-1 err = 50.060000,	Top-5 err = 30.500000,	train_time = 1.324987
TRAIN Iter 286: loss = 0.001474,	Top-1 err = 47.460000,	Top-5 err = 26.900000,	train_time = 1.374447
TRAIN Iter 287: loss = 0.001473,	Top-1 err = 44.100000,	Top-5 err = 24.180000,	train_time = 1.411976
TRAIN Iter 288: loss = 0.001475,	Top-1 err = 47.020000,	Top-5 err = 28.000000,	train_time = 1.262343
TRAIN Iter 289: loss = 0.001453,	Top-1 err = 41.940000,	Top-5 err = 23.640000,	train_time = 1.274993
TEST:
Iter 289: loss = 1.701318,	Top-1 err = 42.920000,	Top-5 err = 16.490000,	val_time = 0.702396
TRAIN Iter 290: loss = 0.001453,	Top-1 err = 46.560000,	Top-5 err = 26.760000,	train_time = 1.397637
TRAIN Iter 291: loss = 0.001431,	Top-1 err = 47.520000,	Top-5 err = 27.960000,	train_time = 1.367590
TRAIN Iter 292: loss = 0.001437,	Top-1 err = 47.500000,	Top-5 err = 27.440000,	train_time = 1.330363
TRAIN Iter 293: loss = 0.001441,	Top-1 err = 47.140000,	Top-5 err = 26.760000,	train_time = 1.370100
TRAIN Iter 294: loss = 0.001505,	Top-1 err = 47.840000,	Top-5 err = 28.480000,	train_time = 1.270198
TRAIN Iter 295: loss = 0.001457,	Top-1 err = 49.200000,	Top-5 err = 28.180000,	train_time = 1.404038
TRAIN Iter 296: loss = 0.001417,	Top-1 err = 46.940000,	Top-5 err = 27.800000,	train_time = 1.321625
TRAIN Iter 297: loss = 0.001444,	Top-1 err = 47.160000,	Top-5 err = 27.740000,	train_time = 1.342908
TRAIN Iter 298: loss = 0.001451,	Top-1 err = 48.920000,	Top-5 err = 28.940000,	train_time = 1.327142
TRAIN Iter 299: loss = 0.001462,	Top-1 err = 47.960000,	Top-5 err = 28.460000,	train_time = 1.368657
TEST:
Iter 299: loss = 1.689397,	Top-1 err = 42.800000,	Top-5 err = 16.250000,	val_time = 0.819575
Train Finish! Best accuracy is 57.39@269
