/home/dvspanos/miniconda3/envs/rded/lib/python3.10/site-packages/torch/cuda/__init__.py:611: UserWarning: Can't initialize NVML
  warnings.warn("Can't initialize NVML")
=> using pytorch pre-trained teacher model 'conv3'
process data from /home/dvspanos/nikos/ca2d/artifacts/rded_sets/bench_cifar100_conv_el2nw90_ipc10
load data successfully
TRAIN Iter 0: loss = 0.023731,	Top-1 err = 96.700000,	Top-5 err = 85.800000,	train_time = 1.136043
TRAIN Iter 1: loss = 0.019522,	Top-1 err = 94.400000,	Top-5 err = 82.000000,	train_time = 0.400693
TRAIN Iter 2: loss = 0.018864,	Top-1 err = 90.900000,	Top-5 err = 75.100000,	train_time = 0.351140
TRAIN Iter 3: loss = 0.017621,	Top-1 err = 87.800000,	Top-5 err = 64.900000,	train_time = 0.427922
TRAIN Iter 4: loss = 0.017132,	Top-1 err = 88.600000,	Top-5 err = 67.100000,	train_time = 0.423978
TRAIN Iter 5: loss = 0.015065,	Top-1 err = 88.500000,	Top-5 err = 64.900000,	train_time = 0.373554
TRAIN Iter 6: loss = 0.015872,	Top-1 err = 81.800000,	Top-5 err = 56.600000,	train_time = 0.389380
TRAIN Iter 7: loss = 0.015077,	Top-1 err = 82.900000,	Top-5 err = 58.300000,	train_time = 0.377542
TRAIN Iter 8: loss = 0.014718,	Top-1 err = 80.400000,	Top-5 err = 55.700000,	train_time = 0.350028
TRAIN Iter 9: loss = 0.014690,	Top-1 err = 75.700000,	Top-5 err = 48.600000,	train_time = 0.404284
TRAIN Iter 10: loss = 0.013145,	Top-1 err = 82.100000,	Top-5 err = 60.600000,	train_time = 0.376051
TRAIN Iter 11: loss = 0.012576,	Top-1 err = 76.100000,	Top-5 err = 50.700000,	train_time = 0.390887
TRAIN Iter 12: loss = 0.012649,	Top-1 err = 72.100000,	Top-5 err = 44.300000,	train_time = 0.410234
TRAIN Iter 13: loss = 0.011833,	Top-1 err = 71.200000,	Top-5 err = 46.200000,	train_time = 0.406237
TRAIN Iter 14: loss = 0.011450,	Top-1 err = 74.000000,	Top-5 err = 49.000000,	train_time = 0.339601
TRAIN Iter 15: loss = 0.011631,	Top-1 err = 69.900000,	Top-5 err = 46.100000,	train_time = 0.393317
TRAIN Iter 16: loss = 0.011103,	Top-1 err = 74.900000,	Top-5 err = 48.700000,	train_time = 0.414903
TRAIN Iter 17: loss = 0.010519,	Top-1 err = 67.400000,	Top-5 err = 38.100000,	train_time = 0.382920
TRAIN Iter 18: loss = 0.010366,	Top-1 err = 68.000000,	Top-5 err = 40.800000,	train_time = 0.399854
TRAIN Iter 19: loss = 0.010556,	Top-1 err = 66.800000,	Top-5 err = 40.000000,	train_time = 0.383488
TRAIN Iter 20: loss = 0.010323,	Top-1 err = 67.800000,	Top-5 err = 41.600000,	train_time = 0.389570
TRAIN Iter 21: loss = 0.010168,	Top-1 err = 62.100000,	Top-5 err = 34.700000,	train_time = 0.378432
TRAIN Iter 22: loss = 0.009451,	Top-1 err = 65.600000,	Top-5 err = 40.200000,	train_time = 0.432623
TRAIN Iter 23: loss = 0.009752,	Top-1 err = 66.800000,	Top-5 err = 40.800000,	train_time = 0.406901
TRAIN Iter 24: loss = 0.009554,	Top-1 err = 63.700000,	Top-5 err = 37.800000,	train_time = 0.380642
TRAIN Iter 25: loss = 0.009123,	Top-1 err = 69.800000,	Top-5 err = 47.200000,	train_time = 0.340688
TRAIN Iter 26: loss = 0.008809,	Top-1 err = 61.800000,	Top-5 err = 34.500000,	train_time = 0.372931
TRAIN Iter 27: loss = 0.009206,	Top-1 err = 61.600000,	Top-5 err = 37.000000,	train_time = 0.394989
TRAIN Iter 28: loss = 0.008748,	Top-1 err = 63.500000,	Top-5 err = 41.600000,	train_time = 0.428636
TRAIN Iter 29: loss = 0.008634,	Top-1 err = 69.200000,	Top-5 err = 43.800000,	train_time = 0.371373
TRAIN Iter 30: loss = 0.008724,	Top-1 err = 58.300000,	Top-5 err = 35.700000,	train_time = 0.309145
TRAIN Iter 31: loss = 0.008317,	Top-1 err = 51.000000,	Top-5 err = 26.600000,	train_time = 0.403956
TRAIN Iter 32: loss = 0.008311,	Top-1 err = 55.700000,	Top-5 err = 31.800000,	train_time = 0.387347
TRAIN Iter 33: loss = 0.008519,	Top-1 err = 59.500000,	Top-5 err = 36.500000,	train_time = 0.394719
TRAIN Iter 34: loss = 0.008178,	Top-1 err = 60.400000,	Top-5 err = 38.200000,	train_time = 0.363819
TRAIN Iter 35: loss = 0.008141,	Top-1 err = 57.000000,	Top-5 err = 33.000000,	train_time = 0.368700
TRAIN Iter 36: loss = 0.007894,	Top-1 err = 56.000000,	Top-5 err = 30.200000,	train_time = 0.421400
TRAIN Iter 37: loss = 0.007917,	Top-1 err = 56.900000,	Top-5 err = 32.400000,	train_time = 0.395737
TRAIN Iter 38: loss = 0.007450,	Top-1 err = 62.100000,	Top-5 err = 36.200000,	train_time = 0.380166
TRAIN Iter 39: loss = 0.007382,	Top-1 err = 62.600000,	Top-5 err = 39.700000,	train_time = 0.407656
TRAIN Iter 40: loss = 0.007447,	Top-1 err = 65.800000,	Top-5 err = 43.400000,	train_time = 0.426223
TRAIN Iter 41: loss = 0.007611,	Top-1 err = 62.100000,	Top-5 err = 38.300000,	train_time = 0.370558
TRAIN Iter 42: loss = 0.007173,	Top-1 err = 59.000000,	Top-5 err = 35.400000,	train_time = 0.402586
TRAIN Iter 43: loss = 0.007358,	Top-1 err = 56.300000,	Top-5 err = 34.900000,	train_time = 0.357200
TRAIN Iter 44: loss = 0.007100,	Top-1 err = 58.900000,	Top-5 err = 36.200000,	train_time = 0.404701
TRAIN Iter 45: loss = 0.007052,	Top-1 err = 62.500000,	Top-5 err = 39.900000,	train_time = 0.395749
TRAIN Iter 46: loss = 0.006828,	Top-1 err = 54.500000,	Top-5 err = 32.400000,	train_time = 0.397425
TRAIN Iter 47: loss = 0.006957,	Top-1 err = 48.500000,	Top-5 err = 25.200000,	train_time = 0.383134
TRAIN Iter 48: loss = 0.006999,	Top-1 err = 57.500000,	Top-5 err = 33.200000,	train_time = 0.409314
TRAIN Iter 49: loss = 0.006576,	Top-1 err = 51.500000,	Top-5 err = 28.600000,	train_time = 0.351204
TRAIN Iter 50: loss = 0.007008,	Top-1 err = 61.500000,	Top-5 err = 38.100000,	train_time = 0.407174
TRAIN Iter 51: loss = 0.006537,	Top-1 err = 51.700000,	Top-5 err = 31.000000,	train_time = 0.402973
TRAIN Iter 52: loss = 0.006565,	Top-1 err = 55.800000,	Top-5 err = 32.600000,	train_time = 0.389325
TRAIN Iter 53: loss = 0.006738,	Top-1 err = 58.400000,	Top-5 err = 34.900000,	train_time = 0.378273
TRAIN Iter 54: loss = 0.006523,	Top-1 err = 53.900000,	Top-5 err = 29.900000,	train_time = 0.461757
TRAIN Iter 55: loss = 0.006324,	Top-1 err = 52.900000,	Top-5 err = 31.200000,	train_time = 0.361718
TRAIN Iter 56: loss = 0.006016,	Top-1 err = 43.600000,	Top-5 err = 22.500000,	train_time = 0.383276
TRAIN Iter 57: loss = 0.006386,	Top-1 err = 53.100000,	Top-5 err = 31.800000,	train_time = 0.382891
TRAIN Iter 58: loss = 0.006345,	Top-1 err = 49.400000,	Top-5 err = 27.000000,	train_time = 0.379764
TRAIN Iter 59: loss = 0.006238,	Top-1 err = 50.700000,	Top-5 err = 27.200000,	train_time = 0.383764
TRAIN Iter 60: loss = 0.006438,	Top-1 err = 60.900000,	Top-5 err = 36.200000,	train_time = 0.375594
TRAIN Iter 61: loss = 0.006193,	Top-1 err = 55.000000,	Top-5 err = 33.700000,	train_time = 0.397989
TRAIN Iter 62: loss = 0.006055,	Top-1 err = 53.700000,	Top-5 err = 31.500000,	train_time = 0.405816
TRAIN Iter 63: loss = 0.006128,	Top-1 err = 53.800000,	Top-5 err = 33.800000,	train_time = 0.419927
TRAIN Iter 64: loss = 0.005989,	Top-1 err = 54.400000,	Top-5 err = 31.400000,	train_time = 0.361740
TRAIN Iter 65: loss = 0.006159,	Top-1 err = 57.400000,	Top-5 err = 37.900000,	train_time = 0.407356
TRAIN Iter 66: loss = 0.005920,	Top-1 err = 48.300000,	Top-5 err = 27.000000,	train_time = 0.407632
TRAIN Iter 67: loss = 0.005943,	Top-1 err = 57.200000,	Top-5 err = 35.600000,	train_time = 0.404641
TRAIN Iter 68: loss = 0.005760,	Top-1 err = 54.200000,	Top-5 err = 32.800000,	train_time = 0.393301
TRAIN Iter 69: loss = 0.005849,	Top-1 err = 54.300000,	Top-5 err = 33.400000,	train_time = 0.404093
TRAIN Iter 70: loss = 0.005667,	Top-1 err = 48.000000,	Top-5 err = 26.300000,	train_time = 0.409601
TRAIN Iter 71: loss = 0.005503,	Top-1 err = 48.200000,	Top-5 err = 26.900000,	train_time = 0.418220
TRAIN Iter 72: loss = 0.006009,	Top-1 err = 53.000000,	Top-5 err = 31.000000,	train_time = 0.376342
TRAIN Iter 73: loss = 0.005723,	Top-1 err = 54.600000,	Top-5 err = 32.500000,	train_time = 0.396941
TRAIN Iter 74: loss = 0.005778,	Top-1 err = 54.500000,	Top-5 err = 34.300000,	train_time = 0.401412
TRAIN Iter 75: loss = 0.005526,	Top-1 err = 54.300000,	Top-5 err = 32.400000,	train_time = 0.393364
TRAIN Iter 76: loss = 0.005335,	Top-1 err = 45.200000,	Top-5 err = 23.500000,	train_time = 0.403085
TRAIN Iter 77: loss = 0.005504,	Top-1 err = 49.500000,	Top-5 err = 27.400000,	train_time = 0.406369
TRAIN Iter 78: loss = 0.005598,	Top-1 err = 53.400000,	Top-5 err = 32.200000,	train_time = 0.391907
TRAIN Iter 79: loss = 0.005643,	Top-1 err = 50.200000,	Top-5 err = 31.000000,	train_time = 0.390486
TRAIN Iter 80: loss = 0.005545,	Top-1 err = 58.800000,	Top-5 err = 35.700000,	train_time = 0.398218
TRAIN Iter 81: loss = 0.005723,	Top-1 err = 57.100000,	Top-5 err = 32.900000,	train_time = 0.396215
TRAIN Iter 82: loss = 0.005527,	Top-1 err = 55.200000,	Top-5 err = 31.900000,	train_time = 0.418106
TRAIN Iter 83: loss = 0.005584,	Top-1 err = 61.100000,	Top-5 err = 38.400000,	train_time = 0.394336
TRAIN Iter 84: loss = 0.005389,	Top-1 err = 50.100000,	Top-5 err = 26.900000,	train_time = 0.350921
TRAIN Iter 85: loss = 0.005295,	Top-1 err = 50.500000,	Top-5 err = 29.000000,	train_time = 0.396745
TRAIN Iter 86: loss = 0.005320,	Top-1 err = 56.700000,	Top-5 err = 36.400000,	train_time = 0.432495
TRAIN Iter 87: loss = 0.005268,	Top-1 err = 62.200000,	Top-5 err = 36.900000,	train_time = 0.374078
TRAIN Iter 88: loss = 0.005201,	Top-1 err = 45.700000,	Top-5 err = 25.300000,	train_time = 0.384188
TRAIN Iter 89: loss = 0.005229,	Top-1 err = 48.200000,	Top-5 err = 27.300000,	train_time = 0.383793
TRAIN Iter 90: loss = 0.005088,	Top-1 err = 49.500000,	Top-5 err = 27.600000,	train_time = 0.415395
TRAIN Iter 91: loss = 0.005022,	Top-1 err = 51.400000,	Top-5 err = 28.400000,	train_time = 0.381914
TRAIN Iter 92: loss = 0.005019,	Top-1 err = 51.600000,	Top-5 err = 28.500000,	train_time = 0.401551
TRAIN Iter 93: loss = 0.005254,	Top-1 err = 56.300000,	Top-5 err = 35.800000,	train_time = 0.376599
TRAIN Iter 94: loss = 0.005001,	Top-1 err = 51.000000,	Top-5 err = 30.300000,	train_time = 0.403570
TRAIN Iter 95: loss = 0.005125,	Top-1 err = 53.300000,	Top-5 err = 32.400000,	train_time = 0.372308
TRAIN Iter 96: loss = 0.005365,	Top-1 err = 52.300000,	Top-5 err = 31.500000,	train_time = 0.387846
TRAIN Iter 97: loss = 0.005229,	Top-1 err = 53.900000,	Top-5 err = 31.100000,	train_time = 0.390844
TRAIN Iter 98: loss = 0.005068,	Top-1 err = 53.100000,	Top-5 err = 32.700000,	train_time = 0.393765
TRAIN Iter 99: loss = 0.005110,	Top-1 err = 54.300000,	Top-5 err = 32.400000,	train_time = 0.394346
TRAIN Iter 100: loss = 0.005039,	Top-1 err = 47.100000,	Top-5 err = 24.500000,	train_time = 0.415045
TRAIN Iter 101: loss = 0.004966,	Top-1 err = 50.800000,	Top-5 err = 30.600000,	train_time = 0.437650
TRAIN Iter 102: loss = 0.004870,	Top-1 err = 50.900000,	Top-5 err = 31.100000,	train_time = 0.413860
TRAIN Iter 103: loss = 0.005032,	Top-1 err = 54.800000,	Top-5 err = 36.100000,	train_time = 0.374622
TRAIN Iter 104: loss = 0.005122,	Top-1 err = 47.200000,	Top-5 err = 25.200000,	train_time = 0.387612
TRAIN Iter 105: loss = 0.004840,	Top-1 err = 47.600000,	Top-5 err = 23.600000,	train_time = 0.379956
TRAIN Iter 106: loss = 0.004575,	Top-1 err = 41.500000,	Top-5 err = 22.600000,	train_time = 0.389343
TRAIN Iter 107: loss = 0.004779,	Top-1 err = 48.800000,	Top-5 err = 28.700000,	train_time = 0.385281
TRAIN Iter 108: loss = 0.004953,	Top-1 err = 48.900000,	Top-5 err = 27.300000,	train_time = 0.387692
TRAIN Iter 109: loss = 0.004775,	Top-1 err = 53.000000,	Top-5 err = 30.900000,	train_time = 0.391904
TRAIN Iter 110: loss = 0.004850,	Top-1 err = 47.400000,	Top-5 err = 29.800000,	train_time = 0.394660
TRAIN Iter 111: loss = 0.004514,	Top-1 err = 51.100000,	Top-5 err = 29.600000,	train_time = 0.422123
TRAIN Iter 112: loss = 0.004695,	Top-1 err = 47.100000,	Top-5 err = 26.500000,	train_time = 0.378772
TRAIN Iter 113: loss = 0.004512,	Top-1 err = 43.200000,	Top-5 err = 22.400000,	train_time = 0.392749
TRAIN Iter 114: loss = 0.004763,	Top-1 err = 48.500000,	Top-5 err = 29.200000,	train_time = 0.403492
TRAIN Iter 115: loss = 0.004850,	Top-1 err = 57.200000,	Top-5 err = 34.500000,	train_time = 0.420070
TRAIN Iter 116: loss = 0.005125,	Top-1 err = 59.800000,	Top-5 err = 38.700000,	train_time = 0.400406
TRAIN Iter 117: loss = 0.004887,	Top-1 err = 53.500000,	Top-5 err = 34.100000,	train_time = 0.423982
TRAIN Iter 118: loss = 0.004703,	Top-1 err = 51.100000,	Top-5 err = 29.400000,	train_time = 0.389364
TRAIN Iter 119: loss = 0.004817,	Top-1 err = 57.100000,	Top-5 err = 34.600000,	train_time = 0.412060
TRAIN Iter 120: loss = 0.004761,	Top-1 err = 54.600000,	Top-5 err = 37.000000,	train_time = 0.400853
TRAIN Iter 121: loss = 0.004565,	Top-1 err = 49.200000,	Top-5 err = 28.200000,	train_time = 0.376779
TRAIN Iter 122: loss = 0.004781,	Top-1 err = 57.500000,	Top-5 err = 38.400000,	train_time = 0.389707
TRAIN Iter 123: loss = 0.004620,	Top-1 err = 49.100000,	Top-5 err = 28.700000,	train_time = 0.396899
TRAIN Iter 124: loss = 0.004638,	Top-1 err = 51.200000,	Top-5 err = 30.000000,	train_time = 0.433349
TRAIN Iter 125: loss = 0.004603,	Top-1 err = 59.400000,	Top-5 err = 36.500000,	train_time = 0.368896
TRAIN Iter 126: loss = 0.004433,	Top-1 err = 53.600000,	Top-5 err = 31.800000,	train_time = 0.424502
TRAIN Iter 127: loss = 0.004570,	Top-1 err = 53.800000,	Top-5 err = 33.200000,	train_time = 0.393898
TRAIN Iter 128: loss = 0.004305,	Top-1 err = 37.300000,	Top-5 err = 17.400000,	train_time = 0.414724
TRAIN Iter 129: loss = 0.004324,	Top-1 err = 43.600000,	Top-5 err = 23.000000,	train_time = 0.396750
TRAIN Iter 130: loss = 0.004404,	Top-1 err = 51.700000,	Top-5 err = 26.400000,	train_time = 0.393741
TRAIN Iter 131: loss = 0.004449,	Top-1 err = 49.300000,	Top-5 err = 29.000000,	train_time = 0.413702
TRAIN Iter 132: loss = 0.004494,	Top-1 err = 53.100000,	Top-5 err = 30.100000,	train_time = 0.365137
TRAIN Iter 133: loss = 0.004484,	Top-1 err = 51.000000,	Top-5 err = 30.400000,	train_time = 0.391076
TRAIN Iter 134: loss = 0.004419,	Top-1 err = 45.700000,	Top-5 err = 27.100000,	train_time = 0.389693
TRAIN Iter 135: loss = 0.004314,	Top-1 err = 43.400000,	Top-5 err = 23.400000,	train_time = 0.359416
TRAIN Iter 136: loss = 0.004454,	Top-1 err = 57.600000,	Top-5 err = 34.200000,	train_time = 0.399280
TRAIN Iter 137: loss = 0.004347,	Top-1 err = 44.000000,	Top-5 err = 24.900000,	train_time = 0.379923
TRAIN Iter 138: loss = 0.004513,	Top-1 err = 50.500000,	Top-5 err = 28.700000,	train_time = 0.389560
TRAIN Iter 139: loss = 0.004245,	Top-1 err = 47.500000,	Top-5 err = 25.400000,	train_time = 0.391241
TRAIN Iter 140: loss = 0.004486,	Top-1 err = 47.500000,	Top-5 err = 30.900000,	train_time = 0.414295
TRAIN Iter 141: loss = 0.004430,	Top-1 err = 47.500000,	Top-5 err = 22.800000,	train_time = 0.404629
TRAIN Iter 142: loss = 0.004315,	Top-1 err = 41.200000,	Top-5 err = 22.100000,	train_time = 0.401147
TRAIN Iter 143: loss = 0.004294,	Top-1 err = 50.400000,	Top-5 err = 30.500000,	train_time = 0.403850
TRAIN Iter 144: loss = 0.004216,	Top-1 err = 46.900000,	Top-5 err = 27.700000,	train_time = 0.391316
TRAIN Iter 145: loss = 0.004140,	Top-1 err = 45.000000,	Top-5 err = 24.500000,	train_time = 0.385989
TRAIN Iter 146: loss = 0.004246,	Top-1 err = 44.900000,	Top-5 err = 27.000000,	train_time = 0.408234
TRAIN Iter 147: loss = 0.004395,	Top-1 err = 50.300000,	Top-5 err = 27.900000,	train_time = 0.390567
TRAIN Iter 148: loss = 0.004506,	Top-1 err = 55.800000,	Top-5 err = 33.200000,	train_time = 0.382826
TRAIN Iter 149: loss = 0.004253,	Top-1 err = 42.100000,	Top-5 err = 20.900000,	train_time = 0.397552
TRAIN Iter 150: loss = 0.004185,	Top-1 err = 47.400000,	Top-5 err = 27.000000,	train_time = 0.370167
TRAIN Iter 151: loss = 0.004257,	Top-1 err = 49.100000,	Top-5 err = 28.200000,	train_time = 0.402354
TRAIN Iter 152: loss = 0.004308,	Top-1 err = 48.700000,	Top-5 err = 29.600000,	train_time = 0.400972
TRAIN Iter 153: loss = 0.004185,	Top-1 err = 46.500000,	Top-5 err = 25.500000,	train_time = 0.407253
TRAIN Iter 154: loss = 0.004329,	Top-1 err = 48.800000,	Top-5 err = 30.300000,	train_time = 0.415457
TRAIN Iter 155: loss = 0.004063,	Top-1 err = 46.500000,	Top-5 err = 23.400000,	train_time = 0.410847
TRAIN Iter 156: loss = 0.004117,	Top-1 err = 49.100000,	Top-5 err = 29.800000,	train_time = 0.403971
TRAIN Iter 157: loss = 0.003999,	Top-1 err = 44.000000,	Top-5 err = 23.400000,	train_time = 0.396895
TRAIN Iter 158: loss = 0.004041,	Top-1 err = 45.900000,	Top-5 err = 25.200000,	train_time = 0.327772
TRAIN Iter 159: loss = 0.004119,	Top-1 err = 45.600000,	Top-5 err = 25.600000,	train_time = 0.390851
TRAIN Iter 160: loss = 0.004239,	Top-1 err = 46.200000,	Top-5 err = 27.300000,	train_time = 0.410182
TRAIN Iter 161: loss = 0.004067,	Top-1 err = 51.100000,	Top-5 err = 31.300000,	train_time = 0.379017
TRAIN Iter 162: loss = 0.004074,	Top-1 err = 46.900000,	Top-5 err = 30.700000,	train_time = 0.391846
TRAIN Iter 163: loss = 0.003899,	Top-1 err = 43.800000,	Top-5 err = 25.900000,	train_time = 0.395380
TRAIN Iter 164: loss = 0.004069,	Top-1 err = 48.400000,	Top-5 err = 26.300000,	train_time = 0.402999
TRAIN Iter 165: loss = 0.004259,	Top-1 err = 52.100000,	Top-5 err = 32.400000,	train_time = 0.373538
TRAIN Iter 166: loss = 0.003923,	Top-1 err = 45.300000,	Top-5 err = 24.300000,	train_time = 0.418118
TRAIN Iter 167: loss = 0.003992,	Top-1 err = 47.300000,	Top-5 err = 26.200000,	train_time = 0.417462
TRAIN Iter 168: loss = 0.004164,	Top-1 err = 51.700000,	Top-5 err = 28.400000,	train_time = 0.388709
TRAIN Iter 169: loss = 0.003920,	Top-1 err = 46.600000,	Top-5 err = 29.500000,	train_time = 0.405104
TRAIN Iter 170: loss = 0.003893,	Top-1 err = 43.200000,	Top-5 err = 23.300000,	train_time = 0.378601
TRAIN Iter 171: loss = 0.003945,	Top-1 err = 48.300000,	Top-5 err = 28.600000,	train_time = 0.419534
TRAIN Iter 172: loss = 0.004007,	Top-1 err = 45.400000,	Top-5 err = 25.300000,	train_time = 0.391008
TRAIN Iter 173: loss = 0.004109,	Top-1 err = 50.500000,	Top-5 err = 30.700000,	train_time = 0.396066
TRAIN Iter 174: loss = 0.003828,	Top-1 err = 40.800000,	Top-5 err = 22.500000,	train_time = 0.422960
TRAIN Iter 175: loss = 0.003882,	Top-1 err = 46.500000,	Top-5 err = 24.400000,	train_time = 0.393830
TRAIN Iter 176: loss = 0.003881,	Top-1 err = 39.700000,	Top-5 err = 20.400000,	train_time = 0.396455
TRAIN Iter 177: loss = 0.003897,	Top-1 err = 45.800000,	Top-5 err = 25.300000,	train_time = 0.371492
TRAIN Iter 178: loss = 0.003960,	Top-1 err = 43.500000,	Top-5 err = 23.700000,	train_time = 0.396930
TRAIN Iter 179: loss = 0.004186,	Top-1 err = 49.100000,	Top-5 err = 30.800000,	train_time = 0.400701
TRAIN Iter 180: loss = 0.004105,	Top-1 err = 53.400000,	Top-5 err = 31.800000,	train_time = 0.413560
TRAIN Iter 181: loss = 0.004028,	Top-1 err = 49.200000,	Top-5 err = 32.400000,	train_time = 0.396196
TRAIN Iter 182: loss = 0.004075,	Top-1 err = 52.600000,	Top-5 err = 30.200000,	train_time = 0.399892
TRAIN Iter 183: loss = 0.003857,	Top-1 err = 45.800000,	Top-5 err = 26.700000,	train_time = 0.375975
TRAIN Iter 184: loss = 0.003885,	Top-1 err = 49.900000,	Top-5 err = 30.800000,	train_time = 0.415656
TRAIN Iter 185: loss = 0.003998,	Top-1 err = 46.100000,	Top-5 err = 25.900000,	train_time = 0.407554
TRAIN Iter 186: loss = 0.003896,	Top-1 err = 50.800000,	Top-5 err = 30.100000,	train_time = 0.401553
TRAIN Iter 187: loss = 0.003845,	Top-1 err = 48.800000,	Top-5 err = 29.500000,	train_time = 0.388593
TRAIN Iter 188: loss = 0.003941,	Top-1 err = 48.200000,	Top-5 err = 27.700000,	train_time = 0.411862
TRAIN Iter 189: loss = 0.003959,	Top-1 err = 50.000000,	Top-5 err = 28.800000,	train_time = 0.381438
TRAIN Iter 190: loss = 0.003879,	Top-1 err = 47.100000,	Top-5 err = 28.700000,	train_time = 0.414054
TRAIN Iter 191: loss = 0.003759,	Top-1 err = 46.500000,	Top-5 err = 25.900000,	train_time = 0.411166
TRAIN Iter 192: loss = 0.003748,	Top-1 err = 43.700000,	Top-5 err = 25.500000,	train_time = 0.325857
TRAIN Iter 193: loss = 0.003810,	Top-1 err = 51.300000,	Top-5 err = 30.500000,	train_time = 0.374928
TRAIN Iter 194: loss = 0.003808,	Top-1 err = 49.100000,	Top-5 err = 29.300000,	train_time = 0.415657
TRAIN Iter 195: loss = 0.003867,	Top-1 err = 51.500000,	Top-5 err = 32.400000,	train_time = 0.419513
TRAIN Iter 196: loss = 0.003862,	Top-1 err = 49.800000,	Top-5 err = 30.500000,	train_time = 0.394210
TRAIN Iter 197: loss = 0.003869,	Top-1 err = 55.700000,	Top-5 err = 35.400000,	train_time = 0.405241
TRAIN Iter 198: loss = 0.003778,	Top-1 err = 49.100000,	Top-5 err = 28.300000,	train_time = 0.398309
TRAIN Iter 199: loss = 0.003733,	Top-1 err = 45.600000,	Top-5 err = 26.000000,	train_time = 0.392476
TRAIN Iter 200: loss = 0.003536,	Top-1 err = 37.100000,	Top-5 err = 20.200000,	train_time = 0.400734
TRAIN Iter 201: loss = 0.003859,	Top-1 err = 51.600000,	Top-5 err = 32.200000,	train_time = 0.436249
TRAIN Iter 202: loss = 0.003910,	Top-1 err = 51.200000,	Top-5 err = 30.200000,	train_time = 0.402740
TRAIN Iter 203: loss = 0.003652,	Top-1 err = 50.200000,	Top-5 err = 28.800000,	train_time = 0.409005
TRAIN Iter 204: loss = 0.003725,	Top-1 err = 46.900000,	Top-5 err = 27.400000,	train_time = 0.399117
TRAIN Iter 205: loss = 0.003662,	Top-1 err = 47.600000,	Top-5 err = 26.900000,	train_time = 0.414377
TRAIN Iter 206: loss = 0.003793,	Top-1 err = 49.500000,	Top-5 err = 29.800000,	train_time = 0.426591
TRAIN Iter 207: loss = 0.003870,	Top-1 err = 48.100000,	Top-5 err = 27.300000,	train_time = 0.404679
TRAIN Iter 208: loss = 0.003681,	Top-1 err = 45.400000,	Top-5 err = 25.700000,	train_time = 0.380769
TRAIN Iter 209: loss = 0.003954,	Top-1 err = 57.200000,	Top-5 err = 37.400000,	train_time = 0.409893
TRAIN Iter 210: loss = 0.003734,	Top-1 err = 41.300000,	Top-5 err = 22.100000,	train_time = 0.392344
TRAIN Iter 211: loss = 0.003691,	Top-1 err = 46.700000,	Top-5 err = 27.200000,	train_time = 0.392138
TRAIN Iter 212: loss = 0.003822,	Top-1 err = 47.400000,	Top-5 err = 27.500000,	train_time = 0.368191
TRAIN Iter 213: loss = 0.003649,	Top-1 err = 48.600000,	Top-5 err = 29.600000,	train_time = 0.390132
TRAIN Iter 214: loss = 0.003621,	Top-1 err = 46.000000,	Top-5 err = 25.500000,	train_time = 0.361799
TRAIN Iter 215: loss = 0.003646,	Top-1 err = 48.200000,	Top-5 err = 30.100000,	train_time = 0.391825
TRAIN Iter 216: loss = 0.003633,	Top-1 err = 47.600000,	Top-5 err = 27.300000,	train_time = 0.391208
TRAIN Iter 217: loss = 0.003577,	Top-1 err = 42.400000,	Top-5 err = 21.300000,	train_time = 0.399733
TRAIN Iter 218: loss = 0.003503,	Top-1 err = 43.600000,	Top-5 err = 22.400000,	train_time = 0.384113
TRAIN Iter 219: loss = 0.003672,	Top-1 err = 55.600000,	Top-5 err = 34.000000,	train_time = 0.393166
TRAIN Iter 220: loss = 0.003724,	Top-1 err = 53.400000,	Top-5 err = 32.600000,	train_time = 0.407526
TRAIN Iter 221: loss = 0.003640,	Top-1 err = 50.600000,	Top-5 err = 29.800000,	train_time = 0.385294
TRAIN Iter 222: loss = 0.003643,	Top-1 err = 42.800000,	Top-5 err = 25.400000,	train_time = 0.401342
TRAIN Iter 223: loss = 0.003774,	Top-1 err = 53.500000,	Top-5 err = 35.900000,	train_time = 0.417803
TRAIN Iter 224: loss = 0.003611,	Top-1 err = 54.200000,	Top-5 err = 32.300000,	train_time = 0.419880
TRAIN Iter 225: loss = 0.003787,	Top-1 err = 45.700000,	Top-5 err = 25.400000,	train_time = 0.384762
TRAIN Iter 226: loss = 0.003687,	Top-1 err = 52.800000,	Top-5 err = 30.900000,	train_time = 0.384755
TRAIN Iter 227: loss = 0.003633,	Top-1 err = 50.000000,	Top-5 err = 30.400000,	train_time = 0.394148
TRAIN Iter 228: loss = 0.003505,	Top-1 err = 43.000000,	Top-5 err = 23.100000,	train_time = 0.392289
TRAIN Iter 229: loss = 0.003558,	Top-1 err = 43.700000,	Top-5 err = 25.100000,	train_time = 0.414077
TRAIN Iter 230: loss = 0.003410,	Top-1 err = 44.100000,	Top-5 err = 22.800000,	train_time = 0.384135
TRAIN Iter 231: loss = 0.003512,	Top-1 err = 43.500000,	Top-5 err = 23.400000,	train_time = 0.409631
TRAIN Iter 232: loss = 0.003567,	Top-1 err = 45.500000,	Top-5 err = 27.000000,	train_time = 0.362012
TRAIN Iter 233: loss = 0.003466,	Top-1 err = 47.100000,	Top-5 err = 26.400000,	train_time = 0.400820
TRAIN Iter 234: loss = 0.003544,	Top-1 err = 50.700000,	Top-5 err = 32.700000,	train_time = 0.402107
TRAIN Iter 235: loss = 0.003476,	Top-1 err = 43.400000,	Top-5 err = 22.800000,	train_time = 0.397221
TRAIN Iter 236: loss = 0.003479,	Top-1 err = 52.200000,	Top-5 err = 30.800000,	train_time = 0.386690
TRAIN Iter 237: loss = 0.003526,	Top-1 err = 47.200000,	Top-5 err = 23.200000,	train_time = 0.425051
TRAIN Iter 238: loss = 0.003538,	Top-1 err = 49.700000,	Top-5 err = 29.000000,	train_time = 0.371165
TRAIN Iter 239: loss = 0.003463,	Top-1 err = 49.500000,	Top-5 err = 26.600000,	train_time = 0.364886
TRAIN Iter 240: loss = 0.003616,	Top-1 err = 52.100000,	Top-5 err = 33.500000,	train_time = 0.413228
TRAIN Iter 241: loss = 0.003771,	Top-1 err = 57.500000,	Top-5 err = 34.900000,	train_time = 0.360501
TRAIN Iter 242: loss = 0.003473,	Top-1 err = 47.000000,	Top-5 err = 25.300000,	train_time = 0.391683
TRAIN Iter 243: loss = 0.003460,	Top-1 err = 44.800000,	Top-5 err = 24.900000,	train_time = 0.384467
TRAIN Iter 244: loss = 0.003565,	Top-1 err = 48.600000,	Top-5 err = 26.200000,	train_time = 0.375101
TRAIN Iter 245: loss = 0.003569,	Top-1 err = 53.700000,	Top-5 err = 32.200000,	train_time = 0.385333
TRAIN Iter 246: loss = 0.003500,	Top-1 err = 52.300000,	Top-5 err = 34.000000,	train_time = 0.395347
TRAIN Iter 247: loss = 0.003471,	Top-1 err = 46.900000,	Top-5 err = 27.300000,	train_time = 0.391708
TRAIN Iter 248: loss = 0.003547,	Top-1 err = 56.700000,	Top-5 err = 35.700000,	train_time = 0.403319
TRAIN Iter 249: loss = 0.003526,	Top-1 err = 54.200000,	Top-5 err = 31.900000,	train_time = 0.377434
TEST:
Iter 249: loss = 1.993463,	Top-1 err = 50.710000,	Top-5 err = 20.400000,	val_time = 0.744390
TRAIN Iter 250: loss = 0.003320,	Top-1 err = 45.600000,	Top-5 err = 26.500000,	train_time = 0.367213
TRAIN Iter 251: loss = 0.003524,	Top-1 err = 49.300000,	Top-5 err = 29.800000,	train_time = 0.388993
TRAIN Iter 252: loss = 0.003615,	Top-1 err = 45.500000,	Top-5 err = 30.300000,	train_time = 0.383187
TRAIN Iter 253: loss = 0.003513,	Top-1 err = 49.200000,	Top-5 err = 28.900000,	train_time = 0.396431
TRAIN Iter 254: loss = 0.003579,	Top-1 err = 52.700000,	Top-5 err = 29.800000,	train_time = 0.384907
TRAIN Iter 255: loss = 0.003243,	Top-1 err = 39.400000,	Top-5 err = 20.300000,	train_time = 0.408249
TRAIN Iter 256: loss = 0.003348,	Top-1 err = 48.000000,	Top-5 err = 28.900000,	train_time = 0.390405
TRAIN Iter 257: loss = 0.003561,	Top-1 err = 51.400000,	Top-5 err = 30.000000,	train_time = 0.384624
TRAIN Iter 258: loss = 0.003400,	Top-1 err = 52.400000,	Top-5 err = 29.000000,	train_time = 0.392733
TRAIN Iter 259: loss = 0.003377,	Top-1 err = 50.400000,	Top-5 err = 30.100000,	train_time = 0.378463
TEST:
Iter 259: loss = 1.948864,	Top-1 err = 49.460000,	Top-5 err = 20.290000,	val_time = 0.808448
TRAIN Iter 260: loss = 0.003264,	Top-1 err = 47.700000,	Top-5 err = 27.800000,	train_time = 0.386804
TRAIN Iter 261: loss = 0.003333,	Top-1 err = 40.000000,	Top-5 err = 21.100000,	train_time = 0.400399
TRAIN Iter 262: loss = 0.003460,	Top-1 err = 52.200000,	Top-5 err = 34.600000,	train_time = 0.364418
TRAIN Iter 263: loss = 0.003499,	Top-1 err = 51.500000,	Top-5 err = 30.000000,	train_time = 0.389935
TRAIN Iter 264: loss = 0.003407,	Top-1 err = 52.300000,	Top-5 err = 31.400000,	train_time = 0.412631
TRAIN Iter 265: loss = 0.003441,	Top-1 err = 50.100000,	Top-5 err = 30.300000,	train_time = 0.380292
TRAIN Iter 266: loss = 0.003428,	Top-1 err = 45.900000,	Top-5 err = 25.800000,	train_time = 0.395057
TRAIN Iter 267: loss = 0.003376,	Top-1 err = 46.700000,	Top-5 err = 26.600000,	train_time = 0.411690
TRAIN Iter 268: loss = 0.003572,	Top-1 err = 56.700000,	Top-5 err = 39.300000,	train_time = 0.386798
TRAIN Iter 269: loss = 0.003245,	Top-1 err = 41.000000,	Top-5 err = 21.400000,	train_time = 0.400156
TEST:
Iter 269: loss = 2.021883,	Top-1 err = 50.890000,	Top-5 err = 20.950000,	val_time = 0.805084
TRAIN Iter 270: loss = 0.003382,	Top-1 err = 42.000000,	Top-5 err = 24.300000,	train_time = 0.419701
TRAIN Iter 271: loss = 0.003498,	Top-1 err = 55.300000,	Top-5 err = 35.600000,	train_time = 0.399611
TRAIN Iter 272: loss = 0.003489,	Top-1 err = 51.000000,	Top-5 err = 32.900000,	train_time = 0.413055
TRAIN Iter 273: loss = 0.003214,	Top-1 err = 41.600000,	Top-5 err = 24.800000,	train_time = 0.389184
TRAIN Iter 274: loss = 0.003148,	Top-1 err = 38.100000,	Top-5 err = 18.500000,	train_time = 0.413552
TRAIN Iter 275: loss = 0.003303,	Top-1 err = 47.000000,	Top-5 err = 27.900000,	train_time = 0.380011
TRAIN Iter 276: loss = 0.003340,	Top-1 err = 53.700000,	Top-5 err = 32.500000,	train_time = 0.386757
TRAIN Iter 277: loss = 0.003237,	Top-1 err = 48.800000,	Top-5 err = 26.900000,	train_time = 0.391572
TRAIN Iter 278: loss = 0.003357,	Top-1 err = 51.000000,	Top-5 err = 30.500000,	train_time = 0.391746
TRAIN Iter 279: loss = 0.003522,	Top-1 err = 52.500000,	Top-5 err = 34.200000,	train_time = 0.378916
TEST:
Iter 279: loss = 1.920800,	Top-1 err = 49.270000,	Top-5 err = 20.440000,	val_time = 0.712157
TRAIN Iter 280: loss = 0.003339,	Top-1 err = 49.700000,	Top-5 err = 29.000000,	train_time = 0.398784
TRAIN Iter 281: loss = 0.003243,	Top-1 err = 48.300000,	Top-5 err = 30.200000,	train_time = 0.412138
TRAIN Iter 282: loss = 0.003365,	Top-1 err = 50.100000,	Top-5 err = 29.200000,	train_time = 0.415989
TRAIN Iter 283: loss = 0.003359,	Top-1 err = 52.600000,	Top-5 err = 31.500000,	train_time = 0.397554
TRAIN Iter 284: loss = 0.003218,	Top-1 err = 42.100000,	Top-5 err = 21.600000,	train_time = 0.381265
TRAIN Iter 285: loss = 0.003193,	Top-1 err = 47.900000,	Top-5 err = 25.600000,	train_time = 0.402428
TRAIN Iter 286: loss = 0.003418,	Top-1 err = 53.700000,	Top-5 err = 30.600000,	train_time = 0.365277
TRAIN Iter 287: loss = 0.003299,	Top-1 err = 46.400000,	Top-5 err = 25.700000,	train_time = 0.406267
TRAIN Iter 288: loss = 0.003370,	Top-1 err = 46.800000,	Top-5 err = 27.500000,	train_time = 0.362446
TRAIN Iter 289: loss = 0.003221,	Top-1 err = 47.800000,	Top-5 err = 28.500000,	train_time = 0.393246
TEST:
Iter 289: loss = 1.938620,	Top-1 err = 49.180000,	Top-5 err = 20.090000,	val_time = 0.739112
TRAIN Iter 290: loss = 0.003264,	Top-1 err = 53.600000,	Top-5 err = 34.000000,	train_time = 0.384825
TRAIN Iter 291: loss = 0.003351,	Top-1 err = 50.200000,	Top-5 err = 30.100000,	train_time = 0.396236
TRAIN Iter 292: loss = 0.003049,	Top-1 err = 40.900000,	Top-5 err = 21.600000,	train_time = 0.397097
TRAIN Iter 293: loss = 0.003163,	Top-1 err = 42.900000,	Top-5 err = 23.300000,	train_time = 0.384263
TRAIN Iter 294: loss = 0.003143,	Top-1 err = 45.700000,	Top-5 err = 27.600000,	train_time = 0.455662
TRAIN Iter 295: loss = 0.003251,	Top-1 err = 50.200000,	Top-5 err = 26.900000,	train_time = 0.432465
TRAIN Iter 296: loss = 0.003294,	Top-1 err = 51.600000,	Top-5 err = 29.400000,	train_time = 0.408161
TRAIN Iter 297: loss = 0.003187,	Top-1 err = 46.500000,	Top-5 err = 25.800000,	train_time = 0.380226
TRAIN Iter 298: loss = 0.003286,	Top-1 err = 51.500000,	Top-5 err = 34.400000,	train_time = 0.365178
TRAIN Iter 299: loss = 0.003018,	Top-1 err = 45.400000,	Top-5 err = 26.800000,	train_time = 0.403828
TEST:
Iter 299: loss = 1.913194,	Top-1 err = 49.580000,	Top-5 err = 19.750000,	val_time = 0.841982
Train Finish! Best accuracy is 50.82@289
