/home/dvspanos/miniconda3/envs/rded/lib/python3.10/site-packages/torchvision/models/_utils.py:208: UserWarning: The parameter 'pretrained' is deprecated since 0.13 and may be removed in the future, please use 'weights' instead.
  warnings.warn(
/home/dvspanos/miniconda3/envs/rded/lib/python3.10/site-packages/torchvision/models/_utils.py:223: UserWarning: Arguments other than a weight enum or `None` for 'weights' are deprecated since 0.13 and may be removed in the future. The current behavior is equivalent to passing `weights=None`.
  warnings.warn(msg)
=> using pytorch pre-trained teacher model 'resnet18_modified'
process data from /home/dvspanos/nikos/ca2d/artifacts/rded_sets/bench_cifar100_rn18_sharp_ipc10
load data successfully
TRAIN Iter 0: loss = 0.017270,	Top-1 err = 98.100000,	Top-5 err = 91.100000,	train_time = 3.830689
TRAIN Iter 1: loss = 0.020218,	Top-1 err = 96.600000,	Top-5 err = 84.800000,	train_time = 1.821238
TRAIN Iter 2: loss = 0.016225,	Top-1 err = 95.500000,	Top-5 err = 81.400000,	train_time = 1.816984
TRAIN Iter 3: loss = 0.014466,	Top-1 err = 94.400000,	Top-5 err = 79.800000,	train_time = 1.806059
TRAIN Iter 4: loss = 0.013786,	Top-1 err = 95.200000,	Top-5 err = 79.100000,	train_time = 1.823779
TRAIN Iter 5: loss = 0.013860,	Top-1 err = 94.100000,	Top-5 err = 77.800000,	train_time = 1.814115
TRAIN Iter 6: loss = 0.015558,	Top-1 err = 93.400000,	Top-5 err = 76.900000,	train_time = 1.814397
TRAIN Iter 7: loss = 0.014902,	Top-1 err = 94.600000,	Top-5 err = 80.100000,	train_time = 1.808264
TRAIN Iter 8: loss = 0.015056,	Top-1 err = 92.100000,	Top-5 err = 72.400000,	train_time = 1.817464
TRAIN Iter 9: loss = 0.013421,	Top-1 err = 95.100000,	Top-5 err = 78.200000,	train_time = 1.827659
TRAIN Iter 10: loss = 0.015195,	Top-1 err = 89.600000,	Top-5 err = 67.700000,	train_time = 1.807382
TRAIN Iter 11: loss = 0.013697,	Top-1 err = 91.000000,	Top-5 err = 71.100000,	train_time = 1.814744
TRAIN Iter 12: loss = 0.015697,	Top-1 err = 88.400000,	Top-5 err = 65.000000,	train_time = 1.811361
TRAIN Iter 13: loss = 0.012052,	Top-1 err = 90.100000,	Top-5 err = 66.300000,	train_time = 1.828623
TRAIN Iter 14: loss = 0.013119,	Top-1 err = 86.400000,	Top-5 err = 59.000000,	train_time = 1.818042
TRAIN Iter 15: loss = 0.010992,	Top-1 err = 87.800000,	Top-5 err = 60.600000,	train_time = 1.828101
TRAIN Iter 16: loss = 0.011455,	Top-1 err = 89.600000,	Top-5 err = 69.200000,	train_time = 1.811454
TRAIN Iter 17: loss = 0.011777,	Top-1 err = 86.000000,	Top-5 err = 56.900000,	train_time = 1.819611
TRAIN Iter 18: loss = 0.011927,	Top-1 err = 85.500000,	Top-5 err = 60.300000,	train_time = 1.827578
TRAIN Iter 19: loss = 0.013235,	Top-1 err = 86.700000,	Top-5 err = 58.300000,	train_time = 1.792341
TRAIN Iter 20: loss = 0.010117,	Top-1 err = 91.500000,	Top-5 err = 67.000000,	train_time = 1.814610
TRAIN Iter 21: loss = 0.012145,	Top-1 err = 85.400000,	Top-5 err = 54.100000,	train_time = 1.836408
TRAIN Iter 22: loss = 0.010153,	Top-1 err = 86.200000,	Top-5 err = 63.500000,	train_time = 1.833724
TRAIN Iter 23: loss = 0.010717,	Top-1 err = 85.300000,	Top-5 err = 58.600000,	train_time = 1.809083
TRAIN Iter 24: loss = 0.009513,	Top-1 err = 87.200000,	Top-5 err = 58.400000,	train_time = 1.824144
TRAIN Iter 25: loss = 0.012380,	Top-1 err = 78.000000,	Top-5 err = 46.000000,	train_time = 1.804504
TRAIN Iter 26: loss = 0.010022,	Top-1 err = 80.800000,	Top-5 err = 49.300000,	train_time = 1.818588
TRAIN Iter 27: loss = 0.011975,	Top-1 err = 76.600000,	Top-5 err = 42.600000,	train_time = 1.810355
TRAIN Iter 28: loss = 0.011072,	Top-1 err = 74.500000,	Top-5 err = 39.800000,	train_time = 1.795955
TRAIN Iter 29: loss = 0.009580,	Top-1 err = 80.500000,	Top-5 err = 53.300000,	train_time = 1.806848
TRAIN Iter 30: loss = 0.010834,	Top-1 err = 75.900000,	Top-5 err = 45.300000,	train_time = 1.818409
TRAIN Iter 31: loss = 0.009706,	Top-1 err = 76.500000,	Top-5 err = 47.600000,	train_time = 1.811118
TRAIN Iter 32: loss = 0.009845,	Top-1 err = 83.900000,	Top-5 err = 56.600000,	train_time = 1.821720
TRAIN Iter 33: loss = 0.010667,	Top-1 err = 70.400000,	Top-5 err = 38.100000,	train_time = 1.805771
TRAIN Iter 34: loss = 0.009137,	Top-1 err = 75.100000,	Top-5 err = 42.200000,	train_time = 1.802415
TRAIN Iter 35: loss = 0.009677,	Top-1 err = 69.600000,	Top-5 err = 36.900000,	train_time = 1.800576
TRAIN Iter 36: loss = 0.009913,	Top-1 err = 73.500000,	Top-5 err = 41.900000,	train_time = 1.810632
TRAIN Iter 37: loss = 0.010317,	Top-1 err = 70.000000,	Top-5 err = 38.700000,	train_time = 1.821725
TRAIN Iter 38: loss = 0.009545,	Top-1 err = 65.100000,	Top-5 err = 31.400000,	train_time = 1.810214
TRAIN Iter 39: loss = 0.010069,	Top-1 err = 61.600000,	Top-5 err = 29.100000,	train_time = 1.811807
TRAIN Iter 40: loss = 0.008971,	Top-1 err = 76.000000,	Top-5 err = 48.400000,	train_time = 1.806273
TRAIN Iter 41: loss = 0.008346,	Top-1 err = 71.700000,	Top-5 err = 42.000000,	train_time = 1.819637
TRAIN Iter 42: loss = 0.008169,	Top-1 err = 76.200000,	Top-5 err = 49.000000,	train_time = 1.818209
TRAIN Iter 43: loss = 0.008081,	Top-1 err = 73.200000,	Top-5 err = 47.400000,	train_time = 1.800906
TRAIN Iter 44: loss = 0.008561,	Top-1 err = 72.000000,	Top-5 err = 42.800000,	train_time = 1.826372
TRAIN Iter 45: loss = 0.008208,	Top-1 err = 67.700000,	Top-5 err = 38.500000,	train_time = 1.814579
TRAIN Iter 46: loss = 0.008541,	Top-1 err = 67.200000,	Top-5 err = 37.400000,	train_time = 1.815530
TRAIN Iter 47: loss = 0.008790,	Top-1 err = 64.100000,	Top-5 err = 34.900000,	train_time = 1.811867
TRAIN Iter 48: loss = 0.008580,	Top-1 err = 51.900000,	Top-5 err = 19.800000,	train_time = 1.823396
TRAIN Iter 49: loss = 0.008189,	Top-1 err = 68.800000,	Top-5 err = 42.000000,	train_time = 1.824287
TRAIN Iter 50: loss = 0.007406,	Top-1 err = 69.300000,	Top-5 err = 41.200000,	train_time = 1.816388
TRAIN Iter 51: loss = 0.008190,	Top-1 err = 57.600000,	Top-5 err = 25.100000,	train_time = 1.820131
TRAIN Iter 52: loss = 0.007221,	Top-1 err = 59.300000,	Top-5 err = 26.400000,	train_time = 1.823357
TRAIN Iter 53: loss = 0.008119,	Top-1 err = 45.000000,	Top-5 err = 14.300000,	train_time = 1.811412
TRAIN Iter 54: loss = 0.007420,	Top-1 err = 59.300000,	Top-5 err = 29.400000,	train_time = 1.811242
TRAIN Iter 55: loss = 0.007162,	Top-1 err = 73.300000,	Top-5 err = 48.700000,	train_time = 1.801149
TRAIN Iter 56: loss = 0.007323,	Top-1 err = 58.800000,	Top-5 err = 27.300000,	train_time = 1.809835
TRAIN Iter 57: loss = 0.007067,	Top-1 err = 55.700000,	Top-5 err = 28.900000,	train_time = 1.820770
TRAIN Iter 58: loss = 0.006930,	Top-1 err = 65.900000,	Top-5 err = 39.700000,	train_time = 1.829770
TRAIN Iter 59: loss = 0.006826,	Top-1 err = 63.100000,	Top-5 err = 34.000000,	train_time = 1.808495
TRAIN Iter 60: loss = 0.007305,	Top-1 err = 59.200000,	Top-5 err = 32.400000,	train_time = 1.831959
TRAIN Iter 61: loss = 0.007425,	Top-1 err = 60.400000,	Top-5 err = 31.500000,	train_time = 1.829648
TRAIN Iter 62: loss = 0.006912,	Top-1 err = 62.400000,	Top-5 err = 34.400000,	train_time = 1.813026
TRAIN Iter 63: loss = 0.006939,	Top-1 err = 51.000000,	Top-5 err = 24.500000,	train_time = 1.816559
TRAIN Iter 64: loss = 0.007226,	Top-1 err = 48.600000,	Top-5 err = 21.600000,	train_time = 1.839466
TRAIN Iter 65: loss = 0.006626,	Top-1 err = 68.000000,	Top-5 err = 41.400000,	train_time = 1.817708
TRAIN Iter 66: loss = 0.006827,	Top-1 err = 66.600000,	Top-5 err = 38.300000,	train_time = 1.830452
TRAIN Iter 67: loss = 0.006878,	Top-1 err = 63.900000,	Top-5 err = 38.100000,	train_time = 1.822856
TRAIN Iter 68: loss = 0.006892,	Top-1 err = 44.700000,	Top-5 err = 15.300000,	train_time = 1.809199
TRAIN Iter 69: loss = 0.007012,	Top-1 err = 42.900000,	Top-5 err = 16.100000,	train_time = 1.814868
TRAIN Iter 70: loss = 0.006418,	Top-1 err = 61.300000,	Top-5 err = 30.800000,	train_time = 1.821855
TRAIN Iter 71: loss = 0.007058,	Top-1 err = 66.500000,	Top-5 err = 44.000000,	train_time = 1.832116
TRAIN Iter 72: loss = 0.006893,	Top-1 err = 53.300000,	Top-5 err = 24.600000,	train_time = 1.812743
TRAIN Iter 73: loss = 0.006287,	Top-1 err = 68.500000,	Top-5 err = 44.800000,	train_time = 1.823982
TRAIN Iter 74: loss = 0.006406,	Top-1 err = 42.700000,	Top-5 err = 17.700000,	train_time = 1.824602
TRAIN Iter 75: loss = 0.006185,	Top-1 err = 47.800000,	Top-5 err = 20.600000,	train_time = 1.813465
TRAIN Iter 76: loss = 0.006578,	Top-1 err = 50.900000,	Top-5 err = 27.000000,	train_time = 1.815998
TRAIN Iter 77: loss = 0.006617,	Top-1 err = 45.600000,	Top-5 err = 19.800000,	train_time = 1.824745
TRAIN Iter 78: loss = 0.006539,	Top-1 err = 51.300000,	Top-5 err = 29.900000,	train_time = 1.797865
TRAIN Iter 79: loss = 0.006169,	Top-1 err = 59.000000,	Top-5 err = 33.300000,	train_time = 1.819750
TRAIN Iter 80: loss = 0.006270,	Top-1 err = 66.400000,	Top-5 err = 49.200000,	train_time = 1.802919
TRAIN Iter 81: loss = 0.006184,	Top-1 err = 55.500000,	Top-5 err = 30.200000,	train_time = 1.815319
TRAIN Iter 82: loss = 0.006244,	Top-1 err = 50.800000,	Top-5 err = 23.600000,	train_time = 1.806577
TRAIN Iter 83: loss = 0.006056,	Top-1 err = 35.900000,	Top-5 err = 13.400000,	train_time = 1.821251
TRAIN Iter 84: loss = 0.005955,	Top-1 err = 33.100000,	Top-5 err = 7.500000,	train_time = 1.831198
TRAIN Iter 85: loss = 0.005968,	Top-1 err = 41.800000,	Top-5 err = 18.700000,	train_time = 1.808088
TRAIN Iter 86: loss = 0.005865,	Top-1 err = 57.100000,	Top-5 err = 35.500000,	train_time = 1.808815
TRAIN Iter 87: loss = 0.005992,	Top-1 err = 47.400000,	Top-5 err = 21.100000,	train_time = 1.821091
TRAIN Iter 88: loss = 0.005940,	Top-1 err = 59.800000,	Top-5 err = 35.500000,	train_time = 1.820667
TRAIN Iter 89: loss = 0.005698,	Top-1 err = 48.400000,	Top-5 err = 25.400000,	train_time = 1.817500
TRAIN Iter 90: loss = 0.005987,	Top-1 err = 47.900000,	Top-5 err = 26.000000,	train_time = 1.830002
TRAIN Iter 91: loss = 0.005612,	Top-1 err = 41.500000,	Top-5 err = 18.000000,	train_time = 1.818155
TRAIN Iter 92: loss = 0.005858,	Top-1 err = 53.600000,	Top-5 err = 27.800000,	train_time = 1.814478
TRAIN Iter 93: loss = 0.005940,	Top-1 err = 58.800000,	Top-5 err = 34.400000,	train_time = 1.812902
TRAIN Iter 94: loss = 0.005696,	Top-1 err = 53.700000,	Top-5 err = 31.800000,	train_time = 1.818346
TRAIN Iter 95: loss = 0.005875,	Top-1 err = 33.200000,	Top-5 err = 14.400000,	train_time = 1.819164
TRAIN Iter 96: loss = 0.005552,	Top-1 err = 29.200000,	Top-5 err = 9.800000,	train_time = 1.827482
TRAIN Iter 97: loss = 0.005846,	Top-1 err = 64.600000,	Top-5 err = 43.300000,	train_time = 1.822778
TRAIN Iter 98: loss = 0.005549,	Top-1 err = 43.800000,	Top-5 err = 19.400000,	train_time = 1.805164
TRAIN Iter 99: loss = 0.005369,	Top-1 err = 47.600000,	Top-5 err = 23.300000,	train_time = 1.813156
TRAIN Iter 100: loss = 0.005418,	Top-1 err = 59.700000,	Top-5 err = 44.000000,	train_time = 1.818181
TRAIN Iter 101: loss = 0.005547,	Top-1 err = 55.200000,	Top-5 err = 33.100000,	train_time = 1.824785
TRAIN Iter 102: loss = 0.005629,	Top-1 err = 63.600000,	Top-5 err = 39.900000,	train_time = 1.804143
TRAIN Iter 103: loss = 0.005590,	Top-1 err = 56.800000,	Top-5 err = 33.200000,	train_time = 1.827433
TRAIN Iter 104: loss = 0.005703,	Top-1 err = 43.300000,	Top-5 err = 25.300000,	train_time = 1.814959
TRAIN Iter 105: loss = 0.005070,	Top-1 err = 38.200000,	Top-5 err = 18.300000,	train_time = 1.829260
TRAIN Iter 106: loss = 0.005433,	Top-1 err = 61.300000,	Top-5 err = 38.700000,	train_time = 1.811986
TRAIN Iter 107: loss = 0.005380,	Top-1 err = 47.600000,	Top-5 err = 21.700000,	train_time = 1.800812
TRAIN Iter 108: loss = 0.005166,	Top-1 err = 26.400000,	Top-5 err = 6.600000,	train_time = 1.824828
TRAIN Iter 109: loss = 0.005223,	Top-1 err = 31.300000,	Top-5 err = 13.800000,	train_time = 1.825677
TRAIN Iter 110: loss = 0.005174,	Top-1 err = 55.500000,	Top-5 err = 36.200000,	train_time = 1.792702
TRAIN Iter 111: loss = 0.005487,	Top-1 err = 65.100000,	Top-5 err = 43.500000,	train_time = 1.814609
TRAIN Iter 112: loss = 0.005310,	Top-1 err = 60.800000,	Top-5 err = 36.800000,	train_time = 1.819904
TRAIN Iter 113: loss = 0.005093,	Top-1 err = 46.500000,	Top-5 err = 22.700000,	train_time = 1.822053
TRAIN Iter 114: loss = 0.005003,	Top-1 err = 49.300000,	Top-5 err = 31.300000,	train_time = 1.824365
TRAIN Iter 115: loss = 0.005066,	Top-1 err = 42.600000,	Top-5 err = 23.000000,	train_time = 1.813220
TRAIN Iter 116: loss = 0.005181,	Top-1 err = 69.000000,	Top-5 err = 49.100000,	train_time = 1.814875
TRAIN Iter 117: loss = 0.005132,	Top-1 err = 49.500000,	Top-5 err = 28.200000,	train_time = 1.802045
TRAIN Iter 118: loss = 0.005072,	Top-1 err = 43.900000,	Top-5 err = 20.900000,	train_time = 1.816782
TRAIN Iter 119: loss = 0.005067,	Top-1 err = 56.400000,	Top-5 err = 35.500000,	train_time = 1.811537
TRAIN Iter 120: loss = 0.005172,	Top-1 err = 49.300000,	Top-5 err = 32.600000,	train_time = 1.826789
TRAIN Iter 121: loss = 0.005009,	Top-1 err = 42.300000,	Top-5 err = 20.900000,	train_time = 1.821032
TRAIN Iter 122: loss = 0.004946,	Top-1 err = 50.000000,	Top-5 err = 34.500000,	train_time = 1.799747
TRAIN Iter 123: loss = 0.004878,	Top-1 err = 39.900000,	Top-5 err = 21.500000,	train_time = 1.816295
TRAIN Iter 124: loss = 0.004788,	Top-1 err = 37.400000,	Top-5 err = 18.300000,	train_time = 1.831063
TRAIN Iter 125: loss = 0.005002,	Top-1 err = 30.100000,	Top-5 err = 11.700000,	train_time = 1.821914
TRAIN Iter 126: loss = 0.004604,	Top-1 err = 17.600000,	Top-5 err = 4.100000,	train_time = 1.819447
TRAIN Iter 127: loss = 0.004857,	Top-1 err = 49.100000,	Top-5 err = 30.100000,	train_time = 1.822493
TRAIN Iter 128: loss = 0.004980,	Top-1 err = 42.500000,	Top-5 err = 22.100000,	train_time = 1.793157
TRAIN Iter 129: loss = 0.004837,	Top-1 err = 40.300000,	Top-5 err = 17.400000,	train_time = 1.819508
TRAIN Iter 130: loss = 0.004700,	Top-1 err = 36.600000,	Top-5 err = 21.000000,	train_time = 1.813159
TRAIN Iter 131: loss = 0.004815,	Top-1 err = 39.600000,	Top-5 err = 21.000000,	train_time = 1.802289
TRAIN Iter 132: loss = 0.004952,	Top-1 err = 47.500000,	Top-5 err = 26.100000,	train_time = 1.808479
TRAIN Iter 133: loss = 0.004968,	Top-1 err = 45.200000,	Top-5 err = 25.900000,	train_time = 1.820100
TRAIN Iter 134: loss = 0.004919,	Top-1 err = 45.500000,	Top-5 err = 22.700000,	train_time = 1.808171
TRAIN Iter 135: loss = 0.005086,	Top-1 err = 47.900000,	Top-5 err = 32.000000,	train_time = 1.817050
TRAIN Iter 136: loss = 0.004716,	Top-1 err = 42.500000,	Top-5 err = 19.600000,	train_time = 1.819152
TRAIN Iter 137: loss = 0.004589,	Top-1 err = 43.400000,	Top-5 err = 26.600000,	train_time = 1.816400
TRAIN Iter 138: loss = 0.004806,	Top-1 err = 61.900000,	Top-5 err = 44.600000,	train_time = 1.796643
TRAIN Iter 139: loss = 0.004539,	Top-1 err = 41.200000,	Top-5 err = 21.600000,	train_time = 1.812621
TRAIN Iter 140: loss = 0.004973,	Top-1 err = 68.100000,	Top-5 err = 43.900000,	train_time = 1.802849
TRAIN Iter 141: loss = 0.004762,	Top-1 err = 26.600000,	Top-5 err = 10.200000,	train_time = 1.820647
TRAIN Iter 142: loss = 0.004542,	Top-1 err = 35.600000,	Top-5 err = 15.600000,	train_time = 1.828799
TRAIN Iter 143: loss = 0.004647,	Top-1 err = 41.500000,	Top-5 err = 25.600000,	train_time = 1.823841
TRAIN Iter 144: loss = 0.004631,	Top-1 err = 50.600000,	Top-5 err = 30.500000,	train_time = 1.812789
TRAIN Iter 145: loss = 0.004467,	Top-1 err = 33.900000,	Top-5 err = 15.500000,	train_time = 1.806917
TRAIN Iter 146: loss = 0.004318,	Top-1 err = 37.200000,	Top-5 err = 19.100000,	train_time = 1.799147
TRAIN Iter 147: loss = 0.004536,	Top-1 err = 30.100000,	Top-5 err = 14.300000,	train_time = 1.817290
TRAIN Iter 148: loss = 0.004441,	Top-1 err = 38.900000,	Top-5 err = 22.000000,	train_time = 1.824140
TRAIN Iter 149: loss = 0.004833,	Top-1 err = 35.800000,	Top-5 err = 19.900000,	train_time = 1.819489
TRAIN Iter 150: loss = 0.004520,	Top-1 err = 42.100000,	Top-5 err = 22.300000,	train_time = 1.827306
TRAIN Iter 151: loss = 0.004528,	Top-1 err = 40.400000,	Top-5 err = 21.900000,	train_time = 1.813283
TRAIN Iter 152: loss = 0.004593,	Top-1 err = 61.500000,	Top-5 err = 39.900000,	train_time = 1.831603
TRAIN Iter 153: loss = 0.004635,	Top-1 err = 51.300000,	Top-5 err = 29.900000,	train_time = 1.819102
TRAIN Iter 154: loss = 0.004500,	Top-1 err = 39.400000,	Top-5 err = 19.000000,	train_time = 1.802539
TRAIN Iter 155: loss = 0.004497,	Top-1 err = 42.300000,	Top-5 err = 22.800000,	train_time = 1.811789
TRAIN Iter 156: loss = 0.004294,	Top-1 err = 49.300000,	Top-5 err = 28.300000,	train_time = 1.806506
TRAIN Iter 157: loss = 0.004542,	Top-1 err = 54.000000,	Top-5 err = 32.400000,	train_time = 1.827016
TRAIN Iter 158: loss = 0.004389,	Top-1 err = 59.200000,	Top-5 err = 42.000000,	train_time = 1.808270
TRAIN Iter 159: loss = 0.004453,	Top-1 err = 54.100000,	Top-5 err = 37.700000,	train_time = 1.808708
TRAIN Iter 160: loss = 0.004545,	Top-1 err = 51.600000,	Top-5 err = 32.100000,	train_time = 1.809162
TRAIN Iter 161: loss = 0.004489,	Top-1 err = 47.500000,	Top-5 err = 25.200000,	train_time = 1.835398
TRAIN Iter 162: loss = 0.004509,	Top-1 err = 58.500000,	Top-5 err = 36.700000,	train_time = 1.802941
TRAIN Iter 163: loss = 0.004428,	Top-1 err = 65.000000,	Top-5 err = 46.100000,	train_time = 1.835655
TRAIN Iter 164: loss = 0.004280,	Top-1 err = 52.300000,	Top-5 err = 33.400000,	train_time = 1.840415
TRAIN Iter 165: loss = 0.004264,	Top-1 err = 43.700000,	Top-5 err = 24.900000,	train_time = 1.820916
TRAIN Iter 166: loss = 0.004456,	Top-1 err = 54.800000,	Top-5 err = 33.500000,	train_time = 1.832564
TRAIN Iter 167: loss = 0.004414,	Top-1 err = 54.500000,	Top-5 err = 32.700000,	train_time = 1.817990
TRAIN Iter 168: loss = 0.004218,	Top-1 err = 44.100000,	Top-5 err = 25.600000,	train_time = 1.822940
TRAIN Iter 169: loss = 0.004309,	Top-1 err = 54.500000,	Top-5 err = 35.900000,	train_time = 1.810931
TRAIN Iter 170: loss = 0.004176,	Top-1 err = 39.200000,	Top-5 err = 16.900000,	train_time = 1.807453
TRAIN Iter 171: loss = 0.004288,	Top-1 err = 48.700000,	Top-5 err = 31.900000,	train_time = 1.824037
TRAIN Iter 172: loss = 0.004094,	Top-1 err = 25.200000,	Top-5 err = 9.700000,	train_time = 1.826908
TRAIN Iter 173: loss = 0.004154,	Top-1 err = 49.300000,	Top-5 err = 32.900000,	train_time = 1.815643
TRAIN Iter 174: loss = 0.004230,	Top-1 err = 41.900000,	Top-5 err = 25.100000,	train_time = 1.811663
TRAIN Iter 175: loss = 0.004529,	Top-1 err = 70.000000,	Top-5 err = 48.400000,	train_time = 1.814457
TRAIN Iter 176: loss = 0.004481,	Top-1 err = 41.000000,	Top-5 err = 25.500000,	train_time = 1.795516
TRAIN Iter 177: loss = 0.004462,	Top-1 err = 44.100000,	Top-5 err = 21.900000,	train_time = 1.796607
TRAIN Iter 178: loss = 0.004469,	Top-1 err = 49.300000,	Top-5 err = 24.600000,	train_time = 1.795352
TRAIN Iter 179: loss = 0.004152,	Top-1 err = 43.200000,	Top-5 err = 25.200000,	train_time = 1.820691
TRAIN Iter 180: loss = 0.004093,	Top-1 err = 45.100000,	Top-5 err = 25.200000,	train_time = 1.829637
TRAIN Iter 181: loss = 0.004348,	Top-1 err = 52.200000,	Top-5 err = 31.000000,	train_time = 1.814128
TRAIN Iter 182: loss = 0.003939,	Top-1 err = 40.800000,	Top-5 err = 25.700000,	train_time = 1.832316
TRAIN Iter 183: loss = 0.004042,	Top-1 err = 53.600000,	Top-5 err = 36.200000,	train_time = 1.827266
TRAIN Iter 184: loss = 0.004057,	Top-1 err = 40.600000,	Top-5 err = 27.400000,	train_time = 1.816701
TRAIN Iter 185: loss = 0.004163,	Top-1 err = 52.400000,	Top-5 err = 30.100000,	train_time = 1.809538
TRAIN Iter 186: loss = 0.004026,	Top-1 err = 35.600000,	Top-5 err = 16.500000,	train_time = 1.810881
TRAIN Iter 187: loss = 0.004029,	Top-1 err = 36.600000,	Top-5 err = 15.200000,	train_time = 1.834726
TRAIN Iter 188: loss = 0.003937,	Top-1 err = 25.700000,	Top-5 err = 11.000000,	train_time = 1.824876
TRAIN Iter 189: loss = 0.003764,	Top-1 err = 27.600000,	Top-5 err = 14.700000,	train_time = 1.818727
TRAIN Iter 190: loss = 0.003825,	Top-1 err = 34.400000,	Top-5 err = 23.800000,	train_time = 1.822663
TRAIN Iter 191: loss = 0.003738,	Top-1 err = 26.100000,	Top-5 err = 15.000000,	train_time = 1.797152
TRAIN Iter 192: loss = 0.004206,	Top-1 err = 50.600000,	Top-5 err = 29.200000,	train_time = 1.822876
TRAIN Iter 193: loss = 0.003953,	Top-1 err = 55.800000,	Top-5 err = 40.900000,	train_time = 1.804268
TRAIN Iter 194: loss = 0.004015,	Top-1 err = 41.100000,	Top-5 err = 21.900000,	train_time = 1.799530
TRAIN Iter 195: loss = 0.003833,	Top-1 err = 34.000000,	Top-5 err = 22.400000,	train_time = 1.821010
TRAIN Iter 196: loss = 0.003855,	Top-1 err = 24.400000,	Top-5 err = 8.300000,	train_time = 1.802117
TRAIN Iter 197: loss = 0.003944,	Top-1 err = 32.900000,	Top-5 err = 14.800000,	train_time = 1.820244
TRAIN Iter 198: loss = 0.003941,	Top-1 err = 53.700000,	Top-5 err = 38.600000,	train_time = 1.813279
TRAIN Iter 199: loss = 0.003897,	Top-1 err = 23.600000,	Top-5 err = 6.100000,	train_time = 1.826530
TRAIN Iter 200: loss = 0.003817,	Top-1 err = 50.100000,	Top-5 err = 30.700000,	train_time = 1.806959
TRAIN Iter 201: loss = 0.003919,	Top-1 err = 54.800000,	Top-5 err = 34.500000,	train_time = 1.814348
TRAIN Iter 202: loss = 0.004004,	Top-1 err = 49.400000,	Top-5 err = 35.500000,	train_time = 1.821328
TRAIN Iter 203: loss = 0.003887,	Top-1 err = 37.300000,	Top-5 err = 22.400000,	train_time = 1.826975
TRAIN Iter 204: loss = 0.004072,	Top-1 err = 54.900000,	Top-5 err = 37.600000,	train_time = 1.817445
TRAIN Iter 205: loss = 0.004090,	Top-1 err = 42.900000,	Top-5 err = 20.700000,	train_time = 1.800190
TRAIN Iter 206: loss = 0.003539,	Top-1 err = 18.200000,	Top-5 err = 11.100000,	train_time = 1.817749
TRAIN Iter 207: loss = 0.003889,	Top-1 err = 34.400000,	Top-5 err = 16.000000,	train_time = 1.810864
TRAIN Iter 208: loss = 0.003925,	Top-1 err = 53.400000,	Top-5 err = 33.100000,	train_time = 1.817764
TRAIN Iter 209: loss = 0.003800,	Top-1 err = 42.300000,	Top-5 err = 23.400000,	train_time = 1.830995
TRAIN Iter 210: loss = 0.003759,	Top-1 err = 36.600000,	Top-5 err = 20.000000,	train_time = 1.830812
TRAIN Iter 211: loss = 0.003839,	Top-1 err = 34.900000,	Top-5 err = 14.600000,	train_time = 1.800729
TRAIN Iter 212: loss = 0.003778,	Top-1 err = 30.200000,	Top-5 err = 14.400000,	train_time = 1.822247
TRAIN Iter 213: loss = 0.003875,	Top-1 err = 53.800000,	Top-5 err = 34.900000,	train_time = 1.800169
TRAIN Iter 214: loss = 0.003830,	Top-1 err = 49.900000,	Top-5 err = 33.900000,	train_time = 1.825925
TRAIN Iter 215: loss = 0.003789,	Top-1 err = 40.300000,	Top-5 err = 23.600000,	train_time = 1.819979
TRAIN Iter 216: loss = 0.003441,	Top-1 err = 17.400000,	Top-5 err = 3.900000,	train_time = 1.818197
TRAIN Iter 217: loss = 0.004107,	Top-1 err = 41.900000,	Top-5 err = 19.700000,	train_time = 1.821548
TRAIN Iter 218: loss = 0.003727,	Top-1 err = 34.400000,	Top-5 err = 19.300000,	train_time = 1.817827
TRAIN Iter 219: loss = 0.003720,	Top-1 err = 61.700000,	Top-5 err = 44.200000,	train_time = 1.803005
TRAIN Iter 220: loss = 0.003580,	Top-1 err = 27.100000,	Top-5 err = 10.100000,	train_time = 1.821236
TRAIN Iter 221: loss = 0.003868,	Top-1 err = 44.300000,	Top-5 err = 22.400000,	train_time = 1.826425
TRAIN Iter 222: loss = 0.003657,	Top-1 err = 37.200000,	Top-5 err = 21.100000,	train_time = 1.819990
TRAIN Iter 223: loss = 0.003657,	Top-1 err = 45.300000,	Top-5 err = 31.600000,	train_time = 1.832352
TRAIN Iter 224: loss = 0.003579,	Top-1 err = 37.500000,	Top-5 err = 24.300000,	train_time = 1.831777
TRAIN Iter 225: loss = 0.003554,	Top-1 err = 19.700000,	Top-5 err = 5.800000,	train_time = 1.798971
TRAIN Iter 226: loss = 0.003460,	Top-1 err = 22.100000,	Top-5 err = 7.700000,	train_time = 1.800583
TRAIN Iter 227: loss = 0.003598,	Top-1 err = 24.600000,	Top-5 err = 13.200000,	train_time = 1.800472
TRAIN Iter 228: loss = 0.003562,	Top-1 err = 25.800000,	Top-5 err = 13.600000,	train_time = 1.809094
TRAIN Iter 229: loss = 0.003619,	Top-1 err = 26.000000,	Top-5 err = 11.700000,	train_time = 1.820579
TRAIN Iter 230: loss = 0.003742,	Top-1 err = 45.200000,	Top-5 err = 30.200000,	train_time = 1.800076
TRAIN Iter 231: loss = 0.003873,	Top-1 err = 57.700000,	Top-5 err = 37.400000,	train_time = 1.815652
TRAIN Iter 232: loss = 0.003613,	Top-1 err = 35.100000,	Top-5 err = 18.000000,	train_time = 1.828338
TRAIN Iter 233: loss = 0.003615,	Top-1 err = 37.400000,	Top-5 err = 23.500000,	train_time = 1.802539
TRAIN Iter 234: loss = 0.003694,	Top-1 err = 42.600000,	Top-5 err = 24.300000,	train_time = 1.813750
TRAIN Iter 235: loss = 0.003529,	Top-1 err = 30.600000,	Top-5 err = 14.800000,	train_time = 1.821985
TRAIN Iter 236: loss = 0.003611,	Top-1 err = 37.600000,	Top-5 err = 22.900000,	train_time = 1.831149
TRAIN Iter 237: loss = 0.003731,	Top-1 err = 42.600000,	Top-5 err = 24.300000,	train_time = 1.832964
TRAIN Iter 238: loss = 0.003434,	Top-1 err = 29.600000,	Top-5 err = 17.100000,	train_time = 1.814803
TRAIN Iter 239: loss = 0.003461,	Top-1 err = 31.000000,	Top-5 err = 13.900000,	train_time = 1.811046
TRAIN Iter 240: loss = 0.003562,	Top-1 err = 37.700000,	Top-5 err = 19.200000,	train_time = 1.825039
TRAIN Iter 241: loss = 0.003787,	Top-1 err = 50.200000,	Top-5 err = 27.000000,	train_time = 1.824894
TRAIN Iter 242: loss = 0.003596,	Top-1 err = 38.900000,	Top-5 err = 24.900000,	train_time = 1.801453
TRAIN Iter 243: loss = 0.003969,	Top-1 err = 76.400000,	Top-5 err = 53.000000,	train_time = 1.834327
TRAIN Iter 244: loss = 0.003622,	Top-1 err = 39.300000,	Top-5 err = 22.100000,	train_time = 1.830234
TRAIN Iter 245: loss = 0.003613,	Top-1 err = 45.900000,	Top-5 err = 29.000000,	train_time = 1.804677
TRAIN Iter 246: loss = 0.003720,	Top-1 err = 52.300000,	Top-5 err = 32.800000,	train_time = 1.831207
TRAIN Iter 247: loss = 0.003565,	Top-1 err = 32.600000,	Top-5 err = 19.100000,	train_time = 1.815814
TRAIN Iter 248: loss = 0.003491,	Top-1 err = 37.100000,	Top-5 err = 17.500000,	train_time = 1.818680
TRAIN Iter 249: loss = 0.003565,	Top-1 err = 36.500000,	Top-5 err = 21.000000,	train_time = 1.809886
TEST:
Iter 249: loss = 2.146864,	Top-1 err = 51.340000,	Top-5 err = 20.660000,	val_time = 3.360337
TRAIN Iter 250: loss = 0.003657,	Top-1 err = 50.300000,	Top-5 err = 28.400000,	train_time = 1.800496
TRAIN Iter 251: loss = 0.003370,	Top-1 err = 44.400000,	Top-5 err = 32.900000,	train_time = 1.805583
TRAIN Iter 252: loss = 0.003125,	Top-1 err = 37.800000,	Top-5 err = 27.500000,	train_time = 1.812695
TRAIN Iter 253: loss = 0.003690,	Top-1 err = 42.800000,	Top-5 err = 26.000000,	train_time = 1.824368
TRAIN Iter 254: loss = 0.003384,	Top-1 err = 38.500000,	Top-5 err = 21.100000,	train_time = 1.810479
TRAIN Iter 255: loss = 0.003417,	Top-1 err = 52.400000,	Top-5 err = 40.500000,	train_time = 1.824960
TRAIN Iter 256: loss = 0.003427,	Top-1 err = 29.700000,	Top-5 err = 14.100000,	train_time = 1.823807
TRAIN Iter 257: loss = 0.003455,	Top-1 err = 41.400000,	Top-5 err = 20.200000,	train_time = 1.802107
TRAIN Iter 258: loss = 0.003426,	Top-1 err = 33.800000,	Top-5 err = 20.500000,	train_time = 1.811510
TRAIN Iter 259: loss = 0.003625,	Top-1 err = 52.500000,	Top-5 err = 28.800000,	train_time = 1.812706
TEST:
Iter 259: loss = 2.008719,	Top-1 err = 49.570000,	Top-5 err = 19.230000,	val_time = 3.373706
TRAIN Iter 260: loss = 0.003584,	Top-1 err = 55.700000,	Top-5 err = 34.200000,	train_time = 1.813287
TRAIN Iter 261: loss = 0.003628,	Top-1 err = 52.300000,	Top-5 err = 32.500000,	train_time = 1.811907
TRAIN Iter 262: loss = 0.003678,	Top-1 err = 59.200000,	Top-5 err = 37.800000,	train_time = 1.805587
TRAIN Iter 263: loss = 0.003167,	Top-1 err = 39.100000,	Top-5 err = 26.300000,	train_time = 1.802069
TRAIN Iter 264: loss = 0.003346,	Top-1 err = 37.500000,	Top-5 err = 20.900000,	train_time = 1.844250
TRAIN Iter 265: loss = 0.003276,	Top-1 err = 28.400000,	Top-5 err = 15.000000,	train_time = 1.803262
TRAIN Iter 266: loss = 0.003446,	Top-1 err = 41.800000,	Top-5 err = 26.800000,	train_time = 1.805644
TRAIN Iter 267: loss = 0.003290,	Top-1 err = 31.000000,	Top-5 err = 15.700000,	train_time = 1.837454
TRAIN Iter 268: loss = 0.003714,	Top-1 err = 60.100000,	Top-5 err = 39.100000,	train_time = 1.821132
TRAIN Iter 269: loss = 0.003656,	Top-1 err = 69.800000,	Top-5 err = 46.600000,	train_time = 1.836381
TEST:
Iter 269: loss = 2.060483,	Top-1 err = 50.440000,	Top-5 err = 19.710000,	val_time = 3.367073
TRAIN Iter 270: loss = 0.003168,	Top-1 err = 23.100000,	Top-5 err = 9.800000,	train_time = 1.821398
TRAIN Iter 271: loss = 0.003337,	Top-1 err = 36.500000,	Top-5 err = 23.700000,	train_time = 1.820564
TRAIN Iter 272: loss = 0.003386,	Top-1 err = 31.200000,	Top-5 err = 15.500000,	train_time = 1.822546
TRAIN Iter 273: loss = 0.003256,	Top-1 err = 31.700000,	Top-5 err = 17.800000,	train_time = 1.809523
TRAIN Iter 274: loss = 0.003194,	Top-1 err = 42.400000,	Top-5 err = 25.900000,	train_time = 1.801976
TRAIN Iter 275: loss = 0.003305,	Top-1 err = 53.900000,	Top-5 err = 35.900000,	train_time = 1.810551
TRAIN Iter 276: loss = 0.003458,	Top-1 err = 57.600000,	Top-5 err = 35.400000,	train_time = 1.815654
TRAIN Iter 277: loss = 0.003477,	Top-1 err = 44.000000,	Top-5 err = 28.600000,	train_time = 1.812102
TRAIN Iter 278: loss = 0.003518,	Top-1 err = 38.100000,	Top-5 err = 20.800000,	train_time = 1.801631
TRAIN Iter 279: loss = 0.003288,	Top-1 err = 30.400000,	Top-5 err = 13.400000,	train_time = 1.818975
TEST:
Iter 279: loss = 1.964569,	Top-1 err = 48.590000,	Top-5 err = 18.240000,	val_time = 3.374666
TRAIN Iter 280: loss = 0.003311,	Top-1 err = 32.100000,	Top-5 err = 19.500000,	train_time = 1.821172
TRAIN Iter 281: loss = 0.003371,	Top-1 err = 54.600000,	Top-5 err = 34.700000,	train_time = 1.815337
TRAIN Iter 282: loss = 0.003463,	Top-1 err = 42.400000,	Top-5 err = 23.100000,	train_time = 1.836757
TRAIN Iter 283: loss = 0.002874,	Top-1 err = 16.700000,	Top-5 err = 10.000000,	train_time = 1.816571
TRAIN Iter 284: loss = 0.003249,	Top-1 err = 36.100000,	Top-5 err = 20.200000,	train_time = 1.842590
TRAIN Iter 285: loss = 0.003254,	Top-1 err = 34.300000,	Top-5 err = 16.200000,	train_time = 1.814940
TRAIN Iter 286: loss = 0.003166,	Top-1 err = 28.900000,	Top-5 err = 17.900000,	train_time = 1.806269
TRAIN Iter 287: loss = 0.003288,	Top-1 err = 48.600000,	Top-5 err = 36.300000,	train_time = 1.805372
TRAIN Iter 288: loss = 0.003040,	Top-1 err = 31.200000,	Top-5 err = 19.700000,	train_time = 1.816771
TRAIN Iter 289: loss = 0.003267,	Top-1 err = 46.300000,	Top-5 err = 31.300000,	train_time = 1.820666
TEST:
Iter 289: loss = 1.958270,	Top-1 err = 48.330000,	Top-5 err = 18.720000,	val_time = 3.370180
TRAIN Iter 290: loss = 0.003463,	Top-1 err = 48.500000,	Top-5 err = 30.900000,	train_time = 1.812462
TRAIN Iter 291: loss = 0.003133,	Top-1 err = 34.300000,	Top-5 err = 15.200000,	train_time = 1.819846
TRAIN Iter 292: loss = 0.003180,	Top-1 err = 36.100000,	Top-5 err = 22.800000,	train_time = 1.809046
TRAIN Iter 293: loss = 0.003359,	Top-1 err = 50.400000,	Top-5 err = 30.300000,	train_time = 1.816105
TRAIN Iter 294: loss = 0.003150,	Top-1 err = 48.300000,	Top-5 err = 36.500000,	train_time = 1.819896
TRAIN Iter 295: loss = 0.003273,	Top-1 err = 39.300000,	Top-5 err = 18.800000,	train_time = 1.811470
TRAIN Iter 296: loss = 0.003108,	Top-1 err = 28.800000,	Top-5 err = 18.100000,	train_time = 1.823400
TRAIN Iter 297: loss = 0.003264,	Top-1 err = 48.700000,	Top-5 err = 34.700000,	train_time = 1.800723
TRAIN Iter 298: loss = 0.003495,	Top-1 err = 54.300000,	Top-5 err = 29.200000,	train_time = 1.797993
TRAIN Iter 299: loss = 0.003388,	Top-1 err = 41.200000,	Top-5 err = 24.500000,	train_time = 1.814204
TEST:
Iter 299: loss = 1.943262,	Top-1 err = 48.370000,	Top-5 err = 17.720000,	val_time = 3.373853
Train Finish! Best accuracy is 51.67@289
