/home/dvspanos/miniconda3/envs/rded/lib/python3.10/site-packages/torchvision/models/_utils.py:208: UserWarning: The parameter 'pretrained' is deprecated since 0.13 and may be removed in the future, please use 'weights' instead.
  warnings.warn(
/home/dvspanos/miniconda3/envs/rded/lib/python3.10/site-packages/torchvision/models/_utils.py:223: UserWarning: Arguments other than a weight enum or `None` for 'weights' are deprecated since 0.13 and may be removed in the future. The current behavior is equivalent to passing `weights=None`.
  warnings.warn(msg)
=> using pytorch pre-trained teacher model 'resnet18_modified'
process data from /home/dvspanos/nikos/ca2d/artifacts/sets/bench_cifar100_rn18_rcad2d_ipc10
load data successfully
TRAIN Iter 0: loss = 0.016769,	Top-1 err = 97.500000,	Top-5 err = 89.200000,	train_time = 3.751680
TRAIN Iter 1: loss = 0.014125,	Top-1 err = 94.400000,	Top-5 err = 84.200000,	train_time = 1.779666
TRAIN Iter 2: loss = 0.013100,	Top-1 err = 93.500000,	Top-5 err = 73.000000,	train_time = 1.814883
TRAIN Iter 3: loss = 0.013893,	Top-1 err = 91.600000,	Top-5 err = 75.700000,	train_time = 1.808910
TRAIN Iter 4: loss = 0.015327,	Top-1 err = 92.400000,	Top-5 err = 74.900000,	train_time = 1.808813
TRAIN Iter 5: loss = 0.015880,	Top-1 err = 88.600000,	Top-5 err = 64.600000,	train_time = 1.794308
TRAIN Iter 6: loss = 0.011961,	Top-1 err = 88.700000,	Top-5 err = 68.200000,	train_time = 1.808527
TRAIN Iter 7: loss = 0.013713,	Top-1 err = 88.800000,	Top-5 err = 70.300000,	train_time = 1.820565
TRAIN Iter 8: loss = 0.012372,	Top-1 err = 87.600000,	Top-5 err = 62.900000,	train_time = 1.804221
TRAIN Iter 9: loss = 0.012888,	Top-1 err = 85.900000,	Top-5 err = 64.800000,	train_time = 1.808813
TRAIN Iter 10: loss = 0.012796,	Top-1 err = 85.000000,	Top-5 err = 59.400000,	train_time = 1.808385
TRAIN Iter 11: loss = 0.010951,	Top-1 err = 90.000000,	Top-5 err = 71.400000,	train_time = 1.814796
TRAIN Iter 12: loss = 0.013441,	Top-1 err = 83.900000,	Top-5 err = 59.400000,	train_time = 1.823907
TRAIN Iter 13: loss = 0.011417,	Top-1 err = 83.300000,	Top-5 err = 57.300000,	train_time = 1.801900
TRAIN Iter 14: loss = 0.010834,	Top-1 err = 85.800000,	Top-5 err = 62.800000,	train_time = 1.802797
TRAIN Iter 15: loss = 0.012122,	Top-1 err = 80.500000,	Top-5 err = 54.500000,	train_time = 1.813749
TRAIN Iter 16: loss = 0.012129,	Top-1 err = 83.200000,	Top-5 err = 58.800000,	train_time = 1.804596
TRAIN Iter 17: loss = 0.010992,	Top-1 err = 82.500000,	Top-5 err = 58.400000,	train_time = 1.798407
TRAIN Iter 18: loss = 0.012840,	Top-1 err = 78.800000,	Top-5 err = 53.400000,	train_time = 1.804928
TRAIN Iter 19: loss = 0.011476,	Top-1 err = 73.800000,	Top-5 err = 45.600000,	train_time = 1.807467
TRAIN Iter 20: loss = 0.010828,	Top-1 err = 76.100000,	Top-5 err = 50.400000,	train_time = 1.810657
TRAIN Iter 21: loss = 0.009466,	Top-1 err = 83.600000,	Top-5 err = 62.000000,	train_time = 1.823441
TRAIN Iter 22: loss = 0.010852,	Top-1 err = 72.700000,	Top-5 err = 42.200000,	train_time = 1.788532
TRAIN Iter 23: loss = 0.011036,	Top-1 err = 71.700000,	Top-5 err = 43.100000,	train_time = 1.803439
TRAIN Iter 24: loss = 0.011371,	Top-1 err = 73.000000,	Top-5 err = 48.800000,	train_time = 1.804362
TRAIN Iter 25: loss = 0.010011,	Top-1 err = 72.200000,	Top-5 err = 47.100000,	train_time = 1.810864
TRAIN Iter 26: loss = 0.009362,	Top-1 err = 80.700000,	Top-5 err = 54.700000,	train_time = 1.802121
TRAIN Iter 27: loss = 0.009226,	Top-1 err = 82.200000,	Top-5 err = 59.400000,	train_time = 1.810375
TRAIN Iter 28: loss = 0.009381,	Top-1 err = 70.700000,	Top-5 err = 45.700000,	train_time = 1.800932
TRAIN Iter 29: loss = 0.009682,	Top-1 err = 75.400000,	Top-5 err = 49.000000,	train_time = 1.824029
TRAIN Iter 30: loss = 0.009299,	Top-1 err = 75.600000,	Top-5 err = 54.100000,	train_time = 1.818446
TRAIN Iter 31: loss = 0.008931,	Top-1 err = 71.000000,	Top-5 err = 44.800000,	train_time = 1.812301
TRAIN Iter 32: loss = 0.008913,	Top-1 err = 65.100000,	Top-5 err = 35.600000,	train_time = 1.803866
TRAIN Iter 33: loss = 0.009193,	Top-1 err = 68.900000,	Top-5 err = 41.700000,	train_time = 1.802000
TRAIN Iter 34: loss = 0.009202,	Top-1 err = 71.500000,	Top-5 err = 46.900000,	train_time = 1.818389
TRAIN Iter 35: loss = 0.008542,	Top-1 err = 74.800000,	Top-5 err = 52.400000,	train_time = 1.792043
TRAIN Iter 36: loss = 0.009271,	Top-1 err = 65.300000,	Top-5 err = 40.500000,	train_time = 1.793032
TRAIN Iter 37: loss = 0.009827,	Top-1 err = 67.000000,	Top-5 err = 43.100000,	train_time = 1.820636
TRAIN Iter 38: loss = 0.008410,	Top-1 err = 67.300000,	Top-5 err = 43.600000,	train_time = 1.795460
TRAIN Iter 39: loss = 0.008407,	Top-1 err = 67.300000,	Top-5 err = 41.500000,	train_time = 1.807263
TRAIN Iter 40: loss = 0.008121,	Top-1 err = 73.000000,	Top-5 err = 46.600000,	train_time = 1.806516
TRAIN Iter 41: loss = 0.008409,	Top-1 err = 66.300000,	Top-5 err = 40.600000,	train_time = 1.819440
TRAIN Iter 42: loss = 0.008610,	Top-1 err = 52.400000,	Top-5 err = 24.300000,	train_time = 1.798752
TRAIN Iter 43: loss = 0.008474,	Top-1 err = 59.700000,	Top-5 err = 33.700000,	train_time = 1.818741
TRAIN Iter 44: loss = 0.008504,	Top-1 err = 68.900000,	Top-5 err = 45.400000,	train_time = 1.806655
TRAIN Iter 45: loss = 0.007860,	Top-1 err = 68.800000,	Top-5 err = 43.200000,	train_time = 1.818933
TRAIN Iter 46: loss = 0.008552,	Top-1 err = 61.100000,	Top-5 err = 33.400000,	train_time = 1.805249
TRAIN Iter 47: loss = 0.008156,	Top-1 err = 61.800000,	Top-5 err = 34.900000,	train_time = 1.809199
TRAIN Iter 48: loss = 0.008168,	Top-1 err = 52.300000,	Top-5 err = 27.700000,	train_time = 1.820417
TRAIN Iter 49: loss = 0.007608,	Top-1 err = 46.400000,	Top-5 err = 20.800000,	train_time = 1.806519
TRAIN Iter 50: loss = 0.008383,	Top-1 err = 55.800000,	Top-5 err = 33.000000,	train_time = 1.827278
TRAIN Iter 51: loss = 0.008015,	Top-1 err = 57.700000,	Top-5 err = 32.600000,	train_time = 1.814787
TRAIN Iter 52: loss = 0.007864,	Top-1 err = 66.100000,	Top-5 err = 42.000000,	train_time = 1.815155
TRAIN Iter 53: loss = 0.007951,	Top-1 err = 53.500000,	Top-5 err = 30.900000,	train_time = 1.796966
TRAIN Iter 54: loss = 0.007796,	Top-1 err = 58.800000,	Top-5 err = 34.000000,	train_time = 1.820425
TRAIN Iter 55: loss = 0.007758,	Top-1 err = 54.600000,	Top-5 err = 29.100000,	train_time = 1.809115
TRAIN Iter 56: loss = 0.007682,	Top-1 err = 59.000000,	Top-5 err = 36.400000,	train_time = 1.811881
TRAIN Iter 57: loss = 0.007185,	Top-1 err = 65.200000,	Top-5 err = 39.900000,	train_time = 1.802011
TRAIN Iter 58: loss = 0.007447,	Top-1 err = 58.900000,	Top-5 err = 34.200000,	train_time = 1.811211
TRAIN Iter 59: loss = 0.007747,	Top-1 err = 52.900000,	Top-5 err = 30.600000,	train_time = 1.811515
TRAIN Iter 60: loss = 0.006887,	Top-1 err = 45.700000,	Top-5 err = 21.300000,	train_time = 1.806615
TRAIN Iter 61: loss = 0.006661,	Top-1 err = 52.000000,	Top-5 err = 25.600000,	train_time = 1.797609
TRAIN Iter 62: loss = 0.007405,	Top-1 err = 47.700000,	Top-5 err = 27.400000,	train_time = 1.795635
TRAIN Iter 63: loss = 0.006861,	Top-1 err = 31.100000,	Top-5 err = 13.800000,	train_time = 1.789710
TRAIN Iter 64: loss = 0.006845,	Top-1 err = 53.200000,	Top-5 err = 31.900000,	train_time = 1.807957
TRAIN Iter 65: loss = 0.006822,	Top-1 err = 50.800000,	Top-5 err = 27.800000,	train_time = 1.800763
TRAIN Iter 66: loss = 0.007132,	Top-1 err = 58.200000,	Top-5 err = 40.200000,	train_time = 1.807790
TRAIN Iter 67: loss = 0.006802,	Top-1 err = 38.200000,	Top-5 err = 15.000000,	train_time = 1.792703
TRAIN Iter 68: loss = 0.006650,	Top-1 err = 54.900000,	Top-5 err = 34.200000,	train_time = 1.795349
TRAIN Iter 69: loss = 0.006635,	Top-1 err = 52.100000,	Top-5 err = 32.500000,	train_time = 1.790261
TRAIN Iter 70: loss = 0.006493,	Top-1 err = 44.000000,	Top-5 err = 18.300000,	train_time = 1.802108
TRAIN Iter 71: loss = 0.006696,	Top-1 err = 48.500000,	Top-5 err = 28.800000,	train_time = 1.811461
TRAIN Iter 72: loss = 0.006306,	Top-1 err = 62.900000,	Top-5 err = 41.900000,	train_time = 1.798058
TRAIN Iter 73: loss = 0.006352,	Top-1 err = 47.100000,	Top-5 err = 23.100000,	train_time = 1.810124
TRAIN Iter 74: loss = 0.006437,	Top-1 err = 57.800000,	Top-5 err = 34.900000,	train_time = 1.803457
TRAIN Iter 75: loss = 0.006843,	Top-1 err = 39.700000,	Top-5 err = 21.700000,	train_time = 1.806374
TRAIN Iter 76: loss = 0.006635,	Top-1 err = 50.700000,	Top-5 err = 30.500000,	train_time = 1.802082
TRAIN Iter 77: loss = 0.006340,	Top-1 err = 51.600000,	Top-5 err = 31.000000,	train_time = 1.795099
TRAIN Iter 78: loss = 0.006477,	Top-1 err = 48.200000,	Top-5 err = 24.600000,	train_time = 1.792929
TRAIN Iter 79: loss = 0.006591,	Top-1 err = 60.400000,	Top-5 err = 41.700000,	train_time = 1.803173
TRAIN Iter 80: loss = 0.006157,	Top-1 err = 47.200000,	Top-5 err = 25.200000,	train_time = 1.804794
TRAIN Iter 81: loss = 0.005890,	Top-1 err = 47.800000,	Top-5 err = 25.900000,	train_time = 1.818895
TRAIN Iter 82: loss = 0.005960,	Top-1 err = 57.500000,	Top-5 err = 33.500000,	train_time = 1.825309
TRAIN Iter 83: loss = 0.006641,	Top-1 err = 41.300000,	Top-5 err = 22.300000,	train_time = 1.804637
TRAIN Iter 84: loss = 0.006066,	Top-1 err = 57.100000,	Top-5 err = 34.000000,	train_time = 1.791879
TRAIN Iter 85: loss = 0.005846,	Top-1 err = 56.600000,	Top-5 err = 32.600000,	train_time = 1.797335
TRAIN Iter 86: loss = 0.005931,	Top-1 err = 48.600000,	Top-5 err = 30.000000,	train_time = 1.798249
TRAIN Iter 87: loss = 0.006074,	Top-1 err = 32.500000,	Top-5 err = 15.300000,	train_time = 1.816401
TRAIN Iter 88: loss = 0.005607,	Top-1 err = 58.800000,	Top-5 err = 33.800000,	train_time = 1.794217
TRAIN Iter 89: loss = 0.006009,	Top-1 err = 46.700000,	Top-5 err = 24.400000,	train_time = 1.808262
TRAIN Iter 90: loss = 0.005883,	Top-1 err = 57.200000,	Top-5 err = 36.500000,	train_time = 1.805281
TRAIN Iter 91: loss = 0.006027,	Top-1 err = 45.800000,	Top-5 err = 26.500000,	train_time = 1.802053
TRAIN Iter 92: loss = 0.005592,	Top-1 err = 44.300000,	Top-5 err = 24.900000,	train_time = 1.809900
TRAIN Iter 93: loss = 0.005958,	Top-1 err = 37.400000,	Top-5 err = 18.900000,	train_time = 1.807814
TRAIN Iter 94: loss = 0.005738,	Top-1 err = 51.000000,	Top-5 err = 31.300000,	train_time = 1.799956
TRAIN Iter 95: loss = 0.006087,	Top-1 err = 23.900000,	Top-5 err = 11.600000,	train_time = 1.805942
TRAIN Iter 96: loss = 0.005587,	Top-1 err = 45.300000,	Top-5 err = 27.000000,	train_time = 1.807172
TRAIN Iter 97: loss = 0.005930,	Top-1 err = 61.200000,	Top-5 err = 43.600000,	train_time = 1.815920
TRAIN Iter 98: loss = 0.005695,	Top-1 err = 56.400000,	Top-5 err = 38.800000,	train_time = 1.811448
TRAIN Iter 99: loss = 0.005444,	Top-1 err = 47.000000,	Top-5 err = 27.700000,	train_time = 1.808349
TRAIN Iter 100: loss = 0.005703,	Top-1 err = 45.200000,	Top-5 err = 26.900000,	train_time = 1.815051
TRAIN Iter 101: loss = 0.005851,	Top-1 err = 52.700000,	Top-5 err = 33.100000,	train_time = 1.807105
TRAIN Iter 102: loss = 0.005492,	Top-1 err = 34.600000,	Top-5 err = 16.700000,	train_time = 1.815851
TRAIN Iter 103: loss = 0.005431,	Top-1 err = 47.600000,	Top-5 err = 29.800000,	train_time = 1.811746
TRAIN Iter 104: loss = 0.005439,	Top-1 err = 26.500000,	Top-5 err = 11.700000,	train_time = 1.820269
TRAIN Iter 105: loss = 0.005393,	Top-1 err = 54.600000,	Top-5 err = 32.500000,	train_time = 1.805864
TRAIN Iter 106: loss = 0.005277,	Top-1 err = 53.200000,	Top-5 err = 31.800000,	train_time = 1.810064
TRAIN Iter 107: loss = 0.005603,	Top-1 err = 34.200000,	Top-5 err = 13.800000,	train_time = 1.816182
TRAIN Iter 108: loss = 0.005083,	Top-1 err = 49.100000,	Top-5 err = 28.500000,	train_time = 1.816986
TRAIN Iter 109: loss = 0.005342,	Top-1 err = 63.100000,	Top-5 err = 43.300000,	train_time = 1.805363
TRAIN Iter 110: loss = 0.005413,	Top-1 err = 28.400000,	Top-5 err = 12.100000,	train_time = 1.809139
TRAIN Iter 111: loss = 0.005482,	Top-1 err = 28.500000,	Top-5 err = 12.600000,	train_time = 1.802560
TRAIN Iter 112: loss = 0.005192,	Top-1 err = 42.500000,	Top-5 err = 22.000000,	train_time = 1.802598
TRAIN Iter 113: loss = 0.005258,	Top-1 err = 53.900000,	Top-5 err = 34.200000,	train_time = 1.810578
TRAIN Iter 114: loss = 0.005017,	Top-1 err = 49.200000,	Top-5 err = 27.500000,	train_time = 1.823753
TRAIN Iter 115: loss = 0.005172,	Top-1 err = 40.100000,	Top-5 err = 22.900000,	train_time = 1.819729
TRAIN Iter 116: loss = 0.004971,	Top-1 err = 37.400000,	Top-5 err = 25.900000,	train_time = 1.807413
TRAIN Iter 117: loss = 0.005083,	Top-1 err = 21.000000,	Top-5 err = 6.300000,	train_time = 1.797636
TRAIN Iter 118: loss = 0.005400,	Top-1 err = 42.200000,	Top-5 err = 24.900000,	train_time = 1.787956
TRAIN Iter 119: loss = 0.004961,	Top-1 err = 30.700000,	Top-5 err = 15.800000,	train_time = 1.805645
TRAIN Iter 120: loss = 0.005284,	Top-1 err = 49.300000,	Top-5 err = 31.200000,	train_time = 1.804480
TRAIN Iter 121: loss = 0.005009,	Top-1 err = 36.600000,	Top-5 err = 18.600000,	train_time = 1.815126
TRAIN Iter 122: loss = 0.004874,	Top-1 err = 35.900000,	Top-5 err = 16.000000,	train_time = 1.816950
TRAIN Iter 123: loss = 0.005073,	Top-1 err = 55.200000,	Top-5 err = 35.400000,	train_time = 1.809186
TRAIN Iter 124: loss = 0.004932,	Top-1 err = 33.600000,	Top-5 err = 21.300000,	train_time = 1.808494
TRAIN Iter 125: loss = 0.005226,	Top-1 err = 43.400000,	Top-5 err = 29.200000,	train_time = 1.789941
TRAIN Iter 126: loss = 0.005015,	Top-1 err = 48.900000,	Top-5 err = 31.200000,	train_time = 1.817487
TRAIN Iter 127: loss = 0.005067,	Top-1 err = 27.300000,	Top-5 err = 13.200000,	train_time = 1.801556
TRAIN Iter 128: loss = 0.005078,	Top-1 err = 50.600000,	Top-5 err = 29.300000,	train_time = 1.806704
TRAIN Iter 129: loss = 0.005019,	Top-1 err = 57.100000,	Top-5 err = 37.500000,	train_time = 1.812226
TRAIN Iter 130: loss = 0.005058,	Top-1 err = 47.700000,	Top-5 err = 29.200000,	train_time = 1.810796
TRAIN Iter 131: loss = 0.004820,	Top-1 err = 32.600000,	Top-5 err = 18.500000,	train_time = 1.803796
TRAIN Iter 132: loss = 0.004974,	Top-1 err = 46.200000,	Top-5 err = 28.400000,	train_time = 1.809383
TRAIN Iter 133: loss = 0.004765,	Top-1 err = 31.100000,	Top-5 err = 15.700000,	train_time = 1.794157
TRAIN Iter 134: loss = 0.004768,	Top-1 err = 43.000000,	Top-5 err = 27.600000,	train_time = 1.804538
TRAIN Iter 135: loss = 0.004824,	Top-1 err = 23.700000,	Top-5 err = 7.900000,	train_time = 1.801939
TRAIN Iter 136: loss = 0.004854,	Top-1 err = 33.800000,	Top-5 err = 15.600000,	train_time = 1.800522
TRAIN Iter 137: loss = 0.004785,	Top-1 err = 49.000000,	Top-5 err = 32.300000,	train_time = 1.816091
TRAIN Iter 138: loss = 0.004937,	Top-1 err = 40.000000,	Top-5 err = 26.300000,	train_time = 1.788246
TRAIN Iter 139: loss = 0.004864,	Top-1 err = 47.800000,	Top-5 err = 32.600000,	train_time = 1.783429
TRAIN Iter 140: loss = 0.004756,	Top-1 err = 38.000000,	Top-5 err = 19.100000,	train_time = 1.797774
TRAIN Iter 141: loss = 0.004674,	Top-1 err = 34.600000,	Top-5 err = 21.100000,	train_time = 1.816234
TRAIN Iter 142: loss = 0.004617,	Top-1 err = 33.700000,	Top-5 err = 19.500000,	train_time = 1.815409
TRAIN Iter 143: loss = 0.004700,	Top-1 err = 52.200000,	Top-5 err = 35.100000,	train_time = 1.809839
TRAIN Iter 144: loss = 0.004732,	Top-1 err = 31.300000,	Top-5 err = 15.400000,	train_time = 1.781434
TRAIN Iter 145: loss = 0.004633,	Top-1 err = 42.300000,	Top-5 err = 23.100000,	train_time = 1.809654
TRAIN Iter 146: loss = 0.004306,	Top-1 err = 30.600000,	Top-5 err = 13.700000,	train_time = 1.819748
TRAIN Iter 147: loss = 0.004604,	Top-1 err = 41.300000,	Top-5 err = 21.200000,	train_time = 1.798840
TRAIN Iter 148: loss = 0.004512,	Top-1 err = 49.800000,	Top-5 err = 36.100000,	train_time = 1.787521
TRAIN Iter 149: loss = 0.004508,	Top-1 err = 42.500000,	Top-5 err = 26.200000,	train_time = 1.802248
TRAIN Iter 150: loss = 0.004628,	Top-1 err = 40.900000,	Top-5 err = 25.600000,	train_time = 1.807024
TRAIN Iter 151: loss = 0.004592,	Top-1 err = 42.500000,	Top-5 err = 23.200000,	train_time = 1.805139
TRAIN Iter 152: loss = 0.004448,	Top-1 err = 40.100000,	Top-5 err = 19.100000,	train_time = 1.809672
TRAIN Iter 153: loss = 0.004510,	Top-1 err = 36.500000,	Top-5 err = 21.700000,	train_time = 1.818101
TRAIN Iter 154: loss = 0.004493,	Top-1 err = 45.300000,	Top-5 err = 31.200000,	train_time = 1.805325
TRAIN Iter 155: loss = 0.004552,	Top-1 err = 26.900000,	Top-5 err = 12.900000,	train_time = 1.799225
TRAIN Iter 156: loss = 0.004387,	Top-1 err = 43.800000,	Top-5 err = 27.100000,	train_time = 1.807022
TRAIN Iter 157: loss = 0.004311,	Top-1 err = 40.600000,	Top-5 err = 24.500000,	train_time = 1.806697
TRAIN Iter 158: loss = 0.004478,	Top-1 err = 31.900000,	Top-5 err = 16.600000,	train_time = 1.799178
TRAIN Iter 159: loss = 0.004296,	Top-1 err = 24.000000,	Top-5 err = 9.300000,	train_time = 1.796616
TRAIN Iter 160: loss = 0.004299,	Top-1 err = 42.100000,	Top-5 err = 25.500000,	train_time = 1.809366
TRAIN Iter 161: loss = 0.004498,	Top-1 err = 57.100000,	Top-5 err = 34.300000,	train_time = 1.818861
TRAIN Iter 162: loss = 0.004289,	Top-1 err = 36.400000,	Top-5 err = 23.700000,	train_time = 1.800023
TRAIN Iter 163: loss = 0.004303,	Top-1 err = 33.200000,	Top-5 err = 15.800000,	train_time = 1.783950
TRAIN Iter 164: loss = 0.004306,	Top-1 err = 42.400000,	Top-5 err = 29.700000,	train_time = 1.826267
TRAIN Iter 165: loss = 0.004226,	Top-1 err = 26.800000,	Top-5 err = 12.600000,	train_time = 1.804230
TRAIN Iter 166: loss = 0.004148,	Top-1 err = 29.900000,	Top-5 err = 15.200000,	train_time = 1.800380
TRAIN Iter 167: loss = 0.004357,	Top-1 err = 35.200000,	Top-5 err = 18.800000,	train_time = 1.813374
TRAIN Iter 168: loss = 0.004243,	Top-1 err = 24.300000,	Top-5 err = 11.500000,	train_time = 1.794233
TRAIN Iter 169: loss = 0.004382,	Top-1 err = 48.300000,	Top-5 err = 27.900000,	train_time = 1.798427
TRAIN Iter 170: loss = 0.004259,	Top-1 err = 50.900000,	Top-5 err = 30.100000,	train_time = 1.787470
TRAIN Iter 171: loss = 0.004502,	Top-1 err = 56.600000,	Top-5 err = 36.100000,	train_time = 1.799422
TRAIN Iter 172: loss = 0.004168,	Top-1 err = 50.600000,	Top-5 err = 37.400000,	train_time = 1.815109
TRAIN Iter 173: loss = 0.004308,	Top-1 err = 52.400000,	Top-5 err = 32.500000,	train_time = 1.812289
TRAIN Iter 174: loss = 0.004308,	Top-1 err = 44.700000,	Top-5 err = 25.800000,	train_time = 1.786578
TRAIN Iter 175: loss = 0.004197,	Top-1 err = 41.400000,	Top-5 err = 23.400000,	train_time = 1.803592
TRAIN Iter 176: loss = 0.004223,	Top-1 err = 36.300000,	Top-5 err = 21.700000,	train_time = 1.795269
TRAIN Iter 177: loss = 0.004378,	Top-1 err = 44.900000,	Top-5 err = 24.600000,	train_time = 1.806705
TRAIN Iter 178: loss = 0.004231,	Top-1 err = 35.900000,	Top-5 err = 20.200000,	train_time = 1.787228
TRAIN Iter 179: loss = 0.004291,	Top-1 err = 49.800000,	Top-5 err = 32.900000,	train_time = 1.812535
TRAIN Iter 180: loss = 0.004127,	Top-1 err = 29.200000,	Top-5 err = 14.400000,	train_time = 1.799003
TRAIN Iter 181: loss = 0.004122,	Top-1 err = 57.000000,	Top-5 err = 37.100000,	train_time = 1.817261
TRAIN Iter 182: loss = 0.004123,	Top-1 err = 40.000000,	Top-5 err = 25.000000,	train_time = 1.809695
TRAIN Iter 183: loss = 0.004307,	Top-1 err = 27.400000,	Top-5 err = 14.700000,	train_time = 1.787089
TRAIN Iter 184: loss = 0.004056,	Top-1 err = 42.600000,	Top-5 err = 26.700000,	train_time = 1.784648
TRAIN Iter 185: loss = 0.004044,	Top-1 err = 43.400000,	Top-5 err = 25.600000,	train_time = 1.782068
TRAIN Iter 186: loss = 0.004284,	Top-1 err = 54.700000,	Top-5 err = 37.000000,	train_time = 1.786816
TRAIN Iter 187: loss = 0.004311,	Top-1 err = 28.200000,	Top-5 err = 13.100000,	train_time = 1.808084
TRAIN Iter 188: loss = 0.004225,	Top-1 err = 41.700000,	Top-5 err = 22.800000,	train_time = 1.806677
TRAIN Iter 189: loss = 0.004046,	Top-1 err = 36.400000,	Top-5 err = 19.000000,	train_time = 1.824254
TRAIN Iter 190: loss = 0.003964,	Top-1 err = 43.000000,	Top-5 err = 26.400000,	train_time = 1.786639
TRAIN Iter 191: loss = 0.004177,	Top-1 err = 44.500000,	Top-5 err = 29.500000,	train_time = 1.798933
TRAIN Iter 192: loss = 0.004297,	Top-1 err = 56.100000,	Top-5 err = 41.500000,	train_time = 1.805842
TRAIN Iter 193: loss = 0.003986,	Top-1 err = 29.300000,	Top-5 err = 16.200000,	train_time = 1.805137
TRAIN Iter 194: loss = 0.004006,	Top-1 err = 36.500000,	Top-5 err = 21.100000,	train_time = 1.811577
TRAIN Iter 195: loss = 0.004400,	Top-1 err = 76.300000,	Top-5 err = 57.600000,	train_time = 1.806679
TRAIN Iter 196: loss = 0.003949,	Top-1 err = 40.700000,	Top-5 err = 28.200000,	train_time = 1.803145
TRAIN Iter 197: loss = 0.004209,	Top-1 err = 55.200000,	Top-5 err = 34.700000,	train_time = 1.813372
TRAIN Iter 198: loss = 0.004227,	Top-1 err = 49.600000,	Top-5 err = 30.800000,	train_time = 1.820294
TRAIN Iter 199: loss = 0.003953,	Top-1 err = 45.400000,	Top-5 err = 24.300000,	train_time = 1.781444
TRAIN Iter 200: loss = 0.003902,	Top-1 err = 61.100000,	Top-5 err = 43.000000,	train_time = 1.801078
TRAIN Iter 201: loss = 0.003974,	Top-1 err = 31.500000,	Top-5 err = 18.300000,	train_time = 1.818017
TRAIN Iter 202: loss = 0.004151,	Top-1 err = 34.900000,	Top-5 err = 16.100000,	train_time = 1.816616
TRAIN Iter 203: loss = 0.003897,	Top-1 err = 32.800000,	Top-5 err = 18.700000,	train_time = 1.794223
TRAIN Iter 204: loss = 0.003873,	Top-1 err = 35.100000,	Top-5 err = 17.700000,	train_time = 1.818546
TRAIN Iter 205: loss = 0.003898,	Top-1 err = 48.000000,	Top-5 err = 33.800000,	train_time = 1.809557
TRAIN Iter 206: loss = 0.003587,	Top-1 err = 20.700000,	Top-5 err = 9.500000,	train_time = 1.804406
TRAIN Iter 207: loss = 0.004257,	Top-1 err = 59.600000,	Top-5 err = 39.600000,	train_time = 1.828338
TRAIN Iter 208: loss = 0.004125,	Top-1 err = 54.600000,	Top-5 err = 36.300000,	train_time = 1.815197
TRAIN Iter 209: loss = 0.003984,	Top-1 err = 51.800000,	Top-5 err = 39.800000,	train_time = 1.816606
TRAIN Iter 210: loss = 0.003993,	Top-1 err = 38.800000,	Top-5 err = 24.000000,	train_time = 1.788383
TRAIN Iter 211: loss = 0.003776,	Top-1 err = 35.100000,	Top-5 err = 20.200000,	train_time = 1.801650
TRAIN Iter 212: loss = 0.003799,	Top-1 err = 29.700000,	Top-5 err = 13.200000,	train_time = 1.797994
TRAIN Iter 213: loss = 0.003878,	Top-1 err = 48.800000,	Top-5 err = 34.600000,	train_time = 1.810534
TRAIN Iter 214: loss = 0.003842,	Top-1 err = 29.600000,	Top-5 err = 15.100000,	train_time = 1.807896
TRAIN Iter 215: loss = 0.003525,	Top-1 err = 37.300000,	Top-5 err = 24.900000,	train_time = 1.814342
TRAIN Iter 216: loss = 0.003774,	Top-1 err = 43.500000,	Top-5 err = 28.000000,	train_time = 1.822698
TRAIN Iter 217: loss = 0.003829,	Top-1 err = 36.700000,	Top-5 err = 23.000000,	train_time = 1.788007
TRAIN Iter 218: loss = 0.003654,	Top-1 err = 34.200000,	Top-5 err = 23.400000,	train_time = 1.820387
TRAIN Iter 219: loss = 0.003739,	Top-1 err = 30.400000,	Top-5 err = 13.300000,	train_time = 1.813639
TRAIN Iter 220: loss = 0.003780,	Top-1 err = 27.800000,	Top-5 err = 14.600000,	train_time = 1.780096
TRAIN Iter 221: loss = 0.003684,	Top-1 err = 25.900000,	Top-5 err = 12.800000,	train_time = 1.815259
TRAIN Iter 222: loss = 0.003673,	Top-1 err = 28.900000,	Top-5 err = 14.400000,	train_time = 1.815488
TRAIN Iter 223: loss = 0.003781,	Top-1 err = 32.100000,	Top-5 err = 16.700000,	train_time = 1.816959
TRAIN Iter 224: loss = 0.004040,	Top-1 err = 62.600000,	Top-5 err = 43.700000,	train_time = 1.801312
TRAIN Iter 225: loss = 0.003814,	Top-1 err = 28.000000,	Top-5 err = 15.100000,	train_time = 1.796529
TRAIN Iter 226: loss = 0.003886,	Top-1 err = 49.400000,	Top-5 err = 30.000000,	train_time = 1.805103
TRAIN Iter 227: loss = 0.003848,	Top-1 err = 34.900000,	Top-5 err = 19.500000,	train_time = 1.795439
TRAIN Iter 228: loss = 0.004040,	Top-1 err = 46.000000,	Top-5 err = 27.000000,	train_time = 1.809679
TRAIN Iter 229: loss = 0.003698,	Top-1 err = 34.800000,	Top-5 err = 20.500000,	train_time = 1.813190
TRAIN Iter 230: loss = 0.003615,	Top-1 err = 22.100000,	Top-5 err = 10.100000,	train_time = 1.812435
TRAIN Iter 231: loss = 0.003531,	Top-1 err = 29.100000,	Top-5 err = 14.700000,	train_time = 1.822573
TRAIN Iter 232: loss = 0.003804,	Top-1 err = 52.600000,	Top-5 err = 36.500000,	train_time = 1.789695
TRAIN Iter 233: loss = 0.003697,	Top-1 err = 52.600000,	Top-5 err = 38.500000,	train_time = 1.819770
TRAIN Iter 234: loss = 0.003265,	Top-1 err = 18.200000,	Top-5 err = 9.600000,	train_time = 1.812067
TRAIN Iter 235: loss = 0.003726,	Top-1 err = 41.400000,	Top-5 err = 22.100000,	train_time = 1.813662
TRAIN Iter 236: loss = 0.003727,	Top-1 err = 43.800000,	Top-5 err = 29.400000,	train_time = 1.805871
TRAIN Iter 237: loss = 0.003496,	Top-1 err = 34.800000,	Top-5 err = 22.600000,	train_time = 1.820648
TRAIN Iter 238: loss = 0.003643,	Top-1 err = 31.200000,	Top-5 err = 14.000000,	train_time = 1.819131
TRAIN Iter 239: loss = 0.003629,	Top-1 err = 37.600000,	Top-5 err = 19.000000,	train_time = 1.821724
TRAIN Iter 240: loss = 0.003604,	Top-1 err = 40.000000,	Top-5 err = 21.400000,	train_time = 1.799990
TRAIN Iter 241: loss = 0.003589,	Top-1 err = 36.900000,	Top-5 err = 21.900000,	train_time = 1.791122
TRAIN Iter 242: loss = 0.003622,	Top-1 err = 47.600000,	Top-5 err = 29.900000,	train_time = 1.809602
TRAIN Iter 243: loss = 0.003391,	Top-1 err = 20.000000,	Top-5 err = 11.300000,	train_time = 1.803458
TRAIN Iter 244: loss = 0.003607,	Top-1 err = 47.600000,	Top-5 err = 29.700000,	train_time = 1.805977
TRAIN Iter 245: loss = 0.003498,	Top-1 err = 34.600000,	Top-5 err = 20.100000,	train_time = 1.798800
TRAIN Iter 246: loss = 0.003416,	Top-1 err = 31.700000,	Top-5 err = 18.900000,	train_time = 1.794486
TRAIN Iter 247: loss = 0.003514,	Top-1 err = 36.700000,	Top-5 err = 20.800000,	train_time = 1.808930
TRAIN Iter 248: loss = 0.003678,	Top-1 err = 49.500000,	Top-5 err = 29.200000,	train_time = 1.801168
TRAIN Iter 249: loss = 0.003487,	Top-1 err = 42.600000,	Top-5 err = 23.000000,	train_time = 1.798271
TEST:
Iter 249: loss = 2.594590,	Top-1 err = 58.590000,	Top-5 err = 27.200000,	val_time = 3.359235
TRAIN Iter 250: loss = 0.003450,	Top-1 err = 43.400000,	Top-5 err = 30.900000,	train_time = 1.817336
TRAIN Iter 251: loss = 0.003438,	Top-1 err = 29.200000,	Top-5 err = 15.200000,	train_time = 1.817971
TRAIN Iter 252: loss = 0.003617,	Top-1 err = 50.200000,	Top-5 err = 29.000000,	train_time = 1.800771
TRAIN Iter 253: loss = 0.003485,	Top-1 err = 42.900000,	Top-5 err = 28.800000,	train_time = 1.821344
TRAIN Iter 254: loss = 0.003552,	Top-1 err = 38.000000,	Top-5 err = 19.600000,	train_time = 1.806387
TRAIN Iter 255: loss = 0.003659,	Top-1 err = 45.700000,	Top-5 err = 27.900000,	train_time = 1.801651
TRAIN Iter 256: loss = 0.003726,	Top-1 err = 48.600000,	Top-5 err = 33.900000,	train_time = 1.806862
TRAIN Iter 257: loss = 0.003590,	Top-1 err = 36.100000,	Top-5 err = 17.200000,	train_time = 1.797361
TRAIN Iter 258: loss = 0.003797,	Top-1 err = 51.900000,	Top-5 err = 31.500000,	train_time = 1.810694
TRAIN Iter 259: loss = 0.003364,	Top-1 err = 37.800000,	Top-5 err = 27.900000,	train_time = 1.813048
TEST:
Iter 259: loss = 2.409357,	Top-1 err = 55.740000,	Top-5 err = 24.960000,	val_time = 3.359453
TRAIN Iter 260: loss = 0.003452,	Top-1 err = 37.200000,	Top-5 err = 22.900000,	train_time = 1.806434
TRAIN Iter 261: loss = 0.003497,	Top-1 err = 65.800000,	Top-5 err = 47.700000,	train_time = 1.816116
TRAIN Iter 262: loss = 0.003347,	Top-1 err = 30.100000,	Top-5 err = 17.900000,	train_time = 1.826445
TRAIN Iter 263: loss = 0.003383,	Top-1 err = 31.700000,	Top-5 err = 15.900000,	train_time = 1.823707
TRAIN Iter 264: loss = 0.003518,	Top-1 err = 50.200000,	Top-5 err = 34.600000,	train_time = 1.815959
TRAIN Iter 265: loss = 0.003477,	Top-1 err = 42.200000,	Top-5 err = 29.000000,	train_time = 1.803622
TRAIN Iter 266: loss = 0.003540,	Top-1 err = 34.600000,	Top-5 err = 17.100000,	train_time = 1.799521
TRAIN Iter 267: loss = 0.003535,	Top-1 err = 29.500000,	Top-5 err = 12.200000,	train_time = 1.818881
TRAIN Iter 268: loss = 0.003594,	Top-1 err = 53.000000,	Top-5 err = 37.300000,	train_time = 1.820580
TRAIN Iter 269: loss = 0.003643,	Top-1 err = 62.200000,	Top-5 err = 39.900000,	train_time = 1.808406
TEST:
Iter 269: loss = 2.388402,	Top-1 err = 55.290000,	Top-5 err = 24.820000,	val_time = 3.370440
TRAIN Iter 270: loss = 0.003386,	Top-1 err = 30.900000,	Top-5 err = 16.000000,	train_time = 1.798728
TRAIN Iter 271: loss = 0.003096,	Top-1 err = 20.700000,	Top-5 err = 7.600000,	train_time = 1.807180
TRAIN Iter 272: loss = 0.003373,	Top-1 err = 56.000000,	Top-5 err = 34.400000,	train_time = 1.817093
TRAIN Iter 273: loss = 0.003489,	Top-1 err = 43.800000,	Top-5 err = 25.600000,	train_time = 1.805851
TRAIN Iter 274: loss = 0.003577,	Top-1 err = 51.100000,	Top-5 err = 30.200000,	train_time = 1.807444
TRAIN Iter 275: loss = 0.003461,	Top-1 err = 44.300000,	Top-5 err = 26.700000,	train_time = 1.815597
TRAIN Iter 276: loss = 0.003544,	Top-1 err = 49.200000,	Top-5 err = 34.800000,	train_time = 1.803164
TRAIN Iter 277: loss = 0.003404,	Top-1 err = 38.700000,	Top-5 err = 19.800000,	train_time = 1.802089
TRAIN Iter 278: loss = 0.003432,	Top-1 err = 43.300000,	Top-5 err = 29.400000,	train_time = 1.809233
TRAIN Iter 279: loss = 0.003503,	Top-1 err = 53.600000,	Top-5 err = 35.900000,	train_time = 1.793079
TEST:
Iter 279: loss = 2.349365,	Top-1 err = 54.890000,	Top-5 err = 24.200000,	val_time = 3.343426
TRAIN Iter 280: loss = 0.003283,	Top-1 err = 27.100000,	Top-5 err = 15.500000,	train_time = 1.813932
TRAIN Iter 281: loss = 0.003167,	Top-1 err = 27.900000,	Top-5 err = 17.900000,	train_time = 1.796766
TRAIN Iter 282: loss = 0.003203,	Top-1 err = 33.300000,	Top-5 err = 20.900000,	train_time = 1.792949
TRAIN Iter 283: loss = 0.003321,	Top-1 err = 24.500000,	Top-5 err = 10.400000,	train_time = 1.800907
TRAIN Iter 284: loss = 0.003300,	Top-1 err = 47.700000,	Top-5 err = 30.400000,	train_time = 1.802047
TRAIN Iter 285: loss = 0.003350,	Top-1 err = 34.000000,	Top-5 err = 17.300000,	train_time = 1.803336
TRAIN Iter 286: loss = 0.003335,	Top-1 err = 47.700000,	Top-5 err = 34.200000,	train_time = 1.800781
TRAIN Iter 287: loss = 0.003162,	Top-1 err = 32.300000,	Top-5 err = 14.400000,	train_time = 1.818061
TRAIN Iter 288: loss = 0.003471,	Top-1 err = 45.100000,	Top-5 err = 31.300000,	train_time = 1.808021
TRAIN Iter 289: loss = 0.003478,	Top-1 err = 43.400000,	Top-5 err = 26.600000,	train_time = 1.796906
TEST:
Iter 289: loss = 2.511496,	Top-1 err = 57.090000,	Top-5 err = 25.830000,	val_time = 3.364034
TRAIN Iter 290: loss = 0.003604,	Top-1 err = 43.700000,	Top-5 err = 23.000000,	train_time = 1.792945
TRAIN Iter 291: loss = 0.003564,	Top-1 err = 36.800000,	Top-5 err = 23.700000,	train_time = 1.828113
TRAIN Iter 292: loss = 0.003372,	Top-1 err = 33.800000,	Top-5 err = 18.000000,	train_time = 1.804632
TRAIN Iter 293: loss = 0.003434,	Top-1 err = 47.100000,	Top-5 err = 27.800000,	train_time = 1.820902
TRAIN Iter 294: loss = 0.003398,	Top-1 err = 40.800000,	Top-5 err = 22.800000,	train_time = 1.814312
TRAIN Iter 295: loss = 0.003457,	Top-1 err = 64.400000,	Top-5 err = 47.400000,	train_time = 1.810166
TRAIN Iter 296: loss = 0.003233,	Top-1 err = 36.900000,	Top-5 err = 23.100000,	train_time = 1.814747
TRAIN Iter 297: loss = 0.003405,	Top-1 err = 35.100000,	Top-5 err = 20.500000,	train_time = 1.800617
TRAIN Iter 298: loss = 0.003372,	Top-1 err = 34.500000,	Top-5 err = 20.800000,	train_time = 1.800020
TRAIN Iter 299: loss = 0.003300,	Top-1 err = 42.900000,	Top-5 err = 24.400000,	train_time = 1.807609
TEST:
Iter 299: loss = 2.352124,	Top-1 err = 55.090000,	Top-5 err = 24.120000,	val_time = 3.360860
Train Finish! Best accuracy is 45.11@279
