/home/dvspanos/miniconda3/envs/rded/lib/python3.10/site-packages/torchvision/models/_utils.py:208: UserWarning: The parameter 'pretrained' is deprecated since 0.13 and may be removed in the future, please use 'weights' instead.
  warnings.warn(
/home/dvspanos/miniconda3/envs/rded/lib/python3.10/site-packages/torchvision/models/_utils.py:223: UserWarning: Arguments other than a weight enum or `None` for 'weights' are deprecated since 0.13 and may be removed in the future. The current behavior is equivalent to passing `weights=None`.
  warnings.warn(msg)
=> using pytorch pre-trained teacher model 'resnet18_modified'
process data from /home/dvspanos/nikos/ca2d/artifacts/rded_sets/bench_cifar100_rn18_sharp_ipc10
load data successfully
TRAIN Iter 0: loss = 0.018630,	Top-1 err = 97.100000,	Top-5 err = 91.200000,	train_time = 3.823487
TRAIN Iter 1: loss = 0.015575,	Top-1 err = 96.400000,	Top-5 err = 83.700000,	train_time = 1.817482
TRAIN Iter 2: loss = 0.014051,	Top-1 err = 93.800000,	Top-5 err = 76.200000,	train_time = 1.815502
TRAIN Iter 3: loss = 0.015579,	Top-1 err = 93.500000,	Top-5 err = 77.600000,	train_time = 1.828206
TRAIN Iter 4: loss = 0.016974,	Top-1 err = 94.400000,	Top-5 err = 78.600000,	train_time = 1.813512
TRAIN Iter 5: loss = 0.018072,	Top-1 err = 91.800000,	Top-5 err = 68.900000,	train_time = 1.812144
TRAIN Iter 6: loss = 0.013370,	Top-1 err = 92.700000,	Top-5 err = 72.500000,	train_time = 1.823653
TRAIN Iter 7: loss = 0.014995,	Top-1 err = 92.800000,	Top-5 err = 70.400000,	train_time = 1.816132
TRAIN Iter 8: loss = 0.013776,	Top-1 err = 92.100000,	Top-5 err = 69.100000,	train_time = 1.819118
TRAIN Iter 9: loss = 0.014546,	Top-1 err = 91.600000,	Top-5 err = 70.900000,	train_time = 1.810403
TRAIN Iter 10: loss = 0.013967,	Top-1 err = 88.600000,	Top-5 err = 61.700000,	train_time = 1.807789
TRAIN Iter 11: loss = 0.011563,	Top-1 err = 91.800000,	Top-5 err = 74.100000,	train_time = 1.814113
TRAIN Iter 12: loss = 0.014543,	Top-1 err = 88.900000,	Top-5 err = 60.700000,	train_time = 1.822881
TRAIN Iter 13: loss = 0.011995,	Top-1 err = 86.300000,	Top-5 err = 59.400000,	train_time = 1.815968
TRAIN Iter 14: loss = 0.012074,	Top-1 err = 89.300000,	Top-5 err = 65.200000,	train_time = 1.843187
TRAIN Iter 15: loss = 0.013774,	Top-1 err = 86.100000,	Top-5 err = 59.000000,	train_time = 1.810625
TRAIN Iter 16: loss = 0.013259,	Top-1 err = 88.500000,	Top-5 err = 63.800000,	train_time = 1.794100
TRAIN Iter 17: loss = 0.011501,	Top-1 err = 88.100000,	Top-5 err = 60.600000,	train_time = 1.806046
TRAIN Iter 18: loss = 0.013917,	Top-1 err = 85.000000,	Top-5 err = 56.000000,	train_time = 1.815766
TRAIN Iter 19: loss = 0.012082,	Top-1 err = 83.600000,	Top-5 err = 49.500000,	train_time = 1.806529
TRAIN Iter 20: loss = 0.011593,	Top-1 err = 84.500000,	Top-5 err = 55.700000,	train_time = 1.814368
TRAIN Iter 21: loss = 0.010260,	Top-1 err = 88.600000,	Top-5 err = 65.900000,	train_time = 1.807138
TRAIN Iter 22: loss = 0.011351,	Top-1 err = 79.400000,	Top-5 err = 46.300000,	train_time = 1.800956
TRAIN Iter 23: loss = 0.011638,	Top-1 err = 78.700000,	Top-5 err = 43.100000,	train_time = 1.795880
TRAIN Iter 24: loss = 0.012506,	Top-1 err = 81.500000,	Top-5 err = 51.700000,	train_time = 1.833205
TRAIN Iter 25: loss = 0.010682,	Top-1 err = 78.200000,	Top-5 err = 48.800000,	train_time = 1.804801
TRAIN Iter 26: loss = 0.010007,	Top-1 err = 81.700000,	Top-5 err = 57.600000,	train_time = 1.801212
TRAIN Iter 27: loss = 0.009494,	Top-1 err = 84.900000,	Top-5 err = 61.200000,	train_time = 1.818661
TRAIN Iter 28: loss = 0.009832,	Top-1 err = 76.100000,	Top-5 err = 44.700000,	train_time = 1.810693
TRAIN Iter 29: loss = 0.009879,	Top-1 err = 79.500000,	Top-5 err = 51.400000,	train_time = 1.803763
TRAIN Iter 30: loss = 0.009990,	Top-1 err = 81.600000,	Top-5 err = 54.400000,	train_time = 1.823490
TRAIN Iter 31: loss = 0.009244,	Top-1 err = 75.500000,	Top-5 err = 46.500000,	train_time = 1.810956
TRAIN Iter 32: loss = 0.008960,	Top-1 err = 70.100000,	Top-5 err = 36.800000,	train_time = 1.840006
TRAIN Iter 33: loss = 0.009643,	Top-1 err = 72.000000,	Top-5 err = 41.800000,	train_time = 1.812398
TRAIN Iter 34: loss = 0.009800,	Top-1 err = 76.000000,	Top-5 err = 48.100000,	train_time = 1.820999
TRAIN Iter 35: loss = 0.009000,	Top-1 err = 80.200000,	Top-5 err = 52.900000,	train_time = 1.829611
TRAIN Iter 36: loss = 0.009843,	Top-1 err = 72.400000,	Top-5 err = 41.700000,	train_time = 1.820374
TRAIN Iter 37: loss = 0.009989,	Top-1 err = 73.800000,	Top-5 err = 45.400000,	train_time = 1.829429
TRAIN Iter 38: loss = 0.008682,	Top-1 err = 71.600000,	Top-5 err = 43.900000,	train_time = 1.808317
TRAIN Iter 39: loss = 0.008492,	Top-1 err = 71.700000,	Top-5 err = 43.200000,	train_time = 1.812572
TRAIN Iter 40: loss = 0.008494,	Top-1 err = 78.700000,	Top-5 err = 51.000000,	train_time = 1.809928
TRAIN Iter 41: loss = 0.008332,	Top-1 err = 73.500000,	Top-5 err = 41.500000,	train_time = 1.822591
TRAIN Iter 42: loss = 0.009078,	Top-1 err = 59.300000,	Top-5 err = 24.600000,	train_time = 1.816712
TRAIN Iter 43: loss = 0.008450,	Top-1 err = 66.700000,	Top-5 err = 34.400000,	train_time = 1.819170
TRAIN Iter 44: loss = 0.008421,	Top-1 err = 75.000000,	Top-5 err = 46.000000,	train_time = 1.823875
TRAIN Iter 45: loss = 0.007797,	Top-1 err = 71.300000,	Top-5 err = 42.200000,	train_time = 1.821384
TRAIN Iter 46: loss = 0.008469,	Top-1 err = 66.100000,	Top-5 err = 33.100000,	train_time = 1.795387
TRAIN Iter 47: loss = 0.008204,	Top-1 err = 68.500000,	Top-5 err = 37.800000,	train_time = 1.821625
TRAIN Iter 48: loss = 0.008260,	Top-1 err = 55.200000,	Top-5 err = 24.300000,	train_time = 1.833348
TRAIN Iter 49: loss = 0.007973,	Top-1 err = 53.000000,	Top-5 err = 19.800000,	train_time = 1.803174
TRAIN Iter 50: loss = 0.008237,	Top-1 err = 62.700000,	Top-5 err = 33.400000,	train_time = 1.797775
TRAIN Iter 51: loss = 0.008169,	Top-1 err = 59.200000,	Top-5 err = 30.100000,	train_time = 1.812550
TRAIN Iter 52: loss = 0.007814,	Top-1 err = 68.300000,	Top-5 err = 45.200000,	train_time = 1.826721
TRAIN Iter 53: loss = 0.007851,	Top-1 err = 58.600000,	Top-5 err = 29.400000,	train_time = 1.815165
TRAIN Iter 54: loss = 0.007797,	Top-1 err = 61.700000,	Top-5 err = 34.500000,	train_time = 1.826032
TRAIN Iter 55: loss = 0.007714,	Top-1 err = 57.800000,	Top-5 err = 29.000000,	train_time = 1.839157
TRAIN Iter 56: loss = 0.007704,	Top-1 err = 61.900000,	Top-5 err = 36.300000,	train_time = 1.833169
TRAIN Iter 57: loss = 0.007126,	Top-1 err = 69.200000,	Top-5 err = 40.900000,	train_time = 1.816562
TRAIN Iter 58: loss = 0.007295,	Top-1 err = 64.300000,	Top-5 err = 32.900000,	train_time = 1.815559
TRAIN Iter 59: loss = 0.007542,	Top-1 err = 57.700000,	Top-5 err = 32.400000,	train_time = 1.834547
TRAIN Iter 60: loss = 0.007049,	Top-1 err = 50.600000,	Top-5 err = 19.100000,	train_time = 1.827673
TRAIN Iter 61: loss = 0.006685,	Top-1 err = 55.400000,	Top-5 err = 23.400000,	train_time = 1.851058
TRAIN Iter 62: loss = 0.007385,	Top-1 err = 51.800000,	Top-5 err = 26.500000,	train_time = 1.830237
TRAIN Iter 63: loss = 0.006854,	Top-1 err = 37.100000,	Top-5 err = 8.500000,	train_time = 1.812562
TRAIN Iter 64: loss = 0.006964,	Top-1 err = 59.800000,	Top-5 err = 32.700000,	train_time = 1.814452
TRAIN Iter 65: loss = 0.006795,	Top-1 err = 55.000000,	Top-5 err = 26.400000,	train_time = 1.798024
TRAIN Iter 66: loss = 0.007046,	Top-1 err = 62.700000,	Top-5 err = 39.900000,	train_time = 1.817119
TRAIN Iter 67: loss = 0.006780,	Top-1 err = 40.700000,	Top-5 err = 13.800000,	train_time = 1.823965
TRAIN Iter 68: loss = 0.006813,	Top-1 err = 62.600000,	Top-5 err = 35.000000,	train_time = 1.825144
TRAIN Iter 69: loss = 0.006635,	Top-1 err = 58.400000,	Top-5 err = 32.400000,	train_time = 1.808838
TRAIN Iter 70: loss = 0.006617,	Top-1 err = 45.500000,	Top-5 err = 18.100000,	train_time = 1.839527
TRAIN Iter 71: loss = 0.006858,	Top-1 err = 56.000000,	Top-5 err = 30.700000,	train_time = 1.821165
TRAIN Iter 72: loss = 0.006290,	Top-1 err = 66.500000,	Top-5 err = 43.500000,	train_time = 1.812788
TRAIN Iter 73: loss = 0.006338,	Top-1 err = 49.300000,	Top-5 err = 22.600000,	train_time = 1.811235
TRAIN Iter 74: loss = 0.006249,	Top-1 err = 60.300000,	Top-5 err = 34.800000,	train_time = 1.816822
TRAIN Iter 75: loss = 0.006717,	Top-1 err = 42.100000,	Top-5 err = 20.100000,	train_time = 1.805541
TRAIN Iter 76: loss = 0.006415,	Top-1 err = 53.900000,	Top-5 err = 31.300000,	train_time = 1.816700
TRAIN Iter 77: loss = 0.006310,	Top-1 err = 57.300000,	Top-5 err = 31.800000,	train_time = 1.818637
TRAIN Iter 78: loss = 0.006453,	Top-1 err = 50.300000,	Top-5 err = 24.600000,	train_time = 1.823010
TRAIN Iter 79: loss = 0.006383,	Top-1 err = 63.300000,	Top-5 err = 42.700000,	train_time = 1.819295
TRAIN Iter 80: loss = 0.006194,	Top-1 err = 53.900000,	Top-5 err = 25.700000,	train_time = 1.809014
TRAIN Iter 81: loss = 0.005984,	Top-1 err = 48.200000,	Top-5 err = 23.700000,	train_time = 1.822016
TRAIN Iter 82: loss = 0.005911,	Top-1 err = 60.200000,	Top-5 err = 34.200000,	train_time = 1.816993
TRAIN Iter 83: loss = 0.006434,	Top-1 err = 45.800000,	Top-5 err = 22.200000,	train_time = 1.819934
TRAIN Iter 84: loss = 0.006075,	Top-1 err = 60.700000,	Top-5 err = 35.800000,	train_time = 1.811846
TRAIN Iter 85: loss = 0.005703,	Top-1 err = 57.500000,	Top-5 err = 30.300000,	train_time = 1.829595
TRAIN Iter 86: loss = 0.005950,	Top-1 err = 50.500000,	Top-5 err = 28.600000,	train_time = 1.831339
TRAIN Iter 87: loss = 0.006034,	Top-1 err = 37.300000,	Top-5 err = 15.000000,	train_time = 1.817903
TRAIN Iter 88: loss = 0.005610,	Top-1 err = 64.300000,	Top-5 err = 37.300000,	train_time = 1.825424
TRAIN Iter 89: loss = 0.005835,	Top-1 err = 50.000000,	Top-5 err = 22.900000,	train_time = 1.827293
TRAIN Iter 90: loss = 0.005797,	Top-1 err = 63.100000,	Top-5 err = 37.300000,	train_time = 1.795238
TRAIN Iter 91: loss = 0.005907,	Top-1 err = 49.500000,	Top-5 err = 28.800000,	train_time = 1.801679
TRAIN Iter 92: loss = 0.005633,	Top-1 err = 49.300000,	Top-5 err = 26.800000,	train_time = 1.817644
TRAIN Iter 93: loss = 0.005671,	Top-1 err = 40.000000,	Top-5 err = 17.100000,	train_time = 1.827227
TRAIN Iter 94: loss = 0.005708,	Top-1 err = 52.600000,	Top-5 err = 30.300000,	train_time = 1.841939
TRAIN Iter 95: loss = 0.005864,	Top-1 err = 26.400000,	Top-5 err = 10.300000,	train_time = 1.818200
TRAIN Iter 96: loss = 0.005434,	Top-1 err = 50.300000,	Top-5 err = 30.900000,	train_time = 1.815294
TRAIN Iter 97: loss = 0.006000,	Top-1 err = 62.200000,	Top-5 err = 42.500000,	train_time = 1.820369
TRAIN Iter 98: loss = 0.005691,	Top-1 err = 59.200000,	Top-5 err = 38.300000,	train_time = 1.818085
TRAIN Iter 99: loss = 0.005373,	Top-1 err = 50.600000,	Top-5 err = 27.300000,	train_time = 1.818162
TRAIN Iter 100: loss = 0.005727,	Top-1 err = 47.000000,	Top-5 err = 25.800000,	train_time = 1.823096
TRAIN Iter 101: loss = 0.005786,	Top-1 err = 54.800000,	Top-5 err = 34.400000,	train_time = 1.813804
TRAIN Iter 102: loss = 0.005497,	Top-1 err = 36.600000,	Top-5 err = 16.400000,	train_time = 1.829096
TRAIN Iter 103: loss = 0.005366,	Top-1 err = 50.000000,	Top-5 err = 29.900000,	train_time = 1.811320
TRAIN Iter 104: loss = 0.005272,	Top-1 err = 28.700000,	Top-5 err = 11.400000,	train_time = 1.824367
TRAIN Iter 105: loss = 0.005602,	Top-1 err = 56.300000,	Top-5 err = 33.700000,	train_time = 1.832859
TRAIN Iter 106: loss = 0.005308,	Top-1 err = 57.000000,	Top-5 err = 32.800000,	train_time = 1.788649
TRAIN Iter 107: loss = 0.005317,	Top-1 err = 37.500000,	Top-5 err = 16.000000,	train_time = 1.817087
TRAIN Iter 108: loss = 0.005161,	Top-1 err = 51.200000,	Top-5 err = 29.400000,	train_time = 1.825940
TRAIN Iter 109: loss = 0.005417,	Top-1 err = 64.200000,	Top-5 err = 45.100000,	train_time = 1.838063
TRAIN Iter 110: loss = 0.005308,	Top-1 err = 31.100000,	Top-5 err = 11.500000,	train_time = 1.822114
TRAIN Iter 111: loss = 0.005239,	Top-1 err = 32.600000,	Top-5 err = 12.200000,	train_time = 1.819507
TRAIN Iter 112: loss = 0.005212,	Top-1 err = 45.200000,	Top-5 err = 21.300000,	train_time = 1.834727
TRAIN Iter 113: loss = 0.005199,	Top-1 err = 56.600000,	Top-5 err = 34.000000,	train_time = 1.808427
TRAIN Iter 114: loss = 0.005131,	Top-1 err = 49.900000,	Top-5 err = 28.400000,	train_time = 1.823028
TRAIN Iter 115: loss = 0.005147,	Top-1 err = 43.500000,	Top-5 err = 23.100000,	train_time = 1.803819
TRAIN Iter 116: loss = 0.004936,	Top-1 err = 41.000000,	Top-5 err = 25.400000,	train_time = 1.827890
TRAIN Iter 117: loss = 0.004940,	Top-1 err = 22.000000,	Top-5 err = 6.000000,	train_time = 1.814693
TRAIN Iter 118: loss = 0.005206,	Top-1 err = 46.700000,	Top-5 err = 24.900000,	train_time = 1.805429
TRAIN Iter 119: loss = 0.005008,	Top-1 err = 29.600000,	Top-5 err = 12.900000,	train_time = 1.827233
TRAIN Iter 120: loss = 0.005400,	Top-1 err = 54.900000,	Top-5 err = 35.600000,	train_time = 1.817202
TRAIN Iter 121: loss = 0.005023,	Top-1 err = 38.200000,	Top-5 err = 18.600000,	train_time = 1.821012
TRAIN Iter 122: loss = 0.004907,	Top-1 err = 38.000000,	Top-5 err = 17.600000,	train_time = 1.816600
TRAIN Iter 123: loss = 0.005100,	Top-1 err = 60.600000,	Top-5 err = 38.000000,	train_time = 1.811891
TRAIN Iter 124: loss = 0.004887,	Top-1 err = 35.800000,	Top-5 err = 21.200000,	train_time = 1.816943
TRAIN Iter 125: loss = 0.005057,	Top-1 err = 44.600000,	Top-5 err = 29.400000,	train_time = 1.818964
TRAIN Iter 126: loss = 0.005126,	Top-1 err = 50.700000,	Top-5 err = 31.200000,	train_time = 1.821222
TRAIN Iter 127: loss = 0.004947,	Top-1 err = 26.800000,	Top-5 err = 10.400000,	train_time = 1.826483
TRAIN Iter 128: loss = 0.005076,	Top-1 err = 50.300000,	Top-5 err = 29.300000,	train_time = 1.814254
TRAIN Iter 129: loss = 0.004979,	Top-1 err = 61.900000,	Top-5 err = 35.800000,	train_time = 1.815072
TRAIN Iter 130: loss = 0.004948,	Top-1 err = 49.500000,	Top-5 err = 28.400000,	train_time = 1.804311
TRAIN Iter 131: loss = 0.004754,	Top-1 err = 36.300000,	Top-5 err = 18.600000,	train_time = 1.816539
TRAIN Iter 132: loss = 0.004872,	Top-1 err = 48.300000,	Top-5 err = 27.900000,	train_time = 1.833046
TRAIN Iter 133: loss = 0.004677,	Top-1 err = 32.000000,	Top-5 err = 15.200000,	train_time = 1.823134
TRAIN Iter 134: loss = 0.004811,	Top-1 err = 43.700000,	Top-5 err = 26.800000,	train_time = 1.800525
TRAIN Iter 135: loss = 0.004682,	Top-1 err = 25.500000,	Top-5 err = 10.000000,	train_time = 1.814002
TRAIN Iter 136: loss = 0.004864,	Top-1 err = 34.500000,	Top-5 err = 12.900000,	train_time = 1.812982
TRAIN Iter 137: loss = 0.004712,	Top-1 err = 51.100000,	Top-5 err = 33.200000,	train_time = 1.815686
TRAIN Iter 138: loss = 0.004737,	Top-1 err = 43.800000,	Top-5 err = 27.500000,	train_time = 1.812442
TRAIN Iter 139: loss = 0.004615,	Top-1 err = 49.400000,	Top-5 err = 34.000000,	train_time = 1.809105
TRAIN Iter 140: loss = 0.004665,	Top-1 err = 42.200000,	Top-5 err = 17.400000,	train_time = 1.815687
TRAIN Iter 141: loss = 0.004679,	Top-1 err = 36.000000,	Top-5 err = 21.800000,	train_time = 1.810867
TRAIN Iter 142: loss = 0.004492,	Top-1 err = 36.600000,	Top-5 err = 19.100000,	train_time = 1.812949
TRAIN Iter 143: loss = 0.004636,	Top-1 err = 53.700000,	Top-5 err = 37.200000,	train_time = 1.825068
TRAIN Iter 144: loss = 0.004584,	Top-1 err = 31.600000,	Top-5 err = 11.600000,	train_time = 1.817361
TRAIN Iter 145: loss = 0.004622,	Top-1 err = 40.200000,	Top-5 err = 21.900000,	train_time = 1.795156
TRAIN Iter 146: loss = 0.004273,	Top-1 err = 30.100000,	Top-5 err = 12.100000,	train_time = 1.834262
TRAIN Iter 147: loss = 0.004583,	Top-1 err = 40.900000,	Top-5 err = 17.500000,	train_time = 1.825711
TRAIN Iter 148: loss = 0.004444,	Top-1 err = 51.600000,	Top-5 err = 35.500000,	train_time = 1.804469
TRAIN Iter 149: loss = 0.004594,	Top-1 err = 44.000000,	Top-5 err = 25.100000,	train_time = 1.808579
TRAIN Iter 150: loss = 0.004507,	Top-1 err = 41.900000,	Top-5 err = 25.300000,	train_time = 1.792324
TRAIN Iter 151: loss = 0.004513,	Top-1 err = 41.400000,	Top-5 err = 21.500000,	train_time = 1.808181
TRAIN Iter 152: loss = 0.004483,	Top-1 err = 37.100000,	Top-5 err = 17.700000,	train_time = 1.814667
TRAIN Iter 153: loss = 0.004466,	Top-1 err = 37.800000,	Top-5 err = 20.700000,	train_time = 1.801976
TRAIN Iter 154: loss = 0.004406,	Top-1 err = 47.900000,	Top-5 err = 30.500000,	train_time = 1.808281
TRAIN Iter 155: loss = 0.004486,	Top-1 err = 26.600000,	Top-5 err = 11.900000,	train_time = 1.820397
TRAIN Iter 156: loss = 0.004253,	Top-1 err = 42.300000,	Top-5 err = 26.500000,	train_time = 1.797493
TRAIN Iter 157: loss = 0.004356,	Top-1 err = 43.200000,	Top-5 err = 24.600000,	train_time = 1.818346
TRAIN Iter 158: loss = 0.004355,	Top-1 err = 32.100000,	Top-5 err = 16.700000,	train_time = 1.815122
TRAIN Iter 159: loss = 0.004204,	Top-1 err = 23.300000,	Top-5 err = 8.700000,	train_time = 1.815151
TRAIN Iter 160: loss = 0.004221,	Top-1 err = 43.400000,	Top-5 err = 24.900000,	train_time = 1.822075
TRAIN Iter 161: loss = 0.004660,	Top-1 err = 60.700000,	Top-5 err = 37.400000,	train_time = 1.796612
TRAIN Iter 162: loss = 0.004286,	Top-1 err = 38.100000,	Top-5 err = 23.600000,	train_time = 1.797781
TRAIN Iter 163: loss = 0.004260,	Top-1 err = 31.500000,	Top-5 err = 13.600000,	train_time = 1.823663
TRAIN Iter 164: loss = 0.004160,	Top-1 err = 43.600000,	Top-5 err = 29.900000,	train_time = 1.821353
TRAIN Iter 165: loss = 0.004068,	Top-1 err = 26.500000,	Top-5 err = 11.600000,	train_time = 1.821661
TRAIN Iter 166: loss = 0.004020,	Top-1 err = 29.500000,	Top-5 err = 12.700000,	train_time = 1.834272
TRAIN Iter 167: loss = 0.004322,	Top-1 err = 36.500000,	Top-5 err = 19.800000,	train_time = 1.802769
TRAIN Iter 168: loss = 0.004081,	Top-1 err = 23.900000,	Top-5 err = 11.300000,	train_time = 1.819643
TRAIN Iter 169: loss = 0.004374,	Top-1 err = 48.100000,	Top-5 err = 27.200000,	train_time = 1.805367
TRAIN Iter 170: loss = 0.004286,	Top-1 err = 53.300000,	Top-5 err = 31.400000,	train_time = 1.808468
TRAIN Iter 171: loss = 0.004367,	Top-1 err = 56.400000,	Top-5 err = 37.900000,	train_time = 1.811949
TRAIN Iter 172: loss = 0.004210,	Top-1 err = 52.200000,	Top-5 err = 40.300000,	train_time = 1.814966
TRAIN Iter 173: loss = 0.004312,	Top-1 err = 53.900000,	Top-5 err = 34.300000,	train_time = 1.823642
TRAIN Iter 174: loss = 0.004404,	Top-1 err = 42.500000,	Top-5 err = 26.300000,	train_time = 1.821311
TRAIN Iter 175: loss = 0.004130,	Top-1 err = 43.300000,	Top-5 err = 25.200000,	train_time = 1.810547
TRAIN Iter 176: loss = 0.004204,	Top-1 err = 36.100000,	Top-5 err = 20.100000,	train_time = 1.824797
TRAIN Iter 177: loss = 0.004578,	Top-1 err = 45.500000,	Top-5 err = 22.800000,	train_time = 1.810415
TRAIN Iter 178: loss = 0.004261,	Top-1 err = 35.900000,	Top-5 err = 18.300000,	train_time = 1.811651
TRAIN Iter 179: loss = 0.004197,	Top-1 err = 49.700000,	Top-5 err = 31.300000,	train_time = 1.815705
TRAIN Iter 180: loss = 0.003894,	Top-1 err = 27.000000,	Top-5 err = 12.900000,	train_time = 1.805240
TRAIN Iter 181: loss = 0.004172,	Top-1 err = 57.500000,	Top-5 err = 37.200000,	train_time = 1.806851
TRAIN Iter 182: loss = 0.004093,	Top-1 err = 40.900000,	Top-5 err = 24.200000,	train_time = 1.803715
TRAIN Iter 183: loss = 0.004098,	Top-1 err = 31.700000,	Top-5 err = 16.600000,	train_time = 1.813934
TRAIN Iter 184: loss = 0.004061,	Top-1 err = 42.300000,	Top-5 err = 26.700000,	train_time = 1.831508
TRAIN Iter 185: loss = 0.004135,	Top-1 err = 43.600000,	Top-5 err = 26.000000,	train_time = 1.809780
TRAIN Iter 186: loss = 0.004241,	Top-1 err = 58.200000,	Top-5 err = 36.900000,	train_time = 1.820281
TRAIN Iter 187: loss = 0.004214,	Top-1 err = 27.300000,	Top-5 err = 12.600000,	train_time = 1.823780
TRAIN Iter 188: loss = 0.004136,	Top-1 err = 41.700000,	Top-5 err = 22.100000,	train_time = 1.820335
TRAIN Iter 189: loss = 0.004008,	Top-1 err = 35.400000,	Top-5 err = 18.800000,	train_time = 1.820263
TRAIN Iter 190: loss = 0.003958,	Top-1 err = 46.600000,	Top-5 err = 26.800000,	train_time = 1.809946
TRAIN Iter 191: loss = 0.004082,	Top-1 err = 45.400000,	Top-5 err = 27.800000,	train_time = 1.817698
TRAIN Iter 192: loss = 0.004196,	Top-1 err = 57.900000,	Top-5 err = 41.600000,	train_time = 1.792048
TRAIN Iter 193: loss = 0.003931,	Top-1 err = 31.100000,	Top-5 err = 14.700000,	train_time = 1.820521
TRAIN Iter 194: loss = 0.003939,	Top-1 err = 34.700000,	Top-5 err = 22.000000,	train_time = 1.813441
TRAIN Iter 195: loss = 0.004360,	Top-1 err = 78.900000,	Top-5 err = 58.300000,	train_time = 1.826584
TRAIN Iter 196: loss = 0.003854,	Top-1 err = 43.600000,	Top-5 err = 28.300000,	train_time = 1.813177
TRAIN Iter 197: loss = 0.004264,	Top-1 err = 56.800000,	Top-5 err = 35.300000,	train_time = 1.812268
TRAIN Iter 198: loss = 0.004120,	Top-1 err = 48.800000,	Top-5 err = 31.900000,	train_time = 1.829867
TRAIN Iter 199: loss = 0.004129,	Top-1 err = 48.400000,	Top-5 err = 22.400000,	train_time = 1.809106
TRAIN Iter 200: loss = 0.003910,	Top-1 err = 63.100000,	Top-5 err = 45.000000,	train_time = 1.841284
TRAIN Iter 201: loss = 0.003916,	Top-1 err = 32.400000,	Top-5 err = 17.400000,	train_time = 1.812445
TRAIN Iter 202: loss = 0.004125,	Top-1 err = 35.900000,	Top-5 err = 16.800000,	train_time = 1.802381
TRAIN Iter 203: loss = 0.003910,	Top-1 err = 34.200000,	Top-5 err = 17.300000,	train_time = 1.803347
TRAIN Iter 204: loss = 0.003986,	Top-1 err = 36.500000,	Top-5 err = 16.900000,	train_time = 1.833455
TRAIN Iter 205: loss = 0.003925,	Top-1 err = 51.300000,	Top-5 err = 32.900000,	train_time = 1.826755
TRAIN Iter 206: loss = 0.003574,	Top-1 err = 21.400000,	Top-5 err = 8.800000,	train_time = 1.824194
TRAIN Iter 207: loss = 0.004286,	Top-1 err = 60.100000,	Top-5 err = 39.700000,	train_time = 1.814953
TRAIN Iter 208: loss = 0.004129,	Top-1 err = 55.500000,	Top-5 err = 36.500000,	train_time = 1.825147
TRAIN Iter 209: loss = 0.003823,	Top-1 err = 53.800000,	Top-5 err = 41.100000,	train_time = 1.831423
TRAIN Iter 210: loss = 0.003873,	Top-1 err = 40.600000,	Top-5 err = 23.800000,	train_time = 1.813110
TRAIN Iter 211: loss = 0.003769,	Top-1 err = 37.700000,	Top-5 err = 21.100000,	train_time = 1.788396
TRAIN Iter 212: loss = 0.003862,	Top-1 err = 30.900000,	Top-5 err = 12.300000,	train_time = 1.804247
TRAIN Iter 213: loss = 0.003941,	Top-1 err = 47.800000,	Top-5 err = 33.600000,	train_time = 1.810269
TRAIN Iter 214: loss = 0.003907,	Top-1 err = 32.000000,	Top-5 err = 13.900000,	train_time = 1.805761
TRAIN Iter 215: loss = 0.003627,	Top-1 err = 38.400000,	Top-5 err = 25.600000,	train_time = 1.810800
TRAIN Iter 216: loss = 0.003703,	Top-1 err = 42.400000,	Top-5 err = 27.400000,	train_time = 1.822742
TRAIN Iter 217: loss = 0.003846,	Top-1 err = 35.100000,	Top-5 err = 20.300000,	train_time = 1.811744
TRAIN Iter 218: loss = 0.003431,	Top-1 err = 33.500000,	Top-5 err = 23.100000,	train_time = 1.827755
TRAIN Iter 219: loss = 0.003681,	Top-1 err = 28.900000,	Top-5 err = 15.300000,	train_time = 1.804118
TRAIN Iter 220: loss = 0.003785,	Top-1 err = 29.000000,	Top-5 err = 13.000000,	train_time = 1.825988
TRAIN Iter 221: loss = 0.003757,	Top-1 err = 25.300000,	Top-5 err = 13.500000,	train_time = 1.834351
TRAIN Iter 222: loss = 0.003630,	Top-1 err = 27.200000,	Top-5 err = 12.400000,	train_time = 1.801150
TRAIN Iter 223: loss = 0.003840,	Top-1 err = 32.900000,	Top-5 err = 15.300000,	train_time = 1.792336
TRAIN Iter 224: loss = 0.004010,	Top-1 err = 64.900000,	Top-5 err = 43.900000,	train_time = 1.822944
TRAIN Iter 225: loss = 0.003667,	Top-1 err = 28.500000,	Top-5 err = 13.700000,	train_time = 1.828347
TRAIN Iter 226: loss = 0.003924,	Top-1 err = 48.400000,	Top-5 err = 26.800000,	train_time = 1.804457
TRAIN Iter 227: loss = 0.003714,	Top-1 err = 35.200000,	Top-5 err = 17.700000,	train_time = 1.824165
TRAIN Iter 228: loss = 0.003897,	Top-1 err = 46.200000,	Top-5 err = 28.100000,	train_time = 1.830853
TRAIN Iter 229: loss = 0.003538,	Top-1 err = 35.300000,	Top-5 err = 21.900000,	train_time = 1.824850
TRAIN Iter 230: loss = 0.003524,	Top-1 err = 21.500000,	Top-5 err = 7.600000,	train_time = 1.814212
TRAIN Iter 231: loss = 0.003548,	Top-1 err = 30.300000,	Top-5 err = 14.600000,	train_time = 1.811141
TRAIN Iter 232: loss = 0.003796,	Top-1 err = 53.000000,	Top-5 err = 36.000000,	train_time = 1.807184
TRAIN Iter 233: loss = 0.003634,	Top-1 err = 54.500000,	Top-5 err = 37.800000,	train_time = 1.813743
TRAIN Iter 234: loss = 0.003113,	Top-1 err = 15.100000,	Top-5 err = 8.100000,	train_time = 1.824377
TRAIN Iter 235: loss = 0.003679,	Top-1 err = 40.400000,	Top-5 err = 19.700000,	train_time = 1.816122
TRAIN Iter 236: loss = 0.003728,	Top-1 err = 44.600000,	Top-5 err = 29.800000,	train_time = 1.837901
TRAIN Iter 237: loss = 0.003419,	Top-1 err = 35.800000,	Top-5 err = 21.000000,	train_time = 1.825364
TRAIN Iter 238: loss = 0.003568,	Top-1 err = 27.300000,	Top-5 err = 11.900000,	train_time = 1.821213
TRAIN Iter 239: loss = 0.003709,	Top-1 err = 36.000000,	Top-5 err = 18.100000,	train_time = 1.818129
TRAIN Iter 240: loss = 0.003680,	Top-1 err = 37.600000,	Top-5 err = 17.900000,	train_time = 1.799308
TRAIN Iter 241: loss = 0.003545,	Top-1 err = 35.300000,	Top-5 err = 20.600000,	train_time = 1.802793
TRAIN Iter 242: loss = 0.003655,	Top-1 err = 44.000000,	Top-5 err = 27.000000,	train_time = 1.812174
TRAIN Iter 243: loss = 0.003373,	Top-1 err = 20.600000,	Top-5 err = 10.300000,	train_time = 1.818136
TRAIN Iter 244: loss = 0.003521,	Top-1 err = 47.600000,	Top-5 err = 29.500000,	train_time = 1.820084
TRAIN Iter 245: loss = 0.003421,	Top-1 err = 31.500000,	Top-5 err = 16.300000,	train_time = 1.804664
TRAIN Iter 246: loss = 0.003324,	Top-1 err = 32.600000,	Top-5 err = 19.200000,	train_time = 1.833735
TRAIN Iter 247: loss = 0.003554,	Top-1 err = 31.400000,	Top-5 err = 15.700000,	train_time = 1.816225
TRAIN Iter 248: loss = 0.003655,	Top-1 err = 45.700000,	Top-5 err = 27.300000,	train_time = 1.814820
TRAIN Iter 249: loss = 0.003542,	Top-1 err = 39.900000,	Top-5 err = 21.700000,	train_time = 1.812385
TEST:
Iter 249: loss = 2.100059,	Top-1 err = 50.660000,	Top-5 err = 20.590000,	val_time = 3.388282
TRAIN Iter 250: loss = 0.003466,	Top-1 err = 42.600000,	Top-5 err = 30.000000,	train_time = 1.813627
TRAIN Iter 251: loss = 0.003402,	Top-1 err = 28.800000,	Top-5 err = 11.700000,	train_time = 1.822424
TRAIN Iter 252: loss = 0.003650,	Top-1 err = 49.000000,	Top-5 err = 27.500000,	train_time = 1.805942
TRAIN Iter 253: loss = 0.003406,	Top-1 err = 43.300000,	Top-5 err = 28.200000,	train_time = 1.804290
TRAIN Iter 254: loss = 0.003678,	Top-1 err = 40.200000,	Top-5 err = 21.800000,	train_time = 1.795745
TRAIN Iter 255: loss = 0.003716,	Top-1 err = 48.500000,	Top-5 err = 27.100000,	train_time = 1.798145
TRAIN Iter 256: loss = 0.003526,	Top-1 err = 46.500000,	Top-5 err = 31.600000,	train_time = 1.801558
TRAIN Iter 257: loss = 0.003679,	Top-1 err = 35.900000,	Top-5 err = 15.100000,	train_time = 1.810548
TRAIN Iter 258: loss = 0.003654,	Top-1 err = 52.100000,	Top-5 err = 31.100000,	train_time = 1.820368
TRAIN Iter 259: loss = 0.003220,	Top-1 err = 37.000000,	Top-5 err = 27.200000,	train_time = 1.826912
TEST:
Iter 259: loss = 2.052863,	Top-1 err = 49.600000,	Top-5 err = 20.040000,	val_time = 3.385304
TRAIN Iter 260: loss = 0.003442,	Top-1 err = 37.900000,	Top-5 err = 21.100000,	train_time = 1.826746
TRAIN Iter 261: loss = 0.003562,	Top-1 err = 66.300000,	Top-5 err = 48.700000,	train_time = 1.831255
TRAIN Iter 262: loss = 0.003304,	Top-1 err = 27.600000,	Top-5 err = 15.400000,	train_time = 1.819574
TRAIN Iter 263: loss = 0.003346,	Top-1 err = 29.800000,	Top-5 err = 15.500000,	train_time = 1.815586
TRAIN Iter 264: loss = 0.003366,	Top-1 err = 52.400000,	Top-5 err = 34.300000,	train_time = 1.820140
TRAIN Iter 265: loss = 0.003340,	Top-1 err = 43.700000,	Top-5 err = 30.400000,	train_time = 1.822610
TRAIN Iter 266: loss = 0.003458,	Top-1 err = 33.400000,	Top-5 err = 16.600000,	train_time = 1.797960
TRAIN Iter 267: loss = 0.003532,	Top-1 err = 29.000000,	Top-5 err = 11.200000,	train_time = 1.826191
TRAIN Iter 268: loss = 0.003506,	Top-1 err = 55.200000,	Top-5 err = 38.100000,	train_time = 1.817525
TRAIN Iter 269: loss = 0.003625,	Top-1 err = 65.300000,	Top-5 err = 45.000000,	train_time = 1.827333
TEST:
Iter 269: loss = 2.050498,	Top-1 err = 49.410000,	Top-5 err = 19.410000,	val_time = 3.401822
TRAIN Iter 270: loss = 0.003299,	Top-1 err = 31.200000,	Top-5 err = 16.500000,	train_time = 1.816353
TRAIN Iter 271: loss = 0.003048,	Top-1 err = 18.100000,	Top-5 err = 5.700000,	train_time = 1.818126
TRAIN Iter 272: loss = 0.003386,	Top-1 err = 56.700000,	Top-5 err = 32.600000,	train_time = 1.824104
TRAIN Iter 273: loss = 0.003472,	Top-1 err = 43.100000,	Top-5 err = 24.200000,	train_time = 1.790656
TRAIN Iter 274: loss = 0.003564,	Top-1 err = 47.300000,	Top-5 err = 26.100000,	train_time = 1.807478
TRAIN Iter 275: loss = 0.003534,	Top-1 err = 45.400000,	Top-5 err = 25.800000,	train_time = 1.799201
TRAIN Iter 276: loss = 0.003385,	Top-1 err = 49.400000,	Top-5 err = 36.900000,	train_time = 1.825580
TRAIN Iter 277: loss = 0.003321,	Top-1 err = 35.100000,	Top-5 err = 18.000000,	train_time = 1.821889
TRAIN Iter 278: loss = 0.003292,	Top-1 err = 40.600000,	Top-5 err = 27.600000,	train_time = 1.816715
TRAIN Iter 279: loss = 0.003514,	Top-1 err = 55.900000,	Top-5 err = 37.500000,	train_time = 1.827281
TEST:
Iter 279: loss = 1.984215,	Top-1 err = 48.630000,	Top-5 err = 18.860000,	val_time = 3.378415
TRAIN Iter 280: loss = 0.003218,	Top-1 err = 24.700000,	Top-5 err = 13.400000,	train_time = 1.812032
TRAIN Iter 281: loss = 0.003114,	Top-1 err = 27.200000,	Top-5 err = 16.700000,	train_time = 1.818229
TRAIN Iter 282: loss = 0.003194,	Top-1 err = 32.600000,	Top-5 err = 18.900000,	train_time = 1.829089
TRAIN Iter 283: loss = 0.003264,	Top-1 err = 23.300000,	Top-5 err = 7.900000,	train_time = 1.814130
TRAIN Iter 284: loss = 0.003312,	Top-1 err = 46.900000,	Top-5 err = 29.600000,	train_time = 1.811635
TRAIN Iter 285: loss = 0.003364,	Top-1 err = 32.500000,	Top-5 err = 15.000000,	train_time = 1.800528
TRAIN Iter 286: loss = 0.003254,	Top-1 err = 48.700000,	Top-5 err = 34.100000,	train_time = 1.830946
TRAIN Iter 287: loss = 0.003117,	Top-1 err = 33.100000,	Top-5 err = 14.200000,	train_time = 1.816351
TRAIN Iter 288: loss = 0.003334,	Top-1 err = 43.200000,	Top-5 err = 28.700000,	train_time = 1.806122
TRAIN Iter 289: loss = 0.003368,	Top-1 err = 44.100000,	Top-5 err = 27.700000,	train_time = 1.822507
TEST:
Iter 289: loss = 1.962428,	Top-1 err = 47.990000,	Top-5 err = 18.610000,	val_time = 3.375599
TRAIN Iter 290: loss = 0.003621,	Top-1 err = 42.900000,	Top-5 err = 22.600000,	train_time = 1.816739
TRAIN Iter 291: loss = 0.003452,	Top-1 err = 36.600000,	Top-5 err = 22.200000,	train_time = 1.805509
TRAIN Iter 292: loss = 0.003285,	Top-1 err = 33.500000,	Top-5 err = 17.900000,	train_time = 1.820510
TRAIN Iter 293: loss = 0.003462,	Top-1 err = 47.400000,	Top-5 err = 25.900000,	train_time = 1.817866
TRAIN Iter 294: loss = 0.003427,	Top-1 err = 40.900000,	Top-5 err = 22.700000,	train_time = 1.831861
TRAIN Iter 295: loss = 0.003465,	Top-1 err = 65.300000,	Top-5 err = 47.600000,	train_time = 1.818130
TRAIN Iter 296: loss = 0.003313,	Top-1 err = 36.400000,	Top-5 err = 19.900000,	train_time = 1.813423
TRAIN Iter 297: loss = 0.003362,	Top-1 err = 35.300000,	Top-5 err = 19.000000,	train_time = 1.803931
TRAIN Iter 298: loss = 0.003173,	Top-1 err = 33.800000,	Top-5 err = 19.700000,	train_time = 1.818621
TRAIN Iter 299: loss = 0.003318,	Top-1 err = 39.700000,	Top-5 err = 20.800000,	train_time = 1.817118
TEST:
Iter 299: loss = 1.947106,	Top-1 err = 47.700000,	Top-5 err = 18.840000,	val_time = 3.378392
Train Finish! Best accuracy is 52.3@299
