/home/dvspanos/miniconda3/envs/rded/lib/python3.10/site-packages/torch/cuda/__init__.py:611: UserWarning: Can't initialize NVML
  warnings.warn("Can't initialize NVML")
=> using pytorch pre-trained teacher model 'conv3'
process data from /home/dvspanos/nikos/ca2d/artifacts/rded_sets/bench_cifar100_conv_el2nw90_ipc10
load data successfully
TRAIN Iter 0: loss = 0.022984,	Top-1 err = 97.500000,	Top-5 err = 88.200000,	train_time = 1.163870
TRAIN Iter 1: loss = 0.019927,	Top-1 err = 93.700000,	Top-5 err = 79.400000,	train_time = 0.399969
TRAIN Iter 2: loss = 0.019236,	Top-1 err = 90.600000,	Top-5 err = 70.900000,	train_time = 0.401174
TRAIN Iter 3: loss = 0.017730,	Top-1 err = 89.300000,	Top-5 err = 69.900000,	train_time = 0.407910
TRAIN Iter 4: loss = 0.017284,	Top-1 err = 86.600000,	Top-5 err = 64.200000,	train_time = 0.384190
TRAIN Iter 5: loss = 0.016692,	Top-1 err = 84.400000,	Top-5 err = 59.900000,	train_time = 0.408558
TRAIN Iter 6: loss = 0.015635,	Top-1 err = 81.300000,	Top-5 err = 55.800000,	train_time = 0.412508
TRAIN Iter 7: loss = 0.015461,	Top-1 err = 81.300000,	Top-5 err = 57.500000,	train_time = 0.390531
TRAIN Iter 8: loss = 0.014794,	Top-1 err = 82.300000,	Top-5 err = 59.200000,	train_time = 0.390403
TRAIN Iter 9: loss = 0.013703,	Top-1 err = 80.900000,	Top-5 err = 56.400000,	train_time = 0.379569
TRAIN Iter 10: loss = 0.013693,	Top-1 err = 75.900000,	Top-5 err = 49.800000,	train_time = 0.398259
TRAIN Iter 11: loss = 0.013697,	Top-1 err = 77.500000,	Top-5 err = 53.200000,	train_time = 0.394981
TRAIN Iter 12: loss = 0.012847,	Top-1 err = 74.700000,	Top-5 err = 48.100000,	train_time = 0.401000
TRAIN Iter 13: loss = 0.012417,	Top-1 err = 75.800000,	Top-5 err = 48.900000,	train_time = 0.403994
TRAIN Iter 14: loss = 0.011880,	Top-1 err = 74.500000,	Top-5 err = 49.500000,	train_time = 0.400381
TRAIN Iter 15: loss = 0.011417,	Top-1 err = 69.700000,	Top-5 err = 43.200000,	train_time = 0.340214
TRAIN Iter 16: loss = 0.011020,	Top-1 err = 71.600000,	Top-5 err = 47.800000,	train_time = 0.411761
TRAIN Iter 17: loss = 0.010785,	Top-1 err = 69.300000,	Top-5 err = 45.100000,	train_time = 0.394168
TRAIN Iter 18: loss = 0.010287,	Top-1 err = 68.200000,	Top-5 err = 43.400000,	train_time = 0.381629
TRAIN Iter 19: loss = 0.010465,	Top-1 err = 67.000000,	Top-5 err = 40.600000,	train_time = 0.385573
TRAIN Iter 20: loss = 0.010195,	Top-1 err = 64.700000,	Top-5 err = 38.700000,	train_time = 0.391713
TRAIN Iter 21: loss = 0.009896,	Top-1 err = 62.100000,	Top-5 err = 37.100000,	train_time = 0.376189
TRAIN Iter 22: loss = 0.009441,	Top-1 err = 65.000000,	Top-5 err = 39.800000,	train_time = 0.387753
TRAIN Iter 23: loss = 0.009633,	Top-1 err = 61.900000,	Top-5 err = 38.400000,	train_time = 0.384762
TRAIN Iter 24: loss = 0.009211,	Top-1 err = 63.100000,	Top-5 err = 40.400000,	train_time = 0.410122
TRAIN Iter 25: loss = 0.009441,	Top-1 err = 54.600000,	Top-5 err = 30.300000,	train_time = 0.412340
TRAIN Iter 26: loss = 0.009386,	Top-1 err = 67.200000,	Top-5 err = 44.500000,	train_time = 0.371375
TRAIN Iter 27: loss = 0.008962,	Top-1 err = 67.400000,	Top-5 err = 43.000000,	train_time = 0.411631
TRAIN Iter 28: loss = 0.008578,	Top-1 err = 59.400000,	Top-5 err = 35.200000,	train_time = 0.403611
TRAIN Iter 29: loss = 0.008401,	Top-1 err = 58.900000,	Top-5 err = 35.500000,	train_time = 0.389768
TRAIN Iter 30: loss = 0.008424,	Top-1 err = 62.200000,	Top-5 err = 39.300000,	train_time = 0.410345
TRAIN Iter 31: loss = 0.008438,	Top-1 err = 59.100000,	Top-5 err = 36.100000,	train_time = 0.393751
TRAIN Iter 32: loss = 0.008050,	Top-1 err = 57.700000,	Top-5 err = 34.800000,	train_time = 0.380468
TRAIN Iter 33: loss = 0.008383,	Top-1 err = 62.000000,	Top-5 err = 38.700000,	train_time = 0.366473
TRAIN Iter 34: loss = 0.007775,	Top-1 err = 59.600000,	Top-5 err = 34.200000,	train_time = 0.391959
TRAIN Iter 35: loss = 0.007892,	Top-1 err = 61.000000,	Top-5 err = 37.400000,	train_time = 0.381246
TRAIN Iter 36: loss = 0.007786,	Top-1 err = 66.300000,	Top-5 err = 40.700000,	train_time = 0.388700
TRAIN Iter 37: loss = 0.007485,	Top-1 err = 50.900000,	Top-5 err = 26.200000,	train_time = 0.364100
TRAIN Iter 38: loss = 0.007695,	Top-1 err = 53.500000,	Top-5 err = 29.200000,	train_time = 0.387833
TRAIN Iter 39: loss = 0.007843,	Top-1 err = 53.500000,	Top-5 err = 30.200000,	train_time = 0.387813
TRAIN Iter 40: loss = 0.007264,	Top-1 err = 55.500000,	Top-5 err = 30.300000,	train_time = 0.369708
TRAIN Iter 41: loss = 0.007488,	Top-1 err = 52.900000,	Top-5 err = 29.700000,	train_time = 0.423926
TRAIN Iter 42: loss = 0.007140,	Top-1 err = 53.600000,	Top-5 err = 27.600000,	train_time = 0.367864
TRAIN Iter 43: loss = 0.007138,	Top-1 err = 52.800000,	Top-5 err = 30.400000,	train_time = 0.384468
TRAIN Iter 44: loss = 0.007174,	Top-1 err = 53.400000,	Top-5 err = 31.400000,	train_time = 0.408084
TRAIN Iter 45: loss = 0.006919,	Top-1 err = 56.500000,	Top-5 err = 31.700000,	train_time = 0.414224
TRAIN Iter 46: loss = 0.007090,	Top-1 err = 54.300000,	Top-5 err = 30.400000,	train_time = 0.402540
TRAIN Iter 47: loss = 0.006798,	Top-1 err = 59.600000,	Top-5 err = 34.800000,	train_time = 0.402507
TRAIN Iter 48: loss = 0.006909,	Top-1 err = 53.900000,	Top-5 err = 31.900000,	train_time = 0.394023
TRAIN Iter 49: loss = 0.006633,	Top-1 err = 53.800000,	Top-5 err = 31.400000,	train_time = 0.355613
TRAIN Iter 50: loss = 0.006672,	Top-1 err = 44.200000,	Top-5 err = 25.800000,	train_time = 0.380477
TRAIN Iter 51: loss = 0.007017,	Top-1 err = 57.300000,	Top-5 err = 35.100000,	train_time = 0.383447
TRAIN Iter 52: loss = 0.006430,	Top-1 err = 59.900000,	Top-5 err = 35.700000,	train_time = 0.379437
TRAIN Iter 53: loss = 0.006390,	Top-1 err = 57.500000,	Top-5 err = 33.400000,	train_time = 0.401795
TRAIN Iter 54: loss = 0.006213,	Top-1 err = 51.100000,	Top-5 err = 29.200000,	train_time = 0.487510
TRAIN Iter 55: loss = 0.006058,	Top-1 err = 45.400000,	Top-5 err = 24.400000,	train_time = 0.383454
TRAIN Iter 56: loss = 0.006108,	Top-1 err = 44.200000,	Top-5 err = 25.800000,	train_time = 0.389474
TRAIN Iter 57: loss = 0.006110,	Top-1 err = 55.300000,	Top-5 err = 34.800000,	train_time = 0.381725
TRAIN Iter 58: loss = 0.006154,	Top-1 err = 53.700000,	Top-5 err = 29.600000,	train_time = 0.402297
TRAIN Iter 59: loss = 0.006277,	Top-1 err = 54.700000,	Top-5 err = 33.200000,	train_time = 0.404649
TRAIN Iter 60: loss = 0.006371,	Top-1 err = 55.000000,	Top-5 err = 34.000000,	train_time = 0.382741
TRAIN Iter 61: loss = 0.005904,	Top-1 err = 44.900000,	Top-5 err = 25.000000,	train_time = 0.400304
TRAIN Iter 62: loss = 0.006136,	Top-1 err = 48.600000,	Top-5 err = 26.800000,	train_time = 0.414986
TRAIN Iter 63: loss = 0.005931,	Top-1 err = 51.500000,	Top-5 err = 27.100000,	train_time = 0.402008
TRAIN Iter 64: loss = 0.005915,	Top-1 err = 57.000000,	Top-5 err = 33.600000,	train_time = 0.391979
TRAIN Iter 65: loss = 0.005812,	Top-1 err = 49.600000,	Top-5 err = 27.500000,	train_time = 0.387623
TRAIN Iter 66: loss = 0.005608,	Top-1 err = 51.200000,	Top-5 err = 26.300000,	train_time = 0.402227
TRAIN Iter 67: loss = 0.005794,	Top-1 err = 59.400000,	Top-5 err = 37.000000,	train_time = 0.379458
TRAIN Iter 68: loss = 0.005655,	Top-1 err = 53.600000,	Top-5 err = 31.100000,	train_time = 0.411572
TRAIN Iter 69: loss = 0.005759,	Top-1 err = 52.000000,	Top-5 err = 31.200000,	train_time = 0.414752
TRAIN Iter 70: loss = 0.005622,	Top-1 err = 52.000000,	Top-5 err = 30.800000,	train_time = 0.391172
TRAIN Iter 71: loss = 0.005570,	Top-1 err = 46.900000,	Top-5 err = 28.200000,	train_time = 0.374090
TRAIN Iter 72: loss = 0.005514,	Top-1 err = 50.000000,	Top-5 err = 31.100000,	train_time = 0.388989
TRAIN Iter 73: loss = 0.005530,	Top-1 err = 47.700000,	Top-5 err = 26.600000,	train_time = 0.379206
TRAIN Iter 74: loss = 0.005779,	Top-1 err = 56.800000,	Top-5 err = 33.500000,	train_time = 0.398284
TRAIN Iter 75: loss = 0.005632,	Top-1 err = 52.300000,	Top-5 err = 31.100000,	train_time = 0.393050
TRAIN Iter 76: loss = 0.005462,	Top-1 err = 53.500000,	Top-5 err = 32.700000,	train_time = 0.381386
TRAIN Iter 77: loss = 0.005648,	Top-1 err = 56.500000,	Top-5 err = 33.300000,	train_time = 0.376596
TRAIN Iter 78: loss = 0.005735,	Top-1 err = 50.800000,	Top-5 err = 26.900000,	train_time = 0.401247
TRAIN Iter 79: loss = 0.005803,	Top-1 err = 53.300000,	Top-5 err = 33.800000,	train_time = 0.345819
TRAIN Iter 80: loss = 0.005422,	Top-1 err = 51.100000,	Top-5 err = 28.400000,	train_time = 0.394458
TRAIN Iter 81: loss = 0.005583,	Top-1 err = 53.800000,	Top-5 err = 34.300000,	train_time = 0.375870
TRAIN Iter 82: loss = 0.005364,	Top-1 err = 53.200000,	Top-5 err = 31.500000,	train_time = 0.391187
TRAIN Iter 83: loss = 0.005422,	Top-1 err = 49.000000,	Top-5 err = 26.900000,	train_time = 0.395453
TRAIN Iter 84: loss = 0.005367,	Top-1 err = 57.000000,	Top-5 err = 33.400000,	train_time = 0.402112
TRAIN Iter 85: loss = 0.005271,	Top-1 err = 47.900000,	Top-5 err = 26.800000,	train_time = 0.354350
TRAIN Iter 86: loss = 0.005132,	Top-1 err = 47.800000,	Top-5 err = 28.400000,	train_time = 0.419316
TRAIN Iter 87: loss = 0.005112,	Top-1 err = 47.300000,	Top-5 err = 27.300000,	train_time = 0.332624
TRAIN Iter 88: loss = 0.005217,	Top-1 err = 52.900000,	Top-5 err = 32.800000,	train_time = 0.387828
TRAIN Iter 89: loss = 0.005179,	Top-1 err = 50.500000,	Top-5 err = 29.700000,	train_time = 0.413013
TRAIN Iter 90: loss = 0.005048,	Top-1 err = 46.000000,	Top-5 err = 27.000000,	train_time = 0.401114
TRAIN Iter 91: loss = 0.005136,	Top-1 err = 48.300000,	Top-5 err = 27.700000,	train_time = 0.409371
TRAIN Iter 92: loss = 0.005412,	Top-1 err = 48.900000,	Top-5 err = 28.700000,	train_time = 0.387516
TRAIN Iter 93: loss = 0.005137,	Top-1 err = 52.000000,	Top-5 err = 30.100000,	train_time = 0.379669
TRAIN Iter 94: loss = 0.005216,	Top-1 err = 53.100000,	Top-5 err = 30.700000,	train_time = 0.391382
TRAIN Iter 95: loss = 0.004864,	Top-1 err = 49.400000,	Top-5 err = 27.600000,	train_time = 0.405014
TRAIN Iter 96: loss = 0.005111,	Top-1 err = 52.100000,	Top-5 err = 31.200000,	train_time = 0.360946
TRAIN Iter 97: loss = 0.004971,	Top-1 err = 54.400000,	Top-5 err = 34.600000,	train_time = 0.348030
TRAIN Iter 98: loss = 0.005069,	Top-1 err = 57.500000,	Top-5 err = 34.700000,	train_time = 0.403568
TRAIN Iter 99: loss = 0.004778,	Top-1 err = 46.000000,	Top-5 err = 25.000000,	train_time = 0.399335
TRAIN Iter 100: loss = 0.004880,	Top-1 err = 54.000000,	Top-5 err = 33.700000,	train_time = 0.400809
TRAIN Iter 101: loss = 0.004712,	Top-1 err = 46.800000,	Top-5 err = 27.600000,	train_time = 0.412535
TRAIN Iter 102: loss = 0.004983,	Top-1 err = 52.700000,	Top-5 err = 31.400000,	train_time = 0.419120
TRAIN Iter 103: loss = 0.004964,	Top-1 err = 51.300000,	Top-5 err = 30.600000,	train_time = 0.390348
TRAIN Iter 104: loss = 0.005368,	Top-1 err = 57.100000,	Top-5 err = 34.400000,	train_time = 0.381470
TRAIN Iter 105: loss = 0.004855,	Top-1 err = 51.600000,	Top-5 err = 30.500000,	train_time = 0.370849
TRAIN Iter 106: loss = 0.004816,	Top-1 err = 52.200000,	Top-5 err = 30.400000,	train_time = 0.385388
TRAIN Iter 107: loss = 0.004791,	Top-1 err = 45.300000,	Top-5 err = 24.900000,	train_time = 0.384831
TRAIN Iter 108: loss = 0.004861,	Top-1 err = 46.600000,	Top-5 err = 25.600000,	train_time = 0.386753
TRAIN Iter 109: loss = 0.004787,	Top-1 err = 51.000000,	Top-5 err = 30.700000,	train_time = 0.415807
TRAIN Iter 110: loss = 0.004686,	Top-1 err = 46.000000,	Top-5 err = 25.300000,	train_time = 0.393351
TRAIN Iter 111: loss = 0.004809,	Top-1 err = 48.200000,	Top-5 err = 28.100000,	train_time = 0.403602
TRAIN Iter 112: loss = 0.004598,	Top-1 err = 45.400000,	Top-5 err = 24.100000,	train_time = 0.404204
TRAIN Iter 113: loss = 0.004624,	Top-1 err = 43.700000,	Top-5 err = 23.600000,	train_time = 0.348113
TRAIN Iter 114: loss = 0.004812,	Top-1 err = 52.200000,	Top-5 err = 33.100000,	train_time = 0.352077
TRAIN Iter 115: loss = 0.004531,	Top-1 err = 47.400000,	Top-5 err = 26.800000,	train_time = 0.383690
TRAIN Iter 116: loss = 0.004750,	Top-1 err = 54.300000,	Top-5 err = 31.900000,	train_time = 0.391919
TRAIN Iter 117: loss = 0.004780,	Top-1 err = 56.200000,	Top-5 err = 32.500000,	train_time = 0.392129
TRAIN Iter 118: loss = 0.004523,	Top-1 err = 49.600000,	Top-5 err = 29.300000,	train_time = 0.383650
TRAIN Iter 119: loss = 0.004609,	Top-1 err = 51.700000,	Top-5 err = 30.100000,	train_time = 0.391403
TRAIN Iter 120: loss = 0.004666,	Top-1 err = 49.500000,	Top-5 err = 26.600000,	train_time = 0.390749
TRAIN Iter 121: loss = 0.004650,	Top-1 err = 46.700000,	Top-5 err = 25.100000,	train_time = 0.391526
TRAIN Iter 122: loss = 0.004853,	Top-1 err = 52.600000,	Top-5 err = 34.600000,	train_time = 0.412302
TRAIN Iter 123: loss = 0.004811,	Top-1 err = 54.000000,	Top-5 err = 33.100000,	train_time = 0.393076
TRAIN Iter 124: loss = 0.004580,	Top-1 err = 47.400000,	Top-5 err = 26.700000,	train_time = 0.388920
TRAIN Iter 125: loss = 0.004558,	Top-1 err = 40.600000,	Top-5 err = 22.600000,	train_time = 0.397945
TRAIN Iter 126: loss = 0.004358,	Top-1 err = 49.700000,	Top-5 err = 28.600000,	train_time = 0.426062
TRAIN Iter 127: loss = 0.004498,	Top-1 err = 47.300000,	Top-5 err = 24.600000,	train_time = 0.399466
TRAIN Iter 128: loss = 0.004410,	Top-1 err = 46.800000,	Top-5 err = 28.200000,	train_time = 0.387831
TRAIN Iter 129: loss = 0.004401,	Top-1 err = 48.200000,	Top-5 err = 30.100000,	train_time = 0.433962
TRAIN Iter 130: loss = 0.004455,	Top-1 err = 49.600000,	Top-5 err = 30.700000,	train_time = 0.397493
TRAIN Iter 131: loss = 0.004470,	Top-1 err = 49.300000,	Top-5 err = 29.000000,	train_time = 0.381063
TRAIN Iter 132: loss = 0.004593,	Top-1 err = 53.800000,	Top-5 err = 34.500000,	train_time = 0.376220
TRAIN Iter 133: loss = 0.004417,	Top-1 err = 48.700000,	Top-5 err = 28.000000,	train_time = 0.385936
TRAIN Iter 134: loss = 0.004403,	Top-1 err = 48.300000,	Top-5 err = 26.700000,	train_time = 0.414072
TRAIN Iter 135: loss = 0.004587,	Top-1 err = 55.400000,	Top-5 err = 37.200000,	train_time = 0.390072
TRAIN Iter 136: loss = 0.004215,	Top-1 err = 47.100000,	Top-5 err = 24.700000,	train_time = 0.377620
TRAIN Iter 137: loss = 0.004310,	Top-1 err = 45.200000,	Top-5 err = 24.800000,	train_time = 0.404209
TRAIN Iter 138: loss = 0.004375,	Top-1 err = 47.500000,	Top-5 err = 25.100000,	train_time = 0.406743
TRAIN Iter 139: loss = 0.004486,	Top-1 err = 55.600000,	Top-5 err = 33.700000,	train_time = 0.384707
TRAIN Iter 140: loss = 0.004303,	Top-1 err = 46.100000,	Top-5 err = 27.600000,	train_time = 0.380836
TRAIN Iter 141: loss = 0.004209,	Top-1 err = 44.600000,	Top-5 err = 25.000000,	train_time = 0.383356
TRAIN Iter 142: loss = 0.004513,	Top-1 err = 49.000000,	Top-5 err = 28.600000,	train_time = 0.403525
TRAIN Iter 143: loss = 0.004097,	Top-1 err = 38.800000,	Top-5 err = 20.500000,	train_time = 0.385927
TRAIN Iter 144: loss = 0.004243,	Top-1 err = 47.000000,	Top-5 err = 28.400000,	train_time = 0.405145
TRAIN Iter 145: loss = 0.004360,	Top-1 err = 54.500000,	Top-5 err = 34.700000,	train_time = 0.411952
TRAIN Iter 146: loss = 0.004305,	Top-1 err = 47.800000,	Top-5 err = 28.500000,	train_time = 0.387658
TRAIN Iter 147: loss = 0.004208,	Top-1 err = 49.400000,	Top-5 err = 29.700000,	train_time = 0.403362
TRAIN Iter 148: loss = 0.004256,	Top-1 err = 48.800000,	Top-5 err = 31.400000,	train_time = 0.384362
TRAIN Iter 149: loss = 0.004381,	Top-1 err = 50.400000,	Top-5 err = 30.100000,	train_time = 0.380663
TRAIN Iter 150: loss = 0.004358,	Top-1 err = 54.500000,	Top-5 err = 33.700000,	train_time = 0.380984
TRAIN Iter 151: loss = 0.004173,	Top-1 err = 43.400000,	Top-5 err = 23.700000,	train_time = 0.381994
TRAIN Iter 152: loss = 0.004269,	Top-1 err = 49.800000,	Top-5 err = 28.100000,	train_time = 0.375393
TRAIN Iter 153: loss = 0.004307,	Top-1 err = 48.500000,	Top-5 err = 26.800000,	train_time = 0.384439
TRAIN Iter 154: loss = 0.004125,	Top-1 err = 46.300000,	Top-5 err = 23.300000,	train_time = 0.411102
TRAIN Iter 155: loss = 0.004373,	Top-1 err = 49.300000,	Top-5 err = 26.700000,	train_time = 0.359718
TRAIN Iter 156: loss = 0.004236,	Top-1 err = 51.000000,	Top-5 err = 30.500000,	train_time = 0.392884
TRAIN Iter 157: loss = 0.004294,	Top-1 err = 55.000000,	Top-5 err = 34.100000,	train_time = 0.397722
TRAIN Iter 158: loss = 0.004083,	Top-1 err = 44.900000,	Top-5 err = 23.300000,	train_time = 0.404748
TRAIN Iter 159: loss = 0.004467,	Top-1 err = 53.800000,	Top-5 err = 34.900000,	train_time = 0.406886
TRAIN Iter 160: loss = 0.004126,	Top-1 err = 46.600000,	Top-5 err = 25.900000,	train_time = 0.399681
TRAIN Iter 161: loss = 0.004100,	Top-1 err = 46.200000,	Top-5 err = 26.000000,	train_time = 0.396405
TRAIN Iter 162: loss = 0.004137,	Top-1 err = 51.600000,	Top-5 err = 29.300000,	train_time = 0.411495
TRAIN Iter 163: loss = 0.004339,	Top-1 err = 51.500000,	Top-5 err = 31.000000,	train_time = 0.374488
TRAIN Iter 164: loss = 0.004157,	Top-1 err = 51.500000,	Top-5 err = 30.900000,	train_time = 0.430345
TRAIN Iter 165: loss = 0.003959,	Top-1 err = 52.900000,	Top-5 err = 30.600000,	train_time = 0.366562
TRAIN Iter 166: loss = 0.004027,	Top-1 err = 51.300000,	Top-5 err = 30.000000,	train_time = 0.408790
TRAIN Iter 167: loss = 0.003980,	Top-1 err = 46.000000,	Top-5 err = 24.100000,	train_time = 0.395940
TRAIN Iter 168: loss = 0.004082,	Top-1 err = 57.300000,	Top-5 err = 37.300000,	train_time = 0.432874
TRAIN Iter 169: loss = 0.003973,	Top-1 err = 43.700000,	Top-5 err = 22.600000,	train_time = 0.381484
TRAIN Iter 170: loss = 0.004049,	Top-1 err = 47.600000,	Top-5 err = 27.400000,	train_time = 0.406444
TRAIN Iter 171: loss = 0.003884,	Top-1 err = 42.400000,	Top-5 err = 25.200000,	train_time = 0.382313
TRAIN Iter 172: loss = 0.003934,	Top-1 err = 50.900000,	Top-5 err = 29.200000,	train_time = 0.364326
TRAIN Iter 173: loss = 0.003940,	Top-1 err = 49.400000,	Top-5 err = 30.600000,	train_time = 0.387717
TRAIN Iter 174: loss = 0.003955,	Top-1 err = 38.900000,	Top-5 err = 22.300000,	train_time = 0.385167
TRAIN Iter 175: loss = 0.003841,	Top-1 err = 42.300000,	Top-5 err = 23.200000,	train_time = 0.393642
TRAIN Iter 176: loss = 0.003899,	Top-1 err = 52.900000,	Top-5 err = 32.000000,	train_time = 0.390975
TRAIN Iter 177: loss = 0.003984,	Top-1 err = 51.300000,	Top-5 err = 29.400000,	train_time = 0.397616
TRAIN Iter 178: loss = 0.003743,	Top-1 err = 38.700000,	Top-5 err = 17.600000,	train_time = 0.370059
TRAIN Iter 179: loss = 0.003955,	Top-1 err = 47.000000,	Top-5 err = 27.800000,	train_time = 0.389214
TRAIN Iter 180: loss = 0.003990,	Top-1 err = 49.300000,	Top-5 err = 31.100000,	train_time = 0.400277
TRAIN Iter 181: loss = 0.003765,	Top-1 err = 45.000000,	Top-5 err = 24.300000,	train_time = 0.397713
TRAIN Iter 182: loss = 0.003917,	Top-1 err = 39.700000,	Top-5 err = 21.100000,	train_time = 0.407158
TRAIN Iter 183: loss = 0.003903,	Top-1 err = 54.200000,	Top-5 err = 32.400000,	train_time = 0.375456
TRAIN Iter 184: loss = 0.003817,	Top-1 err = 49.700000,	Top-5 err = 29.500000,	train_time = 0.363214
TRAIN Iter 185: loss = 0.003804,	Top-1 err = 41.200000,	Top-5 err = 22.800000,	train_time = 0.372829
TRAIN Iter 186: loss = 0.003867,	Top-1 err = 56.500000,	Top-5 err = 37.300000,	train_time = 0.386665
TRAIN Iter 187: loss = 0.004049,	Top-1 err = 51.800000,	Top-5 err = 29.400000,	train_time = 0.364975
TRAIN Iter 188: loss = 0.003982,	Top-1 err = 48.900000,	Top-5 err = 30.400000,	train_time = 0.396612
TRAIN Iter 189: loss = 0.003947,	Top-1 err = 49.900000,	Top-5 err = 30.600000,	train_time = 0.413900
TRAIN Iter 190: loss = 0.003840,	Top-1 err = 53.300000,	Top-5 err = 29.300000,	train_time = 0.364715
TRAIN Iter 191: loss = 0.003938,	Top-1 err = 49.800000,	Top-5 err = 28.700000,	train_time = 0.391203
TRAIN Iter 192: loss = 0.003882,	Top-1 err = 48.500000,	Top-5 err = 30.600000,	train_time = 0.392797
TRAIN Iter 193: loss = 0.003850,	Top-1 err = 45.400000,	Top-5 err = 25.100000,	train_time = 0.431734
TRAIN Iter 194: loss = 0.003676,	Top-1 err = 45.600000,	Top-5 err = 25.400000,	train_time = 0.408281
TRAIN Iter 195: loss = 0.003730,	Top-1 err = 45.600000,	Top-5 err = 27.600000,	train_time = 0.407357
TRAIN Iter 196: loss = 0.003857,	Top-1 err = 47.200000,	Top-5 err = 27.500000,	train_time = 0.388193
TRAIN Iter 197: loss = 0.003731,	Top-1 err = 44.100000,	Top-5 err = 24.300000,	train_time = 0.394251
TRAIN Iter 198: loss = 0.003866,	Top-1 err = 57.700000,	Top-5 err = 35.700000,	train_time = 0.367097
TRAIN Iter 199: loss = 0.003849,	Top-1 err = 46.100000,	Top-5 err = 24.200000,	train_time = 0.390529
TRAIN Iter 200: loss = 0.003847,	Top-1 err = 51.200000,	Top-5 err = 31.500000,	train_time = 0.411426
TRAIN Iter 201: loss = 0.003790,	Top-1 err = 51.300000,	Top-5 err = 30.700000,	train_time = 0.371899
TRAIN Iter 202: loss = 0.003888,	Top-1 err = 50.000000,	Top-5 err = 30.000000,	train_time = 0.426319
TRAIN Iter 203: loss = 0.003796,	Top-1 err = 48.500000,	Top-5 err = 27.700000,	train_time = 0.400372
TRAIN Iter 204: loss = 0.003664,	Top-1 err = 46.200000,	Top-5 err = 25.700000,	train_time = 0.389405
TRAIN Iter 205: loss = 0.003906,	Top-1 err = 52.900000,	Top-5 err = 30.000000,	train_time = 0.403102
TRAIN Iter 206: loss = 0.003507,	Top-1 err = 39.800000,	Top-5 err = 18.800000,	train_time = 0.381434
TRAIN Iter 207: loss = 0.003518,	Top-1 err = 39.600000,	Top-5 err = 20.900000,	train_time = 0.362709
TRAIN Iter 208: loss = 0.003708,	Top-1 err = 52.800000,	Top-5 err = 31.400000,	train_time = 0.356435
TRAIN Iter 209: loss = 0.003583,	Top-1 err = 46.500000,	Top-5 err = 25.300000,	train_time = 0.392781
TRAIN Iter 210: loss = 0.003822,	Top-1 err = 48.600000,	Top-5 err = 28.400000,	train_time = 0.363234
TRAIN Iter 211: loss = 0.003708,	Top-1 err = 50.100000,	Top-5 err = 30.400000,	train_time = 0.432972
TRAIN Iter 212: loss = 0.003744,	Top-1 err = 49.300000,	Top-5 err = 30.800000,	train_time = 0.366748
TRAIN Iter 213: loss = 0.003758,	Top-1 err = 45.000000,	Top-5 err = 23.000000,	train_time = 0.376850
TRAIN Iter 214: loss = 0.003762,	Top-1 err = 48.400000,	Top-5 err = 28.700000,	train_time = 0.384370
TRAIN Iter 215: loss = 0.003648,	Top-1 err = 49.300000,	Top-5 err = 26.900000,	train_time = 0.358224
TRAIN Iter 216: loss = 0.003706,	Top-1 err = 49.100000,	Top-5 err = 30.500000,	train_time = 0.427098
TRAIN Iter 217: loss = 0.003554,	Top-1 err = 46.200000,	Top-5 err = 24.200000,	train_time = 0.400417
TRAIN Iter 218: loss = 0.003653,	Top-1 err = 49.600000,	Top-5 err = 28.700000,	train_time = 0.381455
TRAIN Iter 219: loss = 0.003685,	Top-1 err = 43.700000,	Top-5 err = 22.500000,	train_time = 0.354507
TRAIN Iter 220: loss = 0.003779,	Top-1 err = 49.300000,	Top-5 err = 32.200000,	train_time = 0.363287
TRAIN Iter 221: loss = 0.003788,	Top-1 err = 49.300000,	Top-5 err = 29.100000,	train_time = 0.359357
TRAIN Iter 222: loss = 0.003557,	Top-1 err = 42.500000,	Top-5 err = 23.300000,	train_time = 0.390960
TRAIN Iter 223: loss = 0.003560,	Top-1 err = 45.600000,	Top-5 err = 24.800000,	train_time = 0.387697
TRAIN Iter 224: loss = 0.003634,	Top-1 err = 51.200000,	Top-5 err = 28.400000,	train_time = 0.408175
TRAIN Iter 225: loss = 0.003592,	Top-1 err = 52.700000,	Top-5 err = 31.900000,	train_time = 0.372980
TRAIN Iter 226: loss = 0.003712,	Top-1 err = 53.000000,	Top-5 err = 33.900000,	train_time = 0.391169
TRAIN Iter 227: loss = 0.003783,	Top-1 err = 54.000000,	Top-5 err = 36.000000,	train_time = 0.392134
TRAIN Iter 228: loss = 0.003730,	Top-1 err = 53.600000,	Top-5 err = 33.200000,	train_time = 0.407738
TRAIN Iter 229: loss = 0.003457,	Top-1 err = 43.200000,	Top-5 err = 23.600000,	train_time = 0.393682
TRAIN Iter 230: loss = 0.003567,	Top-1 err = 51.800000,	Top-5 err = 31.300000,	train_time = 0.398110
TRAIN Iter 231: loss = 0.003508,	Top-1 err = 45.600000,	Top-5 err = 25.100000,	train_time = 0.448470
TRAIN Iter 232: loss = 0.003531,	Top-1 err = 49.200000,	Top-5 err = 29.100000,	train_time = 0.392882
TRAIN Iter 233: loss = 0.003316,	Top-1 err = 39.500000,	Top-5 err = 21.200000,	train_time = 0.389101
TRAIN Iter 234: loss = 0.003630,	Top-1 err = 50.200000,	Top-5 err = 30.700000,	train_time = 0.424367
TRAIN Iter 235: loss = 0.003456,	Top-1 err = 43.700000,	Top-5 err = 24.800000,	train_time = 0.413119
TRAIN Iter 236: loss = 0.003439,	Top-1 err = 44.700000,	Top-5 err = 21.300000,	train_time = 0.363230
TRAIN Iter 237: loss = 0.003479,	Top-1 err = 47.600000,	Top-5 err = 25.700000,	train_time = 0.376941
TRAIN Iter 238: loss = 0.003593,	Top-1 err = 53.000000,	Top-5 err = 32.600000,	train_time = 0.411528
TRAIN Iter 239: loss = 0.003637,	Top-1 err = 56.300000,	Top-5 err = 34.000000,	train_time = 0.403057
TRAIN Iter 240: loss = 0.003672,	Top-1 err = 52.700000,	Top-5 err = 33.000000,	train_time = 0.367326
TRAIN Iter 241: loss = 0.003568,	Top-1 err = 47.800000,	Top-5 err = 26.900000,	train_time = 0.387341
TRAIN Iter 242: loss = 0.003514,	Top-1 err = 54.400000,	Top-5 err = 33.600000,	train_time = 0.364815
TRAIN Iter 243: loss = 0.003537,	Top-1 err = 50.900000,	Top-5 err = 32.400000,	train_time = 0.398309
TRAIN Iter 244: loss = 0.003555,	Top-1 err = 45.000000,	Top-5 err = 25.300000,	train_time = 0.404848
TRAIN Iter 245: loss = 0.003679,	Top-1 err = 54.600000,	Top-5 err = 35.600000,	train_time = 0.356281
TRAIN Iter 246: loss = 0.003654,	Top-1 err = 56.100000,	Top-5 err = 37.900000,	train_time = 0.418299
TRAIN Iter 247: loss = 0.003357,	Top-1 err = 40.300000,	Top-5 err = 22.700000,	train_time = 0.380883
TRAIN Iter 248: loss = 0.003412,	Top-1 err = 48.600000,	Top-5 err = 26.700000,	train_time = 0.397305
TRAIN Iter 249: loss = 0.003539,	Top-1 err = 51.700000,	Top-5 err = 30.800000,	train_time = 0.407413
TEST:
Iter 249: loss = 1.997723,	Top-1 err = 50.390000,	Top-5 err = 21.180000,	val_time = 0.811199
TRAIN Iter 250: loss = 0.003451,	Top-1 err = 44.600000,	Top-5 err = 29.000000,	train_time = 0.388396
TRAIN Iter 251: loss = 0.003495,	Top-1 err = 49.700000,	Top-5 err = 29.500000,	train_time = 0.374309
TRAIN Iter 252: loss = 0.003299,	Top-1 err = 42.200000,	Top-5 err = 21.900000,	train_time = 0.400482
TRAIN Iter 253: loss = 0.003399,	Top-1 err = 45.400000,	Top-5 err = 27.500000,	train_time = 0.398386
TRAIN Iter 254: loss = 0.003562,	Top-1 err = 50.200000,	Top-5 err = 29.000000,	train_time = 0.400299
TRAIN Iter 255: loss = 0.003398,	Top-1 err = 46.000000,	Top-5 err = 28.800000,	train_time = 0.378774
TRAIN Iter 256: loss = 0.003437,	Top-1 err = 45.800000,	Top-5 err = 25.900000,	train_time = 0.356625
TRAIN Iter 257: loss = 0.003398,	Top-1 err = 51.200000,	Top-5 err = 31.400000,	train_time = 0.397158
TRAIN Iter 258: loss = 0.003285,	Top-1 err = 44.200000,	Top-5 err = 26.600000,	train_time = 0.390256
TRAIN Iter 259: loss = 0.003377,	Top-1 err = 51.700000,	Top-5 err = 34.100000,	train_time = 0.397222
TEST:
Iter 259: loss = 1.948577,	Top-1 err = 49.570000,	Top-5 err = 20.380000,	val_time = 0.709339
TRAIN Iter 260: loss = 0.003286,	Top-1 err = 40.900000,	Top-5 err = 24.400000,	train_time = 0.400461
TRAIN Iter 261: loss = 0.003339,	Top-1 err = 46.200000,	Top-5 err = 25.900000,	train_time = 0.401317
TRAIN Iter 262: loss = 0.003536,	Top-1 err = 47.700000,	Top-5 err = 27.800000,	train_time = 0.380406
TRAIN Iter 263: loss = 0.003191,	Top-1 err = 39.400000,	Top-5 err = 20.700000,	train_time = 0.392771
TRAIN Iter 264: loss = 0.003149,	Top-1 err = 39.500000,	Top-5 err = 20.000000,	train_time = 0.392521
TRAIN Iter 265: loss = 0.003373,	Top-1 err = 56.100000,	Top-5 err = 33.300000,	train_time = 0.388438
TRAIN Iter 266: loss = 0.003380,	Top-1 err = 46.300000,	Top-5 err = 27.900000,	train_time = 0.366596
TRAIN Iter 267: loss = 0.003436,	Top-1 err = 51.100000,	Top-5 err = 33.400000,	train_time = 0.385640
TRAIN Iter 268: loss = 0.003238,	Top-1 err = 41.400000,	Top-5 err = 24.300000,	train_time = 0.353525
TRAIN Iter 269: loss = 0.003275,	Top-1 err = 45.400000,	Top-5 err = 27.200000,	train_time = 0.378686
TEST:
Iter 269: loss = 1.965506,	Top-1 err = 49.440000,	Top-5 err = 20.570000,	val_time = 0.775912
TRAIN Iter 270: loss = 0.003289,	Top-1 err = 53.600000,	Top-5 err = 33.900000,	train_time = 0.356639
TRAIN Iter 271: loss = 0.003220,	Top-1 err = 40.400000,	Top-5 err = 21.300000,	train_time = 0.404428
TRAIN Iter 272: loss = 0.003329,	Top-1 err = 52.600000,	Top-5 err = 31.300000,	train_time = 0.414163
TRAIN Iter 273: loss = 0.003441,	Top-1 err = 51.700000,	Top-5 err = 33.400000,	train_time = 0.377576
TRAIN Iter 274: loss = 0.003348,	Top-1 err = 44.800000,	Top-5 err = 25.300000,	train_time = 0.420982
TRAIN Iter 275: loss = 0.003400,	Top-1 err = 43.000000,	Top-5 err = 25.300000,	train_time = 0.383939
TRAIN Iter 276: loss = 0.003493,	Top-1 err = 51.000000,	Top-5 err = 29.700000,	train_time = 0.408677
TRAIN Iter 277: loss = 0.003395,	Top-1 err = 49.800000,	Top-5 err = 29.600000,	train_time = 0.386496
TRAIN Iter 278: loss = 0.003135,	Top-1 err = 42.600000,	Top-5 err = 22.700000,	train_time = 0.357895
TRAIN Iter 279: loss = 0.003232,	Top-1 err = 44.700000,	Top-5 err = 26.200000,	train_time = 0.411838
TEST:
Iter 279: loss = 1.947403,	Top-1 err = 49.650000,	Top-5 err = 20.470000,	val_time = 0.740497
TRAIN Iter 280: loss = 0.003313,	Top-1 err = 48.500000,	Top-5 err = 30.100000,	train_time = 0.368748
TRAIN Iter 281: loss = 0.003322,	Top-1 err = 48.500000,	Top-5 err = 28.700000,	train_time = 0.398150
TRAIN Iter 282: loss = 0.003327,	Top-1 err = 44.800000,	Top-5 err = 23.900000,	train_time = 0.420490
TRAIN Iter 283: loss = 0.003165,	Top-1 err = 48.700000,	Top-5 err = 28.500000,	train_time = 0.411055
TRAIN Iter 284: loss = 0.003334,	Top-1 err = 45.700000,	Top-5 err = 25.100000,	train_time = 0.393539
TRAIN Iter 285: loss = 0.003354,	Top-1 err = 54.300000,	Top-5 err = 33.600000,	train_time = 0.420150
TRAIN Iter 286: loss = 0.003309,	Top-1 err = 51.400000,	Top-5 err = 29.500000,	train_time = 0.375679
TRAIN Iter 287: loss = 0.003308,	Top-1 err = 46.500000,	Top-5 err = 25.700000,	train_time = 0.354238
TRAIN Iter 288: loss = 0.003328,	Top-1 err = 54.700000,	Top-5 err = 36.100000,	train_time = 0.411932
TRAIN Iter 289: loss = 0.003309,	Top-1 err = 54.200000,	Top-5 err = 33.600000,	train_time = 0.396286
TEST:
Iter 289: loss = 1.927921,	Top-1 err = 49.230000,	Top-5 err = 20.090000,	val_time = 0.729668
TRAIN Iter 290: loss = 0.003055,	Top-1 err = 42.200000,	Top-5 err = 22.500000,	train_time = 0.435795
TRAIN Iter 291: loss = 0.003261,	Top-1 err = 49.400000,	Top-5 err = 28.600000,	train_time = 0.376119
TRAIN Iter 292: loss = 0.003171,	Top-1 err = 48.800000,	Top-5 err = 28.100000,	train_time = 0.405613
TRAIN Iter 293: loss = 0.003117,	Top-1 err = 43.200000,	Top-5 err = 24.000000,	train_time = 0.392618
TRAIN Iter 294: loss = 0.003166,	Top-1 err = 43.800000,	Top-5 err = 25.300000,	train_time = 0.393456
TRAIN Iter 295: loss = 0.003346,	Top-1 err = 56.300000,	Top-5 err = 35.500000,	train_time = 0.413486
TRAIN Iter 296: loss = 0.003203,	Top-1 err = 52.000000,	Top-5 err = 29.400000,	train_time = 0.402573
TRAIN Iter 297: loss = 0.003386,	Top-1 err = 51.900000,	Top-5 err = 29.300000,	train_time = 0.395771
TRAIN Iter 298: loss = 0.003215,	Top-1 err = 42.300000,	Top-5 err = 24.300000,	train_time = 0.377198
TRAIN Iter 299: loss = 0.003224,	Top-1 err = 49.600000,	Top-5 err = 31.400000,	train_time = 0.403699
TEST:
Iter 299: loss = 1.934482,	Top-1 err = 49.310000,	Top-5 err = 20.260000,	val_time = 0.775513
Train Finish! Best accuracy is 50.77@289
