/home/dvspanos/miniconda3/envs/rded/lib/python3.10/site-packages/torchvision/models/_utils.py:208: UserWarning: The parameter 'pretrained' is deprecated since 0.13 and may be removed in the future, please use 'weights' instead.
  warnings.warn(
/home/dvspanos/miniconda3/envs/rded/lib/python3.10/site-packages/torchvision/models/_utils.py:223: UserWarning: Arguments other than a weight enum or `None` for 'weights' are deprecated since 0.13 and may be removed in the future. The current behavior is equivalent to passing `weights=None`.
  warnings.warn(msg)
=> using pytorch pre-trained teacher model 'resnet18_modified'
process data from /home/dvspanos/nikos/ca2d/artifacts/rded_sets/bench_cifar100_rn18_el2nw90_ipc10
load data successfully
TRAIN Iter 0: loss = 0.016902,	Top-1 err = 98.200000,	Top-5 err = 89.600000,	train_time = 3.845481
TRAIN Iter 1: loss = 0.014425,	Top-1 err = 97.100000,	Top-5 err = 86.300000,	train_time = 1.822862
TRAIN Iter 2: loss = 0.015607,	Top-1 err = 95.300000,	Top-5 err = 80.000000,	train_time = 1.820109
TRAIN Iter 3: loss = 0.012487,	Top-1 err = 95.700000,	Top-5 err = 83.000000,	train_time = 1.810678
TRAIN Iter 4: loss = 0.013733,	Top-1 err = 95.000000,	Top-5 err = 79.700000,	train_time = 1.823131
TRAIN Iter 5: loss = 0.013987,	Top-1 err = 93.000000,	Top-5 err = 74.100000,	train_time = 1.811321
TRAIN Iter 6: loss = 0.012821,	Top-1 err = 93.800000,	Top-5 err = 76.500000,	train_time = 1.819074
TRAIN Iter 7: loss = 0.013176,	Top-1 err = 91.500000,	Top-5 err = 74.500000,	train_time = 1.816496
TRAIN Iter 8: loss = 0.013545,	Top-1 err = 90.100000,	Top-5 err = 68.900000,	train_time = 1.806497
TRAIN Iter 9: loss = 0.012816,	Top-1 err = 90.600000,	Top-5 err = 71.200000,	train_time = 1.822314
TRAIN Iter 10: loss = 0.013973,	Top-1 err = 88.400000,	Top-5 err = 64.700000,	train_time = 1.805285
TRAIN Iter 11: loss = 0.014743,	Top-1 err = 87.700000,	Top-5 err = 62.000000,	train_time = 1.811574
TRAIN Iter 12: loss = 0.011908,	Top-1 err = 90.400000,	Top-5 err = 69.800000,	train_time = 1.823892
TRAIN Iter 13: loss = 0.012981,	Top-1 err = 84.300000,	Top-5 err = 59.100000,	train_time = 1.820226
TRAIN Iter 14: loss = 0.012388,	Top-1 err = 85.000000,	Top-5 err = 58.700000,	train_time = 1.792458
TRAIN Iter 15: loss = 0.010628,	Top-1 err = 85.100000,	Top-5 err = 62.900000,	train_time = 1.804595
TRAIN Iter 16: loss = 0.012184,	Top-1 err = 84.200000,	Top-5 err = 58.700000,	train_time = 1.803581
TRAIN Iter 17: loss = 0.011668,	Top-1 err = 83.900000,	Top-5 err = 59.700000,	train_time = 1.824693
TRAIN Iter 18: loss = 0.011865,	Top-1 err = 81.700000,	Top-5 err = 52.000000,	train_time = 1.813869
TRAIN Iter 19: loss = 0.012406,	Top-1 err = 79.300000,	Top-5 err = 52.300000,	train_time = 1.812175
TRAIN Iter 20: loss = 0.011840,	Top-1 err = 75.200000,	Top-5 err = 43.400000,	train_time = 1.809429
TRAIN Iter 21: loss = 0.011415,	Top-1 err = 75.600000,	Top-5 err = 45.000000,	train_time = 1.794728
TRAIN Iter 22: loss = 0.010532,	Top-1 err = 80.100000,	Top-5 err = 53.700000,	train_time = 1.816439
TRAIN Iter 23: loss = 0.011190,	Top-1 err = 73.400000,	Top-5 err = 41.200000,	train_time = 1.812049
TRAIN Iter 24: loss = 0.010718,	Top-1 err = 69.700000,	Top-5 err = 39.800000,	train_time = 1.802345
TRAIN Iter 25: loss = 0.011812,	Top-1 err = 66.200000,	Top-5 err = 31.100000,	train_time = 1.833231
TRAIN Iter 26: loss = 0.010318,	Top-1 err = 76.400000,	Top-5 err = 46.200000,	train_time = 1.822481
TRAIN Iter 27: loss = 0.009697,	Top-1 err = 75.700000,	Top-5 err = 48.500000,	train_time = 1.846174
TRAIN Iter 28: loss = 0.010645,	Top-1 err = 65.400000,	Top-5 err = 31.900000,	train_time = 1.814226
TRAIN Iter 29: loss = 0.009216,	Top-1 err = 74.100000,	Top-5 err = 47.900000,	train_time = 1.806942
TRAIN Iter 30: loss = 0.010126,	Top-1 err = 66.000000,	Top-5 err = 34.400000,	train_time = 1.789470
TRAIN Iter 31: loss = 0.010043,	Top-1 err = 81.700000,	Top-5 err = 60.900000,	train_time = 1.814703
TRAIN Iter 32: loss = 0.010409,	Top-1 err = 67.800000,	Top-5 err = 40.000000,	train_time = 1.805369
TRAIN Iter 33: loss = 0.009501,	Top-1 err = 74.600000,	Top-5 err = 50.400000,	train_time = 1.822136
TRAIN Iter 34: loss = 0.008910,	Top-1 err = 65.400000,	Top-5 err = 34.300000,	train_time = 1.798129
TRAIN Iter 35: loss = 0.007993,	Top-1 err = 65.900000,	Top-5 err = 34.400000,	train_time = 1.831397
TRAIN Iter 36: loss = 0.009135,	Top-1 err = 63.300000,	Top-5 err = 31.700000,	train_time = 1.825980
TRAIN Iter 37: loss = 0.008567,	Top-1 err = 65.900000,	Top-5 err = 39.600000,	train_time = 1.824468
TRAIN Iter 38: loss = 0.007831,	Top-1 err = 72.200000,	Top-5 err = 46.800000,	train_time = 1.800058
TRAIN Iter 39: loss = 0.008190,	Top-1 err = 69.800000,	Top-5 err = 43.300000,	train_time = 1.822842
TRAIN Iter 40: loss = 0.008282,	Top-1 err = 65.400000,	Top-5 err = 36.300000,	train_time = 1.815820
TRAIN Iter 41: loss = 0.008442,	Top-1 err = 64.000000,	Top-5 err = 37.700000,	train_time = 1.811614
TRAIN Iter 42: loss = 0.008252,	Top-1 err = 56.700000,	Top-5 err = 24.200000,	train_time = 1.802974
TRAIN Iter 43: loss = 0.007917,	Top-1 err = 61.300000,	Top-5 err = 31.700000,	train_time = 1.809194
TRAIN Iter 44: loss = 0.008516,	Top-1 err = 71.200000,	Top-5 err = 48.300000,	train_time = 1.833531
TRAIN Iter 45: loss = 0.007902,	Top-1 err = 60.100000,	Top-5 err = 34.200000,	train_time = 1.840312
TRAIN Iter 46: loss = 0.007976,	Top-1 err = 51.400000,	Top-5 err = 22.800000,	train_time = 1.800765
TRAIN Iter 47: loss = 0.007644,	Top-1 err = 60.300000,	Top-5 err = 35.900000,	train_time = 1.811575
TRAIN Iter 48: loss = 0.007348,	Top-1 err = 52.900000,	Top-5 err = 25.300000,	train_time = 1.805521
TRAIN Iter 49: loss = 0.007654,	Top-1 err = 57.500000,	Top-5 err = 34.900000,	train_time = 1.807657
TRAIN Iter 50: loss = 0.007428,	Top-1 err = 65.700000,	Top-5 err = 38.200000,	train_time = 1.801765
TRAIN Iter 51: loss = 0.008191,	Top-1 err = 47.600000,	Top-5 err = 22.200000,	train_time = 1.823807
TRAIN Iter 52: loss = 0.007451,	Top-1 err = 61.400000,	Top-5 err = 38.700000,	train_time = 1.813183
TRAIN Iter 53: loss = 0.007740,	Top-1 err = 53.900000,	Top-5 err = 30.200000,	train_time = 1.805754
TRAIN Iter 54: loss = 0.007214,	Top-1 err = 55.600000,	Top-5 err = 27.900000,	train_time = 1.828539
TRAIN Iter 55: loss = 0.006970,	Top-1 err = 57.500000,	Top-5 err = 36.800000,	train_time = 1.820868
TRAIN Iter 56: loss = 0.007327,	Top-1 err = 48.000000,	Top-5 err = 24.700000,	train_time = 1.824508
TRAIN Iter 57: loss = 0.006887,	Top-1 err = 49.300000,	Top-5 err = 26.900000,	train_time = 1.793804
TRAIN Iter 58: loss = 0.006926,	Top-1 err = 73.600000,	Top-5 err = 51.300000,	train_time = 1.801831
TRAIN Iter 59: loss = 0.006959,	Top-1 err = 61.400000,	Top-5 err = 39.900000,	train_time = 1.821746
TRAIN Iter 60: loss = 0.007011,	Top-1 err = 46.100000,	Top-5 err = 23.400000,	train_time = 1.813829
TRAIN Iter 61: loss = 0.006857,	Top-1 err = 49.600000,	Top-5 err = 28.600000,	train_time = 1.786854
TRAIN Iter 62: loss = 0.006754,	Top-1 err = 60.500000,	Top-5 err = 37.100000,	train_time = 1.799642
TRAIN Iter 63: loss = 0.006620,	Top-1 err = 32.300000,	Top-5 err = 8.800000,	train_time = 1.827212
TRAIN Iter 64: loss = 0.006739,	Top-1 err = 47.200000,	Top-5 err = 22.200000,	train_time = 1.831661
TRAIN Iter 65: loss = 0.006572,	Top-1 err = 63.800000,	Top-5 err = 40.300000,	train_time = 1.827434
TRAIN Iter 66: loss = 0.006362,	Top-1 err = 57.400000,	Top-5 err = 33.200000,	train_time = 1.807916
TRAIN Iter 67: loss = 0.006750,	Top-1 err = 54.300000,	Top-5 err = 33.400000,	train_time = 1.822988
TRAIN Iter 68: loss = 0.006556,	Top-1 err = 57.700000,	Top-5 err = 36.700000,	train_time = 1.807923
TRAIN Iter 69: loss = 0.006508,	Top-1 err = 43.400000,	Top-5 err = 22.500000,	train_time = 1.812892
TRAIN Iter 70: loss = 0.006235,	Top-1 err = 50.400000,	Top-5 err = 27.900000,	train_time = 1.827127
TRAIN Iter 71: loss = 0.006510,	Top-1 err = 41.800000,	Top-5 err = 18.500000,	train_time = 1.806512
TRAIN Iter 72: loss = 0.006089,	Top-1 err = 32.800000,	Top-5 err = 14.300000,	train_time = 1.824818
TRAIN Iter 73: loss = 0.006328,	Top-1 err = 71.100000,	Top-5 err = 48.800000,	train_time = 1.828883
TRAIN Iter 74: loss = 0.006006,	Top-1 err = 45.200000,	Top-5 err = 21.200000,	train_time = 1.809753
TRAIN Iter 75: loss = 0.006110,	Top-1 err = 54.400000,	Top-5 err = 33.800000,	train_time = 1.802258
TRAIN Iter 76: loss = 0.005928,	Top-1 err = 46.800000,	Top-5 err = 25.500000,	train_time = 1.819942
TRAIN Iter 77: loss = 0.006333,	Top-1 err = 53.900000,	Top-5 err = 33.700000,	train_time = 1.819677
TRAIN Iter 78: loss = 0.006223,	Top-1 err = 31.300000,	Top-5 err = 13.500000,	train_time = 1.817551
TRAIN Iter 79: loss = 0.005969,	Top-1 err = 45.900000,	Top-5 err = 25.600000,	train_time = 1.810674
TRAIN Iter 80: loss = 0.006075,	Top-1 err = 32.400000,	Top-5 err = 16.300000,	train_time = 1.815740
TRAIN Iter 81: loss = 0.005969,	Top-1 err = 58.800000,	Top-5 err = 37.900000,	train_time = 1.817407
TRAIN Iter 82: loss = 0.006058,	Top-1 err = 38.400000,	Top-5 err = 16.300000,	train_time = 1.807580
TRAIN Iter 83: loss = 0.006040,	Top-1 err = 44.800000,	Top-5 err = 23.200000,	train_time = 1.807356
TRAIN Iter 84: loss = 0.005873,	Top-1 err = 37.800000,	Top-5 err = 19.500000,	train_time = 1.816761
TRAIN Iter 85: loss = 0.006104,	Top-1 err = 46.500000,	Top-5 err = 30.200000,	train_time = 1.810168
TRAIN Iter 86: loss = 0.005863,	Top-1 err = 42.800000,	Top-5 err = 24.300000,	train_time = 1.833890
TRAIN Iter 87: loss = 0.005841,	Top-1 err = 40.700000,	Top-5 err = 19.500000,	train_time = 1.792185
TRAIN Iter 88: loss = 0.005596,	Top-1 err = 42.500000,	Top-5 err = 21.200000,	train_time = 1.808510
TRAIN Iter 89: loss = 0.005609,	Top-1 err = 42.300000,	Top-5 err = 23.000000,	train_time = 1.804112
TRAIN Iter 90: loss = 0.005321,	Top-1 err = 40.500000,	Top-5 err = 19.700000,	train_time = 1.807528
TRAIN Iter 91: loss = 0.005366,	Top-1 err = 38.800000,	Top-5 err = 20.100000,	train_time = 1.797740
TRAIN Iter 92: loss = 0.005444,	Top-1 err = 45.400000,	Top-5 err = 27.700000,	train_time = 1.821565
TRAIN Iter 93: loss = 0.005765,	Top-1 err = 43.800000,	Top-5 err = 27.500000,	train_time = 1.811222
TRAIN Iter 94: loss = 0.005699,	Top-1 err = 33.300000,	Top-5 err = 14.100000,	train_time = 1.820689
TRAIN Iter 95: loss = 0.005513,	Top-1 err = 46.900000,	Top-5 err = 22.600000,	train_time = 1.820944
TRAIN Iter 96: loss = 0.005109,	Top-1 err = 41.900000,	Top-5 err = 20.000000,	train_time = 1.840612
TRAIN Iter 97: loss = 0.005478,	Top-1 err = 64.300000,	Top-5 err = 41.000000,	train_time = 1.809303
TRAIN Iter 98: loss = 0.005422,	Top-1 err = 39.100000,	Top-5 err = 20.300000,	train_time = 1.791693
TRAIN Iter 99: loss = 0.005574,	Top-1 err = 40.000000,	Top-5 err = 19.300000,	train_time = 1.805921
TRAIN Iter 100: loss = 0.005438,	Top-1 err = 34.800000,	Top-5 err = 13.400000,	train_time = 1.795611
TRAIN Iter 101: loss = 0.005015,	Top-1 err = 16.100000,	Top-5 err = 3.200000,	train_time = 1.813902
TRAIN Iter 102: loss = 0.005529,	Top-1 err = 41.000000,	Top-5 err = 22.600000,	train_time = 1.815713
TRAIN Iter 103: loss = 0.005493,	Top-1 err = 51.200000,	Top-5 err = 31.800000,	train_time = 1.817932
TRAIN Iter 104: loss = 0.005122,	Top-1 err = 53.100000,	Top-5 err = 38.600000,	train_time = 1.810803
TRAIN Iter 105: loss = 0.005301,	Top-1 err = 43.600000,	Top-5 err = 21.700000,	train_time = 1.820899
TRAIN Iter 106: loss = 0.004968,	Top-1 err = 50.800000,	Top-5 err = 30.700000,	train_time = 1.819632
TRAIN Iter 107: loss = 0.005445,	Top-1 err = 46.400000,	Top-5 err = 29.300000,	train_time = 1.814950
TRAIN Iter 108: loss = 0.005336,	Top-1 err = 42.500000,	Top-5 err = 21.700000,	train_time = 1.820858
TRAIN Iter 109: loss = 0.005016,	Top-1 err = 61.700000,	Top-5 err = 43.100000,	train_time = 1.814403
TRAIN Iter 110: loss = 0.005218,	Top-1 err = 52.600000,	Top-5 err = 34.000000,	train_time = 1.814424
TRAIN Iter 111: loss = 0.005135,	Top-1 err = 44.900000,	Top-5 err = 30.400000,	train_time = 1.813488
TRAIN Iter 112: loss = 0.004972,	Top-1 err = 36.600000,	Top-5 err = 19.900000,	train_time = 1.798481
TRAIN Iter 113: loss = 0.005203,	Top-1 err = 50.900000,	Top-5 err = 28.900000,	train_time = 1.798098
TRAIN Iter 114: loss = 0.005048,	Top-1 err = 31.200000,	Top-5 err = 13.200000,	train_time = 1.824157
TRAIN Iter 115: loss = 0.004992,	Top-1 err = 44.200000,	Top-5 err = 28.400000,	train_time = 1.817776
TRAIN Iter 116: loss = 0.005073,	Top-1 err = 42.300000,	Top-5 err = 30.200000,	train_time = 1.813000
TRAIN Iter 117: loss = 0.004806,	Top-1 err = 24.800000,	Top-5 err = 13.900000,	train_time = 1.830176
TRAIN Iter 118: loss = 0.004955,	Top-1 err = 30.300000,	Top-5 err = 13.500000,	train_time = 1.802103
TRAIN Iter 119: loss = 0.005331,	Top-1 err = 56.300000,	Top-5 err = 33.000000,	train_time = 1.803091
TRAIN Iter 120: loss = 0.005100,	Top-1 err = 51.300000,	Top-5 err = 30.400000,	train_time = 1.808686
TRAIN Iter 121: loss = 0.004808,	Top-1 err = 38.000000,	Top-5 err = 22.600000,	train_time = 1.816833
TRAIN Iter 122: loss = 0.005052,	Top-1 err = 54.300000,	Top-5 err = 38.200000,	train_time = 1.817462
TRAIN Iter 123: loss = 0.005201,	Top-1 err = 36.400000,	Top-5 err = 16.200000,	train_time = 1.817611
TRAIN Iter 124: loss = 0.004661,	Top-1 err = 31.000000,	Top-5 err = 17.100000,	train_time = 1.817798
TRAIN Iter 125: loss = 0.004870,	Top-1 err = 47.200000,	Top-5 err = 35.100000,	train_time = 1.823115
TRAIN Iter 126: loss = 0.004791,	Top-1 err = 45.200000,	Top-5 err = 23.100000,	train_time = 1.821490
TRAIN Iter 127: loss = 0.004601,	Top-1 err = 40.000000,	Top-5 err = 22.100000,	train_time = 1.818774
TRAIN Iter 128: loss = 0.004557,	Top-1 err = 30.900000,	Top-5 err = 15.200000,	train_time = 1.810252
TRAIN Iter 129: loss = 0.004983,	Top-1 err = 70.600000,	Top-5 err = 50.200000,	train_time = 1.803269
TRAIN Iter 130: loss = 0.004463,	Top-1 err = 36.000000,	Top-5 err = 20.300000,	train_time = 1.818721
TRAIN Iter 131: loss = 0.004660,	Top-1 err = 25.900000,	Top-5 err = 13.900000,	train_time = 1.813040
TRAIN Iter 132: loss = 0.004696,	Top-1 err = 36.900000,	Top-5 err = 21.500000,	train_time = 1.801345
TRAIN Iter 133: loss = 0.004654,	Top-1 err = 49.100000,	Top-5 err = 31.100000,	train_time = 1.810000
TRAIN Iter 134: loss = 0.004719,	Top-1 err = 43.600000,	Top-5 err = 26.100000,	train_time = 1.821836
TRAIN Iter 135: loss = 0.004493,	Top-1 err = 41.500000,	Top-5 err = 29.400000,	train_time = 1.800631
TRAIN Iter 136: loss = 0.004653,	Top-1 err = 45.100000,	Top-5 err = 30.200000,	train_time = 1.819571
TRAIN Iter 137: loss = 0.004437,	Top-1 err = 22.800000,	Top-5 err = 9.000000,	train_time = 1.794286
TRAIN Iter 138: loss = 0.004320,	Top-1 err = 26.600000,	Top-5 err = 14.700000,	train_time = 1.798735
TRAIN Iter 139: loss = 0.004590,	Top-1 err = 64.800000,	Top-5 err = 42.900000,	train_time = 1.814585
TRAIN Iter 140: loss = 0.004569,	Top-1 err = 33.700000,	Top-5 err = 18.200000,	train_time = 1.810238
TRAIN Iter 141: loss = 0.004577,	Top-1 err = 44.900000,	Top-5 err = 24.100000,	train_time = 1.826576
TRAIN Iter 142: loss = 0.004737,	Top-1 err = 47.600000,	Top-5 err = 26.900000,	train_time = 1.798051
TRAIN Iter 143: loss = 0.004539,	Top-1 err = 56.100000,	Top-5 err = 40.300000,	train_time = 1.814839
TRAIN Iter 144: loss = 0.004552,	Top-1 err = 50.200000,	Top-5 err = 32.700000,	train_time = 1.820905
TRAIN Iter 145: loss = 0.004358,	Top-1 err = 37.800000,	Top-5 err = 23.900000,	train_time = 1.802892
TRAIN Iter 146: loss = 0.004591,	Top-1 err = 54.100000,	Top-5 err = 33.800000,	train_time = 1.813453
TRAIN Iter 147: loss = 0.004658,	Top-1 err = 66.200000,	Top-5 err = 43.600000,	train_time = 1.820834
TRAIN Iter 148: loss = 0.004536,	Top-1 err = 35.100000,	Top-5 err = 17.500000,	train_time = 1.833206
TRAIN Iter 149: loss = 0.004430,	Top-1 err = 47.300000,	Top-5 err = 22.100000,	train_time = 1.834288
TRAIN Iter 150: loss = 0.004374,	Top-1 err = 23.000000,	Top-5 err = 10.900000,	train_time = 1.791491
TRAIN Iter 151: loss = 0.004212,	Top-1 err = 28.000000,	Top-5 err = 19.600000,	train_time = 1.796466
TRAIN Iter 152: loss = 0.004321,	Top-1 err = 35.000000,	Top-5 err = 22.000000,	train_time = 1.816038
TRAIN Iter 153: loss = 0.004314,	Top-1 err = 35.500000,	Top-5 err = 16.000000,	train_time = 1.821678
TRAIN Iter 154: loss = 0.004360,	Top-1 err = 37.700000,	Top-5 err = 21.000000,	train_time = 1.811071
TRAIN Iter 155: loss = 0.004553,	Top-1 err = 44.300000,	Top-5 err = 22.400000,	train_time = 1.829474
TRAIN Iter 156: loss = 0.004381,	Top-1 err = 44.100000,	Top-5 err = 29.300000,	train_time = 1.809537
TRAIN Iter 157: loss = 0.004299,	Top-1 err = 38.800000,	Top-5 err = 26.300000,	train_time = 1.812805
TRAIN Iter 158: loss = 0.004261,	Top-1 err = 41.500000,	Top-5 err = 21.200000,	train_time = 1.804058
TRAIN Iter 159: loss = 0.003968,	Top-1 err = 12.800000,	Top-5 err = 4.000000,	train_time = 1.825647
TRAIN Iter 160: loss = 0.004359,	Top-1 err = 44.100000,	Top-5 err = 26.300000,	train_time = 1.835609
TRAIN Iter 161: loss = 0.004088,	Top-1 err = 42.800000,	Top-5 err = 25.900000,	train_time = 1.824127
TRAIN Iter 162: loss = 0.004155,	Top-1 err = 32.100000,	Top-5 err = 16.800000,	train_time = 1.807913
TRAIN Iter 163: loss = 0.004282,	Top-1 err = 31.700000,	Top-5 err = 13.800000,	train_time = 1.834696
TRAIN Iter 164: loss = 0.004014,	Top-1 err = 49.300000,	Top-5 err = 37.100000,	train_time = 1.806937
TRAIN Iter 165: loss = 0.004332,	Top-1 err = 42.800000,	Top-5 err = 27.400000,	train_time = 1.842388
TRAIN Iter 166: loss = 0.004003,	Top-1 err = 20.900000,	Top-5 err = 7.900000,	train_time = 1.819173
TRAIN Iter 167: loss = 0.004048,	Top-1 err = 24.000000,	Top-5 err = 9.700000,	train_time = 1.833359
TRAIN Iter 168: loss = 0.004262,	Top-1 err = 31.000000,	Top-5 err = 14.500000,	train_time = 1.818761
TRAIN Iter 169: loss = 0.004221,	Top-1 err = 34.600000,	Top-5 err = 17.200000,	train_time = 1.822594
TRAIN Iter 170: loss = 0.004142,	Top-1 err = 29.300000,	Top-5 err = 16.400000,	train_time = 1.811951
TRAIN Iter 171: loss = 0.004376,	Top-1 err = 42.500000,	Top-5 err = 22.400000,	train_time = 1.830438
TRAIN Iter 172: loss = 0.003926,	Top-1 err = 33.800000,	Top-5 err = 22.500000,	train_time = 1.811760
TRAIN Iter 173: loss = 0.003892,	Top-1 err = 40.200000,	Top-5 err = 26.100000,	train_time = 1.812190
TRAIN Iter 174: loss = 0.004019,	Top-1 err = 35.000000,	Top-5 err = 20.700000,	train_time = 1.801151
TRAIN Iter 175: loss = 0.003986,	Top-1 err = 30.500000,	Top-5 err = 15.200000,	train_time = 1.827652
TRAIN Iter 176: loss = 0.004143,	Top-1 err = 29.600000,	Top-5 err = 13.700000,	train_time = 1.813401
TRAIN Iter 177: loss = 0.003847,	Top-1 err = 43.300000,	Top-5 err = 31.400000,	train_time = 1.809121
TRAIN Iter 178: loss = 0.004086,	Top-1 err = 40.000000,	Top-5 err = 23.500000,	train_time = 1.808856
TRAIN Iter 179: loss = 0.004014,	Top-1 err = 29.900000,	Top-5 err = 18.500000,	train_time = 1.812063
TRAIN Iter 180: loss = 0.004035,	Top-1 err = 39.400000,	Top-5 err = 24.000000,	train_time = 1.804612
TRAIN Iter 181: loss = 0.004255,	Top-1 err = 38.100000,	Top-5 err = 20.300000,	train_time = 1.817108
TRAIN Iter 182: loss = 0.003746,	Top-1 err = 25.500000,	Top-5 err = 12.100000,	train_time = 1.820959
TRAIN Iter 183: loss = 0.004335,	Top-1 err = 55.300000,	Top-5 err = 30.100000,	train_time = 1.811414
TRAIN Iter 184: loss = 0.003983,	Top-1 err = 39.000000,	Top-5 err = 21.400000,	train_time = 1.814623
TRAIN Iter 185: loss = 0.004046,	Top-1 err = 47.600000,	Top-5 err = 32.900000,	train_time = 1.826638
TRAIN Iter 186: loss = 0.003892,	Top-1 err = 22.700000,	Top-5 err = 11.700000,	train_time = 1.825267
TRAIN Iter 187: loss = 0.004165,	Top-1 err = 35.900000,	Top-5 err = 21.200000,	train_time = 1.816234
TRAIN Iter 188: loss = 0.004071,	Top-1 err = 35.400000,	Top-5 err = 14.300000,	train_time = 1.836756
TRAIN Iter 189: loss = 0.003956,	Top-1 err = 53.400000,	Top-5 err = 36.000000,	train_time = 1.820107
TRAIN Iter 190: loss = 0.004001,	Top-1 err = 41.000000,	Top-5 err = 23.000000,	train_time = 1.819289
TRAIN Iter 191: loss = 0.004249,	Top-1 err = 44.600000,	Top-5 err = 29.200000,	train_time = 1.831926
TRAIN Iter 192: loss = 0.003839,	Top-1 err = 31.800000,	Top-5 err = 17.400000,	train_time = 1.830178
TRAIN Iter 193: loss = 0.003849,	Top-1 err = 35.000000,	Top-5 err = 19.800000,	train_time = 1.810421
TRAIN Iter 194: loss = 0.004073,	Top-1 err = 49.500000,	Top-5 err = 32.200000,	train_time = 1.815994
TRAIN Iter 195: loss = 0.003878,	Top-1 err = 44.600000,	Top-5 err = 26.500000,	train_time = 1.818420
TRAIN Iter 196: loss = 0.004096,	Top-1 err = 37.100000,	Top-5 err = 19.000000,	train_time = 1.792402
TRAIN Iter 197: loss = 0.003758,	Top-1 err = 32.700000,	Top-5 err = 17.400000,	train_time = 1.811763
TRAIN Iter 198: loss = 0.003759,	Top-1 err = 49.400000,	Top-5 err = 35.200000,	train_time = 1.826603
TRAIN Iter 199: loss = 0.003852,	Top-1 err = 40.400000,	Top-5 err = 26.500000,	train_time = 1.799759
TRAIN Iter 200: loss = 0.003834,	Top-1 err = 26.900000,	Top-5 err = 16.200000,	train_time = 1.811044
TRAIN Iter 201: loss = 0.003967,	Top-1 err = 41.800000,	Top-5 err = 25.600000,	train_time = 1.793895
TRAIN Iter 202: loss = 0.003839,	Top-1 err = 28.400000,	Top-5 err = 17.400000,	train_time = 1.812913
TRAIN Iter 203: loss = 0.003797,	Top-1 err = 32.500000,	Top-5 err = 17.000000,	train_time = 1.825120
TRAIN Iter 204: loss = 0.004098,	Top-1 err = 40.300000,	Top-5 err = 24.300000,	train_time = 1.820436
TRAIN Iter 205: loss = 0.003957,	Top-1 err = 45.900000,	Top-5 err = 32.900000,	train_time = 1.819458
TRAIN Iter 206: loss = 0.003863,	Top-1 err = 50.100000,	Top-5 err = 34.000000,	train_time = 1.799156
TRAIN Iter 207: loss = 0.003804,	Top-1 err = 39.200000,	Top-5 err = 24.100000,	train_time = 1.817368
TRAIN Iter 208: loss = 0.003950,	Top-1 err = 55.600000,	Top-5 err = 37.200000,	train_time = 1.810954
TRAIN Iter 209: loss = 0.003602,	Top-1 err = 36.500000,	Top-5 err = 20.000000,	train_time = 1.808774
TRAIN Iter 210: loss = 0.003626,	Top-1 err = 42.500000,	Top-5 err = 27.900000,	train_time = 1.805588
TRAIN Iter 211: loss = 0.003892,	Top-1 err = 46.100000,	Top-5 err = 24.400000,	train_time = 1.824503
TRAIN Iter 212: loss = 0.003578,	Top-1 err = 37.200000,	Top-5 err = 24.000000,	train_time = 1.801082
TRAIN Iter 213: loss = 0.003922,	Top-1 err = 45.300000,	Top-5 err = 28.100000,	train_time = 1.807817
TRAIN Iter 214: loss = 0.003556,	Top-1 err = 30.700000,	Top-5 err = 16.800000,	train_time = 1.829072
TRAIN Iter 215: loss = 0.004059,	Top-1 err = 54.900000,	Top-5 err = 36.200000,	train_time = 1.798418
TRAIN Iter 216: loss = 0.003627,	Top-1 err = 34.200000,	Top-5 err = 17.100000,	train_time = 1.825198
TRAIN Iter 217: loss = 0.003783,	Top-1 err = 34.600000,	Top-5 err = 18.300000,	train_time = 1.830246
TRAIN Iter 218: loss = 0.003543,	Top-1 err = 42.400000,	Top-5 err = 29.900000,	train_time = 1.824321
TRAIN Iter 219: loss = 0.003387,	Top-1 err = 34.200000,	Top-5 err = 21.600000,	train_time = 1.831851
TRAIN Iter 220: loss = 0.003875,	Top-1 err = 33.000000,	Top-5 err = 14.900000,	train_time = 1.808490
TRAIN Iter 221: loss = 0.003697,	Top-1 err = 28.200000,	Top-5 err = 13.100000,	train_time = 1.796684
TRAIN Iter 222: loss = 0.003488,	Top-1 err = 25.400000,	Top-5 err = 12.500000,	train_time = 1.823900
TRAIN Iter 223: loss = 0.003357,	Top-1 err = 30.700000,	Top-5 err = 19.500000,	train_time = 1.809698
TRAIN Iter 224: loss = 0.003409,	Top-1 err = 25.300000,	Top-5 err = 13.000000,	train_time = 1.821593
TRAIN Iter 225: loss = 0.003504,	Top-1 err = 26.900000,	Top-5 err = 15.700000,	train_time = 1.807442
TRAIN Iter 226: loss = 0.003591,	Top-1 err = 39.300000,	Top-5 err = 22.800000,	train_time = 1.833127
TRAIN Iter 227: loss = 0.003716,	Top-1 err = 38.500000,	Top-5 err = 27.600000,	train_time = 1.818758
TRAIN Iter 228: loss = 0.003645,	Top-1 err = 43.000000,	Top-5 err = 27.600000,	train_time = 1.826289
TRAIN Iter 229: loss = 0.003589,	Top-1 err = 36.300000,	Top-5 err = 18.600000,	train_time = 1.812213
TRAIN Iter 230: loss = 0.003471,	Top-1 err = 37.100000,	Top-5 err = 22.200000,	train_time = 1.822236
TRAIN Iter 231: loss = 0.003732,	Top-1 err = 53.100000,	Top-5 err = 34.300000,	train_time = 1.829351
TRAIN Iter 232: loss = 0.003406,	Top-1 err = 25.000000,	Top-5 err = 11.000000,	train_time = 1.814142
TRAIN Iter 233: loss = 0.003680,	Top-1 err = 45.100000,	Top-5 err = 28.200000,	train_time = 1.810186
TRAIN Iter 234: loss = 0.003706,	Top-1 err = 45.400000,	Top-5 err = 25.200000,	train_time = 1.818732
TRAIN Iter 235: loss = 0.003378,	Top-1 err = 33.200000,	Top-5 err = 16.400000,	train_time = 1.806639
TRAIN Iter 236: loss = 0.003537,	Top-1 err = 45.600000,	Top-5 err = 32.700000,	train_time = 1.805016
TRAIN Iter 237: loss = 0.003568,	Top-1 err = 35.300000,	Top-5 err = 20.800000,	train_time = 1.816656
TRAIN Iter 238: loss = 0.003700,	Top-1 err = 43.600000,	Top-5 err = 23.600000,	train_time = 1.828010
TRAIN Iter 239: loss = 0.003546,	Top-1 err = 42.800000,	Top-5 err = 28.000000,	train_time = 1.804806
TRAIN Iter 240: loss = 0.003700,	Top-1 err = 39.000000,	Top-5 err = 19.600000,	train_time = 1.819249
TRAIN Iter 241: loss = 0.003713,	Top-1 err = 44.900000,	Top-5 err = 28.000000,	train_time = 1.825163
TRAIN Iter 242: loss = 0.003646,	Top-1 err = 41.300000,	Top-5 err = 25.200000,	train_time = 1.813142
TRAIN Iter 243: loss = 0.003725,	Top-1 err = 51.000000,	Top-5 err = 32.400000,	train_time = 1.827678
TRAIN Iter 244: loss = 0.003566,	Top-1 err = 39.400000,	Top-5 err = 22.000000,	train_time = 1.805481
TRAIN Iter 245: loss = 0.003413,	Top-1 err = 31.300000,	Top-5 err = 14.900000,	train_time = 1.799803
TRAIN Iter 246: loss = 0.003034,	Top-1 err = 20.400000,	Top-5 err = 12.300000,	train_time = 1.817135
TRAIN Iter 247: loss = 0.003173,	Top-1 err = 33.400000,	Top-5 err = 17.900000,	train_time = 1.823540
TRAIN Iter 248: loss = 0.003389,	Top-1 err = 36.000000,	Top-5 err = 19.300000,	train_time = 1.803809
TRAIN Iter 249: loss = 0.003498,	Top-1 err = 35.600000,	Top-5 err = 19.900000,	train_time = 1.810963
TEST:
Iter 249: loss = 2.101349,	Top-1 err = 51.780000,	Top-5 err = 20.960000,	val_time = 3.372692
TRAIN Iter 250: loss = 0.003346,	Top-1 err = 24.000000,	Top-5 err = 9.700000,	train_time = 1.810411
TRAIN Iter 251: loss = 0.003356,	Top-1 err = 35.200000,	Top-5 err = 26.300000,	train_time = 1.818963
TRAIN Iter 252: loss = 0.003666,	Top-1 err = 49.800000,	Top-5 err = 27.600000,	train_time = 1.803427
TRAIN Iter 253: loss = 0.003620,	Top-1 err = 40.600000,	Top-5 err = 20.700000,	train_time = 1.812775
TRAIN Iter 254: loss = 0.003278,	Top-1 err = 24.100000,	Top-5 err = 13.400000,	train_time = 1.812218
TRAIN Iter 255: loss = 0.003294,	Top-1 err = 34.100000,	Top-5 err = 12.800000,	train_time = 1.818771
TRAIN Iter 256: loss = 0.003584,	Top-1 err = 52.800000,	Top-5 err = 34.700000,	train_time = 1.823232
TRAIN Iter 257: loss = 0.003618,	Top-1 err = 44.200000,	Top-5 err = 22.200000,	train_time = 1.821948
TRAIN Iter 258: loss = 0.003458,	Top-1 err = 39.600000,	Top-5 err = 23.600000,	train_time = 1.810641
TRAIN Iter 259: loss = 0.003753,	Top-1 err = 53.500000,	Top-5 err = 31.800000,	train_time = 1.824463
TEST:
Iter 259: loss = 2.129246,	Top-1 err = 51.050000,	Top-5 err = 21.080000,	val_time = 3.369400
TRAIN Iter 260: loss = 0.003442,	Top-1 err = 42.500000,	Top-5 err = 25.400000,	train_time = 1.817226
TRAIN Iter 261: loss = 0.003376,	Top-1 err = 34.800000,	Top-5 err = 19.000000,	train_time = 1.811151
TRAIN Iter 262: loss = 0.003498,	Top-1 err = 45.000000,	Top-5 err = 25.800000,	train_time = 1.802634
TRAIN Iter 263: loss = 0.003355,	Top-1 err = 36.300000,	Top-5 err = 17.500000,	train_time = 1.814902
TRAIN Iter 264: loss = 0.003363,	Top-1 err = 39.500000,	Top-5 err = 22.500000,	train_time = 1.800662
TRAIN Iter 265: loss = 0.003490,	Top-1 err = 32.100000,	Top-5 err = 14.600000,	train_time = 1.803520
TRAIN Iter 266: loss = 0.003214,	Top-1 err = 33.100000,	Top-5 err = 18.300000,	train_time = 1.807149
TRAIN Iter 267: loss = 0.003264,	Top-1 err = 40.400000,	Top-5 err = 24.900000,	train_time = 1.824027
TRAIN Iter 268: loss = 0.003421,	Top-1 err = 43.600000,	Top-5 err = 22.300000,	train_time = 1.816656
TRAIN Iter 269: loss = 0.003667,	Top-1 err = 65.100000,	Top-5 err = 46.300000,	train_time = 1.820685
TEST:
Iter 269: loss = 2.097870,	Top-1 err = 51.350000,	Top-5 err = 20.720000,	val_time = 3.370349
TRAIN Iter 270: loss = 0.003227,	Top-1 err = 38.500000,	Top-5 err = 23.000000,	train_time = 1.807686
TRAIN Iter 271: loss = 0.003721,	Top-1 err = 59.000000,	Top-5 err = 34.900000,	train_time = 1.806280
TRAIN Iter 272: loss = 0.003396,	Top-1 err = 51.300000,	Top-5 err = 34.500000,	train_time = 1.823837
TRAIN Iter 273: loss = 0.003229,	Top-1 err = 29.300000,	Top-5 err = 12.700000,	train_time = 1.816218
TRAIN Iter 274: loss = 0.003580,	Top-1 err = 39.500000,	Top-5 err = 24.100000,	train_time = 1.821655
TRAIN Iter 275: loss = 0.003358,	Top-1 err = 48.000000,	Top-5 err = 30.000000,	train_time = 1.816256
TRAIN Iter 276: loss = 0.003241,	Top-1 err = 29.100000,	Top-5 err = 11.800000,	train_time = 1.809082
TRAIN Iter 277: loss = 0.003112,	Top-1 err = 30.600000,	Top-5 err = 18.400000,	train_time = 1.814286
TRAIN Iter 278: loss = 0.003642,	Top-1 err = 50.900000,	Top-5 err = 33.600000,	train_time = 1.809068
TRAIN Iter 279: loss = 0.003556,	Top-1 err = 59.200000,	Top-5 err = 38.800000,	train_time = 1.823287
TEST:
Iter 279: loss = 2.034056,	Top-1 err = 50.540000,	Top-5 err = 19.590000,	val_time = 3.361193
TRAIN Iter 280: loss = 0.003514,	Top-1 err = 43.500000,	Top-5 err = 24.300000,	train_time = 1.791418
TRAIN Iter 281: loss = 0.003036,	Top-1 err = 23.700000,	Top-5 err = 12.500000,	train_time = 1.806933
TRAIN Iter 282: loss = 0.003347,	Top-1 err = 47.600000,	Top-5 err = 33.400000,	train_time = 1.805600
TRAIN Iter 283: loss = 0.003225,	Top-1 err = 43.300000,	Top-5 err = 25.400000,	train_time = 1.808777
TRAIN Iter 284: loss = 0.003058,	Top-1 err = 34.100000,	Top-5 err = 24.200000,	train_time = 1.809747
TRAIN Iter 285: loss = 0.003133,	Top-1 err = 19.200000,	Top-5 err = 7.300000,	train_time = 1.822644
TRAIN Iter 286: loss = 0.003163,	Top-1 err = 31.000000,	Top-5 err = 15.400000,	train_time = 1.814798
TRAIN Iter 287: loss = 0.003258,	Top-1 err = 63.400000,	Top-5 err = 46.800000,	train_time = 1.790123
TRAIN Iter 288: loss = 0.003094,	Top-1 err = 29.100000,	Top-5 err = 18.900000,	train_time = 1.809501
TRAIN Iter 289: loss = 0.003142,	Top-1 err = 38.400000,	Top-5 err = 21.700000,	train_time = 1.818809
TEST:
Iter 289: loss = 1.989122,	Top-1 err = 49.010000,	Top-5 err = 19.260000,	val_time = 3.389594
TRAIN Iter 290: loss = 0.003392,	Top-1 err = 54.100000,	Top-5 err = 32.200000,	train_time = 1.797768
TRAIN Iter 291: loss = 0.003334,	Top-1 err = 37.600000,	Top-5 err = 17.700000,	train_time = 1.803949
TRAIN Iter 292: loss = 0.002975,	Top-1 err = 35.400000,	Top-5 err = 23.600000,	train_time = 1.818066
TRAIN Iter 293: loss = 0.003212,	Top-1 err = 33.400000,	Top-5 err = 16.600000,	train_time = 1.805499
TRAIN Iter 294: loss = 0.003348,	Top-1 err = 41.900000,	Top-5 err = 25.200000,	train_time = 1.820385
TRAIN Iter 295: loss = 0.003402,	Top-1 err = 45.200000,	Top-5 err = 26.600000,	train_time = 1.812137
TRAIN Iter 296: loss = 0.003196,	Top-1 err = 41.400000,	Top-5 err = 26.500000,	train_time = 1.820619
TRAIN Iter 297: loss = 0.003502,	Top-1 err = 51.500000,	Top-5 err = 32.900000,	train_time = 1.829408
TRAIN Iter 298: loss = 0.003318,	Top-1 err = 53.700000,	Top-5 err = 37.900000,	train_time = 1.839255
TRAIN Iter 299: loss = 0.003025,	Top-1 err = 36.700000,	Top-5 err = 24.000000,	train_time = 1.798999
TEST:
Iter 299: loss = 1.936461,	Top-1 err = 48.610000,	Top-5 err = 18.760000,	val_time = 3.380608
Train Finish! Best accuracy is 51.39@299
