/home/dvspanos/miniconda3/envs/rded/lib/python3.10/site-packages/torch/cuda/__init__.py:611: UserWarning: Can't initialize NVML
  warnings.warn("Can't initialize NVML")
=> using pytorch pre-trained teacher model 'conv3'
process data from /home/dvspanos/nikos/ca2d/artifacts/sets/rcad2d_feat_fl_ipc10
load data successfully
TRAIN Iter 0: loss = 0.020971,	Top-1 err = 96.900000,	Top-5 err = 87.900000,	train_time = 1.135700
TRAIN Iter 1: loss = 0.019761,	Top-1 err = 93.700000,	Top-5 err = 74.600000,	train_time = 0.348731
TRAIN Iter 2: loss = 0.017233,	Top-1 err = 86.800000,	Top-5 err = 68.500000,	train_time = 0.399268
TRAIN Iter 3: loss = 0.016846,	Top-1 err = 86.400000,	Top-5 err = 63.500000,	train_time = 0.362118
TRAIN Iter 4: loss = 0.016399,	Top-1 err = 83.900000,	Top-5 err = 60.600000,	train_time = 0.376977
TRAIN Iter 5: loss = 0.015102,	Top-1 err = 81.500000,	Top-5 err = 55.100000,	train_time = 0.360952
TRAIN Iter 6: loss = 0.015238,	Top-1 err = 81.900000,	Top-5 err = 57.000000,	train_time = 0.401661
TRAIN Iter 7: loss = 0.013860,	Top-1 err = 80.400000,	Top-5 err = 56.300000,	train_time = 0.387145
TRAIN Iter 8: loss = 0.013552,	Top-1 err = 75.600000,	Top-5 err = 49.600000,	train_time = 0.387759
TRAIN Iter 9: loss = 0.013075,	Top-1 err = 73.100000,	Top-5 err = 49.600000,	train_time = 0.324634
TRAIN Iter 10: loss = 0.012131,	Top-1 err = 72.500000,	Top-5 err = 46.900000,	train_time = 0.384218
TRAIN Iter 11: loss = 0.012508,	Top-1 err = 72.800000,	Top-5 err = 48.200000,	train_time = 0.383776
TRAIN Iter 12: loss = 0.011394,	Top-1 err = 66.000000,	Top-5 err = 36.300000,	train_time = 0.390127
TRAIN Iter 13: loss = 0.011847,	Top-1 err = 66.000000,	Top-5 err = 42.300000,	train_time = 0.315249
TRAIN Iter 14: loss = 0.010883,	Top-1 err = 67.800000,	Top-5 err = 42.700000,	train_time = 0.392024
TRAIN Iter 15: loss = 0.010475,	Top-1 err = 56.500000,	Top-5 err = 28.600000,	train_time = 0.377504
TRAIN Iter 16: loss = 0.010173,	Top-1 err = 58.300000,	Top-5 err = 34.800000,	train_time = 0.384200
TRAIN Iter 17: loss = 0.009886,	Top-1 err = 61.100000,	Top-5 err = 37.000000,	train_time = 0.380762
TRAIN Iter 18: loss = 0.009692,	Top-1 err = 61.000000,	Top-5 err = 35.400000,	train_time = 0.387305
TRAIN Iter 19: loss = 0.009549,	Top-1 err = 62.000000,	Top-5 err = 37.500000,	train_time = 0.329710
TRAIN Iter 20: loss = 0.009284,	Top-1 err = 57.800000,	Top-5 err = 32.600000,	train_time = 0.395796
TRAIN Iter 21: loss = 0.009187,	Top-1 err = 56.000000,	Top-5 err = 31.800000,	train_time = 0.382399
TRAIN Iter 22: loss = 0.008462,	Top-1 err = 60.000000,	Top-5 err = 36.600000,	train_time = 0.388598
TRAIN Iter 23: loss = 0.008939,	Top-1 err = 50.400000,	Top-5 err = 26.600000,	train_time = 0.374647
TRAIN Iter 24: loss = 0.008899,	Top-1 err = 60.700000,	Top-5 err = 38.200000,	train_time = 0.379695
TRAIN Iter 25: loss = 0.008864,	Top-1 err = 54.100000,	Top-5 err = 30.500000,	train_time = 0.366054
TRAIN Iter 26: loss = 0.008284,	Top-1 err = 53.600000,	Top-5 err = 31.000000,	train_time = 0.409019
TRAIN Iter 27: loss = 0.008420,	Top-1 err = 55.300000,	Top-5 err = 29.800000,	train_time = 0.431538
TRAIN Iter 28: loss = 0.007933,	Top-1 err = 55.600000,	Top-5 err = 32.100000,	train_time = 0.374163
TRAIN Iter 29: loss = 0.007956,	Top-1 err = 43.500000,	Top-5 err = 23.300000,	train_time = 0.387913
TRAIN Iter 30: loss = 0.007808,	Top-1 err = 55.300000,	Top-5 err = 32.000000,	train_time = 0.394579
TRAIN Iter 31: loss = 0.007959,	Top-1 err = 47.500000,	Top-5 err = 28.100000,	train_time = 0.347665
TRAIN Iter 32: loss = 0.007602,	Top-1 err = 54.500000,	Top-5 err = 33.300000,	train_time = 0.403539
TRAIN Iter 33: loss = 0.007498,	Top-1 err = 45.200000,	Top-5 err = 25.200000,	train_time = 0.390939
TRAIN Iter 34: loss = 0.007707,	Top-1 err = 51.100000,	Top-5 err = 30.000000,	train_time = 0.378872
TRAIN Iter 35: loss = 0.007411,	Top-1 err = 48.800000,	Top-5 err = 25.900000,	train_time = 0.379640
TRAIN Iter 36: loss = 0.007107,	Top-1 err = 43.400000,	Top-5 err = 20.800000,	train_time = 0.376866
TRAIN Iter 37: loss = 0.007257,	Top-1 err = 49.600000,	Top-5 err = 31.500000,	train_time = 0.368987
TRAIN Iter 38: loss = 0.007103,	Top-1 err = 46.400000,	Top-5 err = 25.500000,	train_time = 0.362989
TRAIN Iter 39: loss = 0.006826,	Top-1 err = 41.300000,	Top-5 err = 22.000000,	train_time = 0.412915
TRAIN Iter 40: loss = 0.006655,	Top-1 err = 49.000000,	Top-5 err = 27.100000,	train_time = 0.397484
TRAIN Iter 41: loss = 0.006683,	Top-1 err = 43.700000,	Top-5 err = 23.700000,	train_time = 0.363519
TRAIN Iter 42: loss = 0.006870,	Top-1 err = 49.200000,	Top-5 err = 28.400000,	train_time = 0.377925
TRAIN Iter 43: loss = 0.006841,	Top-1 err = 53.400000,	Top-5 err = 32.400000,	train_time = 0.400673
TRAIN Iter 44: loss = 0.006708,	Top-1 err = 47.200000,	Top-5 err = 26.800000,	train_time = 0.381963
TRAIN Iter 45: loss = 0.006406,	Top-1 err = 46.500000,	Top-5 err = 26.300000,	train_time = 0.415469
TRAIN Iter 46: loss = 0.006524,	Top-1 err = 48.400000,	Top-5 err = 28.000000,	train_time = 0.399711
TRAIN Iter 47: loss = 0.006450,	Top-1 err = 45.900000,	Top-5 err = 26.700000,	train_time = 0.392870
TRAIN Iter 48: loss = 0.006557,	Top-1 err = 51.400000,	Top-5 err = 33.100000,	train_time = 0.375862
TRAIN Iter 49: loss = 0.006142,	Top-1 err = 53.600000,	Top-5 err = 31.700000,	train_time = 0.362003
TRAIN Iter 50: loss = 0.006242,	Top-1 err = 43.800000,	Top-5 err = 26.100000,	train_time = 0.390539
TRAIN Iter 51: loss = 0.006329,	Top-1 err = 47.000000,	Top-5 err = 26.100000,	train_time = 0.353247
TRAIN Iter 52: loss = 0.006292,	Top-1 err = 50.500000,	Top-5 err = 29.900000,	train_time = 0.376152
TRAIN Iter 53: loss = 0.006006,	Top-1 err = 42.800000,	Top-5 err = 22.800000,	train_time = 0.378560
TRAIN Iter 54: loss = 0.005784,	Top-1 err = 39.400000,	Top-5 err = 21.700000,	train_time = 0.361290
TRAIN Iter 55: loss = 0.005935,	Top-1 err = 34.300000,	Top-5 err = 18.100000,	train_time = 0.363068
TRAIN Iter 56: loss = 0.005999,	Top-1 err = 46.000000,	Top-5 err = 28.200000,	train_time = 0.378546
TRAIN Iter 57: loss = 0.005727,	Top-1 err = 37.400000,	Top-5 err = 19.400000,	train_time = 0.379174
TRAIN Iter 58: loss = 0.005646,	Top-1 err = 44.300000,	Top-5 err = 26.500000,	train_time = 0.404679
TRAIN Iter 59: loss = 0.005875,	Top-1 err = 40.800000,	Top-5 err = 23.500000,	train_time = 0.366279
TRAIN Iter 60: loss = 0.005552,	Top-1 err = 41.900000,	Top-5 err = 19.700000,	train_time = 0.386590
TRAIN Iter 61: loss = 0.005523,	Top-1 err = 41.300000,	Top-5 err = 22.800000,	train_time = 0.352302
TRAIN Iter 62: loss = 0.005461,	Top-1 err = 42.700000,	Top-5 err = 24.500000,	train_time = 0.384056
TRAIN Iter 63: loss = 0.005566,	Top-1 err = 48.300000,	Top-5 err = 27.100000,	train_time = 0.363668
TRAIN Iter 64: loss = 0.005509,	Top-1 err = 46.300000,	Top-5 err = 26.200000,	train_time = 0.355720
TRAIN Iter 65: loss = 0.005511,	Top-1 err = 42.800000,	Top-5 err = 24.500000,	train_time = 0.401158
TRAIN Iter 66: loss = 0.005666,	Top-1 err = 42.500000,	Top-5 err = 23.200000,	train_time = 0.395305
TRAIN Iter 67: loss = 0.005434,	Top-1 err = 44.200000,	Top-5 err = 25.000000,	train_time = 0.396576
TRAIN Iter 68: loss = 0.005358,	Top-1 err = 52.200000,	Top-5 err = 27.700000,	train_time = 0.334892
TRAIN Iter 69: loss = 0.005400,	Top-1 err = 47.000000,	Top-5 err = 28.300000,	train_time = 0.377391
TRAIN Iter 70: loss = 0.005399,	Top-1 err = 33.300000,	Top-5 err = 16.100000,	train_time = 0.372530
TRAIN Iter 71: loss = 0.005008,	Top-1 err = 43.300000,	Top-5 err = 24.700000,	train_time = 0.335470
TRAIN Iter 72: loss = 0.005179,	Top-1 err = 44.000000,	Top-5 err = 24.800000,	train_time = 0.371671
TRAIN Iter 73: loss = 0.005229,	Top-1 err = 45.900000,	Top-5 err = 26.900000,	train_time = 0.382983
TRAIN Iter 74: loss = 0.005415,	Top-1 err = 38.800000,	Top-5 err = 21.500000,	train_time = 0.376347
TRAIN Iter 75: loss = 0.005251,	Top-1 err = 40.400000,	Top-5 err = 22.700000,	train_time = 0.361801
TRAIN Iter 76: loss = 0.005156,	Top-1 err = 38.500000,	Top-5 err = 22.300000,	train_time = 0.392967
TRAIN Iter 77: loss = 0.005193,	Top-1 err = 45.000000,	Top-5 err = 28.000000,	train_time = 0.383924
TRAIN Iter 78: loss = 0.005232,	Top-1 err = 47.700000,	Top-5 err = 28.700000,	train_time = 0.379606
TRAIN Iter 79: loss = 0.005313,	Top-1 err = 50.100000,	Top-5 err = 30.800000,	train_time = 0.372060
TRAIN Iter 80: loss = 0.004883,	Top-1 err = 39.500000,	Top-5 err = 22.100000,	train_time = 0.384747
TRAIN Iter 81: loss = 0.004904,	Top-1 err = 37.400000,	Top-5 err = 18.400000,	train_time = 0.388872
TRAIN Iter 82: loss = 0.004833,	Top-1 err = 35.500000,	Top-5 err = 17.400000,	train_time = 0.389295
TRAIN Iter 83: loss = 0.005025,	Top-1 err = 48.100000,	Top-5 err = 26.800000,	train_time = 0.379459
TRAIN Iter 84: loss = 0.005078,	Top-1 err = 46.600000,	Top-5 err = 29.900000,	train_time = 0.395139
TRAIN Iter 85: loss = 0.005042,	Top-1 err = 53.400000,	Top-5 err = 37.700000,	train_time = 0.378851
TRAIN Iter 86: loss = 0.004962,	Top-1 err = 44.000000,	Top-5 err = 24.500000,	train_time = 0.405255
TRAIN Iter 87: loss = 0.004995,	Top-1 err = 50.400000,	Top-5 err = 30.700000,	train_time = 0.388679
TRAIN Iter 88: loss = 0.004858,	Top-1 err = 42.900000,	Top-5 err = 26.100000,	train_time = 0.401090
TRAIN Iter 89: loss = 0.005110,	Top-1 err = 45.400000,	Top-5 err = 26.700000,	train_time = 0.391921
TRAIN Iter 90: loss = 0.004792,	Top-1 err = 44.300000,	Top-5 err = 25.500000,	train_time = 0.384491
TRAIN Iter 91: loss = 0.004824,	Top-1 err = 30.900000,	Top-5 err = 15.300000,	train_time = 0.372008
TRAIN Iter 92: loss = 0.004688,	Top-1 err = 37.800000,	Top-5 err = 23.200000,	train_time = 0.382540
TRAIN Iter 93: loss = 0.004743,	Top-1 err = 36.200000,	Top-5 err = 19.600000,	train_time = 0.379603
TRAIN Iter 94: loss = 0.004726,	Top-1 err = 39.800000,	Top-5 err = 21.900000,	train_time = 0.377846
TRAIN Iter 95: loss = 0.004659,	Top-1 err = 41.600000,	Top-5 err = 23.900000,	train_time = 0.355156
TRAIN Iter 96: loss = 0.004674,	Top-1 err = 44.400000,	Top-5 err = 25.700000,	train_time = 0.399980
TRAIN Iter 97: loss = 0.004711,	Top-1 err = 43.000000,	Top-5 err = 27.900000,	train_time = 0.403576
TRAIN Iter 98: loss = 0.004764,	Top-1 err = 40.800000,	Top-5 err = 22.400000,	train_time = 0.363871
TRAIN Iter 99: loss = 0.004742,	Top-1 err = 38.000000,	Top-5 err = 20.300000,	train_time = 0.424411
TRAIN Iter 100: loss = 0.004474,	Top-1 err = 37.400000,	Top-5 err = 19.700000,	train_time = 0.385202
TRAIN Iter 101: loss = 0.004649,	Top-1 err = 46.200000,	Top-5 err = 27.800000,	train_time = 0.395639
TRAIN Iter 102: loss = 0.004617,	Top-1 err = 46.000000,	Top-5 err = 28.600000,	train_time = 0.392111
TRAIN Iter 103: loss = 0.004697,	Top-1 err = 47.300000,	Top-5 err = 31.200000,	train_time = 0.406764
TRAIN Iter 104: loss = 0.004498,	Top-1 err = 34.400000,	Top-5 err = 17.700000,	train_time = 0.389147
TRAIN Iter 105: loss = 0.004357,	Top-1 err = 31.600000,	Top-5 err = 14.100000,	train_time = 0.357361
TRAIN Iter 106: loss = 0.004460,	Top-1 err = 43.600000,	Top-5 err = 24.800000,	train_time = 0.366994
TRAIN Iter 107: loss = 0.004524,	Top-1 err = 37.700000,	Top-5 err = 22.600000,	train_time = 0.380070
TRAIN Iter 108: loss = 0.004444,	Top-1 err = 48.700000,	Top-5 err = 26.500000,	train_time = 0.390379
TRAIN Iter 109: loss = 0.004439,	Top-1 err = 38.600000,	Top-5 err = 21.100000,	train_time = 0.405412
TRAIN Iter 110: loss = 0.004404,	Top-1 err = 41.700000,	Top-5 err = 25.900000,	train_time = 0.388479
TRAIN Iter 111: loss = 0.004391,	Top-1 err = 30.600000,	Top-5 err = 14.800000,	train_time = 0.409748
TRAIN Iter 112: loss = 0.004284,	Top-1 err = 29.400000,	Top-5 err = 15.400000,	train_time = 0.386152
TRAIN Iter 113: loss = 0.004457,	Top-1 err = 38.000000,	Top-5 err = 21.600000,	train_time = 0.385141
TRAIN Iter 114: loss = 0.004511,	Top-1 err = 53.500000,	Top-5 err = 30.900000,	train_time = 0.333098
TRAIN Iter 115: loss = 0.004529,	Top-1 err = 45.300000,	Top-5 err = 25.100000,	train_time = 0.348013
TRAIN Iter 116: loss = 0.004564,	Top-1 err = 48.700000,	Top-5 err = 29.100000,	train_time = 0.400222
TRAIN Iter 117: loss = 0.004341,	Top-1 err = 44.200000,	Top-5 err = 28.900000,	train_time = 0.378350
TRAIN Iter 118: loss = 0.004282,	Top-1 err = 37.000000,	Top-5 err = 21.200000,	train_time = 0.392650
TRAIN Iter 119: loss = 0.004291,	Top-1 err = 46.200000,	Top-5 err = 25.400000,	train_time = 0.386884
TRAIN Iter 120: loss = 0.004091,	Top-1 err = 37.000000,	Top-5 err = 18.300000,	train_time = 0.360383
TRAIN Iter 121: loss = 0.004003,	Top-1 err = 32.600000,	Top-5 err = 18.700000,	train_time = 0.367572
TRAIN Iter 122: loss = 0.004335,	Top-1 err = 42.300000,	Top-5 err = 24.200000,	train_time = 0.388286
TRAIN Iter 123: loss = 0.004246,	Top-1 err = 37.900000,	Top-5 err = 22.900000,	train_time = 0.385259
TRAIN Iter 124: loss = 0.004161,	Top-1 err = 35.400000,	Top-5 err = 19.000000,	train_time = 0.367681
TRAIN Iter 125: loss = 0.004291,	Top-1 err = 39.300000,	Top-5 err = 22.100000,	train_time = 0.413305
TRAIN Iter 126: loss = 0.004188,	Top-1 err = 39.500000,	Top-5 err = 22.600000,	train_time = 0.387581
TRAIN Iter 127: loss = 0.004356,	Top-1 err = 47.800000,	Top-5 err = 30.200000,	train_time = 0.378296
TRAIN Iter 128: loss = 0.004217,	Top-1 err = 39.400000,	Top-5 err = 21.100000,	train_time = 0.402823
TRAIN Iter 129: loss = 0.004346,	Top-1 err = 42.500000,	Top-5 err = 23.700000,	train_time = 0.389469
TRAIN Iter 130: loss = 0.004274,	Top-1 err = 38.200000,	Top-5 err = 20.400000,	train_time = 0.377117
TRAIN Iter 131: loss = 0.004185,	Top-1 err = 37.400000,	Top-5 err = 22.100000,	train_time = 0.418403
TRAIN Iter 132: loss = 0.004169,	Top-1 err = 45.400000,	Top-5 err = 25.400000,	train_time = 0.367084
TRAIN Iter 133: loss = 0.004016,	Top-1 err = 43.000000,	Top-5 err = 26.700000,	train_time = 0.373774
TRAIN Iter 134: loss = 0.003995,	Top-1 err = 36.100000,	Top-5 err = 18.000000,	train_time = 0.357546
TRAIN Iter 135: loss = 0.004494,	Top-1 err = 48.200000,	Top-5 err = 30.000000,	train_time = 0.393665
TRAIN Iter 136: loss = 0.004103,	Top-1 err = 38.100000,	Top-5 err = 20.300000,	train_time = 0.380121
TRAIN Iter 137: loss = 0.003930,	Top-1 err = 42.500000,	Top-5 err = 25.100000,	train_time = 0.361703
TRAIN Iter 138: loss = 0.004022,	Top-1 err = 36.000000,	Top-5 err = 19.800000,	train_time = 0.336840
TRAIN Iter 139: loss = 0.003967,	Top-1 err = 38.600000,	Top-5 err = 22.900000,	train_time = 0.393198
TRAIN Iter 140: loss = 0.003857,	Top-1 err = 41.400000,	Top-5 err = 25.600000,	train_time = 0.363372
TRAIN Iter 141: loss = 0.004044,	Top-1 err = 36.800000,	Top-5 err = 21.300000,	train_time = 0.411531
TRAIN Iter 142: loss = 0.003832,	Top-1 err = 36.400000,	Top-5 err = 17.700000,	train_time = 0.386326
TRAIN Iter 143: loss = 0.004099,	Top-1 err = 37.800000,	Top-5 err = 19.100000,	train_time = 0.399614
TRAIN Iter 144: loss = 0.004153,	Top-1 err = 39.800000,	Top-5 err = 23.400000,	train_time = 0.365279
TRAIN Iter 145: loss = 0.004049,	Top-1 err = 33.100000,	Top-5 err = 18.500000,	train_time = 0.365768
TRAIN Iter 146: loss = 0.003943,	Top-1 err = 32.900000,	Top-5 err = 17.300000,	train_time = 0.373711
TRAIN Iter 147: loss = 0.004090,	Top-1 err = 46.600000,	Top-5 err = 27.500000,	train_time = 0.381470
TRAIN Iter 148: loss = 0.003865,	Top-1 err = 31.300000,	Top-5 err = 17.300000,	train_time = 0.385646
TRAIN Iter 149: loss = 0.003997,	Top-1 err = 40.900000,	Top-5 err = 22.800000,	train_time = 0.387732
TRAIN Iter 150: loss = 0.003907,	Top-1 err = 40.700000,	Top-5 err = 21.800000,	train_time = 0.369204
TRAIN Iter 151: loss = 0.003921,	Top-1 err = 41.500000,	Top-5 err = 22.600000,	train_time = 0.396439
TRAIN Iter 152: loss = 0.003795,	Top-1 err = 34.900000,	Top-5 err = 19.200000,	train_time = 0.403698
TRAIN Iter 153: loss = 0.003792,	Top-1 err = 40.700000,	Top-5 err = 25.500000,	train_time = 0.380549
TRAIN Iter 154: loss = 0.003828,	Top-1 err = 38.200000,	Top-5 err = 21.900000,	train_time = 0.389225
TRAIN Iter 155: loss = 0.003817,	Top-1 err = 39.600000,	Top-5 err = 22.800000,	train_time = 0.385633
TRAIN Iter 156: loss = 0.003802,	Top-1 err = 40.500000,	Top-5 err = 23.100000,	train_time = 0.368920
TRAIN Iter 157: loss = 0.003886,	Top-1 err = 31.900000,	Top-5 err = 15.500000,	train_time = 0.399107
TRAIN Iter 158: loss = 0.004027,	Top-1 err = 41.500000,	Top-5 err = 25.700000,	train_time = 0.382837
TRAIN Iter 159: loss = 0.003919,	Top-1 err = 37.700000,	Top-5 err = 21.500000,	train_time = 0.375182
TRAIN Iter 160: loss = 0.003917,	Top-1 err = 40.500000,	Top-5 err = 26.300000,	train_time = 0.398861
TRAIN Iter 161: loss = 0.003814,	Top-1 err = 36.700000,	Top-5 err = 20.400000,	train_time = 0.404617
TRAIN Iter 162: loss = 0.003843,	Top-1 err = 39.800000,	Top-5 err = 25.300000,	train_time = 0.409790
TRAIN Iter 163: loss = 0.003582,	Top-1 err = 26.800000,	Top-5 err = 14.000000,	train_time = 0.377686
TRAIN Iter 164: loss = 0.003677,	Top-1 err = 37.100000,	Top-5 err = 23.200000,	train_time = 0.394376
TRAIN Iter 165: loss = 0.003631,	Top-1 err = 36.100000,	Top-5 err = 20.500000,	train_time = 0.369958
TRAIN Iter 166: loss = 0.003510,	Top-1 err = 38.600000,	Top-5 err = 22.200000,	train_time = 0.362632
TRAIN Iter 167: loss = 0.003563,	Top-1 err = 35.300000,	Top-5 err = 18.400000,	train_time = 0.401618
TRAIN Iter 168: loss = 0.003683,	Top-1 err = 37.600000,	Top-5 err = 20.500000,	train_time = 0.388607
TRAIN Iter 169: loss = 0.003765,	Top-1 err = 41.300000,	Top-5 err = 23.300000,	train_time = 0.417825
TRAIN Iter 170: loss = 0.003720,	Top-1 err = 41.300000,	Top-5 err = 24.100000,	train_time = 0.386024
TRAIN Iter 171: loss = 0.003899,	Top-1 err = 48.700000,	Top-5 err = 31.000000,	train_time = 0.393001
TRAIN Iter 172: loss = 0.003795,	Top-1 err = 40.600000,	Top-5 err = 25.500000,	train_time = 0.382892
TRAIN Iter 173: loss = 0.003809,	Top-1 err = 46.500000,	Top-5 err = 28.000000,	train_time = 0.370828
TRAIN Iter 174: loss = 0.003688,	Top-1 err = 40.500000,	Top-5 err = 23.100000,	train_time = 0.360742
TRAIN Iter 175: loss = 0.003791,	Top-1 err = 43.100000,	Top-5 err = 26.700000,	train_time = 0.353738
TRAIN Iter 176: loss = 0.003674,	Top-1 err = 39.700000,	Top-5 err = 22.900000,	train_time = 0.366634
TRAIN Iter 177: loss = 0.003751,	Top-1 err = 38.200000,	Top-5 err = 20.900000,	train_time = 0.387608
TRAIN Iter 178: loss = 0.003716,	Top-1 err = 41.000000,	Top-5 err = 24.800000,	train_time = 0.362874
TRAIN Iter 179: loss = 0.003764,	Top-1 err = 33.800000,	Top-5 err = 21.300000,	train_time = 0.378398
TRAIN Iter 180: loss = 0.003638,	Top-1 err = 42.800000,	Top-5 err = 25.800000,	train_time = 0.377471
TRAIN Iter 181: loss = 0.003621,	Top-1 err = 44.000000,	Top-5 err = 26.100000,	train_time = 0.387995
TRAIN Iter 182: loss = 0.003523,	Top-1 err = 41.000000,	Top-5 err = 23.000000,	train_time = 0.372387
TRAIN Iter 183: loss = 0.003771,	Top-1 err = 41.500000,	Top-5 err = 22.800000,	train_time = 0.393414
TRAIN Iter 184: loss = 0.003742,	Top-1 err = 47.400000,	Top-5 err = 28.000000,	train_time = 0.421108
TRAIN Iter 185: loss = 0.004168,	Top-1 err = 52.400000,	Top-5 err = 34.900000,	train_time = 0.389838
TRAIN Iter 186: loss = 0.003910,	Top-1 err = 38.300000,	Top-5 err = 20.400000,	train_time = 0.361915
TRAIN Iter 187: loss = 0.003636,	Top-1 err = 49.200000,	Top-5 err = 29.700000,	train_time = 0.366429
TRAIN Iter 188: loss = 0.003769,	Top-1 err = 45.000000,	Top-5 err = 28.900000,	train_time = 0.376248
TRAIN Iter 189: loss = 0.003610,	Top-1 err = 31.800000,	Top-5 err = 17.900000,	train_time = 0.381769
TRAIN Iter 190: loss = 0.003679,	Top-1 err = 47.000000,	Top-5 err = 27.700000,	train_time = 0.348199
TRAIN Iter 191: loss = 0.003412,	Top-1 err = 27.500000,	Top-5 err = 13.700000,	train_time = 0.372886
TRAIN Iter 192: loss = 0.003710,	Top-1 err = 41.400000,	Top-5 err = 25.700000,	train_time = 0.388003
TRAIN Iter 193: loss = 0.003493,	Top-1 err = 36.100000,	Top-5 err = 18.000000,	train_time = 0.381453
TRAIN Iter 194: loss = 0.003434,	Top-1 err = 36.500000,	Top-5 err = 21.100000,	train_time = 0.406393
TRAIN Iter 195: loss = 0.003391,	Top-1 err = 36.900000,	Top-5 err = 19.400000,	train_time = 0.391795
TRAIN Iter 196: loss = 0.003415,	Top-1 err = 36.100000,	Top-5 err = 19.800000,	train_time = 0.379947
TRAIN Iter 197: loss = 0.003559,	Top-1 err = 39.700000,	Top-5 err = 21.700000,	train_time = 0.389618
TRAIN Iter 198: loss = 0.003427,	Top-1 err = 34.900000,	Top-5 err = 19.000000,	train_time = 0.393200
TRAIN Iter 199: loss = 0.003481,	Top-1 err = 40.200000,	Top-5 err = 23.600000,	train_time = 0.402429
TRAIN Iter 200: loss = 0.003541,	Top-1 err = 36.900000,	Top-5 err = 20.000000,	train_time = 0.402006
TRAIN Iter 201: loss = 0.003479,	Top-1 err = 36.700000,	Top-5 err = 20.400000,	train_time = 0.371935
TRAIN Iter 202: loss = 0.003640,	Top-1 err = 39.500000,	Top-5 err = 22.600000,	train_time = 0.397577
TRAIN Iter 203: loss = 0.003460,	Top-1 err = 39.100000,	Top-5 err = 24.200000,	train_time = 0.382211
TRAIN Iter 204: loss = 0.003423,	Top-1 err = 35.000000,	Top-5 err = 16.400000,	train_time = 0.374218
TRAIN Iter 205: loss = 0.003504,	Top-1 err = 40.600000,	Top-5 err = 23.400000,	train_time = 0.372260
TRAIN Iter 206: loss = 0.003438,	Top-1 err = 39.100000,	Top-5 err = 21.800000,	train_time = 0.352457
TRAIN Iter 207: loss = 0.003541,	Top-1 err = 42.900000,	Top-5 err = 24.100000,	train_time = 0.405191
TRAIN Iter 208: loss = 0.003549,	Top-1 err = 35.000000,	Top-5 err = 20.200000,	train_time = 0.387713
TRAIN Iter 209: loss = 0.003496,	Top-1 err = 42.000000,	Top-5 err = 25.200000,	train_time = 0.381780
TRAIN Iter 210: loss = 0.003419,	Top-1 err = 34.100000,	Top-5 err = 18.500000,	train_time = 0.370682
TRAIN Iter 211: loss = 0.003457,	Top-1 err = 35.500000,	Top-5 err = 19.400000,	train_time = 0.399913
TRAIN Iter 212: loss = 0.003260,	Top-1 err = 29.200000,	Top-5 err = 14.900000,	train_time = 0.401155
TRAIN Iter 213: loss = 0.003413,	Top-1 err = 39.500000,	Top-5 err = 21.500000,	train_time = 0.386399
TRAIN Iter 214: loss = 0.003465,	Top-1 err = 35.800000,	Top-5 err = 20.800000,	train_time = 0.413286
TRAIN Iter 215: loss = 0.003511,	Top-1 err = 48.200000,	Top-5 err = 30.100000,	train_time = 0.407485
TRAIN Iter 216: loss = 0.003304,	Top-1 err = 34.300000,	Top-5 err = 15.800000,	train_time = 0.401281
TRAIN Iter 217: loss = 0.003462,	Top-1 err = 41.400000,	Top-5 err = 25.500000,	train_time = 0.403579
TRAIN Iter 218: loss = 0.003373,	Top-1 err = 32.500000,	Top-5 err = 19.300000,	train_time = 0.357738
TRAIN Iter 219: loss = 0.003280,	Top-1 err = 36.300000,	Top-5 err = 18.600000,	train_time = 0.385857
TRAIN Iter 220: loss = 0.003429,	Top-1 err = 42.600000,	Top-5 err = 24.300000,	train_time = 0.378353
TRAIN Iter 221: loss = 0.003255,	Top-1 err = 34.000000,	Top-5 err = 19.000000,	train_time = 0.388726
TRAIN Iter 222: loss = 0.003491,	Top-1 err = 44.500000,	Top-5 err = 29.400000,	train_time = 0.395352
TRAIN Iter 223: loss = 0.003289,	Top-1 err = 38.900000,	Top-5 err = 21.900000,	train_time = 0.377795
TRAIN Iter 224: loss = 0.003253,	Top-1 err = 35.200000,	Top-5 err = 17.300000,	train_time = 0.383370
TRAIN Iter 225: loss = 0.003317,	Top-1 err = 39.200000,	Top-5 err = 20.000000,	train_time = 0.356768
TRAIN Iter 226: loss = 0.003420,	Top-1 err = 39.500000,	Top-5 err = 20.700000,	train_time = 0.396823
TRAIN Iter 227: loss = 0.003335,	Top-1 err = 35.600000,	Top-5 err = 20.700000,	train_time = 0.412066
TRAIN Iter 228: loss = 0.003379,	Top-1 err = 38.100000,	Top-5 err = 18.300000,	train_time = 0.410246
TRAIN Iter 229: loss = 0.003395,	Top-1 err = 35.500000,	Top-5 err = 19.800000,	train_time = 0.356814
TRAIN Iter 230: loss = 0.003309,	Top-1 err = 40.900000,	Top-5 err = 26.600000,	train_time = 0.391843
TRAIN Iter 231: loss = 0.003510,	Top-1 err = 37.000000,	Top-5 err = 20.000000,	train_time = 0.394656
TRAIN Iter 232: loss = 0.003430,	Top-1 err = 43.300000,	Top-5 err = 27.300000,	train_time = 0.385278
TRAIN Iter 233: loss = 0.003278,	Top-1 err = 34.200000,	Top-5 err = 19.000000,	train_time = 0.362300
TRAIN Iter 234: loss = 0.003403,	Top-1 err = 50.700000,	Top-5 err = 30.900000,	train_time = 0.392557
TRAIN Iter 235: loss = 0.003486,	Top-1 err = 49.000000,	Top-5 err = 31.500000,	train_time = 0.373940
TRAIN Iter 236: loss = 0.003213,	Top-1 err = 33.100000,	Top-5 err = 16.800000,	train_time = 0.376606
TRAIN Iter 237: loss = 0.003313,	Top-1 err = 39.900000,	Top-5 err = 23.000000,	train_time = 0.395002
TRAIN Iter 238: loss = 0.003236,	Top-1 err = 38.400000,	Top-5 err = 20.300000,	train_time = 0.356397
TRAIN Iter 239: loss = 0.003223,	Top-1 err = 38.000000,	Top-5 err = 24.400000,	train_time = 0.378264
TRAIN Iter 240: loss = 0.003259,	Top-1 err = 38.200000,	Top-5 err = 20.700000,	train_time = 0.373101
TRAIN Iter 241: loss = 0.003252,	Top-1 err = 36.700000,	Top-5 err = 21.300000,	train_time = 0.387664
TRAIN Iter 242: loss = 0.003175,	Top-1 err = 40.800000,	Top-5 err = 25.500000,	train_time = 0.408233
TRAIN Iter 243: loss = 0.003099,	Top-1 err = 34.000000,	Top-5 err = 15.700000,	train_time = 0.389739
TRAIN Iter 244: loss = 0.003229,	Top-1 err = 43.000000,	Top-5 err = 26.600000,	train_time = 0.371361
TRAIN Iter 245: loss = 0.003162,	Top-1 err = 37.400000,	Top-5 err = 18.800000,	train_time = 0.364726
TRAIN Iter 246: loss = 0.003196,	Top-1 err = 38.000000,	Top-5 err = 20.600000,	train_time = 0.372710
TRAIN Iter 247: loss = 0.003238,	Top-1 err = 35.200000,	Top-5 err = 17.500000,	train_time = 0.415066
TRAIN Iter 248: loss = 0.003279,	Top-1 err = 38.900000,	Top-5 err = 22.000000,	train_time = 0.379909
TRAIN Iter 249: loss = 0.003228,	Top-1 err = 30.300000,	Top-5 err = 16.500000,	train_time = 0.380334
TEST:
Iter 249: loss = 2.023659,	Top-1 err = 51.560000,	Top-5 err = 22.020000,	val_time = 0.810252
TRAIN Iter 250: loss = 0.003212,	Top-1 err = 42.800000,	Top-5 err = 25.700000,	train_time = 0.399492
TRAIN Iter 251: loss = 0.003094,	Top-1 err = 38.500000,	Top-5 err = 20.700000,	train_time = 0.401163
TRAIN Iter 252: loss = 0.003213,	Top-1 err = 42.100000,	Top-5 err = 25.600000,	train_time = 0.413585
TRAIN Iter 253: loss = 0.003208,	Top-1 err = 35.100000,	Top-5 err = 19.000000,	train_time = 0.406824
TRAIN Iter 254: loss = 0.003109,	Top-1 err = 34.600000,	Top-5 err = 18.600000,	train_time = 0.377935
TRAIN Iter 255: loss = 0.003310,	Top-1 err = 46.800000,	Top-5 err = 29.100000,	train_time = 0.358066
TRAIN Iter 256: loss = 0.003248,	Top-1 err = 37.200000,	Top-5 err = 22.800000,	train_time = 0.389005
TRAIN Iter 257: loss = 0.003096,	Top-1 err = 37.100000,	Top-5 err = 18.700000,	train_time = 0.383164
TRAIN Iter 258: loss = 0.003198,	Top-1 err = 43.700000,	Top-5 err = 27.500000,	train_time = 0.409034
TRAIN Iter 259: loss = 0.003195,	Top-1 err = 38.400000,	Top-5 err = 21.500000,	train_time = 0.389416
TEST:
Iter 259: loss = 2.067194,	Top-1 err = 52.560000,	Top-5 err = 22.790000,	val_time = 0.789170
TRAIN Iter 260: loss = 0.003057,	Top-1 err = 33.700000,	Top-5 err = 17.300000,	train_time = 0.390280
TRAIN Iter 261: loss = 0.003249,	Top-1 err = 41.500000,	Top-5 err = 26.200000,	train_time = 0.376745
TRAIN Iter 262: loss = 0.003354,	Top-1 err = 44.000000,	Top-5 err = 27.400000,	train_time = 0.427086
TRAIN Iter 263: loss = 0.003265,	Top-1 err = 38.800000,	Top-5 err = 21.200000,	train_time = 0.386736
TRAIN Iter 264: loss = 0.003256,	Top-1 err = 40.100000,	Top-5 err = 21.800000,	train_time = 0.389865
TRAIN Iter 265: loss = 0.003122,	Top-1 err = 40.200000,	Top-5 err = 22.400000,	train_time = 0.404182
TRAIN Iter 266: loss = 0.003086,	Top-1 err = 40.000000,	Top-5 err = 22.500000,	train_time = 0.369228
TRAIN Iter 267: loss = 0.003065,	Top-1 err = 32.500000,	Top-5 err = 16.000000,	train_time = 0.397957
TRAIN Iter 268: loss = 0.003124,	Top-1 err = 34.800000,	Top-5 err = 20.100000,	train_time = 0.391757
TRAIN Iter 269: loss = 0.003170,	Top-1 err = 43.100000,	Top-5 err = 24.500000,	train_time = 0.380489
TEST:
Iter 269: loss = 2.049036,	Top-1 err = 51.450000,	Top-5 err = 22.120000,	val_time = 0.744314
TRAIN Iter 270: loss = 0.003043,	Top-1 err = 33.200000,	Top-5 err = 16.200000,	train_time = 0.387380
TRAIN Iter 271: loss = 0.003315,	Top-1 err = 44.200000,	Top-5 err = 26.600000,	train_time = 0.379379
TRAIN Iter 272: loss = 0.002962,	Top-1 err = 37.600000,	Top-5 err = 21.200000,	train_time = 0.406663
TRAIN Iter 273: loss = 0.003021,	Top-1 err = 39.300000,	Top-5 err = 22.200000,	train_time = 0.344926
TRAIN Iter 274: loss = 0.002941,	Top-1 err = 34.300000,	Top-5 err = 17.000000,	train_time = 0.357461
TRAIN Iter 275: loss = 0.003196,	Top-1 err = 41.500000,	Top-5 err = 23.800000,	train_time = 0.341742
TRAIN Iter 276: loss = 0.003270,	Top-1 err = 41.000000,	Top-5 err = 23.200000,	train_time = 0.337310
TRAIN Iter 277: loss = 0.003076,	Top-1 err = 39.500000,	Top-5 err = 22.900000,	train_time = 0.383129
TRAIN Iter 278: loss = 0.002967,	Top-1 err = 33.300000,	Top-5 err = 20.100000,	train_time = 0.411197
TRAIN Iter 279: loss = 0.003128,	Top-1 err = 34.500000,	Top-5 err = 20.200000,	train_time = 0.393909
TEST:
Iter 279: loss = 2.044825,	Top-1 err = 52.000000,	Top-5 err = 22.590000,	val_time = 0.764758
TRAIN Iter 280: loss = 0.003049,	Top-1 err = 41.400000,	Top-5 err = 23.100000,	train_time = 0.387893
TRAIN Iter 281: loss = 0.002970,	Top-1 err = 37.600000,	Top-5 err = 20.000000,	train_time = 0.420251
TRAIN Iter 282: loss = 0.003155,	Top-1 err = 43.000000,	Top-5 err = 28.000000,	train_time = 0.396652
TRAIN Iter 283: loss = 0.003073,	Top-1 err = 42.600000,	Top-5 err = 24.700000,	train_time = 0.411657
TRAIN Iter 284: loss = 0.002987,	Top-1 err = 36.400000,	Top-5 err = 21.400000,	train_time = 0.392310
TRAIN Iter 285: loss = 0.003137,	Top-1 err = 48.500000,	Top-5 err = 33.200000,	train_time = 0.357797
TRAIN Iter 286: loss = 0.003178,	Top-1 err = 47.500000,	Top-5 err = 26.800000,	train_time = 0.394425
TRAIN Iter 287: loss = 0.002870,	Top-1 err = 29.400000,	Top-5 err = 13.500000,	train_time = 0.394822
TRAIN Iter 288: loss = 0.003124,	Top-1 err = 39.900000,	Top-5 err = 22.700000,	train_time = 0.401224
TRAIN Iter 289: loss = 0.003061,	Top-1 err = 38.800000,	Top-5 err = 21.500000,	train_time = 0.387781
TEST:
Iter 289: loss = 2.041628,	Top-1 err = 51.770000,	Top-5 err = 22.440000,	val_time = 0.769687
TRAIN Iter 290: loss = 0.003060,	Top-1 err = 38.200000,	Top-5 err = 20.700000,	train_time = 0.384742
TRAIN Iter 291: loss = 0.003165,	Top-1 err = 43.600000,	Top-5 err = 24.600000,	train_time = 0.385592
TRAIN Iter 292: loss = 0.003037,	Top-1 err = 40.100000,	Top-5 err = 25.200000,	train_time = 0.460437
TRAIN Iter 293: loss = 0.003101,	Top-1 err = 35.800000,	Top-5 err = 20.400000,	train_time = 0.375442
TRAIN Iter 294: loss = 0.002970,	Top-1 err = 31.900000,	Top-5 err = 15.500000,	train_time = 0.376059
TRAIN Iter 295: loss = 0.002963,	Top-1 err = 39.900000,	Top-5 err = 23.300000,	train_time = 0.368005
TRAIN Iter 296: loss = 0.003086,	Top-1 err = 45.700000,	Top-5 err = 26.500000,	train_time = 0.380059
TRAIN Iter 297: loss = 0.002977,	Top-1 err = 40.500000,	Top-5 err = 26.300000,	train_time = 0.388447
TRAIN Iter 298: loss = 0.002997,	Top-1 err = 42.200000,	Top-5 err = 25.500000,	train_time = 0.417889
TRAIN Iter 299: loss = 0.003012,	Top-1 err = 32.400000,	Top-5 err = 17.300000,	train_time = 0.379097
TEST:
Iter 299: loss = 2.038844,	Top-1 err = 51.330000,	Top-5 err = 22.210000,	val_time = 0.736301
Train Finish! Best accuracy is 48.67@299
