/home/dvspanos/miniconda3/envs/rded/lib/python3.10/site-packages/torch/cuda/__init__.py:611: UserWarning: Can't initialize NVML
  warnings.warn("Can't initialize NVML")
=> using pytorch pre-trained teacher model 'conv3'
process data from /home/dvspanos/nikos/ca2d/artifacts/rded_sets/cadprune_ipc10
load data successfully
TRAIN Iter 0: loss = 0.024844,	Top-1 err = 96.200000,	Top-5 err = 87.500000,	train_time = 1.130939
TRAIN Iter 1: loss = 0.021142,	Top-1 err = 93.300000,	Top-5 err = 77.600000,	train_time = 0.397738
TRAIN Iter 2: loss = 0.020768,	Top-1 err = 85.800000,	Top-5 err = 63.500000,	train_time = 0.394722
TRAIN Iter 3: loss = 0.018857,	Top-1 err = 86.500000,	Top-5 err = 66.300000,	train_time = 0.349179
TRAIN Iter 4: loss = 0.018576,	Top-1 err = 80.300000,	Top-5 err = 57.700000,	train_time = 0.418320
TRAIN Iter 5: loss = 0.018143,	Top-1 err = 78.500000,	Top-5 err = 53.000000,	train_time = 0.399260
TRAIN Iter 6: loss = 0.016504,	Top-1 err = 73.900000,	Top-5 err = 49.000000,	train_time = 0.390046
TRAIN Iter 7: loss = 0.016110,	Top-1 err = 77.300000,	Top-5 err = 51.500000,	train_time = 0.413359
TRAIN Iter 8: loss = 0.015301,	Top-1 err = 75.500000,	Top-5 err = 51.800000,	train_time = 0.402422
TRAIN Iter 9: loss = 0.013959,	Top-1 err = 74.800000,	Top-5 err = 48.300000,	train_time = 0.382242
TRAIN Iter 10: loss = 0.013697,	Top-1 err = 67.400000,	Top-5 err = 42.600000,	train_time = 0.396744
TRAIN Iter 11: loss = 0.013573,	Top-1 err = 68.700000,	Top-5 err = 44.400000,	train_time = 0.365600
TRAIN Iter 12: loss = 0.012744,	Top-1 err = 66.900000,	Top-5 err = 40.500000,	train_time = 0.395324
TRAIN Iter 13: loss = 0.012489,	Top-1 err = 67.100000,	Top-5 err = 44.300000,	train_time = 0.400993
TRAIN Iter 14: loss = 0.012182,	Top-1 err = 67.600000,	Top-5 err = 43.000000,	train_time = 0.407639
TRAIN Iter 15: loss = 0.011407,	Top-1 err = 59.800000,	Top-5 err = 35.400000,	train_time = 0.393889
TRAIN Iter 16: loss = 0.011061,	Top-1 err = 68.000000,	Top-5 err = 43.400000,	train_time = 0.386258
TRAIN Iter 17: loss = 0.010659,	Top-1 err = 63.000000,	Top-5 err = 37.600000,	train_time = 0.400465
TRAIN Iter 18: loss = 0.010589,	Top-1 err = 61.400000,	Top-5 err = 36.800000,	train_time = 0.405374
TRAIN Iter 19: loss = 0.010299,	Top-1 err = 59.600000,	Top-5 err = 33.700000,	train_time = 0.416555
TRAIN Iter 20: loss = 0.010489,	Top-1 err = 55.100000,	Top-5 err = 34.700000,	train_time = 0.407519
TRAIN Iter 21: loss = 0.010343,	Top-1 err = 53.600000,	Top-5 err = 30.100000,	train_time = 0.397603
TRAIN Iter 22: loss = 0.009493,	Top-1 err = 56.300000,	Top-5 err = 31.400000,	train_time = 0.357514
TRAIN Iter 23: loss = 0.009785,	Top-1 err = 54.000000,	Top-5 err = 31.700000,	train_time = 0.402713
TRAIN Iter 24: loss = 0.009104,	Top-1 err = 55.500000,	Top-5 err = 33.700000,	train_time = 0.400926
TRAIN Iter 25: loss = 0.009668,	Top-1 err = 47.200000,	Top-5 err = 24.500000,	train_time = 0.416178
TRAIN Iter 26: loss = 0.009102,	Top-1 err = 61.100000,	Top-5 err = 36.500000,	train_time = 0.394047
TRAIN Iter 27: loss = 0.009067,	Top-1 err = 59.800000,	Top-5 err = 38.200000,	train_time = 0.413309
TRAIN Iter 28: loss = 0.008806,	Top-1 err = 51.500000,	Top-5 err = 30.700000,	train_time = 0.346326
TRAIN Iter 29: loss = 0.008692,	Top-1 err = 51.500000,	Top-5 err = 29.400000,	train_time = 0.410375
TRAIN Iter 30: loss = 0.008602,	Top-1 err = 54.700000,	Top-5 err = 33.300000,	train_time = 0.436884
TRAIN Iter 31: loss = 0.008342,	Top-1 err = 51.500000,	Top-5 err = 30.800000,	train_time = 0.396313
TRAIN Iter 32: loss = 0.008442,	Top-1 err = 52.600000,	Top-5 err = 31.300000,	train_time = 0.382904
TRAIN Iter 33: loss = 0.008631,	Top-1 err = 54.100000,	Top-5 err = 33.900000,	train_time = 0.406034
TRAIN Iter 34: loss = 0.007872,	Top-1 err = 51.700000,	Top-5 err = 30.900000,	train_time = 0.392882
TRAIN Iter 35: loss = 0.007936,	Top-1 err = 56.400000,	Top-5 err = 33.000000,	train_time = 0.393582
TRAIN Iter 36: loss = 0.007939,	Top-1 err = 60.400000,	Top-5 err = 37.800000,	train_time = 0.413597
TRAIN Iter 37: loss = 0.007596,	Top-1 err = 43.600000,	Top-5 err = 21.700000,	train_time = 0.391884
TRAIN Iter 38: loss = 0.007577,	Top-1 err = 46.800000,	Top-5 err = 25.600000,	train_time = 0.384374
TRAIN Iter 39: loss = 0.007514,	Top-1 err = 46.500000,	Top-5 err = 26.300000,	train_time = 0.383774
TRAIN Iter 40: loss = 0.007206,	Top-1 err = 47.500000,	Top-5 err = 25.200000,	train_time = 0.395451
TRAIN Iter 41: loss = 0.007361,	Top-1 err = 45.800000,	Top-5 err = 25.100000,	train_time = 0.397938
TRAIN Iter 42: loss = 0.007047,	Top-1 err = 47.000000,	Top-5 err = 25.600000,	train_time = 0.429451
TRAIN Iter 43: loss = 0.007068,	Top-1 err = 45.000000,	Top-5 err = 23.100000,	train_time = 0.402648
TRAIN Iter 44: loss = 0.007268,	Top-1 err = 48.000000,	Top-5 err = 26.400000,	train_time = 0.392731
TRAIN Iter 45: loss = 0.006776,	Top-1 err = 49.400000,	Top-5 err = 26.400000,	train_time = 0.387756
TRAIN Iter 46: loss = 0.007206,	Top-1 err = 47.200000,	Top-5 err = 25.500000,	train_time = 0.400419
TRAIN Iter 47: loss = 0.006905,	Top-1 err = 52.900000,	Top-5 err = 33.200000,	train_time = 0.417782
TRAIN Iter 48: loss = 0.007032,	Top-1 err = 49.900000,	Top-5 err = 28.100000,	train_time = 0.402404
TRAIN Iter 49: loss = 0.006845,	Top-1 err = 49.000000,	Top-5 err = 28.200000,	train_time = 0.382382
TRAIN Iter 50: loss = 0.007013,	Top-1 err = 41.100000,	Top-5 err = 22.800000,	train_time = 0.386849
TRAIN Iter 51: loss = 0.006812,	Top-1 err = 52.900000,	Top-5 err = 30.800000,	train_time = 0.371286
TRAIN Iter 52: loss = 0.006638,	Top-1 err = 55.000000,	Top-5 err = 30.900000,	train_time = 0.387250
TRAIN Iter 53: loss = 0.006414,	Top-1 err = 49.500000,	Top-5 err = 29.000000,	train_time = 0.403632
TRAIN Iter 54: loss = 0.006395,	Top-1 err = 46.900000,	Top-5 err = 26.900000,	train_time = 0.495423
TRAIN Iter 55: loss = 0.006148,	Top-1 err = 40.100000,	Top-5 err = 21.000000,	train_time = 0.381018
TRAIN Iter 56: loss = 0.006123,	Top-1 err = 41.000000,	Top-5 err = 20.500000,	train_time = 0.399480
TRAIN Iter 57: loss = 0.006348,	Top-1 err = 53.100000,	Top-5 err = 31.100000,	train_time = 0.380488
TRAIN Iter 58: loss = 0.006388,	Top-1 err = 46.600000,	Top-5 err = 27.500000,	train_time = 0.360703
TRAIN Iter 59: loss = 0.006367,	Top-1 err = 49.800000,	Top-5 err = 28.500000,	train_time = 0.365779
TRAIN Iter 60: loss = 0.006379,	Top-1 err = 50.500000,	Top-5 err = 29.800000,	train_time = 0.413434
TRAIN Iter 61: loss = 0.005861,	Top-1 err = 41.500000,	Top-5 err = 20.500000,	train_time = 0.386744
TRAIN Iter 62: loss = 0.005869,	Top-1 err = 43.700000,	Top-5 err = 21.100000,	train_time = 0.425709
TRAIN Iter 63: loss = 0.005883,	Top-1 err = 45.100000,	Top-5 err = 24.600000,	train_time = 0.393716
TRAIN Iter 64: loss = 0.006195,	Top-1 err = 50.700000,	Top-5 err = 29.900000,	train_time = 0.412195
TRAIN Iter 65: loss = 0.005863,	Top-1 err = 44.600000,	Top-5 err = 24.800000,	train_time = 0.456413
TRAIN Iter 66: loss = 0.005820,	Top-1 err = 46.500000,	Top-5 err = 23.500000,	train_time = 0.387602
TRAIN Iter 67: loss = 0.006109,	Top-1 err = 55.300000,	Top-5 err = 35.400000,	train_time = 0.445523
TRAIN Iter 68: loss = 0.005865,	Top-1 err = 48.300000,	Top-5 err = 28.900000,	train_time = 0.368573
TRAIN Iter 69: loss = 0.005734,	Top-1 err = 45.700000,	Top-5 err = 27.200000,	train_time = 0.419492
TRAIN Iter 70: loss = 0.005734,	Top-1 err = 48.800000,	Top-5 err = 26.300000,	train_time = 0.366770
TRAIN Iter 71: loss = 0.005623,	Top-1 err = 44.200000,	Top-5 err = 25.700000,	train_time = 0.407820
TRAIN Iter 72: loss = 0.005856,	Top-1 err = 45.000000,	Top-5 err = 25.000000,	train_time = 0.393485
TRAIN Iter 73: loss = 0.005600,	Top-1 err = 46.500000,	Top-5 err = 25.000000,	train_time = 0.397342
TRAIN Iter 74: loss = 0.005985,	Top-1 err = 51.800000,	Top-5 err = 30.400000,	train_time = 0.368718
TRAIN Iter 75: loss = 0.005901,	Top-1 err = 46.900000,	Top-5 err = 27.200000,	train_time = 0.402577
TRAIN Iter 76: loss = 0.005481,	Top-1 err = 51.000000,	Top-5 err = 28.700000,	train_time = 0.396036
TRAIN Iter 77: loss = 0.005649,	Top-1 err = 51.100000,	Top-5 err = 30.800000,	train_time = 0.394568
TRAIN Iter 78: loss = 0.005548,	Top-1 err = 46.500000,	Top-5 err = 26.900000,	train_time = 0.402197
TRAIN Iter 79: loss = 0.005833,	Top-1 err = 47.400000,	Top-5 err = 29.400000,	train_time = 0.378257
TRAIN Iter 80: loss = 0.005509,	Top-1 err = 44.500000,	Top-5 err = 24.400000,	train_time = 0.413540
TRAIN Iter 81: loss = 0.005515,	Top-1 err = 50.000000,	Top-5 err = 30.400000,	train_time = 0.404727
TRAIN Iter 82: loss = 0.005555,	Top-1 err = 46.800000,	Top-5 err = 27.000000,	train_time = 0.403561
TRAIN Iter 83: loss = 0.005468,	Top-1 err = 45.200000,	Top-5 err = 24.100000,	train_time = 0.400074
TRAIN Iter 84: loss = 0.005458,	Top-1 err = 52.100000,	Top-5 err = 31.100000,	train_time = 0.396602
TRAIN Iter 85: loss = 0.005529,	Top-1 err = 42.500000,	Top-5 err = 24.300000,	train_time = 0.402533
TRAIN Iter 86: loss = 0.005229,	Top-1 err = 44.100000,	Top-5 err = 25.200000,	train_time = 0.417946
TRAIN Iter 87: loss = 0.005416,	Top-1 err = 43.600000,	Top-5 err = 24.400000,	train_time = 0.404940
TRAIN Iter 88: loss = 0.005463,	Top-1 err = 50.800000,	Top-5 err = 30.400000,	train_time = 0.395478
TRAIN Iter 89: loss = 0.005255,	Top-1 err = 46.300000,	Top-5 err = 28.500000,	train_time = 0.341702
TRAIN Iter 90: loss = 0.005046,	Top-1 err = 44.700000,	Top-5 err = 23.800000,	train_time = 0.402559
TRAIN Iter 91: loss = 0.005363,	Top-1 err = 44.700000,	Top-5 err = 26.600000,	train_time = 0.380785
TRAIN Iter 92: loss = 0.005230,	Top-1 err = 44.500000,	Top-5 err = 25.600000,	train_time = 0.358106
TRAIN Iter 93: loss = 0.005150,	Top-1 err = 48.100000,	Top-5 err = 28.500000,	train_time = 0.431618
TRAIN Iter 94: loss = 0.005420,	Top-1 err = 48.400000,	Top-5 err = 29.700000,	train_time = 0.397215
TRAIN Iter 95: loss = 0.004991,	Top-1 err = 45.200000,	Top-5 err = 24.600000,	train_time = 0.386547
TRAIN Iter 96: loss = 0.005261,	Top-1 err = 47.800000,	Top-5 err = 28.000000,	train_time = 0.378401
TRAIN Iter 97: loss = 0.005163,	Top-1 err = 51.400000,	Top-5 err = 30.600000,	train_time = 0.328368
TRAIN Iter 98: loss = 0.005216,	Top-1 err = 55.100000,	Top-5 err = 32.600000,	train_time = 0.409894
TRAIN Iter 99: loss = 0.004912,	Top-1 err = 43.900000,	Top-5 err = 22.100000,	train_time = 0.414111
TRAIN Iter 100: loss = 0.005074,	Top-1 err = 50.000000,	Top-5 err = 31.000000,	train_time = 0.360550
TRAIN Iter 101: loss = 0.004833,	Top-1 err = 42.800000,	Top-5 err = 24.300000,	train_time = 0.386195
TRAIN Iter 102: loss = 0.005101,	Top-1 err = 48.700000,	Top-5 err = 28.900000,	train_time = 0.376117
TRAIN Iter 103: loss = 0.005053,	Top-1 err = 47.500000,	Top-5 err = 28.000000,	train_time = 0.383238
TRAIN Iter 104: loss = 0.005218,	Top-1 err = 51.400000,	Top-5 err = 32.000000,	train_time = 0.400527
TRAIN Iter 105: loss = 0.005049,	Top-1 err = 46.400000,	Top-5 err = 27.900000,	train_time = 0.401202
TRAIN Iter 106: loss = 0.005174,	Top-1 err = 48.900000,	Top-5 err = 32.100000,	train_time = 0.385488
TRAIN Iter 107: loss = 0.004902,	Top-1 err = 41.900000,	Top-5 err = 20.000000,	train_time = 0.385238
TRAIN Iter 108: loss = 0.004786,	Top-1 err = 40.700000,	Top-5 err = 23.200000,	train_time = 0.395740
TRAIN Iter 109: loss = 0.004806,	Top-1 err = 47.600000,	Top-5 err = 29.900000,	train_time = 0.420881
TRAIN Iter 110: loss = 0.004873,	Top-1 err = 42.200000,	Top-5 err = 22.200000,	train_time = 0.366746
TRAIN Iter 111: loss = 0.004832,	Top-1 err = 43.900000,	Top-5 err = 25.300000,	train_time = 0.404824
TRAIN Iter 112: loss = 0.004731,	Top-1 err = 40.200000,	Top-5 err = 20.700000,	train_time = 0.403400
TRAIN Iter 113: loss = 0.004670,	Top-1 err = 40.100000,	Top-5 err = 19.800000,	train_time = 0.402458
TRAIN Iter 114: loss = 0.004756,	Top-1 err = 48.500000,	Top-5 err = 30.500000,	train_time = 0.405717
TRAIN Iter 115: loss = 0.004776,	Top-1 err = 41.700000,	Top-5 err = 22.600000,	train_time = 0.356443
TRAIN Iter 116: loss = 0.004645,	Top-1 err = 48.600000,	Top-5 err = 27.500000,	train_time = 0.405755
TRAIN Iter 117: loss = 0.004666,	Top-1 err = 51.200000,	Top-5 err = 29.100000,	train_time = 0.355407
TRAIN Iter 118: loss = 0.004789,	Top-1 err = 45.300000,	Top-5 err = 27.100000,	train_time = 0.403293
TRAIN Iter 119: loss = 0.004905,	Top-1 err = 46.600000,	Top-5 err = 28.400000,	train_time = 0.382330
TRAIN Iter 120: loss = 0.004806,	Top-1 err = 45.900000,	Top-5 err = 24.200000,	train_time = 0.383639
TRAIN Iter 121: loss = 0.004654,	Top-1 err = 43.400000,	Top-5 err = 24.200000,	train_time = 0.378541
TRAIN Iter 122: loss = 0.004872,	Top-1 err = 49.500000,	Top-5 err = 33.000000,	train_time = 0.407942
TRAIN Iter 123: loss = 0.004559,	Top-1 err = 49.400000,	Top-5 err = 30.200000,	train_time = 0.413736
TRAIN Iter 124: loss = 0.004641,	Top-1 err = 42.800000,	Top-5 err = 25.800000,	train_time = 0.392647
TRAIN Iter 125: loss = 0.004553,	Top-1 err = 37.900000,	Top-5 err = 18.800000,	train_time = 0.337168
TRAIN Iter 126: loss = 0.004640,	Top-1 err = 46.400000,	Top-5 err = 26.300000,	train_time = 0.376465
TRAIN Iter 127: loss = 0.004511,	Top-1 err = 43.900000,	Top-5 err = 22.900000,	train_time = 0.380100
TRAIN Iter 128: loss = 0.004623,	Top-1 err = 44.000000,	Top-5 err = 24.900000,	train_time = 0.387078
TRAIN Iter 129: loss = 0.004582,	Top-1 err = 43.500000,	Top-5 err = 23.000000,	train_time = 0.436073
TRAIN Iter 130: loss = 0.004514,	Top-1 err = 47.500000,	Top-5 err = 28.600000,	train_time = 0.382685
TRAIN Iter 131: loss = 0.004440,	Top-1 err = 44.000000,	Top-5 err = 25.900000,	train_time = 0.389429
TRAIN Iter 132: loss = 0.004824,	Top-1 err = 51.100000,	Top-5 err = 31.800000,	train_time = 0.384740
TRAIN Iter 133: loss = 0.004504,	Top-1 err = 46.600000,	Top-5 err = 26.300000,	train_time = 0.375071
TRAIN Iter 134: loss = 0.004339,	Top-1 err = 45.800000,	Top-5 err = 24.900000,	train_time = 0.415325
TRAIN Iter 135: loss = 0.004797,	Top-1 err = 54.100000,	Top-5 err = 34.500000,	train_time = 0.385762
TRAIN Iter 136: loss = 0.004381,	Top-1 err = 43.300000,	Top-5 err = 24.200000,	train_time = 0.407585
TRAIN Iter 137: loss = 0.004444,	Top-1 err = 41.000000,	Top-5 err = 23.200000,	train_time = 0.388994
TRAIN Iter 138: loss = 0.004438,	Top-1 err = 43.100000,	Top-5 err = 23.300000,	train_time = 0.322803
TRAIN Iter 139: loss = 0.004367,	Top-1 err = 52.800000,	Top-5 err = 31.600000,	train_time = 0.402910
TRAIN Iter 140: loss = 0.004295,	Top-1 err = 44.500000,	Top-5 err = 24.100000,	train_time = 0.419798
TRAIN Iter 141: loss = 0.004262,	Top-1 err = 40.200000,	Top-5 err = 22.300000,	train_time = 0.386777
TRAIN Iter 142: loss = 0.004501,	Top-1 err = 43.300000,	Top-5 err = 25.500000,	train_time = 0.390373
TRAIN Iter 143: loss = 0.004098,	Top-1 err = 36.000000,	Top-5 err = 18.100000,	train_time = 0.397772
TRAIN Iter 144: loss = 0.004178,	Top-1 err = 44.700000,	Top-5 err = 25.400000,	train_time = 0.416872
TRAIN Iter 145: loss = 0.004335,	Top-1 err = 53.700000,	Top-5 err = 34.000000,	train_time = 0.380193
TRAIN Iter 146: loss = 0.004447,	Top-1 err = 45.100000,	Top-5 err = 27.500000,	train_time = 0.370767
TRAIN Iter 147: loss = 0.004342,	Top-1 err = 48.300000,	Top-5 err = 29.000000,	train_time = 0.383077
TRAIN Iter 148: loss = 0.004376,	Top-1 err = 48.600000,	Top-5 err = 31.400000,	train_time = 0.400935
TRAIN Iter 149: loss = 0.004290,	Top-1 err = 45.800000,	Top-5 err = 25.300000,	train_time = 0.374659
TRAIN Iter 150: loss = 0.004381,	Top-1 err = 49.200000,	Top-5 err = 31.000000,	train_time = 0.392514
TRAIN Iter 151: loss = 0.004228,	Top-1 err = 39.300000,	Top-5 err = 21.300000,	train_time = 0.413626
TRAIN Iter 152: loss = 0.004326,	Top-1 err = 47.300000,	Top-5 err = 27.900000,	train_time = 0.398957
TRAIN Iter 153: loss = 0.004315,	Top-1 err = 44.800000,	Top-5 err = 24.800000,	train_time = 0.372474
TRAIN Iter 154: loss = 0.004208,	Top-1 err = 42.200000,	Top-5 err = 22.300000,	train_time = 0.404091
TRAIN Iter 155: loss = 0.004193,	Top-1 err = 46.900000,	Top-5 err = 25.600000,	train_time = 0.361866
TRAIN Iter 156: loss = 0.004255,	Top-1 err = 44.800000,	Top-5 err = 26.700000,	train_time = 0.407289
TRAIN Iter 157: loss = 0.004399,	Top-1 err = 53.700000,	Top-5 err = 34.100000,	train_time = 0.426726
TRAIN Iter 158: loss = 0.004095,	Top-1 err = 39.100000,	Top-5 err = 20.300000,	train_time = 0.411442
TRAIN Iter 159: loss = 0.004372,	Top-1 err = 52.100000,	Top-5 err = 33.400000,	train_time = 0.387003
TRAIN Iter 160: loss = 0.004227,	Top-1 err = 43.800000,	Top-5 err = 21.900000,	train_time = 0.404879
TRAIN Iter 161: loss = 0.003973,	Top-1 err = 39.700000,	Top-5 err = 20.900000,	train_time = 0.383039
TRAIN Iter 162: loss = 0.004182,	Top-1 err = 47.800000,	Top-5 err = 28.100000,	train_time = 0.388920
TRAIN Iter 163: loss = 0.004289,	Top-1 err = 50.600000,	Top-5 err = 28.300000,	train_time = 0.400775
TRAIN Iter 164: loss = 0.004036,	Top-1 err = 48.900000,	Top-5 err = 29.400000,	train_time = 0.382221
TRAIN Iter 165: loss = 0.004125,	Top-1 err = 47.900000,	Top-5 err = 29.800000,	train_time = 0.422356
TRAIN Iter 166: loss = 0.004176,	Top-1 err = 48.700000,	Top-5 err = 29.700000,	train_time = 0.415859
TRAIN Iter 167: loss = 0.004175,	Top-1 err = 41.500000,	Top-5 err = 21.900000,	train_time = 0.390707
TRAIN Iter 168: loss = 0.004215,	Top-1 err = 54.200000,	Top-5 err = 36.000000,	train_time = 0.368263
TRAIN Iter 169: loss = 0.004144,	Top-1 err = 42.300000,	Top-5 err = 21.000000,	train_time = 0.395900
TRAIN Iter 170: loss = 0.004133,	Top-1 err = 46.300000,	Top-5 err = 25.800000,	train_time = 0.384879
TRAIN Iter 171: loss = 0.003915,	Top-1 err = 40.900000,	Top-5 err = 23.700000,	train_time = 0.407311
TRAIN Iter 172: loss = 0.004082,	Top-1 err = 45.300000,	Top-5 err = 26.500000,	train_time = 0.358371
TRAIN Iter 173: loss = 0.004029,	Top-1 err = 46.300000,	Top-5 err = 27.400000,	train_time = 0.384753
TRAIN Iter 174: loss = 0.004002,	Top-1 err = 37.900000,	Top-5 err = 21.500000,	train_time = 0.407377
TRAIN Iter 175: loss = 0.003976,	Top-1 err = 37.900000,	Top-5 err = 21.100000,	train_time = 0.403118
TRAIN Iter 176: loss = 0.004069,	Top-1 err = 48.400000,	Top-5 err = 28.400000,	train_time = 0.351706
TRAIN Iter 177: loss = 0.004010,	Top-1 err = 46.100000,	Top-5 err = 24.400000,	train_time = 0.399167
TRAIN Iter 178: loss = 0.003842,	Top-1 err = 34.300000,	Top-5 err = 16.100000,	train_time = 0.417530
TRAIN Iter 179: loss = 0.003994,	Top-1 err = 44.800000,	Top-5 err = 25.900000,	train_time = 0.410207
TRAIN Iter 180: loss = 0.004013,	Top-1 err = 46.500000,	Top-5 err = 30.500000,	train_time = 0.410499
TRAIN Iter 181: loss = 0.003844,	Top-1 err = 45.900000,	Top-5 err = 25.200000,	train_time = 0.398725
TRAIN Iter 182: loss = 0.003876,	Top-1 err = 36.300000,	Top-5 err = 19.200000,	train_time = 0.403264
TRAIN Iter 183: loss = 0.004134,	Top-1 err = 47.900000,	Top-5 err = 31.000000,	train_time = 0.414998
TRAIN Iter 184: loss = 0.003868,	Top-1 err = 43.400000,	Top-5 err = 24.200000,	train_time = 0.348851
TRAIN Iter 185: loss = 0.003866,	Top-1 err = 37.500000,	Top-5 err = 20.100000,	train_time = 0.423369
TRAIN Iter 186: loss = 0.003944,	Top-1 err = 52.600000,	Top-5 err = 35.400000,	train_time = 0.394195
TRAIN Iter 187: loss = 0.003867,	Top-1 err = 47.800000,	Top-5 err = 28.000000,	train_time = 0.391401
TRAIN Iter 188: loss = 0.003991,	Top-1 err = 44.800000,	Top-5 err = 26.300000,	train_time = 0.365815
TRAIN Iter 189: loss = 0.003933,	Top-1 err = 48.000000,	Top-5 err = 26.500000,	train_time = 0.384403
TRAIN Iter 190: loss = 0.003973,	Top-1 err = 48.700000,	Top-5 err = 29.000000,	train_time = 0.383622
TRAIN Iter 191: loss = 0.004019,	Top-1 err = 46.700000,	Top-5 err = 27.400000,	train_time = 0.365952
TRAIN Iter 192: loss = 0.003910,	Top-1 err = 44.700000,	Top-5 err = 27.600000,	train_time = 0.398223
TRAIN Iter 193: loss = 0.003906,	Top-1 err = 43.900000,	Top-5 err = 24.900000,	train_time = 0.417449
TRAIN Iter 194: loss = 0.003763,	Top-1 err = 40.600000,	Top-5 err = 24.000000,	train_time = 0.404760
TRAIN Iter 195: loss = 0.003726,	Top-1 err = 41.100000,	Top-5 err = 26.000000,	train_time = 0.386351
TRAIN Iter 196: loss = 0.003936,	Top-1 err = 45.200000,	Top-5 err = 23.200000,	train_time = 0.403397
TRAIN Iter 197: loss = 0.003840,	Top-1 err = 38.900000,	Top-5 err = 19.200000,	train_time = 0.402368
TRAIN Iter 198: loss = 0.003963,	Top-1 err = 55.100000,	Top-5 err = 34.500000,	train_time = 0.414237
TRAIN Iter 199: loss = 0.003762,	Top-1 err = 45.000000,	Top-5 err = 22.800000,	train_time = 0.397787
TRAIN Iter 200: loss = 0.003834,	Top-1 err = 45.600000,	Top-5 err = 27.800000,	train_time = 0.401301
TRAIN Iter 201: loss = 0.003860,	Top-1 err = 48.000000,	Top-5 err = 28.400000,	train_time = 0.412921
TRAIN Iter 202: loss = 0.003861,	Top-1 err = 46.600000,	Top-5 err = 28.200000,	train_time = 0.404276
TRAIN Iter 203: loss = 0.003898,	Top-1 err = 49.200000,	Top-5 err = 26.700000,	train_time = 0.395103
TRAIN Iter 204: loss = 0.003824,	Top-1 err = 43.800000,	Top-5 err = 22.400000,	train_time = 0.382483
TRAIN Iter 205: loss = 0.003900,	Top-1 err = 45.300000,	Top-5 err = 25.900000,	train_time = 0.392915
TRAIN Iter 206: loss = 0.003597,	Top-1 err = 36.800000,	Top-5 err = 16.500000,	train_time = 0.380964
TRAIN Iter 207: loss = 0.003694,	Top-1 err = 38.700000,	Top-5 err = 19.400000,	train_time = 0.377189
TRAIN Iter 208: loss = 0.003811,	Top-1 err = 49.600000,	Top-5 err = 28.600000,	train_time = 0.443800
TRAIN Iter 209: loss = 0.003637,	Top-1 err = 40.300000,	Top-5 err = 21.000000,	train_time = 0.395118
TRAIN Iter 210: loss = 0.003886,	Top-1 err = 45.400000,	Top-5 err = 26.500000,	train_time = 0.401514
TRAIN Iter 211: loss = 0.003743,	Top-1 err = 48.300000,	Top-5 err = 29.300000,	train_time = 0.398774
TRAIN Iter 212: loss = 0.003791,	Top-1 err = 46.700000,	Top-5 err = 28.000000,	train_time = 0.384257
TRAIN Iter 213: loss = 0.003663,	Top-1 err = 37.700000,	Top-5 err = 19.000000,	train_time = 0.367020
TRAIN Iter 214: loss = 0.003801,	Top-1 err = 44.300000,	Top-5 err = 23.600000,	train_time = 0.400822
TRAIN Iter 215: loss = 0.003639,	Top-1 err = 43.100000,	Top-5 err = 24.400000,	train_time = 0.387222
TRAIN Iter 216: loss = 0.003744,	Top-1 err = 46.200000,	Top-5 err = 24.700000,	train_time = 0.413068
TRAIN Iter 217: loss = 0.003636,	Top-1 err = 42.800000,	Top-5 err = 22.200000,	train_time = 0.387321
TRAIN Iter 218: loss = 0.003738,	Top-1 err = 45.600000,	Top-5 err = 26.500000,	train_time = 0.413810
TRAIN Iter 219: loss = 0.003751,	Top-1 err = 41.200000,	Top-5 err = 19.500000,	train_time = 0.373165
TRAIN Iter 220: loss = 0.003871,	Top-1 err = 46.800000,	Top-5 err = 29.400000,	train_time = 0.385360
TRAIN Iter 221: loss = 0.003884,	Top-1 err = 48.000000,	Top-5 err = 26.100000,	train_time = 0.415079
TRAIN Iter 222: loss = 0.003673,	Top-1 err = 38.600000,	Top-5 err = 20.200000,	train_time = 0.389559
TRAIN Iter 223: loss = 0.003736,	Top-1 err = 44.400000,	Top-5 err = 24.600000,	train_time = 0.400301
TRAIN Iter 224: loss = 0.003766,	Top-1 err = 47.200000,	Top-5 err = 25.800000,	train_time = 0.382160
TRAIN Iter 225: loss = 0.003803,	Top-1 err = 51.100000,	Top-5 err = 32.200000,	train_time = 0.348873
TRAIN Iter 226: loss = 0.003899,	Top-1 err = 49.700000,	Top-5 err = 31.800000,	train_time = 0.437579
TRAIN Iter 227: loss = 0.003936,	Top-1 err = 52.700000,	Top-5 err = 33.100000,	train_time = 0.394106
TRAIN Iter 228: loss = 0.003765,	Top-1 err = 52.500000,	Top-5 err = 30.400000,	train_time = 0.388790
TRAIN Iter 229: loss = 0.003542,	Top-1 err = 38.500000,	Top-5 err = 23.400000,	train_time = 0.395854
TRAIN Iter 230: loss = 0.003712,	Top-1 err = 49.600000,	Top-5 err = 29.500000,	train_time = 0.383450
TRAIN Iter 231: loss = 0.003587,	Top-1 err = 40.700000,	Top-5 err = 22.200000,	train_time = 0.393842
TRAIN Iter 232: loss = 0.003708,	Top-1 err = 46.800000,	Top-5 err = 27.400000,	train_time = 0.395094
TRAIN Iter 233: loss = 0.003345,	Top-1 err = 38.600000,	Top-5 err = 20.800000,	train_time = 0.411978
TRAIN Iter 234: loss = 0.003657,	Top-1 err = 48.000000,	Top-5 err = 29.000000,	train_time = 0.395915
TRAIN Iter 235: loss = 0.003488,	Top-1 err = 42.700000,	Top-5 err = 22.200000,	train_time = 0.412687
TRAIN Iter 236: loss = 0.003456,	Top-1 err = 41.400000,	Top-5 err = 21.000000,	train_time = 0.412236
TRAIN Iter 237: loss = 0.003552,	Top-1 err = 42.000000,	Top-5 err = 24.200000,	train_time = 0.403152
TRAIN Iter 238: loss = 0.003673,	Top-1 err = 50.200000,	Top-5 err = 30.300000,	train_time = 0.359352
TRAIN Iter 239: loss = 0.003662,	Top-1 err = 50.500000,	Top-5 err = 31.400000,	train_time = 0.343468
TRAIN Iter 240: loss = 0.003615,	Top-1 err = 48.000000,	Top-5 err = 31.000000,	train_time = 0.383483
TRAIN Iter 241: loss = 0.003587,	Top-1 err = 42.000000,	Top-5 err = 24.100000,	train_time = 0.386111
TRAIN Iter 242: loss = 0.003518,	Top-1 err = 51.600000,	Top-5 err = 30.300000,	train_time = 0.371999
TRAIN Iter 243: loss = 0.003665,	Top-1 err = 50.500000,	Top-5 err = 31.300000,	train_time = 0.389503
TRAIN Iter 244: loss = 0.003698,	Top-1 err = 45.900000,	Top-5 err = 23.100000,	train_time = 0.384644
TRAIN Iter 245: loss = 0.003812,	Top-1 err = 50.900000,	Top-5 err = 32.200000,	train_time = 0.402168
TRAIN Iter 246: loss = 0.003763,	Top-1 err = 55.800000,	Top-5 err = 34.200000,	train_time = 0.389407
TRAIN Iter 247: loss = 0.003447,	Top-1 err = 38.300000,	Top-5 err = 20.100000,	train_time = 0.397478
TRAIN Iter 248: loss = 0.003567,	Top-1 err = 44.200000,	Top-5 err = 24.600000,	train_time = 0.373819
TRAIN Iter 249: loss = 0.003611,	Top-1 err = 46.100000,	Top-5 err = 29.600000,	train_time = 0.391339
TEST:
Iter 249: loss = 2.013326,	Top-1 err = 51.110000,	Top-5 err = 21.240000,	val_time = 0.766717
TRAIN Iter 250: loss = 0.003423,	Top-1 err = 42.900000,	Top-5 err = 26.100000,	train_time = 0.404610
TRAIN Iter 251: loss = 0.003530,	Top-1 err = 47.400000,	Top-5 err = 28.000000,	train_time = 0.401021
TRAIN Iter 252: loss = 0.003381,	Top-1 err = 39.600000,	Top-5 err = 19.500000,	train_time = 0.407259
TRAIN Iter 253: loss = 0.003550,	Top-1 err = 46.300000,	Top-5 err = 26.500000,	train_time = 0.375193
TRAIN Iter 254: loss = 0.003574,	Top-1 err = 46.400000,	Top-5 err = 27.000000,	train_time = 0.390628
TRAIN Iter 255: loss = 0.003450,	Top-1 err = 41.300000,	Top-5 err = 24.600000,	train_time = 0.428604
TRAIN Iter 256: loss = 0.003385,	Top-1 err = 43.100000,	Top-5 err = 25.600000,	train_time = 0.396725
TRAIN Iter 257: loss = 0.003518,	Top-1 err = 49.600000,	Top-5 err = 31.900000,	train_time = 0.385735
TRAIN Iter 258: loss = 0.003443,	Top-1 err = 43.500000,	Top-5 err = 24.200000,	train_time = 0.436512
TRAIN Iter 259: loss = 0.003453,	Top-1 err = 48.800000,	Top-5 err = 30.900000,	train_time = 0.362695
TEST:
Iter 259: loss = 1.971371,	Top-1 err = 50.740000,	Top-5 err = 20.940000,	val_time = 0.743434
TRAIN Iter 260: loss = 0.003407,	Top-1 err = 37.700000,	Top-5 err = 22.100000,	train_time = 0.370411
TRAIN Iter 261: loss = 0.003557,	Top-1 err = 41.800000,	Top-5 err = 23.700000,	train_time = 0.386244
TRAIN Iter 262: loss = 0.003595,	Top-1 err = 45.600000,	Top-5 err = 26.900000,	train_time = 0.414724
TRAIN Iter 263: loss = 0.003260,	Top-1 err = 37.800000,	Top-5 err = 18.600000,	train_time = 0.429600
TRAIN Iter 264: loss = 0.003205,	Top-1 err = 38.400000,	Top-5 err = 18.800000,	train_time = 0.413982
TRAIN Iter 265: loss = 0.003553,	Top-1 err = 50.800000,	Top-5 err = 30.700000,	train_time = 0.399099
TRAIN Iter 266: loss = 0.003446,	Top-1 err = 41.200000,	Top-5 err = 25.100000,	train_time = 0.415592
TRAIN Iter 267: loss = 0.003574,	Top-1 err = 49.300000,	Top-5 err = 31.500000,	train_time = 0.380509
TRAIN Iter 268: loss = 0.003385,	Top-1 err = 41.100000,	Top-5 err = 22.900000,	train_time = 0.409531
TRAIN Iter 269: loss = 0.003394,	Top-1 err = 42.900000,	Top-5 err = 24.900000,	train_time = 0.387633
TEST:
Iter 269: loss = 1.988207,	Top-1 err = 50.840000,	Top-5 err = 20.810000,	val_time = 0.743859
TRAIN Iter 270: loss = 0.003505,	Top-1 err = 49.100000,	Top-5 err = 32.000000,	train_time = 0.380563
TRAIN Iter 271: loss = 0.003253,	Top-1 err = 37.900000,	Top-5 err = 18.900000,	train_time = 0.416730
TRAIN Iter 272: loss = 0.003479,	Top-1 err = 48.200000,	Top-5 err = 29.900000,	train_time = 0.408506
TRAIN Iter 273: loss = 0.003441,	Top-1 err = 48.500000,	Top-5 err = 30.100000,	train_time = 0.447309
TRAIN Iter 274: loss = 0.003438,	Top-1 err = 42.200000,	Top-5 err = 22.800000,	train_time = 0.391803
TRAIN Iter 275: loss = 0.003381,	Top-1 err = 40.800000,	Top-5 err = 24.100000,	train_time = 0.367890
TRAIN Iter 276: loss = 0.003411,	Top-1 err = 47.000000,	Top-5 err = 27.200000,	train_time = 0.389028
TRAIN Iter 277: loss = 0.003383,	Top-1 err = 45.100000,	Top-5 err = 25.700000,	train_time = 0.389656
TRAIN Iter 278: loss = 0.003251,	Top-1 err = 38.100000,	Top-5 err = 22.300000,	train_time = 0.396841
TRAIN Iter 279: loss = 0.003296,	Top-1 err = 41.500000,	Top-5 err = 23.900000,	train_time = 0.367843
TEST:
Iter 279: loss = 1.940360,	Top-1 err = 49.770000,	Top-5 err = 20.250000,	val_time = 0.734023
TRAIN Iter 280: loss = 0.003352,	Top-1 err = 45.900000,	Top-5 err = 25.200000,	train_time = 0.377264
TRAIN Iter 281: loss = 0.003417,	Top-1 err = 45.000000,	Top-5 err = 25.700000,	train_time = 0.391288
TRAIN Iter 282: loss = 0.003356,	Top-1 err = 40.200000,	Top-5 err = 21.800000,	train_time = 0.388958
TRAIN Iter 283: loss = 0.003269,	Top-1 err = 44.900000,	Top-5 err = 25.800000,	train_time = 0.414015
TRAIN Iter 284: loss = 0.003364,	Top-1 err = 43.700000,	Top-5 err = 23.800000,	train_time = 0.411881
TRAIN Iter 285: loss = 0.003406,	Top-1 err = 50.800000,	Top-5 err = 32.400000,	train_time = 0.402054
TRAIN Iter 286: loss = 0.003312,	Top-1 err = 48.200000,	Top-5 err = 27.600000,	train_time = 0.385240
TRAIN Iter 287: loss = 0.003462,	Top-1 err = 42.200000,	Top-5 err = 23.500000,	train_time = 0.399545
TRAIN Iter 288: loss = 0.003398,	Top-1 err = 50.900000,	Top-5 err = 33.900000,	train_time = 0.391404
TRAIN Iter 289: loss = 0.003443,	Top-1 err = 50.400000,	Top-5 err = 31.900000,	train_time = 0.387813
TEST:
Iter 289: loss = 1.972797,	Top-1 err = 50.190000,	Top-5 err = 20.680000,	val_time = 0.736655
TRAIN Iter 290: loss = 0.003080,	Top-1 err = 39.700000,	Top-5 err = 21.300000,	train_time = 0.374521
TRAIN Iter 291: loss = 0.003225,	Top-1 err = 44.700000,	Top-5 err = 26.400000,	train_time = 0.383958
TRAIN Iter 292: loss = 0.003345,	Top-1 err = 46.600000,	Top-5 err = 26.500000,	train_time = 0.412896
TRAIN Iter 293: loss = 0.003163,	Top-1 err = 40.400000,	Top-5 err = 21.400000,	train_time = 0.400814
TRAIN Iter 294: loss = 0.003325,	Top-1 err = 42.600000,	Top-5 err = 23.800000,	train_time = 0.397752
TRAIN Iter 295: loss = 0.003486,	Top-1 err = 54.500000,	Top-5 err = 33.500000,	train_time = 0.409562
TRAIN Iter 296: loss = 0.003223,	Top-1 err = 45.800000,	Top-5 err = 26.600000,	train_time = 0.401855
TRAIN Iter 297: loss = 0.003320,	Top-1 err = 48.100000,	Top-5 err = 27.000000,	train_time = 0.408459
TRAIN Iter 298: loss = 0.003307,	Top-1 err = 41.000000,	Top-5 err = 22.200000,	train_time = 0.396709
TRAIN Iter 299: loss = 0.003447,	Top-1 err = 47.800000,	Top-5 err = 29.300000,	train_time = 0.395062
TEST:
Iter 299: loss = 1.951204,	Top-1 err = 50.210000,	Top-5 err = 20.720000,	val_time = 0.804564
Train Finish! Best accuracy is 50.23@279
