/home/dvspanos/miniconda3/envs/rded/lib/python3.10/site-packages/torch/cuda/__init__.py:611: UserWarning: Can't initialize NVML
  warnings.warn("Can't initialize NVML")
=> using pytorch pre-trained teacher model 'conv3'
process data from /home/dvspanos/nikos/ca2d/artifacts/rded_sets/bench_cifar100_conv_el2nw70_ipc50
load data successfully
TRAIN Iter 0: loss = 0.018346,	Top-1 err = 94.620000,	Top-5 err = 80.780000,	train_time = 2.041338
TRAIN Iter 1: loss = 0.015086,	Top-1 err = 90.520000,	Top-5 err = 71.200000,	train_time = 1.326239
TRAIN Iter 2: loss = 0.012992,	Top-1 err = 86.260000,	Top-5 err = 63.080000,	train_time = 1.338739
TRAIN Iter 3: loss = 0.011568,	Top-1 err = 84.220000,	Top-5 err = 59.000000,	train_time = 1.333355
TRAIN Iter 4: loss = 0.010445,	Top-1 err = 82.400000,	Top-5 err = 56.680000,	train_time = 1.351552
TRAIN Iter 5: loss = 0.009693,	Top-1 err = 78.740000,	Top-5 err = 51.260000,	train_time = 1.378488
TRAIN Iter 6: loss = 0.009058,	Top-1 err = 77.340000,	Top-5 err = 49.360000,	train_time = 1.382570
TRAIN Iter 7: loss = 0.008467,	Top-1 err = 75.260000,	Top-5 err = 46.800000,	train_time = 1.356968
TRAIN Iter 8: loss = 0.007875,	Top-1 err = 75.300000,	Top-5 err = 46.700000,	train_time = 1.378803
TRAIN Iter 9: loss = 0.007617,	Top-1 err = 75.640000,	Top-5 err = 48.160000,	train_time = 1.298821
TRAIN Iter 10: loss = 0.007309,	Top-1 err = 72.540000,	Top-5 err = 44.540000,	train_time = 1.356210
TRAIN Iter 11: loss = 0.006981,	Top-1 err = 70.140000,	Top-5 err = 41.420000,	train_time = 1.390505
TRAIN Iter 12: loss = 0.006725,	Top-1 err = 71.720000,	Top-5 err = 43.400000,	train_time = 1.346206
TRAIN Iter 13: loss = 0.006584,	Top-1 err = 71.900000,	Top-5 err = 45.260000,	train_time = 1.353995
TRAIN Iter 14: loss = 0.006372,	Top-1 err = 69.060000,	Top-5 err = 40.900000,	train_time = 1.330445
TRAIN Iter 15: loss = 0.006260,	Top-1 err = 69.700000,	Top-5 err = 42.540000,	train_time = 1.351462
TRAIN Iter 16: loss = 0.006107,	Top-1 err = 67.900000,	Top-5 err = 40.840000,	train_time = 1.388951
TRAIN Iter 17: loss = 0.005947,	Top-1 err = 70.320000,	Top-5 err = 45.460000,	train_time = 1.238111
TRAIN Iter 18: loss = 0.005903,	Top-1 err = 66.120000,	Top-5 err = 37.900000,	train_time = 1.283097
TRAIN Iter 19: loss = 0.005596,	Top-1 err = 67.280000,	Top-5 err = 39.880000,	train_time = 1.382586
TRAIN Iter 20: loss = 0.005518,	Top-1 err = 67.560000,	Top-5 err = 42.040000,	train_time = 1.216491
TRAIN Iter 21: loss = 0.005498,	Top-1 err = 65.220000,	Top-5 err = 38.740000,	train_time = 1.410346
TRAIN Iter 22: loss = 0.005255,	Top-1 err = 64.440000,	Top-5 err = 37.880000,	train_time = 1.453881
TRAIN Iter 23: loss = 0.005192,	Top-1 err = 69.400000,	Top-5 err = 43.240000,	train_time = 1.310845
TRAIN Iter 24: loss = 0.005173,	Top-1 err = 64.720000,	Top-5 err = 36.860000,	train_time = 1.401464
TRAIN Iter 25: loss = 0.005030,	Top-1 err = 68.140000,	Top-5 err = 40.560000,	train_time = 1.336954
TRAIN Iter 26: loss = 0.005018,	Top-1 err = 66.680000,	Top-5 err = 39.980000,	train_time = 1.382200
TRAIN Iter 27: loss = 0.004991,	Top-1 err = 65.720000,	Top-5 err = 38.440000,	train_time = 1.386071
TRAIN Iter 28: loss = 0.004890,	Top-1 err = 63.920000,	Top-5 err = 37.540000,	train_time = 1.319225
TRAIN Iter 29: loss = 0.004791,	Top-1 err = 62.680000,	Top-5 err = 36.280000,	train_time = 1.359897
TRAIN Iter 30: loss = 0.004733,	Top-1 err = 65.380000,	Top-5 err = 37.800000,	train_time = 1.330974
TRAIN Iter 31: loss = 0.004665,	Top-1 err = 64.580000,	Top-5 err = 37.460000,	train_time = 1.413857
TRAIN Iter 32: loss = 0.004720,	Top-1 err = 61.900000,	Top-5 err = 35.600000,	train_time = 1.432108
TRAIN Iter 33: loss = 0.004614,	Top-1 err = 63.280000,	Top-5 err = 37.360000,	train_time = 1.417104
TRAIN Iter 34: loss = 0.004576,	Top-1 err = 67.080000,	Top-5 err = 41.360000,	train_time = 1.421789
TRAIN Iter 35: loss = 0.004474,	Top-1 err = 63.800000,	Top-5 err = 37.740000,	train_time = 1.377338
TRAIN Iter 36: loss = 0.004377,	Top-1 err = 67.420000,	Top-5 err = 40.240000,	train_time = 1.496910
TRAIN Iter 37: loss = 0.004488,	Top-1 err = 66.840000,	Top-5 err = 41.040000,	train_time = 1.399202
TRAIN Iter 38: loss = 0.004379,	Top-1 err = 62.060000,	Top-5 err = 35.720000,	train_time = 1.304922
TRAIN Iter 39: loss = 0.004283,	Top-1 err = 62.720000,	Top-5 err = 36.160000,	train_time = 1.336990
TRAIN Iter 40: loss = 0.004280,	Top-1 err = 62.820000,	Top-5 err = 35.700000,	train_time = 1.354877
TRAIN Iter 41: loss = 0.004241,	Top-1 err = 64.040000,	Top-5 err = 37.820000,	train_time = 1.370162
TRAIN Iter 42: loss = 0.004209,	Top-1 err = 61.000000,	Top-5 err = 34.240000,	train_time = 1.388007
TRAIN Iter 43: loss = 0.004176,	Top-1 err = 63.680000,	Top-5 err = 37.140000,	train_time = 1.325924
TRAIN Iter 44: loss = 0.004196,	Top-1 err = 63.400000,	Top-5 err = 37.680000,	train_time = 1.402991
TRAIN Iter 45: loss = 0.004122,	Top-1 err = 63.720000,	Top-5 err = 36.220000,	train_time = 1.355568
TRAIN Iter 46: loss = 0.004131,	Top-1 err = 64.560000,	Top-5 err = 39.540000,	train_time = 1.292714
TRAIN Iter 47: loss = 0.004102,	Top-1 err = 63.460000,	Top-5 err = 37.380000,	train_time = 1.402398
TRAIN Iter 48: loss = 0.004009,	Top-1 err = 61.980000,	Top-5 err = 35.920000,	train_time = 1.368203
TRAIN Iter 49: loss = 0.004029,	Top-1 err = 61.520000,	Top-5 err = 34.780000,	train_time = 1.406447
TRAIN Iter 50: loss = 0.003926,	Top-1 err = 62.820000,	Top-5 err = 36.780000,	train_time = 1.351838
TRAIN Iter 51: loss = 0.003940,	Top-1 err = 63.640000,	Top-5 err = 38.440000,	train_time = 1.340198
TRAIN Iter 52: loss = 0.003928,	Top-1 err = 64.100000,	Top-5 err = 39.240000,	train_time = 1.323452
TRAIN Iter 53: loss = 0.003828,	Top-1 err = 61.300000,	Top-5 err = 35.540000,	train_time = 1.306823
TRAIN Iter 54: loss = 0.003790,	Top-1 err = 61.560000,	Top-5 err = 35.940000,	train_time = 1.364799
TRAIN Iter 55: loss = 0.003861,	Top-1 err = 61.620000,	Top-5 err = 35.980000,	train_time = 1.340836
TRAIN Iter 56: loss = 0.003778,	Top-1 err = 63.540000,	Top-5 err = 38.440000,	train_time = 1.394122
TRAIN Iter 57: loss = 0.003790,	Top-1 err = 63.540000,	Top-5 err = 38.600000,	train_time = 1.357672
TRAIN Iter 58: loss = 0.003774,	Top-1 err = 61.500000,	Top-5 err = 36.900000,	train_time = 1.352403
TRAIN Iter 59: loss = 0.003770,	Top-1 err = 63.020000,	Top-5 err = 37.800000,	train_time = 1.362836
TRAIN Iter 60: loss = 0.003750,	Top-1 err = 63.360000,	Top-5 err = 38.140000,	train_time = 1.352163
TRAIN Iter 61: loss = 0.003676,	Top-1 err = 62.860000,	Top-5 err = 37.000000,	train_time = 1.342160
TRAIN Iter 62: loss = 0.003607,	Top-1 err = 63.800000,	Top-5 err = 37.380000,	train_time = 1.361910
TRAIN Iter 63: loss = 0.003628,	Top-1 err = 63.060000,	Top-5 err = 37.360000,	train_time = 1.406187
TRAIN Iter 64: loss = 0.003615,	Top-1 err = 61.540000,	Top-5 err = 34.920000,	train_time = 1.362286
TRAIN Iter 65: loss = 0.003641,	Top-1 err = 61.540000,	Top-5 err = 36.360000,	train_time = 1.382423
TRAIN Iter 66: loss = 0.003576,	Top-1 err = 65.140000,	Top-5 err = 38.360000,	train_time = 1.365098
TRAIN Iter 67: loss = 0.003522,	Top-1 err = 63.780000,	Top-5 err = 37.900000,	train_time = 1.384882
TRAIN Iter 68: loss = 0.003571,	Top-1 err = 63.060000,	Top-5 err = 37.820000,	train_time = 1.362001
TRAIN Iter 69: loss = 0.003475,	Top-1 err = 60.880000,	Top-5 err = 35.080000,	train_time = 1.394804
TRAIN Iter 70: loss = 0.003476,	Top-1 err = 61.320000,	Top-5 err = 35.200000,	train_time = 1.293595
TRAIN Iter 71: loss = 0.003423,	Top-1 err = 63.460000,	Top-5 err = 37.760000,	train_time = 1.332359
TRAIN Iter 72: loss = 0.003386,	Top-1 err = 62.240000,	Top-5 err = 36.300000,	train_time = 1.367515
TRAIN Iter 73: loss = 0.003435,	Top-1 err = 60.840000,	Top-5 err = 34.780000,	train_time = 1.352818
TRAIN Iter 74: loss = 0.003418,	Top-1 err = 60.980000,	Top-5 err = 35.000000,	train_time = 1.380434
TRAIN Iter 75: loss = 0.003399,	Top-1 err = 62.920000,	Top-5 err = 36.980000,	train_time = 1.254677
TRAIN Iter 76: loss = 0.003380,	Top-1 err = 61.980000,	Top-5 err = 35.940000,	train_time = 1.360849
TRAIN Iter 77: loss = 0.003357,	Top-1 err = 62.540000,	Top-5 err = 37.140000,	train_time = 1.428590
TRAIN Iter 78: loss = 0.003366,	Top-1 err = 63.500000,	Top-5 err = 37.840000,	train_time = 1.339986
TRAIN Iter 79: loss = 0.003231,	Top-1 err = 61.260000,	Top-5 err = 35.260000,	train_time = 1.480504
TRAIN Iter 80: loss = 0.003324,	Top-1 err = 62.760000,	Top-5 err = 37.540000,	train_time = 1.263071
TRAIN Iter 81: loss = 0.003245,	Top-1 err = 59.600000,	Top-5 err = 34.020000,	train_time = 1.303197
TRAIN Iter 82: loss = 0.003216,	Top-1 err = 61.340000,	Top-5 err = 36.860000,	train_time = 1.322865
TRAIN Iter 83: loss = 0.003280,	Top-1 err = 63.800000,	Top-5 err = 38.260000,	train_time = 1.390205
TRAIN Iter 84: loss = 0.003297,	Top-1 err = 59.040000,	Top-5 err = 31.700000,	train_time = 1.344528
TRAIN Iter 85: loss = 0.003226,	Top-1 err = 62.060000,	Top-5 err = 36.920000,	train_time = 1.452894
TRAIN Iter 86: loss = 0.003171,	Top-1 err = 61.980000,	Top-5 err = 37.140000,	train_time = 1.347854
TRAIN Iter 87: loss = 0.003144,	Top-1 err = 62.520000,	Top-5 err = 37.120000,	train_time = 1.410322
TRAIN Iter 88: loss = 0.003184,	Top-1 err = 63.640000,	Top-5 err = 39.100000,	train_time = 1.337023
TRAIN Iter 89: loss = 0.003168,	Top-1 err = 63.140000,	Top-5 err = 39.280000,	train_time = 1.378217
TRAIN Iter 90: loss = 0.003148,	Top-1 err = 62.520000,	Top-5 err = 37.880000,	train_time = 1.346426
TRAIN Iter 91: loss = 0.003147,	Top-1 err = 59.360000,	Top-5 err = 34.660000,	train_time = 1.405377
TRAIN Iter 92: loss = 0.003117,	Top-1 err = 63.400000,	Top-5 err = 37.920000,	train_time = 1.400073
TRAIN Iter 93: loss = 0.002971,	Top-1 err = 64.000000,	Top-5 err = 39.060000,	train_time = 1.391123
TRAIN Iter 94: loss = 0.003076,	Top-1 err = 60.500000,	Top-5 err = 34.640000,	train_time = 1.379117
TRAIN Iter 95: loss = 0.003069,	Top-1 err = 62.940000,	Top-5 err = 37.380000,	train_time = 1.396542
TRAIN Iter 96: loss = 0.003031,	Top-1 err = 61.720000,	Top-5 err = 36.220000,	train_time = 1.335811
TRAIN Iter 97: loss = 0.003058,	Top-1 err = 62.060000,	Top-5 err = 37.780000,	train_time = 1.396392
TRAIN Iter 98: loss = 0.003056,	Top-1 err = 64.240000,	Top-5 err = 38.240000,	train_time = 1.352587
TRAIN Iter 99: loss = 0.003005,	Top-1 err = 61.500000,	Top-5 err = 36.800000,	train_time = 1.409695
TRAIN Iter 100: loss = 0.002988,	Top-1 err = 60.300000,	Top-5 err = 35.900000,	train_time = 1.351298
TRAIN Iter 101: loss = 0.002947,	Top-1 err = 61.620000,	Top-5 err = 37.900000,	train_time = 1.393333
TRAIN Iter 102: loss = 0.002981,	Top-1 err = 61.480000,	Top-5 err = 36.180000,	train_time = 1.401801
TRAIN Iter 103: loss = 0.002918,	Top-1 err = 62.380000,	Top-5 err = 35.600000,	train_time = 1.384653
TRAIN Iter 104: loss = 0.002938,	Top-1 err = 60.660000,	Top-5 err = 36.120000,	train_time = 1.389731
TRAIN Iter 105: loss = 0.002904,	Top-1 err = 62.820000,	Top-5 err = 37.840000,	train_time = 1.453374
TRAIN Iter 106: loss = 0.002943,	Top-1 err = 64.980000,	Top-5 err = 38.560000,	train_time = 1.316159
TRAIN Iter 107: loss = 0.002859,	Top-1 err = 57.120000,	Top-5 err = 31.300000,	train_time = 1.385709
TRAIN Iter 108: loss = 0.002843,	Top-1 err = 59.560000,	Top-5 err = 33.960000,	train_time = 1.376982
TRAIN Iter 109: loss = 0.002813,	Top-1 err = 63.080000,	Top-5 err = 38.460000,	train_time = 1.340606
TRAIN Iter 110: loss = 0.002827,	Top-1 err = 60.480000,	Top-5 err = 35.260000,	train_time = 1.424939
TRAIN Iter 111: loss = 0.002825,	Top-1 err = 60.880000,	Top-5 err = 36.120000,	train_time = 1.375857
TRAIN Iter 112: loss = 0.002801,	Top-1 err = 60.760000,	Top-5 err = 34.400000,	train_time = 1.397820
TRAIN Iter 113: loss = 0.002804,	Top-1 err = 61.420000,	Top-5 err = 37.020000,	train_time = 1.389997
TRAIN Iter 114: loss = 0.002853,	Top-1 err = 59.280000,	Top-5 err = 35.360000,	train_time = 1.340815
TRAIN Iter 115: loss = 0.002810,	Top-1 err = 60.180000,	Top-5 err = 36.320000,	train_time = 1.290025
TRAIN Iter 116: loss = 0.002765,	Top-1 err = 61.560000,	Top-5 err = 37.180000,	train_time = 1.370225
TRAIN Iter 117: loss = 0.002799,	Top-1 err = 60.920000,	Top-5 err = 36.480000,	train_time = 1.368401
TRAIN Iter 118: loss = 0.002757,	Top-1 err = 58.860000,	Top-5 err = 34.620000,	train_time = 1.388265
TRAIN Iter 119: loss = 0.002737,	Top-1 err = 60.400000,	Top-5 err = 35.380000,	train_time = 1.347936
TRAIN Iter 120: loss = 0.002757,	Top-1 err = 62.920000,	Top-5 err = 37.760000,	train_time = 1.459970
TRAIN Iter 121: loss = 0.002722,	Top-1 err = 61.220000,	Top-5 err = 35.660000,	train_time = 1.461638
TRAIN Iter 122: loss = 0.002688,	Top-1 err = 58.440000,	Top-5 err = 33.800000,	train_time = 1.273921
TRAIN Iter 123: loss = 0.002750,	Top-1 err = 63.900000,	Top-5 err = 40.500000,	train_time = 1.397478
TRAIN Iter 124: loss = 0.002607,	Top-1 err = 59.580000,	Top-5 err = 33.320000,	train_time = 1.340008
TRAIN Iter 125: loss = 0.002688,	Top-1 err = 57.680000,	Top-5 err = 32.500000,	train_time = 1.334857
TRAIN Iter 126: loss = 0.002633,	Top-1 err = 58.940000,	Top-5 err = 33.200000,	train_time = 1.309528
TRAIN Iter 127: loss = 0.002638,	Top-1 err = 58.880000,	Top-5 err = 33.760000,	train_time = 1.288158
TRAIN Iter 128: loss = 0.002603,	Top-1 err = 58.660000,	Top-5 err = 35.040000,	train_time = 1.334210
TRAIN Iter 129: loss = 0.002633,	Top-1 err = 59.740000,	Top-5 err = 34.940000,	train_time = 1.304310
TRAIN Iter 130: loss = 0.002606,	Top-1 err = 58.880000,	Top-5 err = 33.580000,	train_time = 1.388000
TRAIN Iter 131: loss = 0.002573,	Top-1 err = 58.460000,	Top-5 err = 33.660000,	train_time = 1.315305
TRAIN Iter 132: loss = 0.002579,	Top-1 err = 59.380000,	Top-5 err = 34.500000,	train_time = 1.411023
TRAIN Iter 133: loss = 0.002567,	Top-1 err = 60.780000,	Top-5 err = 34.540000,	train_time = 1.257062
TRAIN Iter 134: loss = 0.002615,	Top-1 err = 59.620000,	Top-5 err = 34.720000,	train_time = 1.491330
TRAIN Iter 135: loss = 0.002546,	Top-1 err = 60.400000,	Top-5 err = 35.160000,	train_time = 1.429975
TRAIN Iter 136: loss = 0.002569,	Top-1 err = 61.480000,	Top-5 err = 37.760000,	train_time = 1.392051
TRAIN Iter 137: loss = 0.002515,	Top-1 err = 58.540000,	Top-5 err = 32.880000,	train_time = 1.397273
TRAIN Iter 138: loss = 0.002591,	Top-1 err = 60.660000,	Top-5 err = 35.440000,	train_time = 1.381895
TRAIN Iter 139: loss = 0.002477,	Top-1 err = 59.080000,	Top-5 err = 34.800000,	train_time = 1.348280
TRAIN Iter 140: loss = 0.002543,	Top-1 err = 62.900000,	Top-5 err = 37.820000,	train_time = 1.431592
TRAIN Iter 141: loss = 0.002489,	Top-1 err = 59.360000,	Top-5 err = 32.660000,	train_time = 1.256337
TRAIN Iter 142: loss = 0.002496,	Top-1 err = 60.020000,	Top-5 err = 34.660000,	train_time = 1.344964
TRAIN Iter 143: loss = 0.002555,	Top-1 err = 59.280000,	Top-5 err = 35.320000,	train_time = 1.309677
TRAIN Iter 144: loss = 0.002515,	Top-1 err = 59.680000,	Top-5 err = 35.640000,	train_time = 1.325558
TRAIN Iter 145: loss = 0.002486,	Top-1 err = 59.040000,	Top-5 err = 35.360000,	train_time = 1.412829
TRAIN Iter 146: loss = 0.002496,	Top-1 err = 61.820000,	Top-5 err = 36.900000,	train_time = 1.337378
TRAIN Iter 147: loss = 0.002439,	Top-1 err = 59.520000,	Top-5 err = 34.460000,	train_time = 1.458685
TRAIN Iter 148: loss = 0.002477,	Top-1 err = 60.840000,	Top-5 err = 36.620000,	train_time = 1.321558
TRAIN Iter 149: loss = 0.002481,	Top-1 err = 59.400000,	Top-5 err = 35.380000,	train_time = 1.374197
TRAIN Iter 150: loss = 0.002417,	Top-1 err = 58.540000,	Top-5 err = 33.100000,	train_time = 1.319870
TRAIN Iter 151: loss = 0.002461,	Top-1 err = 59.940000,	Top-5 err = 35.480000,	train_time = 1.295658
TRAIN Iter 152: loss = 0.002411,	Top-1 err = 60.940000,	Top-5 err = 36.140000,	train_time = 1.360837
TRAIN Iter 153: loss = 0.002485,	Top-1 err = 58.920000,	Top-5 err = 33.880000,	train_time = 1.298266
TRAIN Iter 154: loss = 0.002444,	Top-1 err = 59.240000,	Top-5 err = 35.080000,	train_time = 1.385673
TRAIN Iter 155: loss = 0.002379,	Top-1 err = 61.900000,	Top-5 err = 36.880000,	train_time = 1.311736
TRAIN Iter 156: loss = 0.002361,	Top-1 err = 61.760000,	Top-5 err = 36.320000,	train_time = 1.381213
TRAIN Iter 157: loss = 0.002413,	Top-1 err = 59.240000,	Top-5 err = 35.920000,	train_time = 1.335405
TRAIN Iter 158: loss = 0.002379,	Top-1 err = 59.460000,	Top-5 err = 33.680000,	train_time = 1.447351
TRAIN Iter 159: loss = 0.002418,	Top-1 err = 58.720000,	Top-5 err = 34.200000,	train_time = 1.250448
TRAIN Iter 160: loss = 0.002375,	Top-1 err = 57.960000,	Top-5 err = 32.920000,	train_time = 1.316238
TRAIN Iter 161: loss = 0.002347,	Top-1 err = 57.820000,	Top-5 err = 33.360000,	train_time = 1.286591
TRAIN Iter 162: loss = 0.002404,	Top-1 err = 60.300000,	Top-5 err = 35.700000,	train_time = 1.302692
TRAIN Iter 163: loss = 0.002362,	Top-1 err = 58.400000,	Top-5 err = 34.140000,	train_time = 1.396557
TRAIN Iter 164: loss = 0.002276,	Top-1 err = 59.160000,	Top-5 err = 35.000000,	train_time = 1.351576
TRAIN Iter 165: loss = 0.002308,	Top-1 err = 60.400000,	Top-5 err = 35.380000,	train_time = 1.310053
TRAIN Iter 166: loss = 0.002315,	Top-1 err = 57.880000,	Top-5 err = 34.020000,	train_time = 1.310184
TRAIN Iter 167: loss = 0.002283,	Top-1 err = 57.600000,	Top-5 err = 33.460000,	train_time = 1.294449
TRAIN Iter 168: loss = 0.002283,	Top-1 err = 59.900000,	Top-5 err = 34.920000,	train_time = 1.368496
TRAIN Iter 169: loss = 0.002275,	Top-1 err = 61.780000,	Top-5 err = 36.960000,	train_time = 1.398253
TRAIN Iter 170: loss = 0.002325,	Top-1 err = 61.080000,	Top-5 err = 35.700000,	train_time = 1.329342
TRAIN Iter 171: loss = 0.002288,	Top-1 err = 60.880000,	Top-5 err = 36.540000,	train_time = 1.412814
TRAIN Iter 172: loss = 0.002241,	Top-1 err = 54.660000,	Top-5 err = 29.160000,	train_time = 1.364403
TRAIN Iter 173: loss = 0.002291,	Top-1 err = 60.140000,	Top-5 err = 36.400000,	train_time = 1.340136
TRAIN Iter 174: loss = 0.002302,	Top-1 err = 60.460000,	Top-5 err = 36.440000,	train_time = 1.365600
TRAIN Iter 175: loss = 0.002279,	Top-1 err = 61.940000,	Top-5 err = 37.000000,	train_time = 1.359904
TRAIN Iter 176: loss = 0.002210,	Top-1 err = 58.400000,	Top-5 err = 33.040000,	train_time = 1.479456
TRAIN Iter 177: loss = 0.002223,	Top-1 err = 59.860000,	Top-5 err = 35.560000,	train_time = 1.352632
TRAIN Iter 178: loss = 0.002227,	Top-1 err = 61.400000,	Top-5 err = 36.440000,	train_time = 1.333820
TRAIN Iter 179: loss = 0.002273,	Top-1 err = 60.900000,	Top-5 err = 36.260000,	train_time = 1.346657
TRAIN Iter 180: loss = 0.002179,	Top-1 err = 59.580000,	Top-5 err = 33.880000,	train_time = 1.339609
TRAIN Iter 181: loss = 0.002236,	Top-1 err = 61.180000,	Top-5 err = 37.020000,	train_time = 1.373790
TRAIN Iter 182: loss = 0.002257,	Top-1 err = 60.720000,	Top-5 err = 34.940000,	train_time = 1.314305
TRAIN Iter 183: loss = 0.002265,	Top-1 err = 60.080000,	Top-5 err = 36.720000,	train_time = 1.363497
TRAIN Iter 184: loss = 0.002178,	Top-1 err = 60.600000,	Top-5 err = 37.280000,	train_time = 1.399889
TRAIN Iter 185: loss = 0.002164,	Top-1 err = 60.620000,	Top-5 err = 35.640000,	train_time = 1.340002
TRAIN Iter 186: loss = 0.002168,	Top-1 err = 59.860000,	Top-5 err = 35.260000,	train_time = 1.305556
TRAIN Iter 187: loss = 0.002173,	Top-1 err = 62.240000,	Top-5 err = 37.720000,	train_time = 1.314951
TRAIN Iter 188: loss = 0.002183,	Top-1 err = 58.920000,	Top-5 err = 34.020000,	train_time = 1.363318
TRAIN Iter 189: loss = 0.002165,	Top-1 err = 60.960000,	Top-5 err = 37.100000,	train_time = 1.377129
TRAIN Iter 190: loss = 0.002233,	Top-1 err = 60.260000,	Top-5 err = 34.680000,	train_time = 1.333821
TRAIN Iter 191: loss = 0.002140,	Top-1 err = 58.820000,	Top-5 err = 34.960000,	train_time = 1.402746
TRAIN Iter 192: loss = 0.002123,	Top-1 err = 59.140000,	Top-5 err = 34.160000,	train_time = 1.232755
TRAIN Iter 193: loss = 0.002128,	Top-1 err = 57.460000,	Top-5 err = 31.960000,	train_time = 1.398920
TRAIN Iter 194: loss = 0.002139,	Top-1 err = 59.620000,	Top-5 err = 35.980000,	train_time = 1.381338
TRAIN Iter 195: loss = 0.002145,	Top-1 err = 62.200000,	Top-5 err = 37.400000,	train_time = 1.284318
TRAIN Iter 196: loss = 0.002088,	Top-1 err = 57.680000,	Top-5 err = 32.240000,	train_time = 1.364366
TRAIN Iter 197: loss = 0.002109,	Top-1 err = 60.260000,	Top-5 err = 36.420000,	train_time = 1.347647
TRAIN Iter 198: loss = 0.002108,	Top-1 err = 58.080000,	Top-5 err = 33.880000,	train_time = 1.387361
TRAIN Iter 199: loss = 0.002104,	Top-1 err = 64.680000,	Top-5 err = 39.780000,	train_time = 1.360745
TRAIN Iter 200: loss = 0.002133,	Top-1 err = 60.200000,	Top-5 err = 34.300000,	train_time = 1.298048
TRAIN Iter 201: loss = 0.002132,	Top-1 err = 59.500000,	Top-5 err = 36.840000,	train_time = 1.372044
TRAIN Iter 202: loss = 0.002152,	Top-1 err = 61.580000,	Top-5 err = 37.200000,	train_time = 1.265905
TRAIN Iter 203: loss = 0.002043,	Top-1 err = 57.440000,	Top-5 err = 33.140000,	train_time = 1.396890
TRAIN Iter 204: loss = 0.002082,	Top-1 err = 56.540000,	Top-5 err = 32.160000,	train_time = 1.327317
TRAIN Iter 205: loss = 0.002030,	Top-1 err = 58.460000,	Top-5 err = 32.900000,	train_time = 1.338214
TRAIN Iter 206: loss = 0.002089,	Top-1 err = 60.440000,	Top-5 err = 36.100000,	train_time = 1.367006
TRAIN Iter 207: loss = 0.002039,	Top-1 err = 57.580000,	Top-5 err = 33.740000,	train_time = 1.353663
TRAIN Iter 208: loss = 0.002013,	Top-1 err = 57.560000,	Top-5 err = 32.380000,	train_time = 1.393625
TRAIN Iter 209: loss = 0.001988,	Top-1 err = 57.340000,	Top-5 err = 32.660000,	train_time = 1.301272
TRAIN Iter 210: loss = 0.002046,	Top-1 err = 62.200000,	Top-5 err = 35.980000,	train_time = 1.356467
TRAIN Iter 211: loss = 0.002002,	Top-1 err = 63.100000,	Top-5 err = 38.000000,	train_time = 1.413808
TRAIN Iter 212: loss = 0.002002,	Top-1 err = 57.140000,	Top-5 err = 32.240000,	train_time = 1.356482
TRAIN Iter 213: loss = 0.002051,	Top-1 err = 59.020000,	Top-5 err = 35.400000,	train_time = 1.413246
TRAIN Iter 214: loss = 0.001993,	Top-1 err = 56.380000,	Top-5 err = 31.020000,	train_time = 1.382695
TRAIN Iter 215: loss = 0.002032,	Top-1 err = 58.540000,	Top-5 err = 33.540000,	train_time = 1.320920
TRAIN Iter 216: loss = 0.001998,	Top-1 err = 59.160000,	Top-5 err = 34.760000,	train_time = 1.437362
TRAIN Iter 217: loss = 0.001967,	Top-1 err = 57.980000,	Top-5 err = 33.640000,	train_time = 1.374094
TRAIN Iter 218: loss = 0.001988,	Top-1 err = 57.840000,	Top-5 err = 33.260000,	train_time = 1.420990
TRAIN Iter 219: loss = 0.002011,	Top-1 err = 57.500000,	Top-5 err = 33.380000,	train_time = 1.397471
TRAIN Iter 220: loss = 0.002078,	Top-1 err = 57.360000,	Top-5 err = 33.280000,	train_time = 1.409919
TRAIN Iter 221: loss = 0.001999,	Top-1 err = 59.980000,	Top-5 err = 34.900000,	train_time = 1.356482
TRAIN Iter 222: loss = 0.002011,	Top-1 err = 58.140000,	Top-5 err = 32.160000,	train_time = 1.357592
TRAIN Iter 223: loss = 0.001978,	Top-1 err = 61.820000,	Top-5 err = 36.540000,	train_time = 1.444783
TRAIN Iter 224: loss = 0.001926,	Top-1 err = 56.740000,	Top-5 err = 32.200000,	train_time = 1.271425
TRAIN Iter 225: loss = 0.001947,	Top-1 err = 59.140000,	Top-5 err = 34.520000,	train_time = 1.393985
TRAIN Iter 226: loss = 0.001947,	Top-1 err = 60.340000,	Top-5 err = 36.060000,	train_time = 1.347480
TRAIN Iter 227: loss = 0.001900,	Top-1 err = 56.440000,	Top-5 err = 30.460000,	train_time = 1.316387
TRAIN Iter 228: loss = 0.001962,	Top-1 err = 59.060000,	Top-5 err = 34.060000,	train_time = 1.375179
TRAIN Iter 229: loss = 0.001960,	Top-1 err = 59.060000,	Top-5 err = 35.180000,	train_time = 1.332811
TRAIN Iter 230: loss = 0.001938,	Top-1 err = 63.160000,	Top-5 err = 38.060000,	train_time = 1.476494
TRAIN Iter 231: loss = 0.001949,	Top-1 err = 59.400000,	Top-5 err = 34.940000,	train_time = 1.431527
TRAIN Iter 232: loss = 0.001963,	Top-1 err = 62.200000,	Top-5 err = 38.440000,	train_time = 1.385497
TRAIN Iter 233: loss = 0.001944,	Top-1 err = 59.220000,	Top-5 err = 35.460000,	train_time = 1.350251
TRAIN Iter 234: loss = 0.001931,	Top-1 err = 59.420000,	Top-5 err = 34.000000,	train_time = 1.323522
TRAIN Iter 235: loss = 0.001900,	Top-1 err = 58.660000,	Top-5 err = 34.980000,	train_time = 1.317228
TRAIN Iter 236: loss = 0.001886,	Top-1 err = 59.880000,	Top-5 err = 35.080000,	train_time = 1.292325
TRAIN Iter 237: loss = 0.001917,	Top-1 err = 57.680000,	Top-5 err = 32.940000,	train_time = 1.320233
TRAIN Iter 238: loss = 0.001929,	Top-1 err = 60.980000,	Top-5 err = 36.200000,	train_time = 1.349810
TRAIN Iter 239: loss = 0.001905,	Top-1 err = 61.680000,	Top-5 err = 35.680000,	train_time = 1.336935
TRAIN Iter 240: loss = 0.001863,	Top-1 err = 58.860000,	Top-5 err = 34.360000,	train_time = 1.289142
TRAIN Iter 241: loss = 0.001874,	Top-1 err = 61.220000,	Top-5 err = 35.740000,	train_time = 1.358567
TRAIN Iter 242: loss = 0.001896,	Top-1 err = 61.600000,	Top-5 err = 38.020000,	train_time = 1.340599
TRAIN Iter 243: loss = 0.001817,	Top-1 err = 57.460000,	Top-5 err = 33.700000,	train_time = 1.448148
TRAIN Iter 244: loss = 0.001819,	Top-1 err = 59.360000,	Top-5 err = 34.800000,	train_time = 1.264590
TRAIN Iter 245: loss = 0.001869,	Top-1 err = 58.380000,	Top-5 err = 34.600000,	train_time = 1.398751
TRAIN Iter 246: loss = 0.001843,	Top-1 err = 58.280000,	Top-5 err = 32.940000,	train_time = 1.377490
TRAIN Iter 247: loss = 0.001899,	Top-1 err = 61.640000,	Top-5 err = 38.460000,	train_time = 1.468421
TRAIN Iter 248: loss = 0.001885,	Top-1 err = 58.740000,	Top-5 err = 35.920000,	train_time = 1.364174
TRAIN Iter 249: loss = 0.001884,	Top-1 err = 62.460000,	Top-5 err = 37.680000,	train_time = 1.299943
TEST:
Iter 249: loss = 1.692932,	Top-1 err = 43.110000,	Top-5 err = 16.250000,	val_time = 0.794631
TRAIN Iter 250: loss = 0.001791,	Top-1 err = 58.320000,	Top-5 err = 33.320000,	train_time = 1.327890
TRAIN Iter 251: loss = 0.001842,	Top-1 err = 60.320000,	Top-5 err = 35.920000,	train_time = 1.343613
TRAIN Iter 252: loss = 0.001806,	Top-1 err = 60.820000,	Top-5 err = 36.960000,	train_time = 1.421578
TRAIN Iter 253: loss = 0.001868,	Top-1 err = 59.700000,	Top-5 err = 33.560000,	train_time = 1.400496
TRAIN Iter 254: loss = 0.001886,	Top-1 err = 61.700000,	Top-5 err = 38.140000,	train_time = 1.347613
TRAIN Iter 255: loss = 0.001843,	Top-1 err = 59.920000,	Top-5 err = 35.000000,	train_time = 1.428523
TRAIN Iter 256: loss = 0.001805,	Top-1 err = 59.020000,	Top-5 err = 34.640000,	train_time = 1.374345
TRAIN Iter 257: loss = 0.001794,	Top-1 err = 59.900000,	Top-5 err = 35.240000,	train_time = 1.345731
TRAIN Iter 258: loss = 0.001772,	Top-1 err = 56.940000,	Top-5 err = 33.080000,	train_time = 1.311098
TRAIN Iter 259: loss = 0.001813,	Top-1 err = 59.120000,	Top-5 err = 34.980000,	train_time = 1.388527
TEST:
Iter 259: loss = 1.692219,	Top-1 err = 43.060000,	Top-5 err = 16.440000,	val_time = 0.778014
TRAIN Iter 260: loss = 0.001762,	Top-1 err = 56.340000,	Top-5 err = 33.260000,	train_time = 1.430364
TRAIN Iter 261: loss = 0.001791,	Top-1 err = 59.540000,	Top-5 err = 35.540000,	train_time = 1.376873
TRAIN Iter 262: loss = 0.001788,	Top-1 err = 57.760000,	Top-5 err = 33.380000,	train_time = 1.338915
TRAIN Iter 263: loss = 0.001795,	Top-1 err = 60.240000,	Top-5 err = 36.860000,	train_time = 1.495155
TRAIN Iter 264: loss = 0.001797,	Top-1 err = 59.800000,	Top-5 err = 35.120000,	train_time = 1.307106
TRAIN Iter 265: loss = 0.001794,	Top-1 err = 58.020000,	Top-5 err = 33.500000,	train_time = 1.355373
TRAIN Iter 266: loss = 0.001815,	Top-1 err = 60.380000,	Top-5 err = 37.120000,	train_time = 1.426319
TRAIN Iter 267: loss = 0.001753,	Top-1 err = 58.960000,	Top-5 err = 34.280000,	train_time = 1.402844
TRAIN Iter 268: loss = 0.001712,	Top-1 err = 58.580000,	Top-5 err = 32.160000,	train_time = 1.416211
TRAIN Iter 269: loss = 0.001724,	Top-1 err = 57.040000,	Top-5 err = 34.720000,	train_time = 1.271598
TEST:
Iter 269: loss = 1.701376,	Top-1 err = 42.730000,	Top-5 err = 16.400000,	val_time = 0.764501
TRAIN Iter 270: loss = 0.001795,	Top-1 err = 58.140000,	Top-5 err = 33.720000,	train_time = 1.387402
TRAIN Iter 271: loss = 0.001716,	Top-1 err = 54.220000,	Top-5 err = 30.140000,	train_time = 1.405233
TRAIN Iter 272: loss = 0.001734,	Top-1 err = 60.020000,	Top-5 err = 35.880000,	train_time = 1.374406
TRAIN Iter 273: loss = 0.001776,	Top-1 err = 60.120000,	Top-5 err = 35.060000,	train_time = 1.380621
TRAIN Iter 274: loss = 0.001739,	Top-1 err = 58.640000,	Top-5 err = 33.220000,	train_time = 1.362264
TRAIN Iter 275: loss = 0.001708,	Top-1 err = 57.920000,	Top-5 err = 34.300000,	train_time = 1.334523
TRAIN Iter 276: loss = 0.001759,	Top-1 err = 57.860000,	Top-5 err = 34.380000,	train_time = 1.369075
TRAIN Iter 277: loss = 0.001758,	Top-1 err = 63.300000,	Top-5 err = 39.740000,	train_time = 1.284609
TRAIN Iter 278: loss = 0.001696,	Top-1 err = 59.800000,	Top-5 err = 36.020000,	train_time = 1.347230
TRAIN Iter 279: loss = 0.001711,	Top-1 err = 59.840000,	Top-5 err = 36.380000,	train_time = 1.328268
TEST:
Iter 279: loss = 1.654339,	Top-1 err = 42.140000,	Top-5 err = 15.820000,	val_time = 0.723250
TRAIN Iter 280: loss = 0.001688,	Top-1 err = 58.800000,	Top-5 err = 33.880000,	train_time = 1.278345
TRAIN Iter 281: loss = 0.001697,	Top-1 err = 59.120000,	Top-5 err = 33.920000,	train_time = 1.372591
TRAIN Iter 282: loss = 0.001732,	Top-1 err = 56.720000,	Top-5 err = 35.040000,	train_time = 1.381617
TRAIN Iter 283: loss = 0.001660,	Top-1 err = 57.440000,	Top-5 err = 33.900000,	train_time = 1.353462
TRAIN Iter 284: loss = 0.001706,	Top-1 err = 60.460000,	Top-5 err = 36.140000,	train_time = 1.368259
TRAIN Iter 285: loss = 0.001711,	Top-1 err = 61.620000,	Top-5 err = 37.500000,	train_time = 1.261324
TRAIN Iter 286: loss = 0.001681,	Top-1 err = 60.060000,	Top-5 err = 34.560000,	train_time = 1.301415
TRAIN Iter 287: loss = 0.001664,	Top-1 err = 59.960000,	Top-5 err = 35.320000,	train_time = 1.375192
TRAIN Iter 288: loss = 0.001681,	Top-1 err = 58.880000,	Top-5 err = 33.660000,	train_time = 1.392771
TRAIN Iter 289: loss = 0.001709,	Top-1 err = 60.100000,	Top-5 err = 36.600000,	train_time = 1.372022
TEST:
Iter 289: loss = 1.692286,	Top-1 err = 42.510000,	Top-5 err = 15.980000,	val_time = 0.767508
TRAIN Iter 290: loss = 0.001674,	Top-1 err = 58.640000,	Top-5 err = 34.740000,	train_time = 1.386290
TRAIN Iter 291: loss = 0.001659,	Top-1 err = 56.120000,	Top-5 err = 30.900000,	train_time = 1.392740
TRAIN Iter 292: loss = 0.001698,	Top-1 err = 58.140000,	Top-5 err = 34.340000,	train_time = 1.380245
TRAIN Iter 293: loss = 0.001661,	Top-1 err = 59.660000,	Top-5 err = 35.920000,	train_time = 1.387822
TRAIN Iter 294: loss = 0.001667,	Top-1 err = 61.840000,	Top-5 err = 37.700000,	train_time = 1.446317
TRAIN Iter 295: loss = 0.001666,	Top-1 err = 60.320000,	Top-5 err = 37.020000,	train_time = 1.341202
TRAIN Iter 296: loss = 0.001652,	Top-1 err = 55.560000,	Top-5 err = 30.640000,	train_time = 1.379359
TRAIN Iter 297: loss = 0.001637,	Top-1 err = 52.680000,	Top-5 err = 29.200000,	train_time = 1.375295
TRAIN Iter 298: loss = 0.001613,	Top-1 err = 55.560000,	Top-5 err = 30.120000,	train_time = 1.452105
TRAIN Iter 299: loss = 0.001644,	Top-1 err = 57.700000,	Top-5 err = 33.820000,	train_time = 1.234862
TEST:
Iter 299: loss = 1.663867,	Top-1 err = 42.020000,	Top-5 err = 15.720000,	val_time = 0.767530
Train Finish! Best accuracy is 57.98@299
