/home/dvspanos/miniconda3/envs/rded/lib/python3.10/site-packages/torch/cuda/__init__.py:611: UserWarning: Can't initialize NVML
  warnings.warn("Can't initialize NVML")
=> using pytorch pre-trained teacher model 'conv3'
process data from /home/dvspanos/nikos/ca2d/artifacts/rded_sets/bench_cifar100_conv_el2nw0_ipc10
load data successfully
TRAIN Iter 0: loss = 0.020495,	Top-1 err = 97.800000,	Top-5 err = 90.800000,	train_time = 1.115649
TRAIN Iter 1: loss = 0.018483,	Top-1 err = 97.900000,	Top-5 err = 89.800000,	train_time = 0.390589
TRAIN Iter 2: loss = 0.016756,	Top-1 err = 97.900000,	Top-5 err = 88.400000,	train_time = 0.385135
TRAIN Iter 3: loss = 0.016154,	Top-1 err = 97.500000,	Top-5 err = 88.100000,	train_time = 0.356984
TRAIN Iter 4: loss = 0.015569,	Top-1 err = 97.400000,	Top-5 err = 87.700000,	train_time = 0.371987
TRAIN Iter 5: loss = 0.015322,	Top-1 err = 97.400000,	Top-5 err = 86.100000,	train_time = 0.419739
TRAIN Iter 6: loss = 0.014619,	Top-1 err = 97.200000,	Top-5 err = 87.000000,	train_time = 0.394002
TRAIN Iter 7: loss = 0.013830,	Top-1 err = 97.100000,	Top-5 err = 86.100000,	train_time = 0.371223
TRAIN Iter 8: loss = 0.013345,	Top-1 err = 96.400000,	Top-5 err = 84.300000,	train_time = 0.401463
TRAIN Iter 9: loss = 0.013121,	Top-1 err = 96.800000,	Top-5 err = 84.700000,	train_time = 0.381867
TRAIN Iter 10: loss = 0.012549,	Top-1 err = 96.800000,	Top-5 err = 83.300000,	train_time = 0.397838
TRAIN Iter 11: loss = 0.012540,	Top-1 err = 96.500000,	Top-5 err = 83.000000,	train_time = 0.391544
TRAIN Iter 12: loss = 0.011710,	Top-1 err = 96.100000,	Top-5 err = 80.400000,	train_time = 0.394235
TRAIN Iter 13: loss = 0.011866,	Top-1 err = 96.100000,	Top-5 err = 82.900000,	train_time = 0.393818
TRAIN Iter 14: loss = 0.011192,	Top-1 err = 96.500000,	Top-5 err = 83.100000,	train_time = 0.389171
TRAIN Iter 15: loss = 0.011154,	Top-1 err = 95.000000,	Top-5 err = 79.100000,	train_time = 0.366990
TRAIN Iter 16: loss = 0.010790,	Top-1 err = 95.900000,	Top-5 err = 81.600000,	train_time = 0.402570
TRAIN Iter 17: loss = 0.010464,	Top-1 err = 95.900000,	Top-5 err = 81.700000,	train_time = 0.408177
TRAIN Iter 18: loss = 0.010313,	Top-1 err = 96.200000,	Top-5 err = 80.600000,	train_time = 0.375337
TRAIN Iter 19: loss = 0.010450,	Top-1 err = 96.000000,	Top-5 err = 81.700000,	train_time = 0.378371
TRAIN Iter 20: loss = 0.009652,	Top-1 err = 96.300000,	Top-5 err = 77.900000,	train_time = 0.404359
TRAIN Iter 21: loss = 0.009301,	Top-1 err = 95.500000,	Top-5 err = 78.100000,	train_time = 0.382307
TRAIN Iter 22: loss = 0.009157,	Top-1 err = 95.300000,	Top-5 err = 81.200000,	train_time = 0.408159
TRAIN Iter 23: loss = 0.009338,	Top-1 err = 95.000000,	Top-5 err = 76.800000,	train_time = 0.399430
TRAIN Iter 24: loss = 0.009129,	Top-1 err = 95.100000,	Top-5 err = 81.000000,	train_time = 0.395074
TRAIN Iter 25: loss = 0.009143,	Top-1 err = 95.700000,	Top-5 err = 79.200000,	train_time = 0.380705
TRAIN Iter 26: loss = 0.008795,	Top-1 err = 95.300000,	Top-5 err = 78.700000,	train_time = 0.408854
TRAIN Iter 27: loss = 0.008590,	Top-1 err = 96.000000,	Top-5 err = 77.300000,	train_time = 0.381347
TRAIN Iter 28: loss = 0.008356,	Top-1 err = 95.400000,	Top-5 err = 80.200000,	train_time = 0.368854
TRAIN Iter 29: loss = 0.008371,	Top-1 err = 94.500000,	Top-5 err = 76.600000,	train_time = 0.377717
TRAIN Iter 30: loss = 0.008186,	Top-1 err = 94.500000,	Top-5 err = 78.500000,	train_time = 0.417893
TRAIN Iter 31: loss = 0.008242,	Top-1 err = 95.300000,	Top-5 err = 77.100000,	train_time = 0.355076
TRAIN Iter 32: loss = 0.007965,	Top-1 err = 95.600000,	Top-5 err = 76.900000,	train_time = 0.403206
TRAIN Iter 33: loss = 0.007819,	Top-1 err = 95.100000,	Top-5 err = 75.400000,	train_time = 0.386423
TRAIN Iter 34: loss = 0.007739,	Top-1 err = 95.200000,	Top-5 err = 78.400000,	train_time = 0.393845
TRAIN Iter 35: loss = 0.007670,	Top-1 err = 94.300000,	Top-5 err = 74.900000,	train_time = 0.381639
TRAIN Iter 36: loss = 0.007482,	Top-1 err = 93.900000,	Top-5 err = 75.200000,	train_time = 0.389345
TRAIN Iter 37: loss = 0.007820,	Top-1 err = 93.700000,	Top-5 err = 76.300000,	train_time = 0.377927
TRAIN Iter 38: loss = 0.007415,	Top-1 err = 94.600000,	Top-5 err = 76.800000,	train_time = 0.366879
TRAIN Iter 39: loss = 0.007245,	Top-1 err = 92.700000,	Top-5 err = 74.900000,	train_time = 0.411792
TRAIN Iter 40: loss = 0.007039,	Top-1 err = 94.300000,	Top-5 err = 74.900000,	train_time = 0.377613
TRAIN Iter 41: loss = 0.007034,	Top-1 err = 93.500000,	Top-5 err = 73.200000,	train_time = 0.375229
TRAIN Iter 42: loss = 0.007280,	Top-1 err = 94.900000,	Top-5 err = 77.000000,	train_time = 0.374166
TRAIN Iter 43: loss = 0.007039,	Top-1 err = 95.100000,	Top-5 err = 77.200000,	train_time = 0.384383
TRAIN Iter 44: loss = 0.007050,	Top-1 err = 95.400000,	Top-5 err = 74.400000,	train_time = 0.396748
TRAIN Iter 45: loss = 0.007072,	Top-1 err = 94.200000,	Top-5 err = 75.800000,	train_time = 0.388965
TRAIN Iter 46: loss = 0.007080,	Top-1 err = 93.500000,	Top-5 err = 74.100000,	train_time = 0.398343
TRAIN Iter 47: loss = 0.006809,	Top-1 err = 95.100000,	Top-5 err = 73.700000,	train_time = 0.383486
TRAIN Iter 48: loss = 0.006856,	Top-1 err = 96.000000,	Top-5 err = 77.100000,	train_time = 0.417663
TRAIN Iter 49: loss = 0.006773,	Top-1 err = 94.500000,	Top-5 err = 76.000000,	train_time = 0.387367
TRAIN Iter 50: loss = 0.006753,	Top-1 err = 94.100000,	Top-5 err = 73.600000,	train_time = 0.396243
TRAIN Iter 51: loss = 0.006794,	Top-1 err = 93.600000,	Top-5 err = 72.800000,	train_time = 0.401499
TRAIN Iter 52: loss = 0.006572,	Top-1 err = 95.700000,	Top-5 err = 74.700000,	train_time = 0.394784
TRAIN Iter 53: loss = 0.006469,	Top-1 err = 95.000000,	Top-5 err = 72.700000,	train_time = 0.381646
TRAIN Iter 54: loss = 0.006446,	Top-1 err = 93.800000,	Top-5 err = 71.900000,	train_time = 0.473028
TRAIN Iter 55: loss = 0.006258,	Top-1 err = 92.000000,	Top-5 err = 68.800000,	train_time = 0.374423
TRAIN Iter 56: loss = 0.006594,	Top-1 err = 95.000000,	Top-5 err = 73.600000,	train_time = 0.383059
TRAIN Iter 57: loss = 0.006015,	Top-1 err = 93.000000,	Top-5 err = 67.900000,	train_time = 0.420368
TRAIN Iter 58: loss = 0.005971,	Top-1 err = 93.300000,	Top-5 err = 72.400000,	train_time = 0.396326
TRAIN Iter 59: loss = 0.006218,	Top-1 err = 93.400000,	Top-5 err = 70.700000,	train_time = 0.385663
TRAIN Iter 60: loss = 0.005842,	Top-1 err = 93.000000,	Top-5 err = 70.000000,	train_time = 0.364162
TRAIN Iter 61: loss = 0.006172,	Top-1 err = 93.000000,	Top-5 err = 70.300000,	train_time = 0.390813
TRAIN Iter 62: loss = 0.006019,	Top-1 err = 93.300000,	Top-5 err = 69.800000,	train_time = 0.408681
TRAIN Iter 63: loss = 0.006023,	Top-1 err = 93.900000,	Top-5 err = 73.200000,	train_time = 0.362594
TRAIN Iter 64: loss = 0.005843,	Top-1 err = 92.900000,	Top-5 err = 73.700000,	train_time = 0.377844
TRAIN Iter 65: loss = 0.005889,	Top-1 err = 93.100000,	Top-5 err = 72.700000,	train_time = 0.431558
TRAIN Iter 66: loss = 0.005965,	Top-1 err = 93.000000,	Top-5 err = 71.400000,	train_time = 0.389534
TRAIN Iter 67: loss = 0.005913,	Top-1 err = 93.300000,	Top-5 err = 70.900000,	train_time = 0.389307
TRAIN Iter 68: loss = 0.005863,	Top-1 err = 92.400000,	Top-5 err = 74.700000,	train_time = 0.409207
TRAIN Iter 69: loss = 0.005750,	Top-1 err = 93.000000,	Top-5 err = 72.700000,	train_time = 0.391415
TRAIN Iter 70: loss = 0.005412,	Top-1 err = 91.800000,	Top-5 err = 66.800000,	train_time = 0.373514
TRAIN Iter 71: loss = 0.005360,	Top-1 err = 92.600000,	Top-5 err = 70.900000,	train_time = 0.399556
TRAIN Iter 72: loss = 0.005642,	Top-1 err = 93.700000,	Top-5 err = 71.200000,	train_time = 0.405935
TRAIN Iter 73: loss = 0.005583,	Top-1 err = 93.000000,	Top-5 err = 70.800000,	train_time = 0.373999
TRAIN Iter 74: loss = 0.005536,	Top-1 err = 92.000000,	Top-5 err = 68.800000,	train_time = 0.422495
TRAIN Iter 75: loss = 0.005486,	Top-1 err = 91.900000,	Top-5 err = 69.900000,	train_time = 0.379924
TRAIN Iter 76: loss = 0.005389,	Top-1 err = 93.300000,	Top-5 err = 69.800000,	train_time = 0.363009
TRAIN Iter 77: loss = 0.005321,	Top-1 err = 93.800000,	Top-5 err = 70.100000,	train_time = 0.392303
TRAIN Iter 78: loss = 0.005400,	Top-1 err = 94.300000,	Top-5 err = 71.700000,	train_time = 0.442010
TRAIN Iter 79: loss = 0.005496,	Top-1 err = 94.100000,	Top-5 err = 75.300000,	train_time = 0.384420
TRAIN Iter 80: loss = 0.005258,	Top-1 err = 92.900000,	Top-5 err = 70.600000,	train_time = 0.344489
TRAIN Iter 81: loss = 0.005314,	Top-1 err = 93.000000,	Top-5 err = 67.600000,	train_time = 0.380641
TRAIN Iter 82: loss = 0.005175,	Top-1 err = 93.300000,	Top-5 err = 66.600000,	train_time = 0.417535
TRAIN Iter 83: loss = 0.005304,	Top-1 err = 94.400000,	Top-5 err = 72.300000,	train_time = 0.353547
TRAIN Iter 84: loss = 0.005342,	Top-1 err = 92.300000,	Top-5 err = 72.000000,	train_time = 0.399095
TRAIN Iter 85: loss = 0.005603,	Top-1 err = 93.700000,	Top-5 err = 73.700000,	train_time = 0.398473
TRAIN Iter 86: loss = 0.005247,	Top-1 err = 93.000000,	Top-5 err = 69.700000,	train_time = 0.370348
TRAIN Iter 87: loss = 0.005115,	Top-1 err = 93.100000,	Top-5 err = 72.700000,	train_time = 0.414458
TRAIN Iter 88: loss = 0.005119,	Top-1 err = 93.400000,	Top-5 err = 70.100000,	train_time = 0.401091
TRAIN Iter 89: loss = 0.005328,	Top-1 err = 91.400000,	Top-5 err = 70.100000,	train_time = 0.380511
TRAIN Iter 90: loss = 0.005213,	Top-1 err = 91.600000,	Top-5 err = 69.700000,	train_time = 0.376610
TRAIN Iter 91: loss = 0.005079,	Top-1 err = 90.900000,	Top-5 err = 65.700000,	train_time = 0.387989
TRAIN Iter 92: loss = 0.004989,	Top-1 err = 93.100000,	Top-5 err = 69.600000,	train_time = 0.354734
TRAIN Iter 93: loss = 0.004986,	Top-1 err = 92.000000,	Top-5 err = 66.900000,	train_time = 0.386214
TRAIN Iter 94: loss = 0.004934,	Top-1 err = 93.100000,	Top-5 err = 69.000000,	train_time = 0.398138
TRAIN Iter 95: loss = 0.004847,	Top-1 err = 93.000000,	Top-5 err = 70.300000,	train_time = 0.370877
TRAIN Iter 96: loss = 0.004948,	Top-1 err = 93.300000,	Top-5 err = 69.500000,	train_time = 0.386267
TRAIN Iter 97: loss = 0.004859,	Top-1 err = 92.800000,	Top-5 err = 71.400000,	train_time = 0.385649
TRAIN Iter 98: loss = 0.005059,	Top-1 err = 90.800000,	Top-5 err = 66.200000,	train_time = 0.393439
TRAIN Iter 99: loss = 0.005031,	Top-1 err = 91.500000,	Top-5 err = 67.400000,	train_time = 0.396645
TRAIN Iter 100: loss = 0.004724,	Top-1 err = 92.600000,	Top-5 err = 67.800000,	train_time = 0.390187
TRAIN Iter 101: loss = 0.004870,	Top-1 err = 92.700000,	Top-5 err = 70.100000,	train_time = 0.351653
TRAIN Iter 102: loss = 0.004950,	Top-1 err = 93.100000,	Top-5 err = 68.300000,	train_time = 0.395304
TRAIN Iter 103: loss = 0.004923,	Top-1 err = 92.100000,	Top-5 err = 72.700000,	train_time = 0.383287
TRAIN Iter 104: loss = 0.004837,	Top-1 err = 91.900000,	Top-5 err = 67.300000,	train_time = 0.402222
TRAIN Iter 105: loss = 0.004751,	Top-1 err = 90.900000,	Top-5 err = 63.300000,	train_time = 0.369192
TRAIN Iter 106: loss = 0.004726,	Top-1 err = 93.300000,	Top-5 err = 66.400000,	train_time = 0.404104
TRAIN Iter 107: loss = 0.004800,	Top-1 err = 91.600000,	Top-5 err = 67.300000,	train_time = 0.369668
TRAIN Iter 108: loss = 0.004717,	Top-1 err = 91.900000,	Top-5 err = 68.500000,	train_time = 0.380404
TRAIN Iter 109: loss = 0.004586,	Top-1 err = 89.600000,	Top-5 err = 65.000000,	train_time = 0.378728
TRAIN Iter 110: loss = 0.004742,	Top-1 err = 92.200000,	Top-5 err = 69.700000,	train_time = 0.397150
TRAIN Iter 111: loss = 0.004524,	Top-1 err = 90.800000,	Top-5 err = 63.500000,	train_time = 0.387325
TRAIN Iter 112: loss = 0.004446,	Top-1 err = 90.100000,	Top-5 err = 64.600000,	train_time = 0.393520
TRAIN Iter 113: loss = 0.004718,	Top-1 err = 91.200000,	Top-5 err = 67.000000,	train_time = 0.366321
TRAIN Iter 114: loss = 0.004883,	Top-1 err = 93.000000,	Top-5 err = 72.500000,	train_time = 0.385245
TRAIN Iter 115: loss = 0.004721,	Top-1 err = 92.000000,	Top-5 err = 71.900000,	train_time = 0.381187
TRAIN Iter 116: loss = 0.004752,	Top-1 err = 92.600000,	Top-5 err = 69.700000,	train_time = 0.382280
TRAIN Iter 117: loss = 0.004509,	Top-1 err = 92.400000,	Top-5 err = 69.800000,	train_time = 0.376019
TRAIN Iter 118: loss = 0.004647,	Top-1 err = 90.500000,	Top-5 err = 66.800000,	train_time = 0.381212
TRAIN Iter 119: loss = 0.004681,	Top-1 err = 91.700000,	Top-5 err = 69.200000,	train_time = 0.405306
TRAIN Iter 120: loss = 0.004539,	Top-1 err = 90.000000,	Top-5 err = 66.000000,	train_time = 0.363214
TRAIN Iter 121: loss = 0.004435,	Top-1 err = 92.000000,	Top-5 err = 66.200000,	train_time = 0.412932
TRAIN Iter 122: loss = 0.004530,	Top-1 err = 92.600000,	Top-5 err = 69.700000,	train_time = 0.368594
TRAIN Iter 123: loss = 0.004488,	Top-1 err = 91.600000,	Top-5 err = 66.400000,	train_time = 0.378370
TRAIN Iter 124: loss = 0.004321,	Top-1 err = 91.100000,	Top-5 err = 65.500000,	train_time = 0.412552
TRAIN Iter 125: loss = 0.004500,	Top-1 err = 91.800000,	Top-5 err = 67.100000,	train_time = 0.395550
TRAIN Iter 126: loss = 0.004515,	Top-1 err = 89.800000,	Top-5 err = 67.200000,	train_time = 0.389817
TRAIN Iter 127: loss = 0.004389,	Top-1 err = 91.600000,	Top-5 err = 72.000000,	train_time = 0.365188
TRAIN Iter 128: loss = 0.004308,	Top-1 err = 91.400000,	Top-5 err = 69.100000,	train_time = 0.416029
TRAIN Iter 129: loss = 0.004448,	Top-1 err = 92.700000,	Top-5 err = 67.600000,	train_time = 0.388107
TRAIN Iter 130: loss = 0.004403,	Top-1 err = 91.900000,	Top-5 err = 65.400000,	train_time = 0.413120
TRAIN Iter 131: loss = 0.004398,	Top-1 err = 91.400000,	Top-5 err = 66.100000,	train_time = 0.407112
TRAIN Iter 132: loss = 0.004335,	Top-1 err = 92.200000,	Top-5 err = 70.000000,	train_time = 0.396880
TRAIN Iter 133: loss = 0.004408,	Top-1 err = 91.600000,	Top-5 err = 69.000000,	train_time = 0.374602
TRAIN Iter 134: loss = 0.004374,	Top-1 err = 90.700000,	Top-5 err = 65.700000,	train_time = 0.386348
TRAIN Iter 135: loss = 0.004622,	Top-1 err = 90.600000,	Top-5 err = 71.000000,	train_time = 0.387890
TRAIN Iter 136: loss = 0.004232,	Top-1 err = 92.200000,	Top-5 err = 64.600000,	train_time = 0.397676
TRAIN Iter 137: loss = 0.004056,	Top-1 err = 91.200000,	Top-5 err = 66.700000,	train_time = 0.378879
TRAIN Iter 138: loss = 0.004194,	Top-1 err = 90.100000,	Top-5 err = 65.900000,	train_time = 0.391261
TRAIN Iter 139: loss = 0.004275,	Top-1 err = 91.300000,	Top-5 err = 64.400000,	train_time = 0.365253
TRAIN Iter 140: loss = 0.004163,	Top-1 err = 91.300000,	Top-5 err = 68.400000,	train_time = 0.393562
TRAIN Iter 141: loss = 0.004365,	Top-1 err = 91.000000,	Top-5 err = 66.600000,	train_time = 0.386857
TRAIN Iter 142: loss = 0.004100,	Top-1 err = 91.700000,	Top-5 err = 63.400000,	train_time = 0.388741
TRAIN Iter 143: loss = 0.004318,	Top-1 err = 88.800000,	Top-5 err = 64.900000,	train_time = 0.403944
TRAIN Iter 144: loss = 0.004138,	Top-1 err = 92.200000,	Top-5 err = 66.200000,	train_time = 0.406285
TRAIN Iter 145: loss = 0.004045,	Top-1 err = 89.800000,	Top-5 err = 61.500000,	train_time = 0.392133
TRAIN Iter 146: loss = 0.004064,	Top-1 err = 88.700000,	Top-5 err = 62.000000,	train_time = 0.381506
TRAIN Iter 147: loss = 0.004230,	Top-1 err = 91.500000,	Top-5 err = 69.100000,	train_time = 0.395460
TRAIN Iter 148: loss = 0.004097,	Top-1 err = 89.000000,	Top-5 err = 61.900000,	train_time = 0.366256
TRAIN Iter 149: loss = 0.004141,	Top-1 err = 90.700000,	Top-5 err = 67.300000,	train_time = 0.372586
TRAIN Iter 150: loss = 0.004290,	Top-1 err = 90.000000,	Top-5 err = 65.400000,	train_time = 0.395176
TRAIN Iter 151: loss = 0.004137,	Top-1 err = 91.600000,	Top-5 err = 65.400000,	train_time = 0.434664
TRAIN Iter 152: loss = 0.004055,	Top-1 err = 91.300000,	Top-5 err = 64.300000,	train_time = 0.406999
TRAIN Iter 153: loss = 0.003996,	Top-1 err = 90.800000,	Top-5 err = 66.100000,	train_time = 0.362087
TRAIN Iter 154: loss = 0.004047,	Top-1 err = 89.900000,	Top-5 err = 65.300000,	train_time = 0.395950
TRAIN Iter 155: loss = 0.004022,	Top-1 err = 90.900000,	Top-5 err = 65.100000,	train_time = 0.384610
TRAIN Iter 156: loss = 0.004230,	Top-1 err = 90.400000,	Top-5 err = 66.200000,	train_time = 0.395634
TRAIN Iter 157: loss = 0.004140,	Top-1 err = 89.500000,	Top-5 err = 63.200000,	train_time = 0.404648
TRAIN Iter 158: loss = 0.004188,	Top-1 err = 91.100000,	Top-5 err = 66.900000,	train_time = 0.395343
TRAIN Iter 159: loss = 0.004043,	Top-1 err = 92.600000,	Top-5 err = 68.500000,	train_time = 0.376573
TRAIN Iter 160: loss = 0.004309,	Top-1 err = 90.000000,	Top-5 err = 67.800000,	train_time = 0.324077
TRAIN Iter 161: loss = 0.003994,	Top-1 err = 91.600000,	Top-5 err = 65.400000,	train_time = 0.381557
TRAIN Iter 162: loss = 0.004114,	Top-1 err = 91.700000,	Top-5 err = 68.900000,	train_time = 0.387941
TRAIN Iter 163: loss = 0.003890,	Top-1 err = 89.500000,	Top-5 err = 58.400000,	train_time = 0.374546
TRAIN Iter 164: loss = 0.003957,	Top-1 err = 91.000000,	Top-5 err = 66.000000,	train_time = 0.360339
TRAIN Iter 165: loss = 0.003854,	Top-1 err = 91.900000,	Top-5 err = 65.600000,	train_time = 0.392634
TRAIN Iter 166: loss = 0.003969,	Top-1 err = 90.300000,	Top-5 err = 64.200000,	train_time = 0.417876
TRAIN Iter 167: loss = 0.003844,	Top-1 err = 91.200000,	Top-5 err = 62.300000,	train_time = 0.383888
TRAIN Iter 168: loss = 0.003995,	Top-1 err = 90.300000,	Top-5 err = 66.200000,	train_time = 0.390413
TRAIN Iter 169: loss = 0.004015,	Top-1 err = 91.100000,	Top-5 err = 67.900000,	train_time = 0.375425
TRAIN Iter 170: loss = 0.003780,	Top-1 err = 92.000000,	Top-5 err = 67.300000,	train_time = 0.381915
TRAIN Iter 171: loss = 0.004070,	Top-1 err = 91.400000,	Top-5 err = 71.700000,	train_time = 0.358681
TRAIN Iter 172: loss = 0.004063,	Top-1 err = 91.500000,	Top-5 err = 66.100000,	train_time = 0.373913
TRAIN Iter 173: loss = 0.004031,	Top-1 err = 90.900000,	Top-5 err = 68.800000,	train_time = 0.360150
TRAIN Iter 174: loss = 0.003916,	Top-1 err = 91.200000,	Top-5 err = 64.700000,	train_time = 0.375642
TRAIN Iter 175: loss = 0.004059,	Top-1 err = 90.900000,	Top-5 err = 67.300000,	train_time = 0.365819
TRAIN Iter 176: loss = 0.003826,	Top-1 err = 90.200000,	Top-5 err = 63.400000,	train_time = 0.399507
TRAIN Iter 177: loss = 0.003924,	Top-1 err = 91.300000,	Top-5 err = 65.600000,	train_time = 0.378124
TRAIN Iter 178: loss = 0.003884,	Top-1 err = 91.200000,	Top-5 err = 68.300000,	train_time = 0.362987
TRAIN Iter 179: loss = 0.003900,	Top-1 err = 88.800000,	Top-5 err = 62.500000,	train_time = 0.385932
TRAIN Iter 180: loss = 0.003783,	Top-1 err = 89.900000,	Top-5 err = 65.100000,	train_time = 0.394598
TRAIN Iter 181: loss = 0.003921,	Top-1 err = 89.200000,	Top-5 err = 67.000000,	train_time = 0.381135
TRAIN Iter 182: loss = 0.003756,	Top-1 err = 91.100000,	Top-5 err = 64.500000,	train_time = 0.392796
TRAIN Iter 183: loss = 0.003891,	Top-1 err = 91.100000,	Top-5 err = 67.900000,	train_time = 0.376181
TRAIN Iter 184: loss = 0.003819,	Top-1 err = 91.500000,	Top-5 err = 68.400000,	train_time = 0.364509
TRAIN Iter 185: loss = 0.004066,	Top-1 err = 90.900000,	Top-5 err = 72.200000,	train_time = 0.384794
TRAIN Iter 186: loss = 0.003716,	Top-1 err = 91.200000,	Top-5 err = 65.100000,	train_time = 0.396079
TRAIN Iter 187: loss = 0.003814,	Top-1 err = 91.800000,	Top-5 err = 71.100000,	train_time = 0.412815
TRAIN Iter 188: loss = 0.003953,	Top-1 err = 90.600000,	Top-5 err = 67.800000,	train_time = 0.403409
TRAIN Iter 189: loss = 0.004152,	Top-1 err = 88.800000,	Top-5 err = 62.600000,	train_time = 0.375422
TRAIN Iter 190: loss = 0.003950,	Top-1 err = 91.500000,	Top-5 err = 69.400000,	train_time = 0.355426
TRAIN Iter 191: loss = 0.003628,	Top-1 err = 87.900000,	Top-5 err = 59.000000,	train_time = 0.395370
TRAIN Iter 192: loss = 0.003928,	Top-1 err = 90.800000,	Top-5 err = 67.500000,	train_time = 0.408533
TRAIN Iter 193: loss = 0.003841,	Top-1 err = 89.900000,	Top-5 err = 63.800000,	train_time = 0.400968
TRAIN Iter 194: loss = 0.003635,	Top-1 err = 89.200000,	Top-5 err = 62.800000,	train_time = 0.381421
TRAIN Iter 195: loss = 0.003667,	Top-1 err = 89.700000,	Top-5 err = 65.500000,	train_time = 0.426069
TRAIN Iter 196: loss = 0.003760,	Top-1 err = 89.900000,	Top-5 err = 63.900000,	train_time = 0.417850
TRAIN Iter 197: loss = 0.003671,	Top-1 err = 90.800000,	Top-5 err = 64.600000,	train_time = 0.391621
TRAIN Iter 198: loss = 0.003532,	Top-1 err = 88.700000,	Top-5 err = 64.400000,	train_time = 0.389825
TRAIN Iter 199: loss = 0.003728,	Top-1 err = 91.900000,	Top-5 err = 66.200000,	train_time = 0.389803
TRAIN Iter 200: loss = 0.003652,	Top-1 err = 88.300000,	Top-5 err = 63.400000,	train_time = 0.380953
TRAIN Iter 201: loss = 0.003582,	Top-1 err = 89.300000,	Top-5 err = 64.700000,	train_time = 0.354541
TRAIN Iter 202: loss = 0.003686,	Top-1 err = 90.700000,	Top-5 err = 66.100000,	train_time = 0.407287
TRAIN Iter 203: loss = 0.003655,	Top-1 err = 89.800000,	Top-5 err = 65.100000,	train_time = 0.404015
TRAIN Iter 204: loss = 0.003798,	Top-1 err = 90.500000,	Top-5 err = 65.100000,	train_time = 0.384418
TRAIN Iter 205: loss = 0.003753,	Top-1 err = 91.100000,	Top-5 err = 67.300000,	train_time = 0.410622
TRAIN Iter 206: loss = 0.003597,	Top-1 err = 90.100000,	Top-5 err = 67.500000,	train_time = 0.358278
TRAIN Iter 207: loss = 0.003886,	Top-1 err = 90.100000,	Top-5 err = 67.700000,	train_time = 0.321489
TRAIN Iter 208: loss = 0.003694,	Top-1 err = 88.500000,	Top-5 err = 63.800000,	train_time = 0.388133
TRAIN Iter 209: loss = 0.003675,	Top-1 err = 91.000000,	Top-5 err = 67.300000,	train_time = 0.383315
TRAIN Iter 210: loss = 0.003568,	Top-1 err = 88.400000,	Top-5 err = 62.300000,	train_time = 0.393696
TRAIN Iter 211: loss = 0.003545,	Top-1 err = 89.600000,	Top-5 err = 64.200000,	train_time = 0.416676
TRAIN Iter 212: loss = 0.003525,	Top-1 err = 89.200000,	Top-5 err = 59.700000,	train_time = 0.424947
TRAIN Iter 213: loss = 0.003603,	Top-1 err = 89.000000,	Top-5 err = 65.100000,	train_time = 0.346780
TRAIN Iter 214: loss = 0.003557,	Top-1 err = 89.000000,	Top-5 err = 61.400000,	train_time = 0.403041
TRAIN Iter 215: loss = 0.003651,	Top-1 err = 91.800000,	Top-5 err = 70.500000,	train_time = 0.382736
TRAIN Iter 216: loss = 0.003534,	Top-1 err = 89.100000,	Top-5 err = 63.600000,	train_time = 0.387395
TRAIN Iter 217: loss = 0.003615,	Top-1 err = 91.300000,	Top-5 err = 67.300000,	train_time = 0.360435
TRAIN Iter 218: loss = 0.003463,	Top-1 err = 88.300000,	Top-5 err = 60.000000,	train_time = 0.378819
TRAIN Iter 219: loss = 0.003443,	Top-1 err = 90.400000,	Top-5 err = 64.500000,	train_time = 0.392812
TRAIN Iter 220: loss = 0.003604,	Top-1 err = 91.300000,	Top-5 err = 67.300000,	train_time = 0.432606
TRAIN Iter 221: loss = 0.003442,	Top-1 err = 88.800000,	Top-5 err = 61.700000,	train_time = 0.397196
TRAIN Iter 222: loss = 0.003677,	Top-1 err = 91.200000,	Top-5 err = 67.400000,	train_time = 0.380142
TRAIN Iter 223: loss = 0.003548,	Top-1 err = 89.500000,	Top-5 err = 63.900000,	train_time = 0.385591
TRAIN Iter 224: loss = 0.003383,	Top-1 err = 89.300000,	Top-5 err = 63.100000,	train_time = 0.378946
TRAIN Iter 225: loss = 0.003554,	Top-1 err = 88.800000,	Top-5 err = 63.700000,	train_time = 0.381701
TRAIN Iter 226: loss = 0.003677,	Top-1 err = 89.900000,	Top-5 err = 66.300000,	train_time = 0.376159
TRAIN Iter 227: loss = 0.003574,	Top-1 err = 88.700000,	Top-5 err = 63.500000,	train_time = 0.411389
TRAIN Iter 228: loss = 0.003701,	Top-1 err = 90.200000,	Top-5 err = 65.900000,	train_time = 0.414929
TRAIN Iter 229: loss = 0.003425,	Top-1 err = 89.800000,	Top-5 err = 63.100000,	train_time = 0.383335
TRAIN Iter 230: loss = 0.003580,	Top-1 err = 89.000000,	Top-5 err = 65.300000,	train_time = 0.375484
TRAIN Iter 231: loss = 0.003564,	Top-1 err = 90.300000,	Top-5 err = 65.900000,	train_time = 0.378809
TRAIN Iter 232: loss = 0.003564,	Top-1 err = 90.100000,	Top-5 err = 65.800000,	train_time = 0.393638
TRAIN Iter 233: loss = 0.003450,	Top-1 err = 90.200000,	Top-5 err = 64.300000,	train_time = 0.400878
TRAIN Iter 234: loss = 0.003667,	Top-1 err = 91.500000,	Top-5 err = 69.800000,	train_time = 0.394831
TRAIN Iter 235: loss = 0.003641,	Top-1 err = 92.100000,	Top-5 err = 68.800000,	train_time = 0.402949
TRAIN Iter 236: loss = 0.003379,	Top-1 err = 88.800000,	Top-5 err = 61.300000,	train_time = 0.392702
TRAIN Iter 237: loss = 0.003420,	Top-1 err = 88.900000,	Top-5 err = 63.400000,	train_time = 0.421251
TRAIN Iter 238: loss = 0.003376,	Top-1 err = 91.500000,	Top-5 err = 65.500000,	train_time = 0.366933
TRAIN Iter 239: loss = 0.003389,	Top-1 err = 90.400000,	Top-5 err = 64.200000,	train_time = 0.382838
TRAIN Iter 240: loss = 0.003558,	Top-1 err = 89.600000,	Top-5 err = 62.400000,	train_time = 0.396103
TRAIN Iter 241: loss = 0.003529,	Top-1 err = 89.800000,	Top-5 err = 64.200000,	train_time = 0.379995
TRAIN Iter 242: loss = 0.003442,	Top-1 err = 90.900000,	Top-5 err = 64.700000,	train_time = 0.386806
TRAIN Iter 243: loss = 0.003360,	Top-1 err = 88.600000,	Top-5 err = 62.000000,	train_time = 0.395440
TRAIN Iter 244: loss = 0.003449,	Top-1 err = 90.600000,	Top-5 err = 66.700000,	train_time = 0.396884
TRAIN Iter 245: loss = 0.003456,	Top-1 err = 88.600000,	Top-5 err = 65.100000,	train_time = 0.383172
TRAIN Iter 246: loss = 0.003452,	Top-1 err = 90.600000,	Top-5 err = 63.100000,	train_time = 0.394506
TRAIN Iter 247: loss = 0.003352,	Top-1 err = 89.700000,	Top-5 err = 58.900000,	train_time = 0.376376
TRAIN Iter 248: loss = 0.003435,	Top-1 err = 90.300000,	Top-5 err = 65.300000,	train_time = 0.363739
TRAIN Iter 249: loss = 0.003388,	Top-1 err = 89.300000,	Top-5 err = 59.700000,	train_time = 0.407209
TEST:
Iter 249: loss = 2.000670,	Top-1 err = 51.950000,	Top-5 err = 20.880000,	val_time = 0.754209
TRAIN Iter 250: loss = 0.003432,	Top-1 err = 89.700000,	Top-5 err = 65.100000,	train_time = 0.387213
TRAIN Iter 251: loss = 0.003347,	Top-1 err = 88.600000,	Top-5 err = 64.100000,	train_time = 0.390902
TRAIN Iter 252: loss = 0.003392,	Top-1 err = 90.000000,	Top-5 err = 66.200000,	train_time = 0.349422
TRAIN Iter 253: loss = 0.003405,	Top-1 err = 88.300000,	Top-5 err = 62.500000,	train_time = 0.394119
TRAIN Iter 254: loss = 0.003348,	Top-1 err = 88.100000,	Top-5 err = 62.400000,	train_time = 0.392504
TRAIN Iter 255: loss = 0.003490,	Top-1 err = 90.400000,	Top-5 err = 68.000000,	train_time = 0.399959
TRAIN Iter 256: loss = 0.003268,	Top-1 err = 89.400000,	Top-5 err = 63.800000,	train_time = 0.401416
TRAIN Iter 257: loss = 0.003237,	Top-1 err = 87.900000,	Top-5 err = 60.700000,	train_time = 0.378714
TRAIN Iter 258: loss = 0.003452,	Top-1 err = 89.900000,	Top-5 err = 67.500000,	train_time = 0.405957
TRAIN Iter 259: loss = 0.003439,	Top-1 err = 90.600000,	Top-5 err = 67.600000,	train_time = 0.389652
TEST:
Iter 259: loss = 1.989606,	Top-1 err = 51.930000,	Top-5 err = 20.890000,	val_time = 0.718003
TRAIN Iter 260: loss = 0.003339,	Top-1 err = 90.700000,	Top-5 err = 61.600000,	train_time = 0.368019
TRAIN Iter 261: loss = 0.003435,	Top-1 err = 90.600000,	Top-5 err = 66.100000,	train_time = 0.367833
TRAIN Iter 262: loss = 0.003454,	Top-1 err = 90.000000,	Top-5 err = 67.700000,	train_time = 0.365479
TRAIN Iter 263: loss = 0.003378,	Top-1 err = 90.500000,	Top-5 err = 67.900000,	train_time = 0.380018
TRAIN Iter 264: loss = 0.003352,	Top-1 err = 89.700000,	Top-5 err = 64.400000,	train_time = 0.388295
TRAIN Iter 265: loss = 0.003233,	Top-1 err = 90.000000,	Top-5 err = 63.600000,	train_time = 0.383864
TRAIN Iter 266: loss = 0.003307,	Top-1 err = 88.900000,	Top-5 err = 62.800000,	train_time = 0.406858
TRAIN Iter 267: loss = 0.003250,	Top-1 err = 89.400000,	Top-5 err = 63.600000,	train_time = 0.375148
TRAIN Iter 268: loss = 0.003225,	Top-1 err = 87.600000,	Top-5 err = 60.300000,	train_time = 0.361912
TRAIN Iter 269: loss = 0.003267,	Top-1 err = 89.800000,	Top-5 err = 65.100000,	train_time = 0.386018
TEST:
Iter 269: loss = 2.024956,	Top-1 err = 52.430000,	Top-5 err = 21.520000,	val_time = 0.702783
TRAIN Iter 270: loss = 0.003186,	Top-1 err = 90.600000,	Top-5 err = 61.400000,	train_time = 0.378511
TRAIN Iter 271: loss = 0.003288,	Top-1 err = 89.400000,	Top-5 err = 66.400000,	train_time = 0.396179
TRAIN Iter 272: loss = 0.003240,	Top-1 err = 88.900000,	Top-5 err = 60.900000,	train_time = 0.396653
TRAIN Iter 273: loss = 0.003191,	Top-1 err = 89.000000,	Top-5 err = 64.800000,	train_time = 0.389280
TRAIN Iter 274: loss = 0.003046,	Top-1 err = 88.200000,	Top-5 err = 62.300000,	train_time = 0.422292
TRAIN Iter 275: loss = 0.003429,	Top-1 err = 90.600000,	Top-5 err = 65.400000,	train_time = 0.395665
TRAIN Iter 276: loss = 0.003343,	Top-1 err = 91.300000,	Top-5 err = 67.400000,	train_time = 0.375740
TRAIN Iter 277: loss = 0.003166,	Top-1 err = 89.300000,	Top-5 err = 64.300000,	train_time = 0.397222
TRAIN Iter 278: loss = 0.003144,	Top-1 err = 89.400000,	Top-5 err = 61.000000,	train_time = 0.380756
TRAIN Iter 279: loss = 0.003177,	Top-1 err = 89.500000,	Top-5 err = 63.300000,	train_time = 0.416270
TEST:
Iter 279: loss = 1.992108,	Top-1 err = 51.600000,	Top-5 err = 20.790000,	val_time = 0.777244
TRAIN Iter 280: loss = 0.003227,	Top-1 err = 90.100000,	Top-5 err = 65.800000,	train_time = 0.376917
TRAIN Iter 281: loss = 0.003279,	Top-1 err = 89.300000,	Top-5 err = 62.000000,	train_time = 0.399143
TRAIN Iter 282: loss = 0.003317,	Top-1 err = 90.100000,	Top-5 err = 67.200000,	train_time = 0.368332
TRAIN Iter 283: loss = 0.003248,	Top-1 err = 90.300000,	Top-5 err = 66.700000,	train_time = 0.440122
TRAIN Iter 284: loss = 0.003077,	Top-1 err = 89.700000,	Top-5 err = 63.200000,	train_time = 0.366300
TRAIN Iter 285: loss = 0.003250,	Top-1 err = 90.400000,	Top-5 err = 70.300000,	train_time = 0.395211
TRAIN Iter 286: loss = 0.003413,	Top-1 err = 90.900000,	Top-5 err = 67.400000,	train_time = 0.398394
TRAIN Iter 287: loss = 0.003045,	Top-1 err = 87.600000,	Top-5 err = 58.100000,	train_time = 0.361585
TRAIN Iter 288: loss = 0.003133,	Top-1 err = 89.900000,	Top-5 err = 64.400000,	train_time = 0.400847
TRAIN Iter 289: loss = 0.003200,	Top-1 err = 89.300000,	Top-5 err = 63.700000,	train_time = 0.421853
TEST:
Iter 289: loss = 2.007005,	Top-1 err = 52.280000,	Top-5 err = 20.920000,	val_time = 0.744093
TRAIN Iter 290: loss = 0.003119,	Top-1 err = 88.800000,	Top-5 err = 63.800000,	train_time = 0.381498
TRAIN Iter 291: loss = 0.003258,	Top-1 err = 91.200000,	Top-5 err = 67.500000,	train_time = 0.370349
TRAIN Iter 292: loss = 0.003230,	Top-1 err = 89.700000,	Top-5 err = 65.900000,	train_time = 0.409171
TRAIN Iter 293: loss = 0.003197,	Top-1 err = 89.300000,	Top-5 err = 62.800000,	train_time = 0.394795
TRAIN Iter 294: loss = 0.003169,	Top-1 err = 87.900000,	Top-5 err = 61.400000,	train_time = 0.379080
TRAIN Iter 295: loss = 0.003114,	Top-1 err = 88.800000,	Top-5 err = 64.500000,	train_time = 0.410581
TRAIN Iter 296: loss = 0.003256,	Top-1 err = 91.300000,	Top-5 err = 67.100000,	train_time = 0.380878
TRAIN Iter 297: loss = 0.003133,	Top-1 err = 89.400000,	Top-5 err = 62.900000,	train_time = 0.339295
TRAIN Iter 298: loss = 0.003181,	Top-1 err = 90.000000,	Top-5 err = 64.900000,	train_time = 0.391602
TRAIN Iter 299: loss = 0.003292,	Top-1 err = 90.300000,	Top-5 err = 62.000000,	train_time = 0.400751
TEST:
Iter 299: loss = 1.994191,	Top-1 err = 51.930000,	Top-5 err = 20.440000,	val_time = 0.808575
Train Finish! Best accuracy is 48.4@279
