/home/dvspanos/miniconda3/envs/rded/lib/python3.10/site-packages/torch/cuda/__init__.py:611: UserWarning: Can't initialize NVML
  warnings.warn("Can't initialize NVML")
=> using pytorch pre-trained teacher model 'conv3'
process data from /home/dvspanos/nikos/ca2d/artifacts/rded_sets/bench_cifar100_conv_el2nw20_ipc100
load data successfully
TRAIN Iter 0: loss = 0.015241,	Top-1 err = 96.480000,	Top-5 err = 84.300000,	train_time = 3.325840
TRAIN Iter 1: loss = 0.011705,	Top-1 err = 93.650000,	Top-5 err = 76.570000,	train_time = 2.457653
TRAIN Iter 2: loss = 0.009587,	Top-1 err = 92.120000,	Top-5 err = 71.440000,	train_time = 2.415755
TRAIN Iter 3: loss = 0.008430,	Top-1 err = 89.790000,	Top-5 err = 67.830000,	train_time = 2.576072
TRAIN Iter 4: loss = 0.007420,	Top-1 err = 89.480000,	Top-5 err = 66.520000,	train_time = 2.531482
TRAIN Iter 5: loss = 0.006872,	Top-1 err = 87.080000,	Top-5 err = 61.720000,	train_time = 2.528352
TRAIN Iter 6: loss = 0.006406,	Top-1 err = 87.370000,	Top-5 err = 62.950000,	train_time = 2.465633
TRAIN Iter 7: loss = 0.006056,	Top-1 err = 86.290000,	Top-5 err = 60.260000,	train_time = 2.528550
TRAIN Iter 8: loss = 0.005772,	Top-1 err = 85.810000,	Top-5 err = 60.150000,	train_time = 2.451847
TRAIN Iter 9: loss = 0.005592,	Top-1 err = 84.730000,	Top-5 err = 57.830000,	train_time = 2.488036
TRAIN Iter 10: loss = 0.005275,	Top-1 err = 84.790000,	Top-5 err = 58.080000,	train_time = 2.554071
TRAIN Iter 11: loss = 0.005082,	Top-1 err = 84.870000,	Top-5 err = 58.190000,	train_time = 2.554262
TRAIN Iter 12: loss = 0.005055,	Top-1 err = 83.510000,	Top-5 err = 56.690000,	train_time = 2.495718
TRAIN Iter 13: loss = 0.004823,	Top-1 err = 83.410000,	Top-5 err = 56.370000,	train_time = 2.588295
TRAIN Iter 14: loss = 0.004801,	Top-1 err = 82.430000,	Top-5 err = 55.090000,	train_time = 2.658593
TRAIN Iter 15: loss = 0.004583,	Top-1 err = 81.910000,	Top-5 err = 55.190000,	train_time = 2.564720
TRAIN Iter 16: loss = 0.004476,	Top-1 err = 81.680000,	Top-5 err = 53.210000,	train_time = 2.623064
TRAIN Iter 17: loss = 0.004398,	Top-1 err = 82.760000,	Top-5 err = 55.630000,	train_time = 2.455289
TRAIN Iter 18: loss = 0.004303,	Top-1 err = 82.870000,	Top-5 err = 57.050000,	train_time = 2.549807
TRAIN Iter 19: loss = 0.004206,	Top-1 err = 81.070000,	Top-5 err = 53.910000,	train_time = 2.567861
TRAIN Iter 20: loss = 0.004114,	Top-1 err = 81.550000,	Top-5 err = 53.390000,	train_time = 2.540596
TRAIN Iter 21: loss = 0.004027,	Top-1 err = 80.860000,	Top-5 err = 52.150000,	train_time = 2.670967
TRAIN Iter 22: loss = 0.003966,	Top-1 err = 81.390000,	Top-5 err = 54.000000,	train_time = 2.594091
TRAIN Iter 23: loss = 0.003967,	Top-1 err = 81.610000,	Top-5 err = 54.670000,	train_time = 2.521996
TRAIN Iter 24: loss = 0.003852,	Top-1 err = 80.220000,	Top-5 err = 52.750000,	train_time = 2.599998
TRAIN Iter 25: loss = 0.003818,	Top-1 err = 81.070000,	Top-5 err = 54.560000,	train_time = 2.557038
TRAIN Iter 26: loss = 0.003760,	Top-1 err = 81.140000,	Top-5 err = 53.200000,	train_time = 2.581849
TRAIN Iter 27: loss = 0.003671,	Top-1 err = 79.860000,	Top-5 err = 52.640000,	train_time = 2.556996
TRAIN Iter 28: loss = 0.003625,	Top-1 err = 80.870000,	Top-5 err = 53.990000,	train_time = 2.539964
TRAIN Iter 29: loss = 0.003604,	Top-1 err = 80.410000,	Top-5 err = 52.930000,	train_time = 2.689298
TRAIN Iter 30: loss = 0.003541,	Top-1 err = 81.290000,	Top-5 err = 54.090000,	train_time = 2.726908
TRAIN Iter 31: loss = 0.003434,	Top-1 err = 79.780000,	Top-5 err = 52.900000,	train_time = 2.546754
TRAIN Iter 32: loss = 0.003444,	Top-1 err = 79.790000,	Top-5 err = 51.870000,	train_time = 2.675171
TRAIN Iter 33: loss = 0.003413,	Top-1 err = 80.890000,	Top-5 err = 55.050000,	train_time = 2.455215
TRAIN Iter 34: loss = 0.003373,	Top-1 err = 80.220000,	Top-5 err = 53.060000,	train_time = 2.575277
TRAIN Iter 35: loss = 0.003306,	Top-1 err = 80.650000,	Top-5 err = 53.020000,	train_time = 2.557402
TRAIN Iter 36: loss = 0.003253,	Top-1 err = 79.700000,	Top-5 err = 51.880000,	train_time = 2.582639
TRAIN Iter 37: loss = 0.003266,	Top-1 err = 79.590000,	Top-5 err = 52.560000,	train_time = 2.596254
TRAIN Iter 38: loss = 0.003177,	Top-1 err = 79.600000,	Top-5 err = 52.240000,	train_time = 2.560269
TRAIN Iter 39: loss = 0.003105,	Top-1 err = 79.950000,	Top-5 err = 52.100000,	train_time = 2.544216
TRAIN Iter 40: loss = 0.003139,	Top-1 err = 79.270000,	Top-5 err = 51.660000,	train_time = 2.680933
TRAIN Iter 41: loss = 0.003053,	Top-1 err = 79.900000,	Top-5 err = 52.990000,	train_time = 2.609208
TRAIN Iter 42: loss = 0.003045,	Top-1 err = 78.750000,	Top-5 err = 50.080000,	train_time = 2.637954
TRAIN Iter 43: loss = 0.003029,	Top-1 err = 78.980000,	Top-5 err = 51.640000,	train_time = 2.643743
TRAIN Iter 44: loss = 0.002957,	Top-1 err = 79.530000,	Top-5 err = 53.010000,	train_time = 2.585335
TRAIN Iter 45: loss = 0.002937,	Top-1 err = 78.290000,	Top-5 err = 51.100000,	train_time = 2.590182
TRAIN Iter 46: loss = 0.002906,	Top-1 err = 80.300000,	Top-5 err = 54.150000,	train_time = 2.598076
TRAIN Iter 47: loss = 0.002895,	Top-1 err = 78.480000,	Top-5 err = 51.990000,	train_time = 2.558855
TRAIN Iter 48: loss = 0.002807,	Top-1 err = 78.080000,	Top-5 err = 51.480000,	train_time = 2.590621
TRAIN Iter 49: loss = 0.002839,	Top-1 err = 79.660000,	Top-5 err = 52.330000,	train_time = 2.631788
TRAIN Iter 50: loss = 0.002777,	Top-1 err = 78.190000,	Top-5 err = 50.650000,	train_time = 2.627125
TRAIN Iter 51: loss = 0.002735,	Top-1 err = 78.070000,	Top-5 err = 51.090000,	train_time = 2.547237
TRAIN Iter 52: loss = 0.002698,	Top-1 err = 77.870000,	Top-5 err = 51.260000,	train_time = 2.559303
TRAIN Iter 53: loss = 0.002703,	Top-1 err = 77.570000,	Top-5 err = 49.270000,	train_time = 2.618906
TRAIN Iter 54: loss = 0.002633,	Top-1 err = 78.280000,	Top-5 err = 50.360000,	train_time = 2.500123
TRAIN Iter 55: loss = 0.002679,	Top-1 err = 78.270000,	Top-5 err = 50.840000,	train_time = 2.607469
TRAIN Iter 56: loss = 0.002673,	Top-1 err = 78.860000,	Top-5 err = 50.650000,	train_time = 2.668811
TRAIN Iter 57: loss = 0.002567,	Top-1 err = 77.890000,	Top-5 err = 50.560000,	train_time = 2.585779
TRAIN Iter 58: loss = 0.002575,	Top-1 err = 78.610000,	Top-5 err = 50.960000,	train_time = 2.659021
TRAIN Iter 59: loss = 0.002546,	Top-1 err = 77.580000,	Top-5 err = 49.690000,	train_time = 2.552963
TRAIN Iter 60: loss = 0.002531,	Top-1 err = 78.420000,	Top-5 err = 50.950000,	train_time = 2.544215
TRAIN Iter 61: loss = 0.002505,	Top-1 err = 78.060000,	Top-5 err = 51.640000,	train_time = 2.576308
TRAIN Iter 62: loss = 0.002478,	Top-1 err = 76.420000,	Top-5 err = 48.190000,	train_time = 2.418181
TRAIN Iter 63: loss = 0.002452,	Top-1 err = 76.750000,	Top-5 err = 47.950000,	train_time = 2.543002
TRAIN Iter 64: loss = 0.002507,	Top-1 err = 77.490000,	Top-5 err = 49.840000,	train_time = 2.733365
TRAIN Iter 65: loss = 0.002361,	Top-1 err = 76.660000,	Top-5 err = 48.150000,	train_time = 2.639416
TRAIN Iter 66: loss = 0.002357,	Top-1 err = 76.610000,	Top-5 err = 48.910000,	train_time = 2.547160
TRAIN Iter 67: loss = 0.002348,	Top-1 err = 77.460000,	Top-5 err = 50.090000,	train_time = 2.486268
TRAIN Iter 68: loss = 0.002319,	Top-1 err = 77.090000,	Top-5 err = 49.930000,	train_time = 2.537413
TRAIN Iter 69: loss = 0.002318,	Top-1 err = 76.920000,	Top-5 err = 49.400000,	train_time = 2.432047
TRAIN Iter 70: loss = 0.002302,	Top-1 err = 77.600000,	Top-5 err = 50.500000,	train_time = 2.582487
TRAIN Iter 71: loss = 0.002282,	Top-1 err = 77.120000,	Top-5 err = 48.940000,	train_time = 2.614370
TRAIN Iter 72: loss = 0.002313,	Top-1 err = 76.570000,	Top-5 err = 49.410000,	train_time = 2.623457
TRAIN Iter 73: loss = 0.002283,	Top-1 err = 77.370000,	Top-5 err = 50.530000,	train_time = 2.514652
TRAIN Iter 74: loss = 0.002221,	Top-1 err = 77.620000,	Top-5 err = 50.130000,	train_time = 2.415817
TRAIN Iter 75: loss = 0.002252,	Top-1 err = 77.010000,	Top-5 err = 49.430000,	train_time = 2.558424
TRAIN Iter 76: loss = 0.002182,	Top-1 err = 77.240000,	Top-5 err = 49.550000,	train_time = 2.619344
TRAIN Iter 77: loss = 0.002188,	Top-1 err = 76.790000,	Top-5 err = 49.910000,	train_time = 2.549044
TRAIN Iter 78: loss = 0.002193,	Top-1 err = 77.350000,	Top-5 err = 50.120000,	train_time = 2.640345
TRAIN Iter 79: loss = 0.002194,	Top-1 err = 76.530000,	Top-5 err = 49.210000,	train_time = 2.534199
TRAIN Iter 80: loss = 0.002142,	Top-1 err = 75.370000,	Top-5 err = 47.200000,	train_time = 2.518663
TRAIN Iter 81: loss = 0.002133,	Top-1 err = 76.600000,	Top-5 err = 49.500000,	train_time = 2.632158
TRAIN Iter 82: loss = 0.002079,	Top-1 err = 76.180000,	Top-5 err = 48.720000,	train_time = 2.664085
TRAIN Iter 83: loss = 0.002102,	Top-1 err = 75.910000,	Top-5 err = 47.910000,	train_time = 2.578259
TRAIN Iter 84: loss = 0.002122,	Top-1 err = 77.150000,	Top-5 err = 50.400000,	train_time = 2.576344
TRAIN Iter 85: loss = 0.002087,	Top-1 err = 77.080000,	Top-5 err = 50.410000,	train_time = 2.632603
TRAIN Iter 86: loss = 0.002113,	Top-1 err = 75.230000,	Top-5 err = 46.990000,	train_time = 2.556374
TRAIN Iter 87: loss = 0.002103,	Top-1 err = 76.740000,	Top-5 err = 50.260000,	train_time = 2.581064
TRAIN Iter 88: loss = 0.002043,	Top-1 err = 75.930000,	Top-5 err = 49.370000,	train_time = 2.576797
TRAIN Iter 89: loss = 0.002059,	Top-1 err = 77.400000,	Top-5 err = 50.490000,	train_time = 2.651932
TRAIN Iter 90: loss = 0.002039,	Top-1 err = 76.160000,	Top-5 err = 49.770000,	train_time = 2.510019
TRAIN Iter 91: loss = 0.002059,	Top-1 err = 76.530000,	Top-5 err = 50.190000,	train_time = 2.571747
TRAIN Iter 92: loss = 0.001985,	Top-1 err = 77.000000,	Top-5 err = 49.970000,	train_time = 2.567152
TRAIN Iter 93: loss = 0.002019,	Top-1 err = 77.280000,	Top-5 err = 51.170000,	train_time = 2.489541
TRAIN Iter 94: loss = 0.002001,	Top-1 err = 76.720000,	Top-5 err = 49.430000,	train_time = 2.559876
TRAIN Iter 95: loss = 0.001959,	Top-1 err = 76.450000,	Top-5 err = 49.000000,	train_time = 2.567274
TRAIN Iter 96: loss = 0.001978,	Top-1 err = 75.430000,	Top-5 err = 48.000000,	train_time = 2.624957
TRAIN Iter 97: loss = 0.001932,	Top-1 err = 78.010000,	Top-5 err = 50.620000,	train_time = 2.584546
TRAIN Iter 98: loss = 0.001951,	Top-1 err = 75.690000,	Top-5 err = 47.960000,	train_time = 2.453115
TRAIN Iter 99: loss = 0.001904,	Top-1 err = 77.540000,	Top-5 err = 50.890000,	train_time = 2.493848
TRAIN Iter 100: loss = 0.001962,	Top-1 err = 76.080000,	Top-5 err = 49.670000,	train_time = 2.369918
TRAIN Iter 101: loss = 0.001923,	Top-1 err = 76.550000,	Top-5 err = 48.930000,	train_time = 2.644316
TRAIN Iter 102: loss = 0.001922,	Top-1 err = 74.880000,	Top-5 err = 46.610000,	train_time = 2.384393
TRAIN Iter 103: loss = 0.001906,	Top-1 err = 75.710000,	Top-5 err = 48.250000,	train_time = 2.586404
TRAIN Iter 104: loss = 0.001861,	Top-1 err = 75.010000,	Top-5 err = 47.450000,	train_time = 2.611184
TRAIN Iter 105: loss = 0.001866,	Top-1 err = 77.960000,	Top-5 err = 50.780000,	train_time = 2.538509
TRAIN Iter 106: loss = 0.001881,	Top-1 err = 75.360000,	Top-5 err = 47.420000,	train_time = 2.607917
TRAIN Iter 107: loss = 0.001864,	Top-1 err = 75.110000,	Top-5 err = 47.380000,	train_time = 2.463376
TRAIN Iter 108: loss = 0.001863,	Top-1 err = 76.150000,	Top-5 err = 48.490000,	train_time = 2.575404
TRAIN Iter 109: loss = 0.001860,	Top-1 err = 74.750000,	Top-5 err = 46.320000,	train_time = 2.649117
TRAIN Iter 110: loss = 0.001850,	Top-1 err = 75.550000,	Top-5 err = 47.970000,	train_time = 2.547822
TRAIN Iter 111: loss = 0.001863,	Top-1 err = 76.880000,	Top-5 err = 49.670000,	train_time = 2.500872
TRAIN Iter 112: loss = 0.001862,	Top-1 err = 75.110000,	Top-5 err = 47.450000,	train_time = 2.479605
TRAIN Iter 113: loss = 0.001845,	Top-1 err = 75.280000,	Top-5 err = 47.760000,	train_time = 2.553791
TRAIN Iter 114: loss = 0.001850,	Top-1 err = 75.820000,	Top-5 err = 48.850000,	train_time = 2.633146
TRAIN Iter 115: loss = 0.001826,	Top-1 err = 76.770000,	Top-5 err = 49.640000,	train_time = 2.660919
TRAIN Iter 116: loss = 0.001802,	Top-1 err = 77.120000,	Top-5 err = 50.060000,	train_time = 2.560337
TRAIN Iter 117: loss = 0.001794,	Top-1 err = 75.820000,	Top-5 err = 49.040000,	train_time = 2.602856
TRAIN Iter 118: loss = 0.001803,	Top-1 err = 75.200000,	Top-5 err = 48.560000,	train_time = 2.446781
TRAIN Iter 119: loss = 0.001819,	Top-1 err = 77.560000,	Top-5 err = 50.070000,	train_time = 2.735567
TRAIN Iter 120: loss = 0.001819,	Top-1 err = 76.070000,	Top-5 err = 48.500000,	train_time = 2.440715
TRAIN Iter 121: loss = 0.001777,	Top-1 err = 75.940000,	Top-5 err = 49.410000,	train_time = 2.494406
TRAIN Iter 122: loss = 0.001753,	Top-1 err = 75.700000,	Top-5 err = 48.180000,	train_time = 2.528285
TRAIN Iter 123: loss = 0.001799,	Top-1 err = 75.640000,	Top-5 err = 49.460000,	train_time = 2.424264
TRAIN Iter 124: loss = 0.001747,	Top-1 err = 77.010000,	Top-5 err = 50.190000,	train_time = 2.631702
TRAIN Iter 125: loss = 0.001749,	Top-1 err = 75.720000,	Top-5 err = 48.860000,	train_time = 2.510011
TRAIN Iter 126: loss = 0.001741,	Top-1 err = 76.330000,	Top-5 err = 49.690000,	train_time = 2.621058
TRAIN Iter 127: loss = 0.001749,	Top-1 err = 77.250000,	Top-5 err = 50.260000,	train_time = 2.494818
TRAIN Iter 128: loss = 0.001780,	Top-1 err = 76.090000,	Top-5 err = 48.540000,	train_time = 2.632639
TRAIN Iter 129: loss = 0.001768,	Top-1 err = 75.160000,	Top-5 err = 47.910000,	train_time = 2.498992
TRAIN Iter 130: loss = 0.001749,	Top-1 err = 75.120000,	Top-5 err = 47.360000,	train_time = 2.449403
TRAIN Iter 131: loss = 0.001730,	Top-1 err = 76.420000,	Top-5 err = 48.910000,	train_time = 2.592118
TRAIN Iter 132: loss = 0.001695,	Top-1 err = 76.030000,	Top-5 err = 48.140000,	train_time = 2.597679
TRAIN Iter 133: loss = 0.001725,	Top-1 err = 76.270000,	Top-5 err = 49.120000,	train_time = 2.649023
TRAIN Iter 134: loss = 0.001751,	Top-1 err = 75.640000,	Top-5 err = 47.700000,	train_time = 2.461072
TRAIN Iter 135: loss = 0.001679,	Top-1 err = 74.080000,	Top-5 err = 46.440000,	train_time = 2.515436
TRAIN Iter 136: loss = 0.001678,	Top-1 err = 76.090000,	Top-5 err = 49.340000,	train_time = 2.505173
TRAIN Iter 137: loss = 0.001665,	Top-1 err = 75.700000,	Top-5 err = 47.660000,	train_time = 2.563179
TRAIN Iter 138: loss = 0.001702,	Top-1 err = 76.060000,	Top-5 err = 49.580000,	train_time = 2.607353
TRAIN Iter 139: loss = 0.001700,	Top-1 err = 76.980000,	Top-5 err = 50.010000,	train_time = 2.642101
TRAIN Iter 140: loss = 0.001669,	Top-1 err = 75.310000,	Top-5 err = 48.860000,	train_time = 2.534200
TRAIN Iter 141: loss = 0.001701,	Top-1 err = 74.970000,	Top-5 err = 48.250000,	train_time = 2.584113
TRAIN Iter 142: loss = 0.001700,	Top-1 err = 76.630000,	Top-5 err = 49.650000,	train_time = 2.634690
TRAIN Iter 143: loss = 0.001632,	Top-1 err = 76.280000,	Top-5 err = 48.630000,	train_time = 2.614422
TRAIN Iter 144: loss = 0.001653,	Top-1 err = 76.520000,	Top-5 err = 49.730000,	train_time = 2.506045
TRAIN Iter 145: loss = 0.001635,	Top-1 err = 74.990000,	Top-5 err = 46.940000,	train_time = 2.431776
TRAIN Iter 146: loss = 0.001667,	Top-1 err = 75.950000,	Top-5 err = 48.600000,	train_time = 2.500134
TRAIN Iter 147: loss = 0.001659,	Top-1 err = 76.870000,	Top-5 err = 50.160000,	train_time = 2.529896
TRAIN Iter 148: loss = 0.001633,	Top-1 err = 72.850000,	Top-5 err = 44.290000,	train_time = 2.552196
TRAIN Iter 149: loss = 0.001598,	Top-1 err = 74.080000,	Top-5 err = 46.440000,	train_time = 2.515158
TRAIN Iter 150: loss = 0.001609,	Top-1 err = 73.430000,	Top-5 err = 45.850000,	train_time = 2.581027
TRAIN Iter 151: loss = 0.001616,	Top-1 err = 75.000000,	Top-5 err = 47.480000,	train_time = 2.522141
TRAIN Iter 152: loss = 0.001656,	Top-1 err = 75.660000,	Top-5 err = 49.150000,	train_time = 2.596622
TRAIN Iter 153: loss = 0.001665,	Top-1 err = 76.810000,	Top-5 err = 50.390000,	train_time = 2.598086
TRAIN Iter 154: loss = 0.001612,	Top-1 err = 76.210000,	Top-5 err = 49.600000,	train_time = 2.593468
TRAIN Iter 155: loss = 0.001591,	Top-1 err = 76.130000,	Top-5 err = 49.410000,	train_time = 2.482520
TRAIN Iter 156: loss = 0.001621,	Top-1 err = 75.830000,	Top-5 err = 48.050000,	train_time = 2.613332
TRAIN Iter 157: loss = 0.001608,	Top-1 err = 75.500000,	Top-5 err = 47.210000,	train_time = 2.606122
TRAIN Iter 158: loss = 0.001637,	Top-1 err = 75.170000,	Top-5 err = 47.610000,	train_time = 2.547848
TRAIN Iter 159: loss = 0.001601,	Top-1 err = 75.280000,	Top-5 err = 49.290000,	train_time = 2.594290
TRAIN Iter 160: loss = 0.001613,	Top-1 err = 76.500000,	Top-5 err = 49.250000,	train_time = 2.549662
TRAIN Iter 161: loss = 0.001559,	Top-1 err = 75.550000,	Top-5 err = 48.680000,	train_time = 2.543791
TRAIN Iter 162: loss = 0.001573,	Top-1 err = 76.680000,	Top-5 err = 49.730000,	train_time = 2.434738
TRAIN Iter 163: loss = 0.001588,	Top-1 err = 75.320000,	Top-5 err = 48.670000,	train_time = 2.611119
TRAIN Iter 164: loss = 0.001585,	Top-1 err = 76.540000,	Top-5 err = 49.330000,	train_time = 2.584961
TRAIN Iter 165: loss = 0.001553,	Top-1 err = 76.210000,	Top-5 err = 50.200000,	train_time = 2.530748
TRAIN Iter 166: loss = 0.001584,	Top-1 err = 75.690000,	Top-5 err = 49.050000,	train_time = 2.593614
TRAIN Iter 167: loss = 0.001583,	Top-1 err = 76.680000,	Top-5 err = 49.060000,	train_time = 2.589359
TRAIN Iter 168: loss = 0.001548,	Top-1 err = 75.200000,	Top-5 err = 47.780000,	train_time = 2.554970
TRAIN Iter 169: loss = 0.001524,	Top-1 err = 73.630000,	Top-5 err = 46.780000,	train_time = 2.547770
TRAIN Iter 170: loss = 0.001568,	Top-1 err = 75.020000,	Top-5 err = 47.340000,	train_time = 2.622188
TRAIN Iter 171: loss = 0.001548,	Top-1 err = 75.140000,	Top-5 err = 47.970000,	train_time = 2.634336
TRAIN Iter 172: loss = 0.001509,	Top-1 err = 75.560000,	Top-5 err = 48.620000,	train_time = 2.491299
TRAIN Iter 173: loss = 0.001531,	Top-1 err = 74.260000,	Top-5 err = 46.980000,	train_time = 2.621130
TRAIN Iter 174: loss = 0.001550,	Top-1 err = 75.060000,	Top-5 err = 49.160000,	train_time = 2.643026
TRAIN Iter 175: loss = 0.001517,	Top-1 err = 74.370000,	Top-5 err = 46.720000,	train_time = 2.485701
TRAIN Iter 176: loss = 0.001550,	Top-1 err = 75.260000,	Top-5 err = 48.190000,	train_time = 2.582910
TRAIN Iter 177: loss = 0.001535,	Top-1 err = 76.530000,	Top-5 err = 49.950000,	train_time = 2.448904
TRAIN Iter 178: loss = 0.001543,	Top-1 err = 75.010000,	Top-5 err = 47.280000,	train_time = 2.382358
TRAIN Iter 179: loss = 0.001545,	Top-1 err = 74.900000,	Top-5 err = 47.580000,	train_time = 2.412361
TRAIN Iter 180: loss = 0.001501,	Top-1 err = 75.010000,	Top-5 err = 47.650000,	train_time = 2.491078
TRAIN Iter 181: loss = 0.001519,	Top-1 err = 75.050000,	Top-5 err = 48.160000,	train_time = 2.478611
TRAIN Iter 182: loss = 0.001505,	Top-1 err = 74.410000,	Top-5 err = 47.650000,	train_time = 2.502761
TRAIN Iter 183: loss = 0.001523,	Top-1 err = 75.180000,	Top-5 err = 48.000000,	train_time = 2.485770
TRAIN Iter 184: loss = 0.001490,	Top-1 err = 75.360000,	Top-5 err = 48.440000,	train_time = 2.508414
TRAIN Iter 185: loss = 0.001474,	Top-1 err = 75.460000,	Top-5 err = 48.380000,	train_time = 2.623528
TRAIN Iter 186: loss = 0.001470,	Top-1 err = 75.680000,	Top-5 err = 49.030000,	train_time = 2.459472
TRAIN Iter 187: loss = 0.001530,	Top-1 err = 75.420000,	Top-5 err = 47.880000,	train_time = 2.555259
TRAIN Iter 188: loss = 0.001499,	Top-1 err = 74.050000,	Top-5 err = 46.860000,	train_time = 2.568643
TRAIN Iter 189: loss = 0.001482,	Top-1 err = 75.010000,	Top-5 err = 48.270000,	train_time = 2.572428
TRAIN Iter 190: loss = 0.001482,	Top-1 err = 76.280000,	Top-5 err = 50.730000,	train_time = 2.547956
TRAIN Iter 191: loss = 0.001461,	Top-1 err = 74.770000,	Top-5 err = 47.310000,	train_time = 2.408839
TRAIN Iter 192: loss = 0.001453,	Top-1 err = 74.300000,	Top-5 err = 47.020000,	train_time = 2.442639
TRAIN Iter 193: loss = 0.001470,	Top-1 err = 75.330000,	Top-5 err = 48.780000,	train_time = 2.539355
TRAIN Iter 194: loss = 0.001480,	Top-1 err = 74.970000,	Top-5 err = 48.000000,	train_time = 2.617638
TRAIN Iter 195: loss = 0.001462,	Top-1 err = 76.530000,	Top-5 err = 50.540000,	train_time = 2.523390
TRAIN Iter 196: loss = 0.001468,	Top-1 err = 73.930000,	Top-5 err = 47.280000,	train_time = 2.461025
TRAIN Iter 197: loss = 0.001463,	Top-1 err = 77.050000,	Top-5 err = 50.080000,	train_time = 2.616399
TRAIN Iter 198: loss = 0.001436,	Top-1 err = 75.100000,	Top-5 err = 48.690000,	train_time = 2.474049
TRAIN Iter 199: loss = 0.001465,	Top-1 err = 75.490000,	Top-5 err = 47.820000,	train_time = 2.522025
TRAIN Iter 200: loss = 0.001490,	Top-1 err = 74.530000,	Top-5 err = 46.370000,	train_time = 2.551045
TRAIN Iter 201: loss = 0.001438,	Top-1 err = 75.910000,	Top-5 err = 49.130000,	train_time = 2.596771
TRAIN Iter 202: loss = 0.001483,	Top-1 err = 73.960000,	Top-5 err = 46.030000,	train_time = 2.609971
TRAIN Iter 203: loss = 0.001479,	Top-1 err = 75.490000,	Top-5 err = 47.970000,	train_time = 2.651631
TRAIN Iter 204: loss = 0.001445,	Top-1 err = 73.710000,	Top-5 err = 46.410000,	train_time = 2.581026
TRAIN Iter 205: loss = 0.001459,	Top-1 err = 73.680000,	Top-5 err = 45.590000,	train_time = 2.419863
TRAIN Iter 206: loss = 0.001418,	Top-1 err = 75.140000,	Top-5 err = 48.020000,	train_time = 2.587532
TRAIN Iter 207: loss = 0.001432,	Top-1 err = 75.600000,	Top-5 err = 48.550000,	train_time = 2.621487
TRAIN Iter 208: loss = 0.001441,	Top-1 err = 74.490000,	Top-5 err = 47.360000,	train_time = 2.499830
TRAIN Iter 209: loss = 0.001434,	Top-1 err = 75.010000,	Top-5 err = 47.870000,	train_time = 2.497770
TRAIN Iter 210: loss = 0.001443,	Top-1 err = 74.930000,	Top-5 err = 48.020000,	train_time = 2.632886
TRAIN Iter 211: loss = 0.001449,	Top-1 err = 74.500000,	Top-5 err = 46.870000,	train_time = 2.376346
TRAIN Iter 212: loss = 0.001413,	Top-1 err = 74.970000,	Top-5 err = 46.230000,	train_time = 2.525445
TRAIN Iter 213: loss = 0.001433,	Top-1 err = 74.780000,	Top-5 err = 48.030000,	train_time = 2.625849
TRAIN Iter 214: loss = 0.001428,	Top-1 err = 74.030000,	Top-5 err = 46.950000,	train_time = 2.621810
TRAIN Iter 215: loss = 0.001412,	Top-1 err = 75.130000,	Top-5 err = 48.160000,	train_time = 2.423569
TRAIN Iter 216: loss = 0.001434,	Top-1 err = 74.020000,	Top-5 err = 46.600000,	train_time = 2.613823
TRAIN Iter 217: loss = 0.001377,	Top-1 err = 74.990000,	Top-5 err = 48.020000,	train_time = 2.587658
TRAIN Iter 218: loss = 0.001424,	Top-1 err = 75.560000,	Top-5 err = 49.140000,	train_time = 2.590374
TRAIN Iter 219: loss = 0.001408,	Top-1 err = 74.120000,	Top-5 err = 46.470000,	train_time = 2.566181
TRAIN Iter 220: loss = 0.001380,	Top-1 err = 76.270000,	Top-5 err = 49.650000,	train_time = 2.470032
TRAIN Iter 221: loss = 0.001425,	Top-1 err = 74.270000,	Top-5 err = 46.740000,	train_time = 2.635313
TRAIN Iter 222: loss = 0.001385,	Top-1 err = 75.280000,	Top-5 err = 47.440000,	train_time = 2.572810
TRAIN Iter 223: loss = 0.001392,	Top-1 err = 76.090000,	Top-5 err = 49.150000,	train_time = 2.522678
TRAIN Iter 224: loss = 0.001392,	Top-1 err = 75.610000,	Top-5 err = 49.030000,	train_time = 2.667639
TRAIN Iter 225: loss = 0.001368,	Top-1 err = 74.750000,	Top-5 err = 47.500000,	train_time = 2.605126
TRAIN Iter 226: loss = 0.001387,	Top-1 err = 75.850000,	Top-5 err = 48.850000,	train_time = 2.536497
TRAIN Iter 227: loss = 0.001419,	Top-1 err = 72.770000,	Top-5 err = 45.760000,	train_time = 2.653486
TRAIN Iter 228: loss = 0.001337,	Top-1 err = 74.420000,	Top-5 err = 46.720000,	train_time = 2.568208
TRAIN Iter 229: loss = 0.001410,	Top-1 err = 73.550000,	Top-5 err = 46.070000,	train_time = 2.510024
TRAIN Iter 230: loss = 0.001371,	Top-1 err = 76.340000,	Top-5 err = 50.420000,	train_time = 2.490048
TRAIN Iter 231: loss = 0.001398,	Top-1 err = 75.280000,	Top-5 err = 47.980000,	train_time = 2.608379
TRAIN Iter 232: loss = 0.001363,	Top-1 err = 75.320000,	Top-5 err = 48.900000,	train_time = 2.614371
TRAIN Iter 233: loss = 0.001362,	Top-1 err = 75.030000,	Top-5 err = 47.430000,	train_time = 2.573851
TRAIN Iter 234: loss = 0.001336,	Top-1 err = 74.300000,	Top-5 err = 46.740000,	train_time = 2.545938
TRAIN Iter 235: loss = 0.001367,	Top-1 err = 73.970000,	Top-5 err = 46.470000,	train_time = 2.539339
TRAIN Iter 236: loss = 0.001362,	Top-1 err = 75.380000,	Top-5 err = 47.820000,	train_time = 2.464057
TRAIN Iter 237: loss = 0.001369,	Top-1 err = 73.490000,	Top-5 err = 45.550000,	train_time = 2.616143
TRAIN Iter 238: loss = 0.001353,	Top-1 err = 74.910000,	Top-5 err = 48.070000,	train_time = 2.541260
TRAIN Iter 239: loss = 0.001362,	Top-1 err = 75.140000,	Top-5 err = 48.440000,	train_time = 2.523168
TRAIN Iter 240: loss = 0.001335,	Top-1 err = 74.060000,	Top-5 err = 45.660000,	train_time = 2.660437
TRAIN Iter 241: loss = 0.001338,	Top-1 err = 74.810000,	Top-5 err = 47.930000,	train_time = 2.733381
TRAIN Iter 242: loss = 0.001350,	Top-1 err = 74.280000,	Top-5 err = 47.150000,	train_time = 2.624154
TRAIN Iter 243: loss = 0.001345,	Top-1 err = 72.620000,	Top-5 err = 45.390000,	train_time = 2.628360
TRAIN Iter 244: loss = 0.001346,	Top-1 err = 74.140000,	Top-5 err = 47.310000,	train_time = 2.534037
TRAIN Iter 245: loss = 0.001343,	Top-1 err = 75.950000,	Top-5 err = 49.110000,	train_time = 2.538955
TRAIN Iter 246: loss = 0.001312,	Top-1 err = 74.120000,	Top-5 err = 46.070000,	train_time = 2.679003
TRAIN Iter 247: loss = 0.001320,	Top-1 err = 74.090000,	Top-5 err = 46.580000,	train_time = 2.499375
TRAIN Iter 248: loss = 0.001327,	Top-1 err = 74.780000,	Top-5 err = 47.070000,	train_time = 2.533936
TRAIN Iter 249: loss = 0.001323,	Top-1 err = 74.490000,	Top-5 err = 47.760000,	train_time = 2.508416
TEST:
Iter 249: loss = 1.677727,	Top-1 err = 41.710000,	Top-5 err = 15.990000,	val_time = 0.879591
TRAIN Iter 250: loss = 0.001303,	Top-1 err = 75.410000,	Top-5 err = 48.730000,	train_time = 2.691644
TRAIN Iter 251: loss = 0.001353,	Top-1 err = 74.340000,	Top-5 err = 45.410000,	train_time = 2.579429
TRAIN Iter 252: loss = 0.001321,	Top-1 err = 75.180000,	Top-5 err = 47.330000,	train_time = 2.642378
TRAIN Iter 253: loss = 0.001322,	Top-1 err = 74.900000,	Top-5 err = 48.440000,	train_time = 2.499835
TRAIN Iter 254: loss = 0.001320,	Top-1 err = 73.610000,	Top-5 err = 46.770000,	train_time = 2.578029
TRAIN Iter 255: loss = 0.001292,	Top-1 err = 75.320000,	Top-5 err = 47.760000,	train_time = 2.645700
TRAIN Iter 256: loss = 0.001330,	Top-1 err = 75.080000,	Top-5 err = 48.120000,	train_time = 2.730580
TRAIN Iter 257: loss = 0.001332,	Top-1 err = 74.220000,	Top-5 err = 48.220000,	train_time = 2.535867
TRAIN Iter 258: loss = 0.001313,	Top-1 err = 74.510000,	Top-5 err = 46.710000,	train_time = 2.556314
TRAIN Iter 259: loss = 0.001302,	Top-1 err = 72.220000,	Top-5 err = 44.850000,	train_time = 2.666110
TEST:
Iter 259: loss = 1.671685,	Top-1 err = 41.900000,	Top-5 err = 15.690000,	val_time = 0.747013
TRAIN Iter 260: loss = 0.001314,	Top-1 err = 75.480000,	Top-5 err = 47.970000,	train_time = 2.623684
TRAIN Iter 261: loss = 0.001318,	Top-1 err = 75.370000,	Top-5 err = 48.050000,	train_time = 2.576675
TRAIN Iter 262: loss = 0.001330,	Top-1 err = 75.470000,	Top-5 err = 49.420000,	train_time = 2.440160
TRAIN Iter 263: loss = 0.001282,	Top-1 err = 75.570000,	Top-5 err = 48.370000,	train_time = 2.600377
TRAIN Iter 264: loss = 0.001299,	Top-1 err = 75.600000,	Top-5 err = 48.060000,	train_time = 2.469175
TRAIN Iter 265: loss = 0.001334,	Top-1 err = 75.680000,	Top-5 err = 48.310000,	train_time = 2.601814
TRAIN Iter 266: loss = 0.001296,	Top-1 err = 75.010000,	Top-5 err = 48.730000,	train_time = 2.548636
TRAIN Iter 267: loss = 0.001287,	Top-1 err = 74.510000,	Top-5 err = 47.370000,	train_time = 2.612529
TRAIN Iter 268: loss = 0.001314,	Top-1 err = 74.890000,	Top-5 err = 48.640000,	train_time = 2.641956
TRAIN Iter 269: loss = 0.001284,	Top-1 err = 75.040000,	Top-5 err = 47.800000,	train_time = 2.609105
TEST:
Iter 269: loss = 1.665793,	Top-1 err = 42.020000,	Top-5 err = 15.620000,	val_time = 0.771301
TRAIN Iter 270: loss = 0.001268,	Top-1 err = 73.900000,	Top-5 err = 46.250000,	train_time = 2.566568
TRAIN Iter 271: loss = 0.001309,	Top-1 err = 76.240000,	Top-5 err = 50.590000,	train_time = 2.521116
TRAIN Iter 272: loss = 0.001284,	Top-1 err = 75.380000,	Top-5 err = 49.250000,	train_time = 2.473684
TRAIN Iter 273: loss = 0.001277,	Top-1 err = 74.370000,	Top-5 err = 47.010000,	train_time = 2.449926
TRAIN Iter 274: loss = 0.001275,	Top-1 err = 75.240000,	Top-5 err = 48.330000,	train_time = 2.614563
TRAIN Iter 275: loss = 0.001295,	Top-1 err = 73.430000,	Top-5 err = 45.660000,	train_time = 2.550852
TRAIN Iter 276: loss = 0.001289,	Top-1 err = 74.270000,	Top-5 err = 46.130000,	train_time = 2.458466
TRAIN Iter 277: loss = 0.001257,	Top-1 err = 74.220000,	Top-5 err = 47.680000,	train_time = 2.458914
TRAIN Iter 278: loss = 0.001278,	Top-1 err = 74.810000,	Top-5 err = 47.410000,	train_time = 2.543620
TRAIN Iter 279: loss = 0.001278,	Top-1 err = 75.370000,	Top-5 err = 48.210000,	train_time = 2.404552
TEST:
Iter 279: loss = 1.663125,	Top-1 err = 42.190000,	Top-5 err = 15.850000,	val_time = 0.797008
TRAIN Iter 280: loss = 0.001290,	Top-1 err = 75.210000,	Top-5 err = 48.790000,	train_time = 2.503649
TRAIN Iter 281: loss = 0.001279,	Top-1 err = 73.800000,	Top-5 err = 46.610000,	train_time = 2.505435
TRAIN Iter 282: loss = 0.001258,	Top-1 err = 74.120000,	Top-5 err = 46.690000,	train_time = 2.479329
TRAIN Iter 283: loss = 0.001269,	Top-1 err = 74.970000,	Top-5 err = 48.280000,	train_time = 2.578496
TRAIN Iter 284: loss = 0.001248,	Top-1 err = 74.020000,	Top-5 err = 47.290000,	train_time = 2.582857
TRAIN Iter 285: loss = 0.001261,	Top-1 err = 73.650000,	Top-5 err = 46.190000,	train_time = 2.525244
TRAIN Iter 286: loss = 0.001244,	Top-1 err = 75.130000,	Top-5 err = 48.880000,	train_time = 2.515262
TRAIN Iter 287: loss = 0.001278,	Top-1 err = 75.130000,	Top-5 err = 48.000000,	train_time = 2.591724
TRAIN Iter 288: loss = 0.001224,	Top-1 err = 74.540000,	Top-5 err = 47.730000,	train_time = 2.544682
TRAIN Iter 289: loss = 0.001257,	Top-1 err = 75.490000,	Top-5 err = 48.260000,	train_time = 2.495777
TEST:
Iter 289: loss = 1.691284,	Top-1 err = 42.290000,	Top-5 err = 16.310000,	val_time = 0.746424
TRAIN Iter 290: loss = 0.001261,	Top-1 err = 74.450000,	Top-5 err = 47.280000,	train_time = 2.537913
TRAIN Iter 291: loss = 0.001247,	Top-1 err = 74.570000,	Top-5 err = 46.810000,	train_time = 2.593271
TRAIN Iter 292: loss = 0.001246,	Top-1 err = 74.630000,	Top-5 err = 47.600000,	train_time = 2.617582
TRAIN Iter 293: loss = 0.001238,	Top-1 err = 74.830000,	Top-5 err = 47.040000,	train_time = 2.630555
TRAIN Iter 294: loss = 0.001250,	Top-1 err = 74.630000,	Top-5 err = 47.840000,	train_time = 2.602169
TRAIN Iter 295: loss = 0.001256,	Top-1 err = 75.190000,	Top-5 err = 49.870000,	train_time = 2.517317
TRAIN Iter 296: loss = 0.001232,	Top-1 err = 73.900000,	Top-5 err = 46.080000,	train_time = 2.460493
TRAIN Iter 297: loss = 0.001246,	Top-1 err = 73.800000,	Top-5 err = 46.750000,	train_time = 2.558772
TRAIN Iter 298: loss = 0.001261,	Top-1 err = 74.230000,	Top-5 err = 46.550000,	train_time = 2.546527
TRAIN Iter 299: loss = 0.001207,	Top-1 err = 74.340000,	Top-5 err = 47.590000,	train_time = 2.646180
TEST:
Iter 299: loss = 1.692433,	Top-1 err = 42.320000,	Top-5 err = 16.310000,	val_time = 0.742866
Train Finish! Best accuracy is 58.29@249
