/home/dvspanos/miniconda3/envs/rded/lib/python3.10/site-packages/torchvision/models/_utils.py:208: UserWarning: The parameter 'pretrained' is deprecated since 0.13 and may be removed in the future, please use 'weights' instead.
  warnings.warn(
/home/dvspanos/miniconda3/envs/rded/lib/python3.10/site-packages/torchvision/models/_utils.py:223: UserWarning: Arguments other than a weight enum or `None` for 'weights' are deprecated since 0.13 and may be removed in the future. The current behavior is equivalent to passing `weights=None`.
  warnings.warn(msg)
=> using pytorch pre-trained teacher model 'resnet18_modified'
process data from /home/dvspanos/nikos/ca2d/artifacts/sets/bench_cifar100_rn18_ca2d_ipc10
load data successfully
TRAIN Iter 0: loss = 0.016941,	Top-1 err = 97.800000,	Top-5 err = 89.200000,	train_time = 3.717837
TRAIN Iter 1: loss = 0.014271,	Top-1 err = 95.100000,	Top-5 err = 84.000000,	train_time = 1.782668
TRAIN Iter 2: loss = 0.013376,	Top-1 err = 92.200000,	Top-5 err = 72.100000,	train_time = 1.798379
TRAIN Iter 3: loss = 0.014004,	Top-1 err = 93.500000,	Top-5 err = 75.900000,	train_time = 1.787275
TRAIN Iter 4: loss = 0.015356,	Top-1 err = 93.400000,	Top-5 err = 73.200000,	train_time = 1.804534
TRAIN Iter 5: loss = 0.015921,	Top-1 err = 87.100000,	Top-5 err = 62.400000,	train_time = 1.807195
TRAIN Iter 6: loss = 0.012141,	Top-1 err = 90.100000,	Top-5 err = 68.900000,	train_time = 1.799301
TRAIN Iter 7: loss = 0.013637,	Top-1 err = 89.400000,	Top-5 err = 67.500000,	train_time = 1.798223
TRAIN Iter 8: loss = 0.012930,	Top-1 err = 85.200000,	Top-5 err = 61.800000,	train_time = 1.800332
TRAIN Iter 9: loss = 0.012914,	Top-1 err = 86.000000,	Top-5 err = 62.400000,	train_time = 1.805990
TRAIN Iter 10: loss = 0.012772,	Top-1 err = 82.700000,	Top-5 err = 55.500000,	train_time = 1.786532
TRAIN Iter 11: loss = 0.010957,	Top-1 err = 89.900000,	Top-5 err = 66.200000,	train_time = 1.807096
TRAIN Iter 12: loss = 0.013474,	Top-1 err = 78.900000,	Top-5 err = 50.500000,	train_time = 1.792073
TRAIN Iter 13: loss = 0.011349,	Top-1 err = 80.400000,	Top-5 err = 53.500000,	train_time = 1.786901
TRAIN Iter 14: loss = 0.010764,	Top-1 err = 82.900000,	Top-5 err = 57.500000,	train_time = 1.797906
TRAIN Iter 15: loss = 0.012037,	Top-1 err = 76.900000,	Top-5 err = 49.100000,	train_time = 1.797202
TRAIN Iter 16: loss = 0.011889,	Top-1 err = 80.000000,	Top-5 err = 53.600000,	train_time = 1.781200
TRAIN Iter 17: loss = 0.010800,	Top-1 err = 77.000000,	Top-5 err = 51.600000,	train_time = 1.796024
TRAIN Iter 18: loss = 0.012376,	Top-1 err = 76.500000,	Top-5 err = 50.500000,	train_time = 1.791578
TRAIN Iter 19: loss = 0.011330,	Top-1 err = 72.400000,	Top-5 err = 41.200000,	train_time = 1.786175
TRAIN Iter 20: loss = 0.010760,	Top-1 err = 74.500000,	Top-5 err = 48.200000,	train_time = 1.802397
TRAIN Iter 21: loss = 0.009458,	Top-1 err = 81.400000,	Top-5 err = 59.400000,	train_time = 1.793580
TRAIN Iter 22: loss = 0.010901,	Top-1 err = 70.200000,	Top-5 err = 39.900000,	train_time = 1.787430
TRAIN Iter 23: loss = 0.010858,	Top-1 err = 67.500000,	Top-5 err = 36.800000,	train_time = 1.811062
TRAIN Iter 24: loss = 0.011648,	Top-1 err = 69.800000,	Top-5 err = 41.100000,	train_time = 1.797436
TRAIN Iter 25: loss = 0.009833,	Top-1 err = 67.600000,	Top-5 err = 41.700000,	train_time = 1.788217
TRAIN Iter 26: loss = 0.009597,	Top-1 err = 74.800000,	Top-5 err = 50.900000,	train_time = 1.791125
TRAIN Iter 27: loss = 0.008944,	Top-1 err = 78.300000,	Top-5 err = 55.500000,	train_time = 1.787831
TRAIN Iter 28: loss = 0.009336,	Top-1 err = 66.400000,	Top-5 err = 40.800000,	train_time = 1.782541
TRAIN Iter 29: loss = 0.009632,	Top-1 err = 70.800000,	Top-5 err = 44.400000,	train_time = 1.797062
TRAIN Iter 30: loss = 0.009345,	Top-1 err = 73.500000,	Top-5 err = 51.400000,	train_time = 1.796304
TRAIN Iter 31: loss = 0.008900,	Top-1 err = 66.500000,	Top-5 err = 40.300000,	train_time = 1.792710
TRAIN Iter 32: loss = 0.008669,	Top-1 err = 60.800000,	Top-5 err = 33.600000,	train_time = 1.787779
TRAIN Iter 33: loss = 0.009150,	Top-1 err = 64.900000,	Top-5 err = 39.600000,	train_time = 1.803362
TRAIN Iter 34: loss = 0.008995,	Top-1 err = 68.600000,	Top-5 err = 44.000000,	train_time = 1.802381
TRAIN Iter 35: loss = 0.008525,	Top-1 err = 68.700000,	Top-5 err = 45.200000,	train_time = 1.802027
TRAIN Iter 36: loss = 0.009033,	Top-1 err = 61.900000,	Top-5 err = 37.200000,	train_time = 1.801883
TRAIN Iter 37: loss = 0.009379,	Top-1 err = 63.300000,	Top-5 err = 40.700000,	train_time = 1.788527
TRAIN Iter 38: loss = 0.008219,	Top-1 err = 65.400000,	Top-5 err = 39.700000,	train_time = 1.809731
TRAIN Iter 39: loss = 0.007954,	Top-1 err = 61.500000,	Top-5 err = 38.700000,	train_time = 1.800599
TRAIN Iter 40: loss = 0.008110,	Top-1 err = 68.800000,	Top-5 err = 45.100000,	train_time = 1.773897
TRAIN Iter 41: loss = 0.008212,	Top-1 err = 64.100000,	Top-5 err = 38.400000,	train_time = 1.799258
TRAIN Iter 42: loss = 0.008633,	Top-1 err = 49.300000,	Top-5 err = 24.000000,	train_time = 1.780274
TRAIN Iter 43: loss = 0.008377,	Top-1 err = 54.400000,	Top-5 err = 30.600000,	train_time = 1.801757
TRAIN Iter 44: loss = 0.008208,	Top-1 err = 67.200000,	Top-5 err = 42.000000,	train_time = 1.796043
TRAIN Iter 45: loss = 0.007538,	Top-1 err = 62.900000,	Top-5 err = 41.000000,	train_time = 1.797451
TRAIN Iter 46: loss = 0.008353,	Top-1 err = 56.600000,	Top-5 err = 31.800000,	train_time = 1.804782
TRAIN Iter 47: loss = 0.008074,	Top-1 err = 56.100000,	Top-5 err = 33.600000,	train_time = 1.789873
TRAIN Iter 48: loss = 0.007936,	Top-1 err = 47.100000,	Top-5 err = 24.500000,	train_time = 1.791051
TRAIN Iter 49: loss = 0.007512,	Top-1 err = 42.800000,	Top-5 err = 19.000000,	train_time = 1.782657
TRAIN Iter 50: loss = 0.007950,	Top-1 err = 55.100000,	Top-5 err = 30.700000,	train_time = 1.786910
TRAIN Iter 51: loss = 0.007672,	Top-1 err = 51.600000,	Top-5 err = 30.600000,	train_time = 1.798544
TRAIN Iter 52: loss = 0.007699,	Top-1 err = 62.300000,	Top-5 err = 40.400000,	train_time = 1.800437
TRAIN Iter 53: loss = 0.007790,	Top-1 err = 49.700000,	Top-5 err = 26.400000,	train_time = 1.771466
TRAIN Iter 54: loss = 0.007491,	Top-1 err = 57.400000,	Top-5 err = 31.700000,	train_time = 1.781139
TRAIN Iter 55: loss = 0.007593,	Top-1 err = 49.500000,	Top-5 err = 26.600000,	train_time = 1.799779
TRAIN Iter 56: loss = 0.007514,	Top-1 err = 55.700000,	Top-5 err = 35.100000,	train_time = 1.809275
TRAIN Iter 57: loss = 0.006983,	Top-1 err = 61.600000,	Top-5 err = 36.600000,	train_time = 1.801319
TRAIN Iter 58: loss = 0.007376,	Top-1 err = 58.300000,	Top-5 err = 32.900000,	train_time = 1.795405
TRAIN Iter 59: loss = 0.007484,	Top-1 err = 50.700000,	Top-5 err = 28.600000,	train_time = 1.789502
TRAIN Iter 60: loss = 0.006844,	Top-1 err = 41.300000,	Top-5 err = 18.200000,	train_time = 1.777036
TRAIN Iter 61: loss = 0.006454,	Top-1 err = 48.000000,	Top-5 err = 22.100000,	train_time = 1.776737
TRAIN Iter 62: loss = 0.007351,	Top-1 err = 45.900000,	Top-5 err = 25.400000,	train_time = 1.794964
TRAIN Iter 63: loss = 0.007017,	Top-1 err = 31.900000,	Top-5 err = 9.800000,	train_time = 1.780964
TRAIN Iter 64: loss = 0.007079,	Top-1 err = 53.300000,	Top-5 err = 31.300000,	train_time = 1.794504
TRAIN Iter 65: loss = 0.006714,	Top-1 err = 47.500000,	Top-5 err = 25.700000,	train_time = 1.804208
TRAIN Iter 66: loss = 0.006909,	Top-1 err = 55.000000,	Top-5 err = 36.800000,	train_time = 1.800269
TRAIN Iter 67: loss = 0.006769,	Top-1 err = 33.700000,	Top-5 err = 13.200000,	train_time = 1.785617
TRAIN Iter 68: loss = 0.006792,	Top-1 err = 53.500000,	Top-5 err = 31.700000,	train_time = 1.773246
TRAIN Iter 69: loss = 0.006509,	Top-1 err = 52.500000,	Top-5 err = 30.400000,	train_time = 1.810681
TRAIN Iter 70: loss = 0.006269,	Top-1 err = 39.000000,	Top-5 err = 18.300000,	train_time = 1.798118
TRAIN Iter 71: loss = 0.006710,	Top-1 err = 47.400000,	Top-5 err = 27.900000,	train_time = 1.800112
TRAIN Iter 72: loss = 0.006163,	Top-1 err = 59.600000,	Top-5 err = 38.500000,	train_time = 1.791334
TRAIN Iter 73: loss = 0.006213,	Top-1 err = 40.900000,	Top-5 err = 21.600000,	train_time = 1.792697
TRAIN Iter 74: loss = 0.006333,	Top-1 err = 56.800000,	Top-5 err = 31.500000,	train_time = 1.795733
TRAIN Iter 75: loss = 0.006610,	Top-1 err = 38.500000,	Top-5 err = 20.600000,	train_time = 1.793013
TRAIN Iter 76: loss = 0.006547,	Top-1 err = 49.300000,	Top-5 err = 28.400000,	train_time = 1.800886
TRAIN Iter 77: loss = 0.006300,	Top-1 err = 48.600000,	Top-5 err = 31.100000,	train_time = 1.799607
TRAIN Iter 78: loss = 0.006524,	Top-1 err = 44.300000,	Top-5 err = 21.600000,	train_time = 1.787500
TRAIN Iter 79: loss = 0.006555,	Top-1 err = 59.200000,	Top-5 err = 40.000000,	train_time = 1.779206
TRAIN Iter 80: loss = 0.006219,	Top-1 err = 45.100000,	Top-5 err = 23.800000,	train_time = 1.799114
TRAIN Iter 81: loss = 0.006025,	Top-1 err = 46.900000,	Top-5 err = 23.700000,	train_time = 1.782204
TRAIN Iter 82: loss = 0.005760,	Top-1 err = 55.200000,	Top-5 err = 30.400000,	train_time = 1.803980
TRAIN Iter 83: loss = 0.006573,	Top-1 err = 38.400000,	Top-5 err = 18.000000,	train_time = 1.799676
TRAIN Iter 84: loss = 0.006019,	Top-1 err = 54.400000,	Top-5 err = 33.700000,	train_time = 1.795613
TRAIN Iter 85: loss = 0.005757,	Top-1 err = 48.800000,	Top-5 err = 27.600000,	train_time = 1.796520
TRAIN Iter 86: loss = 0.005926,	Top-1 err = 46.800000,	Top-5 err = 28.400000,	train_time = 1.792729
TRAIN Iter 87: loss = 0.006211,	Top-1 err = 32.400000,	Top-5 err = 13.900000,	train_time = 1.802170
TRAIN Iter 88: loss = 0.005592,	Top-1 err = 57.900000,	Top-5 err = 35.600000,	train_time = 1.789943
TRAIN Iter 89: loss = 0.005914,	Top-1 err = 44.400000,	Top-5 err = 23.200000,	train_time = 1.779228
TRAIN Iter 90: loss = 0.005931,	Top-1 err = 57.100000,	Top-5 err = 36.400000,	train_time = 1.787870
TRAIN Iter 91: loss = 0.005914,	Top-1 err = 44.800000,	Top-5 err = 27.900000,	train_time = 1.788432
TRAIN Iter 92: loss = 0.005711,	Top-1 err = 45.700000,	Top-5 err = 26.300000,	train_time = 1.795877
TRAIN Iter 93: loss = 0.005765,	Top-1 err = 35.600000,	Top-5 err = 17.400000,	train_time = 1.803394
TRAIN Iter 94: loss = 0.005731,	Top-1 err = 48.900000,	Top-5 err = 30.100000,	train_time = 1.769036
TRAIN Iter 95: loss = 0.006024,	Top-1 err = 20.800000,	Top-5 err = 11.700000,	train_time = 1.795144
TRAIN Iter 96: loss = 0.005529,	Top-1 err = 45.500000,	Top-5 err = 27.000000,	train_time = 1.802191
TRAIN Iter 97: loss = 0.005959,	Top-1 err = 58.600000,	Top-5 err = 41.900000,	train_time = 1.803174
TRAIN Iter 98: loss = 0.005626,	Top-1 err = 55.700000,	Top-5 err = 36.500000,	train_time = 1.808722
TRAIN Iter 99: loss = 0.005485,	Top-1 err = 46.200000,	Top-5 err = 26.600000,	train_time = 1.790167
TRAIN Iter 100: loss = 0.005807,	Top-1 err = 42.800000,	Top-5 err = 23.900000,	train_time = 1.791166
TRAIN Iter 101: loss = 0.005810,	Top-1 err = 52.600000,	Top-5 err = 34.200000,	train_time = 1.794234
TRAIN Iter 102: loss = 0.005383,	Top-1 err = 31.700000,	Top-5 err = 15.400000,	train_time = 1.771569
TRAIN Iter 103: loss = 0.005354,	Top-1 err = 46.300000,	Top-5 err = 28.500000,	train_time = 1.794221
TRAIN Iter 104: loss = 0.005311,	Top-1 err = 25.400000,	Top-5 err = 11.000000,	train_time = 1.796730
TRAIN Iter 105: loss = 0.005510,	Top-1 err = 52.700000,	Top-5 err = 33.200000,	train_time = 1.807734
TRAIN Iter 106: loss = 0.005204,	Top-1 err = 50.700000,	Top-5 err = 31.200000,	train_time = 1.794361
TRAIN Iter 107: loss = 0.005422,	Top-1 err = 31.400000,	Top-5 err = 12.700000,	train_time = 1.788085
TRAIN Iter 108: loss = 0.005062,	Top-1 err = 45.000000,	Top-5 err = 26.800000,	train_time = 1.786273
TRAIN Iter 109: loss = 0.005197,	Top-1 err = 60.200000,	Top-5 err = 40.400000,	train_time = 1.787819
TRAIN Iter 110: loss = 0.005323,	Top-1 err = 25.300000,	Top-5 err = 11.400000,	train_time = 1.778010
TRAIN Iter 111: loss = 0.005413,	Top-1 err = 28.000000,	Top-5 err = 13.400000,	train_time = 1.808955
TRAIN Iter 112: loss = 0.005258,	Top-1 err = 42.500000,	Top-5 err = 21.700000,	train_time = 1.799165
TRAIN Iter 113: loss = 0.005244,	Top-1 err = 49.800000,	Top-5 err = 31.200000,	train_time = 1.795557
TRAIN Iter 114: loss = 0.005039,	Top-1 err = 44.700000,	Top-5 err = 27.900000,	train_time = 1.806566
TRAIN Iter 115: loss = 0.005099,	Top-1 err = 38.300000,	Top-5 err = 22.200000,	train_time = 1.787682
TRAIN Iter 116: loss = 0.004831,	Top-1 err = 37.100000,	Top-5 err = 26.000000,	train_time = 1.792692
TRAIN Iter 117: loss = 0.004991,	Top-1 err = 19.300000,	Top-5 err = 5.900000,	train_time = 1.772413
TRAIN Iter 118: loss = 0.005272,	Top-1 err = 42.100000,	Top-5 err = 22.500000,	train_time = 1.797617
TRAIN Iter 119: loss = 0.005064,	Top-1 err = 26.600000,	Top-5 err = 12.600000,	train_time = 1.788706
TRAIN Iter 120: loss = 0.005414,	Top-1 err = 50.800000,	Top-5 err = 31.500000,	train_time = 1.807629
TRAIN Iter 121: loss = 0.005038,	Top-1 err = 34.500000,	Top-5 err = 18.700000,	train_time = 1.806188
TRAIN Iter 122: loss = 0.004897,	Top-1 err = 33.900000,	Top-5 err = 14.900000,	train_time = 1.774561
TRAIN Iter 123: loss = 0.005085,	Top-1 err = 56.700000,	Top-5 err = 34.800000,	train_time = 1.805766
TRAIN Iter 124: loss = 0.004837,	Top-1 err = 32.400000,	Top-5 err = 20.500000,	train_time = 1.794657
TRAIN Iter 125: loss = 0.005087,	Top-1 err = 41.800000,	Top-5 err = 28.900000,	train_time = 1.801085
TRAIN Iter 126: loss = 0.004954,	Top-1 err = 46.100000,	Top-5 err = 29.200000,	train_time = 1.798668
TRAIN Iter 127: loss = 0.004965,	Top-1 err = 24.300000,	Top-5 err = 8.900000,	train_time = 1.796077
TRAIN Iter 128: loss = 0.005231,	Top-1 err = 49.600000,	Top-5 err = 29.200000,	train_time = 1.800870
TRAIN Iter 129: loss = 0.004905,	Top-1 err = 56.700000,	Top-5 err = 34.100000,	train_time = 1.790797
TRAIN Iter 130: loss = 0.004934,	Top-1 err = 43.500000,	Top-5 err = 24.200000,	train_time = 1.796450
TRAIN Iter 131: loss = 0.004890,	Top-1 err = 32.800000,	Top-5 err = 16.600000,	train_time = 1.792505
TRAIN Iter 132: loss = 0.004951,	Top-1 err = 46.500000,	Top-5 err = 27.200000,	train_time = 1.794151
TRAIN Iter 133: loss = 0.004729,	Top-1 err = 29.200000,	Top-5 err = 14.700000,	train_time = 1.774821
TRAIN Iter 134: loss = 0.004743,	Top-1 err = 42.200000,	Top-5 err = 26.700000,	train_time = 1.808564
TRAIN Iter 135: loss = 0.004708,	Top-1 err = 21.500000,	Top-5 err = 7.800000,	train_time = 1.783478
TRAIN Iter 136: loss = 0.004904,	Top-1 err = 30.200000,	Top-5 err = 14.500000,	train_time = 1.803500
TRAIN Iter 137: loss = 0.004669,	Top-1 err = 48.200000,	Top-5 err = 31.500000,	train_time = 1.798415
TRAIN Iter 138: loss = 0.004796,	Top-1 err = 40.200000,	Top-5 err = 27.900000,	train_time = 1.783878
TRAIN Iter 139: loss = 0.004859,	Top-1 err = 47.100000,	Top-5 err = 33.900000,	train_time = 1.791546
TRAIN Iter 140: loss = 0.004720,	Top-1 err = 37.800000,	Top-5 err = 18.200000,	train_time = 1.789420
TRAIN Iter 141: loss = 0.004617,	Top-1 err = 34.500000,	Top-5 err = 22.100000,	train_time = 1.797653
TRAIN Iter 142: loss = 0.004610,	Top-1 err = 35.500000,	Top-5 err = 19.000000,	train_time = 1.792428
TRAIN Iter 143: loss = 0.004656,	Top-1 err = 51.800000,	Top-5 err = 34.600000,	train_time = 1.793334
TRAIN Iter 144: loss = 0.004656,	Top-1 err = 29.200000,	Top-5 err = 15.100000,	train_time = 1.791763
TRAIN Iter 145: loss = 0.004603,	Top-1 err = 39.200000,	Top-5 err = 21.400000,	train_time = 1.790355
TRAIN Iter 146: loss = 0.004335,	Top-1 err = 25.200000,	Top-5 err = 12.100000,	train_time = 1.819882
TRAIN Iter 147: loss = 0.004590,	Top-1 err = 39.000000,	Top-5 err = 19.500000,	train_time = 1.784006
TRAIN Iter 148: loss = 0.004477,	Top-1 err = 49.500000,	Top-5 err = 36.200000,	train_time = 1.772665
TRAIN Iter 149: loss = 0.004716,	Top-1 err = 41.300000,	Top-5 err = 25.000000,	train_time = 1.802925
TRAIN Iter 150: loss = 0.004453,	Top-1 err = 41.300000,	Top-5 err = 25.600000,	train_time = 1.799371
TRAIN Iter 151: loss = 0.004605,	Top-1 err = 39.600000,	Top-5 err = 22.800000,	train_time = 1.787906
TRAIN Iter 152: loss = 0.004434,	Top-1 err = 40.000000,	Top-5 err = 18.400000,	train_time = 1.790650
TRAIN Iter 153: loss = 0.004433,	Top-1 err = 37.100000,	Top-5 err = 19.800000,	train_time = 1.792081
TRAIN Iter 154: loss = 0.004628,	Top-1 err = 43.100000,	Top-5 err = 29.500000,	train_time = 1.791101
TRAIN Iter 155: loss = 0.004635,	Top-1 err = 24.900000,	Top-5 err = 12.100000,	train_time = 1.807564
TRAIN Iter 156: loss = 0.004464,	Top-1 err = 44.400000,	Top-5 err = 27.600000,	train_time = 1.789647
TRAIN Iter 157: loss = 0.004483,	Top-1 err = 41.200000,	Top-5 err = 23.400000,	train_time = 1.802694
TRAIN Iter 158: loss = 0.004443,	Top-1 err = 30.400000,	Top-5 err = 16.200000,	train_time = 1.796265
TRAIN Iter 159: loss = 0.004344,	Top-1 err = 22.500000,	Top-5 err = 8.500000,	train_time = 1.782225
TRAIN Iter 160: loss = 0.004264,	Top-1 err = 39.500000,	Top-5 err = 23.400000,	train_time = 1.792243
TRAIN Iter 161: loss = 0.004486,	Top-1 err = 53.800000,	Top-5 err = 32.900000,	train_time = 1.793311
TRAIN Iter 162: loss = 0.004416,	Top-1 err = 36.000000,	Top-5 err = 23.400000,	train_time = 1.794461
TRAIN Iter 163: loss = 0.004240,	Top-1 err = 31.200000,	Top-5 err = 15.200000,	train_time = 1.776786
TRAIN Iter 164: loss = 0.004309,	Top-1 err = 39.200000,	Top-5 err = 27.900000,	train_time = 1.797802
TRAIN Iter 165: loss = 0.004147,	Top-1 err = 25.200000,	Top-5 err = 11.500000,	train_time = 1.800879
TRAIN Iter 166: loss = 0.004117,	Top-1 err = 27.300000,	Top-5 err = 14.600000,	train_time = 1.793331
TRAIN Iter 167: loss = 0.004375,	Top-1 err = 35.300000,	Top-5 err = 20.200000,	train_time = 1.791918
TRAIN Iter 168: loss = 0.004217,	Top-1 err = 21.000000,	Top-5 err = 11.500000,	train_time = 1.789388
TRAIN Iter 169: loss = 0.004354,	Top-1 err = 45.900000,	Top-5 err = 26.900000,	train_time = 1.791415
TRAIN Iter 170: loss = 0.004360,	Top-1 err = 47.400000,	Top-5 err = 30.300000,	train_time = 1.787600
TRAIN Iter 171: loss = 0.004410,	Top-1 err = 53.100000,	Top-5 err = 33.900000,	train_time = 1.787591
TRAIN Iter 172: loss = 0.004257,	Top-1 err = 50.700000,	Top-5 err = 37.800000,	train_time = 1.816690
TRAIN Iter 173: loss = 0.004240,	Top-1 err = 52.400000,	Top-5 err = 33.100000,	train_time = 1.796455
TRAIN Iter 174: loss = 0.004296,	Top-1 err = 44.500000,	Top-5 err = 23.800000,	train_time = 1.807794
TRAIN Iter 175: loss = 0.004245,	Top-1 err = 40.000000,	Top-5 err = 23.500000,	train_time = 1.791517
TRAIN Iter 176: loss = 0.004231,	Top-1 err = 35.700000,	Top-5 err = 22.200000,	train_time = 1.791680
TRAIN Iter 177: loss = 0.004421,	Top-1 err = 43.900000,	Top-5 err = 22.400000,	train_time = 1.796067
TRAIN Iter 178: loss = 0.004154,	Top-1 err = 34.400000,	Top-5 err = 19.200000,	train_time = 1.789659
TRAIN Iter 179: loss = 0.004356,	Top-1 err = 47.800000,	Top-5 err = 30.300000,	train_time = 1.782068
TRAIN Iter 180: loss = 0.004108,	Top-1 err = 24.600000,	Top-5 err = 13.400000,	train_time = 1.788597
TRAIN Iter 181: loss = 0.004038,	Top-1 err = 55.600000,	Top-5 err = 35.700000,	train_time = 1.791598
TRAIN Iter 182: loss = 0.004049,	Top-1 err = 40.700000,	Top-5 err = 24.600000,	train_time = 1.801453
TRAIN Iter 183: loss = 0.004188,	Top-1 err = 26.800000,	Top-5 err = 13.700000,	train_time = 1.789845
TRAIN Iter 184: loss = 0.004015,	Top-1 err = 39.100000,	Top-5 err = 26.700000,	train_time = 1.815003
TRAIN Iter 185: loss = 0.004111,	Top-1 err = 42.700000,	Top-5 err = 25.500000,	train_time = 1.778881
TRAIN Iter 186: loss = 0.004328,	Top-1 err = 55.500000,	Top-5 err = 36.700000,	train_time = 1.800147
TRAIN Iter 187: loss = 0.004243,	Top-1 err = 27.000000,	Top-5 err = 13.800000,	train_time = 1.787888
TRAIN Iter 188: loss = 0.004294,	Top-1 err = 41.900000,	Top-5 err = 23.100000,	train_time = 1.793393
TRAIN Iter 189: loss = 0.003946,	Top-1 err = 33.300000,	Top-5 err = 16.400000,	train_time = 1.787359
TRAIN Iter 190: loss = 0.003972,	Top-1 err = 44.600000,	Top-5 err = 27.100000,	train_time = 1.794993
TRAIN Iter 191: loss = 0.004161,	Top-1 err = 42.900000,	Top-5 err = 29.200000,	train_time = 1.798455
TRAIN Iter 192: loss = 0.004230,	Top-1 err = 56.200000,	Top-5 err = 40.900000,	train_time = 1.823079
TRAIN Iter 193: loss = 0.004016,	Top-1 err = 28.900000,	Top-5 err = 14.000000,	train_time = 1.804047
TRAIN Iter 194: loss = 0.004059,	Top-1 err = 34.500000,	Top-5 err = 21.400000,	train_time = 1.774882
TRAIN Iter 195: loss = 0.004410,	Top-1 err = 75.600000,	Top-5 err = 55.400000,	train_time = 1.798635
TRAIN Iter 196: loss = 0.003986,	Top-1 err = 40.000000,	Top-5 err = 27.300000,	train_time = 1.788590
TRAIN Iter 197: loss = 0.004162,	Top-1 err = 56.100000,	Top-5 err = 32.800000,	train_time = 1.796524
TRAIN Iter 198: loss = 0.004098,	Top-1 err = 47.400000,	Top-5 err = 30.800000,	train_time = 1.799971
TRAIN Iter 199: loss = 0.003872,	Top-1 err = 45.100000,	Top-5 err = 23.700000,	train_time = 1.789672
TRAIN Iter 200: loss = 0.003912,	Top-1 err = 60.600000,	Top-5 err = 43.000000,	train_time = 1.785690
TRAIN Iter 201: loss = 0.004024,	Top-1 err = 30.500000,	Top-5 err = 17.200000,	train_time = 1.808524
TRAIN Iter 202: loss = 0.004070,	Top-1 err = 32.600000,	Top-5 err = 16.900000,	train_time = 1.792299
TRAIN Iter 203: loss = 0.003838,	Top-1 err = 32.700000,	Top-5 err = 18.200000,	train_time = 1.785542
TRAIN Iter 204: loss = 0.003961,	Top-1 err = 36.000000,	Top-5 err = 18.300000,	train_time = 1.781880
TRAIN Iter 205: loss = 0.003976,	Top-1 err = 48.400000,	Top-5 err = 33.000000,	train_time = 1.814184
TRAIN Iter 206: loss = 0.003668,	Top-1 err = 19.600000,	Top-5 err = 8.600000,	train_time = 1.788314
TRAIN Iter 207: loss = 0.004249,	Top-1 err = 57.600000,	Top-5 err = 37.300000,	train_time = 1.782585
TRAIN Iter 208: loss = 0.004195,	Top-1 err = 55.000000,	Top-5 err = 36.500000,	train_time = 1.798761
TRAIN Iter 209: loss = 0.003936,	Top-1 err = 51.800000,	Top-5 err = 37.800000,	train_time = 1.800120
TRAIN Iter 210: loss = 0.003930,	Top-1 err = 38.300000,	Top-5 err = 24.100000,	train_time = 1.803057
TRAIN Iter 211: loss = 0.003766,	Top-1 err = 35.400000,	Top-5 err = 19.700000,	train_time = 1.807094
TRAIN Iter 212: loss = 0.003775,	Top-1 err = 29.000000,	Top-5 err = 13.900000,	train_time = 1.789145
TRAIN Iter 213: loss = 0.004009,	Top-1 err = 47.800000,	Top-5 err = 33.400000,	train_time = 1.815708
TRAIN Iter 214: loss = 0.003843,	Top-1 err = 30.300000,	Top-5 err = 16.900000,	train_time = 1.787344
TRAIN Iter 215: loss = 0.003660,	Top-1 err = 36.800000,	Top-5 err = 24.700000,	train_time = 1.812726
TRAIN Iter 216: loss = 0.003817,	Top-1 err = 41.400000,	Top-5 err = 27.500000,	train_time = 1.800667
TRAIN Iter 217: loss = 0.003939,	Top-1 err = 36.200000,	Top-5 err = 21.900000,	train_time = 1.805721
TRAIN Iter 218: loss = 0.003648,	Top-1 err = 33.300000,	Top-5 err = 23.800000,	train_time = 1.801183
TRAIN Iter 219: loss = 0.003715,	Top-1 err = 26.900000,	Top-5 err = 12.900000,	train_time = 1.797879
TRAIN Iter 220: loss = 0.003688,	Top-1 err = 27.600000,	Top-5 err = 13.800000,	train_time = 1.805627
TRAIN Iter 221: loss = 0.003679,	Top-1 err = 26.100000,	Top-5 err = 12.900000,	train_time = 1.776263
TRAIN Iter 222: loss = 0.003723,	Top-1 err = 26.000000,	Top-5 err = 13.900000,	train_time = 1.789416
TRAIN Iter 223: loss = 0.003824,	Top-1 err = 30.300000,	Top-5 err = 15.100000,	train_time = 1.809590
TRAIN Iter 224: loss = 0.004038,	Top-1 err = 62.200000,	Top-5 err = 42.100000,	train_time = 1.798820
TRAIN Iter 225: loss = 0.003835,	Top-1 err = 26.500000,	Top-5 err = 12.800000,	train_time = 1.779412
TRAIN Iter 226: loss = 0.003958,	Top-1 err = 46.600000,	Top-5 err = 28.300000,	train_time = 1.793917
TRAIN Iter 227: loss = 0.003755,	Top-1 err = 34.600000,	Top-5 err = 19.300000,	train_time = 1.799658
TRAIN Iter 228: loss = 0.004058,	Top-1 err = 45.800000,	Top-5 err = 26.700000,	train_time = 1.791201
TRAIN Iter 229: loss = 0.003708,	Top-1 err = 34.500000,	Top-5 err = 21.100000,	train_time = 1.804890
TRAIN Iter 230: loss = 0.003558,	Top-1 err = 24.000000,	Top-5 err = 9.000000,	train_time = 1.797194
TRAIN Iter 231: loss = 0.003566,	Top-1 err = 30.800000,	Top-5 err = 14.800000,	train_time = 1.803723
TRAIN Iter 232: loss = 0.003811,	Top-1 err = 50.000000,	Top-5 err = 35.200000,	train_time = 1.809099
TRAIN Iter 233: loss = 0.003676,	Top-1 err = 53.500000,	Top-5 err = 38.400000,	train_time = 1.793746
TRAIN Iter 234: loss = 0.003325,	Top-1 err = 15.400000,	Top-5 err = 9.300000,	train_time = 1.788336
TRAIN Iter 235: loss = 0.003810,	Top-1 err = 40.900000,	Top-5 err = 22.200000,	train_time = 1.801279
TRAIN Iter 236: loss = 0.003775,	Top-1 err = 44.000000,	Top-5 err = 30.300000,	train_time = 1.808155
TRAIN Iter 237: loss = 0.003542,	Top-1 err = 35.900000,	Top-5 err = 23.400000,	train_time = 1.798703
TRAIN Iter 238: loss = 0.003618,	Top-1 err = 27.300000,	Top-5 err = 13.700000,	train_time = 1.796184
TRAIN Iter 239: loss = 0.003752,	Top-1 err = 36.400000,	Top-5 err = 16.800000,	train_time = 1.806993
TRAIN Iter 240: loss = 0.003652,	Top-1 err = 37.900000,	Top-5 err = 18.500000,	train_time = 1.790832
TRAIN Iter 241: loss = 0.003641,	Top-1 err = 35.300000,	Top-5 err = 19.600000,	train_time = 1.801155
TRAIN Iter 242: loss = 0.003663,	Top-1 err = 46.400000,	Top-5 err = 27.300000,	train_time = 1.787325
TRAIN Iter 243: loss = 0.003433,	Top-1 err = 21.900000,	Top-5 err = 11.500000,	train_time = 1.793344
TRAIN Iter 244: loss = 0.003570,	Top-1 err = 45.500000,	Top-5 err = 29.300000,	train_time = 1.787068
TRAIN Iter 245: loss = 0.003523,	Top-1 err = 31.900000,	Top-5 err = 17.900000,	train_time = 1.794804
TRAIN Iter 246: loss = 0.003482,	Top-1 err = 32.400000,	Top-5 err = 18.700000,	train_time = 1.792695
TRAIN Iter 247: loss = 0.003616,	Top-1 err = 32.700000,	Top-5 err = 18.400000,	train_time = 1.801578
TRAIN Iter 248: loss = 0.003639,	Top-1 err = 48.700000,	Top-5 err = 27.200000,	train_time = 1.798851
TRAIN Iter 249: loss = 0.003502,	Top-1 err = 39.200000,	Top-5 err = 22.200000,	train_time = 1.798330
TEST:
Iter 249: loss = 2.535000,	Top-1 err = 58.050000,	Top-5 err = 26.800000,	val_time = 3.356635
TRAIN Iter 250: loss = 0.003412,	Top-1 err = 41.600000,	Top-5 err = 26.800000,	train_time = 1.794374
TRAIN Iter 251: loss = 0.003376,	Top-1 err = 30.200000,	Top-5 err = 15.100000,	train_time = 1.793925
TRAIN Iter 252: loss = 0.003493,	Top-1 err = 48.700000,	Top-5 err = 26.700000,	train_time = 1.796630
TRAIN Iter 253: loss = 0.003452,	Top-1 err = 41.400000,	Top-5 err = 26.900000,	train_time = 1.773241
TRAIN Iter 254: loss = 0.003612,	Top-1 err = 38.200000,	Top-5 err = 21.100000,	train_time = 1.803064
TRAIN Iter 255: loss = 0.003617,	Top-1 err = 47.700000,	Top-5 err = 26.500000,	train_time = 1.814082
TRAIN Iter 256: loss = 0.003721,	Top-1 err = 45.300000,	Top-5 err = 30.600000,	train_time = 1.789512
TRAIN Iter 257: loss = 0.003556,	Top-1 err = 36.600000,	Top-5 err = 14.900000,	train_time = 1.809134
TRAIN Iter 258: loss = 0.003749,	Top-1 err = 51.900000,	Top-5 err = 32.600000,	train_time = 1.792716
TRAIN Iter 259: loss = 0.003378,	Top-1 err = 36.900000,	Top-5 err = 28.000000,	train_time = 1.802559
TEST:
Iter 259: loss = 2.464217,	Top-1 err = 56.800000,	Top-5 err = 25.360000,	val_time = 3.372544
TRAIN Iter 260: loss = 0.003423,	Top-1 err = 36.400000,	Top-5 err = 21.600000,	train_time = 1.790918
TRAIN Iter 261: loss = 0.003562,	Top-1 err = 65.200000,	Top-5 err = 48.000000,	train_time = 1.802749
TRAIN Iter 262: loss = 0.003377,	Top-1 err = 28.500000,	Top-5 err = 16.900000,	train_time = 1.795061
TRAIN Iter 263: loss = 0.003390,	Top-1 err = 29.500000,	Top-5 err = 14.800000,	train_time = 1.809724
TRAIN Iter 264: loss = 0.003517,	Top-1 err = 49.100000,	Top-5 err = 33.500000,	train_time = 1.788549
TRAIN Iter 265: loss = 0.003419,	Top-1 err = 41.000000,	Top-5 err = 29.300000,	train_time = 1.779365
TRAIN Iter 266: loss = 0.003465,	Top-1 err = 32.600000,	Top-5 err = 16.200000,	train_time = 1.798330
TRAIN Iter 267: loss = 0.003609,	Top-1 err = 28.100000,	Top-5 err = 12.500000,	train_time = 1.789913
TRAIN Iter 268: loss = 0.003593,	Top-1 err = 53.100000,	Top-5 err = 38.500000,	train_time = 1.796974
TRAIN Iter 269: loss = 0.003624,	Top-1 err = 60.800000,	Top-5 err = 41.100000,	train_time = 1.825540
TEST:
Iter 269: loss = 2.561842,	Top-1 err = 57.880000,	Top-5 err = 26.160000,	val_time = 3.358098
TRAIN Iter 270: loss = 0.003332,	Top-1 err = 30.200000,	Top-5 err = 14.600000,	train_time = 1.791369
TRAIN Iter 271: loss = 0.003061,	Top-1 err = 17.600000,	Top-5 err = 7.300000,	train_time = 1.786911
TRAIN Iter 272: loss = 0.003404,	Top-1 err = 56.500000,	Top-5 err = 35.000000,	train_time = 1.790279
TRAIN Iter 273: loss = 0.003522,	Top-1 err = 43.200000,	Top-5 err = 26.600000,	train_time = 1.800792
TRAIN Iter 274: loss = 0.003587,	Top-1 err = 46.300000,	Top-5 err = 28.700000,	train_time = 1.787809
TRAIN Iter 275: loss = 0.003533,	Top-1 err = 42.800000,	Top-5 err = 26.200000,	train_time = 1.787486
TRAIN Iter 276: loss = 0.003519,	Top-1 err = 47.200000,	Top-5 err = 34.000000,	train_time = 1.795949
TRAIN Iter 277: loss = 0.003393,	Top-1 err = 36.400000,	Top-5 err = 19.200000,	train_time = 1.813386
TRAIN Iter 278: loss = 0.003376,	Top-1 err = 40.200000,	Top-5 err = 28.700000,	train_time = 1.802826
TRAIN Iter 279: loss = 0.003503,	Top-1 err = 53.800000,	Top-5 err = 36.600000,	train_time = 1.807198
TEST:
Iter 279: loss = 2.365948,	Top-1 err = 55.500000,	Top-5 err = 23.740000,	val_time = 3.348518
TRAIN Iter 280: loss = 0.003244,	Top-1 err = 24.500000,	Top-5 err = 13.900000,	train_time = 1.776049
TRAIN Iter 281: loss = 0.003185,	Top-1 err = 27.300000,	Top-5 err = 18.200000,	train_time = 1.802434
TRAIN Iter 282: loss = 0.003208,	Top-1 err = 32.600000,	Top-5 err = 19.700000,	train_time = 1.778715
TRAIN Iter 283: loss = 0.003270,	Top-1 err = 23.100000,	Top-5 err = 9.300000,	train_time = 1.790361
TRAIN Iter 284: loss = 0.003315,	Top-1 err = 46.600000,	Top-5 err = 29.900000,	train_time = 1.796147
TRAIN Iter 285: loss = 0.003379,	Top-1 err = 34.800000,	Top-5 err = 17.500000,	train_time = 1.811491
TRAIN Iter 286: loss = 0.003306,	Top-1 err = 47.200000,	Top-5 err = 35.300000,	train_time = 1.802441
TRAIN Iter 287: loss = 0.003148,	Top-1 err = 32.900000,	Top-5 err = 14.800000,	train_time = 1.781918
TRAIN Iter 288: loss = 0.003404,	Top-1 err = 44.600000,	Top-5 err = 30.600000,	train_time = 1.798098
TRAIN Iter 289: loss = 0.003513,	Top-1 err = 41.500000,	Top-5 err = 26.500000,	train_time = 1.811313
TEST:
Iter 289: loss = 2.365467,	Top-1 err = 55.380000,	Top-5 err = 23.880000,	val_time = 3.364358
TRAIN Iter 290: loss = 0.003685,	Top-1 err = 46.100000,	Top-5 err = 26.200000,	train_time = 1.774001
TRAIN Iter 291: loss = 0.003571,	Top-1 err = 35.700000,	Top-5 err = 21.000000,	train_time = 1.808192
TRAIN Iter 292: loss = 0.003412,	Top-1 err = 33.500000,	Top-5 err = 18.900000,	train_time = 1.796398
TRAIN Iter 293: loss = 0.003433,	Top-1 err = 44.800000,	Top-5 err = 26.500000,	train_time = 1.789856
TRAIN Iter 294: loss = 0.003369,	Top-1 err = 40.300000,	Top-5 err = 23.700000,	train_time = 1.796997
TRAIN Iter 295: loss = 0.003506,	Top-1 err = 65.800000,	Top-5 err = 44.700000,	train_time = 1.781814
TRAIN Iter 296: loss = 0.003262,	Top-1 err = 36.700000,	Top-5 err = 20.000000,	train_time = 1.791990
TRAIN Iter 297: loss = 0.003487,	Top-1 err = 33.100000,	Top-5 err = 19.600000,	train_time = 1.796516
TRAIN Iter 298: loss = 0.003321,	Top-1 err = 33.100000,	Top-5 err = 20.300000,	train_time = 1.798885
TRAIN Iter 299: loss = 0.003256,	Top-1 err = 41.300000,	Top-5 err = 22.500000,	train_time = 1.795267
TEST:
Iter 299: loss = 2.385115,	Top-1 err = 55.840000,	Top-5 err = 24.460000,	val_time = 3.356878
Train Finish! Best accuracy is 44.62@289
