/home/dvspanos/miniconda3/envs/rded/lib/python3.10/site-packages/torchvision/models/_utils.py:208: UserWarning: The parameter 'pretrained' is deprecated since 0.13 and may be removed in the future, please use 'weights' instead.
  warnings.warn(
/home/dvspanos/miniconda3/envs/rded/lib/python3.10/site-packages/torchvision/models/_utils.py:223: UserWarning: Arguments other than a weight enum or `None` for 'weights' are deprecated since 0.13 and may be removed in the future. The current behavior is equivalent to passing `weights=None`.
  warnings.warn(msg)
=> using pytorch pre-trained teacher model 'resnet18_modified'
process data from /home/dvspanos/nikos/ca2d/artifacts/sets/bench_cifar100_rn18_rcad2d_ipc50
load data successfully
TRAIN Iter 0: loss = 0.013961,	Top-1 err = 97.860000,	Top-5 err = 88.780000,	train_time = 10.753301
TRAIN Iter 1: loss = 0.012695,	Top-1 err = 95.280000,	Top-5 err = 82.780000,	train_time = 7.965681
TRAIN Iter 2: loss = 0.012185,	Top-1 err = 93.380000,	Top-5 err = 77.200000,	train_time = 7.967613
TRAIN Iter 3: loss = 0.011705,	Top-1 err = 92.680000,	Top-5 err = 76.960000,	train_time = 7.952545
TRAIN Iter 4: loss = 0.012725,	Top-1 err = 88.460000,	Top-5 err = 68.460000,	train_time = 7.966424
TRAIN Iter 5: loss = 0.011376,	Top-1 err = 89.040000,	Top-5 err = 69.200000,	train_time = 7.954054
TRAIN Iter 6: loss = 0.010550,	Top-1 err = 89.060000,	Top-5 err = 68.040000,	train_time = 7.972567
TRAIN Iter 7: loss = 0.011074,	Top-1 err = 84.540000,	Top-5 err = 60.660000,	train_time = 7.946774
TRAIN Iter 8: loss = 0.010764,	Top-1 err = 79.960000,	Top-5 err = 51.620000,	train_time = 7.964497
TRAIN Iter 9: loss = 0.010315,	Top-1 err = 81.840000,	Top-5 err = 57.060000,	train_time = 7.945943
TRAIN Iter 10: loss = 0.010440,	Top-1 err = 76.400000,	Top-5 err = 48.620000,	train_time = 7.952792
TRAIN Iter 11: loss = 0.009148,	Top-1 err = 77.720000,	Top-5 err = 52.260000,	train_time = 7.963468
TRAIN Iter 12: loss = 0.010183,	Top-1 err = 77.720000,	Top-5 err = 52.500000,	train_time = 7.973841
TRAIN Iter 13: loss = 0.008865,	Top-1 err = 78.540000,	Top-5 err = 55.000000,	train_time = 7.961251
TRAIN Iter 14: loss = 0.008225,	Top-1 err = 73.500000,	Top-5 err = 46.580000,	train_time = 7.971350
TRAIN Iter 15: loss = 0.007786,	Top-1 err = 77.720000,	Top-5 err = 54.300000,	train_time = 7.968966
TRAIN Iter 16: loss = 0.008161,	Top-1 err = 72.320000,	Top-5 err = 46.200000,	train_time = 7.973471
TRAIN Iter 17: loss = 0.008234,	Top-1 err = 72.900000,	Top-5 err = 48.620000,	train_time = 7.953765
TRAIN Iter 18: loss = 0.007637,	Top-1 err = 68.380000,	Top-5 err = 42.060000,	train_time = 7.958193
TRAIN Iter 19: loss = 0.007274,	Top-1 err = 67.920000,	Top-5 err = 41.920000,	train_time = 7.963231
TRAIN Iter 20: loss = 0.007699,	Top-1 err = 67.380000,	Top-5 err = 44.140000,	train_time = 7.979404
TRAIN Iter 21: loss = 0.007518,	Top-1 err = 66.840000,	Top-5 err = 42.040000,	train_time = 7.980487
TRAIN Iter 22: loss = 0.007169,	Top-1 err = 62.520000,	Top-5 err = 37.380000,	train_time = 7.954099
TRAIN Iter 23: loss = 0.006789,	Top-1 err = 73.580000,	Top-5 err = 51.220000,	train_time = 7.963420
TRAIN Iter 24: loss = 0.006934,	Top-1 err = 62.640000,	Top-5 err = 38.240000,	train_time = 7.974244
TRAIN Iter 25: loss = 0.006932,	Top-1 err = 58.780000,	Top-5 err = 33.440000,	train_time = 7.954073
TRAIN Iter 26: loss = 0.006278,	Top-1 err = 68.740000,	Top-5 err = 45.560000,	train_time = 7.958969
TRAIN Iter 27: loss = 0.006638,	Top-1 err = 64.340000,	Top-5 err = 40.480000,	train_time = 7.972974
TRAIN Iter 28: loss = 0.006460,	Top-1 err = 57.260000,	Top-5 err = 32.040000,	train_time = 7.959230
TRAIN Iter 29: loss = 0.006050,	Top-1 err = 64.460000,	Top-5 err = 41.300000,	train_time = 7.957297
TRAIN Iter 30: loss = 0.006257,	Top-1 err = 61.940000,	Top-5 err = 39.300000,	train_time = 7.972625
TRAIN Iter 31: loss = 0.006191,	Top-1 err = 55.240000,	Top-5 err = 31.140000,	train_time = 7.969634
TRAIN Iter 32: loss = 0.006196,	Top-1 err = 57.220000,	Top-5 err = 35.160000,	train_time = 7.967496
TRAIN Iter 33: loss = 0.005827,	Top-1 err = 52.940000,	Top-5 err = 30.280000,	train_time = 7.985459
TRAIN Iter 34: loss = 0.006163,	Top-1 err = 54.760000,	Top-5 err = 32.600000,	train_time = 7.952285
TRAIN Iter 35: loss = 0.005554,	Top-1 err = 56.560000,	Top-5 err = 33.120000,	train_time = 7.968350
TRAIN Iter 36: loss = 0.005427,	Top-1 err = 55.920000,	Top-5 err = 33.640000,	train_time = 7.967120
TRAIN Iter 37: loss = 0.005786,	Top-1 err = 50.360000,	Top-5 err = 28.200000,	train_time = 7.972588
TRAIN Iter 38: loss = 0.005041,	Top-1 err = 61.520000,	Top-5 err = 37.500000,	train_time = 7.971555
TRAIN Iter 39: loss = 0.005435,	Top-1 err = 56.300000,	Top-5 err = 33.280000,	train_time = 7.951177
TRAIN Iter 40: loss = 0.005698,	Top-1 err = 40.240000,	Top-5 err = 17.380000,	train_time = 7.947832
TRAIN Iter 41: loss = 0.005520,	Top-1 err = 61.720000,	Top-5 err = 41.340000,	train_time = 7.960917
TRAIN Iter 42: loss = 0.005008,	Top-1 err = 62.220000,	Top-5 err = 39.520000,	train_time = 7.968804
TRAIN Iter 43: loss = 0.005062,	Top-1 err = 60.340000,	Top-5 err = 37.660000,	train_time = 7.980572
TRAIN Iter 44: loss = 0.005093,	Top-1 err = 58.100000,	Top-5 err = 37.040000,	train_time = 8.000562
TRAIN Iter 45: loss = 0.005053,	Top-1 err = 49.300000,	Top-5 err = 27.720000,	train_time = 7.958163
TRAIN Iter 46: loss = 0.004984,	Top-1 err = 49.180000,	Top-5 err = 30.720000,	train_time = 7.957821
TRAIN Iter 47: loss = 0.004997,	Top-1 err = 53.500000,	Top-5 err = 32.500000,	train_time = 7.978667
TRAIN Iter 48: loss = 0.004718,	Top-1 err = 59.000000,	Top-5 err = 37.400000,	train_time = 7.970911
TRAIN Iter 49: loss = 0.005061,	Top-1 err = 47.520000,	Top-5 err = 27.960000,	train_time = 7.976148
TRAIN Iter 50: loss = 0.004921,	Top-1 err = 55.300000,	Top-5 err = 34.920000,	train_time = 7.972624
TRAIN Iter 51: loss = 0.004810,	Top-1 err = 56.040000,	Top-5 err = 36.520000,	train_time = 7.969512
TRAIN Iter 52: loss = 0.004781,	Top-1 err = 44.300000,	Top-5 err = 24.580000,	train_time = 7.986744
TRAIN Iter 53: loss = 0.004655,	Top-1 err = 55.680000,	Top-5 err = 35.740000,	train_time = 7.966643
TRAIN Iter 54: loss = 0.004487,	Top-1 err = 48.980000,	Top-5 err = 30.400000,	train_time = 7.974247
TRAIN Iter 55: loss = 0.004379,	Top-1 err = 52.660000,	Top-5 err = 32.860000,	train_time = 7.972525
TRAIN Iter 56: loss = 0.004374,	Top-1 err = 54.200000,	Top-5 err = 32.700000,	train_time = 7.966737
TRAIN Iter 57: loss = 0.004399,	Top-1 err = 57.940000,	Top-5 err = 38.820000,	train_time = 7.974680
TRAIN Iter 58: loss = 0.004210,	Top-1 err = 58.920000,	Top-5 err = 39.060000,	train_time = 7.971704
TRAIN Iter 59: loss = 0.004282,	Top-1 err = 55.860000,	Top-5 err = 33.120000,	train_time = 7.973186
TRAIN Iter 60: loss = 0.004704,	Top-1 err = 38.680000,	Top-5 err = 22.980000,	train_time = 7.970828
TRAIN Iter 61: loss = 0.004276,	Top-1 err = 46.020000,	Top-5 err = 26.020000,	train_time = 7.976266
TRAIN Iter 62: loss = 0.004205,	Top-1 err = 53.460000,	Top-5 err = 32.400000,	train_time = 7.960289
TRAIN Iter 63: loss = 0.004271,	Top-1 err = 40.500000,	Top-5 err = 21.900000,	train_time = 7.981052
TRAIN Iter 64: loss = 0.004123,	Top-1 err = 49.600000,	Top-5 err = 30.480000,	train_time = 7.956587
TRAIN Iter 65: loss = 0.004106,	Top-1 err = 49.800000,	Top-5 err = 31.420000,	train_time = 7.970522
TRAIN Iter 66: loss = 0.004081,	Top-1 err = 42.820000,	Top-5 err = 23.740000,	train_time = 7.974480
TRAIN Iter 67: loss = 0.004091,	Top-1 err = 41.060000,	Top-5 err = 20.860000,	train_time = 7.964163
TRAIN Iter 68: loss = 0.003999,	Top-1 err = 46.500000,	Top-5 err = 26.680000,	train_time = 7.967386
TRAIN Iter 69: loss = 0.003999,	Top-1 err = 46.000000,	Top-5 err = 28.220000,	train_time = 7.957019
TRAIN Iter 70: loss = 0.004036,	Top-1 err = 44.440000,	Top-5 err = 26.340000,	train_time = 7.979890
TRAIN Iter 71: loss = 0.004144,	Top-1 err = 44.760000,	Top-5 err = 27.940000,	train_time = 7.970119
TRAIN Iter 72: loss = 0.003879,	Top-1 err = 47.440000,	Top-5 err = 28.880000,	train_time = 7.966672
TRAIN Iter 73: loss = 0.003997,	Top-1 err = 49.180000,	Top-5 err = 28.480000,	train_time = 7.967972
TRAIN Iter 74: loss = 0.003856,	Top-1 err = 45.560000,	Top-5 err = 27.240000,	train_time = 7.963567
TRAIN Iter 75: loss = 0.003696,	Top-1 err = 54.340000,	Top-5 err = 34.060000,	train_time = 7.947931
TRAIN Iter 76: loss = 0.003714,	Top-1 err = 52.480000,	Top-5 err = 32.320000,	train_time = 7.968989
TRAIN Iter 77: loss = 0.003934,	Top-1 err = 47.280000,	Top-5 err = 29.620000,	train_time = 7.952297
TRAIN Iter 78: loss = 0.003919,	Top-1 err = 48.580000,	Top-5 err = 29.260000,	train_time = 7.972276
TRAIN Iter 79: loss = 0.003685,	Top-1 err = 52.220000,	Top-5 err = 35.240000,	train_time = 7.978573
TRAIN Iter 80: loss = 0.003858,	Top-1 err = 40.740000,	Top-5 err = 25.340000,	train_time = 7.980532
TRAIN Iter 81: loss = 0.003719,	Top-1 err = 44.580000,	Top-5 err = 26.500000,	train_time = 7.971452
TRAIN Iter 82: loss = 0.003686,	Top-1 err = 51.320000,	Top-5 err = 34.880000,	train_time = 7.966410
TRAIN Iter 83: loss = 0.003677,	Top-1 err = 54.200000,	Top-5 err = 35.000000,	train_time = 7.988625
TRAIN Iter 84: loss = 0.003523,	Top-1 err = 53.440000,	Top-5 err = 32.840000,	train_time = 7.981869
TRAIN Iter 85: loss = 0.003566,	Top-1 err = 46.780000,	Top-5 err = 27.580000,	train_time = 7.959229
TRAIN Iter 86: loss = 0.003518,	Top-1 err = 49.900000,	Top-5 err = 30.140000,	train_time = 7.963854
TRAIN Iter 87: loss = 0.003535,	Top-1 err = 47.740000,	Top-5 err = 31.580000,	train_time = 7.986384
TRAIN Iter 88: loss = 0.003655,	Top-1 err = 42.060000,	Top-5 err = 23.280000,	train_time = 7.983023
TRAIN Iter 89: loss = 0.003534,	Top-1 err = 35.000000,	Top-5 err = 19.280000,	train_time = 7.969272
TRAIN Iter 90: loss = 0.003678,	Top-1 err = 43.460000,	Top-5 err = 25.760000,	train_time = 7.969388
TRAIN Iter 91: loss = 0.003430,	Top-1 err = 49.080000,	Top-5 err = 29.900000,	train_time = 7.980928
TRAIN Iter 92: loss = 0.003417,	Top-1 err = 51.060000,	Top-5 err = 31.180000,	train_time = 7.957505
TRAIN Iter 93: loss = 0.003507,	Top-1 err = 51.180000,	Top-5 err = 30.880000,	train_time = 7.977992
TRAIN Iter 94: loss = 0.003559,	Top-1 err = 45.000000,	Top-5 err = 28.560000,	train_time = 7.971952
TRAIN Iter 95: loss = 0.003531,	Top-1 err = 52.560000,	Top-5 err = 33.740000,	train_time = 7.964824
TRAIN Iter 96: loss = 0.003475,	Top-1 err = 53.080000,	Top-5 err = 32.880000,	train_time = 7.970249
TRAIN Iter 97: loss = 0.003441,	Top-1 err = 50.140000,	Top-5 err = 31.260000,	train_time = 7.966648
TRAIN Iter 98: loss = 0.003422,	Top-1 err = 31.420000,	Top-5 err = 16.500000,	train_time = 7.983822
TRAIN Iter 99: loss = 0.003321,	Top-1 err = 48.860000,	Top-5 err = 29.020000,	train_time = 7.975392
TRAIN Iter 100: loss = 0.003374,	Top-1 err = 44.020000,	Top-5 err = 25.480000,	train_time = 7.975052
TRAIN Iter 101: loss = 0.003382,	Top-1 err = 43.500000,	Top-5 err = 25.340000,	train_time = 7.969947
TRAIN Iter 102: loss = 0.003343,	Top-1 err = 53.600000,	Top-5 err = 33.220000,	train_time = 7.961313
TRAIN Iter 103: loss = 0.003340,	Top-1 err = 52.360000,	Top-5 err = 30.440000,	train_time = 7.970565
TRAIN Iter 104: loss = 0.003281,	Top-1 err = 49.340000,	Top-5 err = 29.780000,	train_time = 7.946109
TRAIN Iter 105: loss = 0.003208,	Top-1 err = 48.340000,	Top-5 err = 27.500000,	train_time = 7.949083
TRAIN Iter 106: loss = 0.003172,	Top-1 err = 46.560000,	Top-5 err = 26.280000,	train_time = 7.969449
TRAIN Iter 107: loss = 0.003246,	Top-1 err = 57.080000,	Top-5 err = 37.320000,	train_time = 7.973365
TRAIN Iter 108: loss = 0.003218,	Top-1 err = 54.880000,	Top-5 err = 35.120000,	train_time = 7.979855
TRAIN Iter 109: loss = 0.003324,	Top-1 err = 47.300000,	Top-5 err = 27.600000,	train_time = 7.972059
TRAIN Iter 110: loss = 0.003222,	Top-1 err = 49.800000,	Top-5 err = 31.660000,	train_time = 7.952765
TRAIN Iter 111: loss = 0.003329,	Top-1 err = 51.720000,	Top-5 err = 32.700000,	train_time = 7.980888
TRAIN Iter 112: loss = 0.003197,	Top-1 err = 47.340000,	Top-5 err = 28.700000,	train_time = 7.968699
TRAIN Iter 113: loss = 0.003195,	Top-1 err = 45.660000,	Top-5 err = 29.680000,	train_time = 7.973649
TRAIN Iter 114: loss = 0.003216,	Top-1 err = 40.440000,	Top-5 err = 24.280000,	train_time = 7.965538
TRAIN Iter 115: loss = 0.003260,	Top-1 err = 45.740000,	Top-5 err = 30.240000,	train_time = 7.971350
TRAIN Iter 116: loss = 0.003200,	Top-1 err = 56.480000,	Top-5 err = 36.500000,	train_time = 7.966514
TRAIN Iter 117: loss = 0.003210,	Top-1 err = 38.620000,	Top-5 err = 22.800000,	train_time = 7.967282
TRAIN Iter 118: loss = 0.003243,	Top-1 err = 53.720000,	Top-5 err = 35.240000,	train_time = 7.966744
TRAIN Iter 119: loss = 0.003217,	Top-1 err = 52.600000,	Top-5 err = 33.880000,	train_time = 7.972032
TRAIN Iter 120: loss = 0.003266,	Top-1 err = 51.880000,	Top-5 err = 32.780000,	train_time = 7.961485
TRAIN Iter 121: loss = 0.003096,	Top-1 err = 53.160000,	Top-5 err = 35.780000,	train_time = 7.968163
TRAIN Iter 122: loss = 0.003032,	Top-1 err = 50.560000,	Top-5 err = 31.520000,	train_time = 7.964443
TRAIN Iter 123: loss = 0.003106,	Top-1 err = 51.840000,	Top-5 err = 33.620000,	train_time = 7.951492
TRAIN Iter 124: loss = 0.003188,	Top-1 err = 50.900000,	Top-5 err = 30.460000,	train_time = 7.947903
TRAIN Iter 125: loss = 0.003088,	Top-1 err = 44.420000,	Top-5 err = 26.660000,	train_time = 7.954448
TRAIN Iter 126: loss = 0.002986,	Top-1 err = 42.820000,	Top-5 err = 27.540000,	train_time = 7.953774
TRAIN Iter 127: loss = 0.003083,	Top-1 err = 61.700000,	Top-5 err = 42.960000,	train_time = 7.980602
TRAIN Iter 128: loss = 0.003118,	Top-1 err = 54.360000,	Top-5 err = 34.760000,	train_time = 7.973897
TRAIN Iter 129: loss = 0.002987,	Top-1 err = 43.280000,	Top-5 err = 23.400000,	train_time = 7.967356
TRAIN Iter 130: loss = 0.002969,	Top-1 err = 51.220000,	Top-5 err = 33.560000,	train_time = 7.984828
TRAIN Iter 131: loss = 0.003042,	Top-1 err = 53.940000,	Top-5 err = 37.140000,	train_time = 7.973583
TRAIN Iter 132: loss = 0.002995,	Top-1 err = 51.840000,	Top-5 err = 32.300000,	train_time = 7.957629
TRAIN Iter 133: loss = 0.002945,	Top-1 err = 34.060000,	Top-5 err = 17.800000,	train_time = 7.959800
TRAIN Iter 134: loss = 0.003010,	Top-1 err = 53.800000,	Top-5 err = 35.080000,	train_time = 7.987955
TRAIN Iter 135: loss = 0.003026,	Top-1 err = 55.360000,	Top-5 err = 36.340000,	train_time = 7.968970
TRAIN Iter 136: loss = 0.002937,	Top-1 err = 46.240000,	Top-5 err = 30.460000,	train_time = 7.980470
TRAIN Iter 137: loss = 0.002937,	Top-1 err = 41.700000,	Top-5 err = 25.960000,	train_time = 7.969541
TRAIN Iter 138: loss = 0.002943,	Top-1 err = 47.000000,	Top-5 err = 28.280000,	train_time = 7.969129
TRAIN Iter 139: loss = 0.002948,	Top-1 err = 43.320000,	Top-5 err = 26.360000,	train_time = 7.967969
TRAIN Iter 140: loss = 0.003029,	Top-1 err = 47.720000,	Top-5 err = 28.540000,	train_time = 7.970876
TRAIN Iter 141: loss = 0.002912,	Top-1 err = 53.100000,	Top-5 err = 34.180000,	train_time = 7.972682
TRAIN Iter 142: loss = 0.002909,	Top-1 err = 45.580000,	Top-5 err = 30.360000,	train_time = 7.962883
TRAIN Iter 143: loss = 0.002989,	Top-1 err = 46.180000,	Top-5 err = 28.840000,	train_time = 7.971004
TRAIN Iter 144: loss = 0.002882,	Top-1 err = 46.040000,	Top-5 err = 28.500000,	train_time = 7.948714
TRAIN Iter 145: loss = 0.002908,	Top-1 err = 47.000000,	Top-5 err = 30.460000,	train_time = 7.967140
TRAIN Iter 146: loss = 0.002925,	Top-1 err = 48.160000,	Top-5 err = 31.780000,	train_time = 7.975859
TRAIN Iter 147: loss = 0.002832,	Top-1 err = 44.980000,	Top-5 err = 25.500000,	train_time = 7.979776
TRAIN Iter 148: loss = 0.002964,	Top-1 err = 51.360000,	Top-5 err = 35.000000,	train_time = 7.946796
TRAIN Iter 149: loss = 0.002964,	Top-1 err = 49.920000,	Top-5 err = 31.820000,	train_time = 7.956312
TRAIN Iter 150: loss = 0.002894,	Top-1 err = 47.160000,	Top-5 err = 28.780000,	train_time = 7.960718
TRAIN Iter 151: loss = 0.002862,	Top-1 err = 50.760000,	Top-5 err = 31.480000,	train_time = 7.955856
TRAIN Iter 152: loss = 0.002853,	Top-1 err = 53.400000,	Top-5 err = 32.960000,	train_time = 7.965126
TRAIN Iter 153: loss = 0.002784,	Top-1 err = 41.300000,	Top-5 err = 23.340000,	train_time = 7.956877
TRAIN Iter 154: loss = 0.002918,	Top-1 err = 53.160000,	Top-5 err = 34.000000,	train_time = 7.967785
TRAIN Iter 155: loss = 0.002912,	Top-1 err = 54.920000,	Top-5 err = 36.420000,	train_time = 7.954509
TRAIN Iter 156: loss = 0.002748,	Top-1 err = 47.680000,	Top-5 err = 27.480000,	train_time = 7.968598
TRAIN Iter 157: loss = 0.002788,	Top-1 err = 56.260000,	Top-5 err = 36.760000,	train_time = 7.957878
TRAIN Iter 158: loss = 0.002785,	Top-1 err = 45.440000,	Top-5 err = 26.780000,	train_time = 7.964372
TRAIN Iter 159: loss = 0.002761,	Top-1 err = 43.500000,	Top-5 err = 26.640000,	train_time = 7.951730
TRAIN Iter 160: loss = 0.002851,	Top-1 err = 56.480000,	Top-5 err = 38.720000,	train_time = 7.974170
TRAIN Iter 161: loss = 0.002667,	Top-1 err = 41.840000,	Top-5 err = 24.920000,	train_time = 7.956440
TRAIN Iter 162: loss = 0.002765,	Top-1 err = 43.640000,	Top-5 err = 24.780000,	train_time = 7.968758
TRAIN Iter 163: loss = 0.002808,	Top-1 err = 56.720000,	Top-5 err = 36.020000,	train_time = 7.963072
TRAIN Iter 164: loss = 0.002739,	Top-1 err = 49.460000,	Top-5 err = 30.480000,	train_time = 7.953629
TRAIN Iter 165: loss = 0.002682,	Top-1 err = 47.540000,	Top-5 err = 29.920000,	train_time = 7.981940
TRAIN Iter 166: loss = 0.002755,	Top-1 err = 56.420000,	Top-5 err = 38.720000,	train_time = 7.981254
TRAIN Iter 167: loss = 0.002733,	Top-1 err = 54.040000,	Top-5 err = 34.780000,	train_time = 7.952626
TRAIN Iter 168: loss = 0.002711,	Top-1 err = 50.220000,	Top-5 err = 32.920000,	train_time = 7.959526
TRAIN Iter 169: loss = 0.002693,	Top-1 err = 37.960000,	Top-5 err = 25.120000,	train_time = 7.986222
TRAIN Iter 170: loss = 0.002817,	Top-1 err = 59.980000,	Top-5 err = 41.160000,	train_time = 7.959812
TRAIN Iter 171: loss = 0.002703,	Top-1 err = 40.800000,	Top-5 err = 24.100000,	train_time = 7.961995
TRAIN Iter 172: loss = 0.002711,	Top-1 err = 45.740000,	Top-5 err = 25.420000,	train_time = 7.977417
TRAIN Iter 173: loss = 0.002718,	Top-1 err = 50.180000,	Top-5 err = 31.820000,	train_time = 7.992766
TRAIN Iter 174: loss = 0.002675,	Top-1 err = 42.100000,	Top-5 err = 25.740000,	train_time = 7.967034
TRAIN Iter 175: loss = 0.002714,	Top-1 err = 55.780000,	Top-5 err = 36.160000,	train_time = 7.982878
TRAIN Iter 176: loss = 0.002756,	Top-1 err = 47.240000,	Top-5 err = 28.760000,	train_time = 7.978732
TRAIN Iter 177: loss = 0.002605,	Top-1 err = 35.280000,	Top-5 err = 20.120000,	train_time = 7.969378
TRAIN Iter 178: loss = 0.002674,	Top-1 err = 53.540000,	Top-5 err = 34.820000,	train_time = 7.973313
TRAIN Iter 179: loss = 0.002701,	Top-1 err = 44.040000,	Top-5 err = 27.200000,	train_time = 7.978644
TRAIN Iter 180: loss = 0.002609,	Top-1 err = 47.280000,	Top-5 err = 27.340000,	train_time = 7.982704
TRAIN Iter 181: loss = 0.002699,	Top-1 err = 47.580000,	Top-5 err = 27.880000,	train_time = 7.975873
TRAIN Iter 182: loss = 0.002644,	Top-1 err = 47.400000,	Top-5 err = 28.800000,	train_time = 7.969153
TRAIN Iter 183: loss = 0.002622,	Top-1 err = 48.640000,	Top-5 err = 30.780000,	train_time = 7.977403
TRAIN Iter 184: loss = 0.002588,	Top-1 err = 44.500000,	Top-5 err = 26.620000,	train_time = 7.973653
TRAIN Iter 185: loss = 0.002619,	Top-1 err = 41.080000,	Top-5 err = 23.880000,	train_time = 7.950628
TRAIN Iter 186: loss = 0.002632,	Top-1 err = 52.200000,	Top-5 err = 32.660000,	train_time = 7.951499
TRAIN Iter 187: loss = 0.002590,	Top-1 err = 51.020000,	Top-5 err = 32.760000,	train_time = 7.954331
TRAIN Iter 188: loss = 0.002686,	Top-1 err = 60.960000,	Top-5 err = 39.800000,	train_time = 7.970187
TRAIN Iter 189: loss = 0.002672,	Top-1 err = 51.220000,	Top-5 err = 30.760000,	train_time = 7.962756
TRAIN Iter 190: loss = 0.002557,	Top-1 err = 48.800000,	Top-5 err = 32.420000,	train_time = 7.973055
TRAIN Iter 191: loss = 0.002607,	Top-1 err = 50.120000,	Top-5 err = 29.680000,	train_time = 7.978025
TRAIN Iter 192: loss = 0.002665,	Top-1 err = 45.040000,	Top-5 err = 25.600000,	train_time = 7.976911
TRAIN Iter 193: loss = 0.002594,	Top-1 err = 51.320000,	Top-5 err = 31.740000,	train_time = 7.971685
TRAIN Iter 194: loss = 0.002610,	Top-1 err = 46.720000,	Top-5 err = 28.080000,	train_time = 7.970831
TRAIN Iter 195: loss = 0.002599,	Top-1 err = 46.300000,	Top-5 err = 30.460000,	train_time = 7.969190
TRAIN Iter 196: loss = 0.002659,	Top-1 err = 53.180000,	Top-5 err = 35.160000,	train_time = 7.965237
TRAIN Iter 197: loss = 0.002624,	Top-1 err = 57.300000,	Top-5 err = 37.460000,	train_time = 7.985180
TRAIN Iter 198: loss = 0.002582,	Top-1 err = 48.220000,	Top-5 err = 30.880000,	train_time = 7.964881
TRAIN Iter 199: loss = 0.002603,	Top-1 err = 48.020000,	Top-5 err = 30.520000,	train_time = 7.963196
TRAIN Iter 200: loss = 0.002478,	Top-1 err = 41.420000,	Top-5 err = 23.920000,	train_time = 7.968546
TRAIN Iter 201: loss = 0.002505,	Top-1 err = 38.460000,	Top-5 err = 21.440000,	train_time = 7.972878
TRAIN Iter 202: loss = 0.002549,	Top-1 err = 49.300000,	Top-5 err = 30.340000,	train_time = 7.966113
TRAIN Iter 203: loss = 0.002523,	Top-1 err = 47.280000,	Top-5 err = 28.140000,	train_time = 7.972972
TRAIN Iter 204: loss = 0.002570,	Top-1 err = 49.880000,	Top-5 err = 31.160000,	train_time = 7.977139
TRAIN Iter 205: loss = 0.002456,	Top-1 err = 43.580000,	Top-5 err = 27.320000,	train_time = 7.969673
TRAIN Iter 206: loss = 0.002558,	Top-1 err = 47.480000,	Top-5 err = 29.820000,	train_time = 7.980173
TRAIN Iter 207: loss = 0.002512,	Top-1 err = 39.980000,	Top-5 err = 23.000000,	train_time = 7.982757
TRAIN Iter 208: loss = 0.002520,	Top-1 err = 49.780000,	Top-5 err = 31.360000,	train_time = 7.991439
TRAIN Iter 209: loss = 0.002536,	Top-1 err = 45.260000,	Top-5 err = 28.420000,	train_time = 7.977041
TRAIN Iter 210: loss = 0.002528,	Top-1 err = 53.380000,	Top-5 err = 34.920000,	train_time = 7.960277
TRAIN Iter 211: loss = 0.002532,	Top-1 err = 50.020000,	Top-5 err = 31.100000,	train_time = 7.977535
TRAIN Iter 212: loss = 0.002564,	Top-1 err = 56.200000,	Top-5 err = 38.060000,	train_time = 7.964571
TRAIN Iter 213: loss = 0.002548,	Top-1 err = 50.380000,	Top-5 err = 31.940000,	train_time = 7.974995
TRAIN Iter 214: loss = 0.002528,	Top-1 err = 42.660000,	Top-5 err = 23.860000,	train_time = 7.974375
TRAIN Iter 215: loss = 0.002527,	Top-1 err = 51.420000,	Top-5 err = 31.480000,	train_time = 7.970134
TRAIN Iter 216: loss = 0.002543,	Top-1 err = 55.240000,	Top-5 err = 37.240000,	train_time = 7.959729
TRAIN Iter 217: loss = 0.002493,	Top-1 err = 52.940000,	Top-5 err = 34.040000,	train_time = 7.962884
TRAIN Iter 218: loss = 0.002483,	Top-1 err = 47.640000,	Top-5 err = 28.860000,	train_time = 7.961903
TRAIN Iter 219: loss = 0.002474,	Top-1 err = 49.540000,	Top-5 err = 30.020000,	train_time = 7.947576
TRAIN Iter 220: loss = 0.002486,	Top-1 err = 41.140000,	Top-5 err = 23.720000,	train_time = 7.982131
TRAIN Iter 221: loss = 0.002525,	Top-1 err = 48.740000,	Top-5 err = 29.680000,	train_time = 7.956913
TRAIN Iter 222: loss = 0.002552,	Top-1 err = 53.020000,	Top-5 err = 36.040000,	train_time = 7.966647
TRAIN Iter 223: loss = 0.002435,	Top-1 err = 52.060000,	Top-5 err = 32.720000,	train_time = 7.974797
TRAIN Iter 224: loss = 0.002449,	Top-1 err = 46.060000,	Top-5 err = 28.640000,	train_time = 7.969312
TRAIN Iter 225: loss = 0.002459,	Top-1 err = 45.840000,	Top-5 err = 27.580000,	train_time = 7.954386
TRAIN Iter 226: loss = 0.002448,	Top-1 err = 41.200000,	Top-5 err = 25.060000,	train_time = 7.969712
TRAIN Iter 227: loss = 0.002450,	Top-1 err = 43.560000,	Top-5 err = 26.040000,	train_time = 7.962876
TRAIN Iter 228: loss = 0.002456,	Top-1 err = 52.100000,	Top-5 err = 34.320000,	train_time = 7.959944
TRAIN Iter 229: loss = 0.002360,	Top-1 err = 35.420000,	Top-5 err = 21.300000,	train_time = 7.982931
TRAIN Iter 230: loss = 0.002417,	Top-1 err = 40.700000,	Top-5 err = 23.300000,	train_time = 7.976025
TRAIN Iter 231: loss = 0.002426,	Top-1 err = 46.460000,	Top-5 err = 29.660000,	train_time = 7.976165
TRAIN Iter 232: loss = 0.002471,	Top-1 err = 53.900000,	Top-5 err = 34.620000,	train_time = 7.966448
TRAIN Iter 233: loss = 0.002407,	Top-1 err = 58.640000,	Top-5 err = 42.400000,	train_time = 7.969535
TRAIN Iter 234: loss = 0.002449,	Top-1 err = 43.240000,	Top-5 err = 26.680000,	train_time = 7.951992
TRAIN Iter 235: loss = 0.002437,	Top-1 err = 42.800000,	Top-5 err = 25.160000,	train_time = 7.963717
TRAIN Iter 236: loss = 0.002462,	Top-1 err = 58.760000,	Top-5 err = 38.400000,	train_time = 7.979519
TRAIN Iter 237: loss = 0.002398,	Top-1 err = 49.200000,	Top-5 err = 32.020000,	train_time = 7.949837
TRAIN Iter 238: loss = 0.002379,	Top-1 err = 52.700000,	Top-5 err = 35.580000,	train_time = 7.981324
TRAIN Iter 239: loss = 0.002420,	Top-1 err = 46.140000,	Top-5 err = 28.260000,	train_time = 7.964666
TRAIN Iter 240: loss = 0.002411,	Top-1 err = 49.860000,	Top-5 err = 30.520000,	train_time = 7.969336
TRAIN Iter 241: loss = 0.002379,	Top-1 err = 48.420000,	Top-5 err = 31.340000,	train_time = 7.970209
TRAIN Iter 242: loss = 0.002449,	Top-1 err = 45.960000,	Top-5 err = 28.820000,	train_time = 7.969575
TRAIN Iter 243: loss = 0.002431,	Top-1 err = 46.820000,	Top-5 err = 28.500000,	train_time = 7.965274
TRAIN Iter 244: loss = 0.002405,	Top-1 err = 51.960000,	Top-5 err = 34.560000,	train_time = 7.949884
TRAIN Iter 245: loss = 0.002424,	Top-1 err = 46.580000,	Top-5 err = 27.780000,	train_time = 7.955595
TRAIN Iter 246: loss = 0.002266,	Top-1 err = 41.060000,	Top-5 err = 23.780000,	train_time = 7.962271
TRAIN Iter 247: loss = 0.002349,	Top-1 err = 47.160000,	Top-5 err = 29.220000,	train_time = 7.950996
TRAIN Iter 248: loss = 0.002372,	Top-1 err = 45.040000,	Top-5 err = 26.660000,	train_time = 7.966139
TRAIN Iter 249: loss = 0.002379,	Top-1 err = 57.060000,	Top-5 err = 37.560000,	train_time = 7.963390
TEST:
Iter 249: loss = 1.515688,	Top-1 err = 37.710000,	Top-5 err = 12.140000,	val_time = 3.263596
TRAIN Iter 250: loss = 0.002386,	Top-1 err = 48.520000,	Top-5 err = 30.580000,	train_time = 7.964234
TRAIN Iter 251: loss = 0.002391,	Top-1 err = 57.260000,	Top-5 err = 37.500000,	train_time = 7.965095
TRAIN Iter 252: loss = 0.002364,	Top-1 err = 56.280000,	Top-5 err = 40.860000,	train_time = 7.970076
TRAIN Iter 253: loss = 0.002337,	Top-1 err = 42.180000,	Top-5 err = 24.500000,	train_time = 7.955974
TRAIN Iter 254: loss = 0.002322,	Top-1 err = 48.240000,	Top-5 err = 33.440000,	train_time = 7.971230
TRAIN Iter 255: loss = 0.002362,	Top-1 err = 50.280000,	Top-5 err = 34.620000,	train_time = 7.978919
TRAIN Iter 256: loss = 0.002342,	Top-1 err = 46.120000,	Top-5 err = 28.820000,	train_time = 7.965649
TRAIN Iter 257: loss = 0.002314,	Top-1 err = 44.880000,	Top-5 err = 28.800000,	train_time = 7.954597
TRAIN Iter 258: loss = 0.002310,	Top-1 err = 42.300000,	Top-5 err = 25.600000,	train_time = 7.960143
TRAIN Iter 259: loss = 0.002272,	Top-1 err = 47.180000,	Top-5 err = 29.800000,	train_time = 7.954746
TEST:
Iter 259: loss = 1.492231,	Top-1 err = 37.520000,	Top-5 err = 12.210000,	val_time = 3.250537
TRAIN Iter 260: loss = 0.002392,	Top-1 err = 53.000000,	Top-5 err = 33.980000,	train_time = 7.983484
TRAIN Iter 261: loss = 0.002355,	Top-1 err = 50.380000,	Top-5 err = 30.100000,	train_time = 7.973862
TRAIN Iter 262: loss = 0.002322,	Top-1 err = 46.120000,	Top-5 err = 29.180000,	train_time = 7.958841
TRAIN Iter 263: loss = 0.002384,	Top-1 err = 59.740000,	Top-5 err = 39.260000,	train_time = 7.965921
TRAIN Iter 264: loss = 0.002295,	Top-1 err = 51.980000,	Top-5 err = 34.140000,	train_time = 7.961110
TRAIN Iter 265: loss = 0.002309,	Top-1 err = 47.320000,	Top-5 err = 28.940000,	train_time = 7.964577
TRAIN Iter 266: loss = 0.002282,	Top-1 err = 54.400000,	Top-5 err = 37.060000,	train_time = 7.969638
TRAIN Iter 267: loss = 0.002281,	Top-1 err = 48.980000,	Top-5 err = 31.260000,	train_time = 7.966273
TRAIN Iter 268: loss = 0.002299,	Top-1 err = 47.960000,	Top-5 err = 29.080000,	train_time = 7.964627
TRAIN Iter 269: loss = 0.002254,	Top-1 err = 50.100000,	Top-5 err = 33.960000,	train_time = 7.977773
TEST:
Iter 269: loss = 1.522131,	Top-1 err = 37.730000,	Top-5 err = 12.130000,	val_time = 3.267661
TRAIN Iter 270: loss = 0.002312,	Top-1 err = 50.520000,	Top-5 err = 32.960000,	train_time = 7.957765
TRAIN Iter 271: loss = 0.002338,	Top-1 err = 46.580000,	Top-5 err = 28.220000,	train_time = 7.961985
TRAIN Iter 272: loss = 0.002304,	Top-1 err = 51.900000,	Top-5 err = 33.100000,	train_time = 7.978272
TRAIN Iter 273: loss = 0.002282,	Top-1 err = 46.340000,	Top-5 err = 28.920000,	train_time = 7.961715
TRAIN Iter 274: loss = 0.002253,	Top-1 err = 42.500000,	Top-5 err = 25.440000,	train_time = 7.964487
TRAIN Iter 275: loss = 0.002217,	Top-1 err = 39.060000,	Top-5 err = 23.040000,	train_time = 7.989064
TRAIN Iter 276: loss = 0.002349,	Top-1 err = 60.240000,	Top-5 err = 41.640000,	train_time = 7.993408
TRAIN Iter 277: loss = 0.002279,	Top-1 err = 45.820000,	Top-5 err = 27.920000,	train_time = 7.966361
TRAIN Iter 278: loss = 0.002181,	Top-1 err = 42.120000,	Top-5 err = 24.840000,	train_time = 7.975821
TRAIN Iter 279: loss = 0.002132,	Top-1 err = 40.840000,	Top-5 err = 26.560000,	train_time = 7.985994
TEST:
Iter 279: loss = 1.471847,	Top-1 err = 36.700000,	Top-5 err = 11.440000,	val_time = 3.237160
TRAIN Iter 280: loss = 0.002225,	Top-1 err = 43.860000,	Top-5 err = 29.580000,	train_time = 7.975505
TRAIN Iter 281: loss = 0.002247,	Top-1 err = 44.920000,	Top-5 err = 26.460000,	train_time = 7.962490
TRAIN Iter 282: loss = 0.002273,	Top-1 err = 50.160000,	Top-5 err = 32.740000,	train_time = 7.957315
TRAIN Iter 283: loss = 0.002291,	Top-1 err = 56.440000,	Top-5 err = 36.400000,	train_time = 7.965183
TRAIN Iter 284: loss = 0.002154,	Top-1 err = 39.060000,	Top-5 err = 22.100000,	train_time = 7.962967
TRAIN Iter 285: loss = 0.002253,	Top-1 err = 40.520000,	Top-5 err = 20.080000,	train_time = 7.967822
TRAIN Iter 286: loss = 0.002135,	Top-1 err = 35.360000,	Top-5 err = 19.080000,	train_time = 7.984505
TRAIN Iter 287: loss = 0.002228,	Top-1 err = 50.080000,	Top-5 err = 31.860000,	train_time = 7.981098
TRAIN Iter 288: loss = 0.002183,	Top-1 err = 42.500000,	Top-5 err = 27.560000,	train_time = 7.959365
TRAIN Iter 289: loss = 0.002240,	Top-1 err = 49.900000,	Top-5 err = 33.960000,	train_time = 7.979349
TEST:
Iter 289: loss = 1.461614,	Top-1 err = 36.460000,	Top-5 err = 11.570000,	val_time = 3.267184
TRAIN Iter 290: loss = 0.002230,	Top-1 err = 46.240000,	Top-5 err = 28.660000,	train_time = 7.962959
TRAIN Iter 291: loss = 0.002213,	Top-1 err = 37.420000,	Top-5 err = 23.120000,	train_time = 7.967629
TRAIN Iter 292: loss = 0.002203,	Top-1 err = 42.080000,	Top-5 err = 24.080000,	train_time = 7.957319
TRAIN Iter 293: loss = 0.002232,	Top-1 err = 50.760000,	Top-5 err = 34.780000,	train_time = 7.970793
TRAIN Iter 294: loss = 0.002255,	Top-1 err = 56.880000,	Top-5 err = 36.860000,	train_time = 7.967300
TRAIN Iter 295: loss = 0.002180,	Top-1 err = 45.280000,	Top-5 err = 27.680000,	train_time = 7.966731
TRAIN Iter 296: loss = 0.002169,	Top-1 err = 38.540000,	Top-5 err = 23.060000,	train_time = 7.976089
TRAIN Iter 297: loss = 0.002161,	Top-1 err = 46.680000,	Top-5 err = 30.160000,	train_time = 7.965109
TRAIN Iter 298: loss = 0.002235,	Top-1 err = 55.580000,	Top-5 err = 38.720000,	train_time = 7.977358
TRAIN Iter 299: loss = 0.002217,	Top-1 err = 50.380000,	Top-5 err = 32.200000,	train_time = 7.964635
TEST:
Iter 299: loss = 1.495432,	Top-1 err = 37.260000,	Top-5 err = 12.010000,	val_time = 3.266304
Train Finish! Best accuracy is 63.54@289
