/home/dvspanos/miniconda3/envs/rded/lib/python3.10/site-packages/torchvision/models/_utils.py:208: UserWarning: The parameter 'pretrained' is deprecated since 0.13 and may be removed in the future, please use 'weights' instead.
  warnings.warn(
/home/dvspanos/miniconda3/envs/rded/lib/python3.10/site-packages/torchvision/models/_utils.py:223: UserWarning: Arguments other than a weight enum or `None` for 'weights' are deprecated since 0.13 and may be removed in the future. The current behavior is equivalent to passing `weights=None`.
  warnings.warn(msg)
=> using pytorch pre-trained teacher model 'resnet18_modified'
process data from /home/dvspanos/nikos/ca2d/artifacts/rded_sets/bench_tin_rn18_el2nw0_ipc10
load data successfully
TRAIN Iter 0: loss = 0.012058,	Top-1 err = 99.150000,	Top-5 err = 96.550000,	train_time = 4.424972
TRAIN Iter 1: loss = 0.010274,	Top-1 err = 99.250000,	Top-5 err = 95.250000,	train_time = 2.843502
TRAIN Iter 2: loss = 0.010909,	Top-1 err = 98.500000,	Top-5 err = 93.400000,	train_time = 2.870577
TRAIN Iter 3: loss = 0.009584,	Top-1 err = 98.450000,	Top-5 err = 93.900000,	train_time = 2.851889
TRAIN Iter 4: loss = 0.010142,	Top-1 err = 98.400000,	Top-5 err = 92.550000,	train_time = 3.068430
TRAIN Iter 5: loss = 0.009172,	Top-1 err = 98.000000,	Top-5 err = 91.600000,	train_time = 2.911619
TRAIN Iter 6: loss = 0.009497,	Top-1 err = 97.800000,	Top-5 err = 91.650000,	train_time = 2.890053
TRAIN Iter 7: loss = 0.009170,	Top-1 err = 97.900000,	Top-5 err = 90.250000,	train_time = 2.926312
TRAIN Iter 8: loss = 0.008903,	Top-1 err = 98.000000,	Top-5 err = 89.950000,	train_time = 2.917732
TRAIN Iter 9: loss = 0.009372,	Top-1 err = 98.200000,	Top-5 err = 89.900000,	train_time = 2.935878
TRAIN Iter 10: loss = 0.008784,	Top-1 err = 97.900000,	Top-5 err = 90.250000,	train_time = 3.026052
TRAIN Iter 11: loss = 0.009262,	Top-1 err = 97.800000,	Top-5 err = 89.200000,	train_time = 3.043881
TRAIN Iter 12: loss = 0.009233,	Top-1 err = 97.350000,	Top-5 err = 89.750000,	train_time = 2.996533
TRAIN Iter 13: loss = 0.008327,	Top-1 err = 97.850000,	Top-5 err = 91.100000,	train_time = 2.988099
TRAIN Iter 14: loss = 0.008452,	Top-1 err = 97.700000,	Top-5 err = 88.950000,	train_time = 3.004869
TRAIN Iter 15: loss = 0.007927,	Top-1 err = 98.150000,	Top-5 err = 89.700000,	train_time = 3.066475
TRAIN Iter 16: loss = 0.008002,	Top-1 err = 97.800000,	Top-5 err = 89.300000,	train_time = 3.012316
TRAIN Iter 17: loss = 0.008127,	Top-1 err = 97.550000,	Top-5 err = 87.900000,	train_time = 3.013850
TRAIN Iter 18: loss = 0.008452,	Top-1 err = 98.250000,	Top-5 err = 88.400000,	train_time = 3.033970
TRAIN Iter 19: loss = 0.007808,	Top-1 err = 97.250000,	Top-5 err = 87.750000,	train_time = 3.125733
TRAIN Iter 20: loss = 0.008155,	Top-1 err = 97.900000,	Top-5 err = 89.100000,	train_time = 3.254587
TRAIN Iter 21: loss = 0.007909,	Top-1 err = 97.850000,	Top-5 err = 88.000000,	train_time = 3.119084
TRAIN Iter 22: loss = 0.007590,	Top-1 err = 97.000000,	Top-5 err = 87.100000,	train_time = 2.995077
TRAIN Iter 23: loss = 0.007714,	Top-1 err = 96.650000,	Top-5 err = 84.750000,	train_time = 3.056774
TRAIN Iter 24: loss = 0.007669,	Top-1 err = 96.750000,	Top-5 err = 85.550000,	train_time = 3.243494
TRAIN Iter 25: loss = 0.007777,	Top-1 err = 96.050000,	Top-5 err = 84.200000,	train_time = 3.010496
TRAIN Iter 26: loss = 0.007604,	Top-1 err = 96.750000,	Top-5 err = 83.750000,	train_time = 3.025653
TRAIN Iter 27: loss = 0.007602,	Top-1 err = 95.950000,	Top-5 err = 85.100000,	train_time = 3.075620
TRAIN Iter 28: loss = 0.007133,	Top-1 err = 96.600000,	Top-5 err = 84.850000,	train_time = 3.102909
TRAIN Iter 29: loss = 0.007392,	Top-1 err = 96.700000,	Top-5 err = 83.550000,	train_time = 3.075130
TRAIN Iter 30: loss = 0.007222,	Top-1 err = 96.950000,	Top-5 err = 85.250000,	train_time = 3.044824
TRAIN Iter 31: loss = 0.007533,	Top-1 err = 96.700000,	Top-5 err = 84.300000,	train_time = 3.354416
TRAIN Iter 32: loss = 0.007105,	Top-1 err = 96.000000,	Top-5 err = 82.550000,	train_time = 3.264180
TRAIN Iter 33: loss = 0.007294,	Top-1 err = 96.100000,	Top-5 err = 79.250000,	train_time = 3.122249
TRAIN Iter 34: loss = 0.007127,	Top-1 err = 95.700000,	Top-5 err = 82.050000,	train_time = 3.042476
TRAIN Iter 35: loss = 0.007302,	Top-1 err = 96.850000,	Top-5 err = 81.700000,	train_time = 3.423086
TRAIN Iter 36: loss = 0.006568,	Top-1 err = 95.900000,	Top-5 err = 82.700000,	train_time = 3.276304
TRAIN Iter 37: loss = 0.006901,	Top-1 err = 95.750000,	Top-5 err = 80.900000,	train_time = 3.144299
TRAIN Iter 38: loss = 0.006678,	Top-1 err = 95.750000,	Top-5 err = 80.800000,	train_time = 3.019901
TRAIN Iter 39: loss = 0.006824,	Top-1 err = 96.250000,	Top-5 err = 82.100000,	train_time = 2.967725
TRAIN Iter 40: loss = 0.006517,	Top-1 err = 96.300000,	Top-5 err = 83.350000,	train_time = 3.191996
TRAIN Iter 41: loss = 0.006714,	Top-1 err = 94.850000,	Top-5 err = 78.600000,	train_time = 3.119371
TRAIN Iter 42: loss = 0.006183,	Top-1 err = 95.900000,	Top-5 err = 84.050000,	train_time = 2.998977
TRAIN Iter 43: loss = 0.006605,	Top-1 err = 95.600000,	Top-5 err = 79.200000,	train_time = 3.150455
TRAIN Iter 44: loss = 0.006188,	Top-1 err = 95.650000,	Top-5 err = 80.200000,	train_time = 3.151570
TRAIN Iter 45: loss = 0.006348,	Top-1 err = 94.400000,	Top-5 err = 78.550000,	train_time = 3.072143
TRAIN Iter 46: loss = 0.006522,	Top-1 err = 95.600000,	Top-5 err = 77.150000,	train_time = 3.057634
TRAIN Iter 47: loss = 0.006613,	Top-1 err = 93.900000,	Top-5 err = 74.550000,	train_time = 3.456007
TRAIN Iter 48: loss = 0.006140,	Top-1 err = 95.350000,	Top-5 err = 78.550000,	train_time = 3.299218
TRAIN Iter 49: loss = 0.006122,	Top-1 err = 94.850000,	Top-5 err = 78.850000,	train_time = 3.146898
TRAIN Iter 50: loss = 0.006252,	Top-1 err = 94.250000,	Top-5 err = 74.500000,	train_time = 3.003317
TRAIN Iter 51: loss = 0.006104,	Top-1 err = 95.150000,	Top-5 err = 77.500000,	train_time = 3.145050
TRAIN Iter 52: loss = 0.006208,	Top-1 err = 94.150000,	Top-5 err = 76.300000,	train_time = 3.215932
TRAIN Iter 53: loss = 0.006136,	Top-1 err = 95.100000,	Top-5 err = 78.650000,	train_time = 3.065373
TRAIN Iter 54: loss = 0.005850,	Top-1 err = 94.800000,	Top-5 err = 79.400000,	train_time = 3.104428
TRAIN Iter 55: loss = 0.006316,	Top-1 err = 91.300000,	Top-5 err = 70.400000,	train_time = 3.251823
TRAIN Iter 56: loss = 0.006056,	Top-1 err = 93.900000,	Top-5 err = 77.950000,	train_time = 3.108524
TRAIN Iter 57: loss = 0.005775,	Top-1 err = 92.400000,	Top-5 err = 71.950000,	train_time = 3.184087
TRAIN Iter 58: loss = 0.006003,	Top-1 err = 92.400000,	Top-5 err = 69.900000,	train_time = 3.382797
TRAIN Iter 59: loss = 0.006021,	Top-1 err = 92.050000,	Top-5 err = 71.500000,	train_time = 3.094004
TRAIN Iter 60: loss = 0.005753,	Top-1 err = 92.550000,	Top-5 err = 73.650000,	train_time = 3.116207
TRAIN Iter 61: loss = 0.005664,	Top-1 err = 92.350000,	Top-5 err = 72.050000,	train_time = 3.144613
TRAIN Iter 62: loss = 0.005817,	Top-1 err = 91.300000,	Top-5 err = 70.150000,	train_time = 3.000063
TRAIN Iter 63: loss = 0.005776,	Top-1 err = 91.100000,	Top-5 err = 69.000000,	train_time = 3.336874
TRAIN Iter 64: loss = 0.005534,	Top-1 err = 91.500000,	Top-5 err = 71.950000,	train_time = 3.369447
TRAIN Iter 65: loss = 0.005682,	Top-1 err = 92.350000,	Top-5 err = 73.100000,	train_time = 3.091833
TRAIN Iter 66: loss = 0.005613,	Top-1 err = 91.300000,	Top-5 err = 71.300000,	train_time = 3.075695
TRAIN Iter 67: loss = 0.005582,	Top-1 err = 92.250000,	Top-5 err = 70.650000,	train_time = 3.019526
TRAIN Iter 68: loss = 0.005518,	Top-1 err = 92.350000,	Top-5 err = 72.100000,	train_time = 3.115181
TRAIN Iter 69: loss = 0.005534,	Top-1 err = 90.350000,	Top-5 err = 67.200000,	train_time = 3.084692
TRAIN Iter 70: loss = 0.005374,	Top-1 err = 89.500000,	Top-5 err = 64.550000,	train_time = 3.110882
TRAIN Iter 71: loss = 0.005481,	Top-1 err = 91.400000,	Top-5 err = 71.950000,	train_time = 3.109608
TRAIN Iter 72: loss = 0.005314,	Top-1 err = 90.150000,	Top-5 err = 69.850000,	train_time = 3.064873
TRAIN Iter 73: loss = 0.005373,	Top-1 err = 90.350000,	Top-5 err = 68.600000,	train_time = 3.106769
TRAIN Iter 74: loss = 0.005186,	Top-1 err = 89.950000,	Top-5 err = 67.150000,	train_time = 3.039657
TRAIN Iter 75: loss = 0.005326,	Top-1 err = 91.650000,	Top-5 err = 70.300000,	train_time = 3.114347
TRAIN Iter 76: loss = 0.005075,	Top-1 err = 90.900000,	Top-5 err = 67.750000,	train_time = 3.150531
TRAIN Iter 77: loss = 0.005334,	Top-1 err = 87.850000,	Top-5 err = 62.250000,	train_time = 3.213043
TRAIN Iter 78: loss = 0.005123,	Top-1 err = 87.550000,	Top-5 err = 61.550000,	train_time = 3.076846
TRAIN Iter 79: loss = 0.005295,	Top-1 err = 88.350000,	Top-5 err = 64.750000,	train_time = 3.222996
TRAIN Iter 80: loss = 0.005118,	Top-1 err = 90.700000,	Top-5 err = 71.850000,	train_time = 3.269835
TRAIN Iter 81: loss = 0.005039,	Top-1 err = 88.600000,	Top-5 err = 66.200000,	train_time = 3.135410
TRAIN Iter 82: loss = 0.005085,	Top-1 err = 87.300000,	Top-5 err = 60.950000,	train_time = 3.176774
TRAIN Iter 83: loss = 0.005020,	Top-1 err = 87.300000,	Top-5 err = 61.200000,	train_time = 3.164706
TRAIN Iter 84: loss = 0.005126,	Top-1 err = 88.250000,	Top-5 err = 64.050000,	train_time = 3.046324
TRAIN Iter 85: loss = 0.004967,	Top-1 err = 87.300000,	Top-5 err = 62.600000,	train_time = 3.120451
TRAIN Iter 86: loss = 0.004881,	Top-1 err = 89.000000,	Top-5 err = 67.400000,	train_time = 3.101304
TRAIN Iter 87: loss = 0.004993,	Top-1 err = 88.300000,	Top-5 err = 65.400000,	train_time = 2.988505
TRAIN Iter 88: loss = 0.004824,	Top-1 err = 86.200000,	Top-5 err = 60.050000,	train_time = 3.238519
TRAIN Iter 89: loss = 0.004856,	Top-1 err = 87.500000,	Top-5 err = 61.700000,	train_time = 3.095701
TRAIN Iter 90: loss = 0.004935,	Top-1 err = 88.600000,	Top-5 err = 67.750000,	train_time = 3.260547
TRAIN Iter 91: loss = 0.004840,	Top-1 err = 86.350000,	Top-5 err = 60.850000,	train_time = 3.334732
TRAIN Iter 92: loss = 0.004772,	Top-1 err = 87.700000,	Top-5 err = 65.600000,	train_time = 3.048094
TRAIN Iter 93: loss = 0.004811,	Top-1 err = 87.300000,	Top-5 err = 63.750000,	train_time = 3.273004
TRAIN Iter 94: loss = 0.004763,	Top-1 err = 85.850000,	Top-5 err = 61.100000,	train_time = 3.203174
TRAIN Iter 95: loss = 0.004666,	Top-1 err = 86.600000,	Top-5 err = 59.800000,	train_time = 3.061836
TRAIN Iter 96: loss = 0.004628,	Top-1 err = 83.400000,	Top-5 err = 56.200000,	train_time = 3.074093
TRAIN Iter 97: loss = 0.004644,	Top-1 err = 86.300000,	Top-5 err = 61.900000,	train_time = 3.127874
TRAIN Iter 98: loss = 0.004604,	Top-1 err = 84.100000,	Top-5 err = 56.350000,	train_time = 3.222846
TRAIN Iter 99: loss = 0.004491,	Top-1 err = 87.050000,	Top-5 err = 62.150000,	train_time = 3.321747
TRAIN Iter 100: loss = 0.004596,	Top-1 err = 89.450000,	Top-5 err = 68.100000,	train_time = 3.191496
TRAIN Iter 101: loss = 0.004551,	Top-1 err = 83.900000,	Top-5 err = 55.400000,	train_time = 3.054622
TRAIN Iter 102: loss = 0.004515,	Top-1 err = 86.950000,	Top-5 err = 61.750000,	train_time = 3.040003
TRAIN Iter 103: loss = 0.004571,	Top-1 err = 81.950000,	Top-5 err = 53.650000,	train_time = 3.091900
TRAIN Iter 104: loss = 0.004510,	Top-1 err = 88.150000,	Top-5 err = 67.550000,	train_time = 3.085366
TRAIN Iter 105: loss = 0.004503,	Top-1 err = 87.500000,	Top-5 err = 63.300000,	train_time = 3.020735
TRAIN Iter 106: loss = 0.004544,	Top-1 err = 87.600000,	Top-5 err = 66.650000,	train_time = 3.130541
TRAIN Iter 107: loss = 0.004390,	Top-1 err = 81.350000,	Top-5 err = 55.400000,	train_time = 3.390543
TRAIN Iter 108: loss = 0.004289,	Top-1 err = 83.750000,	Top-5 err = 57.550000,	train_time = 3.275617
TRAIN Iter 109: loss = 0.004329,	Top-1 err = 82.800000,	Top-5 err = 54.900000,	train_time = 3.106943
TRAIN Iter 110: loss = 0.004392,	Top-1 err = 79.350000,	Top-5 err = 49.150000,	train_time = 3.029660
TRAIN Iter 111: loss = 0.004234,	Top-1 err = 78.450000,	Top-5 err = 48.550000,	train_time = 3.452716
TRAIN Iter 112: loss = 0.004238,	Top-1 err = 81.450000,	Top-5 err = 54.600000,	train_time = 3.059690
TRAIN Iter 113: loss = 0.004150,	Top-1 err = 81.950000,	Top-5 err = 58.150000,	train_time = 3.386634
TRAIN Iter 114: loss = 0.004361,	Top-1 err = 80.650000,	Top-5 err = 55.100000,	train_time = 3.028658
TRAIN Iter 115: loss = 0.004135,	Top-1 err = 78.600000,	Top-5 err = 49.500000,	train_time = 3.080584
TRAIN Iter 116: loss = 0.004297,	Top-1 err = 84.150000,	Top-5 err = 59.150000,	train_time = 3.075823
TRAIN Iter 117: loss = 0.004256,	Top-1 err = 80.150000,	Top-5 err = 52.300000,	train_time = 3.116049
TRAIN Iter 118: loss = 0.004166,	Top-1 err = 82.800000,	Top-5 err = 55.500000,	train_time = 3.115716
TRAIN Iter 119: loss = 0.004154,	Top-1 err = 75.950000,	Top-5 err = 43.450000,	train_time = 3.006266
TRAIN Iter 120: loss = 0.004153,	Top-1 err = 82.950000,	Top-5 err = 57.500000,	train_time = 3.123218
TRAIN Iter 121: loss = 0.004166,	Top-1 err = 80.450000,	Top-5 err = 52.950000,	train_time = 3.097630
TRAIN Iter 122: loss = 0.004205,	Top-1 err = 81.050000,	Top-5 err = 54.950000,	train_time = 2.996865
TRAIN Iter 123: loss = 0.004044,	Top-1 err = 75.750000,	Top-5 err = 45.850000,	train_time = 3.111613
TRAIN Iter 124: loss = 0.004040,	Top-1 err = 83.300000,	Top-5 err = 58.650000,	train_time = 3.135611
TRAIN Iter 125: loss = 0.004064,	Top-1 err = 78.600000,	Top-5 err = 53.300000,	train_time = 3.240475
TRAIN Iter 126: loss = 0.003994,	Top-1 err = 80.800000,	Top-5 err = 52.400000,	train_time = 3.185319
TRAIN Iter 127: loss = 0.003925,	Top-1 err = 80.700000,	Top-5 err = 53.000000,	train_time = 3.203242
TRAIN Iter 128: loss = 0.004075,	Top-1 err = 79.100000,	Top-5 err = 52.500000,	train_time = 3.199969
TRAIN Iter 129: loss = 0.003953,	Top-1 err = 78.400000,	Top-5 err = 50.800000,	train_time = 3.202123
TRAIN Iter 130: loss = 0.003989,	Top-1 err = 82.650000,	Top-5 err = 59.700000,	train_time = 3.008986
TRAIN Iter 131: loss = 0.003984,	Top-1 err = 76.750000,	Top-5 err = 48.600000,	train_time = 3.329571
TRAIN Iter 132: loss = 0.003917,	Top-1 err = 76.250000,	Top-5 err = 46.200000,	train_time = 3.137256
TRAIN Iter 133: loss = 0.003852,	Top-1 err = 74.950000,	Top-5 err = 42.950000,	train_time = 3.100756
TRAIN Iter 134: loss = 0.003841,	Top-1 err = 79.550000,	Top-5 err = 52.700000,	train_time = 3.022947
TRAIN Iter 135: loss = 0.003851,	Top-1 err = 76.700000,	Top-5 err = 45.900000,	train_time = 3.101943
TRAIN Iter 136: loss = 0.003902,	Top-1 err = 80.750000,	Top-5 err = 54.400000,	train_time = 3.244428
TRAIN Iter 137: loss = 0.003796,	Top-1 err = 81.700000,	Top-5 err = 57.500000,	train_time = 3.098154
TRAIN Iter 138: loss = 0.003892,	Top-1 err = 78.150000,	Top-5 err = 49.800000,	train_time = 3.057191
TRAIN Iter 139: loss = 0.003915,	Top-1 err = 78.400000,	Top-5 err = 50.800000,	train_time = 3.470215
TRAIN Iter 140: loss = 0.003918,	Top-1 err = 74.150000,	Top-5 err = 42.750000,	train_time = 3.024236
TRAIN Iter 141: loss = 0.003703,	Top-1 err = 76.800000,	Top-5 err = 51.000000,	train_time = 3.064103
TRAIN Iter 142: loss = 0.003854,	Top-1 err = 78.950000,	Top-5 err = 52.300000,	train_time = 3.073259
TRAIN Iter 143: loss = 0.003783,	Top-1 err = 79.650000,	Top-5 err = 55.300000,	train_time = 3.054652
TRAIN Iter 144: loss = 0.003657,	Top-1 err = 70.700000,	Top-5 err = 41.650000,	train_time = 3.113119
TRAIN Iter 145: loss = 0.003649,	Top-1 err = 70.400000,	Top-5 err = 37.950000,	train_time = 3.205307
TRAIN Iter 146: loss = 0.003823,	Top-1 err = 74.550000,	Top-5 err = 44.800000,	train_time = 3.086043
TRAIN Iter 147: loss = 0.003649,	Top-1 err = 75.750000,	Top-5 err = 46.550000,	train_time = 3.248421
TRAIN Iter 148: loss = 0.003680,	Top-1 err = 71.400000,	Top-5 err = 42.200000,	train_time = 3.062332
TRAIN Iter 149: loss = 0.003706,	Top-1 err = 72.150000,	Top-5 err = 41.200000,	train_time = 3.281968
TRAIN Iter 150: loss = 0.003723,	Top-1 err = 75.900000,	Top-5 err = 47.200000,	train_time = 3.327549
TRAIN Iter 151: loss = 0.003752,	Top-1 err = 76.400000,	Top-5 err = 47.850000,	train_time = 3.054922
TRAIN Iter 152: loss = 0.003849,	Top-1 err = 75.250000,	Top-5 err = 51.300000,	train_time = 3.129039
TRAIN Iter 153: loss = 0.003696,	Top-1 err = 78.500000,	Top-5 err = 53.850000,	train_time = 3.062985
TRAIN Iter 154: loss = 0.003647,	Top-1 err = 78.400000,	Top-5 err = 56.800000,	train_time = 3.239560
TRAIN Iter 155: loss = 0.003707,	Top-1 err = 74.550000,	Top-5 err = 50.550000,	train_time = 3.233679
TRAIN Iter 156: loss = 0.003546,	Top-1 err = 70.550000,	Top-5 err = 39.800000,	train_time = 3.089617
TRAIN Iter 157: loss = 0.003567,	Top-1 err = 69.400000,	Top-5 err = 39.550000,	train_time = 3.037452
TRAIN Iter 158: loss = 0.003558,	Top-1 err = 75.000000,	Top-5 err = 45.850000,	train_time = 3.142424
TRAIN Iter 159: loss = 0.003523,	Top-1 err = 71.850000,	Top-5 err = 44.350000,	train_time = 3.042727
TRAIN Iter 160: loss = 0.003523,	Top-1 err = 67.550000,	Top-5 err = 36.950000,	train_time = 3.467862
TRAIN Iter 161: loss = 0.003656,	Top-1 err = 79.700000,	Top-5 err = 53.750000,	train_time = 3.138773
TRAIN Iter 162: loss = 0.003498,	Top-1 err = 70.600000,	Top-5 err = 42.750000,	train_time = 2.984819
TRAIN Iter 163: loss = 0.003481,	Top-1 err = 72.200000,	Top-5 err = 46.150000,	train_time = 3.091885
TRAIN Iter 164: loss = 0.003537,	Top-1 err = 69.000000,	Top-5 err = 37.550000,	train_time = 3.289452
TRAIN Iter 165: loss = 0.003492,	Top-1 err = 68.500000,	Top-5 err = 38.400000,	train_time = 3.160748
TRAIN Iter 166: loss = 0.003647,	Top-1 err = 76.850000,	Top-5 err = 53.500000,	train_time = 3.025905
TRAIN Iter 167: loss = 0.003496,	Top-1 err = 74.500000,	Top-5 err = 47.800000,	train_time = 3.086943
TRAIN Iter 168: loss = 0.003499,	Top-1 err = 76.950000,	Top-5 err = 54.400000,	train_time = 3.102715
TRAIN Iter 169: loss = 0.003611,	Top-1 err = 80.850000,	Top-5 err = 59.050000,	train_time = 3.041095
TRAIN Iter 170: loss = 0.003423,	Top-1 err = 73.400000,	Top-5 err = 47.000000,	train_time = 3.150618
TRAIN Iter 171: loss = 0.003451,	Top-1 err = 79.050000,	Top-5 err = 55.450000,	train_time = 3.367407
TRAIN Iter 172: loss = 0.003361,	Top-1 err = 76.500000,	Top-5 err = 51.250000,	train_time = 3.078402
TRAIN Iter 173: loss = 0.003398,	Top-1 err = 75.450000,	Top-5 err = 50.350000,	train_time = 3.014571
TRAIN Iter 174: loss = 0.003593,	Top-1 err = 83.500000,	Top-5 err = 60.050000,	train_time = 3.196155
TRAIN Iter 175: loss = 0.003402,	Top-1 err = 74.700000,	Top-5 err = 47.600000,	train_time = 3.171482
TRAIN Iter 176: loss = 0.003429,	Top-1 err = 70.600000,	Top-5 err = 40.450000,	train_time = 3.040198
TRAIN Iter 177: loss = 0.003364,	Top-1 err = 67.950000,	Top-5 err = 38.600000,	train_time = 3.025366
TRAIN Iter 178: loss = 0.003384,	Top-1 err = 73.300000,	Top-5 err = 49.000000,	train_time = 3.236137
TRAIN Iter 179: loss = 0.003418,	Top-1 err = 73.100000,	Top-5 err = 46.900000,	train_time = 3.541016
TRAIN Iter 180: loss = 0.003435,	Top-1 err = 74.250000,	Top-5 err = 48.150000,	train_time = 3.301173
TRAIN Iter 181: loss = 0.003325,	Top-1 err = 66.050000,	Top-5 err = 37.700000,	train_time = 3.139597
TRAIN Iter 182: loss = 0.003223,	Top-1 err = 64.800000,	Top-5 err = 37.950000,	train_time = 3.007348
TRAIN Iter 183: loss = 0.003353,	Top-1 err = 66.150000,	Top-5 err = 37.800000,	train_time = 3.042709
TRAIN Iter 184: loss = 0.003383,	Top-1 err = 73.400000,	Top-5 err = 47.950000,	train_time = 3.104188
TRAIN Iter 185: loss = 0.003318,	Top-1 err = 67.600000,	Top-5 err = 37.500000,	train_time = 3.121404
TRAIN Iter 186: loss = 0.003417,	Top-1 err = 79.000000,	Top-5 err = 53.850000,	train_time = 3.097719
TRAIN Iter 187: loss = 0.003338,	Top-1 err = 68.450000,	Top-5 err = 40.100000,	train_time = 3.109295
TRAIN Iter 188: loss = 0.003304,	Top-1 err = 70.700000,	Top-5 err = 40.600000,	train_time = 3.034489
TRAIN Iter 189: loss = 0.003342,	Top-1 err = 75.800000,	Top-5 err = 48.200000,	train_time = 3.502055
TRAIN Iter 190: loss = 0.003207,	Top-1 err = 70.200000,	Top-5 err = 44.500000,	train_time = 3.448919
TRAIN Iter 191: loss = 0.003288,	Top-1 err = 72.750000,	Top-5 err = 48.450000,	train_time = 3.065089
TRAIN Iter 192: loss = 0.003338,	Top-1 err = 75.300000,	Top-5 err = 52.050000,	train_time = 3.064372
TRAIN Iter 193: loss = 0.003295,	Top-1 err = 74.800000,	Top-5 err = 51.200000,	train_time = 3.253291
TRAIN Iter 194: loss = 0.003303,	Top-1 err = 72.950000,	Top-5 err = 45.700000,	train_time = 3.113883
TRAIN Iter 195: loss = 0.003253,	Top-1 err = 75.800000,	Top-5 err = 52.850000,	train_time = 3.028621
TRAIN Iter 196: loss = 0.003202,	Top-1 err = 66.450000,	Top-5 err = 36.250000,	train_time = 3.126188
TRAIN Iter 197: loss = 0.003297,	Top-1 err = 72.300000,	Top-5 err = 45.900000,	train_time = 3.185824
TRAIN Iter 198: loss = 0.003239,	Top-1 err = 68.600000,	Top-5 err = 42.600000,	train_time = 3.043602
TRAIN Iter 199: loss = 0.003199,	Top-1 err = 66.750000,	Top-5 err = 37.550000,	train_time = 3.051335
TRAIN Iter 200: loss = 0.003205,	Top-1 err = 66.350000,	Top-5 err = 34.100000,	train_time = 3.216825
TRAIN Iter 201: loss = 0.003201,	Top-1 err = 68.950000,	Top-5 err = 39.500000,	train_time = 3.203960
TRAIN Iter 202: loss = 0.003213,	Top-1 err = 72.350000,	Top-5 err = 45.850000,	train_time = 3.042099
TRAIN Iter 203: loss = 0.003232,	Top-1 err = 74.650000,	Top-5 err = 52.150000,	train_time = 3.013043
TRAIN Iter 204: loss = 0.003336,	Top-1 err = 72.450000,	Top-5 err = 44.500000,	train_time = 3.246527
TRAIN Iter 205: loss = 0.003310,	Top-1 err = 74.150000,	Top-5 err = 49.500000,	train_time = 3.295463
TRAIN Iter 206: loss = 0.003196,	Top-1 err = 74.750000,	Top-5 err = 50.150000,	train_time = 3.166600
TRAIN Iter 207: loss = 0.003191,	Top-1 err = 76.350000,	Top-5 err = 51.850000,	train_time = 3.002183
TRAIN Iter 208: loss = 0.003225,	Top-1 err = 75.100000,	Top-5 err = 49.350000,	train_time = 3.470584
TRAIN Iter 209: loss = 0.003158,	Top-1 err = 66.400000,	Top-5 err = 38.800000,	train_time = 3.327737
TRAIN Iter 210: loss = 0.003107,	Top-1 err = 63.900000,	Top-5 err = 34.800000,	train_time = 3.065065
TRAIN Iter 211: loss = 0.002879,	Top-1 err = 57.200000,	Top-5 err = 28.900000,	train_time = 3.134245
TRAIN Iter 212: loss = 0.002987,	Top-1 err = 67.000000,	Top-5 err = 41.050000,	train_time = 3.104075
TRAIN Iter 213: loss = 0.002999,	Top-1 err = 64.500000,	Top-5 err = 39.650000,	train_time = 3.129444
TRAIN Iter 214: loss = 0.003102,	Top-1 err = 63.800000,	Top-5 err = 33.100000,	train_time = 3.040972
TRAIN Iter 215: loss = 0.003052,	Top-1 err = 71.300000,	Top-5 err = 46.700000,	train_time = 3.186688
TRAIN Iter 216: loss = 0.003059,	Top-1 err = 73.350000,	Top-5 err = 47.600000,	train_time = 3.109612
TRAIN Iter 217: loss = 0.003085,	Top-1 err = 74.150000,	Top-5 err = 50.700000,	train_time = 3.138279
TRAIN Iter 218: loss = 0.003068,	Top-1 err = 63.900000,	Top-5 err = 36.150000,	train_time = 3.033044
TRAIN Iter 219: loss = 0.003064,	Top-1 err = 68.650000,	Top-5 err = 44.850000,	train_time = 3.137802
TRAIN Iter 220: loss = 0.003053,	Top-1 err = 68.100000,	Top-5 err = 43.750000,	train_time = 3.042526
TRAIN Iter 221: loss = 0.003135,	Top-1 err = 72.500000,	Top-5 err = 49.150000,	train_time = 3.513727
TRAIN Iter 222: loss = 0.003159,	Top-1 err = 68.850000,	Top-5 err = 43.250000,	train_time = 3.236990
TRAIN Iter 223: loss = 0.003109,	Top-1 err = 70.900000,	Top-5 err = 47.800000,	train_time = 3.092820
TRAIN Iter 224: loss = 0.003008,	Top-1 err = 60.900000,	Top-5 err = 30.300000,	train_time = 3.137670
TRAIN Iter 225: loss = 0.003083,	Top-1 err = 65.800000,	Top-5 err = 42.900000,	train_time = 3.121559
TRAIN Iter 226: loss = 0.003012,	Top-1 err = 66.250000,	Top-5 err = 41.200000,	train_time = 3.061108
TRAIN Iter 227: loss = 0.003149,	Top-1 err = 77.150000,	Top-5 err = 52.100000,	train_time = 3.108291
TRAIN Iter 228: loss = 0.003007,	Top-1 err = 70.100000,	Top-5 err = 44.800000,	train_time = 3.250107
TRAIN Iter 229: loss = 0.003056,	Top-1 err = 78.450000,	Top-5 err = 55.150000,	train_time = 3.069349
TRAIN Iter 230: loss = 0.003031,	Top-1 err = 71.450000,	Top-5 err = 47.200000,	train_time = 3.177906
TRAIN Iter 231: loss = 0.003074,	Top-1 err = 65.100000,	Top-5 err = 36.600000,	train_time = 3.141331
TRAIN Iter 232: loss = 0.003064,	Top-1 err = 70.650000,	Top-5 err = 48.250000,	train_time = 3.042519
TRAIN Iter 233: loss = 0.003010,	Top-1 err = 69.300000,	Top-5 err = 44.300000,	train_time = 3.159276
TRAIN Iter 234: loss = 0.003040,	Top-1 err = 71.300000,	Top-5 err = 47.450000,	train_time = 3.330406
TRAIN Iter 235: loss = 0.003006,	Top-1 err = 72.100000,	Top-5 err = 47.350000,	train_time = 3.183937
TRAIN Iter 236: loss = 0.002966,	Top-1 err = 68.650000,	Top-5 err = 46.200000,	train_time = 3.230198
TRAIN Iter 237: loss = 0.003064,	Top-1 err = 65.600000,	Top-5 err = 38.500000,	train_time = 3.266386
TRAIN Iter 238: loss = 0.002954,	Top-1 err = 69.750000,	Top-5 err = 43.450000,	train_time = 3.115438
TRAIN Iter 239: loss = 0.002957,	Top-1 err = 74.150000,	Top-5 err = 51.100000,	train_time = 3.007380
TRAIN Iter 240: loss = 0.002964,	Top-1 err = 69.550000,	Top-5 err = 43.650000,	train_time = 3.165863
TRAIN Iter 241: loss = 0.002914,	Top-1 err = 64.550000,	Top-5 err = 36.550000,	train_time = 3.235066
TRAIN Iter 242: loss = 0.002794,	Top-1 err = 59.050000,	Top-5 err = 28.700000,	train_time = 3.006250
TRAIN Iter 243: loss = 0.002953,	Top-1 err = 65.950000,	Top-5 err = 40.850000,	train_time = 3.215262
TRAIN Iter 244: loss = 0.002853,	Top-1 err = 61.400000,	Top-5 err = 32.850000,	train_time = 3.093473
TRAIN Iter 245: loss = 0.003006,	Top-1 err = 76.350000,	Top-5 err = 53.800000,	train_time = 3.464429
TRAIN Iter 246: loss = 0.002964,	Top-1 err = 68.950000,	Top-5 err = 42.100000,	train_time = 3.103127
TRAIN Iter 247: loss = 0.002960,	Top-1 err = 67.000000,	Top-5 err = 40.950000,	train_time = 3.029914
TRAIN Iter 248: loss = 0.002956,	Top-1 err = 68.900000,	Top-5 err = 41.400000,	train_time = 3.369654
TRAIN Iter 249: loss = 0.002782,	Top-1 err = 55.500000,	Top-5 err = 26.000000,	train_time = 3.083644
TEST:
Iter 249: loss = 2.825247,	Top-1 err = 66.900000,	Top-5 err = 38.390000,	val_time = 3.118554
TRAIN Iter 250: loss = 0.003004,	Top-1 err = 69.000000,	Top-5 err = 39.400000,	train_time = 3.144540
TRAIN Iter 251: loss = 0.002927,	Top-1 err = 67.200000,	Top-5 err = 41.950000,	train_time = 3.074812
TRAIN Iter 252: loss = 0.002953,	Top-1 err = 69.550000,	Top-5 err = 44.000000,	train_time = 3.087984
TRAIN Iter 253: loss = 0.002999,	Top-1 err = 69.900000,	Top-5 err = 43.300000,	train_time = 2.983830
TRAIN Iter 254: loss = 0.002992,	Top-1 err = 74.950000,	Top-5 err = 49.550000,	train_time = 4.212456
TRAIN Iter 255: loss = 0.002822,	Top-1 err = 65.150000,	Top-5 err = 42.400000,	train_time = 3.016927
TRAIN Iter 256: loss = 0.003012,	Top-1 err = 74.900000,	Top-5 err = 50.700000,	train_time = 2.990383
TRAIN Iter 257: loss = 0.002931,	Top-1 err = 68.300000,	Top-5 err = 39.050000,	train_time = 3.052088
TRAIN Iter 258: loss = 0.002813,	Top-1 err = 62.250000,	Top-5 err = 31.550000,	train_time = 3.008625
TRAIN Iter 259: loss = 0.002935,	Top-1 err = 75.900000,	Top-5 err = 52.200000,	train_time = 3.041806
TEST:
Iter 259: loss = 2.822788,	Top-1 err = 66.420000,	Top-5 err = 37.960000,	val_time = 2.954670
TRAIN Iter 260: loss = 0.002825,	Top-1 err = 64.950000,	Top-5 err = 37.900000,	train_time = 3.032632
TRAIN Iter 261: loss = 0.002843,	Top-1 err = 71.500000,	Top-5 err = 47.300000,	train_time = 3.114209
TRAIN Iter 262: loss = 0.002867,	Top-1 err = 67.200000,	Top-5 err = 42.200000,	train_time = 3.298737
TRAIN Iter 263: loss = 0.002777,	Top-1 err = 66.000000,	Top-5 err = 39.350000,	train_time = 3.028843
TRAIN Iter 264: loss = 0.002826,	Top-1 err = 70.700000,	Top-5 err = 44.300000,	train_time = 2.986047
TRAIN Iter 265: loss = 0.002939,	Top-1 err = 70.700000,	Top-5 err = 47.100000,	train_time = 3.063540
TRAIN Iter 266: loss = 0.002868,	Top-1 err = 67.950000,	Top-5 err = 43.550000,	train_time = 3.323066
TRAIN Iter 267: loss = 0.002744,	Top-1 err = 68.600000,	Top-5 err = 49.050000,	train_time = 3.163645
TRAIN Iter 268: loss = 0.002807,	Top-1 err = 62.400000,	Top-5 err = 36.950000,	train_time = 3.190424
TRAIN Iter 269: loss = 0.002808,	Top-1 err = 69.500000,	Top-5 err = 45.100000,	train_time = 3.054894
TEST:
Iter 269: loss = 2.843986,	Top-1 err = 67.070000,	Top-5 err = 38.270000,	val_time = 3.252269
TRAIN Iter 270: loss = 0.002791,	Top-1 err = 64.650000,	Top-5 err = 39.400000,	train_time = 3.272263
TRAIN Iter 271: loss = 0.002796,	Top-1 err = 68.600000,	Top-5 err = 43.300000,	train_time = 3.116089
TRAIN Iter 272: loss = 0.002662,	Top-1 err = 62.500000,	Top-5 err = 34.950000,	train_time = 3.038361
TRAIN Iter 273: loss = 0.002880,	Top-1 err = 67.950000,	Top-5 err = 41.950000,	train_time = 3.329390
TRAIN Iter 274: loss = 0.002901,	Top-1 err = 74.300000,	Top-5 err = 53.250000,	train_time = 3.064343
TRAIN Iter 275: loss = 0.002728,	Top-1 err = 60.650000,	Top-5 err = 35.300000,	train_time = 3.095983
TRAIN Iter 276: loss = 0.002761,	Top-1 err = 61.250000,	Top-5 err = 33.600000,	train_time = 3.144407
TRAIN Iter 277: loss = 0.002785,	Top-1 err = 67.100000,	Top-5 err = 42.200000,	train_time = 3.036373
TRAIN Iter 278: loss = 0.002684,	Top-1 err = 57.350000,	Top-5 err = 31.150000,	train_time = 3.054289
TRAIN Iter 279: loss = 0.002699,	Top-1 err = 63.950000,	Top-5 err = 38.600000,	train_time = 3.087783
TEST:
Iter 279: loss = 2.783565,	Top-1 err = 66.230000,	Top-5 err = 37.140000,	val_time = 2.964856
TRAIN Iter 280: loss = 0.002701,	Top-1 err = 69.200000,	Top-5 err = 44.400000,	train_time = 3.211282
TRAIN Iter 281: loss = 0.002901,	Top-1 err = 77.300000,	Top-5 err = 55.400000,	train_time = 3.463884
TRAIN Iter 282: loss = 0.002712,	Top-1 err = 60.950000,	Top-5 err = 36.900000,	train_time = 3.242941
TRAIN Iter 283: loss = 0.002770,	Top-1 err = 67.450000,	Top-5 err = 40.650000,	train_time = 3.005693
TRAIN Iter 284: loss = 0.002541,	Top-1 err = 52.250000,	Top-5 err = 25.050000,	train_time = 3.037537
TRAIN Iter 285: loss = 0.002620,	Top-1 err = 63.250000,	Top-5 err = 38.900000,	train_time = 2.997049
TRAIN Iter 286: loss = 0.002681,	Top-1 err = 63.650000,	Top-5 err = 37.300000,	train_time = 2.988036
TRAIN Iter 287: loss = 0.002671,	Top-1 err = 56.200000,	Top-5 err = 27.500000,	train_time = 3.170587
TRAIN Iter 288: loss = 0.002517,	Top-1 err = 49.500000,	Top-5 err = 24.900000,	train_time = 3.332082
TRAIN Iter 289: loss = 0.002835,	Top-1 err = 70.350000,	Top-5 err = 47.750000,	train_time = 3.140471
TEST:
Iter 289: loss = 2.736953,	Top-1 err = 64.970000,	Top-5 err = 36.120000,	val_time = 3.054260
TRAIN Iter 290: loss = 0.002662,	Top-1 err = 61.450000,	Top-5 err = 34.750000,	train_time = 3.305189
TRAIN Iter 291: loss = 0.002502,	Top-1 err = 53.200000,	Top-5 err = 26.500000,	train_time = 3.012100
TRAIN Iter 292: loss = 0.002634,	Top-1 err = 61.450000,	Top-5 err = 38.100000,	train_time = 3.226851
TRAIN Iter 293: loss = 0.002487,	Top-1 err = 51.550000,	Top-5 err = 24.000000,	train_time = 3.447100
TRAIN Iter 294: loss = 0.002627,	Top-1 err = 64.800000,	Top-5 err = 38.700000,	train_time = 3.291825
TRAIN Iter 295: loss = 0.002736,	Top-1 err = 66.900000,	Top-5 err = 43.550000,	train_time = 3.139246
TRAIN Iter 296: loss = 0.002650,	Top-1 err = 55.250000,	Top-5 err = 28.750000,	train_time = 3.001176
TRAIN Iter 297: loss = 0.002661,	Top-1 err = 60.750000,	Top-5 err = 33.600000,	train_time = 3.119810
TRAIN Iter 298: loss = 0.002771,	Top-1 err = 68.000000,	Top-5 err = 42.750000,	train_time = 3.104712
TRAIN Iter 299: loss = 0.002654,	Top-1 err = 59.350000,	Top-5 err = 31.300000,	train_time = 3.227301
TEST:
Iter 299: loss = 2.748657,	Top-1 err = 64.960000,	Top-5 err = 36.760000,	val_time = 2.970908
Train Finish! Best accuracy is 35.04@299
