/home/dvspanos/miniconda3/envs/rded/lib/python3.10/site-packages/torchvision/models/_utils.py:208: UserWarning: The parameter 'pretrained' is deprecated since 0.13 and may be removed in the future, please use 'weights' instead.
  warnings.warn(
/home/dvspanos/miniconda3/envs/rded/lib/python3.10/site-packages/torchvision/models/_utils.py:223: UserWarning: Arguments other than a weight enum or `None` for 'weights' are deprecated since 0.13 and may be removed in the future. The current behavior is equivalent to passing `weights=None`.
  warnings.warn(msg)
=> using pytorch pre-trained teacher model 'resnet18_modified'
process data from /home/dvspanos/nikos/ca2d/artifacts/rded_sets/bench_tin_rn18_cadprune_ipc10
load data successfully
TRAIN Iter 0: loss = 0.012434,	Top-1 err = 99.150000,	Top-5 err = 94.800000,	train_time = 4.462784
TRAIN Iter 1: loss = 0.011332,	Top-1 err = 97.550000,	Top-5 err = 90.100000,	train_time = 2.875381
TRAIN Iter 2: loss = 0.011517,	Top-1 err = 97.500000,	Top-5 err = 87.600000,	train_time = 2.893030
TRAIN Iter 3: loss = 0.011040,	Top-1 err = 96.300000,	Top-5 err = 84.950000,	train_time = 2.856417
TRAIN Iter 4: loss = 0.010308,	Top-1 err = 96.050000,	Top-5 err = 85.200000,	train_time = 2.883216
TRAIN Iter 5: loss = 0.010387,	Top-1 err = 94.750000,	Top-5 err = 81.150000,	train_time = 2.897978
TRAIN Iter 6: loss = 0.010018,	Top-1 err = 94.350000,	Top-5 err = 81.450000,	train_time = 2.904368
TRAIN Iter 7: loss = 0.010631,	Top-1 err = 94.150000,	Top-5 err = 78.700000,	train_time = 2.922069
TRAIN Iter 8: loss = 0.009080,	Top-1 err = 93.850000,	Top-5 err = 80.900000,	train_time = 2.949084
TRAIN Iter 9: loss = 0.009085,	Top-1 err = 94.000000,	Top-5 err = 80.200000,	train_time = 2.982347
TRAIN Iter 10: loss = 0.009664,	Top-1 err = 93.150000,	Top-5 err = 76.800000,	train_time = 2.981185
TRAIN Iter 11: loss = 0.009310,	Top-1 err = 92.800000,	Top-5 err = 78.600000,	train_time = 2.979267
TRAIN Iter 12: loss = 0.009765,	Top-1 err = 90.200000,	Top-5 err = 70.200000,	train_time = 2.965372
TRAIN Iter 13: loss = 0.009261,	Top-1 err = 91.650000,	Top-5 err = 72.100000,	train_time = 3.023742
TRAIN Iter 14: loss = 0.009182,	Top-1 err = 91.550000,	Top-5 err = 73.900000,	train_time = 3.037709
TRAIN Iter 15: loss = 0.008483,	Top-1 err = 90.500000,	Top-5 err = 74.750000,	train_time = 3.024789
TRAIN Iter 16: loss = 0.009199,	Top-1 err = 91.000000,	Top-5 err = 71.050000,	train_time = 2.975087
TRAIN Iter 17: loss = 0.008714,	Top-1 err = 90.700000,	Top-5 err = 72.450000,	train_time = 3.161024
TRAIN Iter 18: loss = 0.008638,	Top-1 err = 91.400000,	Top-5 err = 74.700000,	train_time = 3.110245
TRAIN Iter 19: loss = 0.008595,	Top-1 err = 90.300000,	Top-5 err = 72.600000,	train_time = 3.039038
TRAIN Iter 20: loss = 0.008444,	Top-1 err = 89.300000,	Top-5 err = 70.650000,	train_time = 3.015584
TRAIN Iter 21: loss = 0.008171,	Top-1 err = 90.400000,	Top-5 err = 72.400000,	train_time = 3.329688
TRAIN Iter 22: loss = 0.008518,	Top-1 err = 86.150000,	Top-5 err = 67.350000,	train_time = 3.187254
TRAIN Iter 23: loss = 0.008102,	Top-1 err = 86.250000,	Top-5 err = 64.950000,	train_time = 3.047689
TRAIN Iter 24: loss = 0.008270,	Top-1 err = 86.850000,	Top-5 err = 63.500000,	train_time = 2.984616
TRAIN Iter 25: loss = 0.008148,	Top-1 err = 86.350000,	Top-5 err = 66.200000,	train_time = 3.094663
TRAIN Iter 26: loss = 0.007487,	Top-1 err = 89.100000,	Top-5 err = 70.650000,	train_time = 3.086672
TRAIN Iter 27: loss = 0.007625,	Top-1 err = 86.450000,	Top-5 err = 65.950000,	train_time = 3.102076
TRAIN Iter 28: loss = 0.007607,	Top-1 err = 87.850000,	Top-5 err = 70.300000,	train_time = 3.089170
TRAIN Iter 29: loss = 0.007534,	Top-1 err = 85.600000,	Top-5 err = 64.300000,	train_time = 3.023700
TRAIN Iter 30: loss = 0.007677,	Top-1 err = 88.650000,	Top-5 err = 70.750000,	train_time = 3.346714
TRAIN Iter 31: loss = 0.007489,	Top-1 err = 83.850000,	Top-5 err = 60.750000,	train_time = 3.318281
TRAIN Iter 32: loss = 0.007195,	Top-1 err = 87.400000,	Top-5 err = 64.900000,	train_time = 3.055259
TRAIN Iter 33: loss = 0.007799,	Top-1 err = 81.000000,	Top-5 err = 56.350000,	train_time = 3.081072
TRAIN Iter 34: loss = 0.007546,	Top-1 err = 82.900000,	Top-5 err = 59.050000,	train_time = 3.184882
TRAIN Iter 35: loss = 0.006978,	Top-1 err = 82.400000,	Top-5 err = 61.050000,	train_time = 3.059458
TRAIN Iter 36: loss = 0.006754,	Top-1 err = 87.250000,	Top-5 err = 68.650000,	train_time = 3.070136
TRAIN Iter 37: loss = 0.007176,	Top-1 err = 83.550000,	Top-5 err = 59.200000,	train_time = 3.057994
TRAIN Iter 38: loss = 0.006843,	Top-1 err = 83.700000,	Top-5 err = 62.100000,	train_time = 3.069756
TRAIN Iter 39: loss = 0.006958,	Top-1 err = 82.900000,	Top-5 err = 62.050000,	train_time = 2.978658
TRAIN Iter 40: loss = 0.006756,	Top-1 err = 78.900000,	Top-5 err = 52.750000,	train_time = 3.368458
TRAIN Iter 41: loss = 0.007137,	Top-1 err = 74.900000,	Top-5 err = 45.850000,	train_time = 3.226118
TRAIN Iter 42: loss = 0.006809,	Top-1 err = 82.500000,	Top-5 err = 61.050000,	train_time = 3.012006
TRAIN Iter 43: loss = 0.006978,	Top-1 err = 81.250000,	Top-5 err = 59.050000,	train_time = 3.251097
TRAIN Iter 44: loss = 0.006962,	Top-1 err = 80.900000,	Top-5 err = 57.400000,	train_time = 3.192218
TRAIN Iter 45: loss = 0.006789,	Top-1 err = 81.200000,	Top-5 err = 57.900000,	train_time = 3.013466
TRAIN Iter 46: loss = 0.006924,	Top-1 err = 77.300000,	Top-5 err = 52.650000,	train_time = 2.979933
TRAIN Iter 47: loss = 0.006701,	Top-1 err = 81.400000,	Top-5 err = 59.000000,	train_time = 2.978094
TRAIN Iter 48: loss = 0.006583,	Top-1 err = 81.250000,	Top-5 err = 61.650000,	train_time = 3.209807
TRAIN Iter 49: loss = 0.006242,	Top-1 err = 84.850000,	Top-5 err = 63.200000,	train_time = 3.192301
TRAIN Iter 50: loss = 0.006633,	Top-1 err = 74.950000,	Top-5 err = 49.900000,	train_time = 3.038991
TRAIN Iter 51: loss = 0.006229,	Top-1 err = 73.600000,	Top-5 err = 47.950000,	train_time = 3.027512
TRAIN Iter 52: loss = 0.006235,	Top-1 err = 80.650000,	Top-5 err = 60.750000,	train_time = 3.182181
TRAIN Iter 53: loss = 0.006208,	Top-1 err = 80.300000,	Top-5 err = 58.250000,	train_time = 3.124194
TRAIN Iter 54: loss = 0.006387,	Top-1 err = 69.700000,	Top-5 err = 41.850000,	train_time = 3.085592
TRAIN Iter 55: loss = 0.006276,	Top-1 err = 76.250000,	Top-5 err = 55.350000,	train_time = 3.065536
TRAIN Iter 56: loss = 0.006309,	Top-1 err = 72.900000,	Top-5 err = 48.050000,	train_time = 3.180351
TRAIN Iter 57: loss = 0.006260,	Top-1 err = 72.400000,	Top-5 err = 49.900000,	train_time = 3.075125
TRAIN Iter 58: loss = 0.006057,	Top-1 err = 76.900000,	Top-5 err = 55.350000,	train_time = 3.079719
TRAIN Iter 59: loss = 0.006111,	Top-1 err = 74.300000,	Top-5 err = 51.000000,	train_time = 3.113602
TRAIN Iter 60: loss = 0.006153,	Top-1 err = 76.200000,	Top-5 err = 56.100000,	train_time = 3.157632
TRAIN Iter 61: loss = 0.005988,	Top-1 err = 67.350000,	Top-5 err = 41.550000,	train_time = 3.048597
TRAIN Iter 62: loss = 0.005879,	Top-1 err = 80.150000,	Top-5 err = 59.650000,	train_time = 3.156605
TRAIN Iter 63: loss = 0.005833,	Top-1 err = 74.400000,	Top-5 err = 51.550000,	train_time = 3.287971
TRAIN Iter 64: loss = 0.005588,	Top-1 err = 71.350000,	Top-5 err = 45.450000,	train_time = 3.293553
TRAIN Iter 65: loss = 0.005687,	Top-1 err = 68.350000,	Top-5 err = 44.150000,	train_time = 3.170934
TRAIN Iter 66: loss = 0.005757,	Top-1 err = 65.750000,	Top-5 err = 41.050000,	train_time = 3.039487
TRAIN Iter 67: loss = 0.005650,	Top-1 err = 72.950000,	Top-5 err = 49.400000,	train_time = 3.264258
TRAIN Iter 68: loss = 0.005664,	Top-1 err = 70.950000,	Top-5 err = 49.600000,	train_time = 3.202964
TRAIN Iter 69: loss = 0.005723,	Top-1 err = 61.050000,	Top-5 err = 35.050000,	train_time = 3.081553
TRAIN Iter 70: loss = 0.005557,	Top-1 err = 73.400000,	Top-5 err = 53.700000,	train_time = 3.328412
TRAIN Iter 71: loss = 0.005650,	Top-1 err = 66.800000,	Top-5 err = 40.600000,	train_time = 3.260317
TRAIN Iter 72: loss = 0.005443,	Top-1 err = 67.800000,	Top-5 err = 43.300000,	train_time = 3.122939
TRAIN Iter 73: loss = 0.005297,	Top-1 err = 71.050000,	Top-5 err = 48.450000,	train_time = 2.999068
TRAIN Iter 74: loss = 0.005370,	Top-1 err = 63.350000,	Top-5 err = 39.600000,	train_time = 3.217885
TRAIN Iter 75: loss = 0.005307,	Top-1 err = 64.250000,	Top-5 err = 40.000000,	train_time = 3.189025
TRAIN Iter 76: loss = 0.005231,	Top-1 err = 74.900000,	Top-5 err = 54.000000,	train_time = 3.051058
TRAIN Iter 77: loss = 0.005321,	Top-1 err = 68.200000,	Top-5 err = 44.900000,	train_time = 3.038194
TRAIN Iter 78: loss = 0.005323,	Top-1 err = 68.650000,	Top-5 err = 44.300000,	train_time = 3.047887
TRAIN Iter 79: loss = 0.005109,	Top-1 err = 66.500000,	Top-5 err = 44.100000,	train_time = 3.342151
TRAIN Iter 80: loss = 0.005247,	Top-1 err = 66.000000,	Top-5 err = 42.750000,	train_time = 3.192962
TRAIN Iter 81: loss = 0.005184,	Top-1 err = 72.350000,	Top-5 err = 50.600000,	train_time = 3.071331
TRAIN Iter 82: loss = 0.005140,	Top-1 err = 69.800000,	Top-5 err = 47.800000,	train_time = 3.220587
TRAIN Iter 83: loss = 0.005083,	Top-1 err = 62.950000,	Top-5 err = 39.650000,	train_time = 3.150521
TRAIN Iter 84: loss = 0.005077,	Top-1 err = 61.050000,	Top-5 err = 37.800000,	train_time = 3.013070
TRAIN Iter 85: loss = 0.004931,	Top-1 err = 62.650000,	Top-5 err = 37.900000,	train_time = 3.131495
TRAIN Iter 86: loss = 0.004975,	Top-1 err = 68.450000,	Top-5 err = 47.650000,	train_time = 3.104615
TRAIN Iter 87: loss = 0.004899,	Top-1 err = 65.450000,	Top-5 err = 43.100000,	train_time = 3.023047
TRAIN Iter 88: loss = 0.004818,	Top-1 err = 68.850000,	Top-5 err = 48.800000,	train_time = 3.099282
TRAIN Iter 89: loss = 0.004853,	Top-1 err = 62.850000,	Top-5 err = 38.000000,	train_time = 3.030257
TRAIN Iter 90: loss = 0.004941,	Top-1 err = 58.600000,	Top-5 err = 35.600000,	train_time = 3.093244
TRAIN Iter 91: loss = 0.004725,	Top-1 err = 68.250000,	Top-5 err = 44.850000,	train_time = 3.189463
TRAIN Iter 92: loss = 0.004748,	Top-1 err = 69.350000,	Top-5 err = 48.250000,	train_time = 3.037974
TRAIN Iter 93: loss = 0.004750,	Top-1 err = 66.600000,	Top-5 err = 44.300000,	train_time = 3.113827
TRAIN Iter 94: loss = 0.004770,	Top-1 err = 64.300000,	Top-5 err = 42.150000,	train_time = 3.164976
TRAIN Iter 95: loss = 0.004637,	Top-1 err = 63.900000,	Top-5 err = 41.100000,	train_time = 3.045112
TRAIN Iter 96: loss = 0.004642,	Top-1 err = 65.200000,	Top-5 err = 44.550000,	train_time = 3.133997
TRAIN Iter 97: loss = 0.004815,	Top-1 err = 59.950000,	Top-5 err = 36.250000,	train_time = 3.079603
TRAIN Iter 98: loss = 0.004831,	Top-1 err = 63.400000,	Top-5 err = 40.050000,	train_time = 3.440269
TRAIN Iter 99: loss = 0.004634,	Top-1 err = 72.700000,	Top-5 err = 51.300000,	train_time = 3.357855
TRAIN Iter 100: loss = 0.004597,	Top-1 err = 63.950000,	Top-5 err = 42.500000,	train_time = 3.088440
TRAIN Iter 101: loss = 0.004546,	Top-1 err = 60.850000,	Top-5 err = 37.300000,	train_time = 2.968331
TRAIN Iter 102: loss = 0.004631,	Top-1 err = 65.450000,	Top-5 err = 42.800000,	train_time = 3.100425
TRAIN Iter 103: loss = 0.004604,	Top-1 err = 62.550000,	Top-5 err = 42.450000,	train_time = 3.185558
TRAIN Iter 104: loss = 0.004472,	Top-1 err = 59.300000,	Top-5 err = 37.100000,	train_time = 3.063013
TRAIN Iter 105: loss = 0.004489,	Top-1 err = 59.050000,	Top-5 err = 37.800000,	train_time = 3.126110
TRAIN Iter 106: loss = 0.004642,	Top-1 err = 62.150000,	Top-5 err = 42.150000,	train_time = 3.327408
TRAIN Iter 107: loss = 0.004503,	Top-1 err = 65.050000,	Top-5 err = 43.700000,	train_time = 3.058637
TRAIN Iter 108: loss = 0.004401,	Top-1 err = 57.550000,	Top-5 err = 34.900000,	train_time = 3.102196
TRAIN Iter 109: loss = 0.004325,	Top-1 err = 55.100000,	Top-5 err = 32.600000,	train_time = 3.103900
TRAIN Iter 110: loss = 0.004300,	Top-1 err = 54.100000,	Top-5 err = 31.550000,	train_time = 3.092666
TRAIN Iter 111: loss = 0.004451,	Top-1 err = 57.500000,	Top-5 err = 34.050000,	train_time = 3.065145
TRAIN Iter 112: loss = 0.004365,	Top-1 err = 57.600000,	Top-5 err = 36.450000,	train_time = 3.058411
TRAIN Iter 113: loss = 0.004425,	Top-1 err = 62.350000,	Top-5 err = 40.700000,	train_time = 3.088390
TRAIN Iter 114: loss = 0.004261,	Top-1 err = 57.350000,	Top-5 err = 35.600000,	train_time = 3.050741
TRAIN Iter 115: loss = 0.004242,	Top-1 err = 53.200000,	Top-5 err = 30.450000,	train_time = 3.047990
TRAIN Iter 116: loss = 0.004186,	Top-1 err = 54.800000,	Top-5 err = 32.700000,	train_time = 3.165568
TRAIN Iter 117: loss = 0.004264,	Top-1 err = 63.300000,	Top-5 err = 40.800000,	train_time = 3.133980
TRAIN Iter 118: loss = 0.004308,	Top-1 err = 67.300000,	Top-5 err = 46.050000,	train_time = 3.118045
TRAIN Iter 119: loss = 0.004291,	Top-1 err = 59.150000,	Top-5 err = 39.400000,	train_time = 3.101047
TRAIN Iter 120: loss = 0.004214,	Top-1 err = 55.050000,	Top-5 err = 31.650000,	train_time = 3.110620
TRAIN Iter 121: loss = 0.004176,	Top-1 err = 57.850000,	Top-5 err = 35.000000,	train_time = 3.109066
TRAIN Iter 122: loss = 0.004143,	Top-1 err = 56.500000,	Top-5 err = 33.450000,	train_time = 3.075075
TRAIN Iter 123: loss = 0.004071,	Top-1 err = 57.300000,	Top-5 err = 37.850000,	train_time = 3.165469
TRAIN Iter 124: loss = 0.004137,	Top-1 err = 58.800000,	Top-5 err = 37.250000,	train_time = 3.061898
TRAIN Iter 125: loss = 0.004122,	Top-1 err = 58.800000,	Top-5 err = 36.200000,	train_time = 3.245150
TRAIN Iter 126: loss = 0.004013,	Top-1 err = 57.700000,	Top-5 err = 36.150000,	train_time = 3.193253
TRAIN Iter 127: loss = 0.003987,	Top-1 err = 52.900000,	Top-5 err = 30.900000,	train_time = 3.096487
TRAIN Iter 128: loss = 0.003958,	Top-1 err = 56.800000,	Top-5 err = 35.300000,	train_time = 3.110269
TRAIN Iter 129: loss = 0.003867,	Top-1 err = 55.800000,	Top-5 err = 35.850000,	train_time = 3.109992
TRAIN Iter 130: loss = 0.003912,	Top-1 err = 63.800000,	Top-5 err = 42.750000,	train_time = 3.085294
TRAIN Iter 131: loss = 0.003948,	Top-1 err = 57.300000,	Top-5 err = 34.050000,	train_time = 3.284978
TRAIN Iter 132: loss = 0.003940,	Top-1 err = 64.650000,	Top-5 err = 45.800000,	train_time = 3.152394
TRAIN Iter 133: loss = 0.003872,	Top-1 err = 55.800000,	Top-5 err = 35.450000,	train_time = 3.022956
TRAIN Iter 134: loss = 0.003848,	Top-1 err = 62.700000,	Top-5 err = 42.800000,	train_time = 3.063493
TRAIN Iter 135: loss = 0.004054,	Top-1 err = 64.450000,	Top-5 err = 42.750000,	train_time = 3.254567
TRAIN Iter 136: loss = 0.003842,	Top-1 err = 46.250000,	Top-5 err = 24.700000,	train_time = 3.125168
TRAIN Iter 137: loss = 0.003881,	Top-1 err = 50.700000,	Top-5 err = 30.350000,	train_time = 3.193718
TRAIN Iter 138: loss = 0.003751,	Top-1 err = 58.400000,	Top-5 err = 38.200000,	train_time = 3.169194
TRAIN Iter 139: loss = 0.003866,	Top-1 err = 59.650000,	Top-5 err = 37.150000,	train_time = 3.040179
TRAIN Iter 140: loss = 0.003852,	Top-1 err = 47.600000,	Top-5 err = 28.050000,	train_time = 3.057831
TRAIN Iter 141: loss = 0.003891,	Top-1 err = 59.100000,	Top-5 err = 38.150000,	train_time = 3.078581
TRAIN Iter 142: loss = 0.003847,	Top-1 err = 61.000000,	Top-5 err = 40.950000,	train_time = 3.015073
TRAIN Iter 143: loss = 0.003723,	Top-1 err = 53.300000,	Top-5 err = 33.850000,	train_time = 3.088989
TRAIN Iter 144: loss = 0.003684,	Top-1 err = 68.600000,	Top-5 err = 51.850000,	train_time = 3.072749
TRAIN Iter 145: loss = 0.003877,	Top-1 err = 64.050000,	Top-5 err = 44.700000,	train_time = 3.029994
TRAIN Iter 146: loss = 0.003803,	Top-1 err = 59.750000,	Top-5 err = 40.450000,	train_time = 3.091745
TRAIN Iter 147: loss = 0.003900,	Top-1 err = 64.000000,	Top-5 err = 42.150000,	train_time = 3.212167
TRAIN Iter 148: loss = 0.003617,	Top-1 err = 55.200000,	Top-5 err = 34.950000,	train_time = 3.088333
TRAIN Iter 149: loss = 0.003771,	Top-1 err = 67.500000,	Top-5 err = 46.200000,	train_time = 3.273103
TRAIN Iter 150: loss = 0.003694,	Top-1 err = 52.600000,	Top-5 err = 30.650000,	train_time = 3.350101
TRAIN Iter 151: loss = 0.003793,	Top-1 err = 63.350000,	Top-5 err = 42.900000,	train_time = 3.083449
TRAIN Iter 152: loss = 0.003599,	Top-1 err = 51.800000,	Top-5 err = 32.200000,	train_time = 3.131325
TRAIN Iter 153: loss = 0.003629,	Top-1 err = 56.900000,	Top-5 err = 34.850000,	train_time = 3.121070
TRAIN Iter 154: loss = 0.003561,	Top-1 err = 47.950000,	Top-5 err = 27.350000,	train_time = 2.992609
TRAIN Iter 155: loss = 0.003747,	Top-1 err = 64.750000,	Top-5 err = 46.600000,	train_time = 3.113520
TRAIN Iter 156: loss = 0.003589,	Top-1 err = 49.050000,	Top-5 err = 27.450000,	train_time = 3.061224
TRAIN Iter 157: loss = 0.003609,	Top-1 err = 48.650000,	Top-5 err = 30.700000,	train_time = 3.356772
TRAIN Iter 158: loss = 0.003552,	Top-1 err = 53.000000,	Top-5 err = 31.500000,	train_time = 3.257921
TRAIN Iter 159: loss = 0.003561,	Top-1 err = 59.100000,	Top-5 err = 40.650000,	train_time = 3.102089
TRAIN Iter 160: loss = 0.003683,	Top-1 err = 63.850000,	Top-5 err = 44.300000,	train_time = 3.000390
TRAIN Iter 161: loss = 0.003560,	Top-1 err = 65.300000,	Top-5 err = 48.700000,	train_time = 3.073606
TRAIN Iter 162: loss = 0.003534,	Top-1 err = 54.550000,	Top-5 err = 33.600000,	train_time = 3.565239
TRAIN Iter 163: loss = 0.003576,	Top-1 err = 56.200000,	Top-5 err = 38.050000,	train_time = 3.079859
TRAIN Iter 164: loss = 0.003562,	Top-1 err = 56.250000,	Top-5 err = 33.350000,	train_time = 2.976571
TRAIN Iter 165: loss = 0.003463,	Top-1 err = 46.100000,	Top-5 err = 25.950000,	train_time = 3.126398
TRAIN Iter 166: loss = 0.003487,	Top-1 err = 58.450000,	Top-5 err = 37.900000,	train_time = 2.986553
TRAIN Iter 167: loss = 0.003341,	Top-1 err = 53.000000,	Top-5 err = 33.200000,	train_time = 3.284859
TRAIN Iter 168: loss = 0.003429,	Top-1 err = 53.400000,	Top-5 err = 32.500000,	train_time = 3.201481
TRAIN Iter 169: loss = 0.003526,	Top-1 err = 50.550000,	Top-5 err = 26.400000,	train_time = 3.083840
TRAIN Iter 170: loss = 0.003534,	Top-1 err = 50.700000,	Top-5 err = 28.150000,	train_time = 3.044448
TRAIN Iter 171: loss = 0.003506,	Top-1 err = 52.950000,	Top-5 err = 32.350000,	train_time = 3.153547
TRAIN Iter 172: loss = 0.003520,	Top-1 err = 53.000000,	Top-5 err = 31.600000,	train_time = 3.291511
TRAIN Iter 173: loss = 0.003370,	Top-1 err = 68.150000,	Top-5 err = 54.100000,	train_time = 3.034654
TRAIN Iter 174: loss = 0.003401,	Top-1 err = 60.300000,	Top-5 err = 41.700000,	train_time = 3.219953
TRAIN Iter 175: loss = 0.003397,	Top-1 err = 55.450000,	Top-5 err = 32.800000,	train_time = 3.109581
TRAIN Iter 176: loss = 0.003416,	Top-1 err = 49.450000,	Top-5 err = 27.500000,	train_time = 3.088839
TRAIN Iter 177: loss = 0.003510,	Top-1 err = 64.350000,	Top-5 err = 44.150000,	train_time = 3.057091
TRAIN Iter 178: loss = 0.003564,	Top-1 err = 58.150000,	Top-5 err = 37.400000,	train_time = 3.020313
TRAIN Iter 179: loss = 0.003401,	Top-1 err = 47.800000,	Top-5 err = 29.250000,	train_time = 3.097622
TRAIN Iter 180: loss = 0.003466,	Top-1 err = 49.500000,	Top-5 err = 30.100000,	train_time = 3.174425
TRAIN Iter 181: loss = 0.003431,	Top-1 err = 58.800000,	Top-5 err = 40.650000,	train_time = 3.031126
TRAIN Iter 182: loss = 0.003390,	Top-1 err = 56.400000,	Top-5 err = 37.750000,	train_time = 3.031641
TRAIN Iter 183: loss = 0.003289,	Top-1 err = 45.200000,	Top-5 err = 23.750000,	train_time = 3.086164
TRAIN Iter 184: loss = 0.003427,	Top-1 err = 57.050000,	Top-5 err = 36.050000,	train_time = 3.344615
TRAIN Iter 185: loss = 0.003373,	Top-1 err = 53.850000,	Top-5 err = 34.550000,	train_time = 3.309030
TRAIN Iter 186: loss = 0.003329,	Top-1 err = 45.200000,	Top-5 err = 24.500000,	train_time = 3.034061
TRAIN Iter 187: loss = 0.003395,	Top-1 err = 53.550000,	Top-5 err = 31.250000,	train_time = 3.154133
TRAIN Iter 188: loss = 0.003238,	Top-1 err = 53.650000,	Top-5 err = 33.800000,	train_time = 3.045242
TRAIN Iter 189: loss = 0.003277,	Top-1 err = 41.900000,	Top-5 err = 23.200000,	train_time = 3.164712
TRAIN Iter 190: loss = 0.003245,	Top-1 err = 52.550000,	Top-5 err = 31.800000,	train_time = 3.383808
TRAIN Iter 191: loss = 0.003203,	Top-1 err = 50.950000,	Top-5 err = 30.500000,	train_time = 3.090555
TRAIN Iter 192: loss = 0.003161,	Top-1 err = 57.900000,	Top-5 err = 40.250000,	train_time = 3.146202
TRAIN Iter 193: loss = 0.003337,	Top-1 err = 66.750000,	Top-5 err = 47.650000,	train_time = 3.281726
TRAIN Iter 194: loss = 0.003360,	Top-1 err = 57.850000,	Top-5 err = 35.550000,	train_time = 3.156844
TRAIN Iter 195: loss = 0.003149,	Top-1 err = 48.350000,	Top-5 err = 29.950000,	train_time = 2.966352
TRAIN Iter 196: loss = 0.003256,	Top-1 err = 51.300000,	Top-5 err = 30.050000,	train_time = 3.313440
TRAIN Iter 197: loss = 0.003365,	Top-1 err = 50.150000,	Top-5 err = 29.850000,	train_time = 3.272705
TRAIN Iter 198: loss = 0.003288,	Top-1 err = 68.200000,	Top-5 err = 49.200000,	train_time = 3.139718
TRAIN Iter 199: loss = 0.003297,	Top-1 err = 57.650000,	Top-5 err = 38.050000,	train_time = 3.149835
TRAIN Iter 200: loss = 0.003368,	Top-1 err = 58.800000,	Top-5 err = 38.100000,	train_time = 3.344805
TRAIN Iter 201: loss = 0.003047,	Top-1 err = 46.900000,	Top-5 err = 30.400000,	train_time = 3.180256
TRAIN Iter 202: loss = 0.003137,	Top-1 err = 60.150000,	Top-5 err = 40.400000,	train_time = 3.052460
TRAIN Iter 203: loss = 0.003311,	Top-1 err = 60.050000,	Top-5 err = 41.200000,	train_time = 3.035692
TRAIN Iter 204: loss = 0.003223,	Top-1 err = 55.850000,	Top-5 err = 36.500000,	train_time = 3.078264
TRAIN Iter 205: loss = 0.003261,	Top-1 err = 64.800000,	Top-5 err = 45.450000,	train_time = 3.027716
TRAIN Iter 206: loss = 0.003090,	Top-1 err = 55.300000,	Top-5 err = 35.600000,	train_time = 3.256332
TRAIN Iter 207: loss = 0.003083,	Top-1 err = 46.350000,	Top-5 err = 29.500000,	train_time = 3.190654
TRAIN Iter 208: loss = 0.003134,	Top-1 err = 59.100000,	Top-5 err = 40.650000,	train_time = 3.076357
TRAIN Iter 209: loss = 0.003100,	Top-1 err = 52.200000,	Top-5 err = 34.250000,	train_time = 3.070490
TRAIN Iter 210: loss = 0.002974,	Top-1 err = 40.200000,	Top-5 err = 22.750000,	train_time = 3.062985
TRAIN Iter 211: loss = 0.003065,	Top-1 err = 53.800000,	Top-5 err = 34.700000,	train_time = 3.096758
TRAIN Iter 212: loss = 0.003067,	Top-1 err = 35.850000,	Top-5 err = 15.800000,	train_time = 3.015934
TRAIN Iter 213: loss = 0.003128,	Top-1 err = 56.350000,	Top-5 err = 39.350000,	train_time = 3.062023
TRAIN Iter 214: loss = 0.003078,	Top-1 err = 51.150000,	Top-5 err = 29.800000,	train_time = 3.090738
TRAIN Iter 215: loss = 0.003198,	Top-1 err = 52.050000,	Top-5 err = 33.350000,	train_time = 3.189412
TRAIN Iter 216: loss = 0.003099,	Top-1 err = 53.400000,	Top-5 err = 34.400000,	train_time = 3.139948
TRAIN Iter 217: loss = 0.003140,	Top-1 err = 56.750000,	Top-5 err = 35.350000,	train_time = 3.161181
TRAIN Iter 218: loss = 0.003112,	Top-1 err = 52.300000,	Top-5 err = 33.150000,	train_time = 3.339255
TRAIN Iter 219: loss = 0.003126,	Top-1 err = 50.500000,	Top-5 err = 29.900000,	train_time = 3.066257
TRAIN Iter 220: loss = 0.002869,	Top-1 err = 41.000000,	Top-5 err = 23.100000,	train_time = 3.202322
TRAIN Iter 221: loss = 0.002948,	Top-1 err = 49.600000,	Top-5 err = 32.150000,	train_time = 3.341226
TRAIN Iter 222: loss = 0.003077,	Top-1 err = 48.100000,	Top-5 err = 27.950000,	train_time = 3.062790
TRAIN Iter 223: loss = 0.003092,	Top-1 err = 44.500000,	Top-5 err = 24.600000,	train_time = 2.978580
TRAIN Iter 224: loss = 0.002982,	Top-1 err = 49.000000,	Top-5 err = 29.450000,	train_time = 3.113354
TRAIN Iter 225: loss = 0.002917,	Top-1 err = 42.350000,	Top-5 err = 24.400000,	train_time = 3.044935
TRAIN Iter 226: loss = 0.003003,	Top-1 err = 45.700000,	Top-5 err = 26.200000,	train_time = 3.204042
TRAIN Iter 227: loss = 0.003153,	Top-1 err = 60.450000,	Top-5 err = 39.350000,	train_time = 3.099137
TRAIN Iter 228: loss = 0.003064,	Top-1 err = 53.550000,	Top-5 err = 34.450000,	train_time = 3.116955
TRAIN Iter 229: loss = 0.003024,	Top-1 err = 50.200000,	Top-5 err = 28.700000,	train_time = 3.355743
TRAIN Iter 230: loss = 0.002975,	Top-1 err = 45.300000,	Top-5 err = 23.250000,	train_time = 3.078841
TRAIN Iter 231: loss = 0.002910,	Top-1 err = 50.150000,	Top-5 err = 31.100000,	train_time = 3.166822
TRAIN Iter 232: loss = 0.002966,	Top-1 err = 40.200000,	Top-5 err = 21.050000,	train_time = 3.380259
TRAIN Iter 233: loss = 0.003010,	Top-1 err = 52.150000,	Top-5 err = 33.000000,	train_time = 3.068118
TRAIN Iter 234: loss = 0.003014,	Top-1 err = 53.150000,	Top-5 err = 30.800000,	train_time = 3.093841
TRAIN Iter 235: loss = 0.002874,	Top-1 err = 44.350000,	Top-5 err = 23.950000,	train_time = 3.052174
TRAIN Iter 236: loss = 0.002992,	Top-1 err = 54.150000,	Top-5 err = 35.750000,	train_time = 3.123471
TRAIN Iter 237: loss = 0.003126,	Top-1 err = 53.450000,	Top-5 err = 32.500000,	train_time = 3.091365
TRAIN Iter 238: loss = 0.002930,	Top-1 err = 49.900000,	Top-5 err = 30.750000,	train_time = 3.139223
TRAIN Iter 239: loss = 0.003055,	Top-1 err = 44.750000,	Top-5 err = 23.700000,	train_time = 3.008225
TRAIN Iter 240: loss = 0.003002,	Top-1 err = 55.150000,	Top-5 err = 37.150000,	train_time = 3.012431
TRAIN Iter 241: loss = 0.002907,	Top-1 err = 61.050000,	Top-5 err = 46.800000,	train_time = 3.192494
TRAIN Iter 242: loss = 0.002974,	Top-1 err = 55.950000,	Top-5 err = 36.550000,	train_time = 3.067686
TRAIN Iter 243: loss = 0.002831,	Top-1 err = 44.650000,	Top-5 err = 26.250000,	train_time = 3.165902
TRAIN Iter 244: loss = 0.003089,	Top-1 err = 57.950000,	Top-5 err = 36.350000,	train_time = 3.141307
TRAIN Iter 245: loss = 0.002917,	Top-1 err = 64.100000,	Top-5 err = 48.850000,	train_time = 2.997530
TRAIN Iter 246: loss = 0.002930,	Top-1 err = 47.250000,	Top-5 err = 28.150000,	train_time = 3.283938
TRAIN Iter 247: loss = 0.002919,	Top-1 err = 56.000000,	Top-5 err = 34.700000,	train_time = 3.087538
TRAIN Iter 248: loss = 0.002962,	Top-1 err = 52.350000,	Top-5 err = 32.350000,	train_time = 3.133959
TRAIN Iter 249: loss = 0.002899,	Top-1 err = 51.800000,	Top-5 err = 31.100000,	train_time = 3.042865
TEST:
Iter 249: loss = 2.747060,	Top-1 err = 63.320000,	Top-5 err = 34.880000,	val_time = 3.031245
TRAIN Iter 250: loss = 0.002995,	Top-1 err = 64.500000,	Top-5 err = 45.000000,	train_time = 3.069105
TRAIN Iter 251: loss = 0.002871,	Top-1 err = 59.000000,	Top-5 err = 42.200000,	train_time = 3.141713
TRAIN Iter 252: loss = 0.002816,	Top-1 err = 53.550000,	Top-5 err = 32.900000,	train_time = 3.114551
TRAIN Iter 253: loss = 0.002704,	Top-1 err = 35.200000,	Top-5 err = 18.050000,	train_time = 3.198518
TRAIN Iter 254: loss = 0.002784,	Top-1 err = 50.150000,	Top-5 err = 33.700000,	train_time = 3.176186
TRAIN Iter 255: loss = 0.002862,	Top-1 err = 52.500000,	Top-5 err = 33.200000,	train_time = 3.071935
TRAIN Iter 256: loss = 0.002803,	Top-1 err = 42.200000,	Top-5 err = 26.450000,	train_time = 3.087256
TRAIN Iter 257: loss = 0.002790,	Top-1 err = 47.800000,	Top-5 err = 30.550000,	train_time = 3.081676
TRAIN Iter 258: loss = 0.002805,	Top-1 err = 47.100000,	Top-5 err = 28.700000,	train_time = 3.176283
TRAIN Iter 259: loss = 0.002823,	Top-1 err = 48.850000,	Top-5 err = 30.400000,	train_time = 3.294102
TEST:
Iter 259: loss = 2.785471,	Top-1 err = 63.780000,	Top-5 err = 35.370000,	val_time = 3.047005
TRAIN Iter 260: loss = 0.002992,	Top-1 err = 62.400000,	Top-5 err = 42.650000,	train_time = 3.079225
TRAIN Iter 261: loss = 0.002914,	Top-1 err = 52.400000,	Top-5 err = 33.300000,	train_time = 3.172914
TRAIN Iter 262: loss = 0.002812,	Top-1 err = 41.750000,	Top-5 err = 24.650000,	train_time = 3.054425
TRAIN Iter 263: loss = 0.002744,	Top-1 err = 42.050000,	Top-5 err = 22.400000,	train_time = 3.066899
TRAIN Iter 264: loss = 0.002815,	Top-1 err = 48.700000,	Top-5 err = 30.500000,	train_time = 3.088589
TRAIN Iter 265: loss = 0.002770,	Top-1 err = 46.500000,	Top-5 err = 27.400000,	train_time = 3.034692
TRAIN Iter 266: loss = 0.002892,	Top-1 err = 59.500000,	Top-5 err = 41.000000,	train_time = 3.184196
TRAIN Iter 267: loss = 0.002841,	Top-1 err = 39.500000,	Top-5 err = 19.900000,	train_time = 3.352196
TRAIN Iter 268: loss = 0.002758,	Top-1 err = 48.000000,	Top-5 err = 31.300000,	train_time = 3.061781
TRAIN Iter 269: loss = 0.002689,	Top-1 err = 37.800000,	Top-5 err = 19.600000,	train_time = 3.100747
TEST:
Iter 269: loss = 2.796327,	Top-1 err = 64.090000,	Top-5 err = 36.130000,	val_time = 2.971559
TRAIN Iter 270: loss = 0.002606,	Top-1 err = 36.250000,	Top-5 err = 17.750000,	train_time = 3.118255
TRAIN Iter 271: loss = 0.002794,	Top-1 err = 40.350000,	Top-5 err = 20.050000,	train_time = 3.020516
TRAIN Iter 272: loss = 0.002790,	Top-1 err = 52.900000,	Top-5 err = 32.850000,	train_time = 3.074540
TRAIN Iter 273: loss = 0.002857,	Top-1 err = 48.250000,	Top-5 err = 29.150000,	train_time = 3.245911
TRAIN Iter 274: loss = 0.002964,	Top-1 err = 61.300000,	Top-5 err = 41.600000,	train_time = 3.008555
TRAIN Iter 275: loss = 0.002812,	Top-1 err = 59.650000,	Top-5 err = 42.400000,	train_time = 3.259352
TRAIN Iter 276: loss = 0.002694,	Top-1 err = 51.850000,	Top-5 err = 36.550000,	train_time = 3.123259
TRAIN Iter 277: loss = 0.002788,	Top-1 err = 52.850000,	Top-5 err = 32.900000,	train_time = 3.274784
TRAIN Iter 278: loss = 0.002889,	Top-1 err = 60.750000,	Top-5 err = 40.550000,	train_time = 3.257612
TRAIN Iter 279: loss = 0.002799,	Top-1 err = 55.750000,	Top-5 err = 34.100000,	train_time = 2.974219
TEST:
Iter 279: loss = 2.802553,	Top-1 err = 64.020000,	Top-5 err = 35.810000,	val_time = 2.913365
TRAIN Iter 280: loss = 0.002705,	Top-1 err = 50.400000,	Top-5 err = 32.800000,	train_time = 3.038830
TRAIN Iter 281: loss = 0.002732,	Top-1 err = 43.250000,	Top-5 err = 24.250000,	train_time = 3.064252
TRAIN Iter 282: loss = 0.002703,	Top-1 err = 42.250000,	Top-5 err = 22.350000,	train_time = 3.206772
TRAIN Iter 283: loss = 0.002677,	Top-1 err = 46.550000,	Top-5 err = 27.200000,	train_time = 3.048348
TRAIN Iter 284: loss = 0.002804,	Top-1 err = 59.300000,	Top-5 err = 40.200000,	train_time = 3.214458
TRAIN Iter 285: loss = 0.002831,	Top-1 err = 52.600000,	Top-5 err = 32.300000,	train_time = 3.157264
TRAIN Iter 286: loss = 0.002761,	Top-1 err = 53.350000,	Top-5 err = 33.300000,	train_time = 3.202417
TRAIN Iter 287: loss = 0.002844,	Top-1 err = 49.250000,	Top-5 err = 29.300000,	train_time = 3.160556
TRAIN Iter 288: loss = 0.002698,	Top-1 err = 47.550000,	Top-5 err = 29.950000,	train_time = 3.023038
TRAIN Iter 289: loss = 0.002697,	Top-1 err = 50.850000,	Top-5 err = 31.450000,	train_time = 3.018980
TEST:
Iter 289: loss = 2.745371,	Top-1 err = 63.560000,	Top-5 err = 34.680000,	val_time = 3.069302
TRAIN Iter 290: loss = 0.002794,	Top-1 err = 51.850000,	Top-5 err = 31.600000,	train_time = 3.282177
TRAIN Iter 291: loss = 0.002637,	Top-1 err = 44.750000,	Top-5 err = 24.600000,	train_time = 3.027517
TRAIN Iter 292: loss = 0.002816,	Top-1 err = 52.000000,	Top-5 err = 33.900000,	train_time = 3.393156
TRAIN Iter 293: loss = 0.002803,	Top-1 err = 51.050000,	Top-5 err = 33.000000,	train_time = 3.101032
TRAIN Iter 294: loss = 0.002787,	Top-1 err = 48.700000,	Top-5 err = 25.950000,	train_time = 3.036516
TRAIN Iter 295: loss = 0.002658,	Top-1 err = 45.000000,	Top-5 err = 25.600000,	train_time = 3.232221
TRAIN Iter 296: loss = 0.002760,	Top-1 err = 44.150000,	Top-5 err = 23.150000,	train_time = 3.021113
TRAIN Iter 297: loss = 0.002765,	Top-1 err = 51.050000,	Top-5 err = 31.800000,	train_time = 3.050200
TRAIN Iter 298: loss = 0.002712,	Top-1 err = 53.300000,	Top-5 err = 35.000000,	train_time = 3.084488
TRAIN Iter 299: loss = 0.002778,	Top-1 err = 41.250000,	Top-5 err = 20.700000,	train_time = 3.155208
TEST:
Iter 299: loss = 2.691079,	Top-1 err = 61.960000,	Top-5 err = 33.780000,	val_time = 2.928387
Train Finish! Best accuracy is 38.04@299
