/home/dvspanos/miniconda3/envs/rded/lib/python3.10/site-packages/torchvision/models/_utils.py:208: UserWarning: The parameter 'pretrained' is deprecated since 0.13 and may be removed in the future, please use 'weights' instead.
  warnings.warn(
/home/dvspanos/miniconda3/envs/rded/lib/python3.10/site-packages/torchvision/models/_utils.py:223: UserWarning: Arguments other than a weight enum or `None` for 'weights' are deprecated since 0.13 and may be removed in the future. The current behavior is equivalent to passing `weights=None`.
  warnings.warn(msg)
=> using pytorch pre-trained teacher model 'resnet18_modified'
process data from /home/dvspanos/nikos/ca2d/artifacts/sets/bench_tin_rn18_sharp2d_ipc10
load data successfully
TRAIN Iter 0: loss = 0.019111,	Top-1 err = 99.300000,	Top-5 err = 96.000000,	train_time = 4.543744
TRAIN Iter 1: loss = 0.017641,	Top-1 err = 98.600000,	Top-5 err = 93.600000,	train_time = 2.869674
TRAIN Iter 2: loss = 0.016149,	Top-1 err = 98.000000,	Top-5 err = 91.650000,	train_time = 2.867454
TRAIN Iter 3: loss = 0.018032,	Top-1 err = 97.250000,	Top-5 err = 90.000000,	train_time = 2.906384
TRAIN Iter 4: loss = 0.017241,	Top-1 err = 97.200000,	Top-5 err = 88.300000,	train_time = 2.898855
TRAIN Iter 5: loss = 0.016345,	Top-1 err = 96.350000,	Top-5 err = 87.300000,	train_time = 2.935680
TRAIN Iter 6: loss = 0.017382,	Top-1 err = 95.500000,	Top-5 err = 84.000000,	train_time = 3.034068
TRAIN Iter 7: loss = 0.017751,	Top-1 err = 94.300000,	Top-5 err = 81.550000,	train_time = 2.942401
TRAIN Iter 8: loss = 0.015830,	Top-1 err = 93.500000,	Top-5 err = 82.950000,	train_time = 3.059159
TRAIN Iter 9: loss = 0.015068,	Top-1 err = 93.600000,	Top-5 err = 80.450000,	train_time = 2.971194
TRAIN Iter 10: loss = 0.014444,	Top-1 err = 94.250000,	Top-5 err = 81.400000,	train_time = 2.934288
TRAIN Iter 11: loss = 0.015148,	Top-1 err = 92.650000,	Top-5 err = 78.650000,	train_time = 3.112542
TRAIN Iter 12: loss = 0.014587,	Top-1 err = 91.600000,	Top-5 err = 76.950000,	train_time = 3.061441
TRAIN Iter 13: loss = 0.013185,	Top-1 err = 91.400000,	Top-5 err = 75.300000,	train_time = 3.046879
TRAIN Iter 14: loss = 0.013770,	Top-1 err = 91.550000,	Top-5 err = 74.500000,	train_time = 2.982631
TRAIN Iter 15: loss = 0.014462,	Top-1 err = 89.500000,	Top-5 err = 73.300000,	train_time = 3.002150
TRAIN Iter 16: loss = 0.013399,	Top-1 err = 89.950000,	Top-5 err = 74.800000,	train_time = 2.975338
TRAIN Iter 17: loss = 0.013949,	Top-1 err = 88.900000,	Top-5 err = 69.200000,	train_time = 3.119120
TRAIN Iter 18: loss = 0.014500,	Top-1 err = 87.350000,	Top-5 err = 67.450000,	train_time = 3.082048
TRAIN Iter 19: loss = 0.014229,	Top-1 err = 89.950000,	Top-5 err = 73.500000,	train_time = 3.000726
TRAIN Iter 20: loss = 0.014309,	Top-1 err = 87.150000,	Top-5 err = 66.350000,	train_time = 3.010964
TRAIN Iter 21: loss = 0.012703,	Top-1 err = 87.450000,	Top-5 err = 66.450000,	train_time = 3.203633
TRAIN Iter 22: loss = 0.013157,	Top-1 err = 88.150000,	Top-5 err = 68.350000,	train_time = 3.214653
TRAIN Iter 23: loss = 0.013772,	Top-1 err = 84.750000,	Top-5 err = 63.750000,	train_time = 3.026870
TRAIN Iter 24: loss = 0.013170,	Top-1 err = 83.200000,	Top-5 err = 59.250000,	train_time = 3.069729
TRAIN Iter 25: loss = 0.012538,	Top-1 err = 83.950000,	Top-5 err = 62.200000,	train_time = 3.053975
TRAIN Iter 26: loss = 0.012736,	Top-1 err = 82.250000,	Top-5 err = 59.700000,	train_time = 2.985248
TRAIN Iter 27: loss = 0.012666,	Top-1 err = 82.300000,	Top-5 err = 58.750000,	train_time = 3.088675
TRAIN Iter 28: loss = 0.011984,	Top-1 err = 85.800000,	Top-5 err = 67.650000,	train_time = 3.240036
TRAIN Iter 29: loss = 0.010788,	Top-1 err = 84.900000,	Top-5 err = 66.500000,	train_time = 2.995854
TRAIN Iter 30: loss = 0.012791,	Top-1 err = 80.100000,	Top-5 err = 57.050000,	train_time = 3.189084
TRAIN Iter 31: loss = 0.011984,	Top-1 err = 78.050000,	Top-5 err = 54.150000,	train_time = 3.270367
TRAIN Iter 32: loss = 0.011213,	Top-1 err = 81.250000,	Top-5 err = 58.300000,	train_time = 3.000636
TRAIN Iter 33: loss = 0.012957,	Top-1 err = 79.100000,	Top-5 err = 55.950000,	train_time = 2.941798
TRAIN Iter 34: loss = 0.010788,	Top-1 err = 77.250000,	Top-5 err = 52.600000,	train_time = 2.933298
TRAIN Iter 35: loss = 0.011514,	Top-1 err = 76.950000,	Top-5 err = 53.000000,	train_time = 3.473171
TRAIN Iter 36: loss = 0.010039,	Top-1 err = 84.650000,	Top-5 err = 65.500000,	train_time = 3.186777
TRAIN Iter 37: loss = 0.010425,	Top-1 err = 75.200000,	Top-5 err = 49.750000,	train_time = 3.155110
TRAIN Iter 38: loss = 0.011162,	Top-1 err = 70.700000,	Top-5 err = 43.250000,	train_time = 3.037543
TRAIN Iter 39: loss = 0.010389,	Top-1 err = 79.000000,	Top-5 err = 58.600000,	train_time = 3.038462
TRAIN Iter 40: loss = 0.011401,	Top-1 err = 73.900000,	Top-5 err = 51.250000,	train_time = 3.098001
TRAIN Iter 41: loss = 0.012026,	Top-1 err = 66.600000,	Top-5 err = 42.300000,	train_time = 3.067973
TRAIN Iter 42: loss = 0.010542,	Top-1 err = 72.750000,	Top-5 err = 49.550000,	train_time = 3.001173
TRAIN Iter 43: loss = 0.011053,	Top-1 err = 71.300000,	Top-5 err = 46.150000,	train_time = 3.058298
TRAIN Iter 44: loss = 0.009882,	Top-1 err = 78.300000,	Top-5 err = 58.550000,	train_time = 3.069380
TRAIN Iter 45: loss = 0.010734,	Top-1 err = 63.250000,	Top-5 err = 37.600000,	train_time = 3.143062
TRAIN Iter 46: loss = 0.010800,	Top-1 err = 60.450000,	Top-5 err = 34.000000,	train_time = 3.206423
TRAIN Iter 47: loss = 0.009967,	Top-1 err = 70.900000,	Top-5 err = 49.050000,	train_time = 3.116198
TRAIN Iter 48: loss = 0.010237,	Top-1 err = 72.750000,	Top-5 err = 54.800000,	train_time = 3.009881
TRAIN Iter 49: loss = 0.010034,	Top-1 err = 69.600000,	Top-5 err = 44.550000,	train_time = 3.124441
TRAIN Iter 50: loss = 0.009556,	Top-1 err = 65.500000,	Top-5 err = 42.350000,	train_time = 3.054919
TRAIN Iter 51: loss = 0.010359,	Top-1 err = 65.300000,	Top-5 err = 42.600000,	train_time = 2.957217
TRAIN Iter 52: loss = 0.009617,	Top-1 err = 62.000000,	Top-5 err = 37.850000,	train_time = 3.034144
TRAIN Iter 53: loss = 0.009711,	Top-1 err = 70.750000,	Top-5 err = 48.850000,	train_time = 3.182105
TRAIN Iter 54: loss = 0.009100,	Top-1 err = 64.950000,	Top-5 err = 40.750000,	train_time = 3.096483
TRAIN Iter 55: loss = 0.008943,	Top-1 err = 65.700000,	Top-5 err = 43.300000,	train_time = 3.005629
TRAIN Iter 56: loss = 0.009666,	Top-1 err = 60.300000,	Top-5 err = 35.600000,	train_time = 3.053669
TRAIN Iter 57: loss = 0.008421,	Top-1 err = 70.700000,	Top-5 err = 47.750000,	train_time = 3.135017
TRAIN Iter 58: loss = 0.009183,	Top-1 err = 71.450000,	Top-5 err = 51.100000,	train_time = 3.000847
TRAIN Iter 59: loss = 0.009087,	Top-1 err = 62.800000,	Top-5 err = 40.050000,	train_time = 3.383366
TRAIN Iter 60: loss = 0.008474,	Top-1 err = 65.100000,	Top-5 err = 41.450000,	train_time = 3.028721
TRAIN Iter 61: loss = 0.008303,	Top-1 err = 66.550000,	Top-5 err = 43.100000,	train_time = 3.008148
TRAIN Iter 62: loss = 0.008644,	Top-1 err = 51.850000,	Top-5 err = 29.450000,	train_time = 3.025563
TRAIN Iter 63: loss = 0.008959,	Top-1 err = 58.450000,	Top-5 err = 36.900000,	train_time = 3.057863
TRAIN Iter 64: loss = 0.008588,	Top-1 err = 55.100000,	Top-5 err = 31.750000,	train_time = 3.140334
TRAIN Iter 65: loss = 0.007995,	Top-1 err = 68.750000,	Top-5 err = 48.400000,	train_time = 3.142707
TRAIN Iter 66: loss = 0.009324,	Top-1 err = 57.200000,	Top-5 err = 36.000000,	train_time = 3.086624
TRAIN Iter 67: loss = 0.008600,	Top-1 err = 61.200000,	Top-5 err = 40.750000,	train_time = 3.000524
TRAIN Iter 68: loss = 0.008370,	Top-1 err = 57.800000,	Top-5 err = 35.950000,	train_time = 3.155717
TRAIN Iter 69: loss = 0.008362,	Top-1 err = 49.750000,	Top-5 err = 27.300000,	train_time = 3.248458
TRAIN Iter 70: loss = 0.007982,	Top-1 err = 56.050000,	Top-5 err = 33.600000,	train_time = 3.139406
TRAIN Iter 71: loss = 0.007693,	Top-1 err = 52.600000,	Top-5 err = 28.800000,	train_time = 3.307218
TRAIN Iter 72: loss = 0.007928,	Top-1 err = 54.450000,	Top-5 err = 31.750000,	train_time = 3.177918
TRAIN Iter 73: loss = 0.008103,	Top-1 err = 48.850000,	Top-5 err = 28.650000,	train_time = 2.964761
TRAIN Iter 74: loss = 0.007968,	Top-1 err = 47.850000,	Top-5 err = 27.850000,	train_time = 2.979635
TRAIN Iter 75: loss = 0.007516,	Top-1 err = 56.400000,	Top-5 err = 34.300000,	train_time = 3.033053
TRAIN Iter 76: loss = 0.007924,	Top-1 err = 43.800000,	Top-5 err = 22.500000,	train_time = 3.019776
TRAIN Iter 77: loss = 0.008121,	Top-1 err = 42.250000,	Top-5 err = 21.950000,	train_time = 3.037524
TRAIN Iter 78: loss = 0.007168,	Top-1 err = 53.850000,	Top-5 err = 32.650000,	train_time = 3.473211
TRAIN Iter 79: loss = 0.007632,	Top-1 err = 43.650000,	Top-5 err = 22.950000,	train_time = 3.081500
TRAIN Iter 80: loss = 0.007238,	Top-1 err = 49.300000,	Top-5 err = 27.300000,	train_time = 3.022180
TRAIN Iter 81: loss = 0.007333,	Top-1 err = 47.050000,	Top-5 err = 25.650000,	train_time = 3.040852
TRAIN Iter 82: loss = 0.007274,	Top-1 err = 40.300000,	Top-5 err = 19.300000,	train_time = 3.004815
TRAIN Iter 83: loss = 0.007343,	Top-1 err = 50.450000,	Top-5 err = 33.000000,	train_time = 3.253724
TRAIN Iter 84: loss = 0.006926,	Top-1 err = 55.500000,	Top-5 err = 31.950000,	train_time = 3.132206
TRAIN Iter 85: loss = 0.007343,	Top-1 err = 50.250000,	Top-5 err = 31.950000,	train_time = 2.914815
TRAIN Iter 86: loss = 0.006911,	Top-1 err = 58.450000,	Top-5 err = 39.850000,	train_time = 3.994122
TRAIN Iter 87: loss = 0.006982,	Top-1 err = 48.600000,	Top-5 err = 28.200000,	train_time = 2.931899
TRAIN Iter 88: loss = 0.006912,	Top-1 err = 47.150000,	Top-5 err = 29.200000,	train_time = 3.126977
TRAIN Iter 89: loss = 0.006778,	Top-1 err = 39.450000,	Top-5 err = 19.850000,	train_time = 3.094050
TRAIN Iter 90: loss = 0.006831,	Top-1 err = 47.550000,	Top-5 err = 29.600000,	train_time = 2.990559
TRAIN Iter 91: loss = 0.006933,	Top-1 err = 52.000000,	Top-5 err = 31.800000,	train_time = 3.092822
TRAIN Iter 92: loss = 0.006714,	Top-1 err = 46.500000,	Top-5 err = 28.350000,	train_time = 3.168720
TRAIN Iter 93: loss = 0.006685,	Top-1 err = 58.800000,	Top-5 err = 40.250000,	train_time = 3.040843
TRAIN Iter 94: loss = 0.006413,	Top-1 err = 56.250000,	Top-5 err = 35.200000,	train_time = 3.110458
TRAIN Iter 95: loss = 0.006695,	Top-1 err = 46.500000,	Top-5 err = 28.400000,	train_time = 3.075737
TRAIN Iter 96: loss = 0.006748,	Top-1 err = 43.600000,	Top-5 err = 24.850000,	train_time = 3.298438
TRAIN Iter 97: loss = 0.006866,	Top-1 err = 35.000000,	Top-5 err = 20.150000,	train_time = 3.078764
TRAIN Iter 98: loss = 0.006753,	Top-1 err = 45.400000,	Top-5 err = 26.950000,	train_time = 2.998977
TRAIN Iter 99: loss = 0.006611,	Top-1 err = 40.000000,	Top-5 err = 21.800000,	train_time = 3.389217
TRAIN Iter 100: loss = 0.006524,	Top-1 err = 45.800000,	Top-5 err = 28.400000,	train_time = 3.000509
TRAIN Iter 101: loss = 0.006263,	Top-1 err = 54.400000,	Top-5 err = 37.400000,	train_time = 2.993334
TRAIN Iter 102: loss = 0.006419,	Top-1 err = 49.650000,	Top-5 err = 29.450000,	train_time = 2.988995
TRAIN Iter 103: loss = 0.006377,	Top-1 err = 47.400000,	Top-5 err = 29.000000,	train_time = 3.072182
TRAIN Iter 104: loss = 0.006184,	Top-1 err = 39.200000,	Top-5 err = 21.250000,	train_time = 2.967330
TRAIN Iter 105: loss = 0.006203,	Top-1 err = 32.150000,	Top-5 err = 15.450000,	train_time = 3.408134
TRAIN Iter 106: loss = 0.006179,	Top-1 err = 40.050000,	Top-5 err = 20.750000,	train_time = 3.208342
TRAIN Iter 107: loss = 0.006085,	Top-1 err = 40.750000,	Top-5 err = 21.100000,	train_time = 3.097505
TRAIN Iter 108: loss = 0.006180,	Top-1 err = 42.000000,	Top-5 err = 26.300000,	train_time = 2.970175
TRAIN Iter 109: loss = 0.006529,	Top-1 err = 41.550000,	Top-5 err = 24.700000,	train_time = 2.958899
TRAIN Iter 110: loss = 0.006128,	Top-1 err = 51.900000,	Top-5 err = 34.200000,	train_time = 3.120872
TRAIN Iter 111: loss = 0.005847,	Top-1 err = 36.500000,	Top-5 err = 17.550000,	train_time = 3.285305
TRAIN Iter 112: loss = 0.005875,	Top-1 err = 36.650000,	Top-5 err = 18.500000,	train_time = 3.135024
TRAIN Iter 113: loss = 0.006053,	Top-1 err = 40.800000,	Top-5 err = 24.650000,	train_time = 3.012375
TRAIN Iter 114: loss = 0.006094,	Top-1 err = 46.250000,	Top-5 err = 27.150000,	train_time = 3.062161
TRAIN Iter 115: loss = 0.005817,	Top-1 err = 41.550000,	Top-5 err = 27.450000,	train_time = 3.181516
TRAIN Iter 116: loss = 0.005741,	Top-1 err = 28.450000,	Top-5 err = 13.700000,	train_time = 3.066159
TRAIN Iter 117: loss = 0.005863,	Top-1 err = 28.900000,	Top-5 err = 11.200000,	train_time = 3.016110
TRAIN Iter 118: loss = 0.005659,	Top-1 err = 42.950000,	Top-5 err = 26.750000,	train_time = 3.228473
TRAIN Iter 119: loss = 0.005920,	Top-1 err = 26.500000,	Top-5 err = 11.900000,	train_time = 3.024414
TRAIN Iter 120: loss = 0.005577,	Top-1 err = 49.550000,	Top-5 err = 31.750000,	train_time = 3.322629
TRAIN Iter 121: loss = 0.005651,	Top-1 err = 44.650000,	Top-5 err = 25.350000,	train_time = 3.027416
TRAIN Iter 122: loss = 0.005634,	Top-1 err = 42.050000,	Top-5 err = 26.050000,	train_time = 2.970500
TRAIN Iter 123: loss = 0.005630,	Top-1 err = 33.650000,	Top-5 err = 16.900000,	train_time = 3.303795
TRAIN Iter 124: loss = 0.005705,	Top-1 err = 35.900000,	Top-5 err = 21.950000,	train_time = 3.149455
TRAIN Iter 125: loss = 0.005551,	Top-1 err = 43.900000,	Top-5 err = 24.800000,	train_time = 3.069458
TRAIN Iter 126: loss = 0.005536,	Top-1 err = 44.850000,	Top-5 err = 26.750000,	train_time = 2.972729
TRAIN Iter 127: loss = 0.005545,	Top-1 err = 39.850000,	Top-5 err = 22.850000,	train_time = 3.177309
TRAIN Iter 128: loss = 0.005570,	Top-1 err = 47.050000,	Top-5 err = 28.400000,	train_time = 3.085938
TRAIN Iter 129: loss = 0.005466,	Top-1 err = 39.150000,	Top-5 err = 18.900000,	train_time = 3.134754
TRAIN Iter 130: loss = 0.005532,	Top-1 err = 29.700000,	Top-5 err = 14.450000,	train_time = 3.018582
TRAIN Iter 131: loss = 0.005374,	Top-1 err = 38.750000,	Top-5 err = 21.450000,	train_time = 3.026763
TRAIN Iter 132: loss = 0.005413,	Top-1 err = 40.550000,	Top-5 err = 20.100000,	train_time = 3.153967
TRAIN Iter 133: loss = 0.005339,	Top-1 err = 27.850000,	Top-5 err = 10.800000,	train_time = 3.487920
TRAIN Iter 134: loss = 0.005551,	Top-1 err = 34.600000,	Top-5 err = 20.500000,	train_time = 3.297695
TRAIN Iter 135: loss = 0.005438,	Top-1 err = 36.750000,	Top-5 err = 21.550000,	train_time = 3.144661
TRAIN Iter 136: loss = 0.005283,	Top-1 err = 31.800000,	Top-5 err = 18.750000,	train_time = 2.986688
TRAIN Iter 137: loss = 0.005380,	Top-1 err = 28.150000,	Top-5 err = 14.350000,	train_time = 3.081886
TRAIN Iter 138: loss = 0.005312,	Top-1 err = 28.100000,	Top-5 err = 15.600000,	train_time = 3.250085
TRAIN Iter 139: loss = 0.005273,	Top-1 err = 29.950000,	Top-5 err = 16.750000,	train_time = 3.107708
TRAIN Iter 140: loss = 0.005464,	Top-1 err = 37.800000,	Top-5 err = 24.400000,	train_time = 3.000960
TRAIN Iter 141: loss = 0.005345,	Top-1 err = 50.850000,	Top-5 err = 32.800000,	train_time = 3.057122
TRAIN Iter 142: loss = 0.005248,	Top-1 err = 34.950000,	Top-5 err = 23.500000,	train_time = 2.984257
TRAIN Iter 143: loss = 0.005074,	Top-1 err = 29.600000,	Top-5 err = 13.700000,	train_time = 2.960982
TRAIN Iter 144: loss = 0.005172,	Top-1 err = 32.750000,	Top-5 err = 21.650000,	train_time = 3.040372
TRAIN Iter 145: loss = 0.005313,	Top-1 err = 49.850000,	Top-5 err = 31.300000,	train_time = 3.043318
TRAIN Iter 146: loss = 0.005112,	Top-1 err = 35.500000,	Top-5 err = 20.100000,	train_time = 3.134265
TRAIN Iter 147: loss = 0.005012,	Top-1 err = 40.700000,	Top-5 err = 21.700000,	train_time = 3.071359
TRAIN Iter 148: loss = 0.005003,	Top-1 err = 39.600000,	Top-5 err = 21.350000,	train_time = 2.997767
TRAIN Iter 149: loss = 0.004988,	Top-1 err = 28.300000,	Top-5 err = 17.700000,	train_time = 3.016887
TRAIN Iter 150: loss = 0.005063,	Top-1 err = 40.150000,	Top-5 err = 24.950000,	train_time = 3.409998
TRAIN Iter 151: loss = 0.004906,	Top-1 err = 34.000000,	Top-5 err = 18.250000,	train_time = 3.309443
TRAIN Iter 152: loss = 0.005074,	Top-1 err = 38.200000,	Top-5 err = 24.050000,	train_time = 3.175300
TRAIN Iter 153: loss = 0.005009,	Top-1 err = 40.800000,	Top-5 err = 23.150000,	train_time = 2.966212
TRAIN Iter 154: loss = 0.004922,	Top-1 err = 43.000000,	Top-5 err = 26.850000,	train_time = 3.002630
TRAIN Iter 155: loss = 0.004932,	Top-1 err = 32.800000,	Top-5 err = 19.750000,	train_time = 3.038719
TRAIN Iter 156: loss = 0.004822,	Top-1 err = 28.100000,	Top-5 err = 12.250000,	train_time = 3.158975
TRAIN Iter 157: loss = 0.004906,	Top-1 err = 43.150000,	Top-5 err = 22.800000,	train_time = 3.297405
TRAIN Iter 158: loss = 0.005054,	Top-1 err = 40.900000,	Top-5 err = 28.400000,	train_time = 3.162573
TRAIN Iter 159: loss = 0.004911,	Top-1 err = 37.350000,	Top-5 err = 24.950000,	train_time = 2.976693
TRAIN Iter 160: loss = 0.004810,	Top-1 err = 30.600000,	Top-5 err = 18.500000,	train_time = 3.075957
TRAIN Iter 161: loss = 0.004753,	Top-1 err = 29.900000,	Top-5 err = 15.350000,	train_time = 3.180179
TRAIN Iter 162: loss = 0.004826,	Top-1 err = 37.600000,	Top-5 err = 20.500000,	train_time = 2.950512
TRAIN Iter 163: loss = 0.004803,	Top-1 err = 31.900000,	Top-5 err = 16.900000,	train_time = 3.099775
TRAIN Iter 164: loss = 0.004915,	Top-1 err = 38.750000,	Top-5 err = 26.200000,	train_time = 3.224035
TRAIN Iter 165: loss = 0.004745,	Top-1 err = 33.700000,	Top-5 err = 18.200000,	train_time = 3.108905
TRAIN Iter 166: loss = 0.004878,	Top-1 err = 30.650000,	Top-5 err = 13.650000,	train_time = 3.017595
TRAIN Iter 167: loss = 0.004708,	Top-1 err = 28.550000,	Top-5 err = 14.800000,	train_time = 3.100107
TRAIN Iter 168: loss = 0.004711,	Top-1 err = 38.400000,	Top-5 err = 23.900000,	train_time = 3.354399
TRAIN Iter 169: loss = 0.004709,	Top-1 err = 28.300000,	Top-5 err = 16.400000,	train_time = 3.084825
TRAIN Iter 170: loss = 0.004614,	Top-1 err = 26.700000,	Top-5 err = 14.800000,	train_time = 3.096926
TRAIN Iter 171: loss = 0.004703,	Top-1 err = 44.300000,	Top-5 err = 24.100000,	train_time = 3.006450
TRAIN Iter 172: loss = 0.004638,	Top-1 err = 21.700000,	Top-5 err = 11.150000,	train_time = 2.995470
TRAIN Iter 173: loss = 0.004526,	Top-1 err = 28.700000,	Top-5 err = 14.650000,	train_time = 3.170278
TRAIN Iter 174: loss = 0.004630,	Top-1 err = 26.600000,	Top-5 err = 14.150000,	train_time = 3.023701
TRAIN Iter 175: loss = 0.004580,	Top-1 err = 33.350000,	Top-5 err = 19.050000,	train_time = 3.373869
TRAIN Iter 176: loss = 0.004638,	Top-1 err = 36.350000,	Top-5 err = 24.800000,	train_time = 3.090275
TRAIN Iter 177: loss = 0.004648,	Top-1 err = 35.300000,	Top-5 err = 18.750000,	train_time = 3.087436
TRAIN Iter 178: loss = 0.004657,	Top-1 err = 44.350000,	Top-5 err = 31.700000,	train_time = 3.214290
TRAIN Iter 179: loss = 0.004466,	Top-1 err = 30.650000,	Top-5 err = 16.950000,	train_time = 3.054620
TRAIN Iter 180: loss = 0.004594,	Top-1 err = 40.500000,	Top-5 err = 28.300000,	train_time = 2.994746
TRAIN Iter 181: loss = 0.004473,	Top-1 err = 32.350000,	Top-5 err = 19.700000,	train_time = 3.053596
TRAIN Iter 182: loss = 0.004472,	Top-1 err = 33.200000,	Top-5 err = 16.850000,	train_time = 3.023805
TRAIN Iter 183: loss = 0.004559,	Top-1 err = 35.700000,	Top-5 err = 22.900000,	train_time = 3.386684
TRAIN Iter 184: loss = 0.004526,	Top-1 err = 32.650000,	Top-5 err = 17.850000,	train_time = 3.076134
TRAIN Iter 185: loss = 0.004501,	Top-1 err = 33.700000,	Top-5 err = 19.000000,	train_time = 3.031957
TRAIN Iter 186: loss = 0.004477,	Top-1 err = 37.900000,	Top-5 err = 24.400000,	train_time = 3.475926
TRAIN Iter 187: loss = 0.004461,	Top-1 err = 21.300000,	Top-5 err = 10.350000,	train_time = 3.137925
TRAIN Iter 188: loss = 0.004501,	Top-1 err = 34.200000,	Top-5 err = 20.950000,	train_time = 3.001074
TRAIN Iter 189: loss = 0.004524,	Top-1 err = 39.800000,	Top-5 err = 19.400000,	train_time = 3.258487
TRAIN Iter 190: loss = 0.004405,	Top-1 err = 26.050000,	Top-5 err = 11.800000,	train_time = 3.121651
TRAIN Iter 191: loss = 0.004430,	Top-1 err = 40.250000,	Top-5 err = 23.000000,	train_time = 3.005019
TRAIN Iter 192: loss = 0.004394,	Top-1 err = 26.500000,	Top-5 err = 15.250000,	train_time = 3.130031
TRAIN Iter 193: loss = 0.004391,	Top-1 err = 26.350000,	Top-5 err = 14.500000,	train_time = 3.142440
TRAIN Iter 194: loss = 0.004446,	Top-1 err = 27.000000,	Top-5 err = 14.100000,	train_time = 3.007677
TRAIN Iter 195: loss = 0.004502,	Top-1 err = 35.600000,	Top-5 err = 20.500000,	train_time = 3.246451
TRAIN Iter 196: loss = 0.004320,	Top-1 err = 28.350000,	Top-5 err = 16.650000,	train_time = 3.102041
TRAIN Iter 197: loss = 0.004526,	Top-1 err = 30.650000,	Top-5 err = 16.950000,	train_time = 2.977545
TRAIN Iter 198: loss = 0.004499,	Top-1 err = 39.450000,	Top-5 err = 25.650000,	train_time = 2.995340
TRAIN Iter 199: loss = 0.004385,	Top-1 err = 32.750000,	Top-5 err = 17.650000,	train_time = 3.270652
TRAIN Iter 200: loss = 0.004440,	Top-1 err = 41.300000,	Top-5 err = 22.950000,	train_time = 3.112865
TRAIN Iter 201: loss = 0.004196,	Top-1 err = 24.250000,	Top-5 err = 14.300000,	train_time = 2.959693
TRAIN Iter 202: loss = 0.004528,	Top-1 err = 62.150000,	Top-5 err = 42.650000,	train_time = 2.981000
TRAIN Iter 203: loss = 0.004331,	Top-1 err = 25.550000,	Top-5 err = 12.500000,	train_time = 2.981927
TRAIN Iter 204: loss = 0.004232,	Top-1 err = 26.650000,	Top-5 err = 12.200000,	train_time = 3.026950
TRAIN Iter 205: loss = 0.004357,	Top-1 err = 43.550000,	Top-5 err = 25.150000,	train_time = 3.007335
TRAIN Iter 206: loss = 0.004361,	Top-1 err = 48.100000,	Top-5 err = 29.100000,	train_time = 3.383950
TRAIN Iter 207: loss = 0.004306,	Top-1 err = 30.150000,	Top-5 err = 16.400000,	train_time = 3.171233
TRAIN Iter 208: loss = 0.004237,	Top-1 err = 31.450000,	Top-5 err = 17.200000,	train_time = 3.198040
TRAIN Iter 209: loss = 0.004252,	Top-1 err = 37.400000,	Top-5 err = 19.800000,	train_time = 3.207233
TRAIN Iter 210: loss = 0.004130,	Top-1 err = 25.850000,	Top-5 err = 14.000000,	train_time = 3.091389
TRAIN Iter 211: loss = 0.004397,	Top-1 err = 37.700000,	Top-5 err = 22.600000,	train_time = 2.988621
TRAIN Iter 212: loss = 0.004230,	Top-1 err = 27.350000,	Top-5 err = 14.700000,	train_time = 3.134406
TRAIN Iter 213: loss = 0.004324,	Top-1 err = 36.200000,	Top-5 err = 24.350000,	train_time = 3.082477
TRAIN Iter 214: loss = 0.004232,	Top-1 err = 45.350000,	Top-5 err = 27.000000,	train_time = 2.994831
TRAIN Iter 215: loss = 0.004088,	Top-1 err = 20.950000,	Top-5 err = 11.600000,	train_time = 3.113493
TRAIN Iter 216: loss = 0.004435,	Top-1 err = 52.950000,	Top-5 err = 34.500000,	train_time = 3.062806
TRAIN Iter 217: loss = 0.004147,	Top-1 err = 38.950000,	Top-5 err = 22.500000,	train_time = 3.011681
TRAIN Iter 218: loss = 0.004200,	Top-1 err = 30.850000,	Top-5 err = 16.350000,	train_time = 3.002368
TRAIN Iter 219: loss = 0.004156,	Top-1 err = 52.200000,	Top-5 err = 33.350000,	train_time = 3.015562
TRAIN Iter 220: loss = 0.004224,	Top-1 err = 33.600000,	Top-5 err = 17.000000,	train_time = 3.032244
TRAIN Iter 221: loss = 0.004127,	Top-1 err = 24.800000,	Top-5 err = 15.400000,	train_time = 3.164694
TRAIN Iter 222: loss = 0.004102,	Top-1 err = 41.600000,	Top-5 err = 28.000000,	train_time = 3.023559
TRAIN Iter 223: loss = 0.004211,	Top-1 err = 42.250000,	Top-5 err = 29.750000,	train_time = 3.005119
TRAIN Iter 224: loss = 0.004093,	Top-1 err = 25.650000,	Top-5 err = 12.000000,	train_time = 3.061947
TRAIN Iter 225: loss = 0.004191,	Top-1 err = 42.200000,	Top-5 err = 24.450000,	train_time = 3.031841
TRAIN Iter 226: loss = 0.004016,	Top-1 err = 31.350000,	Top-5 err = 19.850000,	train_time = 3.090064
TRAIN Iter 227: loss = 0.003968,	Top-1 err = 30.700000,	Top-5 err = 18.150000,	train_time = 2.988060
TRAIN Iter 228: loss = 0.004183,	Top-1 err = 33.850000,	Top-5 err = 16.100000,	train_time = 3.073003
TRAIN Iter 229: loss = 0.003949,	Top-1 err = 34.700000,	Top-5 err = 20.600000,	train_time = 3.133711
TRAIN Iter 230: loss = 0.003942,	Top-1 err = 38.850000,	Top-5 err = 21.700000,	train_time = 3.087558
TRAIN Iter 231: loss = 0.003996,	Top-1 err = 37.050000,	Top-5 err = 21.650000,	train_time = 3.250782
TRAIN Iter 232: loss = 0.004134,	Top-1 err = 32.650000,	Top-5 err = 18.750000,	train_time = 3.233152
TRAIN Iter 233: loss = 0.004102,	Top-1 err = 36.850000,	Top-5 err = 24.350000,	train_time = 3.108223
TRAIN Iter 234: loss = 0.004066,	Top-1 err = 38.650000,	Top-5 err = 26.250000,	train_time = 2.977283
TRAIN Iter 235: loss = 0.004005,	Top-1 err = 24.700000,	Top-5 err = 10.850000,	train_time = 3.249470
TRAIN Iter 236: loss = 0.004096,	Top-1 err = 49.800000,	Top-5 err = 31.350000,	train_time = 3.351113
TRAIN Iter 237: loss = 0.003968,	Top-1 err = 44.150000,	Top-5 err = 25.850000,	train_time = 3.190143
TRAIN Iter 238: loss = 0.003790,	Top-1 err = 22.450000,	Top-5 err = 14.400000,	train_time = 3.172280
TRAIN Iter 239: loss = 0.003877,	Top-1 err = 29.150000,	Top-5 err = 17.600000,	train_time = 3.064339
TRAIN Iter 240: loss = 0.003948,	Top-1 err = 23.250000,	Top-5 err = 13.450000,	train_time = 2.957490
TRAIN Iter 241: loss = 0.003816,	Top-1 err = 18.600000,	Top-5 err = 6.750000,	train_time = 3.128207
TRAIN Iter 242: loss = 0.004029,	Top-1 err = 44.450000,	Top-5 err = 24.300000,	train_time = 3.124047
TRAIN Iter 243: loss = 0.004069,	Top-1 err = 21.750000,	Top-5 err = 9.650000,	train_time = 3.003916
TRAIN Iter 244: loss = 0.003968,	Top-1 err = 37.100000,	Top-5 err = 23.950000,	train_time = 3.053138
TRAIN Iter 245: loss = 0.004041,	Top-1 err = 31.750000,	Top-5 err = 18.150000,	train_time = 3.391158
TRAIN Iter 246: loss = 0.003945,	Top-1 err = 26.250000,	Top-5 err = 14.100000,	train_time = 3.119257
TRAIN Iter 247: loss = 0.003883,	Top-1 err = 30.150000,	Top-5 err = 17.200000,	train_time = 3.061045
TRAIN Iter 248: loss = 0.003923,	Top-1 err = 34.600000,	Top-5 err = 21.500000,	train_time = 3.008931
TRAIN Iter 249: loss = 0.004007,	Top-1 err = 40.150000,	Top-5 err = 23.150000,	train_time = 3.099914
TEST:
Iter 249: loss = 2.642673,	Top-1 err = 57.900000,	Top-5 err = 31.690000,	val_time = 2.922166
TRAIN Iter 250: loss = 0.003926,	Top-1 err = 19.100000,	Top-5 err = 7.100000,	train_time = 3.046869
TRAIN Iter 251: loss = 0.003994,	Top-1 err = 34.650000,	Top-5 err = 20.050000,	train_time = 2.980933
TRAIN Iter 252: loss = 0.003800,	Top-1 err = 24.400000,	Top-5 err = 14.400000,	train_time = 3.018997
TRAIN Iter 253: loss = 0.003829,	Top-1 err = 29.500000,	Top-5 err = 19.050000,	train_time = 3.359040
TRAIN Iter 254: loss = 0.003796,	Top-1 err = 17.500000,	Top-5 err = 7.700000,	train_time = 3.194149
TRAIN Iter 255: loss = 0.003830,	Top-1 err = 21.250000,	Top-5 err = 9.050000,	train_time = 3.059685
TRAIN Iter 256: loss = 0.003949,	Top-1 err = 44.950000,	Top-5 err = 27.000000,	train_time = 3.238769
TRAIN Iter 257: loss = 0.003889,	Top-1 err = 29.250000,	Top-5 err = 18.050000,	train_time = 3.092801
TRAIN Iter 258: loss = 0.003834,	Top-1 err = 25.250000,	Top-5 err = 14.300000,	train_time = 3.034686
TRAIN Iter 259: loss = 0.003786,	Top-1 err = 43.050000,	Top-5 err = 32.750000,	train_time = 3.141902
TEST:
Iter 259: loss = 2.591966,	Top-1 err = 57.230000,	Top-5 err = 30.840000,	val_time = 3.169012
TRAIN Iter 260: loss = 0.003761,	Top-1 err = 22.600000,	Top-5 err = 9.500000,	train_time = 3.027883
TRAIN Iter 261: loss = 0.003831,	Top-1 err = 25.200000,	Top-5 err = 12.400000,	train_time = 2.994669
TRAIN Iter 262: loss = 0.003736,	Top-1 err = 30.700000,	Top-5 err = 14.500000,	train_time = 3.248571
TRAIN Iter 263: loss = 0.003649,	Top-1 err = 27.200000,	Top-5 err = 14.500000,	train_time = 3.259934
TRAIN Iter 264: loss = 0.003810,	Top-1 err = 48.100000,	Top-5 err = 34.900000,	train_time = 3.001364
TRAIN Iter 265: loss = 0.003777,	Top-1 err = 15.550000,	Top-5 err = 5.550000,	train_time = 3.257241
TRAIN Iter 266: loss = 0.003758,	Top-1 err = 26.350000,	Top-5 err = 14.300000,	train_time = 3.069651
TRAIN Iter 267: loss = 0.003526,	Top-1 err = 23.900000,	Top-5 err = 13.250000,	train_time = 2.965836
TRAIN Iter 268: loss = 0.003821,	Top-1 err = 34.100000,	Top-5 err = 18.600000,	train_time = 3.201172
TRAIN Iter 269: loss = 0.003769,	Top-1 err = 30.450000,	Top-5 err = 18.500000,	train_time = 3.214027
TEST:
Iter 269: loss = 2.588311,	Top-1 err = 57.750000,	Top-5 err = 30.860000,	val_time = 2.926618
TRAIN Iter 270: loss = 0.003823,	Top-1 err = 40.450000,	Top-5 err = 21.000000,	train_time = 3.135364
TRAIN Iter 271: loss = 0.003752,	Top-1 err = 26.400000,	Top-5 err = 13.250000,	train_time = 3.351291
TRAIN Iter 272: loss = 0.003826,	Top-1 err = 31.850000,	Top-5 err = 19.750000,	train_time = 3.192158
TRAIN Iter 273: loss = 0.003860,	Top-1 err = 42.500000,	Top-5 err = 24.500000,	train_time = 2.959638
TRAIN Iter 274: loss = 0.003692,	Top-1 err = 30.600000,	Top-5 err = 19.550000,	train_time = 3.122841
TRAIN Iter 275: loss = 0.003809,	Top-1 err = 44.900000,	Top-5 err = 28.450000,	train_time = 2.980961
TRAIN Iter 276: loss = 0.003762,	Top-1 err = 43.550000,	Top-5 err = 25.000000,	train_time = 3.178256
TRAIN Iter 277: loss = 0.003686,	Top-1 err = 31.250000,	Top-5 err = 16.750000,	train_time = 3.117913
TRAIN Iter 278: loss = 0.003599,	Top-1 err = 27.000000,	Top-5 err = 14.600000,	train_time = 3.088777
TRAIN Iter 279: loss = 0.003623,	Top-1 err = 24.200000,	Top-5 err = 14.800000,	train_time = 3.106089
TEST:
Iter 279: loss = 2.612888,	Top-1 err = 57.320000,	Top-5 err = 30.770000,	val_time = 2.872781
TRAIN Iter 280: loss = 0.003844,	Top-1 err = 35.350000,	Top-5 err = 18.800000,	train_time = 3.004063
TRAIN Iter 281: loss = 0.003694,	Top-1 err = 37.850000,	Top-5 err = 24.350000,	train_time = 3.271775
TRAIN Iter 282: loss = 0.003853,	Top-1 err = 48.500000,	Top-5 err = 29.300000,	train_time = 3.050277
TRAIN Iter 283: loss = 0.003783,	Top-1 err = 25.700000,	Top-5 err = 13.900000,	train_time = 3.011853
TRAIN Iter 284: loss = 0.003760,	Top-1 err = 33.900000,	Top-5 err = 21.100000,	train_time = 2.983463
TRAIN Iter 285: loss = 0.003705,	Top-1 err = 31.250000,	Top-5 err = 17.200000,	train_time = 3.080231
TRAIN Iter 286: loss = 0.003729,	Top-1 err = 29.900000,	Top-5 err = 16.700000,	train_time = 3.086387
TRAIN Iter 287: loss = 0.003577,	Top-1 err = 25.050000,	Top-5 err = 10.950000,	train_time = 3.192595
TRAIN Iter 288: loss = 0.003705,	Top-1 err = 21.750000,	Top-5 err = 10.100000,	train_time = 3.101112
TRAIN Iter 289: loss = 0.003648,	Top-1 err = 43.000000,	Top-5 err = 30.200000,	train_time = 3.174902
TEST:
Iter 289: loss = 2.536884,	Top-1 err = 56.560000,	Top-5 err = 30.140000,	val_time = 3.069081
TRAIN Iter 290: loss = 0.003785,	Top-1 err = 33.950000,	Top-5 err = 17.700000,	train_time = 3.051785
TRAIN Iter 291: loss = 0.003678,	Top-1 err = 35.450000,	Top-5 err = 21.950000,	train_time = 3.001673
TRAIN Iter 292: loss = 0.003769,	Top-1 err = 32.200000,	Top-5 err = 19.550000,	train_time = 4.320334
TRAIN Iter 293: loss = 0.003545,	Top-1 err = 39.000000,	Top-5 err = 26.150000,	train_time = 3.018939
TRAIN Iter 294: loss = 0.003675,	Top-1 err = 32.000000,	Top-5 err = 19.800000,	train_time = 2.948395
TRAIN Iter 295: loss = 0.003621,	Top-1 err = 31.900000,	Top-5 err = 18.050000,	train_time = 3.021792
TRAIN Iter 296: loss = 0.003481,	Top-1 err = 28.800000,	Top-5 err = 15.950000,	train_time = 2.991830
TRAIN Iter 297: loss = 0.003571,	Top-1 err = 36.750000,	Top-5 err = 19.700000,	train_time = 3.033377
TRAIN Iter 298: loss = 0.003525,	Top-1 err = 31.650000,	Top-5 err = 20.300000,	train_time = 3.205057
TRAIN Iter 299: loss = 0.003528,	Top-1 err = 33.500000,	Top-5 err = 19.750000,	train_time = 3.253109
TEST:
Iter 299: loss = 2.535414,	Top-1 err = 56.940000,	Top-5 err = 29.930000,	val_time = 2.833978
Train Finish! Best accuracy is 43.44@289
