/home/dvspanos/miniconda3/envs/rded/lib/python3.10/site-packages/torchvision/models/_utils.py:208: UserWarning: The parameter 'pretrained' is deprecated since 0.13 and may be removed in the future, please use 'weights' instead.
  warnings.warn(
/home/dvspanos/miniconda3/envs/rded/lib/python3.10/site-packages/torchvision/models/_utils.py:223: UserWarning: Arguments other than a weight enum or `None` for 'weights' are deprecated since 0.13 and may be removed in the future. The current behavior is equivalent to passing `weights=None`.
  warnings.warn(msg)
=> using pytorch pre-trained teacher model 'resnet18_modified'
process data from /home/dvspanos/nikos/ca2d/artifacts/rded_sets/bench_tin_rn18_el2nw60_ipc50
load data successfully
TRAIN Iter 0: loss = 0.011370,	Top-1 err = 98.450000,	Top-5 err = 93.720000,	train_time = 15.155979
TRAIN Iter 1: loss = 0.009977,	Top-1 err = 96.570000,	Top-5 err = 87.300000,	train_time = 13.901204
TRAIN Iter 2: loss = 0.009513,	Top-1 err = 95.410000,	Top-5 err = 83.790000,	train_time = 14.146605
TRAIN Iter 3: loss = 0.008767,	Top-1 err = 95.330000,	Top-5 err = 82.610000,	train_time = 16.288493
TRAIN Iter 4: loss = 0.008642,	Top-1 err = 94.080000,	Top-5 err = 79.190000,	train_time = 15.611969
TRAIN Iter 5: loss = 0.008388,	Top-1 err = 92.450000,	Top-5 err = 75.520000,	train_time = 16.906357
TRAIN Iter 6: loss = 0.008191,	Top-1 err = 91.330000,	Top-5 err = 72.280000,	train_time = 16.126178
TRAIN Iter 7: loss = 0.007787,	Top-1 err = 90.170000,	Top-5 err = 71.410000,	train_time = 16.746693
TRAIN Iter 8: loss = 0.007393,	Top-1 err = 90.600000,	Top-5 err = 72.030000,	train_time = 15.949080
TRAIN Iter 9: loss = 0.007312,	Top-1 err = 88.600000,	Top-5 err = 68.280000,	train_time = 16.993581
TRAIN Iter 10: loss = 0.007132,	Top-1 err = 88.520000,	Top-5 err = 68.280000,	train_time = 16.288537
TRAIN Iter 11: loss = 0.007209,	Top-1 err = 85.540000,	Top-5 err = 62.190000,	train_time = 17.125811
TRAIN Iter 12: loss = 0.006847,	Top-1 err = 85.890000,	Top-5 err = 62.530000,	train_time = 16.286742
TRAIN Iter 13: loss = 0.006785,	Top-1 err = 84.610000,	Top-5 err = 62.700000,	train_time = 16.911093
TRAIN Iter 14: loss = 0.006523,	Top-1 err = 84.180000,	Top-5 err = 61.240000,	train_time = 16.081954
TRAIN Iter 15: loss = 0.006422,	Top-1 err = 82.630000,	Top-5 err = 57.600000,	train_time = 16.795125
TRAIN Iter 16: loss = 0.006368,	Top-1 err = 81.900000,	Top-5 err = 56.840000,	train_time = 16.379550
TRAIN Iter 17: loss = 0.006141,	Top-1 err = 80.920000,	Top-5 err = 57.160000,	train_time = 16.536986
TRAIN Iter 18: loss = 0.006074,	Top-1 err = 81.330000,	Top-5 err = 57.340000,	train_time = 18.189617
TRAIN Iter 19: loss = 0.005862,	Top-1 err = 78.630000,	Top-5 err = 53.570000,	train_time = 16.830009
TRAIN Iter 20: loss = 0.005764,	Top-1 err = 80.100000,	Top-5 err = 55.970000,	train_time = 16.217034
TRAIN Iter 21: loss = 0.005680,	Top-1 err = 78.880000,	Top-5 err = 55.930000,	train_time = 16.357661
TRAIN Iter 22: loss = 0.005678,	Top-1 err = 75.500000,	Top-5 err = 49.870000,	train_time = 16.779756
TRAIN Iter 23: loss = 0.005484,	Top-1 err = 75.350000,	Top-5 err = 48.570000,	train_time = 16.241073
TRAIN Iter 24: loss = 0.005361,	Top-1 err = 76.490000,	Top-5 err = 51.650000,	train_time = 17.050991
TRAIN Iter 25: loss = 0.005237,	Top-1 err = 74.640000,	Top-5 err = 49.350000,	train_time = 16.528135
TRAIN Iter 26: loss = 0.005148,	Top-1 err = 73.330000,	Top-5 err = 47.410000,	train_time = 16.636082
TRAIN Iter 27: loss = 0.004960,	Top-1 err = 74.760000,	Top-5 err = 49.080000,	train_time = 17.664865
TRAIN Iter 28: loss = 0.005024,	Top-1 err = 71.820000,	Top-5 err = 46.290000,	train_time = 16.361148
TRAIN Iter 29: loss = 0.004895,	Top-1 err = 68.080000,	Top-5 err = 40.820000,	train_time = 17.506093
TRAIN Iter 30: loss = 0.004801,	Top-1 err = 74.040000,	Top-5 err = 48.930000,	train_time = 16.557863
TRAIN Iter 31: loss = 0.004759,	Top-1 err = 68.920000,	Top-5 err = 42.740000,	train_time = 17.241593
TRAIN Iter 32: loss = 0.004682,	Top-1 err = 68.050000,	Top-5 err = 42.060000,	train_time = 16.173014
TRAIN Iter 33: loss = 0.004649,	Top-1 err = 72.140000,	Top-5 err = 48.460000,	train_time = 16.969754
TRAIN Iter 34: loss = 0.004467,	Top-1 err = 74.100000,	Top-5 err = 50.970000,	train_time = 16.390340
TRAIN Iter 35: loss = 0.004531,	Top-1 err = 68.250000,	Top-5 err = 43.200000,	train_time = 16.600630
TRAIN Iter 36: loss = 0.004494,	Top-1 err = 66.030000,	Top-5 err = 40.460000,	train_time = 17.913810
TRAIN Iter 37: loss = 0.004350,	Top-1 err = 67.740000,	Top-5 err = 42.820000,	train_time = 16.785886
TRAIN Iter 38: loss = 0.004296,	Top-1 err = 70.640000,	Top-5 err = 47.000000,	train_time = 16.253373
TRAIN Iter 39: loss = 0.004291,	Top-1 err = 66.560000,	Top-5 err = 42.060000,	train_time = 17.105052
TRAIN Iter 40: loss = 0.004161,	Top-1 err = 67.270000,	Top-5 err = 41.940000,	train_time = 16.212461
TRAIN Iter 41: loss = 0.004226,	Top-1 err = 70.180000,	Top-5 err = 46.740000,	train_time = 16.819119
TRAIN Iter 42: loss = 0.004157,	Top-1 err = 61.160000,	Top-5 err = 35.550000,	train_time = 16.424374
TRAIN Iter 43: loss = 0.004114,	Top-1 err = 67.840000,	Top-5 err = 44.220000,	train_time = 17.279941
TRAIN Iter 44: loss = 0.004039,	Top-1 err = 65.380000,	Top-5 err = 40.960000,	train_time = 16.760591
TRAIN Iter 45: loss = 0.003947,	Top-1 err = 68.790000,	Top-5 err = 46.180000,	train_time = 16.373779
TRAIN Iter 46: loss = 0.003949,	Top-1 err = 66.140000,	Top-5 err = 42.650000,	train_time = 17.715718
TRAIN Iter 47: loss = 0.003869,	Top-1 err = 67.000000,	Top-5 err = 44.140000,	train_time = 17.351096
TRAIN Iter 48: loss = 0.003874,	Top-1 err = 60.870000,	Top-5 err = 35.480000,	train_time = 16.674841
TRAIN Iter 49: loss = 0.003884,	Top-1 err = 64.100000,	Top-5 err = 39.790000,	train_time = 15.952955
TRAIN Iter 50: loss = 0.003810,	Top-1 err = 66.560000,	Top-5 err = 42.700000,	train_time = 16.715956
TRAIN Iter 51: loss = 0.003765,	Top-1 err = 65.750000,	Top-5 err = 42.150000,	train_time = 16.584354
TRAIN Iter 52: loss = 0.003738,	Top-1 err = 64.540000,	Top-5 err = 40.980000,	train_time = 16.334920
TRAIN Iter 53: loss = 0.003758,	Top-1 err = 64.730000,	Top-5 err = 42.290000,	train_time = 16.881461
TRAIN Iter 54: loss = 0.003699,	Top-1 err = 65.030000,	Top-5 err = 41.420000,	train_time = 16.251680
TRAIN Iter 55: loss = 0.003671,	Top-1 err = 59.230000,	Top-5 err = 35.390000,	train_time = 16.452790
TRAIN Iter 56: loss = 0.003652,	Top-1 err = 62.330000,	Top-5 err = 39.240000,	train_time = 17.845952
TRAIN Iter 57: loss = 0.003612,	Top-1 err = 57.680000,	Top-5 err = 34.530000,	train_time = 16.360604
TRAIN Iter 58: loss = 0.003557,	Top-1 err = 55.730000,	Top-5 err = 32.070000,	train_time = 17.334190
TRAIN Iter 59: loss = 0.003609,	Top-1 err = 58.660000,	Top-5 err = 35.310000,	train_time = 16.888515
TRAIN Iter 60: loss = 0.003564,	Top-1 err = 63.440000,	Top-5 err = 40.270000,	train_time = 16.051244
TRAIN Iter 61: loss = 0.003511,	Top-1 err = 63.430000,	Top-5 err = 40.960000,	train_time = 16.803664
TRAIN Iter 62: loss = 0.003512,	Top-1 err = 62.310000,	Top-5 err = 38.520000,	train_time = 16.484161
TRAIN Iter 63: loss = 0.003499,	Top-1 err = 60.250000,	Top-5 err = 36.360000,	train_time = 17.280122
TRAIN Iter 64: loss = 0.003437,	Top-1 err = 62.130000,	Top-5 err = 39.940000,	train_time = 17.015895
TRAIN Iter 65: loss = 0.003403,	Top-1 err = 53.720000,	Top-5 err = 30.100000,	train_time = 16.138956
TRAIN Iter 66: loss = 0.003394,	Top-1 err = 60.090000,	Top-5 err = 38.420000,	train_time = 17.366420
TRAIN Iter 67: loss = 0.003364,	Top-1 err = 59.720000,	Top-5 err = 37.450000,	train_time = 15.952133
TRAIN Iter 68: loss = 0.003378,	Top-1 err = 63.920000,	Top-5 err = 41.980000,	train_time = 18.084407
TRAIN Iter 69: loss = 0.003319,	Top-1 err = 60.580000,	Top-5 err = 37.530000,	train_time = 16.579335
TRAIN Iter 70: loss = 0.003361,	Top-1 err = 64.390000,	Top-5 err = 42.780000,	train_time = 16.007303
TRAIN Iter 71: loss = 0.003315,	Top-1 err = 56.380000,	Top-5 err = 34.080000,	train_time = 16.494038
TRAIN Iter 72: loss = 0.003281,	Top-1 err = 63.520000,	Top-5 err = 43.130000,	train_time = 16.549849
TRAIN Iter 73: loss = 0.003254,	Top-1 err = 63.490000,	Top-5 err = 41.340000,	train_time = 16.959798
TRAIN Iter 74: loss = 0.003221,	Top-1 err = 66.560000,	Top-5 err = 44.330000,	train_time = 17.200809
TRAIN Iter 75: loss = 0.003245,	Top-1 err = 62.800000,	Top-5 err = 40.190000,	train_time = 16.994346
TRAIN Iter 76: loss = 0.003188,	Top-1 err = 54.970000,	Top-5 err = 32.070000,	train_time = 17.142904
TRAIN Iter 77: loss = 0.003236,	Top-1 err = 58.310000,	Top-5 err = 37.040000,	train_time = 17.333447
TRAIN Iter 78: loss = 0.003190,	Top-1 err = 60.780000,	Top-5 err = 38.720000,	train_time = 15.887832
TRAIN Iter 79: loss = 0.003161,	Top-1 err = 57.670000,	Top-5 err = 35.330000,	train_time = 17.072445
TRAIN Iter 80: loss = 0.003153,	Top-1 err = 60.110000,	Top-5 err = 39.090000,	train_time = 16.429912
TRAIN Iter 81: loss = 0.003142,	Top-1 err = 55.630000,	Top-5 err = 33.670000,	train_time = 17.820822
TRAIN Iter 82: loss = 0.003162,	Top-1 err = 58.200000,	Top-5 err = 36.920000,	train_time = 16.046816
TRAIN Iter 83: loss = 0.003119,	Top-1 err = 58.220000,	Top-5 err = 35.490000,	train_time = 16.600421
TRAIN Iter 84: loss = 0.003120,	Top-1 err = 56.030000,	Top-5 err = 34.110000,	train_time = 16.699100
TRAIN Iter 85: loss = 0.003085,	Top-1 err = 56.710000,	Top-5 err = 34.960000,	train_time = 16.205164
TRAIN Iter 86: loss = 0.003061,	Top-1 err = 61.000000,	Top-5 err = 39.730000,	train_time = 17.064880
TRAIN Iter 87: loss = 0.003094,	Top-1 err = 55.220000,	Top-5 err = 32.680000,	train_time = 17.334408
TRAIN Iter 88: loss = 0.003080,	Top-1 err = 57.650000,	Top-5 err = 35.290000,	train_time = 17.297562
TRAIN Iter 89: loss = 0.003036,	Top-1 err = 58.520000,	Top-5 err = 37.640000,	train_time = 16.585468
TRAIN Iter 90: loss = 0.003034,	Top-1 err = 56.110000,	Top-5 err = 35.060000,	train_time = 16.586088
TRAIN Iter 91: loss = 0.003059,	Top-1 err = 58.810000,	Top-5 err = 35.720000,	train_time = 16.417314
TRAIN Iter 92: loss = 0.003031,	Top-1 err = 58.540000,	Top-5 err = 37.310000,	train_time = 16.941360
TRAIN Iter 93: loss = 0.003037,	Top-1 err = 60.440000,	Top-5 err = 38.790000,	train_time = 16.783313
TRAIN Iter 94: loss = 0.003023,	Top-1 err = 59.300000,	Top-5 err = 39.220000,	train_time = 16.144166
TRAIN Iter 95: loss = 0.003011,	Top-1 err = 59.520000,	Top-5 err = 37.170000,	train_time = 17.473935
TRAIN Iter 96: loss = 0.002980,	Top-1 err = 57.310000,	Top-5 err = 36.460000,	train_time = 16.550311
TRAIN Iter 97: loss = 0.002952,	Top-1 err = 61.540000,	Top-5 err = 40.800000,	train_time = 16.532868
TRAIN Iter 98: loss = 0.002950,	Top-1 err = 56.020000,	Top-5 err = 33.760000,	train_time = 16.751425
TRAIN Iter 99: loss = 0.002943,	Top-1 err = 51.360000,	Top-5 err = 30.330000,	train_time = 16.522638
TRAIN Iter 100: loss = 0.002968,	Top-1 err = 58.080000,	Top-5 err = 36.570000,	train_time = 16.667253
TRAIN Iter 101: loss = 0.002914,	Top-1 err = 59.610000,	Top-5 err = 38.900000,	train_time = 17.759369
TRAIN Iter 102: loss = 0.002871,	Top-1 err = 53.840000,	Top-5 err = 33.490000,	train_time = 16.644706
TRAIN Iter 103: loss = 0.002876,	Top-1 err = 58.940000,	Top-5 err = 37.200000,	train_time = 17.384963
TRAIN Iter 104: loss = 0.002889,	Top-1 err = 56.770000,	Top-5 err = 36.440000,	train_time = 16.635823
TRAIN Iter 105: loss = 0.002864,	Top-1 err = 59.380000,	Top-5 err = 37.540000,	train_time = 17.596592
TRAIN Iter 106: loss = 0.002870,	Top-1 err = 55.150000,	Top-5 err = 34.080000,	train_time = 17.414643
TRAIN Iter 107: loss = 0.002895,	Top-1 err = 60.580000,	Top-5 err = 39.710000,	train_time = 17.094440
TRAIN Iter 108: loss = 0.002839,	Top-1 err = 52.430000,	Top-5 err = 30.700000,	train_time = 17.820255
TRAIN Iter 109: loss = 0.002907,	Top-1 err = 62.850000,	Top-5 err = 42.500000,	train_time = 16.675330
TRAIN Iter 110: loss = 0.002852,	Top-1 err = 57.470000,	Top-5 err = 36.890000,	train_time = 17.795384
TRAIN Iter 111: loss = 0.002845,	Top-1 err = 55.550000,	Top-5 err = 34.730000,	train_time = 16.446145
TRAIN Iter 112: loss = 0.002810,	Top-1 err = 62.430000,	Top-5 err = 41.890000,	train_time = 17.687234
TRAIN Iter 113: loss = 0.002809,	Top-1 err = 59.020000,	Top-5 err = 39.030000,	train_time = 16.676066
TRAIN Iter 114: loss = 0.002792,	Top-1 err = 56.710000,	Top-5 err = 35.740000,	train_time = 17.169410
TRAIN Iter 115: loss = 0.002814,	Top-1 err = 54.340000,	Top-5 err = 34.220000,	train_time = 16.693919
TRAIN Iter 116: loss = 0.002828,	Top-1 err = 56.820000,	Top-5 err = 35.500000,	train_time = 16.658439
TRAIN Iter 117: loss = 0.002805,	Top-1 err = 58.360000,	Top-5 err = 38.250000,	train_time = 17.879795
TRAIN Iter 118: loss = 0.002796,	Top-1 err = 59.840000,	Top-5 err = 40.170000,	train_time = 16.444786
TRAIN Iter 119: loss = 0.002795,	Top-1 err = 62.580000,	Top-5 err = 43.460000,	train_time = 16.829272
TRAIN Iter 120: loss = 0.002751,	Top-1 err = 57.770000,	Top-5 err = 35.990000,	train_time = 18.354034
TRAIN Iter 121: loss = 0.002779,	Top-1 err = 55.280000,	Top-5 err = 33.360000,	train_time = 16.491516
TRAIN Iter 122: loss = 0.002757,	Top-1 err = 56.100000,	Top-5 err = 35.420000,	train_time = 16.858585
TRAIN Iter 123: loss = 0.002782,	Top-1 err = 58.770000,	Top-5 err = 37.330000,	train_time = 16.657021
TRAIN Iter 124: loss = 0.002715,	Top-1 err = 59.190000,	Top-5 err = 38.810000,	train_time = 17.860758
TRAIN Iter 125: loss = 0.002725,	Top-1 err = 55.650000,	Top-5 err = 35.390000,	train_time = 17.051707
TRAIN Iter 126: loss = 0.002731,	Top-1 err = 53.980000,	Top-5 err = 33.860000,	train_time = 16.456598
TRAIN Iter 127: loss = 0.002737,	Top-1 err = 59.030000,	Top-5 err = 38.840000,	train_time = 17.179410
TRAIN Iter 128: loss = 0.002716,	Top-1 err = 53.900000,	Top-5 err = 32.610000,	train_time = 17.530797
TRAIN Iter 129: loss = 0.002696,	Top-1 err = 53.080000,	Top-5 err = 33.740000,	train_time = 16.896973
TRAIN Iter 130: loss = 0.002669,	Top-1 err = 51.270000,	Top-5 err = 29.520000,	train_time = 16.350681
TRAIN Iter 131: loss = 0.002668,	Top-1 err = 55.910000,	Top-5 err = 36.190000,	train_time = 17.927691
TRAIN Iter 132: loss = 0.002669,	Top-1 err = 58.450000,	Top-5 err = 38.630000,	train_time = 16.914841
TRAIN Iter 133: loss = 0.002679,	Top-1 err = 55.240000,	Top-5 err = 34.210000,	train_time = 16.429706
TRAIN Iter 134: loss = 0.002686,	Top-1 err = 58.830000,	Top-5 err = 39.610000,	train_time = 17.083971
TRAIN Iter 135: loss = 0.002695,	Top-1 err = 58.540000,	Top-5 err = 36.980000,	train_time = 16.497111
TRAIN Iter 136: loss = 0.002688,	Top-1 err = 58.990000,	Top-5 err = 39.040000,	train_time = 16.703052
TRAIN Iter 137: loss = 0.002672,	Top-1 err = 54.350000,	Top-5 err = 34.260000,	train_time = 18.191804
TRAIN Iter 138: loss = 0.002657,	Top-1 err = 52.460000,	Top-5 err = 32.460000,	train_time = 17.149531
TRAIN Iter 139: loss = 0.002621,	Top-1 err = 55.190000,	Top-5 err = 35.910000,	train_time = 16.286555
TRAIN Iter 140: loss = 0.002639,	Top-1 err = 58.720000,	Top-5 err = 38.310000,	train_time = 16.675407
TRAIN Iter 141: loss = 0.002640,	Top-1 err = 55.940000,	Top-5 err = 35.810000,	train_time = 18.042181
TRAIN Iter 142: loss = 0.002695,	Top-1 err = 58.520000,	Top-5 err = 37.750000,	train_time = 16.728716
TRAIN Iter 143: loss = 0.002625,	Top-1 err = 58.390000,	Top-5 err = 36.830000,	train_time = 16.887985
TRAIN Iter 144: loss = 0.002632,	Top-1 err = 56.100000,	Top-5 err = 34.580000,	train_time = 17.357744
TRAIN Iter 145: loss = 0.002655,	Top-1 err = 55.220000,	Top-5 err = 33.980000,	train_time = 16.790125
TRAIN Iter 146: loss = 0.002630,	Top-1 err = 56.530000,	Top-5 err = 35.670000,	train_time = 16.774334
TRAIN Iter 147: loss = 0.002621,	Top-1 err = 52.930000,	Top-5 err = 31.980000,	train_time = 16.780206
TRAIN Iter 148: loss = 0.002584,	Top-1 err = 55.940000,	Top-5 err = 36.760000,	train_time = 18.179649
TRAIN Iter 149: loss = 0.002612,	Top-1 err = 52.580000,	Top-5 err = 31.320000,	train_time = 16.368868
TRAIN Iter 150: loss = 0.002595,	Top-1 err = 52.240000,	Top-5 err = 30.920000,	train_time = 16.746265
TRAIN Iter 151: loss = 0.002590,	Top-1 err = 58.730000,	Top-5 err = 38.760000,	train_time = 17.129820
TRAIN Iter 152: loss = 0.002582,	Top-1 err = 57.090000,	Top-5 err = 37.940000,	train_time = 16.757524
TRAIN Iter 153: loss = 0.002558,	Top-1 err = 51.860000,	Top-5 err = 30.860000,	train_time = 16.771003
TRAIN Iter 154: loss = 0.002565,	Top-1 err = 55.920000,	Top-5 err = 35.870000,	train_time = 17.085651
TRAIN Iter 155: loss = 0.002604,	Top-1 err = 55.660000,	Top-5 err = 33.650000,	train_time = 17.015456
TRAIN Iter 156: loss = 0.002576,	Top-1 err = 55.990000,	Top-5 err = 35.210000,	train_time = 16.922708
TRAIN Iter 157: loss = 0.002561,	Top-1 err = 58.650000,	Top-5 err = 40.030000,	train_time = 17.346110
TRAIN Iter 158: loss = 0.002580,	Top-1 err = 51.980000,	Top-5 err = 30.300000,	train_time = 17.843408
TRAIN Iter 159: loss = 0.002534,	Top-1 err = 52.080000,	Top-5 err = 32.300000,	train_time = 16.510241
TRAIN Iter 160: loss = 0.002570,	Top-1 err = 57.090000,	Top-5 err = 36.910000,	train_time = 18.050498
TRAIN Iter 161: loss = 0.002518,	Top-1 err = 55.080000,	Top-5 err = 35.270000,	train_time = 17.145203
TRAIN Iter 162: loss = 0.002536,	Top-1 err = 56.650000,	Top-5 err = 37.790000,	train_time = 16.854939
TRAIN Iter 163: loss = 0.002521,	Top-1 err = 60.030000,	Top-5 err = 40.200000,	train_time = 16.701988
TRAIN Iter 164: loss = 0.002567,	Top-1 err = 61.930000,	Top-5 err = 42.040000,	train_time = 17.356491
TRAIN Iter 165: loss = 0.002516,	Top-1 err = 55.100000,	Top-5 err = 35.100000,	train_time = 16.093280
TRAIN Iter 166: loss = 0.002511,	Top-1 err = 51.460000,	Top-5 err = 30.390000,	train_time = 18.033244
TRAIN Iter 167: loss = 0.002519,	Top-1 err = 57.230000,	Top-5 err = 37.890000,	train_time = 16.124893
TRAIN Iter 168: loss = 0.002498,	Top-1 err = 58.070000,	Top-5 err = 39.620000,	train_time = 16.850405
TRAIN Iter 169: loss = 0.002488,	Top-1 err = 51.300000,	Top-5 err = 31.440000,	train_time = 16.540857
TRAIN Iter 170: loss = 0.002418,	Top-1 err = 48.340000,	Top-5 err = 28.980000,	train_time = 17.780475
TRAIN Iter 171: loss = 0.002505,	Top-1 err = 55.870000,	Top-5 err = 34.330000,	train_time = 16.592910
TRAIN Iter 172: loss = 0.002481,	Top-1 err = 55.530000,	Top-5 err = 36.130000,	train_time = 17.705948
TRAIN Iter 173: loss = 0.002478,	Top-1 err = 53.450000,	Top-5 err = 33.080000,	train_time = 16.235545
TRAIN Iter 174: loss = 0.002497,	Top-1 err = 59.460000,	Top-5 err = 40.520000,	train_time = 16.620644
TRAIN Iter 175: loss = 0.002516,	Top-1 err = 54.380000,	Top-5 err = 33.710000,	train_time = 16.804210
TRAIN Iter 176: loss = 0.002504,	Top-1 err = 59.210000,	Top-5 err = 39.940000,	train_time = 17.481247
TRAIN Iter 177: loss = 0.002464,	Top-1 err = 55.420000,	Top-5 err = 35.240000,	train_time = 16.539562
TRAIN Iter 178: loss = 0.002455,	Top-1 err = 54.940000,	Top-5 err = 34.340000,	train_time = 17.660121
TRAIN Iter 179: loss = 0.002455,	Top-1 err = 59.540000,	Top-5 err = 40.800000,	train_time = 17.091236
TRAIN Iter 180: loss = 0.002480,	Top-1 err = 56.510000,	Top-5 err = 34.680000,	train_time = 17.043591
TRAIN Iter 181: loss = 0.002460,	Top-1 err = 56.550000,	Top-5 err = 37.330000,	train_time = 17.057814
TRAIN Iter 182: loss = 0.002400,	Top-1 err = 47.180000,	Top-5 err = 29.030000,	train_time = 16.354845
TRAIN Iter 183: loss = 0.002430,	Top-1 err = 52.170000,	Top-5 err = 32.300000,	train_time = 17.294349
TRAIN Iter 184: loss = 0.002489,	Top-1 err = 58.260000,	Top-5 err = 38.130000,	train_time = 17.763981
TRAIN Iter 185: loss = 0.002452,	Top-1 err = 55.980000,	Top-5 err = 35.730000,	train_time = 16.189292
TRAIN Iter 186: loss = 0.002446,	Top-1 err = 57.190000,	Top-5 err = 37.080000,	train_time = 17.744141
TRAIN Iter 187: loss = 0.002461,	Top-1 err = 60.420000,	Top-5 err = 39.240000,	train_time = 16.737570
TRAIN Iter 188: loss = 0.002424,	Top-1 err = 51.090000,	Top-5 err = 30.180000,	train_time = 16.761637
TRAIN Iter 189: loss = 0.002399,	Top-1 err = 52.710000,	Top-5 err = 31.970000,	train_time = 16.508401
TRAIN Iter 190: loss = 0.002431,	Top-1 err = 55.670000,	Top-5 err = 37.060000,	train_time = 17.262453
TRAIN Iter 191: loss = 0.002424,	Top-1 err = 53.820000,	Top-5 err = 33.610000,	train_time = 16.378799
TRAIN Iter 192: loss = 0.002444,	Top-1 err = 58.000000,	Top-5 err = 38.650000,	train_time = 18.164729
TRAIN Iter 193: loss = 0.002374,	Top-1 err = 47.800000,	Top-5 err = 27.990000,	train_time = 16.365169
TRAIN Iter 194: loss = 0.002414,	Top-1 err = 55.910000,	Top-5 err = 37.180000,	train_time = 16.592753
TRAIN Iter 195: loss = 0.002402,	Top-1 err = 57.930000,	Top-5 err = 39.540000,	train_time = 17.925106
TRAIN Iter 196: loss = 0.002398,	Top-1 err = 54.030000,	Top-5 err = 34.650000,	train_time = 16.913459
TRAIN Iter 197: loss = 0.002400,	Top-1 err = 56.180000,	Top-5 err = 37.150000,	train_time = 16.825541
TRAIN Iter 198: loss = 0.002408,	Top-1 err = 55.030000,	Top-5 err = 35.250000,	train_time = 16.447866
TRAIN Iter 199: loss = 0.002387,	Top-1 err = 54.360000,	Top-5 err = 34.920000,	train_time = 16.613084
TRAIN Iter 200: loss = 0.002384,	Top-1 err = 50.930000,	Top-5 err = 30.460000,	train_time = 16.777611
TRAIN Iter 201: loss = 0.002399,	Top-1 err = 54.190000,	Top-5 err = 34.650000,	train_time = 17.504520
TRAIN Iter 202: loss = 0.002393,	Top-1 err = 55.770000,	Top-5 err = 35.390000,	train_time = 16.490505
TRAIN Iter 203: loss = 0.002355,	Top-1 err = 51.720000,	Top-5 err = 31.790000,	train_time = 16.722423
TRAIN Iter 204: loss = 0.002358,	Top-1 err = 52.850000,	Top-5 err = 33.680000,	train_time = 17.169304
TRAIN Iter 205: loss = 0.002342,	Top-1 err = 55.410000,	Top-5 err = 36.250000,	train_time = 16.987260
TRAIN Iter 206: loss = 0.002350,	Top-1 err = 54.310000,	Top-5 err = 35.660000,	train_time = 17.677088
TRAIN Iter 207: loss = 0.002353,	Top-1 err = 58.660000,	Top-5 err = 39.540000,	train_time = 16.806846
TRAIN Iter 208: loss = 0.002297,	Top-1 err = 49.120000,	Top-5 err = 30.630000,	train_time = 17.133720
TRAIN Iter 209: loss = 0.002379,	Top-1 err = 56.610000,	Top-5 err = 36.590000,	train_time = 16.962364
TRAIN Iter 210: loss = 0.002369,	Top-1 err = 54.050000,	Top-5 err = 35.120000,	train_time = 16.467176
TRAIN Iter 211: loss = 0.002358,	Top-1 err = 57.400000,	Top-5 err = 38.350000,	train_time = 17.881725
TRAIN Iter 212: loss = 0.002364,	Top-1 err = 56.680000,	Top-5 err = 36.420000,	train_time = 16.678590
TRAIN Iter 213: loss = 0.002378,	Top-1 err = 60.730000,	Top-5 err = 40.350000,	train_time = 16.854825
TRAIN Iter 214: loss = 0.002335,	Top-1 err = 47.030000,	Top-5 err = 26.320000,	train_time = 16.151664
TRAIN Iter 215: loss = 0.002275,	Top-1 err = 47.620000,	Top-5 err = 28.690000,	train_time = 16.526599
TRAIN Iter 216: loss = 0.002343,	Top-1 err = 52.490000,	Top-5 err = 31.930000,	train_time = 16.725201
TRAIN Iter 217: loss = 0.002307,	Top-1 err = 49.150000,	Top-5 err = 29.660000,	train_time = 16.679545
TRAIN Iter 218: loss = 0.002357,	Top-1 err = 55.910000,	Top-5 err = 34.860000,	train_time = 17.773758
TRAIN Iter 219: loss = 0.002298,	Top-1 err = 53.850000,	Top-5 err = 34.110000,	train_time = 16.746565
TRAIN Iter 220: loss = 0.002307,	Top-1 err = 50.900000,	Top-5 err = 31.980000,	train_time = 17.759541
TRAIN Iter 221: loss = 0.002331,	Top-1 err = 59.220000,	Top-5 err = 39.590000,	train_time = 16.126647
TRAIN Iter 222: loss = 0.002305,	Top-1 err = 50.350000,	Top-5 err = 30.470000,	train_time = 17.610042
TRAIN Iter 223: loss = 0.002302,	Top-1 err = 53.370000,	Top-5 err = 33.520000,	train_time = 17.106482
TRAIN Iter 224: loss = 0.002295,	Top-1 err = 52.660000,	Top-5 err = 33.060000,	train_time = 16.644608
TRAIN Iter 225: loss = 0.002294,	Top-1 err = 51.250000,	Top-5 err = 31.030000,	train_time = 16.497093
TRAIN Iter 226: loss = 0.002325,	Top-1 err = 54.480000,	Top-5 err = 34.960000,	train_time = 17.811644
TRAIN Iter 227: loss = 0.002334,	Top-1 err = 53.400000,	Top-5 err = 33.300000,	train_time = 17.155253
TRAIN Iter 228: loss = 0.002268,	Top-1 err = 51.640000,	Top-5 err = 33.760000,	train_time = 16.221967
TRAIN Iter 229: loss = 0.002278,	Top-1 err = 51.570000,	Top-5 err = 30.820000,	train_time = 17.948368
TRAIN Iter 230: loss = 0.002298,	Top-1 err = 55.020000,	Top-5 err = 36.670000,	train_time = 16.817644
TRAIN Iter 231: loss = 0.002292,	Top-1 err = 54.590000,	Top-5 err = 35.010000,	train_time = 16.089016
TRAIN Iter 232: loss = 0.002271,	Top-1 err = 53.200000,	Top-5 err = 33.580000,	train_time = 17.924294
TRAIN Iter 233: loss = 0.002280,	Top-1 err = 54.690000,	Top-5 err = 35.460000,	train_time = 17.150976
TRAIN Iter 234: loss = 0.002259,	Top-1 err = 53.650000,	Top-5 err = 34.610000,	train_time = 16.412169
TRAIN Iter 235: loss = 0.002289,	Top-1 err = 55.590000,	Top-5 err = 36.270000,	train_time = 17.577536
TRAIN Iter 236: loss = 0.002267,	Top-1 err = 55.520000,	Top-5 err = 36.040000,	train_time = 17.001129
TRAIN Iter 237: loss = 0.002271,	Top-1 err = 52.960000,	Top-5 err = 32.810000,	train_time = 16.516721
TRAIN Iter 238: loss = 0.002268,	Top-1 err = 52.210000,	Top-5 err = 32.280000,	train_time = 17.407203
TRAIN Iter 239: loss = 0.002227,	Top-1 err = 53.720000,	Top-5 err = 35.170000,	train_time = 16.451069
TRAIN Iter 240: loss = 0.002270,	Top-1 err = 56.540000,	Top-5 err = 37.520000,	train_time = 17.576241
TRAIN Iter 241: loss = 0.002265,	Top-1 err = 54.870000,	Top-5 err = 35.870000,	train_time = 16.610817
TRAIN Iter 242: loss = 0.002290,	Top-1 err = 54.590000,	Top-5 err = 34.440000,	train_time = 17.264085
TRAIN Iter 243: loss = 0.002259,	Top-1 err = 53.300000,	Top-5 err = 32.450000,	train_time = 16.049515
TRAIN Iter 244: loss = 0.002238,	Top-1 err = 49.810000,	Top-5 err = 30.840000,	train_time = 16.542910
TRAIN Iter 245: loss = 0.002243,	Top-1 err = 53.500000,	Top-5 err = 34.890000,	train_time = 16.650758
TRAIN Iter 246: loss = 0.002274,	Top-1 err = 58.730000,	Top-5 err = 39.880000,	train_time = 17.687674
TRAIN Iter 247: loss = 0.002216,	Top-1 err = 54.800000,	Top-5 err = 36.360000,	train_time = 16.993107
TRAIN Iter 248: loss = 0.002286,	Top-1 err = 52.990000,	Top-5 err = 34.010000,	train_time = 16.816721
TRAIN Iter 249: loss = 0.002245,	Top-1 err = 52.670000,	Top-5 err = 33.340000,	train_time = 16.534636
TEST:
Iter 249: loss = 1.885529,	Top-1 err = 43.880000,	Top-5 err = 20.140000,	val_time = 3.322307
TRAIN Iter 250: loss = 0.002200,	Top-1 err = 46.000000,	Top-5 err = 26.310000,	train_time = 17.871009
TRAIN Iter 251: loss = 0.002208,	Top-1 err = 50.400000,	Top-5 err = 31.630000,	train_time = 16.539257
TRAIN Iter 252: loss = 0.002214,	Top-1 err = 50.730000,	Top-5 err = 30.740000,	train_time = 16.133194
TRAIN Iter 253: loss = 0.002222,	Top-1 err = 50.800000,	Top-5 err = 31.990000,	train_time = 17.631774
TRAIN Iter 254: loss = 0.002219,	Top-1 err = 49.310000,	Top-5 err = 30.550000,	train_time = 16.209606
TRAIN Iter 255: loss = 0.002204,	Top-1 err = 53.050000,	Top-5 err = 34.790000,	train_time = 17.623151
TRAIN Iter 256: loss = 0.002192,	Top-1 err = 49.650000,	Top-5 err = 31.440000,	train_time = 16.911587
TRAIN Iter 257: loss = 0.002203,	Top-1 err = 52.230000,	Top-5 err = 32.230000,	train_time = 16.422091
TRAIN Iter 258: loss = 0.002205,	Top-1 err = 48.780000,	Top-5 err = 27.130000,	train_time = 17.477908
TRAIN Iter 259: loss = 0.002226,	Top-1 err = 54.020000,	Top-5 err = 33.930000,	train_time = 16.769104
TEST:
Iter 259: loss = 1.892487,	Top-1 err = 44.320000,	Top-5 err = 19.970000,	val_time = 3.203922
TRAIN Iter 260: loss = 0.002245,	Top-1 err = 54.930000,	Top-5 err = 35.630000,	train_time = 16.196474
TRAIN Iter 261: loss = 0.002173,	Top-1 err = 48.880000,	Top-5 err = 30.520000,	train_time = 17.184968
TRAIN Iter 262: loss = 0.002201,	Top-1 err = 53.370000,	Top-5 err = 34.570000,	train_time = 16.618369
TRAIN Iter 263: loss = 0.002188,	Top-1 err = 50.920000,	Top-5 err = 31.380000,	train_time = 16.706851
TRAIN Iter 264: loss = 0.002198,	Top-1 err = 52.570000,	Top-5 err = 34.920000,	train_time = 16.849877
TRAIN Iter 265: loss = 0.002171,	Top-1 err = 49.540000,	Top-5 err = 30.730000,	train_time = 16.778202
TRAIN Iter 266: loss = 0.002194,	Top-1 err = 56.230000,	Top-5 err = 38.240000,	train_time = 16.931263
TRAIN Iter 267: loss = 0.002189,	Top-1 err = 51.280000,	Top-5 err = 31.430000,	train_time = 16.908528
TRAIN Iter 268: loss = 0.002210,	Top-1 err = 55.150000,	Top-5 err = 36.310000,	train_time = 18.474034
TRAIN Iter 269: loss = 0.002176,	Top-1 err = 52.350000,	Top-5 err = 32.910000,	train_time = 16.356066
TEST:
Iter 269: loss = 1.867666,	Top-1 err = 43.620000,	Top-5 err = 19.770000,	val_time = 3.437212
TRAIN Iter 270: loss = 0.002169,	Top-1 err = 54.690000,	Top-5 err = 35.850000,	train_time = 16.779615
TRAIN Iter 271: loss = 0.002166,	Top-1 err = 54.240000,	Top-5 err = 34.850000,	train_time = 18.157854
TRAIN Iter 272: loss = 0.002185,	Top-1 err = 58.000000,	Top-5 err = 38.980000,	train_time = 16.656997
TRAIN Iter 273: loss = 0.002198,	Top-1 err = 57.160000,	Top-5 err = 37.840000,	train_time = 18.256462
TRAIN Iter 274: loss = 0.002162,	Top-1 err = 50.510000,	Top-5 err = 30.800000,	train_time = 17.108770
TRAIN Iter 275: loss = 0.002194,	Top-1 err = 57.710000,	Top-5 err = 39.100000,	train_time = 16.657684
TRAIN Iter 276: loss = 0.002136,	Top-1 err = 49.780000,	Top-5 err = 29.390000,	train_time = 17.157825
TRAIN Iter 277: loss = 0.002194,	Top-1 err = 54.570000,	Top-5 err = 33.480000,	train_time = 16.523061
TRAIN Iter 278: loss = 0.002156,	Top-1 err = 48.410000,	Top-5 err = 28.880000,	train_time = 16.798180
TRAIN Iter 279: loss = 0.002169,	Top-1 err = 53.430000,	Top-5 err = 35.520000,	train_time = 17.225765
TEST:
Iter 279: loss = 1.873038,	Top-1 err = 43.880000,	Top-5 err = 20.170000,	val_time = 3.531486
TRAIN Iter 280: loss = 0.002171,	Top-1 err = 54.460000,	Top-5 err = 35.480000,	train_time = 17.033648
TRAIN Iter 281: loss = 0.002180,	Top-1 err = 55.380000,	Top-5 err = 35.290000,	train_time = 18.173029
TRAIN Iter 282: loss = 0.002129,	Top-1 err = 48.940000,	Top-5 err = 29.680000,	train_time = 16.784391
TRAIN Iter 283: loss = 0.002159,	Top-1 err = 52.200000,	Top-5 err = 32.570000,	train_time = 16.297505
TRAIN Iter 284: loss = 0.002094,	Top-1 err = 47.950000,	Top-5 err = 30.610000,	train_time = 17.525826
TRAIN Iter 285: loss = 0.002149,	Top-1 err = 55.300000,	Top-5 err = 35.320000,	train_time = 17.699640
TRAIN Iter 286: loss = 0.002115,	Top-1 err = 51.570000,	Top-5 err = 33.160000,	train_time = 16.335213
TRAIN Iter 287: loss = 0.002097,	Top-1 err = 48.920000,	Top-5 err = 30.090000,	train_time = 18.380190
TRAIN Iter 288: loss = 0.002145,	Top-1 err = 56.510000,	Top-5 err = 37.050000,	train_time = 16.470528
TRAIN Iter 289: loss = 0.002126,	Top-1 err = 49.210000,	Top-5 err = 30.490000,	train_time = 16.936760
TEST:
Iter 289: loss = 1.840769,	Top-1 err = 43.880000,	Top-5 err = 19.750000,	val_time = 3.271081
TRAIN Iter 290: loss = 0.002135,	Top-1 err = 53.040000,	Top-5 err = 34.940000,	train_time = 18.137796
TRAIN Iter 291: loss = 0.002160,	Top-1 err = 56.980000,	Top-5 err = 36.870000,	train_time = 17.300477
TRAIN Iter 292: loss = 0.002117,	Top-1 err = 50.190000,	Top-5 err = 31.040000,	train_time = 16.331898
TRAIN Iter 293: loss = 0.002124,	Top-1 err = 50.400000,	Top-5 err = 30.910000,	train_time = 16.925837
TRAIN Iter 294: loss = 0.002160,	Top-1 err = 56.460000,	Top-5 err = 36.970000,	train_time = 16.879667
TRAIN Iter 295: loss = 0.002112,	Top-1 err = 50.340000,	Top-5 err = 31.060000,	train_time = 18.169358
TRAIN Iter 296: loss = 0.002096,	Top-1 err = 51.100000,	Top-5 err = 31.560000,	train_time = 17.158712
TRAIN Iter 297: loss = 0.002130,	Top-1 err = 51.500000,	Top-5 err = 31.190000,	train_time = 17.453336
TRAIN Iter 298: loss = 0.002110,	Top-1 err = 52.460000,	Top-5 err = 33.160000,	train_time = 16.423019
TRAIN Iter 299: loss = 0.002132,	Top-1 err = 51.230000,	Top-5 err = 31.520000,	train_time = 16.370986
TEST:
Iter 299: loss = 1.862313,	Top-1 err = 43.660000,	Top-5 err = 19.870000,	val_time = 3.405635
Train Finish! Best accuracy is 56.38@269
