=> using pytorch pre-trained teacher model 'conv4'
process data from /home/dvspanos/nikos/ca2d/artifacts/rded_sets/bench_tin_conv_el2nw40_ipc50
load data successfully
TRAIN Iter 0: loss = 0.013152,	Top-1 err = 98.840000,	Top-5 err = 94.620000,	train_time = 3.768356
TRAIN Iter 1: loss = 0.010038,	Top-1 err = 96.910000,	Top-5 err = 87.390000,	train_time = 3.017390
TRAIN Iter 2: loss = 0.008918,	Top-1 err = 95.800000,	Top-5 err = 84.140000,	train_time = 3.050308
TRAIN Iter 3: loss = 0.007859,	Top-1 err = 95.380000,	Top-5 err = 82.970000,	train_time = 3.078482
TRAIN Iter 4: loss = 0.007443,	Top-1 err = 94.630000,	Top-5 err = 80.530000,	train_time = 3.413981
TRAIN Iter 5: loss = 0.006962,	Top-1 err = 93.030000,	Top-5 err = 77.090000,	train_time = 3.399157
TRAIN Iter 6: loss = 0.006585,	Top-1 err = 92.490000,	Top-5 err = 74.780000,	train_time = 3.534476
TRAIN Iter 7: loss = 0.006127,	Top-1 err = 91.810000,	Top-5 err = 74.440000,	train_time = 3.466233
TRAIN Iter 8: loss = 0.005913,	Top-1 err = 92.000000,	Top-5 err = 75.390000,	train_time = 3.385954
TRAIN Iter 9: loss = 0.005619,	Top-1 err = 90.410000,	Top-5 err = 72.520000,	train_time = 3.400754
TRAIN Iter 10: loss = 0.005424,	Top-1 err = 90.850000,	Top-5 err = 72.020000,	train_time = 3.543823
TRAIN Iter 11: loss = 0.005293,	Top-1 err = 89.060000,	Top-5 err = 68.140000,	train_time = 3.467668
TRAIN Iter 12: loss = 0.005027,	Top-1 err = 89.330000,	Top-5 err = 69.010000,	train_time = 3.626853
TRAIN Iter 13: loss = 0.004908,	Top-1 err = 88.760000,	Top-5 err = 67.400000,	train_time = 3.604625
TRAIN Iter 14: loss = 0.004818,	Top-1 err = 88.630000,	Top-5 err = 68.110000,	train_time = 3.699901
TRAIN Iter 15: loss = 0.004697,	Top-1 err = 87.670000,	Top-5 err = 65.800000,	train_time = 3.750737
TRAIN Iter 16: loss = 0.004566,	Top-1 err = 87.090000,	Top-5 err = 65.160000,	train_time = 3.666803
TRAIN Iter 17: loss = 0.004457,	Top-1 err = 87.620000,	Top-5 err = 67.060000,	train_time = 3.585036
TRAIN Iter 18: loss = 0.004490,	Top-1 err = 87.490000,	Top-5 err = 66.330000,	train_time = 3.793019
TRAIN Iter 19: loss = 0.004245,	Top-1 err = 86.400000,	Top-5 err = 64.160000,	train_time = 3.670219
TRAIN Iter 20: loss = 0.004201,	Top-1 err = 87.110000,	Top-5 err = 66.680000,	train_time = 3.767597
TRAIN Iter 21: loss = 0.004126,	Top-1 err = 86.950000,	Top-5 err = 66.210000,	train_time = 3.803408
TRAIN Iter 22: loss = 0.004153,	Top-1 err = 85.470000,	Top-5 err = 62.330000,	train_time = 3.700298
TRAIN Iter 23: loss = 0.003977,	Top-1 err = 85.430000,	Top-5 err = 62.050000,	train_time = 3.810093
TRAIN Iter 24: loss = 0.003938,	Top-1 err = 85.980000,	Top-5 err = 64.240000,	train_time = 3.734748
TRAIN Iter 25: loss = 0.003824,	Top-1 err = 85.710000,	Top-5 err = 62.670000,	train_time = 3.761418
TRAIN Iter 26: loss = 0.003761,	Top-1 err = 84.720000,	Top-5 err = 62.240000,	train_time = 3.936179
TRAIN Iter 27: loss = 0.003742,	Top-1 err = 85.920000,	Top-5 err = 63.550000,	train_time = 3.610337
TRAIN Iter 28: loss = 0.003749,	Top-1 err = 84.010000,	Top-5 err = 60.150000,	train_time = 3.978106
TRAIN Iter 29: loss = 0.003569,	Top-1 err = 82.460000,	Top-5 err = 57.550000,	train_time = 3.599292
TRAIN Iter 30: loss = 0.003610,	Top-1 err = 84.760000,	Top-5 err = 63.130000,	train_time = 3.672273
TRAIN Iter 31: loss = 0.003581,	Top-1 err = 82.570000,	Top-5 err = 58.600000,	train_time = 3.623759
TRAIN Iter 32: loss = 0.003561,	Top-1 err = 82.670000,	Top-5 err = 58.640000,	train_time = 3.965135
TRAIN Iter 33: loss = 0.003568,	Top-1 err = 84.840000,	Top-5 err = 62.640000,	train_time = 3.811393
TRAIN Iter 34: loss = 0.003435,	Top-1 err = 86.120000,	Top-5 err = 65.100000,	train_time = 3.736742
TRAIN Iter 35: loss = 0.003398,	Top-1 err = 82.960000,	Top-5 err = 59.430000,	train_time = 3.807622
TRAIN Iter 36: loss = 0.003426,	Top-1 err = 81.700000,	Top-5 err = 56.970000,	train_time = 3.866637
TRAIN Iter 37: loss = 0.003419,	Top-1 err = 83.290000,	Top-5 err = 59.970000,	train_time = 3.883722
TRAIN Iter 38: loss = 0.003409,	Top-1 err = 84.260000,	Top-5 err = 62.770000,	train_time = 3.778090
TRAIN Iter 39: loss = 0.003342,	Top-1 err = 82.900000,	Top-5 err = 59.440000,	train_time = 3.924907
TRAIN Iter 40: loss = 0.003283,	Top-1 err = 82.780000,	Top-5 err = 59.520000,	train_time = 3.688399
TRAIN Iter 41: loss = 0.003301,	Top-1 err = 83.250000,	Top-5 err = 60.880000,	train_time = 3.723080
TRAIN Iter 42: loss = 0.003237,	Top-1 err = 79.770000,	Top-5 err = 54.150000,	train_time = 3.787914
TRAIN Iter 43: loss = 0.003225,	Top-1 err = 83.240000,	Top-5 err = 60.820000,	train_time = 3.878027
TRAIN Iter 44: loss = 0.003201,	Top-1 err = 81.780000,	Top-5 err = 58.280000,	train_time = 3.790801
TRAIN Iter 45: loss = 0.003145,	Top-1 err = 83.790000,	Top-5 err = 61.950000,	train_time = 3.693278
TRAIN Iter 46: loss = 0.003120,	Top-1 err = 83.230000,	Top-5 err = 61.030000,	train_time = 3.785402
TRAIN Iter 47: loss = 0.003112,	Top-1 err = 83.470000,	Top-5 err = 60.410000,	train_time = 3.694790
TRAIN Iter 48: loss = 0.003111,	Top-1 err = 80.550000,	Top-5 err = 55.440000,	train_time = 3.885312
TRAIN Iter 49: loss = 0.003092,	Top-1 err = 81.230000,	Top-5 err = 58.010000,	train_time = 3.919099
TRAIN Iter 50: loss = 0.003047,	Top-1 err = 83.350000,	Top-5 err = 60.560000,	train_time = 3.803260
TRAIN Iter 51: loss = 0.002976,	Top-1 err = 83.420000,	Top-5 err = 60.350000,	train_time = 3.635487
TRAIN Iter 52: loss = 0.003041,	Top-1 err = 82.420000,	Top-5 err = 59.370000,	train_time = 3.809587
TRAIN Iter 53: loss = 0.002998,	Top-1 err = 82.760000,	Top-5 err = 59.630000,	train_time = 3.697978
TRAIN Iter 54: loss = 0.002985,	Top-1 err = 82.290000,	Top-5 err = 59.210000,	train_time = 3.916749
TRAIN Iter 55: loss = 0.002973,	Top-1 err = 80.010000,	Top-5 err = 54.940000,	train_time = 3.917443
TRAIN Iter 56: loss = 0.002959,	Top-1 err = 81.750000,	Top-5 err = 58.000000,	train_time = 3.898732
TRAIN Iter 57: loss = 0.002898,	Top-1 err = 79.820000,	Top-5 err = 54.320000,	train_time = 3.686112
TRAIN Iter 58: loss = 0.002865,	Top-1 err = 78.110000,	Top-5 err = 52.190000,	train_time = 3.991172
TRAIN Iter 59: loss = 0.002899,	Top-1 err = 80.060000,	Top-5 err = 55.280000,	train_time = 3.756108
TRAIN Iter 60: loss = 0.002825,	Top-1 err = 81.660000,	Top-5 err = 58.560000,	train_time = 3.876420
TRAIN Iter 61: loss = 0.002857,	Top-1 err = 81.570000,	Top-5 err = 58.820000,	train_time = 3.756126
TRAIN Iter 62: loss = 0.002787,	Top-1 err = 81.440000,	Top-5 err = 57.100000,	train_time = 3.880803
TRAIN Iter 63: loss = 0.002798,	Top-1 err = 81.110000,	Top-5 err = 56.870000,	train_time = 3.802146
TRAIN Iter 64: loss = 0.002814,	Top-1 err = 81.700000,	Top-5 err = 58.570000,	train_time = 3.837631
TRAIN Iter 65: loss = 0.002713,	Top-1 err = 77.320000,	Top-5 err = 50.950000,	train_time = 3.910217
TRAIN Iter 66: loss = 0.002757,	Top-1 err = 79.980000,	Top-5 err = 56.860000,	train_time = 3.680366
TRAIN Iter 67: loss = 0.002709,	Top-1 err = 79.900000,	Top-5 err = 56.020000,	train_time = 3.712314
TRAIN Iter 68: loss = 0.002687,	Top-1 err = 82.450000,	Top-5 err = 59.590000,	train_time = 3.824700
TRAIN Iter 69: loss = 0.002682,	Top-1 err = 81.200000,	Top-5 err = 57.010000,	train_time = 3.878018
TRAIN Iter 70: loss = 0.002712,	Top-1 err = 82.270000,	Top-5 err = 59.900000,	train_time = 3.863340
TRAIN Iter 71: loss = 0.002684,	Top-1 err = 78.810000,	Top-5 err = 54.250000,	train_time = 3.906548
TRAIN Iter 72: loss = 0.002668,	Top-1 err = 82.670000,	Top-5 err = 60.380000,	train_time = 3.877020
TRAIN Iter 73: loss = 0.002646,	Top-1 err = 82.760000,	Top-5 err = 60.250000,	train_time = 3.734290
TRAIN Iter 74: loss = 0.002568,	Top-1 err = 83.280000,	Top-5 err = 61.260000,	train_time = 3.774012
TRAIN Iter 75: loss = 0.002582,	Top-1 err = 82.460000,	Top-5 err = 59.230000,	train_time = 3.819726
TRAIN Iter 76: loss = 0.002612,	Top-1 err = 78.300000,	Top-5 err = 53.220000,	train_time = 3.909076
TRAIN Iter 77: loss = 0.002631,	Top-1 err = 79.950000,	Top-5 err = 55.680000,	train_time = 3.850667
TRAIN Iter 78: loss = 0.002578,	Top-1 err = 81.880000,	Top-5 err = 58.770000,	train_time = 3.935626
TRAIN Iter 79: loss = 0.002604,	Top-1 err = 79.670000,	Top-5 err = 54.230000,	train_time = 3.846497
TRAIN Iter 80: loss = 0.002643,	Top-1 err = 80.050000,	Top-5 err = 56.740000,	train_time = 3.901033
TRAIN Iter 81: loss = 0.002540,	Top-1 err = 79.150000,	Top-5 err = 54.400000,	train_time = 3.903748
TRAIN Iter 82: loss = 0.002516,	Top-1 err = 79.680000,	Top-5 err = 55.940000,	train_time = 3.859184
TRAIN Iter 83: loss = 0.002549,	Top-1 err = 80.260000,	Top-5 err = 55.480000,	train_time = 3.891877
TRAIN Iter 84: loss = 0.002539,	Top-1 err = 79.420000,	Top-5 err = 54.020000,	train_time = 3.867238
TRAIN Iter 85: loss = 0.002503,	Top-1 err = 79.120000,	Top-5 err = 54.770000,	train_time = 3.832865
TRAIN Iter 86: loss = 0.002474,	Top-1 err = 81.260000,	Top-5 err = 58.300000,	train_time = 3.831185
TRAIN Iter 87: loss = 0.002470,	Top-1 err = 79.380000,	Top-5 err = 54.620000,	train_time = 3.816397
TRAIN Iter 88: loss = 0.002446,	Top-1 err = 80.150000,	Top-5 err = 55.360000,	train_time = 3.823155
TRAIN Iter 89: loss = 0.002464,	Top-1 err = 79.650000,	Top-5 err = 56.370000,	train_time = 3.859327
TRAIN Iter 90: loss = 0.002420,	Top-1 err = 79.230000,	Top-5 err = 54.290000,	train_time = 3.837520
TRAIN Iter 91: loss = 0.002385,	Top-1 err = 80.480000,	Top-5 err = 56.380000,	train_time = 3.898828
TRAIN Iter 92: loss = 0.002380,	Top-1 err = 80.430000,	Top-5 err = 55.800000,	train_time = 3.864233
TRAIN Iter 93: loss = 0.002387,	Top-1 err = 80.910000,	Top-5 err = 57.670000,	train_time = 3.901207
TRAIN Iter 94: loss = 0.002402,	Top-1 err = 80.340000,	Top-5 err = 56.500000,	train_time = 3.859359
TRAIN Iter 95: loss = 0.002361,	Top-1 err = 80.490000,	Top-5 err = 56.760000,	train_time = 3.836224
TRAIN Iter 96: loss = 0.002357,	Top-1 err = 79.140000,	Top-5 err = 55.240000,	train_time = 3.824935
TRAIN Iter 97: loss = 0.002334,	Top-1 err = 81.730000,	Top-5 err = 58.650000,	train_time = 3.902296
TRAIN Iter 98: loss = 0.002309,	Top-1 err = 79.440000,	Top-5 err = 55.230000,	train_time = 3.850225
TRAIN Iter 99: loss = 0.002297,	Top-1 err = 76.630000,	Top-5 err = 51.310000,	train_time = 3.756921
TRAIN Iter 100: loss = 0.002325,	Top-1 err = 80.070000,	Top-5 err = 55.600000,	train_time = 3.920504
TRAIN Iter 101: loss = 0.002279,	Top-1 err = 81.060000,	Top-5 err = 57.890000,	train_time = 3.792813
TRAIN Iter 102: loss = 0.002242,	Top-1 err = 77.720000,	Top-5 err = 52.970000,	train_time = 3.798705
TRAIN Iter 103: loss = 0.002237,	Top-1 err = 80.620000,	Top-5 err = 57.640000,	train_time = 3.823818
TRAIN Iter 104: loss = 0.002308,	Top-1 err = 79.720000,	Top-5 err = 55.790000,	train_time = 3.885003
TRAIN Iter 105: loss = 0.002240,	Top-1 err = 80.450000,	Top-5 err = 56.550000,	train_time = 3.867207
TRAIN Iter 106: loss = 0.002253,	Top-1 err = 78.850000,	Top-5 err = 54.130000,	train_time = 3.640369
TRAIN Iter 107: loss = 0.002227,	Top-1 err = 80.570000,	Top-5 err = 58.000000,	train_time = 3.841025
TRAIN Iter 108: loss = 0.002203,	Top-1 err = 77.550000,	Top-5 err = 51.610000,	train_time = 3.970430
TRAIN Iter 109: loss = 0.002259,	Top-1 err = 80.950000,	Top-5 err = 59.110000,	train_time = 3.886889
TRAIN Iter 110: loss = 0.002163,	Top-1 err = 78.980000,	Top-5 err = 55.140000,	train_time = 3.889239
TRAIN Iter 111: loss = 0.002168,	Top-1 err = 78.500000,	Top-5 err = 53.290000,	train_time = 3.672912
TRAIN Iter 112: loss = 0.002235,	Top-1 err = 81.210000,	Top-5 err = 59.750000,	train_time = 3.836307
TRAIN Iter 113: loss = 0.002161,	Top-1 err = 80.120000,	Top-5 err = 57.530000,	train_time = 3.726918
TRAIN Iter 114: loss = 0.002144,	Top-1 err = 79.720000,	Top-5 err = 56.060000,	train_time = 3.704943
TRAIN Iter 115: loss = 0.002185,	Top-1 err = 77.680000,	Top-5 err = 54.450000,	train_time = 3.854140
TRAIN Iter 116: loss = 0.002136,	Top-1 err = 79.100000,	Top-5 err = 54.540000,	train_time = 4.028207
TRAIN Iter 117: loss = 0.002168,	Top-1 err = 79.590000,	Top-5 err = 55.820000,	train_time = 3.695873
TRAIN Iter 118: loss = 0.002125,	Top-1 err = 80.780000,	Top-5 err = 58.830000,	train_time = 3.782788
TRAIN Iter 119: loss = 0.002119,	Top-1 err = 82.080000,	Top-5 err = 60.680000,	train_time = 3.755785
TRAIN Iter 120: loss = 0.002090,	Top-1 err = 79.820000,	Top-5 err = 56.090000,	train_time = 3.889419
TRAIN Iter 121: loss = 0.002073,	Top-1 err = 79.030000,	Top-5 err = 54.030000,	train_time = 3.880387
TRAIN Iter 122: loss = 0.002088,	Top-1 err = 79.090000,	Top-5 err = 54.600000,	train_time = 3.775434
TRAIN Iter 123: loss = 0.002067,	Top-1 err = 79.870000,	Top-5 err = 56.130000,	train_time = 3.729282
TRAIN Iter 124: loss = 0.002033,	Top-1 err = 80.710000,	Top-5 err = 57.600000,	train_time = 3.713102
TRAIN Iter 125: loss = 0.002066,	Top-1 err = 78.620000,	Top-5 err = 54.580000,	train_time = 3.797985
TRAIN Iter 126: loss = 0.002066,	Top-1 err = 78.240000,	Top-5 err = 53.800000,	train_time = 3.746122
TRAIN Iter 127: loss = 0.002036,	Top-1 err = 80.860000,	Top-5 err = 57.270000,	train_time = 4.059957
TRAIN Iter 128: loss = 0.002056,	Top-1 err = 78.090000,	Top-5 err = 54.400000,	train_time = 3.798617
TRAIN Iter 129: loss = 0.002030,	Top-1 err = 77.640000,	Top-5 err = 53.680000,	train_time = 3.653897
TRAIN Iter 130: loss = 0.001977,	Top-1 err = 76.740000,	Top-5 err = 51.040000,	train_time = 3.889065
TRAIN Iter 131: loss = 0.002005,	Top-1 err = 78.740000,	Top-5 err = 54.810000,	train_time = 3.811462
TRAIN Iter 132: loss = 0.001963,	Top-1 err = 79.920000,	Top-5 err = 57.330000,	train_time = 4.020004
TRAIN Iter 133: loss = 0.001995,	Top-1 err = 78.400000,	Top-5 err = 54.230000,	train_time = 3.874091
TRAIN Iter 134: loss = 0.001999,	Top-1 err = 79.440000,	Top-5 err = 57.500000,	train_time = 3.847549
TRAIN Iter 135: loss = 0.001933,	Top-1 err = 79.790000,	Top-5 err = 57.020000,	train_time = 3.793385
TRAIN Iter 136: loss = 0.001939,	Top-1 err = 80.460000,	Top-5 err = 57.270000,	train_time = 3.950825
TRAIN Iter 137: loss = 0.001946,	Top-1 err = 78.050000,	Top-5 err = 53.300000,	train_time = 3.734294
TRAIN Iter 138: loss = 0.001974,	Top-1 err = 76.670000,	Top-5 err = 51.530000,	train_time = 3.926062
TRAIN Iter 139: loss = 0.001937,	Top-1 err = 77.380000,	Top-5 err = 53.850000,	train_time = 3.837636
TRAIN Iter 140: loss = 0.001907,	Top-1 err = 79.740000,	Top-5 err = 56.590000,	train_time = 3.855092
TRAIN Iter 141: loss = 0.001898,	Top-1 err = 78.420000,	Top-5 err = 55.170000,	train_time = 3.836852
TRAIN Iter 142: loss = 0.001882,	Top-1 err = 80.200000,	Top-5 err = 56.760000,	train_time = 3.998639
TRAIN Iter 143: loss = 0.001868,	Top-1 err = 80.670000,	Top-5 err = 57.040000,	train_time = 3.897719
TRAIN Iter 144: loss = 0.001855,	Top-1 err = 79.610000,	Top-5 err = 55.500000,	train_time = 3.807478
TRAIN Iter 145: loss = 0.001872,	Top-1 err = 78.630000,	Top-5 err = 54.390000,	train_time = 3.817477
TRAIN Iter 146: loss = 0.001858,	Top-1 err = 78.940000,	Top-5 err = 54.650000,	train_time = 3.891030
TRAIN Iter 147: loss = 0.001833,	Top-1 err = 77.390000,	Top-5 err = 52.570000,	train_time = 3.708612
TRAIN Iter 148: loss = 0.001869,	Top-1 err = 78.800000,	Top-5 err = 54.960000,	train_time = 3.740015
TRAIN Iter 149: loss = 0.001821,	Top-1 err = 76.270000,	Top-5 err = 51.570000,	train_time = 3.899164
TRAIN Iter 150: loss = 0.001823,	Top-1 err = 75.880000,	Top-5 err = 50.920000,	train_time = 3.727030
TRAIN Iter 151: loss = 0.001811,	Top-1 err = 80.310000,	Top-5 err = 57.050000,	train_time = 4.041559
TRAIN Iter 152: loss = 0.001834,	Top-1 err = 78.830000,	Top-5 err = 55.560000,	train_time = 3.882773
TRAIN Iter 153: loss = 0.001777,	Top-1 err = 76.060000,	Top-5 err = 51.070000,	train_time = 3.726799
TRAIN Iter 154: loss = 0.001790,	Top-1 err = 78.820000,	Top-5 err = 54.830000,	train_time = 3.841431
TRAIN Iter 155: loss = 0.001756,	Top-1 err = 78.100000,	Top-5 err = 53.610000,	train_time = 3.780410
TRAIN Iter 156: loss = 0.001755,	Top-1 err = 78.600000,	Top-5 err = 54.440000,	train_time = 3.712312
TRAIN Iter 157: loss = 0.001741,	Top-1 err = 80.410000,	Top-5 err = 57.950000,	train_time = 3.794016
TRAIN Iter 158: loss = 0.001725,	Top-1 err = 77.320000,	Top-5 err = 52.630000,	train_time = 3.909892
TRAIN Iter 159: loss = 0.001764,	Top-1 err = 77.730000,	Top-5 err = 52.670000,	train_time = 3.875445
TRAIN Iter 160: loss = 0.001717,	Top-1 err = 78.590000,	Top-5 err = 55.570000,	train_time = 3.916820
TRAIN Iter 161: loss = 0.001764,	Top-1 err = 79.250000,	Top-5 err = 55.550000,	train_time = 3.835410
TRAIN Iter 162: loss = 0.001795,	Top-1 err = 79.040000,	Top-5 err = 55.390000,	train_time = 3.825352
TRAIN Iter 163: loss = 0.001726,	Top-1 err = 80.720000,	Top-5 err = 58.130000,	train_time = 3.869101
TRAIN Iter 164: loss = 0.001724,	Top-1 err = 80.590000,	Top-5 err = 58.450000,	train_time = 3.856862
TRAIN Iter 165: loss = 0.001669,	Top-1 err = 77.290000,	Top-5 err = 53.610000,	train_time = 3.813114
TRAIN Iter 166: loss = 0.001681,	Top-1 err = 76.630000,	Top-5 err = 50.290000,	train_time = 3.861964
TRAIN Iter 167: loss = 0.001660,	Top-1 err = 79.420000,	Top-5 err = 55.850000,	train_time = 4.025314
TRAIN Iter 168: loss = 0.001696,	Top-1 err = 78.910000,	Top-5 err = 56.770000,	train_time = 3.964287
TRAIN Iter 169: loss = 0.001661,	Top-1 err = 75.890000,	Top-5 err = 51.540000,	train_time = 3.731238
TRAIN Iter 170: loss = 0.001661,	Top-1 err = 75.220000,	Top-5 err = 49.440000,	train_time = 3.762439
TRAIN Iter 171: loss = 0.001633,	Top-1 err = 79.020000,	Top-5 err = 54.700000,	train_time = 3.934612
TRAIN Iter 172: loss = 0.001605,	Top-1 err = 78.780000,	Top-5 err = 54.290000,	train_time = 3.925899
TRAIN Iter 173: loss = 0.001571,	Top-1 err = 76.730000,	Top-5 err = 52.280000,	train_time = 3.908685
TRAIN Iter 174: loss = 0.001643,	Top-1 err = 80.050000,	Top-5 err = 57.540000,	train_time = 3.745003
TRAIN Iter 175: loss = 0.001629,	Top-1 err = 77.860000,	Top-5 err = 53.390000,	train_time = 3.640203
TRAIN Iter 176: loss = 0.001591,	Top-1 err = 79.910000,	Top-5 err = 57.310000,	train_time = 3.696923
TRAIN Iter 177: loss = 0.001580,	Top-1 err = 77.710000,	Top-5 err = 54.700000,	train_time = 3.829180
TRAIN Iter 178: loss = 0.001610,	Top-1 err = 77.230000,	Top-5 err = 53.200000,	train_time = 3.946332
TRAIN Iter 179: loss = 0.001564,	Top-1 err = 79.690000,	Top-5 err = 56.980000,	train_time = 3.808255
TRAIN Iter 180: loss = 0.001554,	Top-1 err = 78.120000,	Top-5 err = 55.320000,	train_time = 3.868549
TRAIN Iter 181: loss = 0.001575,	Top-1 err = 78.650000,	Top-5 err = 56.110000,	train_time = 3.839410
TRAIN Iter 182: loss = 0.001575,	Top-1 err = 74.200000,	Top-5 err = 48.890000,	train_time = 3.943345
TRAIN Iter 183: loss = 0.001525,	Top-1 err = 76.730000,	Top-5 err = 51.340000,	train_time = 3.870607
TRAIN Iter 184: loss = 0.001514,	Top-1 err = 80.010000,	Top-5 err = 57.450000,	train_time = 3.742241
TRAIN Iter 185: loss = 0.001481,	Top-1 err = 78.230000,	Top-5 err = 54.990000,	train_time = 3.933493
TRAIN Iter 186: loss = 0.001498,	Top-1 err = 78.830000,	Top-5 err = 55.670000,	train_time = 3.871170
TRAIN Iter 187: loss = 0.001483,	Top-1 err = 80.190000,	Top-5 err = 58.270000,	train_time = 3.831248
TRAIN Iter 188: loss = 0.001529,	Top-1 err = 75.210000,	Top-5 err = 50.820000,	train_time = 3.784101
TRAIN Iter 189: loss = 0.001490,	Top-1 err = 77.170000,	Top-5 err = 52.530000,	train_time = 3.795452
TRAIN Iter 190: loss = 0.001481,	Top-1 err = 78.340000,	Top-5 err = 55.370000,	train_time = 3.867636
TRAIN Iter 191: loss = 0.001488,	Top-1 err = 77.340000,	Top-5 err = 53.660000,	train_time = 3.705020
TRAIN Iter 192: loss = 0.001483,	Top-1 err = 79.230000,	Top-5 err = 56.770000,	train_time = 4.038975
TRAIN Iter 193: loss = 0.001426,	Top-1 err = 73.820000,	Top-5 err = 48.200000,	train_time = 3.801372
TRAIN Iter 194: loss = 0.001439,	Top-1 err = 77.560000,	Top-5 err = 54.320000,	train_time = 3.942586
TRAIN Iter 195: loss = 0.001448,	Top-1 err = 78.960000,	Top-5 err = 56.640000,	train_time = 3.950472
TRAIN Iter 196: loss = 0.001454,	Top-1 err = 76.840000,	Top-5 err = 53.380000,	train_time = 3.779009
TRAIN Iter 197: loss = 0.001423,	Top-1 err = 77.490000,	Top-5 err = 54.370000,	train_time = 3.771460
TRAIN Iter 198: loss = 0.001426,	Top-1 err = 77.990000,	Top-5 err = 54.450000,	train_time = 3.709930
TRAIN Iter 199: loss = 0.001459,	Top-1 err = 77.460000,	Top-5 err = 53.550000,	train_time = 3.623747
TRAIN Iter 200: loss = 0.001436,	Top-1 err = 76.410000,	Top-5 err = 51.560000,	train_time = 4.004850
TRAIN Iter 201: loss = 0.001469,	Top-1 err = 76.250000,	Top-5 err = 52.070000,	train_time = 3.697726
TRAIN Iter 202: loss = 0.001420,	Top-1 err = 78.170000,	Top-5 err = 54.350000,	train_time = 3.946830
TRAIN Iter 203: loss = 0.001378,	Top-1 err = 76.390000,	Top-5 err = 51.550000,	train_time = 3.665007
TRAIN Iter 204: loss = 0.001401,	Top-1 err = 77.150000,	Top-5 err = 53.460000,	train_time = 3.914919
TRAIN Iter 205: loss = 0.001369,	Top-1 err = 77.300000,	Top-5 err = 53.430000,	train_time = 3.751231
TRAIN Iter 206: loss = 0.001372,	Top-1 err = 77.760000,	Top-5 err = 53.560000,	train_time = 3.701935
TRAIN Iter 207: loss = 0.001374,	Top-1 err = 79.280000,	Top-5 err = 56.290000,	train_time = 3.916957
TRAIN Iter 208: loss = 0.001361,	Top-1 err = 73.970000,	Top-5 err = 49.090000,	train_time = 3.923735
TRAIN Iter 209: loss = 0.001319,	Top-1 err = 78.910000,	Top-5 err = 54.550000,	train_time = 3.746167
TRAIN Iter 210: loss = 0.001343,	Top-1 err = 76.780000,	Top-5 err = 53.260000,	train_time = 3.910932
TRAIN Iter 211: loss = 0.001321,	Top-1 err = 78.180000,	Top-5 err = 56.010000,	train_time = 3.729796
TRAIN Iter 212: loss = 0.001322,	Top-1 err = 78.250000,	Top-5 err = 55.010000,	train_time = 3.775940
TRAIN Iter 213: loss = 0.001309,	Top-1 err = 81.480000,	Top-5 err = 58.920000,	train_time = 3.893752
TRAIN Iter 214: loss = 0.001331,	Top-1 err = 74.140000,	Top-5 err = 47.220000,	train_time = 3.686735
TRAIN Iter 215: loss = 0.001300,	Top-1 err = 73.790000,	Top-5 err = 47.900000,	train_time = 3.940457
TRAIN Iter 216: loss = 0.001287,	Top-1 err = 75.960000,	Top-5 err = 51.420000,	train_time = 3.665415
TRAIN Iter 217: loss = 0.001263,	Top-1 err = 75.250000,	Top-5 err = 49.700000,	train_time = 3.876018
TRAIN Iter 218: loss = 0.001266,	Top-1 err = 78.040000,	Top-5 err = 53.700000,	train_time = 3.845087
TRAIN Iter 219: loss = 0.001263,	Top-1 err = 76.680000,	Top-5 err = 52.850000,	train_time = 3.784791
TRAIN Iter 220: loss = 0.001262,	Top-1 err = 75.360000,	Top-5 err = 50.890000,	train_time = 3.892447
TRAIN Iter 221: loss = 0.001273,	Top-1 err = 79.530000,	Top-5 err = 57.030000,	train_time = 3.936475
TRAIN Iter 222: loss = 0.001229,	Top-1 err = 74.930000,	Top-5 err = 50.440000,	train_time = 3.716644
TRAIN Iter 223: loss = 0.001242,	Top-1 err = 76.890000,	Top-5 err = 52.360000,	train_time = 3.833871
TRAIN Iter 224: loss = 0.001213,	Top-1 err = 76.550000,	Top-5 err = 52.250000,	train_time = 3.919945
TRAIN Iter 225: loss = 0.001212,	Top-1 err = 76.130000,	Top-5 err = 51.170000,	train_time = 3.937133
TRAIN Iter 226: loss = 0.001237,	Top-1 err = 77.260000,	Top-5 err = 53.260000,	train_time = 3.897863
TRAIN Iter 227: loss = 0.001205,	Top-1 err = 75.660000,	Top-5 err = 51.110000,	train_time = 4.007865
TRAIN Iter 228: loss = 0.001244,	Top-1 err = 76.030000,	Top-5 err = 51.610000,	train_time = 3.862381
TRAIN Iter 229: loss = 0.001212,	Top-1 err = 75.520000,	Top-5 err = 50.740000,	train_time = 3.981106
TRAIN Iter 230: loss = 0.001228,	Top-1 err = 76.310000,	Top-5 err = 53.170000,	train_time = 3.749954
TRAIN Iter 231: loss = 0.001181,	Top-1 err = 77.150000,	Top-5 err = 52.970000,	train_time = 3.818968
TRAIN Iter 232: loss = 0.001187,	Top-1 err = 76.480000,	Top-5 err = 52.520000,	train_time = 3.892200
TRAIN Iter 233: loss = 0.001187,	Top-1 err = 77.150000,	Top-5 err = 53.420000,	train_time = 3.750018
TRAIN Iter 234: loss = 0.001181,	Top-1 err = 76.320000,	Top-5 err = 53.020000,	train_time = 3.835145
TRAIN Iter 235: loss = 0.001190,	Top-1 err = 77.650000,	Top-5 err = 54.290000,	train_time = 3.886693
TRAIN Iter 236: loss = 0.001171,	Top-1 err = 78.060000,	Top-5 err = 54.530000,	train_time = 3.763529
TRAIN Iter 237: loss = 0.001178,	Top-1 err = 76.350000,	Top-5 err = 51.940000,	train_time = 4.021688
TRAIN Iter 238: loss = 0.001162,	Top-1 err = 76.120000,	Top-5 err = 50.940000,	train_time = 3.766632
TRAIN Iter 239: loss = 0.001180,	Top-1 err = 76.330000,	Top-5 err = 53.440000,	train_time = 3.816343
TRAIN Iter 240: loss = 0.001169,	Top-1 err = 77.730000,	Top-5 err = 55.250000,	train_time = 3.845077
TRAIN Iter 241: loss = 0.001177,	Top-1 err = 77.080000,	Top-5 err = 53.450000,	train_time = 3.581707
TRAIN Iter 242: loss = 0.001144,	Top-1 err = 76.840000,	Top-5 err = 53.170000,	train_time = 3.897145
TRAIN Iter 243: loss = 0.001112,	Top-1 err = 75.580000,	Top-5 err = 50.940000,	train_time = 3.829468
TRAIN Iter 244: loss = 0.001091,	Top-1 err = 74.420000,	Top-5 err = 49.430000,	train_time = 3.685311
TRAIN Iter 245: loss = 0.001089,	Top-1 err = 75.730000,	Top-5 err = 52.160000,	train_time = 3.851025
TRAIN Iter 246: loss = 0.001104,	Top-1 err = 78.370000,	Top-5 err = 55.990000,	train_time = 3.846703
TRAIN Iter 247: loss = 0.001107,	Top-1 err = 78.310000,	Top-5 err = 54.600000,	train_time = 3.652495
TRAIN Iter 248: loss = 0.001132,	Top-1 err = 76.670000,	Top-5 err = 52.910000,	train_time = 3.796244
TRAIN Iter 249: loss = 0.001077,	Top-1 err = 76.590000,	Top-5 err = 52.540000,	train_time = 3.787946
TEST:
Iter 249: loss = 2.298964,	Top-1 err = 52.960000,	Top-5 err = 27.040000,	val_time = 0.944552
TRAIN Iter 250: loss = 0.001095,	Top-1 err = 72.790000,	Top-5 err = 46.750000,	train_time = 3.951093
TRAIN Iter 251: loss = 0.001088,	Top-1 err = 75.040000,	Top-5 err = 50.120000,	train_time = 3.850749
TRAIN Iter 252: loss = 0.001073,	Top-1 err = 74.490000,	Top-5 err = 49.500000,	train_time = 3.685519
TRAIN Iter 253: loss = 0.001059,	Top-1 err = 75.280000,	Top-5 err = 50.530000,	train_time = 3.841116
TRAIN Iter 254: loss = 0.001104,	Top-1 err = 73.910000,	Top-5 err = 49.200000,	train_time = 3.891216
TRAIN Iter 255: loss = 0.001068,	Top-1 err = 75.140000,	Top-5 err = 51.940000,	train_time = 3.936718
TRAIN Iter 256: loss = 0.001072,	Top-1 err = 75.140000,	Top-5 err = 50.560000,	train_time = 3.926788
TRAIN Iter 257: loss = 0.001062,	Top-1 err = 75.490000,	Top-5 err = 50.890000,	train_time = 3.948695
TRAIN Iter 258: loss = 0.001022,	Top-1 err = 73.740000,	Top-5 err = 48.280000,	train_time = 3.878389
TRAIN Iter 259: loss = 0.001058,	Top-1 err = 76.420000,	Top-5 err = 52.780000,	train_time = 3.956436
TEST:
Iter 259: loss = 2.232652,	Top-1 err = 52.310000,	Top-5 err = 26.290000,	val_time = 0.948128
TRAIN Iter 260: loss = 0.001062,	Top-1 err = 77.050000,	Top-5 err = 53.840000,	train_time = 3.854600
TRAIN Iter 261: loss = 0.001018,	Top-1 err = 73.440000,	Top-5 err = 48.710000,	train_time = 3.780215
TRAIN Iter 262: loss = 0.001058,	Top-1 err = 75.860000,	Top-5 err = 53.050000,	train_time = 3.907151
TRAIN Iter 263: loss = 0.001041,	Top-1 err = 75.260000,	Top-5 err = 50.520000,	train_time = 3.750109
TRAIN Iter 264: loss = 0.001056,	Top-1 err = 75.860000,	Top-5 err = 51.800000,	train_time = 3.848583
TRAIN Iter 265: loss = 0.001007,	Top-1 err = 74.840000,	Top-5 err = 50.100000,	train_time = 3.822123
TRAIN Iter 266: loss = 0.001027,	Top-1 err = 78.200000,	Top-5 err = 55.200000,	train_time = 3.729074
TRAIN Iter 267: loss = 0.000994,	Top-1 err = 76.040000,	Top-5 err = 51.580000,	train_time = 3.753006
TRAIN Iter 268: loss = 0.001028,	Top-1 err = 77.290000,	Top-5 err = 53.980000,	train_time = 3.817620
TRAIN Iter 269: loss = 0.000994,	Top-1 err = 75.920000,	Top-5 err = 52.180000,	train_time = 3.939238
TEST:
Iter 269: loss = 2.244378,	Top-1 err = 52.150000,	Top-5 err = 26.500000,	val_time = 0.947867
TRAIN Iter 270: loss = 0.000998,	Top-1 err = 76.380000,	Top-5 err = 52.880000,	train_time = 3.685713
TRAIN Iter 271: loss = 0.001001,	Top-1 err = 76.720000,	Top-5 err = 53.600000,	train_time = 3.860504
TRAIN Iter 272: loss = 0.000982,	Top-1 err = 78.630000,	Top-5 err = 56.880000,	train_time = 3.974214
TRAIN Iter 273: loss = 0.001018,	Top-1 err = 77.400000,	Top-5 err = 54.300000,	train_time = 3.775796
TRAIN Iter 274: loss = 0.000994,	Top-1 err = 75.970000,	Top-5 err = 50.950000,	train_time = 3.638514
TRAIN Iter 275: loss = 0.001006,	Top-1 err = 78.790000,	Top-5 err = 55.920000,	train_time = 3.671223
TRAIN Iter 276: loss = 0.000959,	Top-1 err = 74.110000,	Top-5 err = 49.430000,	train_time = 3.672317
TRAIN Iter 277: loss = 0.000935,	Top-1 err = 77.940000,	Top-5 err = 53.720000,	train_time = 4.005491
TRAIN Iter 278: loss = 0.000969,	Top-1 err = 74.780000,	Top-5 err = 49.270000,	train_time = 3.696681
TRAIN Iter 279: loss = 0.000965,	Top-1 err = 76.180000,	Top-5 err = 53.110000,	train_time = 3.907902
TEST:
Iter 279: loss = 2.244212,	Top-1 err = 52.140000,	Top-5 err = 26.410000,	val_time = 0.966186
TRAIN Iter 280: loss = 0.000957,	Top-1 err = 76.660000,	Top-5 err = 53.360000,	train_time = 3.757170
TRAIN Iter 281: loss = 0.000940,	Top-1 err = 78.070000,	Top-5 err = 53.960000,	train_time = 3.919712
TRAIN Iter 282: loss = 0.000953,	Top-1 err = 73.990000,	Top-5 err = 49.220000,	train_time = 3.923277
TRAIN Iter 283: loss = 0.000941,	Top-1 err = 74.970000,	Top-5 err = 51.010000,	train_time = 3.906052
TRAIN Iter 284: loss = 0.000948,	Top-1 err = 73.140000,	Top-5 err = 48.160000,	train_time = 3.753496
TRAIN Iter 285: loss = 0.000916,	Top-1 err = 78.350000,	Top-5 err = 54.230000,	train_time = 3.663430
TRAIN Iter 286: loss = 0.000949,	Top-1 err = 74.840000,	Top-5 err = 50.840000,	train_time = 3.860139
TRAIN Iter 287: loss = 0.000942,	Top-1 err = 73.820000,	Top-5 err = 48.670000,	train_time = 3.880145
TRAIN Iter 288: loss = 0.000926,	Top-1 err = 77.310000,	Top-5 err = 54.350000,	train_time = 3.718069
TRAIN Iter 289: loss = 0.000920,	Top-1 err = 74.550000,	Top-5 err = 49.420000,	train_time = 3.812203
TEST:
Iter 289: loss = 2.235772,	Top-1 err = 52.170000,	Top-5 err = 26.440000,	val_time = 0.972202
TRAIN Iter 290: loss = 0.000926,	Top-1 err = 75.610000,	Top-5 err = 52.410000,	train_time = 3.831666
TRAIN Iter 291: loss = 0.000892,	Top-1 err = 78.600000,	Top-5 err = 55.260000,	train_time = 3.887406
TRAIN Iter 292: loss = 0.000898,	Top-1 err = 75.110000,	Top-5 err = 49.550000,	train_time = 3.932154
TRAIN Iter 293: loss = 0.000910,	Top-1 err = 75.020000,	Top-5 err = 50.370000,	train_time = 3.853829
TRAIN Iter 294: loss = 0.000915,	Top-1 err = 78.090000,	Top-5 err = 55.750000,	train_time = 3.724072
TRAIN Iter 295: loss = 0.000889,	Top-1 err = 75.440000,	Top-5 err = 50.020000,	train_time = 3.786764
TRAIN Iter 296: loss = 0.000883,	Top-1 err = 75.130000,	Top-5 err = 50.050000,	train_time = 3.871334
TRAIN Iter 297: loss = 0.000882,	Top-1 err = 75.240000,	Top-5 err = 50.900000,	train_time = 3.882419
TRAIN Iter 298: loss = 0.000863,	Top-1 err = 75.460000,	Top-5 err = 51.340000,	train_time = 3.568662
TRAIN Iter 299: loss = 0.000883,	Top-1 err = 75.490000,	Top-5 err = 51.420000,	train_time = 3.908066
TEST:
Iter 299: loss = 2.226595,	Top-1 err = 51.890000,	Top-5 err = 26.200000,	val_time = 1.020813
Train Finish! Best accuracy is 48.11@299
