=> using pytorch pre-trained teacher model 'conv4'
process data from /home/dvspanos/nikos/ca2d/artifacts/rded_sets/tin_rcad_ipc50
load data successfully
TRAIN Iter 0: loss = 0.015169,	Top-1 err = 98.290000,	Top-5 err = 92.510000,	train_time = 4.119254
TRAIN Iter 1: loss = 0.011793,	Top-1 err = 93.880000,	Top-5 err = 80.270000,	train_time = 3.431974
TRAIN Iter 2: loss = 0.010623,	Top-1 err = 90.720000,	Top-5 err = 72.930000,	train_time = 3.323350
TRAIN Iter 3: loss = 0.009237,	Top-1 err = 88.470000,	Top-5 err = 70.110000,	train_time = 3.591862
TRAIN Iter 4: loss = 0.008673,	Top-1 err = 85.680000,	Top-5 err = 65.220000,	train_time = 3.558855
TRAIN Iter 5: loss = 0.007985,	Top-1 err = 84.580000,	Top-5 err = 64.170000,	train_time = 3.670338
TRAIN Iter 6: loss = 0.007341,	Top-1 err = 81.370000,	Top-5 err = 57.690000,	train_time = 3.509374
TRAIN Iter 7: loss = 0.007119,	Top-1 err = 79.700000,	Top-5 err = 55.720000,	train_time = 3.619114
TRAIN Iter 8: loss = 0.006737,	Top-1 err = 76.720000,	Top-5 err = 51.980000,	train_time = 3.609757
TRAIN Iter 9: loss = 0.006360,	Top-1 err = 77.250000,	Top-5 err = 54.350000,	train_time = 3.584899
TRAIN Iter 10: loss = 0.006058,	Top-1 err = 75.670000,	Top-5 err = 50.870000,	train_time = 3.579309
TRAIN Iter 11: loss = 0.005846,	Top-1 err = 71.640000,	Top-5 err = 46.510000,	train_time = 3.813811
TRAIN Iter 12: loss = 0.005667,	Top-1 err = 74.350000,	Top-5 err = 50.240000,	train_time = 3.754185
TRAIN Iter 13: loss = 0.005451,	Top-1 err = 72.150000,	Top-5 err = 48.000000,	train_time = 3.716202
TRAIN Iter 14: loss = 0.005256,	Top-1 err = 75.990000,	Top-5 err = 53.490000,	train_time = 3.763919
TRAIN Iter 15: loss = 0.005212,	Top-1 err = 66.570000,	Top-5 err = 40.580000,	train_time = 3.607318
TRAIN Iter 16: loss = 0.004943,	Top-1 err = 69.780000,	Top-5 err = 44.180000,	train_time = 3.667483
TRAIN Iter 17: loss = 0.004968,	Top-1 err = 69.950000,	Top-5 err = 45.650000,	train_time = 3.751765
TRAIN Iter 18: loss = 0.004749,	Top-1 err = 69.600000,	Top-5 err = 46.630000,	train_time = 3.685095
TRAIN Iter 19: loss = 0.004668,	Top-1 err = 67.090000,	Top-5 err = 41.920000,	train_time = 3.873821
TRAIN Iter 20: loss = 0.004504,	Top-1 err = 65.630000,	Top-5 err = 40.990000,	train_time = 3.682580
TRAIN Iter 21: loss = 0.004461,	Top-1 err = 67.870000,	Top-5 err = 44.230000,	train_time = 3.683246
TRAIN Iter 22: loss = 0.004414,	Top-1 err = 64.260000,	Top-5 err = 39.160000,	train_time = 3.764842
TRAIN Iter 23: loss = 0.004285,	Top-1 err = 66.610000,	Top-5 err = 42.880000,	train_time = 3.629275
TRAIN Iter 24: loss = 0.004258,	Top-1 err = 65.390000,	Top-5 err = 41.010000,	train_time = 3.803117
TRAIN Iter 25: loss = 0.004137,	Top-1 err = 63.560000,	Top-5 err = 38.990000,	train_time = 3.857069
TRAIN Iter 26: loss = 0.004118,	Top-1 err = 66.560000,	Top-5 err = 43.140000,	train_time = 3.674471
TRAIN Iter 27: loss = 0.004040,	Top-1 err = 66.710000,	Top-5 err = 42.780000,	train_time = 3.608039
TRAIN Iter 28: loss = 0.003974,	Top-1 err = 64.230000,	Top-5 err = 40.090000,	train_time = 3.930002
TRAIN Iter 29: loss = 0.003931,	Top-1 err = 66.480000,	Top-5 err = 42.870000,	train_time = 3.726708
TRAIN Iter 30: loss = 0.003841,	Top-1 err = 68.050000,	Top-5 err = 44.580000,	train_time = 3.761851
TRAIN Iter 31: loss = 0.003860,	Top-1 err = 60.790000,	Top-5 err = 36.130000,	train_time = 3.717587
TRAIN Iter 32: loss = 0.003761,	Top-1 err = 62.800000,	Top-5 err = 37.900000,	train_time = 3.805002
TRAIN Iter 33: loss = 0.003792,	Top-1 err = 64.750000,	Top-5 err = 41.070000,	train_time = 3.626737
TRAIN Iter 34: loss = 0.003756,	Top-1 err = 59.400000,	Top-5 err = 35.800000,	train_time = 3.763283
TRAIN Iter 35: loss = 0.003721,	Top-1 err = 64.960000,	Top-5 err = 42.700000,	train_time = 3.824635
TRAIN Iter 36: loss = 0.003628,	Top-1 err = 64.650000,	Top-5 err = 41.220000,	train_time = 3.682079
TRAIN Iter 37: loss = 0.003657,	Top-1 err = 61.370000,	Top-5 err = 37.220000,	train_time = 3.777127
TRAIN Iter 38: loss = 0.003596,	Top-1 err = 64.180000,	Top-5 err = 40.780000,	train_time = 3.824384
TRAIN Iter 39: loss = 0.003547,	Top-1 err = 65.910000,	Top-5 err = 43.020000,	train_time = 3.585685
TRAIN Iter 40: loss = 0.003588,	Top-1 err = 65.300000,	Top-5 err = 43.470000,	train_time = 3.687343
TRAIN Iter 41: loss = 0.003470,	Top-1 err = 62.960000,	Top-5 err = 39.700000,	train_time = 3.680884
TRAIN Iter 42: loss = 0.003403,	Top-1 err = 59.290000,	Top-5 err = 35.970000,	train_time = 3.707209
TRAIN Iter 43: loss = 0.003416,	Top-1 err = 60.960000,	Top-5 err = 36.290000,	train_time = 3.581599
TRAIN Iter 44: loss = 0.003350,	Top-1 err = 59.020000,	Top-5 err = 35.570000,	train_time = 3.688595
TRAIN Iter 45: loss = 0.003332,	Top-1 err = 59.000000,	Top-5 err = 35.370000,	train_time = 3.823576
TRAIN Iter 46: loss = 0.003318,	Top-1 err = 63.500000,	Top-5 err = 39.570000,	train_time = 3.662460
TRAIN Iter 47: loss = 0.003352,	Top-1 err = 64.530000,	Top-5 err = 41.730000,	train_time = 3.758095
TRAIN Iter 48: loss = 0.003283,	Top-1 err = 59.830000,	Top-5 err = 35.970000,	train_time = 3.710365
TRAIN Iter 49: loss = 0.003249,	Top-1 err = 63.780000,	Top-5 err = 40.320000,	train_time = 3.655471
TRAIN Iter 50: loss = 0.003280,	Top-1 err = 58.140000,	Top-5 err = 33.030000,	train_time = 3.745721
TRAIN Iter 51: loss = 0.003258,	Top-1 err = 61.210000,	Top-5 err = 38.190000,	train_time = 3.751014
TRAIN Iter 52: loss = 0.003284,	Top-1 err = 63.250000,	Top-5 err = 39.460000,	train_time = 3.758106
TRAIN Iter 53: loss = 0.003182,	Top-1 err = 63.010000,	Top-5 err = 39.600000,	train_time = 3.774401
TRAIN Iter 54: loss = 0.003192,	Top-1 err = 62.370000,	Top-5 err = 39.160000,	train_time = 3.784929
TRAIN Iter 55: loss = 0.003189,	Top-1 err = 61.460000,	Top-5 err = 38.380000,	train_time = 3.824770
TRAIN Iter 56: loss = 0.003141,	Top-1 err = 60.000000,	Top-5 err = 36.590000,	train_time = 3.644463
TRAIN Iter 57: loss = 0.003136,	Top-1 err = 58.210000,	Top-5 err = 35.360000,	train_time = 3.781809
TRAIN Iter 58: loss = 0.003069,	Top-1 err = 62.090000,	Top-5 err = 39.240000,	train_time = 3.657751
TRAIN Iter 59: loss = 0.003067,	Top-1 err = 60.810000,	Top-5 err = 37.450000,	train_time = 3.772714
TRAIN Iter 60: loss = 0.003044,	Top-1 err = 60.240000,	Top-5 err = 36.650000,	train_time = 3.668972
TRAIN Iter 61: loss = 0.003084,	Top-1 err = 59.240000,	Top-5 err = 36.390000,	train_time = 3.922940
TRAIN Iter 62: loss = 0.002980,	Top-1 err = 63.060000,	Top-5 err = 40.020000,	train_time = 3.798214
TRAIN Iter 63: loss = 0.003042,	Top-1 err = 61.520000,	Top-5 err = 39.690000,	train_time = 3.806816
TRAIN Iter 64: loss = 0.003012,	Top-1 err = 61.470000,	Top-5 err = 38.570000,	train_time = 3.716923
TRAIN Iter 65: loss = 0.002962,	Top-1 err = 62.860000,	Top-5 err = 39.320000,	train_time = 3.845848
TRAIN Iter 66: loss = 0.002938,	Top-1 err = 61.510000,	Top-5 err = 37.090000,	train_time = 3.732684
TRAIN Iter 67: loss = 0.002985,	Top-1 err = 61.750000,	Top-5 err = 37.880000,	train_time = 3.883121
TRAIN Iter 68: loss = 0.002911,	Top-1 err = 59.190000,	Top-5 err = 36.540000,	train_time = 3.756077
TRAIN Iter 69: loss = 0.002856,	Top-1 err = 60.990000,	Top-5 err = 38.130000,	train_time = 3.802368
TRAIN Iter 70: loss = 0.002874,	Top-1 err = 60.880000,	Top-5 err = 37.940000,	train_time = 3.858501
TRAIN Iter 71: loss = 0.002867,	Top-1 err = 56.490000,	Top-5 err = 32.130000,	train_time = 3.692594
TRAIN Iter 72: loss = 0.002892,	Top-1 err = 59.510000,	Top-5 err = 36.690000,	train_time = 3.796856
TRAIN Iter 73: loss = 0.002886,	Top-1 err = 63.140000,	Top-5 err = 41.290000,	train_time = 3.723323
TRAIN Iter 74: loss = 0.002846,	Top-1 err = 61.190000,	Top-5 err = 38.950000,	train_time = 3.742435
TRAIN Iter 75: loss = 0.002827,	Top-1 err = 59.910000,	Top-5 err = 37.470000,	train_time = 3.788512
TRAIN Iter 76: loss = 0.002775,	Top-1 err = 60.510000,	Top-5 err = 37.400000,	train_time = 3.750352
TRAIN Iter 77: loss = 0.002806,	Top-1 err = 58.870000,	Top-5 err = 36.130000,	train_time = 3.808515
TRAIN Iter 78: loss = 0.002778,	Top-1 err = 59.120000,	Top-5 err = 35.750000,	train_time = 3.824730
TRAIN Iter 79: loss = 0.002809,	Top-1 err = 64.610000,	Top-5 err = 42.610000,	train_time = 3.648417
TRAIN Iter 80: loss = 0.002762,	Top-1 err = 60.890000,	Top-5 err = 37.700000,	train_time = 3.839361
TRAIN Iter 81: loss = 0.002684,	Top-1 err = 59.900000,	Top-5 err = 38.000000,	train_time = 3.856989
TRAIN Iter 82: loss = 0.002699,	Top-1 err = 56.950000,	Top-5 err = 33.230000,	train_time = 3.764699
TRAIN Iter 83: loss = 0.002693,	Top-1 err = 57.740000,	Top-5 err = 34.670000,	train_time = 3.813226
TRAIN Iter 84: loss = 0.002658,	Top-1 err = 56.910000,	Top-5 err = 33.740000,	train_time = 3.739652
TRAIN Iter 85: loss = 0.002633,	Top-1 err = 56.340000,	Top-5 err = 34.100000,	train_time = 3.859093
TRAIN Iter 86: loss = 0.002683,	Top-1 err = 61.780000,	Top-5 err = 39.960000,	train_time = 3.753189
TRAIN Iter 87: loss = 0.002671,	Top-1 err = 58.290000,	Top-5 err = 35.680000,	train_time = 3.758012
TRAIN Iter 88: loss = 0.002663,	Top-1 err = 58.090000,	Top-5 err = 34.960000,	train_time = 3.850005
TRAIN Iter 89: loss = 0.002642,	Top-1 err = 60.270000,	Top-5 err = 37.240000,	train_time = 3.922800
TRAIN Iter 90: loss = 0.002656,	Top-1 err = 62.730000,	Top-5 err = 40.340000,	train_time = 3.778767
TRAIN Iter 91: loss = 0.002568,	Top-1 err = 57.240000,	Top-5 err = 34.190000,	train_time = 3.757167
TRAIN Iter 92: loss = 0.002592,	Top-1 err = 62.360000,	Top-5 err = 40.890000,	train_time = 3.815232
TRAIN Iter 93: loss = 0.002569,	Top-1 err = 54.550000,	Top-5 err = 31.190000,	train_time = 3.632218
TRAIN Iter 94: loss = 0.002545,	Top-1 err = 60.260000,	Top-5 err = 37.450000,	train_time = 3.799725
TRAIN Iter 95: loss = 0.002562,	Top-1 err = 61.070000,	Top-5 err = 38.470000,	train_time = 3.808938
TRAIN Iter 96: loss = 0.002544,	Top-1 err = 58.050000,	Top-5 err = 35.940000,	train_time = 3.708608
TRAIN Iter 97: loss = 0.002547,	Top-1 err = 61.570000,	Top-5 err = 39.670000,	train_time = 3.749551
TRAIN Iter 98: loss = 0.002521,	Top-1 err = 65.190000,	Top-5 err = 42.600000,	train_time = 3.712139
TRAIN Iter 99: loss = 0.002490,	Top-1 err = 57.780000,	Top-5 err = 34.830000,	train_time = 3.737665
TRAIN Iter 100: loss = 0.002562,	Top-1 err = 62.420000,	Top-5 err = 41.970000,	train_time = 3.710709
TRAIN Iter 101: loss = 0.002505,	Top-1 err = 57.050000,	Top-5 err = 35.280000,	train_time = 3.817599
TRAIN Iter 102: loss = 0.002470,	Top-1 err = 57.410000,	Top-5 err = 34.900000,	train_time = 3.913308
TRAIN Iter 103: loss = 0.002467,	Top-1 err = 58.800000,	Top-5 err = 36.700000,	train_time = 3.664001
TRAIN Iter 104: loss = 0.002422,	Top-1 err = 57.190000,	Top-5 err = 34.440000,	train_time = 3.785918
TRAIN Iter 105: loss = 0.002479,	Top-1 err = 56.820000,	Top-5 err = 34.430000,	train_time = 3.791167
TRAIN Iter 106: loss = 0.002432,	Top-1 err = 60.010000,	Top-5 err = 37.190000,	train_time = 3.622286
TRAIN Iter 107: loss = 0.002394,	Top-1 err = 58.160000,	Top-5 err = 35.320000,	train_time = 3.643895
TRAIN Iter 108: loss = 0.002468,	Top-1 err = 61.680000,	Top-5 err = 39.210000,	train_time = 3.867375
TRAIN Iter 109: loss = 0.002370,	Top-1 err = 59.010000,	Top-5 err = 36.350000,	train_time = 3.531211
TRAIN Iter 110: loss = 0.002363,	Top-1 err = 59.740000,	Top-5 err = 38.010000,	train_time = 3.686867
TRAIN Iter 111: loss = 0.002325,	Top-1 err = 57.080000,	Top-5 err = 32.720000,	train_time = 3.850447
TRAIN Iter 112: loss = 0.002350,	Top-1 err = 58.340000,	Top-5 err = 36.300000,	train_time = 3.878846
TRAIN Iter 113: loss = 0.002316,	Top-1 err = 58.590000,	Top-5 err = 35.420000,	train_time = 3.823325
TRAIN Iter 114: loss = 0.002330,	Top-1 err = 61.370000,	Top-5 err = 39.320000,	train_time = 3.730000
TRAIN Iter 115: loss = 0.002295,	Top-1 err = 58.110000,	Top-5 err = 36.240000,	train_time = 3.774011
TRAIN Iter 116: loss = 0.002331,	Top-1 err = 59.550000,	Top-5 err = 37.920000,	train_time = 3.599464
TRAIN Iter 117: loss = 0.002312,	Top-1 err = 56.220000,	Top-5 err = 34.440000,	train_time = 3.837251
TRAIN Iter 118: loss = 0.002303,	Top-1 err = 63.540000,	Top-5 err = 42.000000,	train_time = 3.634203
TRAIN Iter 119: loss = 0.002285,	Top-1 err = 59.100000,	Top-5 err = 37.590000,	train_time = 3.771928
TRAIN Iter 120: loss = 0.002250,	Top-1 err = 59.400000,	Top-5 err = 36.570000,	train_time = 3.773868
TRAIN Iter 121: loss = 0.002299,	Top-1 err = 58.830000,	Top-5 err = 36.950000,	train_time = 3.824853
TRAIN Iter 122: loss = 0.002230,	Top-1 err = 58.980000,	Top-5 err = 36.630000,	train_time = 3.657866
TRAIN Iter 123: loss = 0.002253,	Top-1 err = 57.270000,	Top-5 err = 35.210000,	train_time = 3.637717
TRAIN Iter 124: loss = 0.002198,	Top-1 err = 58.370000,	Top-5 err = 36.030000,	train_time = 3.885689
TRAIN Iter 125: loss = 0.002189,	Top-1 err = 58.400000,	Top-5 err = 36.300000,	train_time = 3.674376
TRAIN Iter 126: loss = 0.002227,	Top-1 err = 55.220000,	Top-5 err = 32.600000,	train_time = 3.921291
TRAIN Iter 127: loss = 0.002257,	Top-1 err = 60.500000,	Top-5 err = 38.250000,	train_time = 3.890984
TRAIN Iter 128: loss = 0.002219,	Top-1 err = 55.060000,	Top-5 err = 33.130000,	train_time = 3.764615
TRAIN Iter 129: loss = 0.002156,	Top-1 err = 57.010000,	Top-5 err = 35.010000,	train_time = 3.641030
TRAIN Iter 130: loss = 0.002165,	Top-1 err = 54.340000,	Top-5 err = 30.640000,	train_time = 3.851406
TRAIN Iter 131: loss = 0.002120,	Top-1 err = 56.010000,	Top-5 err = 33.670000,	train_time = 3.822392
TRAIN Iter 132: loss = 0.002153,	Top-1 err = 61.820000,	Top-5 err = 39.500000,	train_time = 3.846228
TRAIN Iter 133: loss = 0.002127,	Top-1 err = 55.790000,	Top-5 err = 33.840000,	train_time = 3.678105
TRAIN Iter 134: loss = 0.002125,	Top-1 err = 55.150000,	Top-5 err = 32.030000,	train_time = 3.697058
TRAIN Iter 135: loss = 0.002097,	Top-1 err = 55.770000,	Top-5 err = 32.470000,	train_time = 3.849864
TRAIN Iter 136: loss = 0.002072,	Top-1 err = 57.870000,	Top-5 err = 36.450000,	train_time = 3.800391
TRAIN Iter 137: loss = 0.002100,	Top-1 err = 53.180000,	Top-5 err = 30.960000,	train_time = 3.732395
TRAIN Iter 138: loss = 0.002089,	Top-1 err = 56.180000,	Top-5 err = 33.900000,	train_time = 3.672785
TRAIN Iter 139: loss = 0.002071,	Top-1 err = 60.910000,	Top-5 err = 38.770000,	train_time = 3.700051
TRAIN Iter 140: loss = 0.002053,	Top-1 err = 55.560000,	Top-5 err = 32.280000,	train_time = 3.761086
TRAIN Iter 141: loss = 0.002058,	Top-1 err = 62.110000,	Top-5 err = 38.880000,	train_time = 3.895141
TRAIN Iter 142: loss = 0.002053,	Top-1 err = 55.320000,	Top-5 err = 33.270000,	train_time = 3.673305
TRAIN Iter 143: loss = 0.002045,	Top-1 err = 61.830000,	Top-5 err = 38.480000,	train_time = 3.874898
TRAIN Iter 144: loss = 0.002025,	Top-1 err = 51.900000,	Top-5 err = 30.380000,	train_time = 3.877033
TRAIN Iter 145: loss = 0.001984,	Top-1 err = 57.680000,	Top-5 err = 34.370000,	train_time = 3.759492
TRAIN Iter 146: loss = 0.001998,	Top-1 err = 55.770000,	Top-5 err = 33.220000,	train_time = 3.610240
TRAIN Iter 147: loss = 0.002009,	Top-1 err = 57.260000,	Top-5 err = 35.590000,	train_time = 3.741227
TRAIN Iter 148: loss = 0.002007,	Top-1 err = 58.150000,	Top-5 err = 36.200000,	train_time = 3.630064
TRAIN Iter 149: loss = 0.001971,	Top-1 err = 55.970000,	Top-5 err = 33.150000,	train_time = 3.757916
TRAIN Iter 150: loss = 0.001993,	Top-1 err = 60.000000,	Top-5 err = 38.140000,	train_time = 3.780600
TRAIN Iter 151: loss = 0.001977,	Top-1 err = 57.400000,	Top-5 err = 34.800000,	train_time = 3.820144
TRAIN Iter 152: loss = 0.001962,	Top-1 err = 55.420000,	Top-5 err = 33.300000,	train_time = 3.772292
TRAIN Iter 153: loss = 0.001956,	Top-1 err = 55.090000,	Top-5 err = 33.830000,	train_time = 3.687730
TRAIN Iter 154: loss = 0.001930,	Top-1 err = 51.570000,	Top-5 err = 30.000000,	train_time = 3.684577
TRAIN Iter 155: loss = 0.001920,	Top-1 err = 61.260000,	Top-5 err = 40.860000,	train_time = 3.815459
TRAIN Iter 156: loss = 0.001905,	Top-1 err = 59.240000,	Top-5 err = 36.770000,	train_time = 3.689407
TRAIN Iter 157: loss = 0.001917,	Top-1 err = 64.310000,	Top-5 err = 43.250000,	train_time = 3.784357
TRAIN Iter 158: loss = 0.001881,	Top-1 err = 59.210000,	Top-5 err = 36.900000,	train_time = 3.730175
TRAIN Iter 159: loss = 0.001881,	Top-1 err = 55.410000,	Top-5 err = 33.450000,	train_time = 3.907841
TRAIN Iter 160: loss = 0.001890,	Top-1 err = 55.990000,	Top-5 err = 33.550000,	train_time = 3.751282
TRAIN Iter 161: loss = 0.001890,	Top-1 err = 59.220000,	Top-5 err = 37.590000,	train_time = 3.725518
TRAIN Iter 162: loss = 0.001861,	Top-1 err = 53.830000,	Top-5 err = 31.260000,	train_time = 3.670476
TRAIN Iter 163: loss = 0.001872,	Top-1 err = 56.880000,	Top-5 err = 35.370000,	train_time = 3.762358
TRAIN Iter 164: loss = 0.001847,	Top-1 err = 54.510000,	Top-5 err = 32.140000,	train_time = 3.764064
TRAIN Iter 165: loss = 0.001866,	Top-1 err = 57.900000,	Top-5 err = 37.040000,	train_time = 3.678664
TRAIN Iter 166: loss = 0.001861,	Top-1 err = 56.520000,	Top-5 err = 33.520000,	train_time = 3.773007
TRAIN Iter 167: loss = 0.001831,	Top-1 err = 56.870000,	Top-5 err = 34.850000,	train_time = 3.779149
TRAIN Iter 168: loss = 0.001845,	Top-1 err = 52.450000,	Top-5 err = 31.350000,	train_time = 3.640522
TRAIN Iter 169: loss = 0.001828,	Top-1 err = 55.430000,	Top-5 err = 33.330000,	train_time = 3.674762
TRAIN Iter 170: loss = 0.001815,	Top-1 err = 54.630000,	Top-5 err = 31.900000,	train_time = 3.824004
TRAIN Iter 171: loss = 0.001802,	Top-1 err = 56.970000,	Top-5 err = 35.850000,	train_time = 3.615946
TRAIN Iter 172: loss = 0.001813,	Top-1 err = 55.220000,	Top-5 err = 33.830000,	train_time = 3.752926
TRAIN Iter 173: loss = 0.001761,	Top-1 err = 60.160000,	Top-5 err = 37.660000,	train_time = 3.575840
TRAIN Iter 174: loss = 0.001816,	Top-1 err = 54.810000,	Top-5 err = 32.550000,	train_time = 3.772991
TRAIN Iter 175: loss = 0.001796,	Top-1 err = 61.890000,	Top-5 err = 41.270000,	train_time = 3.847203
TRAIN Iter 176: loss = 0.001813,	Top-1 err = 61.360000,	Top-5 err = 39.590000,	train_time = 3.768640
TRAIN Iter 177: loss = 0.001787,	Top-1 err = 57.560000,	Top-5 err = 35.680000,	train_time = 3.746091
TRAIN Iter 178: loss = 0.001702,	Top-1 err = 57.510000,	Top-5 err = 36.330000,	train_time = 3.713488
TRAIN Iter 179: loss = 0.001779,	Top-1 err = 55.930000,	Top-5 err = 33.580000,	train_time = 3.790881
TRAIN Iter 180: loss = 0.001739,	Top-1 err = 54.980000,	Top-5 err = 31.830000,	train_time = 3.803566
TRAIN Iter 181: loss = 0.001706,	Top-1 err = 53.130000,	Top-5 err = 30.260000,	train_time = 3.877986
TRAIN Iter 182: loss = 0.001670,	Top-1 err = 55.490000,	Top-5 err = 33.490000,	train_time = 3.657753
TRAIN Iter 183: loss = 0.001687,	Top-1 err = 53.650000,	Top-5 err = 33.320000,	train_time = 3.748855
TRAIN Iter 184: loss = 0.001714,	Top-1 err = 59.560000,	Top-5 err = 36.780000,	train_time = 3.766173
TRAIN Iter 185: loss = 0.001683,	Top-1 err = 53.360000,	Top-5 err = 30.470000,	train_time = 3.912647
TRAIN Iter 186: loss = 0.001650,	Top-1 err = 56.550000,	Top-5 err = 33.310000,	train_time = 3.758629
TRAIN Iter 187: loss = 0.001659,	Top-1 err = 56.740000,	Top-5 err = 34.480000,	train_time = 3.754434
TRAIN Iter 188: loss = 0.001667,	Top-1 err = 57.740000,	Top-5 err = 35.620000,	train_time = 3.773466
TRAIN Iter 189: loss = 0.001664,	Top-1 err = 55.150000,	Top-5 err = 33.750000,	train_time = 3.739343
TRAIN Iter 190: loss = 0.001639,	Top-1 err = 59.020000,	Top-5 err = 37.530000,	train_time = 3.654609
TRAIN Iter 191: loss = 0.001673,	Top-1 err = 53.100000,	Top-5 err = 31.140000,	train_time = 3.862412
TRAIN Iter 192: loss = 0.001652,	Top-1 err = 57.340000,	Top-5 err = 35.500000,	train_time = 3.715924
TRAIN Iter 193: loss = 0.001642,	Top-1 err = 59.190000,	Top-5 err = 38.280000,	train_time = 3.840786
TRAIN Iter 194: loss = 0.001652,	Top-1 err = 60.510000,	Top-5 err = 39.440000,	train_time = 3.792717
TRAIN Iter 195: loss = 0.001615,	Top-1 err = 56.750000,	Top-5 err = 34.560000,	train_time = 3.755212
TRAIN Iter 196: loss = 0.001621,	Top-1 err = 56.260000,	Top-5 err = 35.350000,	train_time = 3.791924
TRAIN Iter 197: loss = 0.001604,	Top-1 err = 57.990000,	Top-5 err = 35.750000,	train_time = 3.643851
TRAIN Iter 198: loss = 0.001589,	Top-1 err = 59.290000,	Top-5 err = 38.080000,	train_time = 3.752718
TRAIN Iter 199: loss = 0.001578,	Top-1 err = 54.610000,	Top-5 err = 32.130000,	train_time = 3.733518
TRAIN Iter 200: loss = 0.001610,	Top-1 err = 62.060000,	Top-5 err = 41.230000,	train_time = 3.812703
TRAIN Iter 201: loss = 0.001571,	Top-1 err = 55.820000,	Top-5 err = 33.620000,	train_time = 3.684096
TRAIN Iter 202: loss = 0.001516,	Top-1 err = 57.780000,	Top-5 err = 34.910000,	train_time = 3.871070
TRAIN Iter 203: loss = 0.001585,	Top-1 err = 55.040000,	Top-5 err = 33.510000,	train_time = 3.776282
TRAIN Iter 204: loss = 0.001565,	Top-1 err = 52.880000,	Top-5 err = 31.130000,	train_time = 3.633704
TRAIN Iter 205: loss = 0.001528,	Top-1 err = 59.400000,	Top-5 err = 38.050000,	train_time = 3.876070
TRAIN Iter 206: loss = 0.001547,	Top-1 err = 55.970000,	Top-5 err = 33.430000,	train_time = 3.818522
TRAIN Iter 207: loss = 0.001525,	Top-1 err = 51.430000,	Top-5 err = 28.900000,	train_time = 3.848538
TRAIN Iter 208: loss = 0.001523,	Top-1 err = 55.610000,	Top-5 err = 33.440000,	train_time = 3.741663
TRAIN Iter 209: loss = 0.001479,	Top-1 err = 55.260000,	Top-5 err = 33.840000,	train_time = 3.769134
TRAIN Iter 210: loss = 0.001483,	Top-1 err = 51.730000,	Top-5 err = 30.380000,	train_time = 3.741898
TRAIN Iter 211: loss = 0.001525,	Top-1 err = 59.200000,	Top-5 err = 36.930000,	train_time = 3.834380
TRAIN Iter 212: loss = 0.001505,	Top-1 err = 57.160000,	Top-5 err = 37.730000,	train_time = 3.620771
TRAIN Iter 213: loss = 0.001494,	Top-1 err = 52.720000,	Top-5 err = 30.510000,	train_time = 3.765725
TRAIN Iter 214: loss = 0.001453,	Top-1 err = 50.700000,	Top-5 err = 28.330000,	train_time = 3.767597
TRAIN Iter 215: loss = 0.001443,	Top-1 err = 54.260000,	Top-5 err = 31.570000,	train_time = 3.779137
TRAIN Iter 216: loss = 0.001453,	Top-1 err = 57.080000,	Top-5 err = 34.650000,	train_time = 3.735765
TRAIN Iter 217: loss = 0.001434,	Top-1 err = 59.340000,	Top-5 err = 36.930000,	train_time = 3.886793
TRAIN Iter 218: loss = 0.001498,	Top-1 err = 57.510000,	Top-5 err = 34.800000,	train_time = 3.783862
TRAIN Iter 219: loss = 0.001480,	Top-1 err = 54.860000,	Top-5 err = 34.570000,	train_time = 3.816505
TRAIN Iter 220: loss = 0.001462,	Top-1 err = 59.420000,	Top-5 err = 37.150000,	train_time = 3.699853
TRAIN Iter 221: loss = 0.001401,	Top-1 err = 58.140000,	Top-5 err = 35.870000,	train_time = 3.676593
TRAIN Iter 222: loss = 0.001392,	Top-1 err = 57.950000,	Top-5 err = 38.140000,	train_time = 3.949834
TRAIN Iter 223: loss = 0.001421,	Top-1 err = 53.850000,	Top-5 err = 33.090000,	train_time = 3.774794
TRAIN Iter 224: loss = 0.001405,	Top-1 err = 58.710000,	Top-5 err = 36.590000,	train_time = 3.661393
TRAIN Iter 225: loss = 0.001380,	Top-1 err = 56.040000,	Top-5 err = 34.120000,	train_time = 3.583290
TRAIN Iter 226: loss = 0.001390,	Top-1 err = 57.860000,	Top-5 err = 35.240000,	train_time = 3.675512
TRAIN Iter 227: loss = 0.001392,	Top-1 err = 55.670000,	Top-5 err = 34.070000,	train_time = 3.857666
TRAIN Iter 228: loss = 0.001377,	Top-1 err = 59.190000,	Top-5 err = 37.630000,	train_time = 3.664509
TRAIN Iter 229: loss = 0.001383,	Top-1 err = 58.480000,	Top-5 err = 38.380000,	train_time = 3.667375
TRAIN Iter 230: loss = 0.001362,	Top-1 err = 56.030000,	Top-5 err = 33.330000,	train_time = 3.790193
TRAIN Iter 231: loss = 0.001357,	Top-1 err = 54.450000,	Top-5 err = 33.060000,	train_time = 3.618482
TRAIN Iter 232: loss = 0.001366,	Top-1 err = 57.240000,	Top-5 err = 36.000000,	train_time = 3.849079
TRAIN Iter 233: loss = 0.001337,	Top-1 err = 52.200000,	Top-5 err = 30.170000,	train_time = 3.810508
TRAIN Iter 234: loss = 0.001360,	Top-1 err = 54.500000,	Top-5 err = 34.260000,	train_time = 3.775233
TRAIN Iter 235: loss = 0.001346,	Top-1 err = 52.790000,	Top-5 err = 31.270000,	train_time = 3.744926
TRAIN Iter 236: loss = 0.001350,	Top-1 err = 58.970000,	Top-5 err = 36.770000,	train_time = 3.882316
TRAIN Iter 237: loss = 0.001346,	Top-1 err = 55.770000,	Top-5 err = 34.670000,	train_time = 3.694659
TRAIN Iter 238: loss = 0.001347,	Top-1 err = 56.280000,	Top-5 err = 35.330000,	train_time = 3.834676
TRAIN Iter 239: loss = 0.001315,	Top-1 err = 57.230000,	Top-5 err = 35.550000,	train_time = 3.809181
TRAIN Iter 240: loss = 0.001311,	Top-1 err = 57.600000,	Top-5 err = 34.940000,	train_time = 3.850517
TRAIN Iter 241: loss = 0.001307,	Top-1 err = 56.960000,	Top-5 err = 35.890000,	train_time = 3.838977
TRAIN Iter 242: loss = 0.001316,	Top-1 err = 58.030000,	Top-5 err = 36.720000,	train_time = 3.819952
TRAIN Iter 243: loss = 0.001318,	Top-1 err = 56.620000,	Top-5 err = 34.790000,	train_time = 3.652137
TRAIN Iter 244: loss = 0.001292,	Top-1 err = 54.140000,	Top-5 err = 30.460000,	train_time = 3.810164
TRAIN Iter 245: loss = 0.001292,	Top-1 err = 54.570000,	Top-5 err = 32.000000,	train_time = 3.678951
TRAIN Iter 246: loss = 0.001296,	Top-1 err = 58.720000,	Top-5 err = 37.000000,	train_time = 3.720364
TRAIN Iter 247: loss = 0.001251,	Top-1 err = 53.050000,	Top-5 err = 32.350000,	train_time = 3.900583
TRAIN Iter 248: loss = 0.001275,	Top-1 err = 56.710000,	Top-5 err = 34.980000,	train_time = 3.625908
TRAIN Iter 249: loss = 0.001257,	Top-1 err = 54.870000,	Top-5 err = 32.290000,	train_time = 3.703656
TEST:
Iter 249: loss = 2.237153,	Top-1 err = 52.740000,	Top-5 err = 26.500000,	val_time = 0.925989
TRAIN Iter 250: loss = 0.001292,	Top-1 err = 53.800000,	Top-5 err = 33.000000,	train_time = 3.710560
TRAIN Iter 251: loss = 0.001292,	Top-1 err = 54.810000,	Top-5 err = 34.480000,	train_time = 3.750420
TRAIN Iter 252: loss = 0.001262,	Top-1 err = 50.820000,	Top-5 err = 29.640000,	train_time = 3.750640
TRAIN Iter 253: loss = 0.001262,	Top-1 err = 56.600000,	Top-5 err = 36.240000,	train_time = 3.873333
TRAIN Iter 254: loss = 0.001248,	Top-1 err = 57.610000,	Top-5 err = 34.510000,	train_time = 4.025200
TRAIN Iter 255: loss = 0.001227,	Top-1 err = 57.750000,	Top-5 err = 36.350000,	train_time = 3.639237
TRAIN Iter 256: loss = 0.001224,	Top-1 err = 58.630000,	Top-5 err = 37.380000,	train_time = 3.760699
TRAIN Iter 257: loss = 0.001233,	Top-1 err = 53.910000,	Top-5 err = 33.080000,	train_time = 3.813632
TRAIN Iter 258: loss = 0.001204,	Top-1 err = 55.250000,	Top-5 err = 33.830000,	train_time = 3.902628
TRAIN Iter 259: loss = 0.001209,	Top-1 err = 56.740000,	Top-5 err = 34.740000,	train_time = 3.609636
TEST:
Iter 259: loss = 2.257067,	Top-1 err = 52.430000,	Top-5 err = 26.690000,	val_time = 0.963853
TRAIN Iter 260: loss = 0.001194,	Top-1 err = 58.640000,	Top-5 err = 36.100000,	train_time = 3.754011
TRAIN Iter 261: loss = 0.001217,	Top-1 err = 56.770000,	Top-5 err = 34.610000,	train_time = 3.754381
TRAIN Iter 262: loss = 0.001182,	Top-1 err = 59.100000,	Top-5 err = 37.630000,	train_time = 3.823027
TRAIN Iter 263: loss = 0.001178,	Top-1 err = 51.710000,	Top-5 err = 30.470000,	train_time = 3.892454
TRAIN Iter 264: loss = 0.001196,	Top-1 err = 55.750000,	Top-5 err = 34.840000,	train_time = 3.776293
TRAIN Iter 265: loss = 0.001200,	Top-1 err = 53.480000,	Top-5 err = 32.040000,	train_time = 3.764876
TRAIN Iter 266: loss = 0.001190,	Top-1 err = 56.670000,	Top-5 err = 37.140000,	train_time = 3.821351
TRAIN Iter 267: loss = 0.001190,	Top-1 err = 60.980000,	Top-5 err = 38.820000,	train_time = 3.800100
TRAIN Iter 268: loss = 0.001173,	Top-1 err = 56.680000,	Top-5 err = 35.480000,	train_time = 3.874706
TRAIN Iter 269: loss = 0.001156,	Top-1 err = 55.100000,	Top-5 err = 32.310000,	train_time = 3.795539
TEST:
Iter 269: loss = 2.248203,	Top-1 err = 52.040000,	Top-5 err = 26.670000,	val_time = 0.973240
TRAIN Iter 270: loss = 0.001169,	Top-1 err = 56.330000,	Top-5 err = 35.350000,	train_time = 3.748151
TRAIN Iter 271: loss = 0.001145,	Top-1 err = 57.630000,	Top-5 err = 36.720000,	train_time = 3.809004
TRAIN Iter 272: loss = 0.001145,	Top-1 err = 54.840000,	Top-5 err = 33.660000,	train_time = 3.710622
TRAIN Iter 273: loss = 0.001154,	Top-1 err = 57.180000,	Top-5 err = 34.820000,	train_time = 3.850062
TRAIN Iter 274: loss = 0.001153,	Top-1 err = 57.570000,	Top-5 err = 36.880000,	train_time = 3.846543
TRAIN Iter 275: loss = 0.001134,	Top-1 err = 58.320000,	Top-5 err = 36.960000,	train_time = 3.787787
TRAIN Iter 276: loss = 0.001134,	Top-1 err = 56.550000,	Top-5 err = 36.660000,	train_time = 3.973340
TRAIN Iter 277: loss = 0.001105,	Top-1 err = 54.960000,	Top-5 err = 33.030000,	train_time = 3.797388
TRAIN Iter 278: loss = 0.001201,	Top-1 err = 53.870000,	Top-5 err = 32.710000,	train_time = 3.638858
TRAIN Iter 279: loss = 0.001122,	Top-1 err = 53.960000,	Top-5 err = 32.860000,	train_time = 3.679471
TEST:
Iter 279: loss = 2.230528,	Top-1 err = 52.050000,	Top-5 err = 26.740000,	val_time = 0.936062
TRAIN Iter 280: loss = 0.001142,	Top-1 err = 55.060000,	Top-5 err = 34.360000,	train_time = 3.731263
TRAIN Iter 281: loss = 0.001141,	Top-1 err = 53.720000,	Top-5 err = 32.910000,	train_time = 3.707112
TRAIN Iter 282: loss = 0.001082,	Top-1 err = 52.580000,	Top-5 err = 30.690000,	train_time = 3.848463
TRAIN Iter 283: loss = 0.001106,	Top-1 err = 57.200000,	Top-5 err = 35.380000,	train_time = 3.963174
TRAIN Iter 284: loss = 0.001085,	Top-1 err = 58.870000,	Top-5 err = 37.780000,	train_time = 3.711874
TRAIN Iter 285: loss = 0.001094,	Top-1 err = 59.120000,	Top-5 err = 37.440000,	train_time = 3.744372
TRAIN Iter 286: loss = 0.001095,	Top-1 err = 51.820000,	Top-5 err = 31.050000,	train_time = 3.759035
TRAIN Iter 287: loss = 0.001085,	Top-1 err = 52.280000,	Top-5 err = 30.500000,	train_time = 3.803841
TRAIN Iter 288: loss = 0.001069,	Top-1 err = 60.670000,	Top-5 err = 39.450000,	train_time = 3.658557
TRAIN Iter 289: loss = 0.001096,	Top-1 err = 57.070000,	Top-5 err = 34.570000,	train_time = 3.561586
TEST:
Iter 289: loss = 2.233260,	Top-1 err = 51.820000,	Top-5 err = 26.000000,	val_time = 0.976806
TRAIN Iter 290: loss = 0.001047,	Top-1 err = 55.680000,	Top-5 err = 33.310000,	train_time = 3.951585
TRAIN Iter 291: loss = 0.001056,	Top-1 err = 56.470000,	Top-5 err = 35.400000,	train_time = 3.854755
TRAIN Iter 292: loss = 0.001087,	Top-1 err = 60.620000,	Top-5 err = 39.310000,	train_time = 3.747263
TRAIN Iter 293: loss = 0.001045,	Top-1 err = 52.860000,	Top-5 err = 30.910000,	train_time = 3.868029
TRAIN Iter 294: loss = 0.001083,	Top-1 err = 51.680000,	Top-5 err = 30.370000,	train_time = 3.690940
TRAIN Iter 295: loss = 0.001041,	Top-1 err = 55.050000,	Top-5 err = 33.540000,	train_time = 3.852185
TRAIN Iter 296: loss = 0.001076,	Top-1 err = 57.420000,	Top-5 err = 37.050000,	train_time = 3.910225
TRAIN Iter 297: loss = 0.001029,	Top-1 err = 54.360000,	Top-5 err = 33.790000,	train_time = 3.698030
TRAIN Iter 298: loss = 0.001047,	Top-1 err = 55.910000,	Top-5 err = 34.350000,	train_time = 3.744864
TRAIN Iter 299: loss = 0.001049,	Top-1 err = 58.310000,	Top-5 err = 38.210000,	train_time = 3.814964
TEST:
Iter 299: loss = 2.234431,	Top-1 err = 51.910000,	Top-5 err = 25.980000,	val_time = 0.965779
Train Finish! Best accuracy is 48.18@289
