=> using pytorch pre-trained teacher model 'conv4'
process data from /home/dvspanos/nikos/ca2d/artifacts/rded_sets/bench_tin_conv_el2nw50_ipc10
load data successfully
TRAIN Iter 0: loss = 0.016469,	Top-1 err = 99.650000,	Top-5 err = 96.950000,	train_time = 3.567618
TRAIN Iter 1: loss = 0.013343,	Top-1 err = 98.750000,	Top-5 err = 95.300000,	train_time = 2.253891
TRAIN Iter 2: loss = 0.013404,	Top-1 err = 98.700000,	Top-5 err = 93.050000,	train_time = 2.269854
TRAIN Iter 3: loss = 0.011794,	Top-1 err = 98.000000,	Top-5 err = 92.900000,	train_time = 2.293427
TRAIN Iter 4: loss = 0.011790,	Top-1 err = 97.500000,	Top-5 err = 90.200000,	train_time = 2.256022
TRAIN Iter 5: loss = 0.010643,	Top-1 err = 96.950000,	Top-5 err = 88.650000,	train_time = 2.260313
TRAIN Iter 6: loss = 0.010483,	Top-1 err = 96.550000,	Top-5 err = 84.900000,	train_time = 2.304967
TRAIN Iter 7: loss = 0.009704,	Top-1 err = 95.550000,	Top-5 err = 84.350000,	train_time = 2.304205
TRAIN Iter 8: loss = 0.009347,	Top-1 err = 95.300000,	Top-5 err = 84.350000,	train_time = 2.315478
TRAIN Iter 9: loss = 0.009666,	Top-1 err = 94.600000,	Top-5 err = 81.800000,	train_time = 2.303839
TRAIN Iter 10: loss = 0.009061,	Top-1 err = 94.900000,	Top-5 err = 84.250000,	train_time = 2.334114
TRAIN Iter 11: loss = 0.009177,	Top-1 err = 93.050000,	Top-5 err = 76.850000,	train_time = 2.349467
TRAIN Iter 12: loss = 0.008761,	Top-1 err = 93.150000,	Top-5 err = 77.500000,	train_time = 2.333287
TRAIN Iter 13: loss = 0.008448,	Top-1 err = 94.200000,	Top-5 err = 81.750000,	train_time = 2.344819
TRAIN Iter 14: loss = 0.008393,	Top-1 err = 93.000000,	Top-5 err = 78.700000,	train_time = 2.341865
TRAIN Iter 15: loss = 0.007983,	Top-1 err = 94.800000,	Top-5 err = 81.600000,	train_time = 2.371614
TRAIN Iter 16: loss = 0.007928,	Top-1 err = 94.150000,	Top-5 err = 79.650000,	train_time = 2.387114
TRAIN Iter 17: loss = 0.007736,	Top-1 err = 92.950000,	Top-5 err = 77.200000,	train_time = 2.387202
TRAIN Iter 18: loss = 0.007788,	Top-1 err = 93.100000,	Top-5 err = 77.300000,	train_time = 2.354662
TRAIN Iter 19: loss = 0.007319,	Top-1 err = 93.300000,	Top-5 err = 77.450000,	train_time = 2.390797
TRAIN Iter 20: loss = 0.007389,	Top-1 err = 92.400000,	Top-5 err = 75.400000,	train_time = 2.446791
TRAIN Iter 21: loss = 0.007280,	Top-1 err = 91.500000,	Top-5 err = 72.600000,	train_time = 2.402132
TRAIN Iter 22: loss = 0.007052,	Top-1 err = 92.700000,	Top-5 err = 77.000000,	train_time = 2.410089
TRAIN Iter 23: loss = 0.007007,	Top-1 err = 89.700000,	Top-5 err = 70.000000,	train_time = 2.479939
TRAIN Iter 24: loss = 0.006878,	Top-1 err = 90.000000,	Top-5 err = 71.100000,	train_time = 2.412210
TRAIN Iter 25: loss = 0.006756,	Top-1 err = 89.200000,	Top-5 err = 67.850000,	train_time = 2.477957
TRAIN Iter 26: loss = 0.006802,	Top-1 err = 88.900000,	Top-5 err = 69.250000,	train_time = 2.416866
TRAIN Iter 27: loss = 0.006817,	Top-1 err = 89.600000,	Top-5 err = 71.700000,	train_time = 2.390990
TRAIN Iter 28: loss = 0.006401,	Top-1 err = 91.050000,	Top-5 err = 74.400000,	train_time = 2.464154
TRAIN Iter 29: loss = 0.006587,	Top-1 err = 89.450000,	Top-5 err = 68.500000,	train_time = 2.429354
TRAIN Iter 30: loss = 0.006373,	Top-1 err = 89.900000,	Top-5 err = 70.450000,	train_time = 2.330848
TRAIN Iter 31: loss = 0.006593,	Top-1 err = 87.050000,	Top-5 err = 67.100000,	train_time = 2.424230
TRAIN Iter 32: loss = 0.006158,	Top-1 err = 88.800000,	Top-5 err = 67.950000,	train_time = 2.400647
TRAIN Iter 33: loss = 0.006174,	Top-1 err = 86.400000,	Top-5 err = 62.500000,	train_time = 2.198778
TRAIN Iter 34: loss = 0.005965,	Top-1 err = 87.350000,	Top-5 err = 65.450000,	train_time = 2.450271
TRAIN Iter 35: loss = 0.006025,	Top-1 err = 86.650000,	Top-5 err = 64.350000,	train_time = 2.421122
TRAIN Iter 36: loss = 0.005696,	Top-1 err = 88.900000,	Top-5 err = 71.950000,	train_time = 2.517562
TRAIN Iter 37: loss = 0.005783,	Top-1 err = 86.050000,	Top-5 err = 63.600000,	train_time = 2.465512
TRAIN Iter 38: loss = 0.005573,	Top-1 err = 85.550000,	Top-5 err = 63.200000,	train_time = 2.492944
TRAIN Iter 39: loss = 0.005747,	Top-1 err = 88.700000,	Top-5 err = 66.900000,	train_time = 2.460749
TRAIN Iter 40: loss = 0.005782,	Top-1 err = 89.450000,	Top-5 err = 72.800000,	train_time = 2.503345
TRAIN Iter 41: loss = 0.005564,	Top-1 err = 86.150000,	Top-5 err = 62.000000,	train_time = 2.516360
TRAIN Iter 42: loss = 0.005323,	Top-1 err = 89.100000,	Top-5 err = 71.750000,	train_time = 2.485933
TRAIN Iter 43: loss = 0.005738,	Top-1 err = 85.900000,	Top-5 err = 63.800000,	train_time = 2.471256
TRAIN Iter 44: loss = 0.005376,	Top-1 err = 87.100000,	Top-5 err = 67.150000,	train_time = 2.477889
TRAIN Iter 45: loss = 0.005324,	Top-1 err = 88.250000,	Top-5 err = 65.600000,	train_time = 2.480743
TRAIN Iter 46: loss = 0.005282,	Top-1 err = 83.950000,	Top-5 err = 59.800000,	train_time = 2.455177
TRAIN Iter 47: loss = 0.005336,	Top-1 err = 82.700000,	Top-5 err = 57.800000,	train_time = 2.402696
TRAIN Iter 48: loss = 0.005187,	Top-1 err = 88.200000,	Top-5 err = 68.600000,	train_time = 2.460681
TRAIN Iter 49: loss = 0.005048,	Top-1 err = 84.950000,	Top-5 err = 64.500000,	train_time = 2.488433
TRAIN Iter 50: loss = 0.005037,	Top-1 err = 82.450000,	Top-5 err = 56.100000,	train_time = 2.457661
TRAIN Iter 51: loss = 0.005144,	Top-1 err = 86.000000,	Top-5 err = 65.650000,	train_time = 2.474099
TRAIN Iter 52: loss = 0.004952,	Top-1 err = 84.050000,	Top-5 err = 61.500000,	train_time = 2.473697
TRAIN Iter 53: loss = 0.005011,	Top-1 err = 86.050000,	Top-5 err = 65.550000,	train_time = 2.300645
TRAIN Iter 54: loss = 0.004847,	Top-1 err = 87.250000,	Top-5 err = 66.700000,	train_time = 2.489002
TRAIN Iter 55: loss = 0.004991,	Top-1 err = 80.550000,	Top-5 err = 52.650000,	train_time = 2.492685
TRAIN Iter 56: loss = 0.004949,	Top-1 err = 84.800000,	Top-5 err = 64.500000,	train_time = 2.505981
TRAIN Iter 57: loss = 0.004709,	Top-1 err = 84.000000,	Top-5 err = 59.750000,	train_time = 2.449807
TRAIN Iter 58: loss = 0.004824,	Top-1 err = 81.600000,	Top-5 err = 56.300000,	train_time = 2.469905
TRAIN Iter 59: loss = 0.004809,	Top-1 err = 82.350000,	Top-5 err = 57.000000,	train_time = 2.470165
TRAIN Iter 60: loss = 0.004742,	Top-1 err = 84.150000,	Top-5 err = 61.050000,	train_time = 2.386679
TRAIN Iter 61: loss = 0.004726,	Top-1 err = 84.000000,	Top-5 err = 59.400000,	train_time = 2.475143
TRAIN Iter 62: loss = 0.004760,	Top-1 err = 81.700000,	Top-5 err = 58.000000,	train_time = 2.440908
TRAIN Iter 63: loss = 0.004698,	Top-1 err = 79.200000,	Top-5 err = 53.850000,	train_time = 2.462895
TRAIN Iter 64: loss = 0.004701,	Top-1 err = 85.600000,	Top-5 err = 64.700000,	train_time = 2.459460
TRAIN Iter 65: loss = 0.004656,	Top-1 err = 83.300000,	Top-5 err = 61.550000,	train_time = 2.468617
TRAIN Iter 66: loss = 0.004519,	Top-1 err = 83.200000,	Top-5 err = 59.050000,	train_time = 2.477850
TRAIN Iter 67: loss = 0.004519,	Top-1 err = 81.100000,	Top-5 err = 58.550000,	train_time = 2.445060
TRAIN Iter 68: loss = 0.004540,	Top-1 err = 84.350000,	Top-5 err = 63.850000,	train_time = 2.480980
TRAIN Iter 69: loss = 0.004345,	Top-1 err = 80.800000,	Top-5 err = 56.050000,	train_time = 2.472596
TRAIN Iter 70: loss = 0.004331,	Top-1 err = 79.850000,	Top-5 err = 54.650000,	train_time = 2.373643
TRAIN Iter 71: loss = 0.004545,	Top-1 err = 84.000000,	Top-5 err = 61.950000,	train_time = 2.492751
TRAIN Iter 72: loss = 0.004390,	Top-1 err = 83.150000,	Top-5 err = 58.700000,	train_time = 2.481975
TRAIN Iter 73: loss = 0.004394,	Top-1 err = 82.250000,	Top-5 err = 61.400000,	train_time = 2.455917
TRAIN Iter 74: loss = 0.004223,	Top-1 err = 83.100000,	Top-5 err = 57.900000,	train_time = 2.461733
TRAIN Iter 75: loss = 0.004429,	Top-1 err = 84.700000,	Top-5 err = 63.200000,	train_time = 2.469448
TRAIN Iter 76: loss = 0.004312,	Top-1 err = 84.100000,	Top-5 err = 61.200000,	train_time = 2.476596
TRAIN Iter 77: loss = 0.004231,	Top-1 err = 76.950000,	Top-5 err = 49.450000,	train_time = 2.444350
TRAIN Iter 78: loss = 0.004252,	Top-1 err = 78.750000,	Top-5 err = 53.750000,	train_time = 2.488552
TRAIN Iter 79: loss = 0.004341,	Top-1 err = 81.200000,	Top-5 err = 55.200000,	train_time = 2.488539
TRAIN Iter 80: loss = 0.004193,	Top-1 err = 84.150000,	Top-5 err = 63.900000,	train_time = 2.448451
TRAIN Iter 81: loss = 0.004079,	Top-1 err = 81.750000,	Top-5 err = 58.500000,	train_time = 2.469360
TRAIN Iter 82: loss = 0.004057,	Top-1 err = 77.550000,	Top-5 err = 50.750000,	train_time = 2.481386
TRAIN Iter 83: loss = 0.004176,	Top-1 err = 79.100000,	Top-5 err = 51.550000,	train_time = 2.526634
TRAIN Iter 84: loss = 0.004184,	Top-1 err = 79.100000,	Top-5 err = 55.700000,	train_time = 2.475125
TRAIN Iter 85: loss = 0.004029,	Top-1 err = 80.250000,	Top-5 err = 56.350000,	train_time = 2.443391
TRAIN Iter 86: loss = 0.004111,	Top-1 err = 83.000000,	Top-5 err = 59.400000,	train_time = 2.463158
TRAIN Iter 87: loss = 0.004130,	Top-1 err = 80.700000,	Top-5 err = 58.700000,	train_time = 2.473568
TRAIN Iter 88: loss = 0.004061,	Top-1 err = 80.350000,	Top-5 err = 55.550000,	train_time = 2.432532
TRAIN Iter 89: loss = 0.003961,	Top-1 err = 82.600000,	Top-5 err = 57.350000,	train_time = 2.467015
TRAIN Iter 90: loss = 0.004156,	Top-1 err = 81.700000,	Top-5 err = 59.800000,	train_time = 2.434619
TRAIN Iter 91: loss = 0.003967,	Top-1 err = 78.600000,	Top-5 err = 52.650000,	train_time = 2.400508
TRAIN Iter 92: loss = 0.003954,	Top-1 err = 81.450000,	Top-5 err = 60.100000,	train_time = 2.436839
TRAIN Iter 93: loss = 0.004007,	Top-1 err = 80.550000,	Top-5 err = 57.600000,	train_time = 2.412484
TRAIN Iter 94: loss = 0.003810,	Top-1 err = 79.950000,	Top-5 err = 55.550000,	train_time = 2.453820
TRAIN Iter 95: loss = 0.003781,	Top-1 err = 77.400000,	Top-5 err = 53.550000,	train_time = 2.462183
TRAIN Iter 96: loss = 0.003797,	Top-1 err = 78.400000,	Top-5 err = 51.350000,	train_time = 2.456402
TRAIN Iter 97: loss = 0.003888,	Top-1 err = 80.200000,	Top-5 err = 56.000000,	train_time = 2.447942
TRAIN Iter 98: loss = 0.003866,	Top-1 err = 79.000000,	Top-5 err = 53.250000,	train_time = 2.442460
TRAIN Iter 99: loss = 0.003781,	Top-1 err = 82.250000,	Top-5 err = 59.650000,	train_time = 2.363807
TRAIN Iter 100: loss = 0.003888,	Top-1 err = 83.200000,	Top-5 err = 63.000000,	train_time = 2.458489
TRAIN Iter 101: loss = 0.003783,	Top-1 err = 77.600000,	Top-5 err = 52.050000,	train_time = 2.412002
TRAIN Iter 102: loss = 0.003763,	Top-1 err = 80.600000,	Top-5 err = 58.300000,	train_time = 2.395694
TRAIN Iter 103: loss = 0.003662,	Top-1 err = 76.000000,	Top-5 err = 49.500000,	train_time = 2.427073
TRAIN Iter 104: loss = 0.003816,	Top-1 err = 84.450000,	Top-5 err = 64.650000,	train_time = 2.405845
TRAIN Iter 105: loss = 0.003828,	Top-1 err = 82.000000,	Top-5 err = 60.000000,	train_time = 2.399441
TRAIN Iter 106: loss = 0.003869,	Top-1 err = 84.150000,	Top-5 err = 62.700000,	train_time = 2.409684
TRAIN Iter 107: loss = 0.003814,	Top-1 err = 77.850000,	Top-5 err = 53.350000,	train_time = 2.420351
TRAIN Iter 108: loss = 0.003719,	Top-1 err = 80.450000,	Top-5 err = 56.250000,	train_time = 2.438081
TRAIN Iter 109: loss = 0.003776,	Top-1 err = 77.050000,	Top-5 err = 51.750000,	train_time = 2.469838
TRAIN Iter 110: loss = 0.003688,	Top-1 err = 74.800000,	Top-5 err = 48.450000,	train_time = 2.443583
TRAIN Iter 111: loss = 0.003727,	Top-1 err = 76.150000,	Top-5 err = 47.700000,	train_time = 2.383743
TRAIN Iter 112: loss = 0.003780,	Top-1 err = 77.050000,	Top-5 err = 51.900000,	train_time = 2.428968
TRAIN Iter 113: loss = 0.003567,	Top-1 err = 81.100000,	Top-5 err = 58.500000,	train_time = 2.399590
TRAIN Iter 114: loss = 0.003667,	Top-1 err = 77.400000,	Top-5 err = 53.550000,	train_time = 2.376837
TRAIN Iter 115: loss = 0.003669,	Top-1 err = 73.750000,	Top-5 err = 49.100000,	train_time = 2.391690
TRAIN Iter 116: loss = 0.003601,	Top-1 err = 80.500000,	Top-5 err = 58.700000,	train_time = 2.405682
TRAIN Iter 117: loss = 0.003608,	Top-1 err = 77.850000,	Top-5 err = 52.700000,	train_time = 2.380177
TRAIN Iter 118: loss = 0.003605,	Top-1 err = 80.750000,	Top-5 err = 56.250000,	train_time = 2.411311
TRAIN Iter 119: loss = 0.003462,	Top-1 err = 74.050000,	Top-5 err = 44.250000,	train_time = 2.381026
TRAIN Iter 120: loss = 0.003674,	Top-1 err = 79.350000,	Top-5 err = 57.500000,	train_time = 2.434378
TRAIN Iter 121: loss = 0.003678,	Top-1 err = 78.000000,	Top-5 err = 53.050000,	train_time = 2.369801
TRAIN Iter 122: loss = 0.003641,	Top-1 err = 81.400000,	Top-5 err = 55.550000,	train_time = 2.414378
TRAIN Iter 123: loss = 0.003491,	Top-1 err = 75.100000,	Top-5 err = 47.600000,	train_time = 2.377609
TRAIN Iter 124: loss = 0.003514,	Top-1 err = 81.150000,	Top-5 err = 58.050000,	train_time = 2.433439
TRAIN Iter 125: loss = 0.003494,	Top-1 err = 78.800000,	Top-5 err = 54.800000,	train_time = 2.426934
TRAIN Iter 126: loss = 0.003448,	Top-1 err = 78.850000,	Top-5 err = 54.350000,	train_time = 2.440960
TRAIN Iter 127: loss = 0.003334,	Top-1 err = 77.800000,	Top-5 err = 52.800000,	train_time = 2.393559
TRAIN Iter 128: loss = 0.003426,	Top-1 err = 78.700000,	Top-5 err = 53.950000,	train_time = 2.358988
TRAIN Iter 129: loss = 0.003464,	Top-1 err = 77.850000,	Top-5 err = 51.550000,	train_time = 2.408880
TRAIN Iter 130: loss = 0.003477,	Top-1 err = 81.350000,	Top-5 err = 61.300000,	train_time = 2.398761
TRAIN Iter 131: loss = 0.003507,	Top-1 err = 75.600000,	Top-5 err = 49.150000,	train_time = 2.392578
TRAIN Iter 132: loss = 0.003463,	Top-1 err = 76.850000,	Top-5 err = 48.850000,	train_time = 2.441443
TRAIN Iter 133: loss = 0.003402,	Top-1 err = 74.400000,	Top-5 err = 46.750000,	train_time = 2.248045
TRAIN Iter 134: loss = 0.003318,	Top-1 err = 80.350000,	Top-5 err = 54.350000,	train_time = 2.440663
TRAIN Iter 135: loss = 0.003439,	Top-1 err = 76.300000,	Top-5 err = 48.750000,	train_time = 2.436330
TRAIN Iter 136: loss = 0.003324,	Top-1 err = 81.550000,	Top-5 err = 58.150000,	train_time = 2.425374
TRAIN Iter 137: loss = 0.003311,	Top-1 err = 81.600000,	Top-5 err = 59.400000,	train_time = 2.426365
TRAIN Iter 138: loss = 0.003241,	Top-1 err = 77.600000,	Top-5 err = 51.900000,	train_time = 2.374151
TRAIN Iter 139: loss = 0.003376,	Top-1 err = 77.750000,	Top-5 err = 51.500000,	train_time = 2.431782
TRAIN Iter 140: loss = 0.003350,	Top-1 err = 72.350000,	Top-5 err = 45.550000,	train_time = 2.177010
TRAIN Iter 141: loss = 0.003352,	Top-1 err = 77.950000,	Top-5 err = 53.750000,	train_time = 2.436495
TRAIN Iter 142: loss = 0.003348,	Top-1 err = 77.950000,	Top-5 err = 54.350000,	train_time = 2.463481
TRAIN Iter 143: loss = 0.003341,	Top-1 err = 80.600000,	Top-5 err = 57.450000,	train_time = 2.421765
TRAIN Iter 144: loss = 0.003177,	Top-1 err = 71.450000,	Top-5 err = 44.650000,	train_time = 2.403359
TRAIN Iter 145: loss = 0.003255,	Top-1 err = 71.650000,	Top-5 err = 43.650000,	train_time = 2.408269
TRAIN Iter 146: loss = 0.003275,	Top-1 err = 75.850000,	Top-5 err = 48.200000,	train_time = 2.424994
TRAIN Iter 147: loss = 0.003159,	Top-1 err = 77.950000,	Top-5 err = 50.850000,	train_time = 2.470645
TRAIN Iter 148: loss = 0.003148,	Top-1 err = 74.300000,	Top-5 err = 47.350000,	train_time = 2.428502
TRAIN Iter 149: loss = 0.003121,	Top-1 err = 74.100000,	Top-5 err = 47.400000,	train_time = 2.447519
TRAIN Iter 150: loss = 0.003240,	Top-1 err = 77.050000,	Top-5 err = 51.700000,	train_time = 2.478265
TRAIN Iter 151: loss = 0.003236,	Top-1 err = 78.100000,	Top-5 err = 51.250000,	train_time = 2.415670
TRAIN Iter 152: loss = 0.003281,	Top-1 err = 78.100000,	Top-5 err = 53.600000,	train_time = 2.410227
TRAIN Iter 153: loss = 0.003346,	Top-1 err = 80.350000,	Top-5 err = 57.650000,	train_time = 2.432960
TRAIN Iter 154: loss = 0.003318,	Top-1 err = 81.100000,	Top-5 err = 57.900000,	train_time = 2.373152
TRAIN Iter 155: loss = 0.003266,	Top-1 err = 76.300000,	Top-5 err = 51.600000,	train_time = 2.392557
TRAIN Iter 156: loss = 0.003247,	Top-1 err = 73.350000,	Top-5 err = 45.750000,	train_time = 2.439432
TRAIN Iter 157: loss = 0.003125,	Top-1 err = 72.500000,	Top-5 err = 44.600000,	train_time = 2.418300
TRAIN Iter 158: loss = 0.003139,	Top-1 err = 77.650000,	Top-5 err = 50.250000,	train_time = 2.419827
TRAIN Iter 159: loss = 0.003148,	Top-1 err = 75.250000,	Top-5 err = 49.800000,	train_time = 2.387451
TRAIN Iter 160: loss = 0.003124,	Top-1 err = 69.400000,	Top-5 err = 42.000000,	train_time = 2.462062
TRAIN Iter 161: loss = 0.003239,	Top-1 err = 81.650000,	Top-5 err = 59.450000,	train_time = 2.424589
TRAIN Iter 162: loss = 0.003097,	Top-1 err = 73.950000,	Top-5 err = 48.000000,	train_time = 2.437673
TRAIN Iter 163: loss = 0.003151,	Top-1 err = 76.750000,	Top-5 err = 51.400000,	train_time = 2.430142
TRAIN Iter 164: loss = 0.003130,	Top-1 err = 71.800000,	Top-5 err = 43.350000,	train_time = 2.479312
TRAIN Iter 165: loss = 0.003244,	Top-1 err = 71.900000,	Top-5 err = 45.200000,	train_time = 2.419174
TRAIN Iter 166: loss = 0.003373,	Top-1 err = 80.250000,	Top-5 err = 59.000000,	train_time = 2.454989
TRAIN Iter 167: loss = 0.003172,	Top-1 err = 79.100000,	Top-5 err = 53.300000,	train_time = 2.438928
TRAIN Iter 168: loss = 0.003184,	Top-1 err = 78.250000,	Top-5 err = 56.900000,	train_time = 2.419673
TRAIN Iter 169: loss = 0.003185,	Top-1 err = 80.800000,	Top-5 err = 60.650000,	train_time = 2.430793
TRAIN Iter 170: loss = 0.003152,	Top-1 err = 76.850000,	Top-5 err = 52.450000,	train_time = 2.440741
TRAIN Iter 171: loss = 0.003085,	Top-1 err = 81.500000,	Top-5 err = 59.150000,	train_time = 2.410713
TRAIN Iter 172: loss = 0.003077,	Top-1 err = 79.600000,	Top-5 err = 56.000000,	train_time = 2.433701
TRAIN Iter 173: loss = 0.003112,	Top-1 err = 78.300000,	Top-5 err = 53.850000,	train_time = 2.422589
TRAIN Iter 174: loss = 0.003124,	Top-1 err = 83.000000,	Top-5 err = 60.700000,	train_time = 2.431207
TRAIN Iter 175: loss = 0.003106,	Top-1 err = 77.150000,	Top-5 err = 52.600000,	train_time = 2.363630
TRAIN Iter 176: loss = 0.003115,	Top-1 err = 73.000000,	Top-5 err = 48.000000,	train_time = 2.355503
TRAIN Iter 177: loss = 0.003021,	Top-1 err = 73.000000,	Top-5 err = 44.900000,	train_time = 2.420786
TRAIN Iter 178: loss = 0.003021,	Top-1 err = 77.800000,	Top-5 err = 52.850000,	train_time = 2.350222
TRAIN Iter 179: loss = 0.003096,	Top-1 err = 76.500000,	Top-5 err = 53.600000,	train_time = 2.468538
TRAIN Iter 180: loss = 0.003020,	Top-1 err = 77.500000,	Top-5 err = 54.800000,	train_time = 2.466626
TRAIN Iter 181: loss = 0.002946,	Top-1 err = 70.600000,	Top-5 err = 42.350000,	train_time = 2.427329
TRAIN Iter 182: loss = 0.002962,	Top-1 err = 72.650000,	Top-5 err = 45.000000,	train_time = 2.453077
TRAIN Iter 183: loss = 0.002976,	Top-1 err = 71.900000,	Top-5 err = 45.000000,	train_time = 2.440551
TRAIN Iter 184: loss = 0.003136,	Top-1 err = 77.500000,	Top-5 err = 53.800000,	train_time = 2.424173
TRAIN Iter 185: loss = 0.002997,	Top-1 err = 72.400000,	Top-5 err = 45.850000,	train_time = 2.408420
TRAIN Iter 186: loss = 0.003072,	Top-1 err = 83.150000,	Top-5 err = 58.500000,	train_time = 2.446030
TRAIN Iter 187: loss = 0.003004,	Top-1 err = 73.050000,	Top-5 err = 46.800000,	train_time = 2.437751
TRAIN Iter 188: loss = 0.003025,	Top-1 err = 73.100000,	Top-5 err = 47.900000,	train_time = 2.423656
TRAIN Iter 189: loss = 0.003042,	Top-1 err = 77.850000,	Top-5 err = 54.550000,	train_time = 2.396583
TRAIN Iter 190: loss = 0.002962,	Top-1 err = 74.950000,	Top-5 err = 50.550000,	train_time = 2.410033
TRAIN Iter 191: loss = 0.003041,	Top-1 err = 76.600000,	Top-5 err = 52.300000,	train_time = 2.427166
TRAIN Iter 192: loss = 0.002994,	Top-1 err = 79.200000,	Top-5 err = 57.000000,	train_time = 2.398216
TRAIN Iter 193: loss = 0.003084,	Top-1 err = 77.750000,	Top-5 err = 55.250000,	train_time = 2.424119
TRAIN Iter 194: loss = 0.003000,	Top-1 err = 76.600000,	Top-5 err = 52.850000,	train_time = 2.370860
TRAIN Iter 195: loss = 0.002958,	Top-1 err = 76.950000,	Top-5 err = 54.650000,	train_time = 2.430835
TRAIN Iter 196: loss = 0.002926,	Top-1 err = 72.450000,	Top-5 err = 45.650000,	train_time = 2.422561
TRAIN Iter 197: loss = 0.003083,	Top-1 err = 75.950000,	Top-5 err = 51.300000,	train_time = 2.451848
TRAIN Iter 198: loss = 0.002904,	Top-1 err = 75.750000,	Top-5 err = 49.950000,	train_time = 2.458156
TRAIN Iter 199: loss = 0.002913,	Top-1 err = 72.150000,	Top-5 err = 44.750000,	train_time = 2.410029
TRAIN Iter 200: loss = 0.002929,	Top-1 err = 70.850000,	Top-5 err = 42.500000,	train_time = 2.365855
TRAIN Iter 201: loss = 0.002917,	Top-1 err = 73.950000,	Top-5 err = 46.600000,	train_time = 2.373049
TRAIN Iter 202: loss = 0.002878,	Top-1 err = 76.750000,	Top-5 err = 51.350000,	train_time = 2.401167
TRAIN Iter 203: loss = 0.002948,	Top-1 err = 79.500000,	Top-5 err = 57.200000,	train_time = 2.437574
TRAIN Iter 204: loss = 0.002968,	Top-1 err = 76.700000,	Top-5 err = 51.850000,	train_time = 2.425710
TRAIN Iter 205: loss = 0.002954,	Top-1 err = 80.200000,	Top-5 err = 56.000000,	train_time = 2.425025
TRAIN Iter 206: loss = 0.002959,	Top-1 err = 77.700000,	Top-5 err = 54.650000,	train_time = 2.447617
TRAIN Iter 207: loss = 0.002969,	Top-1 err = 79.850000,	Top-5 err = 57.300000,	train_time = 2.438838
TRAIN Iter 208: loss = 0.003063,	Top-1 err = 78.400000,	Top-5 err = 53.300000,	train_time = 2.429365
TRAIN Iter 209: loss = 0.003061,	Top-1 err = 71.650000,	Top-5 err = 43.650000,	train_time = 2.428828
TRAIN Iter 210: loss = 0.002849,	Top-1 err = 70.600000,	Top-5 err = 42.600000,	train_time = 2.435031
TRAIN Iter 211: loss = 0.002763,	Top-1 err = 70.100000,	Top-5 err = 40.900000,	train_time = 2.366976
TRAIN Iter 212: loss = 0.002821,	Top-1 err = 73.750000,	Top-5 err = 49.050000,	train_time = 2.387751
TRAIN Iter 213: loss = 0.002864,	Top-1 err = 74.700000,	Top-5 err = 47.350000,	train_time = 2.421710
TRAIN Iter 214: loss = 0.002824,	Top-1 err = 69.000000,	Top-5 err = 42.950000,	train_time = 2.456355
TRAIN Iter 215: loss = 0.002939,	Top-1 err = 77.250000,	Top-5 err = 52.650000,	train_time = 2.370855
TRAIN Iter 216: loss = 0.002778,	Top-1 err = 77.900000,	Top-5 err = 56.350000,	train_time = 2.419332
TRAIN Iter 217: loss = 0.002911,	Top-1 err = 77.750000,	Top-5 err = 56.250000,	train_time = 2.393167
TRAIN Iter 218: loss = 0.002845,	Top-1 err = 71.700000,	Top-5 err = 45.800000,	train_time = 2.402354
TRAIN Iter 219: loss = 0.002841,	Top-1 err = 75.350000,	Top-5 err = 51.000000,	train_time = 2.394705
TRAIN Iter 220: loss = 0.002883,	Top-1 err = 75.450000,	Top-5 err = 50.250000,	train_time = 2.403852
TRAIN Iter 221: loss = 0.002887,	Top-1 err = 80.450000,	Top-5 err = 57.400000,	train_time = 2.381264
TRAIN Iter 222: loss = 0.002801,	Top-1 err = 75.350000,	Top-5 err = 50.300000,	train_time = 2.386108
TRAIN Iter 223: loss = 0.002845,	Top-1 err = 76.700000,	Top-5 err = 54.450000,	train_time = 2.346351
TRAIN Iter 224: loss = 0.002746,	Top-1 err = 69.050000,	Top-5 err = 39.050000,	train_time = 2.409181
TRAIN Iter 225: loss = 0.002898,	Top-1 err = 75.300000,	Top-5 err = 48.700000,	train_time = 2.387204
TRAIN Iter 226: loss = 0.002809,	Top-1 err = 71.700000,	Top-5 err = 46.950000,	train_time = 2.378461
TRAIN Iter 227: loss = 0.002840,	Top-1 err = 82.650000,	Top-5 err = 60.000000,	train_time = 2.384709
TRAIN Iter 228: loss = 0.002814,	Top-1 err = 75.500000,	Top-5 err = 51.600000,	train_time = 2.386259
TRAIN Iter 229: loss = 0.002876,	Top-1 err = 83.000000,	Top-5 err = 61.700000,	train_time = 2.416524
TRAIN Iter 230: loss = 0.002789,	Top-1 err = 77.500000,	Top-5 err = 55.850000,	train_time = 2.389415
TRAIN Iter 231: loss = 0.002779,	Top-1 err = 74.050000,	Top-5 err = 46.100000,	train_time = 2.352570
TRAIN Iter 232: loss = 0.002794,	Top-1 err = 78.850000,	Top-5 err = 54.100000,	train_time = 2.376941
TRAIN Iter 233: loss = 0.002800,	Top-1 err = 74.300000,	Top-5 err = 49.700000,	train_time = 2.407340
TRAIN Iter 234: loss = 0.002861,	Top-1 err = 78.300000,	Top-5 err = 53.950000,	train_time = 2.335317
TRAIN Iter 235: loss = 0.002769,	Top-1 err = 76.450000,	Top-5 err = 53.000000,	train_time = 2.386076
TRAIN Iter 236: loss = 0.002824,	Top-1 err = 76.900000,	Top-5 err = 53.650000,	train_time = 2.405908
TRAIN Iter 237: loss = 0.002940,	Top-1 err = 73.050000,	Top-5 err = 46.850000,	train_time = 2.273564
TRAIN Iter 238: loss = 0.002743,	Top-1 err = 75.850000,	Top-5 err = 51.000000,	train_time = 2.349533
TRAIN Iter 239: loss = 0.002856,	Top-1 err = 79.050000,	Top-5 err = 57.350000,	train_time = 2.373292
TRAIN Iter 240: loss = 0.002785,	Top-1 err = 75.900000,	Top-5 err = 50.300000,	train_time = 2.387020
TRAIN Iter 241: loss = 0.002719,	Top-1 err = 72.800000,	Top-5 err = 47.100000,	train_time = 2.359852
TRAIN Iter 242: loss = 0.002610,	Top-1 err = 68.800000,	Top-5 err = 41.900000,	train_time = 2.374800
TRAIN Iter 243: loss = 0.002709,	Top-1 err = 73.200000,	Top-5 err = 48.250000,	train_time = 2.257369
TRAIN Iter 244: loss = 0.002704,	Top-1 err = 69.400000,	Top-5 err = 42.400000,	train_time = 2.371606
TRAIN Iter 245: loss = 0.002806,	Top-1 err = 82.050000,	Top-5 err = 60.650000,	train_time = 2.393040
TRAIN Iter 246: loss = 0.002765,	Top-1 err = 75.100000,	Top-5 err = 50.750000,	train_time = 2.364253
TRAIN Iter 247: loss = 0.002643,	Top-1 err = 74.350000,	Top-5 err = 47.650000,	train_time = 2.388398
TRAIN Iter 248: loss = 0.002773,	Top-1 err = 76.650000,	Top-5 err = 51.700000,	train_time = 2.396210
TRAIN Iter 249: loss = 0.002610,	Top-1 err = 67.450000,	Top-5 err = 39.150000,	train_time = 2.392945
TEST:
Iter 249: loss = 2.816157,	Top-1 err = 64.690000,	Top-5 err = 36.920000,	val_time = 2.280541
TRAIN Iter 250: loss = 0.002813,	Top-1 err = 74.950000,	Top-5 err = 49.050000,	train_time = 2.260916
TRAIN Iter 251: loss = 0.002741,	Top-1 err = 76.550000,	Top-5 err = 50.600000,	train_time = 2.339726
TRAIN Iter 252: loss = 0.002780,	Top-1 err = 78.400000,	Top-5 err = 52.950000,	train_time = 2.351507
TRAIN Iter 253: loss = 0.002798,	Top-1 err = 76.500000,	Top-5 err = 51.950000,	train_time = 2.391426
TRAIN Iter 254: loss = 0.002811,	Top-1 err = 80.300000,	Top-5 err = 56.800000,	train_time = 2.386769
TRAIN Iter 255: loss = 0.002710,	Top-1 err = 76.000000,	Top-5 err = 50.750000,	train_time = 2.353532
TRAIN Iter 256: loss = 0.002768,	Top-1 err = 80.100000,	Top-5 err = 56.850000,	train_time = 2.352625
TRAIN Iter 257: loss = 0.002628,	Top-1 err = 75.600000,	Top-5 err = 48.350000,	train_time = 2.362211
TRAIN Iter 258: loss = 0.002617,	Top-1 err = 70.600000,	Top-5 err = 43.300000,	train_time = 2.347018
TRAIN Iter 259: loss = 0.002817,	Top-1 err = 82.050000,	Top-5 err = 59.450000,	train_time = 2.362313
TEST:
Iter 259: loss = 2.867674,	Top-1 err = 65.810000,	Top-5 err = 38.390000,	val_time = 2.274518
TRAIN Iter 260: loss = 0.002672,	Top-1 err = 72.800000,	Top-5 err = 47.600000,	train_time = 2.392470
TRAIN Iter 261: loss = 0.002725,	Top-1 err = 77.250000,	Top-5 err = 53.150000,	train_time = 2.403150
TRAIN Iter 262: loss = 0.002720,	Top-1 err = 76.150000,	Top-5 err = 51.400000,	train_time = 2.371000
TRAIN Iter 263: loss = 0.002741,	Top-1 err = 73.250000,	Top-5 err = 47.800000,	train_time = 2.390681
TRAIN Iter 264: loss = 0.002699,	Top-1 err = 77.900000,	Top-5 err = 54.100000,	train_time = 2.359675
TRAIN Iter 265: loss = 0.002693,	Top-1 err = 78.000000,	Top-5 err = 52.950000,	train_time = 2.391520
TRAIN Iter 266: loss = 0.002679,	Top-1 err = 75.950000,	Top-5 err = 50.800000,	train_time = 2.377285
TRAIN Iter 267: loss = 0.002717,	Top-1 err = 76.050000,	Top-5 err = 53.750000,	train_time = 2.372334
TRAIN Iter 268: loss = 0.002687,	Top-1 err = 71.950000,	Top-5 err = 43.750000,	train_time = 2.441465
TRAIN Iter 269: loss = 0.002698,	Top-1 err = 78.150000,	Top-5 err = 54.950000,	train_time = 2.400284
TEST:
Iter 269: loss = 2.819171,	Top-1 err = 65.050000,	Top-5 err = 37.050000,	val_time = 2.323867
TRAIN Iter 270: loss = 0.002760,	Top-1 err = 75.750000,	Top-5 err = 49.850000,	train_time = 2.307648
TRAIN Iter 271: loss = 0.002651,	Top-1 err = 76.350000,	Top-5 err = 50.850000,	train_time = 2.396255
TRAIN Iter 272: loss = 0.002532,	Top-1 err = 72.500000,	Top-5 err = 44.350000,	train_time = 2.364333
TRAIN Iter 273: loss = 0.002630,	Top-1 err = 73.700000,	Top-5 err = 49.050000,	train_time = 2.401595
TRAIN Iter 274: loss = 0.002771,	Top-1 err = 79.750000,	Top-5 err = 57.950000,	train_time = 2.404476
TRAIN Iter 275: loss = 0.002551,	Top-1 err = 70.250000,	Top-5 err = 43.450000,	train_time = 2.313397
TRAIN Iter 276: loss = 0.002530,	Top-1 err = 70.350000,	Top-5 err = 42.050000,	train_time = 2.400437
TRAIN Iter 277: loss = 0.002600,	Top-1 err = 74.900000,	Top-5 err = 51.900000,	train_time = 2.398527
TRAIN Iter 278: loss = 0.002531,	Top-1 err = 68.850000,	Top-5 err = 40.950000,	train_time = 2.413038
TRAIN Iter 279: loss = 0.002542,	Top-1 err = 74.000000,	Top-5 err = 46.300000,	train_time = 2.414047
TEST:
Iter 279: loss = 2.684644,	Top-1 err = 63.370000,	Top-5 err = 34.830000,	val_time = 2.309270
TRAIN Iter 280: loss = 0.002616,	Top-1 err = 76.650000,	Top-5 err = 52.200000,	train_time = 2.418601
TRAIN Iter 281: loss = 0.002692,	Top-1 err = 80.200000,	Top-5 err = 58.650000,	train_time = 2.429105
TRAIN Iter 282: loss = 0.002672,	Top-1 err = 70.600000,	Top-5 err = 44.850000,	train_time = 2.400088
TRAIN Iter 283: loss = 0.002597,	Top-1 err = 75.900000,	Top-5 err = 49.700000,	train_time = 2.397942
TRAIN Iter 284: loss = 0.002474,	Top-1 err = 67.850000,	Top-5 err = 38.000000,	train_time = 2.398739
TRAIN Iter 285: loss = 0.002530,	Top-1 err = 74.300000,	Top-5 err = 47.900000,	train_time = 2.403426
TRAIN Iter 286: loss = 0.002547,	Top-1 err = 72.550000,	Top-5 err = 46.450000,	train_time = 2.440679
TRAIN Iter 287: loss = 0.002536,	Top-1 err = 66.800000,	Top-5 err = 40.100000,	train_time = 2.426999
TRAIN Iter 288: loss = 0.002380,	Top-1 err = 65.700000,	Top-5 err = 35.900000,	train_time = 2.372192
TRAIN Iter 289: loss = 0.002651,	Top-1 err = 78.600000,	Top-5 err = 55.200000,	train_time = 2.373788
TEST:
Iter 289: loss = 2.706006,	Top-1 err = 63.510000,	Top-5 err = 35.700000,	val_time = 2.300820
TRAIN Iter 290: loss = 0.002499,	Top-1 err = 71.200000,	Top-5 err = 45.250000,	train_time = 2.439010
TRAIN Iter 291: loss = 0.002416,	Top-1 err = 65.800000,	Top-5 err = 38.400000,	train_time = 2.394118
TRAIN Iter 292: loss = 0.002518,	Top-1 err = 71.400000,	Top-5 err = 44.950000,	train_time = 2.398815
TRAIN Iter 293: loss = 0.002387,	Top-1 err = 65.100000,	Top-5 err = 35.150000,	train_time = 2.484053
TRAIN Iter 294: loss = 0.002483,	Top-1 err = 75.450000,	Top-5 err = 50.150000,	train_time = 2.359760
TRAIN Iter 295: loss = 0.002574,	Top-1 err = 77.200000,	Top-5 err = 51.800000,	train_time = 2.369426
TRAIN Iter 296: loss = 0.002488,	Top-1 err = 66.100000,	Top-5 err = 39.050000,	train_time = 2.413908
TRAIN Iter 297: loss = 0.002485,	Top-1 err = 72.050000,	Top-5 err = 44.000000,	train_time = 2.384608
TRAIN Iter 298: loss = 0.002550,	Top-1 err = 76.500000,	Top-5 err = 50.300000,	train_time = 2.385786
TRAIN Iter 299: loss = 0.002495,	Top-1 err = 69.800000,	Top-5 err = 40.650000,	train_time = 2.388164
TEST:
Iter 299: loss = 2.652643,	Top-1 err = 62.720000,	Top-5 err = 34.570000,	val_time = 2.314608
Train Finish! Best accuracy is 37.28@299
