/home/dvspanos/miniconda3/envs/rded/lib/python3.10/site-packages/torchvision/models/_utils.py:208: UserWarning: The parameter 'pretrained' is deprecated since 0.13 and may be removed in the future, please use 'weights' instead.
  warnings.warn(
/home/dvspanos/miniconda3/envs/rded/lib/python3.10/site-packages/torchvision/models/_utils.py:223: UserWarning: Arguments other than a weight enum or `None` for 'weights' are deprecated since 0.13 and may be removed in the future. The current behavior is equivalent to passing `weights=None`.
  warnings.warn(msg)
=> using pytorch pre-trained teacher model 'resnet18_modified'
process data from /home/dvspanos/nikos/ca2d/artifacts/rded_sets/bench_tin_rn18_cadprune_ipc50
load data successfully
TRAIN Iter 0: loss = 0.012806,	Top-1 err = 98.080000,	Top-5 err = 91.390000,	train_time = 15.366566
TRAIN Iter 1: loss = 0.011698,	Top-1 err = 94.330000,	Top-5 err = 80.680000,	train_time = 14.554376
TRAIN Iter 2: loss = 0.010246,	Top-1 err = 91.330000,	Top-5 err = 74.340000,	train_time = 14.817979
TRAIN Iter 3: loss = 0.009905,	Top-1 err = 87.560000,	Top-5 err = 67.540000,	train_time = 15.008639
TRAIN Iter 4: loss = 0.009554,	Top-1 err = 84.520000,	Top-5 err = 62.300000,	train_time = 15.530227
TRAIN Iter 5: loss = 0.008836,	Top-1 err = 83.520000,	Top-5 err = 61.740000,	train_time = 15.558347
TRAIN Iter 6: loss = 0.008665,	Top-1 err = 80.040000,	Top-5 err = 54.950000,	train_time = 14.996868
TRAIN Iter 7: loss = 0.008055,	Top-1 err = 79.330000,	Top-5 err = 55.620000,	train_time = 15.382421
TRAIN Iter 8: loss = 0.008152,	Top-1 err = 75.080000,	Top-5 err = 51.130000,	train_time = 15.262540
TRAIN Iter 9: loss = 0.007875,	Top-1 err = 72.430000,	Top-5 err = 47.110000,	train_time = 16.828280
TRAIN Iter 10: loss = 0.007493,	Top-1 err = 71.810000,	Top-5 err = 46.870000,	train_time = 14.907871
TRAIN Iter 11: loss = 0.007257,	Top-1 err = 73.610000,	Top-5 err = 49.600000,	train_time = 16.001440
TRAIN Iter 12: loss = 0.007051,	Top-1 err = 68.410000,	Top-5 err = 43.930000,	train_time = 15.368478
TRAIN Iter 13: loss = 0.006892,	Top-1 err = 67.900000,	Top-5 err = 44.960000,	train_time = 15.340637
TRAIN Iter 14: loss = 0.006585,	Top-1 err = 63.650000,	Top-5 err = 39.150000,	train_time = 16.028944
TRAIN Iter 15: loss = 0.006625,	Top-1 err = 61.100000,	Top-5 err = 36.600000,	train_time = 16.324345
TRAIN Iter 16: loss = 0.006232,	Top-1 err = 61.650000,	Top-5 err = 37.970000,	train_time = 14.855938
TRAIN Iter 17: loss = 0.006222,	Top-1 err = 62.700000,	Top-5 err = 40.520000,	train_time = 15.395421
TRAIN Iter 18: loss = 0.005920,	Top-1 err = 66.020000,	Top-5 err = 44.250000,	train_time = 15.520584
TRAIN Iter 19: loss = 0.006102,	Top-1 err = 57.650000,	Top-5 err = 35.890000,	train_time = 15.102123
TRAIN Iter 20: loss = 0.005794,	Top-1 err = 61.920000,	Top-5 err = 40.270000,	train_time = 15.397127
TRAIN Iter 21: loss = 0.005680,	Top-1 err = 56.580000,	Top-5 err = 33.910000,	train_time = 15.929186
TRAIN Iter 22: loss = 0.005548,	Top-1 err = 59.060000,	Top-5 err = 36.750000,	train_time = 15.670642
TRAIN Iter 23: loss = 0.005492,	Top-1 err = 52.010000,	Top-5 err = 30.580000,	train_time = 15.330333
TRAIN Iter 24: loss = 0.005284,	Top-1 err = 58.780000,	Top-5 err = 36.750000,	train_time = 16.075063
TRAIN Iter 25: loss = 0.005200,	Top-1 err = 59.480000,	Top-5 err = 36.860000,	train_time = 15.166797
TRAIN Iter 26: loss = 0.005198,	Top-1 err = 52.870000,	Top-5 err = 30.440000,	train_time = 16.425498
TRAIN Iter 27: loss = 0.005224,	Top-1 err = 49.730000,	Top-5 err = 28.930000,	train_time = 15.536192
TRAIN Iter 28: loss = 0.005082,	Top-1 err = 54.460000,	Top-5 err = 34.590000,	train_time = 15.797937
TRAIN Iter 29: loss = 0.004853,	Top-1 err = 55.680000,	Top-5 err = 34.320000,	train_time = 15.553621
TRAIN Iter 30: loss = 0.004866,	Top-1 err = 56.550000,	Top-5 err = 35.580000,	train_time = 16.602356
TRAIN Iter 31: loss = 0.004780,	Top-1 err = 53.610000,	Top-5 err = 33.480000,	train_time = 15.758857
TRAIN Iter 32: loss = 0.004733,	Top-1 err = 50.970000,	Top-5 err = 30.940000,	train_time = 15.032043
TRAIN Iter 33: loss = 0.004690,	Top-1 err = 50.000000,	Top-5 err = 29.370000,	train_time = 16.474894
TRAIN Iter 34: loss = 0.004595,	Top-1 err = 47.680000,	Top-5 err = 27.220000,	train_time = 15.235575
TRAIN Iter 35: loss = 0.004528,	Top-1 err = 52.460000,	Top-5 err = 32.970000,	train_time = 15.392035
TRAIN Iter 36: loss = 0.004485,	Top-1 err = 50.950000,	Top-5 err = 31.660000,	train_time = 15.810237
TRAIN Iter 37: loss = 0.004376,	Top-1 err = 51.710000,	Top-5 err = 30.490000,	train_time = 15.843239
TRAIN Iter 38: loss = 0.004385,	Top-1 err = 46.550000,	Top-5 err = 27.340000,	train_time = 16.201542
TRAIN Iter 39: loss = 0.004291,	Top-1 err = 50.290000,	Top-5 err = 30.760000,	train_time = 15.400880
TRAIN Iter 40: loss = 0.004222,	Top-1 err = 52.870000,	Top-5 err = 33.290000,	train_time = 15.796681
TRAIN Iter 41: loss = 0.004212,	Top-1 err = 54.160000,	Top-5 err = 33.920000,	train_time = 15.602970
TRAIN Iter 42: loss = 0.004177,	Top-1 err = 49.940000,	Top-5 err = 31.180000,	train_time = 14.887424
TRAIN Iter 43: loss = 0.004082,	Top-1 err = 53.650000,	Top-5 err = 34.850000,	train_time = 15.280771
TRAIN Iter 44: loss = 0.004137,	Top-1 err = 49.440000,	Top-5 err = 30.410000,	train_time = 16.537639
TRAIN Iter 45: loss = 0.003969,	Top-1 err = 51.260000,	Top-5 err = 31.460000,	train_time = 15.063119
TRAIN Iter 46: loss = 0.003964,	Top-1 err = 53.060000,	Top-5 err = 33.820000,	train_time = 15.530788
TRAIN Iter 47: loss = 0.003890,	Top-1 err = 50.480000,	Top-5 err = 31.080000,	train_time = 15.404563
TRAIN Iter 48: loss = 0.003920,	Top-1 err = 46.270000,	Top-5 err = 26.220000,	train_time = 15.250009
TRAIN Iter 49: loss = 0.003917,	Top-1 err = 48.500000,	Top-5 err = 29.670000,	train_time = 16.435951
TRAIN Iter 50: loss = 0.003892,	Top-1 err = 42.290000,	Top-5 err = 23.010000,	train_time = 15.636059
TRAIN Iter 51: loss = 0.003829,	Top-1 err = 48.530000,	Top-5 err = 30.240000,	train_time = 16.095841
TRAIN Iter 52: loss = 0.003800,	Top-1 err = 46.740000,	Top-5 err = 27.670000,	train_time = 15.596792
TRAIN Iter 53: loss = 0.003796,	Top-1 err = 42.100000,	Top-5 err = 23.830000,	train_time = 14.971379
TRAIN Iter 54: loss = 0.003761,	Top-1 err = 49.470000,	Top-5 err = 30.840000,	train_time = 16.426457
TRAIN Iter 55: loss = 0.003709,	Top-1 err = 49.050000,	Top-5 err = 30.440000,	train_time = 15.134575
TRAIN Iter 56: loss = 0.003662,	Top-1 err = 50.920000,	Top-5 err = 32.530000,	train_time = 15.871476
TRAIN Iter 57: loss = 0.003702,	Top-1 err = 46.620000,	Top-5 err = 27.860000,	train_time = 15.312494
TRAIN Iter 58: loss = 0.003658,	Top-1 err = 49.860000,	Top-5 err = 31.660000,	train_time = 15.209561
TRAIN Iter 59: loss = 0.003598,	Top-1 err = 47.730000,	Top-5 err = 29.270000,	train_time = 16.390300
TRAIN Iter 60: loss = 0.003592,	Top-1 err = 46.070000,	Top-5 err = 28.030000,	train_time = 15.865839
TRAIN Iter 61: loss = 0.003569,	Top-1 err = 50.270000,	Top-5 err = 31.180000,	train_time = 15.728303
TRAIN Iter 62: loss = 0.003540,	Top-1 err = 43.930000,	Top-5 err = 25.560000,	train_time = 15.175719
TRAIN Iter 63: loss = 0.003472,	Top-1 err = 48.240000,	Top-5 err = 28.150000,	train_time = 15.098775
TRAIN Iter 64: loss = 0.003496,	Top-1 err = 49.310000,	Top-5 err = 31.550000,	train_time = 15.086421
TRAIN Iter 65: loss = 0.003469,	Top-1 err = 48.950000,	Top-5 err = 30.060000,	train_time = 15.819546
TRAIN Iter 66: loss = 0.003463,	Top-1 err = 47.030000,	Top-5 err = 29.080000,	train_time = 15.190176
TRAIN Iter 67: loss = 0.003443,	Top-1 err = 46.690000,	Top-5 err = 28.790000,	train_time = 15.687004
TRAIN Iter 68: loss = 0.003427,	Top-1 err = 44.680000,	Top-5 err = 26.150000,	train_time = 15.932770
TRAIN Iter 69: loss = 0.003414,	Top-1 err = 49.080000,	Top-5 err = 31.500000,	train_time = 15.049510
TRAIN Iter 70: loss = 0.003378,	Top-1 err = 50.190000,	Top-5 err = 33.130000,	train_time = 16.614650
TRAIN Iter 71: loss = 0.003373,	Top-1 err = 41.420000,	Top-5 err = 23.700000,	train_time = 15.183966
TRAIN Iter 72: loss = 0.003375,	Top-1 err = 44.380000,	Top-5 err = 27.610000,	train_time = 15.992658
TRAIN Iter 73: loss = 0.003341,	Top-1 err = 45.590000,	Top-5 err = 26.770000,	train_time = 14.815575
TRAIN Iter 74: loss = 0.003333,	Top-1 err = 42.630000,	Top-5 err = 24.590000,	train_time = 15.688061
TRAIN Iter 75: loss = 0.003265,	Top-1 err = 47.980000,	Top-5 err = 30.670000,	train_time = 15.264254
TRAIN Iter 76: loss = 0.003267,	Top-1 err = 42.720000,	Top-5 err = 26.000000,	train_time = 15.980786
TRAIN Iter 77: loss = 0.003255,	Top-1 err = 49.310000,	Top-5 err = 30.870000,	train_time = 15.630214
TRAIN Iter 78: loss = 0.003261,	Top-1 err = 45.460000,	Top-5 err = 28.540000,	train_time = 16.296368
TRAIN Iter 79: loss = 0.003285,	Top-1 err = 45.800000,	Top-5 err = 28.080000,	train_time = 15.752874
TRAIN Iter 80: loss = 0.003237,	Top-1 err = 48.570000,	Top-5 err = 28.770000,	train_time = 15.019013
TRAIN Iter 81: loss = 0.003220,	Top-1 err = 48.300000,	Top-5 err = 30.470000,	train_time = 16.609901
TRAIN Iter 82: loss = 0.003195,	Top-1 err = 49.810000,	Top-5 err = 31.960000,	train_time = 15.042804
TRAIN Iter 83: loss = 0.003205,	Top-1 err = 45.790000,	Top-5 err = 27.370000,	train_time = 16.100011
TRAIN Iter 84: loss = 0.003147,	Top-1 err = 48.150000,	Top-5 err = 31.290000,	train_time = 14.873837
TRAIN Iter 85: loss = 0.003147,	Top-1 err = 39.470000,	Top-5 err = 22.850000,	train_time = 15.527933
TRAIN Iter 86: loss = 0.003126,	Top-1 err = 46.560000,	Top-5 err = 29.380000,	train_time = 15.024057
TRAIN Iter 87: loss = 0.003113,	Top-1 err = 49.740000,	Top-5 err = 30.750000,	train_time = 16.424178
TRAIN Iter 88: loss = 0.003117,	Top-1 err = 46.290000,	Top-5 err = 28.490000,	train_time = 15.152491
TRAIN Iter 89: loss = 0.003091,	Top-1 err = 45.140000,	Top-5 err = 27.450000,	train_time = 15.643623
TRAIN Iter 90: loss = 0.003096,	Top-1 err = 45.410000,	Top-5 err = 27.550000,	train_time = 15.119957
TRAIN Iter 91: loss = 0.003066,	Top-1 err = 36.670000,	Top-5 err = 20.440000,	train_time = 16.622106
TRAIN Iter 92: loss = 0.003041,	Top-1 err = 44.470000,	Top-5 err = 26.950000,	train_time = 15.892626
TRAIN Iter 93: loss = 0.003054,	Top-1 err = 47.920000,	Top-5 err = 31.570000,	train_time = 15.640028
TRAIN Iter 94: loss = 0.003039,	Top-1 err = 43.890000,	Top-5 err = 27.390000,	train_time = 16.135010
TRAIN Iter 95: loss = 0.003027,	Top-1 err = 44.480000,	Top-5 err = 26.780000,	train_time = 14.684044
TRAIN Iter 96: loss = 0.003014,	Top-1 err = 45.290000,	Top-5 err = 27.990000,	train_time = 16.277402
TRAIN Iter 97: loss = 0.003033,	Top-1 err = 52.440000,	Top-5 err = 35.680000,	train_time = 14.765889
TRAIN Iter 98: loss = 0.003002,	Top-1 err = 44.360000,	Top-5 err = 26.460000,	train_time = 15.378534
TRAIN Iter 99: loss = 0.002992,	Top-1 err = 44.310000,	Top-5 err = 26.800000,	train_time = 15.972286
TRAIN Iter 100: loss = 0.003013,	Top-1 err = 49.780000,	Top-5 err = 32.150000,	train_time = 16.221541
TRAIN Iter 101: loss = 0.002957,	Top-1 err = 44.260000,	Top-5 err = 28.280000,	train_time = 15.490027
TRAIN Iter 102: loss = 0.002933,	Top-1 err = 44.860000,	Top-5 err = 26.150000,	train_time = 14.859458
TRAIN Iter 103: loss = 0.002929,	Top-1 err = 41.200000,	Top-5 err = 24.200000,	train_time = 16.215565
TRAIN Iter 104: loss = 0.002991,	Top-1 err = 43.000000,	Top-5 err = 25.370000,	train_time = 15.188184
TRAIN Iter 105: loss = 0.002937,	Top-1 err = 49.200000,	Top-5 err = 30.380000,	train_time = 15.555952
TRAIN Iter 106: loss = 0.002919,	Top-1 err = 40.260000,	Top-5 err = 24.090000,	train_time = 15.671016
TRAIN Iter 107: loss = 0.002887,	Top-1 err = 42.890000,	Top-5 err = 26.310000,	train_time = 15.179100
TRAIN Iter 108: loss = 0.002898,	Top-1 err = 41.860000,	Top-5 err = 25.530000,	train_time = 16.362858
TRAIN Iter 109: loss = 0.002881,	Top-1 err = 42.260000,	Top-5 err = 26.260000,	train_time = 15.515801
TRAIN Iter 110: loss = 0.002867,	Top-1 err = 42.980000,	Top-5 err = 26.680000,	train_time = 15.434103
TRAIN Iter 111: loss = 0.002877,	Top-1 err = 50.780000,	Top-5 err = 33.210000,	train_time = 15.579300
TRAIN Iter 112: loss = 0.002904,	Top-1 err = 49.330000,	Top-5 err = 31.000000,	train_time = 16.513428
TRAIN Iter 113: loss = 0.002876,	Top-1 err = 40.250000,	Top-5 err = 22.720000,	train_time = 14.962330
TRAIN Iter 114: loss = 0.002876,	Top-1 err = 45.470000,	Top-5 err = 28.360000,	train_time = 15.972235
TRAIN Iter 115: loss = 0.002833,	Top-1 err = 42.230000,	Top-5 err = 24.920000,	train_time = 15.426455
TRAIN Iter 116: loss = 0.002817,	Top-1 err = 43.480000,	Top-5 err = 27.180000,	train_time = 15.323431
TRAIN Iter 117: loss = 0.002804,	Top-1 err = 39.750000,	Top-5 err = 22.290000,	train_time = 15.747599
TRAIN Iter 118: loss = 0.002830,	Top-1 err = 49.560000,	Top-5 err = 32.280000,	train_time = 15.585030
TRAIN Iter 119: loss = 0.002796,	Top-1 err = 46.350000,	Top-5 err = 28.520000,	train_time = 15.503962
TRAIN Iter 120: loss = 0.002822,	Top-1 err = 40.720000,	Top-5 err = 24.560000,	train_time = 15.156222
TRAIN Iter 121: loss = 0.002807,	Top-1 err = 40.810000,	Top-5 err = 24.740000,	train_time = 15.860217
TRAIN Iter 122: loss = 0.002799,	Top-1 err = 48.060000,	Top-5 err = 30.390000,	train_time = 15.187372
TRAIN Iter 123: loss = 0.002801,	Top-1 err = 43.110000,	Top-5 err = 25.420000,	train_time = 15.838017
TRAIN Iter 124: loss = 0.002777,	Top-1 err = 43.360000,	Top-5 err = 26.570000,	train_time = 15.369752
TRAIN Iter 125: loss = 0.002761,	Top-1 err = 46.520000,	Top-5 err = 28.370000,	train_time = 16.600113
TRAIN Iter 126: loss = 0.002733,	Top-1 err = 43.740000,	Top-5 err = 26.760000,	train_time = 15.214282
TRAIN Iter 127: loss = 0.002750,	Top-1 err = 38.990000,	Top-5 err = 23.280000,	train_time = 15.337718
TRAIN Iter 128: loss = 0.002771,	Top-1 err = 45.900000,	Top-5 err = 28.000000,	train_time = 16.595338
TRAIN Iter 129: loss = 0.002726,	Top-1 err = 43.750000,	Top-5 err = 26.650000,	train_time = 15.129404
TRAIN Iter 130: loss = 0.002746,	Top-1 err = 46.220000,	Top-5 err = 28.400000,	train_time = 15.587926
TRAIN Iter 131: loss = 0.002712,	Top-1 err = 46.610000,	Top-5 err = 29.560000,	train_time = 15.431846
TRAIN Iter 132: loss = 0.002752,	Top-1 err = 44.290000,	Top-5 err = 27.680000,	train_time = 15.214116
TRAIN Iter 133: loss = 0.002687,	Top-1 err = 41.200000,	Top-5 err = 24.680000,	train_time = 16.626733
TRAIN Iter 134: loss = 0.002700,	Top-1 err = 48.260000,	Top-5 err = 29.310000,	train_time = 15.649603
TRAIN Iter 135: loss = 0.002727,	Top-1 err = 46.880000,	Top-5 err = 27.830000,	train_time = 15.278688
TRAIN Iter 136: loss = 0.002695,	Top-1 err = 48.790000,	Top-5 err = 31.180000,	train_time = 15.486414
TRAIN Iter 137: loss = 0.002676,	Top-1 err = 43.840000,	Top-5 err = 27.130000,	train_time = 15.199494
TRAIN Iter 138: loss = 0.002666,	Top-1 err = 47.760000,	Top-5 err = 29.800000,	train_time = 15.243522
TRAIN Iter 139: loss = 0.002690,	Top-1 err = 52.450000,	Top-5 err = 35.660000,	train_time = 16.056927
TRAIN Iter 140: loss = 0.002693,	Top-1 err = 46.670000,	Top-5 err = 29.240000,	train_time = 15.201473
TRAIN Iter 141: loss = 0.002640,	Top-1 err = 43.270000,	Top-5 err = 27.360000,	train_time = 15.433351
TRAIN Iter 142: loss = 0.002637,	Top-1 err = 40.710000,	Top-5 err = 22.120000,	train_time = 15.774036
TRAIN Iter 143: loss = 0.002691,	Top-1 err = 46.670000,	Top-5 err = 27.640000,	train_time = 15.270309
TRAIN Iter 144: loss = 0.002650,	Top-1 err = 44.100000,	Top-5 err = 25.910000,	train_time = 15.838861
TRAIN Iter 145: loss = 0.002653,	Top-1 err = 40.200000,	Top-5 err = 23.910000,	train_time = 16.568055
TRAIN Iter 146: loss = 0.002607,	Top-1 err = 40.030000,	Top-5 err = 24.270000,	train_time = 15.794332
TRAIN Iter 147: loss = 0.002636,	Top-1 err = 41.430000,	Top-5 err = 26.230000,	train_time = 15.704321
TRAIN Iter 148: loss = 0.002655,	Top-1 err = 43.850000,	Top-5 err = 24.870000,	train_time = 15.264175
TRAIN Iter 149: loss = 0.002595,	Top-1 err = 45.240000,	Top-5 err = 29.050000,	train_time = 15.181114
TRAIN Iter 150: loss = 0.002635,	Top-1 err = 43.970000,	Top-5 err = 26.740000,	train_time = 15.507227
TRAIN Iter 151: loss = 0.002617,	Top-1 err = 41.770000,	Top-5 err = 24.320000,	train_time = 15.385963
TRAIN Iter 152: loss = 0.002646,	Top-1 err = 45.800000,	Top-5 err = 29.300000,	train_time = 15.355695
TRAIN Iter 153: loss = 0.002591,	Top-1 err = 42.780000,	Top-5 err = 24.890000,	train_time = 15.633615
TRAIN Iter 154: loss = 0.002575,	Top-1 err = 40.000000,	Top-5 err = 24.340000,	train_time = 16.010252
TRAIN Iter 155: loss = 0.002650,	Top-1 err = 47.940000,	Top-5 err = 30.320000,	train_time = 15.202231
TRAIN Iter 156: loss = 0.002584,	Top-1 err = 42.820000,	Top-5 err = 26.770000,	train_time = 16.277457
TRAIN Iter 157: loss = 0.002568,	Top-1 err = 40.380000,	Top-5 err = 24.020000,	train_time = 15.468206
TRAIN Iter 158: loss = 0.002597,	Top-1 err = 41.000000,	Top-5 err = 23.730000,	train_time = 15.078571
TRAIN Iter 159: loss = 0.002579,	Top-1 err = 42.770000,	Top-5 err = 25.390000,	train_time = 15.442916
TRAIN Iter 160: loss = 0.002586,	Top-1 err = 49.890000,	Top-5 err = 32.240000,	train_time = 15.113527
TRAIN Iter 161: loss = 0.002545,	Top-1 err = 41.140000,	Top-5 err = 24.250000,	train_time = 15.203475
TRAIN Iter 162: loss = 0.002584,	Top-1 err = 48.800000,	Top-5 err = 32.440000,	train_time = 16.767840
TRAIN Iter 163: loss = 0.002554,	Top-1 err = 47.510000,	Top-5 err = 30.270000,	train_time = 15.178198
TRAIN Iter 164: loss = 0.002570,	Top-1 err = 43.130000,	Top-5 err = 24.280000,	train_time = 14.955721
TRAIN Iter 165: loss = 0.002570,	Top-1 err = 37.930000,	Top-5 err = 21.940000,	train_time = 15.108089
TRAIN Iter 166: loss = 0.002518,	Top-1 err = 44.160000,	Top-5 err = 27.700000,	train_time = 16.862371
TRAIN Iter 167: loss = 0.002522,	Top-1 err = 40.040000,	Top-5 err = 24.090000,	train_time = 15.189094
TRAIN Iter 168: loss = 0.002515,	Top-1 err = 41.940000,	Top-5 err = 25.900000,	train_time = 15.442432
TRAIN Iter 169: loss = 0.002533,	Top-1 err = 50.550000,	Top-5 err = 33.840000,	train_time = 15.579294
TRAIN Iter 170: loss = 0.002528,	Top-1 err = 41.150000,	Top-5 err = 24.570000,	train_time = 15.614850
TRAIN Iter 171: loss = 0.002497,	Top-1 err = 44.530000,	Top-5 err = 28.490000,	train_time = 15.074624
TRAIN Iter 172: loss = 0.002495,	Top-1 err = 42.040000,	Top-5 err = 25.580000,	train_time = 15.191835
TRAIN Iter 173: loss = 0.002509,	Top-1 err = 44.340000,	Top-5 err = 27.450000,	train_time = 16.739969
TRAIN Iter 174: loss = 0.002502,	Top-1 err = 42.260000,	Top-5 err = 25.330000,	train_time = 15.211394
TRAIN Iter 175: loss = 0.002522,	Top-1 err = 46.380000,	Top-5 err = 29.040000,	train_time = 15.611839
TRAIN Iter 176: loss = 0.002472,	Top-1 err = 43.210000,	Top-5 err = 26.670000,	train_time = 15.079799
TRAIN Iter 177: loss = 0.002547,	Top-1 err = 45.060000,	Top-5 err = 27.530000,	train_time = 15.896714
TRAIN Iter 178: loss = 0.002502,	Top-1 err = 45.990000,	Top-5 err = 27.650000,	train_time = 15.154051
TRAIN Iter 179: loss = 0.002458,	Top-1 err = 41.100000,	Top-5 err = 25.640000,	train_time = 16.759239
TRAIN Iter 180: loss = 0.002514,	Top-1 err = 45.500000,	Top-5 err = 29.610000,	train_time = 16.193444
TRAIN Iter 181: loss = 0.002476,	Top-1 err = 42.910000,	Top-5 err = 26.800000,	train_time = 15.459559
TRAIN Iter 182: loss = 0.002455,	Top-1 err = 47.700000,	Top-5 err = 31.150000,	train_time = 15.989972
TRAIN Iter 183: loss = 0.002465,	Top-1 err = 41.400000,	Top-5 err = 26.240000,	train_time = 14.930346
TRAIN Iter 184: loss = 0.002436,	Top-1 err = 44.640000,	Top-5 err = 28.100000,	train_time = 15.354956
TRAIN Iter 185: loss = 0.002529,	Top-1 err = 50.190000,	Top-5 err = 32.460000,	train_time = 15.183812
TRAIN Iter 186: loss = 0.002500,	Top-1 err = 47.430000,	Top-5 err = 30.760000,	train_time = 15.105021
TRAIN Iter 187: loss = 0.002419,	Top-1 err = 37.620000,	Top-5 err = 21.390000,	train_time = 15.790476
TRAIN Iter 188: loss = 0.002424,	Top-1 err = 45.530000,	Top-5 err = 28.610000,	train_time = 15.505038
TRAIN Iter 189: loss = 0.002475,	Top-1 err = 45.350000,	Top-5 err = 28.680000,	train_time = 15.253808
TRAIN Iter 190: loss = 0.002479,	Top-1 err = 42.910000,	Top-5 err = 25.860000,	train_time = 16.043986
TRAIN Iter 191: loss = 0.002455,	Top-1 err = 44.660000,	Top-5 err = 28.330000,	train_time = 15.719907
TRAIN Iter 192: loss = 0.002467,	Top-1 err = 46.750000,	Top-5 err = 27.480000,	train_time = 15.450368
TRAIN Iter 193: loss = 0.002450,	Top-1 err = 46.020000,	Top-5 err = 30.760000,	train_time = 15.515656
TRAIN Iter 194: loss = 0.002436,	Top-1 err = 54.290000,	Top-5 err = 36.990000,	train_time = 15.744243
TRAIN Iter 195: loss = 0.002438,	Top-1 err = 43.970000,	Top-5 err = 26.950000,	train_time = 15.792334
TRAIN Iter 196: loss = 0.002380,	Top-1 err = 40.320000,	Top-5 err = 24.540000,	train_time = 16.178840
TRAIN Iter 197: loss = 0.002452,	Top-1 err = 49.010000,	Top-5 err = 32.450000,	train_time = 15.342730
TRAIN Iter 198: loss = 0.002397,	Top-1 err = 41.210000,	Top-5 err = 24.680000,	train_time = 15.785548
TRAIN Iter 199: loss = 0.002398,	Top-1 err = 41.090000,	Top-5 err = 25.850000,	train_time = 15.272636
TRAIN Iter 200: loss = 0.002406,	Top-1 err = 47.260000,	Top-5 err = 30.940000,	train_time = 16.382792
TRAIN Iter 201: loss = 0.002457,	Top-1 err = 46.790000,	Top-5 err = 29.310000,	train_time = 15.102851
TRAIN Iter 202: loss = 0.002375,	Top-1 err = 43.290000,	Top-5 err = 27.970000,	train_time = 16.176503
TRAIN Iter 203: loss = 0.002382,	Top-1 err = 42.150000,	Top-5 err = 25.420000,	train_time = 15.615364
TRAIN Iter 204: loss = 0.002420,	Top-1 err = 49.230000,	Top-5 err = 31.890000,	train_time = 15.973935
TRAIN Iter 205: loss = 0.002368,	Top-1 err = 42.070000,	Top-5 err = 25.770000,	train_time = 15.207373
TRAIN Iter 206: loss = 0.002385,	Top-1 err = 44.210000,	Top-5 err = 28.210000,	train_time = 15.375757
TRAIN Iter 207: loss = 0.002404,	Top-1 err = 46.060000,	Top-5 err = 27.570000,	train_time = 15.542538
TRAIN Iter 208: loss = 0.002362,	Top-1 err = 43.210000,	Top-5 err = 26.920000,	train_time = 15.272063
TRAIN Iter 209: loss = 0.002358,	Top-1 err = 38.900000,	Top-5 err = 23.100000,	train_time = 16.704697
TRAIN Iter 210: loss = 0.002389,	Top-1 err = 45.740000,	Top-5 err = 28.360000,	train_time = 15.300847
TRAIN Iter 211: loss = 0.002419,	Top-1 err = 49.490000,	Top-5 err = 30.610000,	train_time = 15.831550
TRAIN Iter 212: loss = 0.002333,	Top-1 err = 42.060000,	Top-5 err = 27.310000,	train_time = 15.573150
TRAIN Iter 213: loss = 0.002387,	Top-1 err = 45.150000,	Top-5 err = 28.130000,	train_time = 15.115108
TRAIN Iter 214: loss = 0.002367,	Top-1 err = 42.960000,	Top-5 err = 26.570000,	train_time = 16.484981
TRAIN Iter 215: loss = 0.002359,	Top-1 err = 44.780000,	Top-5 err = 27.050000,	train_time = 14.901214
TRAIN Iter 216: loss = 0.002380,	Top-1 err = 44.800000,	Top-5 err = 27.400000,	train_time = 15.523626
TRAIN Iter 217: loss = 0.002319,	Top-1 err = 36.560000,	Top-5 err = 21.030000,	train_time = 15.580637
TRAIN Iter 218: loss = 0.002343,	Top-1 err = 40.980000,	Top-5 err = 25.400000,	train_time = 15.094840
TRAIN Iter 219: loss = 0.002374,	Top-1 err = 46.880000,	Top-5 err = 31.800000,	train_time = 15.181379
TRAIN Iter 220: loss = 0.002376,	Top-1 err = 46.060000,	Top-5 err = 29.130000,	train_time = 15.541527
TRAIN Iter 221: loss = 0.002342,	Top-1 err = 48.230000,	Top-5 err = 30.720000,	train_time = 15.653403
TRAIN Iter 222: loss = 0.002304,	Top-1 err = 42.890000,	Top-5 err = 26.380000,	train_time = 15.489233
TRAIN Iter 223: loss = 0.002340,	Top-1 err = 40.750000,	Top-5 err = 24.210000,	train_time = 15.229026
TRAIN Iter 224: loss = 0.002375,	Top-1 err = 45.070000,	Top-5 err = 28.690000,	train_time = 16.190749
TRAIN Iter 225: loss = 0.002353,	Top-1 err = 47.960000,	Top-5 err = 31.480000,	train_time = 15.513279
TRAIN Iter 226: loss = 0.002307,	Top-1 err = 42.830000,	Top-5 err = 26.050000,	train_time = 15.538527
TRAIN Iter 227: loss = 0.002365,	Top-1 err = 49.860000,	Top-5 err = 32.150000,	train_time = 16.162531
TRAIN Iter 228: loss = 0.002279,	Top-1 err = 40.440000,	Top-5 err = 24.240000,	train_time = 15.380959
TRAIN Iter 229: loss = 0.002328,	Top-1 err = 47.220000,	Top-5 err = 30.850000,	train_time = 15.885774
TRAIN Iter 230: loss = 0.002329,	Top-1 err = 39.010000,	Top-5 err = 23.090000,	train_time = 14.838421
TRAIN Iter 231: loss = 0.002356,	Top-1 err = 45.730000,	Top-5 err = 28.540000,	train_time = 16.271358
TRAIN Iter 232: loss = 0.002328,	Top-1 err = 47.760000,	Top-5 err = 30.810000,	train_time = 14.786317
TRAIN Iter 233: loss = 0.002330,	Top-1 err = 43.120000,	Top-5 err = 25.840000,	train_time = 16.397984
TRAIN Iter 234: loss = 0.002299,	Top-1 err = 47.740000,	Top-5 err = 29.980000,	train_time = 15.315708
TRAIN Iter 235: loss = 0.002291,	Top-1 err = 41.090000,	Top-5 err = 24.290000,	train_time = 14.876445
TRAIN Iter 236: loss = 0.002270,	Top-1 err = 44.570000,	Top-5 err = 29.180000,	train_time = 16.715648
TRAIN Iter 237: loss = 0.002275,	Top-1 err = 41.060000,	Top-5 err = 25.280000,	train_time = 14.652168
TRAIN Iter 238: loss = 0.002293,	Top-1 err = 43.840000,	Top-5 err = 27.210000,	train_time = 15.171911
TRAIN Iter 239: loss = 0.002286,	Top-1 err = 44.830000,	Top-5 err = 29.310000,	train_time = 16.375294
TRAIN Iter 240: loss = 0.002302,	Top-1 err = 43.270000,	Top-5 err = 26.640000,	train_time = 14.924888
TRAIN Iter 241: loss = 0.002225,	Top-1 err = 35.180000,	Top-5 err = 18.980000,	train_time = 15.334528
TRAIN Iter 242: loss = 0.002270,	Top-1 err = 44.530000,	Top-5 err = 27.800000,	train_time = 15.604190
TRAIN Iter 243: loss = 0.002275,	Top-1 err = 47.020000,	Top-5 err = 30.220000,	train_time = 15.272210
TRAIN Iter 244: loss = 0.002272,	Top-1 err = 48.520000,	Top-5 err = 31.730000,	train_time = 15.611264
TRAIN Iter 245: loss = 0.002235,	Top-1 err = 41.980000,	Top-5 err = 26.070000,	train_time = 15.245760
TRAIN Iter 246: loss = 0.002274,	Top-1 err = 43.230000,	Top-5 err = 24.880000,	train_time = 15.471479
TRAIN Iter 247: loss = 0.002232,	Top-1 err = 47.420000,	Top-5 err = 32.100000,	train_time = 15.376385
TRAIN Iter 248: loss = 0.002257,	Top-1 err = 41.140000,	Top-5 err = 24.260000,	train_time = 15.707484
TRAIN Iter 249: loss = 0.002268,	Top-1 err = 46.870000,	Top-5 err = 29.390000,	train_time = 15.898985
TEST:
Iter 249: loss = 1.900521,	Top-1 err = 44.730000,	Top-5 err = 20.460000,	val_time = 3.054465
TRAIN Iter 250: loss = 0.002274,	Top-1 err = 44.250000,	Top-5 err = 28.850000,	train_time = 15.865403
TRAIN Iter 251: loss = 0.002211,	Top-1 err = 44.000000,	Top-5 err = 26.850000,	train_time = 15.351205
TRAIN Iter 252: loss = 0.002273,	Top-1 err = 46.860000,	Top-5 err = 29.460000,	train_time = 15.497024
TRAIN Iter 253: loss = 0.002263,	Top-1 err = 41.560000,	Top-5 err = 25.400000,	train_time = 15.375495
TRAIN Iter 254: loss = 0.002257,	Top-1 err = 42.200000,	Top-5 err = 25.810000,	train_time = 15.119366
TRAIN Iter 255: loss = 0.002243,	Top-1 err = 37.050000,	Top-5 err = 21.070000,	train_time = 15.498435
TRAIN Iter 256: loss = 0.002252,	Top-1 err = 41.910000,	Top-5 err = 25.150000,	train_time = 15.758910
TRAIN Iter 257: loss = 0.002247,	Top-1 err = 41.620000,	Top-5 err = 25.320000,	train_time = 15.767281
TRAIN Iter 258: loss = 0.002329,	Top-1 err = 51.770000,	Top-5 err = 32.460000,	train_time = 15.390794
TRAIN Iter 259: loss = 0.002228,	Top-1 err = 46.800000,	Top-5 err = 31.170000,	train_time = 15.344468
TEST:
Iter 259: loss = 1.885428,	Top-1 err = 44.410000,	Top-5 err = 19.940000,	val_time = 3.051182
TRAIN Iter 260: loss = 0.002247,	Top-1 err = 42.830000,	Top-5 err = 26.410000,	train_time = 15.719239
TRAIN Iter 261: loss = 0.002225,	Top-1 err = 45.700000,	Top-5 err = 28.720000,	train_time = 16.211529
TRAIN Iter 262: loss = 0.002248,	Top-1 err = 46.820000,	Top-5 err = 29.850000,	train_time = 15.559789
TRAIN Iter 263: loss = 0.002219,	Top-1 err = 41.500000,	Top-5 err = 25.190000,	train_time = 15.878236
TRAIN Iter 264: loss = 0.002267,	Top-1 err = 48.940000,	Top-5 err = 31.310000,	train_time = 15.121007
TRAIN Iter 265: loss = 0.002231,	Top-1 err = 41.400000,	Top-5 err = 25.330000,	train_time = 15.373597
TRAIN Iter 266: loss = 0.002250,	Top-1 err = 42.910000,	Top-5 err = 26.620000,	train_time = 15.165876
TRAIN Iter 267: loss = 0.002216,	Top-1 err = 44.750000,	Top-5 err = 28.210000,	train_time = 15.668262
TRAIN Iter 268: loss = 0.002223,	Top-1 err = 42.040000,	Top-5 err = 25.190000,	train_time = 15.296742
TRAIN Iter 269: loss = 0.002184,	Top-1 err = 40.980000,	Top-5 err = 24.970000,	train_time = 15.554057
TEST:
Iter 269: loss = 1.870806,	Top-1 err = 44.060000,	Top-5 err = 20.010000,	val_time = 3.009917
TRAIN Iter 270: loss = 0.002173,	Top-1 err = 41.650000,	Top-5 err = 26.590000,	train_time = 15.419244
TRAIN Iter 271: loss = 0.002179,	Top-1 err = 39.970000,	Top-5 err = 23.550000,	train_time = 15.331375
TRAIN Iter 272: loss = 0.002208,	Top-1 err = 39.550000,	Top-5 err = 23.350000,	train_time = 16.330988
TRAIN Iter 273: loss = 0.002162,	Top-1 err = 38.570000,	Top-5 err = 23.890000,	train_time = 15.294940
TRAIN Iter 274: loss = 0.002237,	Top-1 err = 47.710000,	Top-5 err = 31.150000,	train_time = 15.524954
TRAIN Iter 275: loss = 0.002174,	Top-1 err = 41.260000,	Top-5 err = 24.610000,	train_time = 15.870214
TRAIN Iter 276: loss = 0.002212,	Top-1 err = 43.150000,	Top-5 err = 26.550000,	train_time = 14.996585
TRAIN Iter 277: loss = 0.002255,	Top-1 err = 52.010000,	Top-5 err = 34.510000,	train_time = 15.315357
TRAIN Iter 278: loss = 0.002174,	Top-1 err = 45.430000,	Top-5 err = 28.100000,	train_time = 16.309997
TRAIN Iter 279: loss = 0.002185,	Top-1 err = 41.870000,	Top-5 err = 24.600000,	train_time = 15.697170
TEST:
Iter 279: loss = 1.860175,	Top-1 err = 43.530000,	Top-5 err = 19.920000,	val_time = 2.906850
TRAIN Iter 280: loss = 0.002160,	Top-1 err = 39.530000,	Top-5 err = 24.510000,	train_time = 16.347483
TRAIN Iter 281: loss = 0.002165,	Top-1 err = 40.900000,	Top-5 err = 24.740000,	train_time = 15.357171
TRAIN Iter 282: loss = 0.002178,	Top-1 err = 46.340000,	Top-5 err = 29.950000,	train_time = 14.934309
TRAIN Iter 283: loss = 0.002204,	Top-1 err = 41.480000,	Top-5 err = 24.680000,	train_time = 15.119452
TRAIN Iter 284: loss = 0.002179,	Top-1 err = 43.760000,	Top-5 err = 25.490000,	train_time = 16.356400
TRAIN Iter 285: loss = 0.002160,	Top-1 err = 42.420000,	Top-5 err = 26.270000,	train_time = 15.057106
TRAIN Iter 286: loss = 0.002199,	Top-1 err = 46.790000,	Top-5 err = 28.820000,	train_time = 15.463865
TRAIN Iter 287: loss = 0.002206,	Top-1 err = 46.890000,	Top-5 err = 29.270000,	train_time = 15.059612
TRAIN Iter 288: loss = 0.002180,	Top-1 err = 43.950000,	Top-5 err = 28.060000,	train_time = 16.438018
TRAIN Iter 289: loss = 0.002183,	Top-1 err = 45.170000,	Top-5 err = 28.260000,	train_time = 15.350740
TEST:
Iter 289: loss = 1.850665,	Top-1 err = 43.750000,	Top-5 err = 19.800000,	val_time = 2.972926
TRAIN Iter 290: loss = 0.002199,	Top-1 err = 47.760000,	Top-5 err = 30.790000,	train_time = 16.081027
TRAIN Iter 291: loss = 0.002148,	Top-1 err = 48.730000,	Top-5 err = 33.010000,	train_time = 15.357451
TRAIN Iter 292: loss = 0.002142,	Top-1 err = 36.670000,	Top-5 err = 20.420000,	train_time = 14.978730
TRAIN Iter 293: loss = 0.002117,	Top-1 err = 38.570000,	Top-5 err = 23.900000,	train_time = 15.129446
TRAIN Iter 294: loss = 0.002134,	Top-1 err = 43.540000,	Top-5 err = 26.980000,	train_time = 15.359071
TRAIN Iter 295: loss = 0.002114,	Top-1 err = 42.700000,	Top-5 err = 27.930000,	train_time = 16.001899
TRAIN Iter 296: loss = 0.002163,	Top-1 err = 41.670000,	Top-5 err = 24.740000,	train_time = 15.406627
TRAIN Iter 297: loss = 0.002187,	Top-1 err = 42.730000,	Top-5 err = 25.810000,	train_time = 16.422445
TRAIN Iter 298: loss = 0.002151,	Top-1 err = 42.180000,	Top-5 err = 23.920000,	train_time = 15.784097
TRAIN Iter 299: loss = 0.002108,	Top-1 err = 41.070000,	Top-5 err = 25.560000,	train_time = 15.468403
TEST:
Iter 299: loss = 1.854232,	Top-1 err = 43.780000,	Top-5 err = 19.480000,	val_time = 2.975376
Train Finish! Best accuracy is 56.47@279
