/home/dvspanos/miniconda3/envs/rded/lib/python3.10/site-packages/torchvision/models/_utils.py:208: UserWarning: The parameter 'pretrained' is deprecated since 0.13 and may be removed in the future, please use 'weights' instead.
  warnings.warn(
/home/dvspanos/miniconda3/envs/rded/lib/python3.10/site-packages/torchvision/models/_utils.py:223: UserWarning: Arguments other than a weight enum or `None` for 'weights' are deprecated since 0.13 and may be removed in the future. The current behavior is equivalent to passing `weights=None`.
  warnings.warn(msg)
=> using pytorch pre-trained teacher model 'resnet18_modified'
process data from /home/dvspanos/nikos/ca2d/artifacts/sets/bench_tin_rn18_ca2d_ipc10
load data successfully
TRAIN Iter 0: loss = 0.017639,	Top-1 err = 99.200000,	Top-5 err = 96.250000,	train_time = 4.567663
TRAIN Iter 1: loss = 0.017451,	Top-1 err = 98.650000,	Top-5 err = 93.450000,	train_time = 2.846843
TRAIN Iter 2: loss = 0.016836,	Top-1 err = 97.750000,	Top-5 err = 90.800000,	train_time = 2.854063
TRAIN Iter 3: loss = 0.016874,	Top-1 err = 96.650000,	Top-5 err = 88.200000,	train_time = 2.852437
TRAIN Iter 4: loss = 0.016060,	Top-1 err = 97.050000,	Top-5 err = 87.200000,	train_time = 2.907381
TRAIN Iter 5: loss = 0.017462,	Top-1 err = 95.050000,	Top-5 err = 84.250000,	train_time = 2.903512
TRAIN Iter 6: loss = 0.015215,	Top-1 err = 95.050000,	Top-5 err = 83.450000,	train_time = 2.869927
TRAIN Iter 7: loss = 0.015082,	Top-1 err = 93.950000,	Top-5 err = 81.450000,	train_time = 2.855675
TRAIN Iter 8: loss = 0.015300,	Top-1 err = 93.750000,	Top-5 err = 80.000000,	train_time = 2.896287
TRAIN Iter 9: loss = 0.015151,	Top-1 err = 91.000000,	Top-5 err = 76.250000,	train_time = 2.905312
TRAIN Iter 10: loss = 0.015894,	Top-1 err = 90.900000,	Top-5 err = 74.450000,	train_time = 2.934686
TRAIN Iter 11: loss = 0.015479,	Top-1 err = 90.750000,	Top-5 err = 75.800000,	train_time = 2.959366
TRAIN Iter 12: loss = 0.016613,	Top-1 err = 88.650000,	Top-5 err = 67.800000,	train_time = 2.934606
TRAIN Iter 13: loss = 0.015389,	Top-1 err = 90.050000,	Top-5 err = 72.650000,	train_time = 2.997841
TRAIN Iter 14: loss = 0.014366,	Top-1 err = 88.650000,	Top-5 err = 69.900000,	train_time = 2.946919
TRAIN Iter 15: loss = 0.014960,	Top-1 err = 89.500000,	Top-5 err = 70.550000,	train_time = 2.947798
TRAIN Iter 16: loss = 0.014233,	Top-1 err = 86.800000,	Top-5 err = 65.350000,	train_time = 2.995613
TRAIN Iter 17: loss = 0.012780,	Top-1 err = 87.100000,	Top-5 err = 66.750000,	train_time = 2.994821
TRAIN Iter 18: loss = 0.014204,	Top-1 err = 84.650000,	Top-5 err = 62.850000,	train_time = 2.961652
TRAIN Iter 19: loss = 0.012111,	Top-1 err = 86.250000,	Top-5 err = 67.000000,	train_time = 2.949441
TRAIN Iter 20: loss = 0.013249,	Top-1 err = 85.100000,	Top-5 err = 64.350000,	train_time = 3.056313
TRAIN Iter 21: loss = 0.013927,	Top-1 err = 80.950000,	Top-5 err = 56.800000,	train_time = 2.979584
TRAIN Iter 22: loss = 0.012457,	Top-1 err = 84.400000,	Top-5 err = 64.400000,	train_time = 3.007794
TRAIN Iter 23: loss = 0.013454,	Top-1 err = 81.900000,	Top-5 err = 57.250000,	train_time = 3.013593
TRAIN Iter 24: loss = 0.012631,	Top-1 err = 81.800000,	Top-5 err = 59.550000,	train_time = 2.948469
TRAIN Iter 25: loss = 0.013490,	Top-1 err = 79.450000,	Top-5 err = 54.050000,	train_time = 2.974303
TRAIN Iter 26: loss = 0.012846,	Top-1 err = 79.250000,	Top-5 err = 55.150000,	train_time = 3.170787
TRAIN Iter 27: loss = 0.012229,	Top-1 err = 80.950000,	Top-5 err = 57.400000,	train_time = 3.193927
TRAIN Iter 28: loss = 0.012875,	Top-1 err = 81.450000,	Top-5 err = 57.900000,	train_time = 2.972627
TRAIN Iter 29: loss = 0.011710,	Top-1 err = 83.500000,	Top-5 err = 63.850000,	train_time = 3.016322
TRAIN Iter 30: loss = 0.011836,	Top-1 err = 76.400000,	Top-5 err = 50.150000,	train_time = 3.392079
TRAIN Iter 31: loss = 0.011703,	Top-1 err = 76.500000,	Top-5 err = 53.300000,	train_time = 3.074010
TRAIN Iter 32: loss = 0.011176,	Top-1 err = 77.050000,	Top-5 err = 51.950000,	train_time = 2.964772
TRAIN Iter 33: loss = 0.011804,	Top-1 err = 74.600000,	Top-5 err = 49.800000,	train_time = 2.958117
TRAIN Iter 34: loss = 0.011369,	Top-1 err = 69.550000,	Top-5 err = 42.000000,	train_time = 3.065273
TRAIN Iter 35: loss = 0.011128,	Top-1 err = 72.600000,	Top-5 err = 47.850000,	train_time = 3.181193
TRAIN Iter 36: loss = 0.011448,	Top-1 err = 71.300000,	Top-5 err = 46.350000,	train_time = 3.052414
TRAIN Iter 37: loss = 0.011023,	Top-1 err = 71.650000,	Top-5 err = 45.750000,	train_time = 2.983238
TRAIN Iter 38: loss = 0.011104,	Top-1 err = 72.450000,	Top-5 err = 49.300000,	train_time = 3.165290
TRAIN Iter 39: loss = 0.011553,	Top-1 err = 63.850000,	Top-5 err = 38.550000,	train_time = 3.177711
TRAIN Iter 40: loss = 0.011169,	Top-1 err = 69.100000,	Top-5 err = 44.150000,	train_time = 3.038912
TRAIN Iter 41: loss = 0.011532,	Top-1 err = 63.850000,	Top-5 err = 35.450000,	train_time = 2.971049
TRAIN Iter 42: loss = 0.011607,	Top-1 err = 64.100000,	Top-5 err = 36.300000,	train_time = 2.962141
TRAIN Iter 43: loss = 0.010427,	Top-1 err = 71.100000,	Top-5 err = 47.550000,	train_time = 3.101354
TRAIN Iter 44: loss = 0.010313,	Top-1 err = 62.450000,	Top-5 err = 36.900000,	train_time = 3.015775
TRAIN Iter 45: loss = 0.010390,	Top-1 err = 64.650000,	Top-5 err = 42.400000,	train_time = 2.957501
TRAIN Iter 46: loss = 0.010721,	Top-1 err = 62.450000,	Top-5 err = 38.600000,	train_time = 2.960504
TRAIN Iter 47: loss = 0.010210,	Top-1 err = 59.700000,	Top-5 err = 35.550000,	train_time = 3.186354
TRAIN Iter 48: loss = 0.009611,	Top-1 err = 72.350000,	Top-5 err = 53.700000,	train_time = 2.998211
TRAIN Iter 49: loss = 0.009906,	Top-1 err = 65.000000,	Top-5 err = 44.150000,	train_time = 3.011819
TRAIN Iter 50: loss = 0.010740,	Top-1 err = 53.950000,	Top-5 err = 30.850000,	train_time = 3.062526
TRAIN Iter 51: loss = 0.009693,	Top-1 err = 62.150000,	Top-5 err = 38.750000,	train_time = 2.964189
TRAIN Iter 52: loss = 0.009467,	Top-1 err = 61.150000,	Top-5 err = 35.900000,	train_time = 2.976516
TRAIN Iter 53: loss = 0.009380,	Top-1 err = 59.650000,	Top-5 err = 37.650000,	train_time = 2.974890
TRAIN Iter 54: loss = 0.008638,	Top-1 err = 62.150000,	Top-5 err = 36.750000,	train_time = 2.959578
TRAIN Iter 55: loss = 0.009282,	Top-1 err = 55.350000,	Top-5 err = 32.900000,	train_time = 3.020530
TRAIN Iter 56: loss = 0.009325,	Top-1 err = 59.050000,	Top-5 err = 38.900000,	train_time = 2.959595
TRAIN Iter 57: loss = 0.009445,	Top-1 err = 52.100000,	Top-5 err = 29.500000,	train_time = 3.033494
TRAIN Iter 58: loss = 0.009644,	Top-1 err = 43.500000,	Top-5 err = 21.500000,	train_time = 2.994019
TRAIN Iter 59: loss = 0.008703,	Top-1 err = 52.350000,	Top-5 err = 30.100000,	train_time = 3.070931
TRAIN Iter 60: loss = 0.008639,	Top-1 err = 58.700000,	Top-5 err = 36.100000,	train_time = 3.214755
TRAIN Iter 61: loss = 0.008758,	Top-1 err = 54.050000,	Top-5 err = 32.350000,	train_time = 3.064794
TRAIN Iter 62: loss = 0.008713,	Top-1 err = 47.350000,	Top-5 err = 25.800000,	train_time = 3.004371
TRAIN Iter 63: loss = 0.008149,	Top-1 err = 56.750000,	Top-5 err = 36.300000,	train_time = 2.980901
TRAIN Iter 64: loss = 0.008472,	Top-1 err = 56.250000,	Top-5 err = 33.400000,	train_time = 3.056436
TRAIN Iter 65: loss = 0.008416,	Top-1 err = 42.950000,	Top-5 err = 21.100000,	train_time = 3.044201
TRAIN Iter 66: loss = 0.008219,	Top-1 err = 62.850000,	Top-5 err = 43.250000,	train_time = 3.015598
TRAIN Iter 67: loss = 0.008196,	Top-1 err = 41.600000,	Top-5 err = 20.700000,	train_time = 2.964418
TRAIN Iter 68: loss = 0.008244,	Top-1 err = 47.450000,	Top-5 err = 27.150000,	train_time = 3.127512
TRAIN Iter 69: loss = 0.007812,	Top-1 err = 59.150000,	Top-5 err = 39.100000,	train_time = 3.082848
TRAIN Iter 70: loss = 0.007823,	Top-1 err = 49.250000,	Top-5 err = 30.050000,	train_time = 2.951102
TRAIN Iter 71: loss = 0.007429,	Top-1 err = 59.800000,	Top-5 err = 36.950000,	train_time = 3.096233
TRAIN Iter 72: loss = 0.007860,	Top-1 err = 59.850000,	Top-5 err = 41.650000,	train_time = 3.022371
TRAIN Iter 73: loss = 0.007482,	Top-1 err = 52.700000,	Top-5 err = 31.550000,	train_time = 3.162098
TRAIN Iter 74: loss = 0.007773,	Top-1 err = 50.800000,	Top-5 err = 34.450000,	train_time = 3.157241
TRAIN Iter 75: loss = 0.008073,	Top-1 err = 42.300000,	Top-5 err = 25.750000,	train_time = 3.158239
TRAIN Iter 76: loss = 0.007567,	Top-1 err = 38.950000,	Top-5 err = 18.900000,	train_time = 3.027267
TRAIN Iter 77: loss = 0.007474,	Top-1 err = 36.200000,	Top-5 err = 17.700000,	train_time = 3.035178
TRAIN Iter 78: loss = 0.007351,	Top-1 err = 44.700000,	Top-5 err = 23.800000,	train_time = 3.244100
TRAIN Iter 79: loss = 0.007599,	Top-1 err = 34.450000,	Top-5 err = 15.950000,	train_time = 2.974499
TRAIN Iter 80: loss = 0.007270,	Top-1 err = 50.050000,	Top-5 err = 28.300000,	train_time = 3.140861
TRAIN Iter 81: loss = 0.006971,	Top-1 err = 40.700000,	Top-5 err = 20.900000,	train_time = 3.028323
TRAIN Iter 82: loss = 0.006983,	Top-1 err = 45.400000,	Top-5 err = 23.700000,	train_time = 2.948605
TRAIN Iter 83: loss = 0.007478,	Top-1 err = 32.350000,	Top-5 err = 16.900000,	train_time = 3.060359
TRAIN Iter 84: loss = 0.007111,	Top-1 err = 39.800000,	Top-5 err = 20.800000,	train_time = 2.991234
TRAIN Iter 85: loss = 0.006871,	Top-1 err = 45.400000,	Top-5 err = 29.550000,	train_time = 2.935897
TRAIN Iter 86: loss = 0.007228,	Top-1 err = 38.550000,	Top-5 err = 22.050000,	train_time = 3.073391
TRAIN Iter 87: loss = 0.006942,	Top-1 err = 46.050000,	Top-5 err = 28.500000,	train_time = 2.971409
TRAIN Iter 88: loss = 0.006761,	Top-1 err = 40.650000,	Top-5 err = 23.700000,	train_time = 2.965964
TRAIN Iter 89: loss = 0.007140,	Top-1 err = 44.500000,	Top-5 err = 26.500000,	train_time = 3.000109
TRAIN Iter 90: loss = 0.006629,	Top-1 err = 57.650000,	Top-5 err = 40.750000,	train_time = 3.187145
TRAIN Iter 91: loss = 0.006930,	Top-1 err = 37.400000,	Top-5 err = 20.650000,	train_time = 3.067803
TRAIN Iter 92: loss = 0.006647,	Top-1 err = 45.400000,	Top-5 err = 29.750000,	train_time = 3.006182
TRAIN Iter 93: loss = 0.006825,	Top-1 err = 32.450000,	Top-5 err = 18.700000,	train_time = 2.986048
TRAIN Iter 94: loss = 0.006541,	Top-1 err = 50.900000,	Top-5 err = 35.050000,	train_time = 3.071227
TRAIN Iter 95: loss = 0.006475,	Top-1 err = 38.050000,	Top-5 err = 18.400000,	train_time = 3.065743
TRAIN Iter 96: loss = 0.006863,	Top-1 err = 32.350000,	Top-5 err = 18.100000,	train_time = 2.956903
TRAIN Iter 97: loss = 0.006632,	Top-1 err = 37.800000,	Top-5 err = 19.050000,	train_time = 3.041819
TRAIN Iter 98: loss = 0.006585,	Top-1 err = 46.700000,	Top-5 err = 26.700000,	train_time = 3.071396
TRAIN Iter 99: loss = 0.006212,	Top-1 err = 27.650000,	Top-5 err = 12.000000,	train_time = 3.113571
TRAIN Iter 100: loss = 0.006345,	Top-1 err = 40.400000,	Top-5 err = 24.650000,	train_time = 3.129577
TRAIN Iter 101: loss = 0.006245,	Top-1 err = 28.600000,	Top-5 err = 12.100000,	train_time = 3.020180
TRAIN Iter 102: loss = 0.006017,	Top-1 err = 39.300000,	Top-5 err = 19.700000,	train_time = 3.011982
TRAIN Iter 103: loss = 0.006208,	Top-1 err = 40.100000,	Top-5 err = 20.550000,	train_time = 3.122449
TRAIN Iter 104: loss = 0.006132,	Top-1 err = 37.550000,	Top-5 err = 22.600000,	train_time = 3.017044
TRAIN Iter 105: loss = 0.006071,	Top-1 err = 42.800000,	Top-5 err = 21.500000,	train_time = 2.992423
TRAIN Iter 106: loss = 0.006204,	Top-1 err = 43.000000,	Top-5 err = 29.150000,	train_time = 3.005640
TRAIN Iter 107: loss = 0.005989,	Top-1 err = 25.900000,	Top-5 err = 11.100000,	train_time = 2.999667
TRAIN Iter 108: loss = 0.006123,	Top-1 err = 39.950000,	Top-5 err = 24.650000,	train_time = 3.123491
TRAIN Iter 109: loss = 0.006037,	Top-1 err = 45.400000,	Top-5 err = 29.150000,	train_time = 2.998450
TRAIN Iter 110: loss = 0.006041,	Top-1 err = 27.900000,	Top-5 err = 16.250000,	train_time = 3.012558
TRAIN Iter 111: loss = 0.006131,	Top-1 err = 34.350000,	Top-5 err = 18.400000,	train_time = 3.250769
TRAIN Iter 112: loss = 0.006072,	Top-1 err = 30.050000,	Top-5 err = 15.850000,	train_time = 3.090730
TRAIN Iter 113: loss = 0.005949,	Top-1 err = 32.750000,	Top-5 err = 19.400000,	train_time = 2.984074
TRAIN Iter 114: loss = 0.006004,	Top-1 err = 40.800000,	Top-5 err = 20.800000,	train_time = 2.992516
TRAIN Iter 115: loss = 0.005799,	Top-1 err = 52.200000,	Top-5 err = 33.800000,	train_time = 2.970832
TRAIN Iter 116: loss = 0.005825,	Top-1 err = 24.650000,	Top-5 err = 10.900000,	train_time = 3.022046
TRAIN Iter 117: loss = 0.005737,	Top-1 err = 42.950000,	Top-5 err = 29.500000,	train_time = 3.009099
TRAIN Iter 118: loss = 0.005755,	Top-1 err = 34.450000,	Top-5 err = 17.450000,	train_time = 3.079530
TRAIN Iter 119: loss = 0.005670,	Top-1 err = 33.350000,	Top-5 err = 19.750000,	train_time = 2.989834
TRAIN Iter 120: loss = 0.005465,	Top-1 err = 43.350000,	Top-5 err = 27.950000,	train_time = 3.007855
TRAIN Iter 121: loss = 0.005501,	Top-1 err = 38.650000,	Top-5 err = 20.250000,	train_time = 2.989063
TRAIN Iter 122: loss = 0.005502,	Top-1 err = 33.300000,	Top-5 err = 18.750000,	train_time = 3.020346
TRAIN Iter 123: loss = 0.005599,	Top-1 err = 25.850000,	Top-5 err = 15.450000,	train_time = 3.005925
TRAIN Iter 124: loss = 0.005574,	Top-1 err = 32.050000,	Top-5 err = 20.700000,	train_time = 3.015419
TRAIN Iter 125: loss = 0.005595,	Top-1 err = 24.550000,	Top-5 err = 10.100000,	train_time = 3.040337
TRAIN Iter 126: loss = 0.005393,	Top-1 err = 41.000000,	Top-5 err = 21.900000,	train_time = 3.080064
TRAIN Iter 127: loss = 0.005533,	Top-1 err = 32.900000,	Top-5 err = 24.450000,	train_time = 2.968451
TRAIN Iter 128: loss = 0.005281,	Top-1 err = 37.250000,	Top-5 err = 23.150000,	train_time = 2.986978
TRAIN Iter 129: loss = 0.005292,	Top-1 err = 24.000000,	Top-5 err = 11.500000,	train_time = 3.506104
TRAIN Iter 130: loss = 0.005155,	Top-1 err = 29.650000,	Top-5 err = 17.200000,	train_time = 3.184026
TRAIN Iter 131: loss = 0.005337,	Top-1 err = 34.350000,	Top-5 err = 19.250000,	train_time = 3.031497
TRAIN Iter 132: loss = 0.005203,	Top-1 err = 36.150000,	Top-5 err = 23.500000,	train_time = 3.086853
TRAIN Iter 133: loss = 0.005276,	Top-1 err = 31.750000,	Top-5 err = 18.700000,	train_time = 3.104364
TRAIN Iter 134: loss = 0.005264,	Top-1 err = 49.400000,	Top-5 err = 34.400000,	train_time = 3.004736
TRAIN Iter 135: loss = 0.005251,	Top-1 err = 47.550000,	Top-5 err = 29.600000,	train_time = 3.152107
TRAIN Iter 136: loss = 0.005154,	Top-1 err = 23.850000,	Top-5 err = 11.250000,	train_time = 3.163570
TRAIN Iter 137: loss = 0.005177,	Top-1 err = 33.000000,	Top-5 err = 21.100000,	train_time = 2.966162
TRAIN Iter 138: loss = 0.005318,	Top-1 err = 35.850000,	Top-5 err = 22.050000,	train_time = 3.090233
TRAIN Iter 139: loss = 0.005294,	Top-1 err = 41.250000,	Top-5 err = 23.100000,	train_time = 3.130850
TRAIN Iter 140: loss = 0.005094,	Top-1 err = 45.950000,	Top-5 err = 33.900000,	train_time = 2.965490
TRAIN Iter 141: loss = 0.005114,	Top-1 err = 35.450000,	Top-5 err = 22.900000,	train_time = 2.988295
TRAIN Iter 142: loss = 0.005258,	Top-1 err = 23.450000,	Top-5 err = 13.650000,	train_time = 3.110784
TRAIN Iter 143: loss = 0.005072,	Top-1 err = 39.300000,	Top-5 err = 21.950000,	train_time = 3.019858
TRAIN Iter 144: loss = 0.005179,	Top-1 err = 26.650000,	Top-5 err = 14.650000,	train_time = 2.976273
TRAIN Iter 145: loss = 0.005003,	Top-1 err = 39.550000,	Top-5 err = 25.350000,	train_time = 3.022561
TRAIN Iter 146: loss = 0.005097,	Top-1 err = 37.750000,	Top-5 err = 22.350000,	train_time = 3.026786
TRAIN Iter 147: loss = 0.005090,	Top-1 err = 35.200000,	Top-5 err = 18.200000,	train_time = 2.968454
TRAIN Iter 148: loss = 0.004938,	Top-1 err = 28.150000,	Top-5 err = 16.650000,	train_time = 3.022165
TRAIN Iter 149: loss = 0.005078,	Top-1 err = 35.000000,	Top-5 err = 17.300000,	train_time = 3.053968
TRAIN Iter 150: loss = 0.004948,	Top-1 err = 44.250000,	Top-5 err = 31.250000,	train_time = 2.969820
TRAIN Iter 151: loss = 0.004911,	Top-1 err = 37.300000,	Top-5 err = 22.850000,	train_time = 3.077614
TRAIN Iter 152: loss = 0.004941,	Top-1 err = 46.400000,	Top-5 err = 31.600000,	train_time = 3.130610
TRAIN Iter 153: loss = 0.004885,	Top-1 err = 27.650000,	Top-5 err = 12.600000,	train_time = 3.092819
TRAIN Iter 154: loss = 0.004875,	Top-1 err = 36.800000,	Top-5 err = 19.900000,	train_time = 2.975647
TRAIN Iter 155: loss = 0.004892,	Top-1 err = 27.400000,	Top-5 err = 13.450000,	train_time = 2.926193
TRAIN Iter 156: loss = 0.004738,	Top-1 err = 23.750000,	Top-5 err = 11.700000,	train_time = 2.979055
TRAIN Iter 157: loss = 0.004841,	Top-1 err = 29.500000,	Top-5 err = 16.000000,	train_time = 2.968607
TRAIN Iter 158: loss = 0.004857,	Top-1 err = 25.750000,	Top-5 err = 13.750000,	train_time = 2.969477
TRAIN Iter 159: loss = 0.004810,	Top-1 err = 34.400000,	Top-5 err = 16.950000,	train_time = 3.182559
TRAIN Iter 160: loss = 0.004782,	Top-1 err = 26.350000,	Top-5 err = 13.100000,	train_time = 3.029046
TRAIN Iter 161: loss = 0.004670,	Top-1 err = 29.750000,	Top-5 err = 17.850000,	train_time = 3.035276
TRAIN Iter 162: loss = 0.004740,	Top-1 err = 35.500000,	Top-5 err = 22.850000,	train_time = 2.995568
TRAIN Iter 163: loss = 0.004692,	Top-1 err = 36.400000,	Top-5 err = 23.800000,	train_time = 3.162078
TRAIN Iter 164: loss = 0.004782,	Top-1 err = 32.150000,	Top-5 err = 17.850000,	train_time = 3.037442
TRAIN Iter 165: loss = 0.004782,	Top-1 err = 40.350000,	Top-5 err = 27.300000,	train_time = 3.107480
TRAIN Iter 166: loss = 0.004726,	Top-1 err = 21.650000,	Top-5 err = 11.100000,	train_time = 3.040925
TRAIN Iter 167: loss = 0.004623,	Top-1 err = 33.750000,	Top-5 err = 18.300000,	train_time = 3.015013
TRAIN Iter 168: loss = 0.004667,	Top-1 err = 43.700000,	Top-5 err = 25.200000,	train_time = 2.971425
TRAIN Iter 169: loss = 0.004580,	Top-1 err = 34.100000,	Top-5 err = 19.300000,	train_time = 2.973313
TRAIN Iter 170: loss = 0.004693,	Top-1 err = 30.450000,	Top-5 err = 15.300000,	train_time = 2.965720
TRAIN Iter 171: loss = 0.004639,	Top-1 err = 23.600000,	Top-5 err = 14.400000,	train_time = 3.049176
TRAIN Iter 172: loss = 0.004619,	Top-1 err = 30.550000,	Top-5 err = 18.850000,	train_time = 2.985857
TRAIN Iter 173: loss = 0.004453,	Top-1 err = 29.400000,	Top-5 err = 14.650000,	train_time = 3.234387
TRAIN Iter 174: loss = 0.004647,	Top-1 err = 25.400000,	Top-5 err = 13.250000,	train_time = 3.203202
TRAIN Iter 175: loss = 0.004502,	Top-1 err = 29.400000,	Top-5 err = 16.550000,	train_time = 3.079217
TRAIN Iter 176: loss = 0.004687,	Top-1 err = 42.300000,	Top-5 err = 27.050000,	train_time = 3.069211
TRAIN Iter 177: loss = 0.004538,	Top-1 err = 35.300000,	Top-5 err = 23.000000,	train_time = 3.029501
TRAIN Iter 178: loss = 0.004483,	Top-1 err = 46.650000,	Top-5 err = 31.850000,	train_time = 2.963759
TRAIN Iter 179: loss = 0.004418,	Top-1 err = 39.100000,	Top-5 err = 25.850000,	train_time = 2.957231
TRAIN Iter 180: loss = 0.004509,	Top-1 err = 27.500000,	Top-5 err = 17.550000,	train_time = 3.019655
TRAIN Iter 181: loss = 0.004537,	Top-1 err = 33.700000,	Top-5 err = 19.700000,	train_time = 3.019786
TRAIN Iter 182: loss = 0.004634,	Top-1 err = 46.500000,	Top-5 err = 29.850000,	train_time = 2.977206
TRAIN Iter 183: loss = 0.004605,	Top-1 err = 40.100000,	Top-5 err = 22.850000,	train_time = 3.039040
TRAIN Iter 184: loss = 0.004431,	Top-1 err = 26.600000,	Top-5 err = 13.700000,	train_time = 3.049043
TRAIN Iter 185: loss = 0.004554,	Top-1 err = 25.500000,	Top-5 err = 12.950000,	train_time = 3.060628
TRAIN Iter 186: loss = 0.004344,	Top-1 err = 33.250000,	Top-5 err = 21.000000,	train_time = 2.965041
TRAIN Iter 187: loss = 0.004478,	Top-1 err = 20.950000,	Top-5 err = 10.650000,	train_time = 3.098948
TRAIN Iter 188: loss = 0.004438,	Top-1 err = 27.950000,	Top-5 err = 14.050000,	train_time = 3.015906
TRAIN Iter 189: loss = 0.004610,	Top-1 err = 38.350000,	Top-5 err = 23.150000,	train_time = 2.913318
TRAIN Iter 190: loss = 0.004566,	Top-1 err = 50.550000,	Top-5 err = 30.000000,	train_time = 3.060652
TRAIN Iter 191: loss = 0.004356,	Top-1 err = 23.100000,	Top-5 err = 14.150000,	train_time = 3.020891
TRAIN Iter 192: loss = 0.004342,	Top-1 err = 33.000000,	Top-5 err = 19.850000,	train_time = 3.045223
TRAIN Iter 193: loss = 0.004243,	Top-1 err = 37.100000,	Top-5 err = 23.650000,	train_time = 3.063276
TRAIN Iter 194: loss = 0.004247,	Top-1 err = 29.200000,	Top-5 err = 15.100000,	train_time = 3.121194
TRAIN Iter 195: loss = 0.004454,	Top-1 err = 34.250000,	Top-5 err = 16.950000,	train_time = 3.036679
TRAIN Iter 196: loss = 0.004396,	Top-1 err = 33.500000,	Top-5 err = 18.550000,	train_time = 3.068503
TRAIN Iter 197: loss = 0.004425,	Top-1 err = 45.050000,	Top-5 err = 29.800000,	train_time = 3.002837
TRAIN Iter 198: loss = 0.004247,	Top-1 err = 36.400000,	Top-5 err = 24.200000,	train_time = 3.387220
TRAIN Iter 199: loss = 0.004331,	Top-1 err = 36.400000,	Top-5 err = 22.700000,	train_time = 3.106871
TRAIN Iter 200: loss = 0.004249,	Top-1 err = 44.600000,	Top-5 err = 29.400000,	train_time = 2.999679
TRAIN Iter 201: loss = 0.004279,	Top-1 err = 22.600000,	Top-5 err = 10.250000,	train_time = 3.212808
TRAIN Iter 202: loss = 0.004208,	Top-1 err = 29.450000,	Top-5 err = 20.000000,	train_time = 3.393505
TRAIN Iter 203: loss = 0.004339,	Top-1 err = 48.700000,	Top-5 err = 32.500000,	train_time = 3.109933
TRAIN Iter 204: loss = 0.004293,	Top-1 err = 39.200000,	Top-5 err = 25.300000,	train_time = 2.916862
TRAIN Iter 205: loss = 0.004249,	Top-1 err = 33.250000,	Top-5 err = 16.750000,	train_time = 3.306297
TRAIN Iter 206: loss = 0.004115,	Top-1 err = 21.250000,	Top-5 err = 10.000000,	train_time = 3.079361
TRAIN Iter 207: loss = 0.004219,	Top-1 err = 40.700000,	Top-5 err = 23.050000,	train_time = 2.974132
TRAIN Iter 208: loss = 0.004190,	Top-1 err = 41.450000,	Top-5 err = 25.400000,	train_time = 2.906497
TRAIN Iter 209: loss = 0.004224,	Top-1 err = 26.650000,	Top-5 err = 16.150000,	train_time = 2.983687
TRAIN Iter 210: loss = 0.004137,	Top-1 err = 27.900000,	Top-5 err = 13.650000,	train_time = 3.128303
TRAIN Iter 211: loss = 0.004040,	Top-1 err = 11.750000,	Top-5 err = 3.350000,	train_time = 3.180709
TRAIN Iter 212: loss = 0.004286,	Top-1 err = 39.750000,	Top-5 err = 23.900000,	train_time = 3.028787
TRAIN Iter 213: loss = 0.004260,	Top-1 err = 41.550000,	Top-5 err = 27.350000,	train_time = 2.955175
TRAIN Iter 214: loss = 0.004143,	Top-1 err = 28.650000,	Top-5 err = 15.200000,	train_time = 2.948348
TRAIN Iter 215: loss = 0.004012,	Top-1 err = 20.000000,	Top-5 err = 11.750000,	train_time = 2.958222
TRAIN Iter 216: loss = 0.004139,	Top-1 err = 23.500000,	Top-5 err = 11.450000,	train_time = 2.989790
TRAIN Iter 217: loss = 0.004194,	Top-1 err = 33.750000,	Top-5 err = 19.700000,	train_time = 3.142274
TRAIN Iter 218: loss = 0.004124,	Top-1 err = 25.550000,	Top-5 err = 12.600000,	train_time = 2.978830
TRAIN Iter 219: loss = 0.004139,	Top-1 err = 38.050000,	Top-5 err = 20.550000,	train_time = 3.107909
TRAIN Iter 220: loss = 0.003986,	Top-1 err = 27.700000,	Top-5 err = 14.600000,	train_time = 2.989728
TRAIN Iter 221: loss = 0.004126,	Top-1 err = 28.350000,	Top-5 err = 16.650000,	train_time = 3.165673
TRAIN Iter 222: loss = 0.004051,	Top-1 err = 21.800000,	Top-5 err = 11.850000,	train_time = 3.135185
TRAIN Iter 223: loss = 0.004155,	Top-1 err = 31.200000,	Top-5 err = 15.700000,	train_time = 2.976453
TRAIN Iter 224: loss = 0.004083,	Top-1 err = 32.350000,	Top-5 err = 23.200000,	train_time = 2.994469
TRAIN Iter 225: loss = 0.004093,	Top-1 err = 32.550000,	Top-5 err = 21.250000,	train_time = 3.019904
TRAIN Iter 226: loss = 0.003998,	Top-1 err = 32.500000,	Top-5 err = 21.350000,	train_time = 2.970186
TRAIN Iter 227: loss = 0.003842,	Top-1 err = 15.150000,	Top-5 err = 9.450000,	train_time = 2.984174
TRAIN Iter 228: loss = 0.004166,	Top-1 err = 26.900000,	Top-5 err = 14.000000,	train_time = 3.027810
TRAIN Iter 229: loss = 0.003931,	Top-1 err = 26.200000,	Top-5 err = 12.350000,	train_time = 3.104970
TRAIN Iter 230: loss = 0.003995,	Top-1 err = 33.900000,	Top-5 err = 20.000000,	train_time = 2.990505
TRAIN Iter 231: loss = 0.004020,	Top-1 err = 29.250000,	Top-5 err = 18.750000,	train_time = 2.981769
TRAIN Iter 232: loss = 0.003980,	Top-1 err = 25.050000,	Top-5 err = 13.950000,	train_time = 3.155631
TRAIN Iter 233: loss = 0.003909,	Top-1 err = 44.500000,	Top-5 err = 28.000000,	train_time = 3.321290
TRAIN Iter 234: loss = 0.003969,	Top-1 err = 39.100000,	Top-5 err = 19.550000,	train_time = 3.175155
TRAIN Iter 235: loss = 0.004087,	Top-1 err = 42.650000,	Top-5 err = 24.700000,	train_time = 2.939937
TRAIN Iter 236: loss = 0.003949,	Top-1 err = 23.950000,	Top-5 err = 12.500000,	train_time = 3.005662
TRAIN Iter 237: loss = 0.003950,	Top-1 err = 24.950000,	Top-5 err = 13.000000,	train_time = 2.985069
TRAIN Iter 238: loss = 0.004099,	Top-1 err = 41.450000,	Top-5 err = 26.100000,	train_time = 2.935940
TRAIN Iter 239: loss = 0.003970,	Top-1 err = 42.300000,	Top-5 err = 26.400000,	train_time = 3.068876
TRAIN Iter 240: loss = 0.003833,	Top-1 err = 24.300000,	Top-5 err = 12.650000,	train_time = 2.992061
TRAIN Iter 241: loss = 0.003949,	Top-1 err = 32.450000,	Top-5 err = 17.850000,	train_time = 3.136243
TRAIN Iter 242: loss = 0.003866,	Top-1 err = 39.350000,	Top-5 err = 25.250000,	train_time = 2.976428
TRAIN Iter 243: loss = 0.003677,	Top-1 err = 19.050000,	Top-5 err = 10.700000,	train_time = 3.051605
TRAIN Iter 244: loss = 0.003902,	Top-1 err = 26.750000,	Top-5 err = 13.700000,	train_time = 3.135058
TRAIN Iter 245: loss = 0.003915,	Top-1 err = 41.350000,	Top-5 err = 23.750000,	train_time = 2.986165
TRAIN Iter 246: loss = 0.003937,	Top-1 err = 33.800000,	Top-5 err = 19.950000,	train_time = 2.999389
TRAIN Iter 247: loss = 0.003896,	Top-1 err = 33.900000,	Top-5 err = 17.400000,	train_time = 2.922353
TRAIN Iter 248: loss = 0.003826,	Top-1 err = 34.300000,	Top-5 err = 20.800000,	train_time = 3.031121
TRAIN Iter 249: loss = 0.003734,	Top-1 err = 27.100000,	Top-5 err = 14.750000,	train_time = 3.079906
TEST:
Iter 249: loss = 2.704124,	Top-1 err = 58.410000,	Top-5 err = 31.590000,	val_time = 3.057944
TRAIN Iter 250: loss = 0.003760,	Top-1 err = 22.950000,	Top-5 err = 12.650000,	train_time = 3.013459
TRAIN Iter 251: loss = 0.003690,	Top-1 err = 16.250000,	Top-5 err = 8.000000,	train_time = 2.956918
TRAIN Iter 252: loss = 0.003914,	Top-1 err = 30.550000,	Top-5 err = 16.250000,	train_time = 2.982000
TRAIN Iter 253: loss = 0.003817,	Top-1 err = 29.250000,	Top-5 err = 15.350000,	train_time = 3.194430
TRAIN Iter 254: loss = 0.003765,	Top-1 err = 21.250000,	Top-5 err = 10.250000,	train_time = 3.142521
TRAIN Iter 255: loss = 0.003845,	Top-1 err = 30.050000,	Top-5 err = 19.000000,	train_time = 2.988620
TRAIN Iter 256: loss = 0.003692,	Top-1 err = 38.250000,	Top-5 err = 20.850000,	train_time = 3.020884
TRAIN Iter 257: loss = 0.003745,	Top-1 err = 26.200000,	Top-5 err = 15.350000,	train_time = 2.964501
TRAIN Iter 258: loss = 0.003871,	Top-1 err = 36.350000,	Top-5 err = 21.750000,	train_time = 2.986304
TRAIN Iter 259: loss = 0.003834,	Top-1 err = 27.700000,	Top-5 err = 15.950000,	train_time = 2.935446
TEST:
Iter 259: loss = 2.675218,	Top-1 err = 56.880000,	Top-5 err = 31.270000,	val_time = 2.830481
TRAIN Iter 260: loss = 0.003941,	Top-1 err = 37.100000,	Top-5 err = 21.750000,	train_time = 2.991100
TRAIN Iter 261: loss = 0.003796,	Top-1 err = 34.650000,	Top-5 err = 22.150000,	train_time = 3.158504
TRAIN Iter 262: loss = 0.003816,	Top-1 err = 28.600000,	Top-5 err = 15.950000,	train_time = 3.388532
TRAIN Iter 263: loss = 0.003888,	Top-1 err = 39.000000,	Top-5 err = 21.500000,	train_time = 3.082359
TRAIN Iter 264: loss = 0.003634,	Top-1 err = 21.800000,	Top-5 err = 11.600000,	train_time = 2.923363
TRAIN Iter 265: loss = 0.003846,	Top-1 err = 46.350000,	Top-5 err = 29.750000,	train_time = 2.924078
TRAIN Iter 266: loss = 0.003848,	Top-1 err = 28.200000,	Top-5 err = 14.300000,	train_time = 2.979111
TRAIN Iter 267: loss = 0.003683,	Top-1 err = 29.600000,	Top-5 err = 14.100000,	train_time = 2.957913
TRAIN Iter 268: loss = 0.003661,	Top-1 err = 29.500000,	Top-5 err = 19.500000,	train_time = 2.965665
TRAIN Iter 269: loss = 0.003718,	Top-1 err = 33.850000,	Top-5 err = 22.700000,	train_time = 3.304984
TEST:
Iter 269: loss = 2.662435,	Top-1 err = 57.780000,	Top-5 err = 30.850000,	val_time = 2.917331
TRAIN Iter 270: loss = 0.003783,	Top-1 err = 36.250000,	Top-5 err = 20.850000,	train_time = 2.950259
TRAIN Iter 271: loss = 0.003759,	Top-1 err = 39.050000,	Top-5 err = 22.650000,	train_time = 3.014029
TRAIN Iter 272: loss = 0.003593,	Top-1 err = 19.950000,	Top-5 err = 10.350000,	train_time = 2.955045
TRAIN Iter 273: loss = 0.003738,	Top-1 err = 37.300000,	Top-5 err = 24.550000,	train_time = 3.112099
TRAIN Iter 274: loss = 0.003707,	Top-1 err = 33.200000,	Top-5 err = 19.850000,	train_time = 2.949744
TRAIN Iter 275: loss = 0.003620,	Top-1 err = 20.500000,	Top-5 err = 9.600000,	train_time = 2.996909
TRAIN Iter 276: loss = 0.003672,	Top-1 err = 35.700000,	Top-5 err = 23.450000,	train_time = 3.055360
TRAIN Iter 277: loss = 0.003806,	Top-1 err = 28.200000,	Top-5 err = 14.950000,	train_time = 3.075087
TRAIN Iter 278: loss = 0.003794,	Top-1 err = 45.500000,	Top-5 err = 25.450000,	train_time = 2.977269
TRAIN Iter 279: loss = 0.003661,	Top-1 err = 33.500000,	Top-5 err = 17.800000,	train_time = 2.992463
TEST:
Iter 279: loss = 2.605322,	Top-1 err = 56.800000,	Top-5 err = 30.650000,	val_time = 2.835322
TRAIN Iter 280: loss = 0.003710,	Top-1 err = 34.500000,	Top-5 err = 21.150000,	train_time = 2.986923
TRAIN Iter 281: loss = 0.003757,	Top-1 err = 39.000000,	Top-5 err = 25.100000,	train_time = 3.001508
TRAIN Iter 282: loss = 0.003772,	Top-1 err = 33.950000,	Top-5 err = 20.450000,	train_time = 3.009241
TRAIN Iter 283: loss = 0.003605,	Top-1 err = 26.000000,	Top-5 err = 12.650000,	train_time = 3.040173
TRAIN Iter 284: loss = 0.003569,	Top-1 err = 16.200000,	Top-5 err = 6.500000,	train_time = 2.999242
TRAIN Iter 285: loss = 0.003676,	Top-1 err = 31.950000,	Top-5 err = 16.950000,	train_time = 2.964258
TRAIN Iter 286: loss = 0.003550,	Top-1 err = 25.800000,	Top-5 err = 13.950000,	train_time = 3.051674
TRAIN Iter 287: loss = 0.003509,	Top-1 err = 33.750000,	Top-5 err = 22.600000,	train_time = 3.008302
TRAIN Iter 288: loss = 0.003565,	Top-1 err = 21.500000,	Top-5 err = 7.000000,	train_time = 3.066504
TRAIN Iter 289: loss = 0.003552,	Top-1 err = 35.300000,	Top-5 err = 21.300000,	train_time = 3.253937
TEST:
Iter 289: loss = 2.601916,	Top-1 err = 56.260000,	Top-5 err = 30.490000,	val_time = 2.998727
TRAIN Iter 290: loss = 0.003715,	Top-1 err = 37.700000,	Top-5 err = 18.150000,	train_time = 2.979628
TRAIN Iter 291: loss = 0.003661,	Top-1 err = 28.750000,	Top-5 err = 12.650000,	train_time = 2.976662
TRAIN Iter 292: loss = 0.003619,	Top-1 err = 40.550000,	Top-5 err = 27.650000,	train_time = 3.011221
TRAIN Iter 293: loss = 0.003505,	Top-1 err = 31.650000,	Top-5 err = 21.300000,	train_time = 2.958781
TRAIN Iter 294: loss = 0.003602,	Top-1 err = 32.200000,	Top-5 err = 18.350000,	train_time = 3.091723
TRAIN Iter 295: loss = 0.003632,	Top-1 err = 33.900000,	Top-5 err = 18.700000,	train_time = 3.192082
TRAIN Iter 296: loss = 0.003596,	Top-1 err = 37.550000,	Top-5 err = 22.350000,	train_time = 3.057503
TRAIN Iter 297: loss = 0.003404,	Top-1 err = 30.200000,	Top-5 err = 19.700000,	train_time = 2.915975
TRAIN Iter 298: loss = 0.003697,	Top-1 err = 34.450000,	Top-5 err = 22.200000,	train_time = 2.960410
TRAIN Iter 299: loss = 0.003494,	Top-1 err = 19.900000,	Top-5 err = 9.750000,	train_time = 3.002167
TEST:
Iter 299: loss = 2.585287,	Top-1 err = 56.370000,	Top-5 err = 30.210000,	val_time = 2.949192
Train Finish! Best accuracy is 43.74@289
