/home/dvspanos/miniconda3/envs/rded/lib/python3.10/site-packages/torchvision/models/_utils.py:208: UserWarning: The parameter 'pretrained' is deprecated since 0.13 and may be removed in the future, please use 'weights' instead.
  warnings.warn(
/home/dvspanos/miniconda3/envs/rded/lib/python3.10/site-packages/torchvision/models/_utils.py:223: UserWarning: Arguments other than a weight enum or `None` for 'weights' are deprecated since 0.13 and may be removed in the future. The current behavior is equivalent to passing `weights=None`.
  warnings.warn(msg)
=> using pytorch pre-trained teacher model 'resnet18_modified'
process data from /home/dvspanos/nikos/ca2d/artifacts/sets/bench_tin_rn18_rcad2d_ipc10
load data successfully
TRAIN Iter 0: loss = 0.017708,	Top-1 err = 99.100000,	Top-5 err = 96.350000,	train_time = 4.505153
TRAIN Iter 1: loss = 0.017428,	Top-1 err = 98.550000,	Top-5 err = 93.600000,	train_time = 2.853165
TRAIN Iter 2: loss = 0.016778,	Top-1 err = 97.900000,	Top-5 err = 91.150000,	train_time = 2.848091
TRAIN Iter 3: loss = 0.016870,	Top-1 err = 97.100000,	Top-5 err = 88.950000,	train_time = 2.875086
TRAIN Iter 4: loss = 0.016244,	Top-1 err = 97.550000,	Top-5 err = 88.700000,	train_time = 2.889862
TRAIN Iter 5: loss = 0.017614,	Top-1 err = 96.150000,	Top-5 err = 85.800000,	train_time = 2.912631
TRAIN Iter 6: loss = 0.015359,	Top-1 err = 95.450000,	Top-5 err = 84.650000,	train_time = 2.906457
TRAIN Iter 7: loss = 0.015384,	Top-1 err = 95.250000,	Top-5 err = 83.050000,	train_time = 2.907148
TRAIN Iter 8: loss = 0.015761,	Top-1 err = 94.600000,	Top-5 err = 82.400000,	train_time = 2.907084
TRAIN Iter 9: loss = 0.015237,	Top-1 err = 93.750000,	Top-5 err = 81.200000,	train_time = 2.939819
TRAIN Iter 10: loss = 0.015812,	Top-1 err = 92.800000,	Top-5 err = 77.400000,	train_time = 2.921466
TRAIN Iter 11: loss = 0.015674,	Top-1 err = 93.350000,	Top-5 err = 77.850000,	train_time = 2.901916
TRAIN Iter 12: loss = 0.016525,	Top-1 err = 89.500000,	Top-5 err = 71.800000,	train_time = 2.941973
TRAIN Iter 13: loss = 0.015463,	Top-1 err = 92.000000,	Top-5 err = 76.300000,	train_time = 3.090436
TRAIN Iter 14: loss = 0.014380,	Top-1 err = 90.300000,	Top-5 err = 73.100000,	train_time = 3.046526
TRAIN Iter 15: loss = 0.015009,	Top-1 err = 88.900000,	Top-5 err = 72.150000,	train_time = 3.007204
TRAIN Iter 16: loss = 0.014496,	Top-1 err = 88.050000,	Top-5 err = 69.750000,	train_time = 3.039927
TRAIN Iter 17: loss = 0.012715,	Top-1 err = 88.600000,	Top-5 err = 68.900000,	train_time = 3.003586
TRAIN Iter 18: loss = 0.014241,	Top-1 err = 86.800000,	Top-5 err = 66.100000,	train_time = 3.015536
TRAIN Iter 19: loss = 0.012214,	Top-1 err = 89.450000,	Top-5 err = 71.700000,	train_time = 2.996020
TRAIN Iter 20: loss = 0.013475,	Top-1 err = 87.050000,	Top-5 err = 66.250000,	train_time = 3.172348
TRAIN Iter 21: loss = 0.014009,	Top-1 err = 83.150000,	Top-5 err = 59.600000,	train_time = 3.295340
TRAIN Iter 22: loss = 0.012747,	Top-1 err = 86.850000,	Top-5 err = 68.950000,	train_time = 3.129147
TRAIN Iter 23: loss = 0.013465,	Top-1 err = 83.800000,	Top-5 err = 60.150000,	train_time = 3.028105
TRAIN Iter 24: loss = 0.012873,	Top-1 err = 85.150000,	Top-5 err = 64.000000,	train_time = 2.942473
TRAIN Iter 25: loss = 0.013717,	Top-1 err = 82.850000,	Top-5 err = 57.000000,	train_time = 2.996785
TRAIN Iter 26: loss = 0.012927,	Top-1 err = 83.600000,	Top-5 err = 60.450000,	train_time = 3.007513
TRAIN Iter 27: loss = 0.012675,	Top-1 err = 82.950000,	Top-5 err = 60.450000,	train_time = 2.983974
TRAIN Iter 28: loss = 0.013064,	Top-1 err = 82.850000,	Top-5 err = 61.100000,	train_time = 3.053748
TRAIN Iter 29: loss = 0.011693,	Top-1 err = 83.850000,	Top-5 err = 65.850000,	train_time = 2.975458
TRAIN Iter 30: loss = 0.012067,	Top-1 err = 78.100000,	Top-5 err = 54.150000,	train_time = 3.022352
TRAIN Iter 31: loss = 0.011761,	Top-1 err = 79.950000,	Top-5 err = 54.800000,	train_time = 2.961706
TRAIN Iter 32: loss = 0.011320,	Top-1 err = 78.850000,	Top-5 err = 55.000000,	train_time = 3.050983
TRAIN Iter 33: loss = 0.012028,	Top-1 err = 76.150000,	Top-5 err = 53.450000,	train_time = 3.103694
TRAIN Iter 34: loss = 0.011776,	Top-1 err = 72.650000,	Top-5 err = 45.750000,	train_time = 3.096024
TRAIN Iter 35: loss = 0.011429,	Top-1 err = 74.150000,	Top-5 err = 49.800000,	train_time = 3.004403
TRAIN Iter 36: loss = 0.011876,	Top-1 err = 74.800000,	Top-5 err = 49.950000,	train_time = 2.987264
TRAIN Iter 37: loss = 0.011306,	Top-1 err = 74.100000,	Top-5 err = 48.250000,	train_time = 3.033956
TRAIN Iter 38: loss = 0.011368,	Top-1 err = 76.200000,	Top-5 err = 51.800000,	train_time = 2.956885
TRAIN Iter 39: loss = 0.012000,	Top-1 err = 68.100000,	Top-5 err = 43.650000,	train_time = 3.040877
TRAIN Iter 40: loss = 0.011424,	Top-1 err = 71.700000,	Top-5 err = 47.150000,	train_time = 2.982363
TRAIN Iter 41: loss = 0.011959,	Top-1 err = 66.900000,	Top-5 err = 39.850000,	train_time = 3.075736
TRAIN Iter 42: loss = 0.011766,	Top-1 err = 66.000000,	Top-5 err = 38.950000,	train_time = 3.020820
TRAIN Iter 43: loss = 0.010426,	Top-1 err = 72.700000,	Top-5 err = 49.200000,	train_time = 3.466653
TRAIN Iter 44: loss = 0.010447,	Top-1 err = 64.150000,	Top-5 err = 38.500000,	train_time = 3.183955
TRAIN Iter 45: loss = 0.010495,	Top-1 err = 68.000000,	Top-5 err = 42.450000,	train_time = 2.969500
TRAIN Iter 46: loss = 0.011091,	Top-1 err = 65.100000,	Top-5 err = 41.300000,	train_time = 3.124390
TRAIN Iter 47: loss = 0.010436,	Top-1 err = 62.850000,	Top-5 err = 38.000000,	train_time = 3.121871
TRAIN Iter 48: loss = 0.009962,	Top-1 err = 75.050000,	Top-5 err = 57.000000,	train_time = 2.989072
TRAIN Iter 49: loss = 0.010354,	Top-1 err = 67.350000,	Top-5 err = 46.400000,	train_time = 2.970142
TRAIN Iter 50: loss = 0.010888,	Top-1 err = 56.150000,	Top-5 err = 29.850000,	train_time = 3.202681
TRAIN Iter 51: loss = 0.009819,	Top-1 err = 66.300000,	Top-5 err = 40.950000,	train_time = 3.105752
TRAIN Iter 52: loss = 0.009554,	Top-1 err = 62.850000,	Top-5 err = 38.800000,	train_time = 2.966796
TRAIN Iter 53: loss = 0.009644,	Top-1 err = 60.150000,	Top-5 err = 37.050000,	train_time = 2.993047
TRAIN Iter 54: loss = 0.008886,	Top-1 err = 62.750000,	Top-5 err = 37.900000,	train_time = 3.111284
TRAIN Iter 55: loss = 0.009442,	Top-1 err = 58.500000,	Top-5 err = 34.150000,	train_time = 3.071933
TRAIN Iter 56: loss = 0.009541,	Top-1 err = 62.100000,	Top-5 err = 39.500000,	train_time = 3.068691
TRAIN Iter 57: loss = 0.009623,	Top-1 err = 55.400000,	Top-5 err = 32.500000,	train_time = 2.975527
TRAIN Iter 58: loss = 0.010096,	Top-1 err = 47.200000,	Top-5 err = 23.200000,	train_time = 2.985971
TRAIN Iter 59: loss = 0.009012,	Top-1 err = 53.250000,	Top-5 err = 31.950000,	train_time = 3.126080
TRAIN Iter 60: loss = 0.008924,	Top-1 err = 59.750000,	Top-5 err = 38.800000,	train_time = 3.003718
TRAIN Iter 61: loss = 0.009066,	Top-1 err = 56.800000,	Top-5 err = 33.500000,	train_time = 3.130763
TRAIN Iter 62: loss = 0.009106,	Top-1 err = 50.350000,	Top-5 err = 27.900000,	train_time = 3.076375
TRAIN Iter 63: loss = 0.008450,	Top-1 err = 59.950000,	Top-5 err = 37.250000,	train_time = 2.973125
TRAIN Iter 64: loss = 0.008774,	Top-1 err = 57.350000,	Top-5 err = 36.050000,	train_time = 3.145092
TRAIN Iter 65: loss = 0.008795,	Top-1 err = 43.650000,	Top-5 err = 22.000000,	train_time = 3.110795
TRAIN Iter 66: loss = 0.008510,	Top-1 err = 63.450000,	Top-5 err = 44.050000,	train_time = 2.991570
TRAIN Iter 67: loss = 0.008369,	Top-1 err = 46.150000,	Top-5 err = 22.700000,	train_time = 3.163521
TRAIN Iter 68: loss = 0.008382,	Top-1 err = 49.350000,	Top-5 err = 28.450000,	train_time = 3.204163
TRAIN Iter 69: loss = 0.008002,	Top-1 err = 60.300000,	Top-5 err = 37.800000,	train_time = 3.073824
TRAIN Iter 70: loss = 0.008124,	Top-1 err = 52.650000,	Top-5 err = 31.900000,	train_time = 2.980215
TRAIN Iter 71: loss = 0.007586,	Top-1 err = 59.250000,	Top-5 err = 38.000000,	train_time = 2.952739
TRAIN Iter 72: loss = 0.007978,	Top-1 err = 63.700000,	Top-5 err = 44.100000,	train_time = 3.036186
TRAIN Iter 73: loss = 0.007690,	Top-1 err = 56.300000,	Top-5 err = 33.850000,	train_time = 3.116713
TRAIN Iter 74: loss = 0.008014,	Top-1 err = 53.150000,	Top-5 err = 35.400000,	train_time = 3.223093
TRAIN Iter 75: loss = 0.008233,	Top-1 err = 44.750000,	Top-5 err = 26.700000,	train_time = 2.993986
TRAIN Iter 76: loss = 0.007803,	Top-1 err = 42.650000,	Top-5 err = 20.950000,	train_time = 3.062871
TRAIN Iter 77: loss = 0.007757,	Top-1 err = 38.250000,	Top-5 err = 19.050000,	train_time = 3.023410
TRAIN Iter 78: loss = 0.007616,	Top-1 err = 48.150000,	Top-5 err = 27.100000,	train_time = 3.002705
TRAIN Iter 79: loss = 0.007861,	Top-1 err = 36.300000,	Top-5 err = 18.900000,	train_time = 2.991943
TRAIN Iter 80: loss = 0.007653,	Top-1 err = 52.100000,	Top-5 err = 29.700000,	train_time = 2.905132
TRAIN Iter 81: loss = 0.007241,	Top-1 err = 41.400000,	Top-5 err = 22.050000,	train_time = 2.962498
TRAIN Iter 82: loss = 0.007178,	Top-1 err = 46.550000,	Top-5 err = 24.700000,	train_time = 3.030991
TRAIN Iter 83: loss = 0.007558,	Top-1 err = 35.850000,	Top-5 err = 19.300000,	train_time = 3.161609
TRAIN Iter 84: loss = 0.007276,	Top-1 err = 42.050000,	Top-5 err = 22.450000,	train_time = 3.331797
TRAIN Iter 85: loss = 0.007084,	Top-1 err = 47.550000,	Top-5 err = 29.700000,	train_time = 3.053798
TRAIN Iter 86: loss = 0.007541,	Top-1 err = 40.850000,	Top-5 err = 23.650000,	train_time = 3.066328
TRAIN Iter 87: loss = 0.007174,	Top-1 err = 48.500000,	Top-5 err = 31.000000,	train_time = 2.981574
TRAIN Iter 88: loss = 0.006955,	Top-1 err = 43.000000,	Top-5 err = 24.900000,	train_time = 3.040990
TRAIN Iter 89: loss = 0.007372,	Top-1 err = 46.300000,	Top-5 err = 28.050000,	train_time = 2.995140
TRAIN Iter 90: loss = 0.006731,	Top-1 err = 59.200000,	Top-5 err = 42.500000,	train_time = 3.153229
TRAIN Iter 91: loss = 0.007065,	Top-1 err = 38.950000,	Top-5 err = 22.200000,	train_time = 3.194347
TRAIN Iter 92: loss = 0.006814,	Top-1 err = 46.450000,	Top-5 err = 31.150000,	train_time = 3.062636
TRAIN Iter 93: loss = 0.006942,	Top-1 err = 33.950000,	Top-5 err = 18.650000,	train_time = 2.964534
TRAIN Iter 94: loss = 0.006703,	Top-1 err = 53.700000,	Top-5 err = 37.300000,	train_time = 3.016722
TRAIN Iter 95: loss = 0.006606,	Top-1 err = 40.800000,	Top-5 err = 19.500000,	train_time = 3.026229
TRAIN Iter 96: loss = 0.007082,	Top-1 err = 34.700000,	Top-5 err = 18.600000,	train_time = 2.976025
TRAIN Iter 97: loss = 0.006834,	Top-1 err = 39.700000,	Top-5 err = 21.450000,	train_time = 3.090263
TRAIN Iter 98: loss = 0.006677,	Top-1 err = 46.150000,	Top-5 err = 27.250000,	train_time = 3.026058
TRAIN Iter 99: loss = 0.006499,	Top-1 err = 30.600000,	Top-5 err = 14.200000,	train_time = 2.997922
TRAIN Iter 100: loss = 0.006529,	Top-1 err = 41.450000,	Top-5 err = 25.600000,	train_time = 2.959397
TRAIN Iter 101: loss = 0.006406,	Top-1 err = 29.350000,	Top-5 err = 13.150000,	train_time = 3.003740
TRAIN Iter 102: loss = 0.006223,	Top-1 err = 38.150000,	Top-5 err = 20.800000,	train_time = 3.315334
TRAIN Iter 103: loss = 0.006473,	Top-1 err = 40.900000,	Top-5 err = 21.750000,	train_time = 3.319477
TRAIN Iter 104: loss = 0.006305,	Top-1 err = 37.750000,	Top-5 err = 22.950000,	train_time = 3.054860
TRAIN Iter 105: loss = 0.006173,	Top-1 err = 45.050000,	Top-5 err = 22.900000,	train_time = 2.981061
TRAIN Iter 106: loss = 0.006284,	Top-1 err = 44.450000,	Top-5 err = 31.350000,	train_time = 2.982647
TRAIN Iter 107: loss = 0.005985,	Top-1 err = 26.950000,	Top-5 err = 12.250000,	train_time = 3.266853
TRAIN Iter 108: loss = 0.006217,	Top-1 err = 41.400000,	Top-5 err = 24.150000,	train_time = 3.301362
TRAIN Iter 109: loss = 0.006208,	Top-1 err = 44.900000,	Top-5 err = 29.700000,	train_time = 3.033473
TRAIN Iter 110: loss = 0.006245,	Top-1 err = 28.350000,	Top-5 err = 16.700000,	train_time = 3.019746
TRAIN Iter 111: loss = 0.006088,	Top-1 err = 33.500000,	Top-5 err = 19.500000,	train_time = 3.060575
TRAIN Iter 112: loss = 0.006032,	Top-1 err = 30.550000,	Top-5 err = 16.550000,	train_time = 3.029811
TRAIN Iter 113: loss = 0.006091,	Top-1 err = 34.400000,	Top-5 err = 20.150000,	train_time = 2.994108
TRAIN Iter 114: loss = 0.006006,	Top-1 err = 41.450000,	Top-5 err = 20.500000,	train_time = 3.048557
TRAIN Iter 115: loss = 0.005941,	Top-1 err = 51.700000,	Top-5 err = 32.950000,	train_time = 2.992921
TRAIN Iter 116: loss = 0.005890,	Top-1 err = 27.100000,	Top-5 err = 12.950000,	train_time = 3.014846
TRAIN Iter 117: loss = 0.005923,	Top-1 err = 44.300000,	Top-5 err = 30.550000,	train_time = 2.977164
TRAIN Iter 118: loss = 0.005828,	Top-1 err = 34.900000,	Top-5 err = 18.000000,	train_time = 2.987477
TRAIN Iter 119: loss = 0.005820,	Top-1 err = 34.200000,	Top-5 err = 20.400000,	train_time = 3.026962
TRAIN Iter 120: loss = 0.005617,	Top-1 err = 43.500000,	Top-5 err = 28.050000,	train_time = 3.051531
TRAIN Iter 121: loss = 0.005619,	Top-1 err = 39.500000,	Top-5 err = 20.950000,	train_time = 3.051502
TRAIN Iter 122: loss = 0.005558,	Top-1 err = 33.300000,	Top-5 err = 19.100000,	train_time = 3.137727
TRAIN Iter 123: loss = 0.005776,	Top-1 err = 28.050000,	Top-5 err = 17.250000,	train_time = 3.189622
TRAIN Iter 124: loss = 0.005555,	Top-1 err = 33.000000,	Top-5 err = 21.650000,	train_time = 3.083295
TRAIN Iter 125: loss = 0.005588,	Top-1 err = 26.200000,	Top-5 err = 10.800000,	train_time = 2.982315
TRAIN Iter 126: loss = 0.005475,	Top-1 err = 42.550000,	Top-5 err = 24.400000,	train_time = 3.136270
TRAIN Iter 127: loss = 0.005570,	Top-1 err = 34.300000,	Top-5 err = 24.400000,	train_time = 3.156311
TRAIN Iter 128: loss = 0.005429,	Top-1 err = 40.350000,	Top-5 err = 24.150000,	train_time = 3.020557
TRAIN Iter 129: loss = 0.005534,	Top-1 err = 25.350000,	Top-5 err = 12.050000,	train_time = 3.028339
TRAIN Iter 130: loss = 0.005343,	Top-1 err = 30.800000,	Top-5 err = 18.000000,	train_time = 3.019303
TRAIN Iter 131: loss = 0.005388,	Top-1 err = 36.250000,	Top-5 err = 18.800000,	train_time = 2.977615
TRAIN Iter 132: loss = 0.005350,	Top-1 err = 36.300000,	Top-5 err = 23.100000,	train_time = 3.110641
TRAIN Iter 133: loss = 0.005384,	Top-1 err = 32.300000,	Top-5 err = 19.350000,	train_time = 3.230090
TRAIN Iter 134: loss = 0.005258,	Top-1 err = 48.900000,	Top-5 err = 35.100000,	train_time = 3.000080
TRAIN Iter 135: loss = 0.005301,	Top-1 err = 47.050000,	Top-5 err = 28.950000,	train_time = 2.990687
TRAIN Iter 136: loss = 0.005193,	Top-1 err = 25.550000,	Top-5 err = 11.600000,	train_time = 3.006117
TRAIN Iter 137: loss = 0.005251,	Top-1 err = 33.700000,	Top-5 err = 21.900000,	train_time = 3.026555
TRAIN Iter 138: loss = 0.005404,	Top-1 err = 35.750000,	Top-5 err = 21.550000,	train_time = 3.176342
TRAIN Iter 139: loss = 0.005383,	Top-1 err = 41.500000,	Top-5 err = 23.350000,	train_time = 3.147182
TRAIN Iter 140: loss = 0.005120,	Top-1 err = 47.100000,	Top-5 err = 33.250000,	train_time = 3.132334
TRAIN Iter 141: loss = 0.005270,	Top-1 err = 35.350000,	Top-5 err = 22.650000,	train_time = 3.002557
TRAIN Iter 142: loss = 0.005229,	Top-1 err = 25.200000,	Top-5 err = 14.250000,	train_time = 3.070847
TRAIN Iter 143: loss = 0.005181,	Top-1 err = 40.200000,	Top-5 err = 22.400000,	train_time = 3.019769
TRAIN Iter 144: loss = 0.005212,	Top-1 err = 26.650000,	Top-5 err = 14.350000,	train_time = 2.980207
TRAIN Iter 145: loss = 0.005115,	Top-1 err = 40.600000,	Top-5 err = 25.350000,	train_time = 2.952267
TRAIN Iter 146: loss = 0.005174,	Top-1 err = 37.050000,	Top-5 err = 21.850000,	train_time = 3.050654
TRAIN Iter 147: loss = 0.005126,	Top-1 err = 35.950000,	Top-5 err = 19.350000,	train_time = 3.026628
TRAIN Iter 148: loss = 0.005065,	Top-1 err = 29.500000,	Top-5 err = 17.500000,	train_time = 3.088047
TRAIN Iter 149: loss = 0.005155,	Top-1 err = 36.800000,	Top-5 err = 19.050000,	train_time = 3.202801
TRAIN Iter 150: loss = 0.005041,	Top-1 err = 44.300000,	Top-5 err = 32.100000,	train_time = 3.080439
TRAIN Iter 151: loss = 0.005058,	Top-1 err = 37.100000,	Top-5 err = 21.500000,	train_time = 2.978089
TRAIN Iter 152: loss = 0.004974,	Top-1 err = 47.450000,	Top-5 err = 31.250000,	train_time = 3.048874
TRAIN Iter 153: loss = 0.004963,	Top-1 err = 29.200000,	Top-5 err = 13.500000,	train_time = 3.046743
TRAIN Iter 154: loss = 0.004891,	Top-1 err = 37.000000,	Top-5 err = 20.400000,	train_time = 3.028666
TRAIN Iter 155: loss = 0.004953,	Top-1 err = 26.250000,	Top-5 err = 14.050000,	train_time = 3.042469
TRAIN Iter 156: loss = 0.004843,	Top-1 err = 23.650000,	Top-5 err = 11.500000,	train_time = 3.009096
TRAIN Iter 157: loss = 0.004912,	Top-1 err = 31.000000,	Top-5 err = 15.950000,	train_time = 3.057535
TRAIN Iter 158: loss = 0.004950,	Top-1 err = 26.800000,	Top-5 err = 14.350000,	train_time = 2.983530
TRAIN Iter 159: loss = 0.004925,	Top-1 err = 35.500000,	Top-5 err = 16.600000,	train_time = 2.996849
TRAIN Iter 160: loss = 0.004730,	Top-1 err = 27.900000,	Top-5 err = 13.700000,	train_time = 3.103656
TRAIN Iter 161: loss = 0.004687,	Top-1 err = 29.750000,	Top-5 err = 18.400000,	train_time = 3.451124
TRAIN Iter 162: loss = 0.004812,	Top-1 err = 35.900000,	Top-5 err = 23.350000,	train_time = 3.302461
TRAIN Iter 163: loss = 0.004766,	Top-1 err = 36.950000,	Top-5 err = 25.200000,	train_time = 3.152139
TRAIN Iter 164: loss = 0.004792,	Top-1 err = 32.600000,	Top-5 err = 18.500000,	train_time = 2.966610
TRAIN Iter 165: loss = 0.004785,	Top-1 err = 42.100000,	Top-5 err = 27.800000,	train_time = 3.003035
TRAIN Iter 166: loss = 0.004848,	Top-1 err = 22.500000,	Top-5 err = 11.850000,	train_time = 3.072233
TRAIN Iter 167: loss = 0.004759,	Top-1 err = 34.600000,	Top-5 err = 19.400000,	train_time = 2.993042
TRAIN Iter 168: loss = 0.004770,	Top-1 err = 44.400000,	Top-5 err = 25.700000,	train_time = 3.243872
TRAIN Iter 169: loss = 0.004696,	Top-1 err = 34.050000,	Top-5 err = 19.700000,	train_time = 3.188374
TRAIN Iter 170: loss = 0.004807,	Top-1 err = 30.550000,	Top-5 err = 14.650000,	train_time = 2.943832
TRAIN Iter 171: loss = 0.004735,	Top-1 err = 24.250000,	Top-5 err = 15.050000,	train_time = 2.992774
TRAIN Iter 172: loss = 0.004663,	Top-1 err = 30.100000,	Top-5 err = 20.100000,	train_time = 3.086665
TRAIN Iter 173: loss = 0.004587,	Top-1 err = 28.600000,	Top-5 err = 15.900000,	train_time = 2.994154
TRAIN Iter 174: loss = 0.004643,	Top-1 err = 25.550000,	Top-5 err = 12.750000,	train_time = 3.053928
TRAIN Iter 175: loss = 0.004640,	Top-1 err = 29.850000,	Top-5 err = 15.200000,	train_time = 2.994944
TRAIN Iter 176: loss = 0.004752,	Top-1 err = 42.250000,	Top-5 err = 27.650000,	train_time = 3.008620
TRAIN Iter 177: loss = 0.004595,	Top-1 err = 35.400000,	Top-5 err = 22.700000,	train_time = 2.995583
TRAIN Iter 178: loss = 0.004617,	Top-1 err = 46.000000,	Top-5 err = 31.150000,	train_time = 3.112747
TRAIN Iter 179: loss = 0.004561,	Top-1 err = 39.300000,	Top-5 err = 26.800000,	train_time = 3.105948
TRAIN Iter 180: loss = 0.004515,	Top-1 err = 28.000000,	Top-5 err = 17.350000,	train_time = 2.977842
TRAIN Iter 181: loss = 0.004534,	Top-1 err = 32.500000,	Top-5 err = 18.350000,	train_time = 3.119968
TRAIN Iter 182: loss = 0.004738,	Top-1 err = 47.050000,	Top-5 err = 31.250000,	train_time = 3.049914
TRAIN Iter 183: loss = 0.004604,	Top-1 err = 40.700000,	Top-5 err = 23.200000,	train_time = 3.021837
TRAIN Iter 184: loss = 0.004504,	Top-1 err = 26.950000,	Top-5 err = 12.800000,	train_time = 3.086848
TRAIN Iter 185: loss = 0.004554,	Top-1 err = 26.350000,	Top-5 err = 13.500000,	train_time = 3.090487
TRAIN Iter 186: loss = 0.004414,	Top-1 err = 33.350000,	Top-5 err = 19.900000,	train_time = 3.084888
TRAIN Iter 187: loss = 0.004438,	Top-1 err = 21.500000,	Top-5 err = 10.750000,	train_time = 3.072329
TRAIN Iter 188: loss = 0.004497,	Top-1 err = 28.900000,	Top-5 err = 13.300000,	train_time = 3.100586
TRAIN Iter 189: loss = 0.004603,	Top-1 err = 38.800000,	Top-5 err = 23.000000,	train_time = 2.993578
TRAIN Iter 190: loss = 0.004514,	Top-1 err = 51.700000,	Top-5 err = 31.950000,	train_time = 2.981611
TRAIN Iter 191: loss = 0.004361,	Top-1 err = 23.250000,	Top-5 err = 14.400000,	train_time = 3.168177
TRAIN Iter 192: loss = 0.004478,	Top-1 err = 35.850000,	Top-5 err = 21.100000,	train_time = 3.137219
TRAIN Iter 193: loss = 0.004288,	Top-1 err = 39.450000,	Top-5 err = 24.350000,	train_time = 3.000153
TRAIN Iter 194: loss = 0.004326,	Top-1 err = 30.750000,	Top-5 err = 15.550000,	train_time = 3.016111
TRAIN Iter 195: loss = 0.004418,	Top-1 err = 35.250000,	Top-5 err = 17.750000,	train_time = 3.115983
TRAIN Iter 196: loss = 0.004464,	Top-1 err = 34.550000,	Top-5 err = 19.950000,	train_time = 3.111357
TRAIN Iter 197: loss = 0.004413,	Top-1 err = 44.250000,	Top-5 err = 30.850000,	train_time = 2.995856
TRAIN Iter 198: loss = 0.004265,	Top-1 err = 37.150000,	Top-5 err = 25.600000,	train_time = 3.028190
TRAIN Iter 199: loss = 0.004394,	Top-1 err = 35.450000,	Top-5 err = 23.150000,	train_time = 2.974252
TRAIN Iter 200: loss = 0.004330,	Top-1 err = 45.450000,	Top-5 err = 29.450000,	train_time = 3.022455
TRAIN Iter 201: loss = 0.004363,	Top-1 err = 23.500000,	Top-5 err = 10.300000,	train_time = 2.999232
TRAIN Iter 202: loss = 0.004164,	Top-1 err = 28.850000,	Top-5 err = 19.100000,	train_time = 3.037333
TRAIN Iter 203: loss = 0.004348,	Top-1 err = 49.950000,	Top-5 err = 34.250000,	train_time = 3.010478
TRAIN Iter 204: loss = 0.004306,	Top-1 err = 39.600000,	Top-5 err = 25.900000,	train_time = 2.985073
TRAIN Iter 205: loss = 0.004306,	Top-1 err = 34.800000,	Top-5 err = 18.650000,	train_time = 3.000133
TRAIN Iter 206: loss = 0.004194,	Top-1 err = 21.250000,	Top-5 err = 9.800000,	train_time = 3.141609
TRAIN Iter 207: loss = 0.004251,	Top-1 err = 42.000000,	Top-5 err = 22.600000,	train_time = 2.976682
TRAIN Iter 208: loss = 0.004119,	Top-1 err = 42.700000,	Top-5 err = 27.150000,	train_time = 3.046244
TRAIN Iter 209: loss = 0.004304,	Top-1 err = 27.500000,	Top-5 err = 16.050000,	train_time = 3.397357
TRAIN Iter 210: loss = 0.004162,	Top-1 err = 27.200000,	Top-5 err = 13.750000,	train_time = 3.227253
TRAIN Iter 211: loss = 0.004146,	Top-1 err = 12.500000,	Top-5 err = 4.300000,	train_time = 2.973633
TRAIN Iter 212: loss = 0.004271,	Top-1 err = 40.150000,	Top-5 err = 23.550000,	train_time = 3.028854
TRAIN Iter 213: loss = 0.004331,	Top-1 err = 42.550000,	Top-5 err = 27.850000,	train_time = 3.114341
TRAIN Iter 214: loss = 0.004089,	Top-1 err = 29.800000,	Top-5 err = 16.700000,	train_time = 3.123494
TRAIN Iter 215: loss = 0.004082,	Top-1 err = 20.750000,	Top-5 err = 10.950000,	train_time = 3.007933
TRAIN Iter 216: loss = 0.004168,	Top-1 err = 22.850000,	Top-5 err = 11.500000,	train_time = 3.130292
TRAIN Iter 217: loss = 0.004252,	Top-1 err = 34.400000,	Top-5 err = 20.300000,	train_time = 3.113758
TRAIN Iter 218: loss = 0.004175,	Top-1 err = 25.900000,	Top-5 err = 13.500000,	train_time = 2.955001
TRAIN Iter 219: loss = 0.004239,	Top-1 err = 38.650000,	Top-5 err = 21.500000,	train_time = 3.022702
TRAIN Iter 220: loss = 0.004054,	Top-1 err = 28.000000,	Top-5 err = 14.750000,	train_time = 3.046229
TRAIN Iter 221: loss = 0.004151,	Top-1 err = 28.350000,	Top-5 err = 16.700000,	train_time = 2.993635
TRAIN Iter 222: loss = 0.004010,	Top-1 err = 21.350000,	Top-5 err = 12.150000,	train_time = 3.118963
TRAIN Iter 223: loss = 0.004082,	Top-1 err = 31.300000,	Top-5 err = 15.750000,	train_time = 3.082948
TRAIN Iter 224: loss = 0.004073,	Top-1 err = 33.300000,	Top-5 err = 23.100000,	train_time = 3.170543
TRAIN Iter 225: loss = 0.004162,	Top-1 err = 31.650000,	Top-5 err = 21.550000,	train_time = 3.152425
TRAIN Iter 226: loss = 0.004080,	Top-1 err = 32.300000,	Top-5 err = 21.950000,	train_time = 3.046716
TRAIN Iter 227: loss = 0.003902,	Top-1 err = 15.700000,	Top-5 err = 9.250000,	train_time = 3.046796
TRAIN Iter 228: loss = 0.004166,	Top-1 err = 27.750000,	Top-5 err = 14.750000,	train_time = 3.168447
TRAIN Iter 229: loss = 0.003963,	Top-1 err = 26.700000,	Top-5 err = 12.800000,	train_time = 2.972454
TRAIN Iter 230: loss = 0.004037,	Top-1 err = 34.300000,	Top-5 err = 21.500000,	train_time = 3.055149
TRAIN Iter 231: loss = 0.004082,	Top-1 err = 30.900000,	Top-5 err = 19.150000,	train_time = 3.221736
TRAIN Iter 232: loss = 0.003982,	Top-1 err = 25.350000,	Top-5 err = 13.750000,	train_time = 2.979425
TRAIN Iter 233: loss = 0.003918,	Top-1 err = 44.550000,	Top-5 err = 28.150000,	train_time = 3.088928
TRAIN Iter 234: loss = 0.003995,	Top-1 err = 39.500000,	Top-5 err = 20.650000,	train_time = 3.049564
TRAIN Iter 235: loss = 0.004084,	Top-1 err = 42.850000,	Top-5 err = 24.550000,	train_time = 2.967336
TRAIN Iter 236: loss = 0.003998,	Top-1 err = 26.150000,	Top-5 err = 13.400000,	train_time = 3.012387
TRAIN Iter 237: loss = 0.004007,	Top-1 err = 25.950000,	Top-5 err = 12.700000,	train_time = 3.078826
TRAIN Iter 238: loss = 0.004116,	Top-1 err = 42.400000,	Top-5 err = 25.750000,	train_time = 3.126642
TRAIN Iter 239: loss = 0.003987,	Top-1 err = 42.450000,	Top-5 err = 26.150000,	train_time = 3.025051
TRAIN Iter 240: loss = 0.003801,	Top-1 err = 25.700000,	Top-5 err = 13.300000,	train_time = 3.021967
TRAIN Iter 241: loss = 0.003912,	Top-1 err = 32.250000,	Top-5 err = 17.300000,	train_time = 3.012938
TRAIN Iter 242: loss = 0.003895,	Top-1 err = 39.400000,	Top-5 err = 25.800000,	train_time = 3.175647
TRAIN Iter 243: loss = 0.003783,	Top-1 err = 17.500000,	Top-5 err = 9.800000,	train_time = 3.008737
TRAIN Iter 244: loss = 0.004058,	Top-1 err = 28.600000,	Top-5 err = 14.200000,	train_time = 2.998705
TRAIN Iter 245: loss = 0.003933,	Top-1 err = 39.950000,	Top-5 err = 24.950000,	train_time = 3.161386
TRAIN Iter 246: loss = 0.003985,	Top-1 err = 33.150000,	Top-5 err = 19.050000,	train_time = 2.981326
TRAIN Iter 247: loss = 0.003972,	Top-1 err = 33.700000,	Top-5 err = 18.750000,	train_time = 3.019880
TRAIN Iter 248: loss = 0.003932,	Top-1 err = 33.850000,	Top-5 err = 21.150000,	train_time = 2.987945
TRAIN Iter 249: loss = 0.003839,	Top-1 err = 27.850000,	Top-5 err = 15.700000,	train_time = 2.996712
TEST:
Iter 249: loss = 2.710287,	Top-1 err = 58.630000,	Top-5 err = 31.270000,	val_time = 2.987399
TRAIN Iter 250: loss = 0.003762,	Top-1 err = 22.700000,	Top-5 err = 11.900000,	train_time = 3.008553
TRAIN Iter 251: loss = 0.003770,	Top-1 err = 16.900000,	Top-5 err = 8.600000,	train_time = 3.061988
TRAIN Iter 252: loss = 0.004034,	Top-1 err = 30.100000,	Top-5 err = 15.550000,	train_time = 3.064333
TRAIN Iter 253: loss = 0.003850,	Top-1 err = 30.050000,	Top-5 err = 16.100000,	train_time = 2.969920
TRAIN Iter 254: loss = 0.003804,	Top-1 err = 21.850000,	Top-5 err = 10.700000,	train_time = 3.151905
TRAIN Iter 255: loss = 0.003806,	Top-1 err = 30.600000,	Top-5 err = 18.700000,	train_time = 3.253601
TRAIN Iter 256: loss = 0.003795,	Top-1 err = 38.200000,	Top-5 err = 21.550000,	train_time = 3.107838
TRAIN Iter 257: loss = 0.003757,	Top-1 err = 25.750000,	Top-5 err = 15.500000,	train_time = 2.992509
TRAIN Iter 258: loss = 0.003967,	Top-1 err = 36.000000,	Top-5 err = 21.300000,	train_time = 3.150198
TRAIN Iter 259: loss = 0.003845,	Top-1 err = 27.850000,	Top-5 err = 15.250000,	train_time = 3.166653
TEST:
Iter 259: loss = 2.662339,	Top-1 err = 57.960000,	Top-5 err = 31.230000,	val_time = 2.897213
TRAIN Iter 260: loss = 0.004003,	Top-1 err = 37.900000,	Top-5 err = 21.750000,	train_time = 3.058123
TRAIN Iter 261: loss = 0.003879,	Top-1 err = 35.300000,	Top-5 err = 22.200000,	train_time = 2.951317
TRAIN Iter 262: loss = 0.003820,	Top-1 err = 27.700000,	Top-5 err = 15.800000,	train_time = 3.027098
TRAIN Iter 263: loss = 0.003938,	Top-1 err = 37.950000,	Top-5 err = 21.450000,	train_time = 3.115250
TRAIN Iter 264: loss = 0.003700,	Top-1 err = 21.600000,	Top-5 err = 11.550000,	train_time = 3.000396
TRAIN Iter 265: loss = 0.003904,	Top-1 err = 47.350000,	Top-5 err = 30.150000,	train_time = 3.039433
TRAIN Iter 266: loss = 0.003882,	Top-1 err = 27.650000,	Top-5 err = 14.900000,	train_time = 2.983872
TRAIN Iter 267: loss = 0.003741,	Top-1 err = 30.500000,	Top-5 err = 14.100000,	train_time = 3.057347
TRAIN Iter 268: loss = 0.003708,	Top-1 err = 28.950000,	Top-5 err = 18.900000,	train_time = 3.012920
TRAIN Iter 269: loss = 0.003724,	Top-1 err = 33.900000,	Top-5 err = 21.800000,	train_time = 2.992735
TEST:
Iter 269: loss = 2.616530,	Top-1 err = 57.230000,	Top-5 err = 30.430000,	val_time = 2.863418
TRAIN Iter 270: loss = 0.003898,	Top-1 err = 36.750000,	Top-5 err = 21.450000,	train_time = 3.120449
TRAIN Iter 271: loss = 0.003803,	Top-1 err = 38.050000,	Top-5 err = 22.200000,	train_time = 3.030343
TRAIN Iter 272: loss = 0.003670,	Top-1 err = 19.400000,	Top-5 err = 10.550000,	train_time = 3.022064
TRAIN Iter 273: loss = 0.003791,	Top-1 err = 38.050000,	Top-5 err = 26.900000,	train_time = 2.994679
TRAIN Iter 274: loss = 0.003715,	Top-1 err = 32.650000,	Top-5 err = 21.050000,	train_time = 3.029711
TRAIN Iter 275: loss = 0.003645,	Top-1 err = 20.750000,	Top-5 err = 9.500000,	train_time = 3.019454
TRAIN Iter 276: loss = 0.003721,	Top-1 err = 36.650000,	Top-5 err = 23.050000,	train_time = 3.005713
TRAIN Iter 277: loss = 0.003833,	Top-1 err = 28.300000,	Top-5 err = 14.950000,	train_time = 2.968885
TRAIN Iter 278: loss = 0.003756,	Top-1 err = 44.450000,	Top-5 err = 25.200000,	train_time = 3.367187
TRAIN Iter 279: loss = 0.003624,	Top-1 err = 32.100000,	Top-5 err = 17.700000,	train_time = 3.304500
TEST:
Iter 279: loss = 2.589304,	Top-1 err = 57.070000,	Top-5 err = 29.930000,	val_time = 3.016459
TRAIN Iter 280: loss = 0.003716,	Top-1 err = 33.950000,	Top-5 err = 22.350000,	train_time = 3.292177
TRAIN Iter 281: loss = 0.003720,	Top-1 err = 39.500000,	Top-5 err = 25.900000,	train_time = 3.180538
TRAIN Iter 282: loss = 0.003749,	Top-1 err = 34.800000,	Top-5 err = 21.150000,	train_time = 2.955978
TRAIN Iter 283: loss = 0.003606,	Top-1 err = 26.200000,	Top-5 err = 14.200000,	train_time = 3.243520
TRAIN Iter 284: loss = 0.003581,	Top-1 err = 15.850000,	Top-5 err = 7.000000,	train_time = 3.034875
TRAIN Iter 285: loss = 0.003739,	Top-1 err = 33.150000,	Top-5 err = 18.500000,	train_time = 2.926076
TRAIN Iter 286: loss = 0.003518,	Top-1 err = 25.650000,	Top-5 err = 14.650000,	train_time = 3.022106
TRAIN Iter 287: loss = 0.003594,	Top-1 err = 33.000000,	Top-5 err = 23.650000,	train_time = 3.072846
TRAIN Iter 288: loss = 0.003591,	Top-1 err = 22.500000,	Top-5 err = 7.250000,	train_time = 2.969155
TRAIN Iter 289: loss = 0.003598,	Top-1 err = 34.450000,	Top-5 err = 21.950000,	train_time = 3.044572
TEST:
Iter 289: loss = 2.600651,	Top-1 err = 56.700000,	Top-5 err = 30.590000,	val_time = 2.839375
TRAIN Iter 290: loss = 0.003755,	Top-1 err = 36.650000,	Top-5 err = 20.400000,	train_time = 2.999410
TRAIN Iter 291: loss = 0.003711,	Top-1 err = 30.850000,	Top-5 err = 13.500000,	train_time = 3.025933
TRAIN Iter 292: loss = 0.003634,	Top-1 err = 41.300000,	Top-5 err = 27.750000,	train_time = 3.034575
TRAIN Iter 293: loss = 0.003499,	Top-1 err = 31.700000,	Top-5 err = 19.750000,	train_time = 2.996847
TRAIN Iter 294: loss = 0.003618,	Top-1 err = 33.600000,	Top-5 err = 20.000000,	train_time = 3.092797
TRAIN Iter 295: loss = 0.003682,	Top-1 err = 33.500000,	Top-5 err = 19.150000,	train_time = 3.073523
TRAIN Iter 296: loss = 0.003648,	Top-1 err = 38.750000,	Top-5 err = 23.000000,	train_time = 3.450450
TRAIN Iter 297: loss = 0.003509,	Top-1 err = 30.800000,	Top-5 err = 20.000000,	train_time = 3.117055
TRAIN Iter 298: loss = 0.003631,	Top-1 err = 34.600000,	Top-5 err = 22.950000,	train_time = 2.994331
TRAIN Iter 299: loss = 0.003498,	Top-1 err = 19.600000,	Top-5 err = 9.000000,	train_time = 3.171311
TEST:
Iter 299: loss = 2.568105,	Top-1 err = 56.020000,	Top-5 err = 30.260000,	val_time = 3.042072
Train Finish! Best accuracy is 43.98@299
