/home/dvspanos/miniconda3/envs/rded/lib/python3.10/site-packages/torchvision/models/_utils.py:208: UserWarning: The parameter 'pretrained' is deprecated since 0.13 and may be removed in the future, please use 'weights' instead.
  warnings.warn(
/home/dvspanos/miniconda3/envs/rded/lib/python3.10/site-packages/torchvision/models/_utils.py:223: UserWarning: Arguments other than a weight enum or `None` for 'weights' are deprecated since 0.13 and may be removed in the future. The current behavior is equivalent to passing `weights=None`.
  warnings.warn(msg)
=> using pytorch pre-trained teacher model 'resnet18_modified'
process data from /home/dvspanos/nikos/ca2d/artifacts/rded_sets/bench_tin_rn18_el2nw80_ipc100
load data successfully
TRAIN Iter 0: loss = 0.011021,	Top-1 err = 96.660000,	Top-5 err = 87.810000,	train_time = 28.430134
TRAIN Iter 1: loss = 0.009402,	Top-1 err = 93.575000,	Top-5 err = 79.105000,	train_time = 27.855903
TRAIN Iter 2: loss = 0.008738,	Top-1 err = 90.760000,	Top-5 err = 72.125000,	train_time = 30.206477
TRAIN Iter 3: loss = 0.008201,	Top-1 err = 87.190000,	Top-5 err = 65.160000,	train_time = 32.348271
TRAIN Iter 4: loss = 0.007520,	Top-1 err = 86.045000,	Top-5 err = 63.570000,	train_time = 31.480845
TRAIN Iter 5: loss = 0.007391,	Top-1 err = 83.230000,	Top-5 err = 58.475000,	train_time = 32.743011
TRAIN Iter 6: loss = 0.007012,	Top-1 err = 80.290000,	Top-5 err = 55.440000,	train_time = 32.903239
TRAIN Iter 7: loss = 0.006738,	Top-1 err = 77.830000,	Top-5 err = 52.095000,	train_time = 34.596024
TRAIN Iter 8: loss = 0.006491,	Top-1 err = 76.215000,	Top-5 err = 49.825000,	train_time = 32.786312
TRAIN Iter 9: loss = 0.006237,	Top-1 err = 74.765000,	Top-5 err = 49.085000,	train_time = 33.619849
TRAIN Iter 10: loss = 0.005979,	Top-1 err = 75.030000,	Top-5 err = 50.475000,	train_time = 32.873862
TRAIN Iter 11: loss = 0.005784,	Top-1 err = 70.110000,	Top-5 err = 43.145000,	train_time = 32.439349
TRAIN Iter 12: loss = 0.005529,	Top-1 err = 70.140000,	Top-5 err = 44.785000,	train_time = 33.615897
TRAIN Iter 13: loss = 0.005289,	Top-1 err = 68.845000,	Top-5 err = 43.370000,	train_time = 32.749986
TRAIN Iter 14: loss = 0.005267,	Top-1 err = 64.850000,	Top-5 err = 38.465000,	train_time = 32.786532
TRAIN Iter 15: loss = 0.005070,	Top-1 err = 65.940000,	Top-5 err = 41.000000,	train_time = 33.515831
TRAIN Iter 16: loss = 0.004931,	Top-1 err = 65.765000,	Top-5 err = 41.140000,	train_time = 32.212370
TRAIN Iter 17: loss = 0.004737,	Top-1 err = 67.070000,	Top-5 err = 42.905000,	train_time = 33.146625
TRAIN Iter 18: loss = 0.004665,	Top-1 err = 62.265000,	Top-5 err = 37.545000,	train_time = 32.557701
TRAIN Iter 19: loss = 0.004546,	Top-1 err = 64.135000,	Top-5 err = 40.445000,	train_time = 34.243442
TRAIN Iter 20: loss = 0.004421,	Top-1 err = 64.375000,	Top-5 err = 40.585000,	train_time = 34.278753
TRAIN Iter 21: loss = 0.004441,	Top-1 err = 60.090000,	Top-5 err = 36.235000,	train_time = 33.187720
TRAIN Iter 22: loss = 0.004272,	Top-1 err = 63.300000,	Top-5 err = 40.455000,	train_time = 32.981843
TRAIN Iter 23: loss = 0.004156,	Top-1 err = 63.325000,	Top-5 err = 40.555000,	train_time = 33.288094
TRAIN Iter 24: loss = 0.004147,	Top-1 err = 57.850000,	Top-5 err = 34.455000,	train_time = 32.181351
TRAIN Iter 25: loss = 0.004003,	Top-1 err = 61.955000,	Top-5 err = 37.885000,	train_time = 34.520087
TRAIN Iter 26: loss = 0.004030,	Top-1 err = 61.085000,	Top-5 err = 38.255000,	train_time = 32.702799
TRAIN Iter 27: loss = 0.003978,	Top-1 err = 58.140000,	Top-5 err = 35.215000,	train_time = 32.430880
TRAIN Iter 28: loss = 0.003905,	Top-1 err = 56.370000,	Top-5 err = 34.070000,	train_time = 34.095073
TRAIN Iter 29: loss = 0.003852,	Top-1 err = 53.700000,	Top-5 err = 30.570000,	train_time = 32.316386
TRAIN Iter 30: loss = 0.003798,	Top-1 err = 59.275000,	Top-5 err = 37.475000,	train_time = 33.154710
TRAIN Iter 31: loss = 0.003744,	Top-1 err = 57.275000,	Top-5 err = 34.580000,	train_time = 32.895947
TRAIN Iter 32: loss = 0.003700,	Top-1 err = 53.820000,	Top-5 err = 31.825000,	train_time = 34.385086
TRAIN Iter 33: loss = 0.003639,	Top-1 err = 56.150000,	Top-5 err = 34.795000,	train_time = 33.463263
TRAIN Iter 34: loss = 0.003600,	Top-1 err = 58.880000,	Top-5 err = 36.635000,	train_time = 31.654916
TRAIN Iter 35: loss = 0.003569,	Top-1 err = 57.050000,	Top-5 err = 35.495000,	train_time = 34.786133
TRAIN Iter 36: loss = 0.003510,	Top-1 err = 61.050000,	Top-5 err = 39.835000,	train_time = 31.726450
TRAIN Iter 37: loss = 0.003440,	Top-1 err = 61.340000,	Top-5 err = 39.435000,	train_time = 34.428807
TRAIN Iter 38: loss = 0.003475,	Top-1 err = 53.635000,	Top-5 err = 32.195000,	train_time = 33.454884
TRAIN Iter 39: loss = 0.003444,	Top-1 err = 56.360000,	Top-5 err = 35.490000,	train_time = 32.701239
TRAIN Iter 40: loss = 0.003417,	Top-1 err = 54.795000,	Top-5 err = 34.000000,	train_time = 32.641442
TRAIN Iter 41: loss = 0.003367,	Top-1 err = 54.820000,	Top-5 err = 33.960000,	train_time = 31.853644
TRAIN Iter 42: loss = 0.003351,	Top-1 err = 53.670000,	Top-5 err = 32.345000,	train_time = 34.906549
TRAIN Iter 43: loss = 0.003317,	Top-1 err = 55.455000,	Top-5 err = 34.320000,	train_time = 32.661027
TRAIN Iter 44: loss = 0.003305,	Top-1 err = 54.985000,	Top-5 err = 34.600000,	train_time = 33.106589
TRAIN Iter 45: loss = 0.003261,	Top-1 err = 54.405000,	Top-5 err = 32.880000,	train_time = 32.408509
TRAIN Iter 46: loss = 0.003251,	Top-1 err = 56.620000,	Top-5 err = 35.760000,	train_time = 34.238725
TRAIN Iter 47: loss = 0.003216,	Top-1 err = 57.090000,	Top-5 err = 35.600000,	train_time = 32.032225
TRAIN Iter 48: loss = 0.003203,	Top-1 err = 56.890000,	Top-5 err = 36.430000,	train_time = 32.409873
TRAIN Iter 49: loss = 0.003186,	Top-1 err = 50.740000,	Top-5 err = 29.675000,	train_time = 32.481220
TRAIN Iter 50: loss = 0.003148,	Top-1 err = 55.780000,	Top-5 err = 35.240000,	train_time = 34.349013
TRAIN Iter 51: loss = 0.003143,	Top-1 err = 53.695000,	Top-5 err = 32.970000,	train_time = 33.725149
TRAIN Iter 52: loss = 0.003133,	Top-1 err = 56.070000,	Top-5 err = 35.095000,	train_time = 33.113667
TRAIN Iter 53: loss = 0.003114,	Top-1 err = 55.395000,	Top-5 err = 34.515000,	train_time = 32.217332
TRAIN Iter 54: loss = 0.003112,	Top-1 err = 55.460000,	Top-5 err = 34.665000,	train_time = 32.217057
TRAIN Iter 55: loss = 0.003111,	Top-1 err = 53.935000,	Top-5 err = 33.285000,	train_time = 34.424444
TRAIN Iter 56: loss = 0.003057,	Top-1 err = 58.395000,	Top-5 err = 39.305000,	train_time = 32.425203
TRAIN Iter 57: loss = 0.003058,	Top-1 err = 53.895000,	Top-5 err = 33.530000,	train_time = 33.702838
TRAIN Iter 58: loss = 0.003018,	Top-1 err = 54.800000,	Top-5 err = 34.295000,	train_time = 32.550619
TRAIN Iter 59: loss = 0.003005,	Top-1 err = 59.975000,	Top-5 err = 40.330000,	train_time = 31.767307
TRAIN Iter 60: loss = 0.003007,	Top-1 err = 54.190000,	Top-5 err = 33.190000,	train_time = 34.332745
TRAIN Iter 61: loss = 0.002994,	Top-1 err = 54.750000,	Top-5 err = 33.865000,	train_time = 31.701711
TRAIN Iter 62: loss = 0.002964,	Top-1 err = 55.070000,	Top-5 err = 35.065000,	train_time = 34.024142
TRAIN Iter 63: loss = 0.002974,	Top-1 err = 54.310000,	Top-5 err = 33.995000,	train_time = 31.465380
TRAIN Iter 64: loss = 0.002959,	Top-1 err = 51.290000,	Top-5 err = 31.890000,	train_time = 34.134346
TRAIN Iter 65: loss = 0.002923,	Top-1 err = 51.145000,	Top-5 err = 30.945000,	train_time = 32.650261
TRAIN Iter 66: loss = 0.002903,	Top-1 err = 54.845000,	Top-5 err = 34.535000,	train_time = 31.864882
TRAIN Iter 67: loss = 0.002921,	Top-1 err = 56.715000,	Top-5 err = 36.955000,	train_time = 32.993448
TRAIN Iter 68: loss = 0.002889,	Top-1 err = 55.020000,	Top-5 err = 34.520000,	train_time = 33.037637
TRAIN Iter 69: loss = 0.002885,	Top-1 err = 51.650000,	Top-5 err = 32.820000,	train_time = 32.506539
TRAIN Iter 70: loss = 0.002865,	Top-1 err = 54.905000,	Top-5 err = 35.480000,	train_time = 31.977697
TRAIN Iter 71: loss = 0.002848,	Top-1 err = 55.775000,	Top-5 err = 34.980000,	train_time = 32.926121
TRAIN Iter 72: loss = 0.002861,	Top-1 err = 53.375000,	Top-5 err = 32.485000,	train_time = 32.775067
TRAIN Iter 73: loss = 0.002863,	Top-1 err = 53.005000,	Top-5 err = 32.390000,	train_time = 32.538921
TRAIN Iter 74: loss = 0.002829,	Top-1 err = 51.985000,	Top-5 err = 32.400000,	train_time = 33.842943
TRAIN Iter 75: loss = 0.002813,	Top-1 err = 53.250000,	Top-5 err = 32.745000,	train_time = 32.393920
TRAIN Iter 76: loss = 0.002805,	Top-1 err = 52.370000,	Top-5 err = 32.695000,	train_time = 32.495215
TRAIN Iter 77: loss = 0.002801,	Top-1 err = 53.095000,	Top-5 err = 32.890000,	train_time = 34.940990
TRAIN Iter 78: loss = 0.002792,	Top-1 err = 55.680000,	Top-5 err = 35.900000,	train_time = 31.642361
TRAIN Iter 79: loss = 0.002785,	Top-1 err = 50.250000,	Top-5 err = 29.950000,	train_time = 32.803991
TRAIN Iter 80: loss = 0.002764,	Top-1 err = 53.765000,	Top-5 err = 35.030000,	train_time = 32.792112
TRAIN Iter 81: loss = 0.002779,	Top-1 err = 56.045000,	Top-5 err = 36.840000,	train_time = 34.429094
TRAIN Iter 82: loss = 0.002758,	Top-1 err = 55.840000,	Top-5 err = 36.170000,	train_time = 32.790539
TRAIN Iter 83: loss = 0.002729,	Top-1 err = 52.485000,	Top-5 err = 32.720000,	train_time = 33.010243
TRAIN Iter 84: loss = 0.002763,	Top-1 err = 52.920000,	Top-5 err = 34.285000,	train_time = 32.862123
TRAIN Iter 85: loss = 0.002719,	Top-1 err = 49.540000,	Top-5 err = 30.165000,	train_time = 31.730714
TRAIN Iter 86: loss = 0.002707,	Top-1 err = 52.320000,	Top-5 err = 32.610000,	train_time = 33.405468
TRAIN Iter 87: loss = 0.002728,	Top-1 err = 55.565000,	Top-5 err = 35.570000,	train_time = 32.183859
TRAIN Iter 88: loss = 0.002702,	Top-1 err = 55.920000,	Top-5 err = 36.475000,	train_time = 34.702642
TRAIN Iter 89: loss = 0.002680,	Top-1 err = 55.385000,	Top-5 err = 35.580000,	train_time = 31.264763
TRAIN Iter 90: loss = 0.002682,	Top-1 err = 54.695000,	Top-5 err = 34.520000,	train_time = 32.579507
TRAIN Iter 91: loss = 0.002657,	Top-1 err = 47.675000,	Top-5 err = 28.645000,	train_time = 32.642022
TRAIN Iter 92: loss = 0.002682,	Top-1 err = 55.450000,	Top-5 err = 35.060000,	train_time = 32.289733
TRAIN Iter 93: loss = 0.002667,	Top-1 err = 56.135000,	Top-5 err = 36.150000,	train_time = 32.512536
TRAIN Iter 94: loss = 0.002643,	Top-1 err = 49.945000,	Top-5 err = 30.165000,	train_time = 32.683679
TRAIN Iter 95: loss = 0.002638,	Top-1 err = 53.015000,	Top-5 err = 33.635000,	train_time = 32.849920
TRAIN Iter 96: loss = 0.002646,	Top-1 err = 51.390000,	Top-5 err = 31.725000,	train_time = 33.348584
TRAIN Iter 97: loss = 0.002642,	Top-1 err = 54.710000,	Top-5 err = 36.290000,	train_time = 32.211622
TRAIN Iter 98: loss = 0.002620,	Top-1 err = 53.660000,	Top-5 err = 34.110000,	train_time = 34.534990
TRAIN Iter 99: loss = 0.002614,	Top-1 err = 53.120000,	Top-5 err = 33.615000,	train_time = 32.188597
TRAIN Iter 100: loss = 0.002605,	Top-1 err = 50.755000,	Top-5 err = 30.990000,	train_time = 32.218389
TRAIN Iter 101: loss = 0.002609,	Top-1 err = 52.110000,	Top-5 err = 32.515000,	train_time = 32.431288
TRAIN Iter 102: loss = 0.002588,	Top-1 err = 52.600000,	Top-5 err = 33.760000,	train_time = 33.590991
TRAIN Iter 103: loss = 0.002599,	Top-1 err = 54.470000,	Top-5 err = 35.805000,	train_time = 32.179968
TRAIN Iter 104: loss = 0.002611,	Top-1 err = 50.985000,	Top-5 err = 31.885000,	train_time = 34.603521
TRAIN Iter 105: loss = 0.002600,	Top-1 err = 53.655000,	Top-5 err = 34.960000,	train_time = 33.356655
TRAIN Iter 106: loss = 0.002562,	Top-1 err = 57.100000,	Top-5 err = 37.345000,	train_time = 31.686417
TRAIN Iter 107: loss = 0.002566,	Top-1 err = 45.085000,	Top-5 err = 25.455000,	train_time = 33.246996
TRAIN Iter 108: loss = 0.002562,	Top-1 err = 48.620000,	Top-5 err = 28.740000,	train_time = 33.217937
TRAIN Iter 109: loss = 0.002538,	Top-1 err = 52.655000,	Top-5 err = 32.625000,	train_time = 32.459629
TRAIN Iter 110: loss = 0.002550,	Top-1 err = 53.465000,	Top-5 err = 34.435000,	train_time = 32.215492
TRAIN Iter 111: loss = 0.002568,	Top-1 err = 50.130000,	Top-5 err = 30.585000,	train_time = 34.715181
TRAIN Iter 112: loss = 0.002528,	Top-1 err = 50.390000,	Top-5 err = 30.820000,	train_time = 32.858456
TRAIN Iter 113: loss = 0.002555,	Top-1 err = 51.865000,	Top-5 err = 32.105000,	train_time = 32.514350
TRAIN Iter 114: loss = 0.002533,	Top-1 err = 49.330000,	Top-5 err = 30.930000,	train_time = 33.989501
TRAIN Iter 115: loss = 0.002528,	Top-1 err = 53.345000,	Top-5 err = 34.325000,	train_time = 31.249152
TRAIN Iter 116: loss = 0.002517,	Top-1 err = 52.395000,	Top-5 err = 33.295000,	train_time = 33.533937
TRAIN Iter 117: loss = 0.002517,	Top-1 err = 53.510000,	Top-5 err = 34.375000,	train_time = 31.863333
TRAIN Iter 118: loss = 0.002487,	Top-1 err = 52.195000,	Top-5 err = 32.545000,	train_time = 33.381415
TRAIN Iter 119: loss = 0.002507,	Top-1 err = 50.885000,	Top-5 err = 31.870000,	train_time = 33.500601
TRAIN Iter 120: loss = 0.002483,	Top-1 err = 54.585000,	Top-5 err = 35.170000,	train_time = 33.015321
TRAIN Iter 121: loss = 0.002514,	Top-1 err = 52.085000,	Top-5 err = 31.735000,	train_time = 33.858287
TRAIN Iter 122: loss = 0.002489,	Top-1 err = 49.870000,	Top-5 err = 31.730000,	train_time = 32.199984
TRAIN Iter 123: loss = 0.002483,	Top-1 err = 55.080000,	Top-5 err = 36.090000,	train_time = 32.919622
TRAIN Iter 124: loss = 0.002490,	Top-1 err = 51.480000,	Top-5 err = 31.960000,	train_time = 32.195766
TRAIN Iter 125: loss = 0.002470,	Top-1 err = 46.600000,	Top-5 err = 27.435000,	train_time = 32.186977
TRAIN Iter 126: loss = 0.002467,	Top-1 err = 48.895000,	Top-5 err = 29.855000,	train_time = 34.020301
TRAIN Iter 127: loss = 0.002466,	Top-1 err = 49.455000,	Top-5 err = 31.365000,	train_time = 33.360721
TRAIN Iter 128: loss = 0.002448,	Top-1 err = 49.550000,	Top-5 err = 30.730000,	train_time = 32.786349
TRAIN Iter 129: loss = 0.002454,	Top-1 err = 49.255000,	Top-5 err = 29.190000,	train_time = 31.776973
TRAIN Iter 130: loss = 0.002445,	Top-1 err = 50.350000,	Top-5 err = 31.885000,	train_time = 33.391481
TRAIN Iter 131: loss = 0.002431,	Top-1 err = 50.060000,	Top-5 err = 31.685000,	train_time = 33.068780
TRAIN Iter 132: loss = 0.002445,	Top-1 err = 49.900000,	Top-5 err = 31.365000,	train_time = 31.419185
TRAIN Iter 133: loss = 0.002440,	Top-1 err = 52.310000,	Top-5 err = 33.110000,	train_time = 33.812893
TRAIN Iter 134: loss = 0.002449,	Top-1 err = 52.625000,	Top-5 err = 33.285000,	train_time = 33.506876
TRAIN Iter 135: loss = 0.002420,	Top-1 err = 52.255000,	Top-5 err = 33.450000,	train_time = 32.474792
TRAIN Iter 136: loss = 0.002429,	Top-1 err = 55.405000,	Top-5 err = 36.470000,	train_time = 31.411620
TRAIN Iter 137: loss = 0.002423,	Top-1 err = 52.120000,	Top-5 err = 33.070000,	train_time = 32.955384
TRAIN Iter 138: loss = 0.002409,	Top-1 err = 50.375000,	Top-5 err = 30.165000,	train_time = 32.031142
TRAIN Iter 139: loss = 0.002411,	Top-1 err = 49.690000,	Top-5 err = 30.390000,	train_time = 33.758538
TRAIN Iter 140: loss = 0.002417,	Top-1 err = 53.105000,	Top-5 err = 33.260000,	train_time = 31.554767
TRAIN Iter 141: loss = 0.002400,	Top-1 err = 48.935000,	Top-5 err = 30.495000,	train_time = 33.710703
TRAIN Iter 142: loss = 0.002388,	Top-1 err = 50.235000,	Top-5 err = 31.655000,	train_time = 31.406379
TRAIN Iter 143: loss = 0.002385,	Top-1 err = 48.600000,	Top-5 err = 29.725000,	train_time = 34.110624
TRAIN Iter 144: loss = 0.002394,	Top-1 err = 50.875000,	Top-5 err = 32.310000,	train_time = 31.752934
TRAIN Iter 145: loss = 0.002415,	Top-1 err = 53.335000,	Top-5 err = 34.120000,	train_time = 33.480898
TRAIN Iter 146: loss = 0.002371,	Top-1 err = 48.565000,	Top-5 err = 29.080000,	train_time = 32.320608
TRAIN Iter 147: loss = 0.002380,	Top-1 err = 51.860000,	Top-5 err = 32.435000,	train_time = 33.358315
TRAIN Iter 148: loss = 0.002367,	Top-1 err = 49.725000,	Top-5 err = 30.115000,	train_time = 31.105475
TRAIN Iter 149: loss = 0.002382,	Top-1 err = 49.775000,	Top-5 err = 30.515000,	train_time = 34.460416
TRAIN Iter 150: loss = 0.002381,	Top-1 err = 51.335000,	Top-5 err = 31.900000,	train_time = 32.232475
TRAIN Iter 151: loss = 0.002376,	Top-1 err = 53.270000,	Top-5 err = 34.610000,	train_time = 33.388857
TRAIN Iter 152: loss = 0.002356,	Top-1 err = 52.710000,	Top-5 err = 34.260000,	train_time = 32.751139
TRAIN Iter 153: loss = 0.002366,	Top-1 err = 51.690000,	Top-5 err = 32.940000,	train_time = 31.450960
TRAIN Iter 154: loss = 0.002340,	Top-1 err = 49.105000,	Top-5 err = 30.715000,	train_time = 32.646107
TRAIN Iter 155: loss = 0.002319,	Top-1 err = 51.620000,	Top-5 err = 33.415000,	train_time = 33.731385
TRAIN Iter 156: loss = 0.002353,	Top-1 err = 52.515000,	Top-5 err = 33.275000,	train_time = 32.001504
TRAIN Iter 157: loss = 0.002347,	Top-1 err = 52.530000,	Top-5 err = 34.775000,	train_time = 31.819458
TRAIN Iter 158: loss = 0.002338,	Top-1 err = 52.565000,	Top-5 err = 33.540000,	train_time = 34.906289
TRAIN Iter 159: loss = 0.002340,	Top-1 err = 50.420000,	Top-5 err = 31.910000,	train_time = 31.745178
TRAIN Iter 160: loss = 0.002344,	Top-1 err = 49.415000,	Top-5 err = 30.265000,	train_time = 31.873179
TRAIN Iter 161: loss = 0.002320,	Top-1 err = 46.385000,	Top-5 err = 27.910000,	train_time = 34.020934
TRAIN Iter 162: loss = 0.002321,	Top-1 err = 52.130000,	Top-5 err = 33.190000,	train_time = 31.845146
TRAIN Iter 163: loss = 0.002320,	Top-1 err = 45.975000,	Top-5 err = 26.660000,	train_time = 31.680432
TRAIN Iter 164: loss = 0.002304,	Top-1 err = 49.960000,	Top-5 err = 31.395000,	train_time = 33.104072
TRAIN Iter 165: loss = 0.002328,	Top-1 err = 51.395000,	Top-5 err = 31.980000,	train_time = 31.788924
TRAIN Iter 166: loss = 0.002329,	Top-1 err = 50.415000,	Top-5 err = 31.565000,	train_time = 34.923807
TRAIN Iter 167: loss = 0.002287,	Top-1 err = 49.510000,	Top-5 err = 30.895000,	train_time = 32.291929
TRAIN Iter 168: loss = 0.002289,	Top-1 err = 51.825000,	Top-5 err = 33.100000,	train_time = 31.759564
TRAIN Iter 169: loss = 0.002309,	Top-1 err = 52.490000,	Top-5 err = 34.620000,	train_time = 33.702814
TRAIN Iter 170: loss = 0.002303,	Top-1 err = 50.470000,	Top-5 err = 31.915000,	train_time = 32.869647
TRAIN Iter 171: loss = 0.002308,	Top-1 err = 51.770000,	Top-5 err = 32.900000,	train_time = 31.736188
TRAIN Iter 172: loss = 0.002287,	Top-1 err = 47.440000,	Top-5 err = 29.830000,	train_time = 32.570295
TRAIN Iter 173: loss = 0.002276,	Top-1 err = 52.180000,	Top-5 err = 33.800000,	train_time = 33.482932
TRAIN Iter 174: loss = 0.002288,	Top-1 err = 48.935000,	Top-5 err = 29.440000,	train_time = 31.662883
TRAIN Iter 175: loss = 0.002279,	Top-1 err = 49.940000,	Top-5 err = 31.145000,	train_time = 33.739291
TRAIN Iter 176: loss = 0.002270,	Top-1 err = 50.390000,	Top-5 err = 32.895000,	train_time = 32.905086
TRAIN Iter 177: loss = 0.002279,	Top-1 err = 48.820000,	Top-5 err = 29.780000,	train_time = 30.998920
TRAIN Iter 178: loss = 0.002283,	Top-1 err = 51.775000,	Top-5 err = 32.345000,	train_time = 33.268145
TRAIN Iter 179: loss = 0.002281,	Top-1 err = 51.355000,	Top-5 err = 31.505000,	train_time = 33.067913
TRAIN Iter 180: loss = 0.002268,	Top-1 err = 49.125000,	Top-5 err = 29.885000,	train_time = 32.374239
TRAIN Iter 181: loss = 0.002260,	Top-1 err = 52.805000,	Top-5 err = 34.055000,	train_time = 32.199781
TRAIN Iter 182: loss = 0.002254,	Top-1 err = 49.500000,	Top-5 err = 31.515000,	train_time = 32.217093
TRAIN Iter 183: loss = 0.002255,	Top-1 err = 54.565000,	Top-5 err = 35.860000,	train_time = 32.296432
TRAIN Iter 184: loss = 0.002249,	Top-1 err = 51.815000,	Top-5 err = 32.265000,	train_time = 34.535453
TRAIN Iter 185: loss = 0.002246,	Top-1 err = 48.625000,	Top-5 err = 29.505000,	train_time = 33.586965
TRAIN Iter 186: loss = 0.002244,	Top-1 err = 51.510000,	Top-5 err = 32.615000,	train_time = 31.329260
TRAIN Iter 187: loss = 0.002255,	Top-1 err = 55.115000,	Top-5 err = 37.025000,	train_time = 33.500204
TRAIN Iter 188: loss = 0.002251,	Top-1 err = 47.640000,	Top-5 err = 28.755000,	train_time = 32.876091
TRAIN Iter 189: loss = 0.002246,	Top-1 err = 53.210000,	Top-5 err = 35.215000,	train_time = 31.614177
TRAIN Iter 190: loss = 0.002282,	Top-1 err = 53.110000,	Top-5 err = 34.835000,	train_time = 32.651120
TRAIN Iter 191: loss = 0.002246,	Top-1 err = 50.235000,	Top-5 err = 31.830000,	train_time = 32.979910
TRAIN Iter 192: loss = 0.002228,	Top-1 err = 48.355000,	Top-5 err = 29.860000,	train_time = 32.718425
TRAIN Iter 193: loss = 0.002218,	Top-1 err = 47.115000,	Top-5 err = 28.630000,	train_time = 31.345283
TRAIN Iter 194: loss = 0.002224,	Top-1 err = 51.350000,	Top-5 err = 32.285000,	train_time = 33.007963
TRAIN Iter 195: loss = 0.002218,	Top-1 err = 51.445000,	Top-5 err = 32.640000,	train_time = 30.887801
TRAIN Iter 196: loss = 0.002221,	Top-1 err = 50.345000,	Top-5 err = 32.110000,	train_time = 33.884389
TRAIN Iter 197: loss = 0.002206,	Top-1 err = 49.460000,	Top-5 err = 30.850000,	train_time = 30.797431
TRAIN Iter 198: loss = 0.002207,	Top-1 err = 49.875000,	Top-5 err = 32.015000,	train_time = 32.665658
TRAIN Iter 199: loss = 0.002225,	Top-1 err = 55.310000,	Top-5 err = 34.910000,	train_time = 31.249868
TRAIN Iter 200: loss = 0.002201,	Top-1 err = 49.900000,	Top-5 err = 31.465000,	train_time = 33.360139
TRAIN Iter 201: loss = 0.002199,	Top-1 err = 48.070000,	Top-5 err = 29.160000,	train_time = 30.848925
TRAIN Iter 202: loss = 0.002208,	Top-1 err = 50.125000,	Top-5 err = 31.415000,	train_time = 33.219950
TRAIN Iter 203: loss = 0.002189,	Top-1 err = 49.585000,	Top-5 err = 31.885000,	train_time = 31.657753
TRAIN Iter 204: loss = 0.002168,	Top-1 err = 47.535000,	Top-5 err = 29.365000,	train_time = 32.287556
TRAIN Iter 205: loss = 0.002198,	Top-1 err = 47.420000,	Top-5 err = 28.900000,	train_time = 31.366560
TRAIN Iter 206: loss = 0.002208,	Top-1 err = 52.725000,	Top-5 err = 33.435000,	train_time = 31.967723
TRAIN Iter 207: loss = 0.002193,	Top-1 err = 50.150000,	Top-5 err = 31.210000,	train_time = 32.192993
TRAIN Iter 208: loss = 0.002174,	Top-1 err = 48.095000,	Top-5 err = 29.985000,	train_time = 31.964559
TRAIN Iter 209: loss = 0.002197,	Top-1 err = 52.450000,	Top-5 err = 33.850000,	train_time = 32.701210
TRAIN Iter 210: loss = 0.002184,	Top-1 err = 51.495000,	Top-5 err = 32.775000,	train_time = 32.565543
TRAIN Iter 211: loss = 0.002194,	Top-1 err = 55.480000,	Top-5 err = 37.135000,	train_time = 32.534123
TRAIN Iter 212: loss = 0.002164,	Top-1 err = 47.115000,	Top-5 err = 28.320000,	train_time = 30.903119
TRAIN Iter 213: loss = 0.002156,	Top-1 err = 47.760000,	Top-5 err = 29.245000,	train_time = 31.369562
TRAIN Iter 214: loss = 0.002174,	Top-1 err = 49.950000,	Top-5 err = 31.245000,	train_time = 32.394647
TRAIN Iter 215: loss = 0.002168,	Top-1 err = 47.735000,	Top-5 err = 29.550000,	train_time = 31.360439
TRAIN Iter 216: loss = 0.002171,	Top-1 err = 50.330000,	Top-5 err = 31.300000,	train_time = 32.638052
TRAIN Iter 217: loss = 0.002173,	Top-1 err = 52.505000,	Top-5 err = 34.285000,	train_time = 31.711962
TRAIN Iter 218: loss = 0.002199,	Top-1 err = 52.315000,	Top-5 err = 34.005000,	train_time = 32.246483
TRAIN Iter 219: loss = 0.002137,	Top-1 err = 46.065000,	Top-5 err = 27.890000,	train_time = 33.032738
TRAIN Iter 220: loss = 0.002142,	Top-1 err = 45.095000,	Top-5 err = 27.380000,	train_time = 31.698577
TRAIN Iter 221: loss = 0.002149,	Top-1 err = 51.130000,	Top-5 err = 32.545000,	train_time = 32.256546
TRAIN Iter 222: loss = 0.002155,	Top-1 err = 47.470000,	Top-5 err = 28.160000,	train_time = 31.742249
TRAIN Iter 223: loss = 0.002150,	Top-1 err = 52.315000,	Top-5 err = 33.260000,	train_time = 30.858966
TRAIN Iter 224: loss = 0.002142,	Top-1 err = 48.410000,	Top-5 err = 30.265000,	train_time = 31.453250
TRAIN Iter 225: loss = 0.002170,	Top-1 err = 49.650000,	Top-5 err = 30.025000,	train_time = 31.313200
TRAIN Iter 226: loss = 0.002158,	Top-1 err = 54.140000,	Top-5 err = 36.030000,	train_time = 31.493162
TRAIN Iter 227: loss = 0.002135,	Top-1 err = 46.860000,	Top-5 err = 28.215000,	train_time = 33.120775
TRAIN Iter 228: loss = 0.002144,	Top-1 err = 49.920000,	Top-5 err = 31.080000,	train_time = 31.733076
TRAIN Iter 229: loss = 0.002126,	Top-1 err = 47.010000,	Top-5 err = 28.035000,	train_time = 32.220877
TRAIN Iter 230: loss = 0.002140,	Top-1 err = 50.510000,	Top-5 err = 32.585000,	train_time = 31.023412
TRAIN Iter 231: loss = 0.002114,	Top-1 err = 50.805000,	Top-5 err = 33.420000,	train_time = 30.596724
TRAIN Iter 232: loss = 0.002129,	Top-1 err = 48.955000,	Top-5 err = 29.610000,	train_time = 31.037879
TRAIN Iter 233: loss = 0.002111,	Top-1 err = 49.835000,	Top-5 err = 31.640000,	train_time = 31.495521
TRAIN Iter 234: loss = 0.002138,	Top-1 err = 51.585000,	Top-5 err = 32.520000,	train_time = 33.029186
TRAIN Iter 235: loss = 0.002128,	Top-1 err = 52.440000,	Top-5 err = 34.720000,	train_time = 30.262744
TRAIN Iter 236: loss = 0.002113,	Top-1 err = 50.830000,	Top-5 err = 31.770000,	train_time = 32.592954
TRAIN Iter 237: loss = 0.002089,	Top-1 err = 47.235000,	Top-5 err = 29.225000,	train_time = 30.831748
TRAIN Iter 238: loss = 0.002104,	Top-1 err = 48.905000,	Top-5 err = 30.725000,	train_time = 31.893910
TRAIN Iter 239: loss = 0.002120,	Top-1 err = 52.090000,	Top-5 err = 33.240000,	train_time = 31.223538
TRAIN Iter 240: loss = 0.002119,	Top-1 err = 50.690000,	Top-5 err = 32.235000,	train_time = 30.858763
TRAIN Iter 241: loss = 0.002094,	Top-1 err = 50.055000,	Top-5 err = 33.205000,	train_time = 31.236652
TRAIN Iter 242: loss = 0.002113,	Top-1 err = 49.240000,	Top-5 err = 30.125000,	train_time = 33.355980
TRAIN Iter 243: loss = 0.002079,	Top-1 err = 48.875000,	Top-5 err = 31.015000,	train_time = 32.130251
TRAIN Iter 244: loss = 0.002101,	Top-1 err = 49.440000,	Top-5 err = 30.475000,	train_time = 30.367389
TRAIN Iter 245: loss = 0.002110,	Top-1 err = 48.940000,	Top-5 err = 30.990000,	train_time = 31.195197
TRAIN Iter 246: loss = 0.002076,	Top-1 err = 46.865000,	Top-5 err = 29.020000,	train_time = 30.969833
TRAIN Iter 247: loss = 0.002132,	Top-1 err = 52.340000,	Top-5 err = 32.600000,	train_time = 33.063165
TRAIN Iter 248: loss = 0.002078,	Top-1 err = 47.740000,	Top-5 err = 29.765000,	train_time = 30.323903
TRAIN Iter 249: loss = 0.002107,	Top-1 err = 51.315000,	Top-5 err = 32.165000,	train_time = 32.389243
TEST:
Iter 249: loss = 1.754794,	Top-1 err = 40.980000,	Top-5 err = 18.210000,	val_time = 2.992386
TRAIN Iter 250: loss = 0.002092,	Top-1 err = 50.610000,	Top-5 err = 32.545000,	train_time = 32.405824
TRAIN Iter 251: loss = 0.002079,	Top-1 err = 51.120000,	Top-5 err = 32.930000,	train_time = 30.480258
TRAIN Iter 252: loss = 0.002082,	Top-1 err = 50.010000,	Top-5 err = 31.280000,	train_time = 31.695260
TRAIN Iter 253: loss = 0.002081,	Top-1 err = 50.335000,	Top-5 err = 31.770000,	train_time = 30.542241
TRAIN Iter 254: loss = 0.002075,	Top-1 err = 51.845000,	Top-5 err = 33.500000,	train_time = 32.635182
TRAIN Iter 255: loss = 0.002069,	Top-1 err = 47.195000,	Top-5 err = 28.330000,	train_time = 30.851041
TRAIN Iter 256: loss = 0.002055,	Top-1 err = 48.475000,	Top-5 err = 30.700000,	train_time = 32.346593
TRAIN Iter 257: loss = 0.002080,	Top-1 err = 50.125000,	Top-5 err = 32.275000,	train_time = 31.879548
TRAIN Iter 258: loss = 0.002073,	Top-1 err = 49.670000,	Top-5 err = 31.405000,	train_time = 31.137697
TRAIN Iter 259: loss = 0.002069,	Top-1 err = 49.775000,	Top-5 err = 31.715000,	train_time = 31.564374
TEST:
Iter 259: loss = 1.769549,	Top-1 err = 40.770000,	Top-5 err = 18.260000,	val_time = 3.200667
TRAIN Iter 260: loss = 0.002063,	Top-1 err = 51.080000,	Top-5 err = 33.730000,	train_time = 32.473754
TRAIN Iter 261: loss = 0.002056,	Top-1 err = 48.355000,	Top-5 err = 29.110000,	train_time = 30.543448
TRAIN Iter 262: loss = 0.002067,	Top-1 err = 50.240000,	Top-5 err = 31.885000,	train_time = 31.967855
TRAIN Iter 263: loss = 0.002083,	Top-1 err = 52.290000,	Top-5 err = 32.340000,	train_time = 32.918914
TRAIN Iter 264: loss = 0.002054,	Top-1 err = 49.675000,	Top-5 err = 30.855000,	train_time = 30.134742
TRAIN Iter 265: loss = 0.002055,	Top-1 err = 46.645000,	Top-5 err = 27.960000,	train_time = 32.608919
TRAIN Iter 266: loss = 0.002053,	Top-1 err = 52.720000,	Top-5 err = 34.725000,	train_time = 31.481213
TRAIN Iter 267: loss = 0.002055,	Top-1 err = 48.845000,	Top-5 err = 30.795000,	train_time = 31.568190
TRAIN Iter 268: loss = 0.002062,	Top-1 err = 52.180000,	Top-5 err = 34.595000,	train_time = 32.318020
TRAIN Iter 269: loss = 0.002019,	Top-1 err = 46.770000,	Top-5 err = 28.575000,	train_time = 30.508262
TEST:
Iter 269: loss = 1.786052,	Top-1 err = 40.880000,	Top-5 err = 18.170000,	val_time = 2.996818
TRAIN Iter 270: loss = 0.002043,	Top-1 err = 50.530000,	Top-5 err = 32.595000,	train_time = 32.454039
TRAIN Iter 271: loss = 0.002029,	Top-1 err = 45.405000,	Top-5 err = 27.420000,	train_time = 30.458248
TRAIN Iter 272: loss = 0.002056,	Top-1 err = 49.395000,	Top-5 err = 30.805000,	train_time = 30.948218
TRAIN Iter 273: loss = 0.002032,	Top-1 err = 48.650000,	Top-5 err = 30.360000,	train_time = 30.875744
TRAIN Iter 274: loss = 0.002017,	Top-1 err = 48.595000,	Top-5 err = 31.020000,	train_time = 33.246731
TRAIN Iter 275: loss = 0.002034,	Top-1 err = 50.355000,	Top-5 err = 31.830000,	train_time = 31.013355
TRAIN Iter 276: loss = 0.002012,	Top-1 err = 49.435000,	Top-5 err = 30.440000,	train_time = 32.876309
TRAIN Iter 277: loss = 0.002048,	Top-1 err = 55.410000,	Top-5 err = 36.755000,	train_time = 29.968771
TRAIN Iter 278: loss = 0.002047,	Top-1 err = 51.430000,	Top-5 err = 33.025000,	train_time = 32.566183
TRAIN Iter 279: loss = 0.002026,	Top-1 err = 51.025000,	Top-5 err = 33.105000,	train_time = 30.486001
TEST:
Iter 279: loss = 1.757029,	Top-1 err = 40.740000,	Top-5 err = 18.030000,	val_time = 2.966594
TRAIN Iter 280: loss = 0.002030,	Top-1 err = 53.395000,	Top-5 err = 35.750000,	train_time = 32.594744
TRAIN Iter 281: loss = 0.002046,	Top-1 err = 49.500000,	Top-5 err = 30.335000,	train_time = 31.236461
TRAIN Iter 282: loss = 0.002024,	Top-1 err = 50.365000,	Top-5 err = 31.940000,	train_time = 30.691690
TRAIN Iter 283: loss = 0.002011,	Top-1 err = 48.370000,	Top-5 err = 30.490000,	train_time = 30.694154
TRAIN Iter 284: loss = 0.002033,	Top-1 err = 51.045000,	Top-5 err = 33.500000,	train_time = 31.260540
TRAIN Iter 285: loss = 0.002035,	Top-1 err = 52.275000,	Top-5 err = 33.495000,	train_time = 31.990206
TRAIN Iter 286: loss = 0.002006,	Top-1 err = 47.665000,	Top-5 err = 28.890000,	train_time = 31.114381
TRAIN Iter 287: loss = 0.002006,	Top-1 err = 52.325000,	Top-5 err = 34.390000,	train_time = 30.924699
TRAIN Iter 288: loss = 0.002007,	Top-1 err = 48.235000,	Top-5 err = 30.150000,	train_time = 31.150042
TRAIN Iter 289: loss = 0.002011,	Top-1 err = 51.485000,	Top-5 err = 33.370000,	train_time = 31.274187
TEST:
Iter 289: loss = 1.763808,	Top-1 err = 40.190000,	Top-5 err = 18.100000,	val_time = 3.129950
TRAIN Iter 290: loss = 0.001990,	Top-1 err = 47.290000,	Top-5 err = 28.395000,	train_time = 31.319729
TRAIN Iter 291: loss = 0.001998,	Top-1 err = 47.565000,	Top-5 err = 29.755000,	train_time = 30.798706
TRAIN Iter 292: loss = 0.001999,	Top-1 err = 48.360000,	Top-5 err = 29.305000,	train_time = 31.132882
TRAIN Iter 293: loss = 0.002022,	Top-1 err = 51.010000,	Top-5 err = 31.680000,	train_time = 32.800788
TRAIN Iter 294: loss = 0.002015,	Top-1 err = 52.760000,	Top-5 err = 33.870000,	train_time = 30.748955
TRAIN Iter 295: loss = 0.001977,	Top-1 err = 50.725000,	Top-5 err = 33.460000,	train_time = 30.971921
TRAIN Iter 296: loss = 0.001983,	Top-1 err = 45.805000,	Top-5 err = 28.240000,	train_time = 32.296302
TRAIN Iter 297: loss = 0.001975,	Top-1 err = 43.235000,	Top-5 err = 25.550000,	train_time = 32.202987
TRAIN Iter 298: loss = 0.001971,	Top-1 err = 46.410000,	Top-5 err = 28.620000,	train_time = 29.988566
TRAIN Iter 299: loss = 0.001972,	Top-1 err = 48.215000,	Top-5 err = 30.490000,	train_time = 32.486233
TEST:
Iter 299: loss = 1.768131,	Top-1 err = 40.970000,	Top-5 err = 18.020000,	val_time = 3.054831
Train Finish! Best accuracy is 59.81@289
