/home/dvspanos/miniconda3/envs/rded/lib/python3.10/site-packages/torchvision/models/_utils.py:208: UserWarning: The parameter 'pretrained' is deprecated since 0.13 and may be removed in the future, please use 'weights' instead.
  warnings.warn(
/home/dvspanos/miniconda3/envs/rded/lib/python3.10/site-packages/torchvision/models/_utils.py:223: UserWarning: Arguments other than a weight enum or `None` for 'weights' are deprecated since 0.13 and may be removed in the future. The current behavior is equivalent to passing `weights=None`.
  warnings.warn(msg)
=> using pytorch pre-trained teacher model 'resnet18_modified'
process data from /home/dvspanos/nikos/ca2d/artifacts/rded_sets/bench_tin_rn18_el2nw70_ipc50
load data successfully
TRAIN Iter 0: loss = 0.011575,	Top-1 err = 98.040000,	Top-5 err = 92.320000,	train_time = 15.290990
TRAIN Iter 1: loss = 0.010167,	Top-1 err = 95.920000,	Top-5 err = 85.670000,	train_time = 14.223879
TRAIN Iter 2: loss = 0.009741,	Top-1 err = 94.780000,	Top-5 err = 81.780000,	train_time = 15.211457
TRAIN Iter 3: loss = 0.008851,	Top-1 err = 93.960000,	Top-5 err = 80.100000,	train_time = 16.269673
TRAIN Iter 4: loss = 0.008775,	Top-1 err = 92.410000,	Top-5 err = 75.830000,	train_time = 15.815899
TRAIN Iter 5: loss = 0.008572,	Top-1 err = 90.920000,	Top-5 err = 72.030000,	train_time = 16.308250
TRAIN Iter 6: loss = 0.008284,	Top-1 err = 89.480000,	Top-5 err = 68.810000,	train_time = 18.203277
TRAIN Iter 7: loss = 0.007881,	Top-1 err = 88.320000,	Top-5 err = 67.690000,	train_time = 16.143778
TRAIN Iter 8: loss = 0.007504,	Top-1 err = 88.930000,	Top-5 err = 68.740000,	train_time = 18.094030
TRAIN Iter 9: loss = 0.007399,	Top-1 err = 86.970000,	Top-5 err = 64.410000,	train_time = 16.161376
TRAIN Iter 10: loss = 0.007174,	Top-1 err = 86.200000,	Top-5 err = 64.040000,	train_time = 17.242061
TRAIN Iter 11: loss = 0.007245,	Top-1 err = 83.150000,	Top-5 err = 57.370000,	train_time = 17.880955
TRAIN Iter 12: loss = 0.006916,	Top-1 err = 82.510000,	Top-5 err = 57.300000,	train_time = 17.418404
TRAIN Iter 13: loss = 0.006871,	Top-1 err = 82.170000,	Top-5 err = 57.740000,	train_time = 16.330709
TRAIN Iter 14: loss = 0.006653,	Top-1 err = 81.430000,	Top-5 err = 56.250000,	train_time = 18.145953
TRAIN Iter 15: loss = 0.006437,	Top-1 err = 78.980000,	Top-5 err = 52.300000,	train_time = 17.393395
TRAIN Iter 16: loss = 0.006389,	Top-1 err = 77.980000,	Top-5 err = 53.010000,	train_time = 16.425351
TRAIN Iter 17: loss = 0.006182,	Top-1 err = 78.470000,	Top-5 err = 52.960000,	train_time = 17.868073
TRAIN Iter 18: loss = 0.006141,	Top-1 err = 77.550000,	Top-5 err = 52.700000,	train_time = 17.090868
TRAIN Iter 19: loss = 0.005927,	Top-1 err = 74.940000,	Top-5 err = 48.620000,	train_time = 16.478780
TRAIN Iter 20: loss = 0.005858,	Top-1 err = 76.810000,	Top-5 err = 51.230000,	train_time = 17.542570
TRAIN Iter 21: loss = 0.005726,	Top-1 err = 75.530000,	Top-5 err = 51.540000,	train_time = 16.655698
TRAIN Iter 22: loss = 0.005724,	Top-1 err = 71.530000,	Top-5 err = 45.000000,	train_time = 18.301278
TRAIN Iter 23: loss = 0.005533,	Top-1 err = 70.880000,	Top-5 err = 44.170000,	train_time = 16.679765
TRAIN Iter 24: loss = 0.005351,	Top-1 err = 71.770000,	Top-5 err = 47.260000,	train_time = 18.002919
TRAIN Iter 25: loss = 0.005237,	Top-1 err = 70.550000,	Top-5 err = 45.140000,	train_time = 16.852080
TRAIN Iter 26: loss = 0.005155,	Top-1 err = 68.580000,	Top-5 err = 43.500000,	train_time = 17.367582
TRAIN Iter 27: loss = 0.004976,	Top-1 err = 70.380000,	Top-5 err = 45.140000,	train_time = 16.547838
TRAIN Iter 28: loss = 0.005151,	Top-1 err = 68.160000,	Top-5 err = 42.430000,	train_time = 17.864480
TRAIN Iter 29: loss = 0.004932,	Top-1 err = 63.290000,	Top-5 err = 36.150000,	train_time = 17.131093
TRAIN Iter 30: loss = 0.004815,	Top-1 err = 69.330000,	Top-5 err = 44.680000,	train_time = 16.734030
TRAIN Iter 31: loss = 0.004811,	Top-1 err = 63.970000,	Top-5 err = 38.530000,	train_time = 17.841479
TRAIN Iter 32: loss = 0.004715,	Top-1 err = 63.880000,	Top-5 err = 38.370000,	train_time = 17.591383
TRAIN Iter 33: loss = 0.004652,	Top-1 err = 68.520000,	Top-5 err = 45.300000,	train_time = 16.513560
TRAIN Iter 34: loss = 0.004456,	Top-1 err = 70.510000,	Top-5 err = 47.510000,	train_time = 18.033664
TRAIN Iter 35: loss = 0.004521,	Top-1 err = 64.720000,	Top-5 err = 39.450000,	train_time = 17.118849
TRAIN Iter 36: loss = 0.004481,	Top-1 err = 61.540000,	Top-5 err = 36.140000,	train_time = 17.088141
TRAIN Iter 37: loss = 0.004361,	Top-1 err = 63.530000,	Top-5 err = 39.000000,	train_time = 16.468929
TRAIN Iter 38: loss = 0.004330,	Top-1 err = 67.260000,	Top-5 err = 43.790000,	train_time = 17.344323
TRAIN Iter 39: loss = 0.004300,	Top-1 err = 62.430000,	Top-5 err = 38.720000,	train_time = 17.611059
TRAIN Iter 40: loss = 0.004206,	Top-1 err = 63.440000,	Top-5 err = 38.710000,	train_time = 16.573775
TRAIN Iter 41: loss = 0.004213,	Top-1 err = 65.200000,	Top-5 err = 42.760000,	train_time = 17.819162
TRAIN Iter 42: loss = 0.004188,	Top-1 err = 56.920000,	Top-5 err = 32.510000,	train_time = 16.312188
TRAIN Iter 43: loss = 0.004104,	Top-1 err = 63.990000,	Top-5 err = 40.610000,	train_time = 17.952670
TRAIN Iter 44: loss = 0.004052,	Top-1 err = 61.220000,	Top-5 err = 38.100000,	train_time = 16.955183
TRAIN Iter 45: loss = 0.003975,	Top-1 err = 65.510000,	Top-5 err = 42.290000,	train_time = 16.932771
TRAIN Iter 46: loss = 0.003955,	Top-1 err = 63.140000,	Top-5 err = 40.090000,	train_time = 18.123374
TRAIN Iter 47: loss = 0.003890,	Top-1 err = 63.350000,	Top-5 err = 40.880000,	train_time = 17.205807
TRAIN Iter 48: loss = 0.003878,	Top-1 err = 56.270000,	Top-5 err = 31.980000,	train_time = 16.306491
TRAIN Iter 49: loss = 0.003912,	Top-1 err = 60.040000,	Top-5 err = 36.860000,	train_time = 17.395956
TRAIN Iter 50: loss = 0.003816,	Top-1 err = 62.370000,	Top-5 err = 38.830000,	train_time = 17.452137
TRAIN Iter 51: loss = 0.003767,	Top-1 err = 62.670000,	Top-5 err = 38.550000,	train_time = 16.822549
TRAIN Iter 52: loss = 0.003751,	Top-1 err = 61.030000,	Top-5 err = 37.900000,	train_time = 16.453368
TRAIN Iter 53: loss = 0.003752,	Top-1 err = 61.630000,	Top-5 err = 39.540000,	train_time = 18.365705
TRAIN Iter 54: loss = 0.003700,	Top-1 err = 61.070000,	Top-5 err = 38.640000,	train_time = 16.854862
TRAIN Iter 55: loss = 0.003677,	Top-1 err = 55.360000,	Top-5 err = 32.460000,	train_time = 17.514754
TRAIN Iter 56: loss = 0.003716,	Top-1 err = 59.240000,	Top-5 err = 36.570000,	train_time = 17.173691
TRAIN Iter 57: loss = 0.003615,	Top-1 err = 53.570000,	Top-5 err = 31.690000,	train_time = 16.403115
TRAIN Iter 58: loss = 0.003598,	Top-1 err = 51.440000,	Top-5 err = 29.530000,	train_time = 17.887195
TRAIN Iter 59: loss = 0.003608,	Top-1 err = 55.190000,	Top-5 err = 32.680000,	train_time = 16.880695
TRAIN Iter 60: loss = 0.003530,	Top-1 err = 58.820000,	Top-5 err = 36.860000,	train_time = 16.858824
TRAIN Iter 61: loss = 0.003527,	Top-1 err = 59.020000,	Top-5 err = 38.660000,	train_time = 16.637654
TRAIN Iter 62: loss = 0.003511,	Top-1 err = 58.150000,	Top-5 err = 35.760000,	train_time = 17.593045
TRAIN Iter 63: loss = 0.003505,	Top-1 err = 57.050000,	Top-5 err = 33.490000,	train_time = 16.571538
TRAIN Iter 64: loss = 0.003484,	Top-1 err = 57.830000,	Top-5 err = 36.860000,	train_time = 16.624026
TRAIN Iter 65: loss = 0.003424,	Top-1 err = 49.080000,	Top-5 err = 27.130000,	train_time = 18.493076
TRAIN Iter 66: loss = 0.003408,	Top-1 err = 57.130000,	Top-5 err = 36.300000,	train_time = 16.264263
TRAIN Iter 67: loss = 0.003383,	Top-1 err = 55.670000,	Top-5 err = 34.370000,	train_time = 16.928691
TRAIN Iter 68: loss = 0.003343,	Top-1 err = 60.760000,	Top-5 err = 39.100000,	train_time = 17.200522
TRAIN Iter 69: loss = 0.003344,	Top-1 err = 56.510000,	Top-5 err = 34.430000,	train_time = 17.322307
TRAIN Iter 70: loss = 0.003364,	Top-1 err = 60.590000,	Top-5 err = 39.400000,	train_time = 16.723321
TRAIN Iter 71: loss = 0.003320,	Top-1 err = 52.580000,	Top-5 err = 31.140000,	train_time = 18.311070
TRAIN Iter 72: loss = 0.003311,	Top-1 err = 59.850000,	Top-5 err = 40.450000,	train_time = 16.613034
TRAIN Iter 73: loss = 0.003223,	Top-1 err = 60.230000,	Top-5 err = 38.890000,	train_time = 17.308236
TRAIN Iter 74: loss = 0.003251,	Top-1 err = 63.030000,	Top-5 err = 41.260000,	train_time = 16.439591
TRAIN Iter 75: loss = 0.003238,	Top-1 err = 58.590000,	Top-5 err = 36.610000,	train_time = 17.148852
TRAIN Iter 76: loss = 0.003211,	Top-1 err = 51.030000,	Top-5 err = 29.980000,	train_time = 17.331046
TRAIN Iter 77: loss = 0.003227,	Top-1 err = 55.280000,	Top-5 err = 34.640000,	train_time = 16.374771
TRAIN Iter 78: loss = 0.003192,	Top-1 err = 56.990000,	Top-5 err = 36.530000,	train_time = 17.602913
TRAIN Iter 79: loss = 0.003177,	Top-1 err = 54.180000,	Top-5 err = 32.830000,	train_time = 17.633487
TRAIN Iter 80: loss = 0.003182,	Top-1 err = 56.980000,	Top-5 err = 36.700000,	train_time = 16.334590
TRAIN Iter 81: loss = 0.003142,	Top-1 err = 52.320000,	Top-5 err = 31.300000,	train_time = 16.783502
TRAIN Iter 82: loss = 0.003147,	Top-1 err = 54.520000,	Top-5 err = 34.040000,	train_time = 17.452851
TRAIN Iter 83: loss = 0.003142,	Top-1 err = 54.570000,	Top-5 err = 33.060000,	train_time = 16.620391
TRAIN Iter 84: loss = 0.003138,	Top-1 err = 53.260000,	Top-5 err = 31.960000,	train_time = 16.654053
TRAIN Iter 85: loss = 0.003106,	Top-1 err = 53.770000,	Top-5 err = 32.520000,	train_time = 18.077157
TRAIN Iter 86: loss = 0.003061,	Top-1 err = 57.410000,	Top-5 err = 36.990000,	train_time = 16.360658
TRAIN Iter 87: loss = 0.003112,	Top-1 err = 52.640000,	Top-5 err = 30.720000,	train_time = 16.682497
TRAIN Iter 88: loss = 0.003093,	Top-1 err = 54.170000,	Top-5 err = 32.240000,	train_time = 17.778147
TRAIN Iter 89: loss = 0.003063,	Top-1 err = 55.700000,	Top-5 err = 36.410000,	train_time = 16.743596
TRAIN Iter 90: loss = 0.003029,	Top-1 err = 52.750000,	Top-5 err = 31.990000,	train_time = 18.056697
TRAIN Iter 91: loss = 0.003047,	Top-1 err = 55.190000,	Top-5 err = 32.740000,	train_time = 16.928578
TRAIN Iter 92: loss = 0.003021,	Top-1 err = 55.790000,	Top-5 err = 34.840000,	train_time = 16.723298
TRAIN Iter 93: loss = 0.003025,	Top-1 err = 57.160000,	Top-5 err = 36.030000,	train_time = 16.738278
TRAIN Iter 94: loss = 0.003010,	Top-1 err = 56.500000,	Top-5 err = 36.930000,	train_time = 18.149564
TRAIN Iter 95: loss = 0.003024,	Top-1 err = 55.190000,	Top-5 err = 34.000000,	train_time = 16.579130
TRAIN Iter 96: loss = 0.003007,	Top-1 err = 54.240000,	Top-5 err = 34.650000,	train_time = 17.213518
TRAIN Iter 97: loss = 0.002984,	Top-1 err = 59.000000,	Top-5 err = 38.780000,	train_time = 16.552833
TRAIN Iter 98: loss = 0.002973,	Top-1 err = 53.340000,	Top-5 err = 32.160000,	train_time = 17.553663
TRAIN Iter 99: loss = 0.002937,	Top-1 err = 48.740000,	Top-5 err = 27.620000,	train_time = 16.415480
TRAIN Iter 100: loss = 0.002954,	Top-1 err = 54.890000,	Top-5 err = 34.180000,	train_time = 16.835052
TRAIN Iter 101: loss = 0.002914,	Top-1 err = 56.950000,	Top-5 err = 36.760000,	train_time = 16.828405
TRAIN Iter 102: loss = 0.002887,	Top-1 err = 51.050000,	Top-5 err = 30.820000,	train_time = 16.862486
TRAIN Iter 103: loss = 0.002885,	Top-1 err = 55.870000,	Top-5 err = 34.550000,	train_time = 16.944043
TRAIN Iter 104: loss = 0.002909,	Top-1 err = 53.930000,	Top-5 err = 34.540000,	train_time = 17.339807
TRAIN Iter 105: loss = 0.002877,	Top-1 err = 55.890000,	Top-5 err = 34.730000,	train_time = 16.620340
TRAIN Iter 106: loss = 0.002861,	Top-1 err = 52.480000,	Top-5 err = 31.130000,	train_time = 16.984958
TRAIN Iter 107: loss = 0.002890,	Top-1 err = 57.630000,	Top-5 err = 37.400000,	train_time = 18.145637
TRAIN Iter 108: loss = 0.002842,	Top-1 err = 49.430000,	Top-5 err = 28.330000,	train_time = 16.282040
TRAIN Iter 109: loss = 0.002892,	Top-1 err = 59.780000,	Top-5 err = 39.840000,	train_time = 16.904844
TRAIN Iter 110: loss = 0.002870,	Top-1 err = 54.410000,	Top-5 err = 34.290000,	train_time = 16.904569
TRAIN Iter 111: loss = 0.002863,	Top-1 err = 52.200000,	Top-5 err = 31.560000,	train_time = 16.804043
TRAIN Iter 112: loss = 0.002836,	Top-1 err = 59.090000,	Top-5 err = 40.100000,	train_time = 18.116127
TRAIN Iter 113: loss = 0.002833,	Top-1 err = 56.440000,	Top-5 err = 37.980000,	train_time = 16.704983
TRAIN Iter 114: loss = 0.002810,	Top-1 err = 54.400000,	Top-5 err = 34.430000,	train_time = 16.933951
TRAIN Iter 115: loss = 0.002817,	Top-1 err = 52.000000,	Top-5 err = 33.070000,	train_time = 16.648014
TRAIN Iter 116: loss = 0.002811,	Top-1 err = 53.320000,	Top-5 err = 33.420000,	train_time = 17.663792
TRAIN Iter 117: loss = 0.002816,	Top-1 err = 54.780000,	Top-5 err = 35.800000,	train_time = 16.675343
TRAIN Iter 118: loss = 0.002790,	Top-1 err = 57.600000,	Top-5 err = 38.380000,	train_time = 16.940810
TRAIN Iter 119: loss = 0.002802,	Top-1 err = 61.120000,	Top-5 err = 41.150000,	train_time = 16.691403
TRAIN Iter 120: loss = 0.002752,	Top-1 err = 54.290000,	Top-5 err = 33.910000,	train_time = 17.301985
TRAIN Iter 121: loss = 0.002776,	Top-1 err = 52.530000,	Top-5 err = 31.070000,	train_time = 17.434778
TRAIN Iter 122: loss = 0.002778,	Top-1 err = 53.860000,	Top-5 err = 33.180000,	train_time = 16.396492
TRAIN Iter 123: loss = 0.002784,	Top-1 err = 56.280000,	Top-5 err = 34.690000,	train_time = 17.013179
TRAIN Iter 124: loss = 0.002739,	Top-1 err = 56.750000,	Top-5 err = 36.300000,	train_time = 17.723832
TRAIN Iter 125: loss = 0.002739,	Top-1 err = 52.860000,	Top-5 err = 33.390000,	train_time = 17.617723
TRAIN Iter 126: loss = 0.002733,	Top-1 err = 51.350000,	Top-5 err = 32.190000,	train_time = 16.598775
TRAIN Iter 127: loss = 0.002759,	Top-1 err = 56.910000,	Top-5 err = 36.280000,	train_time = 17.541571
TRAIN Iter 128: loss = 0.002720,	Top-1 err = 50.700000,	Top-5 err = 30.730000,	train_time = 16.273486
TRAIN Iter 129: loss = 0.002686,	Top-1 err = 51.090000,	Top-5 err = 31.700000,	train_time = 17.186653
TRAIN Iter 130: loss = 0.002712,	Top-1 err = 47.330000,	Top-5 err = 27.200000,	train_time = 17.689385
TRAIN Iter 131: loss = 0.002676,	Top-1 err = 52.880000,	Top-5 err = 33.690000,	train_time = 16.680403
TRAIN Iter 132: loss = 0.002657,	Top-1 err = 55.360000,	Top-5 err = 37.190000,	train_time = 16.767282
TRAIN Iter 133: loss = 0.002667,	Top-1 err = 52.700000,	Top-5 err = 32.140000,	train_time = 16.876259
TRAIN Iter 134: loss = 0.002672,	Top-1 err = 56.020000,	Top-5 err = 37.550000,	train_time = 16.819227
TRAIN Iter 135: loss = 0.002718,	Top-1 err = 55.260000,	Top-5 err = 34.310000,	train_time = 16.802070
TRAIN Iter 136: loss = 0.002686,	Top-1 err = 56.680000,	Top-5 err = 37.240000,	train_time = 17.344994
TRAIN Iter 137: loss = 0.002683,	Top-1 err = 51.940000,	Top-5 err = 32.360000,	train_time = 16.541319
TRAIN Iter 138: loss = 0.002662,	Top-1 err = 49.900000,	Top-5 err = 30.360000,	train_time = 16.642937
TRAIN Iter 139: loss = 0.002636,	Top-1 err = 52.660000,	Top-5 err = 33.960000,	train_time = 17.279844
TRAIN Iter 140: loss = 0.002660,	Top-1 err = 55.890000,	Top-5 err = 36.100000,	train_time = 17.083110
TRAIN Iter 141: loss = 0.002642,	Top-1 err = 53.380000,	Top-5 err = 34.060000,	train_time = 17.889833
TRAIN Iter 142: loss = 0.002678,	Top-1 err = 56.160000,	Top-5 err = 36.560000,	train_time = 16.667633
TRAIN Iter 143: loss = 0.002643,	Top-1 err = 55.550000,	Top-5 err = 34.880000,	train_time = 16.372069
TRAIN Iter 144: loss = 0.002637,	Top-1 err = 52.370000,	Top-5 err = 32.160000,	train_time = 18.062833
TRAIN Iter 145: loss = 0.002622,	Top-1 err = 52.040000,	Top-5 err = 32.670000,	train_time = 16.393118
TRAIN Iter 146: loss = 0.002638,	Top-1 err = 54.090000,	Top-5 err = 34.580000,	train_time = 17.832559
TRAIN Iter 147: loss = 0.002636,	Top-1 err = 50.340000,	Top-5 err = 30.010000,	train_time = 16.345431
TRAIN Iter 148: loss = 0.002582,	Top-1 err = 53.700000,	Top-5 err = 35.040000,	train_time = 16.712320
TRAIN Iter 149: loss = 0.002614,	Top-1 err = 49.250000,	Top-5 err = 29.280000,	train_time = 16.833522
TRAIN Iter 150: loss = 0.002594,	Top-1 err = 49.240000,	Top-5 err = 28.050000,	train_time = 17.461262
TRAIN Iter 151: loss = 0.002612,	Top-1 err = 56.320000,	Top-5 err = 36.150000,	train_time = 16.347211
TRAIN Iter 152: loss = 0.002612,	Top-1 err = 54.600000,	Top-5 err = 36.530000,	train_time = 16.679330
TRAIN Iter 153: loss = 0.002601,	Top-1 err = 48.830000,	Top-5 err = 29.280000,	train_time = 17.379662
TRAIN Iter 154: loss = 0.002599,	Top-1 err = 52.460000,	Top-5 err = 33.080000,	train_time = 17.595912
TRAIN Iter 155: loss = 0.002610,	Top-1 err = 52.870000,	Top-5 err = 31.010000,	train_time = 17.384484
TRAIN Iter 156: loss = 0.002577,	Top-1 err = 52.590000,	Top-5 err = 32.220000,	train_time = 16.181441
TRAIN Iter 157: loss = 0.002574,	Top-1 err = 56.420000,	Top-5 err = 37.710000,	train_time = 17.665430
TRAIN Iter 158: loss = 0.002581,	Top-1 err = 49.430000,	Top-5 err = 28.420000,	train_time = 16.665237
TRAIN Iter 159: loss = 0.002540,	Top-1 err = 49.970000,	Top-5 err = 30.050000,	train_time = 16.967466
TRAIN Iter 160: loss = 0.002570,	Top-1 err = 54.340000,	Top-5 err = 36.190000,	train_time = 16.557994
TRAIN Iter 161: loss = 0.002508,	Top-1 err = 52.120000,	Top-5 err = 32.940000,	train_time = 17.159503
TRAIN Iter 162: loss = 0.002533,	Top-1 err = 54.150000,	Top-5 err = 35.520000,	train_time = 17.618687
TRAIN Iter 163: loss = 0.002543,	Top-1 err = 57.350000,	Top-5 err = 38.520000,	train_time = 17.605149
TRAIN Iter 164: loss = 0.002581,	Top-1 err = 59.790000,	Top-5 err = 39.750000,	train_time = 16.640245
TRAIN Iter 165: loss = 0.002536,	Top-1 err = 52.430000,	Top-5 err = 32.450000,	train_time = 17.007663
TRAIN Iter 166: loss = 0.002512,	Top-1 err = 48.350000,	Top-5 err = 28.130000,	train_time = 16.962564
TRAIN Iter 167: loss = 0.002540,	Top-1 err = 54.220000,	Top-5 err = 35.440000,	train_time = 16.962214
TRAIN Iter 168: loss = 0.002513,	Top-1 err = 54.990000,	Top-5 err = 37.970000,	train_time = 17.640186
TRAIN Iter 169: loss = 0.002495,	Top-1 err = 48.890000,	Top-5 err = 30.160000,	train_time = 16.600772
TRAIN Iter 170: loss = 0.002429,	Top-1 err = 45.860000,	Top-5 err = 26.960000,	train_time = 16.687881
TRAIN Iter 171: loss = 0.002516,	Top-1 err = 53.320000,	Top-5 err = 32.460000,	train_time = 16.699423
TRAIN Iter 172: loss = 0.002494,	Top-1 err = 52.660000,	Top-5 err = 33.440000,	train_time = 17.717331
TRAIN Iter 173: loss = 0.002488,	Top-1 err = 49.530000,	Top-5 err = 30.140000,	train_time = 17.153338
TRAIN Iter 174: loss = 0.002509,	Top-1 err = 57.500000,	Top-5 err = 38.310000,	train_time = 16.974817
TRAIN Iter 175: loss = 0.002496,	Top-1 err = 51.670000,	Top-5 err = 31.340000,	train_time = 17.121047
TRAIN Iter 176: loss = 0.002496,	Top-1 err = 56.860000,	Top-5 err = 38.260000,	train_time = 17.338642
TRAIN Iter 177: loss = 0.002481,	Top-1 err = 52.660000,	Top-5 err = 34.040000,	train_time = 16.535898
TRAIN Iter 178: loss = 0.002461,	Top-1 err = 52.130000,	Top-5 err = 32.400000,	train_time = 16.401976
TRAIN Iter 179: loss = 0.002461,	Top-1 err = 57.960000,	Top-5 err = 38.780000,	train_time = 17.209682
TRAIN Iter 180: loss = 0.002490,	Top-1 err = 53.650000,	Top-5 err = 33.230000,	train_time = 16.939417
TRAIN Iter 181: loss = 0.002478,	Top-1 err = 54.510000,	Top-5 err = 35.970000,	train_time = 18.147192
TRAIN Iter 182: loss = 0.002397,	Top-1 err = 44.890000,	Top-5 err = 27.420000,	train_time = 16.972887
TRAIN Iter 183: loss = 0.002425,	Top-1 err = 49.470000,	Top-5 err = 29.860000,	train_time = 17.121377
TRAIN Iter 184: loss = 0.002471,	Top-1 err = 56.570000,	Top-5 err = 36.470000,	train_time = 17.341635
TRAIN Iter 185: loss = 0.002455,	Top-1 err = 54.190000,	Top-5 err = 34.480000,	train_time = 16.346070
TRAIN Iter 186: loss = 0.002455,	Top-1 err = 54.690000,	Top-5 err = 35.510000,	train_time = 16.462692
TRAIN Iter 187: loss = 0.002455,	Top-1 err = 57.080000,	Top-5 err = 36.860000,	train_time = 17.570876
TRAIN Iter 188: loss = 0.002434,	Top-1 err = 48.290000,	Top-5 err = 28.940000,	train_time = 16.721005
TRAIN Iter 189: loss = 0.002422,	Top-1 err = 50.050000,	Top-5 err = 30.610000,	train_time = 16.233986
TRAIN Iter 190: loss = 0.002440,	Top-1 err = 53.770000,	Top-5 err = 35.800000,	train_time = 17.630785
TRAIN Iter 191: loss = 0.002438,	Top-1 err = 51.030000,	Top-5 err = 31.350000,	train_time = 16.803556
TRAIN Iter 192: loss = 0.002444,	Top-1 err = 55.520000,	Top-5 err = 36.740000,	train_time = 16.864927
TRAIN Iter 193: loss = 0.002393,	Top-1 err = 45.280000,	Top-5 err = 26.220000,	train_time = 17.866937
TRAIN Iter 194: loss = 0.002395,	Top-1 err = 53.210000,	Top-5 err = 34.920000,	train_time = 16.096111
TRAIN Iter 195: loss = 0.002393,	Top-1 err = 56.070000,	Top-5 err = 37.380000,	train_time = 17.184271
TRAIN Iter 196: loss = 0.002389,	Top-1 err = 52.500000,	Top-5 err = 32.920000,	train_time = 16.750476
TRAIN Iter 197: loss = 0.002408,	Top-1 err = 53.280000,	Top-5 err = 35.070000,	train_time = 17.934041
TRAIN Iter 198: loss = 0.002433,	Top-1 err = 53.180000,	Top-5 err = 33.800000,	train_time = 16.616193
TRAIN Iter 199: loss = 0.002401,	Top-1 err = 52.080000,	Top-5 err = 33.520000,	train_time = 16.395718
TRAIN Iter 200: loss = 0.002408,	Top-1 err = 48.520000,	Top-5 err = 29.060000,	train_time = 17.787737
TRAIN Iter 201: loss = 0.002393,	Top-1 err = 51.300000,	Top-5 err = 32.310000,	train_time = 16.752951
TRAIN Iter 202: loss = 0.002384,	Top-1 err = 53.180000,	Top-5 err = 32.840000,	train_time = 16.166051
TRAIN Iter 203: loss = 0.002366,	Top-1 err = 49.430000,	Top-5 err = 29.810000,	train_time = 17.277848
TRAIN Iter 204: loss = 0.002387,	Top-1 err = 51.590000,	Top-5 err = 32.160000,	train_time = 16.995308
TRAIN Iter 205: loss = 0.002346,	Top-1 err = 52.270000,	Top-5 err = 33.590000,	train_time = 17.999258
TRAIN Iter 206: loss = 0.002366,	Top-1 err = 52.380000,	Top-5 err = 33.320000,	train_time = 16.969664
TRAIN Iter 207: loss = 0.002363,	Top-1 err = 55.800000,	Top-5 err = 37.330000,	train_time = 16.724608
TRAIN Iter 208: loss = 0.002313,	Top-1 err = 46.000000,	Top-5 err = 28.660000,	train_time = 16.252246
TRAIN Iter 209: loss = 0.002379,	Top-1 err = 54.460000,	Top-5 err = 34.480000,	train_time = 16.539995
TRAIN Iter 210: loss = 0.002365,	Top-1 err = 51.750000,	Top-5 err = 33.240000,	train_time = 17.242413
TRAIN Iter 211: loss = 0.002357,	Top-1 err = 55.120000,	Top-5 err = 36.330000,	train_time = 16.787946
TRAIN Iter 212: loss = 0.002358,	Top-1 err = 54.470000,	Top-5 err = 34.740000,	train_time = 17.676220
TRAIN Iter 213: loss = 0.002407,	Top-1 err = 58.390000,	Top-5 err = 38.940000,	train_time = 16.220888
TRAIN Iter 214: loss = 0.002347,	Top-1 err = 44.080000,	Top-5 err = 23.550000,	train_time = 17.268320
TRAIN Iter 215: loss = 0.002268,	Top-1 err = 44.940000,	Top-5 err = 26.960000,	train_time = 16.522227
TRAIN Iter 216: loss = 0.002357,	Top-1 err = 49.760000,	Top-5 err = 29.600000,	train_time = 17.335869
TRAIN Iter 217: loss = 0.002310,	Top-1 err = 46.340000,	Top-5 err = 27.180000,	train_time = 16.674884
TRAIN Iter 218: loss = 0.002369,	Top-1 err = 53.230000,	Top-5 err = 32.500000,	train_time = 16.711274
TRAIN Iter 219: loss = 0.002312,	Top-1 err = 50.920000,	Top-5 err = 32.160000,	train_time = 17.188393
TRAIN Iter 220: loss = 0.002315,	Top-1 err = 49.090000,	Top-5 err = 30.390000,	train_time = 16.692347
TRAIN Iter 221: loss = 0.002342,	Top-1 err = 55.940000,	Top-5 err = 37.180000,	train_time = 16.927069
TRAIN Iter 222: loss = 0.002310,	Top-1 err = 47.580000,	Top-5 err = 27.920000,	train_time = 18.188810
TRAIN Iter 223: loss = 0.002318,	Top-1 err = 50.930000,	Top-5 err = 32.020000,	train_time = 16.176316
TRAIN Iter 224: loss = 0.002283,	Top-1 err = 49.910000,	Top-5 err = 31.560000,	train_time = 17.771375
TRAIN Iter 225: loss = 0.002298,	Top-1 err = 49.350000,	Top-5 err = 29.970000,	train_time = 17.041464
TRAIN Iter 226: loss = 0.002340,	Top-1 err = 52.340000,	Top-5 err = 33.310000,	train_time = 16.327383
TRAIN Iter 227: loss = 0.002329,	Top-1 err = 50.750000,	Top-5 err = 31.190000,	train_time = 16.469039
TRAIN Iter 228: loss = 0.002274,	Top-1 err = 49.440000,	Top-5 err = 32.350000,	train_time = 18.175789
TRAIN Iter 229: loss = 0.002281,	Top-1 err = 48.810000,	Top-5 err = 29.870000,	train_time = 16.066582
TRAIN Iter 230: loss = 0.002295,	Top-1 err = 52.650000,	Top-5 err = 34.710000,	train_time = 16.554402
TRAIN Iter 231: loss = 0.002279,	Top-1 err = 51.930000,	Top-5 err = 33.150000,	train_time = 18.385862
TRAIN Iter 232: loss = 0.002285,	Top-1 err = 50.660000,	Top-5 err = 32.020000,	train_time = 16.397664
TRAIN Iter 233: loss = 0.002272,	Top-1 err = 52.040000,	Top-5 err = 34.100000,	train_time = 16.215631
TRAIN Iter 234: loss = 0.002267,	Top-1 err = 51.540000,	Top-5 err = 33.900000,	train_time = 17.970086
TRAIN Iter 235: loss = 0.002287,	Top-1 err = 54.250000,	Top-5 err = 35.810000,	train_time = 16.288936
TRAIN Iter 236: loss = 0.002269,	Top-1 err = 52.730000,	Top-5 err = 33.920000,	train_time = 16.896667
TRAIN Iter 237: loss = 0.002263,	Top-1 err = 49.570000,	Top-5 err = 30.410000,	train_time = 16.429475
TRAIN Iter 238: loss = 0.002287,	Top-1 err = 50.550000,	Top-5 err = 30.920000,	train_time = 18.264747
TRAIN Iter 239: loss = 0.002237,	Top-1 err = 51.410000,	Top-5 err = 33.630000,	train_time = 16.061590
TRAIN Iter 240: loss = 0.002267,	Top-1 err = 54.340000,	Top-5 err = 35.990000,	train_time = 16.582004
TRAIN Iter 241: loss = 0.002261,	Top-1 err = 53.260000,	Top-5 err = 34.220000,	train_time = 17.401145
TRAIN Iter 242: loss = 0.002296,	Top-1 err = 52.470000,	Top-5 err = 32.330000,	train_time = 16.665859
TRAIN Iter 243: loss = 0.002260,	Top-1 err = 50.440000,	Top-5 err = 30.640000,	train_time = 16.624958
TRAIN Iter 244: loss = 0.002227,	Top-1 err = 47.760000,	Top-5 err = 30.440000,	train_time = 16.741545
TRAIN Iter 245: loss = 0.002244,	Top-1 err = 50.770000,	Top-5 err = 33.020000,	train_time = 18.411528
TRAIN Iter 246: loss = 0.002275,	Top-1 err = 57.690000,	Top-5 err = 37.460000,	train_time = 15.972879
TRAIN Iter 247: loss = 0.002216,	Top-1 err = 52.670000,	Top-5 err = 34.920000,	train_time = 18.087307
TRAIN Iter 248: loss = 0.002278,	Top-1 err = 51.580000,	Top-5 err = 32.220000,	train_time = 16.770521
TRAIN Iter 249: loss = 0.002255,	Top-1 err = 50.220000,	Top-5 err = 31.220000,	train_time = 17.128496
TEST:
Iter 249: loss = 1.884201,	Top-1 err = 44.430000,	Top-5 err = 20.280000,	val_time = 3.386395
TRAIN Iter 250: loss = 0.002194,	Top-1 err = 43.370000,	Top-5 err = 24.360000,	train_time = 16.000849
TRAIN Iter 251: loss = 0.002213,	Top-1 err = 49.200000,	Top-5 err = 29.950000,	train_time = 17.205801
TRAIN Iter 252: loss = 0.002219,	Top-1 err = 47.870000,	Top-5 err = 28.420000,	train_time = 16.387306
TRAIN Iter 253: loss = 0.002226,	Top-1 err = 48.210000,	Top-5 err = 29.770000,	train_time = 17.299757
TRAIN Iter 254: loss = 0.002215,	Top-1 err = 47.250000,	Top-5 err = 28.910000,	train_time = 16.302122
TRAIN Iter 255: loss = 0.002208,	Top-1 err = 50.110000,	Top-5 err = 33.100000,	train_time = 16.994379
TRAIN Iter 256: loss = 0.002207,	Top-1 err = 47.870000,	Top-5 err = 29.470000,	train_time = 16.208439
TRAIN Iter 257: loss = 0.002219,	Top-1 err = 49.520000,	Top-5 err = 30.870000,	train_time = 18.269104
TRAIN Iter 258: loss = 0.002192,	Top-1 err = 45.390000,	Top-5 err = 25.590000,	train_time = 17.571581
TRAIN Iter 259: loss = 0.002238,	Top-1 err = 51.090000,	Top-5 err = 32.430000,	train_time = 16.761799
TEST:
Iter 259: loss = 1.851508,	Top-1 err = 43.380000,	Top-5 err = 19.870000,	val_time = 3.234662
TRAIN Iter 260: loss = 0.002255,	Top-1 err = 52.690000,	Top-5 err = 34.450000,	train_time = 17.018878
TRAIN Iter 261: loss = 0.002178,	Top-1 err = 46.300000,	Top-5 err = 28.940000,	train_time = 17.081081
TRAIN Iter 262: loss = 0.002216,	Top-1 err = 51.140000,	Top-5 err = 33.150000,	train_time = 16.089365
TRAIN Iter 263: loss = 0.002189,	Top-1 err = 47.850000,	Top-5 err = 29.490000,	train_time = 16.503376
TRAIN Iter 264: loss = 0.002193,	Top-1 err = 51.210000,	Top-5 err = 33.450000,	train_time = 17.717260
TRAIN Iter 265: loss = 0.002172,	Top-1 err = 47.860000,	Top-5 err = 29.310000,	train_time = 17.125011
TRAIN Iter 266: loss = 0.002205,	Top-1 err = 54.240000,	Top-5 err = 36.800000,	train_time = 16.200647
TRAIN Iter 267: loss = 0.002201,	Top-1 err = 48.800000,	Top-5 err = 29.340000,	train_time = 16.587175
TRAIN Iter 268: loss = 0.002219,	Top-1 err = 53.230000,	Top-5 err = 34.840000,	train_time = 16.688133
TRAIN Iter 269: loss = 0.002179,	Top-1 err = 49.560000,	Top-5 err = 31.280000,	train_time = 18.460769
TEST:
Iter 269: loss = 1.865605,	Top-1 err = 43.780000,	Top-5 err = 19.890000,	val_time = 3.303111
TRAIN Iter 270: loss = 0.002161,	Top-1 err = 50.800000,	Top-5 err = 33.560000,	train_time = 16.047804
TRAIN Iter 271: loss = 0.002185,	Top-1 err = 51.680000,	Top-5 err = 32.980000,	train_time = 17.682816
TRAIN Iter 272: loss = 0.002199,	Top-1 err = 55.290000,	Top-5 err = 36.760000,	train_time = 16.333157
TRAIN Iter 273: loss = 0.002197,	Top-1 err = 55.140000,	Top-5 err = 35.790000,	train_time = 16.733765
TRAIN Iter 274: loss = 0.002182,	Top-1 err = 48.640000,	Top-5 err = 29.460000,	train_time = 18.029746
TRAIN Iter 275: loss = 0.002215,	Top-1 err = 55.510000,	Top-5 err = 37.290000,	train_time = 16.180250
TRAIN Iter 276: loss = 0.002142,	Top-1 err = 47.250000,	Top-5 err = 27.990000,	train_time = 17.908644
TRAIN Iter 277: loss = 0.002215,	Top-1 err = 51.820000,	Top-5 err = 31.360000,	train_time = 16.052371
TRAIN Iter 278: loss = 0.002178,	Top-1 err = 46.290000,	Top-5 err = 26.600000,	train_time = 17.433393
TRAIN Iter 279: loss = 0.002161,	Top-1 err = 52.090000,	Top-5 err = 34.420000,	train_time = 16.595967
TEST:
Iter 279: loss = 1.872037,	Top-1 err = 43.660000,	Top-5 err = 20.150000,	val_time = 3.352865
TRAIN Iter 280: loss = 0.002164,	Top-1 err = 52.230000,	Top-5 err = 33.300000,	train_time = 16.567770
TRAIN Iter 281: loss = 0.002181,	Top-1 err = 53.310000,	Top-5 err = 33.430000,	train_time = 16.560470
TRAIN Iter 282: loss = 0.002156,	Top-1 err = 45.990000,	Top-5 err = 28.200000,	train_time = 16.720403
TRAIN Iter 283: loss = 0.002146,	Top-1 err = 50.140000,	Top-5 err = 31.270000,	train_time = 17.039377
TRAIN Iter 284: loss = 0.002108,	Top-1 err = 46.060000,	Top-5 err = 29.880000,	train_time = 16.782210
TRAIN Iter 285: loss = 0.002175,	Top-1 err = 53.440000,	Top-5 err = 33.880000,	train_time = 17.202215
TRAIN Iter 286: loss = 0.002108,	Top-1 err = 48.970000,	Top-5 err = 31.760000,	train_time = 17.449307
TRAIN Iter 287: loss = 0.002111,	Top-1 err = 46.950000,	Top-5 err = 28.590000,	train_time = 16.465689
TRAIN Iter 288: loss = 0.002176,	Top-1 err = 54.240000,	Top-5 err = 35.320000,	train_time = 18.125688
TRAIN Iter 289: loss = 0.002110,	Top-1 err = 47.000000,	Top-5 err = 28.240000,	train_time = 16.770426
TEST:
Iter 289: loss = 1.836176,	Top-1 err = 43.320000,	Top-5 err = 19.410000,	val_time = 3.527103
TRAIN Iter 290: loss = 0.002120,	Top-1 err = 50.030000,	Top-5 err = 33.020000,	train_time = 16.856877
TRAIN Iter 291: loss = 0.002196,	Top-1 err = 54.610000,	Top-5 err = 35.540000,	train_time = 17.576408
TRAIN Iter 292: loss = 0.002128,	Top-1 err = 47.650000,	Top-5 err = 28.630000,	train_time = 16.478700
TRAIN Iter 293: loss = 0.002124,	Top-1 err = 48.200000,	Top-5 err = 29.860000,	train_time = 16.191994
TRAIN Iter 294: loss = 0.002174,	Top-1 err = 55.510000,	Top-5 err = 35.370000,	train_time = 17.147976
TRAIN Iter 295: loss = 0.002106,	Top-1 err = 48.040000,	Top-5 err = 29.110000,	train_time = 16.995582
TRAIN Iter 296: loss = 0.002102,	Top-1 err = 48.620000,	Top-5 err = 30.470000,	train_time = 16.569302
TRAIN Iter 297: loss = 0.002128,	Top-1 err = 49.240000,	Top-5 err = 29.520000,	train_time = 18.012932
TRAIN Iter 298: loss = 0.002127,	Top-1 err = 50.290000,	Top-5 err = 31.380000,	train_time = 16.243558
TRAIN Iter 299: loss = 0.002124,	Top-1 err = 48.800000,	Top-5 err = 29.780000,	train_time = 17.041357
TEST:
Iter 299: loss = 1.823625,	Top-1 err = 42.930000,	Top-5 err = 19.450000,	val_time = 3.585652
Train Finish! Best accuracy is 57.07@299
