/home/dvspanos/miniconda3/envs/rded/lib/python3.10/site-packages/torchvision/models/_utils.py:208: UserWarning: The parameter 'pretrained' is deprecated since 0.13 and may be removed in the future, please use 'weights' instead.
  warnings.warn(
/home/dvspanos/miniconda3/envs/rded/lib/python3.10/site-packages/torchvision/models/_utils.py:223: UserWarning: Arguments other than a weight enum or `None` for 'weights' are deprecated since 0.13 and may be removed in the future. The current behavior is equivalent to passing `weights=None`.
  warnings.warn(msg)
=> using pytorch pre-trained teacher model 'resnet18_modified'
process data from /home/dvspanos/nikos/ca2d/artifacts/sets/bench_tin_rn18_ca2d_ipc10
load data successfully
TRAIN Iter 0: loss = 0.020478,	Top-1 err = 98.700000,	Top-5 err = 95.350000,	train_time = 4.576636
TRAIN Iter 1: loss = 0.016587,	Top-1 err = 98.050000,	Top-5 err = 90.750000,	train_time = 2.866743
TRAIN Iter 2: loss = 0.019125,	Top-1 err = 97.300000,	Top-5 err = 88.900000,	train_time = 2.870291
TRAIN Iter 3: loss = 0.015651,	Top-1 err = 96.900000,	Top-5 err = 86.850000,	train_time = 2.863651
TRAIN Iter 4: loss = 0.016892,	Top-1 err = 95.350000,	Top-5 err = 85.600000,	train_time = 2.892486
TRAIN Iter 5: loss = 0.015298,	Top-1 err = 95.400000,	Top-5 err = 85.250000,	train_time = 2.905492
TRAIN Iter 6: loss = 0.016197,	Top-1 err = 94.900000,	Top-5 err = 80.900000,	train_time = 2.866723
TRAIN Iter 7: loss = 0.015738,	Top-1 err = 93.800000,	Top-5 err = 79.350000,	train_time = 2.905883
TRAIN Iter 8: loss = 0.015243,	Top-1 err = 92.200000,	Top-5 err = 77.400000,	train_time = 2.892538
TRAIN Iter 9: loss = 0.015900,	Top-1 err = 91.400000,	Top-5 err = 77.250000,	train_time = 2.916345
TRAIN Iter 10: loss = 0.014403,	Top-1 err = 92.600000,	Top-5 err = 76.950000,	train_time = 2.990094
TRAIN Iter 11: loss = 0.016011,	Top-1 err = 88.750000,	Top-5 err = 69.100000,	train_time = 2.960602
TRAIN Iter 12: loss = 0.016236,	Top-1 err = 89.200000,	Top-5 err = 70.650000,	train_time = 3.013376
TRAIN Iter 13: loss = 0.013946,	Top-1 err = 93.100000,	Top-5 err = 77.150000,	train_time = 3.060067
TRAIN Iter 14: loss = 0.014670,	Top-1 err = 88.450000,	Top-5 err = 68.500000,	train_time = 2.934499
TRAIN Iter 15: loss = 0.012730,	Top-1 err = 90.400000,	Top-5 err = 73.300000,	train_time = 3.050449
TRAIN Iter 16: loss = 0.012995,	Top-1 err = 87.900000,	Top-5 err = 68.150000,	train_time = 2.964996
TRAIN Iter 17: loss = 0.013113,	Top-1 err = 86.350000,	Top-5 err = 67.650000,	train_time = 2.949617
TRAIN Iter 18: loss = 0.013876,	Top-1 err = 86.750000,	Top-5 err = 65.850000,	train_time = 2.950816
TRAIN Iter 19: loss = 0.012413,	Top-1 err = 86.800000,	Top-5 err = 67.450000,	train_time = 3.009044
TRAIN Iter 20: loss = 0.013869,	Top-1 err = 85.450000,	Top-5 err = 65.550000,	train_time = 3.074804
TRAIN Iter 21: loss = 0.012911,	Top-1 err = 83.300000,	Top-5 err = 61.300000,	train_time = 3.057545
TRAIN Iter 22: loss = 0.012113,	Top-1 err = 84.350000,	Top-5 err = 62.300000,	train_time = 2.916271
TRAIN Iter 23: loss = 0.013153,	Top-1 err = 80.950000,	Top-5 err = 56.400000,	train_time = 3.010817
TRAIN Iter 24: loss = 0.012705,	Top-1 err = 81.050000,	Top-5 err = 56.800000,	train_time = 2.997998
TRAIN Iter 25: loss = 0.013179,	Top-1 err = 76.200000,	Top-5 err = 50.300000,	train_time = 3.053886
TRAIN Iter 26: loss = 0.013042,	Top-1 err = 78.600000,	Top-5 err = 54.800000,	train_time = 2.955018
TRAIN Iter 27: loss = 0.013064,	Top-1 err = 80.500000,	Top-5 err = 58.600000,	train_time = 3.065916
TRAIN Iter 28: loss = 0.011547,	Top-1 err = 80.600000,	Top-5 err = 56.300000,	train_time = 3.029880
TRAIN Iter 29: loss = 0.012302,	Top-1 err = 74.500000,	Top-5 err = 48.600000,	train_time = 2.953648
TRAIN Iter 30: loss = 0.011581,	Top-1 err = 74.950000,	Top-5 err = 51.800000,	train_time = 3.166128
TRAIN Iter 31: loss = 0.012622,	Top-1 err = 74.700000,	Top-5 err = 49.450000,	train_time = 3.280691
TRAIN Iter 32: loss = 0.011884,	Top-1 err = 72.100000,	Top-5 err = 46.900000,	train_time = 3.114321
TRAIN Iter 33: loss = 0.012455,	Top-1 err = 68.600000,	Top-5 err = 42.500000,	train_time = 2.983176
TRAIN Iter 34: loss = 0.011994,	Top-1 err = 71.500000,	Top-5 err = 46.600000,	train_time = 3.007079
TRAIN Iter 35: loss = 0.012073,	Top-1 err = 71.200000,	Top-5 err = 45.400000,	train_time = 2.987474
TRAIN Iter 36: loss = 0.010130,	Top-1 err = 73.650000,	Top-5 err = 50.900000,	train_time = 2.980642
TRAIN Iter 37: loss = 0.011481,	Top-1 err = 64.850000,	Top-5 err = 37.250000,	train_time = 3.045489
TRAIN Iter 38: loss = 0.010542,	Top-1 err = 64.450000,	Top-5 err = 36.500000,	train_time = 3.046467
TRAIN Iter 39: loss = 0.010832,	Top-1 err = 69.500000,	Top-5 err = 45.350000,	train_time = 3.084704
TRAIN Iter 40: loss = 0.010069,	Top-1 err = 73.850000,	Top-5 err = 52.200000,	train_time = 2.926992
TRAIN Iter 41: loss = 0.010970,	Top-1 err = 64.900000,	Top-5 err = 40.150000,	train_time = 2.981520
TRAIN Iter 42: loss = 0.009619,	Top-1 err = 74.550000,	Top-5 err = 50.400000,	train_time = 3.139202
TRAIN Iter 43: loss = 0.010820,	Top-1 err = 63.350000,	Top-5 err = 40.650000,	train_time = 3.088558
TRAIN Iter 44: loss = 0.009386,	Top-1 err = 67.850000,	Top-5 err = 43.800000,	train_time = 2.994022
TRAIN Iter 45: loss = 0.009805,	Top-1 err = 64.500000,	Top-5 err = 40.550000,	train_time = 2.957721
TRAIN Iter 46: loss = 0.010175,	Top-1 err = 61.400000,	Top-5 err = 34.800000,	train_time = 3.047157
TRAIN Iter 47: loss = 0.010700,	Top-1 err = 56.600000,	Top-5 err = 30.950000,	train_time = 3.161238
TRAIN Iter 48: loss = 0.009060,	Top-1 err = 66.850000,	Top-5 err = 42.650000,	train_time = 3.009921
TRAIN Iter 49: loss = 0.009381,	Top-1 err = 62.800000,	Top-5 err = 37.350000,	train_time = 3.015547
TRAIN Iter 50: loss = 0.009977,	Top-1 err = 56.300000,	Top-5 err = 31.550000,	train_time = 3.035416
TRAIN Iter 51: loss = 0.009344,	Top-1 err = 64.200000,	Top-5 err = 40.300000,	train_time = 3.208441
TRAIN Iter 52: loss = 0.009411,	Top-1 err = 57.200000,	Top-5 err = 32.850000,	train_time = 2.980122
TRAIN Iter 53: loss = 0.009402,	Top-1 err = 62.200000,	Top-5 err = 41.150000,	train_time = 3.025671
TRAIN Iter 54: loss = 0.008787,	Top-1 err = 65.350000,	Top-5 err = 42.950000,	train_time = 3.177830
TRAIN Iter 55: loss = 0.009856,	Top-1 err = 46.400000,	Top-5 err = 23.800000,	train_time = 3.114156
TRAIN Iter 56: loss = 0.009319,	Top-1 err = 62.150000,	Top-5 err = 42.600000,	train_time = 3.000406
TRAIN Iter 57: loss = 0.008853,	Top-1 err = 52.950000,	Top-5 err = 29.750000,	train_time = 2.983694
TRAIN Iter 58: loss = 0.009139,	Top-1 err = 47.150000,	Top-5 err = 24.400000,	train_time = 3.021434
TRAIN Iter 59: loss = 0.009337,	Top-1 err = 52.450000,	Top-5 err = 31.400000,	train_time = 2.990973
TRAIN Iter 60: loss = 0.008561,	Top-1 err = 51.400000,	Top-5 err = 28.700000,	train_time = 3.042783
TRAIN Iter 61: loss = 0.008470,	Top-1 err = 52.000000,	Top-5 err = 31.500000,	train_time = 3.009252
TRAIN Iter 62: loss = 0.008608,	Top-1 err = 47.700000,	Top-5 err = 25.700000,	train_time = 3.056433
TRAIN Iter 63: loss = 0.008671,	Top-1 err = 40.650000,	Top-5 err = 20.150000,	train_time = 3.003055
TRAIN Iter 64: loss = 0.008016,	Top-1 err = 54.900000,	Top-5 err = 33.850000,	train_time = 3.130623
TRAIN Iter 65: loss = 0.008321,	Top-1 err = 53.150000,	Top-5 err = 31.950000,	train_time = 3.174762
TRAIN Iter 66: loss = 0.008541,	Top-1 err = 53.450000,	Top-5 err = 31.900000,	train_time = 3.032915
TRAIN Iter 67: loss = 0.008375,	Top-1 err = 48.550000,	Top-5 err = 29.750000,	train_time = 3.099510
TRAIN Iter 68: loss = 0.007865,	Top-1 err = 54.200000,	Top-5 err = 34.100000,	train_time = 3.292930
TRAIN Iter 69: loss = 0.008282,	Top-1 err = 45.350000,	Top-5 err = 25.800000,	train_time = 3.155518
TRAIN Iter 70: loss = 0.008074,	Top-1 err = 43.350000,	Top-5 err = 21.150000,	train_time = 3.024432
TRAIN Iter 71: loss = 0.008130,	Top-1 err = 53.900000,	Top-5 err = 35.550000,	train_time = 2.931443
TRAIN Iter 72: loss = 0.007786,	Top-1 err = 47.000000,	Top-5 err = 26.200000,	train_time = 2.962297
TRAIN Iter 73: loss = 0.007661,	Top-1 err = 54.350000,	Top-5 err = 35.100000,	train_time = 3.101587
TRAIN Iter 74: loss = 0.007452,	Top-1 err = 43.550000,	Top-5 err = 23.050000,	train_time = 3.252571
TRAIN Iter 75: loss = 0.007675,	Top-1 err = 51.600000,	Top-5 err = 32.600000,	train_time = 3.119728
TRAIN Iter 76: loss = 0.007269,	Top-1 err = 45.350000,	Top-5 err = 22.900000,	train_time = 3.014411
TRAIN Iter 77: loss = 0.007784,	Top-1 err = 38.250000,	Top-5 err = 18.200000,	train_time = 2.996916
TRAIN Iter 78: loss = 0.007390,	Top-1 err = 38.850000,	Top-5 err = 18.650000,	train_time = 2.943823
TRAIN Iter 79: loss = 0.007590,	Top-1 err = 41.550000,	Top-5 err = 22.850000,	train_time = 2.961490
TRAIN Iter 80: loss = 0.007300,	Top-1 err = 53.650000,	Top-5 err = 35.050000,	train_time = 3.098134
TRAIN Iter 81: loss = 0.007233,	Top-1 err = 44.100000,	Top-5 err = 26.150000,	train_time = 2.996572
TRAIN Iter 82: loss = 0.007262,	Top-1 err = 37.350000,	Top-5 err = 18.300000,	train_time = 2.949812
TRAIN Iter 83: loss = 0.007309,	Top-1 err = 37.050000,	Top-5 err = 19.850000,	train_time = 2.989966
TRAIN Iter 84: loss = 0.007256,	Top-1 err = 39.950000,	Top-5 err = 24.000000,	train_time = 2.984875
TRAIN Iter 85: loss = 0.006934,	Top-1 err = 39.500000,	Top-5 err = 20.650000,	train_time = 2.968346
TRAIN Iter 86: loss = 0.006697,	Top-1 err = 44.700000,	Top-5 err = 26.900000,	train_time = 2.944023
TRAIN Iter 87: loss = 0.007097,	Top-1 err = 47.600000,	Top-5 err = 33.350000,	train_time = 3.050550
TRAIN Iter 88: loss = 0.006776,	Top-1 err = 37.550000,	Top-5 err = 21.400000,	train_time = 3.032807
TRAIN Iter 89: loss = 0.006655,	Top-1 err = 39.750000,	Top-5 err = 22.950000,	train_time = 2.956532
TRAIN Iter 90: loss = 0.006901,	Top-1 err = 48.800000,	Top-5 err = 33.450000,	train_time = 3.222272
TRAIN Iter 91: loss = 0.006684,	Top-1 err = 36.900000,	Top-5 err = 18.000000,	train_time = 3.132467
TRAIN Iter 92: loss = 0.006520,	Top-1 err = 43.450000,	Top-5 err = 25.100000,	train_time = 3.035786
TRAIN Iter 93: loss = 0.006750,	Top-1 err = 44.800000,	Top-5 err = 26.250000,	train_time = 2.976979
TRAIN Iter 94: loss = 0.006538,	Top-1 err = 39.650000,	Top-5 err = 23.600000,	train_time = 3.188986
TRAIN Iter 95: loss = 0.006559,	Top-1 err = 37.450000,	Top-5 err = 22.750000,	train_time = 3.004111
TRAIN Iter 96: loss = 0.006470,	Top-1 err = 32.250000,	Top-5 err = 16.750000,	train_time = 2.985254
TRAIN Iter 97: loss = 0.006342,	Top-1 err = 42.700000,	Top-5 err = 24.600000,	train_time = 3.034053
TRAIN Iter 98: loss = 0.006313,	Top-1 err = 31.400000,	Top-5 err = 15.900000,	train_time = 3.097431
TRAIN Iter 99: loss = 0.006104,	Top-1 err = 41.850000,	Top-5 err = 27.250000,	train_time = 2.992374
TRAIN Iter 100: loss = 0.006349,	Top-1 err = 56.000000,	Top-5 err = 38.800000,	train_time = 2.987983
TRAIN Iter 101: loss = 0.006121,	Top-1 err = 30.200000,	Top-5 err = 14.400000,	train_time = 3.148838
TRAIN Iter 102: loss = 0.006178,	Top-1 err = 41.100000,	Top-5 err = 21.450000,	train_time = 3.004797
TRAIN Iter 103: loss = 0.006225,	Top-1 err = 29.950000,	Top-5 err = 13.700000,	train_time = 2.961765
TRAIN Iter 104: loss = 0.006177,	Top-1 err = 52.450000,	Top-5 err = 37.400000,	train_time = 3.239903
TRAIN Iter 105: loss = 0.006232,	Top-1 err = 49.750000,	Top-5 err = 31.300000,	train_time = 3.199829
TRAIN Iter 106: loss = 0.006164,	Top-1 err = 50.350000,	Top-5 err = 34.100000,	train_time = 3.070971
TRAIN Iter 107: loss = 0.006089,	Top-1 err = 37.900000,	Top-5 err = 27.200000,	train_time = 2.978641
TRAIN Iter 108: loss = 0.005830,	Top-1 err = 37.850000,	Top-5 err = 22.450000,	train_time = 2.957199
TRAIN Iter 109: loss = 0.005794,	Top-1 err = 32.300000,	Top-5 err = 19.450000,	train_time = 3.217211
TRAIN Iter 110: loss = 0.006123,	Top-1 err = 28.500000,	Top-5 err = 16.700000,	train_time = 3.186275
TRAIN Iter 111: loss = 0.005821,	Top-1 err = 27.250000,	Top-5 err = 16.200000,	train_time = 2.970398
TRAIN Iter 112: loss = 0.005913,	Top-1 err = 36.900000,	Top-5 err = 21.350000,	train_time = 2.997754
TRAIN Iter 113: loss = 0.005649,	Top-1 err = 44.100000,	Top-5 err = 23.900000,	train_time = 3.004892
TRAIN Iter 114: loss = 0.005858,	Top-1 err = 36.000000,	Top-5 err = 21.650000,	train_time = 2.972042
TRAIN Iter 115: loss = 0.005731,	Top-1 err = 31.850000,	Top-5 err = 17.800000,	train_time = 3.052812
TRAIN Iter 116: loss = 0.005736,	Top-1 err = 39.650000,	Top-5 err = 19.750000,	train_time = 2.957524
TRAIN Iter 117: loss = 0.005872,	Top-1 err = 31.200000,	Top-5 err = 18.650000,	train_time = 2.963794
TRAIN Iter 118: loss = 0.005739,	Top-1 err = 39.800000,	Top-5 err = 20.800000,	train_time = 3.104180
TRAIN Iter 119: loss = 0.005644,	Top-1 err = 17.900000,	Top-5 err = 6.700000,	train_time = 3.341430
TRAIN Iter 120: loss = 0.005517,	Top-1 err = 41.850000,	Top-5 err = 28.700000,	train_time = 3.064604
TRAIN Iter 121: loss = 0.005690,	Top-1 err = 33.550000,	Top-5 err = 19.300000,	train_time = 2.971579
TRAIN Iter 122: loss = 0.005687,	Top-1 err = 35.650000,	Top-5 err = 19.750000,	train_time = 2.922363
TRAIN Iter 123: loss = 0.005515,	Top-1 err = 26.550000,	Top-5 err = 13.300000,	train_time = 3.032605
TRAIN Iter 124: loss = 0.005349,	Top-1 err = 41.350000,	Top-5 err = 23.250000,	train_time = 3.034391
TRAIN Iter 125: loss = 0.005431,	Top-1 err = 37.550000,	Top-5 err = 22.500000,	train_time = 3.070476
TRAIN Iter 126: loss = 0.005502,	Top-1 err = 35.250000,	Top-5 err = 17.100000,	train_time = 2.981960
TRAIN Iter 127: loss = 0.005303,	Top-1 err = 34.100000,	Top-5 err = 20.600000,	train_time = 2.982274
TRAIN Iter 128: loss = 0.005435,	Top-1 err = 36.250000,	Top-5 err = 20.100000,	train_time = 2.991211
TRAIN Iter 129: loss = 0.005423,	Top-1 err = 30.900000,	Top-5 err = 16.700000,	train_time = 2.972985
TRAIN Iter 130: loss = 0.005382,	Top-1 err = 45.500000,	Top-5 err = 31.000000,	train_time = 3.236753
TRAIN Iter 131: loss = 0.005323,	Top-1 err = 30.250000,	Top-5 err = 18.950000,	train_time = 3.000334
TRAIN Iter 132: loss = 0.005233,	Top-1 err = 27.400000,	Top-5 err = 12.350000,	train_time = 3.121308
TRAIN Iter 133: loss = 0.005189,	Top-1 err = 20.750000,	Top-5 err = 6.600000,	train_time = 3.013910
TRAIN Iter 134: loss = 0.005119,	Top-1 err = 34.300000,	Top-5 err = 18.700000,	train_time = 2.983245
TRAIN Iter 135: loss = 0.005104,	Top-1 err = 27.850000,	Top-5 err = 13.700000,	train_time = 3.102322
TRAIN Iter 136: loss = 0.005087,	Top-1 err = 36.200000,	Top-5 err = 18.900000,	train_time = 3.096539
TRAIN Iter 137: loss = 0.005064,	Top-1 err = 44.500000,	Top-5 err = 29.100000,	train_time = 2.999782
TRAIN Iter 138: loss = 0.005190,	Top-1 err = 36.950000,	Top-5 err = 18.850000,	train_time = 3.102868
TRAIN Iter 139: loss = 0.005230,	Top-1 err = 28.950000,	Top-5 err = 13.450000,	train_time = 3.061671
TRAIN Iter 140: loss = 0.005361,	Top-1 err = 21.950000,	Top-5 err = 10.550000,	train_time = 2.961924
TRAIN Iter 141: loss = 0.005045,	Top-1 err = 36.300000,	Top-5 err = 23.100000,	train_time = 2.976346
TRAIN Iter 142: loss = 0.005232,	Top-1 err = 36.550000,	Top-5 err = 21.300000,	train_time = 3.143825
TRAIN Iter 143: loss = 0.005189,	Top-1 err = 38.600000,	Top-5 err = 23.400000,	train_time = 3.009310
TRAIN Iter 144: loss = 0.004991,	Top-1 err = 26.250000,	Top-5 err = 16.600000,	train_time = 2.980891
TRAIN Iter 145: loss = 0.004953,	Top-1 err = 17.250000,	Top-5 err = 6.750000,	train_time = 3.227881
TRAIN Iter 146: loss = 0.005015,	Top-1 err = 26.300000,	Top-5 err = 13.500000,	train_time = 3.330291
TRAIN Iter 147: loss = 0.004954,	Top-1 err = 26.000000,	Top-5 err = 10.700000,	train_time = 3.059660
TRAIN Iter 148: loss = 0.004888,	Top-1 err = 25.200000,	Top-5 err = 11.250000,	train_time = 2.952583
TRAIN Iter 149: loss = 0.004942,	Top-1 err = 22.250000,	Top-5 err = 11.350000,	train_time = 2.981159
TRAIN Iter 150: loss = 0.005026,	Top-1 err = 29.600000,	Top-5 err = 15.000000,	train_time = 2.969853
TRAIN Iter 151: loss = 0.004962,	Top-1 err = 29.800000,	Top-5 err = 14.900000,	train_time = 2.974425
TRAIN Iter 152: loss = 0.004985,	Top-1 err = 40.250000,	Top-5 err = 24.700000,	train_time = 3.023880
TRAIN Iter 153: loss = 0.004917,	Top-1 err = 41.200000,	Top-5 err = 25.700000,	train_time = 2.985561
TRAIN Iter 154: loss = 0.004860,	Top-1 err = 43.700000,	Top-5 err = 24.800000,	train_time = 2.983585
TRAIN Iter 155: loss = 0.005122,	Top-1 err = 36.750000,	Top-5 err = 25.400000,	train_time = 3.109534
TRAIN Iter 156: loss = 0.004861,	Top-1 err = 24.300000,	Top-5 err = 12.900000,	train_time = 3.055176
TRAIN Iter 157: loss = 0.004741,	Top-1 err = 21.350000,	Top-5 err = 8.450000,	train_time = 2.945042
TRAIN Iter 158: loss = 0.004715,	Top-1 err = 30.300000,	Top-5 err = 16.950000,	train_time = 2.987423
TRAIN Iter 159: loss = 0.004725,	Top-1 err = 29.500000,	Top-5 err = 14.400000,	train_time = 3.091762
TRAIN Iter 160: loss = 0.004640,	Top-1 err = 21.450000,	Top-5 err = 10.000000,	train_time = 3.091570
TRAIN Iter 161: loss = 0.004808,	Top-1 err = 38.850000,	Top-5 err = 20.150000,	train_time = 2.997973
TRAIN Iter 162: loss = 0.004699,	Top-1 err = 26.300000,	Top-5 err = 15.250000,	train_time = 2.991740
TRAIN Iter 163: loss = 0.004671,	Top-1 err = 31.750000,	Top-5 err = 19.950000,	train_time = 3.181996
TRAIN Iter 164: loss = 0.004687,	Top-1 err = 17.400000,	Top-5 err = 5.850000,	train_time = 2.949296
TRAIN Iter 165: loss = 0.004667,	Top-1 err = 24.050000,	Top-5 err = 12.200000,	train_time = 2.978918
TRAIN Iter 166: loss = 0.004835,	Top-1 err = 42.600000,	Top-5 err = 26.950000,	train_time = 2.985852
TRAIN Iter 167: loss = 0.004650,	Top-1 err = 32.050000,	Top-5 err = 16.050000,	train_time = 3.040976
TRAIN Iter 168: loss = 0.004665,	Top-1 err = 41.400000,	Top-5 err = 29.250000,	train_time = 3.000881
TRAIN Iter 169: loss = 0.004877,	Top-1 err = 49.500000,	Top-5 err = 29.700000,	train_time = 3.027529
TRAIN Iter 170: loss = 0.004774,	Top-1 err = 35.700000,	Top-5 err = 20.700000,	train_time = 3.008283
TRAIN Iter 171: loss = 0.004696,	Top-1 err = 42.650000,	Top-5 err = 24.200000,	train_time = 3.155451
TRAIN Iter 172: loss = 0.004640,	Top-1 err = 37.850000,	Top-5 err = 25.950000,	train_time = 3.081920
TRAIN Iter 173: loss = 0.004564,	Top-1 err = 36.250000,	Top-5 err = 23.300000,	train_time = 2.990850
TRAIN Iter 174: loss = 0.004627,	Top-1 err = 47.000000,	Top-5 err = 25.600000,	train_time = 3.153573
TRAIN Iter 175: loss = 0.004519,	Top-1 err = 33.800000,	Top-5 err = 21.900000,	train_time = 3.009306
TRAIN Iter 176: loss = 0.004604,	Top-1 err = 26.900000,	Top-5 err = 11.200000,	train_time = 3.027685
TRAIN Iter 177: loss = 0.004524,	Top-1 err = 22.600000,	Top-5 err = 9.500000,	train_time = 3.084108
TRAIN Iter 178: loss = 0.004503,	Top-1 err = 34.950000,	Top-5 err = 22.300000,	train_time = 2.976437
TRAIN Iter 179: loss = 0.004609,	Top-1 err = 31.700000,	Top-5 err = 19.100000,	train_time = 3.130437
TRAIN Iter 180: loss = 0.004561,	Top-1 err = 33.750000,	Top-5 err = 18.700000,	train_time = 3.098707
TRAIN Iter 181: loss = 0.004450,	Top-1 err = 23.100000,	Top-5 err = 13.400000,	train_time = 2.994003
TRAIN Iter 182: loss = 0.004264,	Top-1 err = 26.150000,	Top-5 err = 20.150000,	train_time = 3.027103
TRAIN Iter 183: loss = 0.004563,	Top-1 err = 20.800000,	Top-5 err = 11.550000,	train_time = 2.998799
TRAIN Iter 184: loss = 0.004493,	Top-1 err = 36.000000,	Top-5 err = 20.200000,	train_time = 3.388012
TRAIN Iter 185: loss = 0.004527,	Top-1 err = 22.400000,	Top-5 err = 11.350000,	train_time = 2.985328
TRAIN Iter 186: loss = 0.004502,	Top-1 err = 41.650000,	Top-5 err = 21.800000,	train_time = 2.958397
TRAIN Iter 187: loss = 0.004344,	Top-1 err = 25.550000,	Top-5 err = 15.700000,	train_time = 3.209559
TRAIN Iter 188: loss = 0.004482,	Top-1 err = 28.000000,	Top-5 err = 14.300000,	train_time = 3.160843
TRAIN Iter 189: loss = 0.004579,	Top-1 err = 34.650000,	Top-5 err = 17.700000,	train_time = 3.042723
TRAIN Iter 190: loss = 0.004333,	Top-1 err = 33.450000,	Top-5 err = 20.050000,	train_time = 2.972425
TRAIN Iter 191: loss = 0.004413,	Top-1 err = 38.300000,	Top-5 err = 24.200000,	train_time = 2.962287
TRAIN Iter 192: loss = 0.004504,	Top-1 err = 41.600000,	Top-5 err = 24.500000,	train_time = 3.119062
TRAIN Iter 193: loss = 0.004438,	Top-1 err = 36.950000,	Top-5 err = 26.350000,	train_time = 3.026795
TRAIN Iter 194: loss = 0.004301,	Top-1 err = 32.850000,	Top-5 err = 17.200000,	train_time = 2.986188
TRAIN Iter 195: loss = 0.004275,	Top-1 err = 43.600000,	Top-5 err = 27.600000,	train_time = 3.247543
TRAIN Iter 196: loss = 0.004271,	Top-1 err = 22.650000,	Top-5 err = 10.650000,	train_time = 3.139242
TRAIN Iter 197: loss = 0.004428,	Top-1 err = 35.850000,	Top-5 err = 21.550000,	train_time = 2.939867
TRAIN Iter 198: loss = 0.004401,	Top-1 err = 29.000000,	Top-5 err = 14.550000,	train_time = 2.975782
TRAIN Iter 199: loss = 0.004243,	Top-1 err = 22.450000,	Top-5 err = 16.000000,	train_time = 2.951850
TRAIN Iter 200: loss = 0.004335,	Top-1 err = 16.350000,	Top-5 err = 7.250000,	train_time = 2.976861
TRAIN Iter 201: loss = 0.004286,	Top-1 err = 24.550000,	Top-5 err = 11.400000,	train_time = 2.982829
TRAIN Iter 202: loss = 0.004265,	Top-1 err = 33.600000,	Top-5 err = 18.150000,	train_time = 2.946959
TRAIN Iter 203: loss = 0.004267,	Top-1 err = 44.350000,	Top-5 err = 28.900000,	train_time = 3.001238
TRAIN Iter 204: loss = 0.004367,	Top-1 err = 31.450000,	Top-5 err = 16.600000,	train_time = 3.069230
TRAIN Iter 205: loss = 0.004342,	Top-1 err = 39.100000,	Top-5 err = 22.150000,	train_time = 3.173023
TRAIN Iter 206: loss = 0.004259,	Top-1 err = 39.750000,	Top-5 err = 23.550000,	train_time = 3.046100
TRAIN Iter 207: loss = 0.004257,	Top-1 err = 42.100000,	Top-5 err = 22.450000,	train_time = 3.345962
TRAIN Iter 208: loss = 0.004252,	Top-1 err = 37.650000,	Top-5 err = 22.150000,	train_time = 3.062288
TRAIN Iter 209: loss = 0.004283,	Top-1 err = 25.900000,	Top-5 err = 14.500000,	train_time = 2.950648
TRAIN Iter 210: loss = 0.004123,	Top-1 err = 22.700000,	Top-5 err = 12.100000,	train_time = 3.108371
TRAIN Iter 211: loss = 0.003941,	Top-1 err = 15.450000,	Top-5 err = 9.000000,	train_time = 3.073773
TRAIN Iter 212: loss = 0.004122,	Top-1 err = 31.450000,	Top-5 err = 21.350000,	train_time = 2.987189
TRAIN Iter 213: loss = 0.004050,	Top-1 err = 28.300000,	Top-5 err = 17.550000,	train_time = 2.956272
TRAIN Iter 214: loss = 0.004203,	Top-1 err = 18.700000,	Top-5 err = 9.200000,	train_time = 3.051379
TRAIN Iter 215: loss = 0.004178,	Top-1 err = 37.800000,	Top-5 err = 21.850000,	train_time = 3.076089
TRAIN Iter 216: loss = 0.004064,	Top-1 err = 34.150000,	Top-5 err = 21.200000,	train_time = 3.039575
TRAIN Iter 217: loss = 0.004188,	Top-1 err = 40.950000,	Top-5 err = 25.700000,	train_time = 3.183459
TRAIN Iter 218: loss = 0.004122,	Top-1 err = 25.000000,	Top-5 err = 13.950000,	train_time = 2.941678
TRAIN Iter 219: loss = 0.004103,	Top-1 err = 33.800000,	Top-5 err = 20.700000,	train_time = 2.976606
TRAIN Iter 220: loss = 0.004156,	Top-1 err = 32.000000,	Top-5 err = 17.850000,	train_time = 2.982443
TRAIN Iter 221: loss = 0.004163,	Top-1 err = 39.500000,	Top-5 err = 23.800000,	train_time = 3.080088
TRAIN Iter 222: loss = 0.004131,	Top-1 err = 29.800000,	Top-5 err = 19.700000,	train_time = 3.124130
TRAIN Iter 223: loss = 0.004158,	Top-1 err = 34.750000,	Top-5 err = 21.450000,	train_time = 2.998678
TRAIN Iter 224: loss = 0.004056,	Top-1 err = 16.700000,	Top-5 err = 6.800000,	train_time = 3.285787
TRAIN Iter 225: loss = 0.004106,	Top-1 err = 35.900000,	Top-5 err = 19.350000,	train_time = 3.201186
TRAIN Iter 226: loss = 0.003987,	Top-1 err = 30.200000,	Top-5 err = 20.400000,	train_time = 3.181886
TRAIN Iter 227: loss = 0.004167,	Top-1 err = 41.300000,	Top-5 err = 26.550000,	train_time = 2.969306
TRAIN Iter 228: loss = 0.004047,	Top-1 err = 31.750000,	Top-5 err = 17.950000,	train_time = 3.024275
TRAIN Iter 229: loss = 0.004086,	Top-1 err = 44.450000,	Top-5 err = 26.800000,	train_time = 2.990156
TRAIN Iter 230: loss = 0.004027,	Top-1 err = 37.900000,	Top-5 err = 22.250000,	train_time = 2.923831
TRAIN Iter 231: loss = 0.004048,	Top-1 err = 25.100000,	Top-5 err = 13.550000,	train_time = 3.314135
TRAIN Iter 232: loss = 0.004041,	Top-1 err = 36.400000,	Top-5 err = 22.150000,	train_time = 2.972686
TRAIN Iter 233: loss = 0.003938,	Top-1 err = 33.550000,	Top-5 err = 21.750000,	train_time = 2.923478
TRAIN Iter 234: loss = 0.004067,	Top-1 err = 38.000000,	Top-5 err = 21.700000,	train_time = 3.051654
TRAIN Iter 235: loss = 0.003985,	Top-1 err = 37.500000,	Top-5 err = 22.300000,	train_time = 3.200924
TRAIN Iter 236: loss = 0.003928,	Top-1 err = 36.450000,	Top-5 err = 21.550000,	train_time = 3.078819
TRAIN Iter 237: loss = 0.004003,	Top-1 err = 24.300000,	Top-5 err = 13.900000,	train_time = 2.991694
TRAIN Iter 238: loss = 0.003867,	Top-1 err = 32.300000,	Top-5 err = 19.800000,	train_time = 3.029135
TRAIN Iter 239: loss = 0.003979,	Top-1 err = 42.500000,	Top-5 err = 25.700000,	train_time = 3.040385
TRAIN Iter 240: loss = 0.003889,	Top-1 err = 30.700000,	Top-5 err = 18.400000,	train_time = 2.986726
TRAIN Iter 241: loss = 0.003916,	Top-1 err = 24.700000,	Top-5 err = 12.900000,	train_time = 3.123581
TRAIN Iter 242: loss = 0.003747,	Top-1 err = 17.500000,	Top-5 err = 6.500000,	train_time = 3.020960
TRAIN Iter 243: loss = 0.003963,	Top-1 err = 30.350000,	Top-5 err = 20.200000,	train_time = 2.958818
TRAIN Iter 244: loss = 0.003816,	Top-1 err = 21.950000,	Top-5 err = 10.550000,	train_time = 3.003424
TRAIN Iter 245: loss = 0.003944,	Top-1 err = 45.250000,	Top-5 err = 29.300000,	train_time = 3.047726
TRAIN Iter 246: loss = 0.003968,	Top-1 err = 33.950000,	Top-5 err = 19.400000,	train_time = 3.066791
TRAIN Iter 247: loss = 0.003885,	Top-1 err = 30.350000,	Top-5 err = 17.500000,	train_time = 2.966039
TRAIN Iter 248: loss = 0.003933,	Top-1 err = 32.550000,	Top-5 err = 17.250000,	train_time = 3.066514
TRAIN Iter 249: loss = 0.003797,	Top-1 err = 14.700000,	Top-5 err = 7.600000,	train_time = 3.178785
TEST:
Iter 249: loss = 2.676507,	Top-1 err = 58.020000,	Top-5 err = 31.600000,	val_time = 3.231276
TRAIN Iter 250: loss = 0.004015,	Top-1 err = 28.250000,	Top-5 err = 13.850000,	train_time = 3.011993
TRAIN Iter 251: loss = 0.003901,	Top-1 err = 30.200000,	Top-5 err = 15.600000,	train_time = 2.988959
TRAIN Iter 252: loss = 0.003949,	Top-1 err = 32.400000,	Top-5 err = 18.800000,	train_time = 2.935215
TRAIN Iter 253: loss = 0.004055,	Top-1 err = 29.550000,	Top-5 err = 15.000000,	train_time = 2.983878
TRAIN Iter 254: loss = 0.003947,	Top-1 err = 37.050000,	Top-5 err = 21.000000,	train_time = 3.150623
TRAIN Iter 255: loss = 0.003808,	Top-1 err = 32.450000,	Top-5 err = 19.500000,	train_time = 3.014122
TRAIN Iter 256: loss = 0.003926,	Top-1 err = 39.700000,	Top-5 err = 21.900000,	train_time = 2.984332
TRAIN Iter 257: loss = 0.003800,	Top-1 err = 25.300000,	Top-5 err = 13.650000,	train_time = 2.932311
TRAIN Iter 258: loss = 0.003712,	Top-1 err = 16.500000,	Top-5 err = 7.200000,	train_time = 3.135608
TRAIN Iter 259: loss = 0.003881,	Top-1 err = 43.750000,	Top-5 err = 27.250000,	train_time = 3.054983
TEST:
Iter 259: loss = 2.676576,	Top-1 err = 57.820000,	Top-5 err = 31.380000,	val_time = 2.826998
TRAIN Iter 260: loss = 0.003732,	Top-1 err = 30.300000,	Top-5 err = 17.900000,	train_time = 3.031691
TRAIN Iter 261: loss = 0.003833,	Top-1 err = 38.400000,	Top-5 err = 23.600000,	train_time = 3.146168
TRAIN Iter 262: loss = 0.003865,	Top-1 err = 32.450000,	Top-5 err = 20.150000,	train_time = 3.103156
TRAIN Iter 263: loss = 0.003733,	Top-1 err = 30.950000,	Top-5 err = 17.600000,	train_time = 2.985210
TRAIN Iter 264: loss = 0.003777,	Top-1 err = 28.350000,	Top-5 err = 13.750000,	train_time = 3.087635
TRAIN Iter 265: loss = 0.003857,	Top-1 err = 37.700000,	Top-5 err = 21.200000,	train_time = 3.051233
TRAIN Iter 266: loss = 0.003769,	Top-1 err = 34.150000,	Top-5 err = 22.400000,	train_time = 3.061556
TRAIN Iter 267: loss = 0.003710,	Top-1 err = 42.050000,	Top-5 err = 25.800000,	train_time = 3.116759
TRAIN Iter 268: loss = 0.003814,	Top-1 err = 25.200000,	Top-5 err = 14.700000,	train_time = 3.030222
TRAIN Iter 269: loss = 0.003738,	Top-1 err = 37.250000,	Top-5 err = 21.350000,	train_time = 3.154183
TEST:
Iter 269: loss = 2.649458,	Top-1 err = 57.590000,	Top-5 err = 30.920000,	val_time = 3.154453
TRAIN Iter 270: loss = 0.003687,	Top-1 err = 28.850000,	Top-5 err = 15.600000,	train_time = 2.973956
TRAIN Iter 271: loss = 0.003757,	Top-1 err = 32.000000,	Top-5 err = 17.550000,	train_time = 2.987386
TRAIN Iter 272: loss = 0.003610,	Top-1 err = 22.750000,	Top-5 err = 14.200000,	train_time = 3.079542
TRAIN Iter 273: loss = 0.003753,	Top-1 err = 30.600000,	Top-5 err = 17.100000,	train_time = 3.141407
TRAIN Iter 274: loss = 0.003899,	Top-1 err = 47.600000,	Top-5 err = 28.600000,	train_time = 3.120947
TRAIN Iter 275: loss = 0.003540,	Top-1 err = 25.300000,	Top-5 err = 14.350000,	train_time = 2.953852
TRAIN Iter 276: loss = 0.003615,	Top-1 err = 21.350000,	Top-5 err = 9.700000,	train_time = 3.010753
TRAIN Iter 277: loss = 0.003711,	Top-1 err = 33.050000,	Top-5 err = 20.550000,	train_time = 2.935126
TRAIN Iter 278: loss = 0.003551,	Top-1 err = 20.100000,	Top-5 err = 7.700000,	train_time = 3.088727
TRAIN Iter 279: loss = 0.003690,	Top-1 err = 30.150000,	Top-5 err = 19.500000,	train_time = 2.994655
TEST:
Iter 279: loss = 2.634074,	Top-1 err = 57.120000,	Top-5 err = 30.920000,	val_time = 2.971703
TRAIN Iter 280: loss = 0.003621,	Top-1 err = 33.500000,	Top-5 err = 23.000000,	train_time = 3.135468
TRAIN Iter 281: loss = 0.003844,	Top-1 err = 50.350000,	Top-5 err = 29.150000,	train_time = 3.057914
TRAIN Iter 282: loss = 0.003601,	Top-1 err = 29.450000,	Top-5 err = 19.200000,	train_time = 3.208170
TRAIN Iter 283: loss = 0.003615,	Top-1 err = 31.450000,	Top-5 err = 16.050000,	train_time = 3.065423
TRAIN Iter 284: loss = 0.003403,	Top-1 err = 17.050000,	Top-5 err = 9.850000,	train_time = 2.975218
TRAIN Iter 285: loss = 0.003533,	Top-1 err = 29.350000,	Top-5 err = 17.950000,	train_time = 2.958331
TRAIN Iter 286: loss = 0.003615,	Top-1 err = 25.750000,	Top-5 err = 13.300000,	train_time = 3.060682
TRAIN Iter 287: loss = 0.003487,	Top-1 err = 18.050000,	Top-5 err = 8.600000,	train_time = 3.026954
TRAIN Iter 288: loss = 0.003412,	Top-1 err = 16.600000,	Top-5 err = 7.350000,	train_time = 3.030150
TRAIN Iter 289: loss = 0.003778,	Top-1 err = 40.150000,	Top-5 err = 23.450000,	train_time = 3.083966
TEST:
Iter 289: loss = 2.642636,	Top-1 err = 57.170000,	Top-5 err = 30.390000,	val_time = 2.850406
TRAIN Iter 290: loss = 0.003503,	Top-1 err = 23.300000,	Top-5 err = 12.800000,	train_time = 2.961247
TRAIN Iter 291: loss = 0.003346,	Top-1 err = 18.700000,	Top-5 err = 9.600000,	train_time = 3.000362
TRAIN Iter 292: loss = 0.003519,	Top-1 err = 30.800000,	Top-5 err = 17.800000,	train_time = 3.038939
TRAIN Iter 293: loss = 0.003380,	Top-1 err = 13.750000,	Top-5 err = 5.800000,	train_time = 3.055782
TRAIN Iter 294: loss = 0.003605,	Top-1 err = 33.300000,	Top-5 err = 18.550000,	train_time = 3.372586
TRAIN Iter 295: loss = 0.003666,	Top-1 err = 34.800000,	Top-5 err = 20.000000,	train_time = 3.078140
TRAIN Iter 296: loss = 0.003492,	Top-1 err = 21.000000,	Top-5 err = 10.800000,	train_time = 2.970611
TRAIN Iter 297: loss = 0.003569,	Top-1 err = 22.950000,	Top-5 err = 11.200000,	train_time = 2.957238
TRAIN Iter 298: loss = 0.003733,	Top-1 err = 34.200000,	Top-5 err = 20.000000,	train_time = 2.983865
TRAIN Iter 299: loss = 0.003462,	Top-1 err = 19.900000,	Top-5 err = 8.150000,	train_time = 3.014784
TEST:
Iter 299: loss = 2.556430,	Top-1 err = 55.810000,	Top-5 err = 29.980000,	val_time = 3.058447
Train Finish! Best accuracy is 44.19@299
