=> using pytorch pre-trained teacher model 'conv4'
process data from /home/dvspanos/nikos/ca2d/artifacts/rded_sets/bench_tin_conv_el2nw60_ipc50
load data successfully
TRAIN Iter 0: loss = 0.013788,	Top-1 err = 98.540000,	Top-5 err = 93.820000,	train_time = 3.788532
TRAIN Iter 1: loss = 0.010535,	Top-1 err = 95.510000,	Top-5 err = 84.220000,	train_time = 2.954237
TRAIN Iter 2: loss = 0.009292,	Top-1 err = 94.180000,	Top-5 err = 80.390000,	train_time = 3.068400
TRAIN Iter 3: loss = 0.008359,	Top-1 err = 93.180000,	Top-5 err = 78.430000,	train_time = 3.175627
TRAIN Iter 4: loss = 0.007723,	Top-1 err = 91.480000,	Top-5 err = 74.700000,	train_time = 3.239260
TRAIN Iter 5: loss = 0.007286,	Top-1 err = 89.840000,	Top-5 err = 71.130000,	train_time = 3.327785
TRAIN Iter 6: loss = 0.006845,	Top-1 err = 87.770000,	Top-5 err = 67.060000,	train_time = 3.414043
TRAIN Iter 7: loss = 0.006462,	Top-1 err = 87.470000,	Top-5 err = 66.440000,	train_time = 3.429384
TRAIN Iter 8: loss = 0.006086,	Top-1 err = 88.280000,	Top-5 err = 69.040000,	train_time = 3.426433
TRAIN Iter 9: loss = 0.005773,	Top-1 err = 86.310000,	Top-5 err = 64.690000,	train_time = 3.582127
TRAIN Iter 10: loss = 0.005652,	Top-1 err = 86.150000,	Top-5 err = 65.820000,	train_time = 3.583751
TRAIN Iter 11: loss = 0.005610,	Top-1 err = 84.040000,	Top-5 err = 60.650000,	train_time = 3.575525
TRAIN Iter 12: loss = 0.005203,	Top-1 err = 83.480000,	Top-5 err = 60.470000,	train_time = 3.428761
TRAIN Iter 13: loss = 0.005157,	Top-1 err = 83.020000,	Top-5 err = 60.220000,	train_time = 3.472430
TRAIN Iter 14: loss = 0.005024,	Top-1 err = 83.690000,	Top-5 err = 59.890000,	train_time = 3.553629
TRAIN Iter 15: loss = 0.004850,	Top-1 err = 82.030000,	Top-5 err = 57.590000,	train_time = 3.637990
TRAIN Iter 16: loss = 0.004738,	Top-1 err = 81.000000,	Top-5 err = 57.370000,	train_time = 3.739761
TRAIN Iter 17: loss = 0.004551,	Top-1 err = 82.610000,	Top-5 err = 58.400000,	train_time = 3.689359
TRAIN Iter 18: loss = 0.004556,	Top-1 err = 81.720000,	Top-5 err = 58.520000,	train_time = 3.554803
TRAIN Iter 19: loss = 0.004357,	Top-1 err = 79.770000,	Top-5 err = 55.320000,	train_time = 3.617924
TRAIN Iter 20: loss = 0.004358,	Top-1 err = 81.230000,	Top-5 err = 57.370000,	train_time = 3.804597
TRAIN Iter 21: loss = 0.004293,	Top-1 err = 81.190000,	Top-5 err = 58.820000,	train_time = 3.733752
TRAIN Iter 22: loss = 0.004293,	Top-1 err = 78.980000,	Top-5 err = 53.850000,	train_time = 3.639861
TRAIN Iter 23: loss = 0.004117,	Top-1 err = 78.370000,	Top-5 err = 52.920000,	train_time = 3.712995
TRAIN Iter 24: loss = 0.004065,	Top-1 err = 80.420000,	Top-5 err = 54.900000,	train_time = 3.814517
TRAIN Iter 25: loss = 0.003975,	Top-1 err = 78.850000,	Top-5 err = 54.300000,	train_time = 3.697140
TRAIN Iter 26: loss = 0.003878,	Top-1 err = 77.980000,	Top-5 err = 52.950000,	train_time = 3.813729
TRAIN Iter 27: loss = 0.003843,	Top-1 err = 80.080000,	Top-5 err = 55.210000,	train_time = 3.597901
TRAIN Iter 28: loss = 0.003819,	Top-1 err = 76.890000,	Top-5 err = 52.390000,	train_time = 3.599407
TRAIN Iter 29: loss = 0.003718,	Top-1 err = 74.940000,	Top-5 err = 48.430000,	train_time = 3.839937
TRAIN Iter 30: loss = 0.003680,	Top-1 err = 77.760000,	Top-5 err = 54.020000,	train_time = 3.767538
TRAIN Iter 31: loss = 0.003590,	Top-1 err = 74.920000,	Top-5 err = 48.970000,	train_time = 3.703573
TRAIN Iter 32: loss = 0.003653,	Top-1 err = 75.670000,	Top-5 err = 49.220000,	train_time = 3.740082
TRAIN Iter 33: loss = 0.003642,	Top-1 err = 78.170000,	Top-5 err = 54.530000,	train_time = 3.826846
TRAIN Iter 34: loss = 0.003552,	Top-1 err = 80.760000,	Top-5 err = 57.530000,	train_time = 3.817276
TRAIN Iter 35: loss = 0.003529,	Top-1 err = 75.780000,	Top-5 err = 49.540000,	train_time = 3.810594
TRAIN Iter 36: loss = 0.003453,	Top-1 err = 74.100000,	Top-5 err = 48.010000,	train_time = 3.751728
TRAIN Iter 37: loss = 0.003451,	Top-1 err = 76.310000,	Top-5 err = 50.610000,	train_time = 3.672718
TRAIN Iter 38: loss = 0.003406,	Top-1 err = 77.860000,	Top-5 err = 54.730000,	train_time = 3.840521
TRAIN Iter 39: loss = 0.003383,	Top-1 err = 75.550000,	Top-5 err = 50.570000,	train_time = 3.823909
TRAIN Iter 40: loss = 0.003314,	Top-1 err = 76.380000,	Top-5 err = 51.130000,	train_time = 3.820250
TRAIN Iter 41: loss = 0.003354,	Top-1 err = 77.410000,	Top-5 err = 53.850000,	train_time = 3.662270
TRAIN Iter 42: loss = 0.003322,	Top-1 err = 71.430000,	Top-5 err = 44.700000,	train_time = 3.848676
TRAIN Iter 43: loss = 0.003238,	Top-1 err = 76.470000,	Top-5 err = 52.100000,	train_time = 3.788497
TRAIN Iter 44: loss = 0.003160,	Top-1 err = 75.020000,	Top-5 err = 49.030000,	train_time = 3.697996
TRAIN Iter 45: loss = 0.003180,	Top-1 err = 77.360000,	Top-5 err = 54.370000,	train_time = 3.712609
TRAIN Iter 46: loss = 0.003137,	Top-1 err = 76.670000,	Top-5 err = 52.110000,	train_time = 3.714811
TRAIN Iter 47: loss = 0.003145,	Top-1 err = 77.100000,	Top-5 err = 52.720000,	train_time = 3.882059
TRAIN Iter 48: loss = 0.003124,	Top-1 err = 72.960000,	Top-5 err = 45.320000,	train_time = 3.921192
TRAIN Iter 49: loss = 0.003110,	Top-1 err = 74.280000,	Top-5 err = 49.820000,	train_time = 3.758960
TRAIN Iter 50: loss = 0.003054,	Top-1 err = 76.660000,	Top-5 err = 52.150000,	train_time = 3.817598
TRAIN Iter 51: loss = 0.003029,	Top-1 err = 76.760000,	Top-5 err = 51.470000,	train_time = 3.668752
TRAIN Iter 52: loss = 0.003048,	Top-1 err = 75.120000,	Top-5 err = 50.600000,	train_time = 3.734690
TRAIN Iter 53: loss = 0.003071,	Top-1 err = 75.930000,	Top-5 err = 51.940000,	train_time = 3.788015
TRAIN Iter 54: loss = 0.003026,	Top-1 err = 75.260000,	Top-5 err = 50.060000,	train_time = 3.870210
TRAIN Iter 55: loss = 0.002955,	Top-1 err = 71.320000,	Top-5 err = 45.380000,	train_time = 3.886545
TRAIN Iter 56: loss = 0.002975,	Top-1 err = 73.680000,	Top-5 err = 49.310000,	train_time = 3.693469
TRAIN Iter 57: loss = 0.002928,	Top-1 err = 71.080000,	Top-5 err = 45.480000,	train_time = 3.661019
TRAIN Iter 58: loss = 0.002934,	Top-1 err = 69.700000,	Top-5 err = 43.050000,	train_time = 3.867619
TRAIN Iter 59: loss = 0.002873,	Top-1 err = 71.830000,	Top-5 err = 44.620000,	train_time = 3.658978
TRAIN Iter 60: loss = 0.002819,	Top-1 err = 73.660000,	Top-5 err = 49.570000,	train_time = 3.877877
TRAIN Iter 61: loss = 0.002877,	Top-1 err = 74.460000,	Top-5 err = 51.060000,	train_time = 3.612407
TRAIN Iter 62: loss = 0.002802,	Top-1 err = 73.900000,	Top-5 err = 48.530000,	train_time = 3.899303
TRAIN Iter 63: loss = 0.002813,	Top-1 err = 73.170000,	Top-5 err = 46.770000,	train_time = 3.703581
TRAIN Iter 64: loss = 0.002827,	Top-1 err = 73.850000,	Top-5 err = 49.920000,	train_time = 3.734335
TRAIN Iter 65: loss = 0.002734,	Top-1 err = 68.450000,	Top-5 err = 41.200000,	train_time = 3.897247
TRAIN Iter 66: loss = 0.002780,	Top-1 err = 73.280000,	Top-5 err = 48.420000,	train_time = 3.853141
TRAIN Iter 67: loss = 0.002718,	Top-1 err = 71.610000,	Top-5 err = 46.990000,	train_time = 3.918873
TRAIN Iter 68: loss = 0.002672,	Top-1 err = 75.760000,	Top-5 err = 50.870000,	train_time = 3.876150
TRAIN Iter 69: loss = 0.002671,	Top-1 err = 73.120000,	Top-5 err = 48.030000,	train_time = 3.938167
TRAIN Iter 70: loss = 0.002721,	Top-1 err = 75.100000,	Top-5 err = 51.430000,	train_time = 3.919790
TRAIN Iter 71: loss = 0.002721,	Top-1 err = 71.050000,	Top-5 err = 45.940000,	train_time = 3.881724
TRAIN Iter 72: loss = 0.002727,	Top-1 err = 75.630000,	Top-5 err = 52.260000,	train_time = 3.864181
TRAIN Iter 73: loss = 0.002641,	Top-1 err = 75.530000,	Top-5 err = 51.520000,	train_time = 3.696692
TRAIN Iter 74: loss = 0.002605,	Top-1 err = 76.600000,	Top-5 err = 53.760000,	train_time = 3.668282
TRAIN Iter 75: loss = 0.002578,	Top-1 err = 75.540000,	Top-5 err = 51.500000,	train_time = 3.791626
TRAIN Iter 76: loss = 0.002637,	Top-1 err = 70.000000,	Top-5 err = 43.760000,	train_time = 3.772282
TRAIN Iter 77: loss = 0.002639,	Top-1 err = 72.280000,	Top-5 err = 47.580000,	train_time = 3.697431
TRAIN Iter 78: loss = 0.002582,	Top-1 err = 74.660000,	Top-5 err = 50.270000,	train_time = 3.897054
TRAIN Iter 79: loss = 0.002569,	Top-1 err = 72.160000,	Top-5 err = 46.470000,	train_time = 3.774368
TRAIN Iter 80: loss = 0.002608,	Top-1 err = 72.980000,	Top-5 err = 48.950000,	train_time = 3.793426
TRAIN Iter 81: loss = 0.002512,	Top-1 err = 71.100000,	Top-5 err = 45.330000,	train_time = 3.786306
TRAIN Iter 82: loss = 0.002508,	Top-1 err = 72.050000,	Top-5 err = 47.620000,	train_time = 3.771887
TRAIN Iter 83: loss = 0.002510,	Top-1 err = 72.650000,	Top-5 err = 47.000000,	train_time = 3.740823
TRAIN Iter 84: loss = 0.002501,	Top-1 err = 71.050000,	Top-5 err = 46.540000,	train_time = 3.853705
TRAIN Iter 85: loss = 0.002464,	Top-1 err = 71.210000,	Top-5 err = 46.780000,	train_time = 3.839558
TRAIN Iter 86: loss = 0.002497,	Top-1 err = 74.590000,	Top-5 err = 49.600000,	train_time = 3.771315
TRAIN Iter 87: loss = 0.002455,	Top-1 err = 71.280000,	Top-5 err = 45.470000,	train_time = 3.835605
TRAIN Iter 88: loss = 0.002434,	Top-1 err = 72.010000,	Top-5 err = 46.700000,	train_time = 3.847059
TRAIN Iter 89: loss = 0.002419,	Top-1 err = 72.460000,	Top-5 err = 48.720000,	train_time = 3.830143
TRAIN Iter 90: loss = 0.002415,	Top-1 err = 71.800000,	Top-5 err = 45.840000,	train_time = 3.901374
TRAIN Iter 91: loss = 0.002419,	Top-1 err = 73.340000,	Top-5 err = 47.650000,	train_time = 3.657401
TRAIN Iter 92: loss = 0.002363,	Top-1 err = 72.390000,	Top-5 err = 47.650000,	train_time = 3.785293
TRAIN Iter 93: loss = 0.002341,	Top-1 err = 73.910000,	Top-5 err = 48.950000,	train_time = 3.737570
TRAIN Iter 94: loss = 0.002375,	Top-1 err = 73.550000,	Top-5 err = 49.560000,	train_time = 3.769381
TRAIN Iter 95: loss = 0.002359,	Top-1 err = 72.910000,	Top-5 err = 48.530000,	train_time = 3.908491
TRAIN Iter 96: loss = 0.002373,	Top-1 err = 71.500000,	Top-5 err = 47.040000,	train_time = 3.776022
TRAIN Iter 97: loss = 0.002300,	Top-1 err = 74.910000,	Top-5 err = 51.220000,	train_time = 3.878437
TRAIN Iter 98: loss = 0.002312,	Top-1 err = 71.020000,	Top-5 err = 46.390000,	train_time = 3.687201
TRAIN Iter 99: loss = 0.002306,	Top-1 err = 68.280000,	Top-5 err = 42.450000,	train_time = 3.824021
TRAIN Iter 100: loss = 0.002257,	Top-1 err = 72.750000,	Top-5 err = 47.390000,	train_time = 3.857027
TRAIN Iter 101: loss = 0.002266,	Top-1 err = 73.810000,	Top-5 err = 49.590000,	train_time = 3.828861
TRAIN Iter 102: loss = 0.002239,	Top-1 err = 69.710000,	Top-5 err = 44.340000,	train_time = 3.844935
TRAIN Iter 103: loss = 0.002204,	Top-1 err = 72.880000,	Top-5 err = 48.280000,	train_time = 3.616752
TRAIN Iter 104: loss = 0.002294,	Top-1 err = 72.490000,	Top-5 err = 47.470000,	train_time = 3.916212
TRAIN Iter 105: loss = 0.002181,	Top-1 err = 73.380000,	Top-5 err = 49.050000,	train_time = 3.716311
TRAIN Iter 106: loss = 0.002209,	Top-1 err = 71.430000,	Top-5 err = 45.430000,	train_time = 3.761424
TRAIN Iter 107: loss = 0.002190,	Top-1 err = 74.090000,	Top-5 err = 50.360000,	train_time = 3.827518
TRAIN Iter 108: loss = 0.002202,	Top-1 err = 69.060000,	Top-5 err = 43.870000,	train_time = 3.629389
TRAIN Iter 109: loss = 0.002229,	Top-1 err = 74.930000,	Top-5 err = 51.830000,	train_time = 3.785024
TRAIN Iter 110: loss = 0.002161,	Top-1 err = 72.170000,	Top-5 err = 47.820000,	train_time = 3.760912
TRAIN Iter 111: loss = 0.002174,	Top-1 err = 70.780000,	Top-5 err = 45.810000,	train_time = 3.767429
TRAIN Iter 112: loss = 0.002185,	Top-1 err = 75.760000,	Top-5 err = 52.470000,	train_time = 3.653090
TRAIN Iter 113: loss = 0.002150,	Top-1 err = 73.050000,	Top-5 err = 49.550000,	train_time = 3.824422
TRAIN Iter 114: loss = 0.002122,	Top-1 err = 72.320000,	Top-5 err = 47.650000,	train_time = 3.650874
TRAIN Iter 115: loss = 0.002132,	Top-1 err = 70.330000,	Top-5 err = 45.560000,	train_time = 3.741089
TRAIN Iter 116: loss = 0.002073,	Top-1 err = 71.730000,	Top-5 err = 45.970000,	train_time = 3.679046
TRAIN Iter 117: loss = 0.002113,	Top-1 err = 71.650000,	Top-5 err = 47.790000,	train_time = 3.845204
TRAIN Iter 118: loss = 0.002109,	Top-1 err = 74.830000,	Top-5 err = 51.370000,	train_time = 3.811275
TRAIN Iter 119: loss = 0.002071,	Top-1 err = 75.750000,	Top-5 err = 52.870000,	train_time = 3.827213
TRAIN Iter 120: loss = 0.002054,	Top-1 err = 72.400000,	Top-5 err = 47.700000,	train_time = 3.708966
TRAIN Iter 121: loss = 0.002010,	Top-1 err = 71.450000,	Top-5 err = 44.820000,	train_time = 3.811759
TRAIN Iter 122: loss = 0.002051,	Top-1 err = 71.150000,	Top-5 err = 46.580000,	train_time = 3.776396
TRAIN Iter 123: loss = 0.002031,	Top-1 err = 73.010000,	Top-5 err = 48.300000,	train_time = 3.724782
TRAIN Iter 124: loss = 0.001999,	Top-1 err = 74.220000,	Top-5 err = 50.150000,	train_time = 3.852134
TRAIN Iter 125: loss = 0.002032,	Top-1 err = 70.570000,	Top-5 err = 46.400000,	train_time = 3.717927
TRAIN Iter 126: loss = 0.002015,	Top-1 err = 70.330000,	Top-5 err = 45.590000,	train_time = 3.691691
TRAIN Iter 127: loss = 0.001991,	Top-1 err = 74.520000,	Top-5 err = 50.130000,	train_time = 3.837196
TRAIN Iter 128: loss = 0.001977,	Top-1 err = 69.680000,	Top-5 err = 44.770000,	train_time = 3.781634
TRAIN Iter 129: loss = 0.001991,	Top-1 err = 69.460000,	Top-5 err = 45.250000,	train_time = 3.751333
TRAIN Iter 130: loss = 0.001957,	Top-1 err = 68.340000,	Top-5 err = 41.760000,	train_time = 3.787837
TRAIN Iter 131: loss = 0.001953,	Top-1 err = 71.300000,	Top-5 err = 46.630000,	train_time = 3.776067
TRAIN Iter 132: loss = 0.001947,	Top-1 err = 72.590000,	Top-5 err = 49.280000,	train_time = 3.836040
TRAIN Iter 133: loss = 0.001971,	Top-1 err = 71.210000,	Top-5 err = 46.800000,	train_time = 3.862056
TRAIN Iter 134: loss = 0.001992,	Top-1 err = 73.830000,	Top-5 err = 49.350000,	train_time = 3.782502
TRAIN Iter 135: loss = 0.001899,	Top-1 err = 73.420000,	Top-5 err = 49.260000,	train_time = 3.863871
TRAIN Iter 136: loss = 0.001912,	Top-1 err = 73.410000,	Top-5 err = 49.590000,	train_time = 3.814267
TRAIN Iter 137: loss = 0.001925,	Top-1 err = 69.610000,	Top-5 err = 45.790000,	train_time = 3.758060
TRAIN Iter 138: loss = 0.001890,	Top-1 err = 68.320000,	Top-5 err = 43.210000,	train_time = 3.632058
TRAIN Iter 139: loss = 0.001898,	Top-1 err = 70.880000,	Top-5 err = 47.000000,	train_time = 3.743297
TRAIN Iter 140: loss = 0.001848,	Top-1 err = 73.070000,	Top-5 err = 49.520000,	train_time = 3.655664
TRAIN Iter 141: loss = 0.001860,	Top-1 err = 70.900000,	Top-5 err = 47.090000,	train_time = 3.709129
TRAIN Iter 142: loss = 0.001836,	Top-1 err = 73.470000,	Top-5 err = 49.520000,	train_time = 3.692877
TRAIN Iter 143: loss = 0.001827,	Top-1 err = 73.050000,	Top-5 err = 48.730000,	train_time = 3.763470
TRAIN Iter 144: loss = 0.001785,	Top-1 err = 71.340000,	Top-5 err = 46.390000,	train_time = 3.746234
TRAIN Iter 145: loss = 0.001837,	Top-1 err = 70.920000,	Top-5 err = 45.880000,	train_time = 3.634452
TRAIN Iter 146: loss = 0.001800,	Top-1 err = 71.680000,	Top-5 err = 47.290000,	train_time = 3.705480
TRAIN Iter 147: loss = 0.001799,	Top-1 err = 70.370000,	Top-5 err = 44.990000,	train_time = 3.628766
TRAIN Iter 148: loss = 0.001835,	Top-1 err = 71.480000,	Top-5 err = 48.010000,	train_time = 3.842168
TRAIN Iter 149: loss = 0.001753,	Top-1 err = 68.820000,	Top-5 err = 42.970000,	train_time = 3.648134
TRAIN Iter 150: loss = 0.001746,	Top-1 err = 69.230000,	Top-5 err = 43.700000,	train_time = 3.804318
TRAIN Iter 151: loss = 0.001750,	Top-1 err = 72.950000,	Top-5 err = 50.050000,	train_time = 3.925488
TRAIN Iter 152: loss = 0.001788,	Top-1 err = 71.840000,	Top-5 err = 48.680000,	train_time = 3.767347
TRAIN Iter 153: loss = 0.001721,	Top-1 err = 67.770000,	Top-5 err = 42.360000,	train_time = 3.665667
TRAIN Iter 154: loss = 0.001724,	Top-1 err = 70.650000,	Top-5 err = 46.720000,	train_time = 3.864034
TRAIN Iter 155: loss = 0.001689,	Top-1 err = 70.670000,	Top-5 err = 45.310000,	train_time = 3.629045
TRAIN Iter 156: loss = 0.001712,	Top-1 err = 71.140000,	Top-5 err = 45.840000,	train_time = 3.886587
TRAIN Iter 157: loss = 0.001688,	Top-1 err = 73.340000,	Top-5 err = 49.930000,	train_time = 3.670791
TRAIN Iter 158: loss = 0.001682,	Top-1 err = 69.620000,	Top-5 err = 43.500000,	train_time = 3.718195
TRAIN Iter 159: loss = 0.001669,	Top-1 err = 68.900000,	Top-5 err = 44.170000,	train_time = 3.782198
TRAIN Iter 160: loss = 0.001671,	Top-1 err = 72.210000,	Top-5 err = 48.060000,	train_time = 3.645499
TRAIN Iter 161: loss = 0.001651,	Top-1 err = 70.920000,	Top-5 err = 46.600000,	train_time = 3.728483
TRAIN Iter 162: loss = 0.001719,	Top-1 err = 71.890000,	Top-5 err = 48.360000,	train_time = 3.852822
TRAIN Iter 163: loss = 0.001690,	Top-1 err = 73.540000,	Top-5 err = 50.250000,	train_time = 3.686601
TRAIN Iter 164: loss = 0.001643,	Top-1 err = 74.440000,	Top-5 err = 51.870000,	train_time = 3.741170
TRAIN Iter 165: loss = 0.001632,	Top-1 err = 70.200000,	Top-5 err = 45.520000,	train_time = 3.814349
TRAIN Iter 166: loss = 0.001614,	Top-1 err = 68.400000,	Top-5 err = 42.220000,	train_time = 3.794091
TRAIN Iter 167: loss = 0.001615,	Top-1 err = 72.100000,	Top-5 err = 49.140000,	train_time = 3.712948
TRAIN Iter 168: loss = 0.001625,	Top-1 err = 72.550000,	Top-5 err = 49.410000,	train_time = 3.795217
TRAIN Iter 169: loss = 0.001611,	Top-1 err = 67.810000,	Top-5 err = 44.150000,	train_time = 3.691152
TRAIN Iter 170: loss = 0.001581,	Top-1 err = 66.480000,	Top-5 err = 39.970000,	train_time = 3.542301
TRAIN Iter 171: loss = 0.001555,	Top-1 err = 71.800000,	Top-5 err = 46.840000,	train_time = 3.657241
TRAIN Iter 172: loss = 0.001540,	Top-1 err = 70.600000,	Top-5 err = 45.980000,	train_time = 3.715817
TRAIN Iter 173: loss = 0.001561,	Top-1 err = 69.260000,	Top-5 err = 44.360000,	train_time = 3.807362
TRAIN Iter 174: loss = 0.001621,	Top-1 err = 73.130000,	Top-5 err = 49.990000,	train_time = 3.760227
TRAIN Iter 175: loss = 0.001567,	Top-1 err = 70.030000,	Top-5 err = 45.320000,	train_time = 3.851306
TRAIN Iter 176: loss = 0.001527,	Top-1 err = 73.150000,	Top-5 err = 50.840000,	train_time = 3.603856
TRAIN Iter 177: loss = 0.001559,	Top-1 err = 70.400000,	Top-5 err = 46.790000,	train_time = 3.809154
TRAIN Iter 178: loss = 0.001549,	Top-1 err = 70.500000,	Top-5 err = 45.140000,	train_time = 3.768911
TRAIN Iter 179: loss = 0.001500,	Top-1 err = 73.480000,	Top-5 err = 50.110000,	train_time = 3.835975
TRAIN Iter 180: loss = 0.001491,	Top-1 err = 71.500000,	Top-5 err = 47.110000,	train_time = 3.823039
TRAIN Iter 181: loss = 0.001487,	Top-1 err = 71.370000,	Top-5 err = 47.720000,	train_time = 3.767282
TRAIN Iter 182: loss = 0.001475,	Top-1 err = 65.600000,	Top-5 err = 40.340000,	train_time = 3.681636
TRAIN Iter 183: loss = 0.001484,	Top-1 err = 68.450000,	Top-5 err = 43.420000,	train_time = 3.859217
TRAIN Iter 184: loss = 0.001474,	Top-1 err = 73.130000,	Top-5 err = 49.840000,	train_time = 3.651961
TRAIN Iter 185: loss = 0.001460,	Top-1 err = 70.710000,	Top-5 err = 46.570000,	train_time = 3.716650
TRAIN Iter 186: loss = 0.001449,	Top-1 err = 71.310000,	Top-5 err = 47.160000,	train_time = 3.851935
TRAIN Iter 187: loss = 0.001440,	Top-1 err = 73.840000,	Top-5 err = 49.780000,	train_time = 3.595526
TRAIN Iter 188: loss = 0.001471,	Top-1 err = 67.900000,	Top-5 err = 42.870000,	train_time = 3.922277
TRAIN Iter 189: loss = 0.001445,	Top-1 err = 68.960000,	Top-5 err = 44.030000,	train_time = 3.777609
TRAIN Iter 190: loss = 0.001414,	Top-1 err = 70.460000,	Top-5 err = 47.650000,	train_time = 3.635319
TRAIN Iter 191: loss = 0.001415,	Top-1 err = 70.680000,	Top-5 err = 45.910000,	train_time = 3.710053
TRAIN Iter 192: loss = 0.001428,	Top-1 err = 72.650000,	Top-5 err = 49.320000,	train_time = 3.675873
TRAIN Iter 193: loss = 0.001433,	Top-1 err = 65.630000,	Top-5 err = 40.060000,	train_time = 3.723566
TRAIN Iter 194: loss = 0.001445,	Top-1 err = 70.200000,	Top-5 err = 46.870000,	train_time = 3.868492
TRAIN Iter 195: loss = 0.001434,	Top-1 err = 73.270000,	Top-5 err = 49.570000,	train_time = 3.621051
TRAIN Iter 196: loss = 0.001384,	Top-1 err = 69.220000,	Top-5 err = 45.990000,	train_time = 3.694569
TRAIN Iter 197: loss = 0.001366,	Top-1 err = 70.840000,	Top-5 err = 46.990000,	train_time = 3.716710
TRAIN Iter 198: loss = 0.001381,	Top-1 err = 70.900000,	Top-5 err = 46.250000,	train_time = 3.656675
TRAIN Iter 199: loss = 0.001404,	Top-1 err = 69.550000,	Top-5 err = 45.540000,	train_time = 3.734363
TRAIN Iter 200: loss = 0.001387,	Top-1 err = 68.500000,	Top-5 err = 43.570000,	train_time = 3.780773
TRAIN Iter 201: loss = 0.001390,	Top-1 err = 68.840000,	Top-5 err = 44.610000,	train_time = 3.890927
TRAIN Iter 202: loss = 0.001361,	Top-1 err = 71.100000,	Top-5 err = 46.540000,	train_time = 3.698826
TRAIN Iter 203: loss = 0.001305,	Top-1 err = 67.860000,	Top-5 err = 43.310000,	train_time = 3.632453
TRAIN Iter 204: loss = 0.001339,	Top-1 err = 69.020000,	Top-5 err = 45.420000,	train_time = 3.727469
TRAIN Iter 205: loss = 0.001314,	Top-1 err = 70.070000,	Top-5 err = 47.340000,	train_time = 3.865342
TRAIN Iter 206: loss = 0.001317,	Top-1 err = 69.740000,	Top-5 err = 46.030000,	train_time = 3.843260
TRAIN Iter 207: loss = 0.001344,	Top-1 err = 72.090000,	Top-5 err = 49.580000,	train_time = 3.799066
TRAIN Iter 208: loss = 0.001290,	Top-1 err = 66.210000,	Top-5 err = 40.740000,	train_time = 3.770886
TRAIN Iter 209: loss = 0.001296,	Top-1 err = 71.750000,	Top-5 err = 47.860000,	train_time = 3.945218
TRAIN Iter 210: loss = 0.001300,	Top-1 err = 68.910000,	Top-5 err = 45.160000,	train_time = 3.835841
TRAIN Iter 211: loss = 0.001291,	Top-1 err = 71.750000,	Top-5 err = 49.150000,	train_time = 3.824333
TRAIN Iter 212: loss = 0.001292,	Top-1 err = 71.510000,	Top-5 err = 47.460000,	train_time = 3.698945
TRAIN Iter 213: loss = 0.001253,	Top-1 err = 75.690000,	Top-5 err = 51.760000,	train_time = 3.772645
TRAIN Iter 214: loss = 0.001291,	Top-1 err = 64.980000,	Top-5 err = 38.130000,	train_time = 3.601103
TRAIN Iter 215: loss = 0.001278,	Top-1 err = 65.670000,	Top-5 err = 39.520000,	train_time = 3.746032
TRAIN Iter 216: loss = 0.001218,	Top-1 err = 68.450000,	Top-5 err = 43.220000,	train_time = 3.804674
TRAIN Iter 217: loss = 0.001239,	Top-1 err = 67.160000,	Top-5 err = 41.080000,	train_time = 3.697031
TRAIN Iter 218: loss = 0.001204,	Top-1 err = 71.580000,	Top-5 err = 46.340000,	train_time = 3.755583
TRAIN Iter 219: loss = 0.001222,	Top-1 err = 69.110000,	Top-5 err = 44.900000,	train_time = 3.804456
TRAIN Iter 220: loss = 0.001218,	Top-1 err = 67.620000,	Top-5 err = 43.110000,	train_time = 3.834621
TRAIN Iter 221: loss = 0.001218,	Top-1 err = 72.710000,	Top-5 err = 49.390000,	train_time = 3.629105
TRAIN Iter 222: loss = 0.001194,	Top-1 err = 67.240000,	Top-5 err = 42.130000,	train_time = 3.709601
TRAIN Iter 223: loss = 0.001206,	Top-1 err = 69.260000,	Top-5 err = 44.770000,	train_time = 3.795693
TRAIN Iter 224: loss = 0.001204,	Top-1 err = 68.590000,	Top-5 err = 44.530000,	train_time = 3.526315
TRAIN Iter 225: loss = 0.001184,	Top-1 err = 68.670000,	Top-5 err = 43.750000,	train_time = 3.884012
TRAIN Iter 226: loss = 0.001211,	Top-1 err = 70.600000,	Top-5 err = 45.770000,	train_time = 3.802092
TRAIN Iter 227: loss = 0.001184,	Top-1 err = 69.420000,	Top-5 err = 43.520000,	train_time = 3.775174
TRAIN Iter 228: loss = 0.001179,	Top-1 err = 67.890000,	Top-5 err = 44.150000,	train_time = 3.694596
TRAIN Iter 229: loss = 0.001191,	Top-1 err = 68.680000,	Top-5 err = 43.400000,	train_time = 3.840094
TRAIN Iter 230: loss = 0.001197,	Top-1 err = 69.630000,	Top-5 err = 45.680000,	train_time = 3.733973
TRAIN Iter 231: loss = 0.001153,	Top-1 err = 70.590000,	Top-5 err = 46.240000,	train_time = 3.777260
TRAIN Iter 232: loss = 0.001139,	Top-1 err = 69.390000,	Top-5 err = 44.900000,	train_time = 3.754634
TRAIN Iter 233: loss = 0.001155,	Top-1 err = 69.920000,	Top-5 err = 46.450000,	train_time = 3.803704
TRAIN Iter 234: loss = 0.001149,	Top-1 err = 69.560000,	Top-5 err = 44.860000,	train_time = 3.640370
TRAIN Iter 235: loss = 0.001162,	Top-1 err = 70.410000,	Top-5 err = 47.130000,	train_time = 3.810497
TRAIN Iter 236: loss = 0.001138,	Top-1 err = 70.510000,	Top-5 err = 46.850000,	train_time = 3.629226
TRAIN Iter 237: loss = 0.001135,	Top-1 err = 68.880000,	Top-5 err = 44.780000,	train_time = 3.889684
TRAIN Iter 238: loss = 0.001122,	Top-1 err = 68.740000,	Top-5 err = 44.240000,	train_time = 3.697798
TRAIN Iter 239: loss = 0.001157,	Top-1 err = 69.390000,	Top-5 err = 45.000000,	train_time = 3.888917
TRAIN Iter 240: loss = 0.001139,	Top-1 err = 71.300000,	Top-5 err = 47.410000,	train_time = 3.805912
TRAIN Iter 241: loss = 0.001142,	Top-1 err = 70.250000,	Top-5 err = 46.620000,	train_time = 3.790759
TRAIN Iter 242: loss = 0.001100,	Top-1 err = 70.270000,	Top-5 err = 45.100000,	train_time = 3.656799
TRAIN Iter 243: loss = 0.001105,	Top-1 err = 68.200000,	Top-5 err = 43.630000,	train_time = 3.824950
TRAIN Iter 244: loss = 0.001073,	Top-1 err = 66.280000,	Top-5 err = 41.670000,	train_time = 3.757664
TRAIN Iter 245: loss = 0.001066,	Top-1 err = 68.760000,	Top-5 err = 45.010000,	train_time = 3.812158
TRAIN Iter 246: loss = 0.001081,	Top-1 err = 72.180000,	Top-5 err = 48.970000,	train_time = 3.750699
TRAIN Iter 247: loss = 0.001097,	Top-1 err = 71.210000,	Top-5 err = 47.810000,	train_time = 3.761845
TRAIN Iter 248: loss = 0.001094,	Top-1 err = 69.560000,	Top-5 err = 45.510000,	train_time = 3.807208
TRAIN Iter 249: loss = 0.001078,	Top-1 err = 69.410000,	Top-5 err = 44.790000,	train_time = 3.786385
TEST:
Iter 249: loss = 2.250066,	Top-1 err = 52.840000,	Top-5 err = 26.440000,	val_time = 0.975316
TRAIN Iter 250: loss = 0.001094,	Top-1 err = 64.800000,	Top-5 err = 38.800000,	train_time = 3.834608
TRAIN Iter 251: loss = 0.001055,	Top-1 err = 66.740000,	Top-5 err = 42.640000,	train_time = 3.864635
TRAIN Iter 252: loss = 0.001053,	Top-1 err = 67.590000,	Top-5 err = 42.380000,	train_time = 3.692265
TRAIN Iter 253: loss = 0.001051,	Top-1 err = 67.860000,	Top-5 err = 42.320000,	train_time = 3.854917
TRAIN Iter 254: loss = 0.001071,	Top-1 err = 66.740000,	Top-5 err = 41.750000,	train_time = 3.649054
TRAIN Iter 255: loss = 0.001071,	Top-1 err = 69.160000,	Top-5 err = 45.640000,	train_time = 3.726926
TRAIN Iter 256: loss = 0.001052,	Top-1 err = 67.330000,	Top-5 err = 43.090000,	train_time = 3.816993
TRAIN Iter 257: loss = 0.001055,	Top-1 err = 68.020000,	Top-5 err = 44.140000,	train_time = 3.823363
TRAIN Iter 258: loss = 0.001008,	Top-1 err = 66.470000,	Top-5 err = 40.220000,	train_time = 3.800519
TRAIN Iter 259: loss = 0.001028,	Top-1 err = 69.820000,	Top-5 err = 45.140000,	train_time = 3.745930
TEST:
Iter 259: loss = 2.254478,	Top-1 err = 52.670000,	Top-5 err = 26.930000,	val_time = 0.949336
TRAIN Iter 260: loss = 0.001037,	Top-1 err = 70.940000,	Top-5 err = 46.350000,	train_time = 3.673710
TRAIN Iter 261: loss = 0.000980,	Top-1 err = 65.190000,	Top-5 err = 40.950000,	train_time = 3.836512
TRAIN Iter 262: loss = 0.001015,	Top-1 err = 69.090000,	Top-5 err = 45.570000,	train_time = 3.660061
TRAIN Iter 263: loss = 0.001000,	Top-1 err = 68.490000,	Top-5 err = 43.580000,	train_time = 3.795442
TRAIN Iter 264: loss = 0.001005,	Top-1 err = 67.890000,	Top-5 err = 44.370000,	train_time = 3.956072
TRAIN Iter 265: loss = 0.000970,	Top-1 err = 66.570000,	Top-5 err = 41.500000,	train_time = 3.798636
TRAIN Iter 266: loss = 0.000995,	Top-1 err = 71.440000,	Top-5 err = 48.270000,	train_time = 3.735182
TRAIN Iter 267: loss = 0.000990,	Top-1 err = 69.810000,	Top-5 err = 43.740000,	train_time = 3.762554
TRAIN Iter 268: loss = 0.000993,	Top-1 err = 70.540000,	Top-5 err = 46.800000,	train_time = 3.771972
TRAIN Iter 269: loss = 0.000946,	Top-1 err = 68.110000,	Top-5 err = 44.070000,	train_time = 3.872878
TEST:
Iter 269: loss = 2.224691,	Top-1 err = 52.420000,	Top-5 err = 26.440000,	val_time = 0.949648
TRAIN Iter 270: loss = 0.000985,	Top-1 err = 69.700000,	Top-5 err = 46.170000,	train_time = 3.799995
TRAIN Iter 271: loss = 0.000991,	Top-1 err = 69.270000,	Top-5 err = 45.540000,	train_time = 3.858743
TRAIN Iter 272: loss = 0.000978,	Top-1 err = 71.340000,	Top-5 err = 48.240000,	train_time = 3.666886
TRAIN Iter 273: loss = 0.000981,	Top-1 err = 71.310000,	Top-5 err = 47.260000,	train_time = 3.761724
TRAIN Iter 274: loss = 0.000942,	Top-1 err = 68.740000,	Top-5 err = 43.720000,	train_time = 3.707052
TRAIN Iter 275: loss = 0.000958,	Top-1 err = 71.890000,	Top-5 err = 49.050000,	train_time = 3.788051
TRAIN Iter 276: loss = 0.000960,	Top-1 err = 66.620000,	Top-5 err = 41.060000,	train_time = 3.693922
TRAIN Iter 277: loss = 0.000931,	Top-1 err = 70.220000,	Top-5 err = 44.770000,	train_time = 3.629435
TRAIN Iter 278: loss = 0.000940,	Top-1 err = 66.700000,	Top-5 err = 41.360000,	train_time = 3.866547
TRAIN Iter 279: loss = 0.000922,	Top-1 err = 69.050000,	Top-5 err = 45.750000,	train_time = 3.777078
TEST:
Iter 279: loss = 2.244621,	Top-1 err = 52.380000,	Top-5 err = 26.670000,	val_time = 0.958192
TRAIN Iter 280: loss = 0.000943,	Top-1 err = 69.810000,	Top-5 err = 46.270000,	train_time = 3.880954
TRAIN Iter 281: loss = 0.000912,	Top-1 err = 70.930000,	Top-5 err = 46.490000,	train_time = 3.715264
TRAIN Iter 282: loss = 0.000943,	Top-1 err = 65.990000,	Top-5 err = 41.240000,	train_time = 3.783391
TRAIN Iter 283: loss = 0.000930,	Top-1 err = 68.150000,	Top-5 err = 43.700000,	train_time = 3.833279
TRAIN Iter 284: loss = 0.000912,	Top-1 err = 65.780000,	Top-5 err = 41.250000,	train_time = 3.757012
TRAIN Iter 285: loss = 0.000898,	Top-1 err = 70.310000,	Top-5 err = 45.890000,	train_time = 3.777253
TRAIN Iter 286: loss = 0.000913,	Top-1 err = 67.640000,	Top-5 err = 43.240000,	train_time = 3.883635
TRAIN Iter 287: loss = 0.000910,	Top-1 err = 66.270000,	Top-5 err = 41.270000,	train_time = 3.659416
TRAIN Iter 288: loss = 0.000900,	Top-1 err = 70.430000,	Top-5 err = 46.730000,	train_time = 3.869927
TRAIN Iter 289: loss = 0.000901,	Top-1 err = 66.980000,	Top-5 err = 41.890000,	train_time = 3.879789
TEST:
Iter 289: loss = 2.232068,	Top-1 err = 52.300000,	Top-5 err = 26.460000,	val_time = 0.920146
TRAIN Iter 290: loss = 0.000888,	Top-1 err = 67.610000,	Top-5 err = 44.380000,	train_time = 3.781351
TRAIN Iter 291: loss = 0.000868,	Top-1 err = 72.070000,	Top-5 err = 47.840000,	train_time = 3.726282
TRAIN Iter 292: loss = 0.000885,	Top-1 err = 67.690000,	Top-5 err = 42.060000,	train_time = 3.610852
TRAIN Iter 293: loss = 0.000878,	Top-1 err = 67.010000,	Top-5 err = 42.550000,	train_time = 3.743818
TRAIN Iter 294: loss = 0.000877,	Top-1 err = 71.330000,	Top-5 err = 48.010000,	train_time = 3.840385
TRAIN Iter 295: loss = 0.000879,	Top-1 err = 67.910000,	Top-5 err = 43.020000,	train_time = 3.958647
TRAIN Iter 296: loss = 0.000851,	Top-1 err = 67.740000,	Top-5 err = 43.000000,	train_time = 3.749722
TRAIN Iter 297: loss = 0.000862,	Top-1 err = 67.840000,	Top-5 err = 43.090000,	train_time = 3.804886
TRAIN Iter 298: loss = 0.000826,	Top-1 err = 68.610000,	Top-5 err = 44.200000,	train_time = 3.804210
TRAIN Iter 299: loss = 0.000843,	Top-1 err = 67.480000,	Top-5 err = 42.330000,	train_time = 3.835107
TEST:
Iter 299: loss = 2.214216,	Top-1 err = 51.920000,	Top-5 err = 25.810000,	val_time = 0.980519
Train Finish! Best accuracy is 48.08@299
