=> using pytorch pre-trained teacher model 'conv4'
process data from /home/dvspanos/nikos/ca2d/artifacts/sets/bench_tin_conv_sharp2d_ipc10
load data successfully
TRAIN Iter 0: loss = 0.018895,	Top-1 err = 99.200000,	Top-5 err = 96.400000,	train_time = 3.631952
TRAIN Iter 1: loss = 0.015333,	Top-1 err = 98.300000,	Top-5 err = 92.800000,	train_time = 2.245981
TRAIN Iter 2: loss = 0.016115,	Top-1 err = 97.000000,	Top-5 err = 86.800000,	train_time = 2.205048
TRAIN Iter 3: loss = 0.013262,	Top-1 err = 96.000000,	Top-5 err = 85.450000,	train_time = 2.242357
TRAIN Iter 4: loss = 0.013758,	Top-1 err = 92.850000,	Top-5 err = 78.950000,	train_time = 2.253536
TRAIN Iter 5: loss = 0.012015,	Top-1 err = 91.450000,	Top-5 err = 75.350000,	train_time = 2.234881
TRAIN Iter 6: loss = 0.012197,	Top-1 err = 88.900000,	Top-5 err = 69.450000,	train_time = 2.214345
TRAIN Iter 7: loss = 0.011259,	Top-1 err = 83.650000,	Top-5 err = 64.850000,	train_time = 2.253799
TRAIN Iter 8: loss = 0.010822,	Top-1 err = 85.550000,	Top-5 err = 63.750000,	train_time = 2.237095
TRAIN Iter 9: loss = 0.010976,	Top-1 err = 81.350000,	Top-5 err = 59.400000,	train_time = 2.247243
TRAIN Iter 10: loss = 0.010303,	Top-1 err = 83.950000,	Top-5 err = 63.750000,	train_time = 2.185807
TRAIN Iter 11: loss = 0.010582,	Top-1 err = 74.200000,	Top-5 err = 50.500000,	train_time = 2.253046
TRAIN Iter 12: loss = 0.010162,	Top-1 err = 74.000000,	Top-5 err = 50.650000,	train_time = 2.260531
TRAIN Iter 13: loss = 0.009488,	Top-1 err = 82.600000,	Top-5 err = 64.600000,	train_time = 2.293759
TRAIN Iter 14: loss = 0.009425,	Top-1 err = 75.850000,	Top-5 err = 53.150000,	train_time = 2.251900
TRAIN Iter 15: loss = 0.008560,	Top-1 err = 79.850000,	Top-5 err = 60.450000,	train_time = 2.254008
TRAIN Iter 16: loss = 0.008614,	Top-1 err = 74.850000,	Top-5 err = 51.900000,	train_time = 2.256615
TRAIN Iter 17: loss = 0.008641,	Top-1 err = 74.350000,	Top-5 err = 50.600000,	train_time = 2.257998
TRAIN Iter 18: loss = 0.008645,	Top-1 err = 72.100000,	Top-5 err = 50.650000,	train_time = 2.200448
TRAIN Iter 19: loss = 0.007893,	Top-1 err = 72.500000,	Top-5 err = 50.450000,	train_time = 2.260942
TRAIN Iter 20: loss = 0.008340,	Top-1 err = 71.700000,	Top-5 err = 51.100000,	train_time = 2.246850
TRAIN Iter 21: loss = 0.008025,	Top-1 err = 69.500000,	Top-5 err = 46.200000,	train_time = 2.243438
TRAIN Iter 22: loss = 0.007818,	Top-1 err = 69.900000,	Top-5 err = 47.750000,	train_time = 2.252181
TRAIN Iter 23: loss = 0.007835,	Top-1 err = 63.450000,	Top-5 err = 40.600000,	train_time = 2.245683
TRAIN Iter 24: loss = 0.007711,	Top-1 err = 64.000000,	Top-5 err = 40.800000,	train_time = 2.255000
TRAIN Iter 25: loss = 0.007626,	Top-1 err = 59.950000,	Top-5 err = 34.350000,	train_time = 2.234272
TRAIN Iter 26: loss = 0.007445,	Top-1 err = 61.300000,	Top-5 err = 38.450000,	train_time = 2.256707
TRAIN Iter 27: loss = 0.007465,	Top-1 err = 63.800000,	Top-5 err = 44.700000,	train_time = 2.260677
TRAIN Iter 28: loss = 0.006961,	Top-1 err = 66.650000,	Top-5 err = 42.650000,	train_time = 2.264959
TRAIN Iter 29: loss = 0.007172,	Top-1 err = 57.550000,	Top-5 err = 34.100000,	train_time = 2.248981
TRAIN Iter 30: loss = 0.006853,	Top-1 err = 57.550000,	Top-5 err = 37.750000,	train_time = 2.260485
TRAIN Iter 31: loss = 0.007206,	Top-1 err = 56.700000,	Top-5 err = 36.750000,	train_time = 2.261136
TRAIN Iter 32: loss = 0.006660,	Top-1 err = 55.550000,	Top-5 err = 32.200000,	train_time = 2.266393
TRAIN Iter 33: loss = 0.006798,	Top-1 err = 49.650000,	Top-5 err = 27.400000,	train_time = 2.260953
TRAIN Iter 34: loss = 0.006489,	Top-1 err = 56.300000,	Top-5 err = 34.250000,	train_time = 2.260970
TRAIN Iter 35: loss = 0.006552,	Top-1 err = 52.350000,	Top-5 err = 32.900000,	train_time = 2.260970
TRAIN Iter 36: loss = 0.005942,	Top-1 err = 60.750000,	Top-5 err = 39.500000,	train_time = 2.092985
TRAIN Iter 37: loss = 0.006212,	Top-1 err = 48.700000,	Top-5 err = 26.850000,	train_time = 2.213895
TRAIN Iter 38: loss = 0.006003,	Top-1 err = 50.150000,	Top-5 err = 26.400000,	train_time = 2.252182
TRAIN Iter 39: loss = 0.006079,	Top-1 err = 55.300000,	Top-5 err = 34.400000,	train_time = 2.245262
TRAIN Iter 40: loss = 0.006153,	Top-1 err = 63.300000,	Top-5 err = 44.450000,	train_time = 2.102059
TRAIN Iter 41: loss = 0.006065,	Top-1 err = 50.800000,	Top-5 err = 29.400000,	train_time = 2.238566
TRAIN Iter 42: loss = 0.005552,	Top-1 err = 64.750000,	Top-5 err = 42.350000,	train_time = 2.267291
TRAIN Iter 43: loss = 0.005839,	Top-1 err = 50.550000,	Top-5 err = 31.300000,	train_time = 2.289537
TRAIN Iter 44: loss = 0.005460,	Top-1 err = 55.600000,	Top-5 err = 32.400000,	train_time = 2.208757
TRAIN Iter 45: loss = 0.005512,	Top-1 err = 54.850000,	Top-5 err = 32.750000,	train_time = 2.264277
TRAIN Iter 46: loss = 0.005651,	Top-1 err = 45.950000,	Top-5 err = 25.300000,	train_time = 2.217461
TRAIN Iter 47: loss = 0.005729,	Top-1 err = 44.050000,	Top-5 err = 23.700000,	train_time = 2.249580
TRAIN Iter 48: loss = 0.005358,	Top-1 err = 58.250000,	Top-5 err = 35.500000,	train_time = 2.248106
TRAIN Iter 49: loss = 0.005270,	Top-1 err = 51.900000,	Top-5 err = 31.050000,	train_time = 2.226186
TRAIN Iter 50: loss = 0.005393,	Top-1 err = 42.400000,	Top-5 err = 22.750000,	train_time = 2.013921
TRAIN Iter 51: loss = 0.005328,	Top-1 err = 53.600000,	Top-5 err = 35.000000,	train_time = 2.265529
TRAIN Iter 52: loss = 0.005249,	Top-1 err = 48.300000,	Top-5 err = 28.950000,	train_time = 2.194461
TRAIN Iter 53: loss = 0.005345,	Top-1 err = 56.350000,	Top-5 err = 37.250000,	train_time = 2.273051
TRAIN Iter 54: loss = 0.005073,	Top-1 err = 59.450000,	Top-5 err = 38.750000,	train_time = 2.258170
TRAIN Iter 55: loss = 0.005238,	Top-1 err = 35.850000,	Top-5 err = 18.300000,	train_time = 2.277787
TRAIN Iter 56: loss = 0.005156,	Top-1 err = 53.850000,	Top-5 err = 38.250000,	train_time = 2.253050
TRAIN Iter 57: loss = 0.004930,	Top-1 err = 43.650000,	Top-5 err = 24.000000,	train_time = 2.253688
TRAIN Iter 58: loss = 0.005145,	Top-1 err = 40.950000,	Top-5 err = 20.500000,	train_time = 2.269410
TRAIN Iter 59: loss = 0.005240,	Top-1 err = 43.250000,	Top-5 err = 26.800000,	train_time = 1.851806
TRAIN Iter 60: loss = 0.004924,	Top-1 err = 47.750000,	Top-5 err = 26.550000,	train_time = 2.248720
TRAIN Iter 61: loss = 0.004757,	Top-1 err = 46.300000,	Top-5 err = 27.500000,	train_time = 2.079401
TRAIN Iter 62: loss = 0.004812,	Top-1 err = 42.500000,	Top-5 err = 24.300000,	train_time = 2.221635
TRAIN Iter 63: loss = 0.004946,	Top-1 err = 35.300000,	Top-5 err = 17.650000,	train_time = 2.123981
TRAIN Iter 64: loss = 0.004803,	Top-1 err = 49.800000,	Top-5 err = 30.250000,	train_time = 2.202857
TRAIN Iter 65: loss = 0.004834,	Top-1 err = 48.450000,	Top-5 err = 29.850000,	train_time = 2.276176
TRAIN Iter 66: loss = 0.004639,	Top-1 err = 46.250000,	Top-5 err = 29.550000,	train_time = 2.243690
TRAIN Iter 67: loss = 0.004762,	Top-1 err = 44.900000,	Top-5 err = 26.950000,	train_time = 2.208942
TRAIN Iter 68: loss = 0.004697,	Top-1 err = 48.250000,	Top-5 err = 29.400000,	train_time = 2.174259
TRAIN Iter 69: loss = 0.004493,	Top-1 err = 39.950000,	Top-5 err = 22.400000,	train_time = 2.261693
TRAIN Iter 70: loss = 0.004539,	Top-1 err = 38.200000,	Top-5 err = 21.900000,	train_time = 2.250975
TRAIN Iter 71: loss = 0.004681,	Top-1 err = 51.700000,	Top-5 err = 34.300000,	train_time = 2.253608
TRAIN Iter 72: loss = 0.004499,	Top-1 err = 42.850000,	Top-5 err = 26.750000,	train_time = 2.260029
TRAIN Iter 73: loss = 0.004513,	Top-1 err = 48.150000,	Top-5 err = 33.150000,	train_time = 2.277809
TRAIN Iter 74: loss = 0.004366,	Top-1 err = 41.950000,	Top-5 err = 23.900000,	train_time = 2.244081
TRAIN Iter 75: loss = 0.004554,	Top-1 err = 49.450000,	Top-5 err = 31.250000,	train_time = 2.260258
TRAIN Iter 76: loss = 0.004367,	Top-1 err = 47.350000,	Top-5 err = 25.400000,	train_time = 2.238090
TRAIN Iter 77: loss = 0.004431,	Top-1 err = 34.450000,	Top-5 err = 17.050000,	train_time = 2.255105
TRAIN Iter 78: loss = 0.004364,	Top-1 err = 37.500000,	Top-5 err = 18.650000,	train_time = 2.260813
TRAIN Iter 79: loss = 0.004495,	Top-1 err = 41.150000,	Top-5 err = 23.700000,	train_time = 2.246476
TRAIN Iter 80: loss = 0.004369,	Top-1 err = 52.200000,	Top-5 err = 34.500000,	train_time = 2.246569
TRAIN Iter 81: loss = 0.004246,	Top-1 err = 45.050000,	Top-5 err = 27.450000,	train_time = 2.260496
TRAIN Iter 82: loss = 0.004271,	Top-1 err = 34.950000,	Top-5 err = 17.100000,	train_time = 2.269739
TRAIN Iter 83: loss = 0.004319,	Top-1 err = 35.850000,	Top-5 err = 18.300000,	train_time = 2.179672
TRAIN Iter 84: loss = 0.004328,	Top-1 err = 42.700000,	Top-5 err = 25.950000,	train_time = 2.284889
TRAIN Iter 85: loss = 0.004149,	Top-1 err = 41.200000,	Top-5 err = 22.050000,	train_time = 2.250355
TRAIN Iter 86: loss = 0.004199,	Top-1 err = 45.700000,	Top-5 err = 26.150000,	train_time = 2.249452
TRAIN Iter 87: loss = 0.004243,	Top-1 err = 48.050000,	Top-5 err = 32.900000,	train_time = 2.256437
TRAIN Iter 88: loss = 0.004061,	Top-1 err = 37.750000,	Top-5 err = 21.800000,	train_time = 2.265588
TRAIN Iter 89: loss = 0.004046,	Top-1 err = 43.650000,	Top-5 err = 23.550000,	train_time = 2.270117
TRAIN Iter 90: loss = 0.004242,	Top-1 err = 50.250000,	Top-5 err = 35.350000,	train_time = 2.262518
TRAIN Iter 91: loss = 0.004065,	Top-1 err = 37.300000,	Top-5 err = 19.800000,	train_time = 2.257406
TRAIN Iter 92: loss = 0.004052,	Top-1 err = 47.650000,	Top-5 err = 27.400000,	train_time = 2.063065
TRAIN Iter 93: loss = 0.004156,	Top-1 err = 45.350000,	Top-5 err = 27.750000,	train_time = 2.276245
TRAIN Iter 94: loss = 0.003956,	Top-1 err = 41.750000,	Top-5 err = 25.300000,	train_time = 2.206363
TRAIN Iter 95: loss = 0.003926,	Top-1 err = 39.400000,	Top-5 err = 22.900000,	train_time = 2.290576
TRAIN Iter 96: loss = 0.003910,	Top-1 err = 35.550000,	Top-5 err = 18.050000,	train_time = 2.242944
TRAIN Iter 97: loss = 0.003856,	Top-1 err = 44.900000,	Top-5 err = 27.400000,	train_time = 2.243998
TRAIN Iter 98: loss = 0.003913,	Top-1 err = 35.600000,	Top-5 err = 17.850000,	train_time = 2.286928
TRAIN Iter 99: loss = 0.003871,	Top-1 err = 46.500000,	Top-5 err = 30.350000,	train_time = 2.249304
TRAIN Iter 100: loss = 0.004069,	Top-1 err = 57.000000,	Top-5 err = 38.600000,	train_time = 2.242275
TRAIN Iter 101: loss = 0.003818,	Top-1 err = 34.050000,	Top-5 err = 17.700000,	train_time = 2.228626
TRAIN Iter 102: loss = 0.003926,	Top-1 err = 44.150000,	Top-5 err = 24.150000,	train_time = 2.098326
TRAIN Iter 103: loss = 0.003804,	Top-1 err = 33.400000,	Top-5 err = 17.700000,	train_time = 2.211543
TRAIN Iter 104: loss = 0.003915,	Top-1 err = 53.550000,	Top-5 err = 38.950000,	train_time = 2.246885
TRAIN Iter 105: loss = 0.004141,	Top-1 err = 51.600000,	Top-5 err = 33.800000,	train_time = 2.242494
TRAIN Iter 106: loss = 0.004037,	Top-1 err = 53.450000,	Top-5 err = 34.100000,	train_time = 2.200099
TRAIN Iter 107: loss = 0.003978,	Top-1 err = 39.300000,	Top-5 err = 28.000000,	train_time = 2.249353
TRAIN Iter 108: loss = 0.003792,	Top-1 err = 41.700000,	Top-5 err = 25.900000,	train_time = 2.250166
TRAIN Iter 109: loss = 0.003752,	Top-1 err = 37.150000,	Top-5 err = 21.750000,	train_time = 2.262639
TRAIN Iter 110: loss = 0.003802,	Top-1 err = 31.150000,	Top-5 err = 17.800000,	train_time = 2.265810
TRAIN Iter 111: loss = 0.003708,	Top-1 err = 31.150000,	Top-5 err = 18.050000,	train_time = 2.254754
TRAIN Iter 112: loss = 0.003853,	Top-1 err = 40.250000,	Top-5 err = 23.250000,	train_time = 2.285963
TRAIN Iter 113: loss = 0.003611,	Top-1 err = 46.650000,	Top-5 err = 28.700000,	train_time = 2.109533
TRAIN Iter 114: loss = 0.003703,	Top-1 err = 39.750000,	Top-5 err = 23.700000,	train_time = 2.235652
TRAIN Iter 115: loss = 0.003703,	Top-1 err = 34.900000,	Top-5 err = 20.100000,	train_time = 2.252574
TRAIN Iter 116: loss = 0.003657,	Top-1 err = 46.550000,	Top-5 err = 26.250000,	train_time = 2.193248
TRAIN Iter 117: loss = 0.003753,	Top-1 err = 36.500000,	Top-5 err = 21.600000,	train_time = 2.257711
TRAIN Iter 118: loss = 0.003600,	Top-1 err = 42.550000,	Top-5 err = 22.450000,	train_time = 2.164602
TRAIN Iter 119: loss = 0.003498,	Top-1 err = 25.000000,	Top-5 err = 9.450000,	train_time = 2.231872
TRAIN Iter 120: loss = 0.003602,	Top-1 err = 47.200000,	Top-5 err = 30.500000,	train_time = 2.216123
TRAIN Iter 121: loss = 0.003765,	Top-1 err = 38.400000,	Top-5 err = 22.200000,	train_time = 2.279244
TRAIN Iter 122: loss = 0.003670,	Top-1 err = 42.300000,	Top-5 err = 22.800000,	train_time = 2.300897
TRAIN Iter 123: loss = 0.003602,	Top-1 err = 32.750000,	Top-5 err = 16.100000,	train_time = 2.263907
TRAIN Iter 124: loss = 0.003629,	Top-1 err = 44.950000,	Top-5 err = 26.250000,	train_time = 2.260588
TRAIN Iter 125: loss = 0.003588,	Top-1 err = 42.100000,	Top-5 err = 25.250000,	train_time = 2.250345
TRAIN Iter 126: loss = 0.003478,	Top-1 err = 38.300000,	Top-5 err = 20.900000,	train_time = 2.258046
TRAIN Iter 127: loss = 0.003402,	Top-1 err = 39.650000,	Top-5 err = 23.650000,	train_time = 2.275810
TRAIN Iter 128: loss = 0.003514,	Top-1 err = 39.950000,	Top-5 err = 24.350000,	train_time = 2.243353
TRAIN Iter 129: loss = 0.003544,	Top-1 err = 37.100000,	Top-5 err = 21.000000,	train_time = 2.262499
TRAIN Iter 130: loss = 0.003557,	Top-1 err = 48.550000,	Top-5 err = 31.200000,	train_time = 2.274713
TRAIN Iter 131: loss = 0.003572,	Top-1 err = 34.950000,	Top-5 err = 21.500000,	train_time = 2.221045
TRAIN Iter 132: loss = 0.003531,	Top-1 err = 33.600000,	Top-5 err = 15.700000,	train_time = 2.282152
TRAIN Iter 133: loss = 0.003425,	Top-1 err = 27.400000,	Top-5 err = 11.850000,	train_time = 2.142157
TRAIN Iter 134: loss = 0.003388,	Top-1 err = 38.050000,	Top-5 err = 21.850000,	train_time = 2.278245
TRAIN Iter 135: loss = 0.003544,	Top-1 err = 34.650000,	Top-5 err = 18.250000,	train_time = 2.250447
TRAIN Iter 136: loss = 0.003414,	Top-1 err = 43.300000,	Top-5 err = 23.050000,	train_time = 2.272204
TRAIN Iter 137: loss = 0.003302,	Top-1 err = 48.300000,	Top-5 err = 32.800000,	train_time = 2.270671
TRAIN Iter 138: loss = 0.003426,	Top-1 err = 39.200000,	Top-5 err = 23.050000,	train_time = 2.280293
TRAIN Iter 139: loss = 0.003389,	Top-1 err = 34.050000,	Top-5 err = 16.850000,	train_time = 2.279611
TRAIN Iter 140: loss = 0.003375,	Top-1 err = 28.100000,	Top-5 err = 14.000000,	train_time = 2.229399
TRAIN Iter 141: loss = 0.003407,	Top-1 err = 40.350000,	Top-5 err = 25.750000,	train_time = 2.243002
TRAIN Iter 142: loss = 0.003426,	Top-1 err = 40.850000,	Top-5 err = 23.550000,	train_time = 2.264097
TRAIN Iter 143: loss = 0.003362,	Top-1 err = 43.700000,	Top-5 err = 25.850000,	train_time = 2.209990
TRAIN Iter 144: loss = 0.003259,	Top-1 err = 30.450000,	Top-5 err = 18.200000,	train_time = 2.262512
TRAIN Iter 145: loss = 0.003257,	Top-1 err = 22.150000,	Top-5 err = 10.500000,	train_time = 2.284249
TRAIN Iter 146: loss = 0.003365,	Top-1 err = 30.500000,	Top-5 err = 16.500000,	train_time = 2.291709
TRAIN Iter 147: loss = 0.003215,	Top-1 err = 34.200000,	Top-5 err = 15.550000,	train_time = 2.259191
TRAIN Iter 148: loss = 0.003192,	Top-1 err = 31.200000,	Top-5 err = 16.050000,	train_time = 2.221271
TRAIN Iter 149: loss = 0.003220,	Top-1 err = 27.200000,	Top-5 err = 13.500000,	train_time = 2.032466
TRAIN Iter 150: loss = 0.003261,	Top-1 err = 34.000000,	Top-5 err = 18.700000,	train_time = 2.254936
TRAIN Iter 151: loss = 0.003272,	Top-1 err = 34.400000,	Top-5 err = 18.650000,	train_time = 1.960157
TRAIN Iter 152: loss = 0.003361,	Top-1 err = 42.650000,	Top-5 err = 27.200000,	train_time = 2.235637
TRAIN Iter 153: loss = 0.003353,	Top-1 err = 43.500000,	Top-5 err = 26.900000,	train_time = 2.195413
TRAIN Iter 154: loss = 0.003295,	Top-1 err = 46.450000,	Top-5 err = 30.100000,	train_time = 2.256258
TRAIN Iter 155: loss = 0.003341,	Top-1 err = 39.850000,	Top-5 err = 26.950000,	train_time = 2.198712
TRAIN Iter 156: loss = 0.003262,	Top-1 err = 31.200000,	Top-5 err = 16.250000,	train_time = 2.246604
TRAIN Iter 157: loss = 0.003114,	Top-1 err = 28.050000,	Top-5 err = 12.150000,	train_time = 2.231836
TRAIN Iter 158: loss = 0.003110,	Top-1 err = 35.800000,	Top-5 err = 20.000000,	train_time = 2.238006
TRAIN Iter 159: loss = 0.003127,	Top-1 err = 35.950000,	Top-5 err = 18.850000,	train_time = 2.270020
TRAIN Iter 160: loss = 0.003169,	Top-1 err = 27.050000,	Top-5 err = 13.650000,	train_time = 2.267149
TRAIN Iter 161: loss = 0.003321,	Top-1 err = 45.400000,	Top-5 err = 26.500000,	train_time = 2.261276
TRAIN Iter 162: loss = 0.003198,	Top-1 err = 32.100000,	Top-5 err = 18.550000,	train_time = 2.261368
TRAIN Iter 163: loss = 0.003190,	Top-1 err = 36.750000,	Top-5 err = 24.550000,	train_time = 2.255346
TRAIN Iter 164: loss = 0.003210,	Top-1 err = 23.000000,	Top-5 err = 8.350000,	train_time = 2.248322
TRAIN Iter 165: loss = 0.003173,	Top-1 err = 28.950000,	Top-5 err = 14.700000,	train_time = 2.138378
TRAIN Iter 166: loss = 0.003296,	Top-1 err = 46.750000,	Top-5 err = 30.200000,	train_time = 2.272580
TRAIN Iter 167: loss = 0.003201,	Top-1 err = 37.250000,	Top-5 err = 20.700000,	train_time = 2.290375
TRAIN Iter 168: loss = 0.003198,	Top-1 err = 45.850000,	Top-5 err = 31.350000,	train_time = 2.271136
TRAIN Iter 169: loss = 0.003198,	Top-1 err = 49.600000,	Top-5 err = 30.350000,	train_time = 2.292173
TRAIN Iter 170: loss = 0.003125,	Top-1 err = 39.550000,	Top-5 err = 24.250000,	train_time = 2.277076
TRAIN Iter 171: loss = 0.003035,	Top-1 err = 47.700000,	Top-5 err = 29.300000,	train_time = 2.293614
TRAIN Iter 172: loss = 0.003064,	Top-1 err = 43.200000,	Top-5 err = 29.050000,	train_time = 2.248233
TRAIN Iter 173: loss = 0.003214,	Top-1 err = 40.650000,	Top-5 err = 25.750000,	train_time = 2.260454
TRAIN Iter 174: loss = 0.003113,	Top-1 err = 53.750000,	Top-5 err = 31.350000,	train_time = 2.227083
TRAIN Iter 175: loss = 0.003114,	Top-1 err = 39.700000,	Top-5 err = 25.050000,	train_time = 2.246964
TRAIN Iter 176: loss = 0.003151,	Top-1 err = 33.250000,	Top-5 err = 17.800000,	train_time = 2.269429
TRAIN Iter 177: loss = 0.003082,	Top-1 err = 28.250000,	Top-5 err = 12.650000,	train_time = 2.212321
TRAIN Iter 178: loss = 0.003060,	Top-1 err = 40.200000,	Top-5 err = 26.000000,	train_time = 2.279260
TRAIN Iter 179: loss = 0.003139,	Top-1 err = 38.650000,	Top-5 err = 23.700000,	train_time = 2.247431
TRAIN Iter 180: loss = 0.003106,	Top-1 err = 38.050000,	Top-5 err = 21.350000,	train_time = 2.190164
TRAIN Iter 181: loss = 0.003027,	Top-1 err = 28.450000,	Top-5 err = 16.700000,	train_time = 2.248531
TRAIN Iter 182: loss = 0.003121,	Top-1 err = 28.750000,	Top-5 err = 19.550000,	train_time = 2.291861
TRAIN Iter 183: loss = 0.003057,	Top-1 err = 27.350000,	Top-5 err = 13.150000,	train_time = 2.266773
TRAIN Iter 184: loss = 0.003188,	Top-1 err = 38.450000,	Top-5 err = 22.200000,	train_time = 2.269232
TRAIN Iter 185: loss = 0.003116,	Top-1 err = 26.000000,	Top-5 err = 13.350000,	train_time = 2.264356
TRAIN Iter 186: loss = 0.003143,	Top-1 err = 46.050000,	Top-5 err = 25.700000,	train_time = 2.270732
TRAIN Iter 187: loss = 0.003026,	Top-1 err = 30.850000,	Top-5 err = 17.150000,	train_time = 2.193648
TRAIN Iter 188: loss = 0.003051,	Top-1 err = 32.400000,	Top-5 err = 17.500000,	train_time = 2.259158
TRAIN Iter 189: loss = 0.003041,	Top-1 err = 41.950000,	Top-5 err = 23.200000,	train_time = 2.223328
TRAIN Iter 190: loss = 0.002977,	Top-1 err = 37.800000,	Top-5 err = 23.150000,	train_time = 2.172941
TRAIN Iter 191: loss = 0.003004,	Top-1 err = 42.050000,	Top-5 err = 27.350000,	train_time = 2.277155
TRAIN Iter 192: loss = 0.003103,	Top-1 err = 43.750000,	Top-5 err = 27.000000,	train_time = 2.281730
TRAIN Iter 193: loss = 0.003214,	Top-1 err = 43.850000,	Top-5 err = 29.850000,	train_time = 2.263112
TRAIN Iter 194: loss = 0.003094,	Top-1 err = 37.300000,	Top-5 err = 19.750000,	train_time = 2.282109
TRAIN Iter 195: loss = 0.003087,	Top-1 err = 46.200000,	Top-5 err = 29.800000,	train_time = 2.007529
TRAIN Iter 196: loss = 0.002995,	Top-1 err = 29.200000,	Top-5 err = 14.800000,	train_time = 2.257280
TRAIN Iter 197: loss = 0.003139,	Top-1 err = 39.350000,	Top-5 err = 24.600000,	train_time = 2.275902
TRAIN Iter 198: loss = 0.002960,	Top-1 err = 33.800000,	Top-5 err = 18.450000,	train_time = 2.247497
TRAIN Iter 199: loss = 0.002938,	Top-1 err = 28.250000,	Top-5 err = 16.650000,	train_time = 2.162454
TRAIN Iter 200: loss = 0.002921,	Top-1 err = 24.800000,	Top-5 err = 10.100000,	train_time = 2.254518
TRAIN Iter 201: loss = 0.003006,	Top-1 err = 30.900000,	Top-5 err = 15.200000,	train_time = 2.247269
TRAIN Iter 202: loss = 0.002890,	Top-1 err = 39.900000,	Top-5 err = 23.950000,	train_time = 2.251565
TRAIN Iter 203: loss = 0.003025,	Top-1 err = 49.400000,	Top-5 err = 31.750000,	train_time = 2.258283
TRAIN Iter 204: loss = 0.003046,	Top-1 err = 37.450000,	Top-5 err = 20.300000,	train_time = 2.244058
TRAIN Iter 205: loss = 0.003108,	Top-1 err = 43.850000,	Top-5 err = 24.050000,	train_time = 2.266748
TRAIN Iter 206: loss = 0.002975,	Top-1 err = 42.350000,	Top-5 err = 26.350000,	train_time = 2.249094
TRAIN Iter 207: loss = 0.002947,	Top-1 err = 45.700000,	Top-5 err = 27.750000,	train_time = 2.254017
TRAIN Iter 208: loss = 0.002999,	Top-1 err = 41.100000,	Top-5 err = 24.550000,	train_time = 2.266183
TRAIN Iter 209: loss = 0.003004,	Top-1 err = 28.800000,	Top-5 err = 16.100000,	train_time = 2.275096
TRAIN Iter 210: loss = 0.002876,	Top-1 err = 25.100000,	Top-5 err = 14.600000,	train_time = 2.268591
TRAIN Iter 211: loss = 0.002855,	Top-1 err = 22.850000,	Top-5 err = 11.050000,	train_time = 2.244930
TRAIN Iter 212: loss = 0.002951,	Top-1 err = 38.250000,	Top-5 err = 24.500000,	train_time = 2.251331
TRAIN Iter 213: loss = 0.002835,	Top-1 err = 33.300000,	Top-5 err = 19.000000,	train_time = 2.278333
TRAIN Iter 214: loss = 0.002829,	Top-1 err = 25.350000,	Top-5 err = 11.350000,	train_time = 2.251322
TRAIN Iter 215: loss = 0.003022,	Top-1 err = 42.100000,	Top-5 err = 24.700000,	train_time = 2.264181
TRAIN Iter 216: loss = 0.002913,	Top-1 err = 41.800000,	Top-5 err = 26.050000,	train_time = 1.975505
TRAIN Iter 217: loss = 0.002940,	Top-1 err = 44.200000,	Top-5 err = 29.750000,	train_time = 2.238569
TRAIN Iter 218: loss = 0.002975,	Top-1 err = 29.550000,	Top-5 err = 17.400000,	train_time = 2.252518
TRAIN Iter 219: loss = 0.002926,	Top-1 err = 39.050000,	Top-5 err = 23.950000,	train_time = 2.268443
TRAIN Iter 220: loss = 0.002904,	Top-1 err = 37.000000,	Top-5 err = 21.850000,	train_time = 2.270453
TRAIN Iter 221: loss = 0.002897,	Top-1 err = 44.050000,	Top-5 err = 26.150000,	train_time = 2.280468
TRAIN Iter 222: loss = 0.002939,	Top-1 err = 35.100000,	Top-5 err = 21.850000,	train_time = 2.249597
TRAIN Iter 223: loss = 0.002952,	Top-1 err = 38.700000,	Top-5 err = 22.750000,	train_time = 2.256809
TRAIN Iter 224: loss = 0.002797,	Top-1 err = 19.700000,	Top-5 err = 8.600000,	train_time = 2.258883
TRAIN Iter 225: loss = 0.002914,	Top-1 err = 39.050000,	Top-5 err = 23.350000,	train_time = 2.266896
TRAIN Iter 226: loss = 0.002889,	Top-1 err = 33.800000,	Top-5 err = 20.050000,	train_time = 2.017985
TRAIN Iter 227: loss = 0.002908,	Top-1 err = 48.650000,	Top-5 err = 29.900000,	train_time = 2.279085
TRAIN Iter 228: loss = 0.002859,	Top-1 err = 36.250000,	Top-5 err = 21.650000,	train_time = 2.251792
TRAIN Iter 229: loss = 0.002957,	Top-1 err = 51.400000,	Top-5 err = 32.350000,	train_time = 2.276439
TRAIN Iter 230: loss = 0.002895,	Top-1 err = 44.100000,	Top-5 err = 27.050000,	train_time = 2.260554
TRAIN Iter 231: loss = 0.002856,	Top-1 err = 29.500000,	Top-5 err = 13.900000,	train_time = 2.190886
TRAIN Iter 232: loss = 0.002837,	Top-1 err = 40.500000,	Top-5 err = 23.450000,	train_time = 2.232282
TRAIN Iter 233: loss = 0.002804,	Top-1 err = 38.100000,	Top-5 err = 24.000000,	train_time = 2.243118
TRAIN Iter 234: loss = 0.002999,	Top-1 err = 43.600000,	Top-5 err = 25.800000,	train_time = 2.229140
TRAIN Iter 235: loss = 0.002819,	Top-1 err = 41.350000,	Top-5 err = 24.500000,	train_time = 2.268282
TRAIN Iter 236: loss = 0.002781,	Top-1 err = 39.700000,	Top-5 err = 24.450000,	train_time = 2.275211
TRAIN Iter 237: loss = 0.002896,	Top-1 err = 32.950000,	Top-5 err = 17.400000,	train_time = 2.260797
TRAIN Iter 238: loss = 0.002760,	Top-1 err = 36.600000,	Top-5 err = 22.400000,	train_time = 2.258634
TRAIN Iter 239: loss = 0.002872,	Top-1 err = 47.800000,	Top-5 err = 30.650000,	train_time = 2.233764
TRAIN Iter 240: loss = 0.002792,	Top-1 err = 36.650000,	Top-5 err = 21.600000,	train_time = 2.276036
TRAIN Iter 241: loss = 0.002749,	Top-1 err = 30.350000,	Top-5 err = 15.200000,	train_time = 2.234004
TRAIN Iter 242: loss = 0.002695,	Top-1 err = 23.900000,	Top-5 err = 10.550000,	train_time = 2.292543
TRAIN Iter 243: loss = 0.002865,	Top-1 err = 33.800000,	Top-5 err = 19.700000,	train_time = 2.045245
TRAIN Iter 244: loss = 0.002762,	Top-1 err = 26.300000,	Top-5 err = 12.450000,	train_time = 2.259694
TRAIN Iter 245: loss = 0.002802,	Top-1 err = 52.250000,	Top-5 err = 33.550000,	train_time = 2.268147
TRAIN Iter 246: loss = 0.002837,	Top-1 err = 39.050000,	Top-5 err = 23.950000,	train_time = 2.256393
TRAIN Iter 247: loss = 0.002720,	Top-1 err = 34.250000,	Top-5 err = 21.000000,	train_time = 2.262278
TRAIN Iter 248: loss = 0.002849,	Top-1 err = 37.400000,	Top-5 err = 20.100000,	train_time = 2.199759
TRAIN Iter 249: loss = 0.002765,	Top-1 err = 18.700000,	Top-5 err = 8.700000,	train_time = 2.256915
TEST:
Iter 249: loss = 2.658395,	Top-1 err = 60.970000,	Top-5 err = 34.400000,	val_time = 2.132049
TRAIN Iter 250: loss = 0.002866,	Top-1 err = 35.100000,	Top-5 err = 18.300000,	train_time = 2.267793
TRAIN Iter 251: loss = 0.002783,	Top-1 err = 36.450000,	Top-5 err = 19.800000,	train_time = 2.266290
TRAIN Iter 252: loss = 0.002803,	Top-1 err = 39.600000,	Top-5 err = 22.900000,	train_time = 2.249193
TRAIN Iter 253: loss = 0.002814,	Top-1 err = 35.800000,	Top-5 err = 17.900000,	train_time = 2.185580
TRAIN Iter 254: loss = 0.002736,	Top-1 err = 43.250000,	Top-5 err = 25.700000,	train_time = 2.237144
TRAIN Iter 255: loss = 0.002731,	Top-1 err = 37.250000,	Top-5 err = 22.050000,	train_time = 2.274437
TRAIN Iter 256: loss = 0.002770,	Top-1 err = 47.200000,	Top-5 err = 26.050000,	train_time = 2.199977
TRAIN Iter 257: loss = 0.002710,	Top-1 err = 32.750000,	Top-5 err = 17.700000,	train_time = 2.255355
TRAIN Iter 258: loss = 0.002637,	Top-1 err = 23.950000,	Top-5 err = 10.250000,	train_time = 2.237887
TRAIN Iter 259: loss = 0.002730,	Top-1 err = 48.100000,	Top-5 err = 29.300000,	train_time = 2.264299
TEST:
Iter 259: loss = 2.728053,	Top-1 err = 61.390000,	Top-5 err = 34.830000,	val_time = 2.147350
TRAIN Iter 260: loss = 0.002774,	Top-1 err = 35.450000,	Top-5 err = 19.000000,	train_time = 2.258024
TRAIN Iter 261: loss = 0.002731,	Top-1 err = 43.550000,	Top-5 err = 26.750000,	train_time = 2.278861
TRAIN Iter 262: loss = 0.002722,	Top-1 err = 37.200000,	Top-5 err = 22.750000,	train_time = 2.228163
TRAIN Iter 263: loss = 0.002663,	Top-1 err = 35.650000,	Top-5 err = 20.350000,	train_time = 2.213885
TRAIN Iter 264: loss = 0.002733,	Top-1 err = 38.500000,	Top-5 err = 19.400000,	train_time = 2.157661
TRAIN Iter 265: loss = 0.002772,	Top-1 err = 39.900000,	Top-5 err = 23.450000,	train_time = 2.257573
TRAIN Iter 266: loss = 0.002712,	Top-1 err = 39.200000,	Top-5 err = 23.850000,	train_time = 2.256497
TRAIN Iter 267: loss = 0.002763,	Top-1 err = 45.100000,	Top-5 err = 27.200000,	train_time = 2.254284
TRAIN Iter 268: loss = 0.002827,	Top-1 err = 29.450000,	Top-5 err = 16.150000,	train_time = 2.286556
TRAIN Iter 269: loss = 0.002642,	Top-1 err = 41.700000,	Top-5 err = 24.850000,	train_time = 2.265050
TEST:
Iter 269: loss = 2.634324,	Top-1 err = 60.790000,	Top-5 err = 33.550000,	val_time = 2.180116
TRAIN Iter 270: loss = 0.002644,	Top-1 err = 34.950000,	Top-5 err = 19.100000,	train_time = 2.278328
TRAIN Iter 271: loss = 0.002710,	Top-1 err = 37.100000,	Top-5 err = 20.850000,	train_time = 2.270072
TRAIN Iter 272: loss = 0.002571,	Top-1 err = 29.000000,	Top-5 err = 15.400000,	train_time = 1.961890
TRAIN Iter 273: loss = 0.002658,	Top-1 err = 37.050000,	Top-5 err = 22.650000,	train_time = 2.248297
TRAIN Iter 274: loss = 0.002844,	Top-1 err = 49.150000,	Top-5 err = 30.350000,	train_time = 2.274015
TRAIN Iter 275: loss = 0.002558,	Top-1 err = 28.200000,	Top-5 err = 16.500000,	train_time = 2.278913
TRAIN Iter 276: loss = 0.002643,	Top-1 err = 27.700000,	Top-5 err = 12.850000,	train_time = 2.281163
TRAIN Iter 277: loss = 0.002697,	Top-1 err = 38.550000,	Top-5 err = 23.150000,	train_time = 2.251812
TRAIN Iter 278: loss = 0.002572,	Top-1 err = 23.400000,	Top-5 err = 11.900000,	train_time = 2.259007
TRAIN Iter 279: loss = 0.002561,	Top-1 err = 35.550000,	Top-5 err = 21.150000,	train_time = 2.259629
TEST:
Iter 279: loss = 2.710422,	Top-1 err = 61.600000,	Top-5 err = 35.150000,	val_time = 2.135284
TRAIN Iter 280: loss = 0.002594,	Top-1 err = 37.450000,	Top-5 err = 26.300000,	train_time = 2.268945
TRAIN Iter 281: loss = 0.002700,	Top-1 err = 51.950000,	Top-5 err = 32.400000,	train_time = 2.274022
TRAIN Iter 282: loss = 0.002727,	Top-1 err = 32.900000,	Top-5 err = 21.000000,	train_time = 2.261051
TRAIN Iter 283: loss = 0.002630,	Top-1 err = 36.550000,	Top-5 err = 20.000000,	train_time = 2.260609
TRAIN Iter 284: loss = 0.002513,	Top-1 err = 22.100000,	Top-5 err = 11.450000,	train_time = 2.274349
TRAIN Iter 285: loss = 0.002531,	Top-1 err = 34.750000,	Top-5 err = 21.000000,	train_time = 2.257212
TRAIN Iter 286: loss = 0.002554,	Top-1 err = 30.900000,	Top-5 err = 16.050000,	train_time = 2.266875
TRAIN Iter 287: loss = 0.002498,	Top-1 err = 21.500000,	Top-5 err = 11.050000,	train_time = 2.281566
TRAIN Iter 288: loss = 0.002473,	Top-1 err = 19.800000,	Top-5 err = 9.550000,	train_time = 2.257105
TRAIN Iter 289: loss = 0.002629,	Top-1 err = 43.700000,	Top-5 err = 25.850000,	train_time = 2.253027
TEST:
Iter 289: loss = 2.590360,	Top-1 err = 60.240000,	Top-5 err = 33.220000,	val_time = 2.105903
TRAIN Iter 290: loss = 0.002491,	Top-1 err = 28.300000,	Top-5 err = 15.800000,	train_time = 2.285867
TRAIN Iter 291: loss = 0.002512,	Top-1 err = 23.500000,	Top-5 err = 12.350000,	train_time = 2.254068
TRAIN Iter 292: loss = 0.002547,	Top-1 err = 32.650000,	Top-5 err = 19.850000,	train_time = 2.257818
TRAIN Iter 293: loss = 0.002476,	Top-1 err = 18.150000,	Top-5 err = 7.350000,	train_time = 2.249774
TRAIN Iter 294: loss = 0.002496,	Top-1 err = 36.200000,	Top-5 err = 20.800000,	train_time = 2.274881
TRAIN Iter 295: loss = 0.002688,	Top-1 err = 39.200000,	Top-5 err = 22.000000,	train_time = 2.296780
TRAIN Iter 296: loss = 0.002609,	Top-1 err = 24.350000,	Top-5 err = 13.300000,	train_time = 2.255713
TRAIN Iter 297: loss = 0.002610,	Top-1 err = 28.850000,	Top-5 err = 14.750000,	train_time = 2.274221
TRAIN Iter 298: loss = 0.002664,	Top-1 err = 37.550000,	Top-5 err = 22.000000,	train_time = 2.279150
TRAIN Iter 299: loss = 0.002562,	Top-1 err = 25.600000,	Top-5 err = 12.300000,	train_time = 2.114902
TEST:
Iter 299: loss = 2.646168,	Top-1 err = 60.150000,	Top-5 err = 33.950000,	val_time = 2.204591
Train Finish! Best accuracy is 39.85@299
