/home/dvspanos/miniconda3/envs/rded/lib/python3.10/site-packages/torch/cuda/__init__.py:611: UserWarning: Can't initialize NVML
  warnings.warn("Can't initialize NVML")
=> using pytorch pre-trained teacher model 'conv4'
process data from /home/dvspanos/nikos/ca2d/artifacts/sets/bench_tin_conv_rded_ipc10
load data successfully
TRAIN Iter 0: loss = 0.019099,	Top-1 err = 99.350000,	Top-5 err = 96.450000,	train_time = 1.690495
TRAIN Iter 1: loss = 0.016089,	Top-1 err = 98.350000,	Top-5 err = 94.100000,	train_time = 0.690950
TRAIN Iter 2: loss = 0.014102,	Top-1 err = 97.150000,	Top-5 err = 90.200000,	train_time = 0.738430
TRAIN Iter 3: loss = 0.013932,	Top-1 err = 96.250000,	Top-5 err = 87.450000,	train_time = 0.732357
TRAIN Iter 4: loss = 0.012533,	Top-1 err = 94.650000,	Top-5 err = 83.750000,	train_time = 0.744974
TRAIN Iter 5: loss = 0.012077,	Top-1 err = 90.600000,	Top-5 err = 76.200000,	train_time = 0.742250
TRAIN Iter 6: loss = 0.012148,	Top-1 err = 88.900000,	Top-5 err = 71.350000,	train_time = 0.734666
TRAIN Iter 7: loss = 0.011165,	Top-1 err = 84.900000,	Top-5 err = 64.900000,	train_time = 0.749123
TRAIN Iter 8: loss = 0.010725,	Top-1 err = 85.700000,	Top-5 err = 66.000000,	train_time = 0.733789
TRAIN Iter 9: loss = 0.010962,	Top-1 err = 84.400000,	Top-5 err = 61.650000,	train_time = 0.730866
TRAIN Iter 10: loss = 0.010179,	Top-1 err = 85.500000,	Top-5 err = 67.100000,	train_time = 0.744635
TRAIN Iter 11: loss = 0.009772,	Top-1 err = 81.450000,	Top-5 err = 59.950000,	train_time = 0.722600
TRAIN Iter 12: loss = 0.009944,	Top-1 err = 79.050000,	Top-5 err = 57.100000,	train_time = 0.733576
TRAIN Iter 13: loss = 0.009942,	Top-1 err = 74.950000,	Top-5 err = 51.100000,	train_time = 0.737062
TRAIN Iter 14: loss = 0.009470,	Top-1 err = 76.900000,	Top-5 err = 54.300000,	train_time = 0.744354
TRAIN Iter 15: loss = 0.008833,	Top-1 err = 74.700000,	Top-5 err = 50.150000,	train_time = 0.741067
TRAIN Iter 16: loss = 0.009259,	Top-1 err = 76.050000,	Top-5 err = 54.850000,	train_time = 0.740321
TRAIN Iter 17: loss = 0.008797,	Top-1 err = 76.350000,	Top-5 err = 52.850000,	train_time = 0.738102
TRAIN Iter 18: loss = 0.008934,	Top-1 err = 72.450000,	Top-5 err = 51.250000,	train_time = 0.747088
TRAIN Iter 19: loss = 0.008654,	Top-1 err = 63.150000,	Top-5 err = 38.850000,	train_time = 0.740767
TRAIN Iter 20: loss = 0.008200,	Top-1 err = 73.850000,	Top-5 err = 51.500000,	train_time = 0.747361
TRAIN Iter 21: loss = 0.007698,	Top-1 err = 69.650000,	Top-5 err = 45.500000,	train_time = 0.724388
TRAIN Iter 22: loss = 0.007935,	Top-1 err = 71.400000,	Top-5 err = 50.450000,	train_time = 0.742768
TRAIN Iter 23: loss = 0.007688,	Top-1 err = 64.250000,	Top-5 err = 40.100000,	train_time = 0.730846
TRAIN Iter 24: loss = 0.007967,	Top-1 err = 66.800000,	Top-5 err = 42.800000,	train_time = 0.739514
TRAIN Iter 25: loss = 0.007442,	Top-1 err = 64.900000,	Top-5 err = 41.750000,	train_time = 0.727540
TRAIN Iter 26: loss = 0.007550,	Top-1 err = 57.950000,	Top-5 err = 35.550000,	train_time = 0.733940
TRAIN Iter 27: loss = 0.006899,	Top-1 err = 72.400000,	Top-5 err = 51.000000,	train_time = 0.723500
TRAIN Iter 28: loss = 0.007049,	Top-1 err = 58.250000,	Top-5 err = 34.050000,	train_time = 0.743448
TRAIN Iter 29: loss = 0.006754,	Top-1 err = 65.200000,	Top-5 err = 43.950000,	train_time = 0.760175
TRAIN Iter 30: loss = 0.006761,	Top-1 err = 60.950000,	Top-5 err = 37.850000,	train_time = 0.744396
TRAIN Iter 31: loss = 0.006550,	Top-1 err = 65.000000,	Top-5 err = 43.450000,	train_time = 0.743954
TRAIN Iter 32: loss = 0.006524,	Top-1 err = 61.350000,	Top-5 err = 37.700000,	train_time = 0.737431
TRAIN Iter 33: loss = 0.006425,	Top-1 err = 60.050000,	Top-5 err = 37.500000,	train_time = 0.748201
TRAIN Iter 34: loss = 0.006897,	Top-1 err = 53.550000,	Top-5 err = 32.100000,	train_time = 0.725346
TRAIN Iter 35: loss = 0.006507,	Top-1 err = 59.200000,	Top-5 err = 39.250000,	train_time = 0.735521
TRAIN Iter 36: loss = 0.006317,	Top-1 err = 59.350000,	Top-5 err = 37.200000,	train_time = 0.738621
TRAIN Iter 37: loss = 0.006329,	Top-1 err = 58.600000,	Top-5 err = 39.200000,	train_time = 0.747596
TRAIN Iter 38: loss = 0.006246,	Top-1 err = 56.300000,	Top-5 err = 33.750000,	train_time = 0.748283
TRAIN Iter 39: loss = 0.005978,	Top-1 err = 54.000000,	Top-5 err = 30.800000,	train_time = 0.746055
TRAIN Iter 40: loss = 0.005953,	Top-1 err = 69.650000,	Top-5 err = 49.250000,	train_time = 0.750838
TRAIN Iter 41: loss = 0.006280,	Top-1 err = 50.350000,	Top-5 err = 27.200000,	train_time = 0.739884
TRAIN Iter 42: loss = 0.006129,	Top-1 err = 40.350000,	Top-5 err = 19.950000,	train_time = 0.702204
TRAIN Iter 43: loss = 0.005757,	Top-1 err = 63.500000,	Top-5 err = 43.500000,	train_time = 0.745901
TRAIN Iter 44: loss = 0.005594,	Top-1 err = 63.850000,	Top-5 err = 41.850000,	train_time = 0.732163
TRAIN Iter 45: loss = 0.005732,	Top-1 err = 48.850000,	Top-5 err = 27.750000,	train_time = 0.740463
TRAIN Iter 46: loss = 0.005543,	Top-1 err = 52.900000,	Top-5 err = 32.650000,	train_time = 0.747956
TRAIN Iter 47: loss = 0.005795,	Top-1 err = 54.000000,	Top-5 err = 34.900000,	train_time = 0.740034
TRAIN Iter 48: loss = 0.005791,	Top-1 err = 55.350000,	Top-5 err = 36.000000,	train_time = 0.730483
TRAIN Iter 49: loss = 0.005417,	Top-1 err = 48.100000,	Top-5 err = 26.750000,	train_time = 0.736657
TRAIN Iter 50: loss = 0.005366,	Top-1 err = 59.950000,	Top-5 err = 39.500000,	train_time = 0.736743
TRAIN Iter 51: loss = 0.005281,	Top-1 err = 59.650000,	Top-5 err = 39.250000,	train_time = 0.735436
TRAIN Iter 52: loss = 0.005446,	Top-1 err = 49.050000,	Top-5 err = 30.500000,	train_time = 0.735012
TRAIN Iter 53: loss = 0.005165,	Top-1 err = 55.850000,	Top-5 err = 35.550000,	train_time = 0.732679
TRAIN Iter 54: loss = 0.005304,	Top-1 err = 34.300000,	Top-5 err = 13.900000,	train_time = 0.749692
TRAIN Iter 55: loss = 0.005049,	Top-1 err = 58.950000,	Top-5 err = 37.050000,	train_time = 0.745675
TRAIN Iter 56: loss = 0.004965,	Top-1 err = 58.000000,	Top-5 err = 37.650000,	train_time = 0.744179
TRAIN Iter 57: loss = 0.005097,	Top-1 err = 45.350000,	Top-5 err = 24.700000,	train_time = 0.722026
TRAIN Iter 58: loss = 0.004891,	Top-1 err = 55.150000,	Top-5 err = 33.200000,	train_time = 0.731890
TRAIN Iter 59: loss = 0.005021,	Top-1 err = 48.900000,	Top-5 err = 28.800000,	train_time = 0.747173
TRAIN Iter 60: loss = 0.005014,	Top-1 err = 43.850000,	Top-5 err = 23.350000,	train_time = 0.736133
TRAIN Iter 61: loss = 0.004951,	Top-1 err = 44.250000,	Top-5 err = 22.750000,	train_time = 0.742480
TRAIN Iter 62: loss = 0.005070,	Top-1 err = 38.500000,	Top-5 err = 21.300000,	train_time = 0.719394
TRAIN Iter 63: loss = 0.004882,	Top-1 err = 35.750000,	Top-5 err = 18.900000,	train_time = 0.725191
TRAIN Iter 64: loss = 0.004705,	Top-1 err = 43.150000,	Top-5 err = 24.300000,	train_time = 0.716024
TRAIN Iter 65: loss = 0.004636,	Top-1 err = 41.500000,	Top-5 err = 23.250000,	train_time = 0.744041
TRAIN Iter 66: loss = 0.004576,	Top-1 err = 38.800000,	Top-5 err = 21.200000,	train_time = 0.736556
TRAIN Iter 67: loss = 0.004577,	Top-1 err = 49.900000,	Top-5 err = 29.300000,	train_time = 0.747720
TRAIN Iter 68: loss = 0.004721,	Top-1 err = 47.500000,	Top-5 err = 30.400000,	train_time = 0.750744
TRAIN Iter 69: loss = 0.004560,	Top-1 err = 52.500000,	Top-5 err = 34.300000,	train_time = 0.746111
TRAIN Iter 70: loss = 0.004490,	Top-1 err = 47.550000,	Top-5 err = 29.300000,	train_time = 0.737554
TRAIN Iter 71: loss = 0.004512,	Top-1 err = 43.800000,	Top-5 err = 25.700000,	train_time = 0.753676
TRAIN Iter 72: loss = 0.004595,	Top-1 err = 50.050000,	Top-5 err = 29.300000,	train_time = 0.747544
TRAIN Iter 73: loss = 0.004631,	Top-1 err = 33.750000,	Top-5 err = 18.650000,	train_time = 0.742520
TRAIN Iter 74: loss = 0.004745,	Top-1 err = 37.350000,	Top-5 err = 19.300000,	train_time = 0.743114
TRAIN Iter 75: loss = 0.004386,	Top-1 err = 45.450000,	Top-5 err = 26.250000,	train_time = 0.745867
TRAIN Iter 76: loss = 0.004468,	Top-1 err = 59.800000,	Top-5 err = 38.750000,	train_time = 0.741607
TRAIN Iter 77: loss = 0.004451,	Top-1 err = 42.800000,	Top-5 err = 25.150000,	train_time = 0.744592
TRAIN Iter 78: loss = 0.004384,	Top-1 err = 53.200000,	Top-5 err = 35.050000,	train_time = 0.738609
TRAIN Iter 79: loss = 0.004379,	Top-1 err = 50.850000,	Top-5 err = 31.550000,	train_time = 0.746443
TRAIN Iter 80: loss = 0.004167,	Top-1 err = 45.750000,	Top-5 err = 25.300000,	train_time = 0.741865
TRAIN Iter 81: loss = 0.004330,	Top-1 err = 55.100000,	Top-5 err = 37.600000,	train_time = 0.733265
TRAIN Iter 82: loss = 0.004172,	Top-1 err = 43.200000,	Top-5 err = 24.550000,	train_time = 0.741598
TRAIN Iter 83: loss = 0.004267,	Top-1 err = 53.800000,	Top-5 err = 34.050000,	train_time = 0.720579
TRAIN Iter 84: loss = 0.004149,	Top-1 err = 40.850000,	Top-5 err = 22.050000,	train_time = 0.741397
TRAIN Iter 85: loss = 0.004156,	Top-1 err = 56.300000,	Top-5 err = 38.050000,	train_time = 0.725286
TRAIN Iter 86: loss = 0.004180,	Top-1 err = 38.500000,	Top-5 err = 22.450000,	train_time = 0.739954
TRAIN Iter 87: loss = 0.004211,	Top-1 err = 55.750000,	Top-5 err = 38.700000,	train_time = 0.747703
TRAIN Iter 88: loss = 0.004080,	Top-1 err = 48.250000,	Top-5 err = 28.900000,	train_time = 0.741490
TRAIN Iter 89: loss = 0.004118,	Top-1 err = 46.600000,	Top-5 err = 28.550000,	train_time = 0.727446
TRAIN Iter 90: loss = 0.003988,	Top-1 err = 44.200000,	Top-5 err = 25.650000,	train_time = 0.744645
TRAIN Iter 91: loss = 0.004071,	Top-1 err = 46.500000,	Top-5 err = 30.800000,	train_time = 0.736630
TRAIN Iter 92: loss = 0.004006,	Top-1 err = 47.550000,	Top-5 err = 28.350000,	train_time = 0.734994
TRAIN Iter 93: loss = 0.004062,	Top-1 err = 44.900000,	Top-5 err = 27.500000,	train_time = 0.724574
TRAIN Iter 94: loss = 0.004012,	Top-1 err = 37.800000,	Top-5 err = 22.150000,	train_time = 0.729171
TRAIN Iter 95: loss = 0.004113,	Top-1 err = 38.650000,	Top-5 err = 22.600000,	train_time = 0.741192
TRAIN Iter 96: loss = 0.003934,	Top-1 err = 42.750000,	Top-5 err = 24.250000,	train_time = 0.737231
TRAIN Iter 97: loss = 0.004015,	Top-1 err = 48.050000,	Top-5 err = 30.450000,	train_time = 0.749766
TRAIN Iter 98: loss = 0.003857,	Top-1 err = 22.150000,	Top-5 err = 7.550000,	train_time = 0.745073
TRAIN Iter 99: loss = 0.003865,	Top-1 err = 42.100000,	Top-5 err = 26.300000,	train_time = 0.742529
TRAIN Iter 100: loss = 0.003901,	Top-1 err = 49.700000,	Top-5 err = 31.800000,	train_time = 0.739889
TRAIN Iter 101: loss = 0.003910,	Top-1 err = 48.250000,	Top-5 err = 28.600000,	train_time = 0.739414
TRAIN Iter 102: loss = 0.003862,	Top-1 err = 54.600000,	Top-5 err = 35.100000,	train_time = 0.738173
TRAIN Iter 103: loss = 0.003935,	Top-1 err = 33.800000,	Top-5 err = 19.100000,	train_time = 0.752900
TRAIN Iter 104: loss = 0.003924,	Top-1 err = 61.850000,	Top-5 err = 43.050000,	train_time = 0.745563
TRAIN Iter 105: loss = 0.003835,	Top-1 err = 45.500000,	Top-5 err = 29.750000,	train_time = 0.742996
TRAIN Iter 106: loss = 0.003705,	Top-1 err = 42.000000,	Top-5 err = 21.950000,	train_time = 0.744433
TRAIN Iter 107: loss = 0.003769,	Top-1 err = 44.050000,	Top-5 err = 24.600000,	train_time = 0.742849
TRAIN Iter 108: loss = 0.003784,	Top-1 err = 38.100000,	Top-5 err = 20.000000,	train_time = 0.740237
TRAIN Iter 109: loss = 0.003763,	Top-1 err = 44.150000,	Top-5 err = 25.400000,	train_time = 0.746825
TRAIN Iter 110: loss = 0.003780,	Top-1 err = 25.450000,	Top-5 err = 9.000000,	train_time = 0.739416
TRAIN Iter 111: loss = 0.003700,	Top-1 err = 45.200000,	Top-5 err = 27.400000,	train_time = 0.732953
TRAIN Iter 112: loss = 0.003923,	Top-1 err = 39.350000,	Top-5 err = 26.100000,	train_time = 0.735869
TRAIN Iter 113: loss = 0.003671,	Top-1 err = 22.800000,	Top-5 err = 11.400000,	train_time = 0.733500
TRAIN Iter 114: loss = 0.003677,	Top-1 err = 33.200000,	Top-5 err = 16.800000,	train_time = 0.744201
TRAIN Iter 115: loss = 0.003672,	Top-1 err = 46.100000,	Top-5 err = 26.700000,	train_time = 0.749171
TRAIN Iter 116: loss = 0.003654,	Top-1 err = 35.100000,	Top-5 err = 18.650000,	train_time = 0.739098
TRAIN Iter 117: loss = 0.003654,	Top-1 err = 34.300000,	Top-5 err = 18.600000,	train_time = 0.746279
TRAIN Iter 118: loss = 0.003670,	Top-1 err = 49.600000,	Top-5 err = 32.050000,	train_time = 0.737676
TRAIN Iter 119: loss = 0.003634,	Top-1 err = 33.350000,	Top-5 err = 17.000000,	train_time = 0.743881
TRAIN Iter 120: loss = 0.003585,	Top-1 err = 46.250000,	Top-5 err = 26.700000,	train_time = 0.735035
TRAIN Iter 121: loss = 0.003533,	Top-1 err = 52.050000,	Top-5 err = 32.600000,	train_time = 0.719691
TRAIN Iter 122: loss = 0.003579,	Top-1 err = 49.850000,	Top-5 err = 30.150000,	train_time = 0.739663
TRAIN Iter 123: loss = 0.003678,	Top-1 err = 47.700000,	Top-5 err = 31.300000,	train_time = 0.743058
TRAIN Iter 124: loss = 0.003698,	Top-1 err = 51.800000,	Top-5 err = 34.850000,	train_time = 0.720456
TRAIN Iter 125: loss = 0.003738,	Top-1 err = 49.350000,	Top-5 err = 33.350000,	train_time = 0.728666
TRAIN Iter 126: loss = 0.003523,	Top-1 err = 48.750000,	Top-5 err = 32.450000,	train_time = 0.744832
TRAIN Iter 127: loss = 0.003484,	Top-1 err = 46.400000,	Top-5 err = 28.900000,	train_time = 0.737794
TRAIN Iter 128: loss = 0.003594,	Top-1 err = 47.450000,	Top-5 err = 31.700000,	train_time = 0.757205
TRAIN Iter 129: loss = 0.003553,	Top-1 err = 33.450000,	Top-5 err = 18.800000,	train_time = 0.738814
TRAIN Iter 130: loss = 0.003435,	Top-1 err = 52.400000,	Top-5 err = 33.450000,	train_time = 0.757862
TRAIN Iter 131: loss = 0.003454,	Top-1 err = 39.600000,	Top-5 err = 24.700000,	train_time = 0.738123
TRAIN Iter 132: loss = 0.003585,	Top-1 err = 36.750000,	Top-5 err = 22.750000,	train_time = 0.702021
TRAIN Iter 133: loss = 0.003493,	Top-1 err = 31.050000,	Top-5 err = 16.500000,	train_time = 0.734674
TRAIN Iter 134: loss = 0.003331,	Top-1 err = 53.800000,	Top-5 err = 35.450000,	train_time = 0.747258
TRAIN Iter 135: loss = 0.003570,	Top-1 err = 37.000000,	Top-5 err = 23.400000,	train_time = 0.742716
TRAIN Iter 136: loss = 0.003427,	Top-1 err = 33.050000,	Top-5 err = 16.950000,	train_time = 0.743932
TRAIN Iter 137: loss = 0.003531,	Top-1 err = 58.750000,	Top-5 err = 40.750000,	train_time = 0.739465
TRAIN Iter 138: loss = 0.003360,	Top-1 err = 38.000000,	Top-5 err = 19.400000,	train_time = 0.732907
TRAIN Iter 139: loss = 0.003342,	Top-1 err = 33.200000,	Top-5 err = 17.850000,	train_time = 0.740616
TRAIN Iter 140: loss = 0.003425,	Top-1 err = 40.350000,	Top-5 err = 23.250000,	train_time = 0.735971
TRAIN Iter 141: loss = 0.003400,	Top-1 err = 40.900000,	Top-5 err = 23.800000,	train_time = 0.741342
TRAIN Iter 142: loss = 0.003398,	Top-1 err = 42.150000,	Top-5 err = 25.550000,	train_time = 0.710562
TRAIN Iter 143: loss = 0.003356,	Top-1 err = 37.650000,	Top-5 err = 22.750000,	train_time = 0.736145
TRAIN Iter 144: loss = 0.003310,	Top-1 err = 33.550000,	Top-5 err = 16.750000,	train_time = 0.745937
TRAIN Iter 145: loss = 0.003373,	Top-1 err = 44.200000,	Top-5 err = 28.400000,	train_time = 0.735274
TRAIN Iter 146: loss = 0.003330,	Top-1 err = 44.250000,	Top-5 err = 27.600000,	train_time = 0.736460
TRAIN Iter 147: loss = 0.003391,	Top-1 err = 51.350000,	Top-5 err = 32.800000,	train_time = 0.741100
TRAIN Iter 148: loss = 0.003326,	Top-1 err = 46.300000,	Top-5 err = 31.150000,	train_time = 0.749993
TRAIN Iter 149: loss = 0.003278,	Top-1 err = 37.950000,	Top-5 err = 21.000000,	train_time = 0.740531
TRAIN Iter 150: loss = 0.003310,	Top-1 err = 37.700000,	Top-5 err = 22.650000,	train_time = 0.740393
TRAIN Iter 151: loss = 0.003238,	Top-1 err = 41.100000,	Top-5 err = 25.250000,	train_time = 0.736504
TRAIN Iter 152: loss = 0.003232,	Top-1 err = 32.700000,	Top-5 err = 19.150000,	train_time = 0.726172
TRAIN Iter 153: loss = 0.003196,	Top-1 err = 22.650000,	Top-5 err = 10.550000,	train_time = 0.751425
TRAIN Iter 154: loss = 0.003269,	Top-1 err = 34.800000,	Top-5 err = 17.400000,	train_time = 0.742392
TRAIN Iter 155: loss = 0.003258,	Top-1 err = 31.050000,	Top-5 err = 16.200000,	train_time = 0.744477
TRAIN Iter 156: loss = 0.003218,	Top-1 err = 47.950000,	Top-5 err = 32.550000,	train_time = 0.749322
TRAIN Iter 157: loss = 0.003172,	Top-1 err = 36.550000,	Top-5 err = 19.500000,	train_time = 0.748137
TRAIN Iter 158: loss = 0.003299,	Top-1 err = 43.100000,	Top-5 err = 29.450000,	train_time = 0.751374
TRAIN Iter 159: loss = 0.003182,	Top-1 err = 37.350000,	Top-5 err = 23.100000,	train_time = 0.735704
TRAIN Iter 160: loss = 0.003252,	Top-1 err = 44.500000,	Top-5 err = 25.750000,	train_time = 0.748807
TRAIN Iter 161: loss = 0.003165,	Top-1 err = 32.650000,	Top-5 err = 17.350000,	train_time = 0.746303
TRAIN Iter 162: loss = 0.003136,	Top-1 err = 48.650000,	Top-5 err = 30.450000,	train_time = 0.750051
TRAIN Iter 163: loss = 0.003239,	Top-1 err = 41.550000,	Top-5 err = 23.900000,	train_time = 0.743447
TRAIN Iter 164: loss = 0.003313,	Top-1 err = 45.900000,	Top-5 err = 26.200000,	train_time = 0.735701
TRAIN Iter 165: loss = 0.003260,	Top-1 err = 39.850000,	Top-5 err = 21.300000,	train_time = 0.740851
TRAIN Iter 166: loss = 0.003344,	Top-1 err = 45.450000,	Top-5 err = 26.950000,	train_time = 0.751318
TRAIN Iter 167: loss = 0.003243,	Top-1 err = 48.950000,	Top-5 err = 32.800000,	train_time = 0.740049
TRAIN Iter 168: loss = 0.003165,	Top-1 err = 40.100000,	Top-5 err = 20.400000,	train_time = 0.735649
TRAIN Iter 169: loss = 0.003284,	Top-1 err = 52.450000,	Top-5 err = 34.900000,	train_time = 0.741392
TRAIN Iter 170: loss = 0.003147,	Top-1 err = 34.150000,	Top-5 err = 16.550000,	train_time = 0.730336
TRAIN Iter 171: loss = 0.003134,	Top-1 err = 31.850000,	Top-5 err = 18.300000,	train_time = 0.730329
TRAIN Iter 172: loss = 0.003121,	Top-1 err = 51.150000,	Top-5 err = 32.000000,	train_time = 0.744281
TRAIN Iter 173: loss = 0.003198,	Top-1 err = 52.500000,	Top-5 err = 30.350000,	train_time = 0.737966
TRAIN Iter 174: loss = 0.003132,	Top-1 err = 47.100000,	Top-5 err = 27.700000,	train_time = 0.749361
TRAIN Iter 175: loss = 0.003138,	Top-1 err = 45.650000,	Top-5 err = 27.150000,	train_time = 0.750288
TRAIN Iter 176: loss = 0.003002,	Top-1 err = 33.750000,	Top-5 err = 20.150000,	train_time = 0.745980
TRAIN Iter 177: loss = 0.003060,	Top-1 err = 38.750000,	Top-5 err = 25.050000,	train_time = 0.748465
TRAIN Iter 178: loss = 0.003037,	Top-1 err = 32.850000,	Top-5 err = 19.900000,	train_time = 0.748200
TRAIN Iter 179: loss = 0.003073,	Top-1 err = 33.050000,	Top-5 err = 19.950000,	train_time = 0.739400
TRAIN Iter 180: loss = 0.003141,	Top-1 err = 38.450000,	Top-5 err = 28.050000,	train_time = 0.740633
TRAIN Iter 181: loss = 0.003152,	Top-1 err = 36.700000,	Top-5 err = 19.600000,	train_time = 0.750797
TRAIN Iter 182: loss = 0.003102,	Top-1 err = 37.550000,	Top-5 err = 20.350000,	train_time = 0.704525
TRAIN Iter 183: loss = 0.003112,	Top-1 err = 44.650000,	Top-5 err = 27.250000,	train_time = 0.746619
TRAIN Iter 184: loss = 0.003085,	Top-1 err = 39.700000,	Top-5 err = 23.000000,	train_time = 0.743596
TRAIN Iter 185: loss = 0.003037,	Top-1 err = 39.350000,	Top-5 err = 26.250000,	train_time = 0.736568
TRAIN Iter 186: loss = 0.003071,	Top-1 err = 40.150000,	Top-5 err = 23.000000,	train_time = 0.748866
TRAIN Iter 187: loss = 0.003103,	Top-1 err = 45.000000,	Top-5 err = 28.950000,	train_time = 0.734277
TRAIN Iter 188: loss = 0.003114,	Top-1 err = 42.650000,	Top-5 err = 27.550000,	train_time = 0.735480
TRAIN Iter 189: loss = 0.003097,	Top-1 err = 42.500000,	Top-5 err = 29.300000,	train_time = 0.723130
TRAIN Iter 190: loss = 0.003001,	Top-1 err = 37.900000,	Top-5 err = 18.600000,	train_time = 0.760813
TRAIN Iter 191: loss = 0.003109,	Top-1 err = 36.150000,	Top-5 err = 15.950000,	train_time = 0.734161
TRAIN Iter 192: loss = 0.003027,	Top-1 err = 36.000000,	Top-5 err = 18.600000,	train_time = 0.745140
TRAIN Iter 193: loss = 0.003031,	Top-1 err = 44.150000,	Top-5 err = 26.300000,	train_time = 0.755463
TRAIN Iter 194: loss = 0.002943,	Top-1 err = 37.800000,	Top-5 err = 21.800000,	train_time = 0.737476
TRAIN Iter 195: loss = 0.003028,	Top-1 err = 42.700000,	Top-5 err = 26.900000,	train_time = 0.747802
TRAIN Iter 196: loss = 0.002996,	Top-1 err = 46.950000,	Top-5 err = 31.600000,	train_time = 0.746105
TRAIN Iter 197: loss = 0.003079,	Top-1 err = 47.850000,	Top-5 err = 31.000000,	train_time = 0.735072
TRAIN Iter 198: loss = 0.003005,	Top-1 err = 35.700000,	Top-5 err = 22.900000,	train_time = 0.745048
TRAIN Iter 199: loss = 0.002917,	Top-1 err = 37.300000,	Top-5 err = 21.300000,	train_time = 0.743547
TRAIN Iter 200: loss = 0.002970,	Top-1 err = 30.450000,	Top-5 err = 14.500000,	train_time = 0.747820
TRAIN Iter 201: loss = 0.002941,	Top-1 err = 37.400000,	Top-5 err = 22.550000,	train_time = 0.737643
TRAIN Iter 202: loss = 0.002997,	Top-1 err = 47.900000,	Top-5 err = 30.150000,	train_time = 0.745995
TRAIN Iter 203: loss = 0.003017,	Top-1 err = 39.650000,	Top-5 err = 25.700000,	train_time = 0.723389
TRAIN Iter 204: loss = 0.003023,	Top-1 err = 42.550000,	Top-5 err = 23.600000,	train_time = 0.736052
TRAIN Iter 205: loss = 0.002987,	Top-1 err = 35.500000,	Top-5 err = 20.100000,	train_time = 0.747882
TRAIN Iter 206: loss = 0.002925,	Top-1 err = 41.450000,	Top-5 err = 21.150000,	train_time = 0.743605
TRAIN Iter 207: loss = 0.002982,	Top-1 err = 47.550000,	Top-5 err = 32.400000,	train_time = 0.729313
TRAIN Iter 208: loss = 0.002898,	Top-1 err = 23.100000,	Top-5 err = 11.750000,	train_time = 0.701945
TRAIN Iter 209: loss = 0.002902,	Top-1 err = 29.950000,	Top-5 err = 15.050000,	train_time = 0.738251
TRAIN Iter 210: loss = 0.002881,	Top-1 err = 26.350000,	Top-5 err = 13.600000,	train_time = 0.738527
TRAIN Iter 211: loss = 0.003029,	Top-1 err = 42.000000,	Top-5 err = 26.750000,	train_time = 0.753577
TRAIN Iter 212: loss = 0.002952,	Top-1 err = 35.550000,	Top-5 err = 20.150000,	train_time = 0.733323
TRAIN Iter 213: loss = 0.002838,	Top-1 err = 23.100000,	Top-5 err = 11.250000,	train_time = 0.732177
TRAIN Iter 214: loss = 0.002877,	Top-1 err = 24.800000,	Top-5 err = 10.950000,	train_time = 0.742984
TRAIN Iter 215: loss = 0.003002,	Top-1 err = 45.500000,	Top-5 err = 25.700000,	train_time = 0.746592
TRAIN Iter 216: loss = 0.002942,	Top-1 err = 39.250000,	Top-5 err = 25.150000,	train_time = 0.744469
TRAIN Iter 217: loss = 0.002868,	Top-1 err = 32.850000,	Top-5 err = 17.750000,	train_time = 0.756754
TRAIN Iter 218: loss = 0.002975,	Top-1 err = 55.500000,	Top-5 err = 34.650000,	train_time = 0.746879
TRAIN Iter 219: loss = 0.002778,	Top-1 err = 28.100000,	Top-5 err = 17.250000,	train_time = 0.748717
TRAIN Iter 220: loss = 0.002869,	Top-1 err = 30.550000,	Top-5 err = 14.450000,	train_time = 0.746727
TRAIN Iter 221: loss = 0.002803,	Top-1 err = 28.000000,	Top-5 err = 15.150000,	train_time = 0.745778
TRAIN Iter 222: loss = 0.002996,	Top-1 err = 41.450000,	Top-5 err = 25.050000,	train_time = 0.737108
TRAIN Iter 223: loss = 0.002939,	Top-1 err = 42.650000,	Top-5 err = 28.350000,	train_time = 0.747462
TRAIN Iter 224: loss = 0.002723,	Top-1 err = 22.800000,	Top-5 err = 9.850000,	train_time = 0.737211
TRAIN Iter 225: loss = 0.002891,	Top-1 err = 36.250000,	Top-5 err = 22.500000,	train_time = 0.743233
TRAIN Iter 226: loss = 0.002828,	Top-1 err = 38.350000,	Top-5 err = 23.400000,	train_time = 0.737127
TRAIN Iter 227: loss = 0.002766,	Top-1 err = 32.450000,	Top-5 err = 18.700000,	train_time = 0.743751
TRAIN Iter 228: loss = 0.002736,	Top-1 err = 28.600000,	Top-5 err = 17.800000,	train_time = 0.749115
TRAIN Iter 229: loss = 0.002874,	Top-1 err = 35.300000,	Top-5 err = 19.100000,	train_time = 0.746708
TRAIN Iter 230: loss = 0.002871,	Top-1 err = 57.300000,	Top-5 err = 39.550000,	train_time = 0.747228
TRAIN Iter 231: loss = 0.002817,	Top-1 err = 43.050000,	Top-5 err = 28.650000,	train_time = 0.725372
TRAIN Iter 232: loss = 0.002787,	Top-1 err = 49.450000,	Top-5 err = 32.200000,	train_time = 0.719273
TRAIN Iter 233: loss = 0.002850,	Top-1 err = 40.650000,	Top-5 err = 24.550000,	train_time = 0.755011
TRAIN Iter 234: loss = 0.002766,	Top-1 err = 30.350000,	Top-5 err = 16.050000,	train_time = 0.739803
TRAIN Iter 235: loss = 0.002828,	Top-1 err = 43.150000,	Top-5 err = 25.400000,	train_time = 0.751852
TRAIN Iter 236: loss = 0.002875,	Top-1 err = 46.100000,	Top-5 err = 29.650000,	train_time = 0.751889
TRAIN Iter 237: loss = 0.002900,	Top-1 err = 47.850000,	Top-5 err = 29.000000,	train_time = 0.750752
TRAIN Iter 238: loss = 0.002810,	Top-1 err = 38.700000,	Top-5 err = 20.750000,	train_time = 0.748590
TRAIN Iter 239: loss = 0.002771,	Top-1 err = 44.350000,	Top-5 err = 24.250000,	train_time = 0.726359
TRAIN Iter 240: loss = 0.002826,	Top-1 err = 42.250000,	Top-5 err = 24.450000,	train_time = 0.689614
TRAIN Iter 241: loss = 0.002837,	Top-1 err = 52.150000,	Top-5 err = 33.600000,	train_time = 0.749291
TRAIN Iter 242: loss = 0.002742,	Top-1 err = 38.800000,	Top-5 err = 23.350000,	train_time = 0.734842
TRAIN Iter 243: loss = 0.002674,	Top-1 err = 36.750000,	Top-5 err = 21.700000,	train_time = 0.743132
TRAIN Iter 244: loss = 0.002680,	Top-1 err = 30.300000,	Top-5 err = 15.100000,	train_time = 0.751446
TRAIN Iter 245: loss = 0.002745,	Top-1 err = 48.550000,	Top-5 err = 29.250000,	train_time = 0.745631
TRAIN Iter 246: loss = 0.002763,	Top-1 err = 34.600000,	Top-5 err = 18.700000,	train_time = 0.743068
TRAIN Iter 247: loss = 0.002849,	Top-1 err = 36.200000,	Top-5 err = 17.700000,	train_time = 0.753455
TRAIN Iter 248: loss = 0.002881,	Top-1 err = 35.350000,	Top-5 err = 17.800000,	train_time = 0.748156
TRAIN Iter 249: loss = 0.002829,	Top-1 err = 42.250000,	Top-5 err = 25.350000,	train_time = 0.738500
TEST:
Iter 249: loss = 2.709020,	Top-1 err = 61.570000,	Top-5 err = 35.210000,	val_time = 0.922637
TRAIN Iter 250: loss = 0.002650,	Top-1 err = 42.050000,	Top-5 err = 23.350000,	train_time = 0.734620
TRAIN Iter 251: loss = 0.002616,	Top-1 err = 32.800000,	Top-5 err = 14.200000,	train_time = 0.746521
TRAIN Iter 252: loss = 0.002713,	Top-1 err = 40.800000,	Top-5 err = 27.300000,	train_time = 0.741163
TRAIN Iter 253: loss = 0.002695,	Top-1 err = 42.700000,	Top-5 err = 26.000000,	train_time = 0.741617
TRAIN Iter 254: loss = 0.002795,	Top-1 err = 39.350000,	Top-5 err = 20.250000,	train_time = 0.732931
TRAIN Iter 255: loss = 0.002732,	Top-1 err = 49.750000,	Top-5 err = 30.500000,	train_time = 0.736556
TRAIN Iter 256: loss = 0.002635,	Top-1 err = 27.350000,	Top-5 err = 14.150000,	train_time = 0.740018
TRAIN Iter 257: loss = 0.002703,	Top-1 err = 22.200000,	Top-5 err = 10.750000,	train_time = 0.744743
TRAIN Iter 258: loss = 0.002698,	Top-1 err = 36.900000,	Top-5 err = 22.150000,	train_time = 0.740759
TRAIN Iter 259: loss = 0.002691,	Top-1 err = 30.700000,	Top-5 err = 17.150000,	train_time = 0.745907
TEST:
Iter 259: loss = 2.709863,	Top-1 err = 61.370000,	Top-5 err = 34.450000,	val_time = 0.951130
TRAIN Iter 260: loss = 0.002610,	Top-1 err = 37.450000,	Top-5 err = 21.800000,	train_time = 0.738601
TRAIN Iter 261: loss = 0.002703,	Top-1 err = 34.400000,	Top-5 err = 18.900000,	train_time = 0.743356
TRAIN Iter 262: loss = 0.002754,	Top-1 err = 23.000000,	Top-5 err = 10.350000,	train_time = 0.755060
TRAIN Iter 263: loss = 0.002764,	Top-1 err = 38.950000,	Top-5 err = 20.800000,	train_time = 0.749118
TRAIN Iter 264: loss = 0.002632,	Top-1 err = 31.000000,	Top-5 err = 14.850000,	train_time = 0.751522
TRAIN Iter 265: loss = 0.002648,	Top-1 err = 32.700000,	Top-5 err = 18.550000,	train_time = 0.735847
TRAIN Iter 266: loss = 0.002662,	Top-1 err = 37.200000,	Top-5 err = 18.600000,	train_time = 0.747302
TRAIN Iter 267: loss = 0.002665,	Top-1 err = 35.100000,	Top-5 err = 17.000000,	train_time = 0.727489
TRAIN Iter 268: loss = 0.002668,	Top-1 err = 36.150000,	Top-5 err = 22.200000,	train_time = 0.740831
TRAIN Iter 269: loss = 0.002660,	Top-1 err = 29.750000,	Top-5 err = 14.300000,	train_time = 0.732708
TEST:
Iter 269: loss = 2.640873,	Top-1 err = 60.510000,	Top-5 err = 33.970000,	val_time = 0.937664
TRAIN Iter 270: loss = 0.002599,	Top-1 err = 25.350000,	Top-5 err = 14.150000,	train_time = 0.737172
TRAIN Iter 271: loss = 0.002689,	Top-1 err = 33.750000,	Top-5 err = 18.250000,	train_time = 0.743835
TRAIN Iter 272: loss = 0.002794,	Top-1 err = 51.350000,	Top-5 err = 33.450000,	train_time = 0.740579
TRAIN Iter 273: loss = 0.002707,	Top-1 err = 48.650000,	Top-5 err = 28.900000,	train_time = 0.738058
TRAIN Iter 274: loss = 0.002560,	Top-1 err = 21.850000,	Top-5 err = 7.400000,	train_time = 0.747933
TRAIN Iter 275: loss = 0.002686,	Top-1 err = 41.300000,	Top-5 err = 23.750000,	train_time = 0.757020
TRAIN Iter 276: loss = 0.002697,	Top-1 err = 33.200000,	Top-5 err = 19.250000,	train_time = 0.748076
TRAIN Iter 277: loss = 0.002678,	Top-1 err = 39.500000,	Top-5 err = 23.300000,	train_time = 0.742493
TRAIN Iter 278: loss = 0.002690,	Top-1 err = 42.200000,	Top-5 err = 28.050000,	train_time = 0.737572
TRAIN Iter 279: loss = 0.002610,	Top-1 err = 31.950000,	Top-5 err = 17.300000,	train_time = 0.677533
TEST:
Iter 279: loss = 2.622910,	Top-1 err = 60.230000,	Top-5 err = 33.780000,	val_time = 0.961617
TRAIN Iter 280: loss = 0.002585,	Top-1 err = 32.900000,	Top-5 err = 19.750000,	train_time = 0.757112
TRAIN Iter 281: loss = 0.002534,	Top-1 err = 34.050000,	Top-5 err = 21.850000,	train_time = 0.737037
TRAIN Iter 282: loss = 0.002496,	Top-1 err = 21.450000,	Top-5 err = 8.650000,	train_time = 0.737756
TRAIN Iter 283: loss = 0.002614,	Top-1 err = 33.400000,	Top-5 err = 20.050000,	train_time = 0.729351
TRAIN Iter 284: loss = 0.002671,	Top-1 err = 35.100000,	Top-5 err = 18.200000,	train_time = 0.731943
TRAIN Iter 285: loss = 0.002666,	Top-1 err = 25.350000,	Top-5 err = 12.100000,	train_time = 0.733331
TRAIN Iter 286: loss = 0.002680,	Top-1 err = 32.250000,	Top-5 err = 14.650000,	train_time = 0.749640
TRAIN Iter 287: loss = 0.002602,	Top-1 err = 30.100000,	Top-5 err = 13.850000,	train_time = 0.742837
TRAIN Iter 288: loss = 0.002545,	Top-1 err = 35.750000,	Top-5 err = 19.150000,	train_time = 0.736264
TRAIN Iter 289: loss = 0.002491,	Top-1 err = 18.700000,	Top-5 err = 7.500000,	train_time = 0.744396
TEST:
Iter 289: loss = 2.592302,	Top-1 err = 60.200000,	Top-5 err = 32.920000,	val_time = 0.902230
TRAIN Iter 290: loss = 0.002619,	Top-1 err = 38.200000,	Top-5 err = 22.250000,	train_time = 0.746717
TRAIN Iter 291: loss = 0.002487,	Top-1 err = 38.800000,	Top-5 err = 24.300000,	train_time = 0.741612
TRAIN Iter 292: loss = 0.002593,	Top-1 err = 45.100000,	Top-5 err = 27.550000,	train_time = 0.740360
TRAIN Iter 293: loss = 0.002561,	Top-1 err = 37.000000,	Top-5 err = 21.950000,	train_time = 0.748434
TRAIN Iter 294: loss = 0.002522,	Top-1 err = 34.550000,	Top-5 err = 19.200000,	train_time = 0.732083
TRAIN Iter 295: loss = 0.002595,	Top-1 err = 38.750000,	Top-5 err = 23.600000,	train_time = 0.748794
TRAIN Iter 296: loss = 0.002520,	Top-1 err = 35.600000,	Top-5 err = 22.500000,	train_time = 0.744312
TRAIN Iter 297: loss = 0.002643,	Top-1 err = 48.650000,	Top-5 err = 34.400000,	train_time = 0.745198
TRAIN Iter 298: loss = 0.002585,	Top-1 err = 33.250000,	Top-5 err = 24.050000,	train_time = 0.753274
TRAIN Iter 299: loss = 0.002528,	Top-1 err = 29.600000,	Top-5 err = 15.850000,	train_time = 0.748533
TEST:
Iter 299: loss = 2.634599,	Top-1 err = 60.830000,	Top-5 err = 33.760000,	val_time = 0.904503
Train Finish! Best accuracy is 39.8@289
