/home/dvspanos/miniconda3/envs/rded/lib/python3.10/site-packages/torchvision/models/_utils.py:208: UserWarning: The parameter 'pretrained' is deprecated since 0.13 and may be removed in the future, please use 'weights' instead.
  warnings.warn(
/home/dvspanos/miniconda3/envs/rded/lib/python3.10/site-packages/torchvision/models/_utils.py:223: UserWarning: Arguments other than a weight enum or `None` for 'weights' are deprecated since 0.13 and may be removed in the future. The current behavior is equivalent to passing `weights=None`.
  warnings.warn(msg)
=> using pytorch pre-trained teacher model 'resnet18_modified'
process data from /home/dvspanos/nikos/ca2d/artifacts/rded_sets/bench_tin_rn18_el2nw70_ipc100
load data successfully
TRAIN Iter 0: loss = 0.010843,	Top-1 err = 97.320000,	Top-5 err = 89.860000,	train_time = 28.451609
TRAIN Iter 1: loss = 0.009312,	Top-1 err = 94.595000,	Top-5 err = 81.585000,	train_time = 27.466872
TRAIN Iter 2: loss = 0.008674,	Top-1 err = 92.385000,	Top-5 err = 75.580000,	train_time = 30.163576
TRAIN Iter 3: loss = 0.008181,	Top-1 err = 89.765000,	Top-5 err = 69.955000,	train_time = 30.320310
TRAIN Iter 4: loss = 0.007557,	Top-1 err = 88.685000,	Top-5 err = 68.405000,	train_time = 33.963487
TRAIN Iter 5: loss = 0.007399,	Top-1 err = 86.035000,	Top-5 err = 63.370000,	train_time = 31.399311
TRAIN Iter 6: loss = 0.007005,	Top-1 err = 83.915000,	Top-5 err = 60.075000,	train_time = 34.199710
TRAIN Iter 7: loss = 0.006709,	Top-1 err = 81.770000,	Top-5 err = 56.800000,	train_time = 33.180912
TRAIN Iter 8: loss = 0.006457,	Top-1 err = 80.555000,	Top-5 err = 55.100000,	train_time = 31.502765
TRAIN Iter 9: loss = 0.006199,	Top-1 err = 78.715000,	Top-5 err = 53.725000,	train_time = 32.283937
TRAIN Iter 10: loss = 0.005991,	Top-1 err = 78.570000,	Top-5 err = 54.430000,	train_time = 33.774127
TRAIN Iter 11: loss = 0.005780,	Top-1 err = 74.280000,	Top-5 err = 48.045000,	train_time = 33.073955
TRAIN Iter 12: loss = 0.005508,	Top-1 err = 74.095000,	Top-5 err = 48.850000,	train_time = 32.768548
TRAIN Iter 13: loss = 0.005279,	Top-1 err = 73.215000,	Top-5 err = 47.325000,	train_time = 33.911332
TRAIN Iter 14: loss = 0.005235,	Top-1 err = 69.485000,	Top-5 err = 42.295000,	train_time = 33.455544
TRAIN Iter 15: loss = 0.005041,	Top-1 err = 70.480000,	Top-5 err = 44.725000,	train_time = 33.493933
TRAIN Iter 16: loss = 0.004908,	Top-1 err = 69.455000,	Top-5 err = 44.675000,	train_time = 33.643305
TRAIN Iter 17: loss = 0.004746,	Top-1 err = 70.905000,	Top-5 err = 46.455000,	train_time = 32.001725
TRAIN Iter 18: loss = 0.004649,	Top-1 err = 66.220000,	Top-5 err = 40.910000,	train_time = 34.703756
TRAIN Iter 19: loss = 0.004544,	Top-1 err = 68.505000,	Top-5 err = 44.420000,	train_time = 32.753588
TRAIN Iter 20: loss = 0.004402,	Top-1 err = 68.085000,	Top-5 err = 43.265000,	train_time = 33.826677
TRAIN Iter 21: loss = 0.004410,	Top-1 err = 63.995000,	Top-5 err = 39.500000,	train_time = 32.314051
TRAIN Iter 22: loss = 0.004261,	Top-1 err = 67.115000,	Top-5 err = 43.650000,	train_time = 35.163457
TRAIN Iter 23: loss = 0.004142,	Top-1 err = 66.500000,	Top-5 err = 42.955000,	train_time = 31.524530
TRAIN Iter 24: loss = 0.004117,	Top-1 err = 61.395000,	Top-5 err = 37.530000,	train_time = 34.630296
TRAIN Iter 25: loss = 0.004008,	Top-1 err = 66.650000,	Top-5 err = 41.830000,	train_time = 33.107885
TRAIN Iter 26: loss = 0.004007,	Top-1 err = 64.815000,	Top-5 err = 41.555000,	train_time = 32.422401
TRAIN Iter 27: loss = 0.003937,	Top-1 err = 61.865000,	Top-5 err = 38.445000,	train_time = 32.569537
TRAIN Iter 28: loss = 0.003900,	Top-1 err = 60.410000,	Top-5 err = 36.985000,	train_time = 33.955085
TRAIN Iter 29: loss = 0.003851,	Top-1 err = 58.075000,	Top-5 err = 33.520000,	train_time = 32.218593
TRAIN Iter 30: loss = 0.003770,	Top-1 err = 62.985000,	Top-5 err = 40.370000,	train_time = 32.377817
TRAIN Iter 31: loss = 0.003729,	Top-1 err = 60.995000,	Top-5 err = 37.245000,	train_time = 32.633657
TRAIN Iter 32: loss = 0.003692,	Top-1 err = 58.165000,	Top-5 err = 34.565000,	train_time = 33.171980
TRAIN Iter 33: loss = 0.003648,	Top-1 err = 59.550000,	Top-5 err = 37.205000,	train_time = 34.606718
TRAIN Iter 34: loss = 0.003566,	Top-1 err = 61.800000,	Top-5 err = 39.210000,	train_time = 32.519741
TRAIN Iter 35: loss = 0.003561,	Top-1 err = 60.035000,	Top-5 err = 38.240000,	train_time = 33.587496
TRAIN Iter 36: loss = 0.003515,	Top-1 err = 63.665000,	Top-5 err = 42.045000,	train_time = 33.999692
TRAIN Iter 37: loss = 0.003449,	Top-1 err = 64.245000,	Top-5 err = 41.995000,	train_time = 33.123687
TRAIN Iter 38: loss = 0.003479,	Top-1 err = 57.050000,	Top-5 err = 34.510000,	train_time = 31.837711
TRAIN Iter 39: loss = 0.003431,	Top-1 err = 59.755000,	Top-5 err = 37.485000,	train_time = 34.135996
TRAIN Iter 40: loss = 0.003428,	Top-1 err = 58.235000,	Top-5 err = 36.350000,	train_time = 32.325080
TRAIN Iter 41: loss = 0.003357,	Top-1 err = 58.460000,	Top-5 err = 36.385000,	train_time = 34.724409
TRAIN Iter 42: loss = 0.003336,	Top-1 err = 56.710000,	Top-5 err = 34.665000,	train_time = 32.012946
TRAIN Iter 43: loss = 0.003312,	Top-1 err = 58.420000,	Top-5 err = 35.850000,	train_time = 34.504550
TRAIN Iter 44: loss = 0.003301,	Top-1 err = 58.335000,	Top-5 err = 36.690000,	train_time = 32.346697
TRAIN Iter 45: loss = 0.003266,	Top-1 err = 58.385000,	Top-5 err = 34.980000,	train_time = 32.125961
TRAIN Iter 46: loss = 0.003264,	Top-1 err = 60.000000,	Top-5 err = 37.815000,	train_time = 32.800273
TRAIN Iter 47: loss = 0.003214,	Top-1 err = 60.065000,	Top-5 err = 38.290000,	train_time = 32.706164
TRAIN Iter 48: loss = 0.003218,	Top-1 err = 60.175000,	Top-5 err = 38.630000,	train_time = 34.805308
TRAIN Iter 49: loss = 0.003199,	Top-1 err = 54.460000,	Top-5 err = 32.555000,	train_time = 32.640767
TRAIN Iter 50: loss = 0.003155,	Top-1 err = 59.660000,	Top-5 err = 37.975000,	train_time = 32.075440
TRAIN Iter 51: loss = 0.003140,	Top-1 err = 56.810000,	Top-5 err = 35.240000,	train_time = 34.055143
TRAIN Iter 52: loss = 0.003107,	Top-1 err = 58.555000,	Top-5 err = 37.155000,	train_time = 32.218282
TRAIN Iter 53: loss = 0.003102,	Top-1 err = 57.890000,	Top-5 err = 37.000000,	train_time = 34.232596
TRAIN Iter 54: loss = 0.003081,	Top-1 err = 58.000000,	Top-5 err = 36.540000,	train_time = 32.181653
TRAIN Iter 55: loss = 0.003083,	Top-1 err = 57.145000,	Top-5 err = 35.490000,	train_time = 34.724785
TRAIN Iter 56: loss = 0.003055,	Top-1 err = 61.250000,	Top-5 err = 41.330000,	train_time = 34.345705
TRAIN Iter 57: loss = 0.003068,	Top-1 err = 56.760000,	Top-5 err = 35.485000,	train_time = 33.346294
TRAIN Iter 58: loss = 0.003027,	Top-1 err = 57.715000,	Top-5 err = 36.280000,	train_time = 32.930547
TRAIN Iter 59: loss = 0.003022,	Top-1 err = 62.865000,	Top-5 err = 42.335000,	train_time = 35.754386
TRAIN Iter 60: loss = 0.002993,	Top-1 err = 56.435000,	Top-5 err = 34.920000,	train_time = 33.074136
TRAIN Iter 61: loss = 0.002993,	Top-1 err = 58.010000,	Top-5 err = 36.320000,	train_time = 33.384190
TRAIN Iter 62: loss = 0.002970,	Top-1 err = 57.760000,	Top-5 err = 37.270000,	train_time = 35.878576
TRAIN Iter 63: loss = 0.002965,	Top-1 err = 57.815000,	Top-5 err = 36.795000,	train_time = 33.863694
TRAIN Iter 64: loss = 0.002959,	Top-1 err = 54.395000,	Top-5 err = 33.930000,	train_time = 33.250168
TRAIN Iter 65: loss = 0.002920,	Top-1 err = 54.275000,	Top-5 err = 33.215000,	train_time = 33.065615
TRAIN Iter 66: loss = 0.002878,	Top-1 err = 57.225000,	Top-5 err = 36.415000,	train_time = 33.388037
TRAIN Iter 67: loss = 0.002891,	Top-1 err = 59.130000,	Top-5 err = 38.800000,	train_time = 33.795808
TRAIN Iter 68: loss = 0.002899,	Top-1 err = 57.695000,	Top-5 err = 36.750000,	train_time = 33.718848
TRAIN Iter 69: loss = 0.002882,	Top-1 err = 54.265000,	Top-5 err = 34.260000,	train_time = 34.929324
TRAIN Iter 70: loss = 0.002867,	Top-1 err = 57.940000,	Top-5 err = 37.590000,	train_time = 35.066378
TRAIN Iter 71: loss = 0.002850,	Top-1 err = 58.820000,	Top-5 err = 37.350000,	train_time = 32.972494
TRAIN Iter 72: loss = 0.002854,	Top-1 err = 55.730000,	Top-5 err = 34.090000,	train_time = 33.756587
TRAIN Iter 73: loss = 0.002838,	Top-1 err = 55.775000,	Top-5 err = 34.490000,	train_time = 33.643739
TRAIN Iter 74: loss = 0.002836,	Top-1 err = 54.660000,	Top-5 err = 34.290000,	train_time = 34.615770
TRAIN Iter 75: loss = 0.002816,	Top-1 err = 55.945000,	Top-5 err = 34.980000,	train_time = 32.511719
TRAIN Iter 76: loss = 0.002813,	Top-1 err = 55.020000,	Top-5 err = 34.500000,	train_time = 32.557615
TRAIN Iter 77: loss = 0.002798,	Top-1 err = 55.910000,	Top-5 err = 34.825000,	train_time = 35.714557
TRAIN Iter 78: loss = 0.002796,	Top-1 err = 57.850000,	Top-5 err = 37.580000,	train_time = 32.188025
TRAIN Iter 79: loss = 0.002781,	Top-1 err = 53.120000,	Top-5 err = 31.975000,	train_time = 35.322303
TRAIN Iter 80: loss = 0.002767,	Top-1 err = 57.100000,	Top-5 err = 36.840000,	train_time = 33.243889
TRAIN Iter 81: loss = 0.002761,	Top-1 err = 58.700000,	Top-5 err = 39.070000,	train_time = 32.357482
TRAIN Iter 82: loss = 0.002752,	Top-1 err = 58.535000,	Top-5 err = 38.325000,	train_time = 34.325414
TRAIN Iter 83: loss = 0.002729,	Top-1 err = 55.590000,	Top-5 err = 34.555000,	train_time = 33.195693
TRAIN Iter 84: loss = 0.002747,	Top-1 err = 55.460000,	Top-5 err = 36.040000,	train_time = 32.437724
TRAIN Iter 85: loss = 0.002712,	Top-1 err = 52.650000,	Top-5 err = 31.950000,	train_time = 35.094506
TRAIN Iter 86: loss = 0.002717,	Top-1 err = 55.060000,	Top-5 err = 34.640000,	train_time = 32.251074
TRAIN Iter 87: loss = 0.002718,	Top-1 err = 57.395000,	Top-5 err = 37.465000,	train_time = 35.057169
TRAIN Iter 88: loss = 0.002705,	Top-1 err = 58.385000,	Top-5 err = 38.340000,	train_time = 32.197093
TRAIN Iter 89: loss = 0.002697,	Top-1 err = 57.795000,	Top-5 err = 37.580000,	train_time = 34.298740
TRAIN Iter 90: loss = 0.002679,	Top-1 err = 56.675000,	Top-5 err = 36.205000,	train_time = 33.949575
TRAIN Iter 91: loss = 0.002660,	Top-1 err = 50.470000,	Top-5 err = 30.590000,	train_time = 32.373726
TRAIN Iter 92: loss = 0.002684,	Top-1 err = 57.980000,	Top-5 err = 37.015000,	train_time = 35.034407
TRAIN Iter 93: loss = 0.002667,	Top-1 err = 59.095000,	Top-5 err = 38.390000,	train_time = 31.909750
TRAIN Iter 94: loss = 0.002631,	Top-1 err = 52.570000,	Top-5 err = 31.705000,	train_time = 34.738069
TRAIN Iter 95: loss = 0.002635,	Top-1 err = 55.585000,	Top-5 err = 35.515000,	train_time = 33.117497
TRAIN Iter 96: loss = 0.002646,	Top-1 err = 54.105000,	Top-5 err = 33.645000,	train_time = 33.141968
TRAIN Iter 97: loss = 0.002636,	Top-1 err = 57.400000,	Top-5 err = 38.155000,	train_time = 34.500641
TRAIN Iter 98: loss = 0.002627,	Top-1 err = 56.030000,	Top-5 err = 36.010000,	train_time = 31.664752
TRAIN Iter 99: loss = 0.002622,	Top-1 err = 55.700000,	Top-5 err = 35.330000,	train_time = 34.980952
TRAIN Iter 100: loss = 0.002605,	Top-1 err = 53.305000,	Top-5 err = 32.705000,	train_time = 32.375369
TRAIN Iter 101: loss = 0.002594,	Top-1 err = 54.035000,	Top-5 err = 34.055000,	train_time = 34.595711
TRAIN Iter 102: loss = 0.002594,	Top-1 err = 54.880000,	Top-5 err = 35.680000,	train_time = 33.165519
TRAIN Iter 103: loss = 0.002597,	Top-1 err = 57.320000,	Top-5 err = 37.835000,	train_time = 33.361358
TRAIN Iter 104: loss = 0.002608,	Top-1 err = 53.870000,	Top-5 err = 33.820000,	train_time = 32.588134
TRAIN Iter 105: loss = 0.002596,	Top-1 err = 56.505000,	Top-5 err = 36.610000,	train_time = 32.846993
TRAIN Iter 106: loss = 0.002569,	Top-1 err = 59.360000,	Top-5 err = 38.935000,	train_time = 33.264298
TRAIN Iter 107: loss = 0.002564,	Top-1 err = 48.565000,	Top-5 err = 27.880000,	train_time = 35.358434
TRAIN Iter 108: loss = 0.002559,	Top-1 err = 51.545000,	Top-5 err = 30.720000,	train_time = 33.811042
TRAIN Iter 109: loss = 0.002520,	Top-1 err = 54.770000,	Top-5 err = 34.200000,	train_time = 32.692821
TRAIN Iter 110: loss = 0.002554,	Top-1 err = 56.020000,	Top-5 err = 36.465000,	train_time = 33.172831
TRAIN Iter 111: loss = 0.002543,	Top-1 err = 52.770000,	Top-5 err = 32.350000,	train_time = 35.052316
TRAIN Iter 112: loss = 0.002521,	Top-1 err = 53.060000,	Top-5 err = 32.665000,	train_time = 32.063127
TRAIN Iter 113: loss = 0.002549,	Top-1 err = 54.920000,	Top-5 err = 33.815000,	train_time = 35.102329
TRAIN Iter 114: loss = 0.002513,	Top-1 err = 52.165000,	Top-5 err = 33.150000,	train_time = 32.549943
TRAIN Iter 115: loss = 0.002525,	Top-1 err = 55.495000,	Top-5 err = 35.990000,	train_time = 32.764229
TRAIN Iter 116: loss = 0.002518,	Top-1 err = 54.360000,	Top-5 err = 34.965000,	train_time = 34.001935
TRAIN Iter 117: loss = 0.002500,	Top-1 err = 55.895000,	Top-5 err = 36.115000,	train_time = 33.674572
TRAIN Iter 118: loss = 0.002514,	Top-1 err = 53.835000,	Top-5 err = 34.400000,	train_time = 32.602327
TRAIN Iter 119: loss = 0.002500,	Top-1 err = 53.510000,	Top-5 err = 33.740000,	train_time = 34.296504
TRAIN Iter 120: loss = 0.002485,	Top-1 err = 56.805000,	Top-5 err = 37.105000,	train_time = 32.219704
TRAIN Iter 121: loss = 0.002500,	Top-1 err = 54.730000,	Top-5 err = 33.440000,	train_time = 33.771274
TRAIN Iter 122: loss = 0.002477,	Top-1 err = 52.375000,	Top-5 err = 33.185000,	train_time = 32.509971
TRAIN Iter 123: loss = 0.002479,	Top-1 err = 57.500000,	Top-5 err = 37.960000,	train_time = 33.021507
TRAIN Iter 124: loss = 0.002482,	Top-1 err = 53.640000,	Top-5 err = 33.500000,	train_time = 33.798679
TRAIN Iter 125: loss = 0.002458,	Top-1 err = 49.590000,	Top-5 err = 28.880000,	train_time = 32.876515
TRAIN Iter 126: loss = 0.002468,	Top-1 err = 50.840000,	Top-5 err = 31.395000,	train_time = 32.720177
TRAIN Iter 127: loss = 0.002467,	Top-1 err = 52.055000,	Top-5 err = 32.600000,	train_time = 32.868670
TRAIN Iter 128: loss = 0.002458,	Top-1 err = 51.995000,	Top-5 err = 32.205000,	train_time = 35.244781
TRAIN Iter 129: loss = 0.002443,	Top-1 err = 51.380000,	Top-5 err = 30.925000,	train_time = 32.058539
TRAIN Iter 130: loss = 0.002437,	Top-1 err = 52.910000,	Top-5 err = 33.210000,	train_time = 33.332168
TRAIN Iter 131: loss = 0.002440,	Top-1 err = 52.785000,	Top-5 err = 33.255000,	train_time = 34.524163
TRAIN Iter 132: loss = 0.002434,	Top-1 err = 52.795000,	Top-5 err = 32.890000,	train_time = 33.100235
TRAIN Iter 133: loss = 0.002442,	Top-1 err = 54.750000,	Top-5 err = 35.090000,	train_time = 32.661410
TRAIN Iter 134: loss = 0.002432,	Top-1 err = 54.405000,	Top-5 err = 34.615000,	train_time = 34.900768
TRAIN Iter 135: loss = 0.002418,	Top-1 err = 54.495000,	Top-5 err = 35.595000,	train_time = 32.651280
TRAIN Iter 136: loss = 0.002426,	Top-1 err = 58.165000,	Top-5 err = 38.835000,	train_time = 34.814209
TRAIN Iter 137: loss = 0.002420,	Top-1 err = 55.020000,	Top-5 err = 35.185000,	train_time = 33.130573
TRAIN Iter 138: loss = 0.002405,	Top-1 err = 52.710000,	Top-5 err = 32.375000,	train_time = 32.890710
TRAIN Iter 139: loss = 0.002398,	Top-1 err = 52.270000,	Top-5 err = 31.960000,	train_time = 32.915719
TRAIN Iter 140: loss = 0.002420,	Top-1 err = 55.805000,	Top-5 err = 35.405000,	train_time = 34.588703
TRAIN Iter 141: loss = 0.002402,	Top-1 err = 51.295000,	Top-5 err = 31.635000,	train_time = 32.266568
TRAIN Iter 142: loss = 0.002380,	Top-1 err = 52.125000,	Top-5 err = 32.920000,	train_time = 32.675378
TRAIN Iter 143: loss = 0.002377,	Top-1 err = 50.830000,	Top-5 err = 31.915000,	train_time = 34.298826
TRAIN Iter 144: loss = 0.002391,	Top-1 err = 53.420000,	Top-5 err = 33.810000,	train_time = 34.315742
TRAIN Iter 145: loss = 0.002394,	Top-1 err = 55.435000,	Top-5 err = 35.965000,	train_time = 31.949440
TRAIN Iter 146: loss = 0.002379,	Top-1 err = 51.200000,	Top-5 err = 31.320000,	train_time = 34.031957
TRAIN Iter 147: loss = 0.002379,	Top-1 err = 54.970000,	Top-5 err = 34.630000,	train_time = 34.687121
TRAIN Iter 148: loss = 0.002374,	Top-1 err = 52.465000,	Top-5 err = 32.240000,	train_time = 33.635580
TRAIN Iter 149: loss = 0.002375,	Top-1 err = 52.685000,	Top-5 err = 32.945000,	train_time = 32.217243
TRAIN Iter 150: loss = 0.002360,	Top-1 err = 54.395000,	Top-5 err = 33.835000,	train_time = 33.245169
TRAIN Iter 151: loss = 0.002372,	Top-1 err = 55.180000,	Top-5 err = 36.590000,	train_time = 34.850047
TRAIN Iter 152: loss = 0.002350,	Top-1 err = 55.110000,	Top-5 err = 35.855000,	train_time = 34.020218
TRAIN Iter 153: loss = 0.002362,	Top-1 err = 54.495000,	Top-5 err = 35.195000,	train_time = 32.400274
TRAIN Iter 154: loss = 0.002355,	Top-1 err = 51.475000,	Top-5 err = 32.400000,	train_time = 34.427025
TRAIN Iter 155: loss = 0.002326,	Top-1 err = 53.830000,	Top-5 err = 34.990000,	train_time = 33.892237
TRAIN Iter 156: loss = 0.002351,	Top-1 err = 54.960000,	Top-5 err = 35.285000,	train_time = 31.667679
TRAIN Iter 157: loss = 0.002346,	Top-1 err = 55.090000,	Top-5 err = 36.155000,	train_time = 33.217463
TRAIN Iter 158: loss = 0.002334,	Top-1 err = 55.300000,	Top-5 err = 35.390000,	train_time = 32.613927
TRAIN Iter 159: loss = 0.002326,	Top-1 err = 52.485000,	Top-5 err = 33.615000,	train_time = 34.941740
TRAIN Iter 160: loss = 0.002329,	Top-1 err = 51.450000,	Top-5 err = 31.375000,	train_time = 32.087993
TRAIN Iter 161: loss = 0.002321,	Top-1 err = 49.085000,	Top-5 err = 29.795000,	train_time = 33.600158
TRAIN Iter 162: loss = 0.002328,	Top-1 err = 54.080000,	Top-5 err = 35.065000,	train_time = 33.399391
TRAIN Iter 163: loss = 0.002306,	Top-1 err = 48.170000,	Top-5 err = 28.385000,	train_time = 33.167982
TRAIN Iter 164: loss = 0.002308,	Top-1 err = 52.220000,	Top-5 err = 33.300000,	train_time = 33.136990
TRAIN Iter 165: loss = 0.002314,	Top-1 err = 53.990000,	Top-5 err = 34.010000,	train_time = 33.172647
TRAIN Iter 166: loss = 0.002318,	Top-1 err = 53.045000,	Top-5 err = 33.065000,	train_time = 35.451118
TRAIN Iter 167: loss = 0.002307,	Top-1 err = 51.755000,	Top-5 err = 32.260000,	train_time = 33.148184
TRAIN Iter 168: loss = 0.002297,	Top-1 err = 53.885000,	Top-5 err = 34.960000,	train_time = 34.446030
TRAIN Iter 169: loss = 0.002303,	Top-1 err = 54.905000,	Top-5 err = 35.425000,	train_time = 32.949061
TRAIN Iter 170: loss = 0.002287,	Top-1 err = 52.560000,	Top-5 err = 33.110000,	train_time = 33.713951
TRAIN Iter 171: loss = 0.002294,	Top-1 err = 53.525000,	Top-5 err = 34.295000,	train_time = 33.703989
TRAIN Iter 172: loss = 0.002282,	Top-1 err = 49.835000,	Top-5 err = 31.155000,	train_time = 32.355832
TRAIN Iter 173: loss = 0.002286,	Top-1 err = 54.085000,	Top-5 err = 35.090000,	train_time = 35.324525
TRAIN Iter 174: loss = 0.002296,	Top-1 err = 51.345000,	Top-5 err = 31.100000,	train_time = 31.942149
TRAIN Iter 175: loss = 0.002276,	Top-1 err = 52.220000,	Top-5 err = 32.875000,	train_time = 32.635596
TRAIN Iter 176: loss = 0.002263,	Top-1 err = 52.130000,	Top-5 err = 33.650000,	train_time = 32.703765
TRAIN Iter 177: loss = 0.002275,	Top-1 err = 51.520000,	Top-5 err = 31.580000,	train_time = 35.124159
TRAIN Iter 178: loss = 0.002278,	Top-1 err = 54.460000,	Top-5 err = 34.215000,	train_time = 31.865130
TRAIN Iter 179: loss = 0.002277,	Top-1 err = 54.205000,	Top-5 err = 33.410000,	train_time = 34.864791
TRAIN Iter 180: loss = 0.002261,	Top-1 err = 51.030000,	Top-5 err = 31.535000,	train_time = 32.129350
TRAIN Iter 181: loss = 0.002263,	Top-1 err = 55.145000,	Top-5 err = 36.140000,	train_time = 32.731554
TRAIN Iter 182: loss = 0.002254,	Top-1 err = 52.090000,	Top-5 err = 33.395000,	train_time = 34.847602
TRAIN Iter 183: loss = 0.002259,	Top-1 err = 56.590000,	Top-5 err = 37.275000,	train_time = 33.295702
TRAIN Iter 184: loss = 0.002261,	Top-1 err = 53.575000,	Top-5 err = 33.545000,	train_time = 32.670057
TRAIN Iter 185: loss = 0.002234,	Top-1 err = 50.645000,	Top-5 err = 31.010000,	train_time = 32.716369
TRAIN Iter 186: loss = 0.002238,	Top-1 err = 53.810000,	Top-5 err = 34.525000,	train_time = 34.621369
TRAIN Iter 187: loss = 0.002237,	Top-1 err = 57.065000,	Top-5 err = 38.210000,	train_time = 33.231964
TRAIN Iter 188: loss = 0.002240,	Top-1 err = 49.860000,	Top-5 err = 30.485000,	train_time = 34.101821
TRAIN Iter 189: loss = 0.002240,	Top-1 err = 55.275000,	Top-5 err = 36.985000,	train_time = 32.633701
TRAIN Iter 190: loss = 0.002258,	Top-1 err = 55.490000,	Top-5 err = 36.320000,	train_time = 33.243066
TRAIN Iter 191: loss = 0.002250,	Top-1 err = 52.550000,	Top-5 err = 33.455000,	train_time = 32.853556
TRAIN Iter 192: loss = 0.002237,	Top-1 err = 50.930000,	Top-5 err = 31.460000,	train_time = 35.152425
TRAIN Iter 193: loss = 0.002212,	Top-1 err = 49.985000,	Top-5 err = 30.450000,	train_time = 33.023662
TRAIN Iter 194: loss = 0.002219,	Top-1 err = 53.475000,	Top-5 err = 34.135000,	train_time = 34.527166
TRAIN Iter 195: loss = 0.002205,	Top-1 err = 53.420000,	Top-5 err = 34.185000,	train_time = 33.084863
TRAIN Iter 196: loss = 0.002218,	Top-1 err = 52.200000,	Top-5 err = 33.885000,	train_time = 33.629814
TRAIN Iter 197: loss = 0.002197,	Top-1 err = 51.150000,	Top-5 err = 32.560000,	train_time = 31.863031
TRAIN Iter 198: loss = 0.002216,	Top-1 err = 51.905000,	Top-5 err = 33.120000,	train_time = 33.009657
TRAIN Iter 199: loss = 0.002223,	Top-1 err = 56.690000,	Top-5 err = 37.095000,	train_time = 33.379817
TRAIN Iter 200: loss = 0.002211,	Top-1 err = 52.150000,	Top-5 err = 33.165000,	train_time = 34.076131
TRAIN Iter 201: loss = 0.002196,	Top-1 err = 50.305000,	Top-5 err = 30.885000,	train_time = 32.175606
TRAIN Iter 202: loss = 0.002212,	Top-1 err = 52.975000,	Top-5 err = 33.190000,	train_time = 32.656465
TRAIN Iter 203: loss = 0.002187,	Top-1 err = 52.265000,	Top-5 err = 33.780000,	train_time = 34.217903
TRAIN Iter 204: loss = 0.002172,	Top-1 err = 49.980000,	Top-5 err = 30.845000,	train_time = 32.600912
TRAIN Iter 205: loss = 0.002199,	Top-1 err = 49.575000,	Top-5 err = 30.335000,	train_time = 34.146876
TRAIN Iter 206: loss = 0.002202,	Top-1 err = 54.760000,	Top-5 err = 34.875000,	train_time = 32.710612
TRAIN Iter 207: loss = 0.002206,	Top-1 err = 52.905000,	Top-5 err = 33.005000,	train_time = 35.454199
TRAIN Iter 208: loss = 0.002174,	Top-1 err = 50.720000,	Top-5 err = 31.380000,	train_time = 32.163754
TRAIN Iter 209: loss = 0.002210,	Top-1 err = 53.870000,	Top-5 err = 34.750000,	train_time = 32.770718
TRAIN Iter 210: loss = 0.002187,	Top-1 err = 53.365000,	Top-5 err = 34.555000,	train_time = 33.384068
TRAIN Iter 211: loss = 0.002190,	Top-1 err = 57.840000,	Top-5 err = 39.105000,	train_time = 33.659170
TRAIN Iter 212: loss = 0.002154,	Top-1 err = 48.990000,	Top-5 err = 29.875000,	train_time = 34.981927
TRAIN Iter 213: loss = 0.002144,	Top-1 err = 50.370000,	Top-5 err = 31.090000,	train_time = 33.151869
TRAIN Iter 214: loss = 0.002163,	Top-1 err = 52.140000,	Top-5 err = 32.625000,	train_time = 34.313548
TRAIN Iter 215: loss = 0.002169,	Top-1 err = 49.880000,	Top-5 err = 30.775000,	train_time = 31.701677
TRAIN Iter 216: loss = 0.002172,	Top-1 err = 52.595000,	Top-5 err = 33.360000,	train_time = 35.033439
TRAIN Iter 217: loss = 0.002169,	Top-1 err = 54.785000,	Top-5 err = 35.655000,	train_time = 31.666507
TRAIN Iter 218: loss = 0.002189,	Top-1 err = 53.980000,	Top-5 err = 35.180000,	train_time = 33.053473
TRAIN Iter 219: loss = 0.002132,	Top-1 err = 47.950000,	Top-5 err = 29.375000,	train_time = 35.172208
TRAIN Iter 220: loss = 0.002121,	Top-1 err = 47.670000,	Top-5 err = 28.680000,	train_time = 32.188963
TRAIN Iter 221: loss = 0.002134,	Top-1 err = 53.040000,	Top-5 err = 34.185000,	train_time = 35.352841
TRAIN Iter 222: loss = 0.002157,	Top-1 err = 50.030000,	Top-5 err = 29.855000,	train_time = 31.540438
TRAIN Iter 223: loss = 0.002142,	Top-1 err = 53.930000,	Top-5 err = 34.835000,	train_time = 34.516301
TRAIN Iter 224: loss = 0.002141,	Top-1 err = 50.200000,	Top-5 err = 31.505000,	train_time = 32.940273
TRAIN Iter 225: loss = 0.002158,	Top-1 err = 52.725000,	Top-5 err = 32.210000,	train_time = 32.586532
TRAIN Iter 226: loss = 0.002149,	Top-1 err = 56.060000,	Top-5 err = 37.780000,	train_time = 34.222114
TRAIN Iter 227: loss = 0.002123,	Top-1 err = 49.145000,	Top-5 err = 29.585000,	train_time = 32.499292
TRAIN Iter 228: loss = 0.002137,	Top-1 err = 51.870000,	Top-5 err = 32.740000,	train_time = 32.633943
TRAIN Iter 229: loss = 0.002123,	Top-1 err = 49.240000,	Top-5 err = 29.910000,	train_time = 33.659959
TRAIN Iter 230: loss = 0.002146,	Top-1 err = 53.240000,	Top-5 err = 34.250000,	train_time = 32.870200
TRAIN Iter 231: loss = 0.002118,	Top-1 err = 52.995000,	Top-5 err = 35.090000,	train_time = 34.677998
TRAIN Iter 232: loss = 0.002113,	Top-1 err = 50.950000,	Top-5 err = 31.075000,	train_time = 32.073989
TRAIN Iter 233: loss = 0.002110,	Top-1 err = 51.760000,	Top-5 err = 33.035000,	train_time = 32.457890
TRAIN Iter 234: loss = 0.002145,	Top-1 err = 54.045000,	Top-5 err = 34.185000,	train_time = 34.050867
TRAIN Iter 235: loss = 0.002128,	Top-1 err = 54.090000,	Top-5 err = 35.975000,	train_time = 33.041083
TRAIN Iter 236: loss = 0.002121,	Top-1 err = 52.510000,	Top-5 err = 32.960000,	train_time = 32.462757
TRAIN Iter 237: loss = 0.002088,	Top-1 err = 49.495000,	Top-5 err = 31.025000,	train_time = 33.114316
TRAIN Iter 238: loss = 0.002089,	Top-1 err = 51.745000,	Top-5 err = 32.415000,	train_time = 35.352402
TRAIN Iter 239: loss = 0.002127,	Top-1 err = 54.070000,	Top-5 err = 34.805000,	train_time = 31.710009
TRAIN Iter 240: loss = 0.002129,	Top-1 err = 53.005000,	Top-5 err = 33.510000,	train_time = 32.794137
TRAIN Iter 241: loss = 0.002095,	Top-1 err = 52.070000,	Top-5 err = 34.605000,	train_time = 33.018575
TRAIN Iter 242: loss = 0.002099,	Top-1 err = 51.605000,	Top-5 err = 31.530000,	train_time = 32.586917
TRAIN Iter 243: loss = 0.002075,	Top-1 err = 51.335000,	Top-5 err = 32.700000,	train_time = 35.435401
TRAIN Iter 244: loss = 0.002095,	Top-1 err = 51.850000,	Top-5 err = 32.835000,	train_time = 31.937030
TRAIN Iter 245: loss = 0.002107,	Top-1 err = 51.135000,	Top-5 err = 32.255000,	train_time = 32.592297
TRAIN Iter 246: loss = 0.002068,	Top-1 err = 49.170000,	Top-5 err = 30.620000,	train_time = 32.364727
TRAIN Iter 247: loss = 0.002133,	Top-1 err = 54.965000,	Top-5 err = 34.530000,	train_time = 35.008376
TRAIN Iter 248: loss = 0.002076,	Top-1 err = 50.325000,	Top-5 err = 31.515000,	train_time = 31.761005
TRAIN Iter 249: loss = 0.002096,	Top-1 err = 54.220000,	Top-5 err = 34.085000,	train_time = 32.509625
TEST:
Iter 249: loss = 1.747769,	Top-1 err = 40.530000,	Top-5 err = 18.150000,	val_time = 3.205216
TRAIN Iter 250: loss = 0.002093,	Top-1 err = 52.450000,	Top-5 err = 34.135000,	train_time = 35.048030
TRAIN Iter 251: loss = 0.002089,	Top-1 err = 53.065000,	Top-5 err = 34.375000,	train_time = 32.066599
TRAIN Iter 252: loss = 0.002085,	Top-1 err = 52.460000,	Top-5 err = 33.015000,	train_time = 32.651113
TRAIN Iter 253: loss = 0.002084,	Top-1 err = 52.175000,	Top-5 err = 33.255000,	train_time = 35.083280
TRAIN Iter 254: loss = 0.002077,	Top-1 err = 54.010000,	Top-5 err = 35.205000,	train_time = 33.475659
TRAIN Iter 255: loss = 0.002072,	Top-1 err = 49.505000,	Top-5 err = 30.055000,	train_time = 32.089461
TRAIN Iter 256: loss = 0.002059,	Top-1 err = 50.650000,	Top-5 err = 31.925000,	train_time = 32.449352
TRAIN Iter 257: loss = 0.002070,	Top-1 err = 52.480000,	Top-5 err = 33.585000,	train_time = 35.000454
TRAIN Iter 258: loss = 0.002074,	Top-1 err = 52.105000,	Top-5 err = 33.535000,	train_time = 32.479932
TRAIN Iter 259: loss = 0.002057,	Top-1 err = 51.850000,	Top-5 err = 33.580000,	train_time = 34.644320
TEST:
Iter 259: loss = 1.743294,	Top-1 err = 40.440000,	Top-5 err = 18.010000,	val_time = 3.360209
TRAIN Iter 260: loss = 0.002055,	Top-1 err = 53.225000,	Top-5 err = 35.450000,	train_time = 32.796110
TRAIN Iter 261: loss = 0.002054,	Top-1 err = 50.205000,	Top-5 err = 30.765000,	train_time = 31.777782
TRAIN Iter 262: loss = 0.002060,	Top-1 err = 52.070000,	Top-5 err = 32.975000,	train_time = 33.541697
TRAIN Iter 263: loss = 0.002080,	Top-1 err = 54.485000,	Top-5 err = 34.215000,	train_time = 33.357034
TRAIN Iter 264: loss = 0.002041,	Top-1 err = 51.795000,	Top-5 err = 32.355000,	train_time = 32.213928
TRAIN Iter 265: loss = 0.002048,	Top-1 err = 48.675000,	Top-5 err = 29.755000,	train_time = 34.562064
TRAIN Iter 266: loss = 0.002057,	Top-1 err = 54.590000,	Top-5 err = 36.675000,	train_time = 32.211090
TRAIN Iter 267: loss = 0.002044,	Top-1 err = 51.020000,	Top-5 err = 32.820000,	train_time = 32.894775
TRAIN Iter 268: loss = 0.002054,	Top-1 err = 54.480000,	Top-5 err = 35.725000,	train_time = 34.075196
TRAIN Iter 269: loss = 0.002036,	Top-1 err = 48.415000,	Top-5 err = 29.880000,	train_time = 32.071147
TEST:
Iter 269: loss = 1.757869,	Top-1 err = 40.680000,	Top-5 err = 17.940000,	val_time = 3.196912
TRAIN Iter 270: loss = 0.002047,	Top-1 err = 53.065000,	Top-5 err = 34.005000,	train_time = 34.723538
TRAIN Iter 271: loss = 0.002028,	Top-1 err = 47.420000,	Top-5 err = 29.195000,	train_time = 31.415057
TRAIN Iter 272: loss = 0.002042,	Top-1 err = 51.575000,	Top-5 err = 32.410000,	train_time = 34.643493
TRAIN Iter 273: loss = 0.002020,	Top-1 err = 50.570000,	Top-5 err = 31.995000,	train_time = 32.192235
TRAIN Iter 274: loss = 0.002015,	Top-1 err = 50.735000,	Top-5 err = 33.015000,	train_time = 32.205906
TRAIN Iter 275: loss = 0.002036,	Top-1 err = 52.845000,	Top-5 err = 33.460000,	train_time = 32.777312
TRAIN Iter 276: loss = 0.002019,	Top-1 err = 51.280000,	Top-5 err = 32.375000,	train_time = 35.013493
TRAIN Iter 277: loss = 0.002051,	Top-1 err = 57.245000,	Top-5 err = 38.245000,	train_time = 31.842892
TRAIN Iter 278: loss = 0.002037,	Top-1 err = 54.085000,	Top-5 err = 34.375000,	train_time = 34.544833
TRAIN Iter 279: loss = 0.002019,	Top-1 err = 53.100000,	Top-5 err = 34.830000,	train_time = 32.444214
TEST:
Iter 279: loss = 1.743656,	Top-1 err = 40.690000,	Top-5 err = 17.950000,	val_time = 3.198414
TRAIN Iter 280: loss = 0.002024,	Top-1 err = 55.555000,	Top-5 err = 36.935000,	train_time = 33.314786
TRAIN Iter 281: loss = 0.002034,	Top-1 err = 51.905000,	Top-5 err = 31.985000,	train_time = 33.998587
TRAIN Iter 282: loss = 0.002021,	Top-1 err = 52.425000,	Top-5 err = 33.895000,	train_time = 32.659845
TRAIN Iter 283: loss = 0.002006,	Top-1 err = 50.480000,	Top-5 err = 31.890000,	train_time = 32.380861
TRAIN Iter 284: loss = 0.002033,	Top-1 err = 53.385000,	Top-5 err = 34.655000,	train_time = 34.491859
TRAIN Iter 285: loss = 0.002023,	Top-1 err = 54.385000,	Top-5 err = 35.330000,	train_time = 33.379721
TRAIN Iter 286: loss = 0.002010,	Top-1 err = 49.710000,	Top-5 err = 30.525000,	train_time = 32.272673
TRAIN Iter 287: loss = 0.002007,	Top-1 err = 54.475000,	Top-5 err = 36.025000,	train_time = 33.197176
TRAIN Iter 288: loss = 0.002011,	Top-1 err = 50.150000,	Top-5 err = 31.385000,	train_time = 34.111033
TRAIN Iter 289: loss = 0.002001,	Top-1 err = 53.685000,	Top-5 err = 34.985000,	train_time = 33.126312
TEST:
Iter 289: loss = 1.764727,	Top-1 err = 40.730000,	Top-5 err = 18.150000,	val_time = 3.366445
TRAIN Iter 290: loss = 0.001984,	Top-1 err = 49.130000,	Top-5 err = 29.610000,	train_time = 31.737829
TRAIN Iter 291: loss = 0.001993,	Top-1 err = 49.655000,	Top-5 err = 30.940000,	train_time = 32.986729
TRAIN Iter 292: loss = 0.002005,	Top-1 err = 50.195000,	Top-5 err = 30.625000,	train_time = 32.223148
TRAIN Iter 293: loss = 0.002023,	Top-1 err = 53.500000,	Top-5 err = 33.305000,	train_time = 32.299322
TRAIN Iter 294: loss = 0.002010,	Top-1 err = 54.750000,	Top-5 err = 35.870000,	train_time = 33.308460
TRAIN Iter 295: loss = 0.001982,	Top-1 err = 53.260000,	Top-5 err = 34.870000,	train_time = 35.068852
TRAIN Iter 296: loss = 0.001975,	Top-1 err = 48.050000,	Top-5 err = 29.870000,	train_time = 31.794538
TRAIN Iter 297: loss = 0.001968,	Top-1 err = 45.725000,	Top-5 err = 27.265000,	train_time = 34.014059
TRAIN Iter 298: loss = 0.001969,	Top-1 err = 49.060000,	Top-5 err = 30.845000,	train_time = 32.091116
TRAIN Iter 299: loss = 0.001996,	Top-1 err = 50.380000,	Top-5 err = 31.940000,	train_time = 34.030328
TEST:
Iter 299: loss = 1.734127,	Top-1 err = 40.260000,	Top-5 err = 18.200000,	val_time = 3.410879
Train Finish! Best accuracy is 59.74@299
