/home/dvspanos/miniconda3/envs/rded/lib/python3.10/site-packages/torchvision/models/_utils.py:208: UserWarning: The parameter 'pretrained' is deprecated since 0.13 and may be removed in the future, please use 'weights' instead.
  warnings.warn(
/home/dvspanos/miniconda3/envs/rded/lib/python3.10/site-packages/torchvision/models/_utils.py:223: UserWarning: Arguments other than a weight enum or `None` for 'weights' are deprecated since 0.13 and may be removed in the future. The current behavior is equivalent to passing `weights=None`.
  warnings.warn(msg)
=> using pytorch pre-trained teacher model 'resnet18_modified'
process data from /home/dvspanos/nikos/ca2d/artifacts/sets/bench_tin_rn18_rded_ipc50
load data successfully
TRAIN Iter 0: loss = 0.015200,	Top-1 err = 98.370000,	Top-5 err = 93.190000,	train_time = 15.395502
TRAIN Iter 1: loss = 0.014278,	Top-1 err = 96.460000,	Top-5 err = 86.980000,	train_time = 13.867911
TRAIN Iter 2: loss = 0.014086,	Top-1 err = 94.180000,	Top-5 err = 81.490000,	train_time = 15.091134
TRAIN Iter 3: loss = 0.012708,	Top-1 err = 92.260000,	Top-5 err = 78.260000,	train_time = 14.718359
TRAIN Iter 4: loss = 0.012388,	Top-1 err = 90.510000,	Top-5 err = 73.790000,	train_time = 14.199102
TRAIN Iter 5: loss = 0.012052,	Top-1 err = 89.470000,	Top-5 err = 72.310000,	train_time = 15.572566
TRAIN Iter 6: loss = 0.011461,	Top-1 err = 86.930000,	Top-5 err = 67.710000,	train_time = 14.431599
TRAIN Iter 7: loss = 0.011444,	Top-1 err = 85.360000,	Top-5 err = 65.030000,	train_time = 14.977721
TRAIN Iter 8: loss = 0.011302,	Top-1 err = 83.120000,	Top-5 err = 60.930000,	train_time = 14.881995
TRAIN Iter 9: loss = 0.010948,	Top-1 err = 83.030000,	Top-5 err = 62.750000,	train_time = 15.308490
TRAIN Iter 10: loss = 0.010345,	Top-1 err = 80.520000,	Top-5 err = 59.270000,	train_time = 14.874407
TRAIN Iter 11: loss = 0.010467,	Top-1 err = 76.920000,	Top-5 err = 53.920000,	train_time = 14.674900
TRAIN Iter 12: loss = 0.009885,	Top-1 err = 77.830000,	Top-5 err = 55.400000,	train_time = 14.724206
TRAIN Iter 13: loss = 0.009542,	Top-1 err = 75.630000,	Top-5 err = 52.000000,	train_time = 14.990722
TRAIN Iter 14: loss = 0.009017,	Top-1 err = 78.020000,	Top-5 err = 56.570000,	train_time = 15.197619
TRAIN Iter 15: loss = 0.009428,	Top-1 err = 68.780000,	Top-5 err = 44.100000,	train_time = 14.629301
TRAIN Iter 16: loss = 0.008741,	Top-1 err = 69.370000,	Top-5 err = 46.370000,	train_time = 15.301659
TRAIN Iter 17: loss = 0.008752,	Top-1 err = 69.400000,	Top-5 err = 47.740000,	train_time = 15.184108
TRAIN Iter 18: loss = 0.008564,	Top-1 err = 69.880000,	Top-5 err = 47.970000,	train_time = 14.640896
TRAIN Iter 19: loss = 0.008164,	Top-1 err = 64.870000,	Top-5 err = 41.080000,	train_time = 14.528638
TRAIN Iter 20: loss = 0.007995,	Top-1 err = 63.540000,	Top-5 err = 40.150000,	train_time = 15.748819
TRAIN Iter 21: loss = 0.007817,	Top-1 err = 64.160000,	Top-5 err = 42.320000,	train_time = 14.990222
TRAIN Iter 22: loss = 0.007778,	Top-1 err = 59.990000,	Top-5 err = 37.210000,	train_time = 14.971539
TRAIN Iter 23: loss = 0.007435,	Top-1 err = 61.950000,	Top-5 err = 40.120000,	train_time = 15.150239
TRAIN Iter 24: loss = 0.007435,	Top-1 err = 58.950000,	Top-5 err = 37.440000,	train_time = 14.877580
TRAIN Iter 25: loss = 0.007146,	Top-1 err = 57.600000,	Top-5 err = 35.690000,	train_time = 15.522240
TRAIN Iter 26: loss = 0.006876,	Top-1 err = 59.900000,	Top-5 err = 38.720000,	train_time = 14.223402
TRAIN Iter 27: loss = 0.006742,	Top-1 err = 58.920000,	Top-5 err = 37.710000,	train_time = 15.801161
TRAIN Iter 28: loss = 0.006730,	Top-1 err = 56.170000,	Top-5 err = 36.100000,	train_time = 14.812003
TRAIN Iter 29: loss = 0.006555,	Top-1 err = 56.770000,	Top-5 err = 35.530000,	train_time = 14.930570
TRAIN Iter 30: loss = 0.006224,	Top-1 err = 59.220000,	Top-5 err = 38.650000,	train_time = 14.422618
TRAIN Iter 31: loss = 0.006363,	Top-1 err = 51.650000,	Top-5 err = 29.350000,	train_time = 14.571268
TRAIN Iter 32: loss = 0.006134,	Top-1 err = 52.900000,	Top-5 err = 32.470000,	train_time = 14.712757
TRAIN Iter 33: loss = 0.006113,	Top-1 err = 54.690000,	Top-5 err = 33.930000,	train_time = 15.312738
TRAIN Iter 34: loss = 0.006122,	Top-1 err = 48.690000,	Top-5 err = 28.320000,	train_time = 14.715969
TRAIN Iter 35: loss = 0.005998,	Top-1 err = 54.640000,	Top-5 err = 36.250000,	train_time = 14.705936
TRAIN Iter 36: loss = 0.005761,	Top-1 err = 52.820000,	Top-5 err = 33.690000,	train_time = 16.095783
TRAIN Iter 37: loss = 0.005755,	Top-1 err = 49.540000,	Top-5 err = 28.860000,	train_time = 14.916249
TRAIN Iter 38: loss = 0.005661,	Top-1 err = 51.780000,	Top-5 err = 32.360000,	train_time = 14.605614
TRAIN Iter 39: loss = 0.005568,	Top-1 err = 54.560000,	Top-5 err = 34.330000,	train_time = 15.503003
TRAIN Iter 40: loss = 0.005508,	Top-1 err = 52.800000,	Top-5 err = 34.790000,	train_time = 14.718026
TRAIN Iter 41: loss = 0.005307,	Top-1 err = 50.350000,	Top-5 err = 30.240000,	train_time = 15.546240
TRAIN Iter 42: loss = 0.005305,	Top-1 err = 46.930000,	Top-5 err = 28.320000,	train_time = 14.388844
TRAIN Iter 43: loss = 0.005307,	Top-1 err = 46.200000,	Top-5 err = 26.810000,	train_time = 14.411315
TRAIN Iter 44: loss = 0.005299,	Top-1 err = 45.100000,	Top-5 err = 26.190000,	train_time = 15.937427
TRAIN Iter 45: loss = 0.005215,	Top-1 err = 43.500000,	Top-5 err = 25.220000,	train_time = 15.103599
TRAIN Iter 46: loss = 0.005012,	Top-1 err = 49.560000,	Top-5 err = 30.510000,	train_time = 14.680020
TRAIN Iter 47: loss = 0.004993,	Top-1 err = 50.170000,	Top-5 err = 31.230000,	train_time = 15.400495
TRAIN Iter 48: loss = 0.005085,	Top-1 err = 44.540000,	Top-5 err = 26.200000,	train_time = 14.531173
TRAIN Iter 49: loss = 0.004942,	Top-1 err = 47.850000,	Top-5 err = 29.030000,	train_time = 14.427181
TRAIN Iter 50: loss = 0.004901,	Top-1 err = 39.720000,	Top-5 err = 21.860000,	train_time = 15.545538
TRAIN Iter 51: loss = 0.004894,	Top-1 err = 45.600000,	Top-5 err = 27.890000,	train_time = 14.923916
TRAIN Iter 52: loss = 0.004830,	Top-1 err = 46.750000,	Top-5 err = 28.200000,	train_time = 15.631914
TRAIN Iter 53: loss = 0.004727,	Top-1 err = 46.670000,	Top-5 err = 29.040000,	train_time = 14.709544
TRAIN Iter 54: loss = 0.004759,	Top-1 err = 45.950000,	Top-5 err = 28.650000,	train_time = 14.826340
TRAIN Iter 55: loss = 0.004676,	Top-1 err = 45.300000,	Top-5 err = 27.100000,	train_time = 14.786461
TRAIN Iter 56: loss = 0.004608,	Top-1 err = 43.000000,	Top-5 err = 26.230000,	train_time = 14.363040
TRAIN Iter 57: loss = 0.004682,	Top-1 err = 41.520000,	Top-5 err = 24.910000,	train_time = 14.660156
TRAIN Iter 58: loss = 0.004596,	Top-1 err = 46.410000,	Top-5 err = 29.030000,	train_time = 15.815143
TRAIN Iter 59: loss = 0.004567,	Top-1 err = 42.950000,	Top-5 err = 26.930000,	train_time = 14.571557
TRAIN Iter 60: loss = 0.004487,	Top-1 err = 42.750000,	Top-5 err = 26.080000,	train_time = 15.818950
TRAIN Iter 61: loss = 0.004601,	Top-1 err = 42.490000,	Top-5 err = 25.670000,	train_time = 14.513999
TRAIN Iter 62: loss = 0.004406,	Top-1 err = 45.150000,	Top-5 err = 27.530000,	train_time = 14.860654
TRAIN Iter 63: loss = 0.004426,	Top-1 err = 45.550000,	Top-5 err = 28.080000,	train_time = 14.466489
TRAIN Iter 64: loss = 0.004448,	Top-1 err = 45.260000,	Top-5 err = 27.770000,	train_time = 15.918324
TRAIN Iter 65: loss = 0.004355,	Top-1 err = 45.300000,	Top-5 err = 26.660000,	train_time = 14.369602
TRAIN Iter 66: loss = 0.004338,	Top-1 err = 43.730000,	Top-5 err = 24.610000,	train_time = 15.667688
TRAIN Iter 67: loss = 0.004294,	Top-1 err = 43.790000,	Top-5 err = 25.770000,	train_time = 14.450389
TRAIN Iter 68: loss = 0.004298,	Top-1 err = 41.680000,	Top-5 err = 25.610000,	train_time = 14.992632
TRAIN Iter 69: loss = 0.004267,	Top-1 err = 43.660000,	Top-5 err = 27.420000,	train_time = 14.617550
TRAIN Iter 70: loss = 0.004218,	Top-1 err = 43.470000,	Top-5 err = 26.100000,	train_time = 15.779599
TRAIN Iter 71: loss = 0.004201,	Top-1 err = 36.140000,	Top-5 err = 19.990000,	train_time = 14.442887
TRAIN Iter 72: loss = 0.004241,	Top-1 err = 41.200000,	Top-5 err = 25.440000,	train_time = 15.935905
TRAIN Iter 73: loss = 0.004175,	Top-1 err = 46.380000,	Top-5 err = 30.480000,	train_time = 14.594517
TRAIN Iter 74: loss = 0.004160,	Top-1 err = 44.550000,	Top-5 err = 28.270000,	train_time = 14.888388
TRAIN Iter 75: loss = 0.004098,	Top-1 err = 42.980000,	Top-5 err = 26.620000,	train_time = 14.505885
TRAIN Iter 76: loss = 0.004066,	Top-1 err = 43.130000,	Top-5 err = 25.660000,	train_time = 14.735482
TRAIN Iter 77: loss = 0.004085,	Top-1 err = 40.480000,	Top-5 err = 25.720000,	train_time = 15.891927
TRAIN Iter 78: loss = 0.004060,	Top-1 err = 41.340000,	Top-5 err = 24.830000,	train_time = 14.366310
TRAIN Iter 79: loss = 0.004031,	Top-1 err = 47.500000,	Top-5 err = 30.950000,	train_time = 14.735774
TRAIN Iter 80: loss = 0.004040,	Top-1 err = 42.100000,	Top-5 err = 25.640000,	train_time = 15.516793
TRAIN Iter 81: loss = 0.003995,	Top-1 err = 41.770000,	Top-5 err = 26.570000,	train_time = 15.405470
TRAIN Iter 82: loss = 0.004013,	Top-1 err = 35.640000,	Top-5 err = 19.690000,	train_time = 14.509388
TRAIN Iter 83: loss = 0.003957,	Top-1 err = 39.130000,	Top-5 err = 22.510000,	train_time = 14.516458
TRAIN Iter 84: loss = 0.003928,	Top-1 err = 37.550000,	Top-5 err = 22.750000,	train_time = 15.627698
TRAIN Iter 85: loss = 0.003922,	Top-1 err = 38.410000,	Top-5 err = 23.660000,	train_time = 14.514432
TRAIN Iter 86: loss = 0.003910,	Top-1 err = 43.150000,	Top-5 err = 26.920000,	train_time = 14.587137
TRAIN Iter 87: loss = 0.003870,	Top-1 err = 38.920000,	Top-5 err = 23.010000,	train_time = 14.766890
TRAIN Iter 88: loss = 0.003878,	Top-1 err = 38.170000,	Top-5 err = 22.850000,	train_time = 15.150738
TRAIN Iter 89: loss = 0.003845,	Top-1 err = 40.570000,	Top-5 err = 23.780000,	train_time = 15.581052
TRAIN Iter 90: loss = 0.003831,	Top-1 err = 44.330000,	Top-5 err = 28.490000,	train_time = 14.724744
TRAIN Iter 91: loss = 0.003827,	Top-1 err = 37.800000,	Top-5 err = 21.150000,	train_time = 14.760993
TRAIN Iter 92: loss = 0.003864,	Top-1 err = 44.970000,	Top-5 err = 29.120000,	train_time = 14.828482
TRAIN Iter 93: loss = 0.003799,	Top-1 err = 33.630000,	Top-5 err = 19.130000,	train_time = 14.477241
TRAIN Iter 94: loss = 0.003790,	Top-1 err = 42.220000,	Top-5 err = 26.360000,	train_time = 15.615350
TRAIN Iter 95: loss = 0.003743,	Top-1 err = 42.130000,	Top-5 err = 26.000000,	train_time = 15.026781
TRAIN Iter 96: loss = 0.003787,	Top-1 err = 39.150000,	Top-5 err = 24.000000,	train_time = 14.655856
TRAIN Iter 97: loss = 0.003761,	Top-1 err = 45.150000,	Top-5 err = 28.970000,	train_time = 15.486117
TRAIN Iter 98: loss = 0.003724,	Top-1 err = 47.210000,	Top-5 err = 29.850000,	train_time = 14.505723
TRAIN Iter 99: loss = 0.003736,	Top-1 err = 38.720000,	Top-5 err = 22.320000,	train_time = 15.379179
TRAIN Iter 100: loss = 0.003756,	Top-1 err = 47.300000,	Top-5 err = 31.480000,	train_time = 14.372866
TRAIN Iter 101: loss = 0.003752,	Top-1 err = 37.870000,	Top-5 err = 23.070000,	train_time = 14.569778
TRAIN Iter 102: loss = 0.003674,	Top-1 err = 38.550000,	Top-5 err = 22.440000,	train_time = 15.832299
TRAIN Iter 103: loss = 0.003677,	Top-1 err = 40.300000,	Top-5 err = 25.470000,	train_time = 14.464181
TRAIN Iter 104: loss = 0.003690,	Top-1 err = 38.070000,	Top-5 err = 22.450000,	train_time = 14.492698
TRAIN Iter 105: loss = 0.003678,	Top-1 err = 37.210000,	Top-5 err = 22.990000,	train_time = 15.666410
TRAIN Iter 106: loss = 0.003681,	Top-1 err = 41.910000,	Top-5 err = 25.020000,	train_time = 14.449232
TRAIN Iter 107: loss = 0.003667,	Top-1 err = 38.510000,	Top-5 err = 22.350000,	train_time = 14.521199
TRAIN Iter 108: loss = 0.003615,	Top-1 err = 44.750000,	Top-5 err = 28.440000,	train_time = 14.707415
TRAIN Iter 109: loss = 0.003579,	Top-1 err = 39.740000,	Top-5 err = 24.320000,	train_time = 14.452668
TRAIN Iter 110: loss = 0.003615,	Top-1 err = 41.080000,	Top-5 err = 24.640000,	train_time = 14.803725
TRAIN Iter 111: loss = 0.003598,	Top-1 err = 36.810000,	Top-5 err = 19.770000,	train_time = 14.364705
TRAIN Iter 112: loss = 0.003602,	Top-1 err = 40.280000,	Top-5 err = 24.410000,	train_time = 15.857716
TRAIN Iter 113: loss = 0.003555,	Top-1 err = 38.740000,	Top-5 err = 23.270000,	train_time = 14.180809
TRAIN Iter 114: loss = 0.003551,	Top-1 err = 42.950000,	Top-5 err = 26.550000,	train_time = 15.565046
TRAIN Iter 115: loss = 0.003522,	Top-1 err = 40.000000,	Top-5 err = 24.490000,	train_time = 14.801334
TRAIN Iter 116: loss = 0.003540,	Top-1 err = 41.680000,	Top-5 err = 27.010000,	train_time = 14.648085
TRAIN Iter 117: loss = 0.003508,	Top-1 err = 36.920000,	Top-5 err = 22.330000,	train_time = 14.213530
TRAIN Iter 118: loss = 0.003472,	Top-1 err = 46.010000,	Top-5 err = 29.630000,	train_time = 14.735442
TRAIN Iter 119: loss = 0.003489,	Top-1 err = 40.970000,	Top-5 err = 26.290000,	train_time = 14.846863
TRAIN Iter 120: loss = 0.003493,	Top-1 err = 40.630000,	Top-5 err = 24.890000,	train_time = 15.028026
TRAIN Iter 121: loss = 0.003494,	Top-1 err = 41.060000,	Top-5 err = 26.440000,	train_time = 14.954383
TRAIN Iter 122: loss = 0.003488,	Top-1 err = 38.910000,	Top-5 err = 24.170000,	train_time = 14.337924
TRAIN Iter 123: loss = 0.003499,	Top-1 err = 38.140000,	Top-5 err = 23.230000,	train_time = 15.254562
TRAIN Iter 124: loss = 0.003484,	Top-1 err = 39.960000,	Top-5 err = 25.360000,	train_time = 15.380175
TRAIN Iter 125: loss = 0.003418,	Top-1 err = 39.510000,	Top-5 err = 24.140000,	train_time = 14.555229
TRAIN Iter 126: loss = 0.003468,	Top-1 err = 36.030000,	Top-5 err = 20.540000,	train_time = 15.095155
TRAIN Iter 127: loss = 0.003449,	Top-1 err = 42.460000,	Top-5 err = 26.420000,	train_time = 15.261197
TRAIN Iter 128: loss = 0.003422,	Top-1 err = 36.450000,	Top-5 err = 22.120000,	train_time = 14.699261
TRAIN Iter 129: loss = 0.003402,	Top-1 err = 38.400000,	Top-5 err = 23.910000,	train_time = 14.807811
TRAIN Iter 130: loss = 0.003393,	Top-1 err = 32.300000,	Top-5 err = 17.600000,	train_time = 14.570251
TRAIN Iter 131: loss = 0.003363,	Top-1 err = 34.740000,	Top-5 err = 21.430000,	train_time = 15.520711
TRAIN Iter 132: loss = 0.003398,	Top-1 err = 44.060000,	Top-5 err = 28.250000,	train_time = 14.682654
TRAIN Iter 133: loss = 0.003349,	Top-1 err = 36.210000,	Top-5 err = 22.650000,	train_time = 14.591091
TRAIN Iter 134: loss = 0.003388,	Top-1 err = 34.590000,	Top-5 err = 19.870000,	train_time = 14.802028
TRAIN Iter 135: loss = 0.003371,	Top-1 err = 34.030000,	Top-5 err = 19.500000,	train_time = 14.975747
TRAIN Iter 136: loss = 0.003359,	Top-1 err = 39.440000,	Top-5 err = 24.310000,	train_time = 14.660391
TRAIN Iter 137: loss = 0.003282,	Top-1 err = 32.710000,	Top-5 err = 19.200000,	train_time = 15.518707
TRAIN Iter 138: loss = 0.003350,	Top-1 err = 36.900000,	Top-5 err = 20.760000,	train_time = 14.620263
TRAIN Iter 139: loss = 0.003327,	Top-1 err = 42.780000,	Top-5 err = 25.940000,	train_time = 14.710798
TRAIN Iter 140: loss = 0.003290,	Top-1 err = 35.950000,	Top-5 err = 20.450000,	train_time = 14.801308
TRAIN Iter 141: loss = 0.003360,	Top-1 err = 43.900000,	Top-5 err = 26.520000,	train_time = 14.715129
TRAIN Iter 142: loss = 0.003289,	Top-1 err = 37.160000,	Top-5 err = 22.810000,	train_time = 14.676277
TRAIN Iter 143: loss = 0.003321,	Top-1 err = 41.770000,	Top-5 err = 25.900000,	train_time = 14.705779
TRAIN Iter 144: loss = 0.003266,	Top-1 err = 32.040000,	Top-5 err = 19.070000,	train_time = 15.671739
TRAIN Iter 145: loss = 0.003269,	Top-1 err = 37.930000,	Top-5 err = 22.260000,	train_time = 14.415803
TRAIN Iter 146: loss = 0.003295,	Top-1 err = 35.270000,	Top-5 err = 20.080000,	train_time = 15.252695
TRAIN Iter 147: loss = 0.003288,	Top-1 err = 39.610000,	Top-5 err = 24.720000,	train_time = 14.228356
TRAIN Iter 148: loss = 0.003263,	Top-1 err = 40.050000,	Top-5 err = 25.450000,	train_time = 14.491002
TRAIN Iter 149: loss = 0.003259,	Top-1 err = 35.000000,	Top-5 err = 20.720000,	train_time = 15.974459
TRAIN Iter 150: loss = 0.003283,	Top-1 err = 41.300000,	Top-5 err = 25.700000,	train_time = 14.528779
TRAIN Iter 151: loss = 0.003254,	Top-1 err = 38.670000,	Top-5 err = 23.050000,	train_time = 14.363897
TRAIN Iter 152: loss = 0.003179,	Top-1 err = 33.840000,	Top-5 err = 20.140000,	train_time = 15.219238
TRAIN Iter 153: loss = 0.003205,	Top-1 err = 36.390000,	Top-5 err = 22.940000,	train_time = 15.308973
TRAIN Iter 154: loss = 0.003190,	Top-1 err = 32.080000,	Top-5 err = 19.770000,	train_time = 14.268173
TRAIN Iter 155: loss = 0.003221,	Top-1 err = 43.030000,	Top-5 err = 28.560000,	train_time = 14.976424
TRAIN Iter 156: loss = 0.003217,	Top-1 err = 39.720000,	Top-5 err = 24.290000,	train_time = 14.461978
TRAIN Iter 157: loss = 0.003246,	Top-1 err = 47.320000,	Top-5 err = 31.050000,	train_time = 15.284073
TRAIN Iter 158: loss = 0.003198,	Top-1 err = 38.700000,	Top-5 err = 23.890000,	train_time = 14.902397
TRAIN Iter 159: loss = 0.003192,	Top-1 err = 35.910000,	Top-5 err = 21.180000,	train_time = 14.867038
TRAIN Iter 160: loss = 0.003179,	Top-1 err = 35.380000,	Top-5 err = 20.580000,	train_time = 15.403484
TRAIN Iter 161: loss = 0.003190,	Top-1 err = 40.180000,	Top-5 err = 24.300000,	train_time = 14.508992
TRAIN Iter 162: loss = 0.003141,	Top-1 err = 33.680000,	Top-5 err = 21.200000,	train_time = 15.606529
TRAIN Iter 163: loss = 0.003169,	Top-1 err = 38.250000,	Top-5 err = 24.290000,	train_time = 14.307386
TRAIN Iter 164: loss = 0.003148,	Top-1 err = 34.630000,	Top-5 err = 20.580000,	train_time = 15.747779
TRAIN Iter 165: loss = 0.003166,	Top-1 err = 40.170000,	Top-5 err = 26.700000,	train_time = 14.343588
TRAIN Iter 166: loss = 0.003195,	Top-1 err = 36.190000,	Top-5 err = 22.050000,	train_time = 15.007973
TRAIN Iter 167: loss = 0.003187,	Top-1 err = 37.280000,	Top-5 err = 23.140000,	train_time = 14.353867
TRAIN Iter 168: loss = 0.003125,	Top-1 err = 32.530000,	Top-5 err = 21.240000,	train_time = 14.485096
TRAIN Iter 169: loss = 0.003098,	Top-1 err = 36.530000,	Top-5 err = 21.980000,	train_time = 15.107182
TRAIN Iter 170: loss = 0.003159,	Top-1 err = 34.140000,	Top-5 err = 19.890000,	train_time = 14.639999
TRAIN Iter 171: loss = 0.003082,	Top-1 err = 37.850000,	Top-5 err = 24.980000,	train_time = 15.053616
TRAIN Iter 172: loss = 0.003118,	Top-1 err = 36.340000,	Top-5 err = 22.510000,	train_time = 14.532606
TRAIN Iter 173: loss = 0.003113,	Top-1 err = 40.770000,	Top-5 err = 25.230000,	train_time = 15.645574
TRAIN Iter 174: loss = 0.003103,	Top-1 err = 36.630000,	Top-5 err = 21.700000,	train_time = 14.884645
TRAIN Iter 175: loss = 0.003142,	Top-1 err = 45.280000,	Top-5 err = 30.050000,	train_time = 14.289831
TRAIN Iter 176: loss = 0.003128,	Top-1 err = 42.590000,	Top-5 err = 27.560000,	train_time = 14.533811
TRAIN Iter 177: loss = 0.003117,	Top-1 err = 39.310000,	Top-5 err = 24.620000,	train_time = 15.330787
TRAIN Iter 178: loss = 0.003078,	Top-1 err = 39.100000,	Top-5 err = 23.800000,	train_time = 14.409398
TRAIN Iter 179: loss = 0.003027,	Top-1 err = 35.400000,	Top-5 err = 21.390000,	train_time = 15.744635
TRAIN Iter 180: loss = 0.003090,	Top-1 err = 33.770000,	Top-5 err = 18.510000,	train_time = 14.866117
TRAIN Iter 181: loss = 0.003042,	Top-1 err = 32.370000,	Top-5 err = 18.500000,	train_time = 15.443030
TRAIN Iter 182: loss = 0.003034,	Top-1 err = 36.120000,	Top-5 err = 21.980000,	train_time = 14.403434
TRAIN Iter 183: loss = 0.003029,	Top-1 err = 35.210000,	Top-5 err = 22.210000,	train_time = 15.447211
TRAIN Iter 184: loss = 0.003062,	Top-1 err = 40.350000,	Top-5 err = 25.030000,	train_time = 14.413471
TRAIN Iter 185: loss = 0.003012,	Top-1 err = 32.970000,	Top-5 err = 18.690000,	train_time = 15.617722
TRAIN Iter 186: loss = 0.003029,	Top-1 err = 35.790000,	Top-5 err = 21.170000,	train_time = 14.268492
TRAIN Iter 187: loss = 0.003028,	Top-1 err = 36.830000,	Top-5 err = 22.720000,	train_time = 15.629476
TRAIN Iter 188: loss = 0.003065,	Top-1 err = 38.270000,	Top-5 err = 23.330000,	train_time = 14.213480
TRAIN Iter 189: loss = 0.003018,	Top-1 err = 36.470000,	Top-5 err = 23.330000,	train_time = 15.491882
TRAIN Iter 190: loss = 0.003038,	Top-1 err = 40.420000,	Top-5 err = 24.920000,	train_time = 14.339050
TRAIN Iter 191: loss = 0.003005,	Top-1 err = 33.990000,	Top-5 err = 19.120000,	train_time = 14.556576
TRAIN Iter 192: loss = 0.003032,	Top-1 err = 39.650000,	Top-5 err = 24.590000,	train_time = 15.847930
TRAIN Iter 193: loss = 0.002972,	Top-1 err = 40.870000,	Top-5 err = 26.580000,	train_time = 14.561707
TRAIN Iter 194: loss = 0.003037,	Top-1 err = 43.120000,	Top-5 err = 27.860000,	train_time = 14.560185
TRAIN Iter 195: loss = 0.003002,	Top-1 err = 36.900000,	Top-5 err = 21.670000,	train_time = 15.461924
TRAIN Iter 196: loss = 0.003005,	Top-1 err = 38.320000,	Top-5 err = 24.550000,	train_time = 14.686950
TRAIN Iter 197: loss = 0.002985,	Top-1 err = 39.160000,	Top-5 err = 24.400000,	train_time = 14.834399
TRAIN Iter 198: loss = 0.002977,	Top-1 err = 39.200000,	Top-5 err = 26.230000,	train_time = 14.802474
TRAIN Iter 199: loss = 0.003019,	Top-1 err = 34.050000,	Top-5 err = 19.830000,	train_time = 14.541972
TRAIN Iter 200: loss = 0.002974,	Top-1 err = 45.810000,	Top-5 err = 30.870000,	train_time = 15.682144
TRAIN Iter 201: loss = 0.002948,	Top-1 err = 35.880000,	Top-5 err = 20.980000,	train_time = 14.833616
TRAIN Iter 202: loss = 0.002958,	Top-1 err = 36.380000,	Top-5 err = 21.000000,	train_time = 15.415390
TRAIN Iter 203: loss = 0.002981,	Top-1 err = 36.220000,	Top-5 err = 23.110000,	train_time = 14.220172
TRAIN Iter 204: loss = 0.002941,	Top-1 err = 31.550000,	Top-5 err = 19.390000,	train_time = 15.666503
TRAIN Iter 205: loss = 0.002983,	Top-1 err = 41.590000,	Top-5 err = 25.120000,	train_time = 14.561090
TRAIN Iter 206: loss = 0.002955,	Top-1 err = 35.750000,	Top-5 err = 20.130000,	train_time = 15.127932
TRAIN Iter 207: loss = 0.002911,	Top-1 err = 29.620000,	Top-5 err = 16.280000,	train_time = 14.614706
TRAIN Iter 208: loss = 0.002960,	Top-1 err = 37.410000,	Top-5 err = 23.450000,	train_time = 15.339919
TRAIN Iter 209: loss = 0.002895,	Top-1 err = 35.090000,	Top-5 err = 22.040000,	train_time = 14.286383
TRAIN Iter 210: loss = 0.002880,	Top-1 err = 32.300000,	Top-5 err = 20.070000,	train_time = 15.774836
TRAIN Iter 211: loss = 0.002941,	Top-1 err = 41.240000,	Top-5 err = 24.850000,	train_time = 14.493265
TRAIN Iter 212: loss = 0.002858,	Top-1 err = 39.380000,	Top-5 err = 25.870000,	train_time = 14.333307
TRAIN Iter 213: loss = 0.002905,	Top-1 err = 31.950000,	Top-5 err = 18.590000,	train_time = 14.993690
TRAIN Iter 214: loss = 0.002851,	Top-1 err = 29.530000,	Top-5 err = 16.790000,	train_time = 14.525305
TRAIN Iter 215: loss = 0.002894,	Top-1 err = 33.450000,	Top-5 err = 19.370000,	train_time = 14.714835
TRAIN Iter 216: loss = 0.002899,	Top-1 err = 38.760000,	Top-5 err = 23.340000,	train_time = 15.487769
TRAIN Iter 217: loss = 0.002943,	Top-1 err = 38.440000,	Top-5 err = 22.950000,	train_time = 15.010604
TRAIN Iter 218: loss = 0.002916,	Top-1 err = 37.350000,	Top-5 err = 23.120000,	train_time = 14.463685
TRAIN Iter 219: loss = 0.002836,	Top-1 err = 37.060000,	Top-5 err = 24.320000,	train_time = 15.745169
TRAIN Iter 220: loss = 0.002936,	Top-1 err = 40.870000,	Top-5 err = 24.970000,	train_time = 14.265653
TRAIN Iter 221: loss = 0.002911,	Top-1 err = 37.480000,	Top-5 err = 22.630000,	train_time = 15.668407
TRAIN Iter 222: loss = 0.002860,	Top-1 err = 41.420000,	Top-5 err = 26.780000,	train_time = 14.978361
TRAIN Iter 223: loss = 0.002859,	Top-1 err = 34.630000,	Top-5 err = 21.780000,	train_time = 14.873224
TRAIN Iter 224: loss = 0.002873,	Top-1 err = 40.770000,	Top-5 err = 24.730000,	train_time = 14.284357
TRAIN Iter 225: loss = 0.002858,	Top-1 err = 36.170000,	Top-5 err = 22.280000,	train_time = 15.549646
TRAIN Iter 226: loss = 0.002873,	Top-1 err = 38.570000,	Top-5 err = 24.380000,	train_time = 14.366321
TRAIN Iter 227: loss = 0.002878,	Top-1 err = 35.700000,	Top-5 err = 23.320000,	train_time = 15.736750
TRAIN Iter 228: loss = 0.002886,	Top-1 err = 40.710000,	Top-5 err = 26.000000,	train_time = 15.004146
TRAIN Iter 229: loss = 0.002859,	Top-1 err = 41.590000,	Top-5 err = 28.530000,	train_time = 15.133205
TRAIN Iter 230: loss = 0.002846,	Top-1 err = 35.050000,	Top-5 err = 20.120000,	train_time = 14.377652
TRAIN Iter 231: loss = 0.002835,	Top-1 err = 35.430000,	Top-5 err = 22.710000,	train_time = 15.661817
TRAIN Iter 232: loss = 0.002839,	Top-1 err = 39.400000,	Top-5 err = 25.000000,	train_time = 14.621997
TRAIN Iter 233: loss = 0.002846,	Top-1 err = 31.290000,	Top-5 err = 17.970000,	train_time = 14.453111
TRAIN Iter 234: loss = 0.002805,	Top-1 err = 36.390000,	Top-5 err = 22.990000,	train_time = 14.812765
TRAIN Iter 235: loss = 0.002804,	Top-1 err = 33.300000,	Top-5 err = 20.730000,	train_time = 14.465923
TRAIN Iter 236: loss = 0.002857,	Top-1 err = 38.380000,	Top-5 err = 24.560000,	train_time = 15.166246
TRAIN Iter 237: loss = 0.002831,	Top-1 err = 37.430000,	Top-5 err = 23.720000,	train_time = 14.688346
TRAIN Iter 238: loss = 0.002844,	Top-1 err = 39.490000,	Top-5 err = 24.630000,	train_time = 14.798465
TRAIN Iter 239: loss = 0.002829,	Top-1 err = 38.170000,	Top-5 err = 23.740000,	train_time = 14.648741
TRAIN Iter 240: loss = 0.002823,	Top-1 err = 38.800000,	Top-5 err = 23.070000,	train_time = 14.921118
TRAIN Iter 241: loss = 0.002788,	Top-1 err = 38.090000,	Top-5 err = 24.390000,	train_time = 15.852116
TRAIN Iter 242: loss = 0.002825,	Top-1 err = 40.190000,	Top-5 err = 24.970000,	train_time = 15.199528
TRAIN Iter 243: loss = 0.002797,	Top-1 err = 37.510000,	Top-5 err = 22.310000,	train_time = 14.544385
TRAIN Iter 244: loss = 0.002832,	Top-1 err = 31.910000,	Top-5 err = 17.670000,	train_time = 15.498101
TRAIN Iter 245: loss = 0.002800,	Top-1 err = 35.100000,	Top-5 err = 20.440000,	train_time = 14.191631
TRAIN Iter 246: loss = 0.002837,	Top-1 err = 40.820000,	Top-5 err = 25.280000,	train_time = 14.902646
TRAIN Iter 247: loss = 0.002778,	Top-1 err = 34.670000,	Top-5 err = 21.530000,	train_time = 15.400860
TRAIN Iter 248: loss = 0.002790,	Top-1 err = 38.380000,	Top-5 err = 22.760000,	train_time = 14.531803
TRAIN Iter 249: loss = 0.002787,	Top-1 err = 34.560000,	Top-5 err = 19.780000,	train_time = 14.536354
TEST:
Iter 249: loss = 1.874386,	Top-1 err = 42.230000,	Top-5 err = 19.320000,	val_time = 2.907907
TRAIN Iter 250: loss = 0.002788,	Top-1 err = 35.250000,	Top-5 err = 21.580000,	train_time = 14.806315
TRAIN Iter 251: loss = 0.002795,	Top-1 err = 37.700000,	Top-5 err = 24.860000,	train_time = 14.764503
TRAIN Iter 252: loss = 0.002742,	Top-1 err = 30.430000,	Top-5 err = 17.650000,	train_time = 15.669067
TRAIN Iter 253: loss = 0.002742,	Top-1 err = 38.790000,	Top-5 err = 25.560000,	train_time = 14.732890
TRAIN Iter 254: loss = 0.002820,	Top-1 err = 38.380000,	Top-5 err = 22.330000,	train_time = 14.773755
TRAIN Iter 255: loss = 0.002764,	Top-1 err = 39.130000,	Top-5 err = 24.320000,	train_time = 14.458346
TRAIN Iter 256: loss = 0.002752,	Top-1 err = 40.840000,	Top-5 err = 26.080000,	train_time = 14.587902
TRAIN Iter 257: loss = 0.002736,	Top-1 err = 35.170000,	Top-5 err = 21.120000,	train_time = 15.220896
TRAIN Iter 258: loss = 0.002694,	Top-1 err = 35.910000,	Top-5 err = 22.320000,	train_time = 14.423053
TRAIN Iter 259: loss = 0.002762,	Top-1 err = 37.950000,	Top-5 err = 23.330000,	train_time = 15.871143
TEST:
Iter 259: loss = 1.851460,	Top-1 err = 41.870000,	Top-5 err = 18.960000,	val_time = 2.974000
TRAIN Iter 260: loss = 0.002727,	Top-1 err = 38.420000,	Top-5 err = 23.350000,	train_time = 14.426082
TRAIN Iter 261: loss = 0.002763,	Top-1 err = 36.860000,	Top-5 err = 22.000000,	train_time = 14.425276
TRAIN Iter 262: loss = 0.002739,	Top-1 err = 41.560000,	Top-5 err = 27.480000,	train_time = 15.178901
TRAIN Iter 263: loss = 0.002709,	Top-1 err = 31.460000,	Top-5 err = 20.440000,	train_time = 14.855288
TRAIN Iter 264: loss = 0.002699,	Top-1 err = 36.530000,	Top-5 err = 22.550000,	train_time = 15.015869
TRAIN Iter 265: loss = 0.002734,	Top-1 err = 33.340000,	Top-5 err = 20.420000,	train_time = 14.456246
TRAIN Iter 266: loss = 0.002702,	Top-1 err = 41.610000,	Top-5 err = 29.080000,	train_time = 14.994785
TRAIN Iter 267: loss = 0.002792,	Top-1 err = 42.450000,	Top-5 err = 25.010000,	train_time = 14.600056
TRAIN Iter 268: loss = 0.002690,	Top-1 err = 38.650000,	Top-5 err = 24.700000,	train_time = 15.018652
TRAIN Iter 269: loss = 0.002734,	Top-1 err = 34.530000,	Top-5 err = 19.770000,	train_time = 15.051460
TEST:
Iter 269: loss = 1.844669,	Top-1 err = 41.900000,	Top-5 err = 18.900000,	val_time = 2.905231
TRAIN Iter 270: loss = 0.002726,	Top-1 err = 38.650000,	Top-5 err = 23.320000,	train_time = 14.811322
TRAIN Iter 271: loss = 0.002704,	Top-1 err = 39.500000,	Top-5 err = 24.900000,	train_time = 15.081756
TRAIN Iter 272: loss = 0.002691,	Top-1 err = 36.530000,	Top-5 err = 23.730000,	train_time = 14.625387
TRAIN Iter 273: loss = 0.002729,	Top-1 err = 37.760000,	Top-5 err = 22.240000,	train_time = 14.871798
TRAIN Iter 274: loss = 0.002708,	Top-1 err = 41.060000,	Top-5 err = 24.930000,	train_time = 14.718477
TRAIN Iter 275: loss = 0.002707,	Top-1 err = 41.070000,	Top-5 err = 25.920000,	train_time = 14.664034
TRAIN Iter 276: loss = 0.002694,	Top-1 err = 39.750000,	Top-5 err = 25.370000,	train_time = 15.643399
TRAIN Iter 277: loss = 0.002730,	Top-1 err = 36.270000,	Top-5 err = 21.680000,	train_time = 14.762148
TRAIN Iter 278: loss = 0.002672,	Top-1 err = 35.550000,	Top-5 err = 22.520000,	train_time = 14.817190
TRAIN Iter 279: loss = 0.002661,	Top-1 err = 35.460000,	Top-5 err = 22.410000,	train_time = 14.598979
TEST:
Iter 279: loss = 1.844200,	Top-1 err = 41.840000,	Top-5 err = 18.740000,	val_time = 3.004580
TRAIN Iter 280: loss = 0.002673,	Top-1 err = 36.990000,	Top-5 err = 23.830000,	train_time = 14.654691
TRAIN Iter 281: loss = 0.002663,	Top-1 err = 35.340000,	Top-5 err = 22.350000,	train_time = 14.466554
TRAIN Iter 282: loss = 0.002652,	Top-1 err = 31.780000,	Top-5 err = 18.360000,	train_time = 15.147140
TRAIN Iter 283: loss = 0.002705,	Top-1 err = 38.440000,	Top-5 err = 23.670000,	train_time = 14.423668
TRAIN Iter 284: loss = 0.002673,	Top-1 err = 41.490000,	Top-5 err = 26.110000,	train_time = 15.949491
TRAIN Iter 285: loss = 0.002679,	Top-1 err = 40.950000,	Top-5 err = 26.570000,	train_time = 14.280817
TRAIN Iter 286: loss = 0.002619,	Top-1 err = 32.280000,	Top-5 err = 20.150000,	train_time = 15.069917
TRAIN Iter 287: loss = 0.002637,	Top-1 err = 32.160000,	Top-5 err = 19.080000,	train_time = 14.689021
TRAIN Iter 288: loss = 0.002660,	Top-1 err = 43.930000,	Top-5 err = 28.990000,	train_time = 15.818765
TRAIN Iter 289: loss = 0.002661,	Top-1 err = 36.750000,	Top-5 err = 21.790000,	train_time = 14.951679
TEST:
Iter 289: loss = 1.820456,	Top-1 err = 41.550000,	Top-5 err = 18.830000,	val_time = 2.897087
TRAIN Iter 290: loss = 0.002701,	Top-1 err = 36.400000,	Top-5 err = 21.210000,	train_time = 14.448195
TRAIN Iter 291: loss = 0.002631,	Top-1 err = 38.200000,	Top-5 err = 23.790000,	train_time = 15.424718
TRAIN Iter 292: loss = 0.002676,	Top-1 err = 42.610000,	Top-5 err = 28.030000,	train_time = 14.859530
TRAIN Iter 293: loss = 0.002623,	Top-1 err = 33.530000,	Top-5 err = 19.120000,	train_time = 14.547934
TRAIN Iter 294: loss = 0.002617,	Top-1 err = 31.610000,	Top-5 err = 18.610000,	train_time = 15.346508
TRAIN Iter 295: loss = 0.002633,	Top-1 err = 34.720000,	Top-5 err = 21.770000,	train_time = 14.744874
TRAIN Iter 296: loss = 0.002657,	Top-1 err = 40.180000,	Top-5 err = 26.330000,	train_time = 15.740284
TRAIN Iter 297: loss = 0.002609,	Top-1 err = 37.210000,	Top-5 err = 23.510000,	train_time = 14.531596
TRAIN Iter 298: loss = 0.002638,	Top-1 err = 36.930000,	Top-5 err = 22.520000,	train_time = 15.598866
TRAIN Iter 299: loss = 0.002621,	Top-1 err = 41.260000,	Top-5 err = 26.800000,	train_time = 14.318751
TEST:
Iter 299: loss = 1.839071,	Top-1 err = 41.720000,	Top-5 err = 18.900000,	val_time = 2.860043
Train Finish! Best accuracy is 58.45@289
