/home/dvspanos/miniconda3/envs/rded/lib/python3.10/site-packages/torchvision/models/_utils.py:208: UserWarning: The parameter 'pretrained' is deprecated since 0.13 and may be removed in the future, please use 'weights' instead.
  warnings.warn(
/home/dvspanos/miniconda3/envs/rded/lib/python3.10/site-packages/torchvision/models/_utils.py:223: UserWarning: Arguments other than a weight enum or `None` for 'weights' are deprecated since 0.13 and may be removed in the future. The current behavior is equivalent to passing `weights=None`.
  warnings.warn(msg)
=> using pytorch pre-trained teacher model 'resnet18_modified'
process data from /home/dvspanos/nikos/ca2d/artifacts/sets/bench_tin_rn18_rded_ipc10
load data successfully
TRAIN Iter 0: loss = 0.020533,	Top-1 err = 99.350000,	Top-5 err = 95.900000,	train_time = 4.512256
TRAIN Iter 1: loss = 0.016716,	Top-1 err = 98.500000,	Top-5 err = 92.900000,	train_time = 2.824167
TRAIN Iter 2: loss = 0.019369,	Top-1 err = 97.700000,	Top-5 err = 89.850000,	train_time = 2.874680
TRAIN Iter 3: loss = 0.015955,	Top-1 err = 97.100000,	Top-5 err = 89.650000,	train_time = 2.907276
TRAIN Iter 4: loss = 0.017293,	Top-1 err = 96.550000,	Top-5 err = 88.300000,	train_time = 3.021330
TRAIN Iter 5: loss = 0.015707,	Top-1 err = 96.250000,	Top-5 err = 86.500000,	train_time = 2.873685
TRAIN Iter 6: loss = 0.016570,	Top-1 err = 95.550000,	Top-5 err = 85.400000,	train_time = 2.892293
TRAIN Iter 7: loss = 0.016400,	Top-1 err = 94.050000,	Top-5 err = 82.800000,	train_time = 2.888144
TRAIN Iter 8: loss = 0.015464,	Top-1 err = 93.900000,	Top-5 err = 81.250000,	train_time = 2.961353
TRAIN Iter 9: loss = 0.016035,	Top-1 err = 92.900000,	Top-5 err = 79.700000,	train_time = 2.975335
TRAIN Iter 10: loss = 0.014705,	Top-1 err = 94.450000,	Top-5 err = 80.600000,	train_time = 3.028738
TRAIN Iter 11: loss = 0.016622,	Top-1 err = 90.350000,	Top-5 err = 73.950000,	train_time = 2.923625
TRAIN Iter 12: loss = 0.016412,	Top-1 err = 90.750000,	Top-5 err = 75.000000,	train_time = 3.036652
TRAIN Iter 13: loss = 0.014155,	Top-1 err = 93.000000,	Top-5 err = 79.950000,	train_time = 2.985812
TRAIN Iter 14: loss = 0.015026,	Top-1 err = 90.400000,	Top-5 err = 73.900000,	train_time = 2.933706
TRAIN Iter 15: loss = 0.013195,	Top-1 err = 91.950000,	Top-5 err = 77.550000,	train_time = 2.960116
TRAIN Iter 16: loss = 0.013130,	Top-1 err = 89.900000,	Top-5 err = 72.000000,	train_time = 2.961463
TRAIN Iter 17: loss = 0.013478,	Top-1 err = 89.700000,	Top-5 err = 72.050000,	train_time = 3.048404
TRAIN Iter 18: loss = 0.014274,	Top-1 err = 88.550000,	Top-5 err = 69.700000,	train_time = 3.003799
TRAIN Iter 19: loss = 0.012818,	Top-1 err = 89.900000,	Top-5 err = 73.000000,	train_time = 2.989074
TRAIN Iter 20: loss = 0.014075,	Top-1 err = 88.400000,	Top-5 err = 68.900000,	train_time = 3.025406
TRAIN Iter 21: loss = 0.013408,	Top-1 err = 86.200000,	Top-5 err = 67.250000,	train_time = 3.105311
TRAIN Iter 22: loss = 0.012478,	Top-1 err = 87.000000,	Top-5 err = 66.350000,	train_time = 3.219530
TRAIN Iter 23: loss = 0.013586,	Top-1 err = 84.650000,	Top-5 err = 61.600000,	train_time = 2.962825
TRAIN Iter 24: loss = 0.012847,	Top-1 err = 83.800000,	Top-5 err = 61.550000,	train_time = 3.166681
TRAIN Iter 25: loss = 0.013262,	Top-1 err = 80.850000,	Top-5 err = 55.950000,	train_time = 3.063082
TRAIN Iter 26: loss = 0.013335,	Top-1 err = 81.850000,	Top-5 err = 59.450000,	train_time = 3.098204
TRAIN Iter 27: loss = 0.013276,	Top-1 err = 83.750000,	Top-5 err = 61.950000,	train_time = 3.159352
TRAIN Iter 28: loss = 0.011555,	Top-1 err = 81.900000,	Top-5 err = 59.450000,	train_time = 2.988983
TRAIN Iter 29: loss = 0.012448,	Top-1 err = 79.050000,	Top-5 err = 53.850000,	train_time = 3.002949
TRAIN Iter 30: loss = 0.011652,	Top-1 err = 78.350000,	Top-5 err = 54.450000,	train_time = 2.956443
TRAIN Iter 31: loss = 0.013206,	Top-1 err = 76.650000,	Top-5 err = 51.700000,	train_time = 2.973751
TRAIN Iter 32: loss = 0.012097,	Top-1 err = 75.300000,	Top-5 err = 48.800000,	train_time = 3.061191
TRAIN Iter 33: loss = 0.012608,	Top-1 err = 72.000000,	Top-5 err = 45.750000,	train_time = 3.034984
TRAIN Iter 34: loss = 0.012111,	Top-1 err = 74.000000,	Top-5 err = 48.750000,	train_time = 3.040364
TRAIN Iter 35: loss = 0.012291,	Top-1 err = 73.050000,	Top-5 err = 48.350000,	train_time = 3.187660
TRAIN Iter 36: loss = 0.010235,	Top-1 err = 76.600000,	Top-5 err = 54.050000,	train_time = 2.988925
TRAIN Iter 37: loss = 0.011789,	Top-1 err = 68.050000,	Top-5 err = 43.250000,	train_time = 3.416811
TRAIN Iter 38: loss = 0.010724,	Top-1 err = 68.900000,	Top-5 err = 41.750000,	train_time = 3.014641
TRAIN Iter 39: loss = 0.011150,	Top-1 err = 72.150000,	Top-5 err = 48.300000,	train_time = 3.014152
TRAIN Iter 40: loss = 0.010403,	Top-1 err = 76.600000,	Top-5 err = 55.550000,	train_time = 3.090812
TRAIN Iter 41: loss = 0.011331,	Top-1 err = 67.550000,	Top-5 err = 43.000000,	train_time = 2.958054
TRAIN Iter 42: loss = 0.009629,	Top-1 err = 76.500000,	Top-5 err = 53.050000,	train_time = 3.016117
TRAIN Iter 43: loss = 0.011174,	Top-1 err = 69.150000,	Top-5 err = 43.850000,	train_time = 3.222082
TRAIN Iter 44: loss = 0.009589,	Top-1 err = 70.600000,	Top-5 err = 45.750000,	train_time = 3.363066
TRAIN Iter 45: loss = 0.009930,	Top-1 err = 69.650000,	Top-5 err = 45.050000,	train_time = 2.982417
TRAIN Iter 46: loss = 0.010501,	Top-1 err = 63.200000,	Top-5 err = 37.600000,	train_time = 3.026371
TRAIN Iter 47: loss = 0.011138,	Top-1 err = 60.800000,	Top-5 err = 34.850000,	train_time = 3.026727
TRAIN Iter 48: loss = 0.009316,	Top-1 err = 70.750000,	Top-5 err = 46.750000,	train_time = 3.004222
TRAIN Iter 49: loss = 0.009512,	Top-1 err = 65.300000,	Top-5 err = 41.400000,	train_time = 2.983844
TRAIN Iter 50: loss = 0.010124,	Top-1 err = 60.300000,	Top-5 err = 34.500000,	train_time = 2.943335
TRAIN Iter 51: loss = 0.009501,	Top-1 err = 67.050000,	Top-5 err = 43.950000,	train_time = 3.130643
TRAIN Iter 52: loss = 0.009668,	Top-1 err = 59.800000,	Top-5 err = 35.550000,	train_time = 3.097813
TRAIN Iter 53: loss = 0.009689,	Top-1 err = 67.250000,	Top-5 err = 43.950000,	train_time = 3.132055
TRAIN Iter 54: loss = 0.009090,	Top-1 err = 65.700000,	Top-5 err = 44.250000,	train_time = 3.139762
TRAIN Iter 55: loss = 0.010266,	Top-1 err = 51.050000,	Top-5 err = 27.300000,	train_time = 2.941588
TRAIN Iter 56: loss = 0.009628,	Top-1 err = 64.900000,	Top-5 err = 44.550000,	train_time = 3.105636
TRAIN Iter 57: loss = 0.009038,	Top-1 err = 56.200000,	Top-5 err = 31.400000,	train_time = 3.024954
TRAIN Iter 58: loss = 0.009107,	Top-1 err = 51.050000,	Top-5 err = 26.800000,	train_time = 3.019072
TRAIN Iter 59: loss = 0.009613,	Top-1 err = 54.900000,	Top-5 err = 33.300000,	train_time = 2.984180
TRAIN Iter 60: loss = 0.008669,	Top-1 err = 53.950000,	Top-5 err = 31.700000,	train_time = 3.057141
TRAIN Iter 61: loss = 0.008577,	Top-1 err = 54.450000,	Top-5 err = 32.450000,	train_time = 3.108764
TRAIN Iter 62: loss = 0.008846,	Top-1 err = 49.850000,	Top-5 err = 28.000000,	train_time = 2.979283
TRAIN Iter 63: loss = 0.008877,	Top-1 err = 46.250000,	Top-5 err = 22.050000,	train_time = 2.956690
TRAIN Iter 64: loss = 0.008241,	Top-1 err = 57.450000,	Top-5 err = 34.550000,	train_time = 2.971196
TRAIN Iter 65: loss = 0.008537,	Top-1 err = 57.050000,	Top-5 err = 34.900000,	train_time = 3.022646
TRAIN Iter 66: loss = 0.008721,	Top-1 err = 55.800000,	Top-5 err = 35.100000,	train_time = 3.104144
TRAIN Iter 67: loss = 0.008686,	Top-1 err = 52.350000,	Top-5 err = 31.700000,	train_time = 3.055910
TRAIN Iter 68: loss = 0.008139,	Top-1 err = 56.600000,	Top-5 err = 36.200000,	train_time = 3.058577
TRAIN Iter 69: loss = 0.008610,	Top-1 err = 46.250000,	Top-5 err = 26.250000,	train_time = 2.967951
TRAIN Iter 70: loss = 0.008317,	Top-1 err = 45.950000,	Top-5 err = 23.950000,	train_time = 2.990847
TRAIN Iter 71: loss = 0.008263,	Top-1 err = 55.850000,	Top-5 err = 36.400000,	train_time = 2.981329
TRAIN Iter 72: loss = 0.008023,	Top-1 err = 48.750000,	Top-5 err = 27.450000,	train_time = 3.059028
TRAIN Iter 73: loss = 0.007944,	Top-1 err = 52.900000,	Top-5 err = 35.900000,	train_time = 3.026296
TRAIN Iter 74: loss = 0.007571,	Top-1 err = 46.000000,	Top-5 err = 23.700000,	train_time = 3.440705
TRAIN Iter 75: loss = 0.007734,	Top-1 err = 53.750000,	Top-5 err = 33.250000,	train_time = 3.013948
TRAIN Iter 76: loss = 0.007350,	Top-1 err = 47.400000,	Top-5 err = 25.050000,	train_time = 3.044657
TRAIN Iter 77: loss = 0.007890,	Top-1 err = 39.250000,	Top-5 err = 19.550000,	train_time = 3.024802
TRAIN Iter 78: loss = 0.007573,	Top-1 err = 39.000000,	Top-5 err = 20.550000,	train_time = 2.959109
TRAIN Iter 79: loss = 0.007758,	Top-1 err = 42.650000,	Top-5 err = 24.800000,	train_time = 2.970194
TRAIN Iter 80: loss = 0.007379,	Top-1 err = 55.800000,	Top-5 err = 35.100000,	train_time = 3.044886
TRAIN Iter 81: loss = 0.007336,	Top-1 err = 45.500000,	Top-5 err = 26.600000,	train_time = 3.115850
TRAIN Iter 82: loss = 0.007485,	Top-1 err = 37.700000,	Top-5 err = 19.250000,	train_time = 3.013171
TRAIN Iter 83: loss = 0.007327,	Top-1 err = 37.100000,	Top-5 err = 19.650000,	train_time = 3.190682
TRAIN Iter 84: loss = 0.007449,	Top-1 err = 42.550000,	Top-5 err = 24.900000,	train_time = 2.975108
TRAIN Iter 85: loss = 0.006897,	Top-1 err = 38.950000,	Top-5 err = 22.150000,	train_time = 3.040134
TRAIN Iter 86: loss = 0.006753,	Top-1 err = 46.000000,	Top-5 err = 27.550000,	train_time = 3.034934
TRAIN Iter 87: loss = 0.007226,	Top-1 err = 48.700000,	Top-5 err = 33.600000,	train_time = 3.025151
TRAIN Iter 88: loss = 0.006890,	Top-1 err = 38.900000,	Top-5 err = 21.450000,	train_time = 3.032548
TRAIN Iter 89: loss = 0.006843,	Top-1 err = 40.750000,	Top-5 err = 23.750000,	train_time = 2.966875
TRAIN Iter 90: loss = 0.007069,	Top-1 err = 51.650000,	Top-5 err = 35.050000,	train_time = 2.994901
TRAIN Iter 91: loss = 0.006875,	Top-1 err = 37.700000,	Top-5 err = 19.500000,	train_time = 3.445481
TRAIN Iter 92: loss = 0.006673,	Top-1 err = 44.700000,	Top-5 err = 26.650000,	train_time = 3.145677
TRAIN Iter 93: loss = 0.006886,	Top-1 err = 46.600000,	Top-5 err = 28.800000,	train_time = 3.016559
TRAIN Iter 94: loss = 0.006660,	Top-1 err = 39.950000,	Top-5 err = 24.650000,	train_time = 2.916819
TRAIN Iter 95: loss = 0.006515,	Top-1 err = 39.250000,	Top-5 err = 23.350000,	train_time = 3.161613
TRAIN Iter 96: loss = 0.006480,	Top-1 err = 33.250000,	Top-5 err = 16.050000,	train_time = 3.207265
TRAIN Iter 97: loss = 0.006414,	Top-1 err = 44.750000,	Top-5 err = 27.150000,	train_time = 2.975519
TRAIN Iter 98: loss = 0.006466,	Top-1 err = 33.950000,	Top-5 err = 16.600000,	train_time = 3.126997
TRAIN Iter 99: loss = 0.006067,	Top-1 err = 45.300000,	Top-5 err = 28.250000,	train_time = 2.992317
TRAIN Iter 100: loss = 0.006486,	Top-1 err = 55.600000,	Top-5 err = 39.100000,	train_time = 2.930444
TRAIN Iter 101: loss = 0.006301,	Top-1 err = 32.550000,	Top-5 err = 15.300000,	train_time = 2.974768
TRAIN Iter 102: loss = 0.006355,	Top-1 err = 43.800000,	Top-5 err = 25.050000,	train_time = 3.244192
TRAIN Iter 103: loss = 0.006303,	Top-1 err = 31.850000,	Top-5 err = 15.100000,	train_time = 3.240609
TRAIN Iter 104: loss = 0.006272,	Top-1 err = 53.400000,	Top-5 err = 39.850000,	train_time = 2.966789
TRAIN Iter 105: loss = 0.006394,	Top-1 err = 49.650000,	Top-5 err = 32.400000,	train_time = 2.909801
TRAIN Iter 106: loss = 0.006277,	Top-1 err = 51.400000,	Top-5 err = 34.750000,	train_time = 3.022138
TRAIN Iter 107: loss = 0.006255,	Top-1 err = 39.050000,	Top-5 err = 28.350000,	train_time = 2.972742
TRAIN Iter 108: loss = 0.005977,	Top-1 err = 38.550000,	Top-5 err = 23.350000,	train_time = 3.013964
TRAIN Iter 109: loss = 0.005928,	Top-1 err = 34.000000,	Top-5 err = 20.000000,	train_time = 2.967611
TRAIN Iter 110: loss = 0.006126,	Top-1 err = 28.100000,	Top-5 err = 15.500000,	train_time = 3.225587
TRAIN Iter 111: loss = 0.005898,	Top-1 err = 27.550000,	Top-5 err = 17.600000,	train_time = 3.069321
TRAIN Iter 112: loss = 0.005965,	Top-1 err = 38.300000,	Top-5 err = 22.300000,	train_time = 2.950477
TRAIN Iter 113: loss = 0.005705,	Top-1 err = 45.350000,	Top-5 err = 26.200000,	train_time = 2.988462
TRAIN Iter 114: loss = 0.006001,	Top-1 err = 36.500000,	Top-5 err = 21.800000,	train_time = 3.158981
TRAIN Iter 115: loss = 0.005781,	Top-1 err = 32.350000,	Top-5 err = 18.800000,	train_time = 3.194994
TRAIN Iter 116: loss = 0.005849,	Top-1 err = 43.050000,	Top-5 err = 21.050000,	train_time = 2.958428
TRAIN Iter 117: loss = 0.005920,	Top-1 err = 30.300000,	Top-5 err = 18.250000,	train_time = 2.999517
TRAIN Iter 118: loss = 0.005735,	Top-1 err = 39.300000,	Top-5 err = 20.250000,	train_time = 3.087359
TRAIN Iter 119: loss = 0.005658,	Top-1 err = 20.400000,	Top-5 err = 7.500000,	train_time = 3.158238
TRAIN Iter 120: loss = 0.005622,	Top-1 err = 44.300000,	Top-5 err = 29.900000,	train_time = 3.009051
TRAIN Iter 121: loss = 0.005722,	Top-1 err = 34.950000,	Top-5 err = 21.200000,	train_time = 3.067526
TRAIN Iter 122: loss = 0.005710,	Top-1 err = 37.450000,	Top-5 err = 19.600000,	train_time = 3.175727
TRAIN Iter 123: loss = 0.005492,	Top-1 err = 26.000000,	Top-5 err = 13.100000,	train_time = 2.958030
TRAIN Iter 124: loss = 0.005372,	Top-1 err = 39.550000,	Top-5 err = 24.500000,	train_time = 3.341339
TRAIN Iter 125: loss = 0.005476,	Top-1 err = 39.150000,	Top-5 err = 22.650000,	train_time = 3.073809
TRAIN Iter 126: loss = 0.005572,	Top-1 err = 35.200000,	Top-5 err = 17.900000,	train_time = 2.961890
TRAIN Iter 127: loss = 0.005363,	Top-1 err = 35.350000,	Top-5 err = 21.150000,	train_time = 2.960390
TRAIN Iter 128: loss = 0.005488,	Top-1 err = 35.550000,	Top-5 err = 20.500000,	train_time = 3.092479
TRAIN Iter 129: loss = 0.005352,	Top-1 err = 32.150000,	Top-5 err = 16.900000,	train_time = 3.114820
TRAIN Iter 130: loss = 0.005352,	Top-1 err = 45.450000,	Top-5 err = 32.450000,	train_time = 2.941926
TRAIN Iter 131: loss = 0.005362,	Top-1 err = 30.500000,	Top-5 err = 19.850000,	train_time = 3.017401
TRAIN Iter 132: loss = 0.005285,	Top-1 err = 27.550000,	Top-5 err = 12.000000,	train_time = 3.156500
TRAIN Iter 133: loss = 0.005300,	Top-1 err = 21.750000,	Top-5 err = 7.850000,	train_time = 3.292018
TRAIN Iter 134: loss = 0.005209,	Top-1 err = 35.550000,	Top-5 err = 18.850000,	train_time = 3.016510
TRAIN Iter 135: loss = 0.005284,	Top-1 err = 29.700000,	Top-5 err = 13.850000,	train_time = 2.993882
TRAIN Iter 136: loss = 0.005140,	Top-1 err = 37.100000,	Top-5 err = 19.150000,	train_time = 2.962364
TRAIN Iter 137: loss = 0.005033,	Top-1 err = 45.250000,	Top-5 err = 30.100000,	train_time = 2.953093
TRAIN Iter 138: loss = 0.005257,	Top-1 err = 37.300000,	Top-5 err = 19.600000,	train_time = 2.989159
TRAIN Iter 139: loss = 0.005185,	Top-1 err = 29.550000,	Top-5 err = 13.650000,	train_time = 2.987708
TRAIN Iter 140: loss = 0.005357,	Top-1 err = 22.150000,	Top-5 err = 11.200000,	train_time = 2.963886
TRAIN Iter 141: loss = 0.005125,	Top-1 err = 36.350000,	Top-5 err = 23.000000,	train_time = 3.285654
TRAIN Iter 142: loss = 0.005258,	Top-1 err = 36.100000,	Top-5 err = 20.200000,	train_time = 3.135818
TRAIN Iter 143: loss = 0.005136,	Top-1 err = 39.450000,	Top-5 err = 24.650000,	train_time = 2.959514
TRAIN Iter 144: loss = 0.005023,	Top-1 err = 27.000000,	Top-5 err = 16.500000,	train_time = 3.052564
TRAIN Iter 145: loss = 0.004978,	Top-1 err = 17.600000,	Top-5 err = 7.850000,	train_time = 3.098879
TRAIN Iter 146: loss = 0.005032,	Top-1 err = 25.200000,	Top-5 err = 13.250000,	train_time = 2.963624
TRAIN Iter 147: loss = 0.004900,	Top-1 err = 27.500000,	Top-5 err = 12.550000,	train_time = 2.980499
TRAIN Iter 148: loss = 0.004985,	Top-1 err = 25.050000,	Top-5 err = 11.950000,	train_time = 3.080272
TRAIN Iter 149: loss = 0.004923,	Top-1 err = 22.650000,	Top-5 err = 12.050000,	train_time = 3.042591
TRAIN Iter 150: loss = 0.004963,	Top-1 err = 29.800000,	Top-5 err = 16.400000,	train_time = 3.236698
TRAIN Iter 151: loss = 0.004993,	Top-1 err = 29.450000,	Top-5 err = 14.800000,	train_time = 3.078474
TRAIN Iter 152: loss = 0.005009,	Top-1 err = 40.000000,	Top-5 err = 25.600000,	train_time = 3.068337
TRAIN Iter 153: loss = 0.004990,	Top-1 err = 42.300000,	Top-5 err = 26.250000,	train_time = 3.068987
TRAIN Iter 154: loss = 0.004850,	Top-1 err = 43.800000,	Top-5 err = 25.200000,	train_time = 2.957683
TRAIN Iter 155: loss = 0.005028,	Top-1 err = 37.350000,	Top-5 err = 25.200000,	train_time = 3.009827
TRAIN Iter 156: loss = 0.004866,	Top-1 err = 24.550000,	Top-5 err = 13.550000,	train_time = 2.952373
TRAIN Iter 157: loss = 0.004805,	Top-1 err = 21.350000,	Top-5 err = 9.800000,	train_time = 2.924089
TRAIN Iter 158: loss = 0.004753,	Top-1 err = 30.550000,	Top-5 err = 18.000000,	train_time = 3.002356
TRAIN Iter 159: loss = 0.004766,	Top-1 err = 30.900000,	Top-5 err = 14.950000,	train_time = 2.979191
TRAIN Iter 160: loss = 0.004712,	Top-1 err = 22.250000,	Top-5 err = 10.200000,	train_time = 3.095739
TRAIN Iter 161: loss = 0.004861,	Top-1 err = 40.350000,	Top-5 err = 22.250000,	train_time = 2.999231
TRAIN Iter 162: loss = 0.004764,	Top-1 err = 27.950000,	Top-5 err = 14.500000,	train_time = 3.028380
TRAIN Iter 163: loss = 0.004720,	Top-1 err = 30.500000,	Top-5 err = 19.750000,	train_time = 2.999312
TRAIN Iter 164: loss = 0.004683,	Top-1 err = 17.350000,	Top-5 err = 5.350000,	train_time = 2.998515
TRAIN Iter 165: loss = 0.004709,	Top-1 err = 25.200000,	Top-5 err = 13.600000,	train_time = 3.050342
TRAIN Iter 166: loss = 0.004907,	Top-1 err = 42.250000,	Top-5 err = 26.300000,	train_time = 2.969162
TRAIN Iter 167: loss = 0.004681,	Top-1 err = 32.100000,	Top-5 err = 17.500000,	train_time = 3.163725
TRAIN Iter 168: loss = 0.004710,	Top-1 err = 42.550000,	Top-5 err = 31.250000,	train_time = 3.003509
TRAIN Iter 169: loss = 0.004831,	Top-1 err = 50.100000,	Top-5 err = 29.900000,	train_time = 3.276142
TRAIN Iter 170: loss = 0.004660,	Top-1 err = 36.400000,	Top-5 err = 21.300000,	train_time = 3.180667
TRAIN Iter 171: loss = 0.004607,	Top-1 err = 41.950000,	Top-5 err = 25.050000,	train_time = 2.959777
TRAIN Iter 172: loss = 0.004555,	Top-1 err = 39.800000,	Top-5 err = 27.100000,	train_time = 3.007529
TRAIN Iter 173: loss = 0.004553,	Top-1 err = 36.350000,	Top-5 err = 23.000000,	train_time = 2.970424
TRAIN Iter 174: loss = 0.004716,	Top-1 err = 49.350000,	Top-5 err = 26.600000,	train_time = 2.958501
TRAIN Iter 175: loss = 0.004575,	Top-1 err = 33.850000,	Top-5 err = 20.850000,	train_time = 3.181571
TRAIN Iter 176: loss = 0.004609,	Top-1 err = 28.800000,	Top-5 err = 11.600000,	train_time = 3.135410
TRAIN Iter 177: loss = 0.004500,	Top-1 err = 23.750000,	Top-5 err = 10.750000,	train_time = 2.961876
TRAIN Iter 178: loss = 0.004438,	Top-1 err = 35.800000,	Top-5 err = 23.450000,	train_time = 3.215187
TRAIN Iter 179: loss = 0.004606,	Top-1 err = 32.900000,	Top-5 err = 19.350000,	train_time = 3.082656
TRAIN Iter 180: loss = 0.004606,	Top-1 err = 34.200000,	Top-5 err = 18.900000,	train_time = 3.085900
TRAIN Iter 181: loss = 0.004489,	Top-1 err = 22.750000,	Top-5 err = 13.150000,	train_time = 3.067569
TRAIN Iter 182: loss = 0.004272,	Top-1 err = 25.550000,	Top-5 err = 20.100000,	train_time = 2.962502
TRAIN Iter 183: loss = 0.004538,	Top-1 err = 20.050000,	Top-5 err = 10.450000,	train_time = 2.953071
TRAIN Iter 184: loss = 0.004537,	Top-1 err = 37.000000,	Top-5 err = 18.850000,	train_time = 3.169644
TRAIN Iter 185: loss = 0.004591,	Top-1 err = 23.150000,	Top-5 err = 12.150000,	train_time = 3.005602
TRAIN Iter 186: loss = 0.004566,	Top-1 err = 41.650000,	Top-5 err = 21.750000,	train_time = 3.372036
TRAIN Iter 187: loss = 0.004397,	Top-1 err = 24.700000,	Top-5 err = 15.000000,	train_time = 2.996754
TRAIN Iter 188: loss = 0.004448,	Top-1 err = 27.900000,	Top-5 err = 14.450000,	train_time = 2.925449
TRAIN Iter 189: loss = 0.004579,	Top-1 err = 35.450000,	Top-5 err = 18.700000,	train_time = 3.006427
TRAIN Iter 190: loss = 0.004251,	Top-1 err = 34.050000,	Top-5 err = 20.650000,	train_time = 2.993063
TRAIN Iter 191: loss = 0.004434,	Top-1 err = 40.050000,	Top-5 err = 23.700000,	train_time = 3.012932
TRAIN Iter 192: loss = 0.004494,	Top-1 err = 42.500000,	Top-5 err = 26.000000,	train_time = 3.059259
TRAIN Iter 193: loss = 0.004366,	Top-1 err = 39.350000,	Top-5 err = 27.900000,	train_time = 3.038262
TRAIN Iter 194: loss = 0.004418,	Top-1 err = 34.450000,	Top-5 err = 19.050000,	train_time = 3.286346
TRAIN Iter 195: loss = 0.004310,	Top-1 err = 43.600000,	Top-5 err = 28.150000,	train_time = 3.052432
TRAIN Iter 196: loss = 0.004330,	Top-1 err = 23.950000,	Top-5 err = 12.250000,	train_time = 2.963874
TRAIN Iter 197: loss = 0.004418,	Top-1 err = 35.400000,	Top-5 err = 22.500000,	train_time = 2.956651
TRAIN Iter 198: loss = 0.004395,	Top-1 err = 29.850000,	Top-5 err = 14.450000,	train_time = 3.349928
TRAIN Iter 199: loss = 0.004207,	Top-1 err = 21.800000,	Top-5 err = 15.350000,	train_time = 3.117593
TRAIN Iter 200: loss = 0.004358,	Top-1 err = 17.750000,	Top-5 err = 6.850000,	train_time = 2.987168
TRAIN Iter 201: loss = 0.004304,	Top-1 err = 24.650000,	Top-5 err = 10.600000,	train_time = 2.913786
TRAIN Iter 202: loss = 0.004286,	Top-1 err = 35.100000,	Top-5 err = 19.300000,	train_time = 2.958841
TRAIN Iter 203: loss = 0.004278,	Top-1 err = 45.400000,	Top-5 err = 29.800000,	train_time = 2.999725
TRAIN Iter 204: loss = 0.004344,	Top-1 err = 31.750000,	Top-5 err = 17.000000,	train_time = 3.079438
TRAIN Iter 205: loss = 0.004398,	Top-1 err = 39.150000,	Top-5 err = 21.600000,	train_time = 2.964815
TRAIN Iter 206: loss = 0.004273,	Top-1 err = 39.550000,	Top-5 err = 25.800000,	train_time = 3.379622
TRAIN Iter 207: loss = 0.004225,	Top-1 err = 42.600000,	Top-5 err = 23.100000,	train_time = 3.021858
TRAIN Iter 208: loss = 0.004239,	Top-1 err = 38.000000,	Top-5 err = 23.450000,	train_time = 3.048979
TRAIN Iter 209: loss = 0.004286,	Top-1 err = 25.400000,	Top-5 err = 13.350000,	train_time = 2.974250
TRAIN Iter 210: loss = 0.004172,	Top-1 err = 22.850000,	Top-5 err = 12.750000,	train_time = 3.068717
TRAIN Iter 211: loss = 0.003944,	Top-1 err = 16.400000,	Top-5 err = 9.200000,	train_time = 3.052757
TRAIN Iter 212: loss = 0.004030,	Top-1 err = 32.850000,	Top-5 err = 21.700000,	train_time = 3.050794
TRAIN Iter 213: loss = 0.003960,	Top-1 err = 27.200000,	Top-5 err = 16.500000,	train_time = 2.981016
TRAIN Iter 214: loss = 0.004248,	Top-1 err = 20.700000,	Top-5 err = 9.700000,	train_time = 3.070867
TRAIN Iter 215: loss = 0.004180,	Top-1 err = 38.100000,	Top-5 err = 22.800000,	train_time = 3.127232
TRAIN Iter 216: loss = 0.004077,	Top-1 err = 34.800000,	Top-5 err = 23.200000,	train_time = 3.009701
TRAIN Iter 217: loss = 0.004138,	Top-1 err = 42.300000,	Top-5 err = 26.650000,	train_time = 3.140106
TRAIN Iter 218: loss = 0.004148,	Top-1 err = 24.900000,	Top-5 err = 15.700000,	train_time = 3.131946
TRAIN Iter 219: loss = 0.004099,	Top-1 err = 34.850000,	Top-5 err = 21.950000,	train_time = 3.028265
TRAIN Iter 220: loss = 0.004143,	Top-1 err = 34.300000,	Top-5 err = 19.400000,	train_time = 3.051600
TRAIN Iter 221: loss = 0.004165,	Top-1 err = 38.750000,	Top-5 err = 23.550000,	train_time = 2.961554
TRAIN Iter 222: loss = 0.004213,	Top-1 err = 31.000000,	Top-5 err = 21.000000,	train_time = 2.924913
TRAIN Iter 223: loss = 0.004189,	Top-1 err = 36.650000,	Top-5 err = 22.450000,	train_time = 3.053510
TRAIN Iter 224: loss = 0.004081,	Top-1 err = 16.850000,	Top-5 err = 7.550000,	train_time = 3.003927
TRAIN Iter 225: loss = 0.004109,	Top-1 err = 35.700000,	Top-5 err = 19.150000,	train_time = 2.963024
TRAIN Iter 226: loss = 0.004053,	Top-1 err = 30.350000,	Top-5 err = 20.650000,	train_time = 3.208744
TRAIN Iter 227: loss = 0.004157,	Top-1 err = 43.600000,	Top-5 err = 27.850000,	train_time = 3.199053
TRAIN Iter 228: loss = 0.004139,	Top-1 err = 31.950000,	Top-5 err = 18.450000,	train_time = 2.978669
TRAIN Iter 229: loss = 0.004089,	Top-1 err = 45.350000,	Top-5 err = 26.450000,	train_time = 3.022845
TRAIN Iter 230: loss = 0.004065,	Top-1 err = 37.750000,	Top-5 err = 24.850000,	train_time = 2.934902
TRAIN Iter 231: loss = 0.004089,	Top-1 err = 25.900000,	Top-5 err = 12.400000,	train_time = 3.171589
TRAIN Iter 232: loss = 0.004027,	Top-1 err = 36.600000,	Top-5 err = 22.550000,	train_time = 3.361475
TRAIN Iter 233: loss = 0.004057,	Top-1 err = 33.250000,	Top-5 err = 22.550000,	train_time = 3.072480
TRAIN Iter 234: loss = 0.004137,	Top-1 err = 37.950000,	Top-5 err = 21.900000,	train_time = 2.993748
TRAIN Iter 235: loss = 0.004018,	Top-1 err = 37.800000,	Top-5 err = 21.950000,	train_time = 2.973359
TRAIN Iter 236: loss = 0.003905,	Top-1 err = 35.550000,	Top-5 err = 19.900000,	train_time = 2.962492
TRAIN Iter 237: loss = 0.004094,	Top-1 err = 25.350000,	Top-5 err = 14.100000,	train_time = 3.223449
TRAIN Iter 238: loss = 0.003917,	Top-1 err = 31.800000,	Top-5 err = 19.350000,	train_time = 2.990482
TRAIN Iter 239: loss = 0.003943,	Top-1 err = 43.200000,	Top-5 err = 26.500000,	train_time = 3.238194
TRAIN Iter 240: loss = 0.003866,	Top-1 err = 31.300000,	Top-5 err = 19.150000,	train_time = 3.184553
TRAIN Iter 241: loss = 0.003897,	Top-1 err = 26.050000,	Top-5 err = 13.400000,	train_time = 2.951084
TRAIN Iter 242: loss = 0.003799,	Top-1 err = 17.350000,	Top-5 err = 6.150000,	train_time = 3.184501
TRAIN Iter 243: loss = 0.003999,	Top-1 err = 29.000000,	Top-5 err = 19.250000,	train_time = 3.063239
TRAIN Iter 244: loss = 0.003853,	Top-1 err = 20.850000,	Top-5 err = 10.750000,	train_time = 2.971694
TRAIN Iter 245: loss = 0.003971,	Top-1 err = 45.700000,	Top-5 err = 30.950000,	train_time = 2.941416
TRAIN Iter 246: loss = 0.003998,	Top-1 err = 34.800000,	Top-5 err = 20.000000,	train_time = 2.919297
TRAIN Iter 247: loss = 0.003898,	Top-1 err = 31.450000,	Top-5 err = 17.550000,	train_time = 2.993528
TRAIN Iter 248: loss = 0.003924,	Top-1 err = 32.650000,	Top-5 err = 17.350000,	train_time = 3.096175
TRAIN Iter 249: loss = 0.003773,	Top-1 err = 15.050000,	Top-5 err = 8.150000,	train_time = 2.986571
TEST:
Iter 249: loss = 2.738582,	Top-1 err = 59.170000,	Top-5 err = 32.260000,	val_time = 2.840039
TRAIN Iter 250: loss = 0.004033,	Top-1 err = 29.450000,	Top-5 err = 14.750000,	train_time = 3.097060
TRAIN Iter 251: loss = 0.003918,	Top-1 err = 31.400000,	Top-5 err = 16.900000,	train_time = 2.976375
TRAIN Iter 252: loss = 0.004001,	Top-1 err = 33.800000,	Top-5 err = 18.800000,	train_time = 3.230593
TRAIN Iter 253: loss = 0.004076,	Top-1 err = 30.050000,	Top-5 err = 15.650000,	train_time = 3.191580
TRAIN Iter 254: loss = 0.003934,	Top-1 err = 36.900000,	Top-5 err = 21.750000,	train_time = 3.076699
TRAIN Iter 255: loss = 0.003838,	Top-1 err = 33.700000,	Top-5 err = 20.150000,	train_time = 2.972371
TRAIN Iter 256: loss = 0.003936,	Top-1 err = 41.650000,	Top-5 err = 22.850000,	train_time = 3.039898
TRAIN Iter 257: loss = 0.003792,	Top-1 err = 26.000000,	Top-5 err = 13.650000,	train_time = 2.977471
TRAIN Iter 258: loss = 0.003766,	Top-1 err = 16.700000,	Top-5 err = 7.550000,	train_time = 2.981544
TRAIN Iter 259: loss = 0.003898,	Top-1 err = 44.700000,	Top-5 err = 27.250000,	train_time = 2.982557
TEST:
Iter 259: loss = 2.681365,	Top-1 err = 57.830000,	Top-5 err = 31.400000,	val_time = 3.050789
TRAIN Iter 260: loss = 0.003735,	Top-1 err = 31.200000,	Top-5 err = 18.350000,	train_time = 3.058784
TRAIN Iter 261: loss = 0.003850,	Top-1 err = 39.100000,	Top-5 err = 24.150000,	train_time = 3.268539
TRAIN Iter 262: loss = 0.003827,	Top-1 err = 33.450000,	Top-5 err = 20.650000,	train_time = 3.192801
TRAIN Iter 263: loss = 0.003783,	Top-1 err = 33.000000,	Top-5 err = 18.550000,	train_time = 2.961896
TRAIN Iter 264: loss = 0.003777,	Top-1 err = 30.100000,	Top-5 err = 15.000000,	train_time = 3.057946
TRAIN Iter 265: loss = 0.003900,	Top-1 err = 36.450000,	Top-5 err = 22.150000,	train_time = 3.133079
TRAIN Iter 266: loss = 0.003798,	Top-1 err = 33.450000,	Top-5 err = 22.150000,	train_time = 2.999328
TRAIN Iter 267: loss = 0.003721,	Top-1 err = 42.250000,	Top-5 err = 25.150000,	train_time = 3.003516
TRAIN Iter 268: loss = 0.003845,	Top-1 err = 26.150000,	Top-5 err = 14.350000,	train_time = 3.098747
TRAIN Iter 269: loss = 0.003825,	Top-1 err = 38.600000,	Top-5 err = 22.250000,	train_time = 2.967991
TEST:
Iter 269: loss = 2.641299,	Top-1 err = 57.590000,	Top-5 err = 30.400000,	val_time = 2.881898
TRAIN Iter 270: loss = 0.003740,	Top-1 err = 30.350000,	Top-5 err = 16.250000,	train_time = 2.990258
TRAIN Iter 271: loss = 0.003713,	Top-1 err = 33.700000,	Top-5 err = 18.150000,	train_time = 3.073712
TRAIN Iter 272: loss = 0.003665,	Top-1 err = 23.150000,	Top-5 err = 13.600000,	train_time = 3.138794
TRAIN Iter 273: loss = 0.003819,	Top-1 err = 32.250000,	Top-5 err = 17.900000,	train_time = 3.016447
TRAIN Iter 274: loss = 0.003889,	Top-1 err = 49.700000,	Top-5 err = 30.100000,	train_time = 3.112785
TRAIN Iter 275: loss = 0.003630,	Top-1 err = 26.650000,	Top-5 err = 16.150000,	train_time = 3.085997
TRAIN Iter 276: loss = 0.003668,	Top-1 err = 21.850000,	Top-5 err = 8.950000,	train_time = 2.987011
TRAIN Iter 277: loss = 0.003696,	Top-1 err = 34.150000,	Top-5 err = 20.800000,	train_time = 3.216828
TRAIN Iter 278: loss = 0.003596,	Top-1 err = 20.400000,	Top-5 err = 8.800000,	train_time = 3.129931
TRAIN Iter 279: loss = 0.003641,	Top-1 err = 30.550000,	Top-5 err = 19.750000,	train_time = 3.129024
TEST:
Iter 279: loss = 2.632697,	Top-1 err = 57.260000,	Top-5 err = 30.330000,	val_time = 3.011143
TRAIN Iter 280: loss = 0.003658,	Top-1 err = 33.400000,	Top-5 err = 22.450000,	train_time = 3.135547
TRAIN Iter 281: loss = 0.003892,	Top-1 err = 50.350000,	Top-5 err = 30.000000,	train_time = 2.990646
TRAIN Iter 282: loss = 0.003668,	Top-1 err = 29.350000,	Top-5 err = 19.350000,	train_time = 3.097356
TRAIN Iter 283: loss = 0.003672,	Top-1 err = 31.800000,	Top-5 err = 17.150000,	train_time = 3.240368
TRAIN Iter 284: loss = 0.003440,	Top-1 err = 16.950000,	Top-5 err = 9.200000,	train_time = 3.001351
TRAIN Iter 285: loss = 0.003559,	Top-1 err = 29.800000,	Top-5 err = 19.950000,	train_time = 2.967264
TRAIN Iter 286: loss = 0.003637,	Top-1 err = 26.400000,	Top-5 err = 12.100000,	train_time = 3.019714
TRAIN Iter 287: loss = 0.003534,	Top-1 err = 18.950000,	Top-5 err = 9.900000,	train_time = 2.932266
TRAIN Iter 288: loss = 0.003419,	Top-1 err = 16.900000,	Top-5 err = 8.600000,	train_time = 2.936263
TRAIN Iter 289: loss = 0.003749,	Top-1 err = 40.100000,	Top-5 err = 23.650000,	train_time = 3.060982
TEST:
Iter 289: loss = 2.649842,	Top-1 err = 57.210000,	Top-5 err = 30.700000,	val_time = 2.911592
TRAIN Iter 290: loss = 0.003558,	Top-1 err = 23.600000,	Top-5 err = 12.850000,	train_time = 3.018401
TRAIN Iter 291: loss = 0.003355,	Top-1 err = 19.500000,	Top-5 err = 9.800000,	train_time = 3.037815
TRAIN Iter 292: loss = 0.003522,	Top-1 err = 31.250000,	Top-5 err = 18.100000,	train_time = 2.958025
TRAIN Iter 293: loss = 0.003386,	Top-1 err = 14.100000,	Top-5 err = 5.850000,	train_time = 2.983547
TRAIN Iter 294: loss = 0.003608,	Top-1 err = 33.750000,	Top-5 err = 18.950000,	train_time = 2.951318
TRAIN Iter 295: loss = 0.003670,	Top-1 err = 35.550000,	Top-5 err = 20.400000,	train_time = 3.092139
TRAIN Iter 296: loss = 0.003472,	Top-1 err = 21.100000,	Top-5 err = 12.200000,	train_time = 2.984767
TRAIN Iter 297: loss = 0.003576,	Top-1 err = 22.500000,	Top-5 err = 11.700000,	train_time = 3.011226
TRAIN Iter 298: loss = 0.003722,	Top-1 err = 35.500000,	Top-5 err = 20.900000,	train_time = 3.029373
TRAIN Iter 299: loss = 0.003603,	Top-1 err = 20.050000,	Top-5 err = 8.600000,	train_time = 3.134438
TEST:
Iter 299: loss = 2.612209,	Top-1 err = 57.060000,	Top-5 err = 30.030000,	val_time = 3.267008
Train Finish! Best accuracy is 42.94@299
