=> using pytorch pre-trained teacher model 'conv4'
process data from /home/dvspanos/nikos/ca2d/artifacts/rded_sets/tin_cadprune_ipc50
load data successfully
TRAIN Iter 0: loss = 0.014900,	Top-1 err = 97.940000,	Top-5 err = 92.220000,	train_time = 3.776332
TRAIN Iter 1: loss = 0.011292,	Top-1 err = 93.540000,	Top-5 err = 80.350000,	train_time = 2.959273
TRAIN Iter 2: loss = 0.009936,	Top-1 err = 90.930000,	Top-5 err = 73.790000,	train_time = 3.115750
TRAIN Iter 3: loss = 0.008782,	Top-1 err = 89.750000,	Top-5 err = 71.520000,	train_time = 3.081885
TRAIN Iter 4: loss = 0.008244,	Top-1 err = 86.440000,	Top-5 err = 66.400000,	train_time = 3.089239
TRAIN Iter 5: loss = 0.007672,	Top-1 err = 83.880000,	Top-5 err = 61.640000,	train_time = 3.470817
TRAIN Iter 6: loss = 0.007179,	Top-1 err = 80.280000,	Top-5 err = 56.670000,	train_time = 3.231750
TRAIN Iter 7: loss = 0.006768,	Top-1 err = 80.250000,	Top-5 err = 55.940000,	train_time = 3.368926
TRAIN Iter 8: loss = 0.006314,	Top-1 err = 81.650000,	Top-5 err = 58.140000,	train_time = 3.379743
TRAIN Iter 9: loss = 0.006059,	Top-1 err = 77.840000,	Top-5 err = 53.190000,	train_time = 3.451027
TRAIN Iter 10: loss = 0.005843,	Top-1 err = 77.970000,	Top-5 err = 53.520000,	train_time = 3.588786
TRAIN Iter 11: loss = 0.005826,	Top-1 err = 72.410000,	Top-5 err = 47.530000,	train_time = 3.615483
TRAIN Iter 12: loss = 0.005338,	Top-1 err = 73.060000,	Top-5 err = 47.510000,	train_time = 3.550648
TRAIN Iter 13: loss = 0.005330,	Top-1 err = 72.390000,	Top-5 err = 48.500000,	train_time = 3.632590
TRAIN Iter 14: loss = 0.005219,	Top-1 err = 70.820000,	Top-5 err = 46.810000,	train_time = 3.543221
TRAIN Iter 15: loss = 0.005039,	Top-1 err = 69.540000,	Top-5 err = 43.660000,	train_time = 3.542207
TRAIN Iter 16: loss = 0.004890,	Top-1 err = 69.080000,	Top-5 err = 44.410000,	train_time = 3.562393
TRAIN Iter 17: loss = 0.004753,	Top-1 err = 70.270000,	Top-5 err = 45.430000,	train_time = 3.593010
TRAIN Iter 18: loss = 0.004721,	Top-1 err = 68.750000,	Top-5 err = 45.620000,	train_time = 3.807206
TRAIN Iter 19: loss = 0.004558,	Top-1 err = 67.810000,	Top-5 err = 42.920000,	train_time = 3.663203
TRAIN Iter 20: loss = 0.004479,	Top-1 err = 69.930000,	Top-5 err = 45.790000,	train_time = 3.644693
TRAIN Iter 21: loss = 0.004515,	Top-1 err = 69.830000,	Top-5 err = 46.550000,	train_time = 3.662499
TRAIN Iter 22: loss = 0.004412,	Top-1 err = 64.530000,	Top-5 err = 40.950000,	train_time = 3.744002
TRAIN Iter 23: loss = 0.004276,	Top-1 err = 64.500000,	Top-5 err = 39.770000,	train_time = 3.630561
TRAIN Iter 24: loss = 0.004222,	Top-1 err = 67.270000,	Top-5 err = 43.210000,	train_time = 3.807599
TRAIN Iter 25: loss = 0.004114,	Top-1 err = 66.200000,	Top-5 err = 41.360000,	train_time = 3.630865
TRAIN Iter 26: loss = 0.004043,	Top-1 err = 63.880000,	Top-5 err = 40.110000,	train_time = 3.733597
TRAIN Iter 27: loss = 0.003958,	Top-1 err = 67.060000,	Top-5 err = 42.880000,	train_time = 3.707556
TRAIN Iter 28: loss = 0.004042,	Top-1 err = 62.830000,	Top-5 err = 39.000000,	train_time = 3.638560
TRAIN Iter 29: loss = 0.003921,	Top-1 err = 60.280000,	Top-5 err = 34.320000,	train_time = 3.735368
TRAIN Iter 30: loss = 0.003952,	Top-1 err = 66.470000,	Top-5 err = 42.660000,	train_time = 3.693625
TRAIN Iter 31: loss = 0.003836,	Top-1 err = 61.120000,	Top-5 err = 36.660000,	train_time = 3.633035
TRAIN Iter 32: loss = 0.003832,	Top-1 err = 61.690000,	Top-5 err = 36.630000,	train_time = 3.753391
TRAIN Iter 33: loss = 0.003788,	Top-1 err = 65.960000,	Top-5 err = 43.820000,	train_time = 3.965678
TRAIN Iter 34: loss = 0.003676,	Top-1 err = 69.050000,	Top-5 err = 46.490000,	train_time = 3.724535
TRAIN Iter 35: loss = 0.003672,	Top-1 err = 62.190000,	Top-5 err = 38.810000,	train_time = 3.735704
TRAIN Iter 36: loss = 0.003655,	Top-1 err = 60.190000,	Top-5 err = 35.980000,	train_time = 3.747867
TRAIN Iter 37: loss = 0.003648,	Top-1 err = 62.250000,	Top-5 err = 38.060000,	train_time = 3.811615
TRAIN Iter 38: loss = 0.003581,	Top-1 err = 65.480000,	Top-5 err = 42.580000,	train_time = 3.704818
TRAIN Iter 39: loss = 0.003538,	Top-1 err = 61.970000,	Top-5 err = 38.460000,	train_time = 3.789061
TRAIN Iter 40: loss = 0.003554,	Top-1 err = 63.530000,	Top-5 err = 39.060000,	train_time = 3.876368
TRAIN Iter 41: loss = 0.003503,	Top-1 err = 64.830000,	Top-5 err = 42.320000,	train_time = 3.711323
TRAIN Iter 42: loss = 0.003550,	Top-1 err = 55.390000,	Top-5 err = 31.920000,	train_time = 3.688781
TRAIN Iter 43: loss = 0.003449,	Top-1 err = 63.160000,	Top-5 err = 41.090000,	train_time = 3.704979
TRAIN Iter 44: loss = 0.003385,	Top-1 err = 61.180000,	Top-5 err = 37.430000,	train_time = 3.702191
TRAIN Iter 45: loss = 0.003401,	Top-1 err = 65.990000,	Top-5 err = 43.600000,	train_time = 3.785901
TRAIN Iter 46: loss = 0.003284,	Top-1 err = 63.180000,	Top-5 err = 39.730000,	train_time = 3.843414
TRAIN Iter 47: loss = 0.003291,	Top-1 err = 63.820000,	Top-5 err = 40.540000,	train_time = 3.782086
TRAIN Iter 48: loss = 0.003302,	Top-1 err = 57.630000,	Top-5 err = 33.350000,	train_time = 3.838522
TRAIN Iter 49: loss = 0.003298,	Top-1 err = 61.800000,	Top-5 err = 37.910000,	train_time = 3.790459
TRAIN Iter 50: loss = 0.003250,	Top-1 err = 64.090000,	Top-5 err = 40.650000,	train_time = 3.695238
TRAIN Iter 51: loss = 0.003168,	Top-1 err = 63.560000,	Top-5 err = 40.150000,	train_time = 3.807460
TRAIN Iter 52: loss = 0.003226,	Top-1 err = 63.200000,	Top-5 err = 39.530000,	train_time = 3.650192
TRAIN Iter 53: loss = 0.003243,	Top-1 err = 62.560000,	Top-5 err = 39.980000,	train_time = 3.852048
TRAIN Iter 54: loss = 0.003181,	Top-1 err = 62.700000,	Top-5 err = 39.560000,	train_time = 3.629791
TRAIN Iter 55: loss = 0.003140,	Top-1 err = 56.530000,	Top-5 err = 33.910000,	train_time = 3.682942
TRAIN Iter 56: loss = 0.003129,	Top-1 err = 60.970000,	Top-5 err = 38.270000,	train_time = 3.758048
TRAIN Iter 57: loss = 0.003114,	Top-1 err = 56.540000,	Top-5 err = 32.410000,	train_time = 3.809104
TRAIN Iter 58: loss = 0.003132,	Top-1 err = 54.390000,	Top-5 err = 30.910000,	train_time = 3.684041
TRAIN Iter 59: loss = 0.003062,	Top-1 err = 57.230000,	Top-5 err = 33.510000,	train_time = 3.833371
TRAIN Iter 60: loss = 0.003047,	Top-1 err = 61.440000,	Top-5 err = 38.420000,	train_time = 3.755275
TRAIN Iter 61: loss = 0.003050,	Top-1 err = 62.120000,	Top-5 err = 39.680000,	train_time = 3.692672
TRAIN Iter 62: loss = 0.003008,	Top-1 err = 60.730000,	Top-5 err = 37.740000,	train_time = 3.866167
TRAIN Iter 63: loss = 0.002986,	Top-1 err = 59.640000,	Top-5 err = 35.610000,	train_time = 3.767692
TRAIN Iter 64: loss = 0.003016,	Top-1 err = 61.120000,	Top-5 err = 38.560000,	train_time = 3.838544
TRAIN Iter 65: loss = 0.002912,	Top-1 err = 52.500000,	Top-5 err = 29.440000,	train_time = 3.609337
TRAIN Iter 66: loss = 0.002946,	Top-1 err = 59.530000,	Top-5 err = 37.410000,	train_time = 3.856734
TRAIN Iter 67: loss = 0.002872,	Top-1 err = 58.060000,	Top-5 err = 36.010000,	train_time = 3.853693
TRAIN Iter 68: loss = 0.002868,	Top-1 err = 62.990000,	Top-5 err = 40.020000,	train_time = 3.838531
TRAIN Iter 69: loss = 0.002870,	Top-1 err = 59.230000,	Top-5 err = 36.140000,	train_time = 3.860175
TRAIN Iter 70: loss = 0.002873,	Top-1 err = 63.850000,	Top-5 err = 41.630000,	train_time = 3.841318
TRAIN Iter 71: loss = 0.002908,	Top-1 err = 56.910000,	Top-5 err = 34.320000,	train_time = 3.800923
TRAIN Iter 72: loss = 0.002855,	Top-1 err = 62.580000,	Top-5 err = 42.250000,	train_time = 3.885539
TRAIN Iter 73: loss = 0.002860,	Top-1 err = 63.660000,	Top-5 err = 41.170000,	train_time = 3.775332
TRAIN Iter 74: loss = 0.002784,	Top-1 err = 65.770000,	Top-5 err = 42.850000,	train_time = 3.703667
TRAIN Iter 75: loss = 0.002794,	Top-1 err = 63.020000,	Top-5 err = 39.020000,	train_time = 3.778625
TRAIN Iter 76: loss = 0.002803,	Top-1 err = 55.640000,	Top-5 err = 32.270000,	train_time = 3.906619
TRAIN Iter 77: loss = 0.002880,	Top-1 err = 58.850000,	Top-5 err = 36.880000,	train_time = 3.924181
TRAIN Iter 78: loss = 0.002829,	Top-1 err = 61.550000,	Top-5 err = 40.000000,	train_time = 3.727206
TRAIN Iter 79: loss = 0.002763,	Top-1 err = 57.520000,	Top-5 err = 35.450000,	train_time = 3.772409
TRAIN Iter 80: loss = 0.002787,	Top-1 err = 60.230000,	Top-5 err = 38.910000,	train_time = 3.827232
TRAIN Iter 81: loss = 0.002686,	Top-1 err = 56.140000,	Top-5 err = 33.610000,	train_time = 3.871468
TRAIN Iter 82: loss = 0.002712,	Top-1 err = 58.920000,	Top-5 err = 36.700000,	train_time = 3.854668
TRAIN Iter 83: loss = 0.002661,	Top-1 err = 57.870000,	Top-5 err = 35.290000,	train_time = 3.854356
TRAIN Iter 84: loss = 0.002700,	Top-1 err = 57.080000,	Top-5 err = 34.250000,	train_time = 3.755822
TRAIN Iter 85: loss = 0.002654,	Top-1 err = 57.180000,	Top-5 err = 35.750000,	train_time = 3.853769
TRAIN Iter 86: loss = 0.002647,	Top-1 err = 61.610000,	Top-5 err = 38.950000,	train_time = 3.750660
TRAIN Iter 87: loss = 0.002635,	Top-1 err = 56.980000,	Top-5 err = 33.950000,	train_time = 3.684297
TRAIN Iter 88: loss = 0.002614,	Top-1 err = 58.590000,	Top-5 err = 35.100000,	train_time = 3.804308
TRAIN Iter 89: loss = 0.002640,	Top-1 err = 59.460000,	Top-5 err = 38.580000,	train_time = 3.798744
TRAIN Iter 90: loss = 0.002554,	Top-1 err = 58.290000,	Top-5 err = 34.670000,	train_time = 3.716765
TRAIN Iter 91: loss = 0.002552,	Top-1 err = 60.090000,	Top-5 err = 36.120000,	train_time = 3.613700
TRAIN Iter 92: loss = 0.002560,	Top-1 err = 59.490000,	Top-5 err = 36.260000,	train_time = 3.722980
TRAIN Iter 93: loss = 0.002605,	Top-1 err = 61.740000,	Top-5 err = 39.230000,	train_time = 4.022568
TRAIN Iter 94: loss = 0.002597,	Top-1 err = 60.380000,	Top-5 err = 38.850000,	train_time = 3.750690
TRAIN Iter 95: loss = 0.002515,	Top-1 err = 60.110000,	Top-5 err = 36.370000,	train_time = 3.816069
TRAIN Iter 96: loss = 0.002539,	Top-1 err = 59.060000,	Top-5 err = 36.650000,	train_time = 3.856727
TRAIN Iter 97: loss = 0.002488,	Top-1 err = 63.520000,	Top-5 err = 40.610000,	train_time = 3.865292
TRAIN Iter 98: loss = 0.002493,	Top-1 err = 57.510000,	Top-5 err = 34.470000,	train_time = 3.822387
TRAIN Iter 99: loss = 0.002464,	Top-1 err = 54.040000,	Top-5 err = 30.920000,	train_time = 3.866084
TRAIN Iter 100: loss = 0.002479,	Top-1 err = 59.450000,	Top-5 err = 36.210000,	train_time = 3.790773
TRAIN Iter 101: loss = 0.002441,	Top-1 err = 60.990000,	Top-5 err = 38.800000,	train_time = 3.783245
TRAIN Iter 102: loss = 0.002400,	Top-1 err = 55.340000,	Top-5 err = 34.580000,	train_time = 3.775014
TRAIN Iter 103: loss = 0.002390,	Top-1 err = 60.260000,	Top-5 err = 37.720000,	train_time = 3.796246
TRAIN Iter 104: loss = 0.002467,	Top-1 err = 59.130000,	Top-5 err = 36.990000,	train_time = 3.729261
TRAIN Iter 105: loss = 0.002413,	Top-1 err = 60.210000,	Top-5 err = 37.690000,	train_time = 3.721618
TRAIN Iter 106: loss = 0.002409,	Top-1 err = 56.970000,	Top-5 err = 34.280000,	train_time = 3.850748
TRAIN Iter 107: loss = 0.002379,	Top-1 err = 61.760000,	Top-5 err = 39.860000,	train_time = 3.826171
TRAIN Iter 108: loss = 0.002325,	Top-1 err = 55.380000,	Top-5 err = 32.550000,	train_time = 3.748692
TRAIN Iter 109: loss = 0.002427,	Top-1 err = 63.500000,	Top-5 err = 42.510000,	train_time = 3.832616
TRAIN Iter 110: loss = 0.002313,	Top-1 err = 58.970000,	Top-5 err = 36.540000,	train_time = 3.791824
TRAIN Iter 111: loss = 0.002336,	Top-1 err = 56.050000,	Top-5 err = 33.890000,	train_time = 3.691348
TRAIN Iter 112: loss = 0.002357,	Top-1 err = 64.120000,	Top-5 err = 43.050000,	train_time = 3.780523
TRAIN Iter 113: loss = 0.002325,	Top-1 err = 60.050000,	Top-5 err = 38.760000,	train_time = 3.738893
TRAIN Iter 114: loss = 0.002287,	Top-1 err = 58.970000,	Top-5 err = 36.930000,	train_time = 3.757024
TRAIN Iter 115: loss = 0.002345,	Top-1 err = 57.360000,	Top-5 err = 35.440000,	train_time = 3.845530
TRAIN Iter 116: loss = 0.002273,	Top-1 err = 58.330000,	Top-5 err = 34.810000,	train_time = 3.670904
TRAIN Iter 117: loss = 0.002290,	Top-1 err = 59.640000,	Top-5 err = 38.010000,	train_time = 3.880903
TRAIN Iter 118: loss = 0.002251,	Top-1 err = 62.320000,	Top-5 err = 40.810000,	train_time = 3.841556
TRAIN Iter 119: loss = 0.002277,	Top-1 err = 64.560000,	Top-5 err = 43.500000,	train_time = 3.869675
TRAIN Iter 120: loss = 0.002204,	Top-1 err = 60.270000,	Top-5 err = 37.460000,	train_time = 3.625062
TRAIN Iter 121: loss = 0.002244,	Top-1 err = 57.700000,	Top-5 err = 34.300000,	train_time = 3.692737
TRAIN Iter 122: loss = 0.002278,	Top-1 err = 58.660000,	Top-5 err = 36.530000,	train_time = 3.700341
TRAIN Iter 123: loss = 0.002209,	Top-1 err = 59.980000,	Top-5 err = 37.320000,	train_time = 3.621578
TRAIN Iter 124: loss = 0.002175,	Top-1 err = 61.600000,	Top-5 err = 39.130000,	train_time = 3.757073
TRAIN Iter 125: loss = 0.002192,	Top-1 err = 58.040000,	Top-5 err = 36.700000,	train_time = 3.840054
TRAIN Iter 126: loss = 0.002198,	Top-1 err = 56.740000,	Top-5 err = 35.330000,	train_time = 3.729425
TRAIN Iter 127: loss = 0.002186,	Top-1 err = 61.740000,	Top-5 err = 39.430000,	train_time = 3.907706
TRAIN Iter 128: loss = 0.002157,	Top-1 err = 56.500000,	Top-5 err = 34.260000,	train_time = 3.829481
TRAIN Iter 129: loss = 0.002127,	Top-1 err = 56.120000,	Top-5 err = 34.710000,	train_time = 3.750026
TRAIN Iter 130: loss = 0.002119,	Top-1 err = 53.330000,	Top-5 err = 30.980000,	train_time = 3.657524
TRAIN Iter 131: loss = 0.002120,	Top-1 err = 58.340000,	Top-5 err = 36.410000,	train_time = 3.897189
TRAIN Iter 132: loss = 0.002081,	Top-1 err = 60.260000,	Top-5 err = 39.390000,	train_time = 3.865260
TRAIN Iter 133: loss = 0.002136,	Top-1 err = 58.810000,	Top-5 err = 35.640000,	train_time = 3.822383
TRAIN Iter 134: loss = 0.002127,	Top-1 err = 61.250000,	Top-5 err = 39.200000,	train_time = 3.806339
TRAIN Iter 135: loss = 0.002049,	Top-1 err = 60.740000,	Top-5 err = 38.150000,	train_time = 3.690244
TRAIN Iter 136: loss = 0.002096,	Top-1 err = 60.920000,	Top-5 err = 39.280000,	train_time = 3.710750
TRAIN Iter 137: loss = 0.002052,	Top-1 err = 57.240000,	Top-5 err = 35.480000,	train_time = 3.711836
TRAIN Iter 138: loss = 0.002081,	Top-1 err = 55.190000,	Top-5 err = 33.310000,	train_time = 3.740984
TRAIN Iter 139: loss = 0.002033,	Top-1 err = 56.740000,	Top-5 err = 36.200000,	train_time = 3.746248
TRAIN Iter 140: loss = 0.002028,	Top-1 err = 60.310000,	Top-5 err = 38.710000,	train_time = 3.724551
TRAIN Iter 141: loss = 0.002017,	Top-1 err = 59.320000,	Top-5 err = 37.620000,	train_time = 3.694368
TRAIN Iter 142: loss = 0.002001,	Top-1 err = 60.240000,	Top-5 err = 38.380000,	train_time = 3.587570
TRAIN Iter 143: loss = 0.001980,	Top-1 err = 60.750000,	Top-5 err = 37.520000,	train_time = 3.793917
TRAIN Iter 144: loss = 0.001992,	Top-1 err = 58.310000,	Top-5 err = 35.460000,	train_time = 3.695303
TRAIN Iter 145: loss = 0.002012,	Top-1 err = 57.470000,	Top-5 err = 35.270000,	train_time = 3.794283
TRAIN Iter 146: loss = 0.001971,	Top-1 err = 58.670000,	Top-5 err = 36.990000,	train_time = 3.589824
TRAIN Iter 147: loss = 0.001984,	Top-1 err = 56.620000,	Top-5 err = 33.810000,	train_time = 3.656243
TRAIN Iter 148: loss = 0.001991,	Top-1 err = 59.450000,	Top-5 err = 36.980000,	train_time = 3.740115
TRAIN Iter 149: loss = 0.001933,	Top-1 err = 55.620000,	Top-5 err = 32.980000,	train_time = 3.915496
TRAIN Iter 150: loss = 0.001931,	Top-1 err = 55.040000,	Top-5 err = 32.520000,	train_time = 3.915200
TRAIN Iter 151: loss = 0.001910,	Top-1 err = 61.560000,	Top-5 err = 39.420000,	train_time = 3.669679
TRAIN Iter 152: loss = 0.001979,	Top-1 err = 59.750000,	Top-5 err = 38.660000,	train_time = 3.701604
TRAIN Iter 153: loss = 0.001901,	Top-1 err = 54.080000,	Top-5 err = 31.310000,	train_time = 3.861412
TRAIN Iter 154: loss = 0.001886,	Top-1 err = 58.790000,	Top-5 err = 36.710000,	train_time = 3.701350
TRAIN Iter 155: loss = 0.001863,	Top-1 err = 58.070000,	Top-5 err = 35.490000,	train_time = 3.671643
TRAIN Iter 156: loss = 0.001881,	Top-1 err = 58.240000,	Top-5 err = 35.620000,	train_time = 3.663421
TRAIN Iter 157: loss = 0.001888,	Top-1 err = 61.240000,	Top-5 err = 40.390000,	train_time = 3.794408
TRAIN Iter 158: loss = 0.001833,	Top-1 err = 55.350000,	Top-5 err = 31.840000,	train_time = 3.574707
TRAIN Iter 159: loss = 0.001829,	Top-1 err = 54.890000,	Top-5 err = 32.910000,	train_time = 3.836910
TRAIN Iter 160: loss = 0.001807,	Top-1 err = 59.600000,	Top-5 err = 37.560000,	train_time = 3.705992
TRAIN Iter 161: loss = 0.001869,	Top-1 err = 59.150000,	Top-5 err = 37.670000,	train_time = 3.746148
TRAIN Iter 162: loss = 0.001868,	Top-1 err = 59.550000,	Top-5 err = 38.130000,	train_time = 3.732152
TRAIN Iter 163: loss = 0.001836,	Top-1 err = 61.350000,	Top-5 err = 40.240000,	train_time = 3.648555
TRAIN Iter 164: loss = 0.001833,	Top-1 err = 63.570000,	Top-5 err = 41.670000,	train_time = 3.674511
TRAIN Iter 165: loss = 0.001785,	Top-1 err = 57.020000,	Top-5 err = 34.800000,	train_time = 3.701125
TRAIN Iter 166: loss = 0.001767,	Top-1 err = 54.580000,	Top-5 err = 31.010000,	train_time = 3.720644
TRAIN Iter 167: loss = 0.001792,	Top-1 err = 59.830000,	Top-5 err = 38.430000,	train_time = 3.648965
TRAIN Iter 168: loss = 0.001829,	Top-1 err = 60.650000,	Top-5 err = 39.980000,	train_time = 3.774391
TRAIN Iter 169: loss = 0.001805,	Top-1 err = 54.960000,	Top-5 err = 32.980000,	train_time = 3.806477
TRAIN Iter 170: loss = 0.001751,	Top-1 err = 52.720000,	Top-5 err = 30.420000,	train_time = 3.778551
TRAIN Iter 171: loss = 0.001735,	Top-1 err = 58.690000,	Top-5 err = 35.440000,	train_time = 3.795378
TRAIN Iter 172: loss = 0.001726,	Top-1 err = 58.500000,	Top-5 err = 36.640000,	train_time = 3.717389
TRAIN Iter 173: loss = 0.001710,	Top-1 err = 55.710000,	Top-5 err = 33.890000,	train_time = 3.728941
TRAIN Iter 174: loss = 0.001750,	Top-1 err = 61.260000,	Top-5 err = 40.440000,	train_time = 3.599415
TRAIN Iter 175: loss = 0.001742,	Top-1 err = 57.180000,	Top-5 err = 34.710000,	train_time = 3.904930
TRAIN Iter 176: loss = 0.001708,	Top-1 err = 61.830000,	Top-5 err = 40.250000,	train_time = 3.787189
TRAIN Iter 177: loss = 0.001704,	Top-1 err = 58.490000,	Top-5 err = 37.080000,	train_time = 3.729669
TRAIN Iter 178: loss = 0.001664,	Top-1 err = 57.550000,	Top-5 err = 35.270000,	train_time = 3.770006
TRAIN Iter 179: loss = 0.001679,	Top-1 err = 60.820000,	Top-5 err = 40.100000,	train_time = 3.784050
TRAIN Iter 180: loss = 0.001669,	Top-1 err = 58.260000,	Top-5 err = 36.510000,	train_time = 3.635856
TRAIN Iter 181: loss = 0.001669,	Top-1 err = 59.550000,	Top-5 err = 38.530000,	train_time = 3.773884
TRAIN Iter 182: loss = 0.001684,	Top-1 err = 51.880000,	Top-5 err = 31.110000,	train_time = 3.777448
TRAIN Iter 183: loss = 0.001677,	Top-1 err = 55.050000,	Top-5 err = 32.520000,	train_time = 3.844037
TRAIN Iter 184: loss = 0.001612,	Top-1 err = 61.770000,	Top-5 err = 39.390000,	train_time = 3.719375
TRAIN Iter 185: loss = 0.001618,	Top-1 err = 58.420000,	Top-5 err = 36.660000,	train_time = 3.718236
TRAIN Iter 186: loss = 0.001605,	Top-1 err = 60.100000,	Top-5 err = 38.110000,	train_time = 3.704245
TRAIN Iter 187: loss = 0.001608,	Top-1 err = 61.970000,	Top-5 err = 40.560000,	train_time = 3.617723
TRAIN Iter 188: loss = 0.001625,	Top-1 err = 54.930000,	Top-5 err = 32.160000,	train_time = 3.747563
TRAIN Iter 189: loss = 0.001639,	Top-1 err = 55.740000,	Top-5 err = 33.910000,	train_time = 3.739433
TRAIN Iter 190: loss = 0.001600,	Top-1 err = 59.140000,	Top-5 err = 38.710000,	train_time = 3.913504
TRAIN Iter 191: loss = 0.001578,	Top-1 err = 56.860000,	Top-5 err = 34.610000,	train_time = 3.894331
TRAIN Iter 192: loss = 0.001592,	Top-1 err = 61.250000,	Top-5 err = 39.660000,	train_time = 3.777222
TRAIN Iter 193: loss = 0.001580,	Top-1 err = 51.610000,	Top-5 err = 30.320000,	train_time = 3.821980
TRAIN Iter 194: loss = 0.001600,	Top-1 err = 58.210000,	Top-5 err = 37.570000,	train_time = 3.863601
TRAIN Iter 195: loss = 0.001624,	Top-1 err = 60.430000,	Top-5 err = 39.900000,	train_time = 3.732720
TRAIN Iter 196: loss = 0.001558,	Top-1 err = 57.930000,	Top-5 err = 36.130000,	train_time = 3.884398
TRAIN Iter 197: loss = 0.001525,	Top-1 err = 58.700000,	Top-5 err = 36.850000,	train_time = 3.764725
TRAIN Iter 198: loss = 0.001565,	Top-1 err = 58.680000,	Top-5 err = 36.450000,	train_time = 3.777697
TRAIN Iter 199: loss = 0.001601,	Top-1 err = 57.580000,	Top-5 err = 36.500000,	train_time = 3.740904
TRAIN Iter 200: loss = 0.001570,	Top-1 err = 55.570000,	Top-5 err = 33.160000,	train_time = 3.716465
TRAIN Iter 201: loss = 0.001544,	Top-1 err = 56.780000,	Top-5 err = 34.990000,	train_time = 3.947073
TRAIN Iter 202: loss = 0.001523,	Top-1 err = 59.010000,	Top-5 err = 36.670000,	train_time = 3.612710
TRAIN Iter 203: loss = 0.001482,	Top-1 err = 56.220000,	Top-5 err = 33.570000,	train_time = 3.819635
TRAIN Iter 204: loss = 0.001528,	Top-1 err = 56.150000,	Top-5 err = 35.000000,	train_time = 3.786131
TRAIN Iter 205: loss = 0.001497,	Top-1 err = 58.640000,	Top-5 err = 36.650000,	train_time = 3.656374
TRAIN Iter 206: loss = 0.001466,	Top-1 err = 57.270000,	Top-5 err = 36.310000,	train_time = 3.890812
TRAIN Iter 207: loss = 0.001494,	Top-1 err = 61.590000,	Top-5 err = 40.650000,	train_time = 3.743463
TRAIN Iter 208: loss = 0.001464,	Top-1 err = 52.470000,	Top-5 err = 31.410000,	train_time = 3.829098
TRAIN Iter 209: loss = 0.001444,	Top-1 err = 59.260000,	Top-5 err = 37.010000,	train_time = 3.836352
TRAIN Iter 210: loss = 0.001477,	Top-1 err = 56.670000,	Top-5 err = 35.190000,	train_time = 3.822718
TRAIN Iter 211: loss = 0.001442,	Top-1 err = 60.440000,	Top-5 err = 39.610000,	train_time = 3.631625
TRAIN Iter 212: loss = 0.001440,	Top-1 err = 60.080000,	Top-5 err = 38.110000,	train_time = 3.848148
TRAIN Iter 213: loss = 0.001430,	Top-1 err = 64.180000,	Top-5 err = 41.750000,	train_time = 3.864173
TRAIN Iter 214: loss = 0.001470,	Top-1 err = 51.420000,	Top-5 err = 28.050000,	train_time = 3.727550
TRAIN Iter 215: loss = 0.001430,	Top-1 err = 51.880000,	Top-5 err = 30.200000,	train_time = 3.784643
TRAIN Iter 216: loss = 0.001391,	Top-1 err = 55.030000,	Top-5 err = 32.230000,	train_time = 3.782741
TRAIN Iter 217: loss = 0.001382,	Top-1 err = 53.090000,	Top-5 err = 31.360000,	train_time = 3.802955
TRAIN Iter 218: loss = 0.001392,	Top-1 err = 59.150000,	Top-5 err = 35.980000,	train_time = 3.762579
TRAIN Iter 219: loss = 0.001373,	Top-1 err = 56.330000,	Top-5 err = 35.200000,	train_time = 3.852148
TRAIN Iter 220: loss = 0.001379,	Top-1 err = 54.820000,	Top-5 err = 33.900000,	train_time = 3.881823
TRAIN Iter 221: loss = 0.001405,	Top-1 err = 61.700000,	Top-5 err = 40.120000,	train_time = 3.611936
TRAIN Iter 222: loss = 0.001345,	Top-1 err = 53.510000,	Top-5 err = 31.520000,	train_time = 3.707859
TRAIN Iter 223: loss = 0.001364,	Top-1 err = 56.510000,	Top-5 err = 34.800000,	train_time = 3.881406
TRAIN Iter 224: loss = 0.001346,	Top-1 err = 56.010000,	Top-5 err = 34.070000,	train_time = 3.821555
TRAIN Iter 225: loss = 0.001340,	Top-1 err = 55.670000,	Top-5 err = 33.620000,	train_time = 3.995412
TRAIN Iter 226: loss = 0.001366,	Top-1 err = 57.710000,	Top-5 err = 35.830000,	train_time = 3.815265
TRAIN Iter 227: loss = 0.001342,	Top-1 err = 56.770000,	Top-5 err = 34.110000,	train_time = 3.815132
TRAIN Iter 228: loss = 0.001338,	Top-1 err = 54.960000,	Top-5 err = 34.440000,	train_time = 3.775954
TRAIN Iter 229: loss = 0.001343,	Top-1 err = 55.260000,	Top-5 err = 33.190000,	train_time = 3.519628
TRAIN Iter 230: loss = 0.001373,	Top-1 err = 58.150000,	Top-5 err = 37.090000,	train_time = 3.922317
TRAIN Iter 231: loss = 0.001297,	Top-1 err = 58.330000,	Top-5 err = 36.210000,	train_time = 4.009631
TRAIN Iter 232: loss = 0.001278,	Top-1 err = 56.300000,	Top-5 err = 35.180000,	train_time = 3.916265
TRAIN Iter 233: loss = 0.001298,	Top-1 err = 57.690000,	Top-5 err = 36.190000,	train_time = 3.688320
TRAIN Iter 234: loss = 0.001314,	Top-1 err = 56.890000,	Top-5 err = 35.980000,	train_time = 3.704486
TRAIN Iter 235: loss = 0.001276,	Top-1 err = 58.360000,	Top-5 err = 37.160000,	train_time = 3.863715
TRAIN Iter 236: loss = 0.001283,	Top-1 err = 57.850000,	Top-5 err = 36.780000,	train_time = 3.648799
TRAIN Iter 237: loss = 0.001281,	Top-1 err = 55.590000,	Top-5 err = 33.880000,	train_time = 3.818831
TRAIN Iter 238: loss = 0.001255,	Top-1 err = 56.820000,	Top-5 err = 34.010000,	train_time = 3.707099
TRAIN Iter 239: loss = 0.001286,	Top-1 err = 56.660000,	Top-5 err = 36.450000,	train_time = 3.721867
TRAIN Iter 240: loss = 0.001278,	Top-1 err = 60.070000,	Top-5 err = 38.220000,	train_time = 3.776556
TRAIN Iter 241: loss = 0.001294,	Top-1 err = 57.720000,	Top-5 err = 37.340000,	train_time = 3.740798
TRAIN Iter 242: loss = 0.001252,	Top-1 err = 57.610000,	Top-5 err = 35.440000,	train_time = 3.835308
TRAIN Iter 243: loss = 0.001234,	Top-1 err = 56.210000,	Top-5 err = 32.960000,	train_time = 3.706635
TRAIN Iter 244: loss = 0.001224,	Top-1 err = 52.770000,	Top-5 err = 31.820000,	train_time = 3.810301
TRAIN Iter 245: loss = 0.001223,	Top-1 err = 56.600000,	Top-5 err = 35.600000,	train_time = 3.772647
TRAIN Iter 246: loss = 0.001221,	Top-1 err = 61.000000,	Top-5 err = 39.300000,	train_time = 3.752177
TRAIN Iter 247: loss = 0.001211,	Top-1 err = 59.240000,	Top-5 err = 38.500000,	train_time = 3.784753
TRAIN Iter 248: loss = 0.001230,	Top-1 err = 56.820000,	Top-5 err = 35.300000,	train_time = 3.826344
TRAIN Iter 249: loss = 0.001200,	Top-1 err = 56.480000,	Top-5 err = 34.700000,	train_time = 3.811789
TEST:
Iter 249: loss = 2.261777,	Top-1 err = 52.500000,	Top-5 err = 26.720000,	val_time = 0.966921
TRAIN Iter 250: loss = 0.001215,	Top-1 err = 50.260000,	Top-5 err = 27.570000,	train_time = 3.685591
TRAIN Iter 251: loss = 0.001203,	Top-1 err = 53.790000,	Top-5 err = 32.190000,	train_time = 3.856787
TRAIN Iter 252: loss = 0.001188,	Top-1 err = 54.140000,	Top-5 err = 32.470000,	train_time = 3.917427
TRAIN Iter 253: loss = 0.001180,	Top-1 err = 55.370000,	Top-5 err = 33.230000,	train_time = 3.770696
TRAIN Iter 254: loss = 0.001193,	Top-1 err = 52.690000,	Top-5 err = 31.980000,	train_time = 3.674843
TRAIN Iter 255: loss = 0.001209,	Top-1 err = 56.630000,	Top-5 err = 36.340000,	train_time = 3.949495
TRAIN Iter 256: loss = 0.001175,	Top-1 err = 54.310000,	Top-5 err = 33.300000,	train_time = 3.752715
TRAIN Iter 257: loss = 0.001169,	Top-1 err = 55.400000,	Top-5 err = 33.580000,	train_time = 3.812178
TRAIN Iter 258: loss = 0.001125,	Top-1 err = 52.030000,	Top-5 err = 29.530000,	train_time = 3.805938
TRAIN Iter 259: loss = 0.001163,	Top-1 err = 56.940000,	Top-5 err = 35.950000,	train_time = 3.811069
TEST:
Iter 259: loss = 2.236181,	Top-1 err = 52.440000,	Top-5 err = 26.670000,	val_time = 0.992454
TRAIN Iter 260: loss = 0.001183,	Top-1 err = 58.730000,	Top-5 err = 36.980000,	train_time = 4.015800
TRAIN Iter 261: loss = 0.001118,	Top-1 err = 53.170000,	Top-5 err = 31.520000,	train_time = 3.723081
TRAIN Iter 262: loss = 0.001158,	Top-1 err = 56.750000,	Top-5 err = 34.910000,	train_time = 3.746870
TRAIN Iter 263: loss = 0.001154,	Top-1 err = 54.200000,	Top-5 err = 33.300000,	train_time = 3.825739
TRAIN Iter 264: loss = 0.001133,	Top-1 err = 56.870000,	Top-5 err = 36.000000,	train_time = 3.764901
TRAIN Iter 265: loss = 0.001105,	Top-1 err = 53.700000,	Top-5 err = 32.690000,	train_time = 3.825845
TRAIN Iter 266: loss = 0.001159,	Top-1 err = 60.440000,	Top-5 err = 39.510000,	train_time = 3.895856
TRAIN Iter 267: loss = 0.001086,	Top-1 err = 56.350000,	Top-5 err = 33.120000,	train_time = 3.602289
TRAIN Iter 268: loss = 0.001119,	Top-1 err = 58.900000,	Top-5 err = 37.790000,	train_time = 3.908448
TRAIN Iter 269: loss = 0.001064,	Top-1 err = 56.250000,	Top-5 err = 34.880000,	train_time = 3.887294
TEST:
Iter 269: loss = 2.224297,	Top-1 err = 52.060000,	Top-5 err = 26.130000,	val_time = 0.938012
TRAIN Iter 270: loss = 0.001087,	Top-1 err = 57.240000,	Top-5 err = 36.660000,	train_time = 3.922488
TRAIN Iter 271: loss = 0.001071,	Top-1 err = 57.650000,	Top-5 err = 36.200000,	train_time = 3.823471
TRAIN Iter 272: loss = 0.001093,	Top-1 err = 60.560000,	Top-5 err = 39.670000,	train_time = 3.764235
TRAIN Iter 273: loss = 0.001107,	Top-1 err = 59.310000,	Top-5 err = 38.160000,	train_time = 3.732965
TRAIN Iter 274: loss = 0.001088,	Top-1 err = 55.650000,	Top-5 err = 33.370000,	train_time = 3.835737
TRAIN Iter 275: loss = 0.001083,	Top-1 err = 61.360000,	Top-5 err = 39.670000,	train_time = 3.896654
TRAIN Iter 276: loss = 0.001037,	Top-1 err = 53.150000,	Top-5 err = 31.300000,	train_time = 3.808213
TRAIN Iter 277: loss = 0.001037,	Top-1 err = 57.970000,	Top-5 err = 34.740000,	train_time = 3.799593
TRAIN Iter 278: loss = 0.001031,	Top-1 err = 52.890000,	Top-5 err = 29.710000,	train_time = 3.858751
TRAIN Iter 279: loss = 0.001031,	Top-1 err = 57.050000,	Top-5 err = 36.650000,	train_time = 3.713355
TEST:
Iter 279: loss = 2.235862,	Top-1 err = 51.860000,	Top-5 err = 26.190000,	val_time = 0.966112
TRAIN Iter 280: loss = 0.001058,	Top-1 err = 58.020000,	Top-5 err = 36.780000,	train_time = 3.930862
TRAIN Iter 281: loss = 0.001035,	Top-1 err = 59.050000,	Top-5 err = 36.360000,	train_time = 3.728215
TRAIN Iter 282: loss = 0.001050,	Top-1 err = 53.560000,	Top-5 err = 32.550000,	train_time = 3.679069
TRAIN Iter 283: loss = 0.001006,	Top-1 err = 55.580000,	Top-5 err = 34.390000,	train_time = 3.749496
TRAIN Iter 284: loss = 0.001019,	Top-1 err = 51.790000,	Top-5 err = 31.670000,	train_time = 3.693748
TRAIN Iter 285: loss = 0.000997,	Top-1 err = 58.540000,	Top-5 err = 36.640000,	train_time = 3.817561
TRAIN Iter 286: loss = 0.000992,	Top-1 err = 53.860000,	Top-5 err = 33.070000,	train_time = 3.683293
TRAIN Iter 287: loss = 0.001010,	Top-1 err = 52.860000,	Top-5 err = 31.750000,	train_time = 3.809676
TRAIN Iter 288: loss = 0.001026,	Top-1 err = 59.570000,	Top-5 err = 37.730000,	train_time = 3.830076
TRAIN Iter 289: loss = 0.000981,	Top-1 err = 53.100000,	Top-5 err = 31.550000,	train_time = 3.749756
TEST:
Iter 289: loss = 2.244354,	Top-1 err = 52.050000,	Top-5 err = 26.480000,	val_time = 0.977982
TRAIN Iter 290: loss = 0.000982,	Top-1 err = 56.380000,	Top-5 err = 36.210000,	train_time = 3.998229
TRAIN Iter 291: loss = 0.000952,	Top-1 err = 60.750000,	Top-5 err = 38.690000,	train_time = 3.814069
TRAIN Iter 292: loss = 0.000998,	Top-1 err = 54.550000,	Top-5 err = 31.830000,	train_time = 3.805771
TRAIN Iter 293: loss = 0.000975,	Top-1 err = 54.130000,	Top-5 err = 33.080000,	train_time = 3.766181
TRAIN Iter 294: loss = 0.000979,	Top-1 err = 60.920000,	Top-5 err = 38.890000,	train_time = 3.774838
TRAIN Iter 295: loss = 0.000981,	Top-1 err = 54.460000,	Top-5 err = 33.170000,	train_time = 3.698107
TRAIN Iter 296: loss = 0.000946,	Top-1 err = 54.430000,	Top-5 err = 33.080000,	train_time = 3.765049
TRAIN Iter 297: loss = 0.000964,	Top-1 err = 55.120000,	Top-5 err = 32.750000,	train_time = 3.830644
TRAIN Iter 298: loss = 0.000916,	Top-1 err = 56.190000,	Top-5 err = 34.350000,	train_time = 3.776973
TRAIN Iter 299: loss = 0.000926,	Top-1 err = 55.290000,	Top-5 err = 33.430000,	train_time = 3.811380
TEST:
Iter 299: loss = 2.238128,	Top-1 err = 52.230000,	Top-5 err = 26.290000,	val_time = 0.925155
Train Finish! Best accuracy is 48.14@279
