=> using pytorch pre-trained teacher model 'conv4'
process data from /home/dvspanos/nikos/ca2d/artifacts/rded_sets/tin_sharpfl_ipc50
load data successfully
TRAIN Iter 0: loss = 0.015518,	Top-1 err = 98.200000,	Top-5 err = 92.150000,	train_time = 3.751839
TRAIN Iter 1: loss = 0.011893,	Top-1 err = 94.050000,	Top-5 err = 81.350000,	train_time = 3.066232
TRAIN Iter 2: loss = 0.010397,	Top-1 err = 91.850000,	Top-5 err = 76.060000,	train_time = 3.083994
TRAIN Iter 3: loss = 0.009183,	Top-1 err = 90.550000,	Top-5 err = 73.880000,	train_time = 3.155846
TRAIN Iter 4: loss = 0.008578,	Top-1 err = 87.550000,	Top-5 err = 68.590000,	train_time = 3.121757
TRAIN Iter 5: loss = 0.008036,	Top-1 err = 84.840000,	Top-5 err = 64.490000,	train_time = 3.248743
TRAIN Iter 6: loss = 0.007612,	Top-1 err = 83.480000,	Top-5 err = 61.340000,	train_time = 3.504443
TRAIN Iter 7: loss = 0.007049,	Top-1 err = 82.310000,	Top-5 err = 60.430000,	train_time = 3.343069
TRAIN Iter 8: loss = 0.006685,	Top-1 err = 83.420000,	Top-5 err = 63.000000,	train_time = 3.265436
TRAIN Iter 9: loss = 0.006304,	Top-1 err = 80.380000,	Top-5 err = 57.070000,	train_time = 3.530532
TRAIN Iter 10: loss = 0.006089,	Top-1 err = 80.470000,	Top-5 err = 58.410000,	train_time = 3.442442
TRAIN Iter 11: loss = 0.006077,	Top-1 err = 76.850000,	Top-5 err = 52.720000,	train_time = 3.397957
TRAIN Iter 12: loss = 0.005642,	Top-1 err = 76.150000,	Top-5 err = 52.730000,	train_time = 3.548287
TRAIN Iter 13: loss = 0.005607,	Top-1 err = 76.170000,	Top-5 err = 53.790000,	train_time = 3.500826
TRAIN Iter 14: loss = 0.005361,	Top-1 err = 75.520000,	Top-5 err = 52.490000,	train_time = 3.678626
TRAIN Iter 15: loss = 0.005316,	Top-1 err = 73.480000,	Top-5 err = 49.690000,	train_time = 3.634819
TRAIN Iter 16: loss = 0.005111,	Top-1 err = 73.220000,	Top-5 err = 49.140000,	train_time = 3.741708
TRAIN Iter 17: loss = 0.004969,	Top-1 err = 74.540000,	Top-5 err = 50.860000,	train_time = 3.608293
TRAIN Iter 18: loss = 0.004971,	Top-1 err = 73.910000,	Top-5 err = 50.610000,	train_time = 3.552644
TRAIN Iter 19: loss = 0.004751,	Top-1 err = 71.880000,	Top-5 err = 47.990000,	train_time = 3.618068
TRAIN Iter 20: loss = 0.004657,	Top-1 err = 73.530000,	Top-5 err = 50.870000,	train_time = 3.853531
TRAIN Iter 21: loss = 0.004679,	Top-1 err = 73.510000,	Top-5 err = 50.460000,	train_time = 3.726392
TRAIN Iter 22: loss = 0.004566,	Top-1 err = 68.890000,	Top-5 err = 45.450000,	train_time = 3.596610
TRAIN Iter 23: loss = 0.004468,	Top-1 err = 68.750000,	Top-5 err = 44.220000,	train_time = 3.526384
TRAIN Iter 24: loss = 0.004377,	Top-1 err = 70.910000,	Top-5 err = 47.050000,	train_time = 3.747010
TRAIN Iter 25: loss = 0.004249,	Top-1 err = 69.940000,	Top-5 err = 46.110000,	train_time = 3.779089
TRAIN Iter 26: loss = 0.004163,	Top-1 err = 68.490000,	Top-5 err = 44.210000,	train_time = 3.779180
TRAIN Iter 27: loss = 0.004106,	Top-1 err = 70.800000,	Top-5 err = 46.610000,	train_time = 3.794994
TRAIN Iter 28: loss = 0.004175,	Top-1 err = 68.350000,	Top-5 err = 43.140000,	train_time = 3.742499
TRAIN Iter 29: loss = 0.004025,	Top-1 err = 64.540000,	Top-5 err = 38.370000,	train_time = 3.671944
TRAIN Iter 30: loss = 0.004034,	Top-1 err = 70.120000,	Top-5 err = 46.960000,	train_time = 3.751060
TRAIN Iter 31: loss = 0.003921,	Top-1 err = 65.370000,	Top-5 err = 41.130000,	train_time = 3.574787
TRAIN Iter 32: loss = 0.003946,	Top-1 err = 65.430000,	Top-5 err = 40.230000,	train_time = 3.918940
TRAIN Iter 33: loss = 0.003917,	Top-1 err = 69.680000,	Top-5 err = 47.180000,	train_time = 3.651194
TRAIN Iter 34: loss = 0.003822,	Top-1 err = 71.830000,	Top-5 err = 49.410000,	train_time = 3.842365
TRAIN Iter 35: loss = 0.003808,	Top-1 err = 66.170000,	Top-5 err = 42.290000,	train_time = 3.813967
TRAIN Iter 36: loss = 0.003770,	Top-1 err = 63.920000,	Top-5 err = 39.530000,	train_time = 3.804495
TRAIN Iter 37: loss = 0.003722,	Top-1 err = 65.960000,	Top-5 err = 41.610000,	train_time = 3.750419
TRAIN Iter 38: loss = 0.003701,	Top-1 err = 68.610000,	Top-5 err = 46.100000,	train_time = 3.756182
TRAIN Iter 39: loss = 0.003618,	Top-1 err = 65.230000,	Top-5 err = 41.570000,	train_time = 3.826959
TRAIN Iter 40: loss = 0.003585,	Top-1 err = 66.540000,	Top-5 err = 41.860000,	train_time = 3.842277
TRAIN Iter 41: loss = 0.003617,	Top-1 err = 68.050000,	Top-5 err = 44.880000,	train_time = 3.794117
TRAIN Iter 42: loss = 0.003673,	Top-1 err = 60.880000,	Top-5 err = 36.100000,	train_time = 3.641919
TRAIN Iter 43: loss = 0.003553,	Top-1 err = 67.330000,	Top-5 err = 44.630000,	train_time = 3.709004
TRAIN Iter 44: loss = 0.003475,	Top-1 err = 64.910000,	Top-5 err = 41.410000,	train_time = 3.741807
TRAIN Iter 45: loss = 0.003451,	Top-1 err = 68.240000,	Top-5 err = 45.290000,	train_time = 3.834737
TRAIN Iter 46: loss = 0.003417,	Top-1 err = 67.210000,	Top-5 err = 43.390000,	train_time = 3.769896
TRAIN Iter 47: loss = 0.003390,	Top-1 err = 67.330000,	Top-5 err = 43.740000,	train_time = 3.746182
TRAIN Iter 48: loss = 0.003389,	Top-1 err = 61.800000,	Top-5 err = 37.090000,	train_time = 3.746704
TRAIN Iter 49: loss = 0.003427,	Top-1 err = 65.290000,	Top-5 err = 41.230000,	train_time = 3.760615
TRAIN Iter 50: loss = 0.003354,	Top-1 err = 67.790000,	Top-5 err = 43.220000,	train_time = 3.814250
TRAIN Iter 51: loss = 0.003284,	Top-1 err = 66.400000,	Top-5 err = 42.720000,	train_time = 3.751463
TRAIN Iter 52: loss = 0.003302,	Top-1 err = 65.830000,	Top-5 err = 42.380000,	train_time = 3.736180
TRAIN Iter 53: loss = 0.003311,	Top-1 err = 66.470000,	Top-5 err = 42.990000,	train_time = 3.751028
TRAIN Iter 54: loss = 0.003291,	Top-1 err = 65.780000,	Top-5 err = 42.530000,	train_time = 3.795288
TRAIN Iter 55: loss = 0.003219,	Top-1 err = 61.050000,	Top-5 err = 36.690000,	train_time = 3.962855
TRAIN Iter 56: loss = 0.003238,	Top-1 err = 63.730000,	Top-5 err = 40.800000,	train_time = 3.739668
TRAIN Iter 57: loss = 0.003182,	Top-1 err = 60.190000,	Top-5 err = 35.520000,	train_time = 3.726887
TRAIN Iter 58: loss = 0.003196,	Top-1 err = 58.430000,	Top-5 err = 34.000000,	train_time = 3.916557
TRAIN Iter 59: loss = 0.003146,	Top-1 err = 61.030000,	Top-5 err = 36.440000,	train_time = 3.806417
TRAIN Iter 60: loss = 0.003137,	Top-1 err = 64.300000,	Top-5 err = 40.590000,	train_time = 3.632482
TRAIN Iter 61: loss = 0.003158,	Top-1 err = 64.860000,	Top-5 err = 42.830000,	train_time = 3.770361
TRAIN Iter 62: loss = 0.003086,	Top-1 err = 63.640000,	Top-5 err = 39.940000,	train_time = 3.816780
TRAIN Iter 63: loss = 0.003108,	Top-1 err = 62.190000,	Top-5 err = 38.560000,	train_time = 3.821080
TRAIN Iter 64: loss = 0.003079,	Top-1 err = 64.310000,	Top-5 err = 41.440000,	train_time = 3.843667
TRAIN Iter 65: loss = 0.003036,	Top-1 err = 56.260000,	Top-5 err = 32.300000,	train_time = 3.720287
TRAIN Iter 66: loss = 0.003070,	Top-1 err = 63.130000,	Top-5 err = 39.880000,	train_time = 3.745543
TRAIN Iter 67: loss = 0.003018,	Top-1 err = 62.370000,	Top-5 err = 38.140000,	train_time = 3.654760
TRAIN Iter 68: loss = 0.002976,	Top-1 err = 66.120000,	Top-5 err = 43.290000,	train_time = 3.796433
TRAIN Iter 69: loss = 0.002986,	Top-1 err = 63.490000,	Top-5 err = 38.900000,	train_time = 3.751926
TRAIN Iter 70: loss = 0.002981,	Top-1 err = 65.890000,	Top-5 err = 43.420000,	train_time = 3.835195
TRAIN Iter 71: loss = 0.003033,	Top-1 err = 60.270000,	Top-5 err = 36.480000,	train_time = 3.668192
TRAIN Iter 72: loss = 0.002971,	Top-1 err = 66.220000,	Top-5 err = 44.120000,	train_time = 3.793547
TRAIN Iter 73: loss = 0.002942,	Top-1 err = 66.190000,	Top-5 err = 43.260000,	train_time = 3.730183
TRAIN Iter 74: loss = 0.002866,	Top-1 err = 67.750000,	Top-5 err = 44.240000,	train_time = 3.691087
TRAIN Iter 75: loss = 0.002876,	Top-1 err = 66.010000,	Top-5 err = 41.960000,	train_time = 3.901999
TRAIN Iter 76: loss = 0.002878,	Top-1 err = 58.310000,	Top-5 err = 34.510000,	train_time = 3.887828
TRAIN Iter 77: loss = 0.002910,	Top-1 err = 60.910000,	Top-5 err = 38.680000,	train_time = 3.810213
TRAIN Iter 78: loss = 0.002862,	Top-1 err = 64.120000,	Top-5 err = 41.150000,	train_time = 3.828260
TRAIN Iter 79: loss = 0.002858,	Top-1 err = 61.330000,	Top-5 err = 37.650000,	train_time = 3.835918
TRAIN Iter 80: loss = 0.002882,	Top-1 err = 63.140000,	Top-5 err = 41.240000,	train_time = 3.856025
TRAIN Iter 81: loss = 0.002779,	Top-1 err = 60.130000,	Top-5 err = 36.080000,	train_time = 3.844279
TRAIN Iter 82: loss = 0.002818,	Top-1 err = 61.600000,	Top-5 err = 38.660000,	train_time = 3.752206
TRAIN Iter 83: loss = 0.002770,	Top-1 err = 60.440000,	Top-5 err = 37.380000,	train_time = 3.817739
TRAIN Iter 84: loss = 0.002798,	Top-1 err = 60.190000,	Top-5 err = 37.170000,	train_time = 3.785313
TRAIN Iter 85: loss = 0.002768,	Top-1 err = 60.970000,	Top-5 err = 37.920000,	train_time = 3.691895
TRAIN Iter 86: loss = 0.002770,	Top-1 err = 64.810000,	Top-5 err = 41.790000,	train_time = 3.943352
TRAIN Iter 87: loss = 0.002761,	Top-1 err = 60.720000,	Top-5 err = 36.800000,	train_time = 3.698278
TRAIN Iter 88: loss = 0.002718,	Top-1 err = 61.350000,	Top-5 err = 37.490000,	train_time = 3.886343
TRAIN Iter 89: loss = 0.002784,	Top-1 err = 62.550000,	Top-5 err = 39.830000,	train_time = 3.779624
TRAIN Iter 90: loss = 0.002710,	Top-1 err = 60.950000,	Top-5 err = 37.110000,	train_time = 3.781628
TRAIN Iter 91: loss = 0.002683,	Top-1 err = 62.660000,	Top-5 err = 38.210000,	train_time = 3.757973
TRAIN Iter 92: loss = 0.002667,	Top-1 err = 61.160000,	Top-5 err = 38.030000,	train_time = 3.755385
TRAIN Iter 93: loss = 0.002707,	Top-1 err = 63.710000,	Top-5 err = 40.560000,	train_time = 3.747838
TRAIN Iter 94: loss = 0.002670,	Top-1 err = 63.920000,	Top-5 err = 41.250000,	train_time = 3.787882
TRAIN Iter 95: loss = 0.002680,	Top-1 err = 62.950000,	Top-5 err = 39.610000,	train_time = 3.733998
TRAIN Iter 96: loss = 0.002664,	Top-1 err = 61.410000,	Top-5 err = 38.550000,	train_time = 3.665935
TRAIN Iter 97: loss = 0.002603,	Top-1 err = 64.860000,	Top-5 err = 42.540000,	train_time = 3.923331
TRAIN Iter 98: loss = 0.002604,	Top-1 err = 60.480000,	Top-5 err = 36.640000,	train_time = 3.818962
TRAIN Iter 99: loss = 0.002636,	Top-1 err = 56.650000,	Top-5 err = 33.640000,	train_time = 3.839868
TRAIN Iter 100: loss = 0.002588,	Top-1 err = 61.680000,	Top-5 err = 38.250000,	train_time = 3.736877
TRAIN Iter 101: loss = 0.002576,	Top-1 err = 63.120000,	Top-5 err = 39.910000,	train_time = 3.784273
TRAIN Iter 102: loss = 0.002552,	Top-1 err = 59.030000,	Top-5 err = 36.190000,	train_time = 3.730229
TRAIN Iter 103: loss = 0.002523,	Top-1 err = 61.950000,	Top-5 err = 38.840000,	train_time = 3.667752
TRAIN Iter 104: loss = 0.002578,	Top-1 err = 61.090000,	Top-5 err = 38.180000,	train_time = 3.877210
TRAIN Iter 105: loss = 0.002473,	Top-1 err = 62.820000,	Top-5 err = 39.350000,	train_time = 3.685486
TRAIN Iter 106: loss = 0.002559,	Top-1 err = 59.610000,	Top-5 err = 36.020000,	train_time = 3.806712
TRAIN Iter 107: loss = 0.002555,	Top-1 err = 64.090000,	Top-5 err = 41.330000,	train_time = 3.796698
TRAIN Iter 108: loss = 0.002492,	Top-1 err = 58.680000,	Top-5 err = 35.000000,	train_time = 3.829623
TRAIN Iter 109: loss = 0.002582,	Top-1 err = 65.690000,	Top-5 err = 43.710000,	train_time = 3.836892
TRAIN Iter 110: loss = 0.002484,	Top-1 err = 61.890000,	Top-5 err = 38.400000,	train_time = 3.732509
TRAIN Iter 111: loss = 0.002443,	Top-1 err = 58.360000,	Top-5 err = 35.730000,	train_time = 3.648408
TRAIN Iter 112: loss = 0.002495,	Top-1 err = 65.280000,	Top-5 err = 44.210000,	train_time = 3.773369
TRAIN Iter 113: loss = 0.002481,	Top-1 err = 63.050000,	Top-5 err = 41.730000,	train_time = 3.731328
TRAIN Iter 114: loss = 0.002494,	Top-1 err = 62.390000,	Top-5 err = 38.990000,	train_time = 3.713439
TRAIN Iter 115: loss = 0.002451,	Top-1 err = 59.550000,	Top-5 err = 37.100000,	train_time = 3.812093
TRAIN Iter 116: loss = 0.002420,	Top-1 err = 60.540000,	Top-5 err = 36.910000,	train_time = 3.885132
TRAIN Iter 117: loss = 0.002445,	Top-1 err = 62.210000,	Top-5 err = 39.320000,	train_time = 3.742548
TRAIN Iter 118: loss = 0.002388,	Top-1 err = 64.520000,	Top-5 err = 42.430000,	train_time = 3.851423
TRAIN Iter 119: loss = 0.002415,	Top-1 err = 66.810000,	Top-5 err = 44.750000,	train_time = 3.697950
TRAIN Iter 120: loss = 0.002375,	Top-1 err = 61.380000,	Top-5 err = 39.000000,	train_time = 3.857898
TRAIN Iter 121: loss = 0.002379,	Top-1 err = 59.950000,	Top-5 err = 36.440000,	train_time = 3.804046
TRAIN Iter 122: loss = 0.002366,	Top-1 err = 60.440000,	Top-5 err = 37.380000,	train_time = 3.691550
TRAIN Iter 123: loss = 0.002345,	Top-1 err = 62.280000,	Top-5 err = 39.280000,	train_time = 3.771317
TRAIN Iter 124: loss = 0.002333,	Top-1 err = 63.240000,	Top-5 err = 40.470000,	train_time = 3.556995
TRAIN Iter 125: loss = 0.002358,	Top-1 err = 60.170000,	Top-5 err = 38.140000,	train_time = 3.835397
TRAIN Iter 126: loss = 0.002329,	Top-1 err = 59.880000,	Top-5 err = 37.270000,	train_time = 3.896065
TRAIN Iter 127: loss = 0.002293,	Top-1 err = 63.170000,	Top-5 err = 40.650000,	train_time = 3.805156
TRAIN Iter 128: loss = 0.002307,	Top-1 err = 58.520000,	Top-5 err = 36.270000,	train_time = 3.749046
TRAIN Iter 129: loss = 0.002286,	Top-1 err = 58.650000,	Top-5 err = 36.370000,	train_time = 3.651376
TRAIN Iter 130: loss = 0.002241,	Top-1 err = 56.420000,	Top-5 err = 32.520000,	train_time = 3.862032
TRAIN Iter 131: loss = 0.002275,	Top-1 err = 60.360000,	Top-5 err = 38.440000,	train_time = 3.702986
TRAIN Iter 132: loss = 0.002250,	Top-1 err = 62.490000,	Top-5 err = 40.710000,	train_time = 3.775767
TRAIN Iter 133: loss = 0.002265,	Top-1 err = 60.360000,	Top-5 err = 36.940000,	train_time = 3.811323
TRAIN Iter 134: loss = 0.002292,	Top-1 err = 63.140000,	Top-5 err = 41.400000,	train_time = 3.811252
TRAIN Iter 135: loss = 0.002222,	Top-1 err = 62.660000,	Top-5 err = 40.000000,	train_time = 3.875280
TRAIN Iter 136: loss = 0.002256,	Top-1 err = 62.970000,	Top-5 err = 40.710000,	train_time = 3.858626
TRAIN Iter 137: loss = 0.002222,	Top-1 err = 58.850000,	Top-5 err = 36.540000,	train_time = 3.755222
TRAIN Iter 138: loss = 0.002245,	Top-1 err = 57.180000,	Top-5 err = 34.470000,	train_time = 3.725451
TRAIN Iter 139: loss = 0.002251,	Top-1 err = 59.300000,	Top-5 err = 37.990000,	train_time = 3.835738
TRAIN Iter 140: loss = 0.002169,	Top-1 err = 62.810000,	Top-5 err = 40.500000,	train_time = 3.800190
TRAIN Iter 141: loss = 0.002210,	Top-1 err = 60.420000,	Top-5 err = 37.680000,	train_time = 3.754602
TRAIN Iter 142: loss = 0.002179,	Top-1 err = 62.970000,	Top-5 err = 39.790000,	train_time = 3.761781
TRAIN Iter 143: loss = 0.002095,	Top-1 err = 63.270000,	Top-5 err = 39.470000,	train_time = 3.918882
TRAIN Iter 144: loss = 0.002131,	Top-1 err = 60.220000,	Top-5 err = 36.200000,	train_time = 3.874734
TRAIN Iter 145: loss = 0.002147,	Top-1 err = 60.120000,	Top-5 err = 37.120000,	train_time = 3.667965
TRAIN Iter 146: loss = 0.002139,	Top-1 err = 60.590000,	Top-5 err = 37.950000,	train_time = 3.868469
TRAIN Iter 147: loss = 0.002141,	Top-1 err = 58.720000,	Top-5 err = 35.360000,	train_time = 3.681701
TRAIN Iter 148: loss = 0.002152,	Top-1 err = 60.690000,	Top-5 err = 38.310000,	train_time = 3.746503
TRAIN Iter 149: loss = 0.002090,	Top-1 err = 56.630000,	Top-5 err = 34.130000,	train_time = 3.824006
TRAIN Iter 150: loss = 0.002075,	Top-1 err = 57.140000,	Top-5 err = 33.030000,	train_time = 3.682662
TRAIN Iter 151: loss = 0.002102,	Top-1 err = 62.860000,	Top-5 err = 40.470000,	train_time = 3.837326
TRAIN Iter 152: loss = 0.002124,	Top-1 err = 61.210000,	Top-5 err = 39.670000,	train_time = 3.841313
TRAIN Iter 153: loss = 0.002046,	Top-1 err = 56.350000,	Top-5 err = 33.280000,	train_time = 3.811980
TRAIN Iter 154: loss = 0.002031,	Top-1 err = 60.030000,	Top-5 err = 37.820000,	train_time = 3.656409
TRAIN Iter 155: loss = 0.002004,	Top-1 err = 59.020000,	Top-5 err = 35.630000,	train_time = 3.780402
TRAIN Iter 156: loss = 0.002036,	Top-1 err = 59.850000,	Top-5 err = 37.790000,	train_time = 3.732954
TRAIN Iter 157: loss = 0.002010,	Top-1 err = 63.090000,	Top-5 err = 41.410000,	train_time = 3.885460
TRAIN Iter 158: loss = 0.002007,	Top-1 err = 57.060000,	Top-5 err = 33.550000,	train_time = 3.786763
TRAIN Iter 159: loss = 0.002011,	Top-1 err = 57.070000,	Top-5 err = 34.370000,	train_time = 3.908333
TRAIN Iter 160: loss = 0.002036,	Top-1 err = 61.150000,	Top-5 err = 39.810000,	train_time = 3.628921
TRAIN Iter 161: loss = 0.001990,	Top-1 err = 60.410000,	Top-5 err = 38.720000,	train_time = 3.763187
TRAIN Iter 162: loss = 0.002012,	Top-1 err = 61.040000,	Top-5 err = 38.990000,	train_time = 3.694789
TRAIN Iter 163: loss = 0.002005,	Top-1 err = 63.160000,	Top-5 err = 41.350000,	train_time = 3.555357
TRAIN Iter 164: loss = 0.001967,	Top-1 err = 64.940000,	Top-5 err = 42.750000,	train_time = 3.792164
TRAIN Iter 165: loss = 0.001954,	Top-1 err = 59.160000,	Top-5 err = 36.730000,	train_time = 3.691867
TRAIN Iter 166: loss = 0.001917,	Top-1 err = 56.220000,	Top-5 err = 32.190000,	train_time = 3.768029
TRAIN Iter 167: loss = 0.001925,	Top-1 err = 61.980000,	Top-5 err = 39.790000,	train_time = 3.751467
TRAIN Iter 168: loss = 0.001952,	Top-1 err = 61.440000,	Top-5 err = 40.530000,	train_time = 3.806863
TRAIN Iter 169: loss = 0.001955,	Top-1 err = 56.090000,	Top-5 err = 34.080000,	train_time = 3.752133
TRAIN Iter 170: loss = 0.001921,	Top-1 err = 53.440000,	Top-5 err = 31.520000,	train_time = 3.672217
TRAIN Iter 171: loss = 0.001893,	Top-1 err = 60.590000,	Top-5 err = 37.070000,	train_time = 3.836228
TRAIN Iter 172: loss = 0.001886,	Top-1 err = 59.930000,	Top-5 err = 37.810000,	train_time = 3.728336
TRAIN Iter 173: loss = 0.001868,	Top-1 err = 57.800000,	Top-5 err = 35.060000,	train_time = 3.826464
TRAIN Iter 174: loss = 0.001909,	Top-1 err = 63.100000,	Top-5 err = 41.640000,	train_time = 3.729381
TRAIN Iter 175: loss = 0.001905,	Top-1 err = 59.050000,	Top-5 err = 36.200000,	train_time = 3.930516
TRAIN Iter 176: loss = 0.001862,	Top-1 err = 63.090000,	Top-5 err = 41.420000,	train_time = 3.703838
TRAIN Iter 177: loss = 0.001887,	Top-1 err = 59.760000,	Top-5 err = 38.000000,	train_time = 3.800107
TRAIN Iter 178: loss = 0.001810,	Top-1 err = 58.320000,	Top-5 err = 35.670000,	train_time = 3.957765
TRAIN Iter 179: loss = 0.001834,	Top-1 err = 63.550000,	Top-5 err = 41.440000,	train_time = 3.728033
TRAIN Iter 180: loss = 0.001823,	Top-1 err = 60.210000,	Top-5 err = 36.780000,	train_time = 3.720590
TRAIN Iter 181: loss = 0.001813,	Top-1 err = 60.700000,	Top-5 err = 38.770000,	train_time = 3.820268
TRAIN Iter 182: loss = 0.001880,	Top-1 err = 53.870000,	Top-5 err = 31.650000,	train_time = 3.768421
TRAIN Iter 183: loss = 0.001837,	Top-1 err = 56.740000,	Top-5 err = 34.040000,	train_time = 3.672274
TRAIN Iter 184: loss = 0.001779,	Top-1 err = 62.880000,	Top-5 err = 40.100000,	train_time = 3.823428
TRAIN Iter 185: loss = 0.001768,	Top-1 err = 60.180000,	Top-5 err = 37.200000,	train_time = 3.709416
TRAIN Iter 186: loss = 0.001782,	Top-1 err = 62.020000,	Top-5 err = 39.590000,	train_time = 3.808767
TRAIN Iter 187: loss = 0.001765,	Top-1 err = 62.700000,	Top-5 err = 41.000000,	train_time = 3.626055
TRAIN Iter 188: loss = 0.001760,	Top-1 err = 56.460000,	Top-5 err = 33.110000,	train_time = 3.605286
TRAIN Iter 189: loss = 0.001769,	Top-1 err = 57.880000,	Top-5 err = 35.170000,	train_time = 3.718589
TRAIN Iter 190: loss = 0.001716,	Top-1 err = 60.490000,	Top-5 err = 39.680000,	train_time = 3.868287
TRAIN Iter 191: loss = 0.001711,	Top-1 err = 57.930000,	Top-5 err = 35.250000,	train_time = 3.842550
TRAIN Iter 192: loss = 0.001729,	Top-1 err = 61.660000,	Top-5 err = 40.220000,	train_time = 3.737033
TRAIN Iter 193: loss = 0.001685,	Top-1 err = 52.940000,	Top-5 err = 30.670000,	train_time = 3.786388
TRAIN Iter 194: loss = 0.001748,	Top-1 err = 59.150000,	Top-5 err = 38.060000,	train_time = 3.768719
TRAIN Iter 195: loss = 0.001756,	Top-1 err = 61.550000,	Top-5 err = 40.710000,	train_time = 3.692758
TRAIN Iter 196: loss = 0.001680,	Top-1 err = 58.300000,	Top-5 err = 36.720000,	train_time = 3.748379
TRAIN Iter 197: loss = 0.001666,	Top-1 err = 60.420000,	Top-5 err = 38.360000,	train_time = 3.945143
TRAIN Iter 198: loss = 0.001688,	Top-1 err = 59.470000,	Top-5 err = 37.660000,	train_time = 3.850065
TRAIN Iter 199: loss = 0.001721,	Top-1 err = 59.030000,	Top-5 err = 36.990000,	train_time = 3.659634
TRAIN Iter 200: loss = 0.001692,	Top-1 err = 56.670000,	Top-5 err = 33.860000,	train_time = 3.884814
TRAIN Iter 201: loss = 0.001688,	Top-1 err = 58.220000,	Top-5 err = 35.590000,	train_time = 3.818957
TRAIN Iter 202: loss = 0.001669,	Top-1 err = 60.300000,	Top-5 err = 37.050000,	train_time = 3.769958
TRAIN Iter 203: loss = 0.001633,	Top-1 err = 56.050000,	Top-5 err = 34.300000,	train_time = 3.845512
TRAIN Iter 204: loss = 0.001657,	Top-1 err = 57.290000,	Top-5 err = 35.980000,	train_time = 3.848629
TRAIN Iter 205: loss = 0.001639,	Top-1 err = 59.230000,	Top-5 err = 37.220000,	train_time = 3.759471
TRAIN Iter 206: loss = 0.001603,	Top-1 err = 58.660000,	Top-5 err = 36.740000,	train_time = 3.795677
TRAIN Iter 207: loss = 0.001614,	Top-1 err = 62.060000,	Top-5 err = 40.620000,	train_time = 3.945524
TRAIN Iter 208: loss = 0.001619,	Top-1 err = 54.010000,	Top-5 err = 32.530000,	train_time = 3.712972
TRAIN Iter 209: loss = 0.001575,	Top-1 err = 60.290000,	Top-5 err = 37.390000,	train_time = 3.910671
TRAIN Iter 210: loss = 0.001573,	Top-1 err = 57.230000,	Top-5 err = 35.150000,	train_time = 3.848735
TRAIN Iter 211: loss = 0.001556,	Top-1 err = 61.150000,	Top-5 err = 39.840000,	train_time = 3.821083
TRAIN Iter 212: loss = 0.001568,	Top-1 err = 60.180000,	Top-5 err = 37.870000,	train_time = 3.754355
TRAIN Iter 213: loss = 0.001576,	Top-1 err = 64.570000,	Top-5 err = 42.280000,	train_time = 3.715919
TRAIN Iter 214: loss = 0.001564,	Top-1 err = 52.350000,	Top-5 err = 28.880000,	train_time = 3.810510
TRAIN Iter 215: loss = 0.001580,	Top-1 err = 52.200000,	Top-5 err = 30.870000,	train_time = 3.677210
TRAIN Iter 216: loss = 0.001521,	Top-1 err = 56.640000,	Top-5 err = 33.300000,	train_time = 3.850086
TRAIN Iter 217: loss = 0.001531,	Top-1 err = 54.420000,	Top-5 err = 31.780000,	train_time = 3.716444
TRAIN Iter 218: loss = 0.001485,	Top-1 err = 60.250000,	Top-5 err = 36.210000,	train_time = 3.756885
TRAIN Iter 219: loss = 0.001490,	Top-1 err = 58.340000,	Top-5 err = 35.950000,	train_time = 3.917413
TRAIN Iter 220: loss = 0.001507,	Top-1 err = 55.240000,	Top-5 err = 33.880000,	train_time = 3.732962
TRAIN Iter 221: loss = 0.001532,	Top-1 err = 62.700000,	Top-5 err = 40.480000,	train_time = 3.802580
TRAIN Iter 222: loss = 0.001458,	Top-1 err = 54.600000,	Top-5 err = 32.060000,	train_time = 3.695649
TRAIN Iter 223: loss = 0.001488,	Top-1 err = 57.320000,	Top-5 err = 35.410000,	train_time = 3.787228
TRAIN Iter 224: loss = 0.001451,	Top-1 err = 56.360000,	Top-5 err = 34.730000,	train_time = 3.794827
TRAIN Iter 225: loss = 0.001482,	Top-1 err = 56.520000,	Top-5 err = 33.400000,	train_time = 3.652841
TRAIN Iter 226: loss = 0.001491,	Top-1 err = 58.950000,	Top-5 err = 36.480000,	train_time = 3.730553
TRAIN Iter 227: loss = 0.001465,	Top-1 err = 56.610000,	Top-5 err = 34.010000,	train_time = 3.840492
TRAIN Iter 228: loss = 0.001478,	Top-1 err = 56.960000,	Top-5 err = 35.900000,	train_time = 3.869855
TRAIN Iter 229: loss = 0.001449,	Top-1 err = 55.570000,	Top-5 err = 34.380000,	train_time = 3.894798
TRAIN Iter 230: loss = 0.001458,	Top-1 err = 59.240000,	Top-5 err = 37.430000,	train_time = 3.693422
TRAIN Iter 231: loss = 0.001442,	Top-1 err = 58.570000,	Top-5 err = 36.570000,	train_time = 3.836834
TRAIN Iter 232: loss = 0.001403,	Top-1 err = 57.160000,	Top-5 err = 35.510000,	train_time = 3.842548
TRAIN Iter 233: loss = 0.001430,	Top-1 err = 58.530000,	Top-5 err = 37.230000,	train_time = 3.925999
TRAIN Iter 234: loss = 0.001430,	Top-1 err = 57.900000,	Top-5 err = 35.680000,	train_time = 3.938080
TRAIN Iter 235: loss = 0.001428,	Top-1 err = 59.440000,	Top-5 err = 37.890000,	train_time = 3.724347
TRAIN Iter 236: loss = 0.001380,	Top-1 err = 58.850000,	Top-5 err = 36.860000,	train_time = 3.876038
TRAIN Iter 237: loss = 0.001401,	Top-1 err = 56.920000,	Top-5 err = 34.430000,	train_time = 3.792874
TRAIN Iter 238: loss = 0.001378,	Top-1 err = 56.960000,	Top-5 err = 34.060000,	train_time = 3.730711
TRAIN Iter 239: loss = 0.001423,	Top-1 err = 57.560000,	Top-5 err = 36.470000,	train_time = 3.964814
TRAIN Iter 240: loss = 0.001375,	Top-1 err = 60.350000,	Top-5 err = 38.520000,	train_time = 3.668127
TRAIN Iter 241: loss = 0.001420,	Top-1 err = 58.600000,	Top-5 err = 36.690000,	train_time = 3.665051
TRAIN Iter 242: loss = 0.001342,	Top-1 err = 58.950000,	Top-5 err = 36.010000,	train_time = 3.804471
TRAIN Iter 243: loss = 0.001338,	Top-1 err = 55.890000,	Top-5 err = 32.810000,	train_time = 3.901028
TRAIN Iter 244: loss = 0.001357,	Top-1 err = 53.570000,	Top-5 err = 32.770000,	train_time = 3.825393
TRAIN Iter 245: loss = 0.001347,	Top-1 err = 57.440000,	Top-5 err = 36.070000,	train_time = 3.760833
TRAIN Iter 246: loss = 0.001337,	Top-1 err = 61.780000,	Top-5 err = 39.360000,	train_time = 3.839535
TRAIN Iter 247: loss = 0.001306,	Top-1 err = 59.570000,	Top-5 err = 37.780000,	train_time = 3.742623
TRAIN Iter 248: loss = 0.001348,	Top-1 err = 58.300000,	Top-5 err = 36.570000,	train_time = 3.854572
TRAIN Iter 249: loss = 0.001320,	Top-1 err = 57.550000,	Top-5 err = 35.420000,	train_time = 3.592086
TEST:
Iter 249: loss = 2.281337,	Top-1 err = 52.470000,	Top-5 err = 27.440000,	val_time = 0.979093
TRAIN Iter 250: loss = 0.001304,	Top-1 err = 51.430000,	Top-5 err = 28.400000,	train_time = 3.711286
TRAIN Iter 251: loss = 0.001321,	Top-1 err = 54.940000,	Top-5 err = 33.150000,	train_time = 3.836608
TRAIN Iter 252: loss = 0.001302,	Top-1 err = 54.320000,	Top-5 err = 32.600000,	train_time = 3.625734
TRAIN Iter 253: loss = 0.001311,	Top-1 err = 55.490000,	Top-5 err = 33.880000,	train_time = 3.707709
TRAIN Iter 254: loss = 0.001332,	Top-1 err = 54.260000,	Top-5 err = 31.840000,	train_time = 3.837438
TRAIN Iter 255: loss = 0.001306,	Top-1 err = 56.370000,	Top-5 err = 36.360000,	train_time = 3.801417
TRAIN Iter 256: loss = 0.001295,	Top-1 err = 54.990000,	Top-5 err = 33.560000,	train_time = 3.832243
TRAIN Iter 257: loss = 0.001286,	Top-1 err = 55.600000,	Top-5 err = 33.680000,	train_time = 3.935718
TRAIN Iter 258: loss = 0.001224,	Top-1 err = 52.750000,	Top-5 err = 29.420000,	train_time = 3.806896
TRAIN Iter 259: loss = 0.001267,	Top-1 err = 56.960000,	Top-5 err = 36.130000,	train_time = 3.687529
TEST:
Iter 259: loss = 2.237511,	Top-1 err = 52.460000,	Top-5 err = 26.800000,	val_time = 0.962420
TRAIN Iter 260: loss = 0.001294,	Top-1 err = 58.780000,	Top-5 err = 36.770000,	train_time = 3.667075
TRAIN Iter 261: loss = 0.001233,	Top-1 err = 53.200000,	Top-5 err = 32.140000,	train_time = 3.743937
TRAIN Iter 262: loss = 0.001280,	Top-1 err = 57.600000,	Top-5 err = 35.660000,	train_time = 3.789310
TRAIN Iter 263: loss = 0.001236,	Top-1 err = 54.550000,	Top-5 err = 32.520000,	train_time = 3.756681
TRAIN Iter 264: loss = 0.001275,	Top-1 err = 56.900000,	Top-5 err = 36.140000,	train_time = 3.564487
TRAIN Iter 265: loss = 0.001222,	Top-1 err = 54.820000,	Top-5 err = 32.430000,	train_time = 3.880119
TRAIN Iter 266: loss = 0.001261,	Top-1 err = 59.760000,	Top-5 err = 39.200000,	train_time = 3.855134
TRAIN Iter 267: loss = 0.001187,	Top-1 err = 56.440000,	Top-5 err = 33.590000,	train_time = 3.754145
TRAIN Iter 268: loss = 0.001229,	Top-1 err = 59.700000,	Top-5 err = 38.030000,	train_time = 3.780464
TRAIN Iter 269: loss = 0.001187,	Top-1 err = 56.300000,	Top-5 err = 34.690000,	train_time = 3.749169
TEST:
Iter 269: loss = 2.261205,	Top-1 err = 52.430000,	Top-5 err = 27.030000,	val_time = 0.985814
TRAIN Iter 270: loss = 0.001207,	Top-1 err = 57.760000,	Top-5 err = 37.200000,	train_time = 3.827680
TRAIN Iter 271: loss = 0.001181,	Top-1 err = 57.820000,	Top-5 err = 36.480000,	train_time = 3.820193
TRAIN Iter 272: loss = 0.001228,	Top-1 err = 60.770000,	Top-5 err = 40.070000,	train_time = 3.641253
TRAIN Iter 273: loss = 0.001214,	Top-1 err = 60.190000,	Top-5 err = 38.750000,	train_time = 3.719356
TRAIN Iter 274: loss = 0.001169,	Top-1 err = 56.320000,	Top-5 err = 34.130000,	train_time = 3.650783
TRAIN Iter 275: loss = 0.001162,	Top-1 err = 61.360000,	Top-5 err = 39.730000,	train_time = 3.893491
TRAIN Iter 276: loss = 0.001146,	Top-1 err = 54.070000,	Top-5 err = 31.570000,	train_time = 3.681519
TRAIN Iter 277: loss = 0.001140,	Top-1 err = 57.410000,	Top-5 err = 34.520000,	train_time = 3.649490
TRAIN Iter 278: loss = 0.001152,	Top-1 err = 53.130000,	Top-5 err = 30.090000,	train_time = 3.806934
TRAIN Iter 279: loss = 0.001160,	Top-1 err = 57.660000,	Top-5 err = 36.730000,	train_time = 3.886805
TEST:
Iter 279: loss = 2.232097,	Top-1 err = 51.970000,	Top-5 err = 26.460000,	val_time = 0.953946
TRAIN Iter 280: loss = 0.001166,	Top-1 err = 57.740000,	Top-5 err = 36.890000,	train_time = 3.955215
TRAIN Iter 281: loss = 0.001139,	Top-1 err = 59.320000,	Top-5 err = 36.270000,	train_time = 3.807591
TRAIN Iter 282: loss = 0.001173,	Top-1 err = 54.000000,	Top-5 err = 32.730000,	train_time = 3.684377
TRAIN Iter 283: loss = 0.001134,	Top-1 err = 56.340000,	Top-5 err = 34.310000,	train_time = 3.867552
TRAIN Iter 284: loss = 0.001144,	Top-1 err = 52.160000,	Top-5 err = 31.500000,	train_time = 3.795417
TRAIN Iter 285: loss = 0.001115,	Top-1 err = 58.190000,	Top-5 err = 36.200000,	train_time = 3.822754
TRAIN Iter 286: loss = 0.001126,	Top-1 err = 54.910000,	Top-5 err = 34.120000,	train_time = 3.757195
TRAIN Iter 287: loss = 0.001114,	Top-1 err = 53.400000,	Top-5 err = 32.080000,	train_time = 3.804678
TRAIN Iter 288: loss = 0.001127,	Top-1 err = 59.200000,	Top-5 err = 37.440000,	train_time = 3.823112
TRAIN Iter 289: loss = 0.001139,	Top-1 err = 53.990000,	Top-5 err = 32.580000,	train_time = 3.779500
TEST:
Iter 289: loss = 2.246299,	Top-1 err = 52.200000,	Top-5 err = 26.760000,	val_time = 0.952874
TRAIN Iter 290: loss = 0.001112,	Top-1 err = 56.430000,	Top-5 err = 35.900000,	train_time = 3.599021
TRAIN Iter 291: loss = 0.001081,	Top-1 err = 61.490000,	Top-5 err = 39.030000,	train_time = 3.831873
TRAIN Iter 292: loss = 0.001116,	Top-1 err = 54.650000,	Top-5 err = 31.780000,	train_time = 3.696846
TRAIN Iter 293: loss = 0.001081,	Top-1 err = 54.470000,	Top-5 err = 33.180000,	train_time = 3.854599
TRAIN Iter 294: loss = 0.001106,	Top-1 err = 60.590000,	Top-5 err = 38.650000,	train_time = 3.621200
TRAIN Iter 295: loss = 0.001068,	Top-1 err = 54.940000,	Top-5 err = 33.250000,	train_time = 3.756233
TRAIN Iter 296: loss = 0.001062,	Top-1 err = 55.160000,	Top-5 err = 33.100000,	train_time = 3.820002
TRAIN Iter 297: loss = 0.001109,	Top-1 err = 55.610000,	Top-5 err = 33.360000,	train_time = 3.692343
TRAIN Iter 298: loss = 0.001038,	Top-1 err = 56.180000,	Top-5 err = 34.380000,	train_time = 3.843305
TRAIN Iter 299: loss = 0.001037,	Top-1 err = 54.990000,	Top-5 err = 33.180000,	train_time = 3.793328
TEST:
Iter 299: loss = 2.236760,	Top-1 err = 52.100000,	Top-5 err = 26.560000,	val_time = 0.926810
Train Finish! Best accuracy is 48.03@279
