=> using pytorch pre-trained teacher model 'conv4'
process data from /home/dvspanos/nikos/ca2d/artifacts/rded_sets/bench_tin_conv_el2nw50_ipc50
load data successfully
TRAIN Iter 0: loss = 0.013379,	Top-1 err = 98.770000,	Top-5 err = 94.110000,	train_time = 3.815517
TRAIN Iter 1: loss = 0.010270,	Top-1 err = 96.050000,	Top-5 err = 86.040000,	train_time = 3.087631
TRAIN Iter 2: loss = 0.009018,	Top-1 err = 94.830000,	Top-5 err = 81.840000,	train_time = 3.053889
TRAIN Iter 3: loss = 0.008072,	Top-1 err = 93.970000,	Top-5 err = 80.300000,	train_time = 3.164948
TRAIN Iter 4: loss = 0.007654,	Top-1 err = 92.880000,	Top-5 err = 77.730000,	train_time = 3.275979
TRAIN Iter 5: loss = 0.007138,	Top-1 err = 91.700000,	Top-5 err = 74.010000,	train_time = 3.293640
TRAIN Iter 6: loss = 0.006700,	Top-1 err = 90.160000,	Top-5 err = 71.050000,	train_time = 3.340536
TRAIN Iter 7: loss = 0.006283,	Top-1 err = 89.590000,	Top-5 err = 70.190000,	train_time = 3.414404
TRAIN Iter 8: loss = 0.005990,	Top-1 err = 90.580000,	Top-5 err = 72.070000,	train_time = 3.449601
TRAIN Iter 9: loss = 0.005719,	Top-1 err = 88.850000,	Top-5 err = 68.180000,	train_time = 3.427324
TRAIN Iter 10: loss = 0.005565,	Top-1 err = 88.820000,	Top-5 err = 69.630000,	train_time = 3.696663
TRAIN Iter 11: loss = 0.005509,	Top-1 err = 86.760000,	Top-5 err = 65.110000,	train_time = 3.531565
TRAIN Iter 12: loss = 0.005069,	Top-1 err = 86.700000,	Top-5 err = 64.650000,	train_time = 3.641089
TRAIN Iter 13: loss = 0.005075,	Top-1 err = 85.680000,	Top-5 err = 64.700000,	train_time = 3.604265
TRAIN Iter 14: loss = 0.004893,	Top-1 err = 85.590000,	Top-5 err = 63.740000,	train_time = 3.705586
TRAIN Iter 15: loss = 0.004844,	Top-1 err = 84.060000,	Top-5 err = 61.460000,	train_time = 3.703941
TRAIN Iter 16: loss = 0.004679,	Top-1 err = 84.510000,	Top-5 err = 60.830000,	train_time = 3.676635
TRAIN Iter 17: loss = 0.004514,	Top-1 err = 85.100000,	Top-5 err = 62.140000,	train_time = 3.594563
TRAIN Iter 18: loss = 0.004544,	Top-1 err = 84.710000,	Top-5 err = 62.070000,	train_time = 3.664709
TRAIN Iter 19: loss = 0.004334,	Top-1 err = 84.160000,	Top-5 err = 59.810000,	train_time = 3.822149
TRAIN Iter 20: loss = 0.004308,	Top-1 err = 84.570000,	Top-5 err = 62.490000,	train_time = 3.692271
TRAIN Iter 21: loss = 0.004189,	Top-1 err = 84.580000,	Top-5 err = 61.980000,	train_time = 3.651517
TRAIN Iter 22: loss = 0.004194,	Top-1 err = 81.860000,	Top-5 err = 58.090000,	train_time = 3.713780
TRAIN Iter 23: loss = 0.004039,	Top-1 err = 81.770000,	Top-5 err = 57.340000,	train_time = 3.729950
TRAIN Iter 24: loss = 0.003991,	Top-1 err = 82.660000,	Top-5 err = 58.770000,	train_time = 3.770991
TRAIN Iter 25: loss = 0.003923,	Top-1 err = 82.270000,	Top-5 err = 58.420000,	train_time = 3.749242
TRAIN Iter 26: loss = 0.003858,	Top-1 err = 81.510000,	Top-5 err = 57.360000,	train_time = 3.678094
TRAIN Iter 27: loss = 0.003752,	Top-1 err = 82.810000,	Top-5 err = 59.300000,	train_time = 3.724638
TRAIN Iter 28: loss = 0.003836,	Top-1 err = 80.940000,	Top-5 err = 56.700000,	train_time = 3.791000
TRAIN Iter 29: loss = 0.003724,	Top-1 err = 78.280000,	Top-5 err = 51.830000,	train_time = 3.744802
TRAIN Iter 30: loss = 0.003712,	Top-1 err = 82.070000,	Top-5 err = 58.350000,	train_time = 3.588350
TRAIN Iter 31: loss = 0.003596,	Top-1 err = 79.310000,	Top-5 err = 53.960000,	train_time = 3.922435
TRAIN Iter 32: loss = 0.003624,	Top-1 err = 79.460000,	Top-5 err = 53.410000,	train_time = 3.725627
TRAIN Iter 33: loss = 0.003591,	Top-1 err = 81.740000,	Top-5 err = 58.330000,	train_time = 3.799704
TRAIN Iter 34: loss = 0.003527,	Top-1 err = 83.610000,	Top-5 err = 61.320000,	train_time = 3.952211
TRAIN Iter 35: loss = 0.003488,	Top-1 err = 79.380000,	Top-5 err = 54.450000,	train_time = 3.764375
TRAIN Iter 36: loss = 0.003442,	Top-1 err = 78.420000,	Top-5 err = 52.510000,	train_time = 3.772603
TRAIN Iter 37: loss = 0.003397,	Top-1 err = 79.790000,	Top-5 err = 54.410000,	train_time = 3.761394
TRAIN Iter 38: loss = 0.003387,	Top-1 err = 81.210000,	Top-5 err = 58.230000,	train_time = 3.776285
TRAIN Iter 39: loss = 0.003379,	Top-1 err = 79.180000,	Top-5 err = 53.770000,	train_time = 3.894358
TRAIN Iter 40: loss = 0.003313,	Top-1 err = 79.820000,	Top-5 err = 54.690000,	train_time = 3.803107
TRAIN Iter 41: loss = 0.003334,	Top-1 err = 80.750000,	Top-5 err = 57.310000,	train_time = 3.933402
TRAIN Iter 42: loss = 0.003325,	Top-1 err = 76.050000,	Top-5 err = 49.220000,	train_time = 3.676630
TRAIN Iter 43: loss = 0.003291,	Top-1 err = 79.930000,	Top-5 err = 56.660000,	train_time = 3.788727
TRAIN Iter 44: loss = 0.003202,	Top-1 err = 78.260000,	Top-5 err = 53.880000,	train_time = 3.756905
TRAIN Iter 45: loss = 0.003204,	Top-1 err = 80.910000,	Top-5 err = 58.300000,	train_time = 3.773554
TRAIN Iter 46: loss = 0.003157,	Top-1 err = 79.150000,	Top-5 err = 55.150000,	train_time = 3.818087
TRAIN Iter 47: loss = 0.003149,	Top-1 err = 80.160000,	Top-5 err = 56.540000,	train_time = 3.875025
TRAIN Iter 48: loss = 0.003145,	Top-1 err = 76.520000,	Top-5 err = 50.310000,	train_time = 3.946617
TRAIN Iter 49: loss = 0.003143,	Top-1 err = 78.010000,	Top-5 err = 52.660000,	train_time = 3.952689
TRAIN Iter 50: loss = 0.003043,	Top-1 err = 79.830000,	Top-5 err = 56.130000,	train_time = 3.784354
TRAIN Iter 51: loss = 0.002990,	Top-1 err = 79.730000,	Top-5 err = 55.640000,	train_time = 3.841711
TRAIN Iter 52: loss = 0.003027,	Top-1 err = 78.490000,	Top-5 err = 54.300000,	train_time = 3.812432
TRAIN Iter 53: loss = 0.003058,	Top-1 err = 79.760000,	Top-5 err = 54.940000,	train_time = 3.873991
TRAIN Iter 54: loss = 0.003025,	Top-1 err = 79.270000,	Top-5 err = 55.040000,	train_time = 3.687033
TRAIN Iter 55: loss = 0.002996,	Top-1 err = 75.310000,	Top-5 err = 49.930000,	train_time = 3.750018
TRAIN Iter 56: loss = 0.002984,	Top-1 err = 77.450000,	Top-5 err = 53.210000,	train_time = 3.894419
TRAIN Iter 57: loss = 0.002926,	Top-1 err = 76.160000,	Top-5 err = 49.450000,	train_time = 3.758180
TRAIN Iter 58: loss = 0.002912,	Top-1 err = 74.150000,	Top-5 err = 47.370000,	train_time = 3.828444
TRAIN Iter 59: loss = 0.002890,	Top-1 err = 75.680000,	Top-5 err = 49.490000,	train_time = 3.524292
TRAIN Iter 60: loss = 0.002875,	Top-1 err = 78.530000,	Top-5 err = 53.410000,	train_time = 3.685723
TRAIN Iter 61: loss = 0.002865,	Top-1 err = 78.630000,	Top-5 err = 54.200000,	train_time = 3.838783
TRAIN Iter 62: loss = 0.002805,	Top-1 err = 77.720000,	Top-5 err = 53.390000,	train_time = 3.765088
TRAIN Iter 63: loss = 0.002796,	Top-1 err = 77.180000,	Top-5 err = 51.380000,	train_time = 3.732343
TRAIN Iter 64: loss = 0.002825,	Top-1 err = 77.620000,	Top-5 err = 54.230000,	train_time = 3.814173
TRAIN Iter 65: loss = 0.002768,	Top-1 err = 73.340000,	Top-5 err = 45.730000,	train_time = 3.713217
TRAIN Iter 66: loss = 0.002780,	Top-1 err = 77.020000,	Top-5 err = 52.180000,	train_time = 3.785187
TRAIN Iter 67: loss = 0.002763,	Top-1 err = 77.350000,	Top-5 err = 52.030000,	train_time = 3.773052
TRAIN Iter 68: loss = 0.002719,	Top-1 err = 79.380000,	Top-5 err = 55.710000,	train_time = 3.755098
TRAIN Iter 69: loss = 0.002727,	Top-1 err = 77.270000,	Top-5 err = 52.060000,	train_time = 3.676232
TRAIN Iter 70: loss = 0.002749,	Top-1 err = 79.540000,	Top-5 err = 56.050000,	train_time = 3.765598
TRAIN Iter 71: loss = 0.002709,	Top-1 err = 75.690000,	Top-5 err = 50.110000,	train_time = 3.908082
TRAIN Iter 72: loss = 0.002718,	Top-1 err = 79.210000,	Top-5 err = 55.530000,	train_time = 3.780613
TRAIN Iter 73: loss = 0.002688,	Top-1 err = 79.420000,	Top-5 err = 56.160000,	train_time = 3.838761
TRAIN Iter 74: loss = 0.002627,	Top-1 err = 80.420000,	Top-5 err = 57.950000,	train_time = 3.857048
TRAIN Iter 75: loss = 0.002583,	Top-1 err = 78.780000,	Top-5 err = 54.850000,	train_time = 3.719349
TRAIN Iter 76: loss = 0.002612,	Top-1 err = 74.410000,	Top-5 err = 47.930000,	train_time = 3.692152
TRAIN Iter 77: loss = 0.002656,	Top-1 err = 76.060000,	Top-5 err = 51.110000,	train_time = 3.781125
TRAIN Iter 78: loss = 0.002633,	Top-1 err = 77.920000,	Top-5 err = 54.320000,	train_time = 3.684963
TRAIN Iter 79: loss = 0.002607,	Top-1 err = 75.270000,	Top-5 err = 50.870000,	train_time = 3.784299
TRAIN Iter 80: loss = 0.002628,	Top-1 err = 77.170000,	Top-5 err = 52.230000,	train_time = 3.976089
TRAIN Iter 81: loss = 0.002535,	Top-1 err = 74.580000,	Top-5 err = 49.200000,	train_time = 3.710714
TRAIN Iter 82: loss = 0.002564,	Top-1 err = 76.110000,	Top-5 err = 51.130000,	train_time = 3.719140
TRAIN Iter 83: loss = 0.002507,	Top-1 err = 75.930000,	Top-5 err = 50.220000,	train_time = 3.819448
TRAIN Iter 84: loss = 0.002529,	Top-1 err = 75.030000,	Top-5 err = 49.600000,	train_time = 3.847744
TRAIN Iter 85: loss = 0.002527,	Top-1 err = 75.790000,	Top-5 err = 50.700000,	train_time = 3.910083
TRAIN Iter 86: loss = 0.002541,	Top-1 err = 78.280000,	Top-5 err = 54.350000,	train_time = 3.743320
TRAIN Iter 87: loss = 0.002511,	Top-1 err = 75.130000,	Top-5 err = 49.370000,	train_time = 3.944415
TRAIN Iter 88: loss = 0.002445,	Top-1 err = 76.160000,	Top-5 err = 50.970000,	train_time = 3.870395
TRAIN Iter 89: loss = 0.002476,	Top-1 err = 76.380000,	Top-5 err = 52.400000,	train_time = 3.653510
TRAIN Iter 90: loss = 0.002422,	Top-1 err = 76.110000,	Top-5 err = 50.540000,	train_time = 3.854723
TRAIN Iter 91: loss = 0.002419,	Top-1 err = 76.560000,	Top-5 err = 52.050000,	train_time = 3.762332
TRAIN Iter 92: loss = 0.002410,	Top-1 err = 76.590000,	Top-5 err = 52.050000,	train_time = 3.901691
TRAIN Iter 93: loss = 0.002433,	Top-1 err = 77.250000,	Top-5 err = 53.630000,	train_time = 3.785582
TRAIN Iter 94: loss = 0.002419,	Top-1 err = 76.590000,	Top-5 err = 53.270000,	train_time = 3.677818
TRAIN Iter 95: loss = 0.002384,	Top-1 err = 77.070000,	Top-5 err = 51.940000,	train_time = 3.827068
TRAIN Iter 96: loss = 0.002398,	Top-1 err = 75.480000,	Top-5 err = 51.180000,	train_time = 3.869113
TRAIN Iter 97: loss = 0.002294,	Top-1 err = 78.440000,	Top-5 err = 54.970000,	train_time = 3.782302
TRAIN Iter 98: loss = 0.002308,	Top-1 err = 75.340000,	Top-5 err = 50.400000,	train_time = 3.750012
TRAIN Iter 99: loss = 0.002326,	Top-1 err = 72.320000,	Top-5 err = 46.150000,	train_time = 3.716739
TRAIN Iter 100: loss = 0.002300,	Top-1 err = 76.530000,	Top-5 err = 52.500000,	train_time = 3.909620
TRAIN Iter 101: loss = 0.002288,	Top-1 err = 77.190000,	Top-5 err = 52.980000,	train_time = 3.686234
TRAIN Iter 102: loss = 0.002281,	Top-1 err = 74.160000,	Top-5 err = 48.380000,	train_time = 3.743029
TRAIN Iter 103: loss = 0.002250,	Top-1 err = 76.240000,	Top-5 err = 51.940000,	train_time = 3.647753
TRAIN Iter 104: loss = 0.002311,	Top-1 err = 75.960000,	Top-5 err = 50.670000,	train_time = 3.868800
TRAIN Iter 105: loss = 0.002218,	Top-1 err = 76.780000,	Top-5 err = 52.830000,	train_time = 3.634752
TRAIN Iter 106: loss = 0.002222,	Top-1 err = 73.700000,	Top-5 err = 48.200000,	train_time = 3.639837
TRAIN Iter 107: loss = 0.002270,	Top-1 err = 77.540000,	Top-5 err = 53.400000,	train_time = 3.676971
TRAIN Iter 108: loss = 0.002196,	Top-1 err = 73.600000,	Top-5 err = 47.610000,	train_time = 3.803867
TRAIN Iter 109: loss = 0.002260,	Top-1 err = 78.270000,	Top-5 err = 55.560000,	train_time = 3.791877
TRAIN Iter 110: loss = 0.002178,	Top-1 err = 75.760000,	Top-5 err = 50.830000,	train_time = 3.950624
TRAIN Iter 111: loss = 0.002207,	Top-1 err = 74.690000,	Top-5 err = 49.740000,	train_time = 3.776443
TRAIN Iter 112: loss = 0.002215,	Top-1 err = 78.260000,	Top-5 err = 55.630000,	train_time = 3.884108
TRAIN Iter 113: loss = 0.002187,	Top-1 err = 76.880000,	Top-5 err = 53.080000,	train_time = 3.783862
TRAIN Iter 114: loss = 0.002155,	Top-1 err = 75.240000,	Top-5 err = 50.830000,	train_time = 3.883538
TRAIN Iter 115: loss = 0.002180,	Top-1 err = 74.580000,	Top-5 err = 50.560000,	train_time = 3.935422
TRAIN Iter 116: loss = 0.002104,	Top-1 err = 75.140000,	Top-5 err = 50.560000,	train_time = 3.887054
TRAIN Iter 117: loss = 0.002149,	Top-1 err = 75.790000,	Top-5 err = 51.930000,	train_time = 3.813581
TRAIN Iter 118: loss = 0.002131,	Top-1 err = 77.890000,	Top-5 err = 54.550000,	train_time = 3.732624
TRAIN Iter 119: loss = 0.002126,	Top-1 err = 79.360000,	Top-5 err = 56.640000,	train_time = 3.818842
TRAIN Iter 120: loss = 0.002091,	Top-1 err = 76.230000,	Top-5 err = 51.560000,	train_time = 3.690384
TRAIN Iter 121: loss = 0.002071,	Top-1 err = 74.660000,	Top-5 err = 49.620000,	train_time = 3.761741
TRAIN Iter 122: loss = 0.002101,	Top-1 err = 75.370000,	Top-5 err = 50.420000,	train_time = 3.895188
TRAIN Iter 123: loss = 0.002081,	Top-1 err = 76.220000,	Top-5 err = 52.320000,	train_time = 3.757932
TRAIN Iter 124: loss = 0.002068,	Top-1 err = 77.420000,	Top-5 err = 53.000000,	train_time = 3.851700
TRAIN Iter 125: loss = 0.002036,	Top-1 err = 74.120000,	Top-5 err = 50.460000,	train_time = 3.760394
TRAIN Iter 126: loss = 0.002059,	Top-1 err = 74.370000,	Top-5 err = 49.870000,	train_time = 3.918315
TRAIN Iter 127: loss = 0.002001,	Top-1 err = 77.490000,	Top-5 err = 53.320000,	train_time = 3.773625
TRAIN Iter 128: loss = 0.001994,	Top-1 err = 74.220000,	Top-5 err = 48.910000,	train_time = 3.761222
TRAIN Iter 129: loss = 0.002010,	Top-1 err = 73.740000,	Top-5 err = 48.930000,	train_time = 3.664413
TRAIN Iter 130: loss = 0.001963,	Top-1 err = 72.840000,	Top-5 err = 46.930000,	train_time = 3.857839
TRAIN Iter 131: loss = 0.001959,	Top-1 err = 75.380000,	Top-5 err = 50.930000,	train_time = 3.723796
TRAIN Iter 132: loss = 0.001942,	Top-1 err = 76.410000,	Top-5 err = 52.870000,	train_time = 3.889636
TRAIN Iter 133: loss = 0.001985,	Top-1 err = 75.250000,	Top-5 err = 50.050000,	train_time = 3.664416
TRAIN Iter 134: loss = 0.002001,	Top-1 err = 75.840000,	Top-5 err = 53.220000,	train_time = 3.645824
TRAIN Iter 135: loss = 0.001927,	Top-1 err = 76.760000,	Top-5 err = 52.480000,	train_time = 3.828715
TRAIN Iter 136: loss = 0.001968,	Top-1 err = 76.860000,	Top-5 err = 52.910000,	train_time = 3.692784
TRAIN Iter 137: loss = 0.001897,	Top-1 err = 74.490000,	Top-5 err = 49.440000,	train_time = 3.799659
TRAIN Iter 138: loss = 0.001932,	Top-1 err = 73.140000,	Top-5 err = 48.150000,	train_time = 3.750479
TRAIN Iter 139: loss = 0.001899,	Top-1 err = 74.500000,	Top-5 err = 50.150000,	train_time = 3.880009
TRAIN Iter 140: loss = 0.001850,	Top-1 err = 77.010000,	Top-5 err = 52.850000,	train_time = 3.668221
TRAIN Iter 141: loss = 0.001873,	Top-1 err = 74.790000,	Top-5 err = 50.040000,	train_time = 3.719462
TRAIN Iter 142: loss = 0.001856,	Top-1 err = 76.580000,	Top-5 err = 52.060000,	train_time = 3.802831
TRAIN Iter 143: loss = 0.001796,	Top-1 err = 76.580000,	Top-5 err = 52.940000,	train_time = 3.872068
TRAIN Iter 144: loss = 0.001820,	Top-1 err = 75.780000,	Top-5 err = 49.800000,	train_time = 3.791133
TRAIN Iter 145: loss = 0.001848,	Top-1 err = 74.950000,	Top-5 err = 49.650000,	train_time = 3.888686
TRAIN Iter 146: loss = 0.001857,	Top-1 err = 75.360000,	Top-5 err = 51.210000,	train_time = 3.669933
TRAIN Iter 147: loss = 0.001839,	Top-1 err = 74.590000,	Top-5 err = 49.170000,	train_time = 3.741002
TRAIN Iter 148: loss = 0.001842,	Top-1 err = 75.690000,	Top-5 err = 51.960000,	train_time = 3.977909
TRAIN Iter 149: loss = 0.001788,	Top-1 err = 72.520000,	Top-5 err = 46.860000,	train_time = 3.744915
TRAIN Iter 150: loss = 0.001781,	Top-1 err = 73.060000,	Top-5 err = 47.300000,	train_time = 3.704664
TRAIN Iter 151: loss = 0.001775,	Top-1 err = 76.530000,	Top-5 err = 53.090000,	train_time = 3.868767
TRAIN Iter 152: loss = 0.001802,	Top-1 err = 75.350000,	Top-5 err = 52.050000,	train_time = 3.890368
TRAIN Iter 153: loss = 0.001779,	Top-1 err = 72.560000,	Top-5 err = 46.870000,	train_time = 3.807659
TRAIN Iter 154: loss = 0.001780,	Top-1 err = 74.900000,	Top-5 err = 50.870000,	train_time = 3.612799
TRAIN Iter 155: loss = 0.001725,	Top-1 err = 74.750000,	Top-5 err = 49.570000,	train_time = 3.979137
TRAIN Iter 156: loss = 0.001739,	Top-1 err = 74.340000,	Top-5 err = 50.260000,	train_time = 3.849749
TRAIN Iter 157: loss = 0.001714,	Top-1 err = 76.990000,	Top-5 err = 53.210000,	train_time = 3.930968
TRAIN Iter 158: loss = 0.001706,	Top-1 err = 73.240000,	Top-5 err = 48.050000,	train_time = 3.960730
TRAIN Iter 159: loss = 0.001690,	Top-1 err = 73.400000,	Top-5 err = 47.940000,	train_time = 3.802577
TRAIN Iter 160: loss = 0.001723,	Top-1 err = 75.010000,	Top-5 err = 51.400000,	train_time = 3.910666
TRAIN Iter 161: loss = 0.001722,	Top-1 err = 75.500000,	Top-5 err = 51.640000,	train_time = 3.861196
TRAIN Iter 162: loss = 0.001748,	Top-1 err = 75.120000,	Top-5 err = 51.760000,	train_time = 3.923456
TRAIN Iter 163: loss = 0.001718,	Top-1 err = 76.940000,	Top-5 err = 53.380000,	train_time = 3.850499
TRAIN Iter 164: loss = 0.001694,	Top-1 err = 77.720000,	Top-5 err = 54.850000,	train_time = 3.829240
TRAIN Iter 165: loss = 0.001636,	Top-1 err = 73.980000,	Top-5 err = 49.790000,	train_time = 3.794385
TRAIN Iter 166: loss = 0.001652,	Top-1 err = 72.290000,	Top-5 err = 45.850000,	train_time = 3.704533
TRAIN Iter 167: loss = 0.001640,	Top-1 err = 75.650000,	Top-5 err = 52.550000,	train_time = 3.797187
TRAIN Iter 168: loss = 0.001673,	Top-1 err = 75.350000,	Top-5 err = 52.010000,	train_time = 3.938251
TRAIN Iter 169: loss = 0.001627,	Top-1 err = 71.870000,	Top-5 err = 47.520000,	train_time = 3.776330
TRAIN Iter 170: loss = 0.001631,	Top-1 err = 70.360000,	Top-5 err = 44.680000,	train_time = 3.912965
TRAIN Iter 171: loss = 0.001602,	Top-1 err = 76.220000,	Top-5 err = 51.000000,	train_time = 3.673369
TRAIN Iter 172: loss = 0.001570,	Top-1 err = 74.970000,	Top-5 err = 50.590000,	train_time = 3.895830
TRAIN Iter 173: loss = 0.001587,	Top-1 err = 73.060000,	Top-5 err = 47.810000,	train_time = 3.790258
TRAIN Iter 174: loss = 0.001616,	Top-1 err = 76.810000,	Top-5 err = 54.000000,	train_time = 3.765548
TRAIN Iter 175: loss = 0.001599,	Top-1 err = 74.700000,	Top-5 err = 49.930000,	train_time = 3.832293
TRAIN Iter 176: loss = 0.001596,	Top-1 err = 76.300000,	Top-5 err = 53.210000,	train_time = 3.866653
TRAIN Iter 177: loss = 0.001595,	Top-1 err = 74.600000,	Top-5 err = 50.430000,	train_time = 3.866891
TRAIN Iter 178: loss = 0.001561,	Top-1 err = 73.840000,	Top-5 err = 49.810000,	train_time = 3.828009
TRAIN Iter 179: loss = 0.001569,	Top-1 err = 76.570000,	Top-5 err = 53.680000,	train_time = 3.840799
TRAIN Iter 180: loss = 0.001585,	Top-1 err = 75.340000,	Top-5 err = 50.440000,	train_time = 3.931157
TRAIN Iter 181: loss = 0.001534,	Top-1 err = 74.920000,	Top-5 err = 51.230000,	train_time = 3.705636
TRAIN Iter 182: loss = 0.001555,	Top-1 err = 69.860000,	Top-5 err = 44.050000,	train_time = 3.752884
TRAIN Iter 183: loss = 0.001500,	Top-1 err = 72.800000,	Top-5 err = 46.780000,	train_time = 3.783055
TRAIN Iter 184: loss = 0.001512,	Top-1 err = 76.960000,	Top-5 err = 53.160000,	train_time = 3.836935
TRAIN Iter 185: loss = 0.001496,	Top-1 err = 74.910000,	Top-5 err = 50.170000,	train_time = 3.727650
TRAIN Iter 186: loss = 0.001486,	Top-1 err = 75.240000,	Top-5 err = 51.520000,	train_time = 3.829100
TRAIN Iter 187: loss = 0.001482,	Top-1 err = 76.910000,	Top-5 err = 53.110000,	train_time = 3.887516
TRAIN Iter 188: loss = 0.001525,	Top-1 err = 71.940000,	Top-5 err = 46.540000,	train_time = 3.897117
TRAIN Iter 189: loss = 0.001507,	Top-1 err = 73.100000,	Top-5 err = 46.930000,	train_time = 3.764586
TRAIN Iter 190: loss = 0.001462,	Top-1 err = 74.610000,	Top-5 err = 51.290000,	train_time = 3.871460
TRAIN Iter 191: loss = 0.001439,	Top-1 err = 73.870000,	Top-5 err = 48.380000,	train_time = 3.660713
TRAIN Iter 192: loss = 0.001468,	Top-1 err = 75.910000,	Top-5 err = 52.880000,	train_time = 3.764397
TRAIN Iter 193: loss = 0.001450,	Top-1 err = 70.100000,	Top-5 err = 43.880000,	train_time = 3.837931
TRAIN Iter 194: loss = 0.001464,	Top-1 err = 74.090000,	Top-5 err = 50.160000,	train_time = 3.826248
TRAIN Iter 195: loss = 0.001461,	Top-1 err = 75.970000,	Top-5 err = 53.320000,	train_time = 3.818886
TRAIN Iter 196: loss = 0.001438,	Top-1 err = 74.140000,	Top-5 err = 49.150000,	train_time = 3.821766
TRAIN Iter 197: loss = 0.001403,	Top-1 err = 73.830000,	Top-5 err = 50.190000,	train_time = 3.796744
TRAIN Iter 198: loss = 0.001417,	Top-1 err = 74.610000,	Top-5 err = 50.350000,	train_time = 3.794122
TRAIN Iter 199: loss = 0.001446,	Top-1 err = 73.640000,	Top-5 err = 49.570000,	train_time = 3.894303
TRAIN Iter 200: loss = 0.001446,	Top-1 err = 73.160000,	Top-5 err = 47.470000,	train_time = 3.837815
TRAIN Iter 201: loss = 0.001415,	Top-1 err = 72.700000,	Top-5 err = 48.710000,	train_time = 3.738705
TRAIN Iter 202: loss = 0.001423,	Top-1 err = 74.880000,	Top-5 err = 50.080000,	train_time = 3.660052
TRAIN Iter 203: loss = 0.001385,	Top-1 err = 72.310000,	Top-5 err = 47.030000,	train_time = 3.856287
TRAIN Iter 204: loss = 0.001372,	Top-1 err = 72.800000,	Top-5 err = 48.960000,	train_time = 3.813659
TRAIN Iter 205: loss = 0.001376,	Top-1 err = 73.880000,	Top-5 err = 50.480000,	train_time = 3.783576
TRAIN Iter 206: loss = 0.001353,	Top-1 err = 73.620000,	Top-5 err = 49.350000,	train_time = 3.934205
TRAIN Iter 207: loss = 0.001386,	Top-1 err = 76.010000,	Top-5 err = 52.930000,	train_time = 3.849630
TRAIN Iter 208: loss = 0.001351,	Top-1 err = 69.930000,	Top-5 err = 44.990000,	train_time = 3.838306
TRAIN Iter 209: loss = 0.001333,	Top-1 err = 74.900000,	Top-5 err = 50.320000,	train_time = 3.736839
TRAIN Iter 210: loss = 0.001351,	Top-1 err = 73.020000,	Top-5 err = 48.700000,	train_time = 3.854565
TRAIN Iter 211: loss = 0.001317,	Top-1 err = 75.170000,	Top-5 err = 52.670000,	train_time = 3.775376
TRAIN Iter 212: loss = 0.001319,	Top-1 err = 75.070000,	Top-5 err = 51.340000,	train_time = 3.777984
TRAIN Iter 213: loss = 0.001303,	Top-1 err = 77.540000,	Top-5 err = 54.670000,	train_time = 3.927007
TRAIN Iter 214: loss = 0.001333,	Top-1 err = 69.680000,	Top-5 err = 43.060000,	train_time = 3.671428
TRAIN Iter 215: loss = 0.001307,	Top-1 err = 69.140000,	Top-5 err = 44.170000,	train_time = 3.939597
TRAIN Iter 216: loss = 0.001280,	Top-1 err = 72.400000,	Top-5 err = 46.790000,	train_time = 3.845105
TRAIN Iter 217: loss = 0.001280,	Top-1 err = 70.860000,	Top-5 err = 45.180000,	train_time = 3.685936
TRAIN Iter 218: loss = 0.001279,	Top-1 err = 75.040000,	Top-5 err = 50.330000,	train_time = 3.772800
TRAIN Iter 219: loss = 0.001276,	Top-1 err = 73.000000,	Top-5 err = 48.670000,	train_time = 3.619561
TRAIN Iter 220: loss = 0.001285,	Top-1 err = 71.340000,	Top-5 err = 46.670000,	train_time = 3.658881
TRAIN Iter 221: loss = 0.001287,	Top-1 err = 75.620000,	Top-5 err = 52.850000,	train_time = 3.888601
TRAIN Iter 222: loss = 0.001254,	Top-1 err = 71.750000,	Top-5 err = 45.970000,	train_time = 3.747344
TRAIN Iter 223: loss = 0.001258,	Top-1 err = 72.600000,	Top-5 err = 48.890000,	train_time = 3.828069
TRAIN Iter 224: loss = 0.001227,	Top-1 err = 73.420000,	Top-5 err = 48.830000,	train_time = 3.706977
TRAIN Iter 225: loss = 0.001254,	Top-1 err = 72.830000,	Top-5 err = 47.710000,	train_time = 3.866523
TRAIN Iter 226: loss = 0.001262,	Top-1 err = 74.130000,	Top-5 err = 48.940000,	train_time = 3.844911
TRAIN Iter 227: loss = 0.001249,	Top-1 err = 73.320000,	Top-5 err = 48.300000,	train_time = 3.869436
TRAIN Iter 228: loss = 0.001218,	Top-1 err = 71.800000,	Top-5 err = 48.000000,	train_time = 3.742221
TRAIN Iter 229: loss = 0.001226,	Top-1 err = 72.270000,	Top-5 err = 47.180000,	train_time = 3.889153
TRAIN Iter 230: loss = 0.001253,	Top-1 err = 73.320000,	Top-5 err = 50.500000,	train_time = 3.801337
TRAIN Iter 231: loss = 0.001212,	Top-1 err = 73.720000,	Top-5 err = 50.150000,	train_time = 3.687966
TRAIN Iter 232: loss = 0.001174,	Top-1 err = 72.360000,	Top-5 err = 48.880000,	train_time = 3.715271
TRAIN Iter 233: loss = 0.001209,	Top-1 err = 74.060000,	Top-5 err = 50.290000,	train_time = 3.986180
TRAIN Iter 234: loss = 0.001198,	Top-1 err = 73.080000,	Top-5 err = 49.020000,	train_time = 3.713156
TRAIN Iter 235: loss = 0.001205,	Top-1 err = 74.560000,	Top-5 err = 50.730000,	train_time = 3.740644
TRAIN Iter 236: loss = 0.001169,	Top-1 err = 74.000000,	Top-5 err = 50.040000,	train_time = 3.619202
TRAIN Iter 237: loss = 0.001209,	Top-1 err = 72.120000,	Top-5 err = 47.970000,	train_time = 3.803772
TRAIN Iter 238: loss = 0.001186,	Top-1 err = 72.880000,	Top-5 err = 47.690000,	train_time = 3.852327
TRAIN Iter 239: loss = 0.001166,	Top-1 err = 73.680000,	Top-5 err = 49.490000,	train_time = 3.788348
TRAIN Iter 240: loss = 0.001187,	Top-1 err = 75.000000,	Top-5 err = 51.530000,	train_time = 3.639282
TRAIN Iter 241: loss = 0.001195,	Top-1 err = 74.190000,	Top-5 err = 49.990000,	train_time = 3.841927
TRAIN Iter 242: loss = 0.001155,	Top-1 err = 73.980000,	Top-5 err = 48.880000,	train_time = 3.895194
TRAIN Iter 243: loss = 0.001134,	Top-1 err = 72.670000,	Top-5 err = 47.150000,	train_time = 3.784929
TRAIN Iter 244: loss = 0.001117,	Top-1 err = 70.600000,	Top-5 err = 44.990000,	train_time = 3.891952
TRAIN Iter 245: loss = 0.001110,	Top-1 err = 72.840000,	Top-5 err = 48.570000,	train_time = 3.723019
TRAIN Iter 246: loss = 0.001129,	Top-1 err = 75.740000,	Top-5 err = 52.550000,	train_time = 3.810186
TRAIN Iter 247: loss = 0.001123,	Top-1 err = 74.780000,	Top-5 err = 50.720000,	train_time = 3.720589
TRAIN Iter 248: loss = 0.001115,	Top-1 err = 73.520000,	Top-5 err = 48.800000,	train_time = 3.823209
TRAIN Iter 249: loss = 0.001103,	Top-1 err = 73.330000,	Top-5 err = 48.810000,	train_time = 3.859623
TEST:
Iter 249: loss = 2.268658,	Top-1 err = 52.750000,	Top-5 err = 27.090000,	val_time = 0.958635
TRAIN Iter 250: loss = 0.001102,	Top-1 err = 68.700000,	Top-5 err = 42.260000,	train_time = 3.597657
TRAIN Iter 251: loss = 0.001122,	Top-1 err = 71.360000,	Top-5 err = 46.470000,	train_time = 3.718392
TRAIN Iter 252: loss = 0.001083,	Top-1 err = 71.250000,	Top-5 err = 46.130000,	train_time = 3.890646
TRAIN Iter 253: loss = 0.001071,	Top-1 err = 71.570000,	Top-5 err = 46.920000,	train_time = 3.709982
TRAIN Iter 254: loss = 0.001105,	Top-1 err = 70.530000,	Top-5 err = 45.590000,	train_time = 3.770090
TRAIN Iter 255: loss = 0.001075,	Top-1 err = 71.740000,	Top-5 err = 48.680000,	train_time = 3.787627
TRAIN Iter 256: loss = 0.001095,	Top-1 err = 70.980000,	Top-5 err = 46.650000,	train_time = 3.831178
TRAIN Iter 257: loss = 0.001064,	Top-1 err = 71.880000,	Top-5 err = 46.890000,	train_time = 3.892217
TRAIN Iter 258: loss = 0.001032,	Top-1 err = 70.430000,	Top-5 err = 44.550000,	train_time = 3.706222
TRAIN Iter 259: loss = 0.001047,	Top-1 err = 73.120000,	Top-5 err = 48.670000,	train_time = 3.651127
TEST:
Iter 259: loss = 2.240786,	Top-1 err = 52.820000,	Top-5 err = 26.520000,	val_time = 1.020047
TRAIN Iter 260: loss = 0.001087,	Top-1 err = 73.770000,	Top-5 err = 50.460000,	train_time = 3.714125
TRAIN Iter 261: loss = 0.001020,	Top-1 err = 70.140000,	Top-5 err = 45.470000,	train_time = 3.823465
TRAIN Iter 262: loss = 0.001073,	Top-1 err = 73.260000,	Top-5 err = 48.950000,	train_time = 4.016344
TRAIN Iter 263: loss = 0.001046,	Top-1 err = 71.090000,	Top-5 err = 46.770000,	train_time = 3.688269
TRAIN Iter 264: loss = 0.001042,	Top-1 err = 71.790000,	Top-5 err = 47.970000,	train_time = 3.785234
TRAIN Iter 265: loss = 0.001018,	Top-1 err = 71.450000,	Top-5 err = 45.930000,	train_time = 3.640476
TRAIN Iter 266: loss = 0.001034,	Top-1 err = 74.820000,	Top-5 err = 52.550000,	train_time = 3.896933
TRAIN Iter 267: loss = 0.000984,	Top-1 err = 72.380000,	Top-5 err = 47.370000,	train_time = 4.039361
TRAIN Iter 268: loss = 0.001033,	Top-1 err = 73.930000,	Top-5 err = 50.720000,	train_time = 3.838323
TRAIN Iter 269: loss = 0.000983,	Top-1 err = 72.310000,	Top-5 err = 47.910000,	train_time = 3.646391
TEST:
Iter 269: loss = 2.253053,	Top-1 err = 52.380000,	Top-5 err = 26.650000,	val_time = 0.946783
TRAIN Iter 270: loss = 0.001013,	Top-1 err = 73.110000,	Top-5 err = 49.160000,	train_time = 3.694727
TRAIN Iter 271: loss = 0.001014,	Top-1 err = 73.360000,	Top-5 err = 48.620000,	train_time = 3.837183
TRAIN Iter 272: loss = 0.001001,	Top-1 err = 75.360000,	Top-5 err = 52.720000,	train_time = 3.925362
TRAIN Iter 273: loss = 0.001024,	Top-1 err = 74.580000,	Top-5 err = 50.880000,	train_time = 3.741300
TRAIN Iter 274: loss = 0.000986,	Top-1 err = 72.090000,	Top-5 err = 47.500000,	train_time = 3.942048
TRAIN Iter 275: loss = 0.001001,	Top-1 err = 75.280000,	Top-5 err = 52.040000,	train_time = 3.667938
TRAIN Iter 276: loss = 0.000978,	Top-1 err = 70.960000,	Top-5 err = 45.810000,	train_time = 3.825121
TRAIN Iter 277: loss = 0.000954,	Top-1 err = 74.120000,	Top-5 err = 48.940000,	train_time = 3.840855
TRAIN Iter 278: loss = 0.000945,	Top-1 err = 70.250000,	Top-5 err = 44.260000,	train_time = 3.937712
TRAIN Iter 279: loss = 0.000975,	Top-1 err = 73.570000,	Top-5 err = 49.610000,	train_time = 3.856478
TEST:
Iter 279: loss = 2.235119,	Top-1 err = 52.340000,	Top-5 err = 26.540000,	val_time = 0.941948
TRAIN Iter 280: loss = 0.000973,	Top-1 err = 73.230000,	Top-5 err = 49.260000,	train_time = 3.860249
TRAIN Iter 281: loss = 0.000941,	Top-1 err = 73.860000,	Top-5 err = 49.850000,	train_time = 3.854170
TRAIN Iter 282: loss = 0.000968,	Top-1 err = 70.260000,	Top-5 err = 45.200000,	train_time = 3.714626
TRAIN Iter 283: loss = 0.000911,	Top-1 err = 72.520000,	Top-5 err = 47.300000,	train_time = 3.761012
TRAIN Iter 284: loss = 0.000961,	Top-1 err = 69.090000,	Top-5 err = 44.770000,	train_time = 3.834921
TRAIN Iter 285: loss = 0.000931,	Top-1 err = 74.220000,	Top-5 err = 49.580000,	train_time = 3.830317
TRAIN Iter 286: loss = 0.000934,	Top-1 err = 71.200000,	Top-5 err = 46.940000,	train_time = 3.674076
TRAIN Iter 287: loss = 0.000937,	Top-1 err = 70.700000,	Top-5 err = 45.660000,	train_time = 3.881986
TRAIN Iter 288: loss = 0.000929,	Top-1 err = 74.830000,	Top-5 err = 50.520000,	train_time = 3.769063
TRAIN Iter 289: loss = 0.000933,	Top-1 err = 69.680000,	Top-5 err = 45.020000,	train_time = 3.758672
TEST:
Iter 289: loss = 2.232055,	Top-1 err = 51.970000,	Top-5 err = 26.360000,	val_time = 0.958823
TRAIN Iter 290: loss = 0.000906,	Top-1 err = 72.560000,	Top-5 err = 48.600000,	train_time = 3.835040
TRAIN Iter 291: loss = 0.000905,	Top-1 err = 75.220000,	Top-5 err = 52.580000,	train_time = 3.875600
TRAIN Iter 292: loss = 0.000900,	Top-1 err = 70.980000,	Top-5 err = 45.860000,	train_time = 3.863912
TRAIN Iter 293: loss = 0.000909,	Top-1 err = 71.100000,	Top-5 err = 46.460000,	train_time = 3.789428
TRAIN Iter 294: loss = 0.000912,	Top-1 err = 75.710000,	Top-5 err = 51.840000,	train_time = 3.802121
TRAIN Iter 295: loss = 0.000893,	Top-1 err = 71.450000,	Top-5 err = 46.260000,	train_time = 3.756621
TRAIN Iter 296: loss = 0.000885,	Top-1 err = 71.140000,	Top-5 err = 46.390000,	train_time = 3.780026
TRAIN Iter 297: loss = 0.000928,	Top-1 err = 71.200000,	Top-5 err = 46.220000,	train_time = 3.941813
TRAIN Iter 298: loss = 0.000866,	Top-1 err = 71.840000,	Top-5 err = 47.770000,	train_time = 3.710855
TRAIN Iter 299: loss = 0.000864,	Top-1 err = 71.890000,	Top-5 err = 47.310000,	train_time = 4.150236
TEST:
Iter 299: loss = 2.208959,	Top-1 err = 51.700000,	Top-5 err = 26.170000,	val_time = 0.959685
Train Finish! Best accuracy is 48.3@299
