=> using pytorch pre-trained teacher model 'conv4'
process data from /home/dvspanos/nikos/ca2d/artifacts/rded_sets/tin_sharpfl_ipc10
load data successfully
TRAIN Iter 0: loss = 0.021237,	Top-1 err = 99.600000,	Top-5 err = 97.050000,	train_time = 3.559813
TRAIN Iter 1: loss = 0.018433,	Top-1 err = 98.550000,	Top-5 err = 93.150000,	train_time = 2.293017
TRAIN Iter 2: loss = 0.016137,	Top-1 err = 97.450000,	Top-5 err = 89.900000,	train_time = 2.105200
TRAIN Iter 3: loss = 0.015589,	Top-1 err = 95.900000,	Top-5 err = 85.150000,	train_time = 2.308242
TRAIN Iter 4: loss = 0.014189,	Top-1 err = 94.350000,	Top-5 err = 81.700000,	train_time = 2.268878
TRAIN Iter 5: loss = 0.014143,	Top-1 err = 92.550000,	Top-5 err = 74.250000,	train_time = 2.282012
TRAIN Iter 6: loss = 0.012223,	Top-1 err = 91.500000,	Top-5 err = 75.100000,	train_time = 2.284644
TRAIN Iter 7: loss = 0.011846,	Top-1 err = 89.800000,	Top-5 err = 71.600000,	train_time = 2.285643
TRAIN Iter 8: loss = 0.011430,	Top-1 err = 89.550000,	Top-5 err = 68.100000,	train_time = 2.281007
TRAIN Iter 9: loss = 0.011737,	Top-1 err = 87.250000,	Top-5 err = 67.800000,	train_time = 2.288011
TRAIN Iter 10: loss = 0.011554,	Top-1 err = 85.200000,	Top-5 err = 61.400000,	train_time = 2.296845
TRAIN Iter 11: loss = 0.010951,	Top-1 err = 86.850000,	Top-5 err = 66.200000,	train_time = 2.299986
TRAIN Iter 12: loss = 0.010885,	Top-1 err = 80.300000,	Top-5 err = 54.600000,	train_time = 2.288652
TRAIN Iter 13: loss = 0.010418,	Top-1 err = 86.650000,	Top-5 err = 63.950000,	train_time = 2.269594
TRAIN Iter 14: loss = 0.010011,	Top-1 err = 84.450000,	Top-5 err = 63.300000,	train_time = 2.269066
TRAIN Iter 15: loss = 0.009789,	Top-1 err = 82.550000,	Top-5 err = 60.750000,	train_time = 2.293837
TRAIN Iter 16: loss = 0.009312,	Top-1 err = 81.100000,	Top-5 err = 55.950000,	train_time = 2.259371
TRAIN Iter 17: loss = 0.008770,	Top-1 err = 83.200000,	Top-5 err = 60.200000,	train_time = 2.326957
TRAIN Iter 18: loss = 0.008864,	Top-1 err = 78.750000,	Top-5 err = 53.550000,	train_time = 2.317334
TRAIN Iter 19: loss = 0.008560,	Top-1 err = 84.050000,	Top-5 err = 60.750000,	train_time = 2.335949
TRAIN Iter 20: loss = 0.008538,	Top-1 err = 80.150000,	Top-5 err = 57.250000,	train_time = 2.331913
TRAIN Iter 21: loss = 0.008594,	Top-1 err = 74.600000,	Top-5 err = 45.700000,	train_time = 2.356345
TRAIN Iter 22: loss = 0.008196,	Top-1 err = 81.700000,	Top-5 err = 60.300000,	train_time = 2.333775
TRAIN Iter 23: loss = 0.008211,	Top-1 err = 76.850000,	Top-5 err = 49.550000,	train_time = 2.308595
TRAIN Iter 24: loss = 0.008368,	Top-1 err = 79.050000,	Top-5 err = 54.650000,	train_time = 2.325470
TRAIN Iter 25: loss = 0.008121,	Top-1 err = 75.350000,	Top-5 err = 49.050000,	train_time = 2.317924
TRAIN Iter 26: loss = 0.008104,	Top-1 err = 77.200000,	Top-5 err = 52.500000,	train_time = 2.365369
TRAIN Iter 27: loss = 0.007644,	Top-1 err = 77.300000,	Top-5 err = 53.250000,	train_time = 2.322278
TRAIN Iter 28: loss = 0.007878,	Top-1 err = 76.400000,	Top-5 err = 52.300000,	train_time = 2.365193
TRAIN Iter 29: loss = 0.007572,	Top-1 err = 82.400000,	Top-5 err = 62.650000,	train_time = 2.353134
TRAIN Iter 30: loss = 0.007355,	Top-1 err = 72.100000,	Top-5 err = 45.600000,	train_time = 2.307095
TRAIN Iter 31: loss = 0.007375,	Top-1 err = 73.050000,	Top-5 err = 49.200000,	train_time = 2.368431
TRAIN Iter 32: loss = 0.006955,	Top-1 err = 76.400000,	Top-5 err = 49.550000,	train_time = 2.339632
TRAIN Iter 33: loss = 0.006983,	Top-1 err = 72.250000,	Top-5 err = 46.800000,	train_time = 2.339173
TRAIN Iter 34: loss = 0.006789,	Top-1 err = 67.950000,	Top-5 err = 41.350000,	train_time = 2.383474
TRAIN Iter 35: loss = 0.006863,	Top-1 err = 71.650000,	Top-5 err = 46.150000,	train_time = 2.177492
TRAIN Iter 36: loss = 0.006789,	Top-1 err = 71.400000,	Top-5 err = 46.050000,	train_time = 2.366595
TRAIN Iter 37: loss = 0.006676,	Top-1 err = 69.300000,	Top-5 err = 43.050000,	train_time = 2.358957
TRAIN Iter 38: loss = 0.006645,	Top-1 err = 73.650000,	Top-5 err = 50.150000,	train_time = 2.313033
TRAIN Iter 39: loss = 0.006714,	Top-1 err = 65.200000,	Top-5 err = 38.450000,	train_time = 2.336962
TRAIN Iter 40: loss = 0.006677,	Top-1 err = 68.600000,	Top-5 err = 44.900000,	train_time = 2.394705
TRAIN Iter 41: loss = 0.006617,	Top-1 err = 65.200000,	Top-5 err = 37.500000,	train_time = 2.376129
TRAIN Iter 42: loss = 0.006470,	Top-1 err = 63.350000,	Top-5 err = 36.300000,	train_time = 2.334152
TRAIN Iter 43: loss = 0.006399,	Top-1 err = 72.500000,	Top-5 err = 49.700000,	train_time = 2.376407
TRAIN Iter 44: loss = 0.006248,	Top-1 err = 66.600000,	Top-5 err = 37.250000,	train_time = 2.354277
TRAIN Iter 45: loss = 0.006050,	Top-1 err = 69.100000,	Top-5 err = 44.700000,	train_time = 2.357955
TRAIN Iter 46: loss = 0.006102,	Top-1 err = 66.250000,	Top-5 err = 42.050000,	train_time = 2.376049
TRAIN Iter 47: loss = 0.006094,	Top-1 err = 64.100000,	Top-5 err = 38.000000,	train_time = 2.350769
TRAIN Iter 48: loss = 0.006042,	Top-1 err = 80.050000,	Top-5 err = 59.100000,	train_time = 2.377714
TRAIN Iter 49: loss = 0.005967,	Top-1 err = 70.850000,	Top-5 err = 47.800000,	train_time = 2.332266
TRAIN Iter 50: loss = 0.006029,	Top-1 err = 60.400000,	Top-5 err = 34.950000,	train_time = 2.393104
TRAIN Iter 51: loss = 0.005865,	Top-1 err = 69.900000,	Top-5 err = 45.000000,	train_time = 2.349488
TRAIN Iter 52: loss = 0.005738,	Top-1 err = 67.950000,	Top-5 err = 43.750000,	train_time = 2.392172
TRAIN Iter 53: loss = 0.005673,	Top-1 err = 67.200000,	Top-5 err = 43.350000,	train_time = 2.374150
TRAIN Iter 54: loss = 0.005431,	Top-1 err = 69.900000,	Top-5 err = 43.300000,	train_time = 2.399534
TRAIN Iter 55: loss = 0.005547,	Top-1 err = 63.400000,	Top-5 err = 39.800000,	train_time = 2.371920
TRAIN Iter 56: loss = 0.005591,	Top-1 err = 67.550000,	Top-5 err = 42.550000,	train_time = 2.417233
TRAIN Iter 57: loss = 0.005582,	Top-1 err = 63.150000,	Top-5 err = 35.750000,	train_time = 2.432870
TRAIN Iter 58: loss = 0.005508,	Top-1 err = 54.200000,	Top-5 err = 27.300000,	train_time = 2.366660
TRAIN Iter 59: loss = 0.005329,	Top-1 err = 61.950000,	Top-5 err = 37.350000,	train_time = 2.449234
TRAIN Iter 60: loss = 0.005437,	Top-1 err = 68.000000,	Top-5 err = 45.900000,	train_time = 2.394147
TRAIN Iter 61: loss = 0.005332,	Top-1 err = 62.650000,	Top-5 err = 39.250000,	train_time = 2.323545
TRAIN Iter 62: loss = 0.005249,	Top-1 err = 58.150000,	Top-5 err = 34.150000,	train_time = 2.361169
TRAIN Iter 63: loss = 0.005212,	Top-1 err = 69.300000,	Top-5 err = 47.050000,	train_time = 2.329794
TRAIN Iter 64: loss = 0.005249,	Top-1 err = 65.900000,	Top-5 err = 43.000000,	train_time = 2.387295
TRAIN Iter 65: loss = 0.005110,	Top-1 err = 55.750000,	Top-5 err = 29.300000,	train_time = 2.369444
TRAIN Iter 66: loss = 0.005258,	Top-1 err = 73.200000,	Top-5 err = 52.000000,	train_time = 2.302266
TRAIN Iter 67: loss = 0.004993,	Top-1 err = 58.250000,	Top-5 err = 29.800000,	train_time = 2.359058
TRAIN Iter 68: loss = 0.004975,	Top-1 err = 62.400000,	Top-5 err = 35.900000,	train_time = 2.392495
TRAIN Iter 69: loss = 0.005101,	Top-1 err = 70.600000,	Top-5 err = 48.200000,	train_time = 2.369841
TRAIN Iter 70: loss = 0.005019,	Top-1 err = 62.750000,	Top-5 err = 39.150000,	train_time = 2.327736
TRAIN Iter 71: loss = 0.004930,	Top-1 err = 70.850000,	Top-5 err = 48.650000,	train_time = 2.350307
TRAIN Iter 72: loss = 0.005079,	Top-1 err = 71.100000,	Top-5 err = 49.300000,	train_time = 2.353332
TRAIN Iter 73: loss = 0.005000,	Top-1 err = 67.550000,	Top-5 err = 43.900000,	train_time = 2.336644
TRAIN Iter 74: loss = 0.004983,	Top-1 err = 65.950000,	Top-5 err = 43.500000,	train_time = 2.356356
TRAIN Iter 75: loss = 0.005054,	Top-1 err = 55.100000,	Top-5 err = 32.100000,	train_time = 2.374946
TRAIN Iter 76: loss = 0.004725,	Top-1 err = 55.750000,	Top-5 err = 30.050000,	train_time = 2.365323
TRAIN Iter 77: loss = 0.004820,	Top-1 err = 52.100000,	Top-5 err = 26.900000,	train_time = 2.396442
TRAIN Iter 78: loss = 0.004866,	Top-1 err = 62.050000,	Top-5 err = 37.900000,	train_time = 2.376775
TRAIN Iter 79: loss = 0.004744,	Top-1 err = 51.400000,	Top-5 err = 26.300000,	train_time = 2.351288
TRAIN Iter 80: loss = 0.004834,	Top-1 err = 64.900000,	Top-5 err = 40.700000,	train_time = 2.372666
TRAIN Iter 81: loss = 0.004739,	Top-1 err = 60.900000,	Top-5 err = 33.950000,	train_time = 2.339174
TRAIN Iter 82: loss = 0.004764,	Top-1 err = 63.400000,	Top-5 err = 37.150000,	train_time = 2.364338
TRAIN Iter 83: loss = 0.004801,	Top-1 err = 51.650000,	Top-5 err = 27.850000,	train_time = 2.389500
TRAIN Iter 84: loss = 0.004710,	Top-1 err = 58.550000,	Top-5 err = 33.400000,	train_time = 2.333648
TRAIN Iter 85: loss = 0.004704,	Top-1 err = 63.200000,	Top-5 err = 40.850000,	train_time = 2.388804
TRAIN Iter 86: loss = 0.004653,	Top-1 err = 57.650000,	Top-5 err = 33.800000,	train_time = 2.359815
TRAIN Iter 87: loss = 0.004637,	Top-1 err = 62.800000,	Top-5 err = 40.150000,	train_time = 2.363796
TRAIN Iter 88: loss = 0.004543,	Top-1 err = 58.100000,	Top-5 err = 34.100000,	train_time = 2.373595
TRAIN Iter 89: loss = 0.004911,	Top-1 err = 61.400000,	Top-5 err = 37.250000,	train_time = 2.376103
TRAIN Iter 90: loss = 0.004715,	Top-1 err = 71.450000,	Top-5 err = 50.950000,	train_time = 2.289053
TRAIN Iter 91: loss = 0.004484,	Top-1 err = 56.850000,	Top-5 err = 33.600000,	train_time = 2.312606
TRAIN Iter 92: loss = 0.004418,	Top-1 err = 61.200000,	Top-5 err = 38.800000,	train_time = 2.379895
TRAIN Iter 93: loss = 0.004420,	Top-1 err = 52.650000,	Top-5 err = 27.850000,	train_time = 2.350248
TRAIN Iter 94: loss = 0.004523,	Top-1 err = 65.700000,	Top-5 err = 45.800000,	train_time = 2.388049
TRAIN Iter 95: loss = 0.004385,	Top-1 err = 60.550000,	Top-5 err = 35.400000,	train_time = 2.313470
TRAIN Iter 96: loss = 0.004363,	Top-1 err = 52.550000,	Top-5 err = 28.850000,	train_time = 2.394705
TRAIN Iter 97: loss = 0.004382,	Top-1 err = 58.700000,	Top-5 err = 32.900000,	train_time = 2.381871
TRAIN Iter 98: loss = 0.004540,	Top-1 err = 63.200000,	Top-5 err = 40.350000,	train_time = 2.356760
TRAIN Iter 99: loss = 0.004162,	Top-1 err = 51.600000,	Top-5 err = 25.550000,	train_time = 2.391527
TRAIN Iter 100: loss = 0.004335,	Top-1 err = 56.950000,	Top-5 err = 33.350000,	train_time = 2.395585
TRAIN Iter 101: loss = 0.004130,	Top-1 err = 49.950000,	Top-5 err = 23.750000,	train_time = 2.401324
TRAIN Iter 102: loss = 0.004067,	Top-1 err = 58.700000,	Top-5 err = 33.500000,	train_time = 2.395447
TRAIN Iter 103: loss = 0.004290,	Top-1 err = 59.950000,	Top-5 err = 35.400000,	train_time = 2.359445
TRAIN Iter 104: loss = 0.004172,	Top-1 err = 56.000000,	Top-5 err = 32.650000,	train_time = 2.351898
TRAIN Iter 105: loss = 0.004152,	Top-1 err = 64.600000,	Top-5 err = 39.600000,	train_time = 2.411212
TRAIN Iter 106: loss = 0.004273,	Top-1 err = 58.600000,	Top-5 err = 38.250000,	train_time = 2.406162
TRAIN Iter 107: loss = 0.004047,	Top-1 err = 53.600000,	Top-5 err = 27.600000,	train_time = 2.364776
TRAIN Iter 108: loss = 0.004227,	Top-1 err = 60.750000,	Top-5 err = 37.300000,	train_time = 2.295687
TRAIN Iter 109: loss = 0.004224,	Top-1 err = 60.900000,	Top-5 err = 39.050000,	train_time = 2.374918
TRAIN Iter 110: loss = 0.004072,	Top-1 err = 50.100000,	Top-5 err = 26.900000,	train_time = 2.372943
TRAIN Iter 111: loss = 0.004104,	Top-1 err = 53.600000,	Top-5 err = 30.100000,	train_time = 2.385844
TRAIN Iter 112: loss = 0.004118,	Top-1 err = 51.650000,	Top-5 err = 28.150000,	train_time = 2.298833
TRAIN Iter 113: loss = 0.004083,	Top-1 err = 54.100000,	Top-5 err = 30.850000,	train_time = 2.377344
TRAIN Iter 114: loss = 0.004138,	Top-1 err = 61.750000,	Top-5 err = 35.550000,	train_time = 2.362554
TRAIN Iter 115: loss = 0.004166,	Top-1 err = 66.700000,	Top-5 err = 45.100000,	train_time = 2.356045
TRAIN Iter 116: loss = 0.003870,	Top-1 err = 49.000000,	Top-5 err = 23.200000,	train_time = 2.356525
TRAIN Iter 117: loss = 0.003993,	Top-1 err = 58.600000,	Top-5 err = 38.550000,	train_time = 2.350140
TRAIN Iter 118: loss = 0.003983,	Top-1 err = 58.400000,	Top-5 err = 35.000000,	train_time = 2.262445
TRAIN Iter 119: loss = 0.003978,	Top-1 err = 56.450000,	Top-5 err = 32.100000,	train_time = 2.339036
TRAIN Iter 120: loss = 0.004034,	Top-1 err = 63.150000,	Top-5 err = 39.750000,	train_time = 2.361615
TRAIN Iter 121: loss = 0.003937,	Top-1 err = 59.850000,	Top-5 err = 36.150000,	train_time = 2.334471
TRAIN Iter 122: loss = 0.003952,	Top-1 err = 56.750000,	Top-5 err = 32.350000,	train_time = 2.360038
TRAIN Iter 123: loss = 0.003810,	Top-1 err = 43.550000,	Top-5 err = 25.500000,	train_time = 2.370304
TRAIN Iter 124: loss = 0.003847,	Top-1 err = 55.750000,	Top-5 err = 33.600000,	train_time = 2.366700
TRAIN Iter 125: loss = 0.003752,	Top-1 err = 49.300000,	Top-5 err = 24.000000,	train_time = 2.312225
TRAIN Iter 126: loss = 0.003883,	Top-1 err = 63.250000,	Top-5 err = 39.850000,	train_time = 2.348278
TRAIN Iter 127: loss = 0.003944,	Top-1 err = 51.500000,	Top-5 err = 32.750000,	train_time = 2.350528
TRAIN Iter 128: loss = 0.003812,	Top-1 err = 56.950000,	Top-5 err = 36.600000,	train_time = 2.354696
TRAIN Iter 129: loss = 0.003812,	Top-1 err = 50.200000,	Top-5 err = 25.350000,	train_time = 2.365273
TRAIN Iter 130: loss = 0.003813,	Top-1 err = 53.100000,	Top-5 err = 29.500000,	train_time = 2.321858
TRAIN Iter 131: loss = 0.003792,	Top-1 err = 55.000000,	Top-5 err = 31.900000,	train_time = 2.366762
TRAIN Iter 132: loss = 0.003902,	Top-1 err = 57.850000,	Top-5 err = 35.700000,	train_time = 2.336335
TRAIN Iter 133: loss = 0.003817,	Top-1 err = 55.950000,	Top-5 err = 31.600000,	train_time = 2.353249
TRAIN Iter 134: loss = 0.003838,	Top-1 err = 67.350000,	Top-5 err = 46.600000,	train_time = 2.321837
TRAIN Iter 135: loss = 0.003793,	Top-1 err = 66.350000,	Top-5 err = 44.550000,	train_time = 2.333859
TRAIN Iter 136: loss = 0.003721,	Top-1 err = 48.350000,	Top-5 err = 24.550000,	train_time = 2.322427
TRAIN Iter 137: loss = 0.003636,	Top-1 err = 54.250000,	Top-5 err = 31.900000,	train_time = 2.330568
TRAIN Iter 138: loss = 0.003897,	Top-1 err = 58.000000,	Top-5 err = 35.550000,	train_time = 2.293495
TRAIN Iter 139: loss = 0.003904,	Top-1 err = 61.950000,	Top-5 err = 39.050000,	train_time = 2.376179
TRAIN Iter 140: loss = 0.003840,	Top-1 err = 64.500000,	Top-5 err = 45.400000,	train_time = 2.379682
TRAIN Iter 141: loss = 0.003729,	Top-1 err = 55.550000,	Top-5 err = 32.950000,	train_time = 2.362577
TRAIN Iter 142: loss = 0.003702,	Top-1 err = 47.350000,	Top-5 err = 24.350000,	train_time = 2.337347
TRAIN Iter 143: loss = 0.003683,	Top-1 err = 58.250000,	Top-5 err = 35.650000,	train_time = 2.247791
TRAIN Iter 144: loss = 0.003716,	Top-1 err = 49.750000,	Top-5 err = 25.550000,	train_time = 2.328311
TRAIN Iter 145: loss = 0.003745,	Top-1 err = 60.250000,	Top-5 err = 39.250000,	train_time = 2.368130
TRAIN Iter 146: loss = 0.003700,	Top-1 err = 58.250000,	Top-5 err = 36.500000,	train_time = 2.354924
TRAIN Iter 147: loss = 0.003689,	Top-1 err = 56.400000,	Top-5 err = 32.100000,	train_time = 2.332721
TRAIN Iter 148: loss = 0.003674,	Top-1 err = 51.600000,	Top-5 err = 28.500000,	train_time = 2.356928
TRAIN Iter 149: loss = 0.003791,	Top-1 err = 59.350000,	Top-5 err = 34.750000,	train_time = 2.341869
TRAIN Iter 150: loss = 0.003684,	Top-1 err = 63.050000,	Top-5 err = 41.200000,	train_time = 2.362156
TRAIN Iter 151: loss = 0.003640,	Top-1 err = 58.450000,	Top-5 err = 35.300000,	train_time = 2.360082
TRAIN Iter 152: loss = 0.003633,	Top-1 err = 65.150000,	Top-5 err = 45.100000,	train_time = 2.352963
TRAIN Iter 153: loss = 0.003609,	Top-1 err = 53.100000,	Top-5 err = 28.800000,	train_time = 2.328248
TRAIN Iter 154: loss = 0.003648,	Top-1 err = 58.750000,	Top-5 err = 34.700000,	train_time = 2.344382
TRAIN Iter 155: loss = 0.003570,	Top-1 err = 49.550000,	Top-5 err = 25.600000,	train_time = 2.326428
TRAIN Iter 156: loss = 0.003494,	Top-1 err = 46.300000,	Top-5 err = 23.450000,	train_time = 2.312184
TRAIN Iter 157: loss = 0.003640,	Top-1 err = 56.450000,	Top-5 err = 30.800000,	train_time = 2.367548
TRAIN Iter 158: loss = 0.003509,	Top-1 err = 47.500000,	Top-5 err = 25.300000,	train_time = 2.383473
TRAIN Iter 159: loss = 0.003509,	Top-1 err = 58.700000,	Top-5 err = 33.650000,	train_time = 2.384166
TRAIN Iter 160: loss = 0.003537,	Top-1 err = 49.750000,	Top-5 err = 26.200000,	train_time = 2.363572
TRAIN Iter 161: loss = 0.003489,	Top-1 err = 51.700000,	Top-5 err = 30.300000,	train_time = 2.364884
TRAIN Iter 162: loss = 0.003476,	Top-1 err = 55.300000,	Top-5 err = 35.100000,	train_time = 2.354433
TRAIN Iter 163: loss = 0.003451,	Top-1 err = 56.200000,	Top-5 err = 33.950000,	train_time = 2.370150
TRAIN Iter 164: loss = 0.003460,	Top-1 err = 54.500000,	Top-5 err = 30.550000,	train_time = 2.328480
TRAIN Iter 165: loss = 0.003694,	Top-1 err = 61.950000,	Top-5 err = 39.400000,	train_time = 2.376868
TRAIN Iter 166: loss = 0.003545,	Top-1 err = 45.700000,	Top-5 err = 22.600000,	train_time = 2.361587
TRAIN Iter 167: loss = 0.003530,	Top-1 err = 54.150000,	Top-5 err = 33.250000,	train_time = 2.351828
TRAIN Iter 168: loss = 0.003600,	Top-1 err = 61.600000,	Top-5 err = 39.200000,	train_time = 2.314789
TRAIN Iter 169: loss = 0.003474,	Top-1 err = 52.800000,	Top-5 err = 30.350000,	train_time = 2.309440
TRAIN Iter 170: loss = 0.003439,	Top-1 err = 52.100000,	Top-5 err = 27.350000,	train_time = 2.367057
TRAIN Iter 171: loss = 0.003460,	Top-1 err = 48.300000,	Top-5 err = 25.900000,	train_time = 2.338442
TRAIN Iter 172: loss = 0.003460,	Top-1 err = 52.450000,	Top-5 err = 29.800000,	train_time = 2.313055
TRAIN Iter 173: loss = 0.003492,	Top-1 err = 50.150000,	Top-5 err = 28.350000,	train_time = 2.348816
TRAIN Iter 174: loss = 0.003443,	Top-1 err = 47.400000,	Top-5 err = 25.550000,	train_time = 2.333511
TRAIN Iter 175: loss = 0.003343,	Top-1 err = 48.700000,	Top-5 err = 27.550000,	train_time = 2.346490
TRAIN Iter 176: loss = 0.003516,	Top-1 err = 59.100000,	Top-5 err = 37.300000,	train_time = 2.295647
TRAIN Iter 177: loss = 0.003414,	Top-1 err = 54.350000,	Top-5 err = 33.050000,	train_time = 2.348522
TRAIN Iter 178: loss = 0.003476,	Top-1 err = 62.400000,	Top-5 err = 43.450000,	train_time = 2.325203
TRAIN Iter 179: loss = 0.003407,	Top-1 err = 56.200000,	Top-5 err = 37.700000,	train_time = 2.336095
TRAIN Iter 180: loss = 0.003348,	Top-1 err = 51.650000,	Top-5 err = 29.700000,	train_time = 2.334995
TRAIN Iter 181: loss = 0.003385,	Top-1 err = 50.350000,	Top-5 err = 28.900000,	train_time = 2.322813
TRAIN Iter 182: loss = 0.003541,	Top-1 err = 62.850000,	Top-5 err = 41.800000,	train_time = 2.377177
TRAIN Iter 183: loss = 0.003417,	Top-1 err = 60.800000,	Top-5 err = 37.900000,	train_time = 2.390898
TRAIN Iter 184: loss = 0.003308,	Top-1 err = 53.600000,	Top-5 err = 27.400000,	train_time = 2.326135
TRAIN Iter 185: loss = 0.003408,	Top-1 err = 47.700000,	Top-5 err = 25.300000,	train_time = 2.366220
TRAIN Iter 186: loss = 0.003269,	Top-1 err = 52.850000,	Top-5 err = 31.350000,	train_time = 2.336737
TRAIN Iter 187: loss = 0.003262,	Top-1 err = 46.500000,	Top-5 err = 23.100000,	train_time = 2.377296
TRAIN Iter 188: loss = 0.003287,	Top-1 err = 53.050000,	Top-5 err = 30.050000,	train_time = 2.364740
TRAIN Iter 189: loss = 0.003435,	Top-1 err = 56.600000,	Top-5 err = 34.100000,	train_time = 2.350322
TRAIN Iter 190: loss = 0.003387,	Top-1 err = 65.850000,	Top-5 err = 44.250000,	train_time = 2.366187
TRAIN Iter 191: loss = 0.003266,	Top-1 err = 45.950000,	Top-5 err = 23.700000,	train_time = 2.349438
TRAIN Iter 192: loss = 0.003304,	Top-1 err = 55.100000,	Top-5 err = 33.400000,	train_time = 2.339872
TRAIN Iter 193: loss = 0.003337,	Top-1 err = 52.350000,	Top-5 err = 32.550000,	train_time = 2.158777
TRAIN Iter 194: loss = 0.003295,	Top-1 err = 53.600000,	Top-5 err = 30.750000,	train_time = 2.383150
TRAIN Iter 195: loss = 0.003349,	Top-1 err = 56.550000,	Top-5 err = 33.900000,	train_time = 2.338094
TRAIN Iter 196: loss = 0.003395,	Top-1 err = 57.300000,	Top-5 err = 35.000000,	train_time = 2.349056
TRAIN Iter 197: loss = 0.003443,	Top-1 err = 63.100000,	Top-5 err = 41.900000,	train_time = 2.278993
TRAIN Iter 198: loss = 0.003384,	Top-1 err = 55.150000,	Top-5 err = 35.900000,	train_time = 2.360636
TRAIN Iter 199: loss = 0.003235,	Top-1 err = 56.200000,	Top-5 err = 35.800000,	train_time = 2.325364
TRAIN Iter 200: loss = 0.003189,	Top-1 err = 59.650000,	Top-5 err = 39.500000,	train_time = 2.272029
TRAIN Iter 201: loss = 0.003222,	Top-1 err = 48.950000,	Top-5 err = 25.400000,	train_time = 2.253460
TRAIN Iter 202: loss = 0.003407,	Top-1 err = 49.050000,	Top-5 err = 29.350000,	train_time = 2.305227
TRAIN Iter 203: loss = 0.003552,	Top-1 err = 64.900000,	Top-5 err = 44.000000,	train_time = 2.328562
TRAIN Iter 204: loss = 0.003319,	Top-1 err = 59.600000,	Top-5 err = 38.450000,	train_time = 2.330046
TRAIN Iter 205: loss = 0.003260,	Top-1 err = 56.250000,	Top-5 err = 31.450000,	train_time = 2.300017
TRAIN Iter 206: loss = 0.003218,	Top-1 err = 46.250000,	Top-5 err = 23.750000,	train_time = 2.344378
TRAIN Iter 207: loss = 0.003270,	Top-1 err = 59.250000,	Top-5 err = 37.900000,	train_time = 2.335892
TRAIN Iter 208: loss = 0.003136,	Top-1 err = 59.150000,	Top-5 err = 38.550000,	train_time = 2.362458
TRAIN Iter 209: loss = 0.003202,	Top-1 err = 50.100000,	Top-5 err = 27.500000,	train_time = 2.369668
TRAIN Iter 210: loss = 0.003101,	Top-1 err = 51.900000,	Top-5 err = 27.650000,	train_time = 2.369311
TRAIN Iter 211: loss = 0.003011,	Top-1 err = 37.400000,	Top-5 err = 16.300000,	train_time = 2.360881
TRAIN Iter 212: loss = 0.003292,	Top-1 err = 55.100000,	Top-5 err = 35.100000,	train_time = 2.283023
TRAIN Iter 213: loss = 0.003213,	Top-1 err = 61.300000,	Top-5 err = 38.750000,	train_time = 2.335612
TRAIN Iter 214: loss = 0.003177,	Top-1 err = 50.100000,	Top-5 err = 29.050000,	train_time = 2.368655
TRAIN Iter 215: loss = 0.003148,	Top-1 err = 44.350000,	Top-5 err = 22.550000,	train_time = 2.345554
TRAIN Iter 216: loss = 0.003116,	Top-1 err = 48.550000,	Top-5 err = 24.500000,	train_time = 2.340616
TRAIN Iter 217: loss = 0.003154,	Top-1 err = 54.300000,	Top-5 err = 33.450000,	train_time = 2.364266
TRAIN Iter 218: loss = 0.003172,	Top-1 err = 47.900000,	Top-5 err = 25.900000,	train_time = 2.313051
TRAIN Iter 219: loss = 0.003223,	Top-1 err = 61.300000,	Top-5 err = 37.550000,	train_time = 2.372972
TRAIN Iter 220: loss = 0.003091,	Top-1 err = 51.100000,	Top-5 err = 27.950000,	train_time = 2.369732
TRAIN Iter 221: loss = 0.003099,	Top-1 err = 51.100000,	Top-5 err = 28.300000,	train_time = 2.365012
TRAIN Iter 222: loss = 0.003012,	Top-1 err = 40.650000,	Top-5 err = 20.250000,	train_time = 2.337395
TRAIN Iter 223: loss = 0.003015,	Top-1 err = 56.850000,	Top-5 err = 32.650000,	train_time = 2.360846
TRAIN Iter 224: loss = 0.002998,	Top-1 err = 52.000000,	Top-5 err = 32.350000,	train_time = 2.242264
TRAIN Iter 225: loss = 0.003171,	Top-1 err = 54.050000,	Top-5 err = 33.000000,	train_time = 2.365054
TRAIN Iter 226: loss = 0.003099,	Top-1 err = 50.800000,	Top-5 err = 30.700000,	train_time = 2.382896
TRAIN Iter 227: loss = 0.003121,	Top-1 err = 38.900000,	Top-5 err = 17.050000,	train_time = 2.299073
TRAIN Iter 228: loss = 0.003042,	Top-1 err = 54.050000,	Top-5 err = 30.300000,	train_time = 2.337444
TRAIN Iter 229: loss = 0.003071,	Top-1 err = 50.850000,	Top-5 err = 27.500000,	train_time = 2.340494
TRAIN Iter 230: loss = 0.003191,	Top-1 err = 53.100000,	Top-5 err = 31.050000,	train_time = 2.380698
TRAIN Iter 231: loss = 0.003190,	Top-1 err = 51.000000,	Top-5 err = 31.900000,	train_time = 2.364373
TRAIN Iter 232: loss = 0.003078,	Top-1 err = 50.450000,	Top-5 err = 27.700000,	train_time = 2.314822
TRAIN Iter 233: loss = 0.003016,	Top-1 err = 61.900000,	Top-5 err = 40.650000,	train_time = 2.346685
TRAIN Iter 234: loss = 0.003054,	Top-1 err = 57.000000,	Top-5 err = 34.850000,	train_time = 2.340735
TRAIN Iter 235: loss = 0.003115,	Top-1 err = 63.500000,	Top-5 err = 40.150000,	train_time = 2.352405
TRAIN Iter 236: loss = 0.003023,	Top-1 err = 50.100000,	Top-5 err = 25.000000,	train_time = 2.327780
TRAIN Iter 237: loss = 0.003084,	Top-1 err = 46.350000,	Top-5 err = 22.800000,	train_time = 2.348022
TRAIN Iter 238: loss = 0.003137,	Top-1 err = 61.850000,	Top-5 err = 39.600000,	train_time = 2.374023
TRAIN Iter 239: loss = 0.003107,	Top-1 err = 58.850000,	Top-5 err = 36.850000,	train_time = 2.291948
TRAIN Iter 240: loss = 0.002964,	Top-1 err = 50.550000,	Top-5 err = 26.950000,	train_time = 2.326519
TRAIN Iter 241: loss = 0.003056,	Top-1 err = 50.900000,	Top-5 err = 30.150000,	train_time = 2.361907
TRAIN Iter 242: loss = 0.002959,	Top-1 err = 58.800000,	Top-5 err = 37.800000,	train_time = 2.353462
TRAIN Iter 243: loss = 0.003000,	Top-1 err = 39.550000,	Top-5 err = 18.150000,	train_time = 2.354850
TRAIN Iter 244: loss = 0.003016,	Top-1 err = 50.200000,	Top-5 err = 26.450000,	train_time = 2.367535
TRAIN Iter 245: loss = 0.002995,	Top-1 err = 59.700000,	Top-5 err = 37.900000,	train_time = 2.342567
TRAIN Iter 246: loss = 0.002975,	Top-1 err = 57.250000,	Top-5 err = 34.800000,	train_time = 2.300137
TRAIN Iter 247: loss = 0.002918,	Top-1 err = 55.050000,	Top-5 err = 33.150000,	train_time = 2.368477
TRAIN Iter 248: loss = 0.002985,	Top-1 err = 53.350000,	Top-5 err = 31.850000,	train_time = 2.336889
TRAIN Iter 249: loss = 0.002895,	Top-1 err = 48.900000,	Top-5 err = 26.800000,	train_time = 2.374438
TEST:
Iter 249: loss = 2.861931,	Top-1 err = 64.380000,	Top-5 err = 37.250000,	val_time = 2.268363
TRAIN Iter 250: loss = 0.002936,	Top-1 err = 45.800000,	Top-5 err = 24.250000,	train_time = 2.354867
TRAIN Iter 251: loss = 0.002985,	Top-1 err = 38.550000,	Top-5 err = 17.850000,	train_time = 2.385383
TRAIN Iter 252: loss = 0.003080,	Top-1 err = 54.100000,	Top-5 err = 29.150000,	train_time = 2.352534
TRAIN Iter 253: loss = 0.002931,	Top-1 err = 53.500000,	Top-5 err = 28.350000,	train_time = 2.378206
TRAIN Iter 254: loss = 0.002897,	Top-1 err = 45.700000,	Top-5 err = 23.900000,	train_time = 2.319892
TRAIN Iter 255: loss = 0.002948,	Top-1 err = 51.600000,	Top-5 err = 31.150000,	train_time = 2.383455
TRAIN Iter 256: loss = 0.002895,	Top-1 err = 55.500000,	Top-5 err = 34.950000,	train_time = 2.353074
TRAIN Iter 257: loss = 0.002892,	Top-1 err = 44.600000,	Top-5 err = 24.950000,	train_time = 2.358569
TRAIN Iter 258: loss = 0.003017,	Top-1 err = 55.100000,	Top-5 err = 35.100000,	train_time = 2.364489
TRAIN Iter 259: loss = 0.003090,	Top-1 err = 50.000000,	Top-5 err = 29.050000,	train_time = 2.394280
TEST:
Iter 259: loss = 2.833421,	Top-1 err = 63.950000,	Top-5 err = 37.070000,	val_time = 2.171130
TRAIN Iter 260: loss = 0.003047,	Top-1 err = 59.000000,	Top-5 err = 35.050000,	train_time = 2.381763
TRAIN Iter 261: loss = 0.003034,	Top-1 err = 56.450000,	Top-5 err = 34.850000,	train_time = 2.379138
TRAIN Iter 262: loss = 0.002917,	Top-1 err = 48.150000,	Top-5 err = 28.650000,	train_time = 2.349121
TRAIN Iter 263: loss = 0.002998,	Top-1 err = 58.500000,	Top-5 err = 34.950000,	train_time = 2.356616
TRAIN Iter 264: loss = 0.002887,	Top-1 err = 46.950000,	Top-5 err = 24.750000,	train_time = 2.365868
TRAIN Iter 265: loss = 0.003045,	Top-1 err = 63.550000,	Top-5 err = 41.300000,	train_time = 2.315758
TRAIN Iter 266: loss = 0.002967,	Top-1 err = 51.100000,	Top-5 err = 27.650000,	train_time = 2.351268
TRAIN Iter 267: loss = 0.002828,	Top-1 err = 51.350000,	Top-5 err = 29.250000,	train_time = 2.369195
TRAIN Iter 268: loss = 0.002831,	Top-1 err = 51.250000,	Top-5 err = 30.250000,	train_time = 2.371876
TRAIN Iter 269: loss = 0.002955,	Top-1 err = 54.750000,	Top-5 err = 35.250000,	train_time = 2.321323
TEST:
Iter 269: loss = 2.912906,	Top-1 err = 64.960000,	Top-5 err = 38.370000,	val_time = 2.229929
TRAIN Iter 270: loss = 0.003066,	Top-1 err = 56.350000,	Top-5 err = 34.150000,	train_time = 2.329156
TRAIN Iter 271: loss = 0.002912,	Top-1 err = 55.650000,	Top-5 err = 35.850000,	train_time = 2.315455
TRAIN Iter 272: loss = 0.002876,	Top-1 err = 46.100000,	Top-5 err = 22.950000,	train_time = 2.320165
TRAIN Iter 273: loss = 0.003003,	Top-1 err = 54.650000,	Top-5 err = 34.850000,	train_time = 2.363410
TRAIN Iter 274: loss = 0.003051,	Top-1 err = 49.900000,	Top-5 err = 31.450000,	train_time = 2.312680
TRAIN Iter 275: loss = 0.002887,	Top-1 err = 42.500000,	Top-5 err = 21.600000,	train_time = 2.309968
TRAIN Iter 276: loss = 0.002964,	Top-1 err = 54.800000,	Top-5 err = 34.450000,	train_time = 2.329105
TRAIN Iter 277: loss = 0.002939,	Top-1 err = 49.400000,	Top-5 err = 27.650000,	train_time = 2.300211
TRAIN Iter 278: loss = 0.002874,	Top-1 err = 61.250000,	Top-5 err = 40.250000,	train_time = 2.343578
TRAIN Iter 279: loss = 0.002790,	Top-1 err = 52.050000,	Top-5 err = 29.750000,	train_time = 2.359907
TEST:
Iter 279: loss = 2.760565,	Top-1 err = 62.880000,	Top-5 err = 35.730000,	val_time = 2.228981
TRAIN Iter 280: loss = 0.002926,	Top-1 err = 51.050000,	Top-5 err = 31.600000,	train_time = 2.302076
TRAIN Iter 281: loss = 0.002907,	Top-1 err = 58.400000,	Top-5 err = 37.150000,	train_time = 2.335002
TRAIN Iter 282: loss = 0.002890,	Top-1 err = 54.500000,	Top-5 err = 32.500000,	train_time = 2.302609
TRAIN Iter 283: loss = 0.002832,	Top-1 err = 45.800000,	Top-5 err = 24.850000,	train_time = 2.302595
TRAIN Iter 284: loss = 0.002842,	Top-1 err = 41.200000,	Top-5 err = 17.250000,	train_time = 2.317452
TRAIN Iter 285: loss = 0.002991,	Top-1 err = 53.550000,	Top-5 err = 31.450000,	train_time = 2.313557
TRAIN Iter 286: loss = 0.002803,	Top-1 err = 43.300000,	Top-5 err = 23.050000,	train_time = 2.355029
TRAIN Iter 287: loss = 0.002929,	Top-1 err = 46.850000,	Top-5 err = 30.350000,	train_time = 2.365410
TRAIN Iter 288: loss = 0.002812,	Top-1 err = 46.400000,	Top-5 err = 23.150000,	train_time = 2.328926
TRAIN Iter 289: loss = 0.002918,	Top-1 err = 55.000000,	Top-5 err = 34.250000,	train_time = 2.339314
TEST:
Iter 289: loss = 2.818329,	Top-1 err = 63.600000,	Top-5 err = 36.390000,	val_time = 2.261804
TRAIN Iter 290: loss = 0.002860,	Top-1 err = 57.300000,	Top-5 err = 33.900000,	train_time = 2.339876
TRAIN Iter 291: loss = 0.002707,	Top-1 err = 50.650000,	Top-5 err = 27.650000,	train_time = 2.362535
TRAIN Iter 292: loss = 0.002871,	Top-1 err = 55.850000,	Top-5 err = 37.600000,	train_time = 2.336100
TRAIN Iter 293: loss = 0.002823,	Top-1 err = 52.150000,	Top-5 err = 31.400000,	train_time = 2.348590
TRAIN Iter 294: loss = 0.002860,	Top-1 err = 49.650000,	Top-5 err = 28.600000,	train_time = 2.346560
TRAIN Iter 295: loss = 0.002905,	Top-1 err = 55.800000,	Top-5 err = 33.200000,	train_time = 2.302543
TRAIN Iter 296: loss = 0.002809,	Top-1 err = 55.200000,	Top-5 err = 34.700000,	train_time = 2.317758
TRAIN Iter 297: loss = 0.002799,	Top-1 err = 49.250000,	Top-5 err = 29.500000,	train_time = 2.330979
TRAIN Iter 298: loss = 0.002833,	Top-1 err = 52.500000,	Top-5 err = 32.000000,	train_time = 2.362649
TRAIN Iter 299: loss = 0.002768,	Top-1 err = 44.200000,	Top-5 err = 21.550000,	train_time = 2.333983
TEST:
Iter 299: loss = 2.853263,	Top-1 err = 63.960000,	Top-5 err = 37.290000,	val_time = 2.257270
Train Finish! Best accuracy is 37.12@279
