=> using pytorch pre-trained teacher model 'conv4'
process data from /home/dvspanos/nikos/ca2d/artifacts/sets/bench_tin_conv_rcad2d_ipc50
load data successfully
TRAIN Iter 0: loss = 0.014029,	Top-1 err = 97.390000,	Top-5 err = 90.600000,	train_time = 11.922410
TRAIN Iter 1: loss = 0.010733,	Top-1 err = 91.350000,	Top-5 err = 75.570000,	train_time = 10.602172
TRAIN Iter 2: loss = 0.009539,	Top-1 err = 86.570000,	Top-5 err = 67.470000,	train_time = 10.601387
TRAIN Iter 3: loss = 0.008370,	Top-1 err = 84.560000,	Top-5 err = 64.270000,	train_time = 10.622869
TRAIN Iter 4: loss = 0.007739,	Top-1 err = 79.080000,	Top-5 err = 56.640000,	train_time = 10.610035
TRAIN Iter 5: loss = 0.007314,	Top-1 err = 74.260000,	Top-5 err = 50.740000,	train_time = 10.604031
TRAIN Iter 6: loss = 0.006839,	Top-1 err = 69.780000,	Top-5 err = 44.580000,	train_time = 10.612980
TRAIN Iter 7: loss = 0.006234,	Top-1 err = 67.860000,	Top-5 err = 43.320000,	train_time = 10.607077
TRAIN Iter 8: loss = 0.005887,	Top-1 err = 70.570000,	Top-5 err = 46.560000,	train_time = 10.648779
TRAIN Iter 9: loss = 0.005683,	Top-1 err = 66.080000,	Top-5 err = 41.060000,	train_time = 10.614552
TRAIN Iter 10: loss = 0.005451,	Top-1 err = 65.940000,	Top-5 err = 42.650000,	train_time = 10.613729
TRAIN Iter 11: loss = 0.005467,	Top-1 err = 59.630000,	Top-5 err = 36.130000,	train_time = 10.646438
TRAIN Iter 12: loss = 0.004983,	Top-1 err = 59.560000,	Top-5 err = 34.660000,	train_time = 10.644353
TRAIN Iter 13: loss = 0.004960,	Top-1 err = 59.110000,	Top-5 err = 37.060000,	train_time = 10.671762
TRAIN Iter 14: loss = 0.004825,	Top-1 err = 58.330000,	Top-5 err = 36.150000,	train_time = 10.637170
TRAIN Iter 15: loss = 0.004639,	Top-1 err = 55.590000,	Top-5 err = 32.830000,	train_time = 10.611692
TRAIN Iter 16: loss = 0.004506,	Top-1 err = 54.420000,	Top-5 err = 33.190000,	train_time = 10.655506
TRAIN Iter 17: loss = 0.004380,	Top-1 err = 57.000000,	Top-5 err = 34.200000,	train_time = 10.677750
TRAIN Iter 18: loss = 0.004417,	Top-1 err = 56.700000,	Top-5 err = 35.130000,	train_time = 10.632063
TRAIN Iter 19: loss = 0.004203,	Top-1 err = 53.740000,	Top-5 err = 32.040000,	train_time = 10.634914
TRAIN Iter 20: loss = 0.004186,	Top-1 err = 56.480000,	Top-5 err = 35.480000,	train_time = 10.604825
TRAIN Iter 21: loss = 0.004108,	Top-1 err = 56.000000,	Top-5 err = 35.990000,	train_time = 10.669124
TRAIN Iter 22: loss = 0.004135,	Top-1 err = 50.510000,	Top-5 err = 30.320000,	train_time = 10.654583
TRAIN Iter 23: loss = 0.003975,	Top-1 err = 50.360000,	Top-5 err = 28.020000,	train_time = 10.622720
TRAIN Iter 24: loss = 0.003821,	Top-1 err = 53.050000,	Top-5 err = 31.760000,	train_time = 10.610062
TRAIN Iter 25: loss = 0.003791,	Top-1 err = 51.910000,	Top-5 err = 31.070000,	train_time = 10.660774
TRAIN Iter 26: loss = 0.003714,	Top-1 err = 49.000000,	Top-5 err = 28.680000,	train_time = 10.630606
TRAIN Iter 27: loss = 0.003604,	Top-1 err = 53.080000,	Top-5 err = 30.660000,	train_time = 10.613928
TRAIN Iter 28: loss = 0.003653,	Top-1 err = 48.500000,	Top-5 err = 28.770000,	train_time = 10.671483
TRAIN Iter 29: loss = 0.003555,	Top-1 err = 42.920000,	Top-5 err = 21.610000,	train_time = 10.697374
TRAIN Iter 30: loss = 0.003535,	Top-1 err = 51.460000,	Top-5 err = 30.950000,	train_time = 10.602307
TRAIN Iter 31: loss = 0.003485,	Top-1 err = 45.510000,	Top-5 err = 26.090000,	train_time = 10.603822
TRAIN Iter 32: loss = 0.003516,	Top-1 err = 46.390000,	Top-5 err = 25.480000,	train_time = 10.699823
TRAIN Iter 33: loss = 0.003472,	Top-1 err = 53.010000,	Top-5 err = 33.070000,	train_time = 10.675425
TRAIN Iter 34: loss = 0.003401,	Top-1 err = 56.350000,	Top-5 err = 35.220000,	train_time = 10.662908
TRAIN Iter 35: loss = 0.003333,	Top-1 err = 47.360000,	Top-5 err = 27.660000,	train_time = 10.635671
TRAIN Iter 36: loss = 0.003376,	Top-1 err = 44.010000,	Top-5 err = 25.200000,	train_time = 10.688353
TRAIN Iter 37: loss = 0.003308,	Top-1 err = 46.540000,	Top-5 err = 26.330000,	train_time = 10.648064
TRAIN Iter 38: loss = 0.003303,	Top-1 err = 51.640000,	Top-5 err = 32.680000,	train_time = 10.625437
TRAIN Iter 39: loss = 0.003260,	Top-1 err = 46.590000,	Top-5 err = 26.600000,	train_time = 10.684875
TRAIN Iter 40: loss = 0.003190,	Top-1 err = 48.320000,	Top-5 err = 27.530000,	train_time = 10.648384
TRAIN Iter 41: loss = 0.003206,	Top-1 err = 51.530000,	Top-5 err = 31.280000,	train_time = 10.671606
TRAIN Iter 42: loss = 0.003225,	Top-1 err = 40.000000,	Top-5 err = 21.600000,	train_time = 10.577568
TRAIN Iter 43: loss = 0.003142,	Top-1 err = 49.290000,	Top-5 err = 30.450000,	train_time = 10.676195
TRAIN Iter 44: loss = 0.003086,	Top-1 err = 45.280000,	Top-5 err = 26.750000,	train_time = 10.600940
TRAIN Iter 45: loss = 0.003096,	Top-1 err = 51.910000,	Top-5 err = 32.360000,	train_time = 10.665154
TRAIN Iter 46: loss = 0.003095,	Top-1 err = 49.520000,	Top-5 err = 29.420000,	train_time = 10.620611
TRAIN Iter 47: loss = 0.002992,	Top-1 err = 48.920000,	Top-5 err = 30.370000,	train_time = 10.640299
TRAIN Iter 48: loss = 0.003015,	Top-1 err = 41.280000,	Top-5 err = 22.030000,	train_time = 10.623916
TRAIN Iter 49: loss = 0.003028,	Top-1 err = 46.010000,	Top-5 err = 27.120000,	train_time = 10.648265
TRAIN Iter 50: loss = 0.002939,	Top-1 err = 49.040000,	Top-5 err = 28.040000,	train_time = 10.619939
TRAIN Iter 51: loss = 0.002930,	Top-1 err = 48.770000,	Top-5 err = 28.760000,	train_time = 10.643100
TRAIN Iter 52: loss = 0.002982,	Top-1 err = 47.680000,	Top-5 err = 28.400000,	train_time = 10.611212
TRAIN Iter 53: loss = 0.002959,	Top-1 err = 49.170000,	Top-5 err = 30.120000,	train_time = 10.534352
TRAIN Iter 54: loss = 0.002925,	Top-1 err = 47.880000,	Top-5 err = 28.100000,	train_time = 10.608896
TRAIN Iter 55: loss = 0.002852,	Top-1 err = 41.030000,	Top-5 err = 22.750000,	train_time = 10.609753
TRAIN Iter 56: loss = 0.002896,	Top-1 err = 45.890000,	Top-5 err = 27.940000,	train_time = 10.557354
TRAIN Iter 57: loss = 0.002859,	Top-1 err = 41.060000,	Top-5 err = 22.570000,	train_time = 10.610329
TRAIN Iter 58: loss = 0.002835,	Top-1 err = 38.020000,	Top-5 err = 20.590000,	train_time = 10.607777
TRAIN Iter 59: loss = 0.002780,	Top-1 err = 40.990000,	Top-5 err = 21.990000,	train_time = 10.561341
TRAIN Iter 60: loss = 0.002782,	Top-1 err = 46.350000,	Top-5 err = 26.800000,	train_time = 10.528527
TRAIN Iter 61: loss = 0.002750,	Top-1 err = 47.130000,	Top-5 err = 29.030000,	train_time = 10.598869
TRAIN Iter 62: loss = 0.002742,	Top-1 err = 45.680000,	Top-5 err = 26.160000,	train_time = 10.604057
TRAIN Iter 63: loss = 0.002725,	Top-1 err = 43.200000,	Top-5 err = 23.950000,	train_time = 10.633460
TRAIN Iter 64: loss = 0.002731,	Top-1 err = 46.690000,	Top-5 err = 28.380000,	train_time = 10.603168
TRAIN Iter 65: loss = 0.002679,	Top-1 err = 35.910000,	Top-5 err = 19.470000,	train_time = 10.625625
TRAIN Iter 66: loss = 0.002709,	Top-1 err = 45.320000,	Top-5 err = 27.420000,	train_time = 10.580558
TRAIN Iter 67: loss = 0.002654,	Top-1 err = 43.960000,	Top-5 err = 26.090000,	train_time = 10.604494
TRAIN Iter 68: loss = 0.002638,	Top-1 err = 49.040000,	Top-5 err = 29.350000,	train_time = 10.363818
TRAIN Iter 69: loss = 0.002686,	Top-1 err = 44.580000,	Top-5 err = 25.940000,	train_time = 10.623089
TRAIN Iter 70: loss = 0.002685,	Top-1 err = 49.230000,	Top-5 err = 30.130000,	train_time = 10.564223
TRAIN Iter 71: loss = 0.002686,	Top-1 err = 41.310000,	Top-5 err = 23.670000,	train_time = 10.634726
TRAIN Iter 72: loss = 0.002682,	Top-1 err = 49.810000,	Top-5 err = 32.040000,	train_time = 10.652839
TRAIN Iter 73: loss = 0.002593,	Top-1 err = 49.450000,	Top-5 err = 30.590000,	train_time = 10.629463
TRAIN Iter 74: loss = 0.002552,	Top-1 err = 51.550000,	Top-5 err = 31.550000,	train_time = 10.601205
TRAIN Iter 75: loss = 0.002562,	Top-1 err = 47.930000,	Top-5 err = 27.630000,	train_time = 10.607231
TRAIN Iter 76: loss = 0.002568,	Top-1 err = 39.020000,	Top-5 err = 22.120000,	train_time = 10.583505
TRAIN Iter 77: loss = 0.002623,	Top-1 err = 43.100000,	Top-5 err = 25.520000,	train_time = 10.626562
TRAIN Iter 78: loss = 0.002544,	Top-1 err = 47.690000,	Top-5 err = 29.360000,	train_time = 10.541758
TRAIN Iter 79: loss = 0.002510,	Top-1 err = 42.270000,	Top-5 err = 24.580000,	train_time = 10.568007
TRAIN Iter 80: loss = 0.002588,	Top-1 err = 45.380000,	Top-5 err = 29.370000,	train_time = 10.617618
TRAIN Iter 81: loss = 0.002525,	Top-1 err = 40.610000,	Top-5 err = 23.160000,	train_time = 10.527013
TRAIN Iter 82: loss = 0.002524,	Top-1 err = 43.830000,	Top-5 err = 26.020000,	train_time = 10.603611
TRAIN Iter 83: loss = 0.002476,	Top-1 err = 43.740000,	Top-5 err = 24.480000,	train_time = 10.589044
TRAIN Iter 84: loss = 0.002467,	Top-1 err = 41.660000,	Top-5 err = 23.650000,	train_time = 10.583378
TRAIN Iter 85: loss = 0.002454,	Top-1 err = 42.270000,	Top-5 err = 25.460000,	train_time = 10.541252
TRAIN Iter 86: loss = 0.002490,	Top-1 err = 46.640000,	Top-5 err = 28.150000,	train_time = 10.567361
TRAIN Iter 87: loss = 0.002458,	Top-1 err = 41.440000,	Top-5 err = 22.900000,	train_time = 10.642811
TRAIN Iter 88: loss = 0.002402,	Top-1 err = 42.530000,	Top-5 err = 23.290000,	train_time = 10.593029
TRAIN Iter 89: loss = 0.002442,	Top-1 err = 45.560000,	Top-5 err = 28.600000,	train_time = 10.565384
TRAIN Iter 90: loss = 0.002391,	Top-1 err = 41.280000,	Top-5 err = 23.560000,	train_time = 10.598288
TRAIN Iter 91: loss = 0.002361,	Top-1 err = 43.570000,	Top-5 err = 24.240000,	train_time = 10.631771
TRAIN Iter 92: loss = 0.002359,	Top-1 err = 43.590000,	Top-5 err = 25.810000,	train_time = 10.550128
TRAIN Iter 93: loss = 0.002409,	Top-1 err = 46.660000,	Top-5 err = 27.590000,	train_time = 10.629790
TRAIN Iter 94: loss = 0.002413,	Top-1 err = 46.330000,	Top-5 err = 28.420000,	train_time = 10.216180
TRAIN Iter 95: loss = 0.002363,	Top-1 err = 44.330000,	Top-5 err = 25.920000,	train_time = 10.608993
TRAIN Iter 96: loss = 0.002379,	Top-1 err = 43.360000,	Top-5 err = 26.370000,	train_time = 10.625235
TRAIN Iter 97: loss = 0.002332,	Top-1 err = 48.050000,	Top-5 err = 29.730000,	train_time = 10.613943
TRAIN Iter 98: loss = 0.002332,	Top-1 err = 42.350000,	Top-5 err = 24.100000,	train_time = 10.555460
TRAIN Iter 99: loss = 0.002326,	Top-1 err = 37.340000,	Top-5 err = 20.480000,	train_time = 10.644728
TRAIN Iter 100: loss = 0.002296,	Top-1 err = 43.610000,	Top-5 err = 25.210000,	train_time = 10.640793
TRAIN Iter 101: loss = 0.002292,	Top-1 err = 45.960000,	Top-5 err = 27.650000,	train_time = 10.618988
TRAIN Iter 102: loss = 0.002249,	Top-1 err = 40.850000,	Top-5 err = 24.140000,	train_time = 10.628857
TRAIN Iter 103: loss = 0.002240,	Top-1 err = 45.540000,	Top-5 err = 26.850000,	train_time = 10.625161
TRAIN Iter 104: loss = 0.002273,	Top-1 err = 42.540000,	Top-5 err = 25.930000,	train_time = 10.590613
TRAIN Iter 105: loss = 0.002227,	Top-1 err = 45.460000,	Top-5 err = 27.170000,	train_time = 10.613472
TRAIN Iter 106: loss = 0.002252,	Top-1 err = 41.000000,	Top-5 err = 23.020000,	train_time = 10.589483
TRAIN Iter 107: loss = 0.002252,	Top-1 err = 46.280000,	Top-5 err = 28.550000,	train_time = 10.656490
TRAIN Iter 108: loss = 0.002173,	Top-1 err = 39.430000,	Top-5 err = 21.680000,	train_time = 10.628376
TRAIN Iter 109: loss = 0.002233,	Top-1 err = 49.730000,	Top-5 err = 31.600000,	train_time = 10.630867
TRAIN Iter 110: loss = 0.002195,	Top-1 err = 43.750000,	Top-5 err = 25.390000,	train_time = 10.673121
TRAIN Iter 111: loss = 0.002180,	Top-1 err = 40.570000,	Top-5 err = 23.220000,	train_time = 10.609133
TRAIN Iter 112: loss = 0.002239,	Top-1 err = 50.380000,	Top-5 err = 32.550000,	train_time = 10.633495
TRAIN Iter 113: loss = 0.002193,	Top-1 err = 45.730000,	Top-5 err = 29.720000,	train_time = 10.547890
TRAIN Iter 114: loss = 0.002157,	Top-1 err = 43.680000,	Top-5 err = 26.540000,	train_time = 10.630714
TRAIN Iter 115: loss = 0.002205,	Top-1 err = 42.170000,	Top-5 err = 25.040000,	train_time = 10.605760
TRAIN Iter 116: loss = 0.002143,	Top-1 err = 42.800000,	Top-5 err = 24.770000,	train_time = 10.603420
TRAIN Iter 117: loss = 0.002158,	Top-1 err = 44.700000,	Top-5 err = 27.740000,	train_time = 10.643919
TRAIN Iter 118: loss = 0.002160,	Top-1 err = 47.890000,	Top-5 err = 30.180000,	train_time = 10.600521
TRAIN Iter 119: loss = 0.002130,	Top-1 err = 51.220000,	Top-5 err = 32.520000,	train_time = 10.637294
TRAIN Iter 120: loss = 0.002090,	Top-1 err = 44.020000,	Top-5 err = 25.760000,	train_time = 10.646706
TRAIN Iter 121: loss = 0.002087,	Top-1 err = 41.470000,	Top-5 err = 23.210000,	train_time = 10.631469
TRAIN Iter 122: loss = 0.002127,	Top-1 err = 42.370000,	Top-5 err = 24.980000,	train_time = 10.628442
TRAIN Iter 123: loss = 0.002115,	Top-1 err = 44.920000,	Top-5 err = 26.190000,	train_time = 10.634231
TRAIN Iter 124: loss = 0.002074,	Top-1 err = 46.050000,	Top-5 err = 27.720000,	train_time = 10.660440
TRAIN Iter 125: loss = 0.002069,	Top-1 err = 42.980000,	Top-5 err = 26.110000,	train_time = 10.710664
TRAIN Iter 126: loss = 0.002071,	Top-1 err = 41.400000,	Top-5 err = 24.870000,	train_time = 10.674609
TRAIN Iter 127: loss = 0.002062,	Top-1 err = 46.440000,	Top-5 err = 28.050000,	train_time = 10.636023
TRAIN Iter 128: loss = 0.002034,	Top-1 err = 40.490000,	Top-5 err = 23.680000,	train_time = 10.634024
TRAIN Iter 129: loss = 0.002042,	Top-1 err = 41.360000,	Top-5 err = 25.120000,	train_time = 10.591950
TRAIN Iter 130: loss = 0.001999,	Top-1 err = 37.070000,	Top-5 err = 20.300000,	train_time = 10.644257
TRAIN Iter 131: loss = 0.002025,	Top-1 err = 43.180000,	Top-5 err = 26.200000,	train_time = 10.628677
TRAIN Iter 132: loss = 0.001987,	Top-1 err = 46.600000,	Top-5 err = 29.240000,	train_time = 10.635244
TRAIN Iter 133: loss = 0.002024,	Top-1 err = 42.710000,	Top-5 err = 24.220000,	train_time = 10.645746
TRAIN Iter 134: loss = 0.002030,	Top-1 err = 46.100000,	Top-5 err = 28.870000,	train_time = 10.649945
TRAIN Iter 135: loss = 0.001941,	Top-1 err = 45.240000,	Top-5 err = 26.580000,	train_time = 10.620064
TRAIN Iter 136: loss = 0.002004,	Top-1 err = 46.350000,	Top-5 err = 28.730000,	train_time = 10.655108
TRAIN Iter 137: loss = 0.001987,	Top-1 err = 41.580000,	Top-5 err = 24.170000,	train_time = 10.636101
TRAIN Iter 138: loss = 0.001994,	Top-1 err = 39.340000,	Top-5 err = 22.950000,	train_time = 10.606929
TRAIN Iter 139: loss = 0.001957,	Top-1 err = 42.450000,	Top-5 err = 27.000000,	train_time = 10.639222
TRAIN Iter 140: loss = 0.001913,	Top-1 err = 46.020000,	Top-5 err = 27.460000,	train_time = 10.657716
TRAIN Iter 141: loss = 0.001942,	Top-1 err = 43.870000,	Top-5 err = 26.680000,	train_time = 10.624970
TRAIN Iter 142: loss = 0.001907,	Top-1 err = 45.500000,	Top-5 err = 27.560000,	train_time = 10.589006
TRAIN Iter 143: loss = 0.001869,	Top-1 err = 45.030000,	Top-5 err = 26.100000,	train_time = 10.647059
TRAIN Iter 144: loss = 0.001875,	Top-1 err = 42.720000,	Top-5 err = 24.060000,	train_time = 10.651407
TRAIN Iter 145: loss = 0.001903,	Top-1 err = 41.830000,	Top-5 err = 23.820000,	train_time = 10.686797
TRAIN Iter 146: loss = 0.001877,	Top-1 err = 43.310000,	Top-5 err = 26.010000,	train_time = 10.646646
TRAIN Iter 147: loss = 0.001877,	Top-1 err = 40.600000,	Top-5 err = 22.470000,	train_time = 10.667008
TRAIN Iter 148: loss = 0.001897,	Top-1 err = 43.390000,	Top-5 err = 26.920000,	train_time = 10.664307
TRAIN Iter 149: loss = 0.001876,	Top-1 err = 39.160000,	Top-5 err = 21.620000,	train_time = 10.649987
TRAIN Iter 150: loss = 0.001843,	Top-1 err = 38.260000,	Top-5 err = 20.230000,	train_time = 10.614314
TRAIN Iter 151: loss = 0.001856,	Top-1 err = 46.740000,	Top-5 err = 28.440000,	train_time = 10.649731
TRAIN Iter 152: loss = 0.001876,	Top-1 err = 44.770000,	Top-5 err = 28.400000,	train_time = 10.654813
TRAIN Iter 153: loss = 0.001817,	Top-1 err = 38.240000,	Top-5 err = 21.530000,	train_time = 10.646651
TRAIN Iter 154: loss = 0.001800,	Top-1 err = 42.740000,	Top-5 err = 25.820000,	train_time = 10.657809
TRAIN Iter 155: loss = 0.001799,	Top-1 err = 41.220000,	Top-5 err = 23.180000,	train_time = 10.651430
TRAIN Iter 156: loss = 0.001812,	Top-1 err = 42.580000,	Top-5 err = 24.800000,	train_time = 10.689987
TRAIN Iter 157: loss = 0.001795,	Top-1 err = 46.030000,	Top-5 err = 29.910000,	train_time = 10.576226
TRAIN Iter 158: loss = 0.001747,	Top-1 err = 38.660000,	Top-5 err = 20.190000,	train_time = 10.614671
TRAIN Iter 159: loss = 0.001793,	Top-1 err = 38.810000,	Top-5 err = 22.240000,	train_time = 10.706750
TRAIN Iter 160: loss = 0.001800,	Top-1 err = 44.520000,	Top-5 err = 27.570000,	train_time = 10.632266
TRAIN Iter 161: loss = 0.001758,	Top-1 err = 43.800000,	Top-5 err = 26.900000,	train_time = 10.670816
TRAIN Iter 162: loss = 0.001833,	Top-1 err = 44.620000,	Top-5 err = 27.750000,	train_time = 10.595024
TRAIN Iter 163: loss = 0.001790,	Top-1 err = 46.730000,	Top-5 err = 30.090000,	train_time = 10.675464
TRAIN Iter 164: loss = 0.001764,	Top-1 err = 49.470000,	Top-5 err = 30.560000,	train_time = 10.606410
TRAIN Iter 165: loss = 0.001750,	Top-1 err = 41.650000,	Top-5 err = 24.790000,	train_time = 10.650782
TRAIN Iter 166: loss = 0.001700,	Top-1 err = 36.690000,	Top-5 err = 19.580000,	train_time = 10.608644
TRAIN Iter 167: loss = 0.001738,	Top-1 err = 45.390000,	Top-5 err = 27.920000,	train_time = 10.639758
TRAIN Iter 168: loss = 0.001789,	Top-1 err = 46.290000,	Top-5 err = 29.720000,	train_time = 10.602446
TRAIN Iter 169: loss = 0.001738,	Top-1 err = 39.010000,	Top-5 err = 23.240000,	train_time = 10.613047
TRAIN Iter 170: loss = 0.001690,	Top-1 err = 35.540000,	Top-5 err = 20.400000,	train_time = 10.578862
TRAIN Iter 171: loss = 0.001661,	Top-1 err = 42.260000,	Top-5 err = 24.490000,	train_time = 10.606438
TRAIN Iter 172: loss = 0.001670,	Top-1 err = 43.070000,	Top-5 err = 26.230000,	train_time = 10.678711
TRAIN Iter 173: loss = 0.001661,	Top-1 err = 40.590000,	Top-5 err = 23.330000,	train_time = 10.608640
TRAIN Iter 174: loss = 0.001709,	Top-1 err = 47.900000,	Top-5 err = 29.630000,	train_time = 10.607688
TRAIN Iter 175: loss = 0.001682,	Top-1 err = 41.140000,	Top-5 err = 24.000000,	train_time = 10.638721
TRAIN Iter 176: loss = 0.001671,	Top-1 err = 47.540000,	Top-5 err = 29.290000,	train_time = 10.539919
TRAIN Iter 177: loss = 0.001675,	Top-1 err = 43.900000,	Top-5 err = 26.020000,	train_time = 10.615726
TRAIN Iter 178: loss = 0.001649,	Top-1 err = 41.980000,	Top-5 err = 24.150000,	train_time = 10.629076
TRAIN Iter 179: loss = 0.001656,	Top-1 err = 47.460000,	Top-5 err = 29.930000,	train_time = 10.627048
TRAIN Iter 180: loss = 0.001654,	Top-1 err = 43.080000,	Top-5 err = 24.850000,	train_time = 10.577106
TRAIN Iter 181: loss = 0.001624,	Top-1 err = 45.330000,	Top-5 err = 28.340000,	train_time = 10.644535
TRAIN Iter 182: loss = 0.001631,	Top-1 err = 35.420000,	Top-5 err = 20.580000,	train_time = 10.549613
TRAIN Iter 183: loss = 0.001632,	Top-1 err = 39.510000,	Top-5 err = 21.950000,	train_time = 10.618877
TRAIN Iter 184: loss = 0.001584,	Top-1 err = 46.810000,	Top-5 err = 28.090000,	train_time = 10.521870
TRAIN Iter 185: loss = 0.001608,	Top-1 err = 43.810000,	Top-5 err = 25.880000,	train_time = 10.642583
TRAIN Iter 186: loss = 0.001581,	Top-1 err = 44.110000,	Top-5 err = 26.360000,	train_time = 10.639605
TRAIN Iter 187: loss = 0.001587,	Top-1 err = 46.650000,	Top-5 err = 28.680000,	train_time = 10.607196
TRAIN Iter 188: loss = 0.001606,	Top-1 err = 37.240000,	Top-5 err = 21.260000,	train_time = 10.609376
TRAIN Iter 189: loss = 0.001580,	Top-1 err = 39.640000,	Top-5 err = 23.750000,	train_time = 10.539365
TRAIN Iter 190: loss = 0.001561,	Top-1 err = 45.090000,	Top-5 err = 28.750000,	train_time = 10.585549
TRAIN Iter 191: loss = 0.001552,	Top-1 err = 40.930000,	Top-5 err = 23.100000,	train_time = 10.545588
TRAIN Iter 192: loss = 0.001570,	Top-1 err = 45.970000,	Top-5 err = 27.610000,	train_time = 10.441301
TRAIN Iter 193: loss = 0.001548,	Top-1 err = 34.660000,	Top-5 err = 19.020000,	train_time = 10.642573
TRAIN Iter 194: loss = 0.001553,	Top-1 err = 43.450000,	Top-5 err = 26.440000,	train_time = 10.611640
TRAIN Iter 195: loss = 0.001592,	Top-1 err = 46.500000,	Top-5 err = 30.000000,	train_time = 10.661654
TRAIN Iter 196: loss = 0.001545,	Top-1 err = 42.270000,	Top-5 err = 25.180000,	train_time = 10.632562
TRAIN Iter 197: loss = 0.001559,	Top-1 err = 43.920000,	Top-5 err = 27.390000,	train_time = 10.633619
TRAIN Iter 198: loss = 0.001514,	Top-1 err = 42.360000,	Top-5 err = 25.320000,	train_time = 10.618691
TRAIN Iter 199: loss = 0.001576,	Top-1 err = 42.010000,	Top-5 err = 25.710000,	train_time = 10.596371
TRAIN Iter 200: loss = 0.001573,	Top-1 err = 38.690000,	Top-5 err = 21.860000,	train_time = 10.637566
TRAIN Iter 201: loss = 0.001544,	Top-1 err = 41.510000,	Top-5 err = 23.910000,	train_time = 10.578428
TRAIN Iter 202: loss = 0.001548,	Top-1 err = 42.740000,	Top-5 err = 25.210000,	train_time = 10.633284
TRAIN Iter 203: loss = 0.001473,	Top-1 err = 39.740000,	Top-5 err = 22.650000,	train_time = 10.601236
TRAIN Iter 204: loss = 0.001501,	Top-1 err = 41.270000,	Top-5 err = 24.980000,	train_time = 10.624538
TRAIN Iter 205: loss = 0.001495,	Top-1 err = 43.290000,	Top-5 err = 26.660000,	train_time = 10.530261
TRAIN Iter 206: loss = 0.001465,	Top-1 err = 42.690000,	Top-5 err = 25.820000,	train_time = 10.632767
TRAIN Iter 207: loss = 0.001504,	Top-1 err = 46.800000,	Top-5 err = 29.560000,	train_time = 10.648419
TRAIN Iter 208: loss = 0.001460,	Top-1 err = 36.630000,	Top-5 err = 22.220000,	train_time = 10.629625
TRAIN Iter 209: loss = 0.001463,	Top-1 err = 44.090000,	Top-5 err = 25.310000,	train_time = 10.673728
TRAIN Iter 210: loss = 0.001457,	Top-1 err = 40.700000,	Top-5 err = 24.270000,	train_time = 10.629290
TRAIN Iter 211: loss = 0.001456,	Top-1 err = 45.640000,	Top-5 err = 28.790000,	train_time = 10.631201
TRAIN Iter 212: loss = 0.001485,	Top-1 err = 44.230000,	Top-5 err = 25.960000,	train_time = 10.614872
TRAIN Iter 213: loss = 0.001421,	Top-1 err = 48.810000,	Top-5 err = 29.610000,	train_time = 10.603390
TRAIN Iter 214: loss = 0.001450,	Top-1 err = 33.410000,	Top-5 err = 16.400000,	train_time = 10.611902
TRAIN Iter 215: loss = 0.001468,	Top-1 err = 35.450000,	Top-5 err = 20.290000,	train_time = 10.665327
TRAIN Iter 216: loss = 0.001398,	Top-1 err = 38.830000,	Top-5 err = 20.660000,	train_time = 10.621895
TRAIN Iter 217: loss = 0.001395,	Top-1 err = 36.510000,	Top-5 err = 20.580000,	train_time = 10.648913
TRAIN Iter 218: loss = 0.001407,	Top-1 err = 43.000000,	Top-5 err = 23.780000,	train_time = 10.610895
TRAIN Iter 219: loss = 0.001378,	Top-1 err = 41.730000,	Top-5 err = 25.040000,	train_time = 10.626552
TRAIN Iter 220: loss = 0.001386,	Top-1 err = 38.810000,	Top-5 err = 23.350000,	train_time = 10.609608
TRAIN Iter 221: loss = 0.001410,	Top-1 err = 46.840000,	Top-5 err = 29.180000,	train_time = 10.596915
TRAIN Iter 222: loss = 0.001376,	Top-1 err = 37.170000,	Top-5 err = 20.290000,	train_time = 10.671182
TRAIN Iter 223: loss = 0.001380,	Top-1 err = 41.480000,	Top-5 err = 24.790000,	train_time = 10.635442
TRAIN Iter 224: loss = 0.001385,	Top-1 err = 39.770000,	Top-5 err = 23.730000,	train_time = 10.627116
TRAIN Iter 225: loss = 0.001349,	Top-1 err = 38.640000,	Top-5 err = 21.810000,	train_time = 10.665984
TRAIN Iter 226: loss = 0.001391,	Top-1 err = 41.660000,	Top-5 err = 25.650000,	train_time = 10.669979
TRAIN Iter 227: loss = 0.001383,	Top-1 err = 39.910000,	Top-5 err = 22.000000,	train_time = 10.720807
TRAIN Iter 228: loss = 0.001387,	Top-1 err = 40.380000,	Top-5 err = 25.270000,	train_time = 10.641894
TRAIN Iter 229: loss = 0.001389,	Top-1 err = 39.460000,	Top-5 err = 22.360000,	train_time = 10.653948
TRAIN Iter 230: loss = 0.001374,	Top-1 err = 43.430000,	Top-5 err = 26.720000,	train_time = 10.630538
TRAIN Iter 231: loss = 0.001334,	Top-1 err = 42.030000,	Top-5 err = 25.520000,	train_time = 10.664212
TRAIN Iter 232: loss = 0.001321,	Top-1 err = 41.400000,	Top-5 err = 24.380000,	train_time = 10.649313
TRAIN Iter 233: loss = 0.001337,	Top-1 err = 43.770000,	Top-5 err = 26.410000,	train_time = 10.671072
TRAIN Iter 234: loss = 0.001373,	Top-1 err = 41.330000,	Top-5 err = 25.640000,	train_time = 10.704689
TRAIN Iter 235: loss = 0.001347,	Top-1 err = 44.170000,	Top-5 err = 26.490000,	train_time = 10.723276
TRAIN Iter 236: loss = 0.001352,	Top-1 err = 44.060000,	Top-5 err = 26.520000,	train_time = 10.660203
TRAIN Iter 237: loss = 0.001340,	Top-1 err = 39.810000,	Top-5 err = 22.880000,	train_time = 10.691948
TRAIN Iter 238: loss = 0.001308,	Top-1 err = 40.020000,	Top-5 err = 22.680000,	train_time = 10.684436
TRAIN Iter 239: loss = 0.001327,	Top-1 err = 41.680000,	Top-5 err = 25.710000,	train_time = 10.719854
TRAIN Iter 240: loss = 0.001318,	Top-1 err = 45.340000,	Top-5 err = 28.080000,	train_time = 10.611008
TRAIN Iter 241: loss = 0.001348,	Top-1 err = 43.430000,	Top-5 err = 26.610000,	train_time = 10.699362
TRAIN Iter 242: loss = 0.001286,	Top-1 err = 41.930000,	Top-5 err = 23.870000,	train_time = 10.656136
TRAIN Iter 243: loss = 0.001284,	Top-1 err = 38.960000,	Top-5 err = 21.730000,	train_time = 10.590869
TRAIN Iter 244: loss = 0.001270,	Top-1 err = 36.850000,	Top-5 err = 22.160000,	train_time = 10.631775
TRAIN Iter 245: loss = 0.001265,	Top-1 err = 41.680000,	Top-5 err = 25.400000,	train_time = 10.667614
TRAIN Iter 246: loss = 0.001259,	Top-1 err = 46.030000,	Top-5 err = 28.220000,	train_time = 10.658372
TRAIN Iter 247: loss = 0.001295,	Top-1 err = 43.460000,	Top-5 err = 27.660000,	train_time = 10.691782
TRAIN Iter 248: loss = 0.001298,	Top-1 err = 41.010000,	Top-5 err = 23.860000,	train_time = 10.608574
TRAIN Iter 249: loss = 0.001259,	Top-1 err = 41.120000,	Top-5 err = 23.870000,	train_time = 10.662692
TEST:
Iter 249: loss = 2.259483,	Top-1 err = 52.210000,	Top-5 err = 27.040000,	val_time = 2.150097
TRAIN Iter 250: loss = 0.001290,	Top-1 err = 33.250000,	Top-5 err = 17.700000,	train_time = 10.660392
TRAIN Iter 251: loss = 0.001265,	Top-1 err = 39.030000,	Top-5 err = 22.660000,	train_time = 10.684002
TRAIN Iter 252: loss = 0.001245,	Top-1 err = 37.770000,	Top-5 err = 20.880000,	train_time = 10.442690
TRAIN Iter 253: loss = 0.001242,	Top-1 err = 38.790000,	Top-5 err = 22.710000,	train_time = 10.713915
TRAIN Iter 254: loss = 0.001276,	Top-1 err = 37.080000,	Top-5 err = 21.930000,	train_time = 10.693720
TRAIN Iter 255: loss = 0.001254,	Top-1 err = 41.940000,	Top-5 err = 25.880000,	train_time = 10.655056
TRAIN Iter 256: loss = 0.001253,	Top-1 err = 38.370000,	Top-5 err = 22.790000,	train_time = 10.704055
TRAIN Iter 257: loss = 0.001243,	Top-1 err = 39.710000,	Top-5 err = 23.260000,	train_time = 10.681618
TRAIN Iter 258: loss = 0.001215,	Top-1 err = 34.720000,	Top-5 err = 18.460000,	train_time = 10.741861
TRAIN Iter 259: loss = 0.001219,	Top-1 err = 40.770000,	Top-5 err = 24.200000,	train_time = 10.644119
TEST:
Iter 259: loss = 2.246569,	Top-1 err = 52.360000,	Top-5 err = 26.480000,	val_time = 2.153402
TRAIN Iter 260: loss = 0.001221,	Top-1 err = 43.180000,	Top-5 err = 25.760000,	train_time = 10.686093
TRAIN Iter 261: loss = 0.001202,	Top-1 err = 37.280000,	Top-5 err = 21.680000,	train_time = 10.638044
TRAIN Iter 262: loss = 0.001253,	Top-1 err = 41.390000,	Top-5 err = 25.300000,	train_time = 10.734866
TRAIN Iter 263: loss = 0.001209,	Top-1 err = 37.980000,	Top-5 err = 22.660000,	train_time = 10.669096
TRAIN Iter 264: loss = 0.001224,	Top-1 err = 41.380000,	Top-5 err = 25.440000,	train_time = 10.708316
TRAIN Iter 265: loss = 0.001194,	Top-1 err = 37.480000,	Top-5 err = 21.920000,	train_time = 10.715463
TRAIN Iter 266: loss = 0.001224,	Top-1 err = 45.710000,	Top-5 err = 28.920000,	train_time = 10.710413
TRAIN Iter 267: loss = 0.001169,	Top-1 err = 39.130000,	Top-5 err = 21.640000,	train_time = 10.699969
TRAIN Iter 268: loss = 0.001194,	Top-1 err = 43.700000,	Top-5 err = 25.950000,	train_time = 10.704487
TRAIN Iter 269: loss = 0.001153,	Top-1 err = 40.020000,	Top-5 err = 23.720000,	train_time = 10.688589
TEST:
Iter 269: loss = 2.256796,	Top-1 err = 52.480000,	Top-5 err = 26.890000,	val_time = 2.180787
TRAIN Iter 270: loss = 0.001211,	Top-1 err = 43.100000,	Top-5 err = 27.330000,	train_time = 10.670457
TRAIN Iter 271: loss = 0.001173,	Top-1 err = 42.210000,	Top-5 err = 24.450000,	train_time = 10.669319
TRAIN Iter 272: loss = 0.001162,	Top-1 err = 46.390000,	Top-5 err = 29.160000,	train_time = 10.655682
TRAIN Iter 273: loss = 0.001178,	Top-1 err = 45.030000,	Top-5 err = 27.670000,	train_time = 10.552822
TRAIN Iter 274: loss = 0.001155,	Top-1 err = 38.770000,	Top-5 err = 21.980000,	train_time = 10.653473
TRAIN Iter 275: loss = 0.001180,	Top-1 err = 46.290000,	Top-5 err = 28.850000,	train_time = 10.672035
TRAIN Iter 276: loss = 0.001123,	Top-1 err = 36.590000,	Top-5 err = 20.600000,	train_time = 10.643025
TRAIN Iter 277: loss = 0.001129,	Top-1 err = 40.750000,	Top-5 err = 22.560000,	train_time = 10.645673
TRAIN Iter 278: loss = 0.001126,	Top-1 err = 35.430000,	Top-5 err = 19.250000,	train_time = 10.702375
TRAIN Iter 279: loss = 0.001160,	Top-1 err = 42.720000,	Top-5 err = 26.140000,	train_time = 10.715941
TEST:
Iter 279: loss = 2.241310,	Top-1 err = 51.940000,	Top-5 err = 26.440000,	val_time = 2.194084
TRAIN Iter 280: loss = 0.001147,	Top-1 err = 42.540000,	Top-5 err = 25.680000,	train_time = 10.684022
TRAIN Iter 281: loss = 0.001107,	Top-1 err = 43.150000,	Top-5 err = 24.760000,	train_time = 10.647911
TRAIN Iter 282: loss = 0.001148,	Top-1 err = 37.320000,	Top-5 err = 22.630000,	train_time = 10.643323
TRAIN Iter 283: loss = 0.001135,	Top-1 err = 40.170000,	Top-5 err = 22.800000,	train_time = 10.678831
TRAIN Iter 284: loss = 0.001109,	Top-1 err = 36.440000,	Top-5 err = 21.950000,	train_time = 10.587332
TRAIN Iter 285: loss = 0.001109,	Top-1 err = 43.230000,	Top-5 err = 24.680000,	train_time = 10.674818
TRAIN Iter 286: loss = 0.001102,	Top-1 err = 39.600000,	Top-5 err = 23.780000,	train_time = 10.619728
TRAIN Iter 287: loss = 0.001133,	Top-1 err = 37.390000,	Top-5 err = 20.800000,	train_time = 10.645672
TRAIN Iter 288: loss = 0.001126,	Top-1 err = 44.030000,	Top-5 err = 26.030000,	train_time = 10.630595
TRAIN Iter 289: loss = 0.001093,	Top-1 err = 36.600000,	Top-5 err = 21.880000,	train_time = 10.614739
TEST:
Iter 289: loss = 2.228529,	Top-1 err = 52.020000,	Top-5 err = 25.880000,	val_time = 2.191355
TRAIN Iter 290: loss = 0.001103,	Top-1 err = 40.430000,	Top-5 err = 25.450000,	train_time = 10.693153
TRAIN Iter 291: loss = 0.001102,	Top-1 err = 44.400000,	Top-5 err = 27.020000,	train_time = 10.654790
TRAIN Iter 292: loss = 0.001098,	Top-1 err = 37.470000,	Top-5 err = 20.320000,	train_time = 10.773084
TRAIN Iter 293: loss = 0.001081,	Top-1 err = 38.620000,	Top-5 err = 21.500000,	train_time = 10.682586
TRAIN Iter 294: loss = 0.001093,	Top-1 err = 45.400000,	Top-5 err = 27.470000,	train_time = 10.637851
TRAIN Iter 295: loss = 0.001081,	Top-1 err = 38.510000,	Top-5 err = 22.230000,	train_time = 10.695675
TRAIN Iter 296: loss = 0.001053,	Top-1 err = 39.250000,	Top-5 err = 22.620000,	train_time = 10.583335
TRAIN Iter 297: loss = 0.001094,	Top-1 err = 39.160000,	Top-5 err = 21.790000,	train_time = 10.679593
TRAIN Iter 298: loss = 0.001044,	Top-1 err = 40.390000,	Top-5 err = 23.830000,	train_time = 10.686618
TRAIN Iter 299: loss = 0.001057,	Top-1 err = 38.360000,	Top-5 err = 21.810000,	train_time = 10.683967
TEST:
Iter 299: loss = 2.211847,	Top-1 err = 51.450000,	Top-5 err = 26.080000,	val_time = 2.210447
Train Finish! Best accuracy is 48.55@299
