/home/dvspanos/miniconda3/envs/rded/lib/python3.10/site-packages/torchvision/models/_utils.py:208: UserWarning: The parameter 'pretrained' is deprecated since 0.13 and may be removed in the future, please use 'weights' instead.
  warnings.warn(
/home/dvspanos/miniconda3/envs/rded/lib/python3.10/site-packages/torchvision/models/_utils.py:223: UserWarning: Arguments other than a weight enum or `None` for 'weights' are deprecated since 0.13 and may be removed in the future. The current behavior is equivalent to passing `weights=None`.
  warnings.warn(msg)
=> using pytorch pre-trained teacher model 'resnet18_modified'
process data from /home/dvspanos/nikos/ca2d/artifacts/rded_sets/bench_tin_rn18_el2nw80_ipc50
load data successfully
TRAIN Iter 0: loss = 0.012017,	Top-1 err = 98.150000,	Top-5 err = 93.090000,	train_time = 15.357840
TRAIN Iter 1: loss = 0.011012,	Top-1 err = 95.800000,	Top-5 err = 84.680000,	train_time = 15.737091
TRAIN Iter 2: loss = 0.009857,	Top-1 err = 94.600000,	Top-5 err = 80.310000,	train_time = 15.739631
TRAIN Iter 3: loss = 0.009654,	Top-1 err = 93.310000,	Top-5 err = 76.920000,	train_time = 15.691935
TRAIN Iter 4: loss = 0.009254,	Top-1 err = 90.870000,	Top-5 err = 72.170000,	train_time = 15.672766
TRAIN Iter 5: loss = 0.008583,	Top-1 err = 90.460000,	Top-5 err = 71.540000,	train_time = 16.171049
TRAIN Iter 6: loss = 0.008437,	Top-1 err = 87.900000,	Top-5 err = 66.770000,	train_time = 16.169131
TRAIN Iter 7: loss = 0.007933,	Top-1 err = 87.750000,	Top-5 err = 67.160000,	train_time = 16.173655
TRAIN Iter 8: loss = 0.007989,	Top-1 err = 85.220000,	Top-5 err = 63.180000,	train_time = 16.171495
TRAIN Iter 9: loss = 0.007802,	Top-1 err = 83.160000,	Top-5 err = 59.020000,	train_time = 16.064342
TRAIN Iter 10: loss = 0.007500,	Top-1 err = 83.030000,	Top-5 err = 58.750000,	train_time = 16.985605
TRAIN Iter 11: loss = 0.007159,	Top-1 err = 83.650000,	Top-5 err = 60.530000,	train_time = 16.200564
TRAIN Iter 12: loss = 0.006970,	Top-1 err = 80.360000,	Top-5 err = 54.530000,	train_time = 17.703079
TRAIN Iter 13: loss = 0.006877,	Top-1 err = 79.890000,	Top-5 err = 55.540000,	train_time = 16.441776
TRAIN Iter 14: loss = 0.006702,	Top-1 err = 77.540000,	Top-5 err = 51.650000,	train_time = 16.410598
TRAIN Iter 15: loss = 0.006593,	Top-1 err = 74.170000,	Top-5 err = 47.360000,	train_time = 15.864953
TRAIN Iter 16: loss = 0.006320,	Top-1 err = 75.200000,	Top-5 err = 48.610000,	train_time = 15.975580
TRAIN Iter 17: loss = 0.006262,	Top-1 err = 74.880000,	Top-5 err = 50.090000,	train_time = 17.495776
TRAIN Iter 18: loss = 0.005969,	Top-1 err = 76.700000,	Top-5 err = 53.510000,	train_time = 16.350704
TRAIN Iter 19: loss = 0.006107,	Top-1 err = 70.430000,	Top-5 err = 44.390000,	train_time = 16.101533
TRAIN Iter 20: loss = 0.005797,	Top-1 err = 73.980000,	Top-5 err = 49.360000,	train_time = 15.951455
TRAIN Iter 21: loss = 0.005718,	Top-1 err = 69.490000,	Top-5 err = 43.410000,	train_time = 16.349148
TRAIN Iter 22: loss = 0.005581,	Top-1 err = 70.760000,	Top-5 err = 45.430000,	train_time = 17.562966
TRAIN Iter 23: loss = 0.005525,	Top-1 err = 65.920000,	Top-5 err = 39.100000,	train_time = 16.153446
TRAIN Iter 24: loss = 0.005323,	Top-1 err = 70.270000,	Top-5 err = 44.650000,	train_time = 17.079413
TRAIN Iter 25: loss = 0.005187,	Top-1 err = 71.650000,	Top-5 err = 45.670000,	train_time = 15.684516
TRAIN Iter 26: loss = 0.005194,	Top-1 err = 65.200000,	Top-5 err = 38.010000,	train_time = 15.825235
TRAIN Iter 27: loss = 0.005236,	Top-1 err = 61.630000,	Top-5 err = 35.440000,	train_time = 16.897197
TRAIN Iter 28: loss = 0.005108,	Top-1 err = 65.750000,	Top-5 err = 41.150000,	train_time = 16.728642
TRAIN Iter 29: loss = 0.004863,	Top-1 err = 66.110000,	Top-5 err = 41.720000,	train_time = 15.852930
TRAIN Iter 30: loss = 0.004854,	Top-1 err = 66.180000,	Top-5 err = 41.870000,	train_time = 16.522844
TRAIN Iter 31: loss = 0.004775,	Top-1 err = 65.130000,	Top-5 err = 40.600000,	train_time = 15.966154
TRAIN Iter 32: loss = 0.004766,	Top-1 err = 61.820000,	Top-5 err = 37.790000,	train_time = 16.843998
TRAIN Iter 33: loss = 0.004724,	Top-1 err = 61.020000,	Top-5 err = 36.100000,	train_time = 16.714494
TRAIN Iter 34: loss = 0.004614,	Top-1 err = 58.000000,	Top-5 err = 33.410000,	train_time = 16.513946
TRAIN Iter 35: loss = 0.004534,	Top-1 err = 62.270000,	Top-5 err = 38.350000,	train_time = 15.718194
TRAIN Iter 36: loss = 0.004488,	Top-1 err = 60.930000,	Top-5 err = 37.960000,	train_time = 17.363746
TRAIN Iter 37: loss = 0.004360,	Top-1 err = 60.860000,	Top-5 err = 36.620000,	train_time = 15.578061
TRAIN Iter 38: loss = 0.004422,	Top-1 err = 56.980000,	Top-5 err = 33.360000,	train_time = 16.321328
TRAIN Iter 39: loss = 0.004316,	Top-1 err = 60.460000,	Top-5 err = 36.780000,	train_time = 17.348980
TRAIN Iter 40: loss = 0.004238,	Top-1 err = 62.760000,	Top-5 err = 40.080000,	train_time = 16.559381
TRAIN Iter 41: loss = 0.004168,	Top-1 err = 63.430000,	Top-5 err = 39.670000,	train_time = 16.527639
TRAIN Iter 42: loss = 0.004154,	Top-1 err = 58.550000,	Top-5 err = 36.560000,	train_time = 15.617400
TRAIN Iter 43: loss = 0.004079,	Top-1 err = 62.450000,	Top-5 err = 40.780000,	train_time = 15.746343
TRAIN Iter 44: loss = 0.004099,	Top-1 err = 57.580000,	Top-5 err = 35.640000,	train_time = 15.923380
TRAIN Iter 45: loss = 0.003970,	Top-1 err = 59.750000,	Top-5 err = 36.560000,	train_time = 16.473063
TRAIN Iter 46: loss = 0.003932,	Top-1 err = 61.320000,	Top-5 err = 39.140000,	train_time = 16.483993
TRAIN Iter 47: loss = 0.003878,	Top-1 err = 59.210000,	Top-5 err = 36.410000,	train_time = 16.184326
TRAIN Iter 48: loss = 0.003907,	Top-1 err = 55.700000,	Top-5 err = 32.470000,	train_time = 16.049961
TRAIN Iter 49: loss = 0.003887,	Top-1 err = 58.270000,	Top-5 err = 35.710000,	train_time = 17.256154
TRAIN Iter 50: loss = 0.003824,	Top-1 err = 52.180000,	Top-5 err = 28.330000,	train_time = 16.198277
TRAIN Iter 51: loss = 0.003834,	Top-1 err = 56.290000,	Top-5 err = 34.780000,	train_time = 16.768964
TRAIN Iter 52: loss = 0.003763,	Top-1 err = 54.960000,	Top-5 err = 32.310000,	train_time = 15.829120
TRAIN Iter 53: loss = 0.003809,	Top-1 err = 51.170000,	Top-5 err = 28.670000,	train_time = 17.006985
TRAIN Iter 54: loss = 0.003724,	Top-1 err = 56.380000,	Top-5 err = 35.390000,	train_time = 15.778834
TRAIN Iter 55: loss = 0.003699,	Top-1 err = 57.620000,	Top-5 err = 35.360000,	train_time = 16.674703
TRAIN Iter 56: loss = 0.003672,	Top-1 err = 58.260000,	Top-5 err = 37.610000,	train_time = 15.865165
TRAIN Iter 57: loss = 0.003665,	Top-1 err = 55.250000,	Top-5 err = 32.620000,	train_time = 16.621502
TRAIN Iter 58: loss = 0.003641,	Top-1 err = 57.660000,	Top-5 err = 36.050000,	train_time = 15.846420
TRAIN Iter 59: loss = 0.003582,	Top-1 err = 54.670000,	Top-5 err = 33.810000,	train_time = 16.520240
TRAIN Iter 60: loss = 0.003550,	Top-1 err = 53.670000,	Top-5 err = 32.270000,	train_time = 16.806547
TRAIN Iter 61: loss = 0.003520,	Top-1 err = 57.400000,	Top-5 err = 35.420000,	train_time = 15.418357
TRAIN Iter 62: loss = 0.003521,	Top-1 err = 52.030000,	Top-5 err = 30.010000,	train_time = 17.171973
TRAIN Iter 63: loss = 0.003476,	Top-1 err = 56.190000,	Top-5 err = 33.640000,	train_time = 15.532855
TRAIN Iter 64: loss = 0.003503,	Top-1 err = 56.630000,	Top-5 err = 36.290000,	train_time = 16.817912
TRAIN Iter 65: loss = 0.003438,	Top-1 err = 56.730000,	Top-5 err = 34.820000,	train_time = 16.687909
TRAIN Iter 66: loss = 0.003439,	Top-1 err = 54.410000,	Top-5 err = 33.370000,	train_time = 16.318898
TRAIN Iter 67: loss = 0.003416,	Top-1 err = 54.430000,	Top-5 err = 33.560000,	train_time = 15.565638
TRAIN Iter 68: loss = 0.003404,	Top-1 err = 52.030000,	Top-5 err = 31.170000,	train_time = 15.663538
TRAIN Iter 69: loss = 0.003401,	Top-1 err = 56.960000,	Top-5 err = 35.860000,	train_time = 17.146572
TRAIN Iter 70: loss = 0.003363,	Top-1 err = 56.630000,	Top-5 err = 37.840000,	train_time = 15.640060
TRAIN Iter 71: loss = 0.003362,	Top-1 err = 48.430000,	Top-5 err = 27.820000,	train_time = 15.951631
TRAIN Iter 72: loss = 0.003333,	Top-1 err = 50.770000,	Top-5 err = 31.300000,	train_time = 16.881353
TRAIN Iter 73: loss = 0.003314,	Top-1 err = 53.460000,	Top-5 err = 31.820000,	train_time = 17.178427
TRAIN Iter 74: loss = 0.003279,	Top-1 err = 50.850000,	Top-5 err = 29.250000,	train_time = 15.938626
TRAIN Iter 75: loss = 0.003220,	Top-1 err = 54.030000,	Top-5 err = 34.900000,	train_time = 15.710199
TRAIN Iter 76: loss = 0.003229,	Top-1 err = 48.950000,	Top-5 err = 29.840000,	train_time = 15.726724
TRAIN Iter 77: loss = 0.003238,	Top-1 err = 55.850000,	Top-5 err = 35.490000,	train_time = 17.496225
TRAIN Iter 78: loss = 0.003251,	Top-1 err = 52.340000,	Top-5 err = 32.820000,	train_time = 16.740564
TRAIN Iter 79: loss = 0.003274,	Top-1 err = 52.940000,	Top-5 err = 32.320000,	train_time = 15.532883
TRAIN Iter 80: loss = 0.003212,	Top-1 err = 54.870000,	Top-5 err = 33.910000,	train_time = 16.293588
TRAIN Iter 81: loss = 0.003211,	Top-1 err = 54.270000,	Top-5 err = 34.780000,	train_time = 15.881154
TRAIN Iter 82: loss = 0.003161,	Top-1 err = 56.050000,	Top-5 err = 35.460000,	train_time = 16.906261
TRAIN Iter 83: loss = 0.003152,	Top-1 err = 52.280000,	Top-5 err = 31.530000,	train_time = 16.150402
TRAIN Iter 84: loss = 0.003132,	Top-1 err = 54.220000,	Top-5 err = 35.420000,	train_time = 16.587960
TRAIN Iter 85: loss = 0.003121,	Top-1 err = 45.680000,	Top-5 err = 26.110000,	train_time = 15.326013
TRAIN Iter 86: loss = 0.003085,	Top-1 err = 52.720000,	Top-5 err = 32.780000,	train_time = 15.728368
TRAIN Iter 87: loss = 0.003124,	Top-1 err = 56.260000,	Top-5 err = 35.070000,	train_time = 17.181623
TRAIN Iter 88: loss = 0.003098,	Top-1 err = 52.920000,	Top-5 err = 33.020000,	train_time = 15.703739
TRAIN Iter 89: loss = 0.003078,	Top-1 err = 51.400000,	Top-5 err = 31.470000,	train_time = 16.494706
TRAIN Iter 90: loss = 0.003079,	Top-1 err = 51.430000,	Top-5 err = 31.560000,	train_time = 16.723767
TRAIN Iter 91: loss = 0.003025,	Top-1 err = 43.670000,	Top-5 err = 23.710000,	train_time = 16.091437
TRAIN Iter 92: loss = 0.002999,	Top-1 err = 49.550000,	Top-5 err = 29.970000,	train_time = 16.031760
TRAIN Iter 93: loss = 0.003026,	Top-1 err = 53.530000,	Top-5 err = 34.770000,	train_time = 15.806783
TRAIN Iter 94: loss = 0.002998,	Top-1 err = 49.650000,	Top-5 err = 30.470000,	train_time = 15.834095
TRAIN Iter 95: loss = 0.003004,	Top-1 err = 50.150000,	Top-5 err = 30.310000,	train_time = 16.143466
TRAIN Iter 96: loss = 0.002986,	Top-1 err = 51.160000,	Top-5 err = 31.380000,	train_time = 16.312863
TRAIN Iter 97: loss = 0.002978,	Top-1 err = 57.330000,	Top-5 err = 39.370000,	train_time = 16.002612
TRAIN Iter 98: loss = 0.002978,	Top-1 err = 49.560000,	Top-5 err = 30.310000,	train_time = 15.779794
TRAIN Iter 99: loss = 0.002987,	Top-1 err = 49.900000,	Top-5 err = 31.110000,	train_time = 16.072151
TRAIN Iter 100: loss = 0.002997,	Top-1 err = 54.850000,	Top-5 err = 35.310000,	train_time = 16.375417
TRAIN Iter 101: loss = 0.002948,	Top-1 err = 49.850000,	Top-5 err = 31.360000,	train_time = 15.641479
TRAIN Iter 102: loss = 0.002894,	Top-1 err = 50.870000,	Top-5 err = 30.290000,	train_time = 16.374305
TRAIN Iter 103: loss = 0.002913,	Top-1 err = 47.310000,	Top-5 err = 28.020000,	train_time = 15.681700
TRAIN Iter 104: loss = 0.002927,	Top-1 err = 49.280000,	Top-5 err = 28.920000,	train_time = 17.350045
TRAIN Iter 105: loss = 0.002902,	Top-1 err = 53.770000,	Top-5 err = 34.060000,	train_time = 16.180503
TRAIN Iter 106: loss = 0.002910,	Top-1 err = 45.720000,	Top-5 err = 27.480000,	train_time = 15.571076
TRAIN Iter 107: loss = 0.002880,	Top-1 err = 48.380000,	Top-5 err = 29.650000,	train_time = 15.719199
TRAIN Iter 108: loss = 0.002883,	Top-1 err = 48.520000,	Top-5 err = 29.000000,	train_time = 17.072484
TRAIN Iter 109: loss = 0.002839,	Top-1 err = 47.430000,	Top-5 err = 29.370000,	train_time = 15.407558
TRAIN Iter 110: loss = 0.002859,	Top-1 err = 47.760000,	Top-5 err = 29.460000,	train_time = 16.758593
TRAIN Iter 111: loss = 0.002862,	Top-1 err = 56.110000,	Top-5 err = 36.900000,	train_time = 15.240489
TRAIN Iter 112: loss = 0.002867,	Top-1 err = 54.470000,	Top-5 err = 34.540000,	train_time = 16.412295
TRAIN Iter 113: loss = 0.002866,	Top-1 err = 46.360000,	Top-5 err = 26.000000,	train_time = 15.617733
TRAIN Iter 114: loss = 0.002837,	Top-1 err = 51.860000,	Top-5 err = 32.700000,	train_time = 17.225114
TRAIN Iter 115: loss = 0.002815,	Top-1 err = 47.970000,	Top-5 err = 29.210000,	train_time = 15.350543
TRAIN Iter 116: loss = 0.002801,	Top-1 err = 49.740000,	Top-5 err = 30.690000,	train_time = 16.974183
TRAIN Iter 117: loss = 0.002781,	Top-1 err = 44.810000,	Top-5 err = 25.650000,	train_time = 15.443454
TRAIN Iter 118: loss = 0.002811,	Top-1 err = 55.080000,	Top-5 err = 36.150000,	train_time = 15.603966
TRAIN Iter 119: loss = 0.002762,	Top-1 err = 51.170000,	Top-5 err = 31.840000,	train_time = 17.240278
TRAIN Iter 120: loss = 0.002797,	Top-1 err = 47.180000,	Top-5 err = 27.790000,	train_time = 16.524158
TRAIN Iter 121: loss = 0.002776,	Top-1 err = 46.160000,	Top-5 err = 28.200000,	train_time = 15.743511
TRAIN Iter 122: loss = 0.002790,	Top-1 err = 54.310000,	Top-5 err = 34.490000,	train_time = 16.421860
TRAIN Iter 123: loss = 0.002770,	Top-1 err = 49.790000,	Top-5 err = 29.740000,	train_time = 15.416969
TRAIN Iter 124: loss = 0.002759,	Top-1 err = 48.530000,	Top-5 err = 30.170000,	train_time = 17.016398
TRAIN Iter 125: loss = 0.002741,	Top-1 err = 51.510000,	Top-5 err = 32.130000,	train_time = 15.704954
TRAIN Iter 126: loss = 0.002717,	Top-1 err = 49.120000,	Top-5 err = 30.250000,	train_time = 15.810900
TRAIN Iter 127: loss = 0.002715,	Top-1 err = 44.120000,	Top-5 err = 26.510000,	train_time = 15.749547
TRAIN Iter 128: loss = 0.002755,	Top-1 err = 52.730000,	Top-5 err = 31.860000,	train_time = 16.015316
TRAIN Iter 129: loss = 0.002691,	Top-1 err = 49.030000,	Top-5 err = 30.090000,	train_time = 16.056731
TRAIN Iter 130: loss = 0.002719,	Top-1 err = 51.890000,	Top-5 err = 32.010000,	train_time = 17.608298
TRAIN Iter 131: loss = 0.002701,	Top-1 err = 51.660000,	Top-5 err = 33.480000,	train_time = 15.555900
TRAIN Iter 132: loss = 0.002715,	Top-1 err = 49.650000,	Top-5 err = 30.850000,	train_time = 15.660161
TRAIN Iter 133: loss = 0.002676,	Top-1 err = 47.020000,	Top-5 err = 28.730000,	train_time = 17.205398
TRAIN Iter 134: loss = 0.002691,	Top-1 err = 52.300000,	Top-5 err = 32.790000,	train_time = 16.422567
TRAIN Iter 135: loss = 0.002706,	Top-1 err = 52.070000,	Top-5 err = 31.700000,	train_time = 15.642601
TRAIN Iter 136: loss = 0.002660,	Top-1 err = 53.930000,	Top-5 err = 35.340000,	train_time = 16.002599
TRAIN Iter 137: loss = 0.002639,	Top-1 err = 49.130000,	Top-5 err = 30.600000,	train_time = 16.037654
TRAIN Iter 138: loss = 0.002671,	Top-1 err = 52.940000,	Top-5 err = 33.860000,	train_time = 16.784317
TRAIN Iter 139: loss = 0.002671,	Top-1 err = 57.090000,	Top-5 err = 39.630000,	train_time = 16.214492
TRAIN Iter 140: loss = 0.002681,	Top-1 err = 51.410000,	Top-5 err = 32.540000,	train_time = 15.710804
TRAIN Iter 141: loss = 0.002650,	Top-1 err = 48.230000,	Top-5 err = 30.480000,	train_time = 15.799713
TRAIN Iter 142: loss = 0.002615,	Top-1 err = 45.920000,	Top-5 err = 26.120000,	train_time = 17.536141
TRAIN Iter 143: loss = 0.002664,	Top-1 err = 50.980000,	Top-5 err = 30.760000,	train_time = 16.203407
TRAIN Iter 144: loss = 0.002640,	Top-1 err = 49.920000,	Top-5 err = 30.400000,	train_time = 17.017795
TRAIN Iter 145: loss = 0.002607,	Top-1 err = 45.140000,	Top-5 err = 26.750000,	train_time = 15.712996
TRAIN Iter 146: loss = 0.002579,	Top-1 err = 45.980000,	Top-5 err = 26.940000,	train_time = 16.586361
TRAIN Iter 147: loss = 0.002606,	Top-1 err = 46.920000,	Top-5 err = 29.440000,	train_time = 15.495488
TRAIN Iter 148: loss = 0.002652,	Top-1 err = 48.870000,	Top-5 err = 29.520000,	train_time = 17.032670
TRAIN Iter 149: loss = 0.002609,	Top-1 err = 49.620000,	Top-5 err = 32.050000,	train_time = 15.320163
TRAIN Iter 150: loss = 0.002610,	Top-1 err = 50.650000,	Top-5 err = 30.780000,	train_time = 17.116203
TRAIN Iter 151: loss = 0.002605,	Top-1 err = 47.180000,	Top-5 err = 27.470000,	train_time = 16.107826
TRAIN Iter 152: loss = 0.002623,	Top-1 err = 51.190000,	Top-5 err = 33.310000,	train_time = 16.848731
TRAIN Iter 153: loss = 0.002586,	Top-1 err = 48.490000,	Top-5 err = 28.500000,	train_time = 16.066520
TRAIN Iter 154: loss = 0.002600,	Top-1 err = 45.300000,	Top-5 err = 27.240000,	train_time = 16.180585
TRAIN Iter 155: loss = 0.002623,	Top-1 err = 52.990000,	Top-5 err = 33.580000,	train_time = 16.266130
TRAIN Iter 156: loss = 0.002555,	Top-1 err = 47.280000,	Top-5 err = 28.790000,	train_time = 15.199963
TRAIN Iter 157: loss = 0.002568,	Top-1 err = 45.580000,	Top-5 err = 27.620000,	train_time = 15.765078
TRAIN Iter 158: loss = 0.002572,	Top-1 err = 46.030000,	Top-5 err = 27.170000,	train_time = 17.385916
TRAIN Iter 159: loss = 0.002559,	Top-1 err = 48.530000,	Top-5 err = 28.600000,	train_time = 15.768617
TRAIN Iter 160: loss = 0.002563,	Top-1 err = 55.380000,	Top-5 err = 36.240000,	train_time = 16.080644
TRAIN Iter 161: loss = 0.002528,	Top-1 err = 45.870000,	Top-5 err = 27.960000,	train_time = 16.125829
TRAIN Iter 162: loss = 0.002549,	Top-1 err = 52.790000,	Top-5 err = 35.220000,	train_time = 15.833150
TRAIN Iter 163: loss = 0.002509,	Top-1 err = 52.390000,	Top-5 err = 33.990000,	train_time = 15.743038
TRAIN Iter 164: loss = 0.002542,	Top-1 err = 49.160000,	Top-5 err = 28.530000,	train_time = 15.780856
TRAIN Iter 165: loss = 0.002533,	Top-1 err = 43.690000,	Top-5 err = 25.830000,	train_time = 17.290620
TRAIN Iter 166: loss = 0.002487,	Top-1 err = 49.060000,	Top-5 err = 31.110000,	train_time = 17.002744
TRAIN Iter 167: loss = 0.002517,	Top-1 err = 44.480000,	Top-5 err = 27.540000,	train_time = 16.124790
TRAIN Iter 168: loss = 0.002498,	Top-1 err = 46.560000,	Top-5 err = 29.330000,	train_time = 15.259650
TRAIN Iter 169: loss = 0.002518,	Top-1 err = 54.750000,	Top-5 err = 36.740000,	train_time = 15.658487
TRAIN Iter 170: loss = 0.002492,	Top-1 err = 46.660000,	Top-5 err = 28.080000,	train_time = 16.977061
TRAIN Iter 171: loss = 0.002469,	Top-1 err = 49.410000,	Top-5 err = 31.250000,	train_time = 15.306036
TRAIN Iter 172: loss = 0.002469,	Top-1 err = 46.210000,	Top-5 err = 28.280000,	train_time = 16.847183
TRAIN Iter 173: loss = 0.002444,	Top-1 err = 48.260000,	Top-5 err = 30.940000,	train_time = 15.451016
TRAIN Iter 174: loss = 0.002482,	Top-1 err = 47.420000,	Top-5 err = 28.420000,	train_time = 15.485785
TRAIN Iter 175: loss = 0.002487,	Top-1 err = 50.960000,	Top-5 err = 31.830000,	train_time = 17.084429
TRAIN Iter 176: loss = 0.002467,	Top-1 err = 47.940000,	Top-5 err = 29.660000,	train_time = 15.735614
TRAIN Iter 177: loss = 0.002514,	Top-1 err = 50.160000,	Top-5 err = 30.230000,	train_time = 15.588957
TRAIN Iter 178: loss = 0.002474,	Top-1 err = 51.520000,	Top-5 err = 31.420000,	train_time = 16.071134
TRAIN Iter 179: loss = 0.002436,	Top-1 err = 46.740000,	Top-5 err = 28.560000,	train_time = 16.198738
TRAIN Iter 180: loss = 0.002463,	Top-1 err = 50.390000,	Top-5 err = 32.950000,	train_time = 15.363700
TRAIN Iter 181: loss = 0.002466,	Top-1 err = 47.710000,	Top-5 err = 29.850000,	train_time = 16.873562
TRAIN Iter 182: loss = 0.002417,	Top-1 err = 52.070000,	Top-5 err = 33.770000,	train_time = 16.029599
TRAIN Iter 183: loss = 0.002468,	Top-1 err = 46.940000,	Top-5 err = 29.230000,	train_time = 16.098273
TRAIN Iter 184: loss = 0.002427,	Top-1 err = 48.370000,	Top-5 err = 31.340000,	train_time = 16.199933
TRAIN Iter 185: loss = 0.002488,	Top-1 err = 55.280000,	Top-5 err = 35.640000,	train_time = 15.396768
TRAIN Iter 186: loss = 0.002466,	Top-1 err = 51.490000,	Top-5 err = 33.120000,	train_time = 16.729776
TRAIN Iter 187: loss = 0.002401,	Top-1 err = 43.870000,	Top-5 err = 25.420000,	train_time = 15.716388
TRAIN Iter 188: loss = 0.002412,	Top-1 err = 49.310000,	Top-5 err = 31.700000,	train_time = 16.857286
TRAIN Iter 189: loss = 0.002452,	Top-1 err = 50.630000,	Top-5 err = 32.490000,	train_time = 16.184916
TRAIN Iter 190: loss = 0.002430,	Top-1 err = 46.850000,	Top-5 err = 28.610000,	train_time = 15.417474
TRAIN Iter 191: loss = 0.002423,	Top-1 err = 49.050000,	Top-5 err = 31.470000,	train_time = 16.668420
TRAIN Iter 192: loss = 0.002447,	Top-1 err = 51.380000,	Top-5 err = 31.080000,	train_time = 15.513557
TRAIN Iter 193: loss = 0.002409,	Top-1 err = 49.880000,	Top-5 err = 33.140000,	train_time = 15.436641
TRAIN Iter 194: loss = 0.002414,	Top-1 err = 58.160000,	Top-5 err = 40.180000,	train_time = 17.205511
TRAIN Iter 195: loss = 0.002421,	Top-1 err = 49.580000,	Top-5 err = 31.040000,	train_time = 15.478586
TRAIN Iter 196: loss = 0.002358,	Top-1 err = 45.100000,	Top-5 err = 27.630000,	train_time = 15.921606
TRAIN Iter 197: loss = 0.002432,	Top-1 err = 52.990000,	Top-5 err = 35.700000,	train_time = 16.250806
TRAIN Iter 198: loss = 0.002373,	Top-1 err = 45.890000,	Top-5 err = 28.000000,	train_time = 16.346469
TRAIN Iter 199: loss = 0.002376,	Top-1 err = 45.040000,	Top-5 err = 28.390000,	train_time = 15.839557
TRAIN Iter 200: loss = 0.002389,	Top-1 err = 51.890000,	Top-5 err = 34.400000,	train_time = 16.746686
TRAIN Iter 201: loss = 0.002418,	Top-1 err = 51.990000,	Top-5 err = 32.890000,	train_time = 15.944081
TRAIN Iter 202: loss = 0.002357,	Top-1 err = 47.470000,	Top-5 err = 30.280000,	train_time = 16.222153
TRAIN Iter 203: loss = 0.002369,	Top-1 err = 46.600000,	Top-5 err = 28.750000,	train_time = 17.049693
TRAIN Iter 204: loss = 0.002409,	Top-1 err = 54.020000,	Top-5 err = 35.450000,	train_time = 15.611760
TRAIN Iter 205: loss = 0.002359,	Top-1 err = 46.480000,	Top-5 err = 28.820000,	train_time = 16.679767
TRAIN Iter 206: loss = 0.002371,	Top-1 err = 49.040000,	Top-5 err = 31.520000,	train_time = 15.558358
TRAIN Iter 207: loss = 0.002398,	Top-1 err = 51.800000,	Top-5 err = 31.640000,	train_time = 16.007793
TRAIN Iter 208: loss = 0.002354,	Top-1 err = 48.270000,	Top-5 err = 30.080000,	train_time = 16.537836
TRAIN Iter 209: loss = 0.002349,	Top-1 err = 44.210000,	Top-5 err = 25.720000,	train_time = 15.973427
TRAIN Iter 210: loss = 0.002389,	Top-1 err = 50.590000,	Top-5 err = 31.960000,	train_time = 15.439687
TRAIN Iter 211: loss = 0.002422,	Top-1 err = 54.050000,	Top-5 err = 34.140000,	train_time = 16.608917
TRAIN Iter 212: loss = 0.002307,	Top-1 err = 46.950000,	Top-5 err = 30.190000,	train_time = 15.886804
TRAIN Iter 213: loss = 0.002362,	Top-1 err = 49.830000,	Top-5 err = 31.740000,	train_time = 16.023134
TRAIN Iter 214: loss = 0.002353,	Top-1 err = 47.740000,	Top-5 err = 29.970000,	train_time = 15.720683
TRAIN Iter 215: loss = 0.002330,	Top-1 err = 48.920000,	Top-5 err = 30.110000,	train_time = 15.814619
TRAIN Iter 216: loss = 0.002369,	Top-1 err = 49.790000,	Top-5 err = 30.350000,	train_time = 17.061498
TRAIN Iter 217: loss = 0.002289,	Top-1 err = 40.750000,	Top-5 err = 24.200000,	train_time = 16.688921
TRAIN Iter 218: loss = 0.002332,	Top-1 err = 45.060000,	Top-5 err = 28.280000,	train_time = 15.995407
TRAIN Iter 219: loss = 0.002331,	Top-1 err = 51.500000,	Top-5 err = 34.830000,	train_time = 15.602553
TRAIN Iter 220: loss = 0.002340,	Top-1 err = 50.850000,	Top-5 err = 31.920000,	train_time = 16.962071
TRAIN Iter 221: loss = 0.002333,	Top-1 err = 53.160000,	Top-5 err = 33.900000,	train_time = 15.502671
TRAIN Iter 222: loss = 0.002287,	Top-1 err = 47.760000,	Top-5 err = 29.370000,	train_time = 15.556572
TRAIN Iter 223: loss = 0.002328,	Top-1 err = 46.120000,	Top-5 err = 28.500000,	train_time = 16.075104
TRAIN Iter 224: loss = 0.002329,	Top-1 err = 50.210000,	Top-5 err = 32.300000,	train_time = 17.016706
TRAIN Iter 225: loss = 0.002323,	Top-1 err = 52.570000,	Top-5 err = 34.950000,	train_time = 16.723590
TRAIN Iter 226: loss = 0.002277,	Top-1 err = 47.870000,	Top-5 err = 29.860000,	train_time = 15.265561
TRAIN Iter 227: loss = 0.002350,	Top-1 err = 54.210000,	Top-5 err = 35.180000,	train_time = 15.669813
TRAIN Iter 228: loss = 0.002257,	Top-1 err = 43.730000,	Top-5 err = 27.380000,	train_time = 15.824878
TRAIN Iter 229: loss = 0.002320,	Top-1 err = 51.560000,	Top-5 err = 33.390000,	train_time = 15.982591
TRAIN Iter 230: loss = 0.002309,	Top-1 err = 44.700000,	Top-5 err = 26.280000,	train_time = 16.651534
TRAIN Iter 231: loss = 0.002334,	Top-1 err = 50.030000,	Top-5 err = 31.590000,	train_time = 15.625501
TRAIN Iter 232: loss = 0.002305,	Top-1 err = 52.820000,	Top-5 err = 33.930000,	train_time = 16.469572
TRAIN Iter 233: loss = 0.002299,	Top-1 err = 48.090000,	Top-5 err = 29.190000,	train_time = 16.447086
TRAIN Iter 234: loss = 0.002278,	Top-1 err = 52.360000,	Top-5 err = 33.720000,	train_time = 15.674020
TRAIN Iter 235: loss = 0.002276,	Top-1 err = 45.110000,	Top-5 err = 27.390000,	train_time = 15.692088
TRAIN Iter 236: loss = 0.002266,	Top-1 err = 49.010000,	Top-5 err = 31.630000,	train_time = 15.871297
TRAIN Iter 237: loss = 0.002232,	Top-1 err = 44.670000,	Top-5 err = 28.310000,	train_time = 17.243378
TRAIN Iter 238: loss = 0.002279,	Top-1 err = 47.800000,	Top-5 err = 30.310000,	train_time = 15.449517
TRAIN Iter 239: loss = 0.002248,	Top-1 err = 48.800000,	Top-5 err = 31.550000,	train_time = 16.998374
TRAIN Iter 240: loss = 0.002265,	Top-1 err = 47.640000,	Top-5 err = 29.420000,	train_time = 15.412195
TRAIN Iter 241: loss = 0.002205,	Top-1 err = 39.650000,	Top-5 err = 21.770000,	train_time = 15.972120
TRAIN Iter 242: loss = 0.002264,	Top-1 err = 48.950000,	Top-5 err = 30.490000,	train_time = 15.428749
TRAIN Iter 243: loss = 0.002259,	Top-1 err = 50.830000,	Top-5 err = 33.380000,	train_time = 15.857543
TRAIN Iter 244: loss = 0.002270,	Top-1 err = 52.830000,	Top-5 err = 35.360000,	train_time = 15.949183
TRAIN Iter 245: loss = 0.002201,	Top-1 err = 46.640000,	Top-5 err = 29.060000,	train_time = 15.755732
TRAIN Iter 246: loss = 0.002256,	Top-1 err = 47.340000,	Top-5 err = 27.770000,	train_time = 17.224887
TRAIN Iter 247: loss = 0.002230,	Top-1 err = 51.780000,	Top-5 err = 35.070000,	train_time = 15.229003
TRAIN Iter 248: loss = 0.002240,	Top-1 err = 45.340000,	Top-5 err = 27.290000,	train_time = 15.843956
TRAIN Iter 249: loss = 0.002248,	Top-1 err = 50.770000,	Top-5 err = 32.520000,	train_time = 15.720866
TEST:
Iter 249: loss = 1.915021,	Top-1 err = 43.990000,	Top-5 err = 20.270000,	val_time = 3.178995
TRAIN Iter 250: loss = 0.002228,	Top-1 err = 48.450000,	Top-5 err = 31.830000,	train_time = 15.737462
TRAIN Iter 251: loss = 0.002212,	Top-1 err = 48.460000,	Top-5 err = 30.490000,	train_time = 15.721934
TRAIN Iter 252: loss = 0.002267,	Top-1 err = 50.280000,	Top-5 err = 32.400000,	train_time = 16.857121
TRAIN Iter 253: loss = 0.002247,	Top-1 err = 46.930000,	Top-5 err = 29.110000,	train_time = 15.494515
TRAIN Iter 254: loss = 0.002254,	Top-1 err = 46.450000,	Top-5 err = 28.750000,	train_time = 16.085420
TRAIN Iter 255: loss = 0.002217,	Top-1 err = 41.950000,	Top-5 err = 24.770000,	train_time = 15.923437
TRAIN Iter 256: loss = 0.002236,	Top-1 err = 46.010000,	Top-5 err = 28.560000,	train_time = 15.877187
TRAIN Iter 257: loss = 0.002212,	Top-1 err = 46.450000,	Top-5 err = 28.580000,	train_time = 15.709118
TRAIN Iter 258: loss = 0.002315,	Top-1 err = 55.990000,	Top-5 err = 36.270000,	train_time = 15.812368
TRAIN Iter 259: loss = 0.002209,	Top-1 err = 51.090000,	Top-5 err = 33.940000,	train_time = 16.026463
TEST:
Iter 259: loss = 1.878391,	Top-1 err = 43.790000,	Top-5 err = 20.070000,	val_time = 3.142084
TRAIN Iter 260: loss = 0.002230,	Top-1 err = 48.100000,	Top-5 err = 30.040000,	train_time = 17.179516
TRAIN Iter 261: loss = 0.002197,	Top-1 err = 49.100000,	Top-5 err = 31.700000,	train_time = 15.608633
TRAIN Iter 262: loss = 0.002211,	Top-1 err = 50.960000,	Top-5 err = 33.040000,	train_time = 15.654833
TRAIN Iter 263: loss = 0.002214,	Top-1 err = 45.960000,	Top-5 err = 28.470000,	train_time = 15.680632
TRAIN Iter 264: loss = 0.002235,	Top-1 err = 53.900000,	Top-5 err = 35.340000,	train_time = 17.388180
TRAIN Iter 265: loss = 0.002191,	Top-1 err = 45.560000,	Top-5 err = 27.920000,	train_time = 16.048974
TRAIN Iter 266: loss = 0.002221,	Top-1 err = 49.140000,	Top-5 err = 29.780000,	train_time = 15.981321
TRAIN Iter 267: loss = 0.002196,	Top-1 err = 48.680000,	Top-5 err = 31.050000,	train_time = 16.218897
TRAIN Iter 268: loss = 0.002214,	Top-1 err = 46.460000,	Top-5 err = 28.780000,	train_time = 15.819107
TRAIN Iter 269: loss = 0.002166,	Top-1 err = 46.440000,	Top-5 err = 27.960000,	train_time = 15.681191
TEST:
Iter 269: loss = 1.870639,	Top-1 err = 43.850000,	Top-5 err = 19.910000,	val_time = 3.146699
TRAIN Iter 270: loss = 0.002142,	Top-1 err = 45.680000,	Top-5 err = 29.470000,	train_time = 15.821920
TRAIN Iter 271: loss = 0.002184,	Top-1 err = 45.290000,	Top-5 err = 27.210000,	train_time = 16.921788
TRAIN Iter 272: loss = 0.002188,	Top-1 err = 44.980000,	Top-5 err = 26.650000,	train_time = 15.859125
TRAIN Iter 273: loss = 0.002150,	Top-1 err = 43.230000,	Top-5 err = 26.780000,	train_time = 16.075169
TRAIN Iter 274: loss = 0.002210,	Top-1 err = 53.110000,	Top-5 err = 33.960000,	train_time = 15.206162
TRAIN Iter 275: loss = 0.002151,	Top-1 err = 44.650000,	Top-5 err = 27.930000,	train_time = 17.416862
TRAIN Iter 276: loss = 0.002184,	Top-1 err = 46.590000,	Top-5 err = 29.730000,	train_time = 15.434115
TRAIN Iter 277: loss = 0.002211,	Top-1 err = 55.470000,	Top-5 err = 37.360000,	train_time = 16.014713
TRAIN Iter 278: loss = 0.002153,	Top-1 err = 50.040000,	Top-5 err = 31.770000,	train_time = 16.142719
TRAIN Iter 279: loss = 0.002179,	Top-1 err = 46.380000,	Top-5 err = 27.340000,	train_time = 15.977394
TEST:
Iter 279: loss = 1.869022,	Top-1 err = 43.960000,	Top-5 err = 19.890000,	val_time = 3.105951
TRAIN Iter 280: loss = 0.002134,	Top-1 err = 43.420000,	Top-5 err = 27.580000,	train_time = 17.121790
TRAIN Iter 281: loss = 0.002131,	Top-1 err = 45.370000,	Top-5 err = 27.850000,	train_time = 16.247887
TRAIN Iter 282: loss = 0.002151,	Top-1 err = 49.600000,	Top-5 err = 33.090000,	train_time = 15.450471
TRAIN Iter 283: loss = 0.002184,	Top-1 err = 46.950000,	Top-5 err = 28.080000,	train_time = 16.862969
TRAIN Iter 284: loss = 0.002146,	Top-1 err = 48.350000,	Top-5 err = 28.930000,	train_time = 15.976693
TRAIN Iter 285: loss = 0.002123,	Top-1 err = 46.770000,	Top-5 err = 29.600000,	train_time = 15.251731
TRAIN Iter 286: loss = 0.002170,	Top-1 err = 51.500000,	Top-5 err = 32.400000,	train_time = 15.640582
TRAIN Iter 287: loss = 0.002190,	Top-1 err = 50.800000,	Top-5 err = 32.680000,	train_time = 17.087692
TRAIN Iter 288: loss = 0.002141,	Top-1 err = 48.430000,	Top-5 err = 30.300000,	train_time = 15.916694
TRAIN Iter 289: loss = 0.002150,	Top-1 err = 49.060000,	Top-5 err = 31.320000,	train_time = 16.328039
TEST:
Iter 289: loss = 1.848924,	Top-1 err = 43.330000,	Top-5 err = 19.500000,	val_time = 3.052302
TRAIN Iter 290: loss = 0.002172,	Top-1 err = 52.750000,	Top-5 err = 34.620000,	train_time = 15.417749
TRAIN Iter 291: loss = 0.002133,	Top-1 err = 52.170000,	Top-5 err = 36.300000,	train_time = 16.984722
TRAIN Iter 292: loss = 0.002136,	Top-1 err = 42.260000,	Top-5 err = 24.250000,	train_time = 15.399695
TRAIN Iter 293: loss = 0.002117,	Top-1 err = 43.920000,	Top-5 err = 26.530000,	train_time = 15.488101
TRAIN Iter 294: loss = 0.002110,	Top-1 err = 47.850000,	Top-5 err = 30.310000,	train_time = 15.656428
TRAIN Iter 295: loss = 0.002121,	Top-1 err = 46.420000,	Top-5 err = 30.430000,	train_time = 17.364465
TRAIN Iter 296: loss = 0.002141,	Top-1 err = 46.080000,	Top-5 err = 28.610000,	train_time = 15.476776
TRAIN Iter 297: loss = 0.002177,	Top-1 err = 47.590000,	Top-5 err = 28.490000,	train_time = 15.841629
TRAIN Iter 298: loss = 0.002134,	Top-1 err = 46.860000,	Top-5 err = 27.600000,	train_time = 15.519966
TRAIN Iter 299: loss = 0.002094,	Top-1 err = 45.310000,	Top-5 err = 28.760000,	train_time = 15.848718
TEST:
Iter 299: loss = 1.854521,	Top-1 err = 43.630000,	Top-5 err = 19.590000,	val_time = 3.154990
Train Finish! Best accuracy is 56.67@289
