=> using pytorch pre-trained teacher model 'conv4'
process data from /home/dvspanos/nikos/ca2d/artifacts/rded_sets/tin_sharpfl_ipc50
load data successfully
TRAIN Iter 0: loss = 0.015561,	Top-1 err = 98.100000,	Top-5 err = 92.290000,	train_time = 4.142387
TRAIN Iter 1: loss = 0.011805,	Top-1 err = 93.890000,	Top-5 err = 81.640000,	train_time = 3.491852
TRAIN Iter 2: loss = 0.010280,	Top-1 err = 91.280000,	Top-5 err = 75.420000,	train_time = 3.340726
TRAIN Iter 3: loss = 0.009478,	Top-1 err = 89.130000,	Top-5 err = 71.060000,	train_time = 3.500514
TRAIN Iter 4: loss = 0.008700,	Top-1 err = 88.300000,	Top-5 err = 69.790000,	train_time = 3.610158
TRAIN Iter 5: loss = 0.007938,	Top-1 err = 86.130000,	Top-5 err = 66.090000,	train_time = 3.679773
TRAIN Iter 6: loss = 0.007541,	Top-1 err = 84.280000,	Top-5 err = 63.540000,	train_time = 3.548632
TRAIN Iter 7: loss = 0.007162,	Top-1 err = 83.370000,	Top-5 err = 61.950000,	train_time = 3.627198
TRAIN Iter 8: loss = 0.006869,	Top-1 err = 82.990000,	Top-5 err = 61.830000,	train_time = 3.775518
TRAIN Iter 9: loss = 0.006544,	Top-1 err = 79.310000,	Top-5 err = 56.960000,	train_time = 3.533296
TRAIN Iter 10: loss = 0.006306,	Top-1 err = 79.430000,	Top-5 err = 56.760000,	train_time = 3.652709
TRAIN Iter 11: loss = 0.005912,	Top-1 err = 80.120000,	Top-5 err = 57.690000,	train_time = 3.650482
TRAIN Iter 12: loss = 0.005772,	Top-1 err = 73.680000,	Top-5 err = 48.840000,	train_time = 3.600146
TRAIN Iter 13: loss = 0.005568,	Top-1 err = 76.210000,	Top-5 err = 51.890000,	train_time = 3.605422
TRAIN Iter 14: loss = 0.005350,	Top-1 err = 73.420000,	Top-5 err = 48.850000,	train_time = 3.863482
TRAIN Iter 15: loss = 0.005245,	Top-1 err = 77.430000,	Top-5 err = 55.550000,	train_time = 3.697083
TRAIN Iter 16: loss = 0.005030,	Top-1 err = 75.820000,	Top-5 err = 53.050000,	train_time = 3.851526
TRAIN Iter 17: loss = 0.005002,	Top-1 err = 76.090000,	Top-5 err = 53.390000,	train_time = 3.673781
TRAIN Iter 18: loss = 0.004807,	Top-1 err = 73.740000,	Top-5 err = 50.730000,	train_time = 3.700885
TRAIN Iter 19: loss = 0.004823,	Top-1 err = 70.550000,	Top-5 err = 46.200000,	train_time = 3.717700
TRAIN Iter 20: loss = 0.004692,	Top-1 err = 75.030000,	Top-5 err = 53.370000,	train_time = 3.692643
TRAIN Iter 21: loss = 0.004550,	Top-1 err = 71.540000,	Top-5 err = 47.640000,	train_time = 3.740783
TRAIN Iter 22: loss = 0.004514,	Top-1 err = 66.600000,	Top-5 err = 41.320000,	train_time = 3.831926
TRAIN Iter 23: loss = 0.004410,	Top-1 err = 69.650000,	Top-5 err = 45.620000,	train_time = 3.782913
TRAIN Iter 24: loss = 0.004367,	Top-1 err = 75.510000,	Top-5 err = 53.190000,	train_time = 3.755401
TRAIN Iter 25: loss = 0.004297,	Top-1 err = 72.350000,	Top-5 err = 50.080000,	train_time = 3.760628
TRAIN Iter 26: loss = 0.004198,	Top-1 err = 70.320000,	Top-5 err = 48.210000,	train_time = 3.607890
TRAIN Iter 27: loss = 0.004178,	Top-1 err = 69.190000,	Top-5 err = 45.090000,	train_time = 3.813118
TRAIN Iter 28: loss = 0.004133,	Top-1 err = 68.470000,	Top-5 err = 44.080000,	train_time = 3.834456
TRAIN Iter 29: loss = 0.004060,	Top-1 err = 71.790000,	Top-5 err = 48.870000,	train_time = 3.747027
TRAIN Iter 30: loss = 0.003971,	Top-1 err = 65.650000,	Top-5 err = 41.120000,	train_time = 3.753314
TRAIN Iter 31: loss = 0.003965,	Top-1 err = 67.140000,	Top-5 err = 43.980000,	train_time = 3.638168
TRAIN Iter 32: loss = 0.003847,	Top-1 err = 70.020000,	Top-5 err = 46.440000,	train_time = 3.642924
TRAIN Iter 33: loss = 0.003858,	Top-1 err = 72.140000,	Top-5 err = 48.860000,	train_time = 3.783459
TRAIN Iter 34: loss = 0.003806,	Top-1 err = 71.010000,	Top-5 err = 47.170000,	train_time = 3.826203
TRAIN Iter 35: loss = 0.003800,	Top-1 err = 65.900000,	Top-5 err = 42.700000,	train_time = 3.798157
TRAIN Iter 36: loss = 0.003763,	Top-1 err = 67.450000,	Top-5 err = 43.150000,	train_time = 3.928906
TRAIN Iter 37: loss = 0.003731,	Top-1 err = 68.810000,	Top-5 err = 46.610000,	train_time = 3.757983
TRAIN Iter 38: loss = 0.003592,	Top-1 err = 67.780000,	Top-5 err = 43.300000,	train_time = 3.788492
TRAIN Iter 39: loss = 0.003565,	Top-1 err = 68.560000,	Top-5 err = 46.140000,	train_time = 3.657297
TRAIN Iter 40: loss = 0.003553,	Top-1 err = 67.950000,	Top-5 err = 43.670000,	train_time = 3.740261
TRAIN Iter 41: loss = 0.003568,	Top-1 err = 65.160000,	Top-5 err = 40.660000,	train_time = 3.690820
TRAIN Iter 42: loss = 0.003541,	Top-1 err = 61.850000,	Top-5 err = 36.190000,	train_time = 3.955737
TRAIN Iter 43: loss = 0.003517,	Top-1 err = 66.620000,	Top-5 err = 43.460000,	train_time = 3.801494
TRAIN Iter 44: loss = 0.003472,	Top-1 err = 62.430000,	Top-5 err = 38.700000,	train_time = 3.634693
TRAIN Iter 45: loss = 0.003575,	Top-1 err = 63.730000,	Top-5 err = 39.310000,	train_time = 3.747476
TRAIN Iter 46: loss = 0.003429,	Top-1 err = 70.360000,	Top-5 err = 47.580000,	train_time = 3.790642
TRAIN Iter 47: loss = 0.003409,	Top-1 err = 70.240000,	Top-5 err = 46.920000,	train_time = 3.807092
TRAIN Iter 48: loss = 0.003364,	Top-1 err = 67.050000,	Top-5 err = 43.890000,	train_time = 3.790726
TRAIN Iter 49: loss = 0.003359,	Top-1 err = 66.110000,	Top-5 err = 42.100000,	train_time = 3.719276
TRAIN Iter 50: loss = 0.003263,	Top-1 err = 67.070000,	Top-5 err = 43.970000,	train_time = 3.691058
TRAIN Iter 51: loss = 0.003228,	Top-1 err = 62.770000,	Top-5 err = 38.400000,	train_time = 3.925944
TRAIN Iter 52: loss = 0.003237,	Top-1 err = 63.200000,	Top-5 err = 38.510000,	train_time = 3.682342
TRAIN Iter 53: loss = 0.003207,	Top-1 err = 63.170000,	Top-5 err = 37.930000,	train_time = 3.883973
TRAIN Iter 54: loss = 0.003207,	Top-1 err = 64.920000,	Top-5 err = 40.510000,	train_time = 3.917287
TRAIN Iter 55: loss = 0.003249,	Top-1 err = 65.490000,	Top-5 err = 41.810000,	train_time = 3.833589
TRAIN Iter 56: loss = 0.003183,	Top-1 err = 61.000000,	Top-5 err = 36.190000,	train_time = 3.720319
TRAIN Iter 57: loss = 0.003172,	Top-1 err = 60.010000,	Top-5 err = 34.220000,	train_time = 3.889753
TRAIN Iter 58: loss = 0.003158,	Top-1 err = 64.740000,	Top-5 err = 41.540000,	train_time = 3.802235
TRAIN Iter 59: loss = 0.003127,	Top-1 err = 64.030000,	Top-5 err = 41.390000,	train_time = 3.691926
TRAIN Iter 60: loss = 0.003173,	Top-1 err = 63.470000,	Top-5 err = 40.480000,	train_time = 3.646397
TRAIN Iter 61: loss = 0.003129,	Top-1 err = 63.320000,	Top-5 err = 39.690000,	train_time = 3.848368
TRAIN Iter 62: loss = 0.003052,	Top-1 err = 65.180000,	Top-5 err = 41.720000,	train_time = 3.860993
TRAIN Iter 63: loss = 0.003059,	Top-1 err = 63.400000,	Top-5 err = 39.820000,	train_time = 3.828891
TRAIN Iter 64: loss = 0.003060,	Top-1 err = 63.370000,	Top-5 err = 41.410000,	train_time = 3.924295
TRAIN Iter 65: loss = 0.003052,	Top-1 err = 62.920000,	Top-5 err = 39.760000,	train_time = 3.832069
TRAIN Iter 66: loss = 0.003068,	Top-1 err = 68.350000,	Top-5 err = 44.850000,	train_time = 3.731138
TRAIN Iter 67: loss = 0.003032,	Top-1 err = 66.700000,	Top-5 err = 44.490000,	train_time = 3.645336
TRAIN Iter 68: loss = 0.002981,	Top-1 err = 62.130000,	Top-5 err = 37.640000,	train_time = 3.803703
TRAIN Iter 69: loss = 0.002971,	Top-1 err = 61.030000,	Top-5 err = 37.520000,	train_time = 3.682622
TRAIN Iter 70: loss = 0.002964,	Top-1 err = 61.860000,	Top-5 err = 37.950000,	train_time = 3.789468
TRAIN Iter 71: loss = 0.002967,	Top-1 err = 63.520000,	Top-5 err = 40.330000,	train_time = 3.758641
TRAIN Iter 72: loss = 0.002934,	Top-1 err = 65.810000,	Top-5 err = 42.850000,	train_time = 3.984356
TRAIN Iter 73: loss = 0.002906,	Top-1 err = 62.420000,	Top-5 err = 38.290000,	train_time = 3.820182
TRAIN Iter 74: loss = 0.002860,	Top-1 err = 62.780000,	Top-5 err = 39.400000,	train_time = 3.707203
TRAIN Iter 75: loss = 0.002827,	Top-1 err = 61.550000,	Top-5 err = 37.570000,	train_time = 3.891419
TRAIN Iter 76: loss = 0.002835,	Top-1 err = 61.490000,	Top-5 err = 38.170000,	train_time = 3.785437
TRAIN Iter 77: loss = 0.002861,	Top-1 err = 67.320000,	Top-5 err = 44.830000,	train_time = 3.699857
TRAIN Iter 78: loss = 0.002841,	Top-1 err = 61.380000,	Top-5 err = 37.510000,	train_time = 3.887165
TRAIN Iter 79: loss = 0.002828,	Top-1 err = 62.190000,	Top-5 err = 38.180000,	train_time = 3.694420
TRAIN Iter 80: loss = 0.002771,	Top-1 err = 59.070000,	Top-5 err = 35.920000,	train_time = 3.854885
TRAIN Iter 81: loss = 0.002844,	Top-1 err = 63.850000,	Top-5 err = 41.530000,	train_time = 3.879951
TRAIN Iter 82: loss = 0.002819,	Top-1 err = 64.600000,	Top-5 err = 41.490000,	train_time = 3.841773
TRAIN Iter 83: loss = 0.002733,	Top-1 err = 64.270000,	Top-5 err = 40.610000,	train_time = 3.720400
TRAIN Iter 84: loss = 0.002757,	Top-1 err = 58.580000,	Top-5 err = 35.300000,	train_time = 3.741696
TRAIN Iter 85: loss = 0.002712,	Top-1 err = 59.950000,	Top-5 err = 35.410000,	train_time = 3.793658
TRAIN Iter 86: loss = 0.002714,	Top-1 err = 61.920000,	Top-5 err = 39.500000,	train_time = 3.689793
TRAIN Iter 87: loss = 0.002709,	Top-1 err = 62.700000,	Top-5 err = 39.850000,	train_time = 3.877077
TRAIN Iter 88: loss = 0.002706,	Top-1 err = 65.640000,	Top-5 err = 42.340000,	train_time = 3.873894
TRAIN Iter 89: loss = 0.002688,	Top-1 err = 63.780000,	Top-5 err = 40.580000,	train_time = 3.937607
TRAIN Iter 90: loss = 0.002649,	Top-1 err = 61.580000,	Top-5 err = 38.530000,	train_time = 3.745440
TRAIN Iter 91: loss = 0.002664,	Top-1 err = 59.130000,	Top-5 err = 35.340000,	train_time = 3.711536
TRAIN Iter 92: loss = 0.002666,	Top-1 err = 59.790000,	Top-5 err = 36.440000,	train_time = 3.748208
TRAIN Iter 93: loss = 0.002582,	Top-1 err = 64.310000,	Top-5 err = 40.450000,	train_time = 3.932840
TRAIN Iter 94: loss = 0.002607,	Top-1 err = 61.510000,	Top-5 err = 39.570000,	train_time = 3.742699
TRAIN Iter 95: loss = 0.002602,	Top-1 err = 62.870000,	Top-5 err = 39.650000,	train_time = 3.817242
TRAIN Iter 96: loss = 0.002523,	Top-1 err = 61.640000,	Top-5 err = 37.980000,	train_time = 3.812913
TRAIN Iter 97: loss = 0.002548,	Top-1 err = 60.020000,	Top-5 err = 36.790000,	train_time = 3.960333
TRAIN Iter 98: loss = 0.002551,	Top-1 err = 64.610000,	Top-5 err = 41.460000,	train_time = 3.761745
TRAIN Iter 99: loss = 0.002502,	Top-1 err = 62.670000,	Top-5 err = 39.410000,	train_time = 3.946300
TRAIN Iter 100: loss = 0.002532,	Top-1 err = 61.990000,	Top-5 err = 40.590000,	train_time = 3.853581
TRAIN Iter 101: loss = 0.002490,	Top-1 err = 61.550000,	Top-5 err = 37.290000,	train_time = 3.791915
TRAIN Iter 102: loss = 0.002494,	Top-1 err = 57.100000,	Top-5 err = 32.930000,	train_time = 3.866328
TRAIN Iter 103: loss = 0.002474,	Top-1 err = 63.060000,	Top-5 err = 39.400000,	train_time = 3.700350
TRAIN Iter 104: loss = 0.002476,	Top-1 err = 58.490000,	Top-5 err = 35.170000,	train_time = 3.782805
TRAIN Iter 105: loss = 0.002420,	Top-1 err = 63.950000,	Top-5 err = 40.010000,	train_time = 3.871850
TRAIN Iter 106: loss = 0.002475,	Top-1 err = 61.240000,	Top-5 err = 38.250000,	train_time = 3.614297
TRAIN Iter 107: loss = 0.002473,	Top-1 err = 60.870000,	Top-5 err = 38.240000,	train_time = 3.673172
TRAIN Iter 108: loss = 0.002466,	Top-1 err = 63.990000,	Top-5 err = 41.320000,	train_time = 3.629378
TRAIN Iter 109: loss = 0.002445,	Top-1 err = 56.470000,	Top-5 err = 33.280000,	train_time = 3.796799
TRAIN Iter 110: loss = 0.002425,	Top-1 err = 63.870000,	Top-5 err = 41.670000,	train_time = 3.874465
TRAIN Iter 111: loss = 0.002443,	Top-1 err = 65.490000,	Top-5 err = 43.200000,	train_time = 3.657994
TRAIN Iter 112: loss = 0.002373,	Top-1 err = 60.560000,	Top-5 err = 37.230000,	train_time = 3.688792
TRAIN Iter 113: loss = 0.002378,	Top-1 err = 61.730000,	Top-5 err = 37.520000,	train_time = 3.762379
TRAIN Iter 114: loss = 0.002405,	Top-1 err = 63.540000,	Top-5 err = 40.700000,	train_time = 3.851458
TRAIN Iter 115: loss = 0.002425,	Top-1 err = 61.720000,	Top-5 err = 38.340000,	train_time = 3.715070
TRAIN Iter 116: loss = 0.002365,	Top-1 err = 62.430000,	Top-5 err = 40.940000,	train_time = 3.673707
TRAIN Iter 117: loss = 0.002345,	Top-1 err = 59.510000,	Top-5 err = 36.620000,	train_time = 3.894036
TRAIN Iter 118: loss = 0.002305,	Top-1 err = 60.010000,	Top-5 err = 37.420000,	train_time = 3.703416
TRAIN Iter 119: loss = 0.002314,	Top-1 err = 63.580000,	Top-5 err = 41.650000,	train_time = 3.825225
TRAIN Iter 120: loss = 0.002363,	Top-1 err = 62.770000,	Top-5 err = 40.480000,	train_time = 3.917269
TRAIN Iter 121: loss = 0.002295,	Top-1 err = 56.140000,	Top-5 err = 32.930000,	train_time = 3.789633
TRAIN Iter 122: loss = 0.002361,	Top-1 err = 61.310000,	Top-5 err = 38.880000,	train_time = 3.615641
TRAIN Iter 123: loss = 0.002288,	Top-1 err = 61.970000,	Top-5 err = 38.970000,	train_time = 3.970041
TRAIN Iter 124: loss = 0.002294,	Top-1 err = 56.040000,	Top-5 err = 33.810000,	train_time = 3.647521
TRAIN Iter 125: loss = 0.002265,	Top-1 err = 59.840000,	Top-5 err = 37.350000,	train_time = 3.816706
TRAIN Iter 126: loss = 0.002263,	Top-1 err = 58.830000,	Top-5 err = 35.890000,	train_time = 3.731375
TRAIN Iter 127: loss = 0.002243,	Top-1 err = 58.700000,	Top-5 err = 36.590000,	train_time = 3.662671
TRAIN Iter 128: loss = 0.002254,	Top-1 err = 60.490000,	Top-5 err = 38.140000,	train_time = 3.746884
TRAIN Iter 129: loss = 0.002198,	Top-1 err = 60.550000,	Top-5 err = 38.220000,	train_time = 3.762643
TRAIN Iter 130: loss = 0.002201,	Top-1 err = 58.500000,	Top-5 err = 35.820000,	train_time = 3.860683
TRAIN Iter 131: loss = 0.002232,	Top-1 err = 62.940000,	Top-5 err = 40.140000,	train_time = 3.770981
TRAIN Iter 132: loss = 0.002199,	Top-1 err = 63.690000,	Top-5 err = 40.720000,	train_time = 3.781717
TRAIN Iter 133: loss = 0.002158,	Top-1 err = 57.580000,	Top-5 err = 34.900000,	train_time = 3.813301
TRAIN Iter 134: loss = 0.002149,	Top-1 err = 55.780000,	Top-5 err = 33.260000,	train_time = 3.818826
TRAIN Iter 135: loss = 0.002140,	Top-1 err = 56.890000,	Top-5 err = 33.640000,	train_time = 3.738722
TRAIN Iter 136: loss = 0.002169,	Top-1 err = 61.890000,	Top-5 err = 39.020000,	train_time = 3.800103
TRAIN Iter 137: loss = 0.002091,	Top-1 err = 53.490000,	Top-5 err = 29.880000,	train_time = 3.863894
TRAIN Iter 138: loss = 0.002124,	Top-1 err = 55.950000,	Top-5 err = 32.870000,	train_time = 3.706388
TRAIN Iter 139: loss = 0.002124,	Top-1 err = 64.570000,	Top-5 err = 42.800000,	train_time = 3.781289
TRAIN Iter 140: loss = 0.002159,	Top-1 err = 60.510000,	Top-5 err = 39.430000,	train_time = 3.831845
TRAIN Iter 141: loss = 0.002104,	Top-1 err = 55.820000,	Top-5 err = 32.830000,	train_time = 3.787466
TRAIN Iter 142: loss = 0.002160,	Top-1 err = 61.920000,	Top-5 err = 39.400000,	train_time = 3.739157
TRAIN Iter 143: loss = 0.002087,	Top-1 err = 60.170000,	Top-5 err = 35.800000,	train_time = 3.738467
TRAIN Iter 144: loss = 0.002056,	Top-1 err = 55.450000,	Top-5 err = 31.400000,	train_time = 3.980178
TRAIN Iter 145: loss = 0.002066,	Top-1 err = 60.440000,	Top-5 err = 37.200000,	train_time = 3.784820
TRAIN Iter 146: loss = 0.002040,	Top-1 err = 57.300000,	Top-5 err = 34.840000,	train_time = 3.695068
TRAIN Iter 147: loss = 0.002092,	Top-1 err = 60.980000,	Top-5 err = 38.900000,	train_time = 3.935446
TRAIN Iter 148: loss = 0.002053,	Top-1 err = 60.300000,	Top-5 err = 36.720000,	train_time = 3.882729
TRAIN Iter 149: loss = 0.002021,	Top-1 err = 58.810000,	Top-5 err = 36.000000,	train_time = 3.877202
TRAIN Iter 150: loss = 0.002075,	Top-1 err = 57.540000,	Top-5 err = 35.080000,	train_time = 3.798233
TRAIN Iter 151: loss = 0.002067,	Top-1 err = 59.170000,	Top-5 err = 36.590000,	train_time = 3.626786
TRAIN Iter 152: loss = 0.002006,	Top-1 err = 63.370000,	Top-5 err = 41.760000,	train_time = 3.884219
TRAIN Iter 153: loss = 0.001992,	Top-1 err = 65.260000,	Top-5 err = 43.160000,	train_time = 3.897510
TRAIN Iter 154: loss = 0.001951,	Top-1 err = 58.920000,	Top-5 err = 36.290000,	train_time = 3.917897
TRAIN Iter 155: loss = 0.001954,	Top-1 err = 58.090000,	Top-5 err = 35.080000,	train_time = 3.789078
TRAIN Iter 156: loss = 0.001968,	Top-1 err = 56.750000,	Top-5 err = 35.100000,	train_time = 3.802306
TRAIN Iter 157: loss = 0.002027,	Top-1 err = 59.020000,	Top-5 err = 37.420000,	train_time = 3.808038
TRAIN Iter 158: loss = 0.001922,	Top-1 err = 57.790000,	Top-5 err = 35.490000,	train_time = 3.882135
TRAIN Iter 159: loss = 0.001970,	Top-1 err = 57.000000,	Top-5 err = 34.400000,	train_time = 3.672506
TRAIN Iter 160: loss = 0.001923,	Top-1 err = 60.950000,	Top-5 err = 38.230000,	train_time = 4.012985
TRAIN Iter 161: loss = 0.001954,	Top-1 err = 61.690000,	Top-5 err = 39.780000,	train_time = 3.751200
TRAIN Iter 162: loss = 0.001906,	Top-1 err = 59.570000,	Top-5 err = 36.970000,	train_time = 3.729448
TRAIN Iter 163: loss = 0.001915,	Top-1 err = 57.210000,	Top-5 err = 34.860000,	train_time = 3.601046
TRAIN Iter 164: loss = 0.001894,	Top-1 err = 60.810000,	Top-5 err = 40.030000,	train_time = 3.805955
TRAIN Iter 165: loss = 0.001911,	Top-1 err = 61.030000,	Top-5 err = 38.800000,	train_time = 3.943490
TRAIN Iter 166: loss = 0.001869,	Top-1 err = 54.860000,	Top-5 err = 32.060000,	train_time = 3.706202
TRAIN Iter 167: loss = 0.001895,	Top-1 err = 61.270000,	Top-5 err = 40.100000,	train_time = 3.844908
TRAIN Iter 168: loss = 0.001870,	Top-1 err = 57.130000,	Top-5 err = 34.220000,	train_time = 3.782999
TRAIN Iter 169: loss = 0.001818,	Top-1 err = 58.400000,	Top-5 err = 34.310000,	train_time = 3.698944
TRAIN Iter 170: loss = 0.001847,	Top-1 err = 58.480000,	Top-5 err = 36.310000,	train_time = 3.893301
TRAIN Iter 171: loss = 0.001810,	Top-1 err = 57.350000,	Top-5 err = 34.040000,	train_time = 3.683960
TRAIN Iter 172: loss = 0.001820,	Top-1 err = 64.410000,	Top-5 err = 41.220000,	train_time = 3.752349
TRAIN Iter 173: loss = 0.001839,	Top-1 err = 59.270000,	Top-5 err = 37.250000,	train_time = 3.835224
TRAIN Iter 174: loss = 0.001888,	Top-1 err = 56.100000,	Top-5 err = 33.150000,	train_time = 3.697311
TRAIN Iter 175: loss = 0.001841,	Top-1 err = 61.440000,	Top-5 err = 38.980000,	train_time = 3.750013
TRAIN Iter 176: loss = 0.001799,	Top-1 err = 65.200000,	Top-5 err = 43.250000,	train_time = 3.789408
TRAIN Iter 177: loss = 0.001758,	Top-1 err = 58.380000,	Top-5 err = 36.140000,	train_time = 3.688423
TRAIN Iter 178: loss = 0.001780,	Top-1 err = 61.910000,	Top-5 err = 39.880000,	train_time = 3.738707
TRAIN Iter 179: loss = 0.001739,	Top-1 err = 57.580000,	Top-5 err = 34.340000,	train_time = 3.884516
TRAIN Iter 180: loss = 0.001718,	Top-1 err = 59.920000,	Top-5 err = 36.750000,	train_time = 3.770234
TRAIN Iter 181: loss = 0.001778,	Top-1 err = 62.320000,	Top-5 err = 39.890000,	train_time = 3.723783
TRAIN Iter 182: loss = 0.001765,	Top-1 err = 54.950000,	Top-5 err = 32.160000,	train_time = 3.850562
TRAIN Iter 183: loss = 0.001702,	Top-1 err = 59.890000,	Top-5 err = 37.450000,	train_time = 3.849078
TRAIN Iter 184: loss = 0.001743,	Top-1 err = 59.170000,	Top-5 err = 37.050000,	train_time = 3.776483
TRAIN Iter 185: loss = 0.001740,	Top-1 err = 59.550000,	Top-5 err = 38.770000,	train_time = 3.747218
TRAIN Iter 186: loss = 0.001738,	Top-1 err = 54.110000,	Top-5 err = 32.770000,	train_time = 3.903037
TRAIN Iter 187: loss = 0.001754,	Top-1 err = 63.550000,	Top-5 err = 40.270000,	train_time = 3.661668
TRAIN Iter 188: loss = 0.001678,	Top-1 err = 59.340000,	Top-5 err = 36.980000,	train_time = 3.801171
TRAIN Iter 189: loss = 0.001716,	Top-1 err = 62.520000,	Top-5 err = 41.600000,	train_time = 3.837630
TRAIN Iter 190: loss = 0.001700,	Top-1 err = 59.010000,	Top-5 err = 36.400000,	train_time = 3.795545
TRAIN Iter 191: loss = 0.001661,	Top-1 err = 63.430000,	Top-5 err = 43.090000,	train_time = 3.811640
TRAIN Iter 192: loss = 0.001696,	Top-1 err = 57.720000,	Top-5 err = 35.560000,	train_time = 3.833503
TRAIN Iter 193: loss = 0.001658,	Top-1 err = 58.890000,	Top-5 err = 36.000000,	train_time = 3.643464
TRAIN Iter 194: loss = 0.001638,	Top-1 err = 55.680000,	Top-5 err = 33.220000,	train_time = 3.792145
TRAIN Iter 195: loss = 0.001651,	Top-1 err = 59.450000,	Top-5 err = 37.750000,	train_time = 3.764386
TRAIN Iter 196: loss = 0.001632,	Top-1 err = 54.570000,	Top-5 err = 32.400000,	train_time = 3.732286
TRAIN Iter 197: loss = 0.001632,	Top-1 err = 55.400000,	Top-5 err = 34.050000,	train_time = 3.998405
TRAIN Iter 198: loss = 0.001630,	Top-1 err = 63.150000,	Top-5 err = 40.520000,	train_time = 3.859159
TRAIN Iter 199: loss = 0.001627,	Top-1 err = 57.700000,	Top-5 err = 35.850000,	train_time = 3.660988
TRAIN Iter 200: loss = 0.001596,	Top-1 err = 53.850000,	Top-5 err = 32.620000,	train_time = 3.810875
TRAIN Iter 201: loss = 0.001607,	Top-1 err = 61.090000,	Top-5 err = 39.330000,	train_time = 3.728137
TRAIN Iter 202: loss = 0.001615,	Top-1 err = 63.230000,	Top-5 err = 41.940000,	train_time = 3.867901
TRAIN Iter 203: loss = 0.001587,	Top-1 err = 53.760000,	Top-5 err = 31.600000,	train_time = 3.688722
TRAIN Iter 204: loss = 0.001588,	Top-1 err = 59.320000,	Top-5 err = 36.450000,	train_time = 3.623195
TRAIN Iter 205: loss = 0.001570,	Top-1 err = 57.730000,	Top-5 err = 35.230000,	train_time = 3.770445
TRAIN Iter 206: loss = 0.001589,	Top-1 err = 56.800000,	Top-5 err = 35.630000,	train_time = 3.636864
TRAIN Iter 207: loss = 0.001548,	Top-1 err = 58.500000,	Top-5 err = 36.740000,	train_time = 3.848140
TRAIN Iter 208: loss = 0.001572,	Top-1 err = 59.990000,	Top-5 err = 38.050000,	train_time = 3.844504
TRAIN Iter 209: loss = 0.001541,	Top-1 err = 60.600000,	Top-5 err = 38.060000,	train_time = 3.829567
TRAIN Iter 210: loss = 0.001536,	Top-1 err = 59.860000,	Top-5 err = 39.070000,	train_time = 3.775525
TRAIN Iter 211: loss = 0.001586,	Top-1 err = 60.740000,	Top-5 err = 40.590000,	train_time = 3.776792
TRAIN Iter 212: loss = 0.001483,	Top-1 err = 56.650000,	Top-5 err = 34.660000,	train_time = 3.771989
TRAIN Iter 213: loss = 0.001513,	Top-1 err = 55.680000,	Top-5 err = 34.920000,	train_time = 3.797431
TRAIN Iter 214: loss = 0.001448,	Top-1 err = 54.270000,	Top-5 err = 32.560000,	train_time = 3.760119
TRAIN Iter 215: loss = 0.001496,	Top-1 err = 59.920000,	Top-5 err = 37.880000,	train_time = 3.753063
TRAIN Iter 216: loss = 0.001480,	Top-1 err = 58.590000,	Top-5 err = 36.070000,	train_time = 3.843165
TRAIN Iter 217: loss = 0.001464,	Top-1 err = 55.150000,	Top-5 err = 32.540000,	train_time = 3.745716
TRAIN Iter 218: loss = 0.001488,	Top-1 err = 54.600000,	Top-5 err = 32.100000,	train_time = 3.693068
TRAIN Iter 219: loss = 0.001499,	Top-1 err = 58.750000,	Top-5 err = 35.890000,	train_time = 3.825341
TRAIN Iter 220: loss = 0.001414,	Top-1 err = 55.280000,	Top-5 err = 31.570000,	train_time = 3.728729
TRAIN Iter 221: loss = 0.001446,	Top-1 err = 54.200000,	Top-5 err = 31.380000,	train_time = 3.911785
TRAIN Iter 222: loss = 0.001473,	Top-1 err = 54.780000,	Top-5 err = 32.850000,	train_time = 3.784619
TRAIN Iter 223: loss = 0.001414,	Top-1 err = 56.940000,	Top-5 err = 34.570000,	train_time = 3.583762
TRAIN Iter 224: loss = 0.001428,	Top-1 err = 55.500000,	Top-5 err = 33.350000,	train_time = 3.725673
TRAIN Iter 225: loss = 0.001391,	Top-1 err = 57.990000,	Top-5 err = 37.650000,	train_time = 3.958945
TRAIN Iter 226: loss = 0.001436,	Top-1 err = 57.480000,	Top-5 err = 36.130000,	train_time = 3.679311
TRAIN Iter 227: loss = 0.001414,	Top-1 err = 62.680000,	Top-5 err = 40.710000,	train_time = 3.805797
TRAIN Iter 228: loss = 0.001466,	Top-1 err = 59.360000,	Top-5 err = 36.480000,	train_time = 3.711021
TRAIN Iter 229: loss = 0.001428,	Top-1 err = 58.760000,	Top-5 err = 36.860000,	train_time = 3.864113
TRAIN Iter 230: loss = 0.001387,	Top-1 err = 57.210000,	Top-5 err = 35.380000,	train_time = 3.847497
TRAIN Iter 231: loss = 0.001422,	Top-1 err = 58.530000,	Top-5 err = 36.790000,	train_time = 3.760248
TRAIN Iter 232: loss = 0.001404,	Top-1 err = 59.890000,	Top-5 err = 37.880000,	train_time = 3.741683
TRAIN Iter 233: loss = 0.001379,	Top-1 err = 57.210000,	Top-5 err = 35.910000,	train_time = 3.808004
TRAIN Iter 234: loss = 0.001370,	Top-1 err = 55.040000,	Top-5 err = 33.510000,	train_time = 3.757067
TRAIN Iter 235: loss = 0.001361,	Top-1 err = 56.880000,	Top-5 err = 34.730000,	train_time = 3.891599
TRAIN Iter 236: loss = 0.001298,	Top-1 err = 53.690000,	Top-5 err = 31.550000,	train_time = 3.756079
TRAIN Iter 237: loss = 0.001374,	Top-1 err = 60.860000,	Top-5 err = 40.720000,	train_time = 3.779133
TRAIN Iter 238: loss = 0.001317,	Top-1 err = 51.790000,	Top-5 err = 31.540000,	train_time = 3.826359
TRAIN Iter 239: loss = 0.001311,	Top-1 err = 60.020000,	Top-5 err = 38.710000,	train_time = 3.811579
TRAIN Iter 240: loss = 0.001346,	Top-1 err = 55.720000,	Top-5 err = 33.550000,	train_time = 3.745471
TRAIN Iter 241: loss = 0.001337,	Top-1 err = 58.980000,	Top-5 err = 38.430000,	train_time = 3.818211
TRAIN Iter 242: loss = 0.001339,	Top-1 err = 57.390000,	Top-5 err = 34.660000,	train_time = 3.829277
TRAIN Iter 243: loss = 0.001303,	Top-1 err = 60.490000,	Top-5 err = 38.840000,	train_time = 3.608528
TRAIN Iter 244: loss = 0.001304,	Top-1 err = 57.050000,	Top-5 err = 35.830000,	train_time = 3.622566
TRAIN Iter 245: loss = 0.001260,	Top-1 err = 58.440000,	Top-5 err = 36.800000,	train_time = 3.819823
TRAIN Iter 246: loss = 0.001285,	Top-1 err = 51.670000,	Top-5 err = 30.640000,	train_time = 3.983995
TRAIN Iter 247: loss = 0.001285,	Top-1 err = 57.060000,	Top-5 err = 35.460000,	train_time = 3.720262
TRAIN Iter 248: loss = 0.001279,	Top-1 err = 59.160000,	Top-5 err = 35.680000,	train_time = 3.926508
TRAIN Iter 249: loss = 0.001266,	Top-1 err = 54.480000,	Top-5 err = 31.730000,	train_time = 3.877596
TEST:
Iter 249: loss = 2.254943,	Top-1 err = 52.300000,	Top-5 err = 27.190000,	val_time = 0.964076
TRAIN Iter 250: loss = 0.001270,	Top-1 err = 49.450000,	Top-5 err = 27.730000,	train_time = 3.764217
TRAIN Iter 251: loss = 0.001280,	Top-1 err = 56.410000,	Top-5 err = 34.750000,	train_time = 3.671943
TRAIN Iter 252: loss = 0.001259,	Top-1 err = 61.210000,	Top-5 err = 40.110000,	train_time = 3.819244
TRAIN Iter 253: loss = 0.001261,	Top-1 err = 55.910000,	Top-5 err = 34.370000,	train_time = 3.858884
TRAIN Iter 254: loss = 0.001238,	Top-1 err = 51.250000,	Top-5 err = 29.510000,	train_time = 3.881691
TRAIN Iter 255: loss = 0.001214,	Top-1 err = 59.530000,	Top-5 err = 37.820000,	train_time = 3.704109
TRAIN Iter 256: loss = 0.001238,	Top-1 err = 54.860000,	Top-5 err = 33.230000,	train_time = 3.714649
TRAIN Iter 257: loss = 0.001212,	Top-1 err = 56.030000,	Top-5 err = 35.760000,	train_time = 3.788480
TRAIN Iter 258: loss = 0.001197,	Top-1 err = 56.580000,	Top-5 err = 33.680000,	train_time = 3.855474
TRAIN Iter 259: loss = 0.001195,	Top-1 err = 53.450000,	Top-5 err = 32.480000,	train_time = 3.767885
TEST:
Iter 259: loss = 2.245060,	Top-1 err = 52.410000,	Top-5 err = 26.460000,	val_time = 0.948677
TRAIN Iter 260: loss = 0.001217,	Top-1 err = 55.900000,	Top-5 err = 33.860000,	train_time = 3.696378
TRAIN Iter 261: loss = 0.001218,	Top-1 err = 56.370000,	Top-5 err = 33.740000,	train_time = 3.597261
TRAIN Iter 262: loss = 0.001221,	Top-1 err = 55.410000,	Top-5 err = 34.520000,	train_time = 3.973625
TRAIN Iter 263: loss = 0.001178,	Top-1 err = 60.490000,	Top-5 err = 39.140000,	train_time = 3.838098
TRAIN Iter 264: loss = 0.001163,	Top-1 err = 56.510000,	Top-5 err = 34.480000,	train_time = 3.758611
TRAIN Iter 265: loss = 0.001168,	Top-1 err = 53.070000,	Top-5 err = 32.300000,	train_time = 3.813689
TRAIN Iter 266: loss = 0.001170,	Top-1 err = 58.780000,	Top-5 err = 37.290000,	train_time = 3.693013
TRAIN Iter 267: loss = 0.001193,	Top-1 err = 57.240000,	Top-5 err = 36.690000,	train_time = 3.857972
TRAIN Iter 268: loss = 0.001184,	Top-1 err = 57.030000,	Top-5 err = 35.240000,	train_time = 3.800331
TRAIN Iter 269: loss = 0.001181,	Top-1 err = 59.350000,	Top-5 err = 37.590000,	train_time = 3.947529
TEST:
Iter 269: loss = 2.254567,	Top-1 err = 52.690000,	Top-5 err = 26.890000,	val_time = 0.970499
TRAIN Iter 270: loss = 0.001180,	Top-1 err = 53.800000,	Top-5 err = 33.770000,	train_time = 3.757277
TRAIN Iter 271: loss = 0.001133,	Top-1 err = 59.550000,	Top-5 err = 37.260000,	train_time = 3.879343
TRAIN Iter 272: loss = 0.001146,	Top-1 err = 57.790000,	Top-5 err = 37.020000,	train_time = 3.805694
TRAIN Iter 273: loss = 0.001125,	Top-1 err = 61.490000,	Top-5 err = 40.210000,	train_time = 3.849056
TRAIN Iter 274: loss = 0.001125,	Top-1 err = 58.730000,	Top-5 err = 37.710000,	train_time = 3.784137
TRAIN Iter 275: loss = 0.001107,	Top-1 err = 56.750000,	Top-5 err = 34.940000,	train_time = 3.781823
TRAIN Iter 276: loss = 0.001113,	Top-1 err = 54.170000,	Top-5 err = 31.300000,	train_time = 3.842176
TRAIN Iter 277: loss = 0.001133,	Top-1 err = 53.750000,	Top-5 err = 31.560000,	train_time = 3.692066
TRAIN Iter 278: loss = 0.001108,	Top-1 err = 55.550000,	Top-5 err = 33.880000,	train_time = 3.901839
TRAIN Iter 279: loss = 0.001092,	Top-1 err = 56.680000,	Top-5 err = 36.230000,	train_time = 3.818418
TEST:
Iter 279: loss = 2.234566,	Top-1 err = 52.390000,	Top-5 err = 26.670000,	val_time = 0.974489
TRAIN Iter 280: loss = 0.001077,	Top-1 err = 55.490000,	Top-5 err = 34.780000,	train_time = 3.762306
TRAIN Iter 281: loss = 0.001090,	Top-1 err = 58.290000,	Top-5 err = 36.740000,	train_time = 3.803423
TRAIN Iter 282: loss = 0.001104,	Top-1 err = 55.410000,	Top-5 err = 33.270000,	train_time = 3.766063
TRAIN Iter 283: loss = 0.001072,	Top-1 err = 58.300000,	Top-5 err = 36.660000,	train_time = 3.592347
TRAIN Iter 284: loss = 0.001072,	Top-1 err = 53.310000,	Top-5 err = 31.600000,	train_time = 3.873563
TRAIN Iter 285: loss = 0.001124,	Top-1 err = 57.120000,	Top-5 err = 35.770000,	train_time = 3.795260
TRAIN Iter 286: loss = 0.001071,	Top-1 err = 57.170000,	Top-5 err = 36.390000,	train_time = 3.702332
TRAIN Iter 287: loss = 0.001080,	Top-1 err = 56.830000,	Top-5 err = 36.200000,	train_time = 3.772327
TRAIN Iter 288: loss = 0.001052,	Top-1 err = 59.320000,	Top-5 err = 37.780000,	train_time = 3.891600
TRAIN Iter 289: loss = 0.001076,	Top-1 err = 56.350000,	Top-5 err = 33.930000,	train_time = 3.864787
TEST:
Iter 289: loss = 2.231201,	Top-1 err = 52.170000,	Top-5 err = 26.610000,	val_time = 0.952799
TRAIN Iter 290: loss = 0.001020,	Top-1 err = 58.650000,	Top-5 err = 37.040000,	train_time = 3.731365
TRAIN Iter 291: loss = 0.001022,	Top-1 err = 55.630000,	Top-5 err = 34.120000,	train_time = 3.802390
TRAIN Iter 292: loss = 0.001081,	Top-1 err = 55.560000,	Top-5 err = 34.960000,	train_time = 3.605640
TRAIN Iter 293: loss = 0.001034,	Top-1 err = 60.200000,	Top-5 err = 39.330000,	train_time = 3.804786
TRAIN Iter 294: loss = 0.001029,	Top-1 err = 54.300000,	Top-5 err = 31.770000,	train_time = 3.844336
TRAIN Iter 295: loss = 0.001041,	Top-1 err = 59.620000,	Top-5 err = 38.120000,	train_time = 3.771155
TRAIN Iter 296: loss = 0.001026,	Top-1 err = 58.680000,	Top-5 err = 37.210000,	train_time = 3.734578
TRAIN Iter 297: loss = 0.001027,	Top-1 err = 55.940000,	Top-5 err = 34.130000,	train_time = 3.792381
TRAIN Iter 298: loss = 0.001011,	Top-1 err = 57.850000,	Top-5 err = 36.390000,	train_time = 3.894060
TRAIN Iter 299: loss = 0.000987,	Top-1 err = 54.550000,	Top-5 err = 31.870000,	train_time = 3.697215
TEST:
Iter 299: loss = 2.211343,	Top-1 err = 51.820000,	Top-5 err = 26.030000,	val_time = 0.947951
Train Finish! Best accuracy is 48.18@299
