/home/dvspanos/miniconda3/envs/rded/lib/python3.10/site-packages/torchvision/models/_utils.py:208: UserWarning: The parameter 'pretrained' is deprecated since 0.13 and may be removed in the future, please use 'weights' instead.
  warnings.warn(
/home/dvspanos/miniconda3/envs/rded/lib/python3.10/site-packages/torchvision/models/_utils.py:223: UserWarning: Arguments other than a weight enum or `None` for 'weights' are deprecated since 0.13 and may be removed in the future. The current behavior is equivalent to passing `weights=None`.
  warnings.warn(msg)
=> using pytorch pre-trained teacher model 'resnet18_modified'
process data from /home/dvspanos/nikos/ca2d/artifacts/rded_sets/bench_tin_rn18_el2nw40_ipc100
load data successfully
TRAIN Iter 0: loss = 0.010520,	Top-1 err = 98.230000,	Top-5 err = 92.655000,	train_time = 28.370332
TRAIN Iter 1: loss = 0.009043,	Top-1 err = 96.785000,	Top-5 err = 87.715000,	train_time = 27.023917
TRAIN Iter 2: loss = 0.008504,	Top-1 err = 95.250000,	Top-5 err = 83.330000,	train_time = 27.259759
TRAIN Iter 3: loss = 0.008013,	Top-1 err = 93.750000,	Top-5 err = 78.930000,	train_time = 29.256220
TRAIN Iter 4: loss = 0.007410,	Top-1 err = 93.325000,	Top-5 err = 78.175000,	train_time = 28.858433
TRAIN Iter 5: loss = 0.007304,	Top-1 err = 92.155000,	Top-5 err = 74.890000,	train_time = 30.181664
TRAIN Iter 6: loss = 0.006954,	Top-1 err = 90.470000,	Top-5 err = 72.110000,	train_time = 29.384188
TRAIN Iter 7: loss = 0.006690,	Top-1 err = 89.260000,	Top-5 err = 69.890000,	train_time = 32.413843
TRAIN Iter 8: loss = 0.006460,	Top-1 err = 88.665000,	Top-5 err = 68.495000,	train_time = 30.458037
TRAIN Iter 9: loss = 0.006245,	Top-1 err = 87.135000,	Top-5 err = 66.130000,	train_time = 29.428607
TRAIN Iter 10: loss = 0.005989,	Top-1 err = 87.150000,	Top-5 err = 66.315000,	train_time = 30.331522
TRAIN Iter 11: loss = 0.005825,	Top-1 err = 84.340000,	Top-5 err = 60.710000,	train_time = 30.047846
TRAIN Iter 12: loss = 0.005586,	Top-1 err = 83.735000,	Top-5 err = 61.240000,	train_time = 31.334414
TRAIN Iter 13: loss = 0.005340,	Top-1 err = 82.975000,	Top-5 err = 59.850000,	train_time = 29.914137
TRAIN Iter 14: loss = 0.005269,	Top-1 err = 80.390000,	Top-5 err = 55.470000,	train_time = 29.944860
TRAIN Iter 15: loss = 0.005066,	Top-1 err = 80.955000,	Top-5 err = 56.825000,	train_time = 32.190123
TRAIN Iter 16: loss = 0.005012,	Top-1 err = 80.355000,	Top-5 err = 56.365000,	train_time = 29.473058
TRAIN Iter 17: loss = 0.004796,	Top-1 err = 81.100000,	Top-5 err = 57.755000,	train_time = 30.528016
TRAIN Iter 18: loss = 0.004732,	Top-1 err = 77.770000,	Top-5 err = 52.910000,	train_time = 32.022702
TRAIN Iter 19: loss = 0.004616,	Top-1 err = 78.380000,	Top-5 err = 54.830000,	train_time = 29.921708
TRAIN Iter 20: loss = 0.004480,	Top-1 err = 78.190000,	Top-5 err = 54.640000,	train_time = 31.714814
TRAIN Iter 21: loss = 0.004489,	Top-1 err = 74.855000,	Top-5 err = 50.280000,	train_time = 30.329031
TRAIN Iter 22: loss = 0.004320,	Top-1 err = 77.265000,	Top-5 err = 53.610000,	train_time = 30.222861
TRAIN Iter 23: loss = 0.004209,	Top-1 err = 76.730000,	Top-5 err = 53.510000,	train_time = 30.889822
TRAIN Iter 24: loss = 0.004190,	Top-1 err = 73.530000,	Top-5 err = 48.280000,	train_time = 30.398436
TRAIN Iter 25: loss = 0.004047,	Top-1 err = 76.240000,	Top-5 err = 51.905000,	train_time = 30.347934
TRAIN Iter 26: loss = 0.004062,	Top-1 err = 74.855000,	Top-5 err = 50.955000,	train_time = 30.511995
TRAIN Iter 27: loss = 0.003998,	Top-1 err = 72.945000,	Top-5 err = 48.060000,	train_time = 31.680441
TRAIN Iter 28: loss = 0.003925,	Top-1 err = 71.310000,	Top-5 err = 46.350000,	train_time = 29.662257
TRAIN Iter 29: loss = 0.003894,	Top-1 err = 69.190000,	Top-5 err = 43.370000,	train_time = 31.145988
TRAIN Iter 30: loss = 0.003826,	Top-1 err = 72.955000,	Top-5 err = 48.955000,	train_time = 29.900706
TRAIN Iter 31: loss = 0.003771,	Top-1 err = 71.885000,	Top-5 err = 46.775000,	train_time = 31.858577
TRAIN Iter 32: loss = 0.003747,	Top-1 err = 68.575000,	Top-5 err = 44.085000,	train_time = 30.475103
TRAIN Iter 33: loss = 0.003693,	Top-1 err = 69.550000,	Top-5 err = 46.000000,	train_time = 29.447840
TRAIN Iter 34: loss = 0.003614,	Top-1 err = 72.125000,	Top-5 err = 48.455000,	train_time = 31.717858
TRAIN Iter 35: loss = 0.003612,	Top-1 err = 70.225000,	Top-5 err = 46.415000,	train_time = 29.565651
TRAIN Iter 36: loss = 0.003541,	Top-1 err = 72.385000,	Top-5 err = 50.025000,	train_time = 29.956878
TRAIN Iter 37: loss = 0.003475,	Top-1 err = 73.460000,	Top-5 err = 49.660000,	train_time = 30.299946
TRAIN Iter 38: loss = 0.003538,	Top-1 err = 67.315000,	Top-5 err = 43.305000,	train_time = 31.011968
TRAIN Iter 39: loss = 0.003463,	Top-1 err = 69.150000,	Top-5 err = 45.745000,	train_time = 30.376386
TRAIN Iter 40: loss = 0.003466,	Top-1 err = 67.905000,	Top-5 err = 44.340000,	train_time = 30.342615
TRAIN Iter 41: loss = 0.003400,	Top-1 err = 68.120000,	Top-5 err = 44.075000,	train_time = 31.950200
TRAIN Iter 42: loss = 0.003370,	Top-1 err = 66.590000,	Top-5 err = 42.600000,	train_time = 29.426390
TRAIN Iter 43: loss = 0.003350,	Top-1 err = 68.390000,	Top-5 err = 44.510000,	train_time = 32.218770
TRAIN Iter 44: loss = 0.003314,	Top-1 err = 67.615000,	Top-5 err = 44.160000,	train_time = 29.454994
TRAIN Iter 45: loss = 0.003285,	Top-1 err = 67.950000,	Top-5 err = 43.995000,	train_time = 30.307280
TRAIN Iter 46: loss = 0.003285,	Top-1 err = 69.460000,	Top-5 err = 45.580000,	train_time = 30.021269
TRAIN Iter 47: loss = 0.003245,	Top-1 err = 69.015000,	Top-5 err = 46.210000,	train_time = 30.359947
TRAIN Iter 48: loss = 0.003230,	Top-1 err = 69.370000,	Top-5 err = 46.610000,	train_time = 32.395080
TRAIN Iter 49: loss = 0.003212,	Top-1 err = 64.490000,	Top-5 err = 40.225000,	train_time = 29.921220
TRAIN Iter 50: loss = 0.003166,	Top-1 err = 68.400000,	Top-5 err = 45.465000,	train_time = 30.098793
TRAIN Iter 51: loss = 0.003151,	Top-1 err = 66.240000,	Top-5 err = 42.605000,	train_time = 32.405891
TRAIN Iter 52: loss = 0.003141,	Top-1 err = 67.625000,	Top-5 err = 44.740000,	train_time = 29.370152
TRAIN Iter 53: loss = 0.003125,	Top-1 err = 67.315000,	Top-5 err = 44.305000,	train_time = 31.644268
TRAIN Iter 54: loss = 0.003109,	Top-1 err = 66.990000,	Top-5 err = 44.430000,	train_time = 29.827226
TRAIN Iter 55: loss = 0.003121,	Top-1 err = 66.605000,	Top-5 err = 42.995000,	train_time = 30.032622
TRAIN Iter 56: loss = 0.003081,	Top-1 err = 69.440000,	Top-5 err = 48.025000,	train_time = 31.835710
TRAIN Iter 57: loss = 0.003085,	Top-1 err = 65.875000,	Top-5 err = 42.870000,	train_time = 31.084129
TRAIN Iter 58: loss = 0.003041,	Top-1 err = 66.690000,	Top-5 err = 43.605000,	train_time = 30.933398
TRAIN Iter 59: loss = 0.003035,	Top-1 err = 70.095000,	Top-5 err = 48.695000,	train_time = 29.672096
TRAIN Iter 60: loss = 0.003005,	Top-1 err = 65.480000,	Top-5 err = 41.845000,	train_time = 32.453665
TRAIN Iter 61: loss = 0.003005,	Top-1 err = 66.625000,	Top-5 err = 43.605000,	train_time = 30.642949
TRAIN Iter 62: loss = 0.002990,	Top-1 err = 66.735000,	Top-5 err = 44.220000,	train_time = 30.174475
TRAIN Iter 63: loss = 0.002996,	Top-1 err = 66.225000,	Top-5 err = 43.555000,	train_time = 32.096884
TRAIN Iter 64: loss = 0.002977,	Top-1 err = 62.910000,	Top-5 err = 40.485000,	train_time = 29.879975
TRAIN Iter 65: loss = 0.002936,	Top-1 err = 63.160000,	Top-5 err = 39.905000,	train_time = 30.990447
TRAIN Iter 66: loss = 0.002897,	Top-1 err = 66.045000,	Top-5 err = 43.630000,	train_time = 29.967690
TRAIN Iter 67: loss = 0.002927,	Top-1 err = 67.395000,	Top-5 err = 45.695000,	train_time = 30.810500
TRAIN Iter 68: loss = 0.002907,	Top-1 err = 66.395000,	Top-5 err = 43.890000,	train_time = 30.198114
TRAIN Iter 69: loss = 0.002883,	Top-1 err = 62.520000,	Top-5 err = 40.155000,	train_time = 31.779441
TRAIN Iter 70: loss = 0.002884,	Top-1 err = 65.710000,	Top-5 err = 43.845000,	train_time = 31.099281
TRAIN Iter 71: loss = 0.002863,	Top-1 err = 67.435000,	Top-5 err = 44.580000,	train_time = 29.769528
TRAIN Iter 72: loss = 0.002876,	Top-1 err = 64.035000,	Top-5 err = 41.100000,	train_time = 31.729087
TRAIN Iter 73: loss = 0.002864,	Top-1 err = 64.010000,	Top-5 err = 41.285000,	train_time = 30.186879
TRAIN Iter 74: loss = 0.002834,	Top-1 err = 62.800000,	Top-5 err = 40.530000,	train_time = 30.039427
TRAIN Iter 75: loss = 0.002830,	Top-1 err = 65.140000,	Top-5 err = 41.960000,	train_time = 30.113904
TRAIN Iter 76: loss = 0.002828,	Top-1 err = 63.230000,	Top-5 err = 41.505000,	train_time = 32.256056
TRAIN Iter 77: loss = 0.002811,	Top-1 err = 64.185000,	Top-5 err = 41.820000,	train_time = 29.334619
TRAIN Iter 78: loss = 0.002812,	Top-1 err = 66.255000,	Top-5 err = 44.240000,	train_time = 30.203721
TRAIN Iter 79: loss = 0.002781,	Top-1 err = 62.050000,	Top-5 err = 38.625000,	train_time = 30.508901
TRAIN Iter 80: loss = 0.002788,	Top-1 err = 64.780000,	Top-5 err = 42.820000,	train_time = 30.036534
TRAIN Iter 81: loss = 0.002768,	Top-1 err = 65.950000,	Top-5 err = 45.030000,	train_time = 30.364280
TRAIN Iter 82: loss = 0.002778,	Top-1 err = 66.645000,	Top-5 err = 44.455000,	train_time = 32.676958
TRAIN Iter 83: loss = 0.002743,	Top-1 err = 63.335000,	Top-5 err = 40.970000,	train_time = 29.806765
TRAIN Iter 84: loss = 0.002746,	Top-1 err = 63.270000,	Top-5 err = 41.960000,	train_time = 30.105975
TRAIN Iter 85: loss = 0.002727,	Top-1 err = 60.835000,	Top-5 err = 38.050000,	train_time = 31.151515
TRAIN Iter 86: loss = 0.002729,	Top-1 err = 63.470000,	Top-5 err = 41.355000,	train_time = 30.021230
TRAIN Iter 87: loss = 0.002742,	Top-1 err = 65.285000,	Top-5 err = 43.270000,	train_time = 31.045872
TRAIN Iter 88: loss = 0.002731,	Top-1 err = 65.885000,	Top-5 err = 44.960000,	train_time = 32.293819
TRAIN Iter 89: loss = 0.002700,	Top-1 err = 64.910000,	Top-5 err = 43.715000,	train_time = 29.193385
TRAIN Iter 90: loss = 0.002691,	Top-1 err = 64.975000,	Top-5 err = 43.345000,	train_time = 30.945560
TRAIN Iter 91: loss = 0.002663,	Top-1 err = 59.240000,	Top-5 err = 36.945000,	train_time = 31.062105
TRAIN Iter 92: loss = 0.002691,	Top-1 err = 65.910000,	Top-5 err = 43.935000,	train_time = 30.203865
TRAIN Iter 93: loss = 0.002687,	Top-1 err = 66.680000,	Top-5 err = 44.735000,	train_time = 32.166344
TRAIN Iter 94: loss = 0.002651,	Top-1 err = 60.715000,	Top-5 err = 38.260000,	train_time = 30.227820
TRAIN Iter 95: loss = 0.002644,	Top-1 err = 63.445000,	Top-5 err = 42.050000,	train_time = 29.966603
TRAIN Iter 96: loss = 0.002664,	Top-1 err = 61.850000,	Top-5 err = 40.300000,	train_time = 30.851530
TRAIN Iter 97: loss = 0.002661,	Top-1 err = 64.715000,	Top-5 err = 43.595000,	train_time = 30.389204
TRAIN Iter 98: loss = 0.002631,	Top-1 err = 63.465000,	Top-5 err = 42.005000,	train_time = 31.352530
TRAIN Iter 99: loss = 0.002649,	Top-1 err = 63.270000,	Top-5 err = 41.620000,	train_time = 30.773693
TRAIN Iter 100: loss = 0.002614,	Top-1 err = 61.460000,	Top-5 err = 39.100000,	train_time = 32.233629
TRAIN Iter 101: loss = 0.002616,	Top-1 err = 62.245000,	Top-5 err = 40.235000,	train_time = 29.519857
TRAIN Iter 102: loss = 0.002597,	Top-1 err = 62.350000,	Top-5 err = 41.395000,	train_time = 31.520373
TRAIN Iter 103: loss = 0.002598,	Top-1 err = 64.125000,	Top-5 err = 43.440000,	train_time = 30.223567
TRAIN Iter 104: loss = 0.002595,	Top-1 err = 61.530000,	Top-5 err = 39.310000,	train_time = 32.048541
TRAIN Iter 105: loss = 0.002603,	Top-1 err = 63.920000,	Top-5 err = 42.385000,	train_time = 29.737232
TRAIN Iter 106: loss = 0.002562,	Top-1 err = 66.720000,	Top-5 err = 44.950000,	train_time = 31.578966
TRAIN Iter 107: loss = 0.002557,	Top-1 err = 57.160000,	Top-5 err = 33.970000,	train_time = 29.994912
TRAIN Iter 108: loss = 0.002567,	Top-1 err = 59.255000,	Top-5 err = 36.520000,	train_time = 30.491135
TRAIN Iter 109: loss = 0.002552,	Top-1 err = 62.790000,	Top-5 err = 41.055000,	train_time = 31.869951
TRAIN Iter 110: loss = 0.002551,	Top-1 err = 63.090000,	Top-5 err = 41.590000,	train_time = 30.178922
TRAIN Iter 111: loss = 0.002558,	Top-1 err = 60.780000,	Top-5 err = 38.375000,	train_time = 30.056772
TRAIN Iter 112: loss = 0.002541,	Top-1 err = 61.215000,	Top-5 err = 38.675000,	train_time = 32.742499
TRAIN Iter 113: loss = 0.002559,	Top-1 err = 62.605000,	Top-5 err = 40.565000,	train_time = 30.801379
TRAIN Iter 114: loss = 0.002534,	Top-1 err = 60.100000,	Top-5 err = 38.665000,	train_time = 31.194345
TRAIN Iter 115: loss = 0.002520,	Top-1 err = 62.580000,	Top-5 err = 41.230000,	train_time = 29.953423
TRAIN Iter 116: loss = 0.002525,	Top-1 err = 62.065000,	Top-5 err = 40.670000,	train_time = 30.539128
TRAIN Iter 117: loss = 0.002513,	Top-1 err = 62.740000,	Top-5 err = 41.855000,	train_time = 31.138420
TRAIN Iter 118: loss = 0.002505,	Top-1 err = 62.115000,	Top-5 err = 40.760000,	train_time = 32.076531
TRAIN Iter 119: loss = 0.002494,	Top-1 err = 61.545000,	Top-5 err = 39.400000,	train_time = 29.989862
TRAIN Iter 120: loss = 0.002486,	Top-1 err = 64.040000,	Top-5 err = 42.930000,	train_time = 31.924795
TRAIN Iter 121: loss = 0.002515,	Top-1 err = 61.515000,	Top-5 err = 39.530000,	train_time = 29.929072
TRAIN Iter 122: loss = 0.002490,	Top-1 err = 60.000000,	Top-5 err = 38.510000,	train_time = 30.216840
TRAIN Iter 123: loss = 0.002476,	Top-1 err = 64.450000,	Top-5 err = 43.855000,	train_time = 32.555704
TRAIN Iter 124: loss = 0.002488,	Top-1 err = 61.845000,	Top-5 err = 39.520000,	train_time = 29.706425
TRAIN Iter 125: loss = 0.002470,	Top-1 err = 57.700000,	Top-5 err = 35.425000,	train_time = 30.634638
TRAIN Iter 126: loss = 0.002482,	Top-1 err = 59.125000,	Top-5 err = 37.080000,	train_time = 30.353815
TRAIN Iter 127: loss = 0.002459,	Top-1 err = 58.845000,	Top-5 err = 37.625000,	train_time = 32.106839
TRAIN Iter 128: loss = 0.002468,	Top-1 err = 60.055000,	Top-5 err = 37.810000,	train_time = 30.030581
TRAIN Iter 129: loss = 0.002470,	Top-1 err = 59.345000,	Top-5 err = 36.950000,	train_time = 31.389087
TRAIN Iter 130: loss = 0.002452,	Top-1 err = 60.290000,	Top-5 err = 38.790000,	train_time = 30.180561
TRAIN Iter 131: loss = 0.002436,	Top-1 err = 60.110000,	Top-5 err = 38.720000,	train_time = 31.937141
TRAIN Iter 132: loss = 0.002452,	Top-1 err = 59.330000,	Top-5 err = 38.380000,	train_time = 29.434954
TRAIN Iter 133: loss = 0.002431,	Top-1 err = 62.280000,	Top-5 err = 40.770000,	train_time = 30.411143
TRAIN Iter 134: loss = 0.002437,	Top-1 err = 61.930000,	Top-5 err = 40.765000,	train_time = 31.763227
TRAIN Iter 135: loss = 0.002421,	Top-1 err = 61.700000,	Top-5 err = 40.755000,	train_time = 30.407145
TRAIN Iter 136: loss = 0.002418,	Top-1 err = 64.400000,	Top-5 err = 43.340000,	train_time = 30.063217
TRAIN Iter 137: loss = 0.002425,	Top-1 err = 62.235000,	Top-5 err = 40.940000,	train_time = 32.209850
TRAIN Iter 138: loss = 0.002411,	Top-1 err = 60.175000,	Top-5 err = 37.825000,	train_time = 29.385873
TRAIN Iter 139: loss = 0.002409,	Top-1 err = 59.560000,	Top-5 err = 37.785000,	train_time = 32.552130
TRAIN Iter 140: loss = 0.002407,	Top-1 err = 62.365000,	Top-5 err = 40.685000,	train_time = 31.630812
TRAIN Iter 141: loss = 0.002399,	Top-1 err = 58.830000,	Top-5 err = 37.180000,	train_time = 29.475997
TRAIN Iter 142: loss = 0.002388,	Top-1 err = 60.260000,	Top-5 err = 39.360000,	train_time = 32.204135
TRAIN Iter 143: loss = 0.002391,	Top-1 err = 57.990000,	Top-5 err = 36.910000,	train_time = 30.048416
TRAIN Iter 144: loss = 0.002399,	Top-1 err = 60.550000,	Top-5 err = 39.255000,	train_time = 30.227295
TRAIN Iter 145: loss = 0.002400,	Top-1 err = 62.400000,	Top-5 err = 41.745000,	train_time = 30.821527
TRAIN Iter 146: loss = 0.002371,	Top-1 err = 59.125000,	Top-5 err = 37.430000,	train_time = 29.797114
TRAIN Iter 147: loss = 0.002384,	Top-1 err = 61.835000,	Top-5 err = 39.885000,	train_time = 32.863174
TRAIN Iter 148: loss = 0.002370,	Top-1 err = 59.945000,	Top-5 err = 38.070000,	train_time = 29.393003
TRAIN Iter 149: loss = 0.002381,	Top-1 err = 60.190000,	Top-5 err = 37.955000,	train_time = 30.651208
TRAIN Iter 150: loss = 0.002375,	Top-1 err = 61.235000,	Top-5 err = 39.730000,	train_time = 32.079622
TRAIN Iter 151: loss = 0.002373,	Top-1 err = 62.410000,	Top-5 err = 41.670000,	train_time = 30.206717
TRAIN Iter 152: loss = 0.002357,	Top-1 err = 61.735000,	Top-5 err = 40.985000,	train_time = 31.033689
TRAIN Iter 153: loss = 0.002375,	Top-1 err = 61.980000,	Top-5 err = 40.600000,	train_time = 30.224818
TRAIN Iter 154: loss = 0.002352,	Top-1 err = 58.445000,	Top-5 err = 37.500000,	train_time = 31.745885
TRAIN Iter 155: loss = 0.002329,	Top-1 err = 61.080000,	Top-5 err = 40.520000,	train_time = 29.836540
TRAIN Iter 156: loss = 0.002354,	Top-1 err = 62.380000,	Top-5 err = 40.560000,	train_time = 30.115118
TRAIN Iter 157: loss = 0.002347,	Top-1 err = 61.815000,	Top-5 err = 41.480000,	train_time = 30.019644
TRAIN Iter 158: loss = 0.002347,	Top-1 err = 62.145000,	Top-5 err = 40.860000,	train_time = 30.550888
TRAIN Iter 159: loss = 0.002347,	Top-1 err = 59.870000,	Top-5 err = 38.420000,	train_time = 32.183055
TRAIN Iter 160: loss = 0.002323,	Top-1 err = 58.395000,	Top-5 err = 36.835000,	train_time = 29.773405
TRAIN Iter 161: loss = 0.002321,	Top-1 err = 56.435000,	Top-5 err = 34.740000,	train_time = 30.323911
TRAIN Iter 162: loss = 0.002344,	Top-1 err = 61.315000,	Top-5 err = 40.655000,	train_time = 32.532184
TRAIN Iter 163: loss = 0.002323,	Top-1 err = 56.195000,	Top-5 err = 34.125000,	train_time = 29.702618
TRAIN Iter 164: loss = 0.002294,	Top-1 err = 59.765000,	Top-5 err = 38.545000,	train_time = 31.432905
TRAIN Iter 165: loss = 0.002320,	Top-1 err = 61.070000,	Top-5 err = 39.845000,	train_time = 30.083210
TRAIN Iter 166: loss = 0.002321,	Top-1 err = 59.585000,	Top-5 err = 38.260000,	train_time = 30.938799
TRAIN Iter 167: loss = 0.002294,	Top-1 err = 58.755000,	Top-5 err = 37.485000,	train_time = 31.794956
TRAIN Iter 168: loss = 0.002299,	Top-1 err = 61.120000,	Top-5 err = 40.045000,	train_time = 30.498817
TRAIN Iter 169: loss = 0.002296,	Top-1 err = 61.610000,	Top-5 err = 40.610000,	train_time = 30.206593
TRAIN Iter 170: loss = 0.002287,	Top-1 err = 59.475000,	Top-5 err = 38.290000,	train_time = 32.539761
TRAIN Iter 171: loss = 0.002282,	Top-1 err = 60.970000,	Top-5 err = 39.890000,	train_time = 30.228016
TRAIN Iter 172: loss = 0.002301,	Top-1 err = 56.855000,	Top-5 err = 36.150000,	train_time = 31.064456
TRAIN Iter 173: loss = 0.002298,	Top-1 err = 60.500000,	Top-5 err = 40.375000,	train_time = 30.530063
TRAIN Iter 174: loss = 0.002303,	Top-1 err = 58.160000,	Top-5 err = 36.550000,	train_time = 29.685918
TRAIN Iter 175: loss = 0.002264,	Top-1 err = 59.430000,	Top-5 err = 38.320000,	train_time = 30.963901
TRAIN Iter 176: loss = 0.002260,	Top-1 err = 59.165000,	Top-5 err = 39.360000,	train_time = 31.860853
TRAIN Iter 177: loss = 0.002276,	Top-1 err = 58.920000,	Top-5 err = 37.210000,	train_time = 29.566222
TRAIN Iter 178: loss = 0.002291,	Top-1 err = 60.720000,	Top-5 err = 38.835000,	train_time = 32.043600
TRAIN Iter 179: loss = 0.002272,	Top-1 err = 60.690000,	Top-5 err = 38.990000,	train_time = 29.711061
TRAIN Iter 180: loss = 0.002278,	Top-1 err = 58.570000,	Top-5 err = 36.905000,	train_time = 30.118122
TRAIN Iter 181: loss = 0.002261,	Top-1 err = 62.015000,	Top-5 err = 41.070000,	train_time = 31.071895
TRAIN Iter 182: loss = 0.002250,	Top-1 err = 58.450000,	Top-5 err = 38.305000,	train_time = 31.355703
TRAIN Iter 183: loss = 0.002266,	Top-1 err = 62.860000,	Top-5 err = 43.095000,	train_time = 31.610878
TRAIN Iter 184: loss = 0.002258,	Top-1 err = 61.020000,	Top-5 err = 39.335000,	train_time = 29.457364
TRAIN Iter 185: loss = 0.002236,	Top-1 err = 57.520000,	Top-5 err = 36.175000,	train_time = 31.442984
TRAIN Iter 186: loss = 0.002241,	Top-1 err = 60.660000,	Top-5 err = 39.735000,	train_time = 31.112887
TRAIN Iter 187: loss = 0.002242,	Top-1 err = 63.505000,	Top-5 err = 43.505000,	train_time = 30.574972
TRAIN Iter 188: loss = 0.002244,	Top-1 err = 57.390000,	Top-5 err = 35.775000,	train_time = 31.766269
TRAIN Iter 189: loss = 0.002240,	Top-1 err = 61.330000,	Top-5 err = 41.810000,	train_time = 29.217026
TRAIN Iter 190: loss = 0.002253,	Top-1 err = 61.855000,	Top-5 err = 41.085000,	train_time = 32.301872
TRAIN Iter 191: loss = 0.002235,	Top-1 err = 59.360000,	Top-5 err = 38.445000,	train_time = 30.358805
TRAIN Iter 192: loss = 0.002230,	Top-1 err = 58.230000,	Top-5 err = 36.645000,	train_time = 31.276433
TRAIN Iter 193: loss = 0.002213,	Top-1 err = 56.940000,	Top-5 err = 35.510000,	train_time = 29.955186
TRAIN Iter 194: loss = 0.002227,	Top-1 err = 60.275000,	Top-5 err = 39.375000,	train_time = 30.910219
TRAIN Iter 195: loss = 0.002240,	Top-1 err = 60.750000,	Top-5 err = 39.630000,	train_time = 31.991139
TRAIN Iter 196: loss = 0.002222,	Top-1 err = 59.340000,	Top-5 err = 38.515000,	train_time = 30.831325
TRAIN Iter 197: loss = 0.002202,	Top-1 err = 58.550000,	Top-5 err = 37.530000,	train_time = 30.909258
TRAIN Iter 198: loss = 0.002219,	Top-1 err = 58.955000,	Top-5 err = 38.315000,	train_time = 30.951322
TRAIN Iter 199: loss = 0.002221,	Top-1 err = 63.400000,	Top-5 err = 42.310000,	train_time = 31.591682
TRAIN Iter 200: loss = 0.002198,	Top-1 err = 58.550000,	Top-5 err = 38.320000,	train_time = 29.736946
TRAIN Iter 201: loss = 0.002199,	Top-1 err = 57.270000,	Top-5 err = 36.140000,	train_time = 31.127892
TRAIN Iter 202: loss = 0.002205,	Top-1 err = 59.900000,	Top-5 err = 38.555000,	train_time = 30.158223
TRAIN Iter 203: loss = 0.002189,	Top-1 err = 58.930000,	Top-5 err = 38.710000,	train_time = 30.687241
TRAIN Iter 204: loss = 0.002175,	Top-1 err = 56.845000,	Top-5 err = 35.890000,	train_time = 30.801704
TRAIN Iter 205: loss = 0.002198,	Top-1 err = 56.970000,	Top-5 err = 35.565000,	train_time = 30.684268
TRAIN Iter 206: loss = 0.002204,	Top-1 err = 60.955000,	Top-5 err = 40.020000,	train_time = 30.547076
TRAIN Iter 207: loss = 0.002191,	Top-1 err = 59.845000,	Top-5 err = 38.775000,	train_time = 30.023091
TRAIN Iter 208: loss = 0.002178,	Top-1 err = 57.275000,	Top-5 err = 36.675000,	train_time = 32.474291
TRAIN Iter 209: loss = 0.002205,	Top-1 err = 60.785000,	Top-5 err = 40.365000,	train_time = 30.638926
TRAIN Iter 210: loss = 0.002185,	Top-1 err = 59.985000,	Top-5 err = 38.735000,	train_time = 30.006773
TRAIN Iter 211: loss = 0.002181,	Top-1 err = 64.375000,	Top-5 err = 44.255000,	train_time = 31.784068
TRAIN Iter 212: loss = 0.002160,	Top-1 err = 56.330000,	Top-5 err = 34.955000,	train_time = 29.620544
TRAIN Iter 213: loss = 0.002161,	Top-1 err = 56.810000,	Top-5 err = 36.195000,	train_time = 32.242969
TRAIN Iter 214: loss = 0.002158,	Top-1 err = 59.055000,	Top-5 err = 38.125000,	train_time = 29.770837
TRAIN Iter 215: loss = 0.002167,	Top-1 err = 57.855000,	Top-5 err = 36.500000,	train_time = 32.114823
TRAIN Iter 216: loss = 0.002170,	Top-1 err = 59.345000,	Top-5 err = 38.595000,	train_time = 29.408876
TRAIN Iter 217: loss = 0.002176,	Top-1 err = 61.590000,	Top-5 err = 41.110000,	train_time = 29.888986
TRAIN Iter 218: loss = 0.002177,	Top-1 err = 60.980000,	Top-5 err = 40.515000,	train_time = 32.586542
TRAIN Iter 219: loss = 0.002137,	Top-1 err = 55.350000,	Top-5 err = 34.150000,	train_time = 29.164165
TRAIN Iter 220: loss = 0.002142,	Top-1 err = 54.375000,	Top-5 err = 33.170000,	train_time = 31.553932
TRAIN Iter 221: loss = 0.002148,	Top-1 err = 59.615000,	Top-5 err = 38.920000,	train_time = 29.932791
TRAIN Iter 222: loss = 0.002165,	Top-1 err = 57.105000,	Top-5 err = 35.085000,	train_time = 32.346939
TRAIN Iter 223: loss = 0.002155,	Top-1 err = 60.765000,	Top-5 err = 40.205000,	train_time = 30.380407
TRAIN Iter 224: loss = 0.002140,	Top-1 err = 57.555000,	Top-5 err = 36.690000,	train_time = 29.836423
TRAIN Iter 225: loss = 0.002172,	Top-1 err = 59.630000,	Top-5 err = 37.810000,	train_time = 32.548384
TRAIN Iter 226: loss = 0.002147,	Top-1 err = 62.285000,	Top-5 err = 42.865000,	train_time = 31.234539
TRAIN Iter 227: loss = 0.002138,	Top-1 err = 56.270000,	Top-5 err = 34.860000,	train_time = 31.290685
TRAIN Iter 228: loss = 0.002141,	Top-1 err = 58.410000,	Top-5 err = 37.485000,	train_time = 29.436639
TRAIN Iter 229: loss = 0.002142,	Top-1 err = 57.075000,	Top-5 err = 35.175000,	train_time = 29.964802
TRAIN Iter 230: loss = 0.002151,	Top-1 err = 60.230000,	Top-5 err = 39.140000,	train_time = 30.484868
TRAIN Iter 231: loss = 0.002117,	Top-1 err = 59.700000,	Top-5 err = 39.955000,	train_time = 31.111113
TRAIN Iter 232: loss = 0.002121,	Top-1 err = 57.685000,	Top-5 err = 36.090000,	train_time = 32.489156
TRAIN Iter 233: loss = 0.002113,	Top-1 err = 58.955000,	Top-5 err = 38.120000,	train_time = 30.979517
TRAIN Iter 234: loss = 0.002142,	Top-1 err = 60.035000,	Top-5 err = 39.850000,	train_time = 30.231531
TRAIN Iter 235: loss = 0.002138,	Top-1 err = 60.510000,	Top-5 err = 40.895000,	train_time = 31.686433
TRAIN Iter 236: loss = 0.002109,	Top-1 err = 59.520000,	Top-5 err = 38.350000,	train_time = 29.971609
TRAIN Iter 237: loss = 0.002091,	Top-1 err = 56.050000,	Top-5 err = 35.360000,	train_time = 29.998351
TRAIN Iter 238: loss = 0.002118,	Top-1 err = 58.485000,	Top-5 err = 37.500000,	train_time = 30.479348
TRAIN Iter 239: loss = 0.002124,	Top-1 err = 60.560000,	Top-5 err = 40.055000,	train_time = 32.473632
TRAIN Iter 240: loss = 0.002128,	Top-1 err = 59.250000,	Top-5 err = 38.845000,	train_time = 31.074458
TRAIN Iter 241: loss = 0.002090,	Top-1 err = 58.385000,	Top-5 err = 38.730000,	train_time = 29.541363
TRAIN Iter 242: loss = 0.002115,	Top-1 err = 58.515000,	Top-5 err = 36.825000,	train_time = 32.033876
TRAIN Iter 243: loss = 0.002087,	Top-1 err = 57.885000,	Top-5 err = 37.220000,	train_time = 29.910738
TRAIN Iter 244: loss = 0.002100,	Top-1 err = 57.905000,	Top-5 err = 37.175000,	train_time = 31.817973
TRAIN Iter 245: loss = 0.002108,	Top-1 err = 57.530000,	Top-5 err = 36.845000,	train_time = 29.313769
TRAIN Iter 246: loss = 0.002070,	Top-1 err = 56.035000,	Top-5 err = 35.545000,	train_time = 30.606629
TRAIN Iter 247: loss = 0.002122,	Top-1 err = 61.395000,	Top-5 err = 39.970000,	train_time = 29.929552
TRAIN Iter 248: loss = 0.002083,	Top-1 err = 57.205000,	Top-5 err = 36.135000,	train_time = 30.739350
TRAIN Iter 249: loss = 0.002100,	Top-1 err = 60.460000,	Top-5 err = 39.280000,	train_time = 30.641531
TEST:
Iter 249: loss = 1.757784,	Top-1 err = 40.990000,	Top-5 err = 18.420000,	val_time = 3.015036
TRAIN Iter 250: loss = 0.002104,	Top-1 err = 59.065000,	Top-5 err = 39.335000,	train_time = 29.929114
TRAIN Iter 251: loss = 0.002089,	Top-1 err = 59.900000,	Top-5 err = 39.260000,	train_time = 32.376249
TRAIN Iter 252: loss = 0.002081,	Top-1 err = 58.655000,	Top-5 err = 37.845000,	train_time = 29.949606
TRAIN Iter 253: loss = 0.002075,	Top-1 err = 59.200000,	Top-5 err = 38.320000,	train_time = 30.045998
TRAIN Iter 254: loss = 0.002081,	Top-1 err = 59.685000,	Top-5 err = 39.610000,	train_time = 31.037438
TRAIN Iter 255: loss = 0.002061,	Top-1 err = 56.715000,	Top-5 err = 35.505000,	train_time = 30.703759
TRAIN Iter 256: loss = 0.002071,	Top-1 err = 57.550000,	Top-5 err = 36.995000,	train_time = 30.209335
TRAIN Iter 257: loss = 0.002070,	Top-1 err = 59.080000,	Top-5 err = 38.785000,	train_time = 30.366743
TRAIN Iter 258: loss = 0.002077,	Top-1 err = 58.390000,	Top-5 err = 37.965000,	train_time = 31.978955
TRAIN Iter 259: loss = 0.002060,	Top-1 err = 58.640000,	Top-5 err = 38.260000,	train_time = 31.598025
TEST:
Iter 259: loss = 1.747928,	Top-1 err = 41.090000,	Top-5 err = 18.190000,	val_time = 3.031249
TRAIN Iter 260: loss = 0.002044,	Top-1 err = 59.085000,	Top-5 err = 40.030000,	train_time = 30.332400
TRAIN Iter 261: loss = 0.002067,	Top-1 err = 56.740000,	Top-5 err = 35.230000,	train_time = 31.234488
TRAIN Iter 262: loss = 0.002060,	Top-1 err = 58.225000,	Top-5 err = 38.140000,	train_time = 31.261822
TRAIN Iter 263: loss = 0.002083,	Top-1 err = 61.015000,	Top-5 err = 39.800000,	train_time = 31.111395
TRAIN Iter 264: loss = 0.002046,	Top-1 err = 58.615000,	Top-5 err = 37.250000,	train_time = 31.101341
TRAIN Iter 265: loss = 0.002053,	Top-1 err = 55.700000,	Top-5 err = 34.435000,	train_time = 30.293824
TRAIN Iter 266: loss = 0.002058,	Top-1 err = 60.510000,	Top-5 err = 40.870000,	train_time = 29.999074
TRAIN Iter 267: loss = 0.002049,	Top-1 err = 57.485000,	Top-5 err = 37.155000,	train_time = 32.645491
TRAIN Iter 268: loss = 0.002065,	Top-1 err = 60.370000,	Top-5 err = 40.295000,	train_time = 30.250843
TRAIN Iter 269: loss = 0.002019,	Top-1 err = 55.040000,	Top-5 err = 34.615000,	train_time = 30.572429
TEST:
Iter 269: loss = 1.746506,	Top-1 err = 40.540000,	Top-5 err = 17.950000,	val_time = 2.996448
TRAIN Iter 270: loss = 0.002050,	Top-1 err = 59.225000,	Top-5 err = 38.830000,	train_time = 32.105134
TRAIN Iter 271: loss = 0.002036,	Top-1 err = 54.290000,	Top-5 err = 33.720000,	train_time = 30.308280
TRAIN Iter 272: loss = 0.002040,	Top-1 err = 58.290000,	Top-5 err = 37.155000,	train_time = 31.601436
TRAIN Iter 273: loss = 0.002036,	Top-1 err = 56.985000,	Top-5 err = 36.325000,	train_time = 29.910456
TRAIN Iter 274: loss = 0.002023,	Top-1 err = 56.815000,	Top-5 err = 36.975000,	train_time = 31.258990
TRAIN Iter 275: loss = 0.002045,	Top-1 err = 59.260000,	Top-5 err = 38.560000,	train_time = 29.811607
TRAIN Iter 276: loss = 0.002024,	Top-1 err = 57.570000,	Top-5 err = 37.150000,	train_time = 29.971135
TRAIN Iter 277: loss = 0.002046,	Top-1 err = 63.185000,	Top-5 err = 43.585000,	train_time = 32.735178
TRAIN Iter 278: loss = 0.002040,	Top-1 err = 59.945000,	Top-5 err = 39.070000,	train_time = 29.796010
TRAIN Iter 279: loss = 0.002028,	Top-1 err = 59.550000,	Top-5 err = 39.375000,	train_time = 30.759282
TEST:
Iter 279: loss = 1.747324,	Top-1 err = 40.980000,	Top-5 err = 18.010000,	val_time = 3.012197
TRAIN Iter 280: loss = 0.002025,	Top-1 err = 61.185000,	Top-5 err = 42.095000,	train_time = 32.644267
TRAIN Iter 281: loss = 0.002037,	Top-1 err = 58.470000,	Top-5 err = 37.310000,	train_time = 29.500798
TRAIN Iter 282: loss = 0.002035,	Top-1 err = 58.605000,	Top-5 err = 38.365000,	train_time = 31.767467
TRAIN Iter 283: loss = 0.002016,	Top-1 err = 57.310000,	Top-5 err = 36.795000,	train_time = 30.465135
TRAIN Iter 284: loss = 0.002030,	Top-1 err = 59.760000,	Top-5 err = 39.550000,	train_time = 30.198203
TRAIN Iter 285: loss = 0.002027,	Top-1 err = 60.645000,	Top-5 err = 40.075000,	train_time = 30.811306
TRAIN Iter 286: loss = 0.002006,	Top-1 err = 56.130000,	Top-5 err = 35.595000,	train_time = 30.675989
TRAIN Iter 287: loss = 0.002018,	Top-1 err = 60.490000,	Top-5 err = 40.515000,	train_time = 30.910506
TRAIN Iter 288: loss = 0.002014,	Top-1 err = 56.770000,	Top-5 err = 36.610000,	train_time = 30.410350
TRAIN Iter 289: loss = 0.002010,	Top-1 err = 60.100000,	Top-5 err = 39.810000,	train_time = 30.882677
TEST:
Iter 289: loss = 1.747350,	Top-1 err = 40.860000,	Top-5 err = 18.330000,	val_time = 3.038130
TRAIN Iter 290: loss = 0.001990,	Top-1 err = 56.140000,	Top-5 err = 34.895000,	train_time = 30.626968
TRAIN Iter 291: loss = 0.001997,	Top-1 err = 56.080000,	Top-5 err = 35.765000,	train_time = 32.641533
TRAIN Iter 292: loss = 0.002007,	Top-1 err = 57.105000,	Top-5 err = 36.535000,	train_time = 30.417518
TRAIN Iter 293: loss = 0.002025,	Top-1 err = 59.720000,	Top-5 err = 38.450000,	train_time = 31.932441
TRAIN Iter 294: loss = 0.002016,	Top-1 err = 60.780000,	Top-5 err = 40.590000,	train_time = 30.477130
TRAIN Iter 295: loss = 0.001990,	Top-1 err = 58.695000,	Top-5 err = 39.010000,	train_time = 30.969895
TRAIN Iter 296: loss = 0.001979,	Top-1 err = 55.290000,	Top-5 err = 34.320000,	train_time = 30.288418
TRAIN Iter 297: loss = 0.001974,	Top-1 err = 52.845000,	Top-5 err = 32.085000,	train_time = 31.029261
TRAIN Iter 298: loss = 0.001972,	Top-1 err = 54.875000,	Top-5 err = 35.200000,	train_time = 30.489715
TRAIN Iter 299: loss = 0.001968,	Top-1 err = 56.420000,	Top-5 err = 36.425000,	train_time = 32.623518
TEST:
Iter 299: loss = 1.755574,	Top-1 err = 40.790000,	Top-5 err = 18.170000,	val_time = 3.085068
Train Finish! Best accuracy is 59.46@269
