=> using pytorch pre-trained teacher model 'conv4'
process data from /home/dvspanos/nikos/ca2d/artifacts/sets/bench_tin_conv_sharp2d_ipc50
load data successfully
TRAIN Iter 0: loss = 0.013796,	Top-1 err = 98.180000,	Top-5 err = 92.160000,	train_time = 11.947055
TRAIN Iter 1: loss = 0.010930,	Top-1 err = 92.480000,	Top-5 err = 77.950000,	train_time = 10.673254
TRAIN Iter 2: loss = 0.009723,	Top-1 err = 86.490000,	Top-5 err = 67.600000,	train_time = 10.671221
TRAIN Iter 3: loss = 0.008500,	Top-1 err = 83.620000,	Top-5 err = 63.670000,	train_time = 10.666413
TRAIN Iter 4: loss = 0.007970,	Top-1 err = 80.040000,	Top-5 err = 57.610000,	train_time = 10.726849
TRAIN Iter 5: loss = 0.007389,	Top-1 err = 77.670000,	Top-5 err = 56.170000,	train_time = 10.727835
TRAIN Iter 6: loss = 0.006725,	Top-1 err = 72.620000,	Top-5 err = 48.190000,	train_time = 10.685323
TRAIN Iter 7: loss = 0.006491,	Top-1 err = 70.500000,	Top-5 err = 46.820000,	train_time = 10.720530
TRAIN Iter 8: loss = 0.006213,	Top-1 err = 67.500000,	Top-5 err = 42.580000,	train_time = 10.811681
TRAIN Iter 9: loss = 0.005853,	Top-1 err = 68.150000,	Top-5 err = 46.060000,	train_time = 10.847799
TRAIN Iter 10: loss = 0.005487,	Top-1 err = 64.860000,	Top-5 err = 41.610000,	train_time = 10.680503
TRAIN Iter 11: loss = 0.005337,	Top-1 err = 60.100000,	Top-5 err = 35.990000,	train_time = 10.729733
TRAIN Iter 12: loss = 0.005144,	Top-1 err = 63.450000,	Top-5 err = 40.440000,	train_time = 10.805690
TRAIN Iter 13: loss = 0.004992,	Top-1 err = 61.140000,	Top-5 err = 38.190000,	train_time = 10.745080
TRAIN Iter 14: loss = 0.004788,	Top-1 err = 66.830000,	Top-5 err = 45.240000,	train_time = 10.768997
TRAIN Iter 15: loss = 0.004819,	Top-1 err = 53.790000,	Top-5 err = 31.040000,	train_time = 10.704915
TRAIN Iter 16: loss = 0.004491,	Top-1 err = 57.240000,	Top-5 err = 33.280000,	train_time = 10.807374
TRAIN Iter 17: loss = 0.004519,	Top-1 err = 57.500000,	Top-5 err = 36.090000,	train_time = 10.736962
TRAIN Iter 18: loss = 0.004385,	Top-1 err = 58.910000,	Top-5 err = 38.250000,	train_time = 10.826227
TRAIN Iter 19: loss = 0.004286,	Top-1 err = 53.560000,	Top-5 err = 30.900000,	train_time = 10.831932
TRAIN Iter 20: loss = 0.004119,	Top-1 err = 53.070000,	Top-5 err = 30.490000,	train_time = 10.874948
TRAIN Iter 21: loss = 0.004036,	Top-1 err = 56.560000,	Top-5 err = 35.120000,	train_time = 10.843019
TRAIN Iter 22: loss = 0.004065,	Top-1 err = 50.760000,	Top-5 err = 29.160000,	train_time = 10.812282
TRAIN Iter 23: loss = 0.003911,	Top-1 err = 53.680000,	Top-5 err = 33.040000,	train_time = 10.866400
TRAIN Iter 24: loss = 0.003887,	Top-1 err = 51.660000,	Top-5 err = 31.170000,	train_time = 10.827284
TRAIN Iter 25: loss = 0.003754,	Top-1 err = 50.120000,	Top-5 err = 29.250000,	train_time = 10.900692
TRAIN Iter 26: loss = 0.003716,	Top-1 err = 54.050000,	Top-5 err = 32.780000,	train_time = 10.889691
TRAIN Iter 27: loss = 0.003650,	Top-1 err = 53.870000,	Top-5 err = 32.710000,	train_time = 10.927254
TRAIN Iter 28: loss = 0.003658,	Top-1 err = 50.460000,	Top-5 err = 30.460000,	train_time = 10.854352
TRAIN Iter 29: loss = 0.003592,	Top-1 err = 53.290000,	Top-5 err = 32.100000,	train_time = 10.859592
TRAIN Iter 30: loss = 0.003445,	Top-1 err = 55.480000,	Top-5 err = 34.090000,	train_time = 10.863186
TRAIN Iter 31: loss = 0.003549,	Top-1 err = 46.670000,	Top-5 err = 25.360000,	train_time = 10.818285
TRAIN Iter 32: loss = 0.003423,	Top-1 err = 48.710000,	Top-5 err = 29.430000,	train_time = 10.979008
TRAIN Iter 33: loss = 0.003406,	Top-1 err = 51.110000,	Top-5 err = 30.390000,	train_time = 10.972938
TRAIN Iter 34: loss = 0.003426,	Top-1 err = 45.270000,	Top-5 err = 24.940000,	train_time = 10.842677
TRAIN Iter 35: loss = 0.003366,	Top-1 err = 52.670000,	Top-5 err = 33.780000,	train_time = 10.871540
TRAIN Iter 36: loss = 0.003298,	Top-1 err = 51.780000,	Top-5 err = 32.150000,	train_time = 10.753384
TRAIN Iter 37: loss = 0.003243,	Top-1 err = 47.410000,	Top-5 err = 26.840000,	train_time = 10.845055
TRAIN Iter 38: loss = 0.003252,	Top-1 err = 51.120000,	Top-5 err = 31.130000,	train_time = 10.805820
TRAIN Iter 39: loss = 0.003189,	Top-1 err = 53.980000,	Top-5 err = 32.960000,	train_time = 10.824808
TRAIN Iter 40: loss = 0.003168,	Top-1 err = 51.790000,	Top-5 err = 33.290000,	train_time = 10.878464
TRAIN Iter 41: loss = 0.003108,	Top-1 err = 49.370000,	Top-5 err = 29.320000,	train_time = 10.912663
TRAIN Iter 42: loss = 0.003090,	Top-1 err = 45.660000,	Top-5 err = 25.790000,	train_time = 10.863871
TRAIN Iter 43: loss = 0.003124,	Top-1 err = 46.890000,	Top-5 err = 25.970000,	train_time = 10.886991
TRAIN Iter 44: loss = 0.003044,	Top-1 err = 45.560000,	Top-5 err = 25.970000,	train_time = 10.854870
TRAIN Iter 45: loss = 0.003020,	Top-1 err = 44.270000,	Top-5 err = 24.860000,	train_time = 10.845007
TRAIN Iter 46: loss = 0.002978,	Top-1 err = 49.880000,	Top-5 err = 29.720000,	train_time = 10.761998
TRAIN Iter 47: loss = 0.003006,	Top-1 err = 51.420000,	Top-5 err = 30.970000,	train_time = 10.862799
TRAIN Iter 48: loss = 0.002952,	Top-1 err = 44.310000,	Top-5 err = 25.770000,	train_time = 10.902228
TRAIN Iter 49: loss = 0.002993,	Top-1 err = 49.790000,	Top-5 err = 30.250000,	train_time = 10.842320
TRAIN Iter 50: loss = 0.002921,	Top-1 err = 42.280000,	Top-5 err = 22.840000,	train_time = 10.851180
TRAIN Iter 51: loss = 0.002936,	Top-1 err = 47.000000,	Top-5 err = 27.730000,	train_time = 10.772591
TRAIN Iter 52: loss = 0.002980,	Top-1 err = 49.060000,	Top-5 err = 28.880000,	train_time = 10.878645
TRAIN Iter 53: loss = 0.002863,	Top-1 err = 49.650000,	Top-5 err = 30.240000,	train_time = 10.877789
TRAIN Iter 54: loss = 0.002828,	Top-1 err = 48.080000,	Top-5 err = 28.810000,	train_time = 10.780853
TRAIN Iter 55: loss = 0.002834,	Top-1 err = 46.740000,	Top-5 err = 27.780000,	train_time = 10.738223
TRAIN Iter 56: loss = 0.002865,	Top-1 err = 45.730000,	Top-5 err = 26.710000,	train_time = 10.691210
TRAIN Iter 57: loss = 0.002843,	Top-1 err = 44.060000,	Top-5 err = 25.330000,	train_time = 10.896076
TRAIN Iter 58: loss = 0.002763,	Top-1 err = 48.090000,	Top-5 err = 28.840000,	train_time = 10.920829
TRAIN Iter 59: loss = 0.002704,	Top-1 err = 46.430000,	Top-5 err = 27.520000,	train_time = 10.866420
TRAIN Iter 60: loss = 0.002720,	Top-1 err = 45.360000,	Top-5 err = 26.680000,	train_time = 10.953125
TRAIN Iter 61: loss = 0.002803,	Top-1 err = 44.680000,	Top-5 err = 25.970000,	train_time = 10.961632
TRAIN Iter 62: loss = 0.002733,	Top-1 err = 48.990000,	Top-5 err = 28.870000,	train_time = 11.001740
TRAIN Iter 63: loss = 0.002699,	Top-1 err = 48.020000,	Top-5 err = 29.320000,	train_time = 10.888844
TRAIN Iter 64: loss = 0.002682,	Top-1 err = 47.480000,	Top-5 err = 28.470000,	train_time = 10.977806
TRAIN Iter 65: loss = 0.002623,	Top-1 err = 48.220000,	Top-5 err = 28.660000,	train_time = 10.946363
TRAIN Iter 66: loss = 0.002613,	Top-1 err = 45.910000,	Top-5 err = 25.520000,	train_time = 10.883147
TRAIN Iter 67: loss = 0.002625,	Top-1 err = 46.680000,	Top-5 err = 26.660000,	train_time = 10.905185
TRAIN Iter 68: loss = 0.002628,	Top-1 err = 45.140000,	Top-5 err = 26.820000,	train_time = 10.872319
TRAIN Iter 69: loss = 0.002608,	Top-1 err = 46.130000,	Top-5 err = 27.570000,	train_time = 10.854014
TRAIN Iter 70: loss = 0.002599,	Top-1 err = 46.620000,	Top-5 err = 28.150000,	train_time = 10.867258
TRAIN Iter 71: loss = 0.002595,	Top-1 err = 39.590000,	Top-5 err = 21.660000,	train_time = 10.811036
TRAIN Iter 72: loss = 0.002628,	Top-1 err = 44.530000,	Top-5 err = 26.340000,	train_time = 10.753517
TRAIN Iter 73: loss = 0.002582,	Top-1 err = 49.880000,	Top-5 err = 31.440000,	train_time = 10.761871
TRAIN Iter 74: loss = 0.002581,	Top-1 err = 47.400000,	Top-5 err = 29.200000,	train_time = 10.724548
TRAIN Iter 75: loss = 0.002548,	Top-1 err = 45.970000,	Top-5 err = 26.490000,	train_time = 10.776518
TRAIN Iter 76: loss = 0.002475,	Top-1 err = 46.590000,	Top-5 err = 26.670000,	train_time = 10.848533
TRAIN Iter 77: loss = 0.002512,	Top-1 err = 43.940000,	Top-5 err = 26.460000,	train_time = 10.870351
TRAIN Iter 78: loss = 0.002521,	Top-1 err = 44.640000,	Top-5 err = 25.550000,	train_time = 10.866311
TRAIN Iter 79: loss = 0.002511,	Top-1 err = 50.170000,	Top-5 err = 31.990000,	train_time = 10.818013
TRAIN Iter 80: loss = 0.002481,	Top-1 err = 46.220000,	Top-5 err = 27.020000,	train_time = 10.863689
TRAIN Iter 81: loss = 0.002435,	Top-1 err = 44.820000,	Top-5 err = 27.540000,	train_time = 10.854337
TRAIN Iter 82: loss = 0.002432,	Top-1 err = 41.180000,	Top-5 err = 22.290000,	train_time = 10.888825
TRAIN Iter 83: loss = 0.002418,	Top-1 err = 42.930000,	Top-5 err = 23.780000,	train_time = 10.877621
TRAIN Iter 84: loss = 0.002403,	Top-1 err = 41.220000,	Top-5 err = 23.580000,	train_time = 10.786224
TRAIN Iter 85: loss = 0.002425,	Top-1 err = 41.680000,	Top-5 err = 23.920000,	train_time = 10.818451
TRAIN Iter 86: loss = 0.002416,	Top-1 err = 48.020000,	Top-5 err = 28.770000,	train_time = 10.890191
TRAIN Iter 87: loss = 0.002371,	Top-1 err = 43.150000,	Top-5 err = 24.880000,	train_time = 10.842156
TRAIN Iter 88: loss = 0.002398,	Top-1 err = 42.790000,	Top-5 err = 24.350000,	train_time = 10.909039
TRAIN Iter 89: loss = 0.002375,	Top-1 err = 45.270000,	Top-5 err = 26.220000,	train_time = 10.939569
TRAIN Iter 90: loss = 0.002389,	Top-1 err = 48.290000,	Top-5 err = 29.710000,	train_time = 10.872958
TRAIN Iter 91: loss = 0.002335,	Top-1 err = 41.750000,	Top-5 err = 23.790000,	train_time = 10.935342
TRAIN Iter 92: loss = 0.002362,	Top-1 err = 48.270000,	Top-5 err = 30.270000,	train_time = 10.866557
TRAIN Iter 93: loss = 0.002359,	Top-1 err = 39.010000,	Top-5 err = 21.230000,	train_time = 10.770849
TRAIN Iter 94: loss = 0.002321,	Top-1 err = 46.490000,	Top-5 err = 27.460000,	train_time = 10.806971
TRAIN Iter 95: loss = 0.002339,	Top-1 err = 45.550000,	Top-5 err = 27.740000,	train_time = 10.850776
TRAIN Iter 96: loss = 0.002328,	Top-1 err = 43.340000,	Top-5 err = 24.950000,	train_time = 10.808791
TRAIN Iter 97: loss = 0.002293,	Top-1 err = 47.330000,	Top-5 err = 29.710000,	train_time = 10.879738
TRAIN Iter 98: loss = 0.002279,	Top-1 err = 51.300000,	Top-5 err = 31.730000,	train_time = 10.834628
TRAIN Iter 99: loss = 0.002295,	Top-1 err = 42.710000,	Top-5 err = 24.700000,	train_time = 10.922559
TRAIN Iter 100: loss = 0.002325,	Top-1 err = 50.300000,	Top-5 err = 31.950000,	train_time = 10.880380
TRAIN Iter 101: loss = 0.002229,	Top-1 err = 42.050000,	Top-5 err = 24.380000,	train_time = 10.852556
TRAIN Iter 102: loss = 0.002227,	Top-1 err = 43.320000,	Top-5 err = 24.410000,	train_time = 10.910523
TRAIN Iter 103: loss = 0.002230,	Top-1 err = 44.550000,	Top-5 err = 26.990000,	train_time = 10.910460
TRAIN Iter 104: loss = 0.002224,	Top-1 err = 41.620000,	Top-5 err = 24.120000,	train_time = 11.040560
TRAIN Iter 105: loss = 0.002267,	Top-1 err = 41.810000,	Top-5 err = 24.360000,	train_time = 10.885448
TRAIN Iter 106: loss = 0.002225,	Top-1 err = 45.670000,	Top-5 err = 26.680000,	train_time = 10.844627
TRAIN Iter 107: loss = 0.002225,	Top-1 err = 43.420000,	Top-5 err = 24.620000,	train_time = 10.926692
TRAIN Iter 108: loss = 0.002224,	Top-1 err = 47.560000,	Top-5 err = 29.440000,	train_time = 10.904243
TRAIN Iter 109: loss = 0.002181,	Top-1 err = 44.100000,	Top-5 err = 26.580000,	train_time = 10.923654
TRAIN Iter 110: loss = 0.002140,	Top-1 err = 45.590000,	Top-5 err = 27.430000,	train_time = 11.018397
TRAIN Iter 111: loss = 0.002134,	Top-1 err = 41.230000,	Top-5 err = 21.930000,	train_time = 10.883704
TRAIN Iter 112: loss = 0.002170,	Top-1 err = 44.060000,	Top-5 err = 26.350000,	train_time = 10.949422
TRAIN Iter 113: loss = 0.002130,	Top-1 err = 43.620000,	Top-5 err = 25.200000,	train_time = 10.790626
TRAIN Iter 114: loss = 0.002142,	Top-1 err = 47.030000,	Top-5 err = 28.370000,	train_time = 10.810277
TRAIN Iter 115: loss = 0.002112,	Top-1 err = 43.690000,	Top-5 err = 25.320000,	train_time = 10.826988
TRAIN Iter 116: loss = 0.002102,	Top-1 err = 46.060000,	Top-5 err = 27.890000,	train_time = 10.860923
TRAIN Iter 117: loss = 0.002116,	Top-1 err = 40.950000,	Top-5 err = 23.870000,	train_time = 10.832052
TRAIN Iter 118: loss = 0.002031,	Top-1 err = 49.800000,	Top-5 err = 31.160000,	train_time = 10.860971
TRAIN Iter 119: loss = 0.002078,	Top-1 err = 44.540000,	Top-5 err = 27.800000,	train_time = 10.866840
TRAIN Iter 120: loss = 0.002069,	Top-1 err = 44.120000,	Top-5 err = 26.170000,	train_time = 10.975239
TRAIN Iter 121: loss = 0.002119,	Top-1 err = 44.340000,	Top-5 err = 27.030000,	train_time = 10.858299
TRAIN Iter 122: loss = 0.002065,	Top-1 err = 43.980000,	Top-5 err = 25.530000,	train_time = 10.846747
TRAIN Iter 123: loss = 0.002052,	Top-1 err = 42.110000,	Top-5 err = 24.310000,	train_time = 10.820501
TRAIN Iter 124: loss = 0.002048,	Top-1 err = 44.160000,	Top-5 err = 26.920000,	train_time = 10.792618
TRAIN Iter 125: loss = 0.001975,	Top-1 err = 43.250000,	Top-5 err = 25.480000,	train_time = 10.816349
TRAIN Iter 126: loss = 0.002024,	Top-1 err = 39.850000,	Top-5 err = 22.090000,	train_time = 10.691919
TRAIN Iter 127: loss = 0.002025,	Top-1 err = 46.420000,	Top-5 err = 28.030000,	train_time = 10.737141
TRAIN Iter 128: loss = 0.002032,	Top-1 err = 40.360000,	Top-5 err = 24.150000,	train_time = 10.723458
TRAIN Iter 129: loss = 0.002019,	Top-1 err = 42.060000,	Top-5 err = 24.250000,	train_time = 10.778338
TRAIN Iter 130: loss = 0.002001,	Top-1 err = 38.100000,	Top-5 err = 20.030000,	train_time = 10.710367
TRAIN Iter 131: loss = 0.001945,	Top-1 err = 40.190000,	Top-5 err = 22.890000,	train_time = 10.699657
TRAIN Iter 132: loss = 0.001918,	Top-1 err = 47.000000,	Top-5 err = 29.740000,	train_time = 10.763360
TRAIN Iter 133: loss = 0.001943,	Top-1 err = 40.100000,	Top-5 err = 23.660000,	train_time = 10.787026
TRAIN Iter 134: loss = 0.001942,	Top-1 err = 38.470000,	Top-5 err = 21.190000,	train_time = 10.753901
TRAIN Iter 135: loss = 0.001938,	Top-1 err = 40.180000,	Top-5 err = 21.840000,	train_time = 10.780130
TRAIN Iter 136: loss = 0.001921,	Top-1 err = 43.700000,	Top-5 err = 26.230000,	train_time = 10.803496
TRAIN Iter 137: loss = 0.001925,	Top-1 err = 37.030000,	Top-5 err = 20.740000,	train_time = 10.781523
TRAIN Iter 138: loss = 0.001945,	Top-1 err = 40.340000,	Top-5 err = 22.440000,	train_time = 10.829203
TRAIN Iter 139: loss = 0.001891,	Top-1 err = 47.210000,	Top-5 err = 27.950000,	train_time = 10.772612
TRAIN Iter 140: loss = 0.001908,	Top-1 err = 39.920000,	Top-5 err = 22.140000,	train_time = 10.855342
TRAIN Iter 141: loss = 0.001879,	Top-1 err = 47.780000,	Top-5 err = 27.940000,	train_time = 10.788723
TRAIN Iter 142: loss = 0.001907,	Top-1 err = 41.140000,	Top-5 err = 24.420000,	train_time = 10.789958
TRAIN Iter 143: loss = 0.001849,	Top-1 err = 46.450000,	Top-5 err = 27.380000,	train_time = 10.762047
TRAIN Iter 144: loss = 0.001853,	Top-1 err = 35.970000,	Top-5 err = 20.260000,	train_time = 10.802510
TRAIN Iter 145: loss = 0.001815,	Top-1 err = 42.080000,	Top-5 err = 23.810000,	train_time = 10.774261
TRAIN Iter 146: loss = 0.001837,	Top-1 err = 40.370000,	Top-5 err = 22.470000,	train_time = 10.794954
TRAIN Iter 147: loss = 0.001846,	Top-1 err = 43.120000,	Top-5 err = 25.550000,	train_time = 10.789802
TRAIN Iter 148: loss = 0.001876,	Top-1 err = 43.430000,	Top-5 err = 26.920000,	train_time = 10.777802
TRAIN Iter 149: loss = 0.001804,	Top-1 err = 40.090000,	Top-5 err = 22.290000,	train_time = 10.811055
TRAIN Iter 150: loss = 0.001880,	Top-1 err = 44.360000,	Top-5 err = 26.640000,	train_time = 10.797328
TRAIN Iter 151: loss = 0.001831,	Top-1 err = 42.360000,	Top-5 err = 24.770000,	train_time = 10.823890
TRAIN Iter 152: loss = 0.001793,	Top-1 err = 40.180000,	Top-5 err = 22.400000,	train_time = 10.737090
TRAIN Iter 153: loss = 0.001792,	Top-1 err = 40.580000,	Top-5 err = 24.740000,	train_time = 10.821800
TRAIN Iter 154: loss = 0.001812,	Top-1 err = 35.880000,	Top-5 err = 20.240000,	train_time = 10.730841
TRAIN Iter 155: loss = 0.001786,	Top-1 err = 47.050000,	Top-5 err = 30.090000,	train_time = 10.707123
TRAIN Iter 156: loss = 0.001773,	Top-1 err = 44.150000,	Top-5 err = 26.270000,	train_time = 10.749893
TRAIN Iter 157: loss = 0.001757,	Top-1 err = 50.920000,	Top-5 err = 32.620000,	train_time = 10.804521
TRAIN Iter 158: loss = 0.001734,	Top-1 err = 43.510000,	Top-5 err = 25.710000,	train_time = 10.748402
TRAIN Iter 159: loss = 0.001738,	Top-1 err = 40.720000,	Top-5 err = 23.050000,	train_time = 10.779668
TRAIN Iter 160: loss = 0.001711,	Top-1 err = 40.730000,	Top-5 err = 23.140000,	train_time = 10.725175
TRAIN Iter 161: loss = 0.001734,	Top-1 err = 45.100000,	Top-5 err = 26.170000,	train_time = 10.706057
TRAIN Iter 162: loss = 0.001722,	Top-1 err = 37.490000,	Top-5 err = 21.960000,	train_time = 10.758750
TRAIN Iter 163: loss = 0.001736,	Top-1 err = 42.000000,	Top-5 err = 25.530000,	train_time = 10.775818
TRAIN Iter 164: loss = 0.001732,	Top-1 err = 38.680000,	Top-5 err = 22.170000,	train_time = 10.688051
TRAIN Iter 165: loss = 0.001734,	Top-1 err = 43.120000,	Top-5 err = 28.010000,	train_time = 10.737565
TRAIN Iter 166: loss = 0.001711,	Top-1 err = 41.060000,	Top-5 err = 23.950000,	train_time = 10.701466
TRAIN Iter 167: loss = 0.001705,	Top-1 err = 41.300000,	Top-5 err = 24.420000,	train_time = 10.801805
TRAIN Iter 168: loss = 0.001736,	Top-1 err = 37.380000,	Top-5 err = 22.480000,	train_time = 10.809021
TRAIN Iter 169: loss = 0.001692,	Top-1 err = 40.040000,	Top-5 err = 23.440000,	train_time = 10.764436
TRAIN Iter 170: loss = 0.001677,	Top-1 err = 38.280000,	Top-5 err = 21.340000,	train_time = 10.796099
TRAIN Iter 171: loss = 0.001661,	Top-1 err = 41.920000,	Top-5 err = 26.030000,	train_time = 10.779704
TRAIN Iter 172: loss = 0.001664,	Top-1 err = 40.420000,	Top-5 err = 24.060000,	train_time = 10.756493
TRAIN Iter 173: loss = 0.001628,	Top-1 err = 45.620000,	Top-5 err = 27.250000,	train_time = 10.735214
TRAIN Iter 174: loss = 0.001672,	Top-1 err = 39.620000,	Top-5 err = 23.330000,	train_time = 10.777955
TRAIN Iter 175: loss = 0.001659,	Top-1 err = 48.010000,	Top-5 err = 30.530000,	train_time = 10.793983
TRAIN Iter 176: loss = 0.001666,	Top-1 err = 46.760000,	Top-5 err = 28.840000,	train_time = 10.738438
TRAIN Iter 177: loss = 0.001624,	Top-1 err = 41.970000,	Top-5 err = 25.260000,	train_time = 10.801723
TRAIN Iter 178: loss = 0.001606,	Top-1 err = 42.860000,	Top-5 err = 25.570000,	train_time = 10.852450
TRAIN Iter 179: loss = 0.001630,	Top-1 err = 40.610000,	Top-5 err = 23.350000,	train_time = 10.741795
TRAIN Iter 180: loss = 0.001580,	Top-1 err = 37.920000,	Top-5 err = 20.830000,	train_time = 10.754217
TRAIN Iter 181: loss = 0.001558,	Top-1 err = 36.460000,	Top-5 err = 19.730000,	train_time = 10.704741
TRAIN Iter 182: loss = 0.001571,	Top-1 err = 40.420000,	Top-5 err = 23.560000,	train_time = 10.726555
TRAIN Iter 183: loss = 0.001560,	Top-1 err = 40.510000,	Top-5 err = 24.370000,	train_time = 10.833481
TRAIN Iter 184: loss = 0.001569,	Top-1 err = 43.550000,	Top-5 err = 26.570000,	train_time = 10.816652
TRAIN Iter 185: loss = 0.001548,	Top-1 err = 37.370000,	Top-5 err = 20.120000,	train_time = 10.787463
TRAIN Iter 186: loss = 0.001524,	Top-1 err = 40.190000,	Top-5 err = 23.140000,	train_time = 10.929607
TRAIN Iter 187: loss = 0.001558,	Top-1 err = 41.330000,	Top-5 err = 24.350000,	train_time = 10.863098
TRAIN Iter 188: loss = 0.001542,	Top-1 err = 43.100000,	Top-5 err = 25.490000,	train_time = 10.893389
TRAIN Iter 189: loss = 0.001603,	Top-1 err = 39.800000,	Top-5 err = 24.650000,	train_time = 10.871047
TRAIN Iter 190: loss = 0.001510,	Top-1 err = 43.660000,	Top-5 err = 26.610000,	train_time = 10.860205
TRAIN Iter 191: loss = 0.001557,	Top-1 err = 37.520000,	Top-5 err = 20.840000,	train_time = 10.807561
TRAIN Iter 192: loss = 0.001516,	Top-1 err = 42.970000,	Top-5 err = 25.810000,	train_time = 10.806669
TRAIN Iter 193: loss = 0.001540,	Top-1 err = 44.750000,	Top-5 err = 28.040000,	train_time = 10.743229
TRAIN Iter 194: loss = 0.001507,	Top-1 err = 46.620000,	Top-5 err = 29.440000,	train_time = 10.817974
TRAIN Iter 195: loss = 0.001495,	Top-1 err = 41.210000,	Top-5 err = 23.190000,	train_time = 10.784679
TRAIN Iter 196: loss = 0.001505,	Top-1 err = 41.090000,	Top-5 err = 24.700000,	train_time = 10.769074
TRAIN Iter 197: loss = 0.001479,	Top-1 err = 43.060000,	Top-5 err = 25.690000,	train_time = 10.791255
TRAIN Iter 198: loss = 0.001459,	Top-1 err = 44.190000,	Top-5 err = 26.930000,	train_time = 10.815245
TRAIN Iter 199: loss = 0.001474,	Top-1 err = 38.300000,	Top-5 err = 21.310000,	train_time = 10.736363
TRAIN Iter 200: loss = 0.001476,	Top-1 err = 48.750000,	Top-5 err = 31.590000,	train_time = 10.802677
TRAIN Iter 201: loss = 0.001462,	Top-1 err = 40.660000,	Top-5 err = 22.870000,	train_time = 10.817485
TRAIN Iter 202: loss = 0.001399,	Top-1 err = 40.770000,	Top-5 err = 22.470000,	train_time = 10.842451
TRAIN Iter 203: loss = 0.001466,	Top-1 err = 39.900000,	Top-5 err = 23.760000,	train_time = 10.887682
TRAIN Iter 204: loss = 0.001418,	Top-1 err = 36.130000,	Top-5 err = 20.780000,	train_time = 10.881764
TRAIN Iter 205: loss = 0.001427,	Top-1 err = 45.460000,	Top-5 err = 27.240000,	train_time = 10.911267
TRAIN Iter 206: loss = 0.001436,	Top-1 err = 40.040000,	Top-5 err = 21.960000,	train_time = 10.896307
TRAIN Iter 207: loss = 0.001393,	Top-1 err = 34.140000,	Top-5 err = 18.580000,	train_time = 10.879845
TRAIN Iter 208: loss = 0.001406,	Top-1 err = 40.250000,	Top-5 err = 23.890000,	train_time = 10.796341
TRAIN Iter 209: loss = 0.001381,	Top-1 err = 39.920000,	Top-5 err = 23.450000,	train_time = 10.772621
TRAIN Iter 210: loss = 0.001389,	Top-1 err = 35.680000,	Top-5 err = 20.130000,	train_time = 10.747280
TRAIN Iter 211: loss = 0.001395,	Top-1 err = 43.770000,	Top-5 err = 25.510000,	train_time = 10.804597
TRAIN Iter 212: loss = 0.001408,	Top-1 err = 43.780000,	Top-5 err = 27.400000,	train_time = 10.847579
TRAIN Iter 213: loss = 0.001414,	Top-1 err = 36.280000,	Top-5 err = 20.600000,	train_time = 10.814090
TRAIN Iter 214: loss = 0.001364,	Top-1 err = 34.700000,	Top-5 err = 19.100000,	train_time = 10.781416
TRAIN Iter 215: loss = 0.001385,	Top-1 err = 38.060000,	Top-5 err = 21.390000,	train_time = 10.798885
TRAIN Iter 216: loss = 0.001352,	Top-1 err = 41.880000,	Top-5 err = 24.390000,	train_time = 10.762964
TRAIN Iter 217: loss = 0.001319,	Top-1 err = 43.260000,	Top-5 err = 24.870000,	train_time = 10.785035
TRAIN Iter 218: loss = 0.001369,	Top-1 err = 41.850000,	Top-5 err = 24.780000,	train_time = 10.711463
TRAIN Iter 219: loss = 0.001402,	Top-1 err = 40.280000,	Top-5 err = 25.500000,	train_time = 10.744636
TRAIN Iter 220: loss = 0.001366,	Top-1 err = 44.840000,	Top-5 err = 27.430000,	train_time = 10.688865
TRAIN Iter 221: loss = 0.001324,	Top-1 err = 41.960000,	Top-5 err = 23.750000,	train_time = 10.811409
TRAIN Iter 222: loss = 0.001351,	Top-1 err = 44.720000,	Top-5 err = 28.330000,	train_time = 10.870600
TRAIN Iter 223: loss = 0.001325,	Top-1 err = 37.460000,	Top-5 err = 22.550000,	train_time = 10.747162
TRAIN Iter 224: loss = 0.001299,	Top-1 err = 44.410000,	Top-5 err = 26.170000,	train_time = 10.843565
TRAIN Iter 225: loss = 0.001304,	Top-1 err = 40.810000,	Top-5 err = 23.860000,	train_time = 10.786466
TRAIN Iter 226: loss = 0.001304,	Top-1 err = 43.080000,	Top-5 err = 25.090000,	train_time = 10.736566
TRAIN Iter 227: loss = 0.001316,	Top-1 err = 39.930000,	Top-5 err = 23.630000,	train_time = 10.727705
TRAIN Iter 228: loss = 0.001297,	Top-1 err = 45.100000,	Top-5 err = 27.590000,	train_time = 10.740938
TRAIN Iter 229: loss = 0.001298,	Top-1 err = 44.670000,	Top-5 err = 28.210000,	train_time = 10.855649
TRAIN Iter 230: loss = 0.001268,	Top-1 err = 40.240000,	Top-5 err = 21.670000,	train_time = 10.813570
TRAIN Iter 231: loss = 0.001251,	Top-1 err = 40.150000,	Top-5 err = 24.280000,	train_time = 10.840557
TRAIN Iter 232: loss = 0.001273,	Top-1 err = 43.240000,	Top-5 err = 26.250000,	train_time = 10.768923
TRAIN Iter 233: loss = 0.001270,	Top-1 err = 35.890000,	Top-5 err = 19.090000,	train_time = 10.916738
TRAIN Iter 234: loss = 0.001266,	Top-1 err = 39.840000,	Top-5 err = 24.720000,	train_time = 10.825398
TRAIN Iter 235: loss = 0.001262,	Top-1 err = 36.710000,	Top-5 err = 21.230000,	train_time = 10.768635
TRAIN Iter 236: loss = 0.001295,	Top-1 err = 43.850000,	Top-5 err = 26.200000,	train_time = 10.810716
TRAIN Iter 237: loss = 0.001271,	Top-1 err = 40.820000,	Top-5 err = 24.550000,	train_time = 10.809995
TRAIN Iter 238: loss = 0.001286,	Top-1 err = 42.810000,	Top-5 err = 26.320000,	train_time = 10.840068
TRAIN Iter 239: loss = 0.001249,	Top-1 err = 41.740000,	Top-5 err = 24.760000,	train_time = 10.817548
TRAIN Iter 240: loss = 0.001261,	Top-1 err = 41.670000,	Top-5 err = 24.510000,	train_time = 10.776565
TRAIN Iter 241: loss = 0.001246,	Top-1 err = 42.240000,	Top-5 err = 25.490000,	train_time = 10.843908
TRAIN Iter 242: loss = 0.001256,	Top-1 err = 44.030000,	Top-5 err = 26.330000,	train_time = 10.789001
TRAIN Iter 243: loss = 0.001227,	Top-1 err = 40.980000,	Top-5 err = 24.620000,	train_time = 10.737828
TRAIN Iter 244: loss = 0.001211,	Top-1 err = 37.270000,	Top-5 err = 19.780000,	train_time = 10.828054
TRAIN Iter 245: loss = 0.001235,	Top-1 err = 38.430000,	Top-5 err = 21.560000,	train_time = 10.733821
TRAIN Iter 246: loss = 0.001229,	Top-1 err = 43.910000,	Top-5 err = 25.950000,	train_time = 10.784660
TRAIN Iter 247: loss = 0.001193,	Top-1 err = 37.700000,	Top-5 err = 22.410000,	train_time = 10.734717
TRAIN Iter 248: loss = 0.001193,	Top-1 err = 41.770000,	Top-5 err = 24.490000,	train_time = 10.839646
TRAIN Iter 249: loss = 0.001170,	Top-1 err = 38.360000,	Top-5 err = 21.340000,	train_time = 10.791828
TEST:
Iter 249: loss = 2.251420,	Top-1 err = 52.710000,	Top-5 err = 26.870000,	val_time = 2.241412
TRAIN Iter 250: loss = 0.001207,	Top-1 err = 39.030000,	Top-5 err = 22.760000,	train_time = 10.799062
TRAIN Iter 251: loss = 0.001231,	Top-1 err = 41.010000,	Top-5 err = 25.980000,	train_time = 10.741516
TRAIN Iter 252: loss = 0.001186,	Top-1 err = 34.790000,	Top-5 err = 19.310000,	train_time = 10.746490
TRAIN Iter 253: loss = 0.001193,	Top-1 err = 42.000000,	Top-5 err = 26.200000,	train_time = 10.846287
TRAIN Iter 254: loss = 0.001156,	Top-1 err = 41.780000,	Top-5 err = 23.030000,	train_time = 10.818496
TRAIN Iter 255: loss = 0.001177,	Top-1 err = 42.960000,	Top-5 err = 26.370000,	train_time = 10.803613
TRAIN Iter 256: loss = 0.001193,	Top-1 err = 44.830000,	Top-5 err = 27.630000,	train_time = 10.886958
TRAIN Iter 257: loss = 0.001196,	Top-1 err = 39.030000,	Top-5 err = 23.170000,	train_time = 10.882886
TRAIN Iter 258: loss = 0.001165,	Top-1 err = 40.860000,	Top-5 err = 24.460000,	train_time = 10.765409
TRAIN Iter 259: loss = 0.001123,	Top-1 err = 42.330000,	Top-5 err = 24.310000,	train_time = 10.866230
TEST:
Iter 259: loss = 2.250893,	Top-1 err = 52.390000,	Top-5 err = 26.880000,	val_time = 2.221870
TRAIN Iter 260: loss = 0.001137,	Top-1 err = 42.310000,	Top-5 err = 24.900000,	train_time = 10.829491
TRAIN Iter 261: loss = 0.001153,	Top-1 err = 41.610000,	Top-5 err = 23.930000,	train_time = 10.797186
TRAIN Iter 262: loss = 0.001131,	Top-1 err = 44.360000,	Top-5 err = 27.480000,	train_time = 10.841558
TRAIN Iter 263: loss = 0.001142,	Top-1 err = 35.560000,	Top-5 err = 20.720000,	train_time = 10.811056
TRAIN Iter 264: loss = 0.001150,	Top-1 err = 40.100000,	Top-5 err = 23.850000,	train_time = 10.800384
TRAIN Iter 265: loss = 0.001175,	Top-1 err = 38.750000,	Top-5 err = 22.450000,	train_time = 10.778872
TRAIN Iter 266: loss = 0.001129,	Top-1 err = 42.990000,	Top-5 err = 28.820000,	train_time = 10.748844
TRAIN Iter 267: loss = 0.001120,	Top-1 err = 45.490000,	Top-5 err = 26.600000,	train_time = 10.753135
TRAIN Iter 268: loss = 0.001121,	Top-1 err = 41.820000,	Top-5 err = 26.110000,	train_time = 10.750236
TRAIN Iter 269: loss = 0.001096,	Top-1 err = 39.570000,	Top-5 err = 22.230000,	train_time = 10.728561
TEST:
Iter 269: loss = 2.247392,	Top-1 err = 52.270000,	Top-5 err = 26.770000,	val_time = 2.194922
TRAIN Iter 270: loss = 0.001127,	Top-1 err = 42.100000,	Top-5 err = 25.140000,	train_time = 10.806704
TRAIN Iter 271: loss = 0.001082,	Top-1 err = 43.140000,	Top-5 err = 26.780000,	train_time = 10.776195
TRAIN Iter 272: loss = 0.001071,	Top-1 err = 40.310000,	Top-5 err = 24.570000,	train_time = 10.780076
TRAIN Iter 273: loss = 0.001111,	Top-1 err = 40.710000,	Top-5 err = 23.280000,	train_time = 10.764119
TRAIN Iter 274: loss = 0.001116,	Top-1 err = 43.270000,	Top-5 err = 26.220000,	train_time = 10.719024
TRAIN Iter 275: loss = 0.001097,	Top-1 err = 44.150000,	Top-5 err = 26.350000,	train_time = 10.791522
TRAIN Iter 276: loss = 0.001096,	Top-1 err = 43.450000,	Top-5 err = 26.750000,	train_time = 10.759109
TRAIN Iter 277: loss = 0.001097,	Top-1 err = 40.200000,	Top-5 err = 22.810000,	train_time = 10.748001
TRAIN Iter 278: loss = 0.001104,	Top-1 err = 39.010000,	Top-5 err = 23.420000,	train_time = 10.789468
TRAIN Iter 279: loss = 0.001080,	Top-1 err = 38.020000,	Top-5 err = 22.590000,	train_time = 10.749945
TEST:
Iter 279: loss = 2.219359,	Top-1 err = 51.680000,	Top-5 err = 26.820000,	val_time = 2.202988
TRAIN Iter 280: loss = 0.001095,	Top-1 err = 40.290000,	Top-5 err = 24.830000,	train_time = 10.761626
TRAIN Iter 281: loss = 0.001067,	Top-1 err = 38.340000,	Top-5 err = 22.780000,	train_time = 10.698024
TRAIN Iter 282: loss = 0.001019,	Top-1 err = 36.260000,	Top-5 err = 19.670000,	train_time = 10.666076
TRAIN Iter 283: loss = 0.001063,	Top-1 err = 41.720000,	Top-5 err = 25.050000,	train_time = 10.695829
TRAIN Iter 284: loss = 0.001023,	Top-1 err = 44.870000,	Top-5 err = 28.020000,	train_time = 10.742445
TRAIN Iter 285: loss = 0.001049,	Top-1 err = 43.800000,	Top-5 err = 26.850000,	train_time = 10.770329
TRAIN Iter 286: loss = 0.001014,	Top-1 err = 36.480000,	Top-5 err = 21.130000,	train_time = 10.715925
TRAIN Iter 287: loss = 0.001032,	Top-1 err = 36.590000,	Top-5 err = 20.780000,	train_time = 10.729917
TRAIN Iter 288: loss = 0.001036,	Top-1 err = 46.030000,	Top-5 err = 29.380000,	train_time = 10.737425
TRAIN Iter 289: loss = 0.001027,	Top-1 err = 41.930000,	Top-5 err = 24.390000,	train_time = 10.747919
TEST:
Iter 289: loss = 2.237786,	Top-1 err = 52.080000,	Top-5 err = 26.330000,	val_time = 2.208515
TRAIN Iter 290: loss = 0.001000,	Top-1 err = 40.550000,	Top-5 err = 22.600000,	train_time = 10.656391
TRAIN Iter 291: loss = 0.001035,	Top-1 err = 41.600000,	Top-5 err = 24.560000,	train_time = 10.692678
TRAIN Iter 292: loss = 0.001035,	Top-1 err = 46.660000,	Top-5 err = 29.490000,	train_time = 10.723681
TRAIN Iter 293: loss = 0.000998,	Top-1 err = 37.020000,	Top-5 err = 20.890000,	train_time = 10.745409
TRAIN Iter 294: loss = 0.001037,	Top-1 err = 36.230000,	Top-5 err = 20.060000,	train_time = 10.855313
TRAIN Iter 295: loss = 0.001012,	Top-1 err = 38.500000,	Top-5 err = 22.520000,	train_time = 10.767210
TRAIN Iter 296: loss = 0.001008,	Top-1 err = 43.690000,	Top-5 err = 27.510000,	train_time = 10.797802
TRAIN Iter 297: loss = 0.000994,	Top-1 err = 39.760000,	Top-5 err = 24.460000,	train_time = 10.734422
TRAIN Iter 298: loss = 0.001024,	Top-1 err = 41.240000,	Top-5 err = 24.360000,	train_time = 10.809721
TRAIN Iter 299: loss = 0.001011,	Top-1 err = 45.020000,	Top-5 err = 28.270000,	train_time = 10.779540
TEST:
Iter 299: loss = 2.235067,	Top-1 err = 52.380000,	Top-5 err = 26.830000,	val_time = 2.222948
Train Finish! Best accuracy is 48.32@279
