=> using pytorch pre-trained teacher model 'conv4'
process data from /home/dvspanos/nikos/ca2d/artifacts/sets/tin_ca2d_ipc10
load data successfully
TRAIN Iter 0: loss = 0.019089,	Top-1 err = 99.250000,	Top-5 err = 95.700000,	train_time = 3.294753
TRAIN Iter 1: loss = 0.015431,	Top-1 err = 98.100000,	Top-5 err = 92.250000,	train_time = 2.241257
TRAIN Iter 2: loss = 0.016094,	Top-1 err = 96.150000,	Top-5 err = 85.250000,	train_time = 2.205360
TRAIN Iter 3: loss = 0.013143,	Top-1 err = 94.750000,	Top-5 err = 84.400000,	train_time = 2.188453
TRAIN Iter 4: loss = 0.013516,	Top-1 err = 92.550000,	Top-5 err = 76.500000,	train_time = 2.240620
TRAIN Iter 5: loss = 0.011843,	Top-1 err = 90.300000,	Top-5 err = 73.600000,	train_time = 2.249475
TRAIN Iter 6: loss = 0.011866,	Top-1 err = 84.650000,	Top-5 err = 65.300000,	train_time = 2.255430
TRAIN Iter 7: loss = 0.011158,	Top-1 err = 83.250000,	Top-5 err = 61.750000,	train_time = 2.249620
TRAIN Iter 8: loss = 0.010734,	Top-1 err = 83.100000,	Top-5 err = 61.200000,	train_time = 2.227503
TRAIN Iter 9: loss = 0.010608,	Top-1 err = 79.150000,	Top-5 err = 56.400000,	train_time = 2.226543
TRAIN Iter 10: loss = 0.009920,	Top-1 err = 81.250000,	Top-5 err = 59.800000,	train_time = 2.258380
TRAIN Iter 11: loss = 0.010365,	Top-1 err = 71.750000,	Top-5 err = 47.150000,	train_time = 2.256719
TRAIN Iter 12: loss = 0.009952,	Top-1 err = 70.950000,	Top-5 err = 46.750000,	train_time = 2.268523
TRAIN Iter 13: loss = 0.009271,	Top-1 err = 80.800000,	Top-5 err = 62.250000,	train_time = 2.242224
TRAIN Iter 14: loss = 0.009344,	Top-1 err = 71.650000,	Top-5 err = 47.700000,	train_time = 2.224559
TRAIN Iter 15: loss = 0.008563,	Top-1 err = 78.550000,	Top-5 err = 58.300000,	train_time = 2.251528
TRAIN Iter 16: loss = 0.008616,	Top-1 err = 74.400000,	Top-5 err = 50.600000,	train_time = 2.227769
TRAIN Iter 17: loss = 0.008514,	Top-1 err = 71.650000,	Top-5 err = 49.400000,	train_time = 2.239158
TRAIN Iter 18: loss = 0.008755,	Top-1 err = 70.150000,	Top-5 err = 48.650000,	train_time = 2.237657
TRAIN Iter 19: loss = 0.008047,	Top-1 err = 70.100000,	Top-5 err = 47.250000,	train_time = 2.180492
TRAIN Iter 20: loss = 0.008222,	Top-1 err = 69.650000,	Top-5 err = 48.200000,	train_time = 2.209087
TRAIN Iter 21: loss = 0.007933,	Top-1 err = 66.350000,	Top-5 err = 42.450000,	train_time = 2.273193
TRAIN Iter 22: loss = 0.007600,	Top-1 err = 69.000000,	Top-5 err = 46.400000,	train_time = 2.234563
TRAIN Iter 23: loss = 0.007824,	Top-1 err = 61.550000,	Top-5 err = 38.800000,	train_time = 2.257377
TRAIN Iter 24: loss = 0.007560,	Top-1 err = 60.450000,	Top-5 err = 37.200000,	train_time = 2.247321
TRAIN Iter 25: loss = 0.007468,	Top-1 err = 57.350000,	Top-5 err = 32.500000,	train_time = 2.241535
TRAIN Iter 26: loss = 0.007263,	Top-1 err = 58.150000,	Top-5 err = 37.050000,	train_time = 2.232303
TRAIN Iter 27: loss = 0.007236,	Top-1 err = 62.250000,	Top-5 err = 41.400000,	train_time = 2.248311
TRAIN Iter 28: loss = 0.006783,	Top-1 err = 62.350000,	Top-5 err = 40.350000,	train_time = 2.228028
TRAIN Iter 29: loss = 0.007192,	Top-1 err = 54.300000,	Top-5 err = 33.550000,	train_time = 2.237401
TRAIN Iter 30: loss = 0.006717,	Top-1 err = 57.500000,	Top-5 err = 35.500000,	train_time = 2.214206
TRAIN Iter 31: loss = 0.007089,	Top-1 err = 53.200000,	Top-5 err = 32.650000,	train_time = 2.255044
TRAIN Iter 32: loss = 0.006614,	Top-1 err = 53.100000,	Top-5 err = 32.350000,	train_time = 2.260015
TRAIN Iter 33: loss = 0.006513,	Top-1 err = 46.550000,	Top-5 err = 25.250000,	train_time = 2.278863
TRAIN Iter 34: loss = 0.006343,	Top-1 err = 51.950000,	Top-5 err = 31.300000,	train_time = 2.200789
TRAIN Iter 35: loss = 0.006274,	Top-1 err = 47.750000,	Top-5 err = 29.800000,	train_time = 2.232834
TRAIN Iter 36: loss = 0.005760,	Top-1 err = 57.400000,	Top-5 err = 35.750000,	train_time = 2.277844
TRAIN Iter 37: loss = 0.006129,	Top-1 err = 46.050000,	Top-5 err = 27.500000,	train_time = 2.166281
TRAIN Iter 38: loss = 0.005910,	Top-1 err = 47.200000,	Top-5 err = 24.550000,	train_time = 2.259284
TRAIN Iter 39: loss = 0.006107,	Top-1 err = 53.050000,	Top-5 err = 33.500000,	train_time = 2.283342
TRAIN Iter 40: loss = 0.005987,	Top-1 err = 60.950000,	Top-5 err = 42.050000,	train_time = 2.158044
TRAIN Iter 41: loss = 0.005909,	Top-1 err = 48.550000,	Top-5 err = 29.100000,	train_time = 2.272238
TRAIN Iter 42: loss = 0.005533,	Top-1 err = 63.100000,	Top-5 err = 40.300000,	train_time = 2.234114
TRAIN Iter 43: loss = 0.005818,	Top-1 err = 47.400000,	Top-5 err = 30.050000,	train_time = 2.278499
TRAIN Iter 44: loss = 0.005408,	Top-1 err = 54.450000,	Top-5 err = 31.800000,	train_time = 2.256992
TRAIN Iter 45: loss = 0.005414,	Top-1 err = 51.750000,	Top-5 err = 31.350000,	train_time = 2.258644
TRAIN Iter 46: loss = 0.005642,	Top-1 err = 45.100000,	Top-5 err = 24.850000,	train_time = 2.259655
TRAIN Iter 47: loss = 0.005607,	Top-1 err = 41.750000,	Top-5 err = 21.800000,	train_time = 2.258992
TRAIN Iter 48: loss = 0.005228,	Top-1 err = 55.500000,	Top-5 err = 33.500000,	train_time = 2.250410
TRAIN Iter 49: loss = 0.005213,	Top-1 err = 50.500000,	Top-5 err = 29.050000,	train_time = 2.277588
TRAIN Iter 50: loss = 0.005428,	Top-1 err = 40.900000,	Top-5 err = 22.700000,	train_time = 2.237205
TRAIN Iter 51: loss = 0.005318,	Top-1 err = 52.650000,	Top-5 err = 33.800000,	train_time = 2.255391
TRAIN Iter 52: loss = 0.005272,	Top-1 err = 46.800000,	Top-5 err = 27.950000,	train_time = 2.273077
TRAIN Iter 53: loss = 0.005222,	Top-1 err = 54.850000,	Top-5 err = 36.400000,	train_time = 2.145324
TRAIN Iter 54: loss = 0.004931,	Top-1 err = 57.950000,	Top-5 err = 37.100000,	train_time = 2.235251
TRAIN Iter 55: loss = 0.005402,	Top-1 err = 33.300000,	Top-5 err = 17.800000,	train_time = 2.247288
TRAIN Iter 56: loss = 0.005137,	Top-1 err = 52.650000,	Top-5 err = 36.350000,	train_time = 2.233372
TRAIN Iter 57: loss = 0.004879,	Top-1 err = 40.450000,	Top-5 err = 22.050000,	train_time = 2.211759
TRAIN Iter 58: loss = 0.005105,	Top-1 err = 38.900000,	Top-5 err = 19.150000,	train_time = 2.249049
TRAIN Iter 59: loss = 0.005146,	Top-1 err = 42.800000,	Top-5 err = 25.550000,	train_time = 2.102553
TRAIN Iter 60: loss = 0.004831,	Top-1 err = 44.900000,	Top-5 err = 25.000000,	train_time = 2.249791
TRAIN Iter 61: loss = 0.004824,	Top-1 err = 44.750000,	Top-5 err = 26.700000,	train_time = 2.256959
TRAIN Iter 62: loss = 0.004800,	Top-1 err = 39.950000,	Top-5 err = 22.150000,	train_time = 2.230572
TRAIN Iter 63: loss = 0.004897,	Top-1 err = 33.950000,	Top-5 err = 17.150000,	train_time = 2.190846
TRAIN Iter 64: loss = 0.004759,	Top-1 err = 50.500000,	Top-5 err = 29.200000,	train_time = 2.269551
TRAIN Iter 65: loss = 0.004839,	Top-1 err = 49.500000,	Top-5 err = 29.500000,	train_time = 2.279500
TRAIN Iter 66: loss = 0.004680,	Top-1 err = 46.300000,	Top-5 err = 29.500000,	train_time = 2.226482
TRAIN Iter 67: loss = 0.004897,	Top-1 err = 43.000000,	Top-5 err = 26.100000,	train_time = 1.965885
TRAIN Iter 68: loss = 0.004666,	Top-1 err = 46.950000,	Top-5 err = 28.700000,	train_time = 2.259584
TRAIN Iter 69: loss = 0.004572,	Top-1 err = 38.750000,	Top-5 err = 23.000000,	train_time = 2.260803
TRAIN Iter 70: loss = 0.004467,	Top-1 err = 37.600000,	Top-5 err = 21.250000,	train_time = 2.258370
TRAIN Iter 71: loss = 0.004581,	Top-1 err = 49.700000,	Top-5 err = 32.500000,	train_time = 2.281378
TRAIN Iter 72: loss = 0.004492,	Top-1 err = 41.350000,	Top-5 err = 25.450000,	train_time = 2.285465
TRAIN Iter 73: loss = 0.004497,	Top-1 err = 47.600000,	Top-5 err = 32.700000,	train_time = 2.236630
TRAIN Iter 74: loss = 0.004371,	Top-1 err = 40.900000,	Top-5 err = 22.750000,	train_time = 2.254981
TRAIN Iter 75: loss = 0.004498,	Top-1 err = 48.550000,	Top-5 err = 30.500000,	train_time = 2.199685
TRAIN Iter 76: loss = 0.004336,	Top-1 err = 45.000000,	Top-5 err = 24.200000,	train_time = 2.248151
TRAIN Iter 77: loss = 0.004591,	Top-1 err = 32.250000,	Top-5 err = 16.450000,	train_time = 2.285951
TRAIN Iter 78: loss = 0.004454,	Top-1 err = 36.050000,	Top-5 err = 17.850000,	train_time = 2.268547
TRAIN Iter 79: loss = 0.004571,	Top-1 err = 38.950000,	Top-5 err = 22.850000,	train_time = 2.273786
TRAIN Iter 80: loss = 0.004369,	Top-1 err = 50.800000,	Top-5 err = 33.650000,	train_time = 2.198746
TRAIN Iter 81: loss = 0.004260,	Top-1 err = 42.750000,	Top-5 err = 26.300000,	train_time = 2.277460
TRAIN Iter 82: loss = 0.004297,	Top-1 err = 33.250000,	Top-5 err = 17.400000,	train_time = 2.289378
TRAIN Iter 83: loss = 0.004289,	Top-1 err = 35.700000,	Top-5 err = 17.950000,	train_time = 2.270931
TRAIN Iter 84: loss = 0.004363,	Top-1 err = 41.050000,	Top-5 err = 24.600000,	train_time = 1.973860
TRAIN Iter 85: loss = 0.004059,	Top-1 err = 38.900000,	Top-5 err = 21.350000,	train_time = 2.251393
TRAIN Iter 86: loss = 0.004158,	Top-1 err = 43.650000,	Top-5 err = 26.200000,	train_time = 2.242344
TRAIN Iter 87: loss = 0.004217,	Top-1 err = 46.700000,	Top-5 err = 32.650000,	train_time = 2.278768
TRAIN Iter 88: loss = 0.004118,	Top-1 err = 37.150000,	Top-5 err = 21.450000,	train_time = 2.259202
TRAIN Iter 89: loss = 0.004036,	Top-1 err = 41.350000,	Top-5 err = 23.250000,	train_time = 2.157686
TRAIN Iter 90: loss = 0.004381,	Top-1 err = 49.050000,	Top-5 err = 34.000000,	train_time = 2.288238
TRAIN Iter 91: loss = 0.004165,	Top-1 err = 36.100000,	Top-5 err = 18.200000,	train_time = 2.238870
TRAIN Iter 92: loss = 0.004051,	Top-1 err = 45.300000,	Top-5 err = 27.200000,	train_time = 2.253733
TRAIN Iter 93: loss = 0.004117,	Top-1 err = 44.250000,	Top-5 err = 26.600000,	train_time = 2.286234
TRAIN Iter 94: loss = 0.003900,	Top-1 err = 40.100000,	Top-5 err = 25.050000,	train_time = 2.264364
TRAIN Iter 95: loss = 0.003883,	Top-1 err = 38.500000,	Top-5 err = 21.250000,	train_time = 2.260720
TRAIN Iter 96: loss = 0.003902,	Top-1 err = 34.500000,	Top-5 err = 17.900000,	train_time = 2.263866
TRAIN Iter 97: loss = 0.003882,	Top-1 err = 43.800000,	Top-5 err = 26.000000,	train_time = 2.232059
TRAIN Iter 98: loss = 0.003879,	Top-1 err = 34.050000,	Top-5 err = 17.350000,	train_time = 2.255430
TRAIN Iter 99: loss = 0.003852,	Top-1 err = 45.200000,	Top-5 err = 30.400000,	train_time = 2.295548
TRAIN Iter 100: loss = 0.004079,	Top-1 err = 55.700000,	Top-5 err = 38.550000,	train_time = 2.256296
TRAIN Iter 101: loss = 0.003871,	Top-1 err = 32.600000,	Top-5 err = 15.700000,	train_time = 2.164291
TRAIN Iter 102: loss = 0.003968,	Top-1 err = 42.300000,	Top-5 err = 23.350000,	train_time = 2.265840
TRAIN Iter 103: loss = 0.003807,	Top-1 err = 32.650000,	Top-5 err = 17.800000,	train_time = 2.278898
TRAIN Iter 104: loss = 0.003923,	Top-1 err = 54.650000,	Top-5 err = 38.800000,	train_time = 2.269242
TRAIN Iter 105: loss = 0.004020,	Top-1 err = 51.200000,	Top-5 err = 32.850000,	train_time = 2.270905
TRAIN Iter 106: loss = 0.004049,	Top-1 err = 50.900000,	Top-5 err = 33.650000,	train_time = 2.202638
TRAIN Iter 107: loss = 0.003768,	Top-1 err = 37.700000,	Top-5 err = 26.700000,	train_time = 2.225489
TRAIN Iter 108: loss = 0.003744,	Top-1 err = 40.500000,	Top-5 err = 24.950000,	train_time = 2.234411
TRAIN Iter 109: loss = 0.003748,	Top-1 err = 34.800000,	Top-5 err = 21.100000,	train_time = 2.161244
TRAIN Iter 110: loss = 0.003775,	Top-1 err = 29.750000,	Top-5 err = 16.800000,	train_time = 2.152568
TRAIN Iter 111: loss = 0.003748,	Top-1 err = 29.800000,	Top-5 err = 17.100000,	train_time = 2.243364
TRAIN Iter 112: loss = 0.003846,	Top-1 err = 38.450000,	Top-5 err = 21.900000,	train_time = 2.263227
TRAIN Iter 113: loss = 0.003688,	Top-1 err = 44.650000,	Top-5 err = 28.400000,	train_time = 2.232382
TRAIN Iter 114: loss = 0.003694,	Top-1 err = 39.900000,	Top-5 err = 23.600000,	train_time = 2.236513
TRAIN Iter 115: loss = 0.003617,	Top-1 err = 33.800000,	Top-5 err = 20.350000,	train_time = 2.233401
TRAIN Iter 116: loss = 0.003700,	Top-1 err = 45.700000,	Top-5 err = 24.600000,	train_time = 2.238758
TRAIN Iter 117: loss = 0.003760,	Top-1 err = 36.250000,	Top-5 err = 21.350000,	train_time = 2.254844
TRAIN Iter 118: loss = 0.003693,	Top-1 err = 41.700000,	Top-5 err = 22.400000,	train_time = 2.255990
TRAIN Iter 119: loss = 0.003618,	Top-1 err = 24.500000,	Top-5 err = 10.150000,	train_time = 2.233639
TRAIN Iter 120: loss = 0.003616,	Top-1 err = 46.000000,	Top-5 err = 30.400000,	train_time = 2.267720
TRAIN Iter 121: loss = 0.003747,	Top-1 err = 37.950000,	Top-5 err = 21.900000,	train_time = 2.265631
TRAIN Iter 122: loss = 0.003677,	Top-1 err = 41.850000,	Top-5 err = 22.800000,	train_time = 2.286592
TRAIN Iter 123: loss = 0.003563,	Top-1 err = 30.450000,	Top-5 err = 15.000000,	train_time = 2.284570
TRAIN Iter 124: loss = 0.003538,	Top-1 err = 44.200000,	Top-5 err = 25.950000,	train_time = 2.282042
TRAIN Iter 125: loss = 0.003656,	Top-1 err = 41.000000,	Top-5 err = 24.500000,	train_time = 2.276724
TRAIN Iter 126: loss = 0.003545,	Top-1 err = 38.850000,	Top-5 err = 20.750000,	train_time = 2.178655
TRAIN Iter 127: loss = 0.003445,	Top-1 err = 39.200000,	Top-5 err = 23.400000,	train_time = 2.280669
TRAIN Iter 128: loss = 0.003573,	Top-1 err = 40.100000,	Top-5 err = 23.450000,	train_time = 2.266285
TRAIN Iter 129: loss = 0.003526,	Top-1 err = 35.300000,	Top-5 err = 20.250000,	train_time = 2.298593
TRAIN Iter 130: loss = 0.003512,	Top-1 err = 48.300000,	Top-5 err = 31.900000,	train_time = 2.036115
TRAIN Iter 131: loss = 0.003601,	Top-1 err = 35.200000,	Top-5 err = 21.750000,	train_time = 2.226360
TRAIN Iter 132: loss = 0.003485,	Top-1 err = 31.800000,	Top-5 err = 15.650000,	train_time = 2.266979
TRAIN Iter 133: loss = 0.003433,	Top-1 err = 27.050000,	Top-5 err = 12.650000,	train_time = 2.292268
TRAIN Iter 134: loss = 0.003340,	Top-1 err = 39.050000,	Top-5 err = 20.750000,	train_time = 2.279013
TRAIN Iter 135: loss = 0.003552,	Top-1 err = 34.450000,	Top-5 err = 18.850000,	train_time = 2.236693
TRAIN Iter 136: loss = 0.003392,	Top-1 err = 41.800000,	Top-5 err = 23.400000,	train_time = 2.247671
TRAIN Iter 137: loss = 0.003330,	Top-1 err = 48.100000,	Top-5 err = 32.600000,	train_time = 2.206995
TRAIN Iter 138: loss = 0.003365,	Top-1 err = 37.500000,	Top-5 err = 21.700000,	train_time = 2.280273
TRAIN Iter 139: loss = 0.003503,	Top-1 err = 34.450000,	Top-5 err = 16.100000,	train_time = 2.255160
TRAIN Iter 140: loss = 0.003411,	Top-1 err = 27.850000,	Top-5 err = 14.100000,	train_time = 2.205723
TRAIN Iter 141: loss = 0.003397,	Top-1 err = 38.600000,	Top-5 err = 25.000000,	train_time = 2.266652
TRAIN Iter 142: loss = 0.003391,	Top-1 err = 40.250000,	Top-5 err = 23.850000,	train_time = 2.243081
TRAIN Iter 143: loss = 0.003333,	Top-1 err = 44.600000,	Top-5 err = 26.050000,	train_time = 2.297531
TRAIN Iter 144: loss = 0.003190,	Top-1 err = 29.500000,	Top-5 err = 17.750000,	train_time = 2.219185
TRAIN Iter 145: loss = 0.003297,	Top-1 err = 22.350000,	Top-5 err = 9.950000,	train_time = 2.236158
TRAIN Iter 146: loss = 0.003437,	Top-1 err = 30.550000,	Top-5 err = 15.750000,	train_time = 2.263439
TRAIN Iter 147: loss = 0.003244,	Top-1 err = 32.100000,	Top-5 err = 16.550000,	train_time = 2.207046
TRAIN Iter 148: loss = 0.003301,	Top-1 err = 29.200000,	Top-5 err = 14.950000,	train_time = 2.292059
TRAIN Iter 149: loss = 0.003229,	Top-1 err = 27.150000,	Top-5 err = 14.100000,	train_time = 2.240230
TRAIN Iter 150: loss = 0.003220,	Top-1 err = 34.450000,	Top-5 err = 18.500000,	train_time = 2.303502
TRAIN Iter 151: loss = 0.003284,	Top-1 err = 34.400000,	Top-5 err = 17.450000,	train_time = 2.265340
TRAIN Iter 152: loss = 0.003424,	Top-1 err = 42.900000,	Top-5 err = 27.250000,	train_time = 2.286062
TRAIN Iter 153: loss = 0.003364,	Top-1 err = 43.800000,	Top-5 err = 26.300000,	train_time = 2.216301
TRAIN Iter 154: loss = 0.003310,	Top-1 err = 47.800000,	Top-5 err = 29.100000,	train_time = 2.239339
TRAIN Iter 155: loss = 0.003330,	Top-1 err = 38.400000,	Top-5 err = 25.800000,	train_time = 2.243794
TRAIN Iter 156: loss = 0.003228,	Top-1 err = 28.250000,	Top-5 err = 16.000000,	train_time = 2.258651
TRAIN Iter 157: loss = 0.003074,	Top-1 err = 25.550000,	Top-5 err = 11.150000,	train_time = 2.260609
TRAIN Iter 158: loss = 0.003133,	Top-1 err = 35.550000,	Top-5 err = 20.150000,	train_time = 2.228916
TRAIN Iter 159: loss = 0.003131,	Top-1 err = 35.050000,	Top-5 err = 18.100000,	train_time = 2.252809
TRAIN Iter 160: loss = 0.003179,	Top-1 err = 25.650000,	Top-5 err = 12.900000,	train_time = 2.270674
TRAIN Iter 161: loss = 0.003212,	Top-1 err = 44.000000,	Top-5 err = 25.900000,	train_time = 2.222252
TRAIN Iter 162: loss = 0.003164,	Top-1 err = 30.200000,	Top-5 err = 17.800000,	train_time = 2.228194
TRAIN Iter 163: loss = 0.003164,	Top-1 err = 35.500000,	Top-5 err = 22.500000,	train_time = 2.271315
TRAIN Iter 164: loss = 0.003139,	Top-1 err = 22.500000,	Top-5 err = 8.600000,	train_time = 2.265103
TRAIN Iter 165: loss = 0.003174,	Top-1 err = 29.100000,	Top-5 err = 15.400000,	train_time = 2.253537
TRAIN Iter 166: loss = 0.003293,	Top-1 err = 47.600000,	Top-5 err = 28.450000,	train_time = 2.178134
TRAIN Iter 167: loss = 0.003205,	Top-1 err = 36.000000,	Top-5 err = 21.100000,	train_time = 2.228231
TRAIN Iter 168: loss = 0.003309,	Top-1 err = 45.250000,	Top-5 err = 31.050000,	train_time = 2.264518
TRAIN Iter 169: loss = 0.003280,	Top-1 err = 48.200000,	Top-5 err = 30.900000,	train_time = 2.271054
TRAIN Iter 170: loss = 0.003221,	Top-1 err = 39.250000,	Top-5 err = 23.500000,	train_time = 2.269117
TRAIN Iter 171: loss = 0.003144,	Top-1 err = 46.950000,	Top-5 err = 28.800000,	train_time = 2.244978
TRAIN Iter 172: loss = 0.003122,	Top-1 err = 43.700000,	Top-5 err = 28.150000,	train_time = 2.264001
TRAIN Iter 173: loss = 0.003136,	Top-1 err = 40.800000,	Top-5 err = 25.250000,	train_time = 2.233743
TRAIN Iter 174: loss = 0.003214,	Top-1 err = 51.300000,	Top-5 err = 31.450000,	train_time = 2.239230
TRAIN Iter 175: loss = 0.003126,	Top-1 err = 37.900000,	Top-5 err = 24.100000,	train_time = 2.256555
TRAIN Iter 176: loss = 0.003121,	Top-1 err = 32.300000,	Top-5 err = 16.250000,	train_time = 2.281420
TRAIN Iter 177: loss = 0.003026,	Top-1 err = 26.750000,	Top-5 err = 12.700000,	train_time = 2.267981
TRAIN Iter 178: loss = 0.003061,	Top-1 err = 41.050000,	Top-5 err = 24.400000,	train_time = 2.236079
TRAIN Iter 179: loss = 0.003113,	Top-1 err = 36.800000,	Top-5 err = 22.000000,	train_time = 2.248792
TRAIN Iter 180: loss = 0.003140,	Top-1 err = 38.500000,	Top-5 err = 21.700000,	train_time = 2.255697
TRAIN Iter 181: loss = 0.003058,	Top-1 err = 27.850000,	Top-5 err = 14.900000,	train_time = 2.235831
TRAIN Iter 182: loss = 0.003164,	Top-1 err = 28.750000,	Top-5 err = 20.550000,	train_time = 2.240145
TRAIN Iter 183: loss = 0.003089,	Top-1 err = 26.350000,	Top-5 err = 11.850000,	train_time = 2.256883
TRAIN Iter 184: loss = 0.003155,	Top-1 err = 39.450000,	Top-5 err = 22.850000,	train_time = 2.257709
TRAIN Iter 185: loss = 0.002993,	Top-1 err = 25.600000,	Top-5 err = 13.850000,	train_time = 2.291311
TRAIN Iter 186: loss = 0.003095,	Top-1 err = 46.500000,	Top-5 err = 25.900000,	train_time = 2.258101
TRAIN Iter 187: loss = 0.003043,	Top-1 err = 28.950000,	Top-5 err = 16.300000,	train_time = 2.263935
TRAIN Iter 188: loss = 0.003078,	Top-1 err = 32.200000,	Top-5 err = 17.100000,	train_time = 2.254783
TRAIN Iter 189: loss = 0.003026,	Top-1 err = 41.000000,	Top-5 err = 22.350000,	train_time = 2.248045
TRAIN Iter 190: loss = 0.002967,	Top-1 err = 37.700000,	Top-5 err = 23.350000,	train_time = 2.197097
TRAIN Iter 191: loss = 0.003108,	Top-1 err = 40.800000,	Top-5 err = 26.100000,	train_time = 2.252507
TRAIN Iter 192: loss = 0.003080,	Top-1 err = 43.950000,	Top-5 err = 25.850000,	train_time = 2.256920
TRAIN Iter 193: loss = 0.003126,	Top-1 err = 42.300000,	Top-5 err = 28.150000,	train_time = 2.258482
TRAIN Iter 194: loss = 0.003061,	Top-1 err = 36.300000,	Top-5 err = 20.450000,	train_time = 2.259297
TRAIN Iter 195: loss = 0.003069,	Top-1 err = 45.100000,	Top-5 err = 29.350000,	train_time = 2.259389
TRAIN Iter 196: loss = 0.002990,	Top-1 err = 29.550000,	Top-5 err = 14.150000,	train_time = 2.226889
TRAIN Iter 197: loss = 0.003128,	Top-1 err = 36.950000,	Top-5 err = 23.950000,	train_time = 2.253466
TRAIN Iter 198: loss = 0.003028,	Top-1 err = 33.150000,	Top-5 err = 17.650000,	train_time = 2.278138
TRAIN Iter 199: loss = 0.002972,	Top-1 err = 26.950000,	Top-5 err = 17.300000,	train_time = 2.252494
TRAIN Iter 200: loss = 0.002933,	Top-1 err = 23.500000,	Top-5 err = 9.000000,	train_time = 2.265331
TRAIN Iter 201: loss = 0.002920,	Top-1 err = 29.400000,	Top-5 err = 13.600000,	train_time = 2.266987
TRAIN Iter 202: loss = 0.002905,	Top-1 err = 38.950000,	Top-5 err = 22.850000,	train_time = 2.250536
TRAIN Iter 203: loss = 0.003058,	Top-1 err = 47.250000,	Top-5 err = 32.350000,	train_time = 2.210886
TRAIN Iter 204: loss = 0.003050,	Top-1 err = 36.400000,	Top-5 err = 19.250000,	train_time = 2.245008
TRAIN Iter 205: loss = 0.003101,	Top-1 err = 43.250000,	Top-5 err = 25.100000,	train_time = 2.234120
TRAIN Iter 206: loss = 0.002959,	Top-1 err = 42.250000,	Top-5 err = 27.100000,	train_time = 2.251892
TRAIN Iter 207: loss = 0.003053,	Top-1 err = 46.100000,	Top-5 err = 27.350000,	train_time = 2.258088
TRAIN Iter 208: loss = 0.003001,	Top-1 err = 40.400000,	Top-5 err = 24.300000,	train_time = 2.287500
TRAIN Iter 209: loss = 0.003060,	Top-1 err = 28.700000,	Top-5 err = 15.900000,	train_time = 2.251976
TRAIN Iter 210: loss = 0.002923,	Top-1 err = 26.900000,	Top-5 err = 14.700000,	train_time = 2.253187
TRAIN Iter 211: loss = 0.002844,	Top-1 err = 20.750000,	Top-5 err = 11.350000,	train_time = 2.263349
TRAIN Iter 212: loss = 0.002918,	Top-1 err = 37.050000,	Top-5 err = 23.800000,	train_time = 2.243001
TRAIN Iter 213: loss = 0.002803,	Top-1 err = 32.400000,	Top-5 err = 19.950000,	train_time = 2.231113
TRAIN Iter 214: loss = 0.002822,	Top-1 err = 24.050000,	Top-5 err = 11.950000,	train_time = 2.306755
TRAIN Iter 215: loss = 0.003059,	Top-1 err = 40.400000,	Top-5 err = 24.350000,	train_time = 2.278502
TRAIN Iter 216: loss = 0.002986,	Top-1 err = 40.100000,	Top-5 err = 26.100000,	train_time = 2.294201
TRAIN Iter 217: loss = 0.002976,	Top-1 err = 43.750000,	Top-5 err = 27.400000,	train_time = 2.242845
TRAIN Iter 218: loss = 0.002982,	Top-1 err = 29.600000,	Top-5 err = 16.450000,	train_time = 2.202867
TRAIN Iter 219: loss = 0.002961,	Top-1 err = 38.250000,	Top-5 err = 23.250000,	train_time = 2.253958
TRAIN Iter 220: loss = 0.002968,	Top-1 err = 35.600000,	Top-5 err = 21.500000,	train_time = 2.205070
TRAIN Iter 221: loss = 0.002887,	Top-1 err = 43.350000,	Top-5 err = 24.150000,	train_time = 2.274158
TRAIN Iter 222: loss = 0.002906,	Top-1 err = 34.700000,	Top-5 err = 21.950000,	train_time = 2.247507
TRAIN Iter 223: loss = 0.002937,	Top-1 err = 38.350000,	Top-5 err = 23.050000,	train_time = 2.228549
TRAIN Iter 224: loss = 0.002886,	Top-1 err = 18.850000,	Top-5 err = 8.950000,	train_time = 2.279272
TRAIN Iter 225: loss = 0.002938,	Top-1 err = 38.800000,	Top-5 err = 22.400000,	train_time = 2.278543
TRAIN Iter 226: loss = 0.002918,	Top-1 err = 34.050000,	Top-5 err = 19.550000,	train_time = 2.241919
TRAIN Iter 227: loss = 0.002924,	Top-1 err = 49.500000,	Top-5 err = 30.150000,	train_time = 2.248189
TRAIN Iter 228: loss = 0.002860,	Top-1 err = 35.850000,	Top-5 err = 20.300000,	train_time = 2.244179
TRAIN Iter 229: loss = 0.002917,	Top-1 err = 50.400000,	Top-5 err = 30.300000,	train_time = 2.232506
TRAIN Iter 230: loss = 0.002889,	Top-1 err = 42.250000,	Top-5 err = 25.250000,	train_time = 2.268063
TRAIN Iter 231: loss = 0.002825,	Top-1 err = 28.150000,	Top-5 err = 14.200000,	train_time = 2.232016
TRAIN Iter 232: loss = 0.002833,	Top-1 err = 38.500000,	Top-5 err = 23.250000,	train_time = 2.272046
TRAIN Iter 233: loss = 0.002822,	Top-1 err = 35.850000,	Top-5 err = 22.500000,	train_time = 2.188653
TRAIN Iter 234: loss = 0.002953,	Top-1 err = 43.000000,	Top-5 err = 25.000000,	train_time = 2.253166
TRAIN Iter 235: loss = 0.002852,	Top-1 err = 39.950000,	Top-5 err = 24.150000,	train_time = 2.244212
TRAIN Iter 236: loss = 0.002780,	Top-1 err = 40.550000,	Top-5 err = 25.250000,	train_time = 2.256466
TRAIN Iter 237: loss = 0.002887,	Top-1 err = 30.000000,	Top-5 err = 15.250000,	train_time = 2.238625
TRAIN Iter 238: loss = 0.002688,	Top-1 err = 36.250000,	Top-5 err = 21.750000,	train_time = 2.268714
TRAIN Iter 239: loss = 0.002822,	Top-1 err = 46.700000,	Top-5 err = 29.450000,	train_time = 2.244918
TRAIN Iter 240: loss = 0.002731,	Top-1 err = 36.850000,	Top-5 err = 21.350000,	train_time = 2.272624
TRAIN Iter 241: loss = 0.002775,	Top-1 err = 29.950000,	Top-5 err = 15.800000,	train_time = 2.252835
TRAIN Iter 242: loss = 0.002707,	Top-1 err = 23.800000,	Top-5 err = 10.800000,	train_time = 2.246621
TRAIN Iter 243: loss = 0.002837,	Top-1 err = 33.300000,	Top-5 err = 20.100000,	train_time = 2.226161
TRAIN Iter 244: loss = 0.002748,	Top-1 err = 25.950000,	Top-5 err = 12.650000,	train_time = 2.259624
TRAIN Iter 245: loss = 0.002794,	Top-1 err = 49.900000,	Top-5 err = 31.600000,	train_time = 2.241790
TRAIN Iter 246: loss = 0.002829,	Top-1 err = 38.900000,	Top-5 err = 23.050000,	train_time = 2.252075
TRAIN Iter 247: loss = 0.002689,	Top-1 err = 33.950000,	Top-5 err = 19.700000,	train_time = 2.248963
TRAIN Iter 248: loss = 0.002771,	Top-1 err = 36.300000,	Top-5 err = 19.900000,	train_time = 2.281273
TRAIN Iter 249: loss = 0.002749,	Top-1 err = 18.650000,	Top-5 err = 8.950000,	train_time = 2.252687
TEST:
Iter 249: loss = 2.706402,	Top-1 err = 61.400000,	Top-5 err = 35.130000,	val_time = 2.184740
TRAIN Iter 250: loss = 0.002821,	Top-1 err = 32.050000,	Top-5 err = 18.100000,	train_time = 2.223971
TRAIN Iter 251: loss = 0.002780,	Top-1 err = 35.600000,	Top-5 err = 19.400000,	train_time = 2.149975
TRAIN Iter 252: loss = 0.002827,	Top-1 err = 39.850000,	Top-5 err = 22.950000,	train_time = 2.244328
TRAIN Iter 253: loss = 0.002750,	Top-1 err = 34.550000,	Top-5 err = 17.100000,	train_time = 2.240854
TRAIN Iter 254: loss = 0.002756,	Top-1 err = 43.600000,	Top-5 err = 25.550000,	train_time = 2.261583
TRAIN Iter 255: loss = 0.002766,	Top-1 err = 36.350000,	Top-5 err = 21.550000,	train_time = 2.282156
TRAIN Iter 256: loss = 0.002762,	Top-1 err = 46.450000,	Top-5 err = 26.500000,	train_time = 2.265796
TRAIN Iter 257: loss = 0.002687,	Top-1 err = 30.500000,	Top-5 err = 16.150000,	train_time = 2.229059
TRAIN Iter 258: loss = 0.002603,	Top-1 err = 22.600000,	Top-5 err = 8.800000,	train_time = 2.247357
TRAIN Iter 259: loss = 0.002761,	Top-1 err = 47.150000,	Top-5 err = 30.550000,	train_time = 2.276977
TEST:
Iter 259: loss = 2.780567,	Top-1 err = 61.860000,	Top-5 err = 35.800000,	val_time = 2.153834
TRAIN Iter 260: loss = 0.002720,	Top-1 err = 33.350000,	Top-5 err = 18.850000,	train_time = 2.165416
TRAIN Iter 261: loss = 0.002702,	Top-1 err = 41.800000,	Top-5 err = 26.950000,	train_time = 2.195732
TRAIN Iter 262: loss = 0.002721,	Top-1 err = 34.550000,	Top-5 err = 20.550000,	train_time = 2.258317
TRAIN Iter 263: loss = 0.002725,	Top-1 err = 34.400000,	Top-5 err = 20.450000,	train_time = 2.246482
TRAIN Iter 264: loss = 0.002678,	Top-1 err = 38.650000,	Top-5 err = 20.200000,	train_time = 2.256734
TRAIN Iter 265: loss = 0.002741,	Top-1 err = 39.950000,	Top-5 err = 23.300000,	train_time = 2.284014
TRAIN Iter 266: loss = 0.002685,	Top-1 err = 38.700000,	Top-5 err = 24.850000,	train_time = 2.230441
TRAIN Iter 267: loss = 0.002756,	Top-1 err = 44.250000,	Top-5 err = 26.750000,	train_time = 2.251762
TRAIN Iter 268: loss = 0.002837,	Top-1 err = 29.550000,	Top-5 err = 15.200000,	train_time = 2.257272
TRAIN Iter 269: loss = 0.002714,	Top-1 err = 41.400000,	Top-5 err = 24.400000,	train_time = 2.243537
TEST:
Iter 269: loss = 2.634031,	Top-1 err = 60.320000,	Top-5 err = 33.570000,	val_time = 2.169944
TRAIN Iter 270: loss = 0.002768,	Top-1 err = 34.800000,	Top-5 err = 19.600000,	train_time = 2.238558
TRAIN Iter 271: loss = 0.002738,	Top-1 err = 36.000000,	Top-5 err = 20.550000,	train_time = 2.221623
TRAIN Iter 272: loss = 0.002582,	Top-1 err = 27.500000,	Top-5 err = 14.500000,	train_time = 2.214792
TRAIN Iter 273: loss = 0.002609,	Top-1 err = 36.500000,	Top-5 err = 20.900000,	train_time = 2.263144
TRAIN Iter 274: loss = 0.002852,	Top-1 err = 50.000000,	Top-5 err = 30.450000,	train_time = 2.250921
TRAIN Iter 275: loss = 0.002591,	Top-1 err = 29.500000,	Top-5 err = 16.500000,	train_time = 2.143317
TRAIN Iter 276: loss = 0.002633,	Top-1 err = 26.150000,	Top-5 err = 12.500000,	train_time = 2.240665
TRAIN Iter 277: loss = 0.002670,	Top-1 err = 37.300000,	Top-5 err = 23.500000,	train_time = 2.217551
TRAIN Iter 278: loss = 0.002642,	Top-1 err = 24.150000,	Top-5 err = 11.250000,	train_time = 2.237956
TRAIN Iter 279: loss = 0.002629,	Top-1 err = 34.000000,	Top-5 err = 20.850000,	train_time = 2.204291
TEST:
Iter 279: loss = 2.645305,	Top-1 err = 60.850000,	Top-5 err = 34.250000,	val_time = 2.188232
TRAIN Iter 280: loss = 0.002686,	Top-1 err = 38.200000,	Top-5 err = 26.700000,	train_time = 2.228029
TRAIN Iter 281: loss = 0.002697,	Top-1 err = 52.550000,	Top-5 err = 33.000000,	train_time = 2.247103
TRAIN Iter 282: loss = 0.002734,	Top-1 err = 31.950000,	Top-5 err = 20.150000,	train_time = 2.271318
TRAIN Iter 283: loss = 0.002626,	Top-1 err = 36.950000,	Top-5 err = 19.550000,	train_time = 2.245195
TRAIN Iter 284: loss = 0.002563,	Top-1 err = 21.300000,	Top-5 err = 10.550000,	train_time = 2.249104
TRAIN Iter 285: loss = 0.002571,	Top-1 err = 34.450000,	Top-5 err = 20.900000,	train_time = 2.237465
TRAIN Iter 286: loss = 0.002538,	Top-1 err = 29.500000,	Top-5 err = 15.750000,	train_time = 2.221276
TRAIN Iter 287: loss = 0.002503,	Top-1 err = 21.800000,	Top-5 err = 10.350000,	train_time = 2.214208
TRAIN Iter 288: loss = 0.002465,	Top-1 err = 19.700000,	Top-5 err = 10.250000,	train_time = 2.254004
TRAIN Iter 289: loss = 0.002633,	Top-1 err = 44.350000,	Top-5 err = 25.050000,	train_time = 2.258939
TEST:
Iter 289: loss = 2.669301,	Top-1 err = 61.060000,	Top-5 err = 34.650000,	val_time = 2.119884
TRAIN Iter 290: loss = 0.002555,	Top-1 err = 28.100000,	Top-5 err = 15.300000,	train_time = 2.254013
TRAIN Iter 291: loss = 0.002503,	Top-1 err = 22.650000,	Top-5 err = 12.150000,	train_time = 2.259870
TRAIN Iter 292: loss = 0.002552,	Top-1 err = 32.900000,	Top-5 err = 18.950000,	train_time = 2.277536
TRAIN Iter 293: loss = 0.002436,	Top-1 err = 18.350000,	Top-5 err = 7.550000,	train_time = 2.244217
TRAIN Iter 294: loss = 0.002510,	Top-1 err = 34.500000,	Top-5 err = 19.850000,	train_time = 2.242774
TRAIN Iter 295: loss = 0.002682,	Top-1 err = 38.050000,	Top-5 err = 21.550000,	train_time = 2.276705
TRAIN Iter 296: loss = 0.002633,	Top-1 err = 23.250000,	Top-5 err = 12.500000,	train_time = 2.246930
TRAIN Iter 297: loss = 0.002576,	Top-1 err = 28.050000,	Top-5 err = 14.000000,	train_time = 2.259008
TRAIN Iter 298: loss = 0.002571,	Top-1 err = 36.650000,	Top-5 err = 21.300000,	train_time = 2.254696
TRAIN Iter 299: loss = 0.002509,	Top-1 err = 25.750000,	Top-5 err = 12.500000,	train_time = 2.288195
TEST:
Iter 299: loss = 2.640607,	Top-1 err = 60.030000,	Top-5 err = 33.600000,	val_time = 2.151030
Train Finish! Best accuracy is 39.97@299
