/home/dvspanos/miniconda3/envs/rded/lib/python3.10/site-packages/torchvision/models/_utils.py:208: UserWarning: The parameter 'pretrained' is deprecated since 0.13 and may be removed in the future, please use 'weights' instead.
  warnings.warn(
/home/dvspanos/miniconda3/envs/rded/lib/python3.10/site-packages/torchvision/models/_utils.py:223: UserWarning: Arguments other than a weight enum or `None` for 'weights' are deprecated since 0.13 and may be removed in the future. The current behavior is equivalent to passing `weights=None`.
  warnings.warn(msg)
=> using pytorch pre-trained teacher model 'resnet18_modified'
process data from /home/dvspanos/nikos/ca2d/artifacts/rded_sets/bench_tin_rn18_el2nw40_ipc10
load data successfully
TRAIN Iter 0: loss = 0.012367,	Top-1 err = 99.200000,	Top-5 err = 96.950000,	train_time = 4.511712
TRAIN Iter 1: loss = 0.010583,	Top-1 err = 99.000000,	Top-5 err = 95.450000,	train_time = 2.843690
TRAIN Iter 2: loss = 0.011387,	Top-1 err = 98.550000,	Top-5 err = 93.100000,	train_time = 2.869173
TRAIN Iter 3: loss = 0.010001,	Top-1 err = 98.100000,	Top-5 err = 93.100000,	train_time = 2.874136
TRAIN Iter 4: loss = 0.010563,	Top-1 err = 98.200000,	Top-5 err = 93.200000,	train_time = 2.884454
TRAIN Iter 5: loss = 0.009624,	Top-1 err = 98.050000,	Top-5 err = 91.200000,	train_time = 2.864687
TRAIN Iter 6: loss = 0.009943,	Top-1 err = 97.800000,	Top-5 err = 90.050000,	train_time = 2.910191
TRAIN Iter 7: loss = 0.009697,	Top-1 err = 97.200000,	Top-5 err = 89.200000,	train_time = 2.904753
TRAIN Iter 8: loss = 0.009486,	Top-1 err = 97.350000,	Top-5 err = 88.650000,	train_time = 2.952012
TRAIN Iter 9: loss = 0.009507,	Top-1 err = 97.050000,	Top-5 err = 88.650000,	train_time = 2.956832
TRAIN Iter 10: loss = 0.008987,	Top-1 err = 96.500000,	Top-5 err = 88.000000,	train_time = 2.950384
TRAIN Iter 11: loss = 0.009653,	Top-1 err = 96.400000,	Top-5 err = 84.050000,	train_time = 3.321501
TRAIN Iter 12: loss = 0.009661,	Top-1 err = 96.500000,	Top-5 err = 84.000000,	train_time = 3.016640
TRAIN Iter 13: loss = 0.008848,	Top-1 err = 96.550000,	Top-5 err = 87.750000,	train_time = 2.953938
TRAIN Iter 14: loss = 0.009089,	Top-1 err = 96.150000,	Top-5 err = 84.950000,	train_time = 2.972201
TRAIN Iter 15: loss = 0.008347,	Top-1 err = 96.250000,	Top-5 err = 86.650000,	train_time = 3.195465
TRAIN Iter 16: loss = 0.008416,	Top-1 err = 95.750000,	Top-5 err = 85.450000,	train_time = 3.248363
TRAIN Iter 17: loss = 0.008525,	Top-1 err = 95.150000,	Top-5 err = 83.450000,	train_time = 3.094818
TRAIN Iter 18: loss = 0.008804,	Top-1 err = 95.700000,	Top-5 err = 83.800000,	train_time = 3.033465
TRAIN Iter 19: loss = 0.008158,	Top-1 err = 96.100000,	Top-5 err = 84.800000,	train_time = 3.114350
TRAIN Iter 20: loss = 0.008615,	Top-1 err = 94.950000,	Top-5 err = 83.200000,	train_time = 3.003171
TRAIN Iter 21: loss = 0.008165,	Top-1 err = 94.450000,	Top-5 err = 81.250000,	train_time = 3.060406
TRAIN Iter 22: loss = 0.008023,	Top-1 err = 94.600000,	Top-5 err = 82.900000,	train_time = 3.306761
TRAIN Iter 23: loss = 0.008254,	Top-1 err = 94.050000,	Top-5 err = 79.250000,	train_time = 3.072259
TRAIN Iter 24: loss = 0.007943,	Top-1 err = 93.900000,	Top-5 err = 81.150000,	train_time = 3.068329
TRAIN Iter 25: loss = 0.008211,	Top-1 err = 93.700000,	Top-5 err = 77.600000,	train_time = 3.029615
TRAIN Iter 26: loss = 0.008164,	Top-1 err = 93.850000,	Top-5 err = 78.000000,	train_time = 2.994182
TRAIN Iter 27: loss = 0.008151,	Top-1 err = 94.200000,	Top-5 err = 79.050000,	train_time = 3.127480
TRAIN Iter 28: loss = 0.007438,	Top-1 err = 93.400000,	Top-5 err = 79.200000,	train_time = 3.257269
TRAIN Iter 29: loss = 0.007804,	Top-1 err = 93.000000,	Top-5 err = 75.450000,	train_time = 3.114843
TRAIN Iter 30: loss = 0.007617,	Top-1 err = 93.400000,	Top-5 err = 77.050000,	train_time = 3.147316
TRAIN Iter 31: loss = 0.007915,	Top-1 err = 92.250000,	Top-5 err = 74.200000,	train_time = 3.340682
TRAIN Iter 32: loss = 0.007519,	Top-1 err = 91.500000,	Top-5 err = 72.400000,	train_time = 3.041394
TRAIN Iter 33: loss = 0.007648,	Top-1 err = 91.050000,	Top-5 err = 69.650000,	train_time = 3.043494
TRAIN Iter 34: loss = 0.007580,	Top-1 err = 91.550000,	Top-5 err = 72.500000,	train_time = 3.008239
TRAIN Iter 35: loss = 0.007602,	Top-1 err = 90.800000,	Top-5 err = 72.950000,	train_time = 3.373509
TRAIN Iter 36: loss = 0.006870,	Top-1 err = 92.050000,	Top-5 err = 75.600000,	train_time = 3.251196
TRAIN Iter 37: loss = 0.007300,	Top-1 err = 90.100000,	Top-5 err = 69.850000,	train_time = 3.117841
TRAIN Iter 38: loss = 0.007016,	Top-1 err = 90.700000,	Top-5 err = 69.700000,	train_time = 3.010621
TRAIN Iter 39: loss = 0.007063,	Top-1 err = 91.200000,	Top-5 err = 73.650000,	train_time = 2.968808
TRAIN Iter 40: loss = 0.006809,	Top-1 err = 92.950000,	Top-5 err = 77.250000,	train_time = 3.053535
TRAIN Iter 41: loss = 0.007062,	Top-1 err = 90.400000,	Top-5 err = 67.800000,	train_time = 3.055228
TRAIN Iter 42: loss = 0.006604,	Top-1 err = 92.500000,	Top-5 err = 75.550000,	train_time = 3.121794
TRAIN Iter 43: loss = 0.006988,	Top-1 err = 88.650000,	Top-5 err = 67.350000,	train_time = 3.046801
TRAIN Iter 44: loss = 0.006463,	Top-1 err = 91.300000,	Top-5 err = 72.600000,	train_time = 3.322854
TRAIN Iter 45: loss = 0.006639,	Top-1 err = 89.400000,	Top-5 err = 69.850000,	train_time = 3.187885
TRAIN Iter 46: loss = 0.006745,	Top-1 err = 88.050000,	Top-5 err = 65.500000,	train_time = 3.057341
TRAIN Iter 47: loss = 0.006979,	Top-1 err = 87.950000,	Top-5 err = 62.350000,	train_time = 3.029268
TRAIN Iter 48: loss = 0.006410,	Top-1 err = 89.750000,	Top-5 err = 70.000000,	train_time = 3.093058
TRAIN Iter 49: loss = 0.006412,	Top-1 err = 87.800000,	Top-5 err = 65.900000,	train_time = 3.081196
TRAIN Iter 50: loss = 0.006533,	Top-1 err = 85.150000,	Top-5 err = 61.050000,	train_time = 3.153946
TRAIN Iter 51: loss = 0.006330,	Top-1 err = 87.500000,	Top-5 err = 68.300000,	train_time = 3.103999
TRAIN Iter 52: loss = 0.006370,	Top-1 err = 86.750000,	Top-5 err = 64.400000,	train_time = 3.091155
TRAIN Iter 53: loss = 0.006394,	Top-1 err = 87.600000,	Top-5 err = 68.350000,	train_time = 3.090319
TRAIN Iter 54: loss = 0.006116,	Top-1 err = 88.600000,	Top-5 err = 69.550000,	train_time = 3.419104
TRAIN Iter 55: loss = 0.006491,	Top-1 err = 81.050000,	Top-5 err = 55.250000,	train_time = 3.149606
TRAIN Iter 56: loss = 0.006214,	Top-1 err = 86.700000,	Top-5 err = 66.550000,	train_time = 3.027751
TRAIN Iter 57: loss = 0.005947,	Top-1 err = 84.250000,	Top-5 err = 59.500000,	train_time = 2.999578
TRAIN Iter 58: loss = 0.006211,	Top-1 err = 83.100000,	Top-5 err = 57.200000,	train_time = 3.210303
TRAIN Iter 59: loss = 0.006362,	Top-1 err = 84.300000,	Top-5 err = 59.000000,	train_time = 3.556322
TRAIN Iter 60: loss = 0.006090,	Top-1 err = 84.250000,	Top-5 err = 59.250000,	train_time = 3.205401
TRAIN Iter 61: loss = 0.005953,	Top-1 err = 85.250000,	Top-5 err = 61.100000,	train_time = 3.092236
TRAIN Iter 62: loss = 0.006090,	Top-1 err = 81.900000,	Top-5 err = 56.150000,	train_time = 3.200464
TRAIN Iter 63: loss = 0.006074,	Top-1 err = 80.000000,	Top-5 err = 52.300000,	train_time = 3.147452
TRAIN Iter 64: loss = 0.005761,	Top-1 err = 84.000000,	Top-5 err = 61.750000,	train_time = 3.307864
TRAIN Iter 65: loss = 0.005819,	Top-1 err = 83.150000,	Top-5 err = 60.500000,	train_time = 3.138060
TRAIN Iter 66: loss = 0.005760,	Top-1 err = 82.200000,	Top-5 err = 59.700000,	train_time = 3.055682
TRAIN Iter 67: loss = 0.005779,	Top-1 err = 81.100000,	Top-5 err = 55.950000,	train_time = 3.082390
TRAIN Iter 68: loss = 0.005628,	Top-1 err = 84.550000,	Top-5 err = 60.200000,	train_time = 3.108288
TRAIN Iter 69: loss = 0.005838,	Top-1 err = 79.950000,	Top-5 err = 53.900000,	train_time = 3.093384
TRAIN Iter 70: loss = 0.005691,	Top-1 err = 79.050000,	Top-5 err = 52.200000,	train_time = 3.075222
TRAIN Iter 71: loss = 0.005691,	Top-1 err = 81.500000,	Top-5 err = 60.150000,	train_time = 3.425642
TRAIN Iter 72: loss = 0.005513,	Top-1 err = 81.450000,	Top-5 err = 55.500000,	train_time = 3.124620
TRAIN Iter 73: loss = 0.005480,	Top-1 err = 80.250000,	Top-5 err = 57.150000,	train_time = 3.065012
TRAIN Iter 74: loss = 0.005414,	Top-1 err = 80.250000,	Top-5 err = 53.650000,	train_time = 3.117018
TRAIN Iter 75: loss = 0.005397,	Top-1 err = 82.700000,	Top-5 err = 60.150000,	train_time = 3.009264
TRAIN Iter 76: loss = 0.005204,	Top-1 err = 80.150000,	Top-5 err = 53.800000,	train_time = 3.213645
TRAIN Iter 77: loss = 0.005529,	Top-1 err = 75.950000,	Top-5 err = 44.600000,	train_time = 3.219927
TRAIN Iter 78: loss = 0.005387,	Top-1 err = 75.800000,	Top-5 err = 47.200000,	train_time = 3.071882
TRAIN Iter 79: loss = 0.005431,	Top-1 err = 76.900000,	Top-5 err = 50.500000,	train_time = 3.248915
TRAIN Iter 80: loss = 0.005367,	Top-1 err = 81.900000,	Top-5 err = 58.900000,	train_time = 3.207084
TRAIN Iter 81: loss = 0.005227,	Top-1 err = 77.650000,	Top-5 err = 52.650000,	train_time = 3.053074
TRAIN Iter 82: loss = 0.005291,	Top-1 err = 73.400000,	Top-5 err = 46.000000,	train_time = 3.316661
TRAIN Iter 83: loss = 0.005222,	Top-1 err = 73.750000,	Top-5 err = 44.850000,	train_time = 3.174344
TRAIN Iter 84: loss = 0.005277,	Top-1 err = 74.200000,	Top-5 err = 47.900000,	train_time = 3.044418
TRAIN Iter 85: loss = 0.005067,	Top-1 err = 76.200000,	Top-5 err = 49.600000,	train_time = 3.179693
TRAIN Iter 86: loss = 0.005058,	Top-1 err = 78.650000,	Top-5 err = 53.350000,	train_time = 3.206922
TRAIN Iter 87: loss = 0.005137,	Top-1 err = 76.150000,	Top-5 err = 52.900000,	train_time = 3.140489
TRAIN Iter 88: loss = 0.004976,	Top-1 err = 73.650000,	Top-5 err = 45.050000,	train_time = 3.335209
TRAIN Iter 89: loss = 0.004969,	Top-1 err = 76.100000,	Top-5 err = 48.550000,	train_time = 3.193157
TRAIN Iter 90: loss = 0.005160,	Top-1 err = 78.400000,	Top-5 err = 54.700000,	train_time = 3.053993
TRAIN Iter 91: loss = 0.004987,	Top-1 err = 73.950000,	Top-5 err = 44.600000,	train_time = 3.042930
TRAIN Iter 92: loss = 0.004930,	Top-1 err = 77.250000,	Top-5 err = 52.400000,	train_time = 3.056606
TRAIN Iter 93: loss = 0.004942,	Top-1 err = 75.850000,	Top-5 err = 50.650000,	train_time = 3.167404
TRAIN Iter 94: loss = 0.004820,	Top-1 err = 73.100000,	Top-5 err = 46.200000,	train_time = 3.114813
TRAIN Iter 95: loss = 0.004798,	Top-1 err = 72.300000,	Top-5 err = 46.450000,	train_time = 2.989152
TRAIN Iter 96: loss = 0.004775,	Top-1 err = 70.650000,	Top-5 err = 42.050000,	train_time = 3.046187
TRAIN Iter 97: loss = 0.004701,	Top-1 err = 74.700000,	Top-5 err = 49.850000,	train_time = 3.200617
TRAIN Iter 98: loss = 0.004757,	Top-1 err = 69.950000,	Top-5 err = 41.250000,	train_time = 3.041058
TRAIN Iter 99: loss = 0.004596,	Top-1 err = 75.450000,	Top-5 err = 50.700000,	train_time = 3.073793
TRAIN Iter 100: loss = 0.004751,	Top-1 err = 79.700000,	Top-5 err = 59.650000,	train_time = 3.058251
TRAIN Iter 101: loss = 0.004676,	Top-1 err = 70.400000,	Top-5 err = 39.750000,	train_time = 3.063150
TRAIN Iter 102: loss = 0.004683,	Top-1 err = 76.050000,	Top-5 err = 49.750000,	train_time = 3.329344
TRAIN Iter 103: loss = 0.004632,	Top-1 err = 65.850000,	Top-5 err = 37.150000,	train_time = 3.181758
TRAIN Iter 104: loss = 0.004590,	Top-1 err = 77.700000,	Top-5 err = 56.500000,	train_time = 3.092942
TRAIN Iter 105: loss = 0.004630,	Top-1 err = 77.350000,	Top-5 err = 55.150000,	train_time = 3.081047
TRAIN Iter 106: loss = 0.004687,	Top-1 err = 78.150000,	Top-5 err = 56.550000,	train_time = 3.092567
TRAIN Iter 107: loss = 0.004512,	Top-1 err = 69.450000,	Top-5 err = 44.600000,	train_time = 3.123033
TRAIN Iter 108: loss = 0.004479,	Top-1 err = 70.900000,	Top-5 err = 45.250000,	train_time = 3.346604
TRAIN Iter 109: loss = 0.004490,	Top-1 err = 69.550000,	Top-5 err = 41.100000,	train_time = 3.314076
TRAIN Iter 110: loss = 0.004525,	Top-1 err = 62.700000,	Top-5 err = 35.150000,	train_time = 3.185562
TRAIN Iter 111: loss = 0.004318,	Top-1 err = 62.000000,	Top-5 err = 36.350000,	train_time = 3.041626
TRAIN Iter 112: loss = 0.004393,	Top-1 err = 69.250000,	Top-5 err = 43.800000,	train_time = 3.338486
TRAIN Iter 113: loss = 0.004247,	Top-1 err = 72.000000,	Top-5 err = 46.850000,	train_time = 3.163569
TRAIN Iter 114: loss = 0.004400,	Top-1 err = 67.950000,	Top-5 err = 44.000000,	train_time = 3.052665
TRAIN Iter 115: loss = 0.004244,	Top-1 err = 63.250000,	Top-5 err = 37.550000,	train_time = 3.528230
TRAIN Iter 116: loss = 0.004436,	Top-1 err = 73.200000,	Top-5 err = 48.750000,	train_time = 3.200720
TRAIN Iter 117: loss = 0.004393,	Top-1 err = 67.300000,	Top-5 err = 40.350000,	train_time = 3.056395
TRAIN Iter 118: loss = 0.004343,	Top-1 err = 70.400000,	Top-5 err = 44.800000,	train_time = 3.082561
TRAIN Iter 119: loss = 0.004366,	Top-1 err = 61.050000,	Top-5 err = 29.400000,	train_time = 3.027261
TRAIN Iter 120: loss = 0.004250,	Top-1 err = 70.400000,	Top-5 err = 46.950000,	train_time = 3.060685
TRAIN Iter 121: loss = 0.004285,	Top-1 err = 65.650000,	Top-5 err = 40.200000,	train_time = 3.260888
TRAIN Iter 122: loss = 0.004394,	Top-1 err = 71.850000,	Top-5 err = 45.400000,	train_time = 3.011030
TRAIN Iter 123: loss = 0.004167,	Top-1 err = 62.250000,	Top-5 err = 35.250000,	train_time = 3.348059
TRAIN Iter 124: loss = 0.004154,	Top-1 err = 70.900000,	Top-5 err = 47.200000,	train_time = 3.188596
TRAIN Iter 125: loss = 0.004196,	Top-1 err = 66.750000,	Top-5 err = 42.150000,	train_time = 3.047432
TRAIN Iter 126: loss = 0.004126,	Top-1 err = 65.750000,	Top-5 err = 40.500000,	train_time = 3.015098
TRAIN Iter 127: loss = 0.004035,	Top-1 err = 66.250000,	Top-5 err = 42.800000,	train_time = 3.096240
TRAIN Iter 128: loss = 0.004132,	Top-1 err = 67.150000,	Top-5 err = 41.500000,	train_time = 3.305431
TRAIN Iter 129: loss = 0.004033,	Top-1 err = 64.350000,	Top-5 err = 39.100000,	train_time = 3.138097
TRAIN Iter 130: loss = 0.004049,	Top-1 err = 71.150000,	Top-5 err = 50.200000,	train_time = 3.118474
TRAIN Iter 131: loss = 0.004009,	Top-1 err = 62.150000,	Top-5 err = 36.250000,	train_time = 3.243205
TRAIN Iter 132: loss = 0.003974,	Top-1 err = 61.750000,	Top-5 err = 36.050000,	train_time = 2.993546
TRAIN Iter 133: loss = 0.003928,	Top-1 err = 57.550000,	Top-5 err = 28.950000,	train_time = 3.076184
TRAIN Iter 134: loss = 0.003933,	Top-1 err = 67.000000,	Top-5 err = 41.400000,	train_time = 3.066532
TRAIN Iter 135: loss = 0.003870,	Top-1 err = 60.000000,	Top-5 err = 34.800000,	train_time = 3.232601
TRAIN Iter 136: loss = 0.003974,	Top-1 err = 69.550000,	Top-5 err = 43.900000,	train_time = 3.227509
TRAIN Iter 137: loss = 0.003826,	Top-1 err = 71.500000,	Top-5 err = 48.850000,	train_time = 3.073193
TRAIN Iter 138: loss = 0.003940,	Top-1 err = 66.000000,	Top-5 err = 41.100000,	train_time = 3.102487
TRAIN Iter 139: loss = 0.004015,	Top-1 err = 65.250000,	Top-5 err = 37.900000,	train_time = 3.239576
TRAIN Iter 140: loss = 0.003990,	Top-1 err = 58.500000,	Top-5 err = 30.400000,	train_time = 3.411354
TRAIN Iter 141: loss = 0.003803,	Top-1 err = 65.100000,	Top-5 err = 42.150000,	train_time = 3.115868
TRAIN Iter 142: loss = 0.003961,	Top-1 err = 65.950000,	Top-5 err = 41.600000,	train_time = 3.040197
TRAIN Iter 143: loss = 0.003921,	Top-1 err = 68.800000,	Top-5 err = 45.650000,	train_time = 3.001604
TRAIN Iter 144: loss = 0.003742,	Top-1 err = 55.550000,	Top-5 err = 30.550000,	train_time = 3.003013
TRAIN Iter 145: loss = 0.003719,	Top-1 err = 53.750000,	Top-5 err = 25.650000,	train_time = 3.091643
TRAIN Iter 146: loss = 0.003796,	Top-1 err = 60.700000,	Top-5 err = 34.950000,	train_time = 3.071163
TRAIN Iter 147: loss = 0.003770,	Top-1 err = 60.900000,	Top-5 err = 34.600000,	train_time = 3.493230
TRAIN Iter 148: loss = 0.003817,	Top-1 err = 58.250000,	Top-5 err = 32.250000,	train_time = 3.354603
TRAIN Iter 149: loss = 0.003781,	Top-1 err = 56.600000,	Top-5 err = 30.150000,	train_time = 3.058190
TRAIN Iter 150: loss = 0.003819,	Top-1 err = 62.200000,	Top-5 err = 35.900000,	train_time = 3.041385
TRAIN Iter 151: loss = 0.003800,	Top-1 err = 61.600000,	Top-5 err = 35.750000,	train_time = 3.235641
TRAIN Iter 152: loss = 0.003867,	Top-1 err = 64.700000,	Top-5 err = 42.600000,	train_time = 3.364097
TRAIN Iter 153: loss = 0.003887,	Top-1 err = 67.700000,	Top-5 err = 45.950000,	train_time = 3.091506
TRAIN Iter 154: loss = 0.003731,	Top-1 err = 69.000000,	Top-5 err = 46.150000,	train_time = 3.074255
TRAIN Iter 155: loss = 0.003741,	Top-1 err = 61.900000,	Top-5 err = 40.900000,	train_time = 3.055433
TRAIN Iter 156: loss = 0.003661,	Top-1 err = 55.850000,	Top-5 err = 30.800000,	train_time = 3.086685
TRAIN Iter 157: loss = 0.003631,	Top-1 err = 53.500000,	Top-5 err = 28.800000,	train_time = 3.064217
TRAIN Iter 158: loss = 0.003641,	Top-1 err = 60.650000,	Top-5 err = 35.200000,	train_time = 3.146595
TRAIN Iter 159: loss = 0.003589,	Top-1 err = 59.600000,	Top-5 err = 34.050000,	train_time = 3.174070
TRAIN Iter 160: loss = 0.003600,	Top-1 err = 54.150000,	Top-5 err = 26.900000,	train_time = 3.045813
TRAIN Iter 161: loss = 0.003770,	Top-1 err = 67.400000,	Top-5 err = 43.900000,	train_time = 3.273745
TRAIN Iter 162: loss = 0.003563,	Top-1 err = 56.350000,	Top-5 err = 31.600000,	train_time = 3.120725
TRAIN Iter 163: loss = 0.003546,	Top-1 err = 59.300000,	Top-5 err = 36.450000,	train_time = 3.033410
TRAIN Iter 164: loss = 0.003558,	Top-1 err = 52.550000,	Top-5 err = 25.550000,	train_time = 3.040641
TRAIN Iter 165: loss = 0.003528,	Top-1 err = 53.450000,	Top-5 err = 29.350000,	train_time = 3.035019
TRAIN Iter 166: loss = 0.003682,	Top-1 err = 67.250000,	Top-5 err = 45.800000,	train_time = 3.246166
TRAIN Iter 167: loss = 0.003579,	Top-1 err = 61.250000,	Top-5 err = 37.000000,	train_time = 3.073931
TRAIN Iter 168: loss = 0.003545,	Top-1 err = 64.950000,	Top-5 err = 45.400000,	train_time = 3.119457
TRAIN Iter 169: loss = 0.003691,	Top-1 err = 71.850000,	Top-5 err = 51.050000,	train_time = 3.212236
TRAIN Iter 170: loss = 0.003548,	Top-1 err = 60.350000,	Top-5 err = 38.650000,	train_time = 3.102665
TRAIN Iter 171: loss = 0.003592,	Top-1 err = 68.500000,	Top-5 err = 45.300000,	train_time = 3.018554
TRAIN Iter 172: loss = 0.003563,	Top-1 err = 64.250000,	Top-5 err = 42.400000,	train_time = 3.156794
TRAIN Iter 173: loss = 0.003506,	Top-1 err = 65.700000,	Top-5 err = 42.800000,	train_time = 3.146101
TRAIN Iter 174: loss = 0.003632,	Top-1 err = 75.950000,	Top-5 err = 53.100000,	train_time = 3.099738
TRAIN Iter 175: loss = 0.003475,	Top-1 err = 60.850000,	Top-5 err = 38.300000,	train_time = 3.052438
TRAIN Iter 176: loss = 0.003536,	Top-1 err = 57.050000,	Top-5 err = 32.050000,	train_time = 3.095716
TRAIN Iter 177: loss = 0.003480,	Top-1 err = 55.700000,	Top-5 err = 29.200000,	train_time = 3.071578
TRAIN Iter 178: loss = 0.003428,	Top-1 err = 61.400000,	Top-5 err = 39.150000,	train_time = 3.079828
TRAIN Iter 179: loss = 0.003505,	Top-1 err = 61.350000,	Top-5 err = 38.050000,	train_time = 3.202002
TRAIN Iter 180: loss = 0.003534,	Top-1 err = 62.600000,	Top-5 err = 38.600000,	train_time = 3.060130
TRAIN Iter 181: loss = 0.003386,	Top-1 err = 50.600000,	Top-5 err = 27.550000,	train_time = 3.017978
TRAIN Iter 182: loss = 0.003233,	Top-1 err = 50.050000,	Top-5 err = 29.250000,	train_time = 3.083323
TRAIN Iter 183: loss = 0.003406,	Top-1 err = 52.850000,	Top-5 err = 27.100000,	train_time = 3.332059
TRAIN Iter 184: loss = 0.003440,	Top-1 err = 62.650000,	Top-5 err = 38.650000,	train_time = 3.259356
TRAIN Iter 185: loss = 0.003390,	Top-1 err = 52.600000,	Top-5 err = 27.550000,	train_time = 3.108061
TRAIN Iter 186: loss = 0.003517,	Top-1 err = 68.800000,	Top-5 err = 43.600000,	train_time = 3.043757
TRAIN Iter 187: loss = 0.003376,	Top-1 err = 53.950000,	Top-5 err = 30.550000,	train_time = 3.082155
TRAIN Iter 188: loss = 0.003435,	Top-1 err = 57.500000,	Top-5 err = 33.550000,	train_time = 3.314083
TRAIN Iter 189: loss = 0.003451,	Top-1 err = 64.350000,	Top-5 err = 40.200000,	train_time = 3.202164
TRAIN Iter 190: loss = 0.003294,	Top-1 err = 58.300000,	Top-5 err = 35.800000,	train_time = 3.050494
TRAIN Iter 191: loss = 0.003385,	Top-1 err = 62.850000,	Top-5 err = 41.050000,	train_time = 3.209135
TRAIN Iter 192: loss = 0.003444,	Top-1 err = 66.050000,	Top-5 err = 44.350000,	train_time = 3.307847
TRAIN Iter 193: loss = 0.003330,	Top-1 err = 63.450000,	Top-5 err = 42.850000,	train_time = 3.135480
TRAIN Iter 194: loss = 0.003329,	Top-1 err = 62.000000,	Top-5 err = 39.150000,	train_time = 3.073128
TRAIN Iter 195: loss = 0.003296,	Top-1 err = 65.200000,	Top-5 err = 44.450000,	train_time = 3.362282
TRAIN Iter 196: loss = 0.003265,	Top-1 err = 53.000000,	Top-5 err = 28.900000,	train_time = 3.299720
TRAIN Iter 197: loss = 0.003388,	Top-1 err = 61.400000,	Top-5 err = 39.650000,	train_time = 3.138378
TRAIN Iter 198: loss = 0.003293,	Top-1 err = 57.650000,	Top-5 err = 33.500000,	train_time = 3.031015
TRAIN Iter 199: loss = 0.003277,	Top-1 err = 52.350000,	Top-5 err = 27.750000,	train_time = 3.008898
TRAIN Iter 200: loss = 0.003324,	Top-1 err = 50.900000,	Top-5 err = 25.250000,	train_time = 3.036009
TRAIN Iter 201: loss = 0.003296,	Top-1 err = 56.450000,	Top-5 err = 30.000000,	train_time = 3.120750
TRAIN Iter 202: loss = 0.003283,	Top-1 err = 61.300000,	Top-5 err = 37.950000,	train_time = 3.114786
TRAIN Iter 203: loss = 0.003270,	Top-1 err = 69.150000,	Top-5 err = 46.300000,	train_time = 3.319613
TRAIN Iter 204: loss = 0.003351,	Top-1 err = 60.650000,	Top-5 err = 35.850000,	train_time = 3.055858
TRAIN Iter 205: loss = 0.003332,	Top-1 err = 64.350000,	Top-5 err = 42.150000,	train_time = 3.290319
TRAIN Iter 206: loss = 0.003243,	Top-1 err = 62.200000,	Top-5 err = 42.000000,	train_time = 3.142632
TRAIN Iter 207: loss = 0.003251,	Top-1 err = 65.250000,	Top-5 err = 44.800000,	train_time = 3.017083
TRAIN Iter 208: loss = 0.003308,	Top-1 err = 62.550000,	Top-5 err = 41.050000,	train_time = 3.036627
TRAIN Iter 209: loss = 0.003209,	Top-1 err = 52.000000,	Top-5 err = 29.050000,	train_time = 3.054527
TRAIN Iter 210: loss = 0.003173,	Top-1 err = 50.000000,	Top-5 err = 27.050000,	train_time = 3.259353
TRAIN Iter 211: loss = 0.002996,	Top-1 err = 44.050000,	Top-5 err = 20.600000,	train_time = 3.296113
TRAIN Iter 212: loss = 0.003073,	Top-1 err = 54.550000,	Top-5 err = 35.150000,	train_time = 3.154800
TRAIN Iter 213: loss = 0.003016,	Top-1 err = 53.350000,	Top-5 err = 32.850000,	train_time = 3.010847
TRAIN Iter 214: loss = 0.003179,	Top-1 err = 50.100000,	Top-5 err = 25.550000,	train_time = 3.076581
TRAIN Iter 215: loss = 0.003163,	Top-1 err = 62.000000,	Top-5 err = 40.000000,	train_time = 3.033276
TRAIN Iter 216: loss = 0.003145,	Top-1 err = 61.650000,	Top-5 err = 38.300000,	train_time = 3.292382
TRAIN Iter 217: loss = 0.003183,	Top-1 err = 64.650000,	Top-5 err = 43.950000,	train_time = 3.274952
TRAIN Iter 218: loss = 0.003083,	Top-1 err = 51.200000,	Top-5 err = 29.950000,	train_time = 3.110545
TRAIN Iter 219: loss = 0.003111,	Top-1 err = 59.150000,	Top-5 err = 37.350000,	train_time = 3.020596
TRAIN Iter 220: loss = 0.003112,	Top-1 err = 57.550000,	Top-5 err = 36.350000,	train_time = 3.099370
TRAIN Iter 221: loss = 0.003171,	Top-1 err = 63.700000,	Top-5 err = 41.400000,	train_time = 3.242192
TRAIN Iter 222: loss = 0.003157,	Top-1 err = 56.200000,	Top-5 err = 34.700000,	train_time = 3.262011
TRAIN Iter 223: loss = 0.003129,	Top-1 err = 60.250000,	Top-5 err = 38.150000,	train_time = 3.130718
TRAIN Iter 224: loss = 0.003072,	Top-1 err = 45.350000,	Top-5 err = 21.650000,	train_time = 3.007903
TRAIN Iter 225: loss = 0.003100,	Top-1 err = 58.900000,	Top-5 err = 36.850000,	train_time = 3.005442
TRAIN Iter 226: loss = 0.003006,	Top-1 err = 53.500000,	Top-5 err = 34.150000,	train_time = 3.447344
TRAIN Iter 227: loss = 0.003168,	Top-1 err = 66.450000,	Top-5 err = 45.300000,	train_time = 3.046579
TRAIN Iter 228: loss = 0.003158,	Top-1 err = 58.050000,	Top-5 err = 36.000000,	train_time = 3.031739
TRAIN Iter 229: loss = 0.003178,	Top-1 err = 70.700000,	Top-5 err = 48.250000,	train_time = 3.119998
TRAIN Iter 230: loss = 0.003101,	Top-1 err = 61.800000,	Top-5 err = 40.650000,	train_time = 3.112014
TRAIN Iter 231: loss = 0.003162,	Top-1 err = 51.700000,	Top-5 err = 27.900000,	train_time = 3.023434
TRAIN Iter 232: loss = 0.003077,	Top-1 err = 61.800000,	Top-5 err = 39.350000,	train_time = 3.266187
TRAIN Iter 233: loss = 0.003058,	Top-1 err = 56.700000,	Top-5 err = 36.050000,	train_time = 3.140397
TRAIN Iter 234: loss = 0.003090,	Top-1 err = 63.450000,	Top-5 err = 40.400000,	train_time = 3.028811
TRAIN Iter 235: loss = 0.003090,	Top-1 err = 61.600000,	Top-5 err = 40.000000,	train_time = 3.023435
TRAIN Iter 236: loss = 0.003005,	Top-1 err = 60.500000,	Top-5 err = 38.950000,	train_time = 3.501693
TRAIN Iter 237: loss = 0.003081,	Top-1 err = 53.700000,	Top-5 err = 29.850000,	train_time = 3.214372
TRAIN Iter 238: loss = 0.002992,	Top-1 err = 58.750000,	Top-5 err = 36.200000,	train_time = 3.052592
TRAIN Iter 239: loss = 0.003022,	Top-1 err = 65.350000,	Top-5 err = 44.000000,	train_time = 3.250986
TRAIN Iter 240: loss = 0.002996,	Top-1 err = 57.800000,	Top-5 err = 34.000000,	train_time = 3.149173
TRAIN Iter 241: loss = 0.003002,	Top-1 err = 52.950000,	Top-5 err = 29.500000,	train_time = 3.034879
TRAIN Iter 242: loss = 0.002863,	Top-1 err = 45.550000,	Top-5 err = 22.400000,	train_time = 3.107801
TRAIN Iter 243: loss = 0.003034,	Top-1 err = 54.200000,	Top-5 err = 32.100000,	train_time = 3.014784
TRAIN Iter 244: loss = 0.002914,	Top-1 err = 48.500000,	Top-5 err = 25.200000,	train_time = 3.233363
TRAIN Iter 245: loss = 0.003052,	Top-1 err = 68.150000,	Top-5 err = 47.600000,	train_time = 3.321753
TRAIN Iter 246: loss = 0.003050,	Top-1 err = 58.750000,	Top-5 err = 37.600000,	train_time = 3.186180
TRAIN Iter 247: loss = 0.002970,	Top-1 err = 53.800000,	Top-5 err = 32.200000,	train_time = 2.966984
TRAIN Iter 248: loss = 0.003024,	Top-1 err = 57.150000,	Top-5 err = 34.750000,	train_time = 3.012937
TRAIN Iter 249: loss = 0.002861,	Top-1 err = 39.700000,	Top-5 err = 18.150000,	train_time = 3.195286
TEST:
Iter 249: loss = 2.663664,	Top-1 err = 62.960000,	Top-5 err = 34.230000,	val_time = 3.164425
TRAIN Iter 250: loss = 0.003117,	Top-1 err = 56.150000,	Top-5 err = 31.700000,	train_time = 3.096841
TRAIN Iter 251: loss = 0.003006,	Top-1 err = 57.200000,	Top-5 err = 33.700000,	train_time = 3.036798
TRAIN Iter 252: loss = 0.002982,	Top-1 err = 57.950000,	Top-5 err = 36.350000,	train_time = 3.172094
TRAIN Iter 253: loss = 0.003130,	Top-1 err = 58.650000,	Top-5 err = 35.300000,	train_time = 3.084305
TRAIN Iter 254: loss = 0.003109,	Top-1 err = 64.350000,	Top-5 err = 40.900000,	train_time = 2.998499
TRAIN Iter 255: loss = 0.002929,	Top-1 err = 56.050000,	Top-5 err = 35.400000,	train_time = 3.182581
TRAIN Iter 256: loss = 0.002983,	Top-1 err = 66.350000,	Top-5 err = 43.050000,	train_time = 3.333580
TRAIN Iter 257: loss = 0.002962,	Top-1 err = 53.700000,	Top-5 err = 31.150000,	train_time = 3.164770
TRAIN Iter 258: loss = 0.002865,	Top-1 err = 46.950000,	Top-5 err = 23.250000,	train_time = 3.056878
TRAIN Iter 259: loss = 0.002963,	Top-1 err = 66.500000,	Top-5 err = 44.900000,	train_time = 3.051342
TEST:
Iter 259: loss = 2.714879,	Top-1 err = 63.260000,	Top-5 err = 34.380000,	val_time = 3.141814
TRAIN Iter 260: loss = 0.002851,	Top-1 err = 53.600000,	Top-5 err = 32.150000,	train_time = 3.082389
TRAIN Iter 261: loss = 0.002885,	Top-1 err = 62.650000,	Top-5 err = 40.950000,	train_time = 3.081786
TRAIN Iter 262: loss = 0.002956,	Top-1 err = 56.900000,	Top-5 err = 35.250000,	train_time = 3.118736
TRAIN Iter 263: loss = 0.002823,	Top-1 err = 53.500000,	Top-5 err = 32.450000,	train_time = 3.067398
TRAIN Iter 264: loss = 0.002933,	Top-1 err = 57.850000,	Top-5 err = 34.950000,	train_time = 3.468280
TRAIN Iter 265: loss = 0.002972,	Top-1 err = 61.200000,	Top-5 err = 39.650000,	train_time = 3.171037
TRAIN Iter 266: loss = 0.002908,	Top-1 err = 56.450000,	Top-5 err = 35.750000,	train_time = 3.032670
TRAIN Iter 267: loss = 0.002814,	Top-1 err = 59.050000,	Top-5 err = 41.050000,	train_time = 3.017017
TRAIN Iter 268: loss = 0.002872,	Top-1 err = 49.750000,	Top-5 err = 29.100000,	train_time = 3.143009
TRAIN Iter 269: loss = 0.002892,	Top-1 err = 60.650000,	Top-5 err = 38.900000,	train_time = 3.107362
TEST:
Iter 269: loss = 2.678391,	Top-1 err = 62.520000,	Top-5 err = 34.430000,	val_time = 3.185237
TRAIN Iter 270: loss = 0.002841,	Top-1 err = 54.650000,	Top-5 err = 31.800000,	train_time = 3.314461
TRAIN Iter 271: loss = 0.002880,	Top-1 err = 59.350000,	Top-5 err = 35.900000,	train_time = 3.161891
TRAIN Iter 272: loss = 0.002761,	Top-1 err = 50.050000,	Top-5 err = 26.500000,	train_time = 3.042743
TRAIN Iter 273: loss = 0.002910,	Top-1 err = 56.300000,	Top-5 err = 34.900000,	train_time = 3.058719
TRAIN Iter 274: loss = 0.002927,	Top-1 err = 68.250000,	Top-5 err = 48.500000,	train_time = 3.011684
TRAIN Iter 275: loss = 0.002714,	Top-1 err = 47.650000,	Top-5 err = 27.300000,	train_time = 3.110757
TRAIN Iter 276: loss = 0.002794,	Top-1 err = 48.300000,	Top-5 err = 24.950000,	train_time = 3.062330
TRAIN Iter 277: loss = 0.002810,	Top-1 err = 56.500000,	Top-5 err = 35.300000,	train_time = 3.023864
TRAIN Iter 278: loss = 0.002713,	Top-1 err = 45.200000,	Top-5 err = 23.600000,	train_time = 3.209635
TRAIN Iter 279: loss = 0.002757,	Top-1 err = 51.800000,	Top-5 err = 32.850000,	train_time = 3.337925
TEST:
Iter 279: loss = 2.723489,	Top-1 err = 63.150000,	Top-5 err = 34.840000,	val_time = 3.078545
TRAIN Iter 280: loss = 0.002892,	Top-1 err = 57.450000,	Top-5 err = 37.750000,	train_time = 3.062303
TRAIN Iter 281: loss = 0.002995,	Top-1 err = 69.950000,	Top-5 err = 50.300000,	train_time = 3.003926
TRAIN Iter 282: loss = 0.002728,	Top-1 err = 49.200000,	Top-5 err = 30.750000,	train_time = 3.116524
TRAIN Iter 283: loss = 0.002833,	Top-1 err = 57.000000,	Top-5 err = 33.900000,	train_time = 3.252083
TRAIN Iter 284: loss = 0.002614,	Top-1 err = 40.300000,	Top-5 err = 20.750000,	train_time = 3.117167
TRAIN Iter 285: loss = 0.002669,	Top-1 err = 53.250000,	Top-5 err = 34.000000,	train_time = 3.195143
TRAIN Iter 286: loss = 0.002745,	Top-1 err = 50.300000,	Top-5 err = 28.950000,	train_time = 3.157296
TRAIN Iter 287: loss = 0.002662,	Top-1 err = 42.300000,	Top-5 err = 21.350000,	train_time = 3.030019
TRAIN Iter 288: loss = 0.002522,	Top-1 err = 39.050000,	Top-5 err = 18.550000,	train_time = 3.105352
TRAIN Iter 289: loss = 0.002877,	Top-1 err = 60.350000,	Top-5 err = 40.700000,	train_time = 3.071837
TEST:
Iter 289: loss = 2.660887,	Top-1 err = 62.070000,	Top-5 err = 33.440000,	val_time = 2.976451
TRAIN Iter 290: loss = 0.002760,	Top-1 err = 50.300000,	Top-5 err = 28.500000,	train_time = 3.096188
TRAIN Iter 291: loss = 0.002542,	Top-1 err = 41.300000,	Top-5 err = 20.950000,	train_time = 3.201062
TRAIN Iter 292: loss = 0.002693,	Top-1 err = 51.000000,	Top-5 err = 30.750000,	train_time = 3.069850
TRAIN Iter 293: loss = 0.002522,	Top-1 err = 37.600000,	Top-5 err = 17.150000,	train_time = 3.080446
TRAIN Iter 294: loss = 0.002755,	Top-1 err = 55.350000,	Top-5 err = 34.300000,	train_time = 3.113680
TRAIN Iter 295: loss = 0.002799,	Top-1 err = 57.650000,	Top-5 err = 36.800000,	train_time = 3.144515
TRAIN Iter 296: loss = 0.002640,	Top-1 err = 43.450000,	Top-5 err = 23.900000,	train_time = 3.523235
TRAIN Iter 297: loss = 0.002681,	Top-1 err = 48.150000,	Top-5 err = 27.400000,	train_time = 3.326106
TRAIN Iter 298: loss = 0.002806,	Top-1 err = 56.600000,	Top-5 err = 35.600000,	train_time = 3.040870
TRAIN Iter 299: loss = 0.002676,	Top-1 err = 46.050000,	Top-5 err = 25.150000,	train_time = 3.240555
TEST:
Iter 299: loss = 2.617372,	Top-1 err = 61.330000,	Top-5 err = 32.950000,	val_time = 3.145671
Train Finish! Best accuracy is 38.67@299
