/home/dvspanos/miniconda3/envs/rded/lib/python3.10/site-packages/torchvision/models/_utils.py:208: UserWarning: The parameter 'pretrained' is deprecated since 0.13 and may be removed in the future, please use 'weights' instead.
  warnings.warn(
/home/dvspanos/miniconda3/envs/rded/lib/python3.10/site-packages/torchvision/models/_utils.py:223: UserWarning: Arguments other than a weight enum or `None` for 'weights' are deprecated since 0.13 and may be removed in the future. The current behavior is equivalent to passing `weights=None`.
  warnings.warn(msg)
=> using pytorch pre-trained teacher model 'resnet18_modified'
process data from /home/dvspanos/nikos/ca2d/artifacts/sets/bench_tin_rn18_sharp2d_ipc10
load data successfully
TRAIN Iter 0: loss = 0.017372,	Top-1 err = 99.400000,	Top-5 err = 96.900000,	train_time = 4.533692
TRAIN Iter 1: loss = 0.016948,	Top-1 err = 98.900000,	Top-5 err = 93.450000,	train_time = 2.859856
TRAIN Iter 2: loss = 0.016552,	Top-1 err = 97.750000,	Top-5 err = 92.100000,	train_time = 2.883330
TRAIN Iter 3: loss = 0.016506,	Top-1 err = 97.550000,	Top-5 err = 90.500000,	train_time = 2.901100
TRAIN Iter 4: loss = 0.015773,	Top-1 err = 97.600000,	Top-5 err = 89.850000,	train_time = 2.877637
TRAIN Iter 5: loss = 0.017352,	Top-1 err = 96.850000,	Top-5 err = 87.550000,	train_time = 2.894148
TRAIN Iter 6: loss = 0.015108,	Top-1 err = 96.250000,	Top-5 err = 86.150000,	train_time = 2.878758
TRAIN Iter 7: loss = 0.014973,	Top-1 err = 95.550000,	Top-5 err = 86.650000,	train_time = 2.957444
TRAIN Iter 8: loss = 0.015183,	Top-1 err = 94.300000,	Top-5 err = 83.000000,	train_time = 2.949048
TRAIN Iter 9: loss = 0.014992,	Top-1 err = 94.600000,	Top-5 err = 81.800000,	train_time = 2.924287
TRAIN Iter 10: loss = 0.015657,	Top-1 err = 93.500000,	Top-5 err = 79.050000,	train_time = 2.965947
TRAIN Iter 11: loss = 0.015451,	Top-1 err = 93.000000,	Top-5 err = 79.800000,	train_time = 3.301032
TRAIN Iter 12: loss = 0.016227,	Top-1 err = 92.250000,	Top-5 err = 74.300000,	train_time = 3.048719
TRAIN Iter 13: loss = 0.015045,	Top-1 err = 92.150000,	Top-5 err = 78.500000,	train_time = 2.937924
TRAIN Iter 14: loss = 0.014457,	Top-1 err = 91.350000,	Top-5 err = 76.200000,	train_time = 2.945817
TRAIN Iter 15: loss = 0.015074,	Top-1 err = 91.800000,	Top-5 err = 77.500000,	train_time = 2.989846
TRAIN Iter 16: loss = 0.014365,	Top-1 err = 90.250000,	Top-5 err = 73.150000,	train_time = 2.961872
TRAIN Iter 17: loss = 0.012688,	Top-1 err = 89.100000,	Top-5 err = 73.500000,	train_time = 3.146544
TRAIN Iter 18: loss = 0.013956,	Top-1 err = 89.250000,	Top-5 err = 69.900000,	train_time = 3.121853
TRAIN Iter 19: loss = 0.012222,	Top-1 err = 89.800000,	Top-5 err = 74.950000,	train_time = 2.980474
TRAIN Iter 20: loss = 0.013277,	Top-1 err = 88.400000,	Top-5 err = 70.500000,	train_time = 2.996800
TRAIN Iter 21: loss = 0.014062,	Top-1 err = 85.350000,	Top-5 err = 64.100000,	train_time = 3.115577
TRAIN Iter 22: loss = 0.012675,	Top-1 err = 88.600000,	Top-5 err = 70.900000,	train_time = 2.989829
TRAIN Iter 23: loss = 0.013361,	Top-1 err = 85.550000,	Top-5 err = 65.450000,	train_time = 3.062334
TRAIN Iter 24: loss = 0.012791,	Top-1 err = 86.400000,	Top-5 err = 66.400000,	train_time = 3.089989
TRAIN Iter 25: loss = 0.013486,	Top-1 err = 84.200000,	Top-5 err = 62.000000,	train_time = 2.978811
TRAIN Iter 26: loss = 0.012647,	Top-1 err = 84.200000,	Top-5 err = 63.500000,	train_time = 3.077125
TRAIN Iter 27: loss = 0.012211,	Top-1 err = 85.200000,	Top-5 err = 65.700000,	train_time = 3.110999
TRAIN Iter 28: loss = 0.012827,	Top-1 err = 83.950000,	Top-5 err = 64.400000,	train_time = 3.005975
TRAIN Iter 29: loss = 0.011640,	Top-1 err = 87.300000,	Top-5 err = 70.350000,	train_time = 3.090940
TRAIN Iter 30: loss = 0.011877,	Top-1 err = 82.300000,	Top-5 err = 58.650000,	train_time = 3.060582
TRAIN Iter 31: loss = 0.011785,	Top-1 err = 81.500000,	Top-5 err = 60.350000,	train_time = 3.001039
TRAIN Iter 32: loss = 0.011154,	Top-1 err = 82.500000,	Top-5 err = 61.450000,	train_time = 3.180501
TRAIN Iter 33: loss = 0.011798,	Top-1 err = 80.100000,	Top-5 err = 57.100000,	train_time = 3.246422
TRAIN Iter 34: loss = 0.011708,	Top-1 err = 76.400000,	Top-5 err = 52.000000,	train_time = 3.116752
TRAIN Iter 35: loss = 0.011419,	Top-1 err = 79.550000,	Top-5 err = 58.100000,	train_time = 3.000837
TRAIN Iter 36: loss = 0.011710,	Top-1 err = 75.750000,	Top-5 err = 53.250000,	train_time = 3.268859
TRAIN Iter 37: loss = 0.011175,	Top-1 err = 76.000000,	Top-5 err = 51.900000,	train_time = 3.150492
TRAIN Iter 38: loss = 0.011321,	Top-1 err = 77.850000,	Top-5 err = 56.600000,	train_time = 3.032382
TRAIN Iter 39: loss = 0.012109,	Top-1 err = 72.650000,	Top-5 err = 47.850000,	train_time = 3.144840
TRAIN Iter 40: loss = 0.011326,	Top-1 err = 75.550000,	Top-5 err = 51.650000,	train_time = 2.999397
TRAIN Iter 41: loss = 0.011983,	Top-1 err = 69.800000,	Top-5 err = 44.700000,	train_time = 3.000393
TRAIN Iter 42: loss = 0.011884,	Top-1 err = 69.750000,	Top-5 err = 43.550000,	train_time = 2.975783
TRAIN Iter 43: loss = 0.010549,	Top-1 err = 76.350000,	Top-5 err = 53.650000,	train_time = 3.013877
TRAIN Iter 44: loss = 0.010457,	Top-1 err = 67.900000,	Top-5 err = 44.000000,	train_time = 3.009048
TRAIN Iter 45: loss = 0.010521,	Top-1 err = 71.950000,	Top-5 err = 48.800000,	train_time = 3.168704
TRAIN Iter 46: loss = 0.010928,	Top-1 err = 68.650000,	Top-5 err = 45.000000,	train_time = 3.188635
TRAIN Iter 47: loss = 0.010716,	Top-1 err = 65.900000,	Top-5 err = 41.250000,	train_time = 2.960822
TRAIN Iter 48: loss = 0.010034,	Top-1 err = 78.550000,	Top-5 err = 60.000000,	train_time = 2.954853
TRAIN Iter 49: loss = 0.010317,	Top-1 err = 71.250000,	Top-5 err = 50.550000,	train_time = 3.050611
TRAIN Iter 50: loss = 0.011123,	Top-1 err = 61.000000,	Top-5 err = 35.900000,	train_time = 3.012181
TRAIN Iter 51: loss = 0.009911,	Top-1 err = 69.450000,	Top-5 err = 47.050000,	train_time = 3.012860
TRAIN Iter 52: loss = 0.009663,	Top-1 err = 67.150000,	Top-5 err = 43.600000,	train_time = 3.151440
TRAIN Iter 53: loss = 0.009595,	Top-1 err = 65.750000,	Top-5 err = 43.050000,	train_time = 3.084076
TRAIN Iter 54: loss = 0.009045,	Top-1 err = 67.050000,	Top-5 err = 42.800000,	train_time = 3.221119
TRAIN Iter 55: loss = 0.009441,	Top-1 err = 63.450000,	Top-5 err = 38.000000,	train_time = 3.247082
TRAIN Iter 56: loss = 0.009621,	Top-1 err = 65.150000,	Top-5 err = 42.900000,	train_time = 3.118823
TRAIN Iter 57: loss = 0.009728,	Top-1 err = 60.300000,	Top-5 err = 37.450000,	train_time = 3.009894
TRAIN Iter 58: loss = 0.010028,	Top-1 err = 52.600000,	Top-5 err = 26.650000,	train_time = 3.031621
TRAIN Iter 59: loss = 0.009043,	Top-1 err = 58.500000,	Top-5 err = 35.350000,	train_time = 3.123261
TRAIN Iter 60: loss = 0.008905,	Top-1 err = 64.700000,	Top-5 err = 42.500000,	train_time = 2.986465
TRAIN Iter 61: loss = 0.009100,	Top-1 err = 61.200000,	Top-5 err = 37.650000,	train_time = 3.002266
TRAIN Iter 62: loss = 0.009205,	Top-1 err = 56.600000,	Top-5 err = 32.250000,	train_time = 3.034061
TRAIN Iter 63: loss = 0.008405,	Top-1 err = 64.050000,	Top-5 err = 40.850000,	train_time = 3.083902
TRAIN Iter 64: loss = 0.008723,	Top-1 err = 61.550000,	Top-5 err = 39.000000,	train_time = 3.021207
TRAIN Iter 65: loss = 0.008879,	Top-1 err = 50.500000,	Top-5 err = 25.250000,	train_time = 3.048571
TRAIN Iter 66: loss = 0.008499,	Top-1 err = 66.450000,	Top-5 err = 47.100000,	train_time = 3.062344
TRAIN Iter 67: loss = 0.008552,	Top-1 err = 50.750000,	Top-5 err = 26.350000,	train_time = 3.067315
TRAIN Iter 68: loss = 0.008607,	Top-1 err = 54.600000,	Top-5 err = 30.900000,	train_time = 3.016556
TRAIN Iter 69: loss = 0.008163,	Top-1 err = 64.450000,	Top-5 err = 42.550000,	train_time = 3.277174
TRAIN Iter 70: loss = 0.008229,	Top-1 err = 57.650000,	Top-5 err = 36.350000,	train_time = 3.151550
TRAIN Iter 71: loss = 0.007717,	Top-1 err = 65.500000,	Top-5 err = 42.200000,	train_time = 3.119143
TRAIN Iter 72: loss = 0.008123,	Top-1 err = 66.750000,	Top-5 err = 47.750000,	train_time = 2.991668
TRAIN Iter 73: loss = 0.007834,	Top-1 err = 61.200000,	Top-5 err = 38.850000,	train_time = 3.009738
TRAIN Iter 74: loss = 0.008160,	Top-1 err = 57.750000,	Top-5 err = 38.650000,	train_time = 3.021289
TRAIN Iter 75: loss = 0.008406,	Top-1 err = 48.200000,	Top-5 err = 28.300000,	train_time = 2.956575
TRAIN Iter 76: loss = 0.007790,	Top-1 err = 47.100000,	Top-5 err = 24.050000,	train_time = 3.015999
TRAIN Iter 77: loss = 0.007788,	Top-1 err = 43.100000,	Top-5 err = 21.850000,	train_time = 3.089758
TRAIN Iter 78: loss = 0.007531,	Top-1 err = 51.700000,	Top-5 err = 28.650000,	train_time = 3.092136
TRAIN Iter 79: loss = 0.008102,	Top-1 err = 40.950000,	Top-5 err = 20.200000,	train_time = 3.001404
TRAIN Iter 80: loss = 0.007471,	Top-1 err = 56.050000,	Top-5 err = 33.050000,	train_time = 3.046010
TRAIN Iter 81: loss = 0.007297,	Top-1 err = 47.950000,	Top-5 err = 25.000000,	train_time = 3.055584
TRAIN Iter 82: loss = 0.007387,	Top-1 err = 52.900000,	Top-5 err = 27.950000,	train_time = 3.005526
TRAIN Iter 83: loss = 0.007868,	Top-1 err = 40.000000,	Top-5 err = 21.800000,	train_time = 3.215623
TRAIN Iter 84: loss = 0.007358,	Top-1 err = 47.000000,	Top-5 err = 24.750000,	train_time = 3.099628
TRAIN Iter 85: loss = 0.007114,	Top-1 err = 51.550000,	Top-5 err = 33.350000,	train_time = 3.006536
TRAIN Iter 86: loss = 0.007559,	Top-1 err = 45.750000,	Top-5 err = 25.900000,	train_time = 3.112834
TRAIN Iter 87: loss = 0.007136,	Top-1 err = 52.800000,	Top-5 err = 33.500000,	train_time = 3.098758
TRAIN Iter 88: loss = 0.007092,	Top-1 err = 45.950000,	Top-5 err = 26.100000,	train_time = 2.993294
TRAIN Iter 89: loss = 0.007531,	Top-1 err = 50.150000,	Top-5 err = 31.550000,	train_time = 3.122278
TRAIN Iter 90: loss = 0.006872,	Top-1 err = 61.850000,	Top-5 err = 44.650000,	train_time = 3.177955
TRAIN Iter 91: loss = 0.007209,	Top-1 err = 43.500000,	Top-5 err = 23.350000,	train_time = 3.063651
TRAIN Iter 92: loss = 0.006872,	Top-1 err = 49.300000,	Top-5 err = 32.500000,	train_time = 2.969430
TRAIN Iter 93: loss = 0.007191,	Top-1 err = 37.250000,	Top-5 err = 19.950000,	train_time = 3.206926
TRAIN Iter 94: loss = 0.006715,	Top-1 err = 56.950000,	Top-5 err = 39.800000,	train_time = 3.075134
TRAIN Iter 95: loss = 0.006674,	Top-1 err = 42.950000,	Top-5 err = 22.450000,	train_time = 3.011498
TRAIN Iter 96: loss = 0.007105,	Top-1 err = 38.550000,	Top-5 err = 22.200000,	train_time = 3.351145
TRAIN Iter 97: loss = 0.006882,	Top-1 err = 42.100000,	Top-5 err = 22.800000,	train_time = 3.055931
TRAIN Iter 98: loss = 0.006718,	Top-1 err = 50.300000,	Top-5 err = 30.900000,	train_time = 3.037403
TRAIN Iter 99: loss = 0.006542,	Top-1 err = 34.500000,	Top-5 err = 15.600000,	train_time = 3.021688
TRAIN Iter 100: loss = 0.006647,	Top-1 err = 43.800000,	Top-5 err = 27.750000,	train_time = 2.981184
TRAIN Iter 101: loss = 0.006493,	Top-1 err = 31.750000,	Top-5 err = 14.100000,	train_time = 3.091023
TRAIN Iter 102: loss = 0.006243,	Top-1 err = 41.650000,	Top-5 err = 23.300000,	train_time = 3.019585
TRAIN Iter 103: loss = 0.006557,	Top-1 err = 43.900000,	Top-5 err = 24.000000,	train_time = 3.041135
TRAIN Iter 104: loss = 0.006346,	Top-1 err = 40.900000,	Top-5 err = 24.300000,	train_time = 3.400388
TRAIN Iter 105: loss = 0.006226,	Top-1 err = 48.300000,	Top-5 err = 26.850000,	train_time = 3.018902
TRAIN Iter 106: loss = 0.006386,	Top-1 err = 45.450000,	Top-5 err = 30.850000,	train_time = 3.084931
TRAIN Iter 107: loss = 0.006063,	Top-1 err = 31.550000,	Top-5 err = 14.100000,	train_time = 3.050993
TRAIN Iter 108: loss = 0.006408,	Top-1 err = 44.100000,	Top-5 err = 27.450000,	train_time = 2.975551
TRAIN Iter 109: loss = 0.006221,	Top-1 err = 47.400000,	Top-5 err = 31.150000,	train_time = 3.150874
TRAIN Iter 110: loss = 0.006419,	Top-1 err = 31.950000,	Top-5 err = 18.650000,	train_time = 3.171735
TRAIN Iter 111: loss = 0.006269,	Top-1 err = 35.900000,	Top-5 err = 20.800000,	train_time = 3.165854
TRAIN Iter 112: loss = 0.006212,	Top-1 err = 33.600000,	Top-5 err = 18.400000,	train_time = 3.032032
TRAIN Iter 113: loss = 0.006145,	Top-1 err = 35.850000,	Top-5 err = 21.350000,	train_time = 3.290674
TRAIN Iter 114: loss = 0.006105,	Top-1 err = 45.550000,	Top-5 err = 23.900000,	train_time = 3.078900
TRAIN Iter 115: loss = 0.005907,	Top-1 err = 53.400000,	Top-5 err = 35.800000,	train_time = 2.952349
TRAIN Iter 116: loss = 0.005954,	Top-1 err = 30.000000,	Top-5 err = 14.000000,	train_time = 2.944775
TRAIN Iter 117: loss = 0.005979,	Top-1 err = 45.500000,	Top-5 err = 31.850000,	train_time = 3.144803
TRAIN Iter 118: loss = 0.005863,	Top-1 err = 39.150000,	Top-5 err = 20.000000,	train_time = 3.098351
TRAIN Iter 119: loss = 0.005792,	Top-1 err = 38.700000,	Top-5 err = 22.900000,	train_time = 2.991564
TRAIN Iter 120: loss = 0.005746,	Top-1 err = 45.000000,	Top-5 err = 29.600000,	train_time = 3.113253
TRAIN Iter 121: loss = 0.005669,	Top-1 err = 43.150000,	Top-5 err = 22.600000,	train_time = 3.110622
TRAIN Iter 122: loss = 0.005625,	Top-1 err = 36.300000,	Top-5 err = 19.400000,	train_time = 3.002500
TRAIN Iter 123: loss = 0.005837,	Top-1 err = 29.350000,	Top-5 err = 17.700000,	train_time = 3.047298
TRAIN Iter 124: loss = 0.005674,	Top-1 err = 34.600000,	Top-5 err = 23.000000,	train_time = 2.992206
TRAIN Iter 125: loss = 0.005656,	Top-1 err = 28.450000,	Top-5 err = 12.250000,	train_time = 3.138197
TRAIN Iter 126: loss = 0.005525,	Top-1 err = 42.950000,	Top-5 err = 24.300000,	train_time = 3.095095
TRAIN Iter 127: loss = 0.005742,	Top-1 err = 34.750000,	Top-5 err = 25.250000,	train_time = 2.997390
TRAIN Iter 128: loss = 0.005436,	Top-1 err = 40.700000,	Top-5 err = 25.600000,	train_time = 2.983051
TRAIN Iter 129: loss = 0.005469,	Top-1 err = 27.300000,	Top-5 err = 14.000000,	train_time = 3.185272
TRAIN Iter 130: loss = 0.005390,	Top-1 err = 31.350000,	Top-5 err = 18.500000,	train_time = 3.073860
TRAIN Iter 131: loss = 0.005484,	Top-1 err = 36.850000,	Top-5 err = 20.400000,	train_time = 3.153218
TRAIN Iter 132: loss = 0.005451,	Top-1 err = 36.800000,	Top-5 err = 23.600000,	train_time = 3.126126
TRAIN Iter 133: loss = 0.005376,	Top-1 err = 34.500000,	Top-5 err = 19.750000,	train_time = 2.959055
TRAIN Iter 134: loss = 0.005269,	Top-1 err = 50.700000,	Top-5 err = 35.950000,	train_time = 3.127540
TRAIN Iter 135: loss = 0.005287,	Top-1 err = 49.450000,	Top-5 err = 31.600000,	train_time = 3.101043
TRAIN Iter 136: loss = 0.005221,	Top-1 err = 27.150000,	Top-5 err = 12.050000,	train_time = 3.013876
TRAIN Iter 137: loss = 0.005268,	Top-1 err = 35.950000,	Top-5 err = 23.400000,	train_time = 3.023917
TRAIN Iter 138: loss = 0.005469,	Top-1 err = 38.850000,	Top-5 err = 23.000000,	train_time = 3.050444
TRAIN Iter 139: loss = 0.005449,	Top-1 err = 45.600000,	Top-5 err = 26.350000,	train_time = 3.011386
TRAIN Iter 140: loss = 0.005173,	Top-1 err = 48.200000,	Top-5 err = 34.600000,	train_time = 3.120979
TRAIN Iter 141: loss = 0.005221,	Top-1 err = 36.900000,	Top-5 err = 24.300000,	train_time = 3.057186
TRAIN Iter 142: loss = 0.005272,	Top-1 err = 26.200000,	Top-5 err = 15.700000,	train_time = 3.042240
TRAIN Iter 143: loss = 0.005145,	Top-1 err = 41.150000,	Top-5 err = 23.700000,	train_time = 3.015974
TRAIN Iter 144: loss = 0.005345,	Top-1 err = 27.650000,	Top-5 err = 15.850000,	train_time = 3.279284
TRAIN Iter 145: loss = 0.005202,	Top-1 err = 41.200000,	Top-5 err = 28.000000,	train_time = 3.105869
TRAIN Iter 146: loss = 0.005249,	Top-1 err = 38.250000,	Top-5 err = 22.900000,	train_time = 2.972851
TRAIN Iter 147: loss = 0.005180,	Top-1 err = 35.750000,	Top-5 err = 19.900000,	train_time = 2.985790
TRAIN Iter 148: loss = 0.005070,	Top-1 err = 30.550000,	Top-5 err = 18.200000,	train_time = 2.990884
TRAIN Iter 149: loss = 0.005216,	Top-1 err = 38.950000,	Top-5 err = 20.600000,	train_time = 3.474370
TRAIN Iter 150: loss = 0.005051,	Top-1 err = 46.950000,	Top-5 err = 32.750000,	train_time = 3.158218
TRAIN Iter 151: loss = 0.005086,	Top-1 err = 40.000000,	Top-5 err = 23.350000,	train_time = 2.959707
TRAIN Iter 152: loss = 0.004996,	Top-1 err = 48.150000,	Top-5 err = 31.700000,	train_time = 3.187227
TRAIN Iter 153: loss = 0.004975,	Top-1 err = 29.600000,	Top-5 err = 14.200000,	train_time = 2.994286
TRAIN Iter 154: loss = 0.004944,	Top-1 err = 37.750000,	Top-5 err = 20.800000,	train_time = 2.977014
TRAIN Iter 155: loss = 0.005074,	Top-1 err = 27.700000,	Top-5 err = 14.700000,	train_time = 3.265960
TRAIN Iter 156: loss = 0.004869,	Top-1 err = 25.400000,	Top-5 err = 12.350000,	train_time = 3.000495
TRAIN Iter 157: loss = 0.004954,	Top-1 err = 32.550000,	Top-5 err = 17.950000,	train_time = 3.072978
TRAIN Iter 158: loss = 0.004928,	Top-1 err = 27.200000,	Top-5 err = 14.350000,	train_time = 3.034538
TRAIN Iter 159: loss = 0.004910,	Top-1 err = 38.550000,	Top-5 err = 18.950000,	train_time = 2.991816
TRAIN Iter 160: loss = 0.004842,	Top-1 err = 28.500000,	Top-5 err = 13.400000,	train_time = 2.997683
TRAIN Iter 161: loss = 0.004709,	Top-1 err = 31.400000,	Top-5 err = 19.600000,	train_time = 3.065436
TRAIN Iter 162: loss = 0.004881,	Top-1 err = 36.650000,	Top-5 err = 24.150000,	train_time = 3.201669
TRAIN Iter 163: loss = 0.004777,	Top-1 err = 38.400000,	Top-5 err = 25.150000,	train_time = 3.063263
TRAIN Iter 164: loss = 0.004840,	Top-1 err = 32.500000,	Top-5 err = 18.950000,	train_time = 3.004838
TRAIN Iter 165: loss = 0.004894,	Top-1 err = 43.100000,	Top-5 err = 29.350000,	train_time = 3.004734
TRAIN Iter 166: loss = 0.004839,	Top-1 err = 23.950000,	Top-5 err = 12.450000,	train_time = 3.013294
TRAIN Iter 167: loss = 0.004804,	Top-1 err = 35.100000,	Top-5 err = 20.550000,	train_time = 3.096376
TRAIN Iter 168: loss = 0.004869,	Top-1 err = 45.500000,	Top-5 err = 28.300000,	train_time = 3.036812
TRAIN Iter 169: loss = 0.004769,	Top-1 err = 35.300000,	Top-5 err = 20.650000,	train_time = 2.999425
TRAIN Iter 170: loss = 0.004725,	Top-1 err = 31.450000,	Top-5 err = 16.400000,	train_time = 3.125276
TRAIN Iter 171: loss = 0.004757,	Top-1 err = 24.700000,	Top-5 err = 16.200000,	train_time = 3.137295
TRAIN Iter 172: loss = 0.004652,	Top-1 err = 33.000000,	Top-5 err = 20.650000,	train_time = 3.001788
TRAIN Iter 173: loss = 0.004652,	Top-1 err = 29.550000,	Top-5 err = 16.300000,	train_time = 3.183380
TRAIN Iter 174: loss = 0.004694,	Top-1 err = 27.900000,	Top-5 err = 14.900000,	train_time = 3.084162
TRAIN Iter 175: loss = 0.004583,	Top-1 err = 30.800000,	Top-5 err = 16.300000,	train_time = 3.140880
TRAIN Iter 176: loss = 0.004709,	Top-1 err = 43.250000,	Top-5 err = 29.250000,	train_time = 3.112704
TRAIN Iter 177: loss = 0.004621,	Top-1 err = 35.500000,	Top-5 err = 23.650000,	train_time = 3.016216
TRAIN Iter 178: loss = 0.004634,	Top-1 err = 46.300000,	Top-5 err = 32.200000,	train_time = 3.019191
TRAIN Iter 179: loss = 0.004586,	Top-1 err = 39.700000,	Top-5 err = 26.600000,	train_time = 3.091538
TRAIN Iter 180: loss = 0.004530,	Top-1 err = 29.150000,	Top-5 err = 19.000000,	train_time = 3.202723
TRAIN Iter 181: loss = 0.004655,	Top-1 err = 33.250000,	Top-5 err = 20.750000,	train_time = 3.019317
TRAIN Iter 182: loss = 0.004761,	Top-1 err = 48.850000,	Top-5 err = 32.350000,	train_time = 3.068360
TRAIN Iter 183: loss = 0.004673,	Top-1 err = 42.150000,	Top-5 err = 25.400000,	train_time = 3.046456
TRAIN Iter 184: loss = 0.004530,	Top-1 err = 28.850000,	Top-5 err = 15.850000,	train_time = 3.086329
TRAIN Iter 185: loss = 0.004573,	Top-1 err = 27.750000,	Top-5 err = 14.400000,	train_time = 3.103320
TRAIN Iter 186: loss = 0.004355,	Top-1 err = 34.300000,	Top-5 err = 21.500000,	train_time = 3.003973
TRAIN Iter 187: loss = 0.004486,	Top-1 err = 23.350000,	Top-5 err = 10.700000,	train_time = 2.973980
TRAIN Iter 188: loss = 0.004584,	Top-1 err = 28.500000,	Top-5 err = 15.400000,	train_time = 3.110032
TRAIN Iter 189: loss = 0.004716,	Top-1 err = 40.100000,	Top-5 err = 24.050000,	train_time = 3.008110
TRAIN Iter 190: loss = 0.004552,	Top-1 err = 53.200000,	Top-5 err = 33.500000,	train_time = 2.961616
TRAIN Iter 191: loss = 0.004397,	Top-1 err = 24.100000,	Top-5 err = 15.550000,	train_time = 3.159801
TRAIN Iter 192: loss = 0.004497,	Top-1 err = 35.050000,	Top-5 err = 20.450000,	train_time = 3.103229
TRAIN Iter 193: loss = 0.004294,	Top-1 err = 39.050000,	Top-5 err = 25.700000,	train_time = 2.980773
TRAIN Iter 194: loss = 0.004310,	Top-1 err = 30.950000,	Top-5 err = 16.600000,	train_time = 3.254264
TRAIN Iter 195: loss = 0.004522,	Top-1 err = 35.600000,	Top-5 err = 18.950000,	train_time = 3.261332
TRAIN Iter 196: loss = 0.004466,	Top-1 err = 35.700000,	Top-5 err = 20.850000,	train_time = 3.005359
TRAIN Iter 197: loss = 0.004444,	Top-1 err = 47.200000,	Top-5 err = 32.450000,	train_time = 3.042620
TRAIN Iter 198: loss = 0.004346,	Top-1 err = 38.800000,	Top-5 err = 26.350000,	train_time = 2.974054
TRAIN Iter 199: loss = 0.004446,	Top-1 err = 38.300000,	Top-5 err = 24.850000,	train_time = 3.028827
TRAIN Iter 200: loss = 0.004309,	Top-1 err = 45.850000,	Top-5 err = 31.150000,	train_time = 2.970246
TRAIN Iter 201: loss = 0.004421,	Top-1 err = 24.550000,	Top-5 err = 11.250000,	train_time = 3.043862
TRAIN Iter 202: loss = 0.004252,	Top-1 err = 30.450000,	Top-5 err = 20.750000,	train_time = 3.090061
TRAIN Iter 203: loss = 0.004436,	Top-1 err = 50.450000,	Top-5 err = 35.550000,	train_time = 3.128181
TRAIN Iter 204: loss = 0.004367,	Top-1 err = 41.500000,	Top-5 err = 27.850000,	train_time = 3.013550
TRAIN Iter 205: loss = 0.004318,	Top-1 err = 35.500000,	Top-5 err = 19.000000,	train_time = 3.201363
TRAIN Iter 206: loss = 0.004256,	Top-1 err = 22.450000,	Top-5 err = 11.550000,	train_time = 3.063050
TRAIN Iter 207: loss = 0.004260,	Top-1 err = 42.800000,	Top-5 err = 24.400000,	train_time = 3.096062
TRAIN Iter 208: loss = 0.004208,	Top-1 err = 42.050000,	Top-5 err = 27.200000,	train_time = 3.252731
TRAIN Iter 209: loss = 0.004290,	Top-1 err = 28.750000,	Top-5 err = 17.300000,	train_time = 2.985527
TRAIN Iter 210: loss = 0.004197,	Top-1 err = 28.450000,	Top-5 err = 14.300000,	train_time = 2.985377
TRAIN Iter 211: loss = 0.004079,	Top-1 err = 12.450000,	Top-5 err = 4.650000,	train_time = 3.077364
TRAIN Iter 212: loss = 0.004360,	Top-1 err = 40.650000,	Top-5 err = 24.700000,	train_time = 2.965479
TRAIN Iter 213: loss = 0.004286,	Top-1 err = 43.550000,	Top-5 err = 27.150000,	train_time = 3.167311
TRAIN Iter 214: loss = 0.004130,	Top-1 err = 29.850000,	Top-5 err = 17.300000,	train_time = 3.133113
TRAIN Iter 215: loss = 0.004107,	Top-1 err = 20.950000,	Top-5 err = 12.800000,	train_time = 3.034760
TRAIN Iter 216: loss = 0.004178,	Top-1 err = 25.700000,	Top-5 err = 12.600000,	train_time = 3.236800
TRAIN Iter 217: loss = 0.004247,	Top-1 err = 35.450000,	Top-5 err = 20.850000,	train_time = 3.138124
TRAIN Iter 218: loss = 0.004156,	Top-1 err = 26.750000,	Top-5 err = 14.500000,	train_time = 3.009429
TRAIN Iter 219: loss = 0.004249,	Top-1 err = 40.300000,	Top-5 err = 22.450000,	train_time = 3.011756
TRAIN Iter 220: loss = 0.004084,	Top-1 err = 30.250000,	Top-5 err = 15.600000,	train_time = 3.379744
TRAIN Iter 221: loss = 0.004186,	Top-1 err = 28.400000,	Top-5 err = 16.450000,	train_time = 3.168461
TRAIN Iter 222: loss = 0.004035,	Top-1 err = 22.000000,	Top-5 err = 12.500000,	train_time = 2.930575
TRAIN Iter 223: loss = 0.004159,	Top-1 err = 32.350000,	Top-5 err = 16.600000,	train_time = 3.051180
TRAIN Iter 224: loss = 0.004038,	Top-1 err = 34.200000,	Top-5 err = 23.550000,	train_time = 2.984180
TRAIN Iter 225: loss = 0.004163,	Top-1 err = 32.950000,	Top-5 err = 22.250000,	train_time = 3.168385
TRAIN Iter 226: loss = 0.004112,	Top-1 err = 33.150000,	Top-5 err = 22.300000,	train_time = 3.136139
TRAIN Iter 227: loss = 0.003941,	Top-1 err = 15.950000,	Top-5 err = 9.550000,	train_time = 3.001241
TRAIN Iter 228: loss = 0.004178,	Top-1 err = 28.800000,	Top-5 err = 16.400000,	train_time = 3.003311
TRAIN Iter 229: loss = 0.003975,	Top-1 err = 28.300000,	Top-5 err = 13.950000,	train_time = 3.063324
TRAIN Iter 230: loss = 0.004020,	Top-1 err = 33.950000,	Top-5 err = 21.100000,	train_time = 3.026691
TRAIN Iter 231: loss = 0.004102,	Top-1 err = 32.100000,	Top-5 err = 19.700000,	train_time = 3.000998
TRAIN Iter 232: loss = 0.004021,	Top-1 err = 25.600000,	Top-5 err = 14.150000,	train_time = 2.973611
TRAIN Iter 233: loss = 0.003991,	Top-1 err = 45.850000,	Top-5 err = 29.250000,	train_time = 2.945554
TRAIN Iter 234: loss = 0.004020,	Top-1 err = 41.050000,	Top-5 err = 22.250000,	train_time = 3.062954
TRAIN Iter 235: loss = 0.004116,	Top-1 err = 43.350000,	Top-5 err = 25.150000,	train_time = 2.993237
TRAIN Iter 236: loss = 0.004010,	Top-1 err = 26.950000,	Top-5 err = 13.300000,	train_time = 3.223660
TRAIN Iter 237: loss = 0.004083,	Top-1 err = 26.250000,	Top-5 err = 13.950000,	train_time = 3.261112
TRAIN Iter 238: loss = 0.004141,	Top-1 err = 42.200000,	Top-5 err = 26.800000,	train_time = 3.137516
TRAIN Iter 239: loss = 0.004013,	Top-1 err = 42.700000,	Top-5 err = 27.500000,	train_time = 3.013084
TRAIN Iter 240: loss = 0.003842,	Top-1 err = 26.750000,	Top-5 err = 13.250000,	train_time = 3.223491
TRAIN Iter 241: loss = 0.004016,	Top-1 err = 31.750000,	Top-5 err = 18.950000,	train_time = 3.223907
TRAIN Iter 242: loss = 0.003938,	Top-1 err = 41.150000,	Top-5 err = 26.100000,	train_time = 3.005606
TRAIN Iter 243: loss = 0.003791,	Top-1 err = 18.500000,	Top-5 err = 10.550000,	train_time = 2.946323
TRAIN Iter 244: loss = 0.003971,	Top-1 err = 28.550000,	Top-5 err = 15.950000,	train_time = 3.049461
TRAIN Iter 245: loss = 0.003913,	Top-1 err = 41.050000,	Top-5 err = 24.200000,	train_time = 3.223541
TRAIN Iter 246: loss = 0.003941,	Top-1 err = 35.300000,	Top-5 err = 20.600000,	train_time = 2.996429
TRAIN Iter 247: loss = 0.003936,	Top-1 err = 35.500000,	Top-5 err = 18.800000,	train_time = 2.990025
TRAIN Iter 248: loss = 0.003944,	Top-1 err = 34.400000,	Top-5 err = 21.750000,	train_time = 3.123096
TRAIN Iter 249: loss = 0.003842,	Top-1 err = 27.300000,	Top-5 err = 15.850000,	train_time = 3.096743
TEST:
Iter 249: loss = 2.686817,	Top-1 err = 58.720000,	Top-5 err = 31.880000,	val_time = 2.853556
TRAIN Iter 250: loss = 0.003778,	Top-1 err = 22.700000,	Top-5 err = 12.750000,	train_time = 3.060044
TRAIN Iter 251: loss = 0.003782,	Top-1 err = 18.300000,	Top-5 err = 9.300000,	train_time = 3.312880
TRAIN Iter 252: loss = 0.003984,	Top-1 err = 31.300000,	Top-5 err = 17.000000,	train_time = 3.161945
TRAIN Iter 253: loss = 0.003863,	Top-1 err = 29.850000,	Top-5 err = 16.100000,	train_time = 2.971847
TRAIN Iter 254: loss = 0.003785,	Top-1 err = 22.900000,	Top-5 err = 11.650000,	train_time = 3.181778
TRAIN Iter 255: loss = 0.003854,	Top-1 err = 31.350000,	Top-5 err = 19.700000,	train_time = 3.123985
TRAIN Iter 256: loss = 0.003828,	Top-1 err = 39.250000,	Top-5 err = 23.750000,	train_time = 2.997156
TRAIN Iter 257: loss = 0.003795,	Top-1 err = 26.950000,	Top-5 err = 16.600000,	train_time = 3.039021
TRAIN Iter 258: loss = 0.003942,	Top-1 err = 37.250000,	Top-5 err = 22.450000,	train_time = 3.000522
TRAIN Iter 259: loss = 0.003967,	Top-1 err = 28.000000,	Top-5 err = 16.700000,	train_time = 2.969205
TEST:
Iter 259: loss = 2.642482,	Top-1 err = 57.490000,	Top-5 err = 31.540000,	val_time = 2.849827
TRAIN Iter 260: loss = 0.004070,	Top-1 err = 38.350000,	Top-5 err = 22.500000,	train_time = 3.018881
TRAIN Iter 261: loss = 0.003879,	Top-1 err = 37.100000,	Top-5 err = 24.300000,	train_time = 3.139064
TRAIN Iter 262: loss = 0.003790,	Top-1 err = 29.100000,	Top-5 err = 16.850000,	train_time = 3.020008
TRAIN Iter 263: loss = 0.003976,	Top-1 err = 40.300000,	Top-5 err = 22.100000,	train_time = 3.085668
TRAIN Iter 264: loss = 0.003782,	Top-1 err = 23.100000,	Top-5 err = 11.650000,	train_time = 3.136637
TRAIN Iter 265: loss = 0.003905,	Top-1 err = 48.300000,	Top-5 err = 30.650000,	train_time = 3.018222
TRAIN Iter 266: loss = 0.003855,	Top-1 err = 29.750000,	Top-5 err = 16.400000,	train_time = 3.084628
TRAIN Iter 267: loss = 0.003713,	Top-1 err = 29.950000,	Top-5 err = 14.750000,	train_time = 3.198447
TRAIN Iter 268: loss = 0.003720,	Top-1 err = 30.650000,	Top-5 err = 19.400000,	train_time = 3.061199
TRAIN Iter 269: loss = 0.003813,	Top-1 err = 36.150000,	Top-5 err = 23.200000,	train_time = 2.973364
TEST:
Iter 269: loss = 2.612492,	Top-1 err = 57.660000,	Top-5 err = 31.440000,	val_time = 2.863089
TRAIN Iter 270: loss = 0.003854,	Top-1 err = 37.950000,	Top-5 err = 21.500000,	train_time = 2.973853
TRAIN Iter 271: loss = 0.003853,	Top-1 err = 38.100000,	Top-5 err = 23.600000,	train_time = 3.189131
TRAIN Iter 272: loss = 0.003657,	Top-1 err = 20.650000,	Top-5 err = 11.000000,	train_time = 3.036495
TRAIN Iter 273: loss = 0.003724,	Top-1 err = 39.150000,	Top-5 err = 26.900000,	train_time = 3.228685
TRAIN Iter 274: loss = 0.003728,	Top-1 err = 32.800000,	Top-5 err = 21.300000,	train_time = 3.285846
TRAIN Iter 275: loss = 0.003644,	Top-1 err = 21.700000,	Top-5 err = 10.250000,	train_time = 3.100227
TRAIN Iter 276: loss = 0.003677,	Top-1 err = 37.800000,	Top-5 err = 24.300000,	train_time = 2.924616
TRAIN Iter 277: loss = 0.003788,	Top-1 err = 28.950000,	Top-5 err = 15.050000,	train_time = 3.015345
TRAIN Iter 278: loss = 0.003821,	Top-1 err = 44.200000,	Top-5 err = 26.000000,	train_time = 3.053598
TRAIN Iter 279: loss = 0.003686,	Top-1 err = 34.100000,	Top-5 err = 18.700000,	train_time = 3.233708
TEST:
Iter 279: loss = 2.599166,	Top-1 err = 57.280000,	Top-5 err = 31.200000,	val_time = 3.046762
TRAIN Iter 280: loss = 0.003722,	Top-1 err = 34.950000,	Top-5 err = 22.200000,	train_time = 3.033834
TRAIN Iter 281: loss = 0.003780,	Top-1 err = 39.900000,	Top-5 err = 26.700000,	train_time = 2.965736
TRAIN Iter 282: loss = 0.003801,	Top-1 err = 35.700000,	Top-5 err = 21.500000,	train_time = 3.166272
TRAIN Iter 283: loss = 0.003665,	Top-1 err = 27.750000,	Top-5 err = 15.850000,	train_time = 3.100312
TRAIN Iter 284: loss = 0.003591,	Top-1 err = 18.900000,	Top-5 err = 8.500000,	train_time = 2.998850
TRAIN Iter 285: loss = 0.003743,	Top-1 err = 33.150000,	Top-5 err = 19.150000,	train_time = 2.952756
TRAIN Iter 286: loss = 0.003568,	Top-1 err = 25.300000,	Top-5 err = 14.700000,	train_time = 3.002362
TRAIN Iter 287: loss = 0.003580,	Top-1 err = 33.700000,	Top-5 err = 23.450000,	train_time = 3.133092
TRAIN Iter 288: loss = 0.003657,	Top-1 err = 21.650000,	Top-5 err = 7.550000,	train_time = 3.113837
TRAIN Iter 289: loss = 0.003622,	Top-1 err = 35.700000,	Top-5 err = 22.350000,	train_time = 2.996825
TEST:
Iter 289: loss = 2.571358,	Top-1 err = 57.350000,	Top-5 err = 30.960000,	val_time = 2.986020
TRAIN Iter 290: loss = 0.003834,	Top-1 err = 38.950000,	Top-5 err = 20.250000,	train_time = 3.028344
TRAIN Iter 291: loss = 0.003746,	Top-1 err = 31.400000,	Top-5 err = 14.750000,	train_time = 3.084101
TRAIN Iter 292: loss = 0.003614,	Top-1 err = 41.500000,	Top-5 err = 28.650000,	train_time = 3.025424
TRAIN Iter 293: loss = 0.003529,	Top-1 err = 32.250000,	Top-5 err = 21.450000,	train_time = 3.125762
TRAIN Iter 294: loss = 0.003604,	Top-1 err = 32.450000,	Top-5 err = 19.350000,	train_time = 3.084532
TRAIN Iter 295: loss = 0.003671,	Top-1 err = 33.250000,	Top-5 err = 19.950000,	train_time = 2.998611
TRAIN Iter 296: loss = 0.003685,	Top-1 err = 39.350000,	Top-5 err = 23.900000,	train_time = 3.015882
TRAIN Iter 297: loss = 0.003459,	Top-1 err = 32.100000,	Top-5 err = 20.250000,	train_time = 3.108156
TRAIN Iter 298: loss = 0.003649,	Top-1 err = 34.850000,	Top-5 err = 23.350000,	train_time = 3.087084
TRAIN Iter 299: loss = 0.003563,	Top-1 err = 19.900000,	Top-5 err = 9.650000,	train_time = 3.007639
TEST:
Iter 299: loss = 2.579713,	Top-1 err = 56.840000,	Top-5 err = 30.530000,	val_time = 2.889818
Train Finish! Best accuracy is 43.16@299
