=> using pytorch pre-trained teacher model 'conv4'
process data from /home/dvspanos/nikos/ca2d/artifacts/rded_sets/tin_cadprune_ipc10
load data successfully
TRAIN Iter 0: loss = 0.018773,	Top-1 err = 99.400000,	Top-5 err = 97.350000,	train_time = 3.507698
TRAIN Iter 1: loss = 0.016864,	Top-1 err = 98.700000,	Top-5 err = 93.400000,	train_time = 2.279462
TRAIN Iter 2: loss = 0.015140,	Top-1 err = 97.200000,	Top-5 err = 89.850000,	train_time = 2.258302
TRAIN Iter 3: loss = 0.014310,	Top-1 err = 94.950000,	Top-5 err = 85.000000,	train_time = 2.236443
TRAIN Iter 4: loss = 0.013098,	Top-1 err = 94.700000,	Top-5 err = 81.550000,	train_time = 2.275938
TRAIN Iter 5: loss = 0.012954,	Top-1 err = 90.550000,	Top-5 err = 74.050000,	train_time = 2.298412
TRAIN Iter 6: loss = 0.011393,	Top-1 err = 87.850000,	Top-5 err = 70.200000,	train_time = 2.278143
TRAIN Iter 7: loss = 0.011093,	Top-1 err = 86.950000,	Top-5 err = 67.650000,	train_time = 2.332315
TRAIN Iter 8: loss = 0.010785,	Top-1 err = 84.100000,	Top-5 err = 62.700000,	train_time = 2.325348
TRAIN Iter 9: loss = 0.010834,	Top-1 err = 82.750000,	Top-5 err = 60.000000,	train_time = 2.286723
TRAIN Iter 10: loss = 0.010682,	Top-1 err = 78.700000,	Top-5 err = 55.100000,	train_time = 2.240865
TRAIN Iter 11: loss = 0.010427,	Top-1 err = 81.400000,	Top-5 err = 59.600000,	train_time = 2.336734
TRAIN Iter 12: loss = 0.010268,	Top-1 err = 74.600000,	Top-5 err = 46.300000,	train_time = 2.375942
TRAIN Iter 13: loss = 0.009591,	Top-1 err = 79.100000,	Top-5 err = 56.650000,	train_time = 2.333814
TRAIN Iter 14: loss = 0.009218,	Top-1 err = 78.250000,	Top-5 err = 55.800000,	train_time = 2.321229
TRAIN Iter 15: loss = 0.009048,	Top-1 err = 75.800000,	Top-5 err = 54.100000,	train_time = 2.346185
TRAIN Iter 16: loss = 0.008815,	Top-1 err = 73.550000,	Top-5 err = 47.350000,	train_time = 2.333082
TRAIN Iter 17: loss = 0.008133,	Top-1 err = 75.500000,	Top-5 err = 51.750000,	train_time = 2.317572
TRAIN Iter 18: loss = 0.008305,	Top-1 err = 70.150000,	Top-5 err = 43.550000,	train_time = 2.318580
TRAIN Iter 19: loss = 0.007984,	Top-1 err = 77.450000,	Top-5 err = 55.550000,	train_time = 2.347087
TRAIN Iter 20: loss = 0.008006,	Top-1 err = 72.950000,	Top-5 err = 50.000000,	train_time = 2.347752
TRAIN Iter 21: loss = 0.008067,	Top-1 err = 64.700000,	Top-5 err = 37.650000,	train_time = 2.357228
TRAIN Iter 22: loss = 0.007743,	Top-1 err = 75.100000,	Top-5 err = 54.350000,	train_time = 2.331516
TRAIN Iter 23: loss = 0.007587,	Top-1 err = 67.400000,	Top-5 err = 40.900000,	train_time = 2.325434
TRAIN Iter 24: loss = 0.007642,	Top-1 err = 68.900000,	Top-5 err = 45.400000,	train_time = 2.329086
TRAIN Iter 25: loss = 0.007496,	Top-1 err = 64.700000,	Top-5 err = 41.400000,	train_time = 2.326466
TRAIN Iter 26: loss = 0.007506,	Top-1 err = 67.750000,	Top-5 err = 44.300000,	train_time = 2.327814
TRAIN Iter 27: loss = 0.007188,	Top-1 err = 68.550000,	Top-5 err = 47.150000,	train_time = 2.319351
TRAIN Iter 28: loss = 0.007185,	Top-1 err = 66.350000,	Top-5 err = 44.150000,	train_time = 2.347165
TRAIN Iter 29: loss = 0.006960,	Top-1 err = 77.300000,	Top-5 err = 56.900000,	train_time = 2.323646
TRAIN Iter 30: loss = 0.006828,	Top-1 err = 62.300000,	Top-5 err = 39.500000,	train_time = 2.310164
TRAIN Iter 31: loss = 0.006801,	Top-1 err = 67.000000,	Top-5 err = 41.300000,	train_time = 2.328842
TRAIN Iter 32: loss = 0.006467,	Top-1 err = 65.200000,	Top-5 err = 42.050000,	train_time = 2.315315
TRAIN Iter 33: loss = 0.006601,	Top-1 err = 63.750000,	Top-5 err = 40.650000,	train_time = 2.315383
TRAIN Iter 34: loss = 0.006289,	Top-1 err = 58.950000,	Top-5 err = 34.500000,	train_time = 2.352408
TRAIN Iter 35: loss = 0.006367,	Top-1 err = 61.300000,	Top-5 err = 38.050000,	train_time = 2.321162
TRAIN Iter 36: loss = 0.006181,	Top-1 err = 61.700000,	Top-5 err = 39.150000,	train_time = 2.308772
TRAIN Iter 37: loss = 0.006152,	Top-1 err = 61.800000,	Top-5 err = 36.900000,	train_time = 2.329011
TRAIN Iter 38: loss = 0.006187,	Top-1 err = 66.000000,	Top-5 err = 44.800000,	train_time = 2.340032
TRAIN Iter 39: loss = 0.006167,	Top-1 err = 55.300000,	Top-5 err = 31.350000,	train_time = 2.312480
TRAIN Iter 40: loss = 0.006210,	Top-1 err = 59.650000,	Top-5 err = 38.400000,	train_time = 2.341244
TRAIN Iter 41: loss = 0.006072,	Top-1 err = 52.600000,	Top-5 err = 31.750000,	train_time = 2.320415
TRAIN Iter 42: loss = 0.005969,	Top-1 err = 51.950000,	Top-5 err = 28.950000,	train_time = 2.305772
TRAIN Iter 43: loss = 0.006027,	Top-1 err = 65.400000,	Top-5 err = 44.250000,	train_time = 2.334119
TRAIN Iter 44: loss = 0.005729,	Top-1 err = 55.800000,	Top-5 err = 32.650000,	train_time = 2.328323
TRAIN Iter 45: loss = 0.005776,	Top-1 err = 59.150000,	Top-5 err = 37.800000,	train_time = 2.335737
TRAIN Iter 46: loss = 0.005789,	Top-1 err = 56.250000,	Top-5 err = 37.100000,	train_time = 2.320459
TRAIN Iter 47: loss = 0.005577,	Top-1 err = 52.950000,	Top-5 err = 31.550000,	train_time = 2.296005
TRAIN Iter 48: loss = 0.005655,	Top-1 err = 72.700000,	Top-5 err = 54.850000,	train_time = 2.366174
TRAIN Iter 49: loss = 0.005570,	Top-1 err = 61.050000,	Top-5 err = 43.200000,	train_time = 2.343902
TRAIN Iter 50: loss = 0.005550,	Top-1 err = 48.600000,	Top-5 err = 28.700000,	train_time = 2.358273
TRAIN Iter 51: loss = 0.005392,	Top-1 err = 62.850000,	Top-5 err = 40.950000,	train_time = 2.318579
TRAIN Iter 52: loss = 0.005225,	Top-1 err = 58.450000,	Top-5 err = 35.750000,	train_time = 2.335096
TRAIN Iter 53: loss = 0.005264,	Top-1 err = 59.300000,	Top-5 err = 38.900000,	train_time = 2.337582
TRAIN Iter 54: loss = 0.005064,	Top-1 err = 61.800000,	Top-5 err = 37.200000,	train_time = 2.354095
TRAIN Iter 55: loss = 0.005127,	Top-1 err = 55.850000,	Top-5 err = 33.400000,	train_time = 2.278508
TRAIN Iter 56: loss = 0.005156,	Top-1 err = 59.200000,	Top-5 err = 37.550000,	train_time = 2.380007
TRAIN Iter 57: loss = 0.005089,	Top-1 err = 51.750000,	Top-5 err = 30.700000,	train_time = 2.335202
TRAIN Iter 58: loss = 0.005038,	Top-1 err = 42.550000,	Top-5 err = 22.800000,	train_time = 2.316854
TRAIN Iter 59: loss = 0.004911,	Top-1 err = 51.800000,	Top-5 err = 31.600000,	train_time = 2.254915
TRAIN Iter 60: loss = 0.005055,	Top-1 err = 61.900000,	Top-5 err = 39.850000,	train_time = 2.317573
TRAIN Iter 61: loss = 0.004968,	Top-1 err = 54.100000,	Top-5 err = 32.600000,	train_time = 2.376209
TRAIN Iter 62: loss = 0.005092,	Top-1 err = 50.700000,	Top-5 err = 28.300000,	train_time = 2.306812
TRAIN Iter 63: loss = 0.004913,	Top-1 err = 62.900000,	Top-5 err = 40.250000,	train_time = 2.311501
TRAIN Iter 64: loss = 0.004834,	Top-1 err = 59.850000,	Top-5 err = 38.250000,	train_time = 2.333962
TRAIN Iter 65: loss = 0.004752,	Top-1 err = 45.600000,	Top-5 err = 22.850000,	train_time = 2.288077
TRAIN Iter 66: loss = 0.004879,	Top-1 err = 67.950000,	Top-5 err = 47.600000,	train_time = 2.313391
TRAIN Iter 67: loss = 0.004699,	Top-1 err = 48.500000,	Top-5 err = 24.650000,	train_time = 2.357039
TRAIN Iter 68: loss = 0.004711,	Top-1 err = 52.350000,	Top-5 err = 31.750000,	train_time = 2.312465
TRAIN Iter 69: loss = 0.004814,	Top-1 err = 64.800000,	Top-5 err = 43.850000,	train_time = 2.355913
TRAIN Iter 70: loss = 0.004770,	Top-1 err = 56.950000,	Top-5 err = 35.650000,	train_time = 2.357366
TRAIN Iter 71: loss = 0.004725,	Top-1 err = 66.250000,	Top-5 err = 43.850000,	train_time = 2.341657
TRAIN Iter 72: loss = 0.004792,	Top-1 err = 67.150000,	Top-5 err = 47.550000,	train_time = 2.357880
TRAIN Iter 73: loss = 0.004643,	Top-1 err = 60.450000,	Top-5 err = 37.650000,	train_time = 2.279112
TRAIN Iter 74: loss = 0.004589,	Top-1 err = 58.900000,	Top-5 err = 40.750000,	train_time = 2.320164
TRAIN Iter 75: loss = 0.004659,	Top-1 err = 47.850000,	Top-5 err = 27.600000,	train_time = 2.343834
TRAIN Iter 76: loss = 0.004523,	Top-1 err = 48.500000,	Top-5 err = 27.750000,	train_time = 2.305559
TRAIN Iter 77: loss = 0.004434,	Top-1 err = 45.350000,	Top-5 err = 23.400000,	train_time = 2.280748
TRAIN Iter 78: loss = 0.004474,	Top-1 err = 54.950000,	Top-5 err = 32.350000,	train_time = 2.274614
TRAIN Iter 79: loss = 0.004261,	Top-1 err = 44.400000,	Top-5 err = 23.200000,	train_time = 2.317606
TRAIN Iter 80: loss = 0.004473,	Top-1 err = 58.900000,	Top-5 err = 36.000000,	train_time = 2.339277
TRAIN Iter 81: loss = 0.004368,	Top-1 err = 52.450000,	Top-5 err = 30.150000,	train_time = 2.310965
TRAIN Iter 82: loss = 0.004448,	Top-1 err = 56.350000,	Top-5 err = 34.000000,	train_time = 2.339404
TRAIN Iter 83: loss = 0.004478,	Top-1 err = 42.750000,	Top-5 err = 24.150000,	train_time = 2.329566
TRAIN Iter 84: loss = 0.004437,	Top-1 err = 51.700000,	Top-5 err = 30.300000,	train_time = 2.311642
TRAIN Iter 85: loss = 0.004426,	Top-1 err = 55.900000,	Top-5 err = 35.700000,	train_time = 2.333012
TRAIN Iter 86: loss = 0.004275,	Top-1 err = 49.500000,	Top-5 err = 28.800000,	train_time = 2.332741
TRAIN Iter 87: loss = 0.004367,	Top-1 err = 57.300000,	Top-5 err = 38.350000,	train_time = 2.382865
TRAIN Iter 88: loss = 0.004181,	Top-1 err = 50.700000,	Top-5 err = 31.300000,	train_time = 2.286309
TRAIN Iter 89: loss = 0.004423,	Top-1 err = 55.200000,	Top-5 err = 33.550000,	train_time = 2.341511
TRAIN Iter 90: loss = 0.004414,	Top-1 err = 65.250000,	Top-5 err = 46.850000,	train_time = 2.372981
TRAIN Iter 91: loss = 0.004159,	Top-1 err = 49.450000,	Top-5 err = 29.500000,	train_time = 2.337988
TRAIN Iter 92: loss = 0.004144,	Top-1 err = 54.100000,	Top-5 err = 36.250000,	train_time = 2.343539
TRAIN Iter 93: loss = 0.004103,	Top-1 err = 44.800000,	Top-5 err = 26.000000,	train_time = 2.293763
TRAIN Iter 94: loss = 0.004167,	Top-1 err = 61.450000,	Top-5 err = 42.800000,	train_time = 2.365068
TRAIN Iter 95: loss = 0.004163,	Top-1 err = 54.350000,	Top-5 err = 31.000000,	train_time = 2.332007
TRAIN Iter 96: loss = 0.004182,	Top-1 err = 47.150000,	Top-5 err = 27.150000,	train_time = 2.280336
TRAIN Iter 97: loss = 0.004198,	Top-1 err = 51.800000,	Top-5 err = 31.600000,	train_time = 2.365964
TRAIN Iter 98: loss = 0.004315,	Top-1 err = 59.200000,	Top-5 err = 36.350000,	train_time = 2.305511
TRAIN Iter 99: loss = 0.003960,	Top-1 err = 45.300000,	Top-5 err = 23.350000,	train_time = 2.320661
TRAIN Iter 100: loss = 0.004125,	Top-1 err = 50.050000,	Top-5 err = 31.050000,	train_time = 2.383490
TRAIN Iter 101: loss = 0.003921,	Top-1 err = 43.850000,	Top-5 err = 21.850000,	train_time = 2.315943
TRAIN Iter 102: loss = 0.003915,	Top-1 err = 52.700000,	Top-5 err = 30.200000,	train_time = 2.365752
TRAIN Iter 103: loss = 0.003989,	Top-1 err = 53.900000,	Top-5 err = 31.050000,	train_time = 2.351358
TRAIN Iter 104: loss = 0.003823,	Top-1 err = 50.500000,	Top-5 err = 30.800000,	train_time = 2.349208
TRAIN Iter 105: loss = 0.003865,	Top-1 err = 59.550000,	Top-5 err = 37.050000,	train_time = 2.318238
TRAIN Iter 106: loss = 0.003930,	Top-1 err = 53.350000,	Top-5 err = 37.350000,	train_time = 2.371032
TRAIN Iter 107: loss = 0.003871,	Top-1 err = 45.350000,	Top-5 err = 22.900000,	train_time = 2.340780
TRAIN Iter 108: loss = 0.003974,	Top-1 err = 53.850000,	Top-5 err = 35.150000,	train_time = 2.351791
TRAIN Iter 109: loss = 0.003965,	Top-1 err = 55.800000,	Top-5 err = 37.900000,	train_time = 2.364547
TRAIN Iter 110: loss = 0.003911,	Top-1 err = 44.250000,	Top-5 err = 26.150000,	train_time = 2.347445
TRAIN Iter 111: loss = 0.003916,	Top-1 err = 47.350000,	Top-5 err = 28.600000,	train_time = 2.352948
TRAIN Iter 112: loss = 0.003919,	Top-1 err = 46.450000,	Top-5 err = 26.800000,	train_time = 2.369001
TRAIN Iter 113: loss = 0.003899,	Top-1 err = 48.200000,	Top-5 err = 29.250000,	train_time = 2.268448
TRAIN Iter 114: loss = 0.004021,	Top-1 err = 58.500000,	Top-5 err = 35.700000,	train_time = 2.350532
TRAIN Iter 115: loss = 0.003983,	Top-1 err = 64.050000,	Top-5 err = 43.900000,	train_time = 2.381370
TRAIN Iter 116: loss = 0.003692,	Top-1 err = 41.100000,	Top-5 err = 20.450000,	train_time = 2.382002
TRAIN Iter 117: loss = 0.003776,	Top-1 err = 53.450000,	Top-5 err = 36.950000,	train_time = 2.356596
TRAIN Iter 118: loss = 0.003776,	Top-1 err = 53.100000,	Top-5 err = 31.050000,	train_time = 2.381925
TRAIN Iter 119: loss = 0.003669,	Top-1 err = 47.950000,	Top-5 err = 28.600000,	train_time = 2.375821
TRAIN Iter 120: loss = 0.003743,	Top-1 err = 56.900000,	Top-5 err = 37.400000,	train_time = 2.368982
TRAIN Iter 121: loss = 0.003659,	Top-1 err = 54.300000,	Top-5 err = 33.450000,	train_time = 2.356400
TRAIN Iter 122: loss = 0.003768,	Top-1 err = 50.800000,	Top-5 err = 29.750000,	train_time = 2.384703
TRAIN Iter 123: loss = 0.003600,	Top-1 err = 38.600000,	Top-5 err = 23.150000,	train_time = 2.390802
TRAIN Iter 124: loss = 0.003710,	Top-1 err = 48.900000,	Top-5 err = 30.350000,	train_time = 2.330092
TRAIN Iter 125: loss = 0.003639,	Top-1 err = 41.450000,	Top-5 err = 21.200000,	train_time = 2.367131
TRAIN Iter 126: loss = 0.003725,	Top-1 err = 59.400000,	Top-5 err = 37.450000,	train_time = 2.381649
TRAIN Iter 127: loss = 0.003607,	Top-1 err = 47.100000,	Top-5 err = 30.000000,	train_time = 2.341136
TRAIN Iter 128: loss = 0.003565,	Top-1 err = 55.850000,	Top-5 err = 34.150000,	train_time = 2.349530
TRAIN Iter 129: loss = 0.003575,	Top-1 err = 43.200000,	Top-5 err = 22.550000,	train_time = 2.302019
TRAIN Iter 130: loss = 0.003560,	Top-1 err = 46.500000,	Top-5 err = 29.450000,	train_time = 2.390665
TRAIN Iter 131: loss = 0.003597,	Top-1 err = 50.650000,	Top-5 err = 30.600000,	train_time = 2.396357
TRAIN Iter 132: loss = 0.003674,	Top-1 err = 52.050000,	Top-5 err = 32.100000,	train_time = 2.365244
TRAIN Iter 133: loss = 0.003638,	Top-1 err = 50.700000,	Top-5 err = 29.800000,	train_time = 2.375690
TRAIN Iter 134: loss = 0.003615,	Top-1 err = 63.350000,	Top-5 err = 42.850000,	train_time = 2.378250
TRAIN Iter 135: loss = 0.003599,	Top-1 err = 60.650000,	Top-5 err = 41.000000,	train_time = 2.374398
TRAIN Iter 136: loss = 0.003466,	Top-1 err = 42.050000,	Top-5 err = 22.850000,	train_time = 2.391954
TRAIN Iter 137: loss = 0.003448,	Top-1 err = 49.300000,	Top-5 err = 30.700000,	train_time = 2.399268
TRAIN Iter 138: loss = 0.003659,	Top-1 err = 53.600000,	Top-5 err = 33.100000,	train_time = 2.394516
TRAIN Iter 139: loss = 0.003662,	Top-1 err = 58.550000,	Top-5 err = 36.400000,	train_time = 2.414520
TRAIN Iter 140: loss = 0.003668,	Top-1 err = 59.800000,	Top-5 err = 41.800000,	train_time = 2.458200
TRAIN Iter 141: loss = 0.003522,	Top-1 err = 50.250000,	Top-5 err = 30.350000,	train_time = 2.302805
TRAIN Iter 142: loss = 0.003461,	Top-1 err = 41.150000,	Top-5 err = 21.850000,	train_time = 2.369503
TRAIN Iter 143: loss = 0.003422,	Top-1 err = 52.800000,	Top-5 err = 33.600000,	train_time = 2.428144
TRAIN Iter 144: loss = 0.003504,	Top-1 err = 43.400000,	Top-5 err = 25.150000,	train_time = 2.405120
TRAIN Iter 145: loss = 0.003509,	Top-1 err = 55.200000,	Top-5 err = 36.550000,	train_time = 2.375236
TRAIN Iter 146: loss = 0.003542,	Top-1 err = 52.700000,	Top-5 err = 34.050000,	train_time = 2.410921
TRAIN Iter 147: loss = 0.003531,	Top-1 err = 52.100000,	Top-5 err = 31.250000,	train_time = 2.411767
TRAIN Iter 148: loss = 0.003476,	Top-1 err = 46.500000,	Top-5 err = 27.250000,	train_time = 2.421021
TRAIN Iter 149: loss = 0.003555,	Top-1 err = 53.150000,	Top-5 err = 30.800000,	train_time = 2.405873
TRAIN Iter 150: loss = 0.003492,	Top-1 err = 59.250000,	Top-5 err = 39.250000,	train_time = 2.371178
TRAIN Iter 151: loss = 0.003479,	Top-1 err = 53.850000,	Top-5 err = 33.600000,	train_time = 2.400495
TRAIN Iter 152: loss = 0.003459,	Top-1 err = 62.150000,	Top-5 err = 42.700000,	train_time = 2.417641
TRAIN Iter 153: loss = 0.003400,	Top-1 err = 46.600000,	Top-5 err = 25.800000,	train_time = 2.434748
TRAIN Iter 154: loss = 0.003454,	Top-1 err = 53.900000,	Top-5 err = 33.050000,	train_time = 2.412621
TRAIN Iter 155: loss = 0.003316,	Top-1 err = 44.900000,	Top-5 err = 23.800000,	train_time = 2.403744
TRAIN Iter 156: loss = 0.003347,	Top-1 err = 41.900000,	Top-5 err = 22.150000,	train_time = 2.383951
TRAIN Iter 157: loss = 0.003535,	Top-1 err = 50.750000,	Top-5 err = 29.250000,	train_time = 2.397772
TRAIN Iter 158: loss = 0.003324,	Top-1 err = 41.950000,	Top-5 err = 23.000000,	train_time = 2.413960
TRAIN Iter 159: loss = 0.003307,	Top-1 err = 52.300000,	Top-5 err = 31.050000,	train_time = 2.399630
TRAIN Iter 160: loss = 0.003327,	Top-1 err = 47.200000,	Top-5 err = 24.850000,	train_time = 2.434607
TRAIN Iter 161: loss = 0.003294,	Top-1 err = 48.250000,	Top-5 err = 29.150000,	train_time = 2.411998
TRAIN Iter 162: loss = 0.003296,	Top-1 err = 50.450000,	Top-5 err = 31.400000,	train_time = 2.439852
TRAIN Iter 163: loss = 0.003262,	Top-1 err = 51.050000,	Top-5 err = 31.900000,	train_time = 2.441058
TRAIN Iter 164: loss = 0.003338,	Top-1 err = 47.500000,	Top-5 err = 29.150000,	train_time = 2.358365
TRAIN Iter 165: loss = 0.003484,	Top-1 err = 57.500000,	Top-5 err = 38.400000,	train_time = 2.442361
TRAIN Iter 166: loss = 0.003275,	Top-1 err = 41.400000,	Top-5 err = 21.750000,	train_time = 2.428437
TRAIN Iter 167: loss = 0.003258,	Top-1 err = 47.700000,	Top-5 err = 30.250000,	train_time = 2.445295
TRAIN Iter 168: loss = 0.003304,	Top-1 err = 57.750000,	Top-5 err = 37.300000,	train_time = 2.430211
TRAIN Iter 169: loss = 0.003206,	Top-1 err = 49.600000,	Top-5 err = 30.200000,	train_time = 2.406506
TRAIN Iter 170: loss = 0.003202,	Top-1 err = 46.050000,	Top-5 err = 26.100000,	train_time = 2.435078
TRAIN Iter 171: loss = 0.003173,	Top-1 err = 42.450000,	Top-5 err = 24.600000,	train_time = 2.429741
TRAIN Iter 172: loss = 0.003274,	Top-1 err = 46.700000,	Top-5 err = 29.300000,	train_time = 2.432443
TRAIN Iter 173: loss = 0.003289,	Top-1 err = 43.750000,	Top-5 err = 25.900000,	train_time = 2.428873
TRAIN Iter 174: loss = 0.003322,	Top-1 err = 42.800000,	Top-5 err = 23.000000,	train_time = 2.484577
TRAIN Iter 175: loss = 0.003183,	Top-1 err = 44.650000,	Top-5 err = 26.150000,	train_time = 2.421960
TRAIN Iter 176: loss = 0.003328,	Top-1 err = 55.800000,	Top-5 err = 36.450000,	train_time = 2.440333
TRAIN Iter 177: loss = 0.003190,	Top-1 err = 50.300000,	Top-5 err = 31.700000,	train_time = 2.456729
TRAIN Iter 178: loss = 0.003270,	Top-1 err = 58.400000,	Top-5 err = 41.550000,	train_time = 2.498300
TRAIN Iter 179: loss = 0.003221,	Top-1 err = 54.000000,	Top-5 err = 36.550000,	train_time = 2.412912
TRAIN Iter 180: loss = 0.003183,	Top-1 err = 48.650000,	Top-5 err = 29.250000,	train_time = 2.435764
TRAIN Iter 181: loss = 0.003217,	Top-1 err = 46.350000,	Top-5 err = 28.100000,	train_time = 2.435019
TRAIN Iter 182: loss = 0.003283,	Top-1 err = 58.750000,	Top-5 err = 41.200000,	train_time = 2.468544
TRAIN Iter 183: loss = 0.003183,	Top-1 err = 56.650000,	Top-5 err = 36.100000,	train_time = 2.388702
TRAIN Iter 184: loss = 0.003172,	Top-1 err = 47.850000,	Top-5 err = 25.950000,	train_time = 2.488660
TRAIN Iter 185: loss = 0.003159,	Top-1 err = 45.150000,	Top-5 err = 24.950000,	train_time = 2.448792
TRAIN Iter 186: loss = 0.003053,	Top-1 err = 50.450000,	Top-5 err = 30.150000,	train_time = 2.498816
TRAIN Iter 187: loss = 0.003165,	Top-1 err = 43.400000,	Top-5 err = 22.850000,	train_time = 2.490505
TRAIN Iter 188: loss = 0.003214,	Top-1 err = 48.450000,	Top-5 err = 26.750000,	train_time = 2.474873
TRAIN Iter 189: loss = 0.003224,	Top-1 err = 53.300000,	Top-5 err = 34.800000,	train_time = 2.473943
TRAIN Iter 190: loss = 0.003230,	Top-1 err = 63.600000,	Top-5 err = 42.500000,	train_time = 2.457759
TRAIN Iter 191: loss = 0.003064,	Top-1 err = 41.650000,	Top-5 err = 23.850000,	train_time = 2.480857
TRAIN Iter 192: loss = 0.003087,	Top-1 err = 49.500000,	Top-5 err = 30.650000,	train_time = 2.442318
TRAIN Iter 193: loss = 0.003201,	Top-1 err = 50.500000,	Top-5 err = 32.750000,	train_time = 2.423327
TRAIN Iter 194: loss = 0.003113,	Top-1 err = 48.900000,	Top-5 err = 28.800000,	train_time = 2.446602
TRAIN Iter 195: loss = 0.003209,	Top-1 err = 52.900000,	Top-5 err = 31.300000,	train_time = 2.444823
TRAIN Iter 196: loss = 0.003127,	Top-1 err = 54.650000,	Top-5 err = 33.850000,	train_time = 2.479730
TRAIN Iter 197: loss = 0.003258,	Top-1 err = 60.150000,	Top-5 err = 38.250000,	train_time = 2.443681
TRAIN Iter 198: loss = 0.003130,	Top-1 err = 52.450000,	Top-5 err = 35.050000,	train_time = 2.434342
TRAIN Iter 199: loss = 0.003056,	Top-1 err = 52.750000,	Top-5 err = 33.200000,	train_time = 2.372266
TRAIN Iter 200: loss = 0.003020,	Top-1 err = 56.100000,	Top-5 err = 38.750000,	train_time = 2.441301
TRAIN Iter 201: loss = 0.003062,	Top-1 err = 46.300000,	Top-5 err = 23.950000,	train_time = 2.399537
TRAIN Iter 202: loss = 0.003132,	Top-1 err = 44.900000,	Top-5 err = 27.900000,	train_time = 2.427458
TRAIN Iter 203: loss = 0.003207,	Top-1 err = 60.850000,	Top-5 err = 43.000000,	train_time = 2.481377
TRAIN Iter 204: loss = 0.003099,	Top-1 err = 56.450000,	Top-5 err = 36.700000,	train_time = 2.465303
TRAIN Iter 205: loss = 0.003114,	Top-1 err = 50.600000,	Top-5 err = 30.050000,	train_time = 2.390500
TRAIN Iter 206: loss = 0.003131,	Top-1 err = 43.050000,	Top-5 err = 22.700000,	train_time = 2.415483
TRAIN Iter 207: loss = 0.003149,	Top-1 err = 56.650000,	Top-5 err = 36.550000,	train_time = 2.391102
TRAIN Iter 208: loss = 0.003055,	Top-1 err = 55.250000,	Top-5 err = 35.650000,	train_time = 2.406023
TRAIN Iter 209: loss = 0.002987,	Top-1 err = 46.700000,	Top-5 err = 26.350000,	train_time = 2.437251
TRAIN Iter 210: loss = 0.002998,	Top-1 err = 46.400000,	Top-5 err = 26.450000,	train_time = 2.492015
TRAIN Iter 211: loss = 0.002839,	Top-1 err = 33.700000,	Top-5 err = 14.800000,	train_time = 2.413425
TRAIN Iter 212: loss = 0.003082,	Top-1 err = 53.450000,	Top-5 err = 34.150000,	train_time = 2.395847
TRAIN Iter 213: loss = 0.003059,	Top-1 err = 57.050000,	Top-5 err = 36.600000,	train_time = 2.454968
TRAIN Iter 214: loss = 0.002997,	Top-1 err = 46.100000,	Top-5 err = 27.100000,	train_time = 2.416325
TRAIN Iter 215: loss = 0.002840,	Top-1 err = 40.550000,	Top-5 err = 22.200000,	train_time = 2.434728
TRAIN Iter 216: loss = 0.002900,	Top-1 err = 44.250000,	Top-5 err = 23.600000,	train_time = 2.456739
TRAIN Iter 217: loss = 0.002994,	Top-1 err = 49.650000,	Top-5 err = 30.450000,	train_time = 2.441410
TRAIN Iter 218: loss = 0.002967,	Top-1 err = 44.650000,	Top-5 err = 24.750000,	train_time = 2.418489
TRAIN Iter 219: loss = 0.002972,	Top-1 err = 56.900000,	Top-5 err = 34.800000,	train_time = 2.421876
TRAIN Iter 220: loss = 0.002917,	Top-1 err = 45.700000,	Top-5 err = 26.250000,	train_time = 2.431178
TRAIN Iter 221: loss = 0.002894,	Top-1 err = 46.350000,	Top-5 err = 28.250000,	train_time = 2.420713
TRAIN Iter 222: loss = 0.002877,	Top-1 err = 36.100000,	Top-5 err = 19.150000,	train_time = 2.438769
TRAIN Iter 223: loss = 0.002924,	Top-1 err = 50.850000,	Top-5 err = 30.700000,	train_time = 2.432452
TRAIN Iter 224: loss = 0.002954,	Top-1 err = 48.200000,	Top-5 err = 32.850000,	train_time = 2.460464
TRAIN Iter 225: loss = 0.003037,	Top-1 err = 48.850000,	Top-5 err = 31.050000,	train_time = 2.479159
TRAIN Iter 226: loss = 0.002979,	Top-1 err = 49.500000,	Top-5 err = 29.800000,	train_time = 2.403071
TRAIN Iter 227: loss = 0.002857,	Top-1 err = 34.400000,	Top-5 err = 16.650000,	train_time = 2.465493
TRAIN Iter 228: loss = 0.002973,	Top-1 err = 50.200000,	Top-5 err = 28.400000,	train_time = 2.462683
TRAIN Iter 229: loss = 0.002895,	Top-1 err = 45.600000,	Top-5 err = 25.500000,	train_time = 2.472123
TRAIN Iter 230: loss = 0.002918,	Top-1 err = 47.850000,	Top-5 err = 29.900000,	train_time = 2.470217
TRAIN Iter 231: loss = 0.002946,	Top-1 err = 49.000000,	Top-5 err = 30.450000,	train_time = 2.437076
TRAIN Iter 232: loss = 0.002846,	Top-1 err = 44.400000,	Top-5 err = 24.600000,	train_time = 2.449439
TRAIN Iter 233: loss = 0.002838,	Top-1 err = 60.250000,	Top-5 err = 40.450000,	train_time = 2.441318
TRAIN Iter 234: loss = 0.002937,	Top-1 err = 53.350000,	Top-5 err = 33.550000,	train_time = 2.385713
TRAIN Iter 235: loss = 0.003001,	Top-1 err = 61.050000,	Top-5 err = 38.750000,	train_time = 2.436958
TRAIN Iter 236: loss = 0.002849,	Top-1 err = 45.400000,	Top-5 err = 23.750000,	train_time = 2.438563
TRAIN Iter 237: loss = 0.002898,	Top-1 err = 43.100000,	Top-5 err = 23.150000,	train_time = 2.451451
TRAIN Iter 238: loss = 0.003011,	Top-1 err = 57.550000,	Top-5 err = 37.150000,	train_time = 2.463246
TRAIN Iter 239: loss = 0.002960,	Top-1 err = 54.850000,	Top-5 err = 35.750000,	train_time = 2.471409
TRAIN Iter 240: loss = 0.002810,	Top-1 err = 46.900000,	Top-5 err = 25.600000,	train_time = 2.467613
TRAIN Iter 241: loss = 0.002895,	Top-1 err = 48.450000,	Top-5 err = 28.700000,	train_time = 2.488871
TRAIN Iter 242: loss = 0.002901,	Top-1 err = 56.450000,	Top-5 err = 37.550000,	train_time = 2.432111
TRAIN Iter 243: loss = 0.002811,	Top-1 err = 36.750000,	Top-5 err = 18.800000,	train_time = 2.441737
TRAIN Iter 244: loss = 0.002826,	Top-1 err = 47.000000,	Top-5 err = 25.850000,	train_time = 2.443852
TRAIN Iter 245: loss = 0.002832,	Top-1 err = 56.600000,	Top-5 err = 36.650000,	train_time = 2.473885
TRAIN Iter 246: loss = 0.002832,	Top-1 err = 52.850000,	Top-5 err = 31.750000,	train_time = 2.494810
TRAIN Iter 247: loss = 0.002860,	Top-1 err = 52.050000,	Top-5 err = 30.850000,	train_time = 2.476008
TRAIN Iter 248: loss = 0.002883,	Top-1 err = 49.650000,	Top-5 err = 29.500000,	train_time = 2.413514
TRAIN Iter 249: loss = 0.002836,	Top-1 err = 45.400000,	Top-5 err = 25.400000,	train_time = 2.439227
TEST:
Iter 249: loss = 2.708507,	Top-1 err = 62.880000,	Top-5 err = 35.520000,	val_time = 2.319328
TRAIN Iter 250: loss = 0.002767,	Top-1 err = 42.050000,	Top-5 err = 23.550000,	train_time = 2.428666
TRAIN Iter 251: loss = 0.002741,	Top-1 err = 35.700000,	Top-5 err = 17.550000,	train_time = 2.420357
TRAIN Iter 252: loss = 0.002882,	Top-1 err = 48.500000,	Top-5 err = 27.900000,	train_time = 2.409847
TRAIN Iter 253: loss = 0.002785,	Top-1 err = 50.450000,	Top-5 err = 29.950000,	train_time = 2.390225
TRAIN Iter 254: loss = 0.002783,	Top-1 err = 42.050000,	Top-5 err = 22.750000,	train_time = 2.398164
TRAIN Iter 255: loss = 0.002753,	Top-1 err = 49.000000,	Top-5 err = 29.650000,	train_time = 2.456998
TRAIN Iter 256: loss = 0.002749,	Top-1 err = 53.000000,	Top-5 err = 34.100000,	train_time = 2.467020
TRAIN Iter 257: loss = 0.002741,	Top-1 err = 42.700000,	Top-5 err = 24.200000,	train_time = 2.420474
TRAIN Iter 258: loss = 0.002847,	Top-1 err = 52.050000,	Top-5 err = 32.850000,	train_time = 2.427293
TRAIN Iter 259: loss = 0.002833,	Top-1 err = 46.300000,	Top-5 err = 28.350000,	train_time = 2.394319
TEST:
Iter 259: loss = 2.787494,	Top-1 err = 64.230000,	Top-5 err = 36.680000,	val_time = 2.316210
TRAIN Iter 260: loss = 0.002950,	Top-1 err = 52.100000,	Top-5 err = 32.700000,	train_time = 2.492711
TRAIN Iter 261: loss = 0.002922,	Top-1 err = 51.700000,	Top-5 err = 32.400000,	train_time = 2.470582
TRAIN Iter 262: loss = 0.002764,	Top-1 err = 45.300000,	Top-5 err = 25.500000,	train_time = 2.457875
TRAIN Iter 263: loss = 0.002857,	Top-1 err = 55.750000,	Top-5 err = 34.900000,	train_time = 2.424088
TRAIN Iter 264: loss = 0.002774,	Top-1 err = 43.900000,	Top-5 err = 22.350000,	train_time = 2.435847
TRAIN Iter 265: loss = 0.002891,	Top-1 err = 60.450000,	Top-5 err = 41.250000,	train_time = 2.422903
TRAIN Iter 266: loss = 0.002788,	Top-1 err = 46.250000,	Top-5 err = 26.350000,	train_time = 2.430229
TRAIN Iter 267: loss = 0.002731,	Top-1 err = 46.850000,	Top-5 err = 27.150000,	train_time = 2.429112
TRAIN Iter 268: loss = 0.002743,	Top-1 err = 46.050000,	Top-5 err = 28.550000,	train_time = 2.406935
TRAIN Iter 269: loss = 0.002769,	Top-1 err = 52.650000,	Top-5 err = 34.900000,	train_time = 2.450402
TEST:
Iter 269: loss = 2.699976,	Top-1 err = 62.800000,	Top-5 err = 35.320000,	val_time = 2.318860
TRAIN Iter 270: loss = 0.002815,	Top-1 err = 52.650000,	Top-5 err = 31.900000,	train_time = 2.437358
TRAIN Iter 271: loss = 0.002765,	Top-1 err = 55.400000,	Top-5 err = 35.100000,	train_time = 2.422020
TRAIN Iter 272: loss = 0.002744,	Top-1 err = 41.900000,	Top-5 err = 21.050000,	train_time = 2.451003
TRAIN Iter 273: loss = 0.002842,	Top-1 err = 53.300000,	Top-5 err = 33.600000,	train_time = 2.409562
TRAIN Iter 274: loss = 0.002802,	Top-1 err = 48.400000,	Top-5 err = 30.150000,	train_time = 2.454587
TRAIN Iter 275: loss = 0.002773,	Top-1 err = 39.000000,	Top-5 err = 20.350000,	train_time = 2.443597
TRAIN Iter 276: loss = 0.002790,	Top-1 err = 52.000000,	Top-5 err = 34.850000,	train_time = 2.422139
TRAIN Iter 277: loss = 0.002814,	Top-1 err = 48.100000,	Top-5 err = 27.450000,	train_time = 2.442586
TRAIN Iter 278: loss = 0.002811,	Top-1 err = 58.750000,	Top-5 err = 36.700000,	train_time = 2.379895
TRAIN Iter 279: loss = 0.002658,	Top-1 err = 47.800000,	Top-5 err = 28.650000,	train_time = 2.411931
TEST:
Iter 279: loss = 2.739316,	Top-1 err = 63.080000,	Top-5 err = 35.350000,	val_time = 2.309161
TRAIN Iter 280: loss = 0.002718,	Top-1 err = 48.450000,	Top-5 err = 30.200000,	train_time = 2.465336
TRAIN Iter 281: loss = 0.002775,	Top-1 err = 54.900000,	Top-5 err = 35.750000,	train_time = 2.426607
TRAIN Iter 282: loss = 0.002782,	Top-1 err = 52.300000,	Top-5 err = 31.200000,	train_time = 2.438425
TRAIN Iter 283: loss = 0.002716,	Top-1 err = 43.700000,	Top-5 err = 25.400000,	train_time = 2.433958
TRAIN Iter 284: loss = 0.002744,	Top-1 err = 38.900000,	Top-5 err = 18.800000,	train_time = 2.425776
TRAIN Iter 285: loss = 0.002812,	Top-1 err = 50.250000,	Top-5 err = 29.800000,	train_time = 2.454077
TRAIN Iter 286: loss = 0.002681,	Top-1 err = 42.300000,	Top-5 err = 23.050000,	train_time = 2.419391
TRAIN Iter 287: loss = 0.002703,	Top-1 err = 44.700000,	Top-5 err = 30.150000,	train_time = 2.429834
TRAIN Iter 288: loss = 0.002698,	Top-1 err = 42.600000,	Top-5 err = 22.050000,	train_time = 2.405834
TRAIN Iter 289: loss = 0.002700,	Top-1 err = 53.250000,	Top-5 err = 33.250000,	train_time = 2.463438
TEST:
Iter 289: loss = 2.732678,	Top-1 err = 62.980000,	Top-5 err = 35.640000,	val_time = 2.289103
TRAIN Iter 290: loss = 0.002748,	Top-1 err = 54.100000,	Top-5 err = 31.250000,	train_time = 2.426316
TRAIN Iter 291: loss = 0.002688,	Top-1 err = 50.300000,	Top-5 err = 27.800000,	train_time = 2.402020
TRAIN Iter 292: loss = 0.002722,	Top-1 err = 53.450000,	Top-5 err = 37.150000,	train_time = 2.422815
TRAIN Iter 293: loss = 0.002629,	Top-1 err = 47.850000,	Top-5 err = 29.000000,	train_time = 2.435929
TRAIN Iter 294: loss = 0.002724,	Top-1 err = 45.850000,	Top-5 err = 26.900000,	train_time = 2.432307
TRAIN Iter 295: loss = 0.002731,	Top-1 err = 52.400000,	Top-5 err = 31.800000,	train_time = 2.421373
TRAIN Iter 296: loss = 0.002648,	Top-1 err = 53.200000,	Top-5 err = 33.300000,	train_time = 2.427399
TRAIN Iter 297: loss = 0.002608,	Top-1 err = 46.700000,	Top-5 err = 29.600000,	train_time = 2.404758
TRAIN Iter 298: loss = 0.002697,	Top-1 err = 50.450000,	Top-5 err = 31.850000,	train_time = 2.414830
TRAIN Iter 299: loss = 0.002606,	Top-1 err = 39.100000,	Top-5 err = 21.000000,	train_time = 2.466053
TEST:
Iter 299: loss = 2.699892,	Top-1 err = 62.800000,	Top-5 err = 34.960000,	val_time = 2.266357
Train Finish! Best accuracy is 37.2@269
