/home/dvspanos/miniconda3/envs/rded/lib/python3.10/site-packages/torchvision/models/_utils.py:208: UserWarning: The parameter 'pretrained' is deprecated since 0.13 and may be removed in the future, please use 'weights' instead.
  warnings.warn(
/home/dvspanos/miniconda3/envs/rded/lib/python3.10/site-packages/torchvision/models/_utils.py:223: UserWarning: Arguments other than a weight enum or `None` for 'weights' are deprecated since 0.13 and may be removed in the future. The current behavior is equivalent to passing `weights=None`.
  warnings.warn(msg)
=> using pytorch pre-trained teacher model 'resnet18_modified'
process data from /home/dvspanos/nikos/ca2d/artifacts/rded_sets/bench_tin_rn18_sharp_ipc50
load data successfully
TRAIN Iter 0: loss = 0.011995,	Top-1 err = 98.400000,	Top-5 err = 93.760000,	train_time = 15.251976
TRAIN Iter 1: loss = 0.011228,	Top-1 err = 97.130000,	Top-5 err = 88.790000,	train_time = 14.248649
TRAIN Iter 2: loss = 0.009964,	Top-1 err = 96.250000,	Top-5 err = 85.570000,	train_time = 15.747702
TRAIN Iter 3: loss = 0.009874,	Top-1 err = 94.850000,	Top-5 err = 82.240000,	train_time = 14.836204
TRAIN Iter 4: loss = 0.009484,	Top-1 err = 94.070000,	Top-5 err = 79.170000,	train_time = 15.573881
TRAIN Iter 5: loss = 0.008803,	Top-1 err = 93.470000,	Top-5 err = 79.410000,	train_time = 15.276390
TRAIN Iter 6: loss = 0.008669,	Top-1 err = 91.990000,	Top-5 err = 75.030000,	train_time = 14.789283
TRAIN Iter 7: loss = 0.008112,	Top-1 err = 91.720000,	Top-5 err = 75.030000,	train_time = 15.069541
TRAIN Iter 8: loss = 0.008245,	Top-1 err = 90.550000,	Top-5 err = 72.440000,	train_time = 15.434097
TRAIN Iter 9: loss = 0.007997,	Top-1 err = 88.490000,	Top-5 err = 70.100000,	train_time = 15.664308
TRAIN Iter 10: loss = 0.007667,	Top-1 err = 88.250000,	Top-5 err = 69.140000,	train_time = 15.203413
TRAIN Iter 11: loss = 0.007436,	Top-1 err = 88.580000,	Top-5 err = 69.880000,	train_time = 15.390835
TRAIN Iter 12: loss = 0.007241,	Top-1 err = 86.800000,	Top-5 err = 65.510000,	train_time = 16.032639
TRAIN Iter 13: loss = 0.007181,	Top-1 err = 86.170000,	Top-5 err = 66.390000,	train_time = 15.503034
TRAIN Iter 14: loss = 0.006847,	Top-1 err = 83.780000,	Top-5 err = 61.750000,	train_time = 15.523669
TRAIN Iter 15: loss = 0.006832,	Top-1 err = 81.610000,	Top-5 err = 58.910000,	train_time = 15.082546
TRAIN Iter 16: loss = 0.006516,	Top-1 err = 82.180000,	Top-5 err = 60.150000,	train_time = 15.039540
TRAIN Iter 17: loss = 0.006498,	Top-1 err = 82.220000,	Top-5 err = 60.070000,	train_time = 16.059023
TRAIN Iter 18: loss = 0.006197,	Top-1 err = 83.850000,	Top-5 err = 63.300000,	train_time = 16.241809
TRAIN Iter 19: loss = 0.006345,	Top-1 err = 78.980000,	Top-5 err = 55.010000,	train_time = 14.846551
TRAIN Iter 20: loss = 0.005976,	Top-1 err = 80.750000,	Top-5 err = 58.690000,	train_time = 15.022893
TRAIN Iter 21: loss = 0.005965,	Top-1 err = 78.270000,	Top-5 err = 54.380000,	train_time = 16.085057
TRAIN Iter 22: loss = 0.005763,	Top-1 err = 78.440000,	Top-5 err = 55.250000,	train_time = 15.779468
TRAIN Iter 23: loss = 0.005786,	Top-1 err = 74.170000,	Top-5 err = 50.660000,	train_time = 15.035062
TRAIN Iter 24: loss = 0.005502,	Top-1 err = 77.950000,	Top-5 err = 55.290000,	train_time = 16.512503
TRAIN Iter 25: loss = 0.005408,	Top-1 err = 78.010000,	Top-5 err = 55.480000,	train_time = 15.195938
TRAIN Iter 26: loss = 0.005372,	Top-1 err = 73.590000,	Top-5 err = 49.160000,	train_time = 16.009404
TRAIN Iter 27: loss = 0.005461,	Top-1 err = 71.020000,	Top-5 err = 46.560000,	train_time = 15.142025
TRAIN Iter 28: loss = 0.005298,	Top-1 err = 72.930000,	Top-5 err = 50.790000,	train_time = 15.929621
TRAIN Iter 29: loss = 0.005011,	Top-1 err = 74.050000,	Top-5 err = 50.840000,	train_time = 15.579645
TRAIN Iter 30: loss = 0.005010,	Top-1 err = 74.150000,	Top-5 err = 51.490000,	train_time = 14.870935
TRAIN Iter 31: loss = 0.004952,	Top-1 err = 72.140000,	Top-5 err = 49.610000,	train_time = 16.276902
TRAIN Iter 32: loss = 0.004934,	Top-1 err = 70.420000,	Top-5 err = 46.970000,	train_time = 14.928546
TRAIN Iter 33: loss = 0.004859,	Top-1 err = 69.510000,	Top-5 err = 45.640000,	train_time = 15.366310
TRAIN Iter 34: loss = 0.004726,	Top-1 err = 67.140000,	Top-5 err = 43.310000,	train_time = 15.023393
TRAIN Iter 35: loss = 0.004700,	Top-1 err = 69.070000,	Top-5 err = 47.550000,	train_time = 15.267176
TRAIN Iter 36: loss = 0.004633,	Top-1 err = 68.510000,	Top-5 err = 45.760000,	train_time = 15.204443
TRAIN Iter 37: loss = 0.004479,	Top-1 err = 68.740000,	Top-5 err = 45.650000,	train_time = 16.606592
TRAIN Iter 38: loss = 0.004539,	Top-1 err = 65.370000,	Top-5 err = 40.840000,	train_time = 15.142249
TRAIN Iter 39: loss = 0.004419,	Top-1 err = 68.100000,	Top-5 err = 45.000000,	train_time = 14.977156
TRAIN Iter 40: loss = 0.004344,	Top-1 err = 70.040000,	Top-5 err = 46.440000,	train_time = 16.434666
TRAIN Iter 41: loss = 0.004265,	Top-1 err = 69.760000,	Top-5 err = 48.040000,	train_time = 14.783092
TRAIN Iter 42: loss = 0.004286,	Top-1 err = 65.540000,	Top-5 err = 43.630000,	train_time = 15.516482
TRAIN Iter 43: loss = 0.004236,	Top-1 err = 68.710000,	Top-5 err = 46.900000,	train_time = 15.061988
TRAIN Iter 44: loss = 0.004228,	Top-1 err = 65.270000,	Top-5 err = 42.770000,	train_time = 15.493597
TRAIN Iter 45: loss = 0.004071,	Top-1 err = 67.540000,	Top-5 err = 44.580000,	train_time = 15.310523
TRAIN Iter 46: loss = 0.004038,	Top-1 err = 67.730000,	Top-5 err = 46.060000,	train_time = 15.164728
TRAIN Iter 47: loss = 0.003996,	Top-1 err = 66.370000,	Top-5 err = 44.700000,	train_time = 15.176867
TRAIN Iter 48: loss = 0.004010,	Top-1 err = 62.970000,	Top-5 err = 40.050000,	train_time = 15.318720
TRAIN Iter 49: loss = 0.003984,	Top-1 err = 64.730000,	Top-5 err = 41.890000,	train_time = 16.454944
TRAIN Iter 50: loss = 0.003932,	Top-1 err = 60.090000,	Top-5 err = 36.280000,	train_time = 15.501506
TRAIN Iter 51: loss = 0.003925,	Top-1 err = 63.650000,	Top-5 err = 41.980000,	train_time = 15.494395
TRAIN Iter 52: loss = 0.003858,	Top-1 err = 62.270000,	Top-5 err = 39.780000,	train_time = 15.250471
TRAIN Iter 53: loss = 0.003880,	Top-1 err = 58.600000,	Top-5 err = 35.530000,	train_time = 15.265359
TRAIN Iter 54: loss = 0.003835,	Top-1 err = 63.220000,	Top-5 err = 41.330000,	train_time = 16.387402
TRAIN Iter 55: loss = 0.003741,	Top-1 err = 63.090000,	Top-5 err = 40.930000,	train_time = 14.660778
TRAIN Iter 56: loss = 0.003763,	Top-1 err = 64.860000,	Top-5 err = 43.580000,	train_time = 14.976544
TRAIN Iter 57: loss = 0.003745,	Top-1 err = 61.930000,	Top-5 err = 39.010000,	train_time = 15.683636
TRAIN Iter 58: loss = 0.003711,	Top-1 err = 63.690000,	Top-5 err = 41.420000,	train_time = 14.926521
TRAIN Iter 59: loss = 0.003657,	Top-1 err = 61.850000,	Top-5 err = 40.810000,	train_time = 16.418000
TRAIN Iter 60: loss = 0.003629,	Top-1 err = 60.630000,	Top-5 err = 38.370000,	train_time = 14.861616
TRAIN Iter 61: loss = 0.003631,	Top-1 err = 64.060000,	Top-5 err = 41.480000,	train_time = 16.374794
TRAIN Iter 62: loss = 0.003574,	Top-1 err = 59.030000,	Top-5 err = 36.110000,	train_time = 15.174771
TRAIN Iter 63: loss = 0.003515,	Top-1 err = 61.860000,	Top-5 err = 39.150000,	train_time = 15.239727
TRAIN Iter 64: loss = 0.003545,	Top-1 err = 62.430000,	Top-5 err = 41.600000,	train_time = 14.842472
TRAIN Iter 65: loss = 0.003513,	Top-1 err = 62.470000,	Top-5 err = 40.550000,	train_time = 15.937281
TRAIN Iter 66: loss = 0.003495,	Top-1 err = 60.270000,	Top-5 err = 39.370000,	train_time = 15.220416
TRAIN Iter 67: loss = 0.003488,	Top-1 err = 59.790000,	Top-5 err = 38.190000,	train_time = 15.308485
TRAIN Iter 68: loss = 0.003503,	Top-1 err = 58.430000,	Top-5 err = 36.260000,	train_time = 16.340617
TRAIN Iter 69: loss = 0.003442,	Top-1 err = 62.050000,	Top-5 err = 40.430000,	train_time = 15.215682
TRAIN Iter 70: loss = 0.003429,	Top-1 err = 62.700000,	Top-5 err = 42.960000,	train_time = 14.857728
TRAIN Iter 71: loss = 0.003426,	Top-1 err = 55.400000,	Top-5 err = 33.230000,	train_time = 16.101351
TRAIN Iter 72: loss = 0.003373,	Top-1 err = 57.590000,	Top-5 err = 37.000000,	train_time = 15.518045
TRAIN Iter 73: loss = 0.003379,	Top-1 err = 58.840000,	Top-5 err = 36.610000,	train_time = 15.210945
TRAIN Iter 74: loss = 0.003360,	Top-1 err = 56.200000,	Top-5 err = 34.180000,	train_time = 15.037414
TRAIN Iter 75: loss = 0.003308,	Top-1 err = 60.100000,	Top-5 err = 39.580000,	train_time = 15.657171
TRAIN Iter 76: loss = 0.003282,	Top-1 err = 55.090000,	Top-5 err = 34.710000,	train_time = 15.448770
TRAIN Iter 77: loss = 0.003288,	Top-1 err = 60.790000,	Top-5 err = 39.780000,	train_time = 15.066090
TRAIN Iter 78: loss = 0.003293,	Top-1 err = 58.180000,	Top-5 err = 37.560000,	train_time = 16.383716
TRAIN Iter 79: loss = 0.003285,	Top-1 err = 57.920000,	Top-5 err = 37.090000,	train_time = 15.012538
TRAIN Iter 80: loss = 0.003245,	Top-1 err = 59.820000,	Top-5 err = 37.400000,	train_time = 16.255812
TRAIN Iter 81: loss = 0.003252,	Top-1 err = 59.390000,	Top-5 err = 38.600000,	train_time = 15.164938
TRAIN Iter 82: loss = 0.003212,	Top-1 err = 60.880000,	Top-5 err = 39.940000,	train_time = 14.963595
TRAIN Iter 83: loss = 0.003202,	Top-1 err = 57.450000,	Top-5 err = 35.910000,	train_time = 15.647225
TRAIN Iter 84: loss = 0.003181,	Top-1 err = 59.770000,	Top-5 err = 40.230000,	train_time = 16.212698
TRAIN Iter 85: loss = 0.003170,	Top-1 err = 51.700000,	Top-5 err = 31.180000,	train_time = 15.140930
TRAIN Iter 86: loss = 0.003143,	Top-1 err = 57.850000,	Top-5 err = 37.380000,	train_time = 15.724676
TRAIN Iter 87: loss = 0.003130,	Top-1 err = 61.040000,	Top-5 err = 39.250000,	train_time = 15.384554
TRAIN Iter 88: loss = 0.003126,	Top-1 err = 57.810000,	Top-5 err = 36.580000,	train_time = 15.022035
TRAIN Iter 89: loss = 0.003092,	Top-1 err = 56.930000,	Top-5 err = 35.550000,	train_time = 15.014474
TRAIN Iter 90: loss = 0.003121,	Top-1 err = 56.280000,	Top-5 err = 35.990000,	train_time = 16.519643
TRAIN Iter 91: loss = 0.003102,	Top-1 err = 50.180000,	Top-5 err = 28.440000,	train_time = 15.473092
TRAIN Iter 92: loss = 0.003036,	Top-1 err = 55.380000,	Top-5 err = 34.580000,	train_time = 15.077517
TRAIN Iter 93: loss = 0.003054,	Top-1 err = 58.120000,	Top-5 err = 38.830000,	train_time = 15.168194
TRAIN Iter 94: loss = 0.003048,	Top-1 err = 53.990000,	Top-5 err = 34.420000,	train_time = 15.693708
TRAIN Iter 95: loss = 0.003043,	Top-1 err = 55.090000,	Top-5 err = 34.530000,	train_time = 15.071403
TRAIN Iter 96: loss = 0.003021,	Top-1 err = 55.590000,	Top-5 err = 35.410000,	train_time = 15.099363
TRAIN Iter 97: loss = 0.003040,	Top-1 err = 61.640000,	Top-5 err = 42.740000,	train_time = 15.536388
TRAIN Iter 98: loss = 0.002992,	Top-1 err = 54.940000,	Top-5 err = 34.260000,	train_time = 15.797086
TRAIN Iter 99: loss = 0.003008,	Top-1 err = 54.800000,	Top-5 err = 33.990000,	train_time = 15.685930
TRAIN Iter 100: loss = 0.003016,	Top-1 err = 59.680000,	Top-5 err = 39.680000,	train_time = 15.515505
TRAIN Iter 101: loss = 0.002981,	Top-1 err = 54.660000,	Top-5 err = 35.340000,	train_time = 16.305650
TRAIN Iter 102: loss = 0.002940,	Top-1 err = 55.100000,	Top-5 err = 33.480000,	train_time = 15.417319
TRAIN Iter 103: loss = 0.002930,	Top-1 err = 52.260000,	Top-5 err = 32.150000,	train_time = 15.826468
TRAIN Iter 104: loss = 0.002989,	Top-1 err = 53.900000,	Top-5 err = 33.000000,	train_time = 15.286700
TRAIN Iter 105: loss = 0.002955,	Top-1 err = 58.440000,	Top-5 err = 37.820000,	train_time = 15.607674
TRAIN Iter 106: loss = 0.002930,	Top-1 err = 51.210000,	Top-5 err = 31.430000,	train_time = 15.761337
TRAIN Iter 107: loss = 0.002903,	Top-1 err = 53.490000,	Top-5 err = 33.240000,	train_time = 15.619654
TRAIN Iter 108: loss = 0.002896,	Top-1 err = 52.430000,	Top-5 err = 33.000000,	train_time = 14.937589
TRAIN Iter 109: loss = 0.002910,	Top-1 err = 51.760000,	Top-5 err = 32.580000,	train_time = 14.835462
TRAIN Iter 110: loss = 0.002890,	Top-1 err = 53.070000,	Top-5 err = 33.210000,	train_time = 16.408325
TRAIN Iter 111: loss = 0.002891,	Top-1 err = 59.470000,	Top-5 err = 40.260000,	train_time = 15.499076
TRAIN Iter 112: loss = 0.002897,	Top-1 err = 58.620000,	Top-5 err = 38.650000,	train_time = 15.196835
TRAIN Iter 113: loss = 0.002868,	Top-1 err = 51.590000,	Top-5 err = 30.720000,	train_time = 15.228275
TRAIN Iter 114: loss = 0.002877,	Top-1 err = 56.400000,	Top-5 err = 36.120000,	train_time = 15.273428
TRAIN Iter 115: loss = 0.002855,	Top-1 err = 52.430000,	Top-5 err = 32.560000,	train_time = 15.798805
TRAIN Iter 116: loss = 0.002829,	Top-1 err = 54.360000,	Top-5 err = 33.650000,	train_time = 15.045767
TRAIN Iter 117: loss = 0.002813,	Top-1 err = 49.510000,	Top-5 err = 29.760000,	train_time = 16.605610
TRAIN Iter 118: loss = 0.002829,	Top-1 err = 59.200000,	Top-5 err = 39.260000,	train_time = 15.009450
TRAIN Iter 119: loss = 0.002808,	Top-1 err = 55.720000,	Top-5 err = 35.640000,	train_time = 15.457983
TRAIN Iter 120: loss = 0.002829,	Top-1 err = 52.270000,	Top-5 err = 31.100000,	train_time = 15.223892
TRAIN Iter 121: loss = 0.002801,	Top-1 err = 51.110000,	Top-5 err = 31.540000,	train_time = 15.949335
TRAIN Iter 122: loss = 0.002819,	Top-1 err = 58.610000,	Top-5 err = 38.110000,	train_time = 15.790203
TRAIN Iter 123: loss = 0.002801,	Top-1 err = 54.540000,	Top-5 err = 33.600000,	train_time = 15.084694
TRAIN Iter 124: loss = 0.002793,	Top-1 err = 52.790000,	Top-5 err = 33.250000,	train_time = 16.232136
TRAIN Iter 125: loss = 0.002776,	Top-1 err = 55.280000,	Top-5 err = 35.830000,	train_time = 15.511907
TRAIN Iter 126: loss = 0.002738,	Top-1 err = 53.440000,	Top-5 err = 33.640000,	train_time = 14.836835
TRAIN Iter 127: loss = 0.002759,	Top-1 err = 48.990000,	Top-5 err = 29.750000,	train_time = 15.274512
TRAIN Iter 128: loss = 0.002766,	Top-1 err = 56.160000,	Top-5 err = 35.070000,	train_time = 16.199435
TRAIN Iter 129: loss = 0.002733,	Top-1 err = 53.180000,	Top-5 err = 33.610000,	train_time = 15.711298
TRAIN Iter 130: loss = 0.002751,	Top-1 err = 55.060000,	Top-5 err = 35.290000,	train_time = 15.885081
TRAIN Iter 131: loss = 0.002721,	Top-1 err = 56.650000,	Top-5 err = 36.870000,	train_time = 14.971778
TRAIN Iter 132: loss = 0.002727,	Top-1 err = 54.450000,	Top-5 err = 34.540000,	train_time = 14.556896
TRAIN Iter 133: loss = 0.002704,	Top-1 err = 51.840000,	Top-5 err = 32.210000,	train_time = 16.167686
TRAIN Iter 134: loss = 0.002706,	Top-1 err = 55.900000,	Top-5 err = 36.610000,	train_time = 15.212933
TRAIN Iter 135: loss = 0.002728,	Top-1 err = 55.460000,	Top-5 err = 35.170000,	train_time = 15.203870
TRAIN Iter 136: loss = 0.002703,	Top-1 err = 57.720000,	Top-5 err = 38.730000,	train_time = 15.454937
TRAIN Iter 137: loss = 0.002671,	Top-1 err = 53.370000,	Top-5 err = 33.520000,	train_time = 14.897973
TRAIN Iter 138: loss = 0.002684,	Top-1 err = 56.780000,	Top-5 err = 37.080000,	train_time = 15.273092
TRAIN Iter 139: loss = 0.002689,	Top-1 err = 60.580000,	Top-5 err = 42.240000,	train_time = 15.150274
TRAIN Iter 140: loss = 0.002686,	Top-1 err = 56.220000,	Top-5 err = 36.130000,	train_time = 15.681287
TRAIN Iter 141: loss = 0.002643,	Top-1 err = 52.510000,	Top-5 err = 32.840000,	train_time = 15.309740
TRAIN Iter 142: loss = 0.002652,	Top-1 err = 49.660000,	Top-5 err = 28.940000,	train_time = 16.386985
TRAIN Iter 143: loss = 0.002690,	Top-1 err = 55.910000,	Top-5 err = 35.110000,	train_time = 15.199904
TRAIN Iter 144: loss = 0.002666,	Top-1 err = 54.240000,	Top-5 err = 33.800000,	train_time = 15.674325
TRAIN Iter 145: loss = 0.002638,	Top-1 err = 49.170000,	Top-5 err = 30.110000,	train_time = 15.580354
TRAIN Iter 146: loss = 0.002625,	Top-1 err = 49.560000,	Top-5 err = 30.270000,	train_time = 14.879850
TRAIN Iter 147: loss = 0.002629,	Top-1 err = 51.000000,	Top-5 err = 32.920000,	train_time = 14.880991
TRAIN Iter 148: loss = 0.002638,	Top-1 err = 53.740000,	Top-5 err = 32.620000,	train_time = 15.028261
TRAIN Iter 149: loss = 0.002608,	Top-1 err = 53.550000,	Top-5 err = 35.400000,	train_time = 15.074477
TRAIN Iter 150: loss = 0.002635,	Top-1 err = 53.880000,	Top-5 err = 33.870000,	train_time = 16.233774
TRAIN Iter 151: loss = 0.002620,	Top-1 err = 50.950000,	Top-5 err = 30.950000,	train_time = 14.851029
TRAIN Iter 152: loss = 0.002647,	Top-1 err = 54.290000,	Top-5 err = 35.610000,	train_time = 16.181019
TRAIN Iter 153: loss = 0.002614,	Top-1 err = 51.720000,	Top-5 err = 32.100000,	train_time = 15.549311
TRAIN Iter 154: loss = 0.002578,	Top-1 err = 48.860000,	Top-5 err = 30.170000,	train_time = 14.859133
TRAIN Iter 155: loss = 0.002624,	Top-1 err = 56.070000,	Top-5 err = 37.120000,	train_time = 14.789745
TRAIN Iter 156: loss = 0.002584,	Top-1 err = 51.090000,	Top-5 err = 31.980000,	train_time = 15.654362
TRAIN Iter 157: loss = 0.002578,	Top-1 err = 49.070000,	Top-5 err = 30.640000,	train_time = 15.007410
TRAIN Iter 158: loss = 0.002565,	Top-1 err = 49.630000,	Top-5 err = 30.590000,	train_time = 15.342714
TRAIN Iter 159: loss = 0.002565,	Top-1 err = 52.180000,	Top-5 err = 32.210000,	train_time = 14.872714
TRAIN Iter 160: loss = 0.002592,	Top-1 err = 58.410000,	Top-5 err = 38.410000,	train_time = 15.102412
TRAIN Iter 161: loss = 0.002534,	Top-1 err = 49.340000,	Top-5 err = 30.430000,	train_time = 15.136451
TRAIN Iter 162: loss = 0.002596,	Top-1 err = 56.790000,	Top-5 err = 38.440000,	train_time = 16.140001
TRAIN Iter 163: loss = 0.002540,	Top-1 err = 55.800000,	Top-5 err = 36.460000,	train_time = 14.753154
TRAIN Iter 164: loss = 0.002553,	Top-1 err = 52.100000,	Top-5 err = 31.640000,	train_time = 15.080896
TRAIN Iter 165: loss = 0.002578,	Top-1 err = 47.510000,	Top-5 err = 28.360000,	train_time = 16.298070
TRAIN Iter 166: loss = 0.002502,	Top-1 err = 52.860000,	Top-5 err = 33.620000,	train_time = 15.649133
TRAIN Iter 167: loss = 0.002521,	Top-1 err = 48.940000,	Top-5 err = 30.410000,	train_time = 14.933433
TRAIN Iter 168: loss = 0.002525,	Top-1 err = 50.290000,	Top-5 err = 31.580000,	train_time = 14.879120
TRAIN Iter 169: loss = 0.002540,	Top-1 err = 58.400000,	Top-5 err = 39.850000,	train_time = 16.665239
TRAIN Iter 170: loss = 0.002518,	Top-1 err = 51.220000,	Top-5 err = 31.260000,	train_time = 14.664480
TRAIN Iter 171: loss = 0.002476,	Top-1 err = 52.730000,	Top-5 err = 35.010000,	train_time = 15.965485
TRAIN Iter 172: loss = 0.002478,	Top-1 err = 49.430000,	Top-5 err = 30.830000,	train_time = 15.283908
TRAIN Iter 173: loss = 0.002486,	Top-1 err = 51.380000,	Top-5 err = 33.270000,	train_time = 14.868088
TRAIN Iter 174: loss = 0.002494,	Top-1 err = 49.760000,	Top-5 err = 31.000000,	train_time = 15.039531
TRAIN Iter 175: loss = 0.002515,	Top-1 err = 54.740000,	Top-5 err = 35.660000,	train_time = 15.313665
TRAIN Iter 176: loss = 0.002493,	Top-1 err = 51.050000,	Top-5 err = 33.070000,	train_time = 15.029349
TRAIN Iter 177: loss = 0.002553,	Top-1 err = 53.950000,	Top-5 err = 33.480000,	train_time = 15.459486
TRAIN Iter 178: loss = 0.002518,	Top-1 err = 54.940000,	Top-5 err = 34.460000,	train_time = 16.204050
TRAIN Iter 179: loss = 0.002463,	Top-1 err = 50.220000,	Top-5 err = 31.520000,	train_time = 14.966757
TRAIN Iter 180: loss = 0.002472,	Top-1 err = 53.340000,	Top-5 err = 35.240000,	train_time = 15.056114
TRAIN Iter 181: loss = 0.002476,	Top-1 err = 50.850000,	Top-5 err = 32.230000,	train_time = 15.125240
TRAIN Iter 182: loss = 0.002433,	Top-1 err = 55.520000,	Top-5 err = 36.900000,	train_time = 16.428040
TRAIN Iter 183: loss = 0.002480,	Top-1 err = 50.300000,	Top-5 err = 31.900000,	train_time = 15.618103
TRAIN Iter 184: loss = 0.002442,	Top-1 err = 52.310000,	Top-5 err = 33.960000,	train_time = 14.890535
TRAIN Iter 185: loss = 0.002514,	Top-1 err = 57.800000,	Top-5 err = 38.190000,	train_time = 15.404974
TRAIN Iter 186: loss = 0.002488,	Top-1 err = 54.450000,	Top-5 err = 36.830000,	train_time = 14.868866
TRAIN Iter 187: loss = 0.002410,	Top-1 err = 47.120000,	Top-5 err = 27.410000,	train_time = 16.494724
TRAIN Iter 188: loss = 0.002440,	Top-1 err = 53.920000,	Top-5 err = 35.020000,	train_time = 14.796043
TRAIN Iter 189: loss = 0.002474,	Top-1 err = 53.450000,	Top-5 err = 35.310000,	train_time = 15.664849
TRAIN Iter 190: loss = 0.002458,	Top-1 err = 50.400000,	Top-5 err = 31.760000,	train_time = 15.195367
TRAIN Iter 191: loss = 0.002454,	Top-1 err = 52.310000,	Top-5 err = 33.840000,	train_time = 15.933924
TRAIN Iter 192: loss = 0.002463,	Top-1 err = 54.640000,	Top-5 err = 34.840000,	train_time = 15.552373
TRAIN Iter 193: loss = 0.002427,	Top-1 err = 52.620000,	Top-5 err = 35.390000,	train_time = 14.877295
TRAIN Iter 194: loss = 0.002440,	Top-1 err = 61.280000,	Top-5 err = 42.780000,	train_time = 14.857132
TRAIN Iter 195: loss = 0.002433,	Top-1 err = 51.730000,	Top-5 err = 33.190000,	train_time = 15.337191
TRAIN Iter 196: loss = 0.002381,	Top-1 err = 48.490000,	Top-5 err = 30.080000,	train_time = 15.161694
TRAIN Iter 197: loss = 0.002432,	Top-1 err = 55.830000,	Top-5 err = 37.950000,	train_time = 15.321478
TRAIN Iter 198: loss = 0.002403,	Top-1 err = 48.860000,	Top-5 err = 30.890000,	train_time = 14.979033
TRAIN Iter 199: loss = 0.002390,	Top-1 err = 48.450000,	Top-5 err = 30.950000,	train_time = 15.028692
TRAIN Iter 200: loss = 0.002399,	Top-1 err = 54.390000,	Top-5 err = 36.440000,	train_time = 15.506779
TRAIN Iter 201: loss = 0.002424,	Top-1 err = 54.670000,	Top-5 err = 35.500000,	train_time = 15.025424
TRAIN Iter 202: loss = 0.002373,	Top-1 err = 50.310000,	Top-5 err = 32.790000,	train_time = 15.035271
TRAIN Iter 203: loss = 0.002395,	Top-1 err = 50.010000,	Top-5 err = 30.880000,	train_time = 15.472981
TRAIN Iter 204: loss = 0.002405,	Top-1 err = 56.770000,	Top-5 err = 37.580000,	train_time = 15.274494
TRAIN Iter 205: loss = 0.002370,	Top-1 err = 50.690000,	Top-5 err = 31.840000,	train_time = 15.182839
TRAIN Iter 206: loss = 0.002362,	Top-1 err = 51.630000,	Top-5 err = 33.340000,	train_time = 15.748492
TRAIN Iter 207: loss = 0.002414,	Top-1 err = 55.130000,	Top-5 err = 34.520000,	train_time = 15.200707
TRAIN Iter 208: loss = 0.002368,	Top-1 err = 51.440000,	Top-5 err = 32.280000,	train_time = 14.979569
TRAIN Iter 209: loss = 0.002359,	Top-1 err = 47.370000,	Top-5 err = 28.710000,	train_time = 15.088478
TRAIN Iter 210: loss = 0.002395,	Top-1 err = 53.300000,	Top-5 err = 34.480000,	train_time = 16.623384
TRAIN Iter 211: loss = 0.002419,	Top-1 err = 57.610000,	Top-5 err = 36.930000,	train_time = 15.131369
TRAIN Iter 212: loss = 0.002324,	Top-1 err = 50.090000,	Top-5 err = 32.470000,	train_time = 14.973234
TRAIN Iter 213: loss = 0.002390,	Top-1 err = 52.840000,	Top-5 err = 33.370000,	train_time = 15.191033
TRAIN Iter 214: loss = 0.002356,	Top-1 err = 51.750000,	Top-5 err = 32.910000,	train_time = 16.416751
TRAIN Iter 215: loss = 0.002364,	Top-1 err = 52.130000,	Top-5 err = 33.580000,	train_time = 14.679182
TRAIN Iter 216: loss = 0.002388,	Top-1 err = 52.430000,	Top-5 err = 33.040000,	train_time = 16.132368
TRAIN Iter 217: loss = 0.002326,	Top-1 err = 44.430000,	Top-5 err = 26.190000,	train_time = 14.891159
TRAIN Iter 218: loss = 0.002336,	Top-1 err = 49.720000,	Top-5 err = 31.210000,	train_time = 15.823745
TRAIN Iter 219: loss = 0.002345,	Top-1 err = 53.670000,	Top-5 err = 37.100000,	train_time = 14.647367
TRAIN Iter 220: loss = 0.002351,	Top-1 err = 54.100000,	Top-5 err = 34.960000,	train_time = 16.280093
TRAIN Iter 221: loss = 0.002345,	Top-1 err = 55.960000,	Top-5 err = 36.690000,	train_time = 14.766495
TRAIN Iter 222: loss = 0.002290,	Top-1 err = 50.390000,	Top-5 err = 31.770000,	train_time = 15.425087
TRAIN Iter 223: loss = 0.002322,	Top-1 err = 49.180000,	Top-5 err = 29.960000,	train_time = 14.840878
TRAIN Iter 224: loss = 0.002356,	Top-1 err = 53.200000,	Top-5 err = 34.530000,	train_time = 16.253637
TRAIN Iter 225: loss = 0.002346,	Top-1 err = 55.140000,	Top-5 err = 36.730000,	train_time = 15.010624
TRAIN Iter 226: loss = 0.002291,	Top-1 err = 50.390000,	Top-5 err = 31.950000,	train_time = 16.149068
TRAIN Iter 227: loss = 0.002346,	Top-1 err = 57.260000,	Top-5 err = 38.370000,	train_time = 15.910776
TRAIN Iter 228: loss = 0.002272,	Top-1 err = 47.230000,	Top-5 err = 29.620000,	train_time = 14.652983
TRAIN Iter 229: loss = 0.002322,	Top-1 err = 54.850000,	Top-5 err = 36.260000,	train_time = 16.358833
TRAIN Iter 230: loss = 0.002341,	Top-1 err = 46.980000,	Top-5 err = 28.240000,	train_time = 14.772409
TRAIN Iter 231: loss = 0.002335,	Top-1 err = 53.690000,	Top-5 err = 33.990000,	train_time = 15.814361
TRAIN Iter 232: loss = 0.002321,	Top-1 err = 54.710000,	Top-5 err = 36.490000,	train_time = 14.848111
TRAIN Iter 233: loss = 0.002305,	Top-1 err = 50.560000,	Top-5 err = 31.560000,	train_time = 15.602208
TRAIN Iter 234: loss = 0.002297,	Top-1 err = 55.080000,	Top-5 err = 36.580000,	train_time = 14.885310
TRAIN Iter 235: loss = 0.002281,	Top-1 err = 48.640000,	Top-5 err = 30.190000,	train_time = 15.475932
TRAIN Iter 236: loss = 0.002301,	Top-1 err = 50.940000,	Top-5 err = 33.370000,	train_time = 15.598072
TRAIN Iter 237: loss = 0.002263,	Top-1 err = 47.810000,	Top-5 err = 30.150000,	train_time = 14.748323
TRAIN Iter 238: loss = 0.002279,	Top-1 err = 51.200000,	Top-5 err = 32.420000,	train_time = 16.230747
TRAIN Iter 239: loss = 0.002266,	Top-1 err = 51.780000,	Top-5 err = 33.960000,	train_time = 14.743410
TRAIN Iter 240: loss = 0.002291,	Top-1 err = 50.630000,	Top-5 err = 31.980000,	train_time = 16.205728
TRAIN Iter 241: loss = 0.002216,	Top-1 err = 43.440000,	Top-5 err = 24.700000,	train_time = 14.901289
TRAIN Iter 242: loss = 0.002244,	Top-1 err = 51.900000,	Top-5 err = 33.280000,	train_time = 16.249262
TRAIN Iter 243: loss = 0.002282,	Top-1 err = 53.730000,	Top-5 err = 35.750000,	train_time = 15.009961
TRAIN Iter 244: loss = 0.002276,	Top-1 err = 54.810000,	Top-5 err = 37.230000,	train_time = 15.128178
TRAIN Iter 245: loss = 0.002226,	Top-1 err = 49.320000,	Top-5 err = 31.000000,	train_time = 14.893125
TRAIN Iter 246: loss = 0.002284,	Top-1 err = 50.420000,	Top-5 err = 30.520000,	train_time = 16.373751
TRAIN Iter 247: loss = 0.002222,	Top-1 err = 54.170000,	Top-5 err = 36.750000,	train_time = 14.613213
TRAIN Iter 248: loss = 0.002260,	Top-1 err = 48.620000,	Top-5 err = 29.880000,	train_time = 15.115937
TRAIN Iter 249: loss = 0.002262,	Top-1 err = 53.440000,	Top-5 err = 34.620000,	train_time = 15.186616
TEST:
Iter 249: loss = 1.865929,	Top-1 err = 43.700000,	Top-5 err = 19.740000,	val_time = 3.025571
TRAIN Iter 250: loss = 0.002263,	Top-1 err = 52.400000,	Top-5 err = 34.030000,	train_time = 15.199707
TRAIN Iter 251: loss = 0.002231,	Top-1 err = 51.430000,	Top-5 err = 33.120000,	train_time = 15.551372
TRAIN Iter 252: loss = 0.002277,	Top-1 err = 53.100000,	Top-5 err = 34.850000,	train_time = 14.950898
TRAIN Iter 253: loss = 0.002255,	Top-1 err = 49.750000,	Top-5 err = 31.030000,	train_time = 15.198232
TRAIN Iter 254: loss = 0.002253,	Top-1 err = 49.620000,	Top-5 err = 30.960000,	train_time = 16.461477
TRAIN Iter 255: loss = 0.002220,	Top-1 err = 44.500000,	Top-5 err = 26.650000,	train_time = 14.783937
TRAIN Iter 256: loss = 0.002244,	Top-1 err = 50.040000,	Top-5 err = 31.130000,	train_time = 16.344419
TRAIN Iter 257: loss = 0.002221,	Top-1 err = 48.940000,	Top-5 err = 30.500000,	train_time = 14.922430
TRAIN Iter 258: loss = 0.002314,	Top-1 err = 58.820000,	Top-5 err = 38.620000,	train_time = 15.296448
TRAIN Iter 259: loss = 0.002248,	Top-1 err = 54.240000,	Top-5 err = 36.030000,	train_time = 14.935980
TEST:
Iter 259: loss = 1.872033,	Top-1 err = 43.430000,	Top-5 err = 19.920000,	val_time = 3.096345
TRAIN Iter 260: loss = 0.002248,	Top-1 err = 50.270000,	Top-5 err = 32.200000,	train_time = 14.938668
TRAIN Iter 261: loss = 0.002197,	Top-1 err = 51.490000,	Top-5 err = 33.390000,	train_time = 16.247264
TRAIN Iter 262: loss = 0.002236,	Top-1 err = 52.900000,	Top-5 err = 35.400000,	train_time = 14.733595
TRAIN Iter 263: loss = 0.002238,	Top-1 err = 49.400000,	Top-5 err = 30.460000,	train_time = 16.201176
TRAIN Iter 264: loss = 0.002255,	Top-1 err = 55.880000,	Top-5 err = 36.760000,	train_time = 14.709329
TRAIN Iter 265: loss = 0.002211,	Top-1 err = 48.740000,	Top-5 err = 30.090000,	train_time = 14.962211
TRAIN Iter 266: loss = 0.002243,	Top-1 err = 50.860000,	Top-5 err = 31.680000,	train_time = 16.262578
TRAIN Iter 267: loss = 0.002201,	Top-1 err = 51.860000,	Top-5 err = 33.710000,	train_time = 15.326180
TRAIN Iter 268: loss = 0.002235,	Top-1 err = 50.240000,	Top-5 err = 31.030000,	train_time = 14.746813
TRAIN Iter 269: loss = 0.002181,	Top-1 err = 48.570000,	Top-5 err = 30.370000,	train_time = 16.072373
TEST:
Iter 269: loss = 1.841770,	Top-1 err = 43.160000,	Top-5 err = 19.360000,	val_time = 3.011440
TRAIN Iter 270: loss = 0.002181,	Top-1 err = 48.970000,	Top-5 err = 31.410000,	train_time = 14.811315
TRAIN Iter 271: loss = 0.002175,	Top-1 err = 48.200000,	Top-5 err = 29.330000,	train_time = 14.922501
TRAIN Iter 272: loss = 0.002213,	Top-1 err = 47.540000,	Top-5 err = 28.780000,	train_time = 15.627827
TRAIN Iter 273: loss = 0.002151,	Top-1 err = 46.420000,	Top-5 err = 28.950000,	train_time = 15.124047
TRAIN Iter 274: loss = 0.002220,	Top-1 err = 54.680000,	Top-5 err = 36.040000,	train_time = 15.360276
TRAIN Iter 275: loss = 0.002162,	Top-1 err = 48.260000,	Top-5 err = 30.240000,	train_time = 15.260322
TRAIN Iter 276: loss = 0.002204,	Top-1 err = 48.730000,	Top-5 err = 31.200000,	train_time = 15.015806
TRAIN Iter 277: loss = 0.002216,	Top-1 err = 58.550000,	Top-5 err = 39.700000,	train_time = 15.378913
TRAIN Iter 278: loss = 0.002175,	Top-1 err = 52.820000,	Top-5 err = 33.660000,	train_time = 15.243184
TRAIN Iter 279: loss = 0.002183,	Top-1 err = 49.120000,	Top-5 err = 29.730000,	train_time = 15.112713
TEST:
Iter 279: loss = 1.835921,	Top-1 err = 43.070000,	Top-5 err = 19.460000,	val_time = 2.982732
TRAIN Iter 280: loss = 0.002164,	Top-1 err = 45.550000,	Top-5 err = 29.180000,	train_time = 15.279850
TRAIN Iter 281: loss = 0.002145,	Top-1 err = 47.140000,	Top-5 err = 29.520000,	train_time = 15.262336
TRAIN Iter 282: loss = 0.002177,	Top-1 err = 52.480000,	Top-5 err = 34.320000,	train_time = 14.984095
TRAIN Iter 283: loss = 0.002191,	Top-1 err = 49.400000,	Top-5 err = 30.330000,	train_time = 15.857402
TRAIN Iter 284: loss = 0.002173,	Top-1 err = 50.590000,	Top-5 err = 31.270000,	train_time = 15.359580
TRAIN Iter 285: loss = 0.002128,	Top-1 err = 48.440000,	Top-5 err = 30.780000,	train_time = 15.060363
TRAIN Iter 286: loss = 0.002200,	Top-1 err = 53.550000,	Top-5 err = 34.760000,	train_time = 15.500403
TRAIN Iter 287: loss = 0.002185,	Top-1 err = 53.490000,	Top-5 err = 35.080000,	train_time = 15.590451
TRAIN Iter 288: loss = 0.002187,	Top-1 err = 50.130000,	Top-5 err = 32.220000,	train_time = 15.506271
TRAIN Iter 289: loss = 0.002164,	Top-1 err = 52.260000,	Top-5 err = 33.100000,	train_time = 15.489450
TEST:
Iter 289: loss = 1.829445,	Top-1 err = 43.350000,	Top-5 err = 19.220000,	val_time = 3.009873
TRAIN Iter 290: loss = 0.002185,	Top-1 err = 54.650000,	Top-5 err = 36.030000,	train_time = 16.307823
TRAIN Iter 291: loss = 0.002145,	Top-1 err = 54.580000,	Top-5 err = 38.130000,	train_time = 14.773873
TRAIN Iter 292: loss = 0.002131,	Top-1 err = 44.290000,	Top-5 err = 24.980000,	train_time = 14.882581
TRAIN Iter 293: loss = 0.002118,	Top-1 err = 45.470000,	Top-5 err = 28.360000,	train_time = 15.204524
TRAIN Iter 294: loss = 0.002137,	Top-1 err = 50.880000,	Top-5 err = 32.570000,	train_time = 15.527085
TRAIN Iter 295: loss = 0.002131,	Top-1 err = 49.510000,	Top-5 err = 33.080000,	train_time = 14.996046
TRAIN Iter 296: loss = 0.002149,	Top-1 err = 48.740000,	Top-5 err = 30.420000,	train_time = 15.262197
TRAIN Iter 297: loss = 0.002170,	Top-1 err = 50.510000,	Top-5 err = 30.990000,	train_time = 15.534389
TRAIN Iter 298: loss = 0.002145,	Top-1 err = 49.870000,	Top-5 err = 30.210000,	train_time = 15.171955
TRAIN Iter 299: loss = 0.002092,	Top-1 err = 47.510000,	Top-5 err = 30.630000,	train_time = 16.012341
TEST:
Iter 299: loss = 1.831413,	Top-1 err = 42.830000,	Top-5 err = 19.620000,	val_time = 2.999746
Train Finish! Best accuracy is 57.17@299
