/home/dvspanos/miniconda3/envs/rded/lib/python3.10/site-packages/torchvision/models/_utils.py:208: UserWarning: The parameter 'pretrained' is deprecated since 0.13 and may be removed in the future, please use 'weights' instead.
  warnings.warn(
/home/dvspanos/miniconda3/envs/rded/lib/python3.10/site-packages/torchvision/models/_utils.py:223: UserWarning: Arguments other than a weight enum or `None` for 'weights' are deprecated since 0.13 and may be removed in the future. The current behavior is equivalent to passing `weights=None`.
  warnings.warn(msg)
=> using pytorch pre-trained teacher model 'resnet18_modified'
process data from /home/dvspanos/nikos/ca2d/artifacts/rded_sets/bench_tin_rn18_cadprune_ipc10
load data successfully
TRAIN Iter 0: loss = 0.012706,	Top-1 err = 98.800000,	Top-5 err = 94.700000,	train_time = 4.512435
TRAIN Iter 1: loss = 0.011462,	Top-1 err = 97.750000,	Top-5 err = 91.600000,	train_time = 2.870292
TRAIN Iter 2: loss = 0.010761,	Top-1 err = 97.350000,	Top-5 err = 90.000000,	train_time = 2.873546
TRAIN Iter 3: loss = 0.011149,	Top-1 err = 96.450000,	Top-5 err = 87.650000,	train_time = 2.885248
TRAIN Iter 4: loss = 0.010725,	Top-1 err = 95.500000,	Top-5 err = 84.300000,	train_time = 2.870597
TRAIN Iter 5: loss = 0.010335,	Top-1 err = 95.150000,	Top-5 err = 83.650000,	train_time = 3.097482
TRAIN Iter 6: loss = 0.010525,	Top-1 err = 93.700000,	Top-5 err = 80.400000,	train_time = 2.904038
TRAIN Iter 7: loss = 0.010471,	Top-1 err = 92.500000,	Top-5 err = 76.750000,	train_time = 2.978944
TRAIN Iter 8: loss = 0.009772,	Top-1 err = 92.800000,	Top-5 err = 76.750000,	train_time = 2.975240
TRAIN Iter 9: loss = 0.009492,	Top-1 err = 93.300000,	Top-5 err = 77.550000,	train_time = 2.978165
TRAIN Iter 10: loss = 0.009433,	Top-1 err = 93.950000,	Top-5 err = 79.900000,	train_time = 2.901161
TRAIN Iter 11: loss = 0.009486,	Top-1 err = 91.600000,	Top-5 err = 76.800000,	train_time = 2.950329
TRAIN Iter 12: loss = 0.009255,	Top-1 err = 92.250000,	Top-5 err = 75.650000,	train_time = 2.984769
TRAIN Iter 13: loss = 0.008645,	Top-1 err = 92.350000,	Top-5 err = 74.100000,	train_time = 3.047055
TRAIN Iter 14: loss = 0.008688,	Top-1 err = 91.900000,	Top-5 err = 74.400000,	train_time = 2.958861
TRAIN Iter 15: loss = 0.008946,	Top-1 err = 91.550000,	Top-5 err = 72.850000,	train_time = 3.048758
TRAIN Iter 16: loss = 0.008446,	Top-1 err = 90.600000,	Top-5 err = 73.400000,	train_time = 3.228446
TRAIN Iter 17: loss = 0.008706,	Top-1 err = 89.450000,	Top-5 err = 69.550000,	train_time = 2.998122
TRAIN Iter 18: loss = 0.008926,	Top-1 err = 88.700000,	Top-5 err = 68.000000,	train_time = 2.964895
TRAIN Iter 19: loss = 0.008757,	Top-1 err = 90.400000,	Top-5 err = 73.450000,	train_time = 3.093283
TRAIN Iter 20: loss = 0.008727,	Top-1 err = 87.650000,	Top-5 err = 68.100000,	train_time = 3.088212
TRAIN Iter 21: loss = 0.008271,	Top-1 err = 88.550000,	Top-5 err = 70.200000,	train_time = 3.157353
TRAIN Iter 22: loss = 0.008247,	Top-1 err = 89.650000,	Top-5 err = 70.400000,	train_time = 2.972090
TRAIN Iter 23: loss = 0.008388,	Top-1 err = 86.650000,	Top-5 err = 66.600000,	train_time = 3.180313
TRAIN Iter 24: loss = 0.008192,	Top-1 err = 85.050000,	Top-5 err = 61.950000,	train_time = 3.112985
TRAIN Iter 25: loss = 0.007774,	Top-1 err = 86.600000,	Top-5 err = 67.350000,	train_time = 3.007020
TRAIN Iter 26: loss = 0.008199,	Top-1 err = 85.450000,	Top-5 err = 63.800000,	train_time = 3.013201
TRAIN Iter 27: loss = 0.008027,	Top-1 err = 84.700000,	Top-5 err = 64.400000,	train_time = 3.186070
TRAIN Iter 28: loss = 0.007744,	Top-1 err = 90.050000,	Top-5 err = 71.450000,	train_time = 3.044345
TRAIN Iter 29: loss = 0.007112,	Top-1 err = 87.600000,	Top-5 err = 69.200000,	train_time = 3.011213
TRAIN Iter 30: loss = 0.008001,	Top-1 err = 84.900000,	Top-5 err = 62.400000,	train_time = 3.084689
TRAIN Iter 31: loss = 0.007486,	Top-1 err = 83.250000,	Top-5 err = 61.100000,	train_time = 2.969966
TRAIN Iter 32: loss = 0.007199,	Top-1 err = 84.700000,	Top-5 err = 64.150000,	train_time = 3.017162
TRAIN Iter 33: loss = 0.007990,	Top-1 err = 84.800000,	Top-5 err = 63.550000,	train_time = 2.980978
TRAIN Iter 34: loss = 0.007106,	Top-1 err = 82.500000,	Top-5 err = 61.300000,	train_time = 3.073785
TRAIN Iter 35: loss = 0.007338,	Top-1 err = 84.000000,	Top-5 err = 61.350000,	train_time = 3.040314
TRAIN Iter 36: loss = 0.006736,	Top-1 err = 89.250000,	Top-5 err = 70.950000,	train_time = 3.127160
TRAIN Iter 37: loss = 0.006844,	Top-1 err = 82.050000,	Top-5 err = 58.650000,	train_time = 3.186517
TRAIN Iter 38: loss = 0.007080,	Top-1 err = 78.500000,	Top-5 err = 52.950000,	train_time = 3.062868
TRAIN Iter 39: loss = 0.006965,	Top-1 err = 86.300000,	Top-5 err = 66.000000,	train_time = 3.046350
TRAIN Iter 40: loss = 0.007246,	Top-1 err = 82.350000,	Top-5 err = 60.700000,	train_time = 3.080536
TRAIN Iter 41: loss = 0.007465,	Top-1 err = 77.200000,	Top-5 err = 52.950000,	train_time = 3.120142
TRAIN Iter 42: loss = 0.006787,	Top-1 err = 80.950000,	Top-5 err = 59.500000,	train_time = 3.030227
TRAIN Iter 43: loss = 0.007032,	Top-1 err = 79.400000,	Top-5 err = 56.250000,	train_time = 3.084031
TRAIN Iter 44: loss = 0.006550,	Top-1 err = 86.300000,	Top-5 err = 67.550000,	train_time = 3.320330
TRAIN Iter 45: loss = 0.006927,	Top-1 err = 76.200000,	Top-5 err = 48.950000,	train_time = 3.169539
TRAIN Iter 46: loss = 0.006853,	Top-1 err = 73.300000,	Top-5 err = 46.850000,	train_time = 3.042200
TRAIN Iter 47: loss = 0.006582,	Top-1 err = 79.400000,	Top-5 err = 58.350000,	train_time = 2.992533
TRAIN Iter 48: loss = 0.006716,	Top-1 err = 82.450000,	Top-5 err = 64.450000,	train_time = 3.102155
TRAIN Iter 49: loss = 0.006559,	Top-1 err = 78.050000,	Top-5 err = 56.200000,	train_time = 3.050009
TRAIN Iter 50: loss = 0.006524,	Top-1 err = 77.450000,	Top-5 err = 53.800000,	train_time = 3.058855
TRAIN Iter 51: loss = 0.006631,	Top-1 err = 76.700000,	Top-5 err = 53.700000,	train_time = 3.039212
TRAIN Iter 52: loss = 0.006439,	Top-1 err = 75.500000,	Top-5 err = 51.200000,	train_time = 3.178180
TRAIN Iter 53: loss = 0.006409,	Top-1 err = 81.950000,	Top-5 err = 61.950000,	train_time = 3.039721
TRAIN Iter 54: loss = 0.006062,	Top-1 err = 76.300000,	Top-5 err = 54.300000,	train_time = 3.015990
TRAIN Iter 55: loss = 0.006057,	Top-1 err = 77.550000,	Top-5 err = 56.500000,	train_time = 3.479720
TRAIN Iter 56: loss = 0.006317,	Top-1 err = 73.900000,	Top-5 err = 49.300000,	train_time = 3.198527
TRAIN Iter 57: loss = 0.005771,	Top-1 err = 81.850000,	Top-5 err = 59.650000,	train_time = 3.018008
TRAIN Iter 58: loss = 0.005992,	Top-1 err = 79.650000,	Top-5 err = 61.900000,	train_time = 3.147498
TRAIN Iter 59: loss = 0.006116,	Top-1 err = 75.600000,	Top-5 err = 52.800000,	train_time = 2.970914
TRAIN Iter 60: loss = 0.005917,	Top-1 err = 76.900000,	Top-5 err = 54.600000,	train_time = 3.215429
TRAIN Iter 61: loss = 0.005719,	Top-1 err = 76.900000,	Top-5 err = 53.850000,	train_time = 3.160408
TRAIN Iter 62: loss = 0.005906,	Top-1 err = 68.700000,	Top-5 err = 44.100000,	train_time = 3.123626
TRAIN Iter 63: loss = 0.005948,	Top-1 err = 72.950000,	Top-5 err = 50.250000,	train_time = 2.993182
TRAIN Iter 64: loss = 0.005829,	Top-1 err = 70.800000,	Top-5 err = 46.600000,	train_time = 2.980327
TRAIN Iter 65: loss = 0.005549,	Top-1 err = 81.200000,	Top-5 err = 61.500000,	train_time = 2.996887
TRAIN Iter 66: loss = 0.006002,	Top-1 err = 72.400000,	Top-5 err = 49.650000,	train_time = 3.015933
TRAIN Iter 67: loss = 0.005717,	Top-1 err = 74.750000,	Top-5 err = 54.450000,	train_time = 3.027045
TRAIN Iter 68: loss = 0.005588,	Top-1 err = 72.800000,	Top-5 err = 50.450000,	train_time = 3.050356
TRAIN Iter 69: loss = 0.005615,	Top-1 err = 67.500000,	Top-5 err = 44.350000,	train_time = 3.302228
TRAIN Iter 70: loss = 0.005536,	Top-1 err = 72.400000,	Top-5 err = 49.500000,	train_time = 3.258544
TRAIN Iter 71: loss = 0.005426,	Top-1 err = 70.150000,	Top-5 err = 46.050000,	train_time = 3.097610
TRAIN Iter 72: loss = 0.005482,	Top-1 err = 70.650000,	Top-5 err = 47.150000,	train_time = 3.213151
TRAIN Iter 73: loss = 0.005395,	Top-1 err = 67.200000,	Top-5 err = 44.300000,	train_time = 3.167192
TRAIN Iter 74: loss = 0.005409,	Top-1 err = 66.700000,	Top-5 err = 42.650000,	train_time = 3.041637
TRAIN Iter 75: loss = 0.005317,	Top-1 err = 72.400000,	Top-5 err = 50.250000,	train_time = 3.096501
TRAIN Iter 76: loss = 0.005475,	Top-1 err = 64.700000,	Top-5 err = 41.950000,	train_time = 3.186890
TRAIN Iter 77: loss = 0.005476,	Top-1 err = 62.700000,	Top-5 err = 37.650000,	train_time = 3.069929
TRAIN Iter 78: loss = 0.005115,	Top-1 err = 72.100000,	Top-5 err = 48.450000,	train_time = 3.059237
TRAIN Iter 79: loss = 0.005192,	Top-1 err = 63.800000,	Top-5 err = 38.850000,	train_time = 3.023416
TRAIN Iter 80: loss = 0.005149,	Top-1 err = 68.650000,	Top-5 err = 45.000000,	train_time = 3.053711
TRAIN Iter 81: loss = 0.005180,	Top-1 err = 66.800000,	Top-5 err = 43.350000,	train_time = 3.035926
TRAIN Iter 82: loss = 0.005031,	Top-1 err = 62.800000,	Top-5 err = 38.600000,	train_time = 3.083453
TRAIN Iter 83: loss = 0.005137,	Top-1 err = 67.350000,	Top-5 err = 46.250000,	train_time = 3.003080
TRAIN Iter 84: loss = 0.004928,	Top-1 err = 73.450000,	Top-5 err = 51.850000,	train_time = 3.196671
TRAIN Iter 85: loss = 0.005034,	Top-1 err = 69.050000,	Top-5 err = 47.400000,	train_time = 3.103561
TRAIN Iter 86: loss = 0.004950,	Top-1 err = 73.950000,	Top-5 err = 53.950000,	train_time = 3.008823
TRAIN Iter 87: loss = 0.004931,	Top-1 err = 66.700000,	Top-5 err = 44.800000,	train_time = 3.221497
TRAIN Iter 88: loss = 0.004927,	Top-1 err = 66.850000,	Top-5 err = 45.000000,	train_time = 3.092851
TRAIN Iter 89: loss = 0.004913,	Top-1 err = 62.550000,	Top-5 err = 37.450000,	train_time = 3.027458
TRAIN Iter 90: loss = 0.004949,	Top-1 err = 69.000000,	Top-5 err = 46.700000,	train_time = 3.288260
TRAIN Iter 91: loss = 0.004902,	Top-1 err = 72.150000,	Top-5 err = 48.700000,	train_time = 3.115393
TRAIN Iter 92: loss = 0.004785,	Top-1 err = 67.150000,	Top-5 err = 46.500000,	train_time = 2.993246
TRAIN Iter 93: loss = 0.004869,	Top-1 err = 73.800000,	Top-5 err = 54.650000,	train_time = 2.951037
TRAIN Iter 94: loss = 0.004665,	Top-1 err = 73.100000,	Top-5 err = 52.200000,	train_time = 3.067003
TRAIN Iter 95: loss = 0.004733,	Top-1 err = 65.700000,	Top-5 err = 44.850000,	train_time = 3.047994
TRAIN Iter 96: loss = 0.004764,	Top-1 err = 64.250000,	Top-5 err = 43.100000,	train_time = 3.172696
TRAIN Iter 97: loss = 0.004729,	Top-1 err = 57.050000,	Top-5 err = 34.850000,	train_time = 3.159751
TRAIN Iter 98: loss = 0.004729,	Top-1 err = 65.450000,	Top-5 err = 43.650000,	train_time = 3.014421
TRAIN Iter 99: loss = 0.004582,	Top-1 err = 62.300000,	Top-5 err = 39.750000,	train_time = 3.038930
TRAIN Iter 100: loss = 0.004606,	Top-1 err = 65.450000,	Top-5 err = 45.200000,	train_time = 3.010987
TRAIN Iter 101: loss = 0.004565,	Top-1 err = 72.700000,	Top-5 err = 51.100000,	train_time = 3.104318
TRAIN Iter 102: loss = 0.004655,	Top-1 err = 70.100000,	Top-5 err = 46.850000,	train_time = 2.987909
TRAIN Iter 103: loss = 0.004667,	Top-1 err = 65.600000,	Top-5 err = 46.450000,	train_time = 3.043143
TRAIN Iter 104: loss = 0.004435,	Top-1 err = 61.650000,	Top-5 err = 38.550000,	train_time = 2.988660
TRAIN Iter 105: loss = 0.004448,	Top-1 err = 56.600000,	Top-5 err = 33.200000,	train_time = 3.130632
TRAIN Iter 106: loss = 0.004489,	Top-1 err = 63.850000,	Top-5 err = 39.650000,	train_time = 3.017406
TRAIN Iter 107: loss = 0.004352,	Top-1 err = 63.200000,	Top-5 err = 40.450000,	train_time = 3.042184
TRAIN Iter 108: loss = 0.004418,	Top-1 err = 63.450000,	Top-5 err = 42.150000,	train_time = 3.114365
TRAIN Iter 109: loss = 0.004586,	Top-1 err = 61.950000,	Top-5 err = 41.700000,	train_time = 3.321692
TRAIN Iter 110: loss = 0.004399,	Top-1 err = 68.500000,	Top-5 err = 49.050000,	train_time = 3.177293
TRAIN Iter 111: loss = 0.004259,	Top-1 err = 60.400000,	Top-5 err = 36.500000,	train_time = 2.994903
TRAIN Iter 112: loss = 0.004307,	Top-1 err = 59.750000,	Top-5 err = 35.800000,	train_time = 3.259136
TRAIN Iter 113: loss = 0.004462,	Top-1 err = 62.400000,	Top-5 err = 40.800000,	train_time = 3.115264
TRAIN Iter 114: loss = 0.004387,	Top-1 err = 67.750000,	Top-5 err = 45.150000,	train_time = 3.001850
TRAIN Iter 115: loss = 0.004277,	Top-1 err = 61.950000,	Top-5 err = 42.750000,	train_time = 3.049905
TRAIN Iter 116: loss = 0.004105,	Top-1 err = 53.600000,	Top-5 err = 30.800000,	train_time = 3.061014
TRAIN Iter 117: loss = 0.004234,	Top-1 err = 53.100000,	Top-5 err = 29.100000,	train_time = 3.017468
TRAIN Iter 118: loss = 0.004126,	Top-1 err = 63.250000,	Top-5 err = 42.900000,	train_time = 3.139788
TRAIN Iter 119: loss = 0.004195,	Top-1 err = 52.850000,	Top-5 err = 28.750000,	train_time = 3.075981
TRAIN Iter 120: loss = 0.004107,	Top-1 err = 67.800000,	Top-5 err = 48.200000,	train_time = 3.331081
TRAIN Iter 121: loss = 0.004127,	Top-1 err = 65.300000,	Top-5 err = 44.150000,	train_time = 3.339696
TRAIN Iter 122: loss = 0.004183,	Top-1 err = 66.800000,	Top-5 err = 44.950000,	train_time = 3.042569
TRAIN Iter 123: loss = 0.004188,	Top-1 err = 56.050000,	Top-5 err = 33.250000,	train_time = 2.965965
TRAIN Iter 124: loss = 0.004153,	Top-1 err = 58.150000,	Top-5 err = 37.000000,	train_time = 3.270494
TRAIN Iter 125: loss = 0.004093,	Top-1 err = 63.850000,	Top-5 err = 41.400000,	train_time = 3.124689
TRAIN Iter 126: loss = 0.004119,	Top-1 err = 65.550000,	Top-5 err = 43.750000,	train_time = 3.005034
TRAIN Iter 127: loss = 0.004145,	Top-1 err = 62.150000,	Top-5 err = 40.400000,	train_time = 3.053224
TRAIN Iter 128: loss = 0.004101,	Top-1 err = 65.050000,	Top-5 err = 46.400000,	train_time = 3.390346
TRAIN Iter 129: loss = 0.004080,	Top-1 err = 62.150000,	Top-5 err = 37.300000,	train_time = 3.085392
TRAIN Iter 130: loss = 0.003989,	Top-1 err = 54.700000,	Top-5 err = 31.650000,	train_time = 3.045762
TRAIN Iter 131: loss = 0.004014,	Top-1 err = 60.100000,	Top-5 err = 37.850000,	train_time = 3.258040
TRAIN Iter 132: loss = 0.004044,	Top-1 err = 62.300000,	Top-5 err = 39.550000,	train_time = 3.113976
TRAIN Iter 133: loss = 0.003949,	Top-1 err = 55.100000,	Top-5 err = 30.100000,	train_time = 2.997540
TRAIN Iter 134: loss = 0.004007,	Top-1 err = 55.300000,	Top-5 err = 34.400000,	train_time = 2.992159
TRAIN Iter 135: loss = 0.003937,	Top-1 err = 59.500000,	Top-5 err = 37.100000,	train_time = 3.037806
TRAIN Iter 136: loss = 0.003819,	Top-1 err = 53.450000,	Top-5 err = 32.600000,	train_time = 3.013397
TRAIN Iter 137: loss = 0.003860,	Top-1 err = 52.850000,	Top-5 err = 29.350000,	train_time = 3.004247
TRAIN Iter 138: loss = 0.003875,	Top-1 err = 52.650000,	Top-5 err = 30.900000,	train_time = 3.196399
TRAIN Iter 139: loss = 0.003924,	Top-1 err = 53.000000,	Top-5 err = 31.000000,	train_time = 3.065427
TRAIN Iter 140: loss = 0.003940,	Top-1 err = 58.700000,	Top-5 err = 39.050000,	train_time = 3.087425
TRAIN Iter 141: loss = 0.003887,	Top-1 err = 67.500000,	Top-5 err = 49.200000,	train_time = 3.040849
TRAIN Iter 142: loss = 0.003841,	Top-1 err = 54.000000,	Top-5 err = 34.850000,	train_time = 3.179265
TRAIN Iter 143: loss = 0.003790,	Top-1 err = 54.500000,	Top-5 err = 31.750000,	train_time = 3.172866
TRAIN Iter 144: loss = 0.003749,	Top-1 err = 54.850000,	Top-5 err = 34.450000,	train_time = 3.090595
TRAIN Iter 145: loss = 0.004002,	Top-1 err = 66.800000,	Top-5 err = 46.600000,	train_time = 3.130580
TRAIN Iter 146: loss = 0.003782,	Top-1 err = 58.500000,	Top-5 err = 36.750000,	train_time = 3.123210
TRAIN Iter 147: loss = 0.003748,	Top-1 err = 63.750000,	Top-5 err = 40.750000,	train_time = 3.036732
TRAIN Iter 148: loss = 0.003747,	Top-1 err = 60.750000,	Top-5 err = 38.900000,	train_time = 3.063450
TRAIN Iter 149: loss = 0.003610,	Top-1 err = 50.650000,	Top-5 err = 30.750000,	train_time = 3.053583
TRAIN Iter 150: loss = 0.003762,	Top-1 err = 61.000000,	Top-5 err = 40.400000,	train_time = 3.027972
TRAIN Iter 151: loss = 0.003600,	Top-1 err = 55.350000,	Top-5 err = 35.150000,	train_time = 3.187865
TRAIN Iter 152: loss = 0.003649,	Top-1 err = 58.450000,	Top-5 err = 39.500000,	train_time = 3.243750
TRAIN Iter 153: loss = 0.003687,	Top-1 err = 61.050000,	Top-5 err = 40.000000,	train_time = 3.103348
TRAIN Iter 154: loss = 0.003646,	Top-1 err = 65.050000,	Top-5 err = 44.200000,	train_time = 2.998427
TRAIN Iter 155: loss = 0.003640,	Top-1 err = 53.450000,	Top-5 err = 33.150000,	train_time = 3.398689
TRAIN Iter 156: loss = 0.003637,	Top-1 err = 54.750000,	Top-5 err = 30.750000,	train_time = 3.185160
TRAIN Iter 157: loss = 0.003678,	Top-1 err = 64.950000,	Top-5 err = 42.900000,	train_time = 3.076735
TRAIN Iter 158: loss = 0.003675,	Top-1 err = 60.750000,	Top-5 err = 41.050000,	train_time = 3.004697
TRAIN Iter 159: loss = 0.003616,	Top-1 err = 57.100000,	Top-5 err = 37.800000,	train_time = 3.042212
TRAIN Iter 160: loss = 0.003550,	Top-1 err = 52.800000,	Top-5 err = 31.950000,	train_time = 3.427155
TRAIN Iter 161: loss = 0.003561,	Top-1 err = 50.950000,	Top-5 err = 30.800000,	train_time = 3.117710
TRAIN Iter 162: loss = 0.003618,	Top-1 err = 56.400000,	Top-5 err = 35.150000,	train_time = 2.998575
TRAIN Iter 163: loss = 0.003637,	Top-1 err = 54.500000,	Top-5 err = 34.450000,	train_time = 2.993998
TRAIN Iter 164: loss = 0.003578,	Top-1 err = 59.900000,	Top-5 err = 41.000000,	train_time = 3.194190
TRAIN Iter 165: loss = 0.003486,	Top-1 err = 56.250000,	Top-5 err = 35.050000,	train_time = 3.070408
TRAIN Iter 166: loss = 0.003612,	Top-1 err = 53.400000,	Top-5 err = 31.000000,	train_time = 2.957084
TRAIN Iter 167: loss = 0.003566,	Top-1 err = 52.050000,	Top-5 err = 30.050000,	train_time = 3.254206
TRAIN Iter 168: loss = 0.003452,	Top-1 err = 57.900000,	Top-5 err = 38.350000,	train_time = 3.199551
TRAIN Iter 169: loss = 0.003564,	Top-1 err = 52.150000,	Top-5 err = 32.650000,	train_time = 2.980135
TRAIN Iter 170: loss = 0.003459,	Top-1 err = 48.450000,	Top-5 err = 28.450000,	train_time = 3.045675
TRAIN Iter 171: loss = 0.003557,	Top-1 err = 65.250000,	Top-5 err = 43.700000,	train_time = 3.370695
TRAIN Iter 172: loss = 0.003412,	Top-1 err = 46.200000,	Top-5 err = 24.500000,	train_time = 3.233564
TRAIN Iter 173: loss = 0.003378,	Top-1 err = 52.050000,	Top-5 err = 30.350000,	train_time = 3.105908
TRAIN Iter 174: loss = 0.003390,	Top-1 err = 46.250000,	Top-5 err = 26.600000,	train_time = 2.984530
TRAIN Iter 175: loss = 0.003396,	Top-1 err = 53.500000,	Top-5 err = 32.250000,	train_time = 3.599624
TRAIN Iter 176: loss = 0.003406,	Top-1 err = 56.000000,	Top-5 err = 37.200000,	train_time = 3.115429
TRAIN Iter 177: loss = 0.003551,	Top-1 err = 55.700000,	Top-5 err = 34.000000,	train_time = 2.945491
TRAIN Iter 178: loss = 0.003454,	Top-1 err = 61.000000,	Top-5 err = 43.400000,	train_time = 3.012116
TRAIN Iter 179: loss = 0.003371,	Top-1 err = 51.500000,	Top-5 err = 30.800000,	train_time = 3.069055
TRAIN Iter 180: loss = 0.003392,	Top-1 err = 58.050000,	Top-5 err = 40.000000,	train_time = 2.962779
TRAIN Iter 181: loss = 0.003311,	Top-1 err = 53.450000,	Top-5 err = 33.200000,	train_time = 3.068506
TRAIN Iter 182: loss = 0.003365,	Top-1 err = 55.200000,	Top-5 err = 32.500000,	train_time = 3.398424
TRAIN Iter 183: loss = 0.003371,	Top-1 err = 54.850000,	Top-5 err = 36.550000,	train_time = 3.143732
TRAIN Iter 184: loss = 0.003356,	Top-1 err = 52.250000,	Top-5 err = 31.750000,	train_time = 2.975832
TRAIN Iter 185: loss = 0.003370,	Top-1 err = 53.650000,	Top-5 err = 33.050000,	train_time = 3.098185
TRAIN Iter 186: loss = 0.003456,	Top-1 err = 57.900000,	Top-5 err = 38.600000,	train_time = 3.274446
TRAIN Iter 187: loss = 0.003342,	Top-1 err = 47.500000,	Top-5 err = 26.350000,	train_time = 3.241728
TRAIN Iter 188: loss = 0.003366,	Top-1 err = 55.150000,	Top-5 err = 35.250000,	train_time = 3.062339
TRAIN Iter 189: loss = 0.003414,	Top-1 err = 61.550000,	Top-5 err = 37.000000,	train_time = 3.015495
TRAIN Iter 190: loss = 0.003316,	Top-1 err = 48.550000,	Top-5 err = 26.500000,	train_time = 3.016487
TRAIN Iter 191: loss = 0.003202,	Top-1 err = 58.000000,	Top-5 err = 36.950000,	train_time = 3.058537
TRAIN Iter 192: loss = 0.003270,	Top-1 err = 47.450000,	Top-5 err = 28.050000,	train_time = 3.111175
TRAIN Iter 193: loss = 0.003209,	Top-1 err = 47.550000,	Top-5 err = 28.200000,	train_time = 3.054403
TRAIN Iter 194: loss = 0.003220,	Top-1 err = 48.400000,	Top-5 err = 27.450000,	train_time = 3.145405
TRAIN Iter 195: loss = 0.003264,	Top-1 err = 56.100000,	Top-5 err = 34.600000,	train_time = 3.146309
TRAIN Iter 196: loss = 0.003203,	Top-1 err = 49.700000,	Top-5 err = 29.450000,	train_time = 3.120260
TRAIN Iter 197: loss = 0.003302,	Top-1 err = 53.750000,	Top-5 err = 32.200000,	train_time = 3.082225
TRAIN Iter 198: loss = 0.003377,	Top-1 err = 60.950000,	Top-5 err = 39.250000,	train_time = 3.013174
TRAIN Iter 199: loss = 0.003256,	Top-1 err = 55.050000,	Top-5 err = 33.500000,	train_time = 3.231281
TRAIN Iter 200: loss = 0.003318,	Top-1 err = 61.300000,	Top-5 err = 39.900000,	train_time = 3.114897
TRAIN Iter 201: loss = 0.003148,	Top-1 err = 46.250000,	Top-5 err = 24.900000,	train_time = 2.987561
TRAIN Iter 202: loss = 0.003429,	Top-1 err = 75.900000,	Top-5 err = 57.750000,	train_time = 3.102395
TRAIN Iter 203: loss = 0.003269,	Top-1 err = 50.050000,	Top-5 err = 27.200000,	train_time = 3.012086
TRAIN Iter 204: loss = 0.003151,	Top-1 err = 49.150000,	Top-5 err = 28.950000,	train_time = 3.027336
TRAIN Iter 205: loss = 0.003270,	Top-1 err = 62.600000,	Top-5 err = 41.050000,	train_time = 3.165409
TRAIN Iter 206: loss = 0.003243,	Top-1 err = 65.350000,	Top-5 err = 43.450000,	train_time = 3.030162
TRAIN Iter 207: loss = 0.003291,	Top-1 err = 53.350000,	Top-5 err = 30.600000,	train_time = 3.036574
TRAIN Iter 208: loss = 0.003158,	Top-1 err = 53.150000,	Top-5 err = 33.300000,	train_time = 3.089703
TRAIN Iter 209: loss = 0.003218,	Top-1 err = 57.500000,	Top-5 err = 36.850000,	train_time = 3.248892
TRAIN Iter 210: loss = 0.003125,	Top-1 err = 46.900000,	Top-5 err = 27.600000,	train_time = 3.085471
TRAIN Iter 211: loss = 0.003252,	Top-1 err = 55.050000,	Top-5 err = 38.050000,	train_time = 3.121433
TRAIN Iter 212: loss = 0.003132,	Top-1 err = 48.400000,	Top-5 err = 28.000000,	train_time = 3.010991
TRAIN Iter 213: loss = 0.003219,	Top-1 err = 56.200000,	Top-5 err = 37.250000,	train_time = 3.019441
TRAIN Iter 214: loss = 0.003126,	Top-1 err = 60.900000,	Top-5 err = 41.450000,	train_time = 3.081353
TRAIN Iter 215: loss = 0.003056,	Top-1 err = 43.550000,	Top-5 err = 23.700000,	train_time = 3.454545
TRAIN Iter 216: loss = 0.003254,	Top-1 err = 68.700000,	Top-5 err = 49.400000,	train_time = 3.286682
TRAIN Iter 217: loss = 0.003080,	Top-1 err = 56.650000,	Top-5 err = 37.550000,	train_time = 3.141409
TRAIN Iter 218: loss = 0.003149,	Top-1 err = 51.850000,	Top-5 err = 30.500000,	train_time = 3.029092
TRAIN Iter 219: loss = 0.003142,	Top-1 err = 67.300000,	Top-5 err = 48.300000,	train_time = 3.013585
TRAIN Iter 220: loss = 0.003251,	Top-1 err = 55.300000,	Top-5 err = 34.200000,	train_time = 3.090605
TRAIN Iter 221: loss = 0.003026,	Top-1 err = 44.000000,	Top-5 err = 25.100000,	train_time = 3.015547
TRAIN Iter 222: loss = 0.003077,	Top-1 err = 58.500000,	Top-5 err = 40.700000,	train_time = 2.976013
TRAIN Iter 223: loss = 0.003088,	Top-1 err = 60.150000,	Top-5 err = 42.050000,	train_time = 3.237483
TRAIN Iter 224: loss = 0.003025,	Top-1 err = 47.800000,	Top-5 err = 26.600000,	train_time = 3.377194
TRAIN Iter 225: loss = 0.003198,	Top-1 err = 60.150000,	Top-5 err = 39.600000,	train_time = 3.068077
TRAIN Iter 226: loss = 0.003011,	Top-1 err = 52.900000,	Top-5 err = 32.400000,	train_time = 2.987490
TRAIN Iter 227: loss = 0.003013,	Top-1 err = 53.850000,	Top-5 err = 32.050000,	train_time = 3.040265
TRAIN Iter 228: loss = 0.003185,	Top-1 err = 56.700000,	Top-5 err = 33.800000,	train_time = 3.019581
TRAIN Iter 229: loss = 0.002939,	Top-1 err = 52.500000,	Top-5 err = 31.350000,	train_time = 3.002085
TRAIN Iter 230: loss = 0.003012,	Top-1 err = 58.650000,	Top-5 err = 39.050000,	train_time = 3.024853
TRAIN Iter 231: loss = 0.003029,	Top-1 err = 56.400000,	Top-5 err = 37.800000,	train_time = 3.031939
TRAIN Iter 232: loss = 0.003059,	Top-1 err = 50.800000,	Top-5 err = 32.550000,	train_time = 2.988542
TRAIN Iter 233: loss = 0.003030,	Top-1 err = 58.150000,	Top-5 err = 39.250000,	train_time = 3.205987
TRAIN Iter 234: loss = 0.003005,	Top-1 err = 57.300000,	Top-5 err = 39.700000,	train_time = 3.225476
TRAIN Iter 235: loss = 0.003014,	Top-1 err = 46.450000,	Top-5 err = 23.300000,	train_time = 3.085716
TRAIN Iter 236: loss = 0.003091,	Top-1 err = 65.900000,	Top-5 err = 46.850000,	train_time = 3.050503
TRAIN Iter 237: loss = 0.002995,	Top-1 err = 61.250000,	Top-5 err = 42.950000,	train_time = 3.081150
TRAIN Iter 238: loss = 0.002758,	Top-1 err = 42.950000,	Top-5 err = 25.200000,	train_time = 3.083370
TRAIN Iter 239: loss = 0.002877,	Top-1 err = 51.250000,	Top-5 err = 32.100000,	train_time = 3.024736
TRAIN Iter 240: loss = 0.002925,	Top-1 err = 46.350000,	Top-5 err = 24.650000,	train_time = 3.035676
TRAIN Iter 241: loss = 0.002873,	Top-1 err = 44.650000,	Top-5 err = 23.800000,	train_time = 3.021127
TRAIN Iter 242: loss = 0.003071,	Top-1 err = 65.550000,	Top-5 err = 43.150000,	train_time = 3.041672
TRAIN Iter 243: loss = 0.003079,	Top-1 err = 45.150000,	Top-5 err = 23.000000,	train_time = 3.056222
TRAIN Iter 244: loss = 0.002904,	Top-1 err = 53.650000,	Top-5 err = 35.950000,	train_time = 3.046854
TRAIN Iter 245: loss = 0.003008,	Top-1 err = 52.650000,	Top-5 err = 31.800000,	train_time = 3.399179
TRAIN Iter 246: loss = 0.002914,	Top-1 err = 48.850000,	Top-5 err = 30.000000,	train_time = 3.167441
TRAIN Iter 247: loss = 0.002975,	Top-1 err = 49.850000,	Top-5 err = 29.000000,	train_time = 3.038327
TRAIN Iter 248: loss = 0.002983,	Top-1 err = 56.200000,	Top-5 err = 35.750000,	train_time = 3.092586
TRAIN Iter 249: loss = 0.002989,	Top-1 err = 58.650000,	Top-5 err = 38.300000,	train_time = 3.085497
TEST:
Iter 249: loss = 2.820321,	Top-1 err = 64.120000,	Top-5 err = 35.800000,	val_time = 2.918808
TRAIN Iter 250: loss = 0.002923,	Top-1 err = 42.900000,	Top-5 err = 20.850000,	train_time = 3.301045
TRAIN Iter 251: loss = 0.002990,	Top-1 err = 55.300000,	Top-5 err = 34.150000,	train_time = 3.203729
TRAIN Iter 252: loss = 0.002819,	Top-1 err = 45.300000,	Top-5 err = 26.450000,	train_time = 3.092957
TRAIN Iter 253: loss = 0.002895,	Top-1 err = 49.150000,	Top-5 err = 30.600000,	train_time = 3.062037
TRAIN Iter 254: loss = 0.002862,	Top-1 err = 40.350000,	Top-5 err = 19.600000,	train_time = 3.060663
TRAIN Iter 255: loss = 0.002824,	Top-1 err = 43.000000,	Top-5 err = 21.300000,	train_time = 3.102207
TRAIN Iter 256: loss = 0.002962,	Top-1 err = 61.150000,	Top-5 err = 41.900000,	train_time = 3.167064
TRAIN Iter 257: loss = 0.002874,	Top-1 err = 50.150000,	Top-5 err = 31.100000,	train_time = 3.182071
TRAIN Iter 258: loss = 0.002872,	Top-1 err = 45.950000,	Top-5 err = 25.950000,	train_time = 3.049562
TRAIN Iter 259: loss = 0.002813,	Top-1 err = 56.900000,	Top-5 err = 40.850000,	train_time = 3.039223
TEST:
Iter 259: loss = 2.786070,	Top-1 err = 63.960000,	Top-5 err = 35.850000,	val_time = 2.928711
TRAIN Iter 260: loss = 0.002813,	Top-1 err = 44.050000,	Top-5 err = 23.650000,	train_time = 3.043944
TRAIN Iter 261: loss = 0.002888,	Top-1 err = 48.450000,	Top-5 err = 28.350000,	train_time = 3.072847
TRAIN Iter 262: loss = 0.002806,	Top-1 err = 48.500000,	Top-5 err = 28.950000,	train_time = 3.183676
TRAIN Iter 263: loss = 0.002800,	Top-1 err = 46.200000,	Top-5 err = 27.550000,	train_time = 3.045668
TRAIN Iter 264: loss = 0.002863,	Top-1 err = 62.400000,	Top-5 err = 47.100000,	train_time = 3.056457
TRAIN Iter 265: loss = 0.002779,	Top-1 err = 36.350000,	Top-5 err = 17.050000,	train_time = 3.008536
TRAIN Iter 266: loss = 0.002851,	Top-1 err = 48.000000,	Top-5 err = 28.100000,	train_time = 3.032864
TRAIN Iter 267: loss = 0.002634,	Top-1 err = 40.700000,	Top-5 err = 23.250000,	train_time = 3.042321
TRAIN Iter 268: loss = 0.002860,	Top-1 err = 54.150000,	Top-5 err = 31.750000,	train_time = 3.039401
TRAIN Iter 269: loss = 0.002803,	Top-1 err = 50.200000,	Top-5 err = 30.850000,	train_time = 3.185260
TEST:
Iter 269: loss = 2.759201,	Top-1 err = 63.000000,	Top-5 err = 35.300000,	val_time = 2.978383
TRAIN Iter 270: loss = 0.002880,	Top-1 err = 60.100000,	Top-5 err = 39.400000,	train_time = 2.996363
TRAIN Iter 271: loss = 0.002794,	Top-1 err = 44.750000,	Top-5 err = 26.400000,	train_time = 3.013659
TRAIN Iter 272: loss = 0.002799,	Top-1 err = 47.650000,	Top-5 err = 29.750000,	train_time = 3.081274
TRAIN Iter 273: loss = 0.002936,	Top-1 err = 60.550000,	Top-5 err = 39.750000,	train_time = 3.081052
TRAIN Iter 274: loss = 0.002735,	Top-1 err = 47.900000,	Top-5 err = 29.150000,	train_time = 3.157032
TRAIN Iter 275: loss = 0.002828,	Top-1 err = 61.050000,	Top-5 err = 42.700000,	train_time = 3.128362
TRAIN Iter 276: loss = 0.002801,	Top-1 err = 59.250000,	Top-5 err = 41.100000,	train_time = 3.004449
TRAIN Iter 277: loss = 0.002752,	Top-1 err = 51.450000,	Top-5 err = 31.450000,	train_time = 3.139235
TRAIN Iter 278: loss = 0.002715,	Top-1 err = 45.100000,	Top-5 err = 26.900000,	train_time = 3.107222
TRAIN Iter 279: loss = 0.002731,	Top-1 err = 44.300000,	Top-5 err = 26.000000,	train_time = 3.077415
TEST:
Iter 279: loss = 2.773272,	Top-1 err = 62.840000,	Top-5 err = 35.610000,	val_time = 3.132545
TRAIN Iter 280: loss = 0.002861,	Top-1 err = 53.800000,	Top-5 err = 33.750000,	train_time = 3.174081
TRAIN Iter 281: loss = 0.002768,	Top-1 err = 54.450000,	Top-5 err = 36.250000,	train_time = 3.047053
TRAIN Iter 282: loss = 0.002937,	Top-1 err = 65.950000,	Top-5 err = 46.250000,	train_time = 3.093554
TRAIN Iter 283: loss = 0.002805,	Top-1 err = 46.850000,	Top-5 err = 25.200000,	train_time = 3.043741
TRAIN Iter 284: loss = 0.002670,	Top-1 err = 52.450000,	Top-5 err = 33.600000,	train_time = 3.263584
TRAIN Iter 285: loss = 0.002712,	Top-1 err = 48.800000,	Top-5 err = 30.550000,	train_time = 3.277714
TRAIN Iter 286: loss = 0.002801,	Top-1 err = 52.750000,	Top-5 err = 31.150000,	train_time = 3.134909
TRAIN Iter 287: loss = 0.002792,	Top-1 err = 45.400000,	Top-5 err = 24.100000,	train_time = 3.001598
TRAIN Iter 288: loss = 0.002836,	Top-1 err = 47.650000,	Top-5 err = 25.800000,	train_time = 3.264836
TRAIN Iter 289: loss = 0.002732,	Top-1 err = 59.800000,	Top-5 err = 42.200000,	train_time = 3.218370
TEST:
Iter 289: loss = 2.707973,	Top-1 err = 62.140000,	Top-5 err = 34.550000,	val_time = 2.841454
TRAIN Iter 290: loss = 0.002827,	Top-1 err = 54.750000,	Top-5 err = 32.700000,	train_time = 3.069286
TRAIN Iter 291: loss = 0.002700,	Top-1 err = 55.300000,	Top-5 err = 35.500000,	train_time = 3.006971
TRAIN Iter 292: loss = 0.002767,	Top-1 err = 53.950000,	Top-5 err = 33.400000,	train_time = 3.071182
TRAIN Iter 293: loss = 0.002721,	Top-1 err = 54.450000,	Top-5 err = 36.150000,	train_time = 3.104424
TRAIN Iter 294: loss = 0.002772,	Top-1 err = 51.700000,	Top-5 err = 32.450000,	train_time = 3.105779
TRAIN Iter 295: loss = 0.002672,	Top-1 err = 50.650000,	Top-5 err = 30.550000,	train_time = 3.018883
TRAIN Iter 296: loss = 0.002597,	Top-1 err = 46.900000,	Top-5 err = 27.400000,	train_time = 2.967898
TRAIN Iter 297: loss = 0.002716,	Top-1 err = 55.850000,	Top-5 err = 35.200000,	train_time = 3.108006
TRAIN Iter 298: loss = 0.002634,	Top-1 err = 49.600000,	Top-5 err = 31.250000,	train_time = 3.074213
TRAIN Iter 299: loss = 0.002626,	Top-1 err = 51.450000,	Top-5 err = 33.400000,	train_time = 3.255464
TEST:
Iter 299: loss = 2.713843,	Top-1 err = 62.070000,	Top-5 err = 34.010000,	val_time = 3.162135
Train Finish! Best accuracy is 37.93@299
