=> using pytorch pre-trained teacher model 'conv4'
process data from /home/dvspanos/nikos/ca2d/artifacts/sets/bench_tin_conv_rded_ipc50
load data successfully
TRAIN Iter 0: loss = 0.013525,	Top-1 err = 98.110000,	Top-5 err = 92.210000,	train_time = 12.310414
TRAIN Iter 1: loss = 0.010492,	Top-1 err = 91.810000,	Top-5 err = 76.910000,	train_time = 11.214683
TRAIN Iter 2: loss = 0.009473,	Top-1 err = 86.570000,	Top-5 err = 67.750000,	train_time = 11.477764
TRAIN Iter 3: loss = 0.008354,	Top-1 err = 84.360000,	Top-5 err = 64.850000,	train_time = 11.727739
TRAIN Iter 4: loss = 0.007913,	Top-1 err = 81.220000,	Top-5 err = 59.970000,	train_time = 11.626633
TRAIN Iter 5: loss = 0.007416,	Top-1 err = 79.350000,	Top-5 err = 58.300000,	train_time = 11.702574
TRAIN Iter 6: loss = 0.006746,	Top-1 err = 74.590000,	Top-5 err = 51.070000,	train_time = 11.863397
TRAIN Iter 7: loss = 0.006528,	Top-1 err = 72.670000,	Top-5 err = 49.200000,	train_time = 11.795668
TRAIN Iter 8: loss = 0.006153,	Top-1 err = 69.620000,	Top-5 err = 44.900000,	train_time = 11.754484
TRAIN Iter 9: loss = 0.005904,	Top-1 err = 70.040000,	Top-5 err = 48.260000,	train_time = 11.733852
TRAIN Iter 10: loss = 0.005547,	Top-1 err = 68.530000,	Top-5 err = 44.160000,	train_time = 11.705798
TRAIN Iter 11: loss = 0.005408,	Top-1 err = 62.970000,	Top-5 err = 38.720000,	train_time = 11.677911
TRAIN Iter 12: loss = 0.005167,	Top-1 err = 65.590000,	Top-5 err = 43.300000,	train_time = 11.696053
TRAIN Iter 13: loss = 0.004966,	Top-1 err = 64.140000,	Top-5 err = 40.640000,	train_time = 11.759387
TRAIN Iter 14: loss = 0.004746,	Top-1 err = 69.200000,	Top-5 err = 46.840000,	train_time = 11.771341
TRAIN Iter 15: loss = 0.004819,	Top-1 err = 57.190000,	Top-5 err = 32.970000,	train_time = 11.779613
TRAIN Iter 16: loss = 0.004520,	Top-1 err = 59.680000,	Top-5 err = 35.550000,	train_time = 11.821223
TRAIN Iter 17: loss = 0.004493,	Top-1 err = 61.170000,	Top-5 err = 38.710000,	train_time = 11.783072
TRAIN Iter 18: loss = 0.004364,	Top-1 err = 61.340000,	Top-5 err = 40.330000,	train_time = 11.647331
TRAIN Iter 19: loss = 0.004324,	Top-1 err = 57.250000,	Top-5 err = 33.290000,	train_time = 11.711712
TRAIN Iter 20: loss = 0.004115,	Top-1 err = 56.300000,	Top-5 err = 32.850000,	train_time = 11.616048
TRAIN Iter 21: loss = 0.004061,	Top-1 err = 58.180000,	Top-5 err = 35.950000,	train_time = 11.350865
TRAIN Iter 22: loss = 0.004045,	Top-1 err = 53.710000,	Top-5 err = 30.820000,	train_time = 11.312606
TRAIN Iter 23: loss = 0.003912,	Top-1 err = 57.100000,	Top-5 err = 35.090000,	train_time = 11.207628
TRAIN Iter 24: loss = 0.003904,	Top-1 err = 54.450000,	Top-5 err = 33.010000,	train_time = 10.996609
TRAIN Iter 25: loss = 0.003775,	Top-1 err = 53.450000,	Top-5 err = 31.500000,	train_time = 10.960099
TRAIN Iter 26: loss = 0.003697,	Top-1 err = 56.710000,	Top-5 err = 34.310000,	train_time = 10.816911
TRAIN Iter 27: loss = 0.003664,	Top-1 err = 56.630000,	Top-5 err = 34.770000,	train_time = 10.757866
TRAIN Iter 28: loss = 0.003649,	Top-1 err = 53.030000,	Top-5 err = 32.230000,	train_time = 10.661978
TRAIN Iter 29: loss = 0.003555,	Top-1 err = 55.730000,	Top-5 err = 33.910000,	train_time = 10.687032
TRAIN Iter 30: loss = 0.003473,	Top-1 err = 58.330000,	Top-5 err = 36.330000,	train_time = 10.639286
TRAIN Iter 31: loss = 0.003482,	Top-1 err = 48.820000,	Top-5 err = 26.830000,	train_time = 10.634252
TRAIN Iter 32: loss = 0.003396,	Top-1 err = 51.400000,	Top-5 err = 30.550000,	train_time = 10.559316
TRAIN Iter 33: loss = 0.003404,	Top-1 err = 53.750000,	Top-5 err = 31.970000,	train_time = 10.573563
TRAIN Iter 34: loss = 0.003393,	Top-1 err = 47.970000,	Top-5 err = 26.570000,	train_time = 10.551650
TRAIN Iter 35: loss = 0.003378,	Top-1 err = 54.680000,	Top-5 err = 35.800000,	train_time = 10.478415
TRAIN Iter 36: loss = 0.003325,	Top-1 err = 54.360000,	Top-5 err = 33.030000,	train_time = 10.485366
TRAIN Iter 37: loss = 0.003283,	Top-1 err = 50.280000,	Top-5 err = 28.500000,	train_time = 10.558848
TRAIN Iter 38: loss = 0.003254,	Top-1 err = 53.070000,	Top-5 err = 32.540000,	train_time = 10.500666
TRAIN Iter 39: loss = 0.003223,	Top-1 err = 56.200000,	Top-5 err = 35.120000,	train_time = 10.512427
TRAIN Iter 40: loss = 0.003180,	Top-1 err = 54.640000,	Top-5 err = 34.220000,	train_time = 10.567704
TRAIN Iter 41: loss = 0.003096,	Top-1 err = 52.360000,	Top-5 err = 30.120000,	train_time = 10.598735
TRAIN Iter 42: loss = 0.003102,	Top-1 err = 48.190000,	Top-5 err = 27.910000,	train_time = 10.549590
TRAIN Iter 43: loss = 0.003126,	Top-1 err = 49.000000,	Top-5 err = 27.190000,	train_time = 10.693072
TRAIN Iter 44: loss = 0.003081,	Top-1 err = 48.190000,	Top-5 err = 27.740000,	train_time = 10.665086
TRAIN Iter 45: loss = 0.003041,	Top-1 err = 48.060000,	Top-5 err = 27.120000,	train_time = 10.706197
TRAIN Iter 46: loss = 0.003011,	Top-1 err = 53.050000,	Top-5 err = 32.290000,	train_time = 10.876415
TRAIN Iter 47: loss = 0.002964,	Top-1 err = 53.450000,	Top-5 err = 31.770000,	train_time = 10.966185
TRAIN Iter 48: loss = 0.002983,	Top-1 err = 48.260000,	Top-5 err = 27.540000,	train_time = 10.998593
TRAIN Iter 49: loss = 0.002950,	Top-1 err = 52.310000,	Top-5 err = 31.300000,	train_time = 11.061763
TRAIN Iter 50: loss = 0.002938,	Top-1 err = 44.470000,	Top-5 err = 23.660000,	train_time = 11.153494
TRAIN Iter 51: loss = 0.002969,	Top-1 err = 49.630000,	Top-5 err = 29.050000,	train_time = 11.146654
TRAIN Iter 52: loss = 0.002918,	Top-1 err = 51.540000,	Top-5 err = 30.120000,	train_time = 11.191956
TRAIN Iter 53: loss = 0.002873,	Top-1 err = 50.950000,	Top-5 err = 31.150000,	train_time = 11.297281
TRAIN Iter 54: loss = 0.002864,	Top-1 err = 50.670000,	Top-5 err = 30.580000,	train_time = 11.331682
TRAIN Iter 55: loss = 0.002884,	Top-1 err = 49.530000,	Top-5 err = 29.440000,	train_time = 11.348552
TRAIN Iter 56: loss = 0.002878,	Top-1 err = 48.710000,	Top-5 err = 28.260000,	train_time = 11.444376
TRAIN Iter 57: loss = 0.002807,	Top-1 err = 46.460000,	Top-5 err = 26.700000,	train_time = 11.454393
TRAIN Iter 58: loss = 0.002759,	Top-1 err = 50.570000,	Top-5 err = 30.030000,	train_time = 11.478093
TRAIN Iter 59: loss = 0.002775,	Top-1 err = 48.810000,	Top-5 err = 29.260000,	train_time = 11.615880
TRAIN Iter 60: loss = 0.002702,	Top-1 err = 47.960000,	Top-5 err = 28.510000,	train_time = 11.712522
TRAIN Iter 61: loss = 0.002782,	Top-1 err = 47.800000,	Top-5 err = 28.130000,	train_time = 11.743096
TRAIN Iter 62: loss = 0.002711,	Top-1 err = 51.760000,	Top-5 err = 30.870000,	train_time = 11.792974
TRAIN Iter 63: loss = 0.002676,	Top-1 err = 50.140000,	Top-5 err = 30.570000,	train_time = 11.633495
TRAIN Iter 64: loss = 0.002679,	Top-1 err = 49.860000,	Top-5 err = 29.780000,	train_time = 11.688099
TRAIN Iter 65: loss = 0.002633,	Top-1 err = 51.270000,	Top-5 err = 30.040000,	train_time = 11.744141
TRAIN Iter 66: loss = 0.002619,	Top-1 err = 48.490000,	Top-5 err = 27.530000,	train_time = 11.751207
TRAIN Iter 67: loss = 0.002638,	Top-1 err = 49.700000,	Top-5 err = 29.560000,	train_time = 11.687658
TRAIN Iter 68: loss = 0.002639,	Top-1 err = 47.510000,	Top-5 err = 28.330000,	train_time = 11.766963
TRAIN Iter 69: loss = 0.002605,	Top-1 err = 49.430000,	Top-5 err = 30.100000,	train_time = 11.862821
TRAIN Iter 70: loss = 0.002623,	Top-1 err = 49.420000,	Top-5 err = 29.570000,	train_time = 11.779915
TRAIN Iter 71: loss = 0.002588,	Top-1 err = 43.290000,	Top-5 err = 23.230000,	train_time = 11.801458
TRAIN Iter 72: loss = 0.002601,	Top-1 err = 46.710000,	Top-5 err = 27.500000,	train_time = 11.907665
TRAIN Iter 73: loss = 0.002607,	Top-1 err = 51.750000,	Top-5 err = 33.090000,	train_time = 11.893742
TRAIN Iter 74: loss = 0.002571,	Top-1 err = 50.310000,	Top-5 err = 30.480000,	train_time = 11.945221
TRAIN Iter 75: loss = 0.002559,	Top-1 err = 47.920000,	Top-5 err = 28.540000,	train_time = 11.882438
TRAIN Iter 76: loss = 0.002492,	Top-1 err = 48.820000,	Top-5 err = 28.750000,	train_time = 11.907785
TRAIN Iter 77: loss = 0.002486,	Top-1 err = 45.940000,	Top-5 err = 26.720000,	train_time = 11.914345
TRAIN Iter 78: loss = 0.002494,	Top-1 err = 47.100000,	Top-5 err = 26.470000,	train_time = 11.822063
TRAIN Iter 79: loss = 0.002498,	Top-1 err = 53.780000,	Top-5 err = 33.870000,	train_time = 11.961374
TRAIN Iter 80: loss = 0.002476,	Top-1 err = 49.000000,	Top-5 err = 28.920000,	train_time = 11.788469
TRAIN Iter 81: loss = 0.002457,	Top-1 err = 47.890000,	Top-5 err = 29.400000,	train_time = 11.769362
TRAIN Iter 82: loss = 0.002431,	Top-1 err = 43.940000,	Top-5 err = 23.530000,	train_time = 11.650187
TRAIN Iter 83: loss = 0.002423,	Top-1 err = 45.300000,	Top-5 err = 25.300000,	train_time = 11.814375
TRAIN Iter 84: loss = 0.002374,	Top-1 err = 43.650000,	Top-5 err = 24.720000,	train_time = 11.718385
TRAIN Iter 85: loss = 0.002437,	Top-1 err = 43.470000,	Top-5 err = 25.070000,	train_time = 11.735895
TRAIN Iter 86: loss = 0.002386,	Top-1 err = 49.600000,	Top-5 err = 30.230000,	train_time = 11.843071
TRAIN Iter 87: loss = 0.002382,	Top-1 err = 45.260000,	Top-5 err = 25.890000,	train_time = 11.709777
TRAIN Iter 88: loss = 0.002401,	Top-1 err = 45.380000,	Top-5 err = 25.760000,	train_time = 11.667253
TRAIN Iter 89: loss = 0.002411,	Top-1 err = 48.470000,	Top-5 err = 28.270000,	train_time = 11.855402
TRAIN Iter 90: loss = 0.002354,	Top-1 err = 50.430000,	Top-5 err = 31.050000,	train_time = 11.773423
TRAIN Iter 91: loss = 0.002338,	Top-1 err = 44.430000,	Top-5 err = 24.750000,	train_time = 11.795520
TRAIN Iter 92: loss = 0.002331,	Top-1 err = 50.720000,	Top-5 err = 31.980000,	train_time = 11.837456
TRAIN Iter 93: loss = 0.002365,	Top-1 err = 40.880000,	Top-5 err = 22.120000,	train_time = 11.647198
TRAIN Iter 94: loss = 0.002308,	Top-1 err = 48.360000,	Top-5 err = 28.530000,	train_time = 11.753564
TRAIN Iter 95: loss = 0.002316,	Top-1 err = 48.650000,	Top-5 err = 28.920000,	train_time = 11.833378
TRAIN Iter 96: loss = 0.002321,	Top-1 err = 45.650000,	Top-5 err = 27.190000,	train_time = 11.732845
TRAIN Iter 97: loss = 0.002317,	Top-1 err = 49.900000,	Top-5 err = 31.580000,	train_time = 11.830167
TRAIN Iter 98: loss = 0.002264,	Top-1 err = 52.990000,	Top-5 err = 33.080000,	train_time = 11.606419
TRAIN Iter 99: loss = 0.002327,	Top-1 err = 45.570000,	Top-5 err = 26.290000,	train_time = 11.763474
TRAIN Iter 100: loss = 0.002302,	Top-1 err = 52.160000,	Top-5 err = 33.760000,	train_time = 11.701980
TRAIN Iter 101: loss = 0.002234,	Top-1 err = 44.140000,	Top-5 err = 25.670000,	train_time = 11.727146
TRAIN Iter 102: loss = 0.002201,	Top-1 err = 45.230000,	Top-5 err = 25.200000,	train_time = 11.690386
TRAIN Iter 103: loss = 0.002260,	Top-1 err = 45.880000,	Top-5 err = 28.440000,	train_time = 11.770856
TRAIN Iter 104: loss = 0.002226,	Top-1 err = 44.090000,	Top-5 err = 25.060000,	train_time = 11.748162
TRAIN Iter 105: loss = 0.002272,	Top-1 err = 43.840000,	Top-5 err = 25.910000,	train_time = 11.668923
TRAIN Iter 106: loss = 0.002202,	Top-1 err = 47.440000,	Top-5 err = 28.370000,	train_time = 11.751411
TRAIN Iter 107: loss = 0.002165,	Top-1 err = 45.490000,	Top-5 err = 26.400000,	train_time = 11.816831
TRAIN Iter 108: loss = 0.002230,	Top-1 err = 50.260000,	Top-5 err = 31.250000,	train_time = 11.826385
TRAIN Iter 109: loss = 0.002188,	Top-1 err = 46.460000,	Top-5 err = 28.310000,	train_time = 11.918125
TRAIN Iter 110: loss = 0.002155,	Top-1 err = 47.250000,	Top-5 err = 28.230000,	train_time = 11.823421
TRAIN Iter 111: loss = 0.002125,	Top-1 err = 43.780000,	Top-5 err = 23.480000,	train_time = 11.733407
TRAIN Iter 112: loss = 0.002109,	Top-1 err = 46.340000,	Top-5 err = 27.460000,	train_time = 11.796947
TRAIN Iter 113: loss = 0.002126,	Top-1 err = 46.150000,	Top-5 err = 26.610000,	train_time = 11.784247
TRAIN Iter 114: loss = 0.002128,	Top-1 err = 49.220000,	Top-5 err = 29.720000,	train_time = 11.738907
TRAIN Iter 115: loss = 0.002092,	Top-1 err = 45.910000,	Top-5 err = 27.450000,	train_time = 11.750556
TRAIN Iter 116: loss = 0.002077,	Top-1 err = 48.130000,	Top-5 err = 29.080000,	train_time = 11.833912
TRAIN Iter 117: loss = 0.002138,	Top-1 err = 44.310000,	Top-5 err = 25.360000,	train_time = 11.853286
TRAIN Iter 118: loss = 0.002038,	Top-1 err = 51.920000,	Top-5 err = 33.030000,	train_time = 11.904840
TRAIN Iter 119: loss = 0.002070,	Top-1 err = 46.570000,	Top-5 err = 29.070000,	train_time = 11.849511
TRAIN Iter 120: loss = 0.002040,	Top-1 err = 46.710000,	Top-5 err = 27.530000,	train_time = 11.893895
TRAIN Iter 121: loss = 0.002087,	Top-1 err = 46.190000,	Top-5 err = 28.510000,	train_time = 11.977232
TRAIN Iter 122: loss = 0.002046,	Top-1 err = 45.940000,	Top-5 err = 26.910000,	train_time = 11.968528
TRAIN Iter 123: loss = 0.002028,	Top-1 err = 44.180000,	Top-5 err = 25.780000,	train_time = 11.943231
TRAIN Iter 124: loss = 0.001987,	Top-1 err = 46.320000,	Top-5 err = 28.010000,	train_time = 11.880067
TRAIN Iter 125: loss = 0.001970,	Top-1 err = 45.740000,	Top-5 err = 27.070000,	train_time = 11.904937
TRAIN Iter 126: loss = 0.002031,	Top-1 err = 42.200000,	Top-5 err = 23.520000,	train_time = 11.958441
TRAIN Iter 127: loss = 0.002048,	Top-1 err = 48.720000,	Top-5 err = 29.510000,	train_time = 12.001980
TRAIN Iter 128: loss = 0.002017,	Top-1 err = 42.020000,	Top-5 err = 24.600000,	train_time = 11.972150
TRAIN Iter 129: loss = 0.001966,	Top-1 err = 44.030000,	Top-5 err = 26.100000,	train_time = 12.093672
TRAIN Iter 130: loss = 0.001976,	Top-1 err = 40.490000,	Top-5 err = 20.670000,	train_time = 11.999314
TRAIN Iter 131: loss = 0.001929,	Top-1 err = 42.870000,	Top-5 err = 24.450000,	train_time = 12.032927
TRAIN Iter 132: loss = 0.001937,	Top-1 err = 49.690000,	Top-5 err = 30.400000,	train_time = 12.036736
TRAIN Iter 133: loss = 0.001925,	Top-1 err = 43.190000,	Top-5 err = 25.160000,	train_time = 11.954853
TRAIN Iter 134: loss = 0.001922,	Top-1 err = 40.920000,	Top-5 err = 21.850000,	train_time = 11.949728
TRAIN Iter 135: loss = 0.001887,	Top-1 err = 41.770000,	Top-5 err = 22.620000,	train_time = 12.015773
TRAIN Iter 136: loss = 0.001889,	Top-1 err = 45.730000,	Top-5 err = 27.180000,	train_time = 11.946689
TRAIN Iter 137: loss = 0.001889,	Top-1 err = 39.440000,	Top-5 err = 21.600000,	train_time = 12.004024
TRAIN Iter 138: loss = 0.001888,	Top-1 err = 43.460000,	Top-5 err = 24.240000,	train_time = 11.899187
TRAIN Iter 139: loss = 0.001906,	Top-1 err = 48.860000,	Top-5 err = 29.700000,	train_time = 11.928433
TRAIN Iter 140: loss = 0.001860,	Top-1 err = 41.810000,	Top-5 err = 22.850000,	train_time = 11.942258
TRAIN Iter 141: loss = 0.001875,	Top-1 err = 49.770000,	Top-5 err = 28.950000,	train_time = 12.062838
TRAIN Iter 142: loss = 0.001886,	Top-1 err = 42.960000,	Top-5 err = 24.990000,	train_time = 12.008114
TRAIN Iter 143: loss = 0.001860,	Top-1 err = 48.650000,	Top-5 err = 28.810000,	train_time = 12.085669
TRAIN Iter 144: loss = 0.001858,	Top-1 err = 37.990000,	Top-5 err = 21.730000,	train_time = 12.029945
TRAIN Iter 145: loss = 0.001810,	Top-1 err = 44.830000,	Top-5 err = 25.520000,	train_time = 12.017926
TRAIN Iter 146: loss = 0.001794,	Top-1 err = 41.250000,	Top-5 err = 23.590000,	train_time = 11.955819
TRAIN Iter 147: loss = 0.001808,	Top-1 err = 44.860000,	Top-5 err = 27.520000,	train_time = 11.987610
TRAIN Iter 148: loss = 0.001877,	Top-1 err = 45.510000,	Top-5 err = 27.490000,	train_time = 11.972172
TRAIN Iter 149: loss = 0.001786,	Top-1 err = 41.790000,	Top-5 err = 23.880000,	train_time = 11.955179
TRAIN Iter 150: loss = 0.001839,	Top-1 err = 47.550000,	Top-5 err = 28.390000,	train_time = 11.845358
TRAIN Iter 151: loss = 0.001778,	Top-1 err = 44.870000,	Top-5 err = 26.520000,	train_time = 11.984179
TRAIN Iter 152: loss = 0.001798,	Top-1 err = 41.790000,	Top-5 err = 23.870000,	train_time = 11.931896
TRAIN Iter 153: loss = 0.001782,	Top-1 err = 43.350000,	Top-5 err = 26.470000,	train_time = 11.840570
TRAIN Iter 154: loss = 0.001822,	Top-1 err = 38.080000,	Top-5 err = 21.980000,	train_time = 11.810969
TRAIN Iter 155: loss = 0.001759,	Top-1 err = 49.170000,	Top-5 err = 31.530000,	train_time = 11.761127
TRAIN Iter 156: loss = 0.001753,	Top-1 err = 45.970000,	Top-5 err = 27.480000,	train_time = 11.745890
TRAIN Iter 157: loss = 0.001747,	Top-1 err = 53.200000,	Top-5 err = 33.890000,	train_time = 11.916689
TRAIN Iter 158: loss = 0.001728,	Top-1 err = 45.860000,	Top-5 err = 26.920000,	train_time = 11.912235
TRAIN Iter 159: loss = 0.001732,	Top-1 err = 42.810000,	Top-5 err = 23.990000,	train_time = 11.861253
TRAIN Iter 160: loss = 0.001708,	Top-1 err = 42.670000,	Top-5 err = 24.360000,	train_time = 11.884841
TRAIN Iter 161: loss = 0.001704,	Top-1 err = 45.740000,	Top-5 err = 26.880000,	train_time = 11.904113
TRAIN Iter 162: loss = 0.001690,	Top-1 err = 39.710000,	Top-5 err = 22.790000,	train_time = 11.842692
TRAIN Iter 163: loss = 0.001718,	Top-1 err = 43.600000,	Top-5 err = 26.450000,	train_time = 11.783872
TRAIN Iter 164: loss = 0.001701,	Top-1 err = 40.310000,	Top-5 err = 22.790000,	train_time = 11.762469
TRAIN Iter 165: loss = 0.001726,	Top-1 err = 45.750000,	Top-5 err = 28.970000,	train_time = 11.855399
TRAIN Iter 166: loss = 0.001688,	Top-1 err = 42.720000,	Top-5 err = 25.010000,	train_time = 11.867108
TRAIN Iter 167: loss = 0.001699,	Top-1 err = 43.520000,	Top-5 err = 25.650000,	train_time = 11.830056
TRAIN Iter 168: loss = 0.001703,	Top-1 err = 39.100000,	Top-5 err = 23.420000,	train_time = 11.856704
TRAIN Iter 169: loss = 0.001666,	Top-1 err = 42.420000,	Top-5 err = 24.820000,	train_time = 11.845372
TRAIN Iter 170: loss = 0.001649,	Top-1 err = 40.610000,	Top-5 err = 22.100000,	train_time = 11.680319
TRAIN Iter 171: loss = 0.001621,	Top-1 err = 43.480000,	Top-5 err = 27.090000,	train_time = 11.713441
TRAIN Iter 172: loss = 0.001641,	Top-1 err = 42.370000,	Top-5 err = 25.570000,	train_time = 11.798511
TRAIN Iter 173: loss = 0.001609,	Top-1 err = 47.730000,	Top-5 err = 28.420000,	train_time = 11.846883
TRAIN Iter 174: loss = 0.001661,	Top-1 err = 41.620000,	Top-5 err = 24.100000,	train_time = 11.879702
TRAIN Iter 175: loss = 0.001635,	Top-1 err = 50.360000,	Top-5 err = 32.150000,	train_time = 11.878489
TRAIN Iter 176: loss = 0.001654,	Top-1 err = 48.670000,	Top-5 err = 30.140000,	train_time = 11.769137
TRAIN Iter 177: loss = 0.001631,	Top-1 err = 44.200000,	Top-5 err = 26.590000,	train_time = 11.740323
TRAIN Iter 178: loss = 0.001589,	Top-1 err = 44.610000,	Top-5 err = 27.190000,	train_time = 11.761863
TRAIN Iter 179: loss = 0.001585,	Top-1 err = 41.500000,	Top-5 err = 24.010000,	train_time = 11.707568
TRAIN Iter 180: loss = 0.001579,	Top-1 err = 40.490000,	Top-5 err = 21.550000,	train_time = 11.717078
TRAIN Iter 181: loss = 0.001527,	Top-1 err = 38.300000,	Top-5 err = 20.910000,	train_time = 11.746867
TRAIN Iter 182: loss = 0.001565,	Top-1 err = 42.480000,	Top-5 err = 24.480000,	train_time = 11.714661
TRAIN Iter 183: loss = 0.001542,	Top-1 err = 41.340000,	Top-5 err = 24.760000,	train_time = 11.677360
TRAIN Iter 184: loss = 0.001534,	Top-1 err = 45.810000,	Top-5 err = 27.010000,	train_time = 11.639615
TRAIN Iter 185: loss = 0.001512,	Top-1 err = 40.040000,	Top-5 err = 21.470000,	train_time = 11.698175
TRAIN Iter 186: loss = 0.001514,	Top-1 err = 42.150000,	Top-5 err = 24.290000,	train_time = 11.663092
TRAIN Iter 187: loss = 0.001516,	Top-1 err = 43.430000,	Top-5 err = 25.520000,	train_time = 11.714227
TRAIN Iter 188: loss = 0.001511,	Top-1 err = 44.390000,	Top-5 err = 25.950000,	train_time = 11.658190
TRAIN Iter 189: loss = 0.001570,	Top-1 err = 41.930000,	Top-5 err = 24.970000,	train_time = 11.703746
TRAIN Iter 190: loss = 0.001508,	Top-1 err = 46.500000,	Top-5 err = 27.890000,	train_time = 11.752087
TRAIN Iter 191: loss = 0.001516,	Top-1 err = 39.870000,	Top-5 err = 22.580000,	train_time = 11.826155
TRAIN Iter 192: loss = 0.001495,	Top-1 err = 44.310000,	Top-5 err = 27.190000,	train_time = 11.822538
TRAIN Iter 193: loss = 0.001498,	Top-1 err = 47.120000,	Top-5 err = 29.660000,	train_time = 11.896801
TRAIN Iter 194: loss = 0.001501,	Top-1 err = 48.120000,	Top-5 err = 30.160000,	train_time = 11.861800
TRAIN Iter 195: loss = 0.001471,	Top-1 err = 43.220000,	Top-5 err = 24.780000,	train_time = 11.838499
TRAIN Iter 196: loss = 0.001471,	Top-1 err = 43.170000,	Top-5 err = 26.020000,	train_time = 11.941522
TRAIN Iter 197: loss = 0.001475,	Top-1 err = 45.460000,	Top-5 err = 27.120000,	train_time = 11.980643
TRAIN Iter 198: loss = 0.001466,	Top-1 err = 46.590000,	Top-5 err = 28.470000,	train_time = 11.989244
TRAIN Iter 199: loss = 0.001444,	Top-1 err = 40.900000,	Top-5 err = 23.100000,	train_time = 11.962763
TRAIN Iter 200: loss = 0.001440,	Top-1 err = 50.190000,	Top-5 err = 32.390000,	train_time = 11.949922
TRAIN Iter 201: loss = 0.001453,	Top-1 err = 42.340000,	Top-5 err = 24.050000,	train_time = 12.064448
TRAIN Iter 202: loss = 0.001386,	Top-1 err = 43.320000,	Top-5 err = 24.370000,	train_time = 11.997225
TRAIN Iter 203: loss = 0.001437,	Top-1 err = 41.600000,	Top-5 err = 24.620000,	train_time = 12.126099
TRAIN Iter 204: loss = 0.001391,	Top-1 err = 38.570000,	Top-5 err = 21.760000,	train_time = 12.070727
TRAIN Iter 205: loss = 0.001398,	Top-1 err = 47.320000,	Top-5 err = 28.170000,	train_time = 11.895044
TRAIN Iter 206: loss = 0.001413,	Top-1 err = 42.460000,	Top-5 err = 23.210000,	train_time = 12.032588
TRAIN Iter 207: loss = 0.001403,	Top-1 err = 36.700000,	Top-5 err = 19.660000,	train_time = 11.896779
TRAIN Iter 208: loss = 0.001401,	Top-1 err = 42.700000,	Top-5 err = 24.630000,	train_time = 11.927869
TRAIN Iter 209: loss = 0.001362,	Top-1 err = 42.090000,	Top-5 err = 24.570000,	train_time = 11.969199
TRAIN Iter 210: loss = 0.001352,	Top-1 err = 38.300000,	Top-5 err = 21.570000,	train_time = 12.031414
TRAIN Iter 211: loss = 0.001383,	Top-1 err = 46.400000,	Top-5 err = 27.450000,	train_time = 11.966607
TRAIN Iter 212: loss = 0.001367,	Top-1 err = 44.750000,	Top-5 err = 28.460000,	train_time = 11.927093
TRAIN Iter 213: loss = 0.001385,	Top-1 err = 39.160000,	Top-5 err = 21.530000,	train_time = 11.921767
TRAIN Iter 214: loss = 0.001336,	Top-1 err = 36.750000,	Top-5 err = 19.990000,	train_time = 11.952920
TRAIN Iter 215: loss = 0.001332,	Top-1 err = 39.730000,	Top-5 err = 22.650000,	train_time = 11.830044
TRAIN Iter 216: loss = 0.001352,	Top-1 err = 43.470000,	Top-5 err = 25.180000,	train_time = 11.905354
TRAIN Iter 217: loss = 0.001324,	Top-1 err = 44.820000,	Top-5 err = 26.270000,	train_time = 11.917314
TRAIN Iter 218: loss = 0.001373,	Top-1 err = 43.910000,	Top-5 err = 25.620000,	train_time = 12.002790
TRAIN Iter 219: loss = 0.001350,	Top-1 err = 41.480000,	Top-5 err = 25.840000,	train_time = 12.003275
TRAIN Iter 220: loss = 0.001357,	Top-1 err = 46.540000,	Top-5 err = 28.450000,	train_time = 11.995066
TRAIN Iter 221: loss = 0.001294,	Top-1 err = 44.670000,	Top-5 err = 26.050000,	train_time = 12.157505
TRAIN Iter 222: loss = 0.001291,	Top-1 err = 46.140000,	Top-5 err = 29.610000,	train_time = 12.081509
TRAIN Iter 223: loss = 0.001302,	Top-1 err = 40.020000,	Top-5 err = 23.810000,	train_time = 12.037191
TRAIN Iter 224: loss = 0.001278,	Top-1 err = 46.420000,	Top-5 err = 27.080000,	train_time = 12.068284
TRAIN Iter 225: loss = 0.001281,	Top-1 err = 43.040000,	Top-5 err = 24.780000,	train_time = 12.005430
TRAIN Iter 226: loss = 0.001267,	Top-1 err = 44.640000,	Top-5 err = 26.590000,	train_time = 11.961354
TRAIN Iter 227: loss = 0.001288,	Top-1 err = 41.020000,	Top-5 err = 25.150000,	train_time = 11.976050
TRAIN Iter 228: loss = 0.001296,	Top-1 err = 46.560000,	Top-5 err = 27.880000,	train_time = 12.009547
TRAIN Iter 229: loss = 0.001265,	Top-1 err = 46.760000,	Top-5 err = 30.100000,	train_time = 12.020616
TRAIN Iter 230: loss = 0.001245,	Top-1 err = 42.570000,	Top-5 err = 23.430000,	train_time = 12.097941
TRAIN Iter 231: loss = 0.001233,	Top-1 err = 41.320000,	Top-5 err = 25.510000,	train_time = 12.079440
TRAIN Iter 232: loss = 0.001254,	Top-1 err = 45.200000,	Top-5 err = 26.830000,	train_time = 12.092084
TRAIN Iter 233: loss = 0.001228,	Top-1 err = 37.610000,	Top-5 err = 20.680000,	train_time = 12.054268
TRAIN Iter 234: loss = 0.001217,	Top-1 err = 41.310000,	Top-5 err = 25.180000,	train_time = 12.044786
TRAIN Iter 235: loss = 0.001259,	Top-1 err = 39.270000,	Top-5 err = 22.360000,	train_time = 12.016766
TRAIN Iter 236: loss = 0.001249,	Top-1 err = 45.380000,	Top-5 err = 26.880000,	train_time = 12.025574
TRAIN Iter 237: loss = 0.001262,	Top-1 err = 43.160000,	Top-5 err = 25.900000,	train_time = 12.058694
TRAIN Iter 238: loss = 0.001213,	Top-1 err = 44.470000,	Top-5 err = 27.280000,	train_time = 12.051679
TRAIN Iter 239: loss = 0.001200,	Top-1 err = 43.630000,	Top-5 err = 25.550000,	train_time = 12.063917
TRAIN Iter 240: loss = 0.001209,	Top-1 err = 43.710000,	Top-5 err = 25.220000,	train_time = 12.027029
TRAIN Iter 241: loss = 0.001204,	Top-1 err = 43.860000,	Top-5 err = 26.330000,	train_time = 11.936531
TRAIN Iter 242: loss = 0.001209,	Top-1 err = 45.980000,	Top-5 err = 27.470000,	train_time = 11.786721
TRAIN Iter 243: loss = 0.001178,	Top-1 err = 42.490000,	Top-5 err = 25.020000,	train_time = 11.743104
TRAIN Iter 244: loss = 0.001170,	Top-1 err = 39.020000,	Top-5 err = 20.520000,	train_time = 11.802110
TRAIN Iter 245: loss = 0.001198,	Top-1 err = 40.980000,	Top-5 err = 23.040000,	train_time = 11.941290
TRAIN Iter 246: loss = 0.001210,	Top-1 err = 45.780000,	Top-5 err = 27.270000,	train_time = 11.858452
TRAIN Iter 247: loss = 0.001153,	Top-1 err = 40.110000,	Top-5 err = 23.950000,	train_time = 11.717680
TRAIN Iter 248: loss = 0.001161,	Top-1 err = 43.710000,	Top-5 err = 25.610000,	train_time = 11.650891
TRAIN Iter 249: loss = 0.001157,	Top-1 err = 40.860000,	Top-5 err = 22.210000,	train_time = 11.723581
TEST:
Iter 249: loss = 2.241572,	Top-1 err = 52.710000,	Top-5 err = 26.530000,	val_time = 2.337105
TRAIN Iter 250: loss = 0.001176,	Top-1 err = 40.820000,	Top-5 err = 24.060000,	train_time = 11.602628
TRAIN Iter 251: loss = 0.001193,	Top-1 err = 42.070000,	Top-5 err = 26.390000,	train_time = 11.650702
TRAIN Iter 252: loss = 0.001181,	Top-1 err = 36.810000,	Top-5 err = 20.150000,	train_time = 11.576113
TRAIN Iter 253: loss = 0.001155,	Top-1 err = 43.870000,	Top-5 err = 27.410000,	train_time = 11.634212
TRAIN Iter 254: loss = 0.001135,	Top-1 err = 44.440000,	Top-5 err = 24.940000,	train_time = 11.716191
TRAIN Iter 255: loss = 0.001139,	Top-1 err = 45.050000,	Top-5 err = 27.100000,	train_time = 11.636220
TRAIN Iter 256: loss = 0.001128,	Top-1 err = 46.330000,	Top-5 err = 28.660000,	train_time = 11.625772
TRAIN Iter 257: loss = 0.001134,	Top-1 err = 40.010000,	Top-5 err = 24.200000,	train_time = 11.674891
TRAIN Iter 258: loss = 0.001131,	Top-1 err = 42.990000,	Top-5 err = 25.650000,	train_time = 11.769634
TRAIN Iter 259: loss = 0.001099,	Top-1 err = 44.550000,	Top-5 err = 25.640000,	train_time = 11.724466
TEST:
Iter 259: loss = 2.241308,	Top-1 err = 52.230000,	Top-5 err = 26.700000,	val_time = 2.399967
TRAIN Iter 260: loss = 0.001071,	Top-1 err = 44.570000,	Top-5 err = 25.750000,	train_time = 11.676041
TRAIN Iter 261: loss = 0.001149,	Top-1 err = 43.800000,	Top-5 err = 25.860000,	train_time = 11.790514
TRAIN Iter 262: loss = 0.001113,	Top-1 err = 46.640000,	Top-5 err = 29.200000,	train_time = 11.736659
TRAIN Iter 263: loss = 0.001092,	Top-1 err = 37.590000,	Top-5 err = 22.260000,	train_time = 11.774105
TRAIN Iter 264: loss = 0.001142,	Top-1 err = 42.350000,	Top-5 err = 24.960000,	train_time = 11.730927
TRAIN Iter 265: loss = 0.001110,	Top-1 err = 39.800000,	Top-5 err = 22.440000,	train_time = 11.792335
TRAIN Iter 266: loss = 0.001116,	Top-1 err = 44.900000,	Top-5 err = 30.160000,	train_time = 11.943602
TRAIN Iter 267: loss = 0.001080,	Top-1 err = 47.820000,	Top-5 err = 28.540000,	train_time = 11.923084
TRAIN Iter 268: loss = 0.001097,	Top-1 err = 44.000000,	Top-5 err = 27.100000,	train_time = 11.973901
TRAIN Iter 269: loss = 0.001084,	Top-1 err = 41.370000,	Top-5 err = 23.540000,	train_time = 11.950347
TEST:
Iter 269: loss = 2.232160,	Top-1 err = 52.580000,	Top-5 err = 26.540000,	val_time = 2.431837
TRAIN Iter 270: loss = 0.001102,	Top-1 err = 43.870000,	Top-5 err = 26.630000,	train_time = 11.950449
TRAIN Iter 271: loss = 0.001043,	Top-1 err = 44.290000,	Top-5 err = 27.470000,	train_time = 11.859663
TRAIN Iter 272: loss = 0.001024,	Top-1 err = 41.840000,	Top-5 err = 25.950000,	train_time = 11.898576
TRAIN Iter 273: loss = 0.001079,	Top-1 err = 43.250000,	Top-5 err = 24.410000,	train_time = 11.938428
TRAIN Iter 274: loss = 0.001096,	Top-1 err = 44.700000,	Top-5 err = 27.180000,	train_time = 11.989868
TRAIN Iter 275: loss = 0.001061,	Top-1 err = 46.380000,	Top-5 err = 27.740000,	train_time = 12.053267
TRAIN Iter 276: loss = 0.001034,	Top-1 err = 44.550000,	Top-5 err = 28.330000,	train_time = 12.075470
TRAIN Iter 277: loss = 0.001038,	Top-1 err = 41.770000,	Top-5 err = 23.530000,	train_time = 11.951356
TRAIN Iter 278: loss = 0.001055,	Top-1 err = 40.590000,	Top-5 err = 24.140000,	train_time = 11.974699
TRAIN Iter 279: loss = 0.001036,	Top-1 err = 40.180000,	Top-5 err = 23.810000,	train_time = 11.998633
TEST:
Iter 279: loss = 2.192404,	Top-1 err = 51.550000,	Top-5 err = 25.990000,	val_time = 2.403774
TRAIN Iter 280: loss = 0.001059,	Top-1 err = 41.150000,	Top-5 err = 25.510000,	train_time = 11.954857
TRAIN Iter 281: loss = 0.001061,	Top-1 err = 40.150000,	Top-5 err = 23.930000,	train_time = 11.951719
TRAIN Iter 282: loss = 0.000999,	Top-1 err = 38.700000,	Top-5 err = 21.000000,	train_time = 11.954785
TRAIN Iter 283: loss = 0.001057,	Top-1 err = 43.840000,	Top-5 err = 26.180000,	train_time = 12.017980
TRAIN Iter 284: loss = 0.000998,	Top-1 err = 46.410000,	Top-5 err = 29.020000,	train_time = 11.957922
TRAIN Iter 285: loss = 0.001024,	Top-1 err = 45.330000,	Top-5 err = 28.030000,	train_time = 12.019820
TRAIN Iter 286: loss = 0.001001,	Top-1 err = 38.640000,	Top-5 err = 22.710000,	train_time = 12.076774
TRAIN Iter 287: loss = 0.000992,	Top-1 err = 38.370000,	Top-5 err = 20.900000,	train_time = 12.001067
TRAIN Iter 288: loss = 0.000998,	Top-1 err = 48.440000,	Top-5 err = 31.260000,	train_time = 12.022983
TRAIN Iter 289: loss = 0.000988,	Top-1 err = 43.360000,	Top-5 err = 25.330000,	train_time = 11.994320
TEST:
Iter 289: loss = 2.212287,	Top-1 err = 51.410000,	Top-5 err = 25.770000,	val_time = 2.400797
TRAIN Iter 290: loss = 0.000996,	Top-1 err = 42.630000,	Top-5 err = 23.820000,	train_time = 11.948663
TRAIN Iter 291: loss = 0.001002,	Top-1 err = 43.760000,	Top-5 err = 25.810000,	train_time = 11.925760
TRAIN Iter 292: loss = 0.001017,	Top-1 err = 47.600000,	Top-5 err = 30.080000,	train_time = 12.002345
TRAIN Iter 293: loss = 0.000992,	Top-1 err = 38.530000,	Top-5 err = 22.050000,	train_time = 12.000341
TRAIN Iter 294: loss = 0.000997,	Top-1 err = 37.400000,	Top-5 err = 21.320000,	train_time = 11.976593
TRAIN Iter 295: loss = 0.000966,	Top-1 err = 40.410000,	Top-5 err = 23.870000,	train_time = 11.990531
TRAIN Iter 296: loss = 0.000974,	Top-1 err = 45.540000,	Top-5 err = 28.460000,	train_time = 11.909151
TRAIN Iter 297: loss = 0.000964,	Top-1 err = 41.650000,	Top-5 err = 25.880000,	train_time = 11.798042
TRAIN Iter 298: loss = 0.000996,	Top-1 err = 42.390000,	Top-5 err = 25.310000,	train_time = 11.938879
TRAIN Iter 299: loss = 0.000984,	Top-1 err = 45.870000,	Top-5 err = 28.820000,	train_time = 11.896087
TEST:
Iter 299: loss = 2.215992,	Top-1 err = 51.640000,	Top-5 err = 26.190000,	val_time = 2.379984
Train Finish! Best accuracy is 48.59@289
