/home/dvspanos/miniconda3/envs/rded/lib/python3.10/site-packages/torchvision/models/_utils.py:208: UserWarning: The parameter 'pretrained' is deprecated since 0.13 and may be removed in the future, please use 'weights' instead.
  warnings.warn(
/home/dvspanos/miniconda3/envs/rded/lib/python3.10/site-packages/torchvision/models/_utils.py:223: UserWarning: Arguments other than a weight enum or `None` for 'weights' are deprecated since 0.13 and may be removed in the future. The current behavior is equivalent to passing `weights=None`.
  warnings.warn(msg)
=> using pytorch pre-trained teacher model 'resnet18_modified'
process data from /home/dvspanos/nikos/ca2d/artifacts/rded_sets/bench_tin_random_ipc100
load data successfully
TRAIN Iter 0: loss = 0.011072,	Top-1 err = 98.010000,	Top-5 err = 91.700000,	train_time = 29.615813
TRAIN Iter 1: loss = 0.009442,	Top-1 err = 95.800000,	Top-5 err = 85.195000,	train_time = 30.882215
TRAIN Iter 2: loss = 0.008759,	Top-1 err = 94.170000,	Top-5 err = 80.880000,	train_time = 33.122208
TRAIN Iter 3: loss = 0.008049,	Top-1 err = 92.905000,	Top-5 err = 77.475000,	train_time = 30.822028
TRAIN Iter 4: loss = 0.007853,	Top-1 err = 91.135000,	Top-5 err = 74.005000,	train_time = 32.590303
TRAIN Iter 5: loss = 0.007309,	Top-1 err = 90.030000,	Top-5 err = 72.325000,	train_time = 31.780675
TRAIN Iter 6: loss = 0.006986,	Top-1 err = 88.055000,	Top-5 err = 69.630000,	train_time = 31.437673
TRAIN Iter 7: loss = 0.006733,	Top-1 err = 85.845000,	Top-5 err = 65.300000,	train_time = 33.960269
TRAIN Iter 8: loss = 0.006427,	Top-1 err = 85.135000,	Top-5 err = 64.615000,	train_time = 30.975760
TRAIN Iter 9: loss = 0.006234,	Top-1 err = 84.475000,	Top-5 err = 64.120000,	train_time = 31.907458
TRAIN Iter 10: loss = 0.005926,	Top-1 err = 82.795000,	Top-5 err = 61.725000,	train_time = 32.620024
TRAIN Iter 11: loss = 0.005761,	Top-1 err = 80.770000,	Top-5 err = 58.610000,	train_time = 32.156786
TRAIN Iter 12: loss = 0.005432,	Top-1 err = 81.570000,	Top-5 err = 60.455000,	train_time = 33.342556
TRAIN Iter 13: loss = 0.005495,	Top-1 err = 77.770000,	Top-5 err = 53.720000,	train_time = 32.410507
TRAIN Iter 14: loss = 0.005214,	Top-1 err = 79.095000,	Top-5 err = 56.985000,	train_time = 32.215934
TRAIN Iter 15: loss = 0.005066,	Top-1 err = 78.040000,	Top-5 err = 56.470000,	train_time = 30.691145
TRAIN Iter 16: loss = 0.004944,	Top-1 err = 75.270000,	Top-5 err = 52.395000,	train_time = 32.565265
TRAIN Iter 17: loss = 0.004827,	Top-1 err = 74.615000,	Top-5 err = 51.375000,	train_time = 31.401472
TRAIN Iter 18: loss = 0.004656,	Top-1 err = 74.495000,	Top-5 err = 52.235000,	train_time = 31.662516
TRAIN Iter 19: loss = 0.004592,	Top-1 err = 72.590000,	Top-5 err = 49.025000,	train_time = 31.790542
TRAIN Iter 20: loss = 0.004421,	Top-1 err = 75.525000,	Top-5 err = 53.390000,	train_time = 32.258639
TRAIN Iter 21: loss = 0.004378,	Top-1 err = 73.990000,	Top-5 err = 52.045000,	train_time = 31.744389
TRAIN Iter 22: loss = 0.004248,	Top-1 err = 72.655000,	Top-5 err = 50.510000,	train_time = 33.940494
TRAIN Iter 23: loss = 0.004156,	Top-1 err = 73.965000,	Top-5 err = 51.275000,	train_time = 30.970021
TRAIN Iter 24: loss = 0.004113,	Top-1 err = 71.085000,	Top-5 err = 47.370000,	train_time = 32.986038
TRAIN Iter 25: loss = 0.004081,	Top-1 err = 69.130000,	Top-5 err = 46.140000,	train_time = 31.754193
TRAIN Iter 26: loss = 0.004004,	Top-1 err = 68.255000,	Top-5 err = 44.675000,	train_time = 31.237311
TRAIN Iter 27: loss = 0.003957,	Top-1 err = 70.170000,	Top-5 err = 48.325000,	train_time = 33.725103
TRAIN Iter 28: loss = 0.003897,	Top-1 err = 70.670000,	Top-5 err = 48.560000,	train_time = 30.747799
TRAIN Iter 29: loss = 0.003832,	Top-1 err = 70.170000,	Top-5 err = 47.675000,	train_time = 33.656490
TRAIN Iter 30: loss = 0.003791,	Top-1 err = 69.155000,	Top-5 err = 46.770000,	train_time = 31.307747
TRAIN Iter 31: loss = 0.003708,	Top-1 err = 68.565000,	Top-5 err = 45.090000,	train_time = 31.813008
TRAIN Iter 32: loss = 0.003716,	Top-1 err = 69.670000,	Top-5 err = 47.690000,	train_time = 33.297312
TRAIN Iter 33: loss = 0.003636,	Top-1 err = 68.000000,	Top-5 err = 45.005000,	train_time = 31.465004
TRAIN Iter 34: loss = 0.003650,	Top-1 err = 67.405000,	Top-5 err = 45.035000,	train_time = 33.041256
TRAIN Iter 35: loss = 0.003625,	Top-1 err = 66.835000,	Top-5 err = 44.525000,	train_time = 33.188191
TRAIN Iter 36: loss = 0.003558,	Top-1 err = 65.905000,	Top-5 err = 43.445000,	train_time = 32.195626
TRAIN Iter 37: loss = 0.003496,	Top-1 err = 65.865000,	Top-5 err = 43.745000,	train_time = 31.192444
TRAIN Iter 38: loss = 0.003479,	Top-1 err = 65.815000,	Top-5 err = 43.885000,	train_time = 31.292874
TRAIN Iter 39: loss = 0.003490,	Top-1 err = 65.840000,	Top-5 err = 43.985000,	train_time = 33.558909
TRAIN Iter 40: loss = 0.003406,	Top-1 err = 67.200000,	Top-5 err = 45.735000,	train_time = 32.222106
TRAIN Iter 41: loss = 0.003366,	Top-1 err = 67.115000,	Top-5 err = 45.270000,	train_time = 32.301649
TRAIN Iter 42: loss = 0.003390,	Top-1 err = 64.110000,	Top-5 err = 41.965000,	train_time = 31.353879
TRAIN Iter 43: loss = 0.003306,	Top-1 err = 67.050000,	Top-5 err = 45.115000,	train_time = 32.116704
TRAIN Iter 44: loss = 0.003297,	Top-1 err = 65.650000,	Top-5 err = 43.340000,	train_time = 30.819787
TRAIN Iter 45: loss = 0.003295,	Top-1 err = 61.505000,	Top-5 err = 39.370000,	train_time = 33.524498
TRAIN Iter 46: loss = 0.003267,	Top-1 err = 65.025000,	Top-5 err = 43.755000,	train_time = 31.641459
TRAIN Iter 47: loss = 0.003228,	Top-1 err = 63.630000,	Top-5 err = 41.445000,	train_time = 32.642365
TRAIN Iter 48: loss = 0.003214,	Top-1 err = 66.475000,	Top-5 err = 45.085000,	train_time = 31.403505
TRAIN Iter 49: loss = 0.003207,	Top-1 err = 63.785000,	Top-5 err = 41.825000,	train_time = 32.305856
TRAIN Iter 50: loss = 0.003194,	Top-1 err = 64.470000,	Top-5 err = 43.790000,	train_time = 31.484290
TRAIN Iter 51: loss = 0.003132,	Top-1 err = 62.850000,	Top-5 err = 40.275000,	train_time = 31.032022
TRAIN Iter 52: loss = 0.003115,	Top-1 err = 64.280000,	Top-5 err = 42.190000,	train_time = 31.700175
TRAIN Iter 53: loss = 0.003128,	Top-1 err = 61.000000,	Top-5 err = 39.530000,	train_time = 31.480930
TRAIN Iter 54: loss = 0.003104,	Top-1 err = 60.935000,	Top-5 err = 39.345000,	train_time = 31.790181
TRAIN Iter 55: loss = 0.003080,	Top-1 err = 63.930000,	Top-5 err = 42.965000,	train_time = 32.129152
TRAIN Iter 56: loss = 0.003067,	Top-1 err = 63.710000,	Top-5 err = 41.815000,	train_time = 31.038520
TRAIN Iter 57: loss = 0.003039,	Top-1 err = 62.255000,	Top-5 err = 40.510000,	train_time = 33.683659
TRAIN Iter 58: loss = 0.003024,	Top-1 err = 60.800000,	Top-5 err = 38.555000,	train_time = 31.106734
TRAIN Iter 59: loss = 0.002991,	Top-1 err = 65.445000,	Top-5 err = 44.015000,	train_time = 31.131987
TRAIN Iter 60: loss = 0.003012,	Top-1 err = 59.980000,	Top-5 err = 38.465000,	train_time = 33.758801
TRAIN Iter 61: loss = 0.002973,	Top-1 err = 64.605000,	Top-5 err = 42.820000,	train_time = 32.089373
TRAIN Iter 62: loss = 0.002988,	Top-1 err = 62.405000,	Top-5 err = 40.345000,	train_time = 30.586782
TRAIN Iter 63: loss = 0.002962,	Top-1 err = 60.290000,	Top-5 err = 38.135000,	train_time = 33.662013
TRAIN Iter 64: loss = 0.002945,	Top-1 err = 63.170000,	Top-5 err = 41.040000,	train_time = 30.671485
TRAIN Iter 65: loss = 0.002930,	Top-1 err = 63.765000,	Top-5 err = 42.585000,	train_time = 32.899037
TRAIN Iter 66: loss = 0.002915,	Top-1 err = 61.155000,	Top-5 err = 39.740000,	train_time = 30.524454
TRAIN Iter 67: loss = 0.002905,	Top-1 err = 63.725000,	Top-5 err = 42.455000,	train_time = 33.567131
TRAIN Iter 68: loss = 0.002893,	Top-1 err = 63.390000,	Top-5 err = 42.395000,	train_time = 32.610941
TRAIN Iter 69: loss = 0.002878,	Top-1 err = 66.320000,	Top-5 err = 45.520000,	train_time = 32.289910
TRAIN Iter 70: loss = 0.002872,	Top-1 err = 62.180000,	Top-5 err = 40.645000,	train_time = 32.072978
TRAIN Iter 71: loss = 0.002862,	Top-1 err = 61.135000,	Top-5 err = 39.480000,	train_time = 31.659282
TRAIN Iter 72: loss = 0.002836,	Top-1 err = 60.130000,	Top-5 err = 38.090000,	train_time = 31.204787
TRAIN Iter 73: loss = 0.002832,	Top-1 err = 59.245000,	Top-5 err = 38.180000,	train_time = 33.096579
TRAIN Iter 74: loss = 0.002822,	Top-1 err = 61.705000,	Top-5 err = 40.175000,	train_time = 30.547021
TRAIN Iter 75: loss = 0.002819,	Top-1 err = 60.485000,	Top-5 err = 38.770000,	train_time = 31.330410
TRAIN Iter 76: loss = 0.002828,	Top-1 err = 60.960000,	Top-5 err = 39.980000,	train_time = 31.564970
TRAIN Iter 77: loss = 0.002801,	Top-1 err = 61.455000,	Top-5 err = 40.010000,	train_time = 31.682054
TRAIN Iter 78: loss = 0.002795,	Top-1 err = 58.755000,	Top-5 err = 37.670000,	train_time = 31.142679
TRAIN Iter 79: loss = 0.002770,	Top-1 err = 60.050000,	Top-5 err = 37.620000,	train_time = 33.383577
TRAIN Iter 80: loss = 0.002755,	Top-1 err = 62.200000,	Top-5 err = 41.025000,	train_time = 30.455688
TRAIN Iter 81: loss = 0.002748,	Top-1 err = 63.425000,	Top-5 err = 43.285000,	train_time = 31.296396
TRAIN Iter 82: loss = 0.002741,	Top-1 err = 58.925000,	Top-5 err = 36.815000,	train_time = 32.181653
TRAIN Iter 83: loss = 0.002725,	Top-1 err = 59.055000,	Top-5 err = 37.755000,	train_time = 31.730846
TRAIN Iter 84: loss = 0.002746,	Top-1 err = 62.390000,	Top-5 err = 41.900000,	train_time = 31.280088
TRAIN Iter 85: loss = 0.002706,	Top-1 err = 59.875000,	Top-5 err = 38.570000,	train_time = 31.927316
TRAIN Iter 86: loss = 0.002706,	Top-1 err = 58.715000,	Top-5 err = 37.890000,	train_time = 33.793985
TRAIN Iter 87: loss = 0.002691,	Top-1 err = 60.475000,	Top-5 err = 39.615000,	train_time = 31.655658
TRAIN Iter 88: loss = 0.002693,	Top-1 err = 60.870000,	Top-5 err = 39.575000,	train_time = 31.190726
TRAIN Iter 89: loss = 0.002674,	Top-1 err = 60.075000,	Top-5 err = 39.040000,	train_time = 31.315932
TRAIN Iter 90: loss = 0.002686,	Top-1 err = 61.430000,	Top-5 err = 40.120000,	train_time = 31.625736
TRAIN Iter 91: loss = 0.002663,	Top-1 err = 60.600000,	Top-5 err = 40.220000,	train_time = 31.850017
TRAIN Iter 92: loss = 0.002696,	Top-1 err = 62.855000,	Top-5 err = 42.010000,	train_time = 32.756090
TRAIN Iter 93: loss = 0.002668,	Top-1 err = 59.400000,	Top-5 err = 38.195000,	train_time = 31.469312
TRAIN Iter 94: loss = 0.002644,	Top-1 err = 61.410000,	Top-5 err = 41.105000,	train_time = 33.338516
TRAIN Iter 95: loss = 0.002659,	Top-1 err = 59.690000,	Top-5 err = 39.075000,	train_time = 31.559167
TRAIN Iter 96: loss = 0.002634,	Top-1 err = 61.660000,	Top-5 err = 40.975000,	train_time = 32.206827
TRAIN Iter 97: loss = 0.002634,	Top-1 err = 64.175000,	Top-5 err = 43.360000,	train_time = 32.317860
TRAIN Iter 98: loss = 0.002619,	Top-1 err = 59.910000,	Top-5 err = 39.840000,	train_time = 30.700371
TRAIN Iter 99: loss = 0.002611,	Top-1 err = 57.330000,	Top-5 err = 36.510000,	train_time = 33.707541
TRAIN Iter 100: loss = 0.002624,	Top-1 err = 63.010000,	Top-5 err = 42.530000,	train_time = 30.599863
TRAIN Iter 101: loss = 0.002568,	Top-1 err = 58.785000,	Top-5 err = 37.665000,	train_time = 33.220098
TRAIN Iter 102: loss = 0.002588,	Top-1 err = 61.405000,	Top-5 err = 40.705000,	train_time = 30.377354
TRAIN Iter 103: loss = 0.002596,	Top-1 err = 61.540000,	Top-5 err = 40.260000,	train_time = 33.412284
TRAIN Iter 104: loss = 0.002575,	Top-1 err = 57.310000,	Top-5 err = 36.160000,	train_time = 30.556154
TRAIN Iter 105: loss = 0.002596,	Top-1 err = 64.125000,	Top-5 err = 42.940000,	train_time = 31.230841
TRAIN Iter 106: loss = 0.002562,	Top-1 err = 59.145000,	Top-5 err = 39.195000,	train_time = 32.717255
TRAIN Iter 107: loss = 0.002569,	Top-1 err = 59.780000,	Top-5 err = 38.995000,	train_time = 31.229307
TRAIN Iter 108: loss = 0.002567,	Top-1 err = 57.085000,	Top-5 err = 35.345000,	train_time = 31.602734
TRAIN Iter 109: loss = 0.002552,	Top-1 err = 59.610000,	Top-5 err = 39.390000,	train_time = 31.860426
TRAIN Iter 110: loss = 0.002542,	Top-1 err = 63.145000,	Top-5 err = 41.890000,	train_time = 31.927093
TRAIN Iter 111: loss = 0.002535,	Top-1 err = 58.485000,	Top-5 err = 37.655000,	train_time = 31.914243
TRAIN Iter 112: loss = 0.002562,	Top-1 err = 62.010000,	Top-5 err = 41.925000,	train_time = 32.286986
TRAIN Iter 113: loss = 0.002544,	Top-1 err = 61.550000,	Top-5 err = 41.300000,	train_time = 32.702900
TRAIN Iter 114: loss = 0.002520,	Top-1 err = 59.600000,	Top-5 err = 39.110000,	train_time = 31.731659
TRAIN Iter 115: loss = 0.002524,	Top-1 err = 57.960000,	Top-5 err = 37.250000,	train_time = 32.965403
TRAIN Iter 116: loss = 0.002513,	Top-1 err = 60.640000,	Top-5 err = 40.185000,	train_time = 31.355524
TRAIN Iter 117: loss = 0.002515,	Top-1 err = 60.020000,	Top-5 err = 39.030000,	train_time = 32.907736
TRAIN Iter 118: loss = 0.002496,	Top-1 err = 57.290000,	Top-5 err = 37.570000,	train_time = 31.731354
TRAIN Iter 119: loss = 0.002498,	Top-1 err = 59.235000,	Top-5 err = 39.250000,	train_time = 32.623745
TRAIN Iter 120: loss = 0.002476,	Top-1 err = 55.160000,	Top-5 err = 34.170000,	train_time = 32.569994
TRAIN Iter 121: loss = 0.002457,	Top-1 err = 60.185000,	Top-5 err = 39.940000,	train_time = 32.710467
TRAIN Iter 122: loss = 0.002466,	Top-1 err = 60.370000,	Top-5 err = 40.335000,	train_time = 31.460096
TRAIN Iter 123: loss = 0.002460,	Top-1 err = 60.820000,	Top-5 err = 40.005000,	train_time = 31.556778
TRAIN Iter 124: loss = 0.002477,	Top-1 err = 58.590000,	Top-5 err = 38.005000,	train_time = 32.277784
TRAIN Iter 125: loss = 0.002452,	Top-1 err = 58.625000,	Top-5 err = 38.915000,	train_time = 32.134094
TRAIN Iter 126: loss = 0.002475,	Top-1 err = 59.415000,	Top-5 err = 38.500000,	train_time = 32.484113
TRAIN Iter 127: loss = 0.002452,	Top-1 err = 55.860000,	Top-5 err = 34.915000,	train_time = 32.718879
TRAIN Iter 128: loss = 0.002455,	Top-1 err = 57.485000,	Top-5 err = 36.490000,	train_time = 31.290836
TRAIN Iter 129: loss = 0.002458,	Top-1 err = 64.115000,	Top-5 err = 43.655000,	train_time = 32.409394
TRAIN Iter 130: loss = 0.002466,	Top-1 err = 59.100000,	Top-5 err = 39.200000,	train_time = 31.648057
TRAIN Iter 131: loss = 0.002437,	Top-1 err = 59.155000,	Top-5 err = 38.700000,	train_time = 32.657092
TRAIN Iter 132: loss = 0.002449,	Top-1 err = 60.900000,	Top-5 err = 40.135000,	train_time = 34.079515
TRAIN Iter 133: loss = 0.002449,	Top-1 err = 60.150000,	Top-5 err = 39.285000,	train_time = 31.205577
TRAIN Iter 134: loss = 0.002427,	Top-1 err = 57.665000,	Top-5 err = 36.755000,	train_time = 32.113199
TRAIN Iter 135: loss = 0.002403,	Top-1 err = 57.045000,	Top-5 err = 36.215000,	train_time = 31.779860
TRAIN Iter 136: loss = 0.002423,	Top-1 err = 55.650000,	Top-5 err = 34.520000,	train_time = 32.205062
TRAIN Iter 137: loss = 0.002418,	Top-1 err = 59.625000,	Top-5 err = 38.945000,	train_time = 34.429692
TRAIN Iter 138: loss = 0.002420,	Top-1 err = 60.715000,	Top-5 err = 41.045000,	train_time = 32.677736
TRAIN Iter 139: loss = 0.002399,	Top-1 err = 59.020000,	Top-5 err = 38.165000,	train_time = 32.528840
TRAIN Iter 140: loss = 0.002386,	Top-1 err = 55.990000,	Top-5 err = 35.745000,	train_time = 31.335162
TRAIN Iter 141: loss = 0.002403,	Top-1 err = 58.935000,	Top-5 err = 38.285000,	train_time = 32.556998
TRAIN Iter 142: loss = 0.002395,	Top-1 err = 58.110000,	Top-5 err = 37.655000,	train_time = 33.488294
TRAIN Iter 143: loss = 0.002412,	Top-1 err = 61.165000,	Top-5 err = 41.040000,	train_time = 31.978332
TRAIN Iter 144: loss = 0.002397,	Top-1 err = 59.470000,	Top-5 err = 39.030000,	train_time = 32.439445
TRAIN Iter 145: loss = 0.002378,	Top-1 err = 61.640000,	Top-5 err = 42.160000,	train_time = 31.615365
TRAIN Iter 146: loss = 0.002370,	Top-1 err = 54.110000,	Top-5 err = 33.050000,	train_time = 34.060095
TRAIN Iter 147: loss = 0.002367,	Top-1 err = 57.565000,	Top-5 err = 37.690000,	train_time = 32.548972
TRAIN Iter 148: loss = 0.002377,	Top-1 err = 57.690000,	Top-5 err = 36.910000,	train_time = 31.041104
TRAIN Iter 149: loss = 0.002351,	Top-1 err = 57.045000,	Top-5 err = 36.480000,	train_time = 34.131655
TRAIN Iter 150: loss = 0.002346,	Top-1 err = 55.735000,	Top-5 err = 36.565000,	train_time = 33.142038
TRAIN Iter 151: loss = 0.002370,	Top-1 err = 58.845000,	Top-5 err = 38.165000,	train_time = 31.072515
TRAIN Iter 152: loss = 0.002334,	Top-1 err = 57.555000,	Top-5 err = 37.480000,	train_time = 33.401501
TRAIN Iter 153: loss = 0.002341,	Top-1 err = 58.585000,	Top-5 err = 38.155000,	train_time = 31.816302
TRAIN Iter 154: loss = 0.002341,	Top-1 err = 55.620000,	Top-5 err = 34.340000,	train_time = 31.352405
TRAIN Iter 155: loss = 0.002335,	Top-1 err = 59.260000,	Top-5 err = 38.935000,	train_time = 33.332982
TRAIN Iter 156: loss = 0.002356,	Top-1 err = 58.175000,	Top-5 err = 38.150000,	train_time = 32.917118
TRAIN Iter 157: loss = 0.002333,	Top-1 err = 58.800000,	Top-5 err = 37.255000,	train_time = 31.443992
TRAIN Iter 158: loss = 0.002324,	Top-1 err = 57.035000,	Top-5 err = 36.980000,	train_time = 31.901359
TRAIN Iter 159: loss = 0.002310,	Top-1 err = 56.765000,	Top-5 err = 36.400000,	train_time = 34.082813
TRAIN Iter 160: loss = 0.002311,	Top-1 err = 56.435000,	Top-5 err = 35.515000,	train_time = 31.832680
TRAIN Iter 161: loss = 0.002316,	Top-1 err = 55.260000,	Top-5 err = 34.160000,	train_time = 31.318137
TRAIN Iter 162: loss = 0.002324,	Top-1 err = 58.650000,	Top-5 err = 38.725000,	train_time = 34.009719
TRAIN Iter 163: loss = 0.002291,	Top-1 err = 55.620000,	Top-5 err = 35.455000,	train_time = 30.580202
TRAIN Iter 164: loss = 0.002329,	Top-1 err = 56.690000,	Top-5 err = 35.840000,	train_time = 33.683583
TRAIN Iter 165: loss = 0.002289,	Top-1 err = 58.170000,	Top-5 err = 38.215000,	train_time = 30.790521
TRAIN Iter 166: loss = 0.002304,	Top-1 err = 57.800000,	Top-5 err = 37.550000,	train_time = 33.837769
TRAIN Iter 167: loss = 0.002290,	Top-1 err = 56.320000,	Top-5 err = 36.605000,	train_time = 32.956423
TRAIN Iter 168: loss = 0.002300,	Top-1 err = 58.980000,	Top-5 err = 38.450000,	train_time = 31.348465
TRAIN Iter 169: loss = 0.002276,	Top-1 err = 56.510000,	Top-5 err = 35.970000,	train_time = 32.077488
TRAIN Iter 170: loss = 0.002302,	Top-1 err = 60.495000,	Top-5 err = 39.805000,	train_time = 32.059810
TRAIN Iter 171: loss = 0.002304,	Top-1 err = 62.260000,	Top-5 err = 42.550000,	train_time = 33.271435
TRAIN Iter 172: loss = 0.002287,	Top-1 err = 56.310000,	Top-5 err = 35.545000,	train_time = 32.089036
TRAIN Iter 173: loss = 0.002274,	Top-1 err = 58.325000,	Top-5 err = 37.665000,	train_time = 32.095865
TRAIN Iter 174: loss = 0.002278,	Top-1 err = 58.735000,	Top-5 err = 38.900000,	train_time = 33.729165
TRAIN Iter 175: loss = 0.002258,	Top-1 err = 53.155000,	Top-5 err = 33.075000,	train_time = 32.591655
TRAIN Iter 176: loss = 0.002263,	Top-1 err = 56.405000,	Top-5 err = 35.770000,	train_time = 31.599053
TRAIN Iter 177: loss = 0.002285,	Top-1 err = 58.415000,	Top-5 err = 37.790000,	train_time = 32.141943
TRAIN Iter 178: loss = 0.002264,	Top-1 err = 59.385000,	Top-5 err = 38.340000,	train_time = 33.825333
TRAIN Iter 179: loss = 0.002273,	Top-1 err = 59.920000,	Top-5 err = 39.465000,	train_time = 32.693070
TRAIN Iter 180: loss = 0.002268,	Top-1 err = 59.265000,	Top-5 err = 38.920000,	train_time = 33.074992
TRAIN Iter 181: loss = 0.002255,	Top-1 err = 59.495000,	Top-5 err = 40.000000,	train_time = 31.956400
TRAIN Iter 182: loss = 0.002255,	Top-1 err = 56.825000,	Top-5 err = 36.520000,	train_time = 32.553782
TRAIN Iter 183: loss = 0.002232,	Top-1 err = 55.870000,	Top-5 err = 36.000000,	train_time = 33.523814
TRAIN Iter 184: loss = 0.002243,	Top-1 err = 60.940000,	Top-5 err = 41.300000,	train_time = 31.751730
TRAIN Iter 185: loss = 0.002265,	Top-1 err = 59.320000,	Top-5 err = 38.440000,	train_time = 31.534800
TRAIN Iter 186: loss = 0.002214,	Top-1 err = 57.990000,	Top-5 err = 38.450000,	train_time = 31.812586
TRAIN Iter 187: loss = 0.002234,	Top-1 err = 59.735000,	Top-5 err = 39.780000,	train_time = 34.279093
TRAIN Iter 188: loss = 0.002243,	Top-1 err = 56.125000,	Top-5 err = 35.150000,	train_time = 31.300353
TRAIN Iter 189: loss = 0.002236,	Top-1 err = 59.885000,	Top-5 err = 40.040000,	train_time = 33.792766
TRAIN Iter 190: loss = 0.002248,	Top-1 err = 59.530000,	Top-5 err = 39.905000,	train_time = 32.458589
TRAIN Iter 191: loss = 0.002209,	Top-1 err = 57.405000,	Top-5 err = 37.985000,	train_time = 31.375004
TRAIN Iter 192: loss = 0.002230,	Top-1 err = 58.510000,	Top-5 err = 38.280000,	train_time = 34.030082
TRAIN Iter 193: loss = 0.002202,	Top-1 err = 55.340000,	Top-5 err = 34.690000,	train_time = 30.904879
TRAIN Iter 194: loss = 0.002209,	Top-1 err = 59.390000,	Top-5 err = 40.285000,	train_time = 32.457323
TRAIN Iter 195: loss = 0.002226,	Top-1 err = 58.640000,	Top-5 err = 38.370000,	train_time = 31.610050
TRAIN Iter 196: loss = 0.002224,	Top-1 err = 59.355000,	Top-5 err = 39.570000,	train_time = 33.258602
TRAIN Iter 197: loss = 0.002201,	Top-1 err = 56.795000,	Top-5 err = 36.760000,	train_time = 31.721796
TRAIN Iter 198: loss = 0.002210,	Top-1 err = 59.335000,	Top-5 err = 39.330000,	train_time = 32.807837
TRAIN Iter 199: loss = 0.002186,	Top-1 err = 56.495000,	Top-5 err = 36.560000,	train_time = 31.644901
TRAIN Iter 200: loss = 0.002198,	Top-1 err = 57.300000,	Top-5 err = 37.390000,	train_time = 32.401193
TRAIN Iter 201: loss = 0.002173,	Top-1 err = 56.610000,	Top-5 err = 36.825000,	train_time = 33.338357
TRAIN Iter 202: loss = 0.002195,	Top-1 err = 59.040000,	Top-5 err = 39.200000,	train_time = 31.703097
TRAIN Iter 203: loss = 0.002195,	Top-1 err = 57.050000,	Top-5 err = 37.180000,	train_time = 33.326814
TRAIN Iter 204: loss = 0.002202,	Top-1 err = 59.190000,	Top-5 err = 39.310000,	train_time = 31.602906
TRAIN Iter 205: loss = 0.002198,	Top-1 err = 59.265000,	Top-5 err = 39.630000,	train_time = 32.586839
TRAIN Iter 206: loss = 0.002201,	Top-1 err = 58.810000,	Top-5 err = 38.130000,	train_time = 33.662305
TRAIN Iter 207: loss = 0.002183,	Top-1 err = 59.485000,	Top-5 err = 40.070000,	train_time = 32.329809
TRAIN Iter 208: loss = 0.002173,	Top-1 err = 54.760000,	Top-5 err = 34.655000,	train_time = 31.743894
TRAIN Iter 209: loss = 0.002159,	Top-1 err = 54.550000,	Top-5 err = 34.260000,	train_time = 33.495751
TRAIN Iter 210: loss = 0.002177,	Top-1 err = 58.275000,	Top-5 err = 38.690000,	train_time = 32.203694
TRAIN Iter 211: loss = 0.002158,	Top-1 err = 58.205000,	Top-5 err = 38.770000,	train_time = 31.297398
TRAIN Iter 212: loss = 0.002153,	Top-1 err = 53.865000,	Top-5 err = 33.785000,	train_time = 33.948082
TRAIN Iter 213: loss = 0.002159,	Top-1 err = 58.665000,	Top-5 err = 38.380000,	train_time = 32.053241
TRAIN Iter 214: loss = 0.002145,	Top-1 err = 58.700000,	Top-5 err = 39.935000,	train_time = 32.244651
TRAIN Iter 215: loss = 0.002159,	Top-1 err = 57.630000,	Top-5 err = 37.775000,	train_time = 31.545062
TRAIN Iter 216: loss = 0.002143,	Top-1 err = 57.065000,	Top-5 err = 37.310000,	train_time = 34.326694
TRAIN Iter 217: loss = 0.002172,	Top-1 err = 58.465000,	Top-5 err = 38.600000,	train_time = 30.880618
TRAIN Iter 218: loss = 0.002149,	Top-1 err = 56.855000,	Top-5 err = 37.255000,	train_time = 32.504219
TRAIN Iter 219: loss = 0.002116,	Top-1 err = 55.775000,	Top-5 err = 36.450000,	train_time = 31.799985
TRAIN Iter 220: loss = 0.002142,	Top-1 err = 57.450000,	Top-5 err = 38.545000,	train_time = 31.864631
TRAIN Iter 221: loss = 0.002148,	Top-1 err = 56.340000,	Top-5 err = 36.270000,	train_time = 32.509387
TRAIN Iter 222: loss = 0.002145,	Top-1 err = 57.345000,	Top-5 err = 37.090000,	train_time = 33.762868
TRAIN Iter 223: loss = 0.002133,	Top-1 err = 56.025000,	Top-5 err = 36.075000,	train_time = 33.513427
TRAIN Iter 224: loss = 0.002154,	Top-1 err = 58.550000,	Top-5 err = 37.760000,	train_time = 31.386070
TRAIN Iter 225: loss = 0.002138,	Top-1 err = 57.000000,	Top-5 err = 36.730000,	train_time = 32.582379
TRAIN Iter 226: loss = 0.002102,	Top-1 err = 55.575000,	Top-5 err = 36.405000,	train_time = 32.622688
TRAIN Iter 227: loss = 0.002120,	Top-1 err = 57.570000,	Top-5 err = 38.440000,	train_time = 32.199632
TRAIN Iter 228: loss = 0.002129,	Top-1 err = 55.875000,	Top-5 err = 36.295000,	train_time = 34.267623
TRAIN Iter 229: loss = 0.002134,	Top-1 err = 58.495000,	Top-5 err = 38.355000,	train_time = 32.374773
TRAIN Iter 230: loss = 0.002111,	Top-1 err = 56.430000,	Top-5 err = 36.930000,	train_time = 33.192275
TRAIN Iter 231: loss = 0.002120,	Top-1 err = 58.150000,	Top-5 err = 38.700000,	train_time = 32.582636
TRAIN Iter 232: loss = 0.002130,	Top-1 err = 58.655000,	Top-5 err = 39.245000,	train_time = 33.091170
TRAIN Iter 233: loss = 0.002124,	Top-1 err = 56.790000,	Top-5 err = 36.100000,	train_time = 33.052340
TRAIN Iter 234: loss = 0.002114,	Top-1 err = 58.200000,	Top-5 err = 38.270000,	train_time = 32.433166
TRAIN Iter 235: loss = 0.002098,	Top-1 err = 54.455000,	Top-5 err = 33.980000,	train_time = 31.273626
TRAIN Iter 236: loss = 0.002114,	Top-1 err = 56.200000,	Top-5 err = 35.815000,	train_time = 34.614298
TRAIN Iter 237: loss = 0.002106,	Top-1 err = 56.725000,	Top-5 err = 37.205000,	train_time = 32.354509
TRAIN Iter 238: loss = 0.002122,	Top-1 err = 60.260000,	Top-5 err = 39.775000,	train_time = 32.673121
TRAIN Iter 239: loss = 0.002097,	Top-1 err = 55.515000,	Top-5 err = 35.605000,	train_time = 31.353099
TRAIN Iter 240: loss = 0.002096,	Top-1 err = 55.715000,	Top-5 err = 36.110000,	train_time = 32.697115
TRAIN Iter 241: loss = 0.002065,	Top-1 err = 48.945000,	Top-5 err = 28.610000,	train_time = 32.739611
TRAIN Iter 242: loss = 0.002074,	Top-1 err = 55.950000,	Top-5 err = 37.060000,	train_time = 32.081099
TRAIN Iter 243: loss = 0.002101,	Top-1 err = 55.975000,	Top-5 err = 35.890000,	train_time = 33.518011
TRAIN Iter 244: loss = 0.002088,	Top-1 err = 54.995000,	Top-5 err = 33.905000,	train_time = 33.048977
TRAIN Iter 245: loss = 0.002087,	Top-1 err = 56.315000,	Top-5 err = 37.045000,	train_time = 32.641183
TRAIN Iter 246: loss = 0.002090,	Top-1 err = 56.640000,	Top-5 err = 37.370000,	train_time = 31.487046
TRAIN Iter 247: loss = 0.002096,	Top-1 err = 57.140000,	Top-5 err = 37.665000,	train_time = 32.250518
TRAIN Iter 248: loss = 0.002087,	Top-1 err = 54.995000,	Top-5 err = 34.460000,	train_time = 31.890538
TRAIN Iter 249: loss = 0.002105,	Top-1 err = 57.950000,	Top-5 err = 38.295000,	train_time = 32.789776
TEST:
Iter 249: loss = 1.750121,	Top-1 err = 41.190000,	Top-5 err = 18.100000,	val_time = 3.227420
TRAIN Iter 250: loss = 0.002085,	Top-1 err = 59.190000,	Top-5 err = 39.335000,	train_time = 32.607168
TRAIN Iter 251: loss = 0.002072,	Top-1 err = 57.730000,	Top-5 err = 38.050000,	train_time = 31.968894
TRAIN Iter 252: loss = 0.002061,	Top-1 err = 55.875000,	Top-5 err = 35.720000,	train_time = 34.345228
TRAIN Iter 253: loss = 0.002079,	Top-1 err = 56.980000,	Top-5 err = 37.130000,	train_time = 32.232412
TRAIN Iter 254: loss = 0.002059,	Top-1 err = 54.450000,	Top-5 err = 34.365000,	train_time = 31.593398
TRAIN Iter 255: loss = 0.002072,	Top-1 err = 58.825000,	Top-5 err = 39.215000,	train_time = 34.272424
TRAIN Iter 256: loss = 0.002091,	Top-1 err = 60.340000,	Top-5 err = 40.250000,	train_time = 31.250202
TRAIN Iter 257: loss = 0.002069,	Top-1 err = 55.115000,	Top-5 err = 35.400000,	train_time = 32.403831
TRAIN Iter 258: loss = 0.002044,	Top-1 err = 54.785000,	Top-5 err = 35.205000,	train_time = 32.593544
TRAIN Iter 259: loss = 0.002063,	Top-1 err = 56.855000,	Top-5 err = 36.880000,	train_time = 32.499744
TEST:
Iter 259: loss = 1.739093,	Top-1 err = 40.750000,	Top-5 err = 18.040000,	val_time = 3.242039
TRAIN Iter 260: loss = 0.002063,	Top-1 err = 58.910000,	Top-5 err = 39.635000,	train_time = 32.402755
TRAIN Iter 261: loss = 0.002062,	Top-1 err = 59.240000,	Top-5 err = 40.230000,	train_time = 31.832590
TRAIN Iter 262: loss = 0.002045,	Top-1 err = 58.745000,	Top-5 err = 39.835000,	train_time = 34.608962
TRAIN Iter 263: loss = 0.002033,	Top-1 err = 55.470000,	Top-5 err = 35.830000,	train_time = 31.288138
TRAIN Iter 264: loss = 0.002040,	Top-1 err = 54.780000,	Top-5 err = 34.380000,	train_time = 34.457359
TRAIN Iter 265: loss = 0.002039,	Top-1 err = 56.775000,	Top-5 err = 37.490000,	train_time = 31.280217
TRAIN Iter 266: loss = 0.002041,	Top-1 err = 57.805000,	Top-5 err = 38.365000,	train_time = 32.085328
TRAIN Iter 267: loss = 0.002022,	Top-1 err = 56.765000,	Top-5 err = 37.240000,	train_time = 34.444743
TRAIN Iter 268: loss = 0.002067,	Top-1 err = 57.495000,	Top-5 err = 37.000000,	train_time = 32.200633
TRAIN Iter 269: loss = 0.002026,	Top-1 err = 54.990000,	Top-5 err = 35.800000,	train_time = 32.081469
TEST:
Iter 269: loss = 1.773108,	Top-1 err = 41.150000,	Top-5 err = 18.520000,	val_time = 3.130130
TRAIN Iter 270: loss = 0.002064,	Top-1 err = 61.655000,	Top-5 err = 40.830000,	train_time = 32.981735
TRAIN Iter 271: loss = 0.002022,	Top-1 err = 54.295000,	Top-5 err = 34.010000,	train_time = 31.249628
TRAIN Iter 272: loss = 0.002029,	Top-1 err = 56.125000,	Top-5 err = 36.315000,	train_time = 33.806671
TRAIN Iter 273: loss = 0.002007,	Top-1 err = 53.530000,	Top-5 err = 33.635000,	train_time = 31.202507
TRAIN Iter 274: loss = 0.002020,	Top-1 err = 53.120000,	Top-5 err = 33.060000,	train_time = 31.849598
TRAIN Iter 275: loss = 0.002018,	Top-1 err = 57.930000,	Top-5 err = 38.515000,	train_time = 32.812958
TRAIN Iter 276: loss = 0.002020,	Top-1 err = 53.740000,	Top-5 err = 34.400000,	train_time = 32.952754
TRAIN Iter 277: loss = 0.001998,	Top-1 err = 52.935000,	Top-5 err = 33.010000,	train_time = 31.871131
TRAIN Iter 278: loss = 0.002007,	Top-1 err = 54.205000,	Top-5 err = 34.635000,	train_time = 31.895189
TRAIN Iter 279: loss = 0.001992,	Top-1 err = 53.455000,	Top-5 err = 34.110000,	train_time = 32.099271
TEST:
Iter 279: loss = 1.750693,	Top-1 err = 40.630000,	Top-5 err = 18.160000,	val_time = 3.205016
TRAIN Iter 280: loss = 0.002031,	Top-1 err = 54.830000,	Top-5 err = 34.375000,	train_time = 31.816745
TRAIN Iter 281: loss = 0.002005,	Top-1 err = 53.080000,	Top-5 err = 34.075000,	train_time = 32.751705
TRAIN Iter 282: loss = 0.002013,	Top-1 err = 57.240000,	Top-5 err = 37.595000,	train_time = 33.544683
TRAIN Iter 283: loss = 0.002004,	Top-1 err = 55.825000,	Top-5 err = 36.375000,	train_time = 31.671109
TRAIN Iter 284: loss = 0.001997,	Top-1 err = 55.025000,	Top-5 err = 35.775000,	train_time = 32.811258
TRAIN Iter 285: loss = 0.001996,	Top-1 err = 54.380000,	Top-5 err = 34.375000,	train_time = 33.135065
TRAIN Iter 286: loss = 0.001980,	Top-1 err = 52.165000,	Top-5 err = 33.170000,	train_time = 31.312833
TRAIN Iter 287: loss = 0.001996,	Top-1 err = 55.750000,	Top-5 err = 35.840000,	train_time = 31.801275
TRAIN Iter 288: loss = 0.002000,	Top-1 err = 57.605000,	Top-5 err = 38.800000,	train_time = 33.940107
TRAIN Iter 289: loss = 0.001991,	Top-1 err = 59.690000,	Top-5 err = 40.820000,	train_time = 31.069761
TEST:
Iter 289: loss = 1.747399,	Top-1 err = 40.790000,	Top-5 err = 18.140000,	val_time = 3.420792
TRAIN Iter 290: loss = 0.001992,	Top-1 err = 55.485000,	Top-5 err = 35.205000,	train_time = 32.370604
TRAIN Iter 291: loss = 0.001988,	Top-1 err = 58.155000,	Top-5 err = 39.765000,	train_time = 31.199732
TRAIN Iter 292: loss = 0.001973,	Top-1 err = 59.480000,	Top-5 err = 40.390000,	train_time = 32.059477
TRAIN Iter 293: loss = 0.001988,	Top-1 err = 56.545000,	Top-5 err = 36.960000,	train_time = 31.825807
TRAIN Iter 294: loss = 0.002000,	Top-1 err = 58.940000,	Top-5 err = 39.205000,	train_time = 32.189759
TRAIN Iter 295: loss = 0.002007,	Top-1 err = 57.415000,	Top-5 err = 37.165000,	train_time = 32.864943
TRAIN Iter 296: loss = 0.001982,	Top-1 err = 56.000000,	Top-5 err = 36.510000,	train_time = 31.688834
TRAIN Iter 297: loss = 0.002002,	Top-1 err = 56.835000,	Top-5 err = 36.200000,	train_time = 34.090825
TRAIN Iter 298: loss = 0.001986,	Top-1 err = 58.375000,	Top-5 err = 39.000000,	train_time = 30.957185
TRAIN Iter 299: loss = 0.001972,	Top-1 err = 55.100000,	Top-5 err = 35.395000,	train_time = 33.387164
TEST:
Iter 299: loss = 1.743615,	Top-1 err = 40.880000,	Top-5 err = 18.070000,	val_time = 3.379405
Train Finish! Best accuracy is 59.37@279
