/home/dvspanos/miniconda3/envs/rded/lib/python3.10/site-packages/torch/cuda/__init__.py:611: UserWarning: Can't initialize NVML
  warnings.warn("Can't initialize NVML")
=> using pytorch pre-trained teacher model 'conv4'
process data from /home/dvspanos/nikos/ca2d/artifacts/sets/bench_tin_conv_rded_ipc10
load data successfully
TRAIN Iter 0: loss = 0.018566,	Top-1 err = 99.300000,	Top-5 err = 96.200000,	train_time = 1.641851
TRAIN Iter 1: loss = 0.015127,	Top-1 err = 98.550000,	Top-5 err = 93.700000,	train_time = 0.701937
TRAIN Iter 2: loss = 0.016010,	Top-1 err = 97.400000,	Top-5 err = 89.600000,	train_time = 0.692950
TRAIN Iter 3: loss = 0.013374,	Top-1 err = 96.250000,	Top-5 err = 86.450000,	train_time = 0.705215
TRAIN Iter 4: loss = 0.013428,	Top-1 err = 94.500000,	Top-5 err = 80.450000,	train_time = 0.697917
TRAIN Iter 5: loss = 0.011990,	Top-1 err = 93.200000,	Top-5 err = 77.450000,	train_time = 0.707670
TRAIN Iter 6: loss = 0.012013,	Top-1 err = 88.350000,	Top-5 err = 71.400000,	train_time = 0.700825
TRAIN Iter 7: loss = 0.011006,	Top-1 err = 85.400000,	Top-5 err = 65.250000,	train_time = 0.695422
TRAIN Iter 8: loss = 0.010771,	Top-1 err = 85.700000,	Top-5 err = 65.800000,	train_time = 0.710753
TRAIN Iter 9: loss = 0.010628,	Top-1 err = 82.550000,	Top-5 err = 60.800000,	train_time = 0.702521
TRAIN Iter 10: loss = 0.010181,	Top-1 err = 84.000000,	Top-5 err = 65.100000,	train_time = 0.706330
TRAIN Iter 11: loss = 0.010481,	Top-1 err = 76.700000,	Top-5 err = 51.750000,	train_time = 0.690672
TRAIN Iter 12: loss = 0.010074,	Top-1 err = 74.600000,	Top-5 err = 49.950000,	train_time = 0.699347
TRAIN Iter 13: loss = 0.009310,	Top-1 err = 82.150000,	Top-5 err = 64.550000,	train_time = 0.688565
TRAIN Iter 14: loss = 0.009293,	Top-1 err = 74.800000,	Top-5 err = 52.150000,	train_time = 0.713582
TRAIN Iter 15: loss = 0.008597,	Top-1 err = 82.100000,	Top-5 err = 62.150000,	train_time = 0.684203
TRAIN Iter 16: loss = 0.008588,	Top-1 err = 77.750000,	Top-5 err = 54.450000,	train_time = 0.695897
TRAIN Iter 17: loss = 0.008644,	Top-1 err = 75.800000,	Top-5 err = 52.850000,	train_time = 0.708498
TRAIN Iter 18: loss = 0.008565,	Top-1 err = 73.950000,	Top-5 err = 51.600000,	train_time = 0.710030
TRAIN Iter 19: loss = 0.007907,	Top-1 err = 74.900000,	Top-5 err = 51.650000,	train_time = 0.704760
TRAIN Iter 20: loss = 0.008193,	Top-1 err = 72.600000,	Top-5 err = 50.400000,	train_time = 0.706514
TRAIN Iter 21: loss = 0.007920,	Top-1 err = 70.650000,	Top-5 err = 45.800000,	train_time = 0.698900
TRAIN Iter 22: loss = 0.007671,	Top-1 err = 72.100000,	Top-5 err = 47.950000,	train_time = 0.703051
TRAIN Iter 23: loss = 0.007763,	Top-1 err = 63.850000,	Top-5 err = 41.050000,	train_time = 0.680202
TRAIN Iter 24: loss = 0.007526,	Top-1 err = 65.300000,	Top-5 err = 41.800000,	train_time = 0.708175
TRAIN Iter 25: loss = 0.007557,	Top-1 err = 59.600000,	Top-5 err = 36.200000,	train_time = 0.683983
TRAIN Iter 26: loss = 0.007497,	Top-1 err = 61.500000,	Top-5 err = 39.700000,	train_time = 0.708697
TRAIN Iter 27: loss = 0.007483,	Top-1 err = 64.600000,	Top-5 err = 45.950000,	train_time = 0.697851
TRAIN Iter 28: loss = 0.006847,	Top-1 err = 66.400000,	Top-5 err = 44.350000,	train_time = 0.693783
TRAIN Iter 29: loss = 0.007117,	Top-1 err = 58.100000,	Top-5 err = 35.350000,	train_time = 0.706697
TRAIN Iter 30: loss = 0.006696,	Top-1 err = 61.000000,	Top-5 err = 37.800000,	train_time = 0.703587
TRAIN Iter 31: loss = 0.007105,	Top-1 err = 57.550000,	Top-5 err = 36.500000,	train_time = 0.716346
TRAIN Iter 32: loss = 0.006721,	Top-1 err = 58.200000,	Top-5 err = 34.800000,	train_time = 0.682921
TRAIN Iter 33: loss = 0.006638,	Top-1 err = 52.700000,	Top-5 err = 30.000000,	train_time = 0.716538
TRAIN Iter 34: loss = 0.006388,	Top-1 err = 56.500000,	Top-5 err = 35.600000,	train_time = 0.717126
TRAIN Iter 35: loss = 0.006435,	Top-1 err = 54.050000,	Top-5 err = 32.550000,	train_time = 0.704409
TRAIN Iter 36: loss = 0.005790,	Top-1 err = 61.350000,	Top-5 err = 40.250000,	train_time = 0.706345
TRAIN Iter 37: loss = 0.006351,	Top-1 err = 50.850000,	Top-5 err = 28.050000,	train_time = 0.716843
TRAIN Iter 38: loss = 0.005974,	Top-1 err = 51.300000,	Top-5 err = 28.050000,	train_time = 0.716950
TRAIN Iter 39: loss = 0.005986,	Top-1 err = 56.950000,	Top-5 err = 36.500000,	train_time = 0.706184
TRAIN Iter 40: loss = 0.006005,	Top-1 err = 64.600000,	Top-5 err = 45.650000,	train_time = 0.721441
TRAIN Iter 41: loss = 0.005962,	Top-1 err = 49.700000,	Top-5 err = 31.050000,	train_time = 0.696886
TRAIN Iter 42: loss = 0.005496,	Top-1 err = 66.600000,	Top-5 err = 43.300000,	train_time = 0.707700
TRAIN Iter 43: loss = 0.005741,	Top-1 err = 53.500000,	Top-5 err = 33.350000,	train_time = 0.707573
TRAIN Iter 44: loss = 0.005398,	Top-1 err = 58.100000,	Top-5 err = 34.750000,	train_time = 0.708321
TRAIN Iter 45: loss = 0.005405,	Top-1 err = 55.400000,	Top-5 err = 33.400000,	train_time = 0.711443
TRAIN Iter 46: loss = 0.005591,	Top-1 err = 47.350000,	Top-5 err = 26.500000,	train_time = 0.718106
TRAIN Iter 47: loss = 0.005668,	Top-1 err = 45.750000,	Top-5 err = 24.850000,	train_time = 0.717776
TRAIN Iter 48: loss = 0.005293,	Top-1 err = 59.800000,	Top-5 err = 36.200000,	train_time = 0.723702
TRAIN Iter 49: loss = 0.005227,	Top-1 err = 55.050000,	Top-5 err = 31.800000,	train_time = 0.703552
TRAIN Iter 50: loss = 0.005272,	Top-1 err = 44.100000,	Top-5 err = 24.400000,	train_time = 0.723871
TRAIN Iter 51: loss = 0.005413,	Top-1 err = 56.750000,	Top-5 err = 36.300000,	train_time = 0.721947
TRAIN Iter 52: loss = 0.005221,	Top-1 err = 50.400000,	Top-5 err = 29.150000,	train_time = 0.719435
TRAIN Iter 53: loss = 0.005232,	Top-1 err = 56.800000,	Top-5 err = 37.350000,	train_time = 0.706771
TRAIN Iter 54: loss = 0.004973,	Top-1 err = 60.550000,	Top-5 err = 39.100000,	train_time = 0.721201
TRAIN Iter 55: loss = 0.005216,	Top-1 err = 36.950000,	Top-5 err = 19.800000,	train_time = 0.722018
TRAIN Iter 56: loss = 0.005170,	Top-1 err = 55.650000,	Top-5 err = 38.150000,	train_time = 0.719986
TRAIN Iter 57: loss = 0.004946,	Top-1 err = 44.550000,	Top-5 err = 24.300000,	train_time = 0.715754
TRAIN Iter 58: loss = 0.005013,	Top-1 err = 42.100000,	Top-5 err = 22.600000,	train_time = 0.709445
TRAIN Iter 59: loss = 0.005071,	Top-1 err = 44.400000,	Top-5 err = 27.800000,	train_time = 0.713732
TRAIN Iter 60: loss = 0.004772,	Top-1 err = 49.200000,	Top-5 err = 28.450000,	train_time = 0.712967
TRAIN Iter 61: loss = 0.004818,	Top-1 err = 47.650000,	Top-5 err = 29.200000,	train_time = 0.739847
TRAIN Iter 62: loss = 0.004807,	Top-1 err = 44.000000,	Top-5 err = 23.550000,	train_time = 0.778920
TRAIN Iter 63: loss = 0.004834,	Top-1 err = 35.900000,	Top-5 err = 18.150000,	train_time = 0.701438
TRAIN Iter 64: loss = 0.004736,	Top-1 err = 52.100000,	Top-5 err = 32.750000,	train_time = 0.714508
TRAIN Iter 65: loss = 0.004815,	Top-1 err = 51.350000,	Top-5 err = 31.550000,	train_time = 0.725508
TRAIN Iter 66: loss = 0.004645,	Top-1 err = 48.950000,	Top-5 err = 29.900000,	train_time = 0.730560
TRAIN Iter 67: loss = 0.004856,	Top-1 err = 45.250000,	Top-5 err = 27.650000,	train_time = 0.725868
TRAIN Iter 68: loss = 0.004591,	Top-1 err = 49.800000,	Top-5 err = 31.200000,	train_time = 0.721045
TRAIN Iter 69: loss = 0.004542,	Top-1 err = 41.900000,	Top-5 err = 24.550000,	train_time = 0.730322
TRAIN Iter 70: loss = 0.004418,	Top-1 err = 40.700000,	Top-5 err = 22.400000,	train_time = 0.690077
TRAIN Iter 71: loss = 0.004566,	Top-1 err = 51.000000,	Top-5 err = 33.300000,	train_time = 0.724356
TRAIN Iter 72: loss = 0.004481,	Top-1 err = 44.850000,	Top-5 err = 26.950000,	train_time = 0.675061
TRAIN Iter 73: loss = 0.004422,	Top-1 err = 48.650000,	Top-5 err = 32.550000,	train_time = 0.730117
TRAIN Iter 74: loss = 0.004332,	Top-1 err = 42.250000,	Top-5 err = 24.150000,	train_time = 0.708297
TRAIN Iter 75: loss = 0.004634,	Top-1 err = 52.250000,	Top-5 err = 32.350000,	train_time = 0.719985
TRAIN Iter 76: loss = 0.004359,	Top-1 err = 46.700000,	Top-5 err = 24.550000,	train_time = 0.715643
TRAIN Iter 77: loss = 0.004474,	Top-1 err = 33.750000,	Top-5 err = 19.450000,	train_time = 0.720931
TRAIN Iter 78: loss = 0.004305,	Top-1 err = 37.000000,	Top-5 err = 19.350000,	train_time = 0.724035
TRAIN Iter 79: loss = 0.004471,	Top-1 err = 41.250000,	Top-5 err = 24.050000,	train_time = 0.718714
TRAIN Iter 80: loss = 0.004266,	Top-1 err = 53.500000,	Top-5 err = 35.350000,	train_time = 0.698325
TRAIN Iter 81: loss = 0.004223,	Top-1 err = 45.950000,	Top-5 err = 28.800000,	train_time = 0.734610
TRAIN Iter 82: loss = 0.004177,	Top-1 err = 35.350000,	Top-5 err = 18.100000,	train_time = 0.729095
TRAIN Iter 83: loss = 0.004394,	Top-1 err = 36.850000,	Top-5 err = 19.950000,	train_time = 0.730548
TRAIN Iter 84: loss = 0.004442,	Top-1 err = 42.900000,	Top-5 err = 26.450000,	train_time = 0.732415
TRAIN Iter 85: loss = 0.004136,	Top-1 err = 42.300000,	Top-5 err = 24.100000,	train_time = 0.742671
TRAIN Iter 86: loss = 0.004120,	Top-1 err = 46.650000,	Top-5 err = 27.350000,	train_time = 0.707097
TRAIN Iter 87: loss = 0.004300,	Top-1 err = 48.150000,	Top-5 err = 32.950000,	train_time = 0.734895
TRAIN Iter 88: loss = 0.004124,	Top-1 err = 37.700000,	Top-5 err = 21.900000,	train_time = 0.729154
TRAIN Iter 89: loss = 0.004104,	Top-1 err = 45.050000,	Top-5 err = 25.350000,	train_time = 0.695059
TRAIN Iter 90: loss = 0.004274,	Top-1 err = 51.900000,	Top-5 err = 35.700000,	train_time = 0.729931
TRAIN Iter 91: loss = 0.004098,	Top-1 err = 39.400000,	Top-5 err = 20.000000,	train_time = 0.718850
TRAIN Iter 92: loss = 0.004029,	Top-1 err = 46.200000,	Top-5 err = 28.800000,	train_time = 0.729021
TRAIN Iter 93: loss = 0.004052,	Top-1 err = 46.500000,	Top-5 err = 29.650000,	train_time = 0.718338
TRAIN Iter 94: loss = 0.003948,	Top-1 err = 42.650000,	Top-5 err = 26.250000,	train_time = 0.713612
TRAIN Iter 95: loss = 0.003854,	Top-1 err = 40.400000,	Top-5 err = 24.000000,	train_time = 0.696661
TRAIN Iter 96: loss = 0.003977,	Top-1 err = 35.400000,	Top-5 err = 18.250000,	train_time = 0.718856
TRAIN Iter 97: loss = 0.003937,	Top-1 err = 46.500000,	Top-5 err = 27.600000,	train_time = 0.728850
TRAIN Iter 98: loss = 0.003969,	Top-1 err = 36.200000,	Top-5 err = 19.900000,	train_time = 0.736258
TRAIN Iter 99: loss = 0.003927,	Top-1 err = 47.350000,	Top-5 err = 29.900000,	train_time = 0.720372
TRAIN Iter 100: loss = 0.003985,	Top-1 err = 55.950000,	Top-5 err = 39.500000,	train_time = 0.719650
TRAIN Iter 101: loss = 0.003852,	Top-1 err = 34.800000,	Top-5 err = 17.250000,	train_time = 0.727509
TRAIN Iter 102: loss = 0.003977,	Top-1 err = 46.050000,	Top-5 err = 26.100000,	train_time = 0.731366
TRAIN Iter 103: loss = 0.003790,	Top-1 err = 34.150000,	Top-5 err = 18.450000,	train_time = 0.727060
TRAIN Iter 104: loss = 0.003847,	Top-1 err = 56.000000,	Top-5 err = 39.750000,	train_time = 0.740778
TRAIN Iter 105: loss = 0.003889,	Top-1 err = 52.600000,	Top-5 err = 34.700000,	train_time = 0.717422
TRAIN Iter 106: loss = 0.003906,	Top-1 err = 53.300000,	Top-5 err = 35.050000,	train_time = 0.728888
TRAIN Iter 107: loss = 0.003897,	Top-1 err = 40.050000,	Top-5 err = 27.450000,	train_time = 0.728282
TRAIN Iter 108: loss = 0.003734,	Top-1 err = 43.700000,	Top-5 err = 25.800000,	train_time = 0.724577
TRAIN Iter 109: loss = 0.003785,	Top-1 err = 38.500000,	Top-5 err = 22.350000,	train_time = 0.722365
TRAIN Iter 110: loss = 0.003772,	Top-1 err = 33.200000,	Top-5 err = 19.250000,	train_time = 0.714216
TRAIN Iter 111: loss = 0.003658,	Top-1 err = 32.400000,	Top-5 err = 18.500000,	train_time = 0.728549
TRAIN Iter 112: loss = 0.003811,	Top-1 err = 41.500000,	Top-5 err = 24.750000,	train_time = 0.721771
TRAIN Iter 113: loss = 0.003667,	Top-1 err = 47.800000,	Top-5 err = 29.050000,	train_time = 0.722976
TRAIN Iter 114: loss = 0.003678,	Top-1 err = 41.000000,	Top-5 err = 24.600000,	train_time = 0.723355
TRAIN Iter 115: loss = 0.003729,	Top-1 err = 37.000000,	Top-5 err = 21.250000,	train_time = 0.718849
TRAIN Iter 116: loss = 0.003614,	Top-1 err = 47.250000,	Top-5 err = 25.550000,	train_time = 0.724743
TRAIN Iter 117: loss = 0.003757,	Top-1 err = 37.400000,	Top-5 err = 22.200000,	train_time = 0.732267
TRAIN Iter 118: loss = 0.003587,	Top-1 err = 42.850000,	Top-5 err = 22.250000,	train_time = 0.717648
TRAIN Iter 119: loss = 0.003506,	Top-1 err = 27.700000,	Top-5 err = 11.450000,	train_time = 0.724989
TRAIN Iter 120: loss = 0.003626,	Top-1 err = 47.150000,	Top-5 err = 31.400000,	train_time = 0.727551
TRAIN Iter 121: loss = 0.003727,	Top-1 err = 40.200000,	Top-5 err = 23.600000,	train_time = 0.720178
TRAIN Iter 122: loss = 0.003647,	Top-1 err = 44.000000,	Top-5 err = 23.400000,	train_time = 0.737775
TRAIN Iter 123: loss = 0.003533,	Top-1 err = 30.600000,	Top-5 err = 16.300000,	train_time = 0.713672
TRAIN Iter 124: loss = 0.003476,	Top-1 err = 45.100000,	Top-5 err = 26.450000,	train_time = 0.714133
TRAIN Iter 125: loss = 0.003517,	Top-1 err = 43.000000,	Top-5 err = 25.500000,	train_time = 0.722517
TRAIN Iter 126: loss = 0.003459,	Top-1 err = 39.900000,	Top-5 err = 22.900000,	train_time = 0.736455
TRAIN Iter 127: loss = 0.003409,	Top-1 err = 40.500000,	Top-5 err = 24.150000,	train_time = 0.736681
TRAIN Iter 128: loss = 0.003475,	Top-1 err = 40.650000,	Top-5 err = 24.450000,	train_time = 0.722544
TRAIN Iter 129: loss = 0.003476,	Top-1 err = 37.850000,	Top-5 err = 22.450000,	train_time = 0.714539
TRAIN Iter 130: loss = 0.003494,	Top-1 err = 50.350000,	Top-5 err = 32.700000,	train_time = 0.718792
TRAIN Iter 131: loss = 0.003594,	Top-1 err = 36.200000,	Top-5 err = 22.100000,	train_time = 0.734081
TRAIN Iter 132: loss = 0.003533,	Top-1 err = 35.450000,	Top-5 err = 17.600000,	train_time = 0.730173
TRAIN Iter 133: loss = 0.003503,	Top-1 err = 30.150000,	Top-5 err = 13.600000,	train_time = 0.733444
TRAIN Iter 134: loss = 0.003406,	Top-1 err = 40.900000,	Top-5 err = 23.050000,	train_time = 0.735110
TRAIN Iter 135: loss = 0.003517,	Top-1 err = 35.800000,	Top-5 err = 18.500000,	train_time = 0.733581
TRAIN Iter 136: loss = 0.003410,	Top-1 err = 44.100000,	Top-5 err = 24.500000,	train_time = 0.727657
TRAIN Iter 137: loss = 0.003451,	Top-1 err = 50.200000,	Top-5 err = 34.350000,	train_time = 0.734771
TRAIN Iter 138: loss = 0.003402,	Top-1 err = 40.750000,	Top-5 err = 23.600000,	train_time = 0.719475
TRAIN Iter 139: loss = 0.003402,	Top-1 err = 36.050000,	Top-5 err = 17.500000,	train_time = 0.711729
TRAIN Iter 140: loss = 0.003402,	Top-1 err = 29.150000,	Top-5 err = 14.650000,	train_time = 0.728633
TRAIN Iter 141: loss = 0.003337,	Top-1 err = 41.600000,	Top-5 err = 26.700000,	train_time = 0.698806
TRAIN Iter 142: loss = 0.003378,	Top-1 err = 41.950000,	Top-5 err = 24.800000,	train_time = 0.740166
TRAIN Iter 143: loss = 0.003433,	Top-1 err = 44.250000,	Top-5 err = 27.300000,	train_time = 0.677696
TRAIN Iter 144: loss = 0.003202,	Top-1 err = 30.700000,	Top-5 err = 18.950000,	train_time = 0.738590
TRAIN Iter 145: loss = 0.003183,	Top-1 err = 24.900000,	Top-5 err = 11.350000,	train_time = 0.712995
TRAIN Iter 146: loss = 0.003386,	Top-1 err = 31.850000,	Top-5 err = 17.400000,	train_time = 0.737988
TRAIN Iter 147: loss = 0.003339,	Top-1 err = 35.800000,	Top-5 err = 17.150000,	train_time = 0.740185
TRAIN Iter 148: loss = 0.003292,	Top-1 err = 31.250000,	Top-5 err = 16.050000,	train_time = 0.719172
TRAIN Iter 149: loss = 0.003198,	Top-1 err = 27.000000,	Top-5 err = 14.500000,	train_time = 0.734168
TRAIN Iter 150: loss = 0.003284,	Top-1 err = 37.850000,	Top-5 err = 20.300000,	train_time = 0.725937
TRAIN Iter 151: loss = 0.003258,	Top-1 err = 36.300000,	Top-5 err = 18.450000,	train_time = 0.704385
TRAIN Iter 152: loss = 0.003341,	Top-1 err = 44.450000,	Top-5 err = 28.700000,	train_time = 0.740340
TRAIN Iter 153: loss = 0.003295,	Top-1 err = 46.100000,	Top-5 err = 27.700000,	train_time = 0.737832
TRAIN Iter 154: loss = 0.003310,	Top-1 err = 47.550000,	Top-5 err = 29.100000,	train_time = 0.734928
TRAIN Iter 155: loss = 0.003315,	Top-1 err = 40.800000,	Top-5 err = 27.600000,	train_time = 0.734812
TRAIN Iter 156: loss = 0.003259,	Top-1 err = 30.750000,	Top-5 err = 16.350000,	train_time = 0.740151
TRAIN Iter 157: loss = 0.003109,	Top-1 err = 29.000000,	Top-5 err = 13.300000,	train_time = 0.731885
TRAIN Iter 158: loss = 0.003049,	Top-1 err = 36.450000,	Top-5 err = 20.100000,	train_time = 0.727974
TRAIN Iter 159: loss = 0.003072,	Top-1 err = 36.050000,	Top-5 err = 19.400000,	train_time = 0.734116
TRAIN Iter 160: loss = 0.003160,	Top-1 err = 28.500000,	Top-5 err = 14.450000,	train_time = 0.737396
TRAIN Iter 161: loss = 0.003272,	Top-1 err = 47.350000,	Top-5 err = 27.700000,	train_time = 0.724971
TRAIN Iter 162: loss = 0.003157,	Top-1 err = 32.900000,	Top-5 err = 19.150000,	train_time = 0.733341
TRAIN Iter 163: loss = 0.003198,	Top-1 err = 37.600000,	Top-5 err = 23.400000,	train_time = 0.730863
TRAIN Iter 164: loss = 0.003233,	Top-1 err = 25.100000,	Top-5 err = 9.700000,	train_time = 0.734154
TRAIN Iter 165: loss = 0.003233,	Top-1 err = 29.300000,	Top-5 err = 16.550000,	train_time = 0.733111
TRAIN Iter 166: loss = 0.003340,	Top-1 err = 48.400000,	Top-5 err = 30.300000,	train_time = 0.735944
TRAIN Iter 167: loss = 0.003218,	Top-1 err = 37.650000,	Top-5 err = 20.550000,	train_time = 0.743226
TRAIN Iter 168: loss = 0.003246,	Top-1 err = 46.350000,	Top-5 err = 32.250000,	train_time = 0.735163
TRAIN Iter 169: loss = 0.003228,	Top-1 err = 51.650000,	Top-5 err = 33.700000,	train_time = 0.728234
TRAIN Iter 170: loss = 0.003140,	Top-1 err = 41.300000,	Top-5 err = 25.800000,	train_time = 0.732992
TRAIN Iter 171: loss = 0.003041,	Top-1 err = 47.300000,	Top-5 err = 30.000000,	train_time = 0.721451
TRAIN Iter 172: loss = 0.003152,	Top-1 err = 44.650000,	Top-5 err = 29.400000,	train_time = 0.733113
TRAIN Iter 173: loss = 0.003137,	Top-1 err = 42.450000,	Top-5 err = 26.600000,	train_time = 0.730548
TRAIN Iter 174: loss = 0.003116,	Top-1 err = 54.900000,	Top-5 err = 33.600000,	train_time = 0.733334
TRAIN Iter 175: loss = 0.003114,	Top-1 err = 41.400000,	Top-5 err = 25.100000,	train_time = 0.733000
TRAIN Iter 176: loss = 0.003118,	Top-1 err = 33.250000,	Top-5 err = 18.000000,	train_time = 0.733656
TRAIN Iter 177: loss = 0.003057,	Top-1 err = 31.300000,	Top-5 err = 14.500000,	train_time = 0.742155
TRAIN Iter 178: loss = 0.003055,	Top-1 err = 41.650000,	Top-5 err = 26.100000,	train_time = 0.737077
TRAIN Iter 179: loss = 0.003051,	Top-1 err = 39.950000,	Top-5 err = 23.050000,	train_time = 0.735714
TRAIN Iter 180: loss = 0.003084,	Top-1 err = 40.500000,	Top-5 err = 22.300000,	train_time = 0.726721
TRAIN Iter 181: loss = 0.003022,	Top-1 err = 29.450000,	Top-5 err = 16.050000,	train_time = 0.737844
TRAIN Iter 182: loss = 0.003172,	Top-1 err = 30.000000,	Top-5 err = 20.400000,	train_time = 0.731831
TRAIN Iter 183: loss = 0.003083,	Top-1 err = 26.350000,	Top-5 err = 13.950000,	train_time = 0.728004
TRAIN Iter 184: loss = 0.003086,	Top-1 err = 40.800000,	Top-5 err = 23.450000,	train_time = 0.727058
TRAIN Iter 185: loss = 0.003019,	Top-1 err = 28.050000,	Top-5 err = 14.350000,	train_time = 0.725698
TRAIN Iter 186: loss = 0.003073,	Top-1 err = 48.000000,	Top-5 err = 27.150000,	train_time = 0.730351
TRAIN Iter 187: loss = 0.002966,	Top-1 err = 30.500000,	Top-5 err = 16.950000,	train_time = 0.734253
TRAIN Iter 188: loss = 0.003014,	Top-1 err = 33.750000,	Top-5 err = 18.100000,	train_time = 0.742781
TRAIN Iter 189: loss = 0.002962,	Top-1 err = 41.650000,	Top-5 err = 24.150000,	train_time = 0.739771
TRAIN Iter 190: loss = 0.003012,	Top-1 err = 39.150000,	Top-5 err = 24.150000,	train_time = 0.723517
TRAIN Iter 191: loss = 0.003092,	Top-1 err = 42.450000,	Top-5 err = 27.400000,	train_time = 0.730533
TRAIN Iter 192: loss = 0.003081,	Top-1 err = 45.150000,	Top-5 err = 28.200000,	train_time = 0.732400
TRAIN Iter 193: loss = 0.003052,	Top-1 err = 44.000000,	Top-5 err = 29.450000,	train_time = 0.738621
TRAIN Iter 194: loss = 0.003030,	Top-1 err = 40.600000,	Top-5 err = 21.500000,	train_time = 0.741712
TRAIN Iter 195: loss = 0.003035,	Top-1 err = 47.250000,	Top-5 err = 29.700000,	train_time = 0.735946
TRAIN Iter 196: loss = 0.002986,	Top-1 err = 29.550000,	Top-5 err = 13.900000,	train_time = 0.738724
TRAIN Iter 197: loss = 0.003077,	Top-1 err = 40.000000,	Top-5 err = 24.900000,	train_time = 0.726669
TRAIN Iter 198: loss = 0.002961,	Top-1 err = 36.750000,	Top-5 err = 18.950000,	train_time = 0.734342
TRAIN Iter 199: loss = 0.003003,	Top-1 err = 29.550000,	Top-5 err = 17.950000,	train_time = 0.730097
TRAIN Iter 200: loss = 0.002902,	Top-1 err = 24.600000,	Top-5 err = 9.700000,	train_time = 0.727064
TRAIN Iter 201: loss = 0.002922,	Top-1 err = 29.600000,	Top-5 err = 14.150000,	train_time = 0.744063
TRAIN Iter 202: loss = 0.002949,	Top-1 err = 40.750000,	Top-5 err = 23.800000,	train_time = 0.700830
TRAIN Iter 203: loss = 0.003133,	Top-1 err = 48.050000,	Top-5 err = 33.100000,	train_time = 0.745824
TRAIN Iter 204: loss = 0.003072,	Top-1 err = 38.300000,	Top-5 err = 20.750000,	train_time = 0.741268
TRAIN Iter 205: loss = 0.003049,	Top-1 err = 45.450000,	Top-5 err = 26.100000,	train_time = 0.736371
TRAIN Iter 206: loss = 0.002980,	Top-1 err = 44.400000,	Top-5 err = 28.050000,	train_time = 0.728550
TRAIN Iter 207: loss = 0.003030,	Top-1 err = 46.950000,	Top-5 err = 28.550000,	train_time = 0.721789
TRAIN Iter 208: loss = 0.003016,	Top-1 err = 42.200000,	Top-5 err = 24.950000,	train_time = 0.725126
TRAIN Iter 209: loss = 0.003050,	Top-1 err = 30.000000,	Top-5 err = 17.650000,	train_time = 0.737215
TRAIN Iter 210: loss = 0.002926,	Top-1 err = 27.650000,	Top-5 err = 15.500000,	train_time = 0.733256
TRAIN Iter 211: loss = 0.002826,	Top-1 err = 21.200000,	Top-5 err = 11.300000,	train_time = 0.734344
TRAIN Iter 212: loss = 0.002848,	Top-1 err = 39.400000,	Top-5 err = 25.550000,	train_time = 0.739347
TRAIN Iter 213: loss = 0.002803,	Top-1 err = 35.750000,	Top-5 err = 21.650000,	train_time = 0.734287
TRAIN Iter 214: loss = 0.002893,	Top-1 err = 27.050000,	Top-5 err = 11.650000,	train_time = 0.733065
TRAIN Iter 215: loss = 0.002964,	Top-1 err = 42.050000,	Top-5 err = 25.400000,	train_time = 0.721429
TRAIN Iter 216: loss = 0.002925,	Top-1 err = 43.900000,	Top-5 err = 27.150000,	train_time = 0.730491
TRAIN Iter 217: loss = 0.002953,	Top-1 err = 46.300000,	Top-5 err = 29.450000,	train_time = 0.745582
TRAIN Iter 218: loss = 0.002896,	Top-1 err = 31.150000,	Top-5 err = 18.500000,	train_time = 0.734519
TRAIN Iter 219: loss = 0.002943,	Top-1 err = 40.450000,	Top-5 err = 24.300000,	train_time = 0.727334
TRAIN Iter 220: loss = 0.002970,	Top-1 err = 38.000000,	Top-5 err = 21.900000,	train_time = 0.746839
TRAIN Iter 221: loss = 0.002848,	Top-1 err = 44.100000,	Top-5 err = 25.400000,	train_time = 0.735404
TRAIN Iter 222: loss = 0.002894,	Top-1 err = 36.650000,	Top-5 err = 21.850000,	train_time = 0.731962
TRAIN Iter 223: loss = 0.002956,	Top-1 err = 39.450000,	Top-5 err = 24.150000,	train_time = 0.743277
TRAIN Iter 224: loss = 0.002785,	Top-1 err = 20.800000,	Top-5 err = 8.950000,	train_time = 0.724173
TRAIN Iter 225: loss = 0.002874,	Top-1 err = 39.950000,	Top-5 err = 24.100000,	train_time = 0.729543
TRAIN Iter 226: loss = 0.002904,	Top-1 err = 35.050000,	Top-5 err = 22.100000,	train_time = 0.747434
TRAIN Iter 227: loss = 0.002864,	Top-1 err = 49.550000,	Top-5 err = 31.750000,	train_time = 0.739894
TRAIN Iter 228: loss = 0.002848,	Top-1 err = 37.450000,	Top-5 err = 21.450000,	train_time = 0.744317
TRAIN Iter 229: loss = 0.002868,	Top-1 err = 51.900000,	Top-5 err = 32.600000,	train_time = 0.735075
TRAIN Iter 230: loss = 0.002802,	Top-1 err = 45.300000,	Top-5 err = 27.650000,	train_time = 0.744962
TRAIN Iter 231: loss = 0.002801,	Top-1 err = 30.350000,	Top-5 err = 14.200000,	train_time = 0.712401
TRAIN Iter 232: loss = 0.002800,	Top-1 err = 40.200000,	Top-5 err = 25.050000,	train_time = 0.721678
TRAIN Iter 233: loss = 0.002847,	Top-1 err = 38.650000,	Top-5 err = 23.000000,	train_time = 0.740295
TRAIN Iter 234: loss = 0.002945,	Top-1 err = 43.050000,	Top-5 err = 25.700000,	train_time = 0.730126
TRAIN Iter 235: loss = 0.002812,	Top-1 err = 41.300000,	Top-5 err = 25.300000,	train_time = 0.736622
TRAIN Iter 236: loss = 0.002778,	Top-1 err = 42.600000,	Top-5 err = 25.400000,	train_time = 0.743618
TRAIN Iter 237: loss = 0.002886,	Top-1 err = 31.850000,	Top-5 err = 16.600000,	train_time = 0.734686
TRAIN Iter 238: loss = 0.002713,	Top-1 err = 37.600000,	Top-5 err = 23.550000,	train_time = 0.735014
TRAIN Iter 239: loss = 0.002835,	Top-1 err = 47.700000,	Top-5 err = 30.350000,	train_time = 0.728341
TRAIN Iter 240: loss = 0.002737,	Top-1 err = 36.850000,	Top-5 err = 21.350000,	train_time = 0.734827
TRAIN Iter 241: loss = 0.002669,	Top-1 err = 32.650000,	Top-5 err = 16.050000,	train_time = 0.736534
TRAIN Iter 242: loss = 0.002757,	Top-1 err = 23.400000,	Top-5 err = 11.150000,	train_time = 0.739749
TRAIN Iter 243: loss = 0.002751,	Top-1 err = 34.100000,	Top-5 err = 21.950000,	train_time = 0.720017
TRAIN Iter 244: loss = 0.002707,	Top-1 err = 27.300000,	Top-5 err = 13.050000,	train_time = 0.729616
TRAIN Iter 245: loss = 0.002821,	Top-1 err = 51.900000,	Top-5 err = 33.650000,	train_time = 0.732499
TRAIN Iter 246: loss = 0.002831,	Top-1 err = 39.650000,	Top-5 err = 24.650000,	train_time = 0.737539
TRAIN Iter 247: loss = 0.002704,	Top-1 err = 34.850000,	Top-5 err = 21.200000,	train_time = 0.734629
TRAIN Iter 248: loss = 0.002802,	Top-1 err = 37.950000,	Top-5 err = 20.600000,	train_time = 0.727003
TRAIN Iter 249: loss = 0.002739,	Top-1 err = 19.700000,	Top-5 err = 10.200000,	train_time = 0.740216
TEST:
Iter 249: loss = 2.660867,	Top-1 err = 61.250000,	Top-5 err = 34.600000,	val_time = 0.924940
TRAIN Iter 250: loss = 0.002857,	Top-1 err = 36.050000,	Top-5 err = 18.450000,	train_time = 0.740483
TRAIN Iter 251: loss = 0.002737,	Top-1 err = 37.900000,	Top-5 err = 20.000000,	train_time = 0.736503
TRAIN Iter 252: loss = 0.002767,	Top-1 err = 40.750000,	Top-5 err = 25.100000,	train_time = 0.734756
TRAIN Iter 253: loss = 0.002761,	Top-1 err = 35.550000,	Top-5 err = 17.800000,	train_time = 0.742470
TRAIN Iter 254: loss = 0.002710,	Top-1 err = 45.450000,	Top-5 err = 26.450000,	train_time = 0.699922
TRAIN Iter 255: loss = 0.002724,	Top-1 err = 38.500000,	Top-5 err = 22.900000,	train_time = 0.741442
TRAIN Iter 256: loss = 0.002788,	Top-1 err = 47.750000,	Top-5 err = 27.850000,	train_time = 0.738420
TRAIN Iter 257: loss = 0.002672,	Top-1 err = 33.300000,	Top-5 err = 17.750000,	train_time = 0.740314
TRAIN Iter 258: loss = 0.002679,	Top-1 err = 23.650000,	Top-5 err = 9.600000,	train_time = 0.731459
TRAIN Iter 259: loss = 0.002787,	Top-1 err = 47.900000,	Top-5 err = 32.050000,	train_time = 0.732544
TEST:
Iter 259: loss = 2.683164,	Top-1 err = 61.390000,	Top-5 err = 34.580000,	val_time = 0.971258
TRAIN Iter 260: loss = 0.002742,	Top-1 err = 36.100000,	Top-5 err = 20.950000,	train_time = 0.744710
TRAIN Iter 261: loss = 0.002723,	Top-1 err = 43.300000,	Top-5 err = 27.300000,	train_time = 0.740736
TRAIN Iter 262: loss = 0.002695,	Top-1 err = 37.700000,	Top-5 err = 22.250000,	train_time = 0.737168
TRAIN Iter 263: loss = 0.002663,	Top-1 err = 36.500000,	Top-5 err = 21.700000,	train_time = 0.727141
TRAIN Iter 264: loss = 0.002709,	Top-1 err = 40.800000,	Top-5 err = 21.150000,	train_time = 0.731627
TRAIN Iter 265: loss = 0.002780,	Top-1 err = 40.800000,	Top-5 err = 24.750000,	train_time = 0.739281
TRAIN Iter 266: loss = 0.002683,	Top-1 err = 40.400000,	Top-5 err = 25.400000,	train_time = 0.744973
TRAIN Iter 267: loss = 0.002739,	Top-1 err = 45.350000,	Top-5 err = 29.200000,	train_time = 0.736401
TRAIN Iter 268: loss = 0.002842,	Top-1 err = 31.350000,	Top-5 err = 17.350000,	train_time = 0.728173
TRAIN Iter 269: loss = 0.002697,	Top-1 err = 42.500000,	Top-5 err = 25.400000,	train_time = 0.743944
TEST:
Iter 269: loss = 2.637323,	Top-1 err = 61.120000,	Top-5 err = 33.480000,	val_time = 0.902403
TRAIN Iter 270: loss = 0.002740,	Top-1 err = 35.400000,	Top-5 err = 21.050000,	train_time = 0.739201
TRAIN Iter 271: loss = 0.002670,	Top-1 err = 37.900000,	Top-5 err = 21.200000,	train_time = 0.741595
TRAIN Iter 272: loss = 0.002592,	Top-1 err = 30.500000,	Top-5 err = 16.450000,	train_time = 0.743998
TRAIN Iter 273: loss = 0.002660,	Top-1 err = 37.250000,	Top-5 err = 21.850000,	train_time = 0.737240
TRAIN Iter 274: loss = 0.002807,	Top-1 err = 49.900000,	Top-5 err = 31.550000,	train_time = 0.736514
TRAIN Iter 275: loss = 0.002556,	Top-1 err = 29.850000,	Top-5 err = 17.250000,	train_time = 0.746561
TRAIN Iter 276: loss = 0.002646,	Top-1 err = 27.550000,	Top-5 err = 13.150000,	train_time = 0.740759
TRAIN Iter 277: loss = 0.002693,	Top-1 err = 40.400000,	Top-5 err = 24.600000,	train_time = 0.730993
TRAIN Iter 278: loss = 0.002582,	Top-1 err = 27.000000,	Top-5 err = 12.500000,	train_time = 0.733573
TRAIN Iter 279: loss = 0.002612,	Top-1 err = 35.100000,	Top-5 err = 21.250000,	train_time = 0.728370
TEST:
Iter 279: loss = 2.684789,	Top-1 err = 61.680000,	Top-5 err = 34.490000,	val_time = 0.917888
TRAIN Iter 280: loss = 0.002585,	Top-1 err = 39.850000,	Top-5 err = 26.650000,	train_time = 0.742270
TRAIN Iter 281: loss = 0.002733,	Top-1 err = 53.350000,	Top-5 err = 34.350000,	train_time = 0.738147
TRAIN Iter 282: loss = 0.002684,	Top-1 err = 33.100000,	Top-5 err = 20.850000,	train_time = 0.734702
TRAIN Iter 283: loss = 0.002578,	Top-1 err = 37.350000,	Top-5 err = 19.900000,	train_time = 0.739593
TRAIN Iter 284: loss = 0.002483,	Top-1 err = 21.200000,	Top-5 err = 10.950000,	train_time = 0.744315
TRAIN Iter 285: loss = 0.002578,	Top-1 err = 35.800000,	Top-5 err = 21.950000,	train_time = 0.729893
TRAIN Iter 286: loss = 0.002533,	Top-1 err = 31.500000,	Top-5 err = 16.050000,	train_time = 0.735613
TRAIN Iter 287: loss = 0.002508,	Top-1 err = 23.200000,	Top-5 err = 11.650000,	train_time = 0.732770
TRAIN Iter 288: loss = 0.002439,	Top-1 err = 20.850000,	Top-5 err = 9.900000,	train_time = 0.730669
TRAIN Iter 289: loss = 0.002654,	Top-1 err = 44.000000,	Top-5 err = 26.450000,	train_time = 0.730077
TEST:
Iter 289: loss = 2.637037,	Top-1 err = 60.900000,	Top-5 err = 33.740000,	val_time = 0.960627
TRAIN Iter 290: loss = 0.002548,	Top-1 err = 27.950000,	Top-5 err = 15.050000,	train_time = 0.746850
TRAIN Iter 291: loss = 0.002471,	Top-1 err = 22.950000,	Top-5 err = 11.050000,	train_time = 0.745058
TRAIN Iter 292: loss = 0.002612,	Top-1 err = 34.250000,	Top-5 err = 20.100000,	train_time = 0.745198
TRAIN Iter 293: loss = 0.002453,	Top-1 err = 19.850000,	Top-5 err = 8.350000,	train_time = 0.736618
TRAIN Iter 294: loss = 0.002521,	Top-1 err = 37.300000,	Top-5 err = 20.350000,	train_time = 0.744364
TRAIN Iter 295: loss = 0.002674,	Top-1 err = 39.650000,	Top-5 err = 23.050000,	train_time = 0.736537
TRAIN Iter 296: loss = 0.002578,	Top-1 err = 24.750000,	Top-5 err = 13.050000,	train_time = 0.725069
TRAIN Iter 297: loss = 0.002570,	Top-1 err = 28.500000,	Top-5 err = 15.050000,	train_time = 0.729024
TRAIN Iter 298: loss = 0.002625,	Top-1 err = 38.650000,	Top-5 err = 23.850000,	train_time = 0.734947
TRAIN Iter 299: loss = 0.002457,	Top-1 err = 25.900000,	Top-5 err = 12.250000,	train_time = 0.729019
TEST:
Iter 299: loss = 2.601506,	Top-1 err = 60.150000,	Top-5 err = 33.160000,	val_time = 0.964820
Train Finish! Best accuracy is 39.85@299
