/home/dvspanos/miniconda3/envs/rded/lib/python3.10/site-packages/torchvision/models/_utils.py:208: UserWarning: The parameter 'pretrained' is deprecated since 0.13 and may be removed in the future, please use 'weights' instead.
  warnings.warn(
/home/dvspanos/miniconda3/envs/rded/lib/python3.10/site-packages/torchvision/models/_utils.py:223: UserWarning: Arguments other than a weight enum or `None` for 'weights' are deprecated since 0.13 and may be removed in the future. The current behavior is equivalent to passing `weights=None`.
  warnings.warn(msg)
=> using pytorch pre-trained teacher model 'resnet18_modified'
process data from /home/dvspanos/nikos/ca2d/artifacts/rded_sets/bench_tin_rn18_el2nw20_ipc100
load data successfully
TRAIN Iter 0: loss = 0.010027,	Top-1 err = 98.625000,	Top-5 err = 94.145000,	train_time = 28.467685
TRAIN Iter 1: loss = 0.008752,	Top-1 err = 97.655000,	Top-5 err = 90.920000,	train_time = 27.131279
TRAIN Iter 2: loss = 0.008212,	Top-1 err = 96.820000,	Top-5 err = 87.970000,	train_time = 29.065821
TRAIN Iter 3: loss = 0.007794,	Top-1 err = 96.240000,	Top-5 err = 85.120000,	train_time = 31.421599
TRAIN Iter 4: loss = 0.007222,	Top-1 err = 95.670000,	Top-5 err = 84.185000,	train_time = 30.237942
TRAIN Iter 5: loss = 0.007102,	Top-1 err = 94.865000,	Top-5 err = 81.760000,	train_time = 32.787602
TRAIN Iter 6: loss = 0.006793,	Top-1 err = 94.035000,	Top-5 err = 79.545000,	train_time = 30.736904
TRAIN Iter 7: loss = 0.006528,	Top-1 err = 93.045000,	Top-5 err = 77.475000,	train_time = 31.296268
TRAIN Iter 8: loss = 0.006293,	Top-1 err = 91.980000,	Top-5 err = 75.345000,	train_time = 31.218485
TRAIN Iter 9: loss = 0.006024,	Top-1 err = 91.415000,	Top-5 err = 73.755000,	train_time = 31.904884
TRAIN Iter 10: loss = 0.005812,	Top-1 err = 91.145000,	Top-5 err = 74.070000,	train_time = 32.067039
TRAIN Iter 11: loss = 0.005653,	Top-1 err = 88.840000,	Top-5 err = 69.445000,	train_time = 33.500636
TRAIN Iter 12: loss = 0.005397,	Top-1 err = 88.825000,	Top-5 err = 69.400000,	train_time = 31.659921
TRAIN Iter 13: loss = 0.005197,	Top-1 err = 87.670000,	Top-5 err = 67.835000,	train_time = 32.241430
TRAIN Iter 14: loss = 0.005148,	Top-1 err = 86.145000,	Top-5 err = 63.885000,	train_time = 30.836421
TRAIN Iter 15: loss = 0.004966,	Top-1 err = 85.815000,	Top-5 err = 64.665000,	train_time = 31.537844
TRAIN Iter 16: loss = 0.004860,	Top-1 err = 85.670000,	Top-5 err = 64.335000,	train_time = 32.695905
TRAIN Iter 17: loss = 0.004657,	Top-1 err = 86.070000,	Top-5 err = 65.050000,	train_time = 31.204894
TRAIN Iter 18: loss = 0.004605,	Top-1 err = 83.565000,	Top-5 err = 60.865000,	train_time = 31.356958
TRAIN Iter 19: loss = 0.004478,	Top-1 err = 84.050000,	Top-5 err = 62.685000,	train_time = 32.577047
TRAIN Iter 20: loss = 0.004367,	Top-1 err = 83.775000,	Top-5 err = 62.315000,	train_time = 32.882028
TRAIN Iter 21: loss = 0.004373,	Top-1 err = 80.890000,	Top-5 err = 58.110000,	train_time = 30.843918
TRAIN Iter 22: loss = 0.004197,	Top-1 err = 83.000000,	Top-5 err = 61.210000,	train_time = 33.924104
TRAIN Iter 23: loss = 0.004118,	Top-1 err = 82.605000,	Top-5 err = 60.815000,	train_time = 31.104816
TRAIN Iter 24: loss = 0.004114,	Top-1 err = 79.615000,	Top-5 err = 55.725000,	train_time = 31.220361
TRAIN Iter 25: loss = 0.003991,	Top-1 err = 81.655000,	Top-5 err = 59.540000,	train_time = 33.890922
TRAIN Iter 26: loss = 0.003984,	Top-1 err = 80.830000,	Top-5 err = 58.585000,	train_time = 31.196513
TRAIN Iter 27: loss = 0.003925,	Top-1 err = 78.710000,	Top-5 err = 55.440000,	train_time = 31.603758
TRAIN Iter 28: loss = 0.003867,	Top-1 err = 77.665000,	Top-5 err = 54.125000,	train_time = 32.424484
TRAIN Iter 29: loss = 0.003826,	Top-1 err = 75.500000,	Top-5 err = 50.800000,	train_time = 31.668839
TRAIN Iter 30: loss = 0.003755,	Top-1 err = 78.920000,	Top-5 err = 56.270000,	train_time = 32.978574
TRAIN Iter 31: loss = 0.003689,	Top-1 err = 77.540000,	Top-5 err = 54.230000,	train_time = 31.693546
TRAIN Iter 32: loss = 0.003688,	Top-1 err = 75.345000,	Top-5 err = 50.675000,	train_time = 32.943624
TRAIN Iter 33: loss = 0.003639,	Top-1 err = 76.715000,	Top-5 err = 53.105000,	train_time = 31.250417
TRAIN Iter 34: loss = 0.003555,	Top-1 err = 78.095000,	Top-5 err = 55.270000,	train_time = 32.100158
TRAIN Iter 35: loss = 0.003537,	Top-1 err = 76.570000,	Top-5 err = 53.295000,	train_time = 31.124859
TRAIN Iter 36: loss = 0.003477,	Top-1 err = 78.155000,	Top-5 err = 56.600000,	train_time = 31.912180
TRAIN Iter 37: loss = 0.003434,	Top-1 err = 79.095000,	Top-5 err = 57.330000,	train_time = 31.623070
TRAIN Iter 38: loss = 0.003445,	Top-1 err = 74.250000,	Top-5 err = 50.465000,	train_time = 33.561374
TRAIN Iter 39: loss = 0.003401,	Top-1 err = 75.395000,	Top-5 err = 52.125000,	train_time = 31.450374
TRAIN Iter 40: loss = 0.003394,	Top-1 err = 74.310000,	Top-5 err = 50.620000,	train_time = 31.380309
TRAIN Iter 41: loss = 0.003369,	Top-1 err = 73.995000,	Top-5 err = 50.515000,	train_time = 32.556329
TRAIN Iter 42: loss = 0.003333,	Top-1 err = 73.190000,	Top-5 err = 49.305000,	train_time = 31.467335
TRAIN Iter 43: loss = 0.003297,	Top-1 err = 74.995000,	Top-5 err = 50.880000,	train_time = 31.961575
TRAIN Iter 44: loss = 0.003275,	Top-1 err = 74.140000,	Top-5 err = 51.085000,	train_time = 32.188394
TRAIN Iter 45: loss = 0.003223,	Top-1 err = 74.235000,	Top-5 err = 50.005000,	train_time = 30.712805
TRAIN Iter 46: loss = 0.003248,	Top-1 err = 75.135000,	Top-5 err = 52.025000,	train_time = 31.589642
TRAIN Iter 47: loss = 0.003197,	Top-1 err = 74.655000,	Top-5 err = 52.410000,	train_time = 31.667331
TRAIN Iter 48: loss = 0.003169,	Top-1 err = 74.890000,	Top-5 err = 52.450000,	train_time = 31.033876
TRAIN Iter 49: loss = 0.003160,	Top-1 err = 71.415000,	Top-5 err = 47.215000,	train_time = 31.420595
TRAIN Iter 50: loss = 0.003129,	Top-1 err = 74.535000,	Top-5 err = 51.785000,	train_time = 33.308990
TRAIN Iter 51: loss = 0.003125,	Top-1 err = 72.330000,	Top-5 err = 48.765000,	train_time = 30.584397
TRAIN Iter 52: loss = 0.003106,	Top-1 err = 73.900000,	Top-5 err = 50.705000,	train_time = 31.752407
TRAIN Iter 53: loss = 0.003088,	Top-1 err = 73.750000,	Top-5 err = 50.595000,	train_time = 32.929918
TRAIN Iter 54: loss = 0.003078,	Top-1 err = 73.220000,	Top-5 err = 50.110000,	train_time = 32.324807
TRAIN Iter 55: loss = 0.003068,	Top-1 err = 72.580000,	Top-5 err = 49.120000,	train_time = 30.441435
TRAIN Iter 56: loss = 0.003036,	Top-1 err = 74.735000,	Top-5 err = 53.450000,	train_time = 31.357342
TRAIN Iter 57: loss = 0.003034,	Top-1 err = 71.365000,	Top-5 err = 48.600000,	train_time = 32.313297
TRAIN Iter 58: loss = 0.003005,	Top-1 err = 72.215000,	Top-5 err = 49.565000,	train_time = 32.556663
TRAIN Iter 59: loss = 0.003000,	Top-1 err = 75.995000,	Top-5 err = 54.860000,	train_time = 31.224917
TRAIN Iter 60: loss = 0.002968,	Top-1 err = 71.650000,	Top-5 err = 48.695000,	train_time = 31.141647
TRAIN Iter 61: loss = 0.002989,	Top-1 err = 72.655000,	Top-5 err = 49.640000,	train_time = 33.733447
TRAIN Iter 62: loss = 0.002934,	Top-1 err = 72.505000,	Top-5 err = 50.005000,	train_time = 30.447152
TRAIN Iter 63: loss = 0.002937,	Top-1 err = 72.015000,	Top-5 err = 49.680000,	train_time = 33.266007
TRAIN Iter 64: loss = 0.002942,	Top-1 err = 69.245000,	Top-5 err = 46.195000,	train_time = 32.142811
TRAIN Iter 65: loss = 0.002890,	Top-1 err = 69.485000,	Top-5 err = 45.720000,	train_time = 30.542486
TRAIN Iter 66: loss = 0.002871,	Top-1 err = 71.505000,	Top-5 err = 49.295000,	train_time = 33.489309
TRAIN Iter 67: loss = 0.002885,	Top-1 err = 72.900000,	Top-5 err = 50.645000,	train_time = 31.859282
TRAIN Iter 68: loss = 0.002892,	Top-1 err = 71.815000,	Top-5 err = 49.975000,	train_time = 31.064467
TRAIN Iter 69: loss = 0.002870,	Top-1 err = 68.960000,	Top-5 err = 46.035000,	train_time = 32.956371
TRAIN Iter 70: loss = 0.002859,	Top-1 err = 71.770000,	Top-5 err = 49.885000,	train_time = 31.016025
TRAIN Iter 71: loss = 0.002813,	Top-1 err = 73.305000,	Top-5 err = 50.335000,	train_time = 33.379915
TRAIN Iter 72: loss = 0.002825,	Top-1 err = 70.550000,	Top-5 err = 47.050000,	train_time = 31.748299
TRAIN Iter 73: loss = 0.002833,	Top-1 err = 70.140000,	Top-5 err = 47.115000,	train_time = 31.050853
TRAIN Iter 74: loss = 0.002822,	Top-1 err = 69.300000,	Top-5 err = 46.680000,	train_time = 32.978714
TRAIN Iter 75: loss = 0.002793,	Top-1 err = 70.885000,	Top-5 err = 47.465000,	train_time = 30.994883
TRAIN Iter 76: loss = 0.002768,	Top-1 err = 69.280000,	Top-5 err = 46.550000,	train_time = 31.959615
TRAIN Iter 77: loss = 0.002781,	Top-1 err = 70.530000,	Top-5 err = 47.095000,	train_time = 30.847361
TRAIN Iter 78: loss = 0.002766,	Top-1 err = 71.190000,	Top-5 err = 49.525000,	train_time = 33.440922
TRAIN Iter 79: loss = 0.002745,	Top-1 err = 68.600000,	Top-5 err = 44.595000,	train_time = 30.242341
TRAIN Iter 80: loss = 0.002736,	Top-1 err = 70.315000,	Top-5 err = 48.265000,	train_time = 32.817736
TRAIN Iter 81: loss = 0.002744,	Top-1 err = 71.780000,	Top-5 err = 50.435000,	train_time = 32.196578
TRAIN Iter 82: loss = 0.002737,	Top-1 err = 72.000000,	Top-5 err = 49.540000,	train_time = 31.358875
TRAIN Iter 83: loss = 0.002735,	Top-1 err = 69.250000,	Top-5 err = 46.535000,	train_time = 30.956393
TRAIN Iter 84: loss = 0.002717,	Top-1 err = 69.050000,	Top-5 err = 46.800000,	train_time = 32.670660
TRAIN Iter 85: loss = 0.002700,	Top-1 err = 67.460000,	Top-5 err = 43.945000,	train_time = 31.040072
TRAIN Iter 86: loss = 0.002689,	Top-1 err = 68.585000,	Top-5 err = 46.245000,	train_time = 31.359925
TRAIN Iter 87: loss = 0.002703,	Top-1 err = 70.760000,	Top-5 err = 48.475000,	train_time = 30.560309
TRAIN Iter 88: loss = 0.002679,	Top-1 err = 71.110000,	Top-5 err = 49.175000,	train_time = 32.616855
TRAIN Iter 89: loss = 0.002662,	Top-1 err = 70.625000,	Top-5 err = 48.850000,	train_time = 31.136597
TRAIN Iter 90: loss = 0.002669,	Top-1 err = 70.665000,	Top-5 err = 48.365000,	train_time = 31.459169
TRAIN Iter 91: loss = 0.002636,	Top-1 err = 65.375000,	Top-5 err = 42.625000,	train_time = 32.362737
TRAIN Iter 92: loss = 0.002649,	Top-1 err = 71.605000,	Top-5 err = 49.185000,	train_time = 31.925225
TRAIN Iter 93: loss = 0.002635,	Top-1 err = 71.780000,	Top-5 err = 49.785000,	train_time = 31.485111
TRAIN Iter 94: loss = 0.002632,	Top-1 err = 66.630000,	Top-5 err = 43.205000,	train_time = 30.253492
TRAIN Iter 95: loss = 0.002615,	Top-1 err = 69.130000,	Top-5 err = 46.560000,	train_time = 30.631622
TRAIN Iter 96: loss = 0.002610,	Top-1 err = 67.410000,	Top-5 err = 45.165000,	train_time = 32.894687
TRAIN Iter 97: loss = 0.002636,	Top-1 err = 69.770000,	Top-5 err = 48.405000,	train_time = 30.601761
TRAIN Iter 98: loss = 0.002595,	Top-1 err = 69.095000,	Top-5 err = 46.900000,	train_time = 30.542838
TRAIN Iter 99: loss = 0.002605,	Top-1 err = 69.620000,	Top-5 err = 46.970000,	train_time = 31.661424
TRAIN Iter 100: loss = 0.002588,	Top-1 err = 67.630000,	Top-5 err = 44.400000,	train_time = 33.034659
TRAIN Iter 101: loss = 0.002597,	Top-1 err = 68.490000,	Top-5 err = 45.480000,	train_time = 30.032098
TRAIN Iter 102: loss = 0.002580,	Top-1 err = 68.120000,	Top-5 err = 46.100000,	train_time = 31.997184
TRAIN Iter 103: loss = 0.002572,	Top-1 err = 69.285000,	Top-5 err = 48.250000,	train_time = 30.759606
TRAIN Iter 104: loss = 0.002568,	Top-1 err = 66.845000,	Top-5 err = 44.455000,	train_time = 31.307754
TRAIN Iter 105: loss = 0.002570,	Top-1 err = 69.190000,	Top-5 err = 46.825000,	train_time = 31.283463
TRAIN Iter 106: loss = 0.002548,	Top-1 err = 71.910000,	Top-5 err = 49.925000,	train_time = 31.943562
TRAIN Iter 107: loss = 0.002526,	Top-1 err = 63.215000,	Top-5 err = 39.200000,	train_time = 30.243906
TRAIN Iter 108: loss = 0.002532,	Top-1 err = 66.005000,	Top-5 err = 42.095000,	train_time = 31.486257
TRAIN Iter 109: loss = 0.002522,	Top-1 err = 68.945000,	Top-5 err = 46.025000,	train_time = 31.138779
TRAIN Iter 110: loss = 0.002532,	Top-1 err = 68.550000,	Top-5 err = 46.615000,	train_time = 31.445039
TRAIN Iter 111: loss = 0.002536,	Top-1 err = 66.000000,	Top-5 err = 42.965000,	train_time = 32.263948
TRAIN Iter 112: loss = 0.002497,	Top-1 err = 66.910000,	Top-5 err = 43.705000,	train_time = 31.049523
TRAIN Iter 113: loss = 0.002521,	Top-1 err = 68.455000,	Top-5 err = 45.520000,	train_time = 32.476641
TRAIN Iter 114: loss = 0.002503,	Top-1 err = 65.935000,	Top-5 err = 43.505000,	train_time = 31.438674
TRAIN Iter 115: loss = 0.002507,	Top-1 err = 67.850000,	Top-5 err = 45.540000,	train_time = 30.662807
TRAIN Iter 116: loss = 0.002504,	Top-1 err = 67.945000,	Top-5 err = 45.465000,	train_time = 32.812716
TRAIN Iter 117: loss = 0.002499,	Top-1 err = 68.190000,	Top-5 err = 46.545000,	train_time = 30.680449
TRAIN Iter 118: loss = 0.002486,	Top-1 err = 66.935000,	Top-5 err = 44.680000,	train_time = 30.811595
TRAIN Iter 119: loss = 0.002488,	Top-1 err = 67.015000,	Top-5 err = 44.375000,	train_time = 31.837856
TRAIN Iter 120: loss = 0.002480,	Top-1 err = 69.025000,	Top-5 err = 47.445000,	train_time = 30.876662
TRAIN Iter 121: loss = 0.002478,	Top-1 err = 67.710000,	Top-5 err = 44.975000,	train_time = 32.339372
TRAIN Iter 122: loss = 0.002473,	Top-1 err = 65.225000,	Top-5 err = 43.350000,	train_time = 31.099156
TRAIN Iter 123: loss = 0.002455,	Top-1 err = 69.910000,	Top-5 err = 48.180000,	train_time = 31.061047
TRAIN Iter 124: loss = 0.002465,	Top-1 err = 67.950000,	Top-5 err = 44.855000,	train_time = 31.911431
TRAIN Iter 125: loss = 0.002451,	Top-1 err = 63.430000,	Top-5 err = 39.960000,	train_time = 31.914683
TRAIN Iter 126: loss = 0.002435,	Top-1 err = 65.070000,	Top-5 err = 41.945000,	train_time = 30.897275
TRAIN Iter 127: loss = 0.002444,	Top-1 err = 64.480000,	Top-5 err = 42.155000,	train_time = 31.882228
TRAIN Iter 128: loss = 0.002434,	Top-1 err = 65.275000,	Top-5 err = 42.550000,	train_time = 30.656433
TRAIN Iter 129: loss = 0.002436,	Top-1 err = 65.170000,	Top-5 err = 42.235000,	train_time = 32.891505
TRAIN Iter 130: loss = 0.002426,	Top-1 err = 66.075000,	Top-5 err = 43.835000,	train_time = 31.178668
TRAIN Iter 131: loss = 0.002410,	Top-1 err = 65.910000,	Top-5 err = 43.525000,	train_time = 32.809458
TRAIN Iter 132: loss = 0.002416,	Top-1 err = 65.455000,	Top-5 err = 43.215000,	train_time = 32.155137
TRAIN Iter 133: loss = 0.002421,	Top-1 err = 67.610000,	Top-5 err = 45.755000,	train_time = 31.742673
TRAIN Iter 134: loss = 0.002419,	Top-1 err = 67.575000,	Top-5 err = 45.695000,	train_time = 30.453599
TRAIN Iter 135: loss = 0.002398,	Top-1 err = 67.095000,	Top-5 err = 45.660000,	train_time = 31.733551
TRAIN Iter 136: loss = 0.002402,	Top-1 err = 69.530000,	Top-5 err = 48.180000,	train_time = 31.798697
TRAIN Iter 137: loss = 0.002409,	Top-1 err = 68.070000,	Top-5 err = 46.200000,	train_time = 31.184787
TRAIN Iter 138: loss = 0.002373,	Top-1 err = 66.005000,	Top-5 err = 42.590000,	train_time = 31.145983
TRAIN Iter 139: loss = 0.002387,	Top-1 err = 65.205000,	Top-5 err = 42.805000,	train_time = 30.751770
TRAIN Iter 140: loss = 0.002390,	Top-1 err = 67.730000,	Top-5 err = 45.820000,	train_time = 33.216258
TRAIN Iter 141: loss = 0.002378,	Top-1 err = 64.705000,	Top-5 err = 42.250000,	train_time = 30.028231
TRAIN Iter 142: loss = 0.002361,	Top-1 err = 65.580000,	Top-5 err = 43.220000,	train_time = 33.055576
TRAIN Iter 143: loss = 0.002368,	Top-1 err = 63.790000,	Top-5 err = 41.560000,	train_time = 29.839553
TRAIN Iter 144: loss = 0.002367,	Top-1 err = 65.690000,	Top-5 err = 44.070000,	train_time = 31.105377
TRAIN Iter 145: loss = 0.002376,	Top-1 err = 67.770000,	Top-5 err = 45.935000,	train_time = 31.460173
TRAIN Iter 146: loss = 0.002351,	Top-1 err = 64.490000,	Top-5 err = 41.630000,	train_time = 32.889886
TRAIN Iter 147: loss = 0.002371,	Top-1 err = 67.145000,	Top-5 err = 45.190000,	train_time = 30.209461
TRAIN Iter 148: loss = 0.002342,	Top-1 err = 64.760000,	Top-5 err = 42.360000,	train_time = 32.599418
TRAIN Iter 149: loss = 0.002356,	Top-1 err = 65.270000,	Top-5 err = 43.105000,	train_time = 30.079607
TRAIN Iter 150: loss = 0.002358,	Top-1 err = 66.625000,	Top-5 err = 44.510000,	train_time = 32.525066
TRAIN Iter 151: loss = 0.002346,	Top-1 err = 67.385000,	Top-5 err = 46.300000,	train_time = 31.440231
TRAIN Iter 152: loss = 0.002342,	Top-1 err = 66.885000,	Top-5 err = 45.705000,	train_time = 30.068902
TRAIN Iter 153: loss = 0.002349,	Top-1 err = 67.175000,	Top-5 err = 45.030000,	train_time = 30.953854
TRAIN Iter 154: loss = 0.002322,	Top-1 err = 64.015000,	Top-5 err = 42.075000,	train_time = 31.073831
TRAIN Iter 155: loss = 0.002310,	Top-1 err = 65.375000,	Top-5 err = 44.250000,	train_time = 32.488860
TRAIN Iter 156: loss = 0.002334,	Top-1 err = 67.950000,	Top-5 err = 44.990000,	train_time = 30.211511
TRAIN Iter 157: loss = 0.002333,	Top-1 err = 67.250000,	Top-5 err = 45.980000,	train_time = 31.193434
TRAIN Iter 158: loss = 0.002320,	Top-1 err = 66.995000,	Top-5 err = 45.350000,	train_time = 30.589962
TRAIN Iter 159: loss = 0.002303,	Top-1 err = 64.935000,	Top-5 err = 43.280000,	train_time = 32.063214
TRAIN Iter 160: loss = 0.002323,	Top-1 err = 64.350000,	Top-5 err = 42.250000,	train_time = 30.658692
TRAIN Iter 161: loss = 0.002301,	Top-1 err = 62.115000,	Top-5 err = 39.805000,	train_time = 30.970997
TRAIN Iter 162: loss = 0.002315,	Top-1 err = 66.715000,	Top-5 err = 44.975000,	train_time = 32.814948
TRAIN Iter 163: loss = 0.002289,	Top-1 err = 61.875000,	Top-5 err = 38.790000,	train_time = 30.534627
TRAIN Iter 164: loss = 0.002281,	Top-1 err = 64.870000,	Top-5 err = 43.555000,	train_time = 31.032684
TRAIN Iter 165: loss = 0.002309,	Top-1 err = 66.415000,	Top-5 err = 44.280000,	train_time = 30.663588
TRAIN Iter 166: loss = 0.002293,	Top-1 err = 65.710000,	Top-5 err = 43.270000,	train_time = 31.384370
TRAIN Iter 167: loss = 0.002269,	Top-1 err = 64.540000,	Top-5 err = 42.450000,	train_time = 31.956603
TRAIN Iter 168: loss = 0.002278,	Top-1 err = 66.275000,	Top-5 err = 44.480000,	train_time = 30.821455
TRAIN Iter 169: loss = 0.002282,	Top-1 err = 66.295000,	Top-5 err = 45.005000,	train_time = 33.413483
TRAIN Iter 170: loss = 0.002256,	Top-1 err = 64.765000,	Top-5 err = 43.000000,	train_time = 29.888658
TRAIN Iter 171: loss = 0.002260,	Top-1 err = 65.305000,	Top-5 err = 44.315000,	train_time = 32.218914
TRAIN Iter 172: loss = 0.002268,	Top-1 err = 62.860000,	Top-5 err = 40.615000,	train_time = 31.225362
TRAIN Iter 173: loss = 0.002250,	Top-1 err = 66.235000,	Top-5 err = 44.665000,	train_time = 32.566537
TRAIN Iter 174: loss = 0.002271,	Top-1 err = 63.805000,	Top-5 err = 41.515000,	train_time = 30.552054
TRAIN Iter 175: loss = 0.002254,	Top-1 err = 64.485000,	Top-5 err = 42.970000,	train_time = 30.652229
TRAIN Iter 176: loss = 0.002235,	Top-1 err = 64.445000,	Top-5 err = 43.160000,	train_time = 31.072544
TRAIN Iter 177: loss = 0.002251,	Top-1 err = 63.995000,	Top-5 err = 41.670000,	train_time = 32.943364
TRAIN Iter 178: loss = 0.002273,	Top-1 err = 65.910000,	Top-5 err = 44.005000,	train_time = 31.563391
TRAIN Iter 179: loss = 0.002263,	Top-1 err = 66.450000,	Top-5 err = 43.895000,	train_time = 30.336604
TRAIN Iter 180: loss = 0.002249,	Top-1 err = 64.570000,	Top-5 err = 41.900000,	train_time = 32.206528
TRAIN Iter 181: loss = 0.002248,	Top-1 err = 66.905000,	Top-5 err = 45.630000,	train_time = 31.025381
TRAIN Iter 182: loss = 0.002238,	Top-1 err = 63.875000,	Top-5 err = 42.830000,	train_time = 31.150889
TRAIN Iter 183: loss = 0.002241,	Top-1 err = 67.335000,	Top-5 err = 46.960000,	train_time = 31.630370
TRAIN Iter 184: loss = 0.002239,	Top-1 err = 65.755000,	Top-5 err = 43.715000,	train_time = 32.786412
TRAIN Iter 185: loss = 0.002207,	Top-1 err = 62.690000,	Top-5 err = 40.985000,	train_time = 31.538880
TRAIN Iter 186: loss = 0.002221,	Top-1 err = 65.050000,	Top-5 err = 44.170000,	train_time = 30.249183
TRAIN Iter 187: loss = 0.002229,	Top-1 err = 68.200000,	Top-5 err = 47.710000,	train_time = 32.564679
TRAIN Iter 188: loss = 0.002221,	Top-1 err = 63.060000,	Top-5 err = 40.345000,	train_time = 29.928556
TRAIN Iter 189: loss = 0.002214,	Top-1 err = 66.845000,	Top-5 err = 45.605000,	train_time = 33.050211
TRAIN Iter 190: loss = 0.002230,	Top-1 err = 67.040000,	Top-5 err = 46.105000,	train_time = 29.725378
TRAIN Iter 191: loss = 0.002220,	Top-1 err = 64.525000,	Top-5 err = 43.155000,	train_time = 32.307705
TRAIN Iter 192: loss = 0.002213,	Top-1 err = 63.595000,	Top-5 err = 41.470000,	train_time = 31.041916
TRAIN Iter 193: loss = 0.002204,	Top-1 err = 62.525000,	Top-5 err = 40.265000,	train_time = 30.265193
TRAIN Iter 194: loss = 0.002194,	Top-1 err = 65.335000,	Top-5 err = 43.915000,	train_time = 31.096963
TRAIN Iter 195: loss = 0.002196,	Top-1 err = 65.665000,	Top-5 err = 44.005000,	train_time = 32.610886
TRAIN Iter 196: loss = 0.002194,	Top-1 err = 63.745000,	Top-5 err = 42.925000,	train_time = 30.747329
TRAIN Iter 197: loss = 0.002182,	Top-1 err = 63.955000,	Top-5 err = 41.545000,	train_time = 32.293126
TRAIN Iter 198: loss = 0.002199,	Top-1 err = 64.245000,	Top-5 err = 42.815000,	train_time = 30.408287
TRAIN Iter 199: loss = 0.002213,	Top-1 err = 69.125000,	Top-5 err = 46.825000,	train_time = 32.586204
TRAIN Iter 200: loss = 0.002181,	Top-1 err = 64.215000,	Top-5 err = 42.500000,	train_time = 30.703117
TRAIN Iter 201: loss = 0.002177,	Top-1 err = 62.565000,	Top-5 err = 40.440000,	train_time = 30.817500
TRAIN Iter 202: loss = 0.002188,	Top-1 err = 65.265000,	Top-5 err = 42.815000,	train_time = 31.182257
TRAIN Iter 203: loss = 0.002195,	Top-1 err = 63.415000,	Top-5 err = 42.475000,	train_time = 31.095563
TRAIN Iter 204: loss = 0.002165,	Top-1 err = 61.985000,	Top-5 err = 40.480000,	train_time = 32.029096
TRAIN Iter 205: loss = 0.002179,	Top-1 err = 62.725000,	Top-5 err = 39.795000,	train_time = 32.184777
TRAIN Iter 206: loss = 0.002181,	Top-1 err = 65.920000,	Top-5 err = 44.305000,	train_time = 31.322196
TRAIN Iter 207: loss = 0.002186,	Top-1 err = 64.670000,	Top-5 err = 42.700000,	train_time = 30.878228
TRAIN Iter 208: loss = 0.002162,	Top-1 err = 62.630000,	Top-5 err = 40.910000,	train_time = 31.529210
TRAIN Iter 209: loss = 0.002169,	Top-1 err = 65.715000,	Top-5 err = 44.730000,	train_time = 30.938990
TRAIN Iter 210: loss = 0.002168,	Top-1 err = 65.200000,	Top-5 err = 43.560000,	train_time = 32.961327
TRAIN Iter 211: loss = 0.002161,	Top-1 err = 68.775000,	Top-5 err = 48.175000,	train_time = 31.176094
TRAIN Iter 212: loss = 0.002145,	Top-1 err = 61.455000,	Top-5 err = 39.545000,	train_time = 30.508927
TRAIN Iter 213: loss = 0.002141,	Top-1 err = 62.020000,	Top-5 err = 40.615000,	train_time = 33.003629
TRAIN Iter 214: loss = 0.002144,	Top-1 err = 63.885000,	Top-5 err = 42.550000,	train_time = 30.071857
TRAIN Iter 215: loss = 0.002150,	Top-1 err = 62.560000,	Top-5 err = 40.250000,	train_time = 30.766615
TRAIN Iter 216: loss = 0.002150,	Top-1 err = 64.830000,	Top-5 err = 42.660000,	train_time = 32.242800
TRAIN Iter 217: loss = 0.002147,	Top-1 err = 66.295000,	Top-5 err = 45.380000,	train_time = 31.090327
TRAIN Iter 218: loss = 0.002154,	Top-1 err = 65.670000,	Top-5 err = 44.785000,	train_time = 31.733557
TRAIN Iter 219: loss = 0.002121,	Top-1 err = 60.945000,	Top-5 err = 38.500000,	train_time = 30.611263
TRAIN Iter 220: loss = 0.002113,	Top-1 err = 59.720000,	Top-5 err = 38.000000,	train_time = 33.074577
TRAIN Iter 221: loss = 0.002127,	Top-1 err = 64.765000,	Top-5 err = 43.425000,	train_time = 30.202144
TRAIN Iter 222: loss = 0.002130,	Top-1 err = 62.830000,	Top-5 err = 40.250000,	train_time = 30.754417
TRAIN Iter 223: loss = 0.002139,	Top-1 err = 65.655000,	Top-5 err = 43.930000,	train_time = 32.603766
TRAIN Iter 224: loss = 0.002130,	Top-1 err = 63.200000,	Top-5 err = 41.305000,	train_time = 30.518013
TRAIN Iter 225: loss = 0.002155,	Top-1 err = 64.825000,	Top-5 err = 42.745000,	train_time = 30.625274
TRAIN Iter 226: loss = 0.002145,	Top-1 err = 67.485000,	Top-5 err = 46.660000,	train_time = 30.921616
TRAIN Iter 227: loss = 0.002121,	Top-1 err = 61.675000,	Top-5 err = 39.425000,	train_time = 32.131284
TRAIN Iter 228: loss = 0.002113,	Top-1 err = 64.120000,	Top-5 err = 41.685000,	train_time = 31.611353
TRAIN Iter 229: loss = 0.002120,	Top-1 err = 62.185000,	Top-5 err = 39.690000,	train_time = 30.373327
TRAIN Iter 230: loss = 0.002125,	Top-1 err = 64.640000,	Top-5 err = 43.565000,	train_time = 32.913145
TRAIN Iter 231: loss = 0.002106,	Top-1 err = 64.280000,	Top-5 err = 43.960000,	train_time = 31.630602
TRAIN Iter 232: loss = 0.002107,	Top-1 err = 63.015000,	Top-5 err = 41.020000,	train_time = 30.162608
TRAIN Iter 233: loss = 0.002106,	Top-1 err = 63.785000,	Top-5 err = 42.690000,	train_time = 31.436311
TRAIN Iter 234: loss = 0.002121,	Top-1 err = 65.600000,	Top-5 err = 43.770000,	train_time = 30.259641
TRAIN Iter 235: loss = 0.002111,	Top-1 err = 65.240000,	Top-5 err = 45.035000,	train_time = 31.494902
TRAIN Iter 236: loss = 0.002096,	Top-1 err = 64.870000,	Top-5 err = 42.630000,	train_time = 30.214244
TRAIN Iter 237: loss = 0.002061,	Top-1 err = 61.265000,	Top-5 err = 40.080000,	train_time = 32.616558
TRAIN Iter 238: loss = 0.002084,	Top-1 err = 63.680000,	Top-5 err = 42.050000,	train_time = 30.140142
TRAIN Iter 239: loss = 0.002109,	Top-1 err = 65.795000,	Top-5 err = 44.295000,	train_time = 32.895943
TRAIN Iter 240: loss = 0.002095,	Top-1 err = 64.585000,	Top-5 err = 43.360000,	train_time = 31.136254
TRAIN Iter 241: loss = 0.002073,	Top-1 err = 62.860000,	Top-5 err = 42.550000,	train_time = 30.458511
TRAIN Iter 242: loss = 0.002082,	Top-1 err = 63.600000,	Top-5 err = 41.375000,	train_time = 30.322981
TRAIN Iter 243: loss = 0.002066,	Top-1 err = 62.780000,	Top-5 err = 41.680000,	train_time = 31.782026
TRAIN Iter 244: loss = 0.002079,	Top-1 err = 63.745000,	Top-5 err = 41.600000,	train_time = 30.387259
TRAIN Iter 245: loss = 0.002094,	Top-1 err = 63.125000,	Top-5 err = 41.335000,	train_time = 32.867336
TRAIN Iter 246: loss = 0.002049,	Top-1 err = 61.120000,	Top-5 err = 39.520000,	train_time = 30.205230
TRAIN Iter 247: loss = 0.002106,	Top-1 err = 66.425000,	Top-5 err = 44.530000,	train_time = 32.519333
TRAIN Iter 248: loss = 0.002052,	Top-1 err = 62.440000,	Top-5 err = 40.510000,	train_time = 29.888560
TRAIN Iter 249: loss = 0.002090,	Top-1 err = 65.595000,	Top-5 err = 43.470000,	train_time = 30.950871
TEST:
Iter 249: loss = 1.775159,	Top-1 err = 42.050000,	Top-5 err = 18.480000,	val_time = 3.209844
TRAIN Iter 250: loss = 0.002061,	Top-1 err = 64.160000,	Top-5 err = 43.165000,	train_time = 30.145585
TRAIN Iter 251: loss = 0.002063,	Top-1 err = 65.040000,	Top-5 err = 43.530000,	train_time = 31.537496
TRAIN Iter 252: loss = 0.002065,	Top-1 err = 63.065000,	Top-5 err = 41.775000,	train_time = 31.255303
TRAIN Iter 253: loss = 0.002051,	Top-1 err = 63.930000,	Top-5 err = 41.900000,	train_time = 30.509778
TRAIN Iter 254: loss = 0.002059,	Top-1 err = 64.995000,	Top-5 err = 44.145000,	train_time = 32.048007
TRAIN Iter 255: loss = 0.002053,	Top-1 err = 61.775000,	Top-5 err = 39.515000,	train_time = 30.343153
TRAIN Iter 256: loss = 0.002037,	Top-1 err = 62.610000,	Top-5 err = 40.995000,	train_time = 29.804217
TRAIN Iter 257: loss = 0.002058,	Top-1 err = 63.415000,	Top-5 err = 42.655000,	train_time = 31.723283
TRAIN Iter 258: loss = 0.002069,	Top-1 err = 62.790000,	Top-5 err = 41.985000,	train_time = 31.111221
TRAIN Iter 259: loss = 0.002054,	Top-1 err = 63.320000,	Top-5 err = 42.455000,	train_time = 31.308854
TEST:
Iter 259: loss = 1.767545,	Top-1 err = 41.580000,	Top-5 err = 18.700000,	val_time = 3.024091
TRAIN Iter 260: loss = 0.002037,	Top-1 err = 63.935000,	Top-5 err = 43.690000,	train_time = 31.172795
TRAIN Iter 261: loss = 0.002047,	Top-1 err = 61.720000,	Top-5 err = 39.530000,	train_time = 30.170530
TRAIN Iter 262: loss = 0.002045,	Top-1 err = 63.390000,	Top-5 err = 42.370000,	train_time = 31.594331
TRAIN Iter 263: loss = 0.002066,	Top-1 err = 66.535000,	Top-5 err = 44.315000,	train_time = 31.309955
TRAIN Iter 264: loss = 0.002037,	Top-1 err = 63.090000,	Top-5 err = 41.305000,	train_time = 30.838579
TRAIN Iter 265: loss = 0.002025,	Top-1 err = 61.130000,	Top-5 err = 38.805000,	train_time = 31.746537
TRAIN Iter 266: loss = 0.002036,	Top-1 err = 65.220000,	Top-5 err = 44.935000,	train_time = 29.703259
TRAIN Iter 267: loss = 0.002028,	Top-1 err = 61.790000,	Top-5 err = 41.370000,	train_time = 30.536762
TRAIN Iter 268: loss = 0.002035,	Top-1 err = 65.055000,	Top-5 err = 44.330000,	train_time = 32.058022
TRAIN Iter 269: loss = 0.002001,	Top-1 err = 60.245000,	Top-5 err = 38.635000,	train_time = 30.447680
TEST:
Iter 269: loss = 1.774566,	Top-1 err = 41.700000,	Top-5 err = 18.750000,	val_time = 3.006772
TRAIN Iter 270: loss = 0.002044,	Top-1 err = 64.105000,	Top-5 err = 43.065000,	train_time = 31.349587
TRAIN Iter 271: loss = 0.002013,	Top-1 err = 59.530000,	Top-5 err = 37.765000,	train_time = 31.538501
TRAIN Iter 272: loss = 0.002027,	Top-1 err = 62.740000,	Top-5 err = 41.965000,	train_time = 30.928947
TRAIN Iter 273: loss = 0.002018,	Top-1 err = 62.010000,	Top-5 err = 40.715000,	train_time = 30.251180
TRAIN Iter 274: loss = 0.002010,	Top-1 err = 61.940000,	Top-5 err = 41.280000,	train_time = 32.111191
TRAIN Iter 275: loss = 0.002030,	Top-1 err = 63.665000,	Top-5 err = 42.560000,	train_time = 29.994308
TRAIN Iter 276: loss = 0.002010,	Top-1 err = 63.090000,	Top-5 err = 41.400000,	train_time = 32.159235
TRAIN Iter 277: loss = 0.002025,	Top-1 err = 67.740000,	Top-5 err = 47.430000,	train_time = 30.281443
TRAIN Iter 278: loss = 0.002034,	Top-1 err = 64.775000,	Top-5 err = 43.585000,	train_time = 30.360790
TRAIN Iter 279: loss = 0.002000,	Top-1 err = 64.560000,	Top-5 err = 43.950000,	train_time = 32.753770
TEST:
Iter 279: loss = 1.754914,	Top-1 err = 41.190000,	Top-5 err = 18.380000,	val_time = 3.177385
TRAIN Iter 280: loss = 0.002011,	Top-1 err = 65.250000,	Top-5 err = 45.725000,	train_time = 30.271949
TRAIN Iter 281: loss = 0.002012,	Top-1 err = 63.590000,	Top-5 err = 41.630000,	train_time = 30.231086
TRAIN Iter 282: loss = 0.002004,	Top-1 err = 63.200000,	Top-5 err = 42.270000,	train_time = 32.144365
TRAIN Iter 283: loss = 0.001980,	Top-1 err = 62.320000,	Top-5 err = 40.855000,	train_time = 31.158020
TRAIN Iter 284: loss = 0.002019,	Top-1 err = 64.385000,	Top-5 err = 43.600000,	train_time = 30.615007
TRAIN Iter 285: loss = 0.002005,	Top-1 err = 64.955000,	Top-5 err = 43.855000,	train_time = 31.791101
TRAIN Iter 286: loss = 0.001992,	Top-1 err = 61.435000,	Top-5 err = 39.445000,	train_time = 31.203956
TRAIN Iter 287: loss = 0.001987,	Top-1 err = 64.465000,	Top-5 err = 44.370000,	train_time = 29.925330
TRAIN Iter 288: loss = 0.001983,	Top-1 err = 61.360000,	Top-5 err = 39.880000,	train_time = 30.784452
TRAIN Iter 289: loss = 0.001988,	Top-1 err = 64.320000,	Top-5 err = 43.890000,	train_time = 31.571267
TEST:
Iter 289: loss = 1.760998,	Top-1 err = 41.310000,	Top-5 err = 18.140000,	val_time = 3.050017
TRAIN Iter 290: loss = 0.001965,	Top-1 err = 61.420000,	Top-5 err = 39.250000,	train_time = 32.209709
TRAIN Iter 291: loss = 0.001969,	Top-1 err = 61.455000,	Top-5 err = 39.795000,	train_time = 29.555171
TRAIN Iter 292: loss = 0.001987,	Top-1 err = 62.230000,	Top-5 err = 40.640000,	train_time = 31.874138
TRAIN Iter 293: loss = 0.002012,	Top-1 err = 65.040000,	Top-5 err = 43.220000,	train_time = 30.492809
TRAIN Iter 294: loss = 0.002000,	Top-1 err = 65.540000,	Top-5 err = 44.820000,	train_time = 30.167636
TRAIN Iter 295: loss = 0.001967,	Top-1 err = 63.945000,	Top-5 err = 43.060000,	train_time = 30.382219
TRAIN Iter 296: loss = 0.001962,	Top-1 err = 59.855000,	Top-5 err = 38.405000,	train_time = 32.772985
TRAIN Iter 297: loss = 0.001960,	Top-1 err = 58.230000,	Top-5 err = 35.805000,	train_time = 31.804098
TRAIN Iter 298: loss = 0.001943,	Top-1 err = 59.705000,	Top-5 err = 38.770000,	train_time = 30.285970
TRAIN Iter 299: loss = 0.001955,	Top-1 err = 61.665000,	Top-5 err = 40.680000,	train_time = 31.105818
TEST:
Iter 299: loss = 1.752839,	Top-1 err = 41.010000,	Top-5 err = 18.110000,	val_time = 2.917520
Train Finish! Best accuracy is 58.99@299
