/home/dvspanos/miniconda3/envs/rded/lib/python3.10/site-packages/torchvision/models/_utils.py:208: UserWarning: The parameter 'pretrained' is deprecated since 0.13 and may be removed in the future, please use 'weights' instead.
  warnings.warn(
/home/dvspanos/miniconda3/envs/rded/lib/python3.10/site-packages/torchvision/models/_utils.py:223: UserWarning: Arguments other than a weight enum or `None` for 'weights' are deprecated since 0.13 and may be removed in the future. The current behavior is equivalent to passing `weights=None`.
  warnings.warn(msg)
=> using pytorch pre-trained teacher model 'resnet18_modified'
process data from /home/dvspanos/nikos/ca2d/artifacts/sets/bench_tin_rn18_ca2d_ipc10
load data successfully
TRAIN Iter 0: loss = 0.021106,	Top-1 err = 99.000000,	Top-5 err = 95.650000,	train_time = 4.536159
TRAIN Iter 1: loss = 0.018242,	Top-1 err = 98.250000,	Top-5 err = 92.600000,	train_time = 2.846660
TRAIN Iter 2: loss = 0.016568,	Top-1 err = 97.900000,	Top-5 err = 90.600000,	train_time = 2.871128
TRAIN Iter 3: loss = 0.016941,	Top-1 err = 97.200000,	Top-5 err = 89.250000,	train_time = 2.868798
TRAIN Iter 4: loss = 0.016453,	Top-1 err = 96.750000,	Top-5 err = 88.500000,	train_time = 2.872009
TRAIN Iter 5: loss = 0.016278,	Top-1 err = 95.900000,	Top-5 err = 84.750000,	train_time = 2.885606
TRAIN Iter 6: loss = 0.017076,	Top-1 err = 94.800000,	Top-5 err = 83.550000,	train_time = 2.885536
TRAIN Iter 7: loss = 0.015742,	Top-1 err = 93.400000,	Top-5 err = 78.750000,	train_time = 3.018367
TRAIN Iter 8: loss = 0.015072,	Top-1 err = 93.150000,	Top-5 err = 79.600000,	train_time = 2.944108
TRAIN Iter 9: loss = 0.015758,	Top-1 err = 93.150000,	Top-5 err = 76.900000,	train_time = 2.898197
TRAIN Iter 10: loss = 0.014580,	Top-1 err = 92.750000,	Top-5 err = 78.500000,	train_time = 2.884412
TRAIN Iter 11: loss = 0.013952,	Top-1 err = 92.400000,	Top-5 err = 76.250000,	train_time = 2.938331
TRAIN Iter 12: loss = 0.014762,	Top-1 err = 91.300000,	Top-5 err = 73.600000,	train_time = 3.007087
TRAIN Iter 13: loss = 0.015588,	Top-1 err = 88.350000,	Top-5 err = 69.250000,	train_time = 2.951566
TRAIN Iter 14: loss = 0.014041,	Top-1 err = 88.850000,	Top-5 err = 69.600000,	train_time = 2.911298
TRAIN Iter 15: loss = 0.013294,	Top-1 err = 87.150000,	Top-5 err = 64.450000,	train_time = 3.083494
TRAIN Iter 16: loss = 0.014505,	Top-1 err = 88.600000,	Top-5 err = 69.200000,	train_time = 3.011683
TRAIN Iter 17: loss = 0.013052,	Top-1 err = 87.350000,	Top-5 err = 68.200000,	train_time = 2.935138
TRAIN Iter 18: loss = 0.014656,	Top-1 err = 85.400000,	Top-5 err = 64.950000,	train_time = 3.066963
TRAIN Iter 19: loss = 0.015186,	Top-1 err = 83.650000,	Top-5 err = 59.500000,	train_time = 3.081356
TRAIN Iter 20: loss = 0.012724,	Top-1 err = 85.450000,	Top-5 err = 64.950000,	train_time = 3.006507
TRAIN Iter 21: loss = 0.012599,	Top-1 err = 84.600000,	Top-5 err = 62.450000,	train_time = 2.994859
TRAIN Iter 22: loss = 0.013267,	Top-1 err = 83.850000,	Top-5 err = 61.800000,	train_time = 2.955330
TRAIN Iter 23: loss = 0.012399,	Top-1 err = 80.500000,	Top-5 err = 57.400000,	train_time = 2.976671
TRAIN Iter 24: loss = 0.012711,	Top-1 err = 80.100000,	Top-5 err = 57.050000,	train_time = 2.979237
TRAIN Iter 25: loss = 0.012239,	Top-1 err = 78.950000,	Top-5 err = 57.100000,	train_time = 2.946185
TRAIN Iter 26: loss = 0.013327,	Top-1 err = 75.200000,	Top-5 err = 50.200000,	train_time = 2.926472
TRAIN Iter 27: loss = 0.011397,	Top-1 err = 81.700000,	Top-5 err = 60.700000,	train_time = 2.968760
TRAIN Iter 28: loss = 0.012112,	Top-1 err = 72.450000,	Top-5 err = 46.500000,	train_time = 3.063854
TRAIN Iter 29: loss = 0.011408,	Top-1 err = 80.100000,	Top-5 err = 57.850000,	train_time = 3.050425
TRAIN Iter 30: loss = 0.011696,	Top-1 err = 75.650000,	Top-5 err = 49.600000,	train_time = 3.159940
TRAIN Iter 31: loss = 0.010932,	Top-1 err = 78.250000,	Top-5 err = 54.350000,	train_time = 3.292244
TRAIN Iter 32: loss = 0.011056,	Top-1 err = 74.450000,	Top-5 err = 50.550000,	train_time = 3.018648
TRAIN Iter 33: loss = 0.010937,	Top-1 err = 74.300000,	Top-5 err = 48.750000,	train_time = 2.914230
TRAIN Iter 34: loss = 0.012568,	Top-1 err = 69.100000,	Top-5 err = 44.050000,	train_time = 3.011722
TRAIN Iter 35: loss = 0.011239,	Top-1 err = 71.900000,	Top-5 err = 47.900000,	train_time = 2.960213
TRAIN Iter 36: loss = 0.010667,	Top-1 err = 71.800000,	Top-5 err = 48.700000,	train_time = 2.962288
TRAIN Iter 37: loss = 0.011206,	Top-1 err = 72.050000,	Top-5 err = 47.050000,	train_time = 3.006491
TRAIN Iter 38: loss = 0.010708,	Top-1 err = 66.700000,	Top-5 err = 41.750000,	train_time = 3.116419
TRAIN Iter 39: loss = 0.010553,	Top-1 err = 66.950000,	Top-5 err = 40.150000,	train_time = 2.989119
TRAIN Iter 40: loss = 0.009704,	Top-1 err = 75.800000,	Top-5 err = 55.150000,	train_time = 2.994490
TRAIN Iter 41: loss = 0.010845,	Top-1 err = 63.750000,	Top-5 err = 37.000000,	train_time = 3.069533
TRAIN Iter 42: loss = 0.011437,	Top-1 err = 54.650000,	Top-5 err = 28.900000,	train_time = 3.007966
TRAIN Iter 43: loss = 0.009753,	Top-1 err = 69.200000,	Top-5 err = 48.350000,	train_time = 3.045707
TRAIN Iter 44: loss = 0.009401,	Top-1 err = 69.850000,	Top-5 err = 47.400000,	train_time = 3.018895
TRAIN Iter 45: loss = 0.010496,	Top-1 err = 58.500000,	Top-5 err = 34.650000,	train_time = 3.150432
TRAIN Iter 46: loss = 0.009730,	Top-1 err = 62.950000,	Top-5 err = 39.800000,	train_time = 3.121379
TRAIN Iter 47: loss = 0.010296,	Top-1 err = 61.450000,	Top-5 err = 39.750000,	train_time = 2.989636
TRAIN Iter 48: loss = 0.010019,	Top-1 err = 62.700000,	Top-5 err = 40.650000,	train_time = 2.991639
TRAIN Iter 49: loss = 0.009606,	Top-1 err = 57.750000,	Top-5 err = 31.250000,	train_time = 2.969648
TRAIN Iter 50: loss = 0.009384,	Top-1 err = 65.250000,	Top-5 err = 42.900000,	train_time = 3.235150
TRAIN Iter 51: loss = 0.009147,	Top-1 err = 65.100000,	Top-5 err = 42.600000,	train_time = 3.029268
TRAIN Iter 52: loss = 0.009722,	Top-1 err = 57.250000,	Top-5 err = 35.550000,	train_time = 2.950658
TRAIN Iter 53: loss = 0.009157,	Top-1 err = 60.550000,	Top-5 err = 38.250000,	train_time = 2.977153
TRAIN Iter 54: loss = 0.009790,	Top-1 err = 42.350000,	Top-5 err = 18.950000,	train_time = 2.943903
TRAIN Iter 55: loss = 0.008328,	Top-1 err = 62.300000,	Top-5 err = 40.400000,	train_time = 3.194708
TRAIN Iter 56: loss = 0.008594,	Top-1 err = 60.750000,	Top-5 err = 39.850000,	train_time = 2.957775
TRAIN Iter 57: loss = 0.008846,	Top-1 err = 50.950000,	Top-5 err = 28.400000,	train_time = 3.010530
TRAIN Iter 58: loss = 0.008356,	Top-1 err = 56.050000,	Top-5 err = 34.600000,	train_time = 3.019977
TRAIN Iter 59: loss = 0.008355,	Top-1 err = 52.300000,	Top-5 err = 28.650000,	train_time = 3.089782
TRAIN Iter 60: loss = 0.008630,	Top-1 err = 47.900000,	Top-5 err = 25.050000,	train_time = 3.117564
TRAIN Iter 61: loss = 0.008451,	Top-1 err = 47.100000,	Top-5 err = 24.050000,	train_time = 3.031929
TRAIN Iter 62: loss = 0.008816,	Top-1 err = 42.950000,	Top-5 err = 23.300000,	train_time = 2.934285
TRAIN Iter 63: loss = 0.008660,	Top-1 err = 42.700000,	Top-5 err = 22.000000,	train_time = 2.961453
TRAIN Iter 64: loss = 0.008250,	Top-1 err = 45.600000,	Top-5 err = 26.000000,	train_time = 3.062014
TRAIN Iter 65: loss = 0.008259,	Top-1 err = 44.200000,	Top-5 err = 24.700000,	train_time = 3.016643
TRAIN Iter 66: loss = 0.007991,	Top-1 err = 42.100000,	Top-5 err = 21.600000,	train_time = 3.202976
TRAIN Iter 67: loss = 0.007910,	Top-1 err = 50.800000,	Top-5 err = 30.300000,	train_time = 2.972364
TRAIN Iter 68: loss = 0.007996,	Top-1 err = 47.900000,	Top-5 err = 30.750000,	train_time = 3.011124
TRAIN Iter 69: loss = 0.007752,	Top-1 err = 53.600000,	Top-5 err = 32.250000,	train_time = 3.003681
TRAIN Iter 70: loss = 0.007449,	Top-1 err = 49.300000,	Top-5 err = 29.150000,	train_time = 3.001907
TRAIN Iter 71: loss = 0.007721,	Top-1 err = 44.200000,	Top-5 err = 26.350000,	train_time = 2.965806
TRAIN Iter 72: loss = 0.007239,	Top-1 err = 49.200000,	Top-5 err = 29.750000,	train_time = 3.084218
TRAIN Iter 73: loss = 0.007769,	Top-1 err = 37.250000,	Top-5 err = 18.350000,	train_time = 3.013786
TRAIN Iter 74: loss = 0.007906,	Top-1 err = 37.400000,	Top-5 err = 18.350000,	train_time = 2.987696
TRAIN Iter 75: loss = 0.007360,	Top-1 err = 44.800000,	Top-5 err = 24.500000,	train_time = 2.972609
TRAIN Iter 76: loss = 0.007122,	Top-1 err = 58.150000,	Top-5 err = 38.700000,	train_time = 3.003075
TRAIN Iter 77: loss = 0.007360,	Top-1 err = 42.250000,	Top-5 err = 24.300000,	train_time = 3.114986
TRAIN Iter 78: loss = 0.007157,	Top-1 err = 52.150000,	Top-5 err = 33.200000,	train_time = 3.064045
TRAIN Iter 79: loss = 0.007235,	Top-1 err = 50.000000,	Top-5 err = 29.800000,	train_time = 2.986169
TRAIN Iter 80: loss = 0.006822,	Top-1 err = 43.550000,	Top-5 err = 23.000000,	train_time = 3.187211
TRAIN Iter 81: loss = 0.006833,	Top-1 err = 51.000000,	Top-5 err = 34.050000,	train_time = 3.066000
TRAIN Iter 82: loss = 0.007001,	Top-1 err = 40.150000,	Top-5 err = 21.250000,	train_time = 3.133517
TRAIN Iter 83: loss = 0.006717,	Top-1 err = 48.950000,	Top-5 err = 31.400000,	train_time = 3.184642
TRAIN Iter 84: loss = 0.006618,	Top-1 err = 36.750000,	Top-5 err = 19.500000,	train_time = 2.967878
TRAIN Iter 85: loss = 0.006647,	Top-1 err = 53.150000,	Top-5 err = 34.650000,	train_time = 2.958579
TRAIN Iter 86: loss = 0.006864,	Top-1 err = 35.650000,	Top-5 err = 21.150000,	train_time = 3.105580
TRAIN Iter 87: loss = 0.006647,	Top-1 err = 53.750000,	Top-5 err = 36.150000,	train_time = 3.113257
TRAIN Iter 88: loss = 0.006649,	Top-1 err = 44.900000,	Top-5 err = 25.700000,	train_time = 3.016985
TRAIN Iter 89: loss = 0.006436,	Top-1 err = 45.100000,	Top-5 err = 24.800000,	train_time = 2.993004
TRAIN Iter 90: loss = 0.006266,	Top-1 err = 41.250000,	Top-5 err = 25.550000,	train_time = 3.146142
TRAIN Iter 91: loss = 0.006425,	Top-1 err = 45.150000,	Top-5 err = 29.250000,	train_time = 3.011777
TRAIN Iter 92: loss = 0.006340,	Top-1 err = 43.300000,	Top-5 err = 24.950000,	train_time = 2.928229
TRAIN Iter 93: loss = 0.006427,	Top-1 err = 39.900000,	Top-5 err = 23.000000,	train_time = 3.057749
TRAIN Iter 94: loss = 0.006433,	Top-1 err = 34.650000,	Top-5 err = 19.200000,	train_time = 3.071136
TRAIN Iter 95: loss = 0.006630,	Top-1 err = 35.850000,	Top-5 err = 20.550000,	train_time = 2.939479
TRAIN Iter 96: loss = 0.006327,	Top-1 err = 38.150000,	Top-5 err = 20.350000,	train_time = 3.216882
TRAIN Iter 97: loss = 0.006459,	Top-1 err = 45.400000,	Top-5 err = 28.850000,	train_time = 3.063607
TRAIN Iter 98: loss = 0.006304,	Top-1 err = 18.750000,	Top-5 err = 5.200000,	train_time = 2.978687
TRAIN Iter 99: loss = 0.006265,	Top-1 err = 37.150000,	Top-5 err = 22.550000,	train_time = 2.992316
TRAIN Iter 100: loss = 0.005967,	Top-1 err = 45.850000,	Top-5 err = 28.350000,	train_time = 2.971985
TRAIN Iter 101: loss = 0.006147,	Top-1 err = 44.550000,	Top-5 err = 26.700000,	train_time = 3.224434
TRAIN Iter 102: loss = 0.006116,	Top-1 err = 50.900000,	Top-5 err = 29.450000,	train_time = 3.006986
TRAIN Iter 103: loss = 0.006348,	Top-1 err = 29.050000,	Top-5 err = 16.000000,	train_time = 2.963749
TRAIN Iter 104: loss = 0.006088,	Top-1 err = 56.850000,	Top-5 err = 39.850000,	train_time = 3.040991
TRAIN Iter 105: loss = 0.006139,	Top-1 err = 41.550000,	Top-5 err = 27.450000,	train_time = 2.991126
TRAIN Iter 106: loss = 0.005736,	Top-1 err = 34.300000,	Top-5 err = 17.300000,	train_time = 2.961354
TRAIN Iter 107: loss = 0.005803,	Top-1 err = 39.200000,	Top-5 err = 19.650000,	train_time = 3.042346
TRAIN Iter 108: loss = 0.005829,	Top-1 err = 31.550000,	Top-5 err = 14.650000,	train_time = 3.054381
TRAIN Iter 109: loss = 0.005792,	Top-1 err = 38.700000,	Top-5 err = 20.600000,	train_time = 2.961616
TRAIN Iter 110: loss = 0.005691,	Top-1 err = 18.000000,	Top-5 err = 6.150000,	train_time = 3.061407
TRAIN Iter 111: loss = 0.005626,	Top-1 err = 39.550000,	Top-5 err = 23.100000,	train_time = 3.039142
TRAIN Iter 112: loss = 0.005751,	Top-1 err = 35.800000,	Top-5 err = 24.250000,	train_time = 3.136822
TRAIN Iter 113: loss = 0.005847,	Top-1 err = 18.350000,	Top-5 err = 9.550000,	train_time = 3.075551
TRAIN Iter 114: loss = 0.005703,	Top-1 err = 26.650000,	Top-5 err = 12.750000,	train_time = 3.056017
TRAIN Iter 115: loss = 0.005530,	Top-1 err = 40.350000,	Top-5 err = 21.950000,	train_time = 2.994917
TRAIN Iter 116: loss = 0.005544,	Top-1 err = 29.750000,	Top-5 err = 15.500000,	train_time = 3.035444
TRAIN Iter 117: loss = 0.005663,	Top-1 err = 28.650000,	Top-5 err = 14.850000,	train_time = 2.984947
TRAIN Iter 118: loss = 0.005610,	Top-1 err = 44.000000,	Top-5 err = 28.150000,	train_time = 3.271399
TRAIN Iter 119: loss = 0.005623,	Top-1 err = 27.550000,	Top-5 err = 12.950000,	train_time = 3.106890
TRAIN Iter 120: loss = 0.005490,	Top-1 err = 38.950000,	Top-5 err = 21.800000,	train_time = 3.079976
TRAIN Iter 121: loss = 0.005513,	Top-1 err = 47.200000,	Top-5 err = 30.300000,	train_time = 3.006901
TRAIN Iter 122: loss = 0.005428,	Top-1 err = 43.500000,	Top-5 err = 27.550000,	train_time = 3.022196
TRAIN Iter 123: loss = 0.005576,	Top-1 err = 44.100000,	Top-5 err = 28.300000,	train_time = 2.983931
TRAIN Iter 124: loss = 0.005522,	Top-1 err = 47.800000,	Top-5 err = 32.100000,	train_time = 2.983281
TRAIN Iter 125: loss = 0.005566,	Top-1 err = 45.000000,	Top-5 err = 31.100000,	train_time = 2.979233
TRAIN Iter 126: loss = 0.005547,	Top-1 err = 46.050000,	Top-5 err = 30.600000,	train_time = 3.010389
TRAIN Iter 127: loss = 0.005426,	Top-1 err = 41.450000,	Top-5 err = 25.400000,	train_time = 3.312943
TRAIN Iter 128: loss = 0.005416,	Top-1 err = 42.650000,	Top-5 err = 29.000000,	train_time = 3.007485
TRAIN Iter 129: loss = 0.005224,	Top-1 err = 26.450000,	Top-5 err = 14.550000,	train_time = 3.083925
TRAIN Iter 130: loss = 0.005216,	Top-1 err = 47.400000,	Top-5 err = 31.200000,	train_time = 3.035629
TRAIN Iter 131: loss = 0.005247,	Top-1 err = 35.200000,	Top-5 err = 20.100000,	train_time = 2.942908
TRAIN Iter 132: loss = 0.005388,	Top-1 err = 32.300000,	Top-5 err = 17.150000,	train_time = 3.007050
TRAIN Iter 133: loss = 0.005234,	Top-1 err = 24.050000,	Top-5 err = 11.350000,	train_time = 3.070878
TRAIN Iter 134: loss = 0.005166,	Top-1 err = 50.150000,	Top-5 err = 32.050000,	train_time = 3.018442
TRAIN Iter 135: loss = 0.005370,	Top-1 err = 32.350000,	Top-5 err = 20.800000,	train_time = 3.184626
TRAIN Iter 136: loss = 0.005059,	Top-1 err = 25.150000,	Top-5 err = 12.850000,	train_time = 2.962527
TRAIN Iter 137: loss = 0.005174,	Top-1 err = 55.300000,	Top-5 err = 37.550000,	train_time = 3.073950
TRAIN Iter 138: loss = 0.005104,	Top-1 err = 31.400000,	Top-5 err = 13.900000,	train_time = 3.119293
TRAIN Iter 139: loss = 0.005114,	Top-1 err = 28.500000,	Top-5 err = 15.900000,	train_time = 2.977949
TRAIN Iter 140: loss = 0.005087,	Top-1 err = 35.700000,	Top-5 err = 19.150000,	train_time = 2.950898
TRAIN Iter 141: loss = 0.005146,	Top-1 err = 34.300000,	Top-5 err = 18.750000,	train_time = 2.981489
TRAIN Iter 142: loss = 0.005143,	Top-1 err = 35.200000,	Top-5 err = 19.950000,	train_time = 2.976964
TRAIN Iter 143: loss = 0.004979,	Top-1 err = 31.000000,	Top-5 err = 19.050000,	train_time = 3.292129
TRAIN Iter 144: loss = 0.005031,	Top-1 err = 27.550000,	Top-5 err = 12.750000,	train_time = 3.091267
TRAIN Iter 145: loss = 0.004869,	Top-1 err = 39.600000,	Top-5 err = 26.550000,	train_time = 2.944603
TRAIN Iter 146: loss = 0.005040,	Top-1 err = 38.500000,	Top-5 err = 23.250000,	train_time = 3.155929
TRAIN Iter 147: loss = 0.005030,	Top-1 err = 45.700000,	Top-5 err = 29.150000,	train_time = 3.056894
TRAIN Iter 148: loss = 0.004922,	Top-1 err = 43.250000,	Top-5 err = 27.750000,	train_time = 2.998694
TRAIN Iter 149: loss = 0.005003,	Top-1 err = 31.450000,	Top-5 err = 17.050000,	train_time = 3.018888
TRAIN Iter 150: loss = 0.004788,	Top-1 err = 29.700000,	Top-5 err = 17.650000,	train_time = 3.002299
TRAIN Iter 151: loss = 0.004770,	Top-1 err = 35.450000,	Top-5 err = 21.500000,	train_time = 3.000355
TRAIN Iter 152: loss = 0.004773,	Top-1 err = 26.550000,	Top-5 err = 15.350000,	train_time = 2.997061
TRAIN Iter 153: loss = 0.004747,	Top-1 err = 16.150000,	Top-5 err = 7.450000,	train_time = 3.026581
TRAIN Iter 154: loss = 0.004844,	Top-1 err = 26.300000,	Top-5 err = 12.050000,	train_time = 2.962193
TRAIN Iter 155: loss = 0.004778,	Top-1 err = 24.900000,	Top-5 err = 12.500000,	train_time = 3.148813
TRAIN Iter 156: loss = 0.004730,	Top-1 err = 42.500000,	Top-5 err = 28.250000,	train_time = 3.007954
TRAIN Iter 157: loss = 0.004790,	Top-1 err = 26.750000,	Top-5 err = 14.550000,	train_time = 2.965603
TRAIN Iter 158: loss = 0.004741,	Top-1 err = 38.900000,	Top-5 err = 25.900000,	train_time = 3.312621
TRAIN Iter 159: loss = 0.004684,	Top-1 err = 31.050000,	Top-5 err = 19.900000,	train_time = 3.013817
TRAIN Iter 160: loss = 0.004793,	Top-1 err = 39.250000,	Top-5 err = 21.150000,	train_time = 2.945595
TRAIN Iter 161: loss = 0.004679,	Top-1 err = 26.000000,	Top-5 err = 12.950000,	train_time = 2.960601
TRAIN Iter 162: loss = 0.004625,	Top-1 err = 42.350000,	Top-5 err = 24.550000,	train_time = 3.103466
TRAIN Iter 163: loss = 0.004717,	Top-1 err = 32.000000,	Top-5 err = 18.150000,	train_time = 3.007207
TRAIN Iter 164: loss = 0.004718,	Top-1 err = 37.050000,	Top-5 err = 18.700000,	train_time = 2.998546
TRAIN Iter 165: loss = 0.004706,	Top-1 err = 33.550000,	Top-5 err = 16.150000,	train_time = 3.083675
TRAIN Iter 166: loss = 0.004665,	Top-1 err = 38.350000,	Top-5 err = 21.900000,	train_time = 2.990632
TRAIN Iter 167: loss = 0.004727,	Top-1 err = 43.650000,	Top-5 err = 28.300000,	train_time = 3.121631
TRAIN Iter 168: loss = 0.004753,	Top-1 err = 31.450000,	Top-5 err = 15.800000,	train_time = 3.050313
TRAIN Iter 169: loss = 0.004719,	Top-1 err = 49.250000,	Top-5 err = 33.250000,	train_time = 2.940956
TRAIN Iter 170: loss = 0.004616,	Top-1 err = 24.900000,	Top-5 err = 12.750000,	train_time = 2.950292
TRAIN Iter 171: loss = 0.004499,	Top-1 err = 25.300000,	Top-5 err = 15.150000,	train_time = 3.030052
TRAIN Iter 172: loss = 0.004656,	Top-1 err = 46.050000,	Top-5 err = 28.950000,	train_time = 3.160316
TRAIN Iter 173: loss = 0.004588,	Top-1 err = 46.650000,	Top-5 err = 25.150000,	train_time = 2.939668
TRAIN Iter 174: loss = 0.004541,	Top-1 err = 38.450000,	Top-5 err = 24.500000,	train_time = 3.036944
TRAIN Iter 175: loss = 0.004551,	Top-1 err = 37.050000,	Top-5 err = 24.250000,	train_time = 2.986025
TRAIN Iter 176: loss = 0.004413,	Top-1 err = 28.350000,	Top-5 err = 16.350000,	train_time = 3.082153
TRAIN Iter 177: loss = 0.004436,	Top-1 err = 35.000000,	Top-5 err = 21.350000,	train_time = 3.045493
TRAIN Iter 178: loss = 0.004397,	Top-1 err = 26.050000,	Top-5 err = 16.200000,	train_time = 3.004003
TRAIN Iter 179: loss = 0.004545,	Top-1 err = 29.200000,	Top-5 err = 17.200000,	train_time = 2.973288
TRAIN Iter 180: loss = 0.004350,	Top-1 err = 34.600000,	Top-5 err = 27.000000,	train_time = 2.992727
TRAIN Iter 181: loss = 0.004473,	Top-1 err = 30.500000,	Top-5 err = 15.550000,	train_time = 3.006695
TRAIN Iter 182: loss = 0.004575,	Top-1 err = 30.250000,	Top-5 err = 17.400000,	train_time = 2.990918
TRAIN Iter 183: loss = 0.004469,	Top-1 err = 40.100000,	Top-5 err = 24.950000,	train_time = 3.184302
TRAIN Iter 184: loss = 0.004445,	Top-1 err = 34.100000,	Top-5 err = 20.000000,	train_time = 3.136378
TRAIN Iter 185: loss = 0.004375,	Top-1 err = 34.750000,	Top-5 err = 22.900000,	train_time = 3.011997
TRAIN Iter 186: loss = 0.004458,	Top-1 err = 32.900000,	Top-5 err = 18.200000,	train_time = 2.977767
TRAIN Iter 187: loss = 0.004427,	Top-1 err = 41.350000,	Top-5 err = 23.950000,	train_time = 3.007321
TRAIN Iter 188: loss = 0.004473,	Top-1 err = 38.550000,	Top-5 err = 25.450000,	train_time = 3.124058
TRAIN Iter 189: loss = 0.004374,	Top-1 err = 38.500000,	Top-5 err = 26.650000,	train_time = 2.994308
TRAIN Iter 190: loss = 0.004271,	Top-1 err = 28.500000,	Top-5 err = 13.300000,	train_time = 3.305803
TRAIN Iter 191: loss = 0.004482,	Top-1 err = 25.700000,	Top-5 err = 9.600000,	train_time = 3.120211
TRAIN Iter 192: loss = 0.004308,	Top-1 err = 29.250000,	Top-5 err = 12.900000,	train_time = 2.927718
TRAIN Iter 193: loss = 0.004359,	Top-1 err = 36.650000,	Top-5 err = 19.250000,	train_time = 2.966567
TRAIN Iter 194: loss = 0.004165,	Top-1 err = 30.450000,	Top-5 err = 17.600000,	train_time = 2.948202
TRAIN Iter 195: loss = 0.004333,	Top-1 err = 38.650000,	Top-5 err = 23.550000,	train_time = 3.048397
TRAIN Iter 196: loss = 0.004255,	Top-1 err = 41.700000,	Top-5 err = 28.100000,	train_time = 3.039798
TRAIN Iter 197: loss = 0.004229,	Top-1 err = 44.350000,	Top-5 err = 26.700000,	train_time = 3.120363
TRAIN Iter 198: loss = 0.004191,	Top-1 err = 29.800000,	Top-5 err = 19.950000,	train_time = 3.037338
TRAIN Iter 199: loss = 0.004133,	Top-1 err = 29.900000,	Top-5 err = 16.950000,	train_time = 3.011544
TRAIN Iter 200: loss = 0.004241,	Top-1 err = 21.850000,	Top-5 err = 8.950000,	train_time = 3.292083
TRAIN Iter 201: loss = 0.004162,	Top-1 err = 33.550000,	Top-5 err = 19.600000,	train_time = 3.043003
TRAIN Iter 202: loss = 0.004253,	Top-1 err = 43.000000,	Top-5 err = 25.850000,	train_time = 2.930691
TRAIN Iter 203: loss = 0.004167,	Top-1 err = 34.150000,	Top-5 err = 21.400000,	train_time = 2.961397
TRAIN Iter 204: loss = 0.004253,	Top-1 err = 35.850000,	Top-5 err = 19.600000,	train_time = 3.200794
TRAIN Iter 205: loss = 0.004223,	Top-1 err = 28.200000,	Top-5 err = 15.200000,	train_time = 3.117002
TRAIN Iter 206: loss = 0.004159,	Top-1 err = 34.650000,	Top-5 err = 16.650000,	train_time = 2.999175
TRAIN Iter 207: loss = 0.004111,	Top-1 err = 43.400000,	Top-5 err = 28.700000,	train_time = 2.937640
TRAIN Iter 208: loss = 0.004028,	Top-1 err = 17.400000,	Top-5 err = 8.850000,	train_time = 3.291744
TRAIN Iter 209: loss = 0.004173,	Top-1 err = 23.750000,	Top-5 err = 10.200000,	train_time = 3.152428
TRAIN Iter 210: loss = 0.004009,	Top-1 err = 19.250000,	Top-5 err = 11.350000,	train_time = 2.948205
TRAIN Iter 211: loss = 0.004251,	Top-1 err = 36.050000,	Top-5 err = 21.750000,	train_time = 3.006103
TRAIN Iter 212: loss = 0.004149,	Top-1 err = 29.300000,	Top-5 err = 17.100000,	train_time = 2.956683
TRAIN Iter 213: loss = 0.004043,	Top-1 err = 16.900000,	Top-5 err = 8.050000,	train_time = 2.945318
TRAIN Iter 214: loss = 0.004018,	Top-1 err = 16.950000,	Top-5 err = 7.550000,	train_time = 3.204848
TRAIN Iter 215: loss = 0.004041,	Top-1 err = 37.600000,	Top-5 err = 20.000000,	train_time = 3.295424
TRAIN Iter 216: loss = 0.004103,	Top-1 err = 33.750000,	Top-5 err = 22.350000,	train_time = 3.158986
TRAIN Iter 217: loss = 0.004160,	Top-1 err = 25.900000,	Top-5 err = 13.850000,	train_time = 2.918285
TRAIN Iter 218: loss = 0.004207,	Top-1 err = 49.450000,	Top-5 err = 27.800000,	train_time = 3.020959
TRAIN Iter 219: loss = 0.003963,	Top-1 err = 23.600000,	Top-5 err = 15.000000,	train_time = 3.083464
TRAIN Iter 220: loss = 0.003957,	Top-1 err = 25.050000,	Top-5 err = 11.350000,	train_time = 2.944166
TRAIN Iter 221: loss = 0.003949,	Top-1 err = 23.250000,	Top-5 err = 12.050000,	train_time = 3.014494
TRAIN Iter 222: loss = 0.004130,	Top-1 err = 34.800000,	Top-5 err = 21.800000,	train_time = 3.103044
TRAIN Iter 223: loss = 0.003933,	Top-1 err = 40.900000,	Top-5 err = 27.250000,	train_time = 3.275780
TRAIN Iter 224: loss = 0.003896,	Top-1 err = 14.450000,	Top-5 err = 6.300000,	train_time = 3.006296
TRAIN Iter 225: loss = 0.004095,	Top-1 err = 32.550000,	Top-5 err = 20.500000,	train_time = 3.047709
TRAIN Iter 226: loss = 0.004004,	Top-1 err = 32.950000,	Top-5 err = 18.800000,	train_time = 2.929302
TRAIN Iter 227: loss = 0.004109,	Top-1 err = 28.500000,	Top-5 err = 15.000000,	train_time = 3.113556
TRAIN Iter 228: loss = 0.003839,	Top-1 err = 24.350000,	Top-5 err = 15.000000,	train_time = 3.300655
TRAIN Iter 229: loss = 0.004068,	Top-1 err = 29.150000,	Top-5 err = 16.150000,	train_time = 3.030283
TRAIN Iter 230: loss = 0.003901,	Top-1 err = 53.250000,	Top-5 err = 36.700000,	train_time = 2.982062
TRAIN Iter 231: loss = 0.003896,	Top-1 err = 37.800000,	Top-5 err = 26.500000,	train_time = 3.027329
TRAIN Iter 232: loss = 0.003972,	Top-1 err = 46.950000,	Top-5 err = 30.000000,	train_time = 2.933032
TRAIN Iter 233: loss = 0.003934,	Top-1 err = 36.100000,	Top-5 err = 19.600000,	train_time = 2.945271
TRAIN Iter 234: loss = 0.003827,	Top-1 err = 22.550000,	Top-5 err = 12.500000,	train_time = 2.989002
TRAIN Iter 235: loss = 0.004070,	Top-1 err = 37.700000,	Top-5 err = 19.750000,	train_time = 2.982781
TRAIN Iter 236: loss = 0.003962,	Top-1 err = 41.100000,	Top-5 err = 27.350000,	train_time = 3.035940
TRAIN Iter 237: loss = 0.004024,	Top-1 err = 43.050000,	Top-5 err = 26.700000,	train_time = 3.021290
TRAIN Iter 238: loss = 0.003965,	Top-1 err = 33.950000,	Top-5 err = 15.000000,	train_time = 3.024984
TRAIN Iter 239: loss = 0.003809,	Top-1 err = 37.200000,	Top-5 err = 17.600000,	train_time = 2.988403
TRAIN Iter 240: loss = 0.003994,	Top-1 err = 35.450000,	Top-5 err = 17.850000,	train_time = 2.983829
TRAIN Iter 241: loss = 0.004006,	Top-1 err = 48.900000,	Top-5 err = 31.550000,	train_time = 2.929896
TRAIN Iter 242: loss = 0.003928,	Top-1 err = 35.400000,	Top-5 err = 20.300000,	train_time = 3.072566
TRAIN Iter 243: loss = 0.003786,	Top-1 err = 30.300000,	Top-5 err = 16.800000,	train_time = 3.337482
TRAIN Iter 244: loss = 0.003838,	Top-1 err = 24.200000,	Top-5 err = 13.000000,	train_time = 3.148245
TRAIN Iter 245: loss = 0.004000,	Top-1 err = 43.050000,	Top-5 err = 24.400000,	train_time = 2.935751
TRAIN Iter 246: loss = 0.003832,	Top-1 err = 28.800000,	Top-5 err = 15.150000,	train_time = 3.071692
TRAIN Iter 247: loss = 0.003913,	Top-1 err = 29.250000,	Top-5 err = 12.150000,	train_time = 3.010556
TRAIN Iter 248: loss = 0.003888,	Top-1 err = 30.100000,	Top-5 err = 15.200000,	train_time = 3.000091
TRAIN Iter 249: loss = 0.003829,	Top-1 err = 36.900000,	Top-5 err = 19.850000,	train_time = 3.077823
TEST:
Iter 249: loss = 2.654327,	Top-1 err = 57.170000,	Top-5 err = 30.860000,	val_time = 2.831277
TRAIN Iter 250: loss = 0.003804,	Top-1 err = 35.450000,	Top-5 err = 19.050000,	train_time = 2.998154
TRAIN Iter 251: loss = 0.003827,	Top-1 err = 22.000000,	Top-5 err = 8.650000,	train_time = 3.011403
TRAIN Iter 252: loss = 0.003742,	Top-1 err = 36.750000,	Top-5 err = 24.500000,	train_time = 3.017542
TRAIN Iter 253: loss = 0.003791,	Top-1 err = 36.750000,	Top-5 err = 22.050000,	train_time = 3.013952
TRAIN Iter 254: loss = 0.003887,	Top-1 err = 34.300000,	Top-5 err = 17.400000,	train_time = 3.071805
TRAIN Iter 255: loss = 0.003893,	Top-1 err = 46.950000,	Top-5 err = 29.000000,	train_time = 3.099252
TRAIN Iter 256: loss = 0.003669,	Top-1 err = 20.850000,	Top-5 err = 12.200000,	train_time = 2.976926
TRAIN Iter 257: loss = 0.003730,	Top-1 err = 15.850000,	Top-5 err = 7.750000,	train_time = 3.023584
TRAIN Iter 258: loss = 0.003745,	Top-1 err = 29.000000,	Top-5 err = 17.050000,	train_time = 2.980215
TRAIN Iter 259: loss = 0.003702,	Top-1 err = 25.200000,	Top-5 err = 14.150000,	train_time = 2.970681
TEST:
Iter 259: loss = 2.622010,	Top-1 err = 57.390000,	Top-5 err = 30.710000,	val_time = 2.887291
TRAIN Iter 260: loss = 0.003793,	Top-1 err = 31.950000,	Top-5 err = 17.000000,	train_time = 2.998605
TRAIN Iter 261: loss = 0.003718,	Top-1 err = 26.100000,	Top-5 err = 16.150000,	train_time = 3.090408
TRAIN Iter 262: loss = 0.003736,	Top-1 err = 16.450000,	Top-5 err = 6.250000,	train_time = 2.966847
TRAIN Iter 263: loss = 0.003854,	Top-1 err = 32.400000,	Top-5 err = 17.450000,	train_time = 2.988882
TRAIN Iter 264: loss = 0.003719,	Top-1 err = 22.650000,	Top-5 err = 9.750000,	train_time = 3.200415
TRAIN Iter 265: loss = 0.003694,	Top-1 err = 26.850000,	Top-5 err = 13.950000,	train_time = 3.283909
TRAIN Iter 266: loss = 0.003796,	Top-1 err = 30.750000,	Top-5 err = 13.200000,	train_time = 3.138586
TRAIN Iter 267: loss = 0.003707,	Top-1 err = 26.400000,	Top-5 err = 11.400000,	train_time = 2.927511
TRAIN Iter 268: loss = 0.003671,	Top-1 err = 30.350000,	Top-5 err = 16.450000,	train_time = 2.970415
TRAIN Iter 269: loss = 0.003722,	Top-1 err = 22.150000,	Top-5 err = 7.750000,	train_time = 3.031441
TEST:
Iter 269: loss = 2.553355,	Top-1 err = 56.430000,	Top-5 err = 29.670000,	val_time = 2.838567
TRAIN Iter 270: loss = 0.003595,	Top-1 err = 22.450000,	Top-5 err = 11.550000,	train_time = 3.037396
TRAIN Iter 271: loss = 0.003696,	Top-1 err = 29.400000,	Top-5 err = 16.700000,	train_time = 3.127483
TRAIN Iter 272: loss = 0.003808,	Top-1 err = 47.450000,	Top-5 err = 30.400000,	train_time = 3.307873
TRAIN Iter 273: loss = 0.004012,	Top-1 err = 46.250000,	Top-5 err = 26.050000,	train_time = 3.162595
TRAIN Iter 274: loss = 0.003668,	Top-1 err = 12.600000,	Top-5 err = 4.000000,	train_time = 2.955638
TRAIN Iter 275: loss = 0.003752,	Top-1 err = 36.800000,	Top-5 err = 21.650000,	train_time = 3.025447
TRAIN Iter 276: loss = 0.003719,	Top-1 err = 26.000000,	Top-5 err = 17.400000,	train_time = 3.030782
TRAIN Iter 277: loss = 0.003717,	Top-1 err = 34.700000,	Top-5 err = 18.150000,	train_time = 2.935961
TRAIN Iter 278: loss = 0.003715,	Top-1 err = 37.700000,	Top-5 err = 25.550000,	train_time = 3.009905
TRAIN Iter 279: loss = 0.003612,	Top-1 err = 26.050000,	Top-5 err = 14.050000,	train_time = 2.991597
TEST:
Iter 279: loss = 2.605084,	Top-1 err = 56.370000,	Top-5 err = 29.880000,	val_time = 3.057677
TRAIN Iter 280: loss = 0.003612,	Top-1 err = 27.650000,	Top-5 err = 16.800000,	train_time = 2.986569
TRAIN Iter 281: loss = 0.003465,	Top-1 err = 30.350000,	Top-5 err = 18.150000,	train_time = 3.034402
TRAIN Iter 282: loss = 0.003535,	Top-1 err = 14.000000,	Top-5 err = 6.300000,	train_time = 3.051193
TRAIN Iter 283: loss = 0.003528,	Top-1 err = 27.650000,	Top-5 err = 16.450000,	train_time = 2.952526
TRAIN Iter 284: loss = 0.003733,	Top-1 err = 28.400000,	Top-5 err = 16.300000,	train_time = 2.992095
TRAIN Iter 285: loss = 0.003550,	Top-1 err = 19.150000,	Top-5 err = 7.600000,	train_time = 2.923363
TRAIN Iter 286: loss = 0.003625,	Top-1 err = 24.400000,	Top-5 err = 10.400000,	train_time = 3.242975
TRAIN Iter 287: loss = 0.003627,	Top-1 err = 22.700000,	Top-5 err = 7.900000,	train_time = 3.117197
TRAIN Iter 288: loss = 0.003596,	Top-1 err = 27.250000,	Top-5 err = 12.800000,	train_time = 2.998348
TRAIN Iter 289: loss = 0.003471,	Top-1 err = 11.050000,	Top-5 err = 5.150000,	train_time = 2.963672
TEST:
Iter 289: loss = 2.561669,	Top-1 err = 56.210000,	Top-5 err = 29.790000,	val_time = 2.958305
TRAIN Iter 290: loss = 0.003700,	Top-1 err = 34.600000,	Top-5 err = 20.150000,	train_time = 3.035546
TRAIN Iter 291: loss = 0.003454,	Top-1 err = 33.050000,	Top-5 err = 19.750000,	train_time = 2.956211
TRAIN Iter 292: loss = 0.003718,	Top-1 err = 40.650000,	Top-5 err = 23.650000,	train_time = 2.985956
TRAIN Iter 293: loss = 0.003510,	Top-1 err = 34.150000,	Top-5 err = 21.400000,	train_time = 3.101169
TRAIN Iter 294: loss = 0.003507,	Top-1 err = 28.650000,	Top-5 err = 16.300000,	train_time = 3.103910
TRAIN Iter 295: loss = 0.003677,	Top-1 err = 31.500000,	Top-5 err = 18.450000,	train_time = 3.020514
TRAIN Iter 296: loss = 0.003492,	Top-1 err = 30.550000,	Top-5 err = 18.450000,	train_time = 3.151366
TRAIN Iter 297: loss = 0.003675,	Top-1 err = 45.700000,	Top-5 err = 32.150000,	train_time = 3.205658
TRAIN Iter 298: loss = 0.003391,	Top-1 err = 31.200000,	Top-5 err = 23.650000,	train_time = 2.963428
TRAIN Iter 299: loss = 0.003501,	Top-1 err = 23.050000,	Top-5 err = 12.150000,	train_time = 2.960970
TEST:
Iter 299: loss = 2.512115,	Top-1 err = 55.380000,	Top-5 err = 29.070000,	val_time = 2.831408
Train Finish! Best accuracy is 44.62@299
