/home/dvspanos/miniconda3/envs/rded/lib/python3.10/site-packages/torchvision/models/_utils.py:208: UserWarning: The parameter 'pretrained' is deprecated since 0.13 and may be removed in the future, please use 'weights' instead.
  warnings.warn(
/home/dvspanos/miniconda3/envs/rded/lib/python3.10/site-packages/torchvision/models/_utils.py:223: UserWarning: Arguments other than a weight enum or `None` for 'weights' are deprecated since 0.13 and may be removed in the future. The current behavior is equivalent to passing `weights=None`.
  warnings.warn(msg)
=> using pytorch pre-trained teacher model 'resnet18_modified'
process data from /home/dvspanos/nikos/ca2d/artifacts/sets/bench_tin_rn18_rcad2d_ipc10
load data successfully
TRAIN Iter 0: loss = 0.019497,	Top-1 err = 99.200000,	Top-5 err = 96.300000,	train_time = 4.480021
TRAIN Iter 1: loss = 0.018122,	Top-1 err = 98.400000,	Top-5 err = 92.750000,	train_time = 2.842270
TRAIN Iter 2: loss = 0.016469,	Top-1 err = 98.150000,	Top-5 err = 91.400000,	train_time = 2.873519
TRAIN Iter 3: loss = 0.018531,	Top-1 err = 97.350000,	Top-5 err = 89.400000,	train_time = 2.885292
TRAIN Iter 4: loss = 0.017314,	Top-1 err = 96.450000,	Top-5 err = 87.750000,	train_time = 2.879581
TRAIN Iter 5: loss = 0.016600,	Top-1 err = 95.900000,	Top-5 err = 85.100000,	train_time = 3.135561
TRAIN Iter 6: loss = 0.017347,	Top-1 err = 95.750000,	Top-5 err = 82.800000,	train_time = 2.980641
TRAIN Iter 7: loss = 0.017895,	Top-1 err = 93.400000,	Top-5 err = 78.850000,	train_time = 2.912679
TRAIN Iter 8: loss = 0.015921,	Top-1 err = 93.250000,	Top-5 err = 78.600000,	train_time = 3.243766
TRAIN Iter 9: loss = 0.015353,	Top-1 err = 92.300000,	Top-5 err = 77.900000,	train_time = 3.007671
TRAIN Iter 10: loss = 0.014731,	Top-1 err = 93.550000,	Top-5 err = 79.400000,	train_time = 2.900682
TRAIN Iter 11: loss = 0.015368,	Top-1 err = 92.150000,	Top-5 err = 76.400000,	train_time = 2.944951
TRAIN Iter 12: loss = 0.015154,	Top-1 err = 90.850000,	Top-5 err = 74.050000,	train_time = 2.976069
TRAIN Iter 13: loss = 0.013632,	Top-1 err = 91.900000,	Top-5 err = 74.000000,	train_time = 2.956626
TRAIN Iter 14: loss = 0.013887,	Top-1 err = 88.950000,	Top-5 err = 69.800000,	train_time = 3.223778
TRAIN Iter 15: loss = 0.014641,	Top-1 err = 88.850000,	Top-5 err = 71.250000,	train_time = 3.078722
TRAIN Iter 16: loss = 0.013439,	Top-1 err = 88.250000,	Top-5 err = 69.250000,	train_time = 2.976161
TRAIN Iter 17: loss = 0.014098,	Top-1 err = 85.150000,	Top-5 err = 64.650000,	train_time = 3.055381
TRAIN Iter 18: loss = 0.014748,	Top-1 err = 84.050000,	Top-5 err = 63.800000,	train_time = 3.033040
TRAIN Iter 19: loss = 0.014170,	Top-1 err = 87.400000,	Top-5 err = 68.250000,	train_time = 3.123391
TRAIN Iter 20: loss = 0.014395,	Top-1 err = 84.800000,	Top-5 err = 62.050000,	train_time = 3.086727
TRAIN Iter 21: loss = 0.012871,	Top-1 err = 84.850000,	Top-5 err = 62.600000,	train_time = 3.059502
TRAIN Iter 22: loss = 0.013430,	Top-1 err = 85.700000,	Top-5 err = 64.750000,	train_time = 3.244557
TRAIN Iter 23: loss = 0.013766,	Top-1 err = 82.550000,	Top-5 err = 60.150000,	train_time = 3.103054
TRAIN Iter 24: loss = 0.013371,	Top-1 err = 79.300000,	Top-5 err = 52.150000,	train_time = 2.985417
TRAIN Iter 25: loss = 0.012541,	Top-1 err = 80.350000,	Top-5 err = 58.700000,	train_time = 3.096714
TRAIN Iter 26: loss = 0.012835,	Top-1 err = 78.950000,	Top-5 err = 54.650000,	train_time = 3.063865
TRAIN Iter 27: loss = 0.012693,	Top-1 err = 77.700000,	Top-5 err = 53.850000,	train_time = 2.973361
TRAIN Iter 28: loss = 0.012074,	Top-1 err = 83.850000,	Top-5 err = 65.550000,	train_time = 2.993403
TRAIN Iter 29: loss = 0.010724,	Top-1 err = 81.850000,	Top-5 err = 61.200000,	train_time = 3.152081
TRAIN Iter 30: loss = 0.012744,	Top-1 err = 74.850000,	Top-5 err = 49.950000,	train_time = 3.075115
TRAIN Iter 31: loss = 0.011823,	Top-1 err = 74.900000,	Top-5 err = 49.600000,	train_time = 3.132910
TRAIN Iter 32: loss = 0.011431,	Top-1 err = 77.300000,	Top-5 err = 54.150000,	train_time = 3.341119
TRAIN Iter 33: loss = 0.012981,	Top-1 err = 75.800000,	Top-5 err = 52.150000,	train_time = 3.211201
TRAIN Iter 34: loss = 0.010642,	Top-1 err = 73.900000,	Top-5 err = 47.450000,	train_time = 3.172929
TRAIN Iter 35: loss = 0.011609,	Top-1 err = 73.050000,	Top-5 err = 47.450000,	train_time = 2.949032
TRAIN Iter 36: loss = 0.010127,	Top-1 err = 83.200000,	Top-5 err = 63.650000,	train_time = 3.099555
TRAIN Iter 37: loss = 0.010673,	Top-1 err = 71.700000,	Top-5 err = 45.150000,	train_time = 3.021893
TRAIN Iter 38: loss = 0.011089,	Top-1 err = 65.400000,	Top-5 err = 38.150000,	train_time = 3.187102
TRAIN Iter 39: loss = 0.010385,	Top-1 err = 78.200000,	Top-5 err = 55.450000,	train_time = 3.061130
TRAIN Iter 40: loss = 0.011570,	Top-1 err = 71.100000,	Top-5 err = 46.950000,	train_time = 3.025867
TRAIN Iter 41: loss = 0.012060,	Top-1 err = 63.300000,	Top-5 err = 37.700000,	train_time = 3.190960
TRAIN Iter 42: loss = 0.010592,	Top-1 err = 69.700000,	Top-5 err = 46.150000,	train_time = 3.067241
TRAIN Iter 43: loss = 0.010878,	Top-1 err = 66.050000,	Top-5 err = 42.050000,	train_time = 3.084398
TRAIN Iter 44: loss = 0.009879,	Top-1 err = 75.450000,	Top-5 err = 53.450000,	train_time = 3.028464
TRAIN Iter 45: loss = 0.010641,	Top-1 err = 57.000000,	Top-5 err = 33.100000,	train_time = 3.314579
TRAIN Iter 46: loss = 0.010722,	Top-1 err = 56.500000,	Top-5 err = 29.750000,	train_time = 3.051562
TRAIN Iter 47: loss = 0.009998,	Top-1 err = 66.500000,	Top-5 err = 45.550000,	train_time = 3.074211
TRAIN Iter 48: loss = 0.010171,	Top-1 err = 70.400000,	Top-5 err = 51.750000,	train_time = 3.027158
TRAIN Iter 49: loss = 0.009854,	Top-1 err = 64.850000,	Top-5 err = 41.050000,	train_time = 3.075789
TRAIN Iter 50: loss = 0.009580,	Top-1 err = 61.000000,	Top-5 err = 36.100000,	train_time = 3.068856
TRAIN Iter 51: loss = 0.010176,	Top-1 err = 61.150000,	Top-5 err = 39.900000,	train_time = 3.049076
TRAIN Iter 52: loss = 0.009558,	Top-1 err = 58.350000,	Top-5 err = 33.750000,	train_time = 3.018763
TRAIN Iter 53: loss = 0.009443,	Top-1 err = 67.000000,	Top-5 err = 45.850000,	train_time = 3.121397
TRAIN Iter 54: loss = 0.008933,	Top-1 err = 59.650000,	Top-5 err = 36.600000,	train_time = 3.032414
TRAIN Iter 55: loss = 0.008852,	Top-1 err = 61.950000,	Top-5 err = 38.350000,	train_time = 3.136892
TRAIN Iter 56: loss = 0.009615,	Top-1 err = 55.600000,	Top-5 err = 33.400000,	train_time = 3.099354
TRAIN Iter 57: loss = 0.008167,	Top-1 err = 67.350000,	Top-5 err = 43.700000,	train_time = 3.057198
TRAIN Iter 58: loss = 0.009125,	Top-1 err = 67.550000,	Top-5 err = 47.300000,	train_time = 3.291072
TRAIN Iter 59: loss = 0.009005,	Top-1 err = 59.450000,	Top-5 err = 36.750000,	train_time = 3.214062
TRAIN Iter 60: loss = 0.008403,	Top-1 err = 59.900000,	Top-5 err = 37.400000,	train_time = 3.048893
TRAIN Iter 61: loss = 0.008129,	Top-1 err = 59.400000,	Top-5 err = 38.000000,	train_time = 3.266087
TRAIN Iter 62: loss = 0.008445,	Top-1 err = 46.750000,	Top-5 err = 24.200000,	train_time = 3.287082
TRAIN Iter 63: loss = 0.008730,	Top-1 err = 53.650000,	Top-5 err = 32.500000,	train_time = 3.158985
TRAIN Iter 64: loss = 0.008528,	Top-1 err = 48.500000,	Top-5 err = 28.600000,	train_time = 3.015037
TRAIN Iter 65: loss = 0.007741,	Top-1 err = 65.750000,	Top-5 err = 44.300000,	train_time = 3.288940
TRAIN Iter 66: loss = 0.008959,	Top-1 err = 53.100000,	Top-5 err = 31.150000,	train_time = 3.125959
TRAIN Iter 67: loss = 0.008338,	Top-1 err = 55.550000,	Top-5 err = 36.350000,	train_time = 3.187921
TRAIN Iter 68: loss = 0.008037,	Top-1 err = 53.000000,	Top-5 err = 31.800000,	train_time = 3.251623
TRAIN Iter 69: loss = 0.008125,	Top-1 err = 43.350000,	Top-5 err = 24.550000,	train_time = 3.103799
TRAIN Iter 70: loss = 0.007945,	Top-1 err = 52.650000,	Top-5 err = 29.100000,	train_time = 3.279729
TRAIN Iter 71: loss = 0.007640,	Top-1 err = 45.950000,	Top-5 err = 25.700000,	train_time = 3.076329
TRAIN Iter 72: loss = 0.007743,	Top-1 err = 50.700000,	Top-5 err = 28.250000,	train_time = 3.103907
TRAIN Iter 73: loss = 0.007988,	Top-1 err = 44.900000,	Top-5 err = 27.750000,	train_time = 3.188379
TRAIN Iter 74: loss = 0.007850,	Top-1 err = 45.400000,	Top-5 err = 25.700000,	train_time = 3.061848
TRAIN Iter 75: loss = 0.007368,	Top-1 err = 52.750000,	Top-5 err = 30.800000,	train_time = 3.003788
TRAIN Iter 76: loss = 0.007790,	Top-1 err = 40.150000,	Top-5 err = 20.650000,	train_time = 3.152379
TRAIN Iter 77: loss = 0.008073,	Top-1 err = 37.400000,	Top-5 err = 19.900000,	train_time = 3.035286
TRAIN Iter 78: loss = 0.007127,	Top-1 err = 50.650000,	Top-5 err = 29.750000,	train_time = 3.102882
TRAIN Iter 79: loss = 0.007497,	Top-1 err = 39.050000,	Top-5 err = 19.350000,	train_time = 3.051525
TRAIN Iter 80: loss = 0.007035,	Top-1 err = 44.750000,	Top-5 err = 24.950000,	train_time = 3.009044
TRAIN Iter 81: loss = 0.007259,	Top-1 err = 41.150000,	Top-5 err = 23.800000,	train_time = 3.022711
TRAIN Iter 82: loss = 0.007133,	Top-1 err = 35.950000,	Top-5 err = 17.950000,	train_time = 3.110109
TRAIN Iter 83: loss = 0.007236,	Top-1 err = 46.550000,	Top-5 err = 29.650000,	train_time = 3.086582
TRAIN Iter 84: loss = 0.006723,	Top-1 err = 49.950000,	Top-5 err = 28.450000,	train_time = 3.035537
TRAIN Iter 85: loss = 0.007163,	Top-1 err = 46.000000,	Top-5 err = 31.050000,	train_time = 3.029824
TRAIN Iter 86: loss = 0.006814,	Top-1 err = 54.200000,	Top-5 err = 34.700000,	train_time = 3.070138
TRAIN Iter 87: loss = 0.006780,	Top-1 err = 44.400000,	Top-5 err = 26.200000,	train_time = 3.322325
TRAIN Iter 88: loss = 0.006819,	Top-1 err = 43.650000,	Top-5 err = 27.200000,	train_time = 3.172566
TRAIN Iter 89: loss = 0.006698,	Top-1 err = 34.450000,	Top-5 err = 16.400000,	train_time = 3.043467
TRAIN Iter 90: loss = 0.006677,	Top-1 err = 44.200000,	Top-5 err = 27.500000,	train_time = 3.076483
TRAIN Iter 91: loss = 0.006638,	Top-1 err = 48.400000,	Top-5 err = 29.650000,	train_time = 3.162116
TRAIN Iter 92: loss = 0.006618,	Top-1 err = 42.300000,	Top-5 err = 26.550000,	train_time = 3.298732
TRAIN Iter 93: loss = 0.006618,	Top-1 err = 54.950000,	Top-5 err = 37.100000,	train_time = 3.013531
TRAIN Iter 94: loss = 0.006395,	Top-1 err = 54.150000,	Top-5 err = 33.350000,	train_time = 3.110222
TRAIN Iter 95: loss = 0.006575,	Top-1 err = 42.700000,	Top-5 err = 27.300000,	train_time = 3.083435
TRAIN Iter 96: loss = 0.006614,	Top-1 err = 41.550000,	Top-5 err = 22.550000,	train_time = 3.019011
TRAIN Iter 97: loss = 0.006631,	Top-1 err = 32.450000,	Top-5 err = 19.650000,	train_time = 3.024659
TRAIN Iter 98: loss = 0.006602,	Top-1 err = 42.650000,	Top-5 err = 25.550000,	train_time = 3.473371
TRAIN Iter 99: loss = 0.006322,	Top-1 err = 38.600000,	Top-5 err = 20.200000,	train_time = 3.279253
TRAIN Iter 100: loss = 0.006353,	Top-1 err = 42.500000,	Top-5 err = 26.500000,	train_time = 3.137732
TRAIN Iter 101: loss = 0.006246,	Top-1 err = 51.800000,	Top-5 err = 34.750000,	train_time = 3.020296
TRAIN Iter 102: loss = 0.006317,	Top-1 err = 46.350000,	Top-5 err = 26.600000,	train_time = 2.997466
TRAIN Iter 103: loss = 0.006235,	Top-1 err = 44.650000,	Top-5 err = 29.050000,	train_time = 3.062782
TRAIN Iter 104: loss = 0.006049,	Top-1 err = 36.300000,	Top-5 err = 20.550000,	train_time = 3.264621
TRAIN Iter 105: loss = 0.006062,	Top-1 err = 29.900000,	Top-5 err = 13.450000,	train_time = 3.107853
TRAIN Iter 106: loss = 0.006118,	Top-1 err = 37.350000,	Top-5 err = 19.850000,	train_time = 3.109950
TRAIN Iter 107: loss = 0.005882,	Top-1 err = 36.650000,	Top-5 err = 19.950000,	train_time = 3.064171
TRAIN Iter 108: loss = 0.005917,	Top-1 err = 40.150000,	Top-5 err = 25.000000,	train_time = 3.271384
TRAIN Iter 109: loss = 0.006328,	Top-1 err = 38.600000,	Top-5 err = 22.950000,	train_time = 3.273050
TRAIN Iter 110: loss = 0.005923,	Top-1 err = 49.150000,	Top-5 err = 34.200000,	train_time = 3.108097
TRAIN Iter 111: loss = 0.005875,	Top-1 err = 32.400000,	Top-5 err = 16.100000,	train_time = 3.031564
TRAIN Iter 112: loss = 0.005823,	Top-1 err = 34.350000,	Top-5 err = 16.400000,	train_time = 3.072872
TRAIN Iter 113: loss = 0.005959,	Top-1 err = 37.400000,	Top-5 err = 21.350000,	train_time = 3.147106
TRAIN Iter 114: loss = 0.005910,	Top-1 err = 44.950000,	Top-5 err = 25.150000,	train_time = 3.010270
TRAIN Iter 115: loss = 0.005703,	Top-1 err = 40.400000,	Top-5 err = 26.700000,	train_time = 3.083153
TRAIN Iter 116: loss = 0.005676,	Top-1 err = 25.350000,	Top-5 err = 12.900000,	train_time = 3.035533
TRAIN Iter 117: loss = 0.005759,	Top-1 err = 25.450000,	Top-5 err = 10.500000,	train_time = 3.151675
TRAIN Iter 118: loss = 0.005577,	Top-1 err = 41.200000,	Top-5 err = 24.100000,	train_time = 3.109035
TRAIN Iter 119: loss = 0.005587,	Top-1 err = 23.100000,	Top-5 err = 10.150000,	train_time = 3.139254
TRAIN Iter 120: loss = 0.005432,	Top-1 err = 47.550000,	Top-5 err = 28.650000,	train_time = 3.393232
TRAIN Iter 121: loss = 0.005488,	Top-1 err = 42.450000,	Top-5 err = 23.500000,	train_time = 3.100348
TRAIN Iter 122: loss = 0.005529,	Top-1 err = 40.750000,	Top-5 err = 24.600000,	train_time = 3.062488
TRAIN Iter 123: loss = 0.005517,	Top-1 err = 29.700000,	Top-5 err = 15.700000,	train_time = 3.053262
TRAIN Iter 124: loss = 0.005546,	Top-1 err = 34.150000,	Top-5 err = 20.300000,	train_time = 3.012756
TRAIN Iter 125: loss = 0.005485,	Top-1 err = 40.000000,	Top-5 err = 21.100000,	train_time = 3.118857
TRAIN Iter 126: loss = 0.005417,	Top-1 err = 42.800000,	Top-5 err = 25.650000,	train_time = 3.057035
TRAIN Iter 127: loss = 0.005479,	Top-1 err = 38.350000,	Top-5 err = 20.950000,	train_time = 3.365098
TRAIN Iter 128: loss = 0.005476,	Top-1 err = 45.800000,	Top-5 err = 28.250000,	train_time = 3.338001
TRAIN Iter 129: loss = 0.005321,	Top-1 err = 35.950000,	Top-5 err = 16.650000,	train_time = 3.190544
TRAIN Iter 130: loss = 0.005376,	Top-1 err = 26.350000,	Top-5 err = 13.100000,	train_time = 3.058580
TRAIN Iter 131: loss = 0.005209,	Top-1 err = 36.950000,	Top-5 err = 19.300000,	train_time = 3.093762
TRAIN Iter 132: loss = 0.005299,	Top-1 err = 35.900000,	Top-5 err = 18.600000,	train_time = 3.056610
TRAIN Iter 133: loss = 0.005271,	Top-1 err = 24.850000,	Top-5 err = 9.100000,	train_time = 3.028136
TRAIN Iter 134: loss = 0.005482,	Top-1 err = 33.900000,	Top-5 err = 19.900000,	train_time = 3.027249
TRAIN Iter 135: loss = 0.005377,	Top-1 err = 35.500000,	Top-5 err = 21.250000,	train_time = 2.954957
TRAIN Iter 136: loss = 0.005224,	Top-1 err = 31.400000,	Top-5 err = 17.600000,	train_time = 3.176630
TRAIN Iter 137: loss = 0.005343,	Top-1 err = 27.300000,	Top-5 err = 14.550000,	train_time = 3.043233
TRAIN Iter 138: loss = 0.005243,	Top-1 err = 27.600000,	Top-5 err = 15.050000,	train_time = 3.085852
TRAIN Iter 139: loss = 0.005270,	Top-1 err = 27.500000,	Top-5 err = 15.350000,	train_time = 3.077916
TRAIN Iter 140: loss = 0.005325,	Top-1 err = 37.650000,	Top-5 err = 25.150000,	train_time = 3.167717
TRAIN Iter 141: loss = 0.005223,	Top-1 err = 49.150000,	Top-5 err = 33.200000,	train_time = 3.128865
TRAIN Iter 142: loss = 0.005163,	Top-1 err = 33.950000,	Top-5 err = 22.200000,	train_time = 3.097665
TRAIN Iter 143: loss = 0.005038,	Top-1 err = 26.950000,	Top-5 err = 12.550000,	train_time = 3.199049
TRAIN Iter 144: loss = 0.005096,	Top-1 err = 32.150000,	Top-5 err = 21.600000,	train_time = 3.052330
TRAIN Iter 145: loss = 0.005248,	Top-1 err = 48.250000,	Top-5 err = 29.600000,	train_time = 3.282850
TRAIN Iter 146: loss = 0.005025,	Top-1 err = 33.150000,	Top-5 err = 18.150000,	train_time = 3.124410
TRAIN Iter 147: loss = 0.004961,	Top-1 err = 38.050000,	Top-5 err = 19.350000,	train_time = 3.092020
TRAIN Iter 148: loss = 0.004910,	Top-1 err = 37.150000,	Top-5 err = 20.200000,	train_time = 3.374761
TRAIN Iter 149: loss = 0.004920,	Top-1 err = 25.100000,	Top-5 err = 17.050000,	train_time = 3.083481
TRAIN Iter 150: loss = 0.004976,	Top-1 err = 37.850000,	Top-5 err = 23.150000,	train_time = 3.027626
TRAIN Iter 151: loss = 0.004849,	Top-1 err = 32.950000,	Top-5 err = 17.250000,	train_time = 3.142177
TRAIN Iter 152: loss = 0.004926,	Top-1 err = 36.500000,	Top-5 err = 22.700000,	train_time = 3.069892
TRAIN Iter 153: loss = 0.004918,	Top-1 err = 38.450000,	Top-5 err = 20.700000,	train_time = 3.126133
TRAIN Iter 154: loss = 0.004819,	Top-1 err = 42.600000,	Top-5 err = 26.700000,	train_time = 3.361621
TRAIN Iter 155: loss = 0.004857,	Top-1 err = 30.950000,	Top-5 err = 19.100000,	train_time = 3.209245
TRAIN Iter 156: loss = 0.004762,	Top-1 err = 27.600000,	Top-5 err = 12.700000,	train_time = 3.084813
TRAIN Iter 157: loss = 0.004801,	Top-1 err = 41.500000,	Top-5 err = 22.650000,	train_time = 3.281562
TRAIN Iter 158: loss = 0.004967,	Top-1 err = 40.000000,	Top-5 err = 28.100000,	train_time = 3.265408
TRAIN Iter 159: loss = 0.004836,	Top-1 err = 35.550000,	Top-5 err = 23.000000,	train_time = 3.138544
TRAIN Iter 160: loss = 0.004730,	Top-1 err = 29.400000,	Top-5 err = 17.650000,	train_time = 3.037862
TRAIN Iter 161: loss = 0.004672,	Top-1 err = 28.300000,	Top-5 err = 13.850000,	train_time = 3.081895
TRAIN Iter 162: loss = 0.004754,	Top-1 err = 35.800000,	Top-5 err = 19.150000,	train_time = 3.054720
TRAIN Iter 163: loss = 0.004730,	Top-1 err = 31.200000,	Top-5 err = 16.000000,	train_time = 3.359113
TRAIN Iter 164: loss = 0.004826,	Top-1 err = 39.650000,	Top-5 err = 25.650000,	train_time = 3.198990
TRAIN Iter 165: loss = 0.004652,	Top-1 err = 32.300000,	Top-5 err = 16.750000,	train_time = 3.074294
TRAIN Iter 166: loss = 0.004754,	Top-1 err = 28.300000,	Top-5 err = 12.550000,	train_time = 3.069238
TRAIN Iter 167: loss = 0.004629,	Top-1 err = 27.200000,	Top-5 err = 13.650000,	train_time = 3.308363
TRAIN Iter 168: loss = 0.004582,	Top-1 err = 35.650000,	Top-5 err = 21.900000,	train_time = 3.102891
TRAIN Iter 169: loss = 0.004655,	Top-1 err = 28.200000,	Top-5 err = 14.350000,	train_time = 3.064735
TRAIN Iter 170: loss = 0.004583,	Top-1 err = 26.500000,	Top-5 err = 13.600000,	train_time = 3.040055
TRAIN Iter 171: loss = 0.004597,	Top-1 err = 43.800000,	Top-5 err = 23.150000,	train_time = 3.103835
TRAIN Iter 172: loss = 0.004586,	Top-1 err = 21.250000,	Top-5 err = 9.900000,	train_time = 3.107174
TRAIN Iter 173: loss = 0.004540,	Top-1 err = 27.850000,	Top-5 err = 14.950000,	train_time = 3.397305
TRAIN Iter 174: loss = 0.004541,	Top-1 err = 25.350000,	Top-5 err = 13.300000,	train_time = 3.192521
TRAIN Iter 175: loss = 0.004524,	Top-1 err = 30.900000,	Top-5 err = 18.450000,	train_time = 3.173587
TRAIN Iter 176: loss = 0.004564,	Top-1 err = 34.800000,	Top-5 err = 23.350000,	train_time = 3.063309
TRAIN Iter 177: loss = 0.004540,	Top-1 err = 33.550000,	Top-5 err = 17.950000,	train_time = 3.287019
TRAIN Iter 178: loss = 0.004637,	Top-1 err = 43.500000,	Top-5 err = 31.500000,	train_time = 3.129060
TRAIN Iter 179: loss = 0.004477,	Top-1 err = 28.750000,	Top-5 err = 15.300000,	train_time = 3.054308
TRAIN Iter 180: loss = 0.004517,	Top-1 err = 41.150000,	Top-5 err = 28.300000,	train_time = 3.063972
TRAIN Iter 181: loss = 0.004397,	Top-1 err = 31.550000,	Top-5 err = 19.250000,	train_time = 3.082618
TRAIN Iter 182: loss = 0.004404,	Top-1 err = 31.400000,	Top-5 err = 14.150000,	train_time = 3.091501
TRAIN Iter 183: loss = 0.004497,	Top-1 err = 34.850000,	Top-5 err = 20.650000,	train_time = 3.120380
TRAIN Iter 184: loss = 0.004452,	Top-1 err = 31.600000,	Top-5 err = 17.550000,	train_time = 3.033267
TRAIN Iter 185: loss = 0.004452,	Top-1 err = 31.550000,	Top-5 err = 16.000000,	train_time = 3.021220
TRAIN Iter 186: loss = 0.004507,	Top-1 err = 37.450000,	Top-5 err = 22.900000,	train_time = 3.312757
TRAIN Iter 187: loss = 0.004433,	Top-1 err = 19.650000,	Top-5 err = 9.150000,	train_time = 3.206490
TRAIN Iter 188: loss = 0.004428,	Top-1 err = 33.300000,	Top-5 err = 19.300000,	train_time = 3.008834
TRAIN Iter 189: loss = 0.004435,	Top-1 err = 38.400000,	Top-5 err = 17.450000,	train_time = 3.019685
TRAIN Iter 190: loss = 0.004337,	Top-1 err = 24.600000,	Top-5 err = 11.050000,	train_time = 3.064966
TRAIN Iter 191: loss = 0.004258,	Top-1 err = 39.350000,	Top-5 err = 22.000000,	train_time = 3.227102
TRAIN Iter 192: loss = 0.004350,	Top-1 err = 25.100000,	Top-5 err = 13.450000,	train_time = 3.024253
TRAIN Iter 193: loss = 0.004369,	Top-1 err = 24.750000,	Top-5 err = 13.650000,	train_time = 3.121413
TRAIN Iter 194: loss = 0.004362,	Top-1 err = 27.600000,	Top-5 err = 14.750000,	train_time = 3.096609
TRAIN Iter 195: loss = 0.004429,	Top-1 err = 34.350000,	Top-5 err = 17.900000,	train_time = 3.058930
TRAIN Iter 196: loss = 0.004231,	Top-1 err = 28.250000,	Top-5 err = 16.750000,	train_time = 3.041545
TRAIN Iter 197: loss = 0.004410,	Top-1 err = 29.950000,	Top-5 err = 16.800000,	train_time = 3.137419
TRAIN Iter 198: loss = 0.004466,	Top-1 err = 39.100000,	Top-5 err = 23.000000,	train_time = 3.111472
TRAIN Iter 199: loss = 0.004294,	Top-1 err = 29.950000,	Top-5 err = 15.500000,	train_time = 3.094555
TRAIN Iter 200: loss = 0.004374,	Top-1 err = 41.450000,	Top-5 err = 21.300000,	train_time = 3.053183
TRAIN Iter 201: loss = 0.004189,	Top-1 err = 24.050000,	Top-5 err = 14.050000,	train_time = 3.043731
TRAIN Iter 202: loss = 0.004467,	Top-1 err = 60.100000,	Top-5 err = 42.400000,	train_time = 3.087355
TRAIN Iter 203: loss = 0.004301,	Top-1 err = 25.450000,	Top-5 err = 11.300000,	train_time = 3.360197
TRAIN Iter 204: loss = 0.004218,	Top-1 err = 25.950000,	Top-5 err = 11.450000,	train_time = 3.155726
TRAIN Iter 205: loss = 0.004268,	Top-1 err = 42.300000,	Top-5 err = 22.000000,	train_time = 3.135909
TRAIN Iter 206: loss = 0.004248,	Top-1 err = 47.850000,	Top-5 err = 28.850000,	train_time = 3.001602
TRAIN Iter 207: loss = 0.004239,	Top-1 err = 27.950000,	Top-5 err = 15.350000,	train_time = 3.167339
TRAIN Iter 208: loss = 0.004187,	Top-1 err = 31.500000,	Top-5 err = 16.350000,	train_time = 3.039635
TRAIN Iter 209: loss = 0.004273,	Top-1 err = 37.650000,	Top-5 err = 17.800000,	train_time = 3.117227
TRAIN Iter 210: loss = 0.004106,	Top-1 err = 24.950000,	Top-5 err = 12.450000,	train_time = 3.072784
TRAIN Iter 211: loss = 0.004323,	Top-1 err = 35.550000,	Top-5 err = 21.650000,	train_time = 2.954632
TRAIN Iter 212: loss = 0.004100,	Top-1 err = 25.900000,	Top-5 err = 14.200000,	train_time = 3.609342
TRAIN Iter 213: loss = 0.004221,	Top-1 err = 35.150000,	Top-5 err = 24.000000,	train_time = 3.124115
TRAIN Iter 214: loss = 0.004196,	Top-1 err = 44.000000,	Top-5 err = 26.650000,	train_time = 3.133490
TRAIN Iter 215: loss = 0.004028,	Top-1 err = 20.150000,	Top-5 err = 11.250000,	train_time = 3.243226
TRAIN Iter 216: loss = 0.004332,	Top-1 err = 54.250000,	Top-5 err = 35.250000,	train_time = 3.308583
TRAIN Iter 217: loss = 0.004087,	Top-1 err = 37.150000,	Top-5 err = 21.500000,	train_time = 3.143961
TRAIN Iter 218: loss = 0.004156,	Top-1 err = 29.000000,	Top-5 err = 16.350000,	train_time = 3.017118
TRAIN Iter 219: loss = 0.004132,	Top-1 err = 50.600000,	Top-5 err = 30.050000,	train_time = 3.024131
TRAIN Iter 220: loss = 0.004255,	Top-1 err = 32.000000,	Top-5 err = 15.000000,	train_time = 3.383552
TRAIN Iter 221: loss = 0.004060,	Top-1 err = 23.500000,	Top-5 err = 13.800000,	train_time = 3.160283
TRAIN Iter 222: loss = 0.004096,	Top-1 err = 40.300000,	Top-5 err = 26.450000,	train_time = 3.039201
TRAIN Iter 223: loss = 0.004105,	Top-1 err = 44.000000,	Top-5 err = 30.500000,	train_time = 3.043220
TRAIN Iter 224: loss = 0.004005,	Top-1 err = 25.150000,	Top-5 err = 12.500000,	train_time = 3.148175
TRAIN Iter 225: loss = 0.004081,	Top-1 err = 41.000000,	Top-5 err = 24.100000,	train_time = 3.262631
TRAIN Iter 226: loss = 0.003938,	Top-1 err = 30.550000,	Top-5 err = 17.900000,	train_time = 3.125681
TRAIN Iter 227: loss = 0.003942,	Top-1 err = 28.950000,	Top-5 err = 17.500000,	train_time = 3.018814
TRAIN Iter 228: loss = 0.004135,	Top-1 err = 32.400000,	Top-5 err = 14.800000,	train_time = 3.034322
TRAIN Iter 229: loss = 0.003883,	Top-1 err = 33.400000,	Top-5 err = 19.450000,	train_time = 3.061074
TRAIN Iter 230: loss = 0.003922,	Top-1 err = 39.550000,	Top-5 err = 21.400000,	train_time = 3.318446
TRAIN Iter 231: loss = 0.003943,	Top-1 err = 37.250000,	Top-5 err = 22.050000,	train_time = 3.115007
TRAIN Iter 232: loss = 0.004039,	Top-1 err = 31.700000,	Top-5 err = 18.050000,	train_time = 2.995093
TRAIN Iter 233: loss = 0.004082,	Top-1 err = 37.600000,	Top-5 err = 24.450000,	train_time = 3.753053
TRAIN Iter 234: loss = 0.004020,	Top-1 err = 38.850000,	Top-5 err = 25.400000,	train_time = 3.086718
TRAIN Iter 235: loss = 0.003925,	Top-1 err = 24.200000,	Top-5 err = 9.450000,	train_time = 3.001667
TRAIN Iter 236: loss = 0.004025,	Top-1 err = 49.400000,	Top-5 err = 31.800000,	train_time = 3.120569
TRAIN Iter 237: loss = 0.003886,	Top-1 err = 43.500000,	Top-5 err = 25.250000,	train_time = 3.193916
TRAIN Iter 238: loss = 0.003766,	Top-1 err = 22.850000,	Top-5 err = 13.050000,	train_time = 3.043789
TRAIN Iter 239: loss = 0.003866,	Top-1 err = 29.550000,	Top-5 err = 17.850000,	train_time = 3.008507
TRAIN Iter 240: loss = 0.003899,	Top-1 err = 22.100000,	Top-5 err = 12.350000,	train_time = 3.295449
TRAIN Iter 241: loss = 0.003767,	Top-1 err = 18.950000,	Top-5 err = 6.700000,	train_time = 3.222655
TRAIN Iter 242: loss = 0.004013,	Top-1 err = 43.800000,	Top-5 err = 22.800000,	train_time = 3.090356
TRAIN Iter 243: loss = 0.004027,	Top-1 err = 21.150000,	Top-5 err = 8.350000,	train_time = 3.044095
TRAIN Iter 244: loss = 0.003887,	Top-1 err = 35.500000,	Top-5 err = 22.250000,	train_time = 3.045156
TRAIN Iter 245: loss = 0.003928,	Top-1 err = 31.650000,	Top-5 err = 18.800000,	train_time = 3.049138
TRAIN Iter 246: loss = 0.003826,	Top-1 err = 24.500000,	Top-5 err = 13.050000,	train_time = 3.081742
TRAIN Iter 247: loss = 0.003876,	Top-1 err = 30.650000,	Top-5 err = 15.500000,	train_time = 3.313338
TRAIN Iter 248: loss = 0.003927,	Top-1 err = 34.100000,	Top-5 err = 20.900000,	train_time = 3.245475
TRAIN Iter 249: loss = 0.004026,	Top-1 err = 39.050000,	Top-5 err = 23.500000,	train_time = 3.113302
TEST:
Iter 249: loss = 2.648497,	Top-1 err = 57.810000,	Top-5 err = 30.760000,	val_time = 2.867930
TRAIN Iter 250: loss = 0.003782,	Top-1 err = 18.350000,	Top-5 err = 6.950000,	train_time = 3.290487
TRAIN Iter 251: loss = 0.003889,	Top-1 err = 33.550000,	Top-5 err = 20.350000,	train_time = 3.155005
TRAIN Iter 252: loss = 0.003766,	Top-1 err = 25.000000,	Top-5 err = 14.350000,	train_time = 3.114617
TRAIN Iter 253: loss = 0.003784,	Top-1 err = 27.350000,	Top-5 err = 18.500000,	train_time = 3.212257
TRAIN Iter 254: loss = 0.003765,	Top-1 err = 16.450000,	Top-5 err = 6.350000,	train_time = 2.976190
TRAIN Iter 255: loss = 0.003746,	Top-1 err = 19.650000,	Top-5 err = 8.450000,	train_time = 3.108124
TRAIN Iter 256: loss = 0.003900,	Top-1 err = 44.650000,	Top-5 err = 27.000000,	train_time = 3.052753
TRAIN Iter 257: loss = 0.003778,	Top-1 err = 28.350000,	Top-5 err = 16.600000,	train_time = 3.077353
TRAIN Iter 258: loss = 0.003700,	Top-1 err = 23.600000,	Top-5 err = 14.100000,	train_time = 3.428681
TRAIN Iter 259: loss = 0.003781,	Top-1 err = 42.950000,	Top-5 err = 32.450000,	train_time = 3.232739
TEST:
Iter 259: loss = 2.599485,	Top-1 err = 57.040000,	Top-5 err = 30.550000,	val_time = 2.862361
TRAIN Iter 260: loss = 0.003666,	Top-1 err = 21.650000,	Top-5 err = 8.200000,	train_time = 3.069924
TRAIN Iter 261: loss = 0.003752,	Top-1 err = 22.950000,	Top-5 err = 10.400000,	train_time = 3.007100
TRAIN Iter 262: loss = 0.003670,	Top-1 err = 28.350000,	Top-5 err = 13.150000,	train_time = 3.067882
TRAIN Iter 263: loss = 0.003680,	Top-1 err = 26.000000,	Top-5 err = 14.000000,	train_time = 3.290265
TRAIN Iter 264: loss = 0.003767,	Top-1 err = 47.400000,	Top-5 err = 34.850000,	train_time = 3.202726
TRAIN Iter 265: loss = 0.003720,	Top-1 err = 13.550000,	Top-5 err = 4.450000,	train_time = 3.060192
TRAIN Iter 266: loss = 0.003775,	Top-1 err = 25.850000,	Top-5 err = 13.900000,	train_time = 3.089765
TRAIN Iter 267: loss = 0.003592,	Top-1 err = 23.100000,	Top-5 err = 13.300000,	train_time = 3.020831
TRAIN Iter 268: loss = 0.003825,	Top-1 err = 31.900000,	Top-5 err = 16.250000,	train_time = 3.056761
TRAIN Iter 269: loss = 0.003758,	Top-1 err = 30.050000,	Top-5 err = 18.750000,	train_time = 3.093122
TEST:
Iter 269: loss = 2.604895,	Top-1 err = 56.540000,	Top-5 err = 30.320000,	val_time = 3.014824
TRAIN Iter 270: loss = 0.003793,	Top-1 err = 38.800000,	Top-5 err = 19.950000,	train_time = 3.319454
TRAIN Iter 271: loss = 0.003736,	Top-1 err = 25.250000,	Top-5 err = 12.600000,	train_time = 3.315567
TRAIN Iter 272: loss = 0.003759,	Top-1 err = 30.450000,	Top-5 err = 19.500000,	train_time = 3.170116
TRAIN Iter 273: loss = 0.003829,	Top-1 err = 41.900000,	Top-5 err = 24.400000,	train_time = 3.027975
TRAIN Iter 274: loss = 0.003640,	Top-1 err = 30.250000,	Top-5 err = 18.200000,	train_time = 3.411810
TRAIN Iter 275: loss = 0.003774,	Top-1 err = 44.350000,	Top-5 err = 26.450000,	train_time = 3.262384
TRAIN Iter 276: loss = 0.003685,	Top-1 err = 42.800000,	Top-5 err = 24.350000,	train_time = 3.120808
TRAIN Iter 277: loss = 0.003620,	Top-1 err = 31.900000,	Top-5 err = 17.400000,	train_time = 2.954569
TRAIN Iter 278: loss = 0.003559,	Top-1 err = 24.600000,	Top-5 err = 13.900000,	train_time = 3.011344
TRAIN Iter 279: loss = 0.003595,	Top-1 err = 22.000000,	Top-5 err = 13.700000,	train_time = 3.246449
TEST:
Iter 279: loss = 2.558218,	Top-1 err = 56.670000,	Top-5 err = 29.750000,	val_time = 3.137728
TRAIN Iter 280: loss = 0.003820,	Top-1 err = 33.900000,	Top-5 err = 17.450000,	train_time = 3.086991
TRAIN Iter 281: loss = 0.003650,	Top-1 err = 37.250000,	Top-5 err = 23.600000,	train_time = 2.994020
TRAIN Iter 282: loss = 0.003821,	Top-1 err = 49.000000,	Top-5 err = 28.050000,	train_time = 3.010504
TRAIN Iter 283: loss = 0.003774,	Top-1 err = 25.000000,	Top-5 err = 13.700000,	train_time = 3.253082
TRAIN Iter 284: loss = 0.003597,	Top-1 err = 33.650000,	Top-5 err = 20.550000,	train_time = 3.375416
TRAIN Iter 285: loss = 0.003661,	Top-1 err = 29.600000,	Top-5 err = 14.650000,	train_time = 3.059060
TRAIN Iter 286: loss = 0.003706,	Top-1 err = 30.500000,	Top-5 err = 15.650000,	train_time = 2.983817
TRAIN Iter 287: loss = 0.003599,	Top-1 err = 25.100000,	Top-5 err = 11.550000,	train_time = 3.038122
TRAIN Iter 288: loss = 0.003704,	Top-1 err = 21.800000,	Top-5 err = 9.900000,	train_time = 3.050311
TRAIN Iter 289: loss = 0.003615,	Top-1 err = 43.450000,	Top-5 err = 30.100000,	train_time = 3.383999
TEST:
Iter 289: loss = 2.566774,	Top-1 err = 56.470000,	Top-5 err = 30.040000,	val_time = 3.218160
TRAIN Iter 290: loss = 0.003725,	Top-1 err = 33.150000,	Top-5 err = 17.700000,	train_time = 3.347440
TRAIN Iter 291: loss = 0.003585,	Top-1 err = 34.800000,	Top-5 err = 20.250000,	train_time = 3.200846
TRAIN Iter 292: loss = 0.003683,	Top-1 err = 31.350000,	Top-5 err = 18.250000,	train_time = 3.073929
TRAIN Iter 293: loss = 0.003607,	Top-1 err = 38.300000,	Top-5 err = 24.300000,	train_time = 3.271528
TRAIN Iter 294: loss = 0.003650,	Top-1 err = 31.350000,	Top-5 err = 18.950000,	train_time = 2.972556
TRAIN Iter 295: loss = 0.003533,	Top-1 err = 31.350000,	Top-5 err = 16.450000,	train_time = 3.132781
TRAIN Iter 296: loss = 0.003392,	Top-1 err = 27.600000,	Top-5 err = 14.200000,	train_time = 3.073903
TRAIN Iter 297: loss = 0.003587,	Top-1 err = 35.950000,	Top-5 err = 20.300000,	train_time = 3.072701
TRAIN Iter 298: loss = 0.003510,	Top-1 err = 31.200000,	Top-5 err = 21.250000,	train_time = 3.022643
TRAIN Iter 299: loss = 0.003503,	Top-1 err = 33.300000,	Top-5 err = 18.950000,	train_time = 3.222995
TEST:
Iter 299: loss = 2.552495,	Top-1 err = 55.870000,	Top-5 err = 29.790000,	val_time = 3.168044
Train Finish! Best accuracy is 44.13@299
