=> using pytorch pre-trained teacher model 'conv4'
process data from /home/dvspanos/nikos/ca2d/artifacts/rded_sets/bench_tin_conv_el2nw30_ipc50
load data successfully
TRAIN Iter 0: loss = 0.012705,	Top-1 err = 98.810000,	Top-5 err = 94.910000,	train_time = 3.760544
TRAIN Iter 1: loss = 0.009793,	Top-1 err = 97.580000,	Top-5 err = 89.570000,	train_time = 2.961491
TRAIN Iter 2: loss = 0.008674,	Top-1 err = 96.760000,	Top-5 err = 86.770000,	train_time = 3.125829
TRAIN Iter 3: loss = 0.007804,	Top-1 err = 96.480000,	Top-5 err = 86.570000,	train_time = 3.137846
TRAIN Iter 4: loss = 0.007300,	Top-1 err = 95.640000,	Top-5 err = 83.780000,	train_time = 3.417976
TRAIN Iter 5: loss = 0.006858,	Top-1 err = 94.960000,	Top-5 err = 82.060000,	train_time = 3.293566
TRAIN Iter 6: loss = 0.006578,	Top-1 err = 94.070000,	Top-5 err = 79.880000,	train_time = 3.428130
TRAIN Iter 7: loss = 0.006143,	Top-1 err = 93.990000,	Top-5 err = 78.680000,	train_time = 3.486719
TRAIN Iter 8: loss = 0.005784,	Top-1 err = 94.040000,	Top-5 err = 79.950000,	train_time = 3.378538
TRAIN Iter 9: loss = 0.005529,	Top-1 err = 93.300000,	Top-5 err = 76.510000,	train_time = 3.455396
TRAIN Iter 10: loss = 0.005400,	Top-1 err = 92.730000,	Top-5 err = 76.690000,	train_time = 3.519943
TRAIN Iter 11: loss = 0.005294,	Top-1 err = 91.910000,	Top-5 err = 73.480000,	train_time = 3.637342
TRAIN Iter 12: loss = 0.005033,	Top-1 err = 92.070000,	Top-5 err = 74.380000,	train_time = 3.560880
TRAIN Iter 13: loss = 0.004913,	Top-1 err = 91.170000,	Top-5 err = 73.330000,	train_time = 3.643621
TRAIN Iter 14: loss = 0.004780,	Top-1 err = 91.860000,	Top-5 err = 73.610000,	train_time = 3.700907
TRAIN Iter 15: loss = 0.004634,	Top-1 err = 90.540000,	Top-5 err = 70.610000,	train_time = 3.542309
TRAIN Iter 16: loss = 0.004591,	Top-1 err = 90.010000,	Top-5 err = 70.520000,	train_time = 3.699956
TRAIN Iter 17: loss = 0.004439,	Top-1 err = 90.220000,	Top-5 err = 71.770000,	train_time = 3.688004
TRAIN Iter 18: loss = 0.004371,	Top-1 err = 90.290000,	Top-5 err = 71.230000,	train_time = 3.707388
TRAIN Iter 19: loss = 0.004201,	Top-1 err = 89.400000,	Top-5 err = 68.930000,	train_time = 3.731299
TRAIN Iter 20: loss = 0.004213,	Top-1 err = 89.820000,	Top-5 err = 71.030000,	train_time = 3.815240
TRAIN Iter 21: loss = 0.004135,	Top-1 err = 90.290000,	Top-5 err = 71.780000,	train_time = 3.828218
TRAIN Iter 22: loss = 0.004054,	Top-1 err = 88.130000,	Top-5 err = 67.210000,	train_time = 3.626078
TRAIN Iter 23: loss = 0.003959,	Top-1 err = 88.340000,	Top-5 err = 67.450000,	train_time = 3.757809
TRAIN Iter 24: loss = 0.003878,	Top-1 err = 88.980000,	Top-5 err = 69.530000,	train_time = 3.660634
TRAIN Iter 25: loss = 0.003852,	Top-1 err = 88.580000,	Top-5 err = 68.370000,	train_time = 3.679423
TRAIN Iter 26: loss = 0.003779,	Top-1 err = 88.130000,	Top-5 err = 67.040000,	train_time = 3.863640
TRAIN Iter 27: loss = 0.003670,	Top-1 err = 88.660000,	Top-5 err = 68.860000,	train_time = 3.597928
TRAIN Iter 28: loss = 0.003760,	Top-1 err = 87.940000,	Top-5 err = 66.670000,	train_time = 3.856629
TRAIN Iter 29: loss = 0.003606,	Top-1 err = 86.440000,	Top-5 err = 63.490000,	train_time = 3.906983
TRAIN Iter 30: loss = 0.003613,	Top-1 err = 88.440000,	Top-5 err = 68.170000,	train_time = 3.863985
TRAIN Iter 31: loss = 0.003512,	Top-1 err = 86.560000,	Top-5 err = 64.750000,	train_time = 3.706848
TRAIN Iter 32: loss = 0.003482,	Top-1 err = 86.260000,	Top-5 err = 63.180000,	train_time = 3.844602
TRAIN Iter 33: loss = 0.003510,	Top-1 err = 88.140000,	Top-5 err = 67.520000,	train_time = 3.819104
TRAIN Iter 34: loss = 0.003434,	Top-1 err = 88.630000,	Top-5 err = 70.190000,	train_time = 3.835045
TRAIN Iter 35: loss = 0.003400,	Top-1 err = 86.680000,	Top-5 err = 65.010000,	train_time = 3.957569
TRAIN Iter 36: loss = 0.003401,	Top-1 err = 86.180000,	Top-5 err = 63.860000,	train_time = 3.709274
TRAIN Iter 37: loss = 0.003317,	Top-1 err = 86.530000,	Top-5 err = 64.600000,	train_time = 3.779752
TRAIN Iter 38: loss = 0.003318,	Top-1 err = 87.330000,	Top-5 err = 67.390000,	train_time = 3.787333
TRAIN Iter 39: loss = 0.003276,	Top-1 err = 86.110000,	Top-5 err = 64.220000,	train_time = 3.944012
TRAIN Iter 40: loss = 0.003232,	Top-1 err = 86.970000,	Top-5 err = 65.620000,	train_time = 3.839299
TRAIN Iter 41: loss = 0.003272,	Top-1 err = 87.430000,	Top-5 err = 66.650000,	train_time = 3.687852
TRAIN Iter 42: loss = 0.003208,	Top-1 err = 84.100000,	Top-5 err = 59.870000,	train_time = 4.015443
TRAIN Iter 43: loss = 0.003183,	Top-1 err = 86.650000,	Top-5 err = 65.690000,	train_time = 3.802671
TRAIN Iter 44: loss = 0.003140,	Top-1 err = 85.760000,	Top-5 err = 63.090000,	train_time = 3.773286
TRAIN Iter 45: loss = 0.003129,	Top-1 err = 87.810000,	Top-5 err = 66.920000,	train_time = 3.684183
TRAIN Iter 46: loss = 0.003082,	Top-1 err = 86.630000,	Top-5 err = 65.900000,	train_time = 3.831545
TRAIN Iter 47: loss = 0.003028,	Top-1 err = 87.520000,	Top-5 err = 66.340000,	train_time = 3.782999
TRAIN Iter 48: loss = 0.003018,	Top-1 err = 84.020000,	Top-5 err = 60.670000,	train_time = 3.836808
TRAIN Iter 49: loss = 0.003026,	Top-1 err = 85.120000,	Top-5 err = 63.250000,	train_time = 3.900987
TRAIN Iter 50: loss = 0.003043,	Top-1 err = 87.020000,	Top-5 err = 66.400000,	train_time = 3.822224
TRAIN Iter 51: loss = 0.002948,	Top-1 err = 86.550000,	Top-5 err = 65.410000,	train_time = 3.861902
TRAIN Iter 52: loss = 0.003006,	Top-1 err = 86.030000,	Top-5 err = 64.430000,	train_time = 3.806503
TRAIN Iter 53: loss = 0.002988,	Top-1 err = 86.330000,	Top-5 err = 65.140000,	train_time = 3.737524
TRAIN Iter 54: loss = 0.002932,	Top-1 err = 86.010000,	Top-5 err = 64.330000,	train_time = 3.857455
TRAIN Iter 55: loss = 0.002881,	Top-1 err = 83.930000,	Top-5 err = 60.290000,	train_time = 4.070800
TRAIN Iter 56: loss = 0.002909,	Top-1 err = 84.380000,	Top-5 err = 62.100000,	train_time = 3.903610
TRAIN Iter 57: loss = 0.002868,	Top-1 err = 83.450000,	Top-5 err = 59.990000,	train_time = 3.695164
TRAIN Iter 58: loss = 0.002808,	Top-1 err = 82.380000,	Top-5 err = 58.100000,	train_time = 3.921112
TRAIN Iter 59: loss = 0.002815,	Top-1 err = 83.960000,	Top-5 err = 60.550000,	train_time = 3.808819
TRAIN Iter 60: loss = 0.002819,	Top-1 err = 85.930000,	Top-5 err = 63.440000,	train_time = 3.877551
TRAIN Iter 61: loss = 0.002784,	Top-1 err = 85.450000,	Top-5 err = 63.240000,	train_time = 3.931921
TRAIN Iter 62: loss = 0.002720,	Top-1 err = 85.540000,	Top-5 err = 62.900000,	train_time = 3.848234
TRAIN Iter 63: loss = 0.002730,	Top-1 err = 84.070000,	Top-5 err = 61.970000,	train_time = 3.888852
TRAIN Iter 64: loss = 0.002825,	Top-1 err = 84.950000,	Top-5 err = 63.500000,	train_time = 3.723316
TRAIN Iter 65: loss = 0.002719,	Top-1 err = 81.640000,	Top-5 err = 56.500000,	train_time = 4.009934
TRAIN Iter 66: loss = 0.002727,	Top-1 err = 84.080000,	Top-5 err = 62.100000,	train_time = 3.801820
TRAIN Iter 67: loss = 0.002678,	Top-1 err = 84.420000,	Top-5 err = 61.440000,	train_time = 3.675185
TRAIN Iter 68: loss = 0.002623,	Top-1 err = 86.000000,	Top-5 err = 64.790000,	train_time = 3.848887
TRAIN Iter 69: loss = 0.002655,	Top-1 err = 84.720000,	Top-5 err = 61.910000,	train_time = 3.730406
TRAIN Iter 70: loss = 0.002698,	Top-1 err = 85.910000,	Top-5 err = 64.740000,	train_time = 3.829452
TRAIN Iter 71: loss = 0.002649,	Top-1 err = 83.470000,	Top-5 err = 59.980000,	train_time = 3.808320
TRAIN Iter 72: loss = 0.002634,	Top-1 err = 85.480000,	Top-5 err = 64.550000,	train_time = 3.840744
TRAIN Iter 73: loss = 0.002614,	Top-1 err = 85.990000,	Top-5 err = 64.990000,	train_time = 3.917830
TRAIN Iter 74: loss = 0.002551,	Top-1 err = 86.990000,	Top-5 err = 66.020000,	train_time = 3.836255
TRAIN Iter 75: loss = 0.002586,	Top-1 err = 85.970000,	Top-5 err = 64.420000,	train_time = 3.884244
TRAIN Iter 76: loss = 0.002570,	Top-1 err = 82.410000,	Top-5 err = 58.340000,	train_time = 3.861570
TRAIN Iter 77: loss = 0.002615,	Top-1 err = 84.230000,	Top-5 err = 60.940000,	train_time = 3.864874
TRAIN Iter 78: loss = 0.002526,	Top-1 err = 84.850000,	Top-5 err = 63.520000,	train_time = 3.938913
TRAIN Iter 79: loss = 0.002550,	Top-1 err = 83.500000,	Top-5 err = 60.170000,	train_time = 3.919548
TRAIN Iter 80: loss = 0.002534,	Top-1 err = 84.200000,	Top-5 err = 61.740000,	train_time = 3.875867
TRAIN Iter 81: loss = 0.002472,	Top-1 err = 82.860000,	Top-5 err = 59.020000,	train_time = 3.884571
TRAIN Iter 82: loss = 0.002488,	Top-1 err = 83.890000,	Top-5 err = 60.680000,	train_time = 3.872879
TRAIN Iter 83: loss = 0.002437,	Top-1 err = 83.580000,	Top-5 err = 60.360000,	train_time = 3.689363
TRAIN Iter 84: loss = 0.002493,	Top-1 err = 83.000000,	Top-5 err = 58.900000,	train_time = 3.880499
TRAIN Iter 85: loss = 0.002400,	Top-1 err = 82.940000,	Top-5 err = 60.090000,	train_time = 3.990884
TRAIN Iter 86: loss = 0.002477,	Top-1 err = 85.260000,	Top-5 err = 63.150000,	train_time = 3.939528
TRAIN Iter 87: loss = 0.002409,	Top-1 err = 83.000000,	Top-5 err = 59.860000,	train_time = 3.875697
TRAIN Iter 88: loss = 0.002389,	Top-1 err = 83.840000,	Top-5 err = 60.440000,	train_time = 3.704228
TRAIN Iter 89: loss = 0.002401,	Top-1 err = 84.070000,	Top-5 err = 61.420000,	train_time = 3.901108
TRAIN Iter 90: loss = 0.002393,	Top-1 err = 83.540000,	Top-5 err = 60.010000,	train_time = 3.850918
TRAIN Iter 91: loss = 0.002343,	Top-1 err = 83.420000,	Top-5 err = 60.740000,	train_time = 3.796615
TRAIN Iter 92: loss = 0.002355,	Top-1 err = 83.890000,	Top-5 err = 61.060000,	train_time = 3.762967
TRAIN Iter 93: loss = 0.002369,	Top-1 err = 84.310000,	Top-5 err = 62.030000,	train_time = 3.675503
TRAIN Iter 94: loss = 0.002324,	Top-1 err = 83.760000,	Top-5 err = 61.890000,	train_time = 3.826757
TRAIN Iter 95: loss = 0.002327,	Top-1 err = 84.080000,	Top-5 err = 62.340000,	train_time = 3.868413
TRAIN Iter 96: loss = 0.002355,	Top-1 err = 83.250000,	Top-5 err = 60.360000,	train_time = 3.944114
TRAIN Iter 97: loss = 0.002319,	Top-1 err = 85.200000,	Top-5 err = 64.100000,	train_time = 3.883912
TRAIN Iter 98: loss = 0.002294,	Top-1 err = 83.230000,	Top-5 err = 59.710000,	train_time = 3.739622
TRAIN Iter 99: loss = 0.002276,	Top-1 err = 81.530000,	Top-5 err = 57.220000,	train_time = 3.703370
TRAIN Iter 100: loss = 0.002287,	Top-1 err = 83.570000,	Top-5 err = 60.900000,	train_time = 3.818678
TRAIN Iter 101: loss = 0.002257,	Top-1 err = 84.590000,	Top-5 err = 62.220000,	train_time = 3.893396
TRAIN Iter 102: loss = 0.002208,	Top-1 err = 82.060000,	Top-5 err = 57.970000,	train_time = 3.835872
TRAIN Iter 103: loss = 0.002223,	Top-1 err = 83.850000,	Top-5 err = 61.400000,	train_time = 3.883078
TRAIN Iter 104: loss = 0.002257,	Top-1 err = 83.120000,	Top-5 err = 60.460000,	train_time = 3.810424
TRAIN Iter 105: loss = 0.002149,	Top-1 err = 84.530000,	Top-5 err = 61.700000,	train_time = 3.869167
TRAIN Iter 106: loss = 0.002215,	Top-1 err = 83.080000,	Top-5 err = 59.110000,	train_time = 3.853082
TRAIN Iter 107: loss = 0.002210,	Top-1 err = 84.270000,	Top-5 err = 62.970000,	train_time = 3.801519
TRAIN Iter 108: loss = 0.002217,	Top-1 err = 82.020000,	Top-5 err = 57.980000,	train_time = 3.794041
TRAIN Iter 109: loss = 0.002197,	Top-1 err = 84.660000,	Top-5 err = 63.770000,	train_time = 3.758953
TRAIN Iter 110: loss = 0.002133,	Top-1 err = 83.060000,	Top-5 err = 60.310000,	train_time = 3.855100
TRAIN Iter 111: loss = 0.002118,	Top-1 err = 82.290000,	Top-5 err = 59.840000,	train_time = 3.834108
TRAIN Iter 112: loss = 0.002164,	Top-1 err = 84.910000,	Top-5 err = 64.590000,	train_time = 3.924633
TRAIN Iter 113: loss = 0.002136,	Top-1 err = 83.980000,	Top-5 err = 62.210000,	train_time = 3.707334
TRAIN Iter 114: loss = 0.002130,	Top-1 err = 83.350000,	Top-5 err = 60.780000,	train_time = 4.008856
TRAIN Iter 115: loss = 0.002140,	Top-1 err = 82.340000,	Top-5 err = 59.400000,	train_time = 3.920456
TRAIN Iter 116: loss = 0.002099,	Top-1 err = 82.830000,	Top-5 err = 59.510000,	train_time = 3.718424
TRAIN Iter 117: loss = 0.002114,	Top-1 err = 83.370000,	Top-5 err = 60.170000,	train_time = 3.835452
TRAIN Iter 118: loss = 0.002047,	Top-1 err = 84.340000,	Top-5 err = 63.080000,	train_time = 3.864710
TRAIN Iter 119: loss = 0.002052,	Top-1 err = 85.440000,	Top-5 err = 65.230000,	train_time = 3.971163
TRAIN Iter 120: loss = 0.002017,	Top-1 err = 83.930000,	Top-5 err = 60.850000,	train_time = 3.931257
TRAIN Iter 121: loss = 0.002011,	Top-1 err = 82.010000,	Top-5 err = 59.150000,	train_time = 3.772931
TRAIN Iter 122: loss = 0.002040,	Top-1 err = 82.540000,	Top-5 err = 59.410000,	train_time = 3.877684
TRAIN Iter 123: loss = 0.002014,	Top-1 err = 84.100000,	Top-5 err = 61.960000,	train_time = 3.838193
TRAIN Iter 124: loss = 0.002008,	Top-1 err = 84.110000,	Top-5 err = 62.120000,	train_time = 3.777655
TRAIN Iter 125: loss = 0.002038,	Top-1 err = 82.170000,	Top-5 err = 58.630000,	train_time = 3.893152
TRAIN Iter 126: loss = 0.002006,	Top-1 err = 82.380000,	Top-5 err = 59.060000,	train_time = 3.943752
TRAIN Iter 127: loss = 0.001970,	Top-1 err = 83.910000,	Top-5 err = 62.600000,	train_time = 3.936148
TRAIN Iter 128: loss = 0.001965,	Top-1 err = 81.730000,	Top-5 err = 58.380000,	train_time = 3.758340
TRAIN Iter 129: loss = 0.001997,	Top-1 err = 80.990000,	Top-5 err = 57.470000,	train_time = 4.009084
TRAIN Iter 130: loss = 0.001961,	Top-1 err = 80.120000,	Top-5 err = 55.780000,	train_time = 3.887212
TRAIN Iter 131: loss = 0.001942,	Top-1 err = 82.330000,	Top-5 err = 59.530000,	train_time = 3.840692
TRAIN Iter 132: loss = 0.001921,	Top-1 err = 83.960000,	Top-5 err = 61.950000,	train_time = 3.876239
TRAIN Iter 133: loss = 0.001936,	Top-1 err = 82.840000,	Top-5 err = 59.610000,	train_time = 3.830435
TRAIN Iter 134: loss = 0.001914,	Top-1 err = 83.360000,	Top-5 err = 62.060000,	train_time = 3.628336
TRAIN Iter 135: loss = 0.001872,	Top-1 err = 83.560000,	Top-5 err = 61.200000,	train_time = 3.741044
TRAIN Iter 136: loss = 0.001891,	Top-1 err = 83.530000,	Top-5 err = 61.850000,	train_time = 3.817666
TRAIN Iter 137: loss = 0.001904,	Top-1 err = 81.920000,	Top-5 err = 57.970000,	train_time = 3.949953
TRAIN Iter 138: loss = 0.001886,	Top-1 err = 80.570000,	Top-5 err = 56.900000,	train_time = 3.908794
TRAIN Iter 139: loss = 0.001892,	Top-1 err = 81.750000,	Top-5 err = 58.860000,	train_time = 3.836510
TRAIN Iter 140: loss = 0.001866,	Top-1 err = 83.500000,	Top-5 err = 60.570000,	train_time = 3.821783
TRAIN Iter 141: loss = 0.001894,	Top-1 err = 81.970000,	Top-5 err = 59.610000,	train_time = 3.794357
TRAIN Iter 142: loss = 0.001851,	Top-1 err = 83.740000,	Top-5 err = 61.010000,	train_time = 4.017727
TRAIN Iter 143: loss = 0.001777,	Top-1 err = 84.200000,	Top-5 err = 61.880000,	train_time = 3.876611
TRAIN Iter 144: loss = 0.001808,	Top-1 err = 82.870000,	Top-5 err = 59.590000,	train_time = 3.866535
TRAIN Iter 145: loss = 0.001801,	Top-1 err = 81.930000,	Top-5 err = 59.130000,	train_time = 3.758969
TRAIN Iter 146: loss = 0.001821,	Top-1 err = 82.030000,	Top-5 err = 59.780000,	train_time = 3.640712
TRAIN Iter 147: loss = 0.001800,	Top-1 err = 81.850000,	Top-5 err = 57.770000,	train_time = 3.923209
TRAIN Iter 148: loss = 0.001801,	Top-1 err = 82.670000,	Top-5 err = 59.810000,	train_time = 3.925800
TRAIN Iter 149: loss = 0.001771,	Top-1 err = 79.970000,	Top-5 err = 55.710000,	train_time = 3.755844
TRAIN Iter 150: loss = 0.001753,	Top-1 err = 81.350000,	Top-5 err = 57.220000,	train_time = 3.791274
TRAIN Iter 151: loss = 0.001748,	Top-1 err = 83.270000,	Top-5 err = 61.410000,	train_time = 3.874360
TRAIN Iter 152: loss = 0.001754,	Top-1 err = 83.020000,	Top-5 err = 60.860000,	train_time = 3.867938
TRAIN Iter 153: loss = 0.001725,	Top-1 err = 80.330000,	Top-5 err = 56.290000,	train_time = 3.839618
TRAIN Iter 154: loss = 0.001737,	Top-1 err = 81.860000,	Top-5 err = 59.010000,	train_time = 3.969228
TRAIN Iter 155: loss = 0.001694,	Top-1 err = 81.700000,	Top-5 err = 58.080000,	train_time = 3.787557
TRAIN Iter 156: loss = 0.001724,	Top-1 err = 81.350000,	Top-5 err = 59.010000,	train_time = 3.836833
TRAIN Iter 157: loss = 0.001676,	Top-1 err = 83.010000,	Top-5 err = 61.870000,	train_time = 3.816551
TRAIN Iter 158: loss = 0.001646,	Top-1 err = 81.270000,	Top-5 err = 56.740000,	train_time = 3.953784
TRAIN Iter 159: loss = 0.001661,	Top-1 err = 80.410000,	Top-5 err = 56.150000,	train_time = 3.800069
TRAIN Iter 160: loss = 0.001674,	Top-1 err = 82.610000,	Top-5 err = 59.460000,	train_time = 3.880717
TRAIN Iter 161: loss = 0.001649,	Top-1 err = 82.390000,	Top-5 err = 59.840000,	train_time = 3.683621
TRAIN Iter 162: loss = 0.001670,	Top-1 err = 82.720000,	Top-5 err = 59.910000,	train_time = 3.781385
TRAIN Iter 163: loss = 0.001665,	Top-1 err = 83.210000,	Top-5 err = 61.910000,	train_time = 3.988796
TRAIN Iter 164: loss = 0.001669,	Top-1 err = 84.480000,	Top-5 err = 62.930000,	train_time = 3.819196
TRAIN Iter 165: loss = 0.001581,	Top-1 err = 81.620000,	Top-5 err = 58.060000,	train_time = 3.831034
TRAIN Iter 166: loss = 0.001617,	Top-1 err = 79.830000,	Top-5 err = 55.910000,	train_time = 3.967524
TRAIN Iter 167: loss = 0.001594,	Top-1 err = 83.110000,	Top-5 err = 60.730000,	train_time = 3.814199
TRAIN Iter 168: loss = 0.001604,	Top-1 err = 82.060000,	Top-5 err = 60.770000,	train_time = 3.886955
TRAIN Iter 169: loss = 0.001620,	Top-1 err = 79.780000,	Top-5 err = 55.580000,	train_time = 3.849532
TRAIN Iter 170: loss = 0.001598,	Top-1 err = 79.060000,	Top-5 err = 54.270000,	train_time = 3.696647
TRAIN Iter 171: loss = 0.001586,	Top-1 err = 82.400000,	Top-5 err = 59.980000,	train_time = 3.918084
TRAIN Iter 172: loss = 0.001564,	Top-1 err = 82.010000,	Top-5 err = 58.530000,	train_time = 3.813646
TRAIN Iter 173: loss = 0.001568,	Top-1 err = 80.640000,	Top-5 err = 57.040000,	train_time = 3.809438
TRAIN Iter 174: loss = 0.001558,	Top-1 err = 83.430000,	Top-5 err = 62.160000,	train_time = 3.875590
TRAIN Iter 175: loss = 0.001564,	Top-1 err = 80.940000,	Top-5 err = 57.680000,	train_time = 3.632627
TRAIN Iter 176: loss = 0.001545,	Top-1 err = 83.030000,	Top-5 err = 61.350000,	train_time = 4.004781
TRAIN Iter 177: loss = 0.001524,	Top-1 err = 80.900000,	Top-5 err = 58.280000,	train_time = 3.863326
TRAIN Iter 178: loss = 0.001501,	Top-1 err = 81.220000,	Top-5 err = 58.310000,	train_time = 3.812518
TRAIN Iter 179: loss = 0.001533,	Top-1 err = 83.130000,	Top-5 err = 61.070000,	train_time = 3.951050
TRAIN Iter 180: loss = 0.001500,	Top-1 err = 82.330000,	Top-5 err = 59.240000,	train_time = 3.894167
TRAIN Iter 181: loss = 0.001474,	Top-1 err = 82.820000,	Top-5 err = 60.400000,	train_time = 3.872567
TRAIN Iter 182: loss = 0.001518,	Top-1 err = 79.220000,	Top-5 err = 54.330000,	train_time = 3.812792
TRAIN Iter 183: loss = 0.001462,	Top-1 err = 80.700000,	Top-5 err = 55.880000,	train_time = 3.873751
TRAIN Iter 184: loss = 0.001454,	Top-1 err = 83.120000,	Top-5 err = 61.350000,	train_time = 3.707058
TRAIN Iter 185: loss = 0.001461,	Top-1 err = 82.420000,	Top-5 err = 59.700000,	train_time = 3.838860
TRAIN Iter 186: loss = 0.001439,	Top-1 err = 82.360000,	Top-5 err = 60.040000,	train_time = 3.770961
TRAIN Iter 187: loss = 0.001420,	Top-1 err = 83.030000,	Top-5 err = 61.280000,	train_time = 3.676449
TRAIN Iter 188: loss = 0.001470,	Top-1 err = 79.780000,	Top-5 err = 55.380000,	train_time = 3.687291
TRAIN Iter 189: loss = 0.001426,	Top-1 err = 80.550000,	Top-5 err = 56.980000,	train_time = 3.871420
TRAIN Iter 190: loss = 0.001417,	Top-1 err = 81.980000,	Top-5 err = 59.050000,	train_time = 3.769478
TRAIN Iter 191: loss = 0.001411,	Top-1 err = 81.090000,	Top-5 err = 57.270000,	train_time = 3.727153
TRAIN Iter 192: loss = 0.001422,	Top-1 err = 82.900000,	Top-5 err = 61.010000,	train_time = 3.848274
TRAIN Iter 193: loss = 0.001382,	Top-1 err = 77.970000,	Top-5 err = 52.660000,	train_time = 3.850831
TRAIN Iter 194: loss = 0.001404,	Top-1 err = 80.650000,	Top-5 err = 58.230000,	train_time = 3.727608
TRAIN Iter 195: loss = 0.001412,	Top-1 err = 82.720000,	Top-5 err = 60.410000,	train_time = 3.914963
TRAIN Iter 196: loss = 0.001378,	Top-1 err = 81.120000,	Top-5 err = 57.830000,	train_time = 3.840261
TRAIN Iter 197: loss = 0.001327,	Top-1 err = 81.660000,	Top-5 err = 59.370000,	train_time = 3.813909
TRAIN Iter 198: loss = 0.001333,	Top-1 err = 81.540000,	Top-5 err = 59.230000,	train_time = 3.849514
TRAIN Iter 199: loss = 0.001439,	Top-1 err = 80.850000,	Top-5 err = 57.280000,	train_time = 3.845769
TRAIN Iter 200: loss = 0.001352,	Top-1 err = 79.420000,	Top-5 err = 55.710000,	train_time = 3.865678
TRAIN Iter 201: loss = 0.001377,	Top-1 err = 80.610000,	Top-5 err = 56.420000,	train_time = 3.919602
TRAIN Iter 202: loss = 0.001345,	Top-1 err = 81.050000,	Top-5 err = 58.610000,	train_time = 3.733790
TRAIN Iter 203: loss = 0.001312,	Top-1 err = 79.730000,	Top-5 err = 55.770000,	train_time = 3.779037
TRAIN Iter 204: loss = 0.001308,	Top-1 err = 80.690000,	Top-5 err = 57.390000,	train_time = 3.937585
TRAIN Iter 205: loss = 0.001336,	Top-1 err = 81.060000,	Top-5 err = 58.300000,	train_time = 3.848641
TRAIN Iter 206: loss = 0.001300,	Top-1 err = 80.200000,	Top-5 err = 57.520000,	train_time = 3.789382
TRAIN Iter 207: loss = 0.001330,	Top-1 err = 83.420000,	Top-5 err = 60.860000,	train_time = 3.957100
TRAIN Iter 208: loss = 0.001280,	Top-1 err = 77.490000,	Top-5 err = 53.130000,	train_time = 3.707666
TRAIN Iter 209: loss = 0.001288,	Top-1 err = 81.960000,	Top-5 err = 59.210000,	train_time = 4.038931
TRAIN Iter 210: loss = 0.001270,	Top-1 err = 79.900000,	Top-5 err = 56.260000,	train_time = 3.762666
TRAIN Iter 211: loss = 0.001276,	Top-1 err = 82.000000,	Top-5 err = 60.320000,	train_time = 3.880529
TRAIN Iter 212: loss = 0.001290,	Top-1 err = 81.910000,	Top-5 err = 59.440000,	train_time = 3.914010
TRAIN Iter 213: loss = 0.001253,	Top-1 err = 83.330000,	Top-5 err = 62.590000,	train_time = 3.798536
TRAIN Iter 214: loss = 0.001259,	Top-1 err = 77.750000,	Top-5 err = 52.380000,	train_time = 3.711669
TRAIN Iter 215: loss = 0.001263,	Top-1 err = 77.750000,	Top-5 err = 53.520000,	train_time = 4.010707
TRAIN Iter 216: loss = 0.001228,	Top-1 err = 79.770000,	Top-5 err = 55.690000,	train_time = 3.696784
TRAIN Iter 217: loss = 0.001219,	Top-1 err = 79.020000,	Top-5 err = 54.000000,	train_time = 3.848197
TRAIN Iter 218: loss = 0.001185,	Top-1 err = 81.510000,	Top-5 err = 58.330000,	train_time = 3.635909
TRAIN Iter 219: loss = 0.001200,	Top-1 err = 80.580000,	Top-5 err = 57.430000,	train_time = 3.897994
TRAIN Iter 220: loss = 0.001209,	Top-1 err = 79.400000,	Top-5 err = 54.730000,	train_time = 3.777047
TRAIN Iter 221: loss = 0.001228,	Top-1 err = 82.170000,	Top-5 err = 60.060000,	train_time = 3.933580
TRAIN Iter 222: loss = 0.001177,	Top-1 err = 79.080000,	Top-5 err = 54.160000,	train_time = 3.844414
TRAIN Iter 223: loss = 0.001205,	Top-1 err = 80.870000,	Top-5 err = 57.160000,	train_time = 3.849403
TRAIN Iter 224: loss = 0.001173,	Top-1 err = 80.190000,	Top-5 err = 56.890000,	train_time = 3.814130
TRAIN Iter 225: loss = 0.001175,	Top-1 err = 80.230000,	Top-5 err = 55.750000,	train_time = 3.770261
TRAIN Iter 226: loss = 0.001184,	Top-1 err = 80.710000,	Top-5 err = 57.750000,	train_time = 3.828754
TRAIN Iter 227: loss = 0.001161,	Top-1 err = 80.130000,	Top-5 err = 56.450000,	train_time = 3.897143
TRAIN Iter 228: loss = 0.001168,	Top-1 err = 79.570000,	Top-5 err = 55.770000,	train_time = 3.750773
TRAIN Iter 229: loss = 0.001156,	Top-1 err = 79.200000,	Top-5 err = 55.270000,	train_time = 3.850857
TRAIN Iter 230: loss = 0.001189,	Top-1 err = 79.980000,	Top-5 err = 57.130000,	train_time = 3.804178
TRAIN Iter 231: loss = 0.001140,	Top-1 err = 80.560000,	Top-5 err = 57.670000,	train_time = 3.868393
TRAIN Iter 232: loss = 0.001107,	Top-1 err = 80.250000,	Top-5 err = 56.990000,	train_time = 3.884308
TRAIN Iter 233: loss = 0.001151,	Top-1 err = 80.400000,	Top-5 err = 58.030000,	train_time = 3.828017
TRAIN Iter 234: loss = 0.001141,	Top-1 err = 79.930000,	Top-5 err = 57.100000,	train_time = 3.960020
TRAIN Iter 235: loss = 0.001122,	Top-1 err = 81.300000,	Top-5 err = 58.580000,	train_time = 3.824592
TRAIN Iter 236: loss = 0.001139,	Top-1 err = 81.810000,	Top-5 err = 58.430000,	train_time = 3.839158
TRAIN Iter 237: loss = 0.001113,	Top-1 err = 79.180000,	Top-5 err = 56.030000,	train_time = 3.707477
TRAIN Iter 238: loss = 0.001105,	Top-1 err = 79.810000,	Top-5 err = 56.560000,	train_time = 3.773801
TRAIN Iter 239: loss = 0.001100,	Top-1 err = 80.020000,	Top-5 err = 57.580000,	train_time = 3.890787
TRAIN Iter 240: loss = 0.001097,	Top-1 err = 81.850000,	Top-5 err = 59.190000,	train_time = 3.887921
TRAIN Iter 241: loss = 0.001124,	Top-1 err = 80.760000,	Top-5 err = 58.170000,	train_time = 3.703006
TRAIN Iter 242: loss = 0.001076,	Top-1 err = 81.280000,	Top-5 err = 57.790000,	train_time = 3.840493
TRAIN Iter 243: loss = 0.001051,	Top-1 err = 79.820000,	Top-5 err = 55.210000,	train_time = 3.891830
TRAIN Iter 244: loss = 0.001060,	Top-1 err = 77.890000,	Top-5 err = 53.790000,	train_time = 3.676760
TRAIN Iter 245: loss = 0.001053,	Top-1 err = 79.480000,	Top-5 err = 56.840000,	train_time = 3.810898
TRAIN Iter 246: loss = 0.001057,	Top-1 err = 81.920000,	Top-5 err = 60.110000,	train_time = 3.819057
TRAIN Iter 247: loss = 0.001060,	Top-1 err = 80.750000,	Top-5 err = 58.600000,	train_time = 3.898799
TRAIN Iter 248: loss = 0.001044,	Top-1 err = 80.340000,	Top-5 err = 57.340000,	train_time = 3.809024
TRAIN Iter 249: loss = 0.001041,	Top-1 err = 80.820000,	Top-5 err = 57.590000,	train_time = 3.898839
TEST:
Iter 249: loss = 2.244520,	Top-1 err = 52.040000,	Top-5 err = 26.610000,	val_time = 1.012151
TRAIN Iter 250: loss = 0.001055,	Top-1 err = 77.540000,	Top-5 err = 52.000000,	train_time = 3.943278
TRAIN Iter 251: loss = 0.001024,	Top-1 err = 79.100000,	Top-5 err = 54.720000,	train_time = 4.016884
TRAIN Iter 252: loss = 0.001008,	Top-1 err = 78.880000,	Top-5 err = 54.490000,	train_time = 3.783978
TRAIN Iter 253: loss = 0.001004,	Top-1 err = 79.380000,	Top-5 err = 54.860000,	train_time = 3.760899
TRAIN Iter 254: loss = 0.001029,	Top-1 err = 78.050000,	Top-5 err = 53.430000,	train_time = 3.874748
TRAIN Iter 255: loss = 0.001012,	Top-1 err = 79.280000,	Top-5 err = 56.210000,	train_time = 3.858661
TRAIN Iter 256: loss = 0.001021,	Top-1 err = 78.590000,	Top-5 err = 54.740000,	train_time = 3.758783
TRAIN Iter 257: loss = 0.001000,	Top-1 err = 79.180000,	Top-5 err = 55.940000,	train_time = 3.776645
TRAIN Iter 258: loss = 0.000972,	Top-1 err = 77.530000,	Top-5 err = 52.760000,	train_time = 3.681428
TRAIN Iter 259: loss = 0.001005,	Top-1 err = 80.240000,	Top-5 err = 57.150000,	train_time = 3.951441
TEST:
Iter 259: loss = 2.234055,	Top-1 err = 52.150000,	Top-5 err = 26.720000,	val_time = 0.977905
TRAIN Iter 260: loss = 0.000994,	Top-1 err = 81.290000,	Top-5 err = 58.320000,	train_time = 3.761942
TRAIN Iter 261: loss = 0.000950,	Top-1 err = 78.490000,	Top-5 err = 53.760000,	train_time = 3.874938
TRAIN Iter 262: loss = 0.000955,	Top-1 err = 80.470000,	Top-5 err = 56.860000,	train_time = 3.742741
TRAIN Iter 263: loss = 0.000967,	Top-1 err = 78.910000,	Top-5 err = 54.730000,	train_time = 3.896382
TRAIN Iter 264: loss = 0.000980,	Top-1 err = 79.420000,	Top-5 err = 56.090000,	train_time = 3.962775
TRAIN Iter 265: loss = 0.000948,	Top-1 err = 78.550000,	Top-5 err = 54.380000,	train_time = 3.770821
TRAIN Iter 266: loss = 0.000987,	Top-1 err = 81.360000,	Top-5 err = 59.190000,	train_time = 3.832952
TRAIN Iter 267: loss = 0.000930,	Top-1 err = 79.700000,	Top-5 err = 55.490000,	train_time = 3.830380
TRAIN Iter 268: loss = 0.000944,	Top-1 err = 81.090000,	Top-5 err = 58.840000,	train_time = 3.915582
TRAIN Iter 269: loss = 0.000923,	Top-1 err = 79.680000,	Top-5 err = 56.290000,	train_time = 3.819425
TEST:
Iter 269: loss = 2.246801,	Top-1 err = 52.390000,	Top-5 err = 26.840000,	val_time = 0.981255
TRAIN Iter 270: loss = 0.000935,	Top-1 err = 79.650000,	Top-5 err = 57.350000,	train_time = 3.789273
TRAIN Iter 271: loss = 0.000927,	Top-1 err = 80.080000,	Top-5 err = 56.800000,	train_time = 3.899839
TRAIN Iter 272: loss = 0.000936,	Top-1 err = 82.290000,	Top-5 err = 59.790000,	train_time = 3.736055
TRAIN Iter 273: loss = 0.000954,	Top-1 err = 81.100000,	Top-5 err = 58.840000,	train_time = 3.777240
TRAIN Iter 274: loss = 0.000921,	Top-1 err = 80.170000,	Top-5 err = 55.390000,	train_time = 3.908719
TRAIN Iter 275: loss = 0.000927,	Top-1 err = 82.180000,	Top-5 err = 59.490000,	train_time = 3.867125
TRAIN Iter 276: loss = 0.000925,	Top-1 err = 78.420000,	Top-5 err = 53.880000,	train_time = 3.931664
TRAIN Iter 277: loss = 0.000916,	Top-1 err = 81.240000,	Top-5 err = 57.700000,	train_time = 3.792642
TRAIN Iter 278: loss = 0.000898,	Top-1 err = 78.060000,	Top-5 err = 53.620000,	train_time = 3.987019
TRAIN Iter 279: loss = 0.000885,	Top-1 err = 79.880000,	Top-5 err = 57.140000,	train_time = 3.680619
TEST:
Iter 279: loss = 2.258977,	Top-1 err = 52.390000,	Top-5 err = 26.540000,	val_time = 0.917444
TRAIN Iter 280: loss = 0.000911,	Top-1 err = 79.980000,	Top-5 err = 57.420000,	train_time = 3.917768
TRAIN Iter 281: loss = 0.000879,	Top-1 err = 80.760000,	Top-5 err = 57.950000,	train_time = 3.773122
TRAIN Iter 282: loss = 0.000908,	Top-1 err = 78.380000,	Top-5 err = 54.290000,	train_time = 3.946538
TRAIN Iter 283: loss = 0.000878,	Top-1 err = 78.830000,	Top-5 err = 55.700000,	train_time = 3.805782
TRAIN Iter 284: loss = 0.000891,	Top-1 err = 77.770000,	Top-5 err = 52.850000,	train_time = 3.727570
TRAIN Iter 285: loss = 0.000871,	Top-1 err = 81.390000,	Top-5 err = 58.610000,	train_time = 3.721773
TRAIN Iter 286: loss = 0.000862,	Top-1 err = 78.570000,	Top-5 err = 55.010000,	train_time = 4.059595
TRAIN Iter 287: loss = 0.000873,	Top-1 err = 78.120000,	Top-5 err = 53.540000,	train_time = 3.927753
TRAIN Iter 288: loss = 0.000860,	Top-1 err = 80.920000,	Top-5 err = 58.450000,	train_time = 3.849328
TRAIN Iter 289: loss = 0.000836,	Top-1 err = 77.840000,	Top-5 err = 52.810000,	train_time = 3.812734
TEST:
Iter 289: loss = 2.214395,	Top-1 err = 51.510000,	Top-5 err = 26.120000,	val_time = 0.959641
TRAIN Iter 290: loss = 0.000866,	Top-1 err = 79.400000,	Top-5 err = 56.290000,	train_time = 3.701141
TRAIN Iter 291: loss = 0.000816,	Top-1 err = 82.110000,	Top-5 err = 59.320000,	train_time = 3.976731
TRAIN Iter 292: loss = 0.000854,	Top-1 err = 78.450000,	Top-5 err = 54.850000,	train_time = 3.851164
TRAIN Iter 293: loss = 0.000828,	Top-1 err = 78.400000,	Top-5 err = 54.950000,	train_time = 3.905037
TRAIN Iter 294: loss = 0.000860,	Top-1 err = 81.860000,	Top-5 err = 60.380000,	train_time = 3.666913
TRAIN Iter 295: loss = 0.000861,	Top-1 err = 78.360000,	Top-5 err = 54.190000,	train_time = 3.993315
TRAIN Iter 296: loss = 0.000822,	Top-1 err = 79.130000,	Top-5 err = 55.700000,	train_time = 3.725118
TRAIN Iter 297: loss = 0.000833,	Top-1 err = 79.180000,	Top-5 err = 55.340000,	train_time = 3.750987
TRAIN Iter 298: loss = 0.000801,	Top-1 err = 79.670000,	Top-5 err = 56.010000,	train_time = 3.855586
TRAIN Iter 299: loss = 0.000797,	Top-1 err = 79.000000,	Top-5 err = 55.020000,	train_time = 3.677167
TEST:
Iter 299: loss = 2.216795,	Top-1 err = 51.750000,	Top-5 err = 25.930000,	val_time = 0.969067
Train Finish! Best accuracy is 48.49@289
