/home/dvspanos/miniconda3/envs/rded/lib/python3.10/site-packages/torchvision/models/_utils.py:208: UserWarning: The parameter 'pretrained' is deprecated since 0.13 and may be removed in the future, please use 'weights' instead.
  warnings.warn(
/home/dvspanos/miniconda3/envs/rded/lib/python3.10/site-packages/torchvision/models/_utils.py:223: UserWarning: Arguments other than a weight enum or `None` for 'weights' are deprecated since 0.13 and may be removed in the future. The current behavior is equivalent to passing `weights=None`.
  warnings.warn(msg)
=> using pytorch pre-trained teacher model 'resnet18_modified'
process data from /home/dvspanos/nikos/ca2d/artifacts/rded_sets/bench_tin_rn18_sharp_ipc50
load data successfully
TRAIN Iter 0: loss = 0.011844,	Top-1 err = 98.150000,	Top-5 err = 92.530000,	train_time = 15.224109
TRAIN Iter 1: loss = 0.010669,	Top-1 err = 97.090000,	Top-5 err = 88.820000,	train_time = 13.735514
TRAIN Iter 2: loss = 0.010169,	Top-1 err = 95.350000,	Top-5 err = 83.650000,	train_time = 13.938799
TRAIN Iter 3: loss = 0.009487,	Top-1 err = 94.910000,	Top-5 err = 82.250000,	train_time = 15.079615
TRAIN Iter 4: loss = 0.009078,	Top-1 err = 93.260000,	Top-5 err = 78.470000,	train_time = 15.717239
TRAIN Iter 5: loss = 0.008548,	Top-1 err = 92.820000,	Top-5 err = 77.890000,	train_time = 14.577842
TRAIN Iter 6: loss = 0.008485,	Top-1 err = 91.300000,	Top-5 err = 75.020000,	train_time = 16.302078
TRAIN Iter 7: loss = 0.007804,	Top-1 err = 91.380000,	Top-5 err = 74.000000,	train_time = 14.721486
TRAIN Iter 8: loss = 0.007958,	Top-1 err = 89.400000,	Top-5 err = 69.400000,	train_time = 15.245403
TRAIN Iter 9: loss = 0.007713,	Top-1 err = 89.270000,	Top-5 err = 71.110000,	train_time = 16.261187
TRAIN Iter 10: loss = 0.007565,	Top-1 err = 87.350000,	Top-5 err = 66.420000,	train_time = 15.507817
TRAIN Iter 11: loss = 0.007432,	Top-1 err = 86.280000,	Top-5 err = 64.600000,	train_time = 15.139917
TRAIN Iter 12: loss = 0.007227,	Top-1 err = 85.600000,	Top-5 err = 64.210000,	train_time = 16.114485
TRAIN Iter 13: loss = 0.007189,	Top-1 err = 82.650000,	Top-5 err = 58.990000,	train_time = 15.363988
TRAIN Iter 14: loss = 0.006878,	Top-1 err = 82.680000,	Top-5 err = 60.050000,	train_time = 15.395523
TRAIN Iter 15: loss = 0.006613,	Top-1 err = 82.140000,	Top-5 err = 60.350000,	train_time = 15.121333
TRAIN Iter 16: loss = 0.006543,	Top-1 err = 80.820000,	Top-5 err = 58.070000,	train_time = 17.000805
TRAIN Iter 17: loss = 0.006336,	Top-1 err = 80.030000,	Top-5 err = 57.410000,	train_time = 14.974468
TRAIN Iter 18: loss = 0.006198,	Top-1 err = 80.240000,	Top-5 err = 58.230000,	train_time = 15.818986
TRAIN Iter 19: loss = 0.006058,	Top-1 err = 79.490000,	Top-5 err = 56.460000,	train_time = 15.310118
TRAIN Iter 20: loss = 0.005928,	Top-1 err = 77.870000,	Top-5 err = 54.710000,	train_time = 15.334716
TRAIN Iter 21: loss = 0.005947,	Top-1 err = 75.820000,	Top-5 err = 51.740000,	train_time = 15.839788
TRAIN Iter 22: loss = 0.005778,	Top-1 err = 75.400000,	Top-5 err = 50.510000,	train_time = 15.207408
TRAIN Iter 23: loss = 0.005743,	Top-1 err = 74.730000,	Top-5 err = 51.590000,	train_time = 15.393423
TRAIN Iter 24: loss = 0.005516,	Top-1 err = 73.260000,	Top-5 err = 49.060000,	train_time = 15.543416
TRAIN Iter 25: loss = 0.005461,	Top-1 err = 72.830000,	Top-5 err = 48.360000,	train_time = 15.480923
TRAIN Iter 26: loss = 0.005254,	Top-1 err = 74.400000,	Top-5 err = 52.390000,	train_time = 15.404888
TRAIN Iter 27: loss = 0.005216,	Top-1 err = 71.580000,	Top-5 err = 46.400000,	train_time = 15.511522
TRAIN Iter 28: loss = 0.005207,	Top-1 err = 72.560000,	Top-5 err = 50.290000,	train_time = 15.726809
TRAIN Iter 29: loss = 0.004998,	Top-1 err = 74.790000,	Top-5 err = 52.400000,	train_time = 16.652642
TRAIN Iter 30: loss = 0.004935,	Top-1 err = 70.450000,	Top-5 err = 46.720000,	train_time = 15.604927
TRAIN Iter 31: loss = 0.004946,	Top-1 err = 69.440000,	Top-5 err = 47.100000,	train_time = 15.013166
TRAIN Iter 32: loss = 0.004731,	Top-1 err = 72.480000,	Top-5 err = 50.720000,	train_time = 16.465054
TRAIN Iter 33: loss = 0.004673,	Top-1 err = 67.360000,	Top-5 err = 43.000000,	train_time = 15.605213
TRAIN Iter 34: loss = 0.004683,	Top-1 err = 70.810000,	Top-5 err = 48.590000,	train_time = 15.167210
TRAIN Iter 35: loss = 0.004630,	Top-1 err = 68.370000,	Top-5 err = 45.840000,	train_time = 15.197814
TRAIN Iter 36: loss = 0.004576,	Top-1 err = 66.360000,	Top-5 err = 43.780000,	train_time = 16.538256
TRAIN Iter 37: loss = 0.004526,	Top-1 err = 64.350000,	Top-5 err = 40.910000,	train_time = 15.857967
TRAIN Iter 38: loss = 0.004358,	Top-1 err = 69.990000,	Top-5 err = 47.460000,	train_time = 16.099669
TRAIN Iter 39: loss = 0.004369,	Top-1 err = 67.700000,	Top-5 err = 45.300000,	train_time = 15.735305
TRAIN Iter 40: loss = 0.004238,	Top-1 err = 68.610000,	Top-5 err = 46.120000,	train_time = 15.682899
TRAIN Iter 41: loss = 0.004281,	Top-1 err = 68.070000,	Top-5 err = 46.380000,	train_time = 15.719565
TRAIN Iter 42: loss = 0.004216,	Top-1 err = 61.410000,	Top-5 err = 38.870000,	train_time = 15.106400
TRAIN Iter 43: loss = 0.004167,	Top-1 err = 65.170000,	Top-5 err = 42.930000,	train_time = 16.052308
TRAIN Iter 44: loss = 0.004184,	Top-1 err = 59.650000,	Top-5 err = 37.030000,	train_time = 14.960843
TRAIN Iter 45: loss = 0.004093,	Top-1 err = 63.040000,	Top-5 err = 40.360000,	train_time = 16.052968
TRAIN Iter 46: loss = 0.003997,	Top-1 err = 61.970000,	Top-5 err = 38.120000,	train_time = 14.998805
TRAIN Iter 47: loss = 0.004006,	Top-1 err = 62.370000,	Top-5 err = 39.120000,	train_time = 15.714079
TRAIN Iter 48: loss = 0.003952,	Top-1 err = 66.170000,	Top-5 err = 44.840000,	train_time = 15.185752
TRAIN Iter 49: loss = 0.003882,	Top-1 err = 65.530000,	Top-5 err = 43.940000,	train_time = 16.270271
TRAIN Iter 50: loss = 0.003954,	Top-1 err = 62.850000,	Top-5 err = 41.830000,	train_time = 15.082797
TRAIN Iter 51: loss = 0.003878,	Top-1 err = 60.150000,	Top-5 err = 38.560000,	train_time = 16.326566
TRAIN Iter 52: loss = 0.003798,	Top-1 err = 62.460000,	Top-5 err = 39.650000,	train_time = 15.418928
TRAIN Iter 53: loss = 0.003793,	Top-1 err = 58.440000,	Top-5 err = 35.920000,	train_time = 14.911602
TRAIN Iter 54: loss = 0.003785,	Top-1 err = 59.530000,	Top-5 err = 36.560000,	train_time = 15.779436
TRAIN Iter 55: loss = 0.003715,	Top-1 err = 66.020000,	Top-5 err = 43.960000,	train_time = 15.444490
TRAIN Iter 56: loss = 0.003718,	Top-1 err = 59.840000,	Top-5 err = 37.490000,	train_time = 15.088045
TRAIN Iter 57: loss = 0.003646,	Top-1 err = 61.170000,	Top-5 err = 38.570000,	train_time = 16.508449
TRAIN Iter 58: loss = 0.003634,	Top-1 err = 60.770000,	Top-5 err = 37.990000,	train_time = 15.527761
TRAIN Iter 59: loss = 0.003639,	Top-1 err = 58.540000,	Top-5 err = 34.670000,	train_time = 15.789011
TRAIN Iter 60: loss = 0.003595,	Top-1 err = 59.490000,	Top-5 err = 38.720000,	train_time = 15.190042
TRAIN Iter 61: loss = 0.003526,	Top-1 err = 62.410000,	Top-5 err = 41.060000,	train_time = 15.153644
TRAIN Iter 62: loss = 0.003582,	Top-1 err = 56.440000,	Top-5 err = 34.880000,	train_time = 15.240384
TRAIN Iter 63: loss = 0.003543,	Top-1 err = 56.780000,	Top-5 err = 35.600000,	train_time = 15.876808
TRAIN Iter 64: loss = 0.003502,	Top-1 err = 61.230000,	Top-5 err = 39.380000,	train_time = 15.401167
TRAIN Iter 65: loss = 0.003500,	Top-1 err = 59.680000,	Top-5 err = 39.470000,	train_time = 16.193818
TRAIN Iter 66: loss = 0.003467,	Top-1 err = 63.750000,	Top-5 err = 43.010000,	train_time = 15.688882
TRAIN Iter 67: loss = 0.003454,	Top-1 err = 62.580000,	Top-5 err = 40.680000,	train_time = 15.133668
TRAIN Iter 68: loss = 0.003418,	Top-1 err = 57.220000,	Top-5 err = 36.000000,	train_time = 15.460257
TRAIN Iter 69: loss = 0.003397,	Top-1 err = 57.560000,	Top-5 err = 36.080000,	train_time = 15.478796
TRAIN Iter 70: loss = 0.003364,	Top-1 err = 54.530000,	Top-5 err = 32.720000,	train_time = 15.966530
TRAIN Iter 71: loss = 0.003358,	Top-1 err = 60.200000,	Top-5 err = 40.000000,	train_time = 14.981066
TRAIN Iter 72: loss = 0.003334,	Top-1 err = 60.080000,	Top-5 err = 37.860000,	train_time = 15.811119
TRAIN Iter 73: loss = 0.003325,	Top-1 err = 51.380000,	Top-5 err = 29.930000,	train_time = 15.180183
TRAIN Iter 74: loss = 0.003306,	Top-1 err = 53.480000,	Top-5 err = 31.520000,	train_time = 15.438304
TRAIN Iter 75: loss = 0.003295,	Top-1 err = 60.150000,	Top-5 err = 38.590000,	train_time = 15.734501
TRAIN Iter 76: loss = 0.003291,	Top-1 err = 56.100000,	Top-5 err = 34.330000,	train_time = 16.272463
TRAIN Iter 77: loss = 0.003252,	Top-1 err = 56.070000,	Top-5 err = 35.400000,	train_time = 15.886745
TRAIN Iter 78: loss = 0.003278,	Top-1 err = 58.970000,	Top-5 err = 38.490000,	train_time = 15.170046
TRAIN Iter 79: loss = 0.003243,	Top-1 err = 57.610000,	Top-5 err = 36.000000,	train_time = 15.607722
TRAIN Iter 80: loss = 0.003185,	Top-1 err = 56.630000,	Top-5 err = 36.220000,	train_time = 16.534473
TRAIN Iter 81: loss = 0.003210,	Top-1 err = 60.900000,	Top-5 err = 41.340000,	train_time = 14.918444
TRAIN Iter 82: loss = 0.003183,	Top-1 err = 56.350000,	Top-5 err = 35.960000,	train_time = 15.196328
TRAIN Iter 83: loss = 0.003177,	Top-1 err = 60.900000,	Top-5 err = 39.790000,	train_time = 15.468554
TRAIN Iter 84: loss = 0.003140,	Top-1 err = 56.450000,	Top-5 err = 35.600000,	train_time = 15.756706
TRAIN Iter 85: loss = 0.003140,	Top-1 err = 61.090000,	Top-5 err = 41.710000,	train_time = 15.183088
TRAIN Iter 86: loss = 0.003105,	Top-1 err = 54.360000,	Top-5 err = 34.560000,	train_time = 16.551331
TRAIN Iter 87: loss = 0.003116,	Top-1 err = 52.660000,	Top-5 err = 32.080000,	train_time = 15.627900
TRAIN Iter 88: loss = 0.003088,	Top-1 err = 60.590000,	Top-5 err = 40.090000,	train_time = 15.711877
TRAIN Iter 89: loss = 0.003117,	Top-1 err = 57.890000,	Top-5 err = 37.240000,	train_time = 15.869619
TRAIN Iter 90: loss = 0.003134,	Top-1 err = 58.120000,	Top-5 err = 37.270000,	train_time = 15.492350
TRAIN Iter 91: loss = 0.003094,	Top-1 err = 59.970000,	Top-5 err = 40.060000,	train_time = 15.464320
TRAIN Iter 92: loss = 0.003063,	Top-1 err = 56.480000,	Top-5 err = 35.290000,	train_time = 15.427736
TRAIN Iter 93: loss = 0.003046,	Top-1 err = 57.410000,	Top-5 err = 37.240000,	train_time = 15.866436
TRAIN Iter 94: loss = 0.003018,	Top-1 err = 54.140000,	Top-5 err = 33.210000,	train_time = 15.175140
TRAIN Iter 95: loss = 0.003011,	Top-1 err = 54.300000,	Top-5 err = 33.840000,	train_time = 15.389866
TRAIN Iter 96: loss = 0.003018,	Top-1 err = 52.700000,	Top-5 err = 32.120000,	train_time = 15.998844
TRAIN Iter 97: loss = 0.003001,	Top-1 err = 54.970000,	Top-5 err = 34.530000,	train_time = 15.566611
TRAIN Iter 98: loss = 0.003012,	Top-1 err = 57.870000,	Top-5 err = 37.930000,	train_time = 15.021414
TRAIN Iter 99: loss = 0.002975,	Top-1 err = 58.580000,	Top-5 err = 38.090000,	train_time = 15.490067
TRAIN Iter 100: loss = 0.002996,	Top-1 err = 61.440000,	Top-5 err = 40.430000,	train_time = 15.694790
TRAIN Iter 101: loss = 0.002991,	Top-1 err = 55.360000,	Top-5 err = 34.160000,	train_time = 15.320226
TRAIN Iter 102: loss = 0.002942,	Top-1 err = 52.160000,	Top-5 err = 31.070000,	train_time = 15.171772
TRAIN Iter 103: loss = 0.002984,	Top-1 err = 60.340000,	Top-5 err = 39.470000,	train_time = 15.129547
TRAIN Iter 104: loss = 0.002961,	Top-1 err = 54.700000,	Top-5 err = 33.940000,	train_time = 15.462948
TRAIN Iter 105: loss = 0.002943,	Top-1 err = 55.620000,	Top-5 err = 34.940000,	train_time = 16.406900
TRAIN Iter 106: loss = 0.002951,	Top-1 err = 55.890000,	Top-5 err = 34.840000,	train_time = 15.693742
TRAIN Iter 107: loss = 0.002905,	Top-1 err = 57.140000,	Top-5 err = 37.720000,	train_time = 16.364784
TRAIN Iter 108: loss = 0.002904,	Top-1 err = 55.470000,	Top-5 err = 35.820000,	train_time = 15.001875
TRAIN Iter 109: loss = 0.002878,	Top-1 err = 52.180000,	Top-5 err = 31.570000,	train_time = 16.210191
TRAIN Iter 110: loss = 0.002851,	Top-1 err = 51.380000,	Top-5 err = 31.560000,	train_time = 15.205423
TRAIN Iter 111: loss = 0.002852,	Top-1 err = 60.530000,	Top-5 err = 39.900000,	train_time = 16.438914
TRAIN Iter 112: loss = 0.002885,	Top-1 err = 57.130000,	Top-5 err = 36.490000,	train_time = 14.865738
TRAIN Iter 113: loss = 0.002848,	Top-1 err = 52.160000,	Top-5 err = 30.520000,	train_time = 16.440005
TRAIN Iter 114: loss = 0.002856,	Top-1 err = 61.090000,	Top-5 err = 40.920000,	train_time = 14.794739
TRAIN Iter 115: loss = 0.002884,	Top-1 err = 60.560000,	Top-5 err = 39.220000,	train_time = 16.353801
TRAIN Iter 116: loss = 0.002870,	Top-1 err = 55.270000,	Top-5 err = 35.280000,	train_time = 15.203044
TRAIN Iter 117: loss = 0.002840,	Top-1 err = 56.080000,	Top-5 err = 35.310000,	train_time = 16.010069
TRAIN Iter 118: loss = 0.002854,	Top-1 err = 56.860000,	Top-5 err = 36.470000,	train_time = 15.217244
TRAIN Iter 119: loss = 0.002804,	Top-1 err = 56.120000,	Top-5 err = 36.720000,	train_time = 14.870906
TRAIN Iter 120: loss = 0.002813,	Top-1 err = 54.820000,	Top-5 err = 34.880000,	train_time = 16.228871
TRAIN Iter 121: loss = 0.002813,	Top-1 err = 55.090000,	Top-5 err = 35.240000,	train_time = 15.113617
TRAIN Iter 122: loss = 0.002794,	Top-1 err = 53.310000,	Top-5 err = 34.000000,	train_time = 15.132870
TRAIN Iter 123: loss = 0.002797,	Top-1 err = 52.980000,	Top-5 err = 33.160000,	train_time = 15.196971
TRAIN Iter 124: loss = 0.002787,	Top-1 err = 58.930000,	Top-5 err = 40.100000,	train_time = 15.547249
TRAIN Iter 125: loss = 0.002772,	Top-1 err = 49.810000,	Top-5 err = 29.910000,	train_time = 16.302755
TRAIN Iter 126: loss = 0.002791,	Top-1 err = 57.150000,	Top-5 err = 37.220000,	train_time = 14.965735
TRAIN Iter 127: loss = 0.002752,	Top-1 err = 53.160000,	Top-5 err = 33.460000,	train_time = 16.497864
TRAIN Iter 128: loss = 0.002754,	Top-1 err = 55.590000,	Top-5 err = 36.560000,	train_time = 15.865895
TRAIN Iter 129: loss = 0.002727,	Top-1 err = 54.940000,	Top-5 err = 34.630000,	train_time = 14.802869
TRAIN Iter 130: loss = 0.002762,	Top-1 err = 57.860000,	Top-5 err = 38.140000,	train_time = 15.050913
TRAIN Iter 131: loss = 0.002733,	Top-1 err = 56.670000,	Top-5 err = 37.490000,	train_time = 15.753106
TRAIN Iter 132: loss = 0.002738,	Top-1 err = 50.810000,	Top-5 err = 31.350000,	train_time = 15.190549
TRAIN Iter 133: loss = 0.002716,	Top-1 err = 50.630000,	Top-5 err = 30.210000,	train_time = 16.995495
TRAIN Iter 134: loss = 0.002722,	Top-1 err = 56.910000,	Top-5 err = 36.780000,	train_time = 15.165012
TRAIN Iter 135: loss = 0.002717,	Top-1 err = 53.460000,	Top-5 err = 34.600000,	train_time = 15.080142
TRAIN Iter 136: loss = 0.002691,	Top-1 err = 55.920000,	Top-5 err = 35.460000,	train_time = 16.497037
TRAIN Iter 137: loss = 0.002648,	Top-1 err = 55.640000,	Top-5 err = 37.410000,	train_time = 15.183654
TRAIN Iter 138: loss = 0.002690,	Top-1 err = 55.630000,	Top-5 err = 36.210000,	train_time = 15.515794
TRAIN Iter 139: loss = 0.002702,	Top-1 err = 57.520000,	Top-5 err = 37.320000,	train_time = 15.183219
TRAIN Iter 140: loss = 0.002684,	Top-1 err = 53.410000,	Top-5 err = 33.540000,	train_time = 15.306002
TRAIN Iter 141: loss = 0.002701,	Top-1 err = 58.480000,	Top-5 err = 38.380000,	train_time = 15.694078
TRAIN Iter 142: loss = 0.002677,	Top-1 err = 51.580000,	Top-5 err = 32.030000,	train_time = 16.399389
TRAIN Iter 143: loss = 0.002615,	Top-1 err = 53.780000,	Top-5 err = 35.740000,	train_time = 15.842409
TRAIN Iter 144: loss = 0.002690,	Top-1 err = 51.860000,	Top-5 err = 31.970000,	train_time = 15.698679
TRAIN Iter 145: loss = 0.002639,	Top-1 err = 51.280000,	Top-5 err = 31.380000,	train_time = 14.977942
TRAIN Iter 146: loss = 0.002649,	Top-1 err = 55.400000,	Top-5 err = 35.630000,	train_time = 16.602474
TRAIN Iter 147: loss = 0.002637,	Top-1 err = 52.200000,	Top-5 err = 33.230000,	train_time = 15.077651
TRAIN Iter 148: loss = 0.002662,	Top-1 err = 51.270000,	Top-5 err = 31.250000,	train_time = 15.739583
TRAIN Iter 149: loss = 0.002621,	Top-1 err = 55.590000,	Top-5 err = 36.300000,	train_time = 15.227065
TRAIN Iter 150: loss = 0.002634,	Top-1 err = 50.590000,	Top-5 err = 30.940000,	train_time = 16.365433
TRAIN Iter 151: loss = 0.002657,	Top-1 err = 55.750000,	Top-5 err = 36.430000,	train_time = 14.995761
TRAIN Iter 152: loss = 0.002618,	Top-1 err = 53.340000,	Top-5 err = 33.590000,	train_time = 16.566453
TRAIN Iter 153: loss = 0.002608,	Top-1 err = 55.040000,	Top-5 err = 36.590000,	train_time = 15.128157
TRAIN Iter 154: loss = 0.002582,	Top-1 err = 53.480000,	Top-5 err = 33.960000,	train_time = 15.410920
TRAIN Iter 155: loss = 0.002622,	Top-1 err = 56.430000,	Top-5 err = 36.640000,	train_time = 15.151093
TRAIN Iter 156: loss = 0.002589,	Top-1 err = 49.960000,	Top-5 err = 30.280000,	train_time = 16.263228
TRAIN Iter 157: loss = 0.002581,	Top-1 err = 52.370000,	Top-5 err = 33.710000,	train_time = 15.393237
TRAIN Iter 158: loss = 0.002563,	Top-1 err = 51.340000,	Top-5 err = 31.420000,	train_time = 16.303835
TRAIN Iter 159: loss = 0.002579,	Top-1 err = 56.170000,	Top-5 err = 37.050000,	train_time = 15.221152
TRAIN Iter 160: loss = 0.002569,	Top-1 err = 52.640000,	Top-5 err = 33.100000,	train_time = 16.005023
TRAIN Iter 161: loss = 0.002615,	Top-1 err = 53.090000,	Top-5 err = 32.230000,	train_time = 15.213868
TRAIN Iter 162: loss = 0.002584,	Top-1 err = 58.900000,	Top-5 err = 39.940000,	train_time = 15.043142
TRAIN Iter 163: loss = 0.002563,	Top-1 err = 51.430000,	Top-5 err = 32.670000,	train_time = 15.071106
TRAIN Iter 164: loss = 0.002551,	Top-1 err = 51.630000,	Top-5 err = 32.190000,	train_time = 16.440675
TRAIN Iter 165: loss = 0.002500,	Top-1 err = 50.840000,	Top-5 err = 32.270000,	train_time = 15.646843
TRAIN Iter 166: loss = 0.002543,	Top-1 err = 54.990000,	Top-5 err = 34.580000,	train_time = 15.677487
TRAIN Iter 167: loss = 0.002535,	Top-1 err = 53.900000,	Top-5 err = 34.080000,	train_time = 14.789218
TRAIN Iter 168: loss = 0.002545,	Top-1 err = 51.630000,	Top-5 err = 32.960000,	train_time = 15.504839
TRAIN Iter 169: loss = 0.002524,	Top-1 err = 55.920000,	Top-5 err = 36.400000,	train_time = 15.292747
TRAIN Iter 170: loss = 0.002505,	Top-1 err = 55.400000,	Top-5 err = 37.650000,	train_time = 16.569554
TRAIN Iter 171: loss = 0.002536,	Top-1 err = 50.130000,	Top-5 err = 30.890000,	train_time = 15.018368
TRAIN Iter 172: loss = 0.002506,	Top-1 err = 52.370000,	Top-5 err = 33.480000,	train_time = 15.099917
TRAIN Iter 173: loss = 0.002550,	Top-1 err = 53.990000,	Top-5 err = 34.270000,	train_time = 15.058476
TRAIN Iter 174: loss = 0.002504,	Top-1 err = 51.720000,	Top-5 err = 32.600000,	train_time = 15.270705
TRAIN Iter 175: loss = 0.002542,	Top-1 err = 56.320000,	Top-5 err = 35.790000,	train_time = 15.125676
TRAIN Iter 176: loss = 0.002520,	Top-1 err = 52.820000,	Top-5 err = 34.080000,	train_time = 16.199867
TRAIN Iter 177: loss = 0.002515,	Top-1 err = 55.980000,	Top-5 err = 37.840000,	train_time = 15.400643
TRAIN Iter 178: loss = 0.002480,	Top-1 err = 53.050000,	Top-5 err = 34.540000,	train_time = 16.358947
TRAIN Iter 179: loss = 0.002498,	Top-1 err = 54.090000,	Top-5 err = 35.160000,	train_time = 15.193709
TRAIN Iter 180: loss = 0.002460,	Top-1 err = 50.380000,	Top-5 err = 31.940000,	train_time = 15.071634
TRAIN Iter 181: loss = 0.002448,	Top-1 err = 48.300000,	Top-5 err = 29.980000,	train_time = 16.309672
TRAIN Iter 182: loss = 0.002477,	Top-1 err = 53.070000,	Top-5 err = 34.570000,	train_time = 15.485883
TRAIN Iter 183: loss = 0.002433,	Top-1 err = 49.450000,	Top-5 err = 31.270000,	train_time = 15.899796
TRAIN Iter 184: loss = 0.002464,	Top-1 err = 59.580000,	Top-5 err = 41.140000,	train_time = 14.979094
TRAIN Iter 185: loss = 0.002498,	Top-1 err = 54.910000,	Top-5 err = 35.850000,	train_time = 15.463751
TRAIN Iter 186: loss = 0.002463,	Top-1 err = 51.440000,	Top-5 err = 32.070000,	train_time = 14.975556
TRAIN Iter 187: loss = 0.002454,	Top-1 err = 50.490000,	Top-5 err = 32.720000,	train_time = 15.157912
TRAIN Iter 188: loss = 0.002469,	Top-1 err = 53.410000,	Top-5 err = 34.720000,	train_time = 15.104439
TRAIN Iter 189: loss = 0.002405,	Top-1 err = 48.860000,	Top-5 err = 31.160000,	train_time = 15.305336
TRAIN Iter 190: loss = 0.002416,	Top-1 err = 50.170000,	Top-5 err = 30.840000,	train_time = 16.160519
TRAIN Iter 191: loss = 0.002391,	Top-1 err = 45.130000,	Top-5 err = 27.200000,	train_time = 15.706430
TRAIN Iter 192: loss = 0.002422,	Top-1 err = 50.060000,	Top-5 err = 31.460000,	train_time = 15.780540
TRAIN Iter 193: loss = 0.002389,	Top-1 err = 49.550000,	Top-5 err = 30.600000,	train_time = 15.033782
TRAIN Iter 194: loss = 0.002400,	Top-1 err = 50.690000,	Top-5 err = 31.280000,	train_time = 16.220918
TRAIN Iter 195: loss = 0.002371,	Top-1 err = 44.210000,	Top-5 err = 27.110000,	train_time = 14.850448
TRAIN Iter 196: loss = 0.002388,	Top-1 err = 48.150000,	Top-5 err = 28.430000,	train_time = 15.124447
TRAIN Iter 197: loss = 0.002405,	Top-1 err = 56.030000,	Top-5 err = 36.720000,	train_time = 15.488814
TRAIN Iter 198: loss = 0.002396,	Top-1 err = 49.080000,	Top-5 err = 30.380000,	train_time = 15.683432
TRAIN Iter 199: loss = 0.002419,	Top-1 err = 52.060000,	Top-5 err = 32.340000,	train_time = 14.994270
TRAIN Iter 200: loss = 0.002376,	Top-1 err = 48.830000,	Top-5 err = 29.170000,	train_time = 16.237217
TRAIN Iter 201: loss = 0.002376,	Top-1 err = 47.350000,	Top-5 err = 29.230000,	train_time = 15.722108
TRAIN Iter 202: loss = 0.002406,	Top-1 err = 52.430000,	Top-5 err = 33.040000,	train_time = 14.919843
TRAIN Iter 203: loss = 0.002432,	Top-1 err = 50.410000,	Top-5 err = 31.700000,	train_time = 14.949597
TRAIN Iter 204: loss = 0.002415,	Top-1 err = 53.560000,	Top-5 err = 32.900000,	train_time = 16.573758
TRAIN Iter 205: loss = 0.002387,	Top-1 err = 48.360000,	Top-5 err = 28.820000,	train_time = 15.062786
TRAIN Iter 206: loss = 0.002411,	Top-1 err = 56.130000,	Top-5 err = 37.120000,	train_time = 14.994940
TRAIN Iter 207: loss = 0.002391,	Top-1 err = 49.090000,	Top-5 err = 31.240000,	train_time = 15.298172
TRAIN Iter 208: loss = 0.002366,	Top-1 err = 55.080000,	Top-5 err = 35.940000,	train_time = 15.376942
TRAIN Iter 209: loss = 0.002382,	Top-1 err = 55.360000,	Top-5 err = 36.440000,	train_time = 15.304299
TRAIN Iter 210: loss = 0.002358,	Top-1 err = 52.580000,	Top-5 err = 34.740000,	train_time = 15.971455
TRAIN Iter 211: loss = 0.002382,	Top-1 err = 46.670000,	Top-5 err = 27.750000,	train_time = 15.346663
TRAIN Iter 212: loss = 0.002381,	Top-1 err = 54.820000,	Top-5 err = 35.970000,	train_time = 15.785999
TRAIN Iter 213: loss = 0.002383,	Top-1 err = 54.150000,	Top-5 err = 35.710000,	train_time = 15.754969
TRAIN Iter 214: loss = 0.002370,	Top-1 err = 53.560000,	Top-5 err = 34.060000,	train_time = 14.841625
TRAIN Iter 215: loss = 0.002368,	Top-1 err = 50.970000,	Top-5 err = 31.970000,	train_time = 15.460412
TRAIN Iter 216: loss = 0.002386,	Top-1 err = 55.670000,	Top-5 err = 37.050000,	train_time = 15.378054
TRAIN Iter 217: loss = 0.002375,	Top-1 err = 53.600000,	Top-5 err = 32.800000,	train_time = 14.845938
TRAIN Iter 218: loss = 0.002332,	Top-1 err = 50.440000,	Top-5 err = 31.810000,	train_time = 15.462971
TRAIN Iter 219: loss = 0.002300,	Top-1 err = 54.530000,	Top-5 err = 37.610000,	train_time = 15.207762
TRAIN Iter 220: loss = 0.002306,	Top-1 err = 51.000000,	Top-5 err = 33.270000,	train_time = 15.111031
TRAIN Iter 221: loss = 0.002332,	Top-1 err = 50.120000,	Top-5 err = 32.460000,	train_time = 15.573217
TRAIN Iter 222: loss = 0.002345,	Top-1 err = 54.850000,	Top-5 err = 36.070000,	train_time = 15.202412
TRAIN Iter 223: loss = 0.002339,	Top-1 err = 52.940000,	Top-5 err = 35.270000,	train_time = 16.024612
TRAIN Iter 224: loss = 0.002298,	Top-1 err = 48.160000,	Top-5 err = 30.810000,	train_time = 15.103661
TRAIN Iter 225: loss = 0.002322,	Top-1 err = 52.130000,	Top-5 err = 33.930000,	train_time = 16.221408
TRAIN Iter 226: loss = 0.002307,	Top-1 err = 49.450000,	Top-5 err = 32.880000,	train_time = 15.844418
TRAIN Iter 227: loss = 0.002339,	Top-1 err = 53.720000,	Top-5 err = 33.800000,	train_time = 15.825515
TRAIN Iter 228: loss = 0.002360,	Top-1 err = 54.610000,	Top-5 err = 34.560000,	train_time = 15.201984
TRAIN Iter 229: loss = 0.002291,	Top-1 err = 50.940000,	Top-5 err = 32.490000,	train_time = 15.320058
TRAIN Iter 230: loss = 0.002267,	Top-1 err = 47.890000,	Top-5 err = 29.810000,	train_time = 15.302975
TRAIN Iter 231: loss = 0.002278,	Top-1 err = 47.990000,	Top-5 err = 30.870000,	train_time = 15.320636
TRAIN Iter 232: loss = 0.002269,	Top-1 err = 47.550000,	Top-5 err = 28.940000,	train_time = 15.632742
TRAIN Iter 233: loss = 0.002304,	Top-1 err = 46.400000,	Top-5 err = 27.390000,	train_time = 15.125442
TRAIN Iter 234: loss = 0.002290,	Top-1 err = 52.480000,	Top-5 err = 34.460000,	train_time = 15.126204
TRAIN Iter 235: loss = 0.002234,	Top-1 err = 50.320000,	Top-5 err = 32.820000,	train_time = 16.554415
TRAIN Iter 236: loss = 0.002324,	Top-1 err = 54.860000,	Top-5 err = 35.450000,	train_time = 14.926200
TRAIN Iter 237: loss = 0.002310,	Top-1 err = 50.990000,	Top-5 err = 33.070000,	train_time = 16.238869
TRAIN Iter 238: loss = 0.002284,	Top-1 err = 53.270000,	Top-5 err = 34.610000,	train_time = 14.740511
TRAIN Iter 239: loss = 0.002247,	Top-1 err = 46.010000,	Top-5 err = 28.860000,	train_time = 16.189676
TRAIN Iter 240: loss = 0.002290,	Top-1 err = 51.500000,	Top-5 err = 33.480000,	train_time = 14.830552
TRAIN Iter 241: loss = 0.002250,	Top-1 err = 49.870000,	Top-5 err = 31.830000,	train_time = 15.109351
TRAIN Iter 242: loss = 0.002258,	Top-1 err = 53.530000,	Top-5 err = 35.400000,	train_time = 16.152442
TRAIN Iter 243: loss = 0.002253,	Top-1 err = 52.220000,	Top-5 err = 35.480000,	train_time = 15.600675
TRAIN Iter 244: loss = 0.002289,	Top-1 err = 56.120000,	Top-5 err = 37.850000,	train_time = 14.878287
TRAIN Iter 245: loss = 0.002259,	Top-1 err = 48.910000,	Top-5 err = 30.320000,	train_time = 15.917373
TRAIN Iter 246: loss = 0.002275,	Top-1 err = 49.260000,	Top-5 err = 30.560000,	train_time = 15.262135
TRAIN Iter 247: loss = 0.002251,	Top-1 err = 49.650000,	Top-5 err = 32.250000,	train_time = 15.376934
TRAIN Iter 248: loss = 0.002191,	Top-1 err = 47.400000,	Top-5 err = 30.830000,	train_time = 14.921809
TRAIN Iter 249: loss = 0.002274,	Top-1 err = 55.820000,	Top-5 err = 36.610000,	train_time = 16.174734
TEST:
Iter 249: loss = 1.858763,	Top-1 err = 43.460000,	Top-5 err = 20.120000,	val_time = 3.184781
TRAIN Iter 250: loss = 0.002242,	Top-1 err = 51.300000,	Top-5 err = 33.340000,	train_time = 14.767602
TRAIN Iter 251: loss = 0.002283,	Top-1 err = 47.750000,	Top-5 err = 29.940000,	train_time = 15.553614
TRAIN Iter 252: loss = 0.002229,	Top-1 err = 46.700000,	Top-5 err = 29.000000,	train_time = 14.862780
TRAIN Iter 253: loss = 0.002245,	Top-1 err = 48.270000,	Top-5 err = 30.050000,	train_time = 16.085688
TRAIN Iter 254: loss = 0.002237,	Top-1 err = 54.620000,	Top-5 err = 36.380000,	train_time = 15.008038
TRAIN Iter 255: loss = 0.002237,	Top-1 err = 52.840000,	Top-5 err = 34.430000,	train_time = 15.806915
TRAIN Iter 256: loss = 0.002182,	Top-1 err = 43.160000,	Top-5 err = 25.770000,	train_time = 15.457461
TRAIN Iter 257: loss = 0.002208,	Top-1 err = 46.540000,	Top-5 err = 28.160000,	train_time = 16.099556
TRAIN Iter 258: loss = 0.002209,	Top-1 err = 49.970000,	Top-5 err = 32.740000,	train_time = 15.493111
TRAIN Iter 259: loss = 0.002212,	Top-1 err = 47.280000,	Top-5 err = 28.810000,	train_time = 14.850080
TEST:
Iter 259: loss = 1.882146,	Top-1 err = 43.790000,	Top-5 err = 20.090000,	val_time = 3.089076
TRAIN Iter 260: loss = 0.002225,	Top-1 err = 50.090000,	Top-5 err = 31.380000,	train_time = 15.874804
TRAIN Iter 261: loss = 0.002227,	Top-1 err = 48.630000,	Top-5 err = 29.790000,	train_time = 15.345350
TRAIN Iter 262: loss = 0.002228,	Top-1 err = 52.000000,	Top-5 err = 33.330000,	train_time = 16.401334
TRAIN Iter 263: loss = 0.002186,	Top-1 err = 49.600000,	Top-5 err = 31.180000,	train_time = 15.202999
TRAIN Iter 264: loss = 0.002186,	Top-1 err = 47.800000,	Top-5 err = 29.860000,	train_time = 14.763180
TRAIN Iter 265: loss = 0.002229,	Top-1 err = 50.980000,	Top-5 err = 32.870000,	train_time = 15.525197
TRAIN Iter 266: loss = 0.002178,	Top-1 err = 51.960000,	Top-5 err = 33.200000,	train_time = 15.721305
TRAIN Iter 267: loss = 0.002244,	Top-1 err = 52.870000,	Top-5 err = 33.340000,	train_time = 15.874222
TRAIN Iter 268: loss = 0.002175,	Top-1 err = 48.770000,	Top-5 err = 29.900000,	train_time = 15.180152
TRAIN Iter 269: loss = 0.002142,	Top-1 err = 44.250000,	Top-5 err = 27.280000,	train_time = 15.989782
TEST:
Iter 269: loss = 1.867301,	Top-1 err = 43.670000,	Top-5 err = 20.150000,	val_time = 3.027840
TRAIN Iter 270: loss = 0.002227,	Top-1 err = 52.300000,	Top-5 err = 32.920000,	train_time = 15.964993
TRAIN Iter 271: loss = 0.002198,	Top-1 err = 54.080000,	Top-5 err = 36.130000,	train_time = 14.803191
TRAIN Iter 272: loss = 0.002177,	Top-1 err = 46.510000,	Top-5 err = 29.990000,	train_time = 16.526678
TRAIN Iter 273: loss = 0.002209,	Top-1 err = 49.310000,	Top-5 err = 31.320000,	train_time = 15.337221
TRAIN Iter 274: loss = 0.002205,	Top-1 err = 52.060000,	Top-5 err = 33.830000,	train_time = 15.204161
TRAIN Iter 275: loss = 0.002168,	Top-1 err = 54.890000,	Top-5 err = 37.410000,	train_time = 14.951519
TRAIN Iter 276: loss = 0.002216,	Top-1 err = 49.790000,	Top-5 err = 30.270000,	train_time = 14.989005
TRAIN Iter 277: loss = 0.002142,	Top-1 err = 49.700000,	Top-5 err = 32.450000,	train_time = 16.329568
TRAIN Iter 278: loss = 0.002199,	Top-1 err = 52.130000,	Top-5 err = 33.400000,	train_time = 14.922258
TRAIN Iter 279: loss = 0.002193,	Top-1 err = 51.180000,	Top-5 err = 32.530000,	train_time = 15.236530
TEST:
Iter 279: loss = 1.858333,	Top-1 err = 43.710000,	Top-5 err = 20.290000,	val_time = 3.000728
TRAIN Iter 280: loss = 0.002169,	Top-1 err = 49.420000,	Top-5 err = 31.660000,	train_time = 15.202734
TRAIN Iter 281: loss = 0.002190,	Top-1 err = 49.770000,	Top-5 err = 31.780000,	train_time = 15.397587
TRAIN Iter 282: loss = 0.002145,	Top-1 err = 49.030000,	Top-5 err = 31.980000,	train_time = 15.608294
TRAIN Iter 283: loss = 0.002216,	Top-1 err = 48.840000,	Top-5 err = 29.380000,	train_time = 15.583710
TRAIN Iter 284: loss = 0.002160,	Top-1 err = 50.480000,	Top-5 err = 31.550000,	train_time = 15.402797
TRAIN Iter 285: loss = 0.002173,	Top-1 err = 50.310000,	Top-5 err = 32.730000,	train_time = 15.403615
TRAIN Iter 286: loss = 0.002157,	Top-1 err = 45.100000,	Top-5 err = 27.410000,	train_time = 16.102100
TRAIN Iter 287: loss = 0.002158,	Top-1 err = 52.630000,	Top-5 err = 34.540000,	train_time = 15.365973
TRAIN Iter 288: loss = 0.002176,	Top-1 err = 51.320000,	Top-5 err = 32.800000,	train_time = 15.841439
TRAIN Iter 289: loss = 0.002185,	Top-1 err = 54.990000,	Top-5 err = 36.420000,	train_time = 14.694362
TEST:
Iter 289: loss = 1.846334,	Top-1 err = 43.280000,	Top-5 err = 19.630000,	val_time = 3.067647
TRAIN Iter 290: loss = 0.002103,	Top-1 err = 44.470000,	Top-5 err = 26.630000,	train_time = 15.678830
TRAIN Iter 291: loss = 0.002115,	Top-1 err = 46.650000,	Top-5 err = 27.140000,	train_time = 16.049797
TRAIN Iter 292: loss = 0.002129,	Top-1 err = 49.910000,	Top-5 err = 32.380000,	train_time = 14.743196
TRAIN Iter 293: loss = 0.002166,	Top-1 err = 49.610000,	Top-5 err = 30.880000,	train_time = 15.611405
TRAIN Iter 294: loss = 0.002151,	Top-1 err = 47.370000,	Top-5 err = 27.940000,	train_time = 14.974858
TRAIN Iter 295: loss = 0.002069,	Top-1 err = 43.970000,	Top-5 err = 27.410000,	train_time = 15.535543
TRAIN Iter 296: loss = 0.002142,	Top-1 err = 51.960000,	Top-5 err = 33.020000,	train_time = 15.116925
TRAIN Iter 297: loss = 0.002144,	Top-1 err = 49.420000,	Top-5 err = 30.870000,	train_time = 15.610476
TRAIN Iter 298: loss = 0.002127,	Top-1 err = 48.540000,	Top-5 err = 30.310000,	train_time = 16.118099
TRAIN Iter 299: loss = 0.002145,	Top-1 err = 49.710000,	Top-5 err = 31.810000,	train_time = 14.909471
TEST:
Iter 299: loss = 1.863668,	Top-1 err = 43.340000,	Top-5 err = 20.160000,	val_time = 2.948258
Train Finish! Best accuracy is 56.72@289
