/home/dvspanos/miniconda3/envs/rded/lib/python3.10/site-packages/torchvision/models/_utils.py:208: UserWarning: The parameter 'pretrained' is deprecated since 0.13 and may be removed in the future, please use 'weights' instead.
  warnings.warn(
/home/dvspanos/miniconda3/envs/rded/lib/python3.10/site-packages/torchvision/models/_utils.py:223: UserWarning: Arguments other than a weight enum or `None` for 'weights' are deprecated since 0.13 and may be removed in the future. The current behavior is equivalent to passing `weights=None`.
  warnings.warn(msg)
=> using pytorch pre-trained teacher model 'resnet18_modified'
process data from /home/dvspanos/nikos/ca2d/artifacts/sets/bench_tin_rn18_rcad2d_ipc50
load data successfully
TRAIN Iter 0: loss = 0.016425,	Top-1 err = 98.050000,	Top-5 err = 91.720000,	train_time = 15.657233
TRAIN Iter 1: loss = 0.015264,	Top-1 err = 95.170000,	Top-5 err = 83.260000,	train_time = 14.566216
TRAIN Iter 2: loss = 0.013398,	Top-1 err = 93.420000,	Top-5 err = 79.090000,	train_time = 15.461195
TRAIN Iter 3: loss = 0.013375,	Top-1 err = 91.770000,	Top-5 err = 74.690000,	train_time = 17.401866
TRAIN Iter 4: loss = 0.012940,	Top-1 err = 88.320000,	Top-5 err = 69.200000,	train_time = 15.487935
TRAIN Iter 5: loss = 0.011886,	Top-1 err = 86.870000,	Top-5 err = 67.630000,	train_time = 16.326195
TRAIN Iter 6: loss = 0.011713,	Top-1 err = 83.580000,	Top-5 err = 63.200000,	train_time = 16.634601
TRAIN Iter 7: loss = 0.010820,	Top-1 err = 83.530000,	Top-5 err = 62.120000,	train_time = 15.327951
TRAIN Iter 8: loss = 0.011214,	Top-1 err = 80.900000,	Top-5 err = 58.200000,	train_time = 15.730486
TRAIN Iter 9: loss = 0.010910,	Top-1 err = 76.810000,	Top-5 err = 54.120000,	train_time = 15.858060
TRAIN Iter 10: loss = 0.010258,	Top-1 err = 76.360000,	Top-5 err = 52.690000,	train_time = 15.916314
TRAIN Iter 11: loss = 0.009780,	Top-1 err = 76.360000,	Top-5 err = 53.960000,	train_time = 17.584247
TRAIN Iter 12: loss = 0.009658,	Top-1 err = 71.800000,	Top-5 err = 49.020000,	train_time = 15.532892
TRAIN Iter 13: loss = 0.009560,	Top-1 err = 71.660000,	Top-5 err = 48.850000,	train_time = 15.714479
TRAIN Iter 14: loss = 0.009065,	Top-1 err = 68.170000,	Top-5 err = 44.130000,	train_time = 17.293401
TRAIN Iter 15: loss = 0.009141,	Top-1 err = 64.880000,	Top-5 err = 40.320000,	train_time = 15.529338
TRAIN Iter 16: loss = 0.008556,	Top-1 err = 64.730000,	Top-5 err = 41.240000,	train_time = 15.880311
TRAIN Iter 17: loss = 0.008416,	Top-1 err = 64.680000,	Top-5 err = 42.230000,	train_time = 16.224947
TRAIN Iter 18: loss = 0.007898,	Top-1 err = 66.670000,	Top-5 err = 45.190000,	train_time = 16.088613
TRAIN Iter 19: loss = 0.008284,	Top-1 err = 59.130000,	Top-5 err = 36.840000,	train_time = 16.916769
TRAIN Iter 20: loss = 0.007686,	Top-1 err = 62.790000,	Top-5 err = 41.250000,	train_time = 15.518855
TRAIN Iter 21: loss = 0.007622,	Top-1 err = 56.800000,	Top-5 err = 34.340000,	train_time = 16.780966
TRAIN Iter 22: loss = 0.007318,	Top-1 err = 58.790000,	Top-5 err = 36.630000,	train_time = 15.480624
TRAIN Iter 23: loss = 0.007314,	Top-1 err = 52.770000,	Top-5 err = 30.230000,	train_time = 15.932840
TRAIN Iter 24: loss = 0.006856,	Top-1 err = 56.980000,	Top-5 err = 35.460000,	train_time = 17.046493
TRAIN Iter 25: loss = 0.006743,	Top-1 err = 58.190000,	Top-5 err = 35.970000,	train_time = 16.230003
TRAIN Iter 26: loss = 0.006831,	Top-1 err = 51.200000,	Top-5 err = 29.220000,	train_time = 16.118090
TRAIN Iter 27: loss = 0.006885,	Top-1 err = 47.730000,	Top-5 err = 28.420000,	train_time = 16.418382
TRAIN Iter 28: loss = 0.006622,	Top-1 err = 52.350000,	Top-5 err = 33.140000,	train_time = 15.614979
TRAIN Iter 29: loss = 0.006250,	Top-1 err = 54.040000,	Top-5 err = 33.250000,	train_time = 15.621840
TRAIN Iter 30: loss = 0.006227,	Top-1 err = 53.270000,	Top-5 err = 34.070000,	train_time = 17.486594
TRAIN Iter 31: loss = 0.006187,	Top-1 err = 51.050000,	Top-5 err = 31.170000,	train_time = 16.346715
TRAIN Iter 32: loss = 0.006144,	Top-1 err = 47.460000,	Top-5 err = 28.740000,	train_time = 16.435123
TRAIN Iter 33: loss = 0.006022,	Top-1 err = 46.440000,	Top-5 err = 27.210000,	train_time = 15.610054
TRAIN Iter 34: loss = 0.005847,	Top-1 err = 44.420000,	Top-5 err = 25.230000,	train_time = 15.860301
TRAIN Iter 35: loss = 0.005810,	Top-1 err = 49.100000,	Top-5 err = 30.290000,	train_time = 17.081758
TRAIN Iter 36: loss = 0.005749,	Top-1 err = 47.930000,	Top-5 err = 28.930000,	train_time = 15.456646
TRAIN Iter 37: loss = 0.005533,	Top-1 err = 46.400000,	Top-5 err = 26.180000,	train_time = 15.267433
TRAIN Iter 38: loss = 0.005608,	Top-1 err = 42.430000,	Top-5 err = 23.520000,	train_time = 16.185951
TRAIN Iter 39: loss = 0.005456,	Top-1 err = 45.930000,	Top-5 err = 27.280000,	train_time = 16.243082
TRAIN Iter 40: loss = 0.005328,	Top-1 err = 47.890000,	Top-5 err = 28.690000,	train_time = 15.830505
TRAIN Iter 41: loss = 0.005293,	Top-1 err = 49.170000,	Top-5 err = 29.360000,	train_time = 16.331477
TRAIN Iter 42: loss = 0.005303,	Top-1 err = 44.420000,	Top-5 err = 26.940000,	train_time = 16.365014
TRAIN Iter 43: loss = 0.005185,	Top-1 err = 49.300000,	Top-5 err = 30.960000,	train_time = 15.577365
TRAIN Iter 44: loss = 0.005228,	Top-1 err = 43.260000,	Top-5 err = 26.540000,	train_time = 15.777684
TRAIN Iter 45: loss = 0.005020,	Top-1 err = 45.890000,	Top-5 err = 27.310000,	train_time = 16.036418
TRAIN Iter 46: loss = 0.004973,	Top-1 err = 47.510000,	Top-5 err = 30.130000,	train_time = 16.146271
TRAIN Iter 47: loss = 0.004878,	Top-1 err = 45.130000,	Top-5 err = 26.850000,	train_time = 15.822524
TRAIN Iter 48: loss = 0.004905,	Top-1 err = 40.140000,	Top-5 err = 22.340000,	train_time = 16.918333
TRAIN Iter 49: loss = 0.004883,	Top-1 err = 43.170000,	Top-5 err = 25.650000,	train_time = 15.554657
TRAIN Iter 50: loss = 0.004830,	Top-1 err = 35.820000,	Top-5 err = 19.960000,	train_time = 17.590801
TRAIN Iter 51: loss = 0.004809,	Top-1 err = 41.850000,	Top-5 err = 25.830000,	train_time = 15.521259
TRAIN Iter 52: loss = 0.004743,	Top-1 err = 40.580000,	Top-5 err = 23.550000,	train_time = 15.894346
TRAIN Iter 53: loss = 0.004775,	Top-1 err = 36.150000,	Top-5 err = 19.690000,	train_time = 17.034862
TRAIN Iter 54: loss = 0.004676,	Top-1 err = 43.110000,	Top-5 err = 25.620000,	train_time = 16.250063
TRAIN Iter 55: loss = 0.004586,	Top-1 err = 43.590000,	Top-5 err = 26.020000,	train_time = 16.823840
TRAIN Iter 56: loss = 0.004562,	Top-1 err = 44.690000,	Top-5 err = 27.480000,	train_time = 15.837349
TRAIN Iter 57: loss = 0.004597,	Top-1 err = 39.480000,	Top-5 err = 22.850000,	train_time = 15.759811
TRAIN Iter 58: loss = 0.004555,	Top-1 err = 43.450000,	Top-5 err = 26.150000,	train_time = 17.613663
TRAIN Iter 59: loss = 0.004460,	Top-1 err = 41.670000,	Top-5 err = 24.680000,	train_time = 16.401756
TRAIN Iter 60: loss = 0.004508,	Top-1 err = 38.800000,	Top-5 err = 22.570000,	train_time = 16.440649
TRAIN Iter 61: loss = 0.004430,	Top-1 err = 42.740000,	Top-5 err = 24.750000,	train_time = 16.191871
TRAIN Iter 62: loss = 0.004413,	Top-1 err = 37.020000,	Top-5 err = 20.800000,	train_time = 17.168469
TRAIN Iter 63: loss = 0.004340,	Top-1 err = 41.240000,	Top-5 err = 23.300000,	train_time = 16.398217
TRAIN Iter 64: loss = 0.004320,	Top-1 err = 43.730000,	Top-5 err = 27.130000,	train_time = 15.908049
TRAIN Iter 65: loss = 0.004310,	Top-1 err = 42.450000,	Top-5 err = 25.580000,	train_time = 16.548119
TRAIN Iter 66: loss = 0.004272,	Top-1 err = 40.820000,	Top-5 err = 25.450000,	train_time = 16.381368
TRAIN Iter 67: loss = 0.004291,	Top-1 err = 40.230000,	Top-5 err = 23.850000,	train_time = 16.816479
TRAIN Iter 68: loss = 0.004249,	Top-1 err = 37.580000,	Top-5 err = 21.790000,	train_time = 17.026837
TRAIN Iter 69: loss = 0.004247,	Top-1 err = 42.040000,	Top-5 err = 25.990000,	train_time = 16.108712
TRAIN Iter 70: loss = 0.004200,	Top-1 err = 44.260000,	Top-5 err = 29.220000,	train_time = 16.158617
TRAIN Iter 71: loss = 0.004186,	Top-1 err = 33.750000,	Top-5 err = 19.490000,	train_time = 17.634101
TRAIN Iter 72: loss = 0.004187,	Top-1 err = 38.060000,	Top-5 err = 23.210000,	train_time = 15.615260
TRAIN Iter 73: loss = 0.004156,	Top-1 err = 38.610000,	Top-5 err = 22.260000,	train_time = 16.276770
TRAIN Iter 74: loss = 0.004113,	Top-1 err = 35.380000,	Top-5 err = 19.820000,	train_time = 16.001021
TRAIN Iter 75: loss = 0.004068,	Top-1 err = 41.080000,	Top-5 err = 25.760000,	train_time = 17.694519
TRAIN Iter 76: loss = 0.004081,	Top-1 err = 36.320000,	Top-5 err = 21.760000,	train_time = 16.416936
TRAIN Iter 77: loss = 0.003987,	Top-1 err = 42.640000,	Top-5 err = 26.090000,	train_time = 15.607542
TRAIN Iter 78: loss = 0.004063,	Top-1 err = 38.740000,	Top-5 err = 23.890000,	train_time = 17.581703
TRAIN Iter 79: loss = 0.004049,	Top-1 err = 38.710000,	Top-5 err = 23.690000,	train_time = 16.542895
TRAIN Iter 80: loss = 0.003986,	Top-1 err = 39.820000,	Top-5 err = 23.120000,	train_time = 15.710055
TRAIN Iter 81: loss = 0.003929,	Top-1 err = 40.970000,	Top-5 err = 25.250000,	train_time = 15.990710
TRAIN Iter 82: loss = 0.003914,	Top-1 err = 41.790000,	Top-5 err = 25.880000,	train_time = 17.524555
TRAIN Iter 83: loss = 0.003949,	Top-1 err = 37.690000,	Top-5 err = 21.690000,	train_time = 15.548425
TRAIN Iter 84: loss = 0.003916,	Top-1 err = 41.940000,	Top-5 err = 26.760000,	train_time = 17.163639
TRAIN Iter 85: loss = 0.003874,	Top-1 err = 32.060000,	Top-5 err = 18.230000,	train_time = 16.357725
TRAIN Iter 86: loss = 0.003838,	Top-1 err = 38.460000,	Top-5 err = 23.610000,	train_time = 16.627878
TRAIN Iter 87: loss = 0.003859,	Top-1 err = 41.840000,	Top-5 err = 24.770000,	train_time = 15.868076
TRAIN Iter 88: loss = 0.003871,	Top-1 err = 38.660000,	Top-5 err = 23.490000,	train_time = 17.415230
TRAIN Iter 89: loss = 0.003821,	Top-1 err = 37.300000,	Top-5 err = 22.140000,	train_time = 15.437757
TRAIN Iter 90: loss = 0.003870,	Top-1 err = 37.790000,	Top-5 err = 23.030000,	train_time = 16.128361
TRAIN Iter 91: loss = 0.003799,	Top-1 err = 29.040000,	Top-5 err = 14.960000,	train_time = 16.357808
TRAIN Iter 92: loss = 0.003754,	Top-1 err = 36.400000,	Top-5 err = 21.450000,	train_time = 16.706545
TRAIN Iter 93: loss = 0.003763,	Top-1 err = 41.080000,	Top-5 err = 26.320000,	train_time = 16.210822
TRAIN Iter 94: loss = 0.003780,	Top-1 err = 36.590000,	Top-5 err = 21.790000,	train_time = 16.393505
TRAIN Iter 95: loss = 0.003717,	Top-1 err = 36.760000,	Top-5 err = 20.880000,	train_time = 15.935701
TRAIN Iter 96: loss = 0.003734,	Top-1 err = 37.140000,	Top-5 err = 22.760000,	train_time = 17.317477
TRAIN Iter 97: loss = 0.003714,	Top-1 err = 46.170000,	Top-5 err = 29.680000,	train_time = 16.199070
TRAIN Iter 98: loss = 0.003708,	Top-1 err = 36.240000,	Top-5 err = 21.120000,	train_time = 15.823273
TRAIN Iter 99: loss = 0.003728,	Top-1 err = 36.550000,	Top-5 err = 21.800000,	train_time = 15.832752
TRAIN Iter 100: loss = 0.003736,	Top-1 err = 42.040000,	Top-5 err = 26.790000,	train_time = 15.824428
TRAIN Iter 101: loss = 0.003666,	Top-1 err = 36.900000,	Top-5 err = 23.090000,	train_time = 15.979244
TRAIN Iter 102: loss = 0.003644,	Top-1 err = 36.570000,	Top-5 err = 19.970000,	train_time = 16.861601
TRAIN Iter 103: loss = 0.003628,	Top-1 err = 33.310000,	Top-5 err = 19.330000,	train_time = 15.953296
TRAIN Iter 104: loss = 0.003647,	Top-1 err = 34.580000,	Top-5 err = 19.850000,	train_time = 17.308635
TRAIN Iter 105: loss = 0.003616,	Top-1 err = 41.210000,	Top-5 err = 24.630000,	train_time = 16.230708
TRAIN Iter 106: loss = 0.003593,	Top-1 err = 32.740000,	Top-5 err = 19.550000,	train_time = 15.961928
TRAIN Iter 107: loss = 0.003584,	Top-1 err = 35.430000,	Top-5 err = 21.080000,	train_time = 15.854569
TRAIN Iter 108: loss = 0.003593,	Top-1 err = 34.510000,	Top-5 err = 20.310000,	train_time = 15.674301
TRAIN Iter 109: loss = 0.003557,	Top-1 err = 34.600000,	Top-5 err = 21.900000,	train_time = 16.066955
TRAIN Iter 110: loss = 0.003580,	Top-1 err = 35.130000,	Top-5 err = 21.670000,	train_time = 17.276819
TRAIN Iter 111: loss = 0.003562,	Top-1 err = 43.490000,	Top-5 err = 27.500000,	train_time = 15.571492
TRAIN Iter 112: loss = 0.003540,	Top-1 err = 42.040000,	Top-5 err = 25.990000,	train_time = 16.896073
TRAIN Iter 113: loss = 0.003563,	Top-1 err = 31.720000,	Top-5 err = 17.760000,	train_time = 16.337690
TRAIN Iter 114: loss = 0.003532,	Top-1 err = 38.700000,	Top-5 err = 23.670000,	train_time = 15.502505
TRAIN Iter 115: loss = 0.003514,	Top-1 err = 34.180000,	Top-5 err = 20.020000,	train_time = 15.737215
TRAIN Iter 116: loss = 0.003488,	Top-1 err = 35.660000,	Top-5 err = 21.680000,	train_time = 16.636988
TRAIN Iter 117: loss = 0.003442,	Top-1 err = 31.510000,	Top-5 err = 17.040000,	train_time = 16.610351
TRAIN Iter 118: loss = 0.003487,	Top-1 err = 42.540000,	Top-5 err = 26.500000,	train_time = 15.757371
TRAIN Iter 119: loss = 0.003422,	Top-1 err = 38.590000,	Top-5 err = 22.950000,	train_time = 17.062444
TRAIN Iter 120: loss = 0.003475,	Top-1 err = 32.880000,	Top-5 err = 19.570000,	train_time = 15.837443
TRAIN Iter 121: loss = 0.003457,	Top-1 err = 32.880000,	Top-5 err = 19.940000,	train_time = 16.950805
TRAIN Iter 122: loss = 0.003474,	Top-1 err = 40.860000,	Top-5 err = 24.820000,	train_time = 15.620036
TRAIN Iter 123: loss = 0.003455,	Top-1 err = 35.350000,	Top-5 err = 20.390000,	train_time = 17.605560
TRAIN Iter 124: loss = 0.003433,	Top-1 err = 35.470000,	Top-5 err = 21.770000,	train_time = 16.190605
TRAIN Iter 125: loss = 0.003404,	Top-1 err = 37.600000,	Top-5 err = 22.510000,	train_time = 15.545476
TRAIN Iter 126: loss = 0.003344,	Top-1 err = 35.580000,	Top-5 err = 21.190000,	train_time = 16.366486
TRAIN Iter 127: loss = 0.003401,	Top-1 err = 31.600000,	Top-5 err = 18.470000,	train_time = 16.151419
TRAIN Iter 128: loss = 0.003392,	Top-1 err = 38.090000,	Top-5 err = 21.520000,	train_time = 16.202112
TRAIN Iter 129: loss = 0.003363,	Top-1 err = 35.380000,	Top-5 err = 21.670000,	train_time = 15.901665
TRAIN Iter 130: loss = 0.003398,	Top-1 err = 37.860000,	Top-5 err = 23.010000,	train_time = 15.681931
TRAIN Iter 131: loss = 0.003332,	Top-1 err = 39.760000,	Top-5 err = 24.410000,	train_time = 17.639451
TRAIN Iter 132: loss = 0.003363,	Top-1 err = 36.810000,	Top-5 err = 22.420000,	train_time = 15.367360
TRAIN Iter 133: loss = 0.003347,	Top-1 err = 33.960000,	Top-5 err = 20.500000,	train_time = 17.541430
TRAIN Iter 134: loss = 0.003333,	Top-1 err = 39.080000,	Top-5 err = 23.320000,	train_time = 15.664375
TRAIN Iter 135: loss = 0.003328,	Top-1 err = 37.600000,	Top-5 err = 22.350000,	train_time = 15.695070
TRAIN Iter 136: loss = 0.003321,	Top-1 err = 41.920000,	Top-5 err = 26.950000,	train_time = 15.966247
TRAIN Iter 137: loss = 0.003308,	Top-1 err = 36.530000,	Top-5 err = 22.170000,	train_time = 17.202609
TRAIN Iter 138: loss = 0.003297,	Top-1 err = 40.330000,	Top-5 err = 24.320000,	train_time = 15.619967
TRAIN Iter 139: loss = 0.003333,	Top-1 err = 45.580000,	Top-5 err = 30.640000,	train_time = 17.322299
TRAIN Iter 140: loss = 0.003313,	Top-1 err = 39.080000,	Top-5 err = 23.010000,	train_time = 15.470371
TRAIN Iter 141: loss = 0.003247,	Top-1 err = 36.520000,	Top-5 err = 23.010000,	train_time = 15.618602
TRAIN Iter 142: loss = 0.003243,	Top-1 err = 31.800000,	Top-5 err = 17.130000,	train_time = 16.181643
TRAIN Iter 143: loss = 0.003315,	Top-1 err = 37.770000,	Top-5 err = 21.650000,	train_time = 16.803864
TRAIN Iter 144: loss = 0.003278,	Top-1 err = 36.950000,	Top-5 err = 21.330000,	train_time = 16.201051
TRAIN Iter 145: loss = 0.003261,	Top-1 err = 32.270000,	Top-5 err = 19.190000,	train_time = 16.626644
TRAIN Iter 146: loss = 0.003240,	Top-1 err = 32.020000,	Top-5 err = 19.090000,	train_time = 16.031501
TRAIN Iter 147: loss = 0.003246,	Top-1 err = 34.620000,	Top-5 err = 21.850000,	train_time = 17.187393
TRAIN Iter 148: loss = 0.003251,	Top-1 err = 34.430000,	Top-5 err = 19.160000,	train_time = 16.024281
TRAIN Iter 149: loss = 0.003211,	Top-1 err = 37.800000,	Top-5 err = 24.330000,	train_time = 15.453963
TRAIN Iter 150: loss = 0.003215,	Top-1 err = 36.550000,	Top-5 err = 21.330000,	train_time = 16.095897
TRAIN Iter 151: loss = 0.003223,	Top-1 err = 33.250000,	Top-5 err = 19.470000,	train_time = 15.752201
TRAIN Iter 152: loss = 0.003213,	Top-1 err = 38.240000,	Top-5 err = 24.710000,	train_time = 16.657723
TRAIN Iter 153: loss = 0.003169,	Top-1 err = 34.580000,	Top-5 err = 19.030000,	train_time = 16.171524
TRAIN Iter 154: loss = 0.003188,	Top-1 err = 31.830000,	Top-5 err = 19.660000,	train_time = 15.997669
TRAIN Iter 155: loss = 0.003253,	Top-1 err = 39.520000,	Top-5 err = 24.910000,	train_time = 15.691680
TRAIN Iter 156: loss = 0.003202,	Top-1 err = 34.460000,	Top-5 err = 20.810000,	train_time = 17.156476
TRAIN Iter 157: loss = 0.003169,	Top-1 err = 32.950000,	Top-5 err = 19.850000,	train_time = 16.262513
TRAIN Iter 158: loss = 0.003182,	Top-1 err = 32.330000,	Top-5 err = 18.280000,	train_time = 15.713399
TRAIN Iter 159: loss = 0.003172,	Top-1 err = 34.090000,	Top-5 err = 19.210000,	train_time = 15.916398
TRAIN Iter 160: loss = 0.003186,	Top-1 err = 42.480000,	Top-5 err = 26.490000,	train_time = 17.312675
TRAIN Iter 161: loss = 0.003110,	Top-1 err = 32.700000,	Top-5 err = 18.590000,	train_time = 15.453399
TRAIN Iter 162: loss = 0.003169,	Top-1 err = 41.670000,	Top-5 err = 27.350000,	train_time = 17.507889
TRAIN Iter 163: loss = 0.003115,	Top-1 err = 40.050000,	Top-5 err = 24.470000,	train_time = 16.206353
TRAIN Iter 164: loss = 0.003141,	Top-1 err = 34.910000,	Top-5 err = 18.740000,	train_time = 15.623908
TRAIN Iter 165: loss = 0.003121,	Top-1 err = 30.430000,	Top-5 err = 17.240000,	train_time = 15.716027
TRAIN Iter 166: loss = 0.003113,	Top-1 err = 36.840000,	Top-5 err = 22.580000,	train_time = 16.435694
TRAIN Iter 167: loss = 0.003134,	Top-1 err = 31.530000,	Top-5 err = 19.490000,	train_time = 15.911141
TRAIN Iter 168: loss = 0.003080,	Top-1 err = 33.700000,	Top-5 err = 20.890000,	train_time = 16.700680
TRAIN Iter 169: loss = 0.003093,	Top-1 err = 42.740000,	Top-5 err = 27.770000,	train_time = 16.603369
TRAIN Iter 170: loss = 0.003105,	Top-1 err = 33.320000,	Top-5 err = 19.170000,	train_time = 15.790973
TRAIN Iter 171: loss = 0.003068,	Top-1 err = 37.670000,	Top-5 err = 23.050000,	train_time = 16.749965
TRAIN Iter 172: loss = 0.003085,	Top-1 err = 34.350000,	Top-5 err = 20.240000,	train_time = 16.205728
TRAIN Iter 173: loss = 0.003091,	Top-1 err = 35.870000,	Top-5 err = 22.140000,	train_time = 15.647806
TRAIN Iter 174: loss = 0.003089,	Top-1 err = 34.250000,	Top-5 err = 19.980000,	train_time = 15.859700
TRAIN Iter 175: loss = 0.003109,	Top-1 err = 38.290000,	Top-5 err = 23.850000,	train_time = 16.370581
TRAIN Iter 176: loss = 0.003064,	Top-1 err = 35.030000,	Top-5 err = 21.430000,	train_time = 16.403846
TRAIN Iter 177: loss = 0.003107,	Top-1 err = 35.940000,	Top-5 err = 21.410000,	train_time = 16.646076
TRAIN Iter 178: loss = 0.003078,	Top-1 err = 37.590000,	Top-5 err = 21.860000,	train_time = 16.252973
TRAIN Iter 179: loss = 0.003038,	Top-1 err = 33.980000,	Top-5 err = 20.780000,	train_time = 16.378910
TRAIN Iter 180: loss = 0.003083,	Top-1 err = 38.140000,	Top-5 err = 24.250000,	train_time = 15.767301
TRAIN Iter 181: loss = 0.003050,	Top-1 err = 34.990000,	Top-5 err = 21.450000,	train_time = 16.497754
TRAIN Iter 182: loss = 0.002984,	Top-1 err = 40.620000,	Top-5 err = 25.600000,	train_time = 16.404975
TRAIN Iter 183: loss = 0.003046,	Top-1 err = 34.000000,	Top-5 err = 21.570000,	train_time = 15.945461
TRAIN Iter 184: loss = 0.003000,	Top-1 err = 36.410000,	Top-5 err = 22.910000,	train_time = 17.209464
TRAIN Iter 185: loss = 0.003096,	Top-1 err = 43.080000,	Top-5 err = 26.030000,	train_time = 16.195857
TRAIN Iter 186: loss = 0.003050,	Top-1 err = 39.680000,	Top-5 err = 24.970000,	train_time = 15.420171
TRAIN Iter 187: loss = 0.002971,	Top-1 err = 30.380000,	Top-5 err = 16.390000,	train_time = 17.318135
TRAIN Iter 188: loss = 0.002991,	Top-1 err = 37.880000,	Top-5 err = 23.880000,	train_time = 15.347535
TRAIN Iter 189: loss = 0.003030,	Top-1 err = 37.970000,	Top-5 err = 23.740000,	train_time = 16.093789
TRAIN Iter 190: loss = 0.003005,	Top-1 err = 34.100000,	Top-5 err = 20.480000,	train_time = 15.814940
TRAIN Iter 191: loss = 0.003016,	Top-1 err = 36.460000,	Top-5 err = 23.040000,	train_time = 16.024925
TRAIN Iter 192: loss = 0.003009,	Top-1 err = 37.180000,	Top-5 err = 21.220000,	train_time = 17.622909
TRAIN Iter 193: loss = 0.003004,	Top-1 err = 39.140000,	Top-5 err = 25.720000,	train_time = 16.037255
TRAIN Iter 194: loss = 0.002999,	Top-1 err = 47.090000,	Top-5 err = 30.880000,	train_time = 15.512509
TRAIN Iter 195: loss = 0.003004,	Top-1 err = 35.700000,	Top-5 err = 21.990000,	train_time = 17.070919
TRAIN Iter 196: loss = 0.002938,	Top-1 err = 32.900000,	Top-5 err = 20.000000,	train_time = 15.281860
TRAIN Iter 197: loss = 0.002996,	Top-1 err = 41.030000,	Top-5 err = 26.720000,	train_time = 16.374829
TRAIN Iter 198: loss = 0.002961,	Top-1 err = 33.600000,	Top-5 err = 20.410000,	train_time = 15.976637
TRAIN Iter 199: loss = 0.002940,	Top-1 err = 33.590000,	Top-5 err = 20.730000,	train_time = 16.831050
TRAIN Iter 200: loss = 0.002999,	Top-1 err = 39.820000,	Top-5 err = 26.050000,	train_time = 15.675239
TRAIN Iter 201: loss = 0.002993,	Top-1 err = 39.070000,	Top-5 err = 24.440000,	train_time = 16.233207
TRAIN Iter 202: loss = 0.002910,	Top-1 err = 35.600000,	Top-5 err = 22.520000,	train_time = 16.678132
TRAIN Iter 203: loss = 0.002924,	Top-1 err = 33.210000,	Top-5 err = 19.690000,	train_time = 15.803722
TRAIN Iter 204: loss = 0.002963,	Top-1 err = 42.310000,	Top-5 err = 26.480000,	train_time = 15.839794
TRAIN Iter 205: loss = 0.002901,	Top-1 err = 33.450000,	Top-5 err = 20.520000,	train_time = 17.473222
TRAIN Iter 206: loss = 0.002921,	Top-1 err = 37.370000,	Top-5 err = 22.870000,	train_time = 15.517839
TRAIN Iter 207: loss = 0.002973,	Top-1 err = 37.990000,	Top-5 err = 22.270000,	train_time = 16.662971
TRAIN Iter 208: loss = 0.002914,	Top-1 err = 35.610000,	Top-5 err = 21.470000,	train_time = 16.539128
TRAIN Iter 209: loss = 0.002918,	Top-1 err = 30.340000,	Top-5 err = 17.790000,	train_time = 15.585712
TRAIN Iter 210: loss = 0.002929,	Top-1 err = 38.110000,	Top-5 err = 22.940000,	train_time = 17.299222
TRAIN Iter 211: loss = 0.002960,	Top-1 err = 41.060000,	Top-5 err = 24.840000,	train_time = 16.829673
TRAIN Iter 212: loss = 0.002852,	Top-1 err = 34.910000,	Top-5 err = 23.000000,	train_time = 15.944240
TRAIN Iter 213: loss = 0.002928,	Top-1 err = 38.030000,	Top-5 err = 23.110000,	train_time = 16.070049
TRAIN Iter 214: loss = 0.002871,	Top-1 err = 35.040000,	Top-5 err = 21.270000,	train_time = 16.520905
TRAIN Iter 215: loss = 0.002886,	Top-1 err = 36.140000,	Top-5 err = 20.910000,	train_time = 16.435039
TRAIN Iter 216: loss = 0.002927,	Top-1 err = 36.420000,	Top-5 err = 21.610000,	train_time = 16.510716
TRAIN Iter 217: loss = 0.002864,	Top-1 err = 28.890000,	Top-5 err = 16.690000,	train_time = 18.165794
TRAIN Iter 218: loss = 0.002865,	Top-1 err = 31.880000,	Top-5 err = 20.100000,	train_time = 17.024014
TRAIN Iter 219: loss = 0.002871,	Top-1 err = 40.590000,	Top-5 err = 26.600000,	train_time = 16.158389
TRAIN Iter 220: loss = 0.002876,	Top-1 err = 38.080000,	Top-5 err = 22.750000,	train_time = 16.407994
TRAIN Iter 221: loss = 0.002871,	Top-1 err = 40.010000,	Top-5 err = 24.740000,	train_time = 16.049533
TRAIN Iter 222: loss = 0.002835,	Top-1 err = 34.820000,	Top-5 err = 20.780000,	train_time = 16.985665
TRAIN Iter 223: loss = 0.002871,	Top-1 err = 32.920000,	Top-5 err = 19.420000,	train_time = 16.955839
TRAIN Iter 224: loss = 0.002895,	Top-1 err = 37.420000,	Top-5 err = 23.480000,	train_time = 16.089069
TRAIN Iter 225: loss = 0.002882,	Top-1 err = 40.490000,	Top-5 err = 25.710000,	train_time = 16.280583
TRAIN Iter 226: loss = 0.002817,	Top-1 err = 35.180000,	Top-5 err = 20.950000,	train_time = 16.204266
TRAIN Iter 227: loss = 0.002896,	Top-1 err = 41.450000,	Top-5 err = 26.140000,	train_time = 17.880664
TRAIN Iter 228: loss = 0.002813,	Top-1 err = 32.550000,	Top-5 err = 20.280000,	train_time = 15.801316
TRAIN Iter 229: loss = 0.002866,	Top-1 err = 40.160000,	Top-5 err = 25.410000,	train_time = 17.597023
TRAIN Iter 230: loss = 0.002852,	Top-1 err = 31.330000,	Top-5 err = 17.570000,	train_time = 15.616792
TRAIN Iter 231: loss = 0.002867,	Top-1 err = 37.620000,	Top-5 err = 22.850000,	train_time = 16.011345
TRAIN Iter 232: loss = 0.002864,	Top-1 err = 40.210000,	Top-5 err = 25.440000,	train_time = 17.682081
TRAIN Iter 233: loss = 0.002838,	Top-1 err = 34.510000,	Top-5 err = 20.490000,	train_time = 15.796506
TRAIN Iter 234: loss = 0.002809,	Top-1 err = 40.710000,	Top-5 err = 24.990000,	train_time = 16.151799
TRAIN Iter 235: loss = 0.002818,	Top-1 err = 32.740000,	Top-5 err = 19.250000,	train_time = 17.549520
TRAIN Iter 236: loss = 0.002807,	Top-1 err = 37.500000,	Top-5 err = 23.670000,	train_time = 15.941143
TRAIN Iter 237: loss = 0.002760,	Top-1 err = 32.730000,	Top-5 err = 20.510000,	train_time = 16.008023
TRAIN Iter 238: loss = 0.002824,	Top-1 err = 35.690000,	Top-5 err = 22.590000,	train_time = 16.296947
TRAIN Iter 239: loss = 0.002799,	Top-1 err = 37.640000,	Top-5 err = 24.060000,	train_time = 16.302169
TRAIN Iter 240: loss = 0.002806,	Top-1 err = 34.940000,	Top-5 err = 20.480000,	train_time = 17.359290
TRAIN Iter 241: loss = 0.002745,	Top-1 err = 27.180000,	Top-5 err = 14.050000,	train_time = 16.719710
TRAIN Iter 242: loss = 0.002801,	Top-1 err = 36.880000,	Top-5 err = 22.270000,	train_time = 15.829212
TRAIN Iter 243: loss = 0.002801,	Top-1 err = 39.650000,	Top-5 err = 24.630000,	train_time = 16.357535
TRAIN Iter 244: loss = 0.002796,	Top-1 err = 41.730000,	Top-5 err = 26.250000,	train_time = 16.508238
TRAIN Iter 245: loss = 0.002727,	Top-1 err = 34.830000,	Top-5 err = 21.220000,	train_time = 16.911679
TRAIN Iter 246: loss = 0.002779,	Top-1 err = 33.930000,	Top-5 err = 18.440000,	train_time = 15.916292
TRAIN Iter 247: loss = 0.002729,	Top-1 err = 40.680000,	Top-5 err = 26.910000,	train_time = 16.339720
TRAIN Iter 248: loss = 0.002765,	Top-1 err = 33.200000,	Top-5 err = 19.020000,	train_time = 16.356679
TRAIN Iter 249: loss = 0.002782,	Top-1 err = 39.520000,	Top-5 err = 24.020000,	train_time = 16.085576
TEST:
Iter 249: loss = 1.893136,	Top-1 err = 42.790000,	Top-5 err = 19.220000,	val_time = 3.508156
TRAIN Iter 250: loss = 0.002753,	Top-1 err = 36.290000,	Top-5 err = 23.700000,	train_time = 16.331444
TRAIN Iter 251: loss = 0.002747,	Top-1 err = 36.250000,	Top-5 err = 21.710000,	train_time = 17.466881
TRAIN Iter 252: loss = 0.002792,	Top-1 err = 38.250000,	Top-5 err = 23.360000,	train_time = 15.376790
TRAIN Iter 253: loss = 0.002783,	Top-1 err = 33.000000,	Top-5 err = 20.260000,	train_time = 16.128284
TRAIN Iter 254: loss = 0.002757,	Top-1 err = 34.560000,	Top-5 err = 21.060000,	train_time = 16.199948
TRAIN Iter 255: loss = 0.002753,	Top-1 err = 28.660000,	Top-5 err = 16.190000,	train_time = 16.276608
TRAIN Iter 256: loss = 0.002763,	Top-1 err = 33.550000,	Top-5 err = 19.770000,	train_time = 16.420685
TRAIN Iter 257: loss = 0.002752,	Top-1 err = 33.690000,	Top-5 err = 20.210000,	train_time = 16.400403
TRAIN Iter 258: loss = 0.002839,	Top-1 err = 43.410000,	Top-5 err = 25.670000,	train_time = 15.848080
TRAIN Iter 259: loss = 0.002752,	Top-1 err = 39.850000,	Top-5 err = 25.480000,	train_time = 15.873439
TEST:
Iter 259: loss = 1.860474,	Top-1 err = 42.050000,	Top-5 err = 18.920000,	val_time = 3.254288
TRAIN Iter 260: loss = 0.002729,	Top-1 err = 35.110000,	Top-5 err = 21.300000,	train_time = 16.132051
TRAIN Iter 261: loss = 0.002734,	Top-1 err = 37.930000,	Top-5 err = 23.300000,	train_time = 16.607920
TRAIN Iter 262: loss = 0.002744,	Top-1 err = 38.970000,	Top-5 err = 24.030000,	train_time = 15.688463
TRAIN Iter 263: loss = 0.002724,	Top-1 err = 33.640000,	Top-5 err = 19.320000,	train_time = 17.037469
TRAIN Iter 264: loss = 0.002764,	Top-1 err = 41.050000,	Top-5 err = 25.340000,	train_time = 15.789803
TRAIN Iter 265: loss = 0.002712,	Top-1 err = 32.980000,	Top-5 err = 19.870000,	train_time = 16.338337
TRAIN Iter 266: loss = 0.002752,	Top-1 err = 34.490000,	Top-5 err = 20.810000,	train_time = 15.909587
TRAIN Iter 267: loss = 0.002727,	Top-1 err = 37.580000,	Top-5 err = 23.610000,	train_time = 17.787175
TRAIN Iter 268: loss = 0.002741,	Top-1 err = 33.420000,	Top-5 err = 20.260000,	train_time = 16.160676
TRAIN Iter 269: loss = 0.002687,	Top-1 err = 32.660000,	Top-5 err = 19.850000,	train_time = 16.187259
TEST:
Iter 269: loss = 1.872538,	Top-1 err = 42.290000,	Top-5 err = 18.640000,	val_time = 3.280065
TRAIN Iter 270: loss = 0.002653,	Top-1 err = 34.130000,	Top-5 err = 21.470000,	train_time = 16.191269
TRAIN Iter 271: loss = 0.002672,	Top-1 err = 32.270000,	Top-5 err = 18.750000,	train_time = 16.181221
TRAIN Iter 272: loss = 0.002696,	Top-1 err = 31.650000,	Top-5 err = 18.030000,	train_time = 16.158887
TRAIN Iter 273: loss = 0.002645,	Top-1 err = 30.730000,	Top-5 err = 19.010000,	train_time = 18.083919
TRAIN Iter 274: loss = 0.002722,	Top-1 err = 39.870000,	Top-5 err = 24.900000,	train_time = 16.303976
TRAIN Iter 275: loss = 0.002666,	Top-1 err = 33.150000,	Top-5 err = 20.150000,	train_time = 16.053668
TRAIN Iter 276: loss = 0.002701,	Top-1 err = 35.150000,	Top-5 err = 20.730000,	train_time = 16.524879
TRAIN Iter 277: loss = 0.002724,	Top-1 err = 44.090000,	Top-5 err = 28.410000,	train_time = 17.054828
TRAIN Iter 278: loss = 0.002696,	Top-1 err = 37.520000,	Top-5 err = 22.880000,	train_time = 17.240676
TRAIN Iter 279: loss = 0.002687,	Top-1 err = 34.080000,	Top-5 err = 18.470000,	train_time = 15.959147
TEST:
Iter 279: loss = 1.844067,	Top-1 err = 42.230000,	Top-5 err = 19.070000,	val_time = 3.217144
TRAIN Iter 280: loss = 0.002642,	Top-1 err = 31.610000,	Top-5 err = 19.650000,	train_time = 16.937051
TRAIN Iter 281: loss = 0.002663,	Top-1 err = 32.500000,	Top-5 err = 19.300000,	train_time = 17.130901
TRAIN Iter 282: loss = 0.002642,	Top-1 err = 38.620000,	Top-5 err = 24.820000,	train_time = 16.606542
TRAIN Iter 283: loss = 0.002690,	Top-1 err = 32.840000,	Top-5 err = 19.420000,	train_time = 16.337196
TRAIN Iter 284: loss = 0.002653,	Top-1 err = 34.990000,	Top-5 err = 20.170000,	train_time = 17.192610
TRAIN Iter 285: loss = 0.002642,	Top-1 err = 34.760000,	Top-5 err = 20.540000,	train_time = 16.425606
TRAIN Iter 286: loss = 0.002688,	Top-1 err = 39.490000,	Top-5 err = 23.650000,	train_time = 16.909015
TRAIN Iter 287: loss = 0.002658,	Top-1 err = 39.350000,	Top-5 err = 24.090000,	train_time = 16.581325
TRAIN Iter 288: loss = 0.002685,	Top-1 err = 35.770000,	Top-5 err = 22.620000,	train_time = 16.487264
TRAIN Iter 289: loss = 0.002644,	Top-1 err = 36.500000,	Top-5 err = 22.330000,	train_time = 16.447523
TEST:
Iter 289: loss = 1.842930,	Top-1 err = 41.670000,	Top-5 err = 18.710000,	val_time = 3.333767
TRAIN Iter 290: loss = 0.002694,	Top-1 err = 40.710000,	Top-5 err = 25.410000,	train_time = 16.637461
TRAIN Iter 291: loss = 0.002628,	Top-1 err = 41.580000,	Top-5 err = 27.790000,	train_time = 16.385379
TRAIN Iter 292: loss = 0.002635,	Top-1 err = 28.320000,	Top-5 err = 15.730000,	train_time = 16.683666
TRAIN Iter 293: loss = 0.002605,	Top-1 err = 31.080000,	Top-5 err = 19.040000,	train_time = 16.516777
TRAIN Iter 294: loss = 0.002629,	Top-1 err = 35.930000,	Top-5 err = 21.680000,	train_time = 17.838473
TRAIN Iter 295: loss = 0.002629,	Top-1 err = 35.290000,	Top-5 err = 23.220000,	train_time = 16.214205
TRAIN Iter 296: loss = 0.002630,	Top-1 err = 33.600000,	Top-5 err = 20.170000,	train_time = 15.990565
TRAIN Iter 297: loss = 0.002665,	Top-1 err = 34.550000,	Top-5 err = 19.320000,	train_time = 16.375863
TRAIN Iter 298: loss = 0.002617,	Top-1 err = 33.700000,	Top-5 err = 18.630000,	train_time = 16.379141
TRAIN Iter 299: loss = 0.002596,	Top-1 err = 33.930000,	Top-5 err = 20.510000,	train_time = 16.386488
TEST:
Iter 299: loss = 1.833999,	Top-1 err = 41.770000,	Top-5 err = 18.770000,	val_time = 3.251423
Train Finish! Best accuracy is 58.33@289
