=> using pytorch pre-trained teacher model 'conv4'
process data from /home/dvspanos/nikos/ca2d/artifacts/rded_sets/bench_tin_conv_el2nw30_ipc10
load data successfully
TRAIN Iter 0: loss = 0.015151,	Top-1 err = 99.450000,	Top-5 err = 97.250000,	train_time = 3.603791
TRAIN Iter 1: loss = 0.012467,	Top-1 err = 99.300000,	Top-5 err = 96.250000,	train_time = 2.241601
TRAIN Iter 2: loss = 0.012479,	Top-1 err = 98.350000,	Top-5 err = 93.700000,	train_time = 2.298218
TRAIN Iter 3: loss = 0.010695,	Top-1 err = 97.850000,	Top-5 err = 94.100000,	train_time = 2.224821
TRAIN Iter 4: loss = 0.010860,	Top-1 err = 98.100000,	Top-5 err = 92.650000,	train_time = 2.269153
TRAIN Iter 5: loss = 0.009909,	Top-1 err = 97.750000,	Top-5 err = 90.850000,	train_time = 2.275490
TRAIN Iter 6: loss = 0.009728,	Top-1 err = 97.500000,	Top-5 err = 90.400000,	train_time = 2.211341
TRAIN Iter 7: loss = 0.009220,	Top-1 err = 96.700000,	Top-5 err = 87.550000,	train_time = 2.259624
TRAIN Iter 8: loss = 0.009081,	Top-1 err = 97.050000,	Top-5 err = 88.350000,	train_time = 2.259361
TRAIN Iter 9: loss = 0.008791,	Top-1 err = 97.000000,	Top-5 err = 88.200000,	train_time = 2.255876
TRAIN Iter 10: loss = 0.008428,	Top-1 err = 96.450000,	Top-5 err = 88.000000,	train_time = 2.283674
TRAIN Iter 11: loss = 0.008605,	Top-1 err = 95.950000,	Top-5 err = 84.350000,	train_time = 2.277855
TRAIN Iter 12: loss = 0.008282,	Top-1 err = 96.300000,	Top-5 err = 84.300000,	train_time = 2.291321
TRAIN Iter 13: loss = 0.007869,	Top-1 err = 96.900000,	Top-5 err = 88.400000,	train_time = 2.238444
TRAIN Iter 14: loss = 0.007812,	Top-1 err = 95.850000,	Top-5 err = 83.300000,	train_time = 2.271881
TRAIN Iter 15: loss = 0.007503,	Top-1 err = 96.600000,	Top-5 err = 86.900000,	train_time = 2.270441
TRAIN Iter 16: loss = 0.007421,	Top-1 err = 96.250000,	Top-5 err = 86.200000,	train_time = 2.317665
TRAIN Iter 17: loss = 0.007303,	Top-1 err = 95.850000,	Top-5 err = 84.950000,	train_time = 2.300895
TRAIN Iter 18: loss = 0.007374,	Top-1 err = 96.050000,	Top-5 err = 84.800000,	train_time = 2.313431
TRAIN Iter 19: loss = 0.006943,	Top-1 err = 95.750000,	Top-5 err = 84.650000,	train_time = 2.338917
TRAIN Iter 20: loss = 0.007185,	Top-1 err = 94.600000,	Top-5 err = 83.600000,	train_time = 2.336481
TRAIN Iter 21: loss = 0.006946,	Top-1 err = 94.650000,	Top-5 err = 82.400000,	train_time = 2.333108
TRAIN Iter 22: loss = 0.006909,	Top-1 err = 95.000000,	Top-5 err = 81.950000,	train_time = 2.321766
TRAIN Iter 23: loss = 0.006787,	Top-1 err = 94.400000,	Top-5 err = 80.850000,	train_time = 2.356089
TRAIN Iter 24: loss = 0.006753,	Top-1 err = 94.650000,	Top-5 err = 80.950000,	train_time = 2.289767
TRAIN Iter 25: loss = 0.006695,	Top-1 err = 94.300000,	Top-5 err = 79.800000,	train_time = 2.280455
TRAIN Iter 26: loss = 0.006478,	Top-1 err = 93.600000,	Top-5 err = 78.500000,	train_time = 2.286870
TRAIN Iter 27: loss = 0.006515,	Top-1 err = 95.200000,	Top-5 err = 81.250000,	train_time = 2.316755
TRAIN Iter 28: loss = 0.005951,	Top-1 err = 94.800000,	Top-5 err = 80.750000,	train_time = 2.344565
TRAIN Iter 29: loss = 0.006238,	Top-1 err = 93.200000,	Top-5 err = 77.450000,	train_time = 2.345894
TRAIN Iter 30: loss = 0.006072,	Top-1 err = 93.500000,	Top-5 err = 78.900000,	train_time = 2.304560
TRAIN Iter 31: loss = 0.006243,	Top-1 err = 93.100000,	Top-5 err = 76.900000,	train_time = 2.317405
TRAIN Iter 32: loss = 0.005978,	Top-1 err = 93.650000,	Top-5 err = 77.500000,	train_time = 2.362356
TRAIN Iter 33: loss = 0.005924,	Top-1 err = 92.300000,	Top-5 err = 73.400000,	train_time = 2.370314
TRAIN Iter 34: loss = 0.005724,	Top-1 err = 93.200000,	Top-5 err = 76.700000,	train_time = 2.352522
TRAIN Iter 35: loss = 0.005733,	Top-1 err = 92.050000,	Top-5 err = 75.000000,	train_time = 2.324559
TRAIN Iter 36: loss = 0.005385,	Top-1 err = 93.400000,	Top-5 err = 79.100000,	train_time = 2.345603
TRAIN Iter 37: loss = 0.005567,	Top-1 err = 92.350000,	Top-5 err = 74.250000,	train_time = 2.378206
TRAIN Iter 38: loss = 0.005473,	Top-1 err = 92.800000,	Top-5 err = 75.300000,	train_time = 2.369766
TRAIN Iter 39: loss = 0.005526,	Top-1 err = 93.050000,	Top-5 err = 77.550000,	train_time = 2.362319
TRAIN Iter 40: loss = 0.005428,	Top-1 err = 93.800000,	Top-5 err = 81.050000,	train_time = 2.363445
TRAIN Iter 41: loss = 0.005457,	Top-1 err = 91.500000,	Top-5 err = 74.700000,	train_time = 2.410512
TRAIN Iter 42: loss = 0.005125,	Top-1 err = 94.100000,	Top-5 err = 81.200000,	train_time = 2.335832
TRAIN Iter 43: loss = 0.005335,	Top-1 err = 91.300000,	Top-5 err = 74.900000,	train_time = 2.406707
TRAIN Iter 44: loss = 0.005047,	Top-1 err = 92.800000,	Top-5 err = 76.000000,	train_time = 2.340241
TRAIN Iter 45: loss = 0.005165,	Top-1 err = 91.650000,	Top-5 err = 74.700000,	train_time = 2.360119
TRAIN Iter 46: loss = 0.005189,	Top-1 err = 90.600000,	Top-5 err = 72.800000,	train_time = 2.386244
TRAIN Iter 47: loss = 0.005154,	Top-1 err = 90.600000,	Top-5 err = 71.450000,	train_time = 2.320122
TRAIN Iter 48: loss = 0.004925,	Top-1 err = 92.150000,	Top-5 err = 77.400000,	train_time = 2.372835
TRAIN Iter 49: loss = 0.004880,	Top-1 err = 92.100000,	Top-5 err = 74.750000,	train_time = 2.344879
TRAIN Iter 50: loss = 0.004922,	Top-1 err = 89.900000,	Top-5 err = 70.900000,	train_time = 2.392039
TRAIN Iter 51: loss = 0.005018,	Top-1 err = 92.050000,	Top-5 err = 75.300000,	train_time = 2.335675
TRAIN Iter 52: loss = 0.004833,	Top-1 err = 90.550000,	Top-5 err = 73.600000,	train_time = 2.386432
TRAIN Iter 53: loss = 0.004797,	Top-1 err = 93.000000,	Top-5 err = 75.900000,	train_time = 2.357162
TRAIN Iter 54: loss = 0.004778,	Top-1 err = 92.650000,	Top-5 err = 77.550000,	train_time = 2.374555
TRAIN Iter 55: loss = 0.004785,	Top-1 err = 88.000000,	Top-5 err = 67.150000,	train_time = 2.357077
TRAIN Iter 56: loss = 0.004732,	Top-1 err = 90.700000,	Top-5 err = 73.700000,	train_time = 2.363154
TRAIN Iter 57: loss = 0.004539,	Top-1 err = 90.300000,	Top-5 err = 70.700000,	train_time = 2.382699
TRAIN Iter 58: loss = 0.004707,	Top-1 err = 89.150000,	Top-5 err = 68.600000,	train_time = 2.324005
TRAIN Iter 59: loss = 0.004724,	Top-1 err = 88.350000,	Top-5 err = 69.250000,	train_time = 2.411434
TRAIN Iter 60: loss = 0.004558,	Top-1 err = 90.950000,	Top-5 err = 71.750000,	train_time = 2.350726
TRAIN Iter 61: loss = 0.004527,	Top-1 err = 91.100000,	Top-5 err = 72.450000,	train_time = 2.296575
TRAIN Iter 62: loss = 0.004494,	Top-1 err = 89.800000,	Top-5 err = 69.900000,	train_time = 2.342315
TRAIN Iter 63: loss = 0.004423,	Top-1 err = 88.300000,	Top-5 err = 67.300000,	train_time = 2.345053
TRAIN Iter 64: loss = 0.004423,	Top-1 err = 90.750000,	Top-5 err = 73.850000,	train_time = 2.340630
TRAIN Iter 65: loss = 0.004490,	Top-1 err = 89.300000,	Top-5 err = 72.200000,	train_time = 2.389741
TRAIN Iter 66: loss = 0.004381,	Top-1 err = 90.450000,	Top-5 err = 70.850000,	train_time = 2.330968
TRAIN Iter 67: loss = 0.004510,	Top-1 err = 88.800000,	Top-5 err = 70.400000,	train_time = 2.315592
TRAIN Iter 68: loss = 0.004481,	Top-1 err = 89.800000,	Top-5 err = 72.400000,	train_time = 2.348129
TRAIN Iter 69: loss = 0.004336,	Top-1 err = 89.300000,	Top-5 err = 69.100000,	train_time = 2.341074
TRAIN Iter 70: loss = 0.004208,	Top-1 err = 88.350000,	Top-5 err = 67.400000,	train_time = 2.343544
TRAIN Iter 71: loss = 0.004325,	Top-1 err = 90.750000,	Top-5 err = 72.150000,	train_time = 2.371406
TRAIN Iter 72: loss = 0.004275,	Top-1 err = 90.000000,	Top-5 err = 69.700000,	train_time = 2.337033
TRAIN Iter 73: loss = 0.004204,	Top-1 err = 90.450000,	Top-5 err = 71.900000,	train_time = 2.329699
TRAIN Iter 74: loss = 0.004091,	Top-1 err = 89.800000,	Top-5 err = 69.600000,	train_time = 2.368706
TRAIN Iter 75: loss = 0.004341,	Top-1 err = 89.900000,	Top-5 err = 71.750000,	train_time = 2.392187
TRAIN Iter 76: loss = 0.004189,	Top-1 err = 89.100000,	Top-5 err = 72.100000,	train_time = 2.385928
TRAIN Iter 77: loss = 0.004171,	Top-1 err = 86.050000,	Top-5 err = 64.800000,	train_time = 2.348738
TRAIN Iter 78: loss = 0.004103,	Top-1 err = 88.750000,	Top-5 err = 66.200000,	train_time = 2.371296
TRAIN Iter 79: loss = 0.004159,	Top-1 err = 87.500000,	Top-5 err = 66.900000,	train_time = 2.228260
TRAIN Iter 80: loss = 0.004091,	Top-1 err = 90.250000,	Top-5 err = 72.350000,	train_time = 2.384069
TRAIN Iter 81: loss = 0.003994,	Top-1 err = 89.450000,	Top-5 err = 69.800000,	train_time = 2.401100
TRAIN Iter 82: loss = 0.004042,	Top-1 err = 86.950000,	Top-5 err = 63.850000,	train_time = 2.322449
TRAIN Iter 83: loss = 0.004060,	Top-1 err = 87.900000,	Top-5 err = 65.400000,	train_time = 2.352031
TRAIN Iter 84: loss = 0.004119,	Top-1 err = 87.200000,	Top-5 err = 67.250000,	train_time = 2.364779
TRAIN Iter 85: loss = 0.003903,	Top-1 err = 87.600000,	Top-5 err = 67.550000,	train_time = 2.377026
TRAIN Iter 86: loss = 0.003837,	Top-1 err = 89.200000,	Top-5 err = 70.750000,	train_time = 2.358184
TRAIN Iter 87: loss = 0.003962,	Top-1 err = 89.100000,	Top-5 err = 70.800000,	train_time = 2.347816
TRAIN Iter 88: loss = 0.003881,	Top-1 err = 86.750000,	Top-5 err = 67.950000,	train_time = 2.385967
TRAIN Iter 89: loss = 0.003889,	Top-1 err = 89.000000,	Top-5 err = 68.950000,	train_time = 2.334316
TRAIN Iter 90: loss = 0.004085,	Top-1 err = 89.500000,	Top-5 err = 70.950000,	train_time = 2.347635
TRAIN Iter 91: loss = 0.003831,	Top-1 err = 87.650000,	Top-5 err = 65.300000,	train_time = 2.312445
TRAIN Iter 92: loss = 0.003842,	Top-1 err = 89.050000,	Top-5 err = 70.900000,	train_time = 2.325190
TRAIN Iter 93: loss = 0.003868,	Top-1 err = 87.600000,	Top-5 err = 67.850000,	train_time = 2.343433
TRAIN Iter 94: loss = 0.003822,	Top-1 err = 87.500000,	Top-5 err = 66.750000,	train_time = 2.344969
TRAIN Iter 95: loss = 0.003747,	Top-1 err = 85.100000,	Top-5 err = 65.200000,	train_time = 2.405303
TRAIN Iter 96: loss = 0.003727,	Top-1 err = 85.100000,	Top-5 err = 64.900000,	train_time = 2.312706
TRAIN Iter 97: loss = 0.003878,	Top-1 err = 88.500000,	Top-5 err = 67.700000,	train_time = 2.280100
TRAIN Iter 98: loss = 0.003781,	Top-1 err = 85.550000,	Top-5 err = 64.900000,	train_time = 2.326414
TRAIN Iter 99: loss = 0.003675,	Top-1 err = 89.150000,	Top-5 err = 70.650000,	train_time = 2.326128
TRAIN Iter 100: loss = 0.003794,	Top-1 err = 89.800000,	Top-5 err = 71.350000,	train_time = 2.359249
TRAIN Iter 101: loss = 0.003681,	Top-1 err = 86.600000,	Top-5 err = 64.400000,	train_time = 2.375980
TRAIN Iter 102: loss = 0.003744,	Top-1 err = 88.400000,	Top-5 err = 69.900000,	train_time = 2.318626
TRAIN Iter 103: loss = 0.003662,	Top-1 err = 85.200000,	Top-5 err = 62.450000,	train_time = 2.329588
TRAIN Iter 104: loss = 0.003764,	Top-1 err = 89.600000,	Top-5 err = 74.350000,	train_time = 2.362598
TRAIN Iter 105: loss = 0.003805,	Top-1 err = 89.750000,	Top-5 err = 73.250000,	train_time = 2.358041
TRAIN Iter 106: loss = 0.003795,	Top-1 err = 90.300000,	Top-5 err = 73.050000,	train_time = 2.326378
TRAIN Iter 107: loss = 0.003656,	Top-1 err = 86.000000,	Top-5 err = 64.750000,	train_time = 2.325268
TRAIN Iter 108: loss = 0.003541,	Top-1 err = 87.250000,	Top-5 err = 67.750000,	train_time = 2.342291
TRAIN Iter 109: loss = 0.003619,	Top-1 err = 85.650000,	Top-5 err = 63.950000,	train_time = 2.253014
TRAIN Iter 110: loss = 0.003595,	Top-1 err = 83.800000,	Top-5 err = 61.800000,	train_time = 2.369694
TRAIN Iter 111: loss = 0.003499,	Top-1 err = 83.650000,	Top-5 err = 60.350000,	train_time = 2.342903
TRAIN Iter 112: loss = 0.003584,	Top-1 err = 85.500000,	Top-5 err = 62.950000,	train_time = 2.336428
TRAIN Iter 113: loss = 0.003538,	Top-1 err = 88.850000,	Top-5 err = 68.350000,	train_time = 2.315730
TRAIN Iter 114: loss = 0.003539,	Top-1 err = 86.350000,	Top-5 err = 66.300000,	train_time = 2.330008
TRAIN Iter 115: loss = 0.003516,	Top-1 err = 84.600000,	Top-5 err = 62.650000,	train_time = 2.299965
TRAIN Iter 116: loss = 0.003483,	Top-1 err = 88.850000,	Top-5 err = 69.200000,	train_time = 2.356680
TRAIN Iter 117: loss = 0.003539,	Top-1 err = 86.400000,	Top-5 err = 63.950000,	train_time = 2.365994
TRAIN Iter 118: loss = 0.003474,	Top-1 err = 87.500000,	Top-5 err = 67.750000,	train_time = 2.335657
TRAIN Iter 119: loss = 0.003388,	Top-1 err = 84.950000,	Top-5 err = 58.050000,	train_time = 2.331938
TRAIN Iter 120: loss = 0.003494,	Top-1 err = 87.350000,	Top-5 err = 68.050000,	train_time = 2.347436
TRAIN Iter 121: loss = 0.003551,	Top-1 err = 86.350000,	Top-5 err = 64.200000,	train_time = 2.345740
TRAIN Iter 122: loss = 0.003692,	Top-1 err = 89.300000,	Top-5 err = 70.400000,	train_time = 2.341925
TRAIN Iter 123: loss = 0.003401,	Top-1 err = 83.900000,	Top-5 err = 61.300000,	train_time = 2.347077
TRAIN Iter 124: loss = 0.003544,	Top-1 err = 89.400000,	Top-5 err = 69.500000,	train_time = 2.307188
TRAIN Iter 125: loss = 0.003455,	Top-1 err = 85.600000,	Top-5 err = 65.700000,	train_time = 2.388027
TRAIN Iter 126: loss = 0.003398,	Top-1 err = 86.600000,	Top-5 err = 66.400000,	train_time = 2.348356
TRAIN Iter 127: loss = 0.003271,	Top-1 err = 87.200000,	Top-5 err = 66.700000,	train_time = 2.338901
TRAIN Iter 128: loss = 0.003316,	Top-1 err = 86.450000,	Top-5 err = 66.650000,	train_time = 2.347253
TRAIN Iter 129: loss = 0.003285,	Top-1 err = 85.850000,	Top-5 err = 63.550000,	train_time = 2.348786
TRAIN Iter 130: loss = 0.003321,	Top-1 err = 88.100000,	Top-5 err = 69.500000,	train_time = 2.359123
TRAIN Iter 131: loss = 0.003365,	Top-1 err = 85.450000,	Top-5 err = 62.400000,	train_time = 2.298426
TRAIN Iter 132: loss = 0.003378,	Top-1 err = 84.650000,	Top-5 err = 63.350000,	train_time = 2.323056
TRAIN Iter 133: loss = 0.003194,	Top-1 err = 85.400000,	Top-5 err = 62.150000,	train_time = 2.338413
TRAIN Iter 134: loss = 0.003161,	Top-1 err = 86.800000,	Top-5 err = 64.800000,	train_time = 2.324323
TRAIN Iter 135: loss = 0.003272,	Top-1 err = 85.150000,	Top-5 err = 61.400000,	train_time = 2.340556
TRAIN Iter 136: loss = 0.003272,	Top-1 err = 88.350000,	Top-5 err = 69.200000,	train_time = 2.321281
TRAIN Iter 137: loss = 0.003284,	Top-1 err = 88.800000,	Top-5 err = 70.700000,	train_time = 2.367753
TRAIN Iter 138: loss = 0.003187,	Top-1 err = 84.750000,	Top-5 err = 62.550000,	train_time = 2.289505
TRAIN Iter 139: loss = 0.003270,	Top-1 err = 85.750000,	Top-5 err = 62.850000,	train_time = 2.318636
TRAIN Iter 140: loss = 0.003251,	Top-1 err = 83.400000,	Top-5 err = 57.950000,	train_time = 2.362559
TRAIN Iter 141: loss = 0.003249,	Top-1 err = 85.550000,	Top-5 err = 65.100000,	train_time = 2.343884
TRAIN Iter 142: loss = 0.003180,	Top-1 err = 84.700000,	Top-5 err = 64.750000,	train_time = 2.368262
TRAIN Iter 143: loss = 0.003233,	Top-1 err = 86.800000,	Top-5 err = 67.900000,	train_time = 2.321873
TRAIN Iter 144: loss = 0.003100,	Top-1 err = 81.750000,	Top-5 err = 58.000000,	train_time = 2.342051
TRAIN Iter 145: loss = 0.003154,	Top-1 err = 82.550000,	Top-5 err = 57.850000,	train_time = 2.115391
TRAIN Iter 146: loss = 0.003252,	Top-1 err = 84.750000,	Top-5 err = 62.500000,	train_time = 2.288156
TRAIN Iter 147: loss = 0.003084,	Top-1 err = 86.500000,	Top-5 err = 63.450000,	train_time = 2.327866
TRAIN Iter 148: loss = 0.003109,	Top-1 err = 83.850000,	Top-5 err = 59.550000,	train_time = 2.345727
TRAIN Iter 149: loss = 0.003163,	Top-1 err = 83.800000,	Top-5 err = 59.850000,	train_time = 2.309541
TRAIN Iter 150: loss = 0.003181,	Top-1 err = 84.750000,	Top-5 err = 64.300000,	train_time = 2.364964
TRAIN Iter 151: loss = 0.003169,	Top-1 err = 83.800000,	Top-5 err = 61.650000,	train_time = 2.315503
TRAIN Iter 152: loss = 0.003218,	Top-1 err = 86.150000,	Top-5 err = 66.800000,	train_time = 2.349675
TRAIN Iter 153: loss = 0.003270,	Top-1 err = 86.100000,	Top-5 err = 65.750000,	train_time = 2.398765
TRAIN Iter 154: loss = 0.003145,	Top-1 err = 88.250000,	Top-5 err = 68.200000,	train_time = 2.356345
TRAIN Iter 155: loss = 0.003194,	Top-1 err = 83.450000,	Top-5 err = 63.200000,	train_time = 2.364890
TRAIN Iter 156: loss = 0.003097,	Top-1 err = 83.450000,	Top-5 err = 60.650000,	train_time = 2.395615
TRAIN Iter 157: loss = 0.003031,	Top-1 err = 82.800000,	Top-5 err = 58.100000,	train_time = 2.420207
TRAIN Iter 158: loss = 0.003071,	Top-1 err = 85.750000,	Top-5 err = 62.650000,	train_time = 2.361907
TRAIN Iter 159: loss = 0.003058,	Top-1 err = 83.900000,	Top-5 err = 60.200000,	train_time = 2.397343
TRAIN Iter 160: loss = 0.002955,	Top-1 err = 82.300000,	Top-5 err = 56.300000,	train_time = 2.389882
TRAIN Iter 161: loss = 0.003067,	Top-1 err = 87.800000,	Top-5 err = 68.850000,	train_time = 2.388460
TRAIN Iter 162: loss = 0.003000,	Top-1 err = 83.700000,	Top-5 err = 60.200000,	train_time = 2.378098
TRAIN Iter 163: loss = 0.003019,	Top-1 err = 84.650000,	Top-5 err = 62.700000,	train_time = 2.347791
TRAIN Iter 164: loss = 0.003030,	Top-1 err = 82.350000,	Top-5 err = 56.350000,	train_time = 2.357553
TRAIN Iter 165: loss = 0.002986,	Top-1 err = 83.050000,	Top-5 err = 56.850000,	train_time = 2.333479
TRAIN Iter 166: loss = 0.003204,	Top-1 err = 87.400000,	Top-5 err = 68.450000,	train_time = 2.381548
TRAIN Iter 167: loss = 0.003034,	Top-1 err = 84.850000,	Top-5 err = 62.700000,	train_time = 2.404513
TRAIN Iter 168: loss = 0.003151,	Top-1 err = 86.300000,	Top-5 err = 67.700000,	train_time = 2.358197
TRAIN Iter 169: loss = 0.003095,	Top-1 err = 88.500000,	Top-5 err = 69.750000,	train_time = 2.390128
TRAIN Iter 170: loss = 0.003005,	Top-1 err = 86.100000,	Top-5 err = 62.550000,	train_time = 2.394212
TRAIN Iter 171: loss = 0.002963,	Top-1 err = 89.300000,	Top-5 err = 70.650000,	train_time = 2.371464
TRAIN Iter 172: loss = 0.003002,	Top-1 err = 86.650000,	Top-5 err = 66.450000,	train_time = 2.366732
TRAIN Iter 173: loss = 0.003024,	Top-1 err = 87.250000,	Top-5 err = 66.250000,	train_time = 2.353671
TRAIN Iter 174: loss = 0.003101,	Top-1 err = 89.700000,	Top-5 err = 72.150000,	train_time = 2.376310
TRAIN Iter 175: loss = 0.002992,	Top-1 err = 85.200000,	Top-5 err = 65.950000,	train_time = 2.365590
TRAIN Iter 176: loss = 0.002952,	Top-1 err = 83.900000,	Top-5 err = 61.150000,	train_time = 2.375954
TRAIN Iter 177: loss = 0.002917,	Top-1 err = 83.800000,	Top-5 err = 60.550000,	train_time = 2.377691
TRAIN Iter 178: loss = 0.002946,	Top-1 err = 84.750000,	Top-5 err = 65.250000,	train_time = 2.359838
TRAIN Iter 179: loss = 0.003023,	Top-1 err = 85.400000,	Top-5 err = 63.400000,	train_time = 2.388533
TRAIN Iter 180: loss = 0.003003,	Top-1 err = 86.150000,	Top-5 err = 65.100000,	train_time = 2.357430
TRAIN Iter 181: loss = 0.002967,	Top-1 err = 80.800000,	Top-5 err = 56.200000,	train_time = 2.411877
TRAIN Iter 182: loss = 0.002975,	Top-1 err = 81.150000,	Top-5 err = 58.200000,	train_time = 2.413706
TRAIN Iter 183: loss = 0.002971,	Top-1 err = 82.800000,	Top-5 err = 57.750000,	train_time = 2.401651
TRAIN Iter 184: loss = 0.002994,	Top-1 err = 85.200000,	Top-5 err = 63.800000,	train_time = 2.378360
TRAIN Iter 185: loss = 0.002921,	Top-1 err = 82.900000,	Top-5 err = 57.850000,	train_time = 2.454615
TRAIN Iter 186: loss = 0.002945,	Top-1 err = 87.300000,	Top-5 err = 67.500000,	train_time = 2.415717
TRAIN Iter 187: loss = 0.002974,	Top-1 err = 82.100000,	Top-5 err = 59.150000,	train_time = 2.397194
TRAIN Iter 188: loss = 0.002962,	Top-1 err = 83.550000,	Top-5 err = 59.400000,	train_time = 2.402023
TRAIN Iter 189: loss = 0.002973,	Top-1 err = 86.750000,	Top-5 err = 64.600000,	train_time = 2.401345
TRAIN Iter 190: loss = 0.002971,	Top-1 err = 84.550000,	Top-5 err = 62.000000,	train_time = 2.414725
TRAIN Iter 191: loss = 0.002997,	Top-1 err = 84.550000,	Top-5 err = 63.250000,	train_time = 2.440393
TRAIN Iter 192: loss = 0.002999,	Top-1 err = 86.300000,	Top-5 err = 66.600000,	train_time = 2.428298
TRAIN Iter 193: loss = 0.002996,	Top-1 err = 86.600000,	Top-5 err = 66.950000,	train_time = 2.368600
TRAIN Iter 194: loss = 0.002950,	Top-1 err = 84.500000,	Top-5 err = 62.500000,	train_time = 2.420454
TRAIN Iter 195: loss = 0.002882,	Top-1 err = 86.250000,	Top-5 err = 65.800000,	train_time = 2.372813
TRAIN Iter 196: loss = 0.002828,	Top-1 err = 82.550000,	Top-5 err = 58.250000,	train_time = 2.389865
TRAIN Iter 197: loss = 0.003029,	Top-1 err = 85.150000,	Top-5 err = 64.200000,	train_time = 2.448915
TRAIN Iter 198: loss = 0.002843,	Top-1 err = 82.900000,	Top-5 err = 61.350000,	train_time = 2.410676
TRAIN Iter 199: loss = 0.002799,	Top-1 err = 81.350000,	Top-5 err = 58.150000,	train_time = 2.429500
TRAIN Iter 200: loss = 0.002826,	Top-1 err = 82.500000,	Top-5 err = 56.800000,	train_time = 2.441598
TRAIN Iter 201: loss = 0.002896,	Top-1 err = 83.600000,	Top-5 err = 60.700000,	train_time = 2.421216
TRAIN Iter 202: loss = 0.002849,	Top-1 err = 85.000000,	Top-5 err = 63.650000,	train_time = 2.418533
TRAIN Iter 203: loss = 0.002969,	Top-1 err = 86.900000,	Top-5 err = 69.850000,	train_time = 2.423556
TRAIN Iter 204: loss = 0.002851,	Top-1 err = 84.350000,	Top-5 err = 64.800000,	train_time = 2.428429
TRAIN Iter 205: loss = 0.002871,	Top-1 err = 86.750000,	Top-5 err = 64.550000,	train_time = 2.397657
TRAIN Iter 206: loss = 0.002860,	Top-1 err = 85.650000,	Top-5 err = 65.400000,	train_time = 2.431410
TRAIN Iter 207: loss = 0.002924,	Top-1 err = 86.250000,	Top-5 err = 67.500000,	train_time = 2.469025
TRAIN Iter 208: loss = 0.002967,	Top-1 err = 85.700000,	Top-5 err = 65.050000,	train_time = 2.424004
TRAIN Iter 209: loss = 0.002877,	Top-1 err = 80.650000,	Top-5 err = 57.550000,	train_time = 2.435852
TRAIN Iter 210: loss = 0.002806,	Top-1 err = 80.150000,	Top-5 err = 56.150000,	train_time = 2.450735
TRAIN Iter 211: loss = 0.002706,	Top-1 err = 80.200000,	Top-5 err = 53.600000,	train_time = 2.361856
TRAIN Iter 212: loss = 0.002716,	Top-1 err = 83.150000,	Top-5 err = 60.800000,	train_time = 2.442416
TRAIN Iter 213: loss = 0.002757,	Top-1 err = 83.200000,	Top-5 err = 59.750000,	train_time = 2.434448
TRAIN Iter 214: loss = 0.002775,	Top-1 err = 81.400000,	Top-5 err = 57.150000,	train_time = 2.422151
TRAIN Iter 215: loss = 0.002840,	Top-1 err = 85.800000,	Top-5 err = 63.500000,	train_time = 2.418926
TRAIN Iter 216: loss = 0.002782,	Top-1 err = 85.950000,	Top-5 err = 66.600000,	train_time = 2.482474
TRAIN Iter 217: loss = 0.002812,	Top-1 err = 87.200000,	Top-5 err = 67.450000,	train_time = 2.402472
TRAIN Iter 218: loss = 0.002781,	Top-1 err = 81.500000,	Top-5 err = 56.750000,	train_time = 2.429073
TRAIN Iter 219: loss = 0.002764,	Top-1 err = 84.900000,	Top-5 err = 64.150000,	train_time = 2.425791
TRAIN Iter 220: loss = 0.002833,	Top-1 err = 83.700000,	Top-5 err = 61.550000,	train_time = 2.430334
TRAIN Iter 221: loss = 0.002771,	Top-1 err = 87.000000,	Top-5 err = 64.950000,	train_time = 2.456036
TRAIN Iter 222: loss = 0.002735,	Top-1 err = 84.200000,	Top-5 err = 61.000000,	train_time = 2.392035
TRAIN Iter 223: loss = 0.002763,	Top-1 err = 85.400000,	Top-5 err = 62.500000,	train_time = 2.507559
TRAIN Iter 224: loss = 0.002648,	Top-1 err = 80.450000,	Top-5 err = 52.550000,	train_time = 2.422080
TRAIN Iter 225: loss = 0.002760,	Top-1 err = 84.250000,	Top-5 err = 60.350000,	train_time = 2.444698
TRAIN Iter 226: loss = 0.002809,	Top-1 err = 82.250000,	Top-5 err = 58.150000,	train_time = 2.489697
TRAIN Iter 227: loss = 0.002765,	Top-1 err = 88.300000,	Top-5 err = 68.600000,	train_time = 2.468614
TRAIN Iter 228: loss = 0.002766,	Top-1 err = 84.600000,	Top-5 err = 61.050000,	train_time = 2.457252
TRAIN Iter 229: loss = 0.002812,	Top-1 err = 89.300000,	Top-5 err = 71.900000,	train_time = 2.430992
TRAIN Iter 230: loss = 0.002776,	Top-1 err = 85.800000,	Top-5 err = 65.500000,	train_time = 2.440665
TRAIN Iter 231: loss = 0.002686,	Top-1 err = 83.100000,	Top-5 err = 57.250000,	train_time = 2.420026
TRAIN Iter 232: loss = 0.002731,	Top-1 err = 84.900000,	Top-5 err = 66.350000,	train_time = 2.494493
TRAIN Iter 233: loss = 0.002676,	Top-1 err = 83.700000,	Top-5 err = 63.400000,	train_time = 2.361040
TRAIN Iter 234: loss = 0.002773,	Top-1 err = 85.400000,	Top-5 err = 65.900000,	train_time = 2.381452
TRAIN Iter 235: loss = 0.002683,	Top-1 err = 84.200000,	Top-5 err = 62.450000,	train_time = 2.404686
TRAIN Iter 236: loss = 0.002656,	Top-1 err = 85.050000,	Top-5 err = 64.650000,	train_time = 2.482750
TRAIN Iter 237: loss = 0.002778,	Top-1 err = 82.350000,	Top-5 err = 58.200000,	train_time = 2.443825
TRAIN Iter 238: loss = 0.002611,	Top-1 err = 84.150000,	Top-5 err = 61.400000,	train_time = 2.452355
TRAIN Iter 239: loss = 0.002749,	Top-1 err = 87.400000,	Top-5 err = 67.400000,	train_time = 2.471665
TRAIN Iter 240: loss = 0.002675,	Top-1 err = 85.100000,	Top-5 err = 63.200000,	train_time = 2.458200
TRAIN Iter 241: loss = 0.002614,	Top-1 err = 81.300000,	Top-5 err = 56.650000,	train_time = 2.414943
TRAIN Iter 242: loss = 0.002545,	Top-1 err = 80.050000,	Top-5 err = 54.200000,	train_time = 2.461346
TRAIN Iter 243: loss = 0.002670,	Top-1 err = 82.900000,	Top-5 err = 59.500000,	train_time = 2.365033
TRAIN Iter 244: loss = 0.002628,	Top-1 err = 81.000000,	Top-5 err = 56.800000,	train_time = 2.436312
TRAIN Iter 245: loss = 0.002709,	Top-1 err = 88.250000,	Top-5 err = 70.950000,	train_time = 2.428419
TRAIN Iter 246: loss = 0.002661,	Top-1 err = 83.550000,	Top-5 err = 63.300000,	train_time = 2.439799
TRAIN Iter 247: loss = 0.002581,	Top-1 err = 84.250000,	Top-5 err = 60.900000,	train_time = 2.434762
TRAIN Iter 248: loss = 0.002642,	Top-1 err = 85.150000,	Top-5 err = 61.700000,	train_time = 2.409485
TRAIN Iter 249: loss = 0.002533,	Top-1 err = 78.850000,	Top-5 err = 52.300000,	train_time = 2.385645
TEST:
Iter 249: loss = 2.759032,	Top-1 err = 64.610000,	Top-5 err = 36.790000,	val_time = 2.372309
TRAIN Iter 250: loss = 0.002657,	Top-1 err = 82.550000,	Top-5 err = 59.750000,	train_time = 2.459231
TRAIN Iter 251: loss = 0.002592,	Top-1 err = 84.300000,	Top-5 err = 62.750000,	train_time = 2.479114
TRAIN Iter 252: loss = 0.002640,	Top-1 err = 84.550000,	Top-5 err = 65.000000,	train_time = 2.514264
TRAIN Iter 253: loss = 0.002678,	Top-1 err = 84.350000,	Top-5 err = 60.450000,	train_time = 2.473086
TRAIN Iter 254: loss = 0.002640,	Top-1 err = 85.400000,	Top-5 err = 66.700000,	train_time = 2.466027
TRAIN Iter 255: loss = 0.002619,	Top-1 err = 84.450000,	Top-5 err = 62.950000,	train_time = 2.480335
TRAIN Iter 256: loss = 0.002677,	Top-1 err = 87.050000,	Top-5 err = 67.150000,	train_time = 2.494238
TRAIN Iter 257: loss = 0.002569,	Top-1 err = 83.600000,	Top-5 err = 60.350000,	train_time = 2.479974
TRAIN Iter 258: loss = 0.002555,	Top-1 err = 80.500000,	Top-5 err = 56.350000,	train_time = 2.486302
TRAIN Iter 259: loss = 0.002649,	Top-1 err = 87.500000,	Top-5 err = 68.000000,	train_time = 2.489386
TEST:
Iter 259: loss = 2.778860,	Top-1 err = 64.760000,	Top-5 err = 36.890000,	val_time = 2.344904
TRAIN Iter 260: loss = 0.002534,	Top-1 err = 82.600000,	Top-5 err = 58.750000,	train_time = 2.462455
TRAIN Iter 261: loss = 0.002594,	Top-1 err = 84.750000,	Top-5 err = 64.950000,	train_time = 2.487830
TRAIN Iter 262: loss = 0.002620,	Top-1 err = 83.000000,	Top-5 err = 61.400000,	train_time = 2.445515
TRAIN Iter 263: loss = 0.002615,	Top-1 err = 82.350000,	Top-5 err = 59.100000,	train_time = 2.470357
TRAIN Iter 264: loss = 0.002625,	Top-1 err = 86.200000,	Top-5 err = 65.000000,	train_time = 2.402539
TRAIN Iter 265: loss = 0.002662,	Top-1 err = 85.000000,	Top-5 err = 63.300000,	train_time = 2.480468
TRAIN Iter 266: loss = 0.002563,	Top-1 err = 84.400000,	Top-5 err = 62.550000,	train_time = 2.465969
TRAIN Iter 267: loss = 0.002635,	Top-1 err = 85.350000,	Top-5 err = 64.950000,	train_time = 2.466191
TRAIN Iter 268: loss = 0.002701,	Top-1 err = 81.300000,	Top-5 err = 56.700000,	train_time = 2.473838
TRAIN Iter 269: loss = 0.002587,	Top-1 err = 85.400000,	Top-5 err = 63.600000,	train_time = 2.451348
TEST:
Iter 269: loss = 2.758759,	Top-1 err = 64.700000,	Top-5 err = 36.420000,	val_time = 2.399596
TRAIN Iter 270: loss = 0.002578,	Top-1 err = 82.950000,	Top-5 err = 59.750000,	train_time = 2.443452
TRAIN Iter 271: loss = 0.002574,	Top-1 err = 84.250000,	Top-5 err = 62.600000,	train_time = 2.499368
TRAIN Iter 272: loss = 0.002494,	Top-1 err = 80.300000,	Top-5 err = 56.350000,	train_time = 2.510947
TRAIN Iter 273: loss = 0.002593,	Top-1 err = 83.750000,	Top-5 err = 61.700000,	train_time = 2.478777
TRAIN Iter 274: loss = 0.002785,	Top-1 err = 86.600000,	Top-5 err = 66.800000,	train_time = 2.464454
TRAIN Iter 275: loss = 0.002482,	Top-1 err = 79.950000,	Top-5 err = 56.000000,	train_time = 2.511571
TRAIN Iter 276: loss = 0.002543,	Top-1 err = 81.600000,	Top-5 err = 56.100000,	train_time = 2.466931
TRAIN Iter 277: loss = 0.002534,	Top-1 err = 84.700000,	Top-5 err = 62.900000,	train_time = 2.488387
TRAIN Iter 278: loss = 0.002473,	Top-1 err = 80.650000,	Top-5 err = 54.000000,	train_time = 2.468634
TRAIN Iter 279: loss = 0.002471,	Top-1 err = 83.500000,	Top-5 err = 61.700000,	train_time = 2.437543
TEST:
Iter 279: loss = 2.673911,	Top-1 err = 63.150000,	Top-5 err = 34.800000,	val_time = 2.396343
TRAIN Iter 280: loss = 0.002489,	Top-1 err = 84.750000,	Top-5 err = 63.550000,	train_time = 2.488258
TRAIN Iter 281: loss = 0.002627,	Top-1 err = 86.500000,	Top-5 err = 69.200000,	train_time = 2.414234
TRAIN Iter 282: loss = 0.002601,	Top-1 err = 80.250000,	Top-5 err = 57.600000,	train_time = 2.445062
TRAIN Iter 283: loss = 0.002555,	Top-1 err = 84.450000,	Top-5 err = 63.500000,	train_time = 2.546591
TRAIN Iter 284: loss = 0.002399,	Top-1 err = 78.400000,	Top-5 err = 52.250000,	train_time = 2.468772
TRAIN Iter 285: loss = 0.002443,	Top-1 err = 83.000000,	Top-5 err = 59.600000,	train_time = 2.285660
TRAIN Iter 286: loss = 0.002493,	Top-1 err = 82.450000,	Top-5 err = 60.400000,	train_time = 2.495758
TRAIN Iter 287: loss = 0.002462,	Top-1 err = 78.900000,	Top-5 err = 52.250000,	train_time = 2.489279
TRAIN Iter 288: loss = 0.002333,	Top-1 err = 76.300000,	Top-5 err = 48.450000,	train_time = 2.472128
TRAIN Iter 289: loss = 0.002540,	Top-1 err = 84.500000,	Top-5 err = 64.450000,	train_time = 2.453140
TEST:
Iter 289: loss = 2.785812,	Top-1 err = 64.610000,	Top-5 err = 36.930000,	val_time = 2.400211
TRAIN Iter 290: loss = 0.002447,	Top-1 err = 82.550000,	Top-5 err = 57.850000,	train_time = 2.474621
TRAIN Iter 291: loss = 0.002385,	Top-1 err = 77.550000,	Top-5 err = 50.800000,	train_time = 2.470951
TRAIN Iter 292: loss = 0.002495,	Top-1 err = 81.450000,	Top-5 err = 57.800000,	train_time = 2.515859
TRAIN Iter 293: loss = 0.002342,	Top-1 err = 77.500000,	Top-5 err = 49.600000,	train_time = 2.484329
TRAIN Iter 294: loss = 0.002418,	Top-1 err = 84.600000,	Top-5 err = 59.850000,	train_time = 2.497913
TRAIN Iter 295: loss = 0.002553,	Top-1 err = 85.100000,	Top-5 err = 64.500000,	train_time = 2.306196
TRAIN Iter 296: loss = 0.002411,	Top-1 err = 79.500000,	Top-5 err = 53.650000,	train_time = 2.493452
TRAIN Iter 297: loss = 0.002449,	Top-1 err = 81.950000,	Top-5 err = 58.400000,	train_time = 2.493178
TRAIN Iter 298: loss = 0.002493,	Top-1 err = 84.700000,	Top-5 err = 62.550000,	train_time = 2.484423
TRAIN Iter 299: loss = 0.002396,	Top-1 err = 80.400000,	Top-5 err = 54.800000,	train_time = 2.476795
TEST:
Iter 299: loss = 2.845758,	Top-1 err = 65.680000,	Top-5 err = 37.850000,	val_time = 2.370577
Train Finish! Best accuracy is 36.85@279
