/home/dvspanos/miniconda3/envs/rded/lib/python3.10/site-packages/torchvision/models/_utils.py:208: UserWarning: The parameter 'pretrained' is deprecated since 0.13 and may be removed in the future, please use 'weights' instead.
  warnings.warn(
/home/dvspanos/miniconda3/envs/rded/lib/python3.10/site-packages/torchvision/models/_utils.py:223: UserWarning: Arguments other than a weight enum or `None` for 'weights' are deprecated since 0.13 and may be removed in the future. The current behavior is equivalent to passing `weights=None`.
  warnings.warn(msg)
=> using pytorch pre-trained teacher model 'resnet18_modified'
process data from /home/dvspanos/nikos/ca2d/artifacts/rded_sets/bench_tin_rn18_rcad_ipc50
load data successfully
TRAIN Iter 0: loss = 0.012434,	Top-1 err = 97.910000,	Top-5 err = 91.460000,	train_time = 15.280004
TRAIN Iter 1: loss = 0.011473,	Top-1 err = 95.100000,	Top-5 err = 82.980000,	train_time = 13.868221
TRAIN Iter 2: loss = 0.010054,	Top-1 err = 92.780000,	Top-5 err = 76.630000,	train_time = 14.334551
TRAIN Iter 3: loss = 0.009854,	Top-1 err = 89.980000,	Top-5 err = 71.560000,	train_time = 14.769333
TRAIN Iter 4: loss = 0.009489,	Top-1 err = 86.890000,	Top-5 err = 65.220000,	train_time = 14.801899
TRAIN Iter 5: loss = 0.008743,	Top-1 err = 86.340000,	Top-5 err = 65.670000,	train_time = 14.749230
TRAIN Iter 6: loss = 0.008528,	Top-1 err = 83.120000,	Top-5 err = 60.400000,	train_time = 14.915291
TRAIN Iter 7: loss = 0.008021,	Top-1 err = 83.710000,	Top-5 err = 61.070000,	train_time = 16.294447
TRAIN Iter 8: loss = 0.008100,	Top-1 err = 80.730000,	Top-5 err = 56.750000,	train_time = 14.814847
TRAIN Iter 9: loss = 0.007892,	Top-1 err = 77.700000,	Top-5 err = 53.080000,	train_time = 15.725661
TRAIN Iter 10: loss = 0.007466,	Top-1 err = 76.880000,	Top-5 err = 52.250000,	train_time = 14.887387
TRAIN Iter 11: loss = 0.007202,	Top-1 err = 77.660000,	Top-5 err = 54.450000,	train_time = 15.138021
TRAIN Iter 12: loss = 0.007065,	Top-1 err = 73.530000,	Top-5 err = 48.960000,	train_time = 15.265798
TRAIN Iter 13: loss = 0.006920,	Top-1 err = 73.810000,	Top-5 err = 49.600000,	train_time = 15.527699
TRAIN Iter 14: loss = 0.006658,	Top-1 err = 69.860000,	Top-5 err = 44.730000,	train_time = 15.173158
TRAIN Iter 15: loss = 0.006629,	Top-1 err = 66.260000,	Top-5 err = 40.350000,	train_time = 15.175399
TRAIN Iter 16: loss = 0.006333,	Top-1 err = 68.410000,	Top-5 err = 43.660000,	train_time = 15.438236
TRAIN Iter 17: loss = 0.006243,	Top-1 err = 67.870000,	Top-5 err = 44.490000,	train_time = 15.072409
TRAIN Iter 18: loss = 0.005945,	Top-1 err = 70.700000,	Top-5 err = 48.010000,	train_time = 16.168132
TRAIN Iter 19: loss = 0.006157,	Top-1 err = 63.830000,	Top-5 err = 40.570000,	train_time = 15.356621
TRAIN Iter 20: loss = 0.005804,	Top-1 err = 67.250000,	Top-5 err = 44.710000,	train_time = 14.732631
TRAIN Iter 21: loss = 0.005736,	Top-1 err = 62.800000,	Top-5 err = 38.850000,	train_time = 15.313949
TRAIN Iter 22: loss = 0.005631,	Top-1 err = 63.880000,	Top-5 err = 40.980000,	train_time = 14.839355
TRAIN Iter 23: loss = 0.005568,	Top-1 err = 58.500000,	Top-5 err = 34.660000,	train_time = 15.164199
TRAIN Iter 24: loss = 0.005289,	Top-1 err = 64.010000,	Top-5 err = 41.020000,	train_time = 16.404907
TRAIN Iter 25: loss = 0.005219,	Top-1 err = 64.990000,	Top-5 err = 42.060000,	train_time = 14.955572
TRAIN Iter 26: loss = 0.005228,	Top-1 err = 58.360000,	Top-5 err = 34.550000,	train_time = 15.256343
TRAIN Iter 27: loss = 0.005299,	Top-1 err = 55.140000,	Top-5 err = 32.610000,	train_time = 14.796332
TRAIN Iter 28: loss = 0.005139,	Top-1 err = 59.340000,	Top-5 err = 37.470000,	train_time = 15.120106
TRAIN Iter 29: loss = 0.004876,	Top-1 err = 60.960000,	Top-5 err = 38.080000,	train_time = 16.005713
TRAIN Iter 30: loss = 0.004879,	Top-1 err = 61.190000,	Top-5 err = 38.680000,	train_time = 15.396130
TRAIN Iter 31: loss = 0.004857,	Top-1 err = 59.240000,	Top-5 err = 36.870000,	train_time = 14.764860
TRAIN Iter 32: loss = 0.004751,	Top-1 err = 55.510000,	Top-5 err = 34.080000,	train_time = 16.068377
TRAIN Iter 33: loss = 0.004722,	Top-1 err = 55.170000,	Top-5 err = 32.610000,	train_time = 15.185856
TRAIN Iter 34: loss = 0.004638,	Top-1 err = 52.320000,	Top-5 err = 30.400000,	train_time = 15.696448
TRAIN Iter 35: loss = 0.004541,	Top-1 err = 56.550000,	Top-5 err = 35.980000,	train_time = 15.228399
TRAIN Iter 36: loss = 0.004491,	Top-1 err = 55.450000,	Top-5 err = 34.580000,	train_time = 14.878568
TRAIN Iter 37: loss = 0.004385,	Top-1 err = 56.170000,	Top-5 err = 33.680000,	train_time = 15.329707
TRAIN Iter 38: loss = 0.004390,	Top-1 err = 51.070000,	Top-5 err = 29.640000,	train_time = 14.999532
TRAIN Iter 39: loss = 0.004296,	Top-1 err = 54.770000,	Top-5 err = 32.910000,	train_time = 16.144740
TRAIN Iter 40: loss = 0.004264,	Top-1 err = 57.500000,	Top-5 err = 36.850000,	train_time = 14.743715
TRAIN Iter 41: loss = 0.004201,	Top-1 err = 57.850000,	Top-5 err = 36.350000,	train_time = 15.993675
TRAIN Iter 42: loss = 0.004182,	Top-1 err = 53.690000,	Top-5 err = 33.580000,	train_time = 14.923730
TRAIN Iter 43: loss = 0.004129,	Top-1 err = 57.110000,	Top-5 err = 36.910000,	train_time = 15.552518
TRAIN Iter 44: loss = 0.004139,	Top-1 err = 52.840000,	Top-5 err = 32.930000,	train_time = 15.904019
TRAIN Iter 45: loss = 0.003995,	Top-1 err = 54.900000,	Top-5 err = 33.830000,	train_time = 14.582825
TRAIN Iter 46: loss = 0.003996,	Top-1 err = 56.180000,	Top-5 err = 36.120000,	train_time = 15.024351
TRAIN Iter 47: loss = 0.003915,	Top-1 err = 54.900000,	Top-5 err = 34.250000,	train_time = 15.189154
TRAIN Iter 48: loss = 0.003928,	Top-1 err = 50.420000,	Top-5 err = 29.480000,	train_time = 16.160698
TRAIN Iter 49: loss = 0.003901,	Top-1 err = 53.040000,	Top-5 err = 32.180000,	train_time = 15.220422
TRAIN Iter 50: loss = 0.003875,	Top-1 err = 46.650000,	Top-5 err = 25.940000,	train_time = 15.674698
TRAIN Iter 51: loss = 0.003850,	Top-1 err = 51.610000,	Top-5 err = 32.620000,	train_time = 14.572467
TRAIN Iter 52: loss = 0.003802,	Top-1 err = 50.220000,	Top-5 err = 30.040000,	train_time = 14.832596
TRAIN Iter 53: loss = 0.003813,	Top-1 err = 46.110000,	Top-5 err = 26.780000,	train_time = 15.057316
TRAIN Iter 54: loss = 0.003756,	Top-1 err = 52.310000,	Top-5 err = 32.290000,	train_time = 15.348185
TRAIN Iter 55: loss = 0.003706,	Top-1 err = 52.530000,	Top-5 err = 32.720000,	train_time = 15.118385
TRAIN Iter 56: loss = 0.003690,	Top-1 err = 54.390000,	Top-5 err = 34.620000,	train_time = 16.385131
TRAIN Iter 57: loss = 0.003687,	Top-1 err = 50.120000,	Top-5 err = 29.800000,	train_time = 15.575154
TRAIN Iter 58: loss = 0.003654,	Top-1 err = 52.770000,	Top-5 err = 32.870000,	train_time = 14.583178
TRAIN Iter 59: loss = 0.003617,	Top-1 err = 51.420000,	Top-5 err = 31.700000,	train_time = 15.705388
TRAIN Iter 60: loss = 0.003589,	Top-1 err = 49.760000,	Top-5 err = 29.920000,	train_time = 15.003837
TRAIN Iter 61: loss = 0.003573,	Top-1 err = 53.260000,	Top-5 err = 32.460000,	train_time = 15.172446
TRAIN Iter 62: loss = 0.003537,	Top-1 err = 47.630000,	Top-5 err = 27.560000,	train_time = 14.969993
TRAIN Iter 63: loss = 0.003484,	Top-1 err = 51.880000,	Top-5 err = 31.380000,	train_time = 15.974488
TRAIN Iter 64: loss = 0.003491,	Top-1 err = 52.890000,	Top-5 err = 34.320000,	train_time = 15.029289
TRAIN Iter 65: loss = 0.003477,	Top-1 err = 52.280000,	Top-5 err = 32.040000,	train_time = 15.862092
TRAIN Iter 66: loss = 0.003448,	Top-1 err = 50.020000,	Top-5 err = 31.200000,	train_time = 14.867029
TRAIN Iter 67: loss = 0.003423,	Top-1 err = 49.800000,	Top-5 err = 31.030000,	train_time = 14.772325
TRAIN Iter 68: loss = 0.003418,	Top-1 err = 47.870000,	Top-5 err = 28.480000,	train_time = 15.592323
TRAIN Iter 69: loss = 0.003427,	Top-1 err = 52.250000,	Top-5 err = 33.300000,	train_time = 14.845108
TRAIN Iter 70: loss = 0.003393,	Top-1 err = 53.010000,	Top-5 err = 35.260000,	train_time = 15.409714
TRAIN Iter 71: loss = 0.003370,	Top-1 err = 44.970000,	Top-5 err = 25.950000,	train_time = 15.189528
TRAIN Iter 72: loss = 0.003384,	Top-1 err = 47.380000,	Top-5 err = 29.820000,	train_time = 16.026863
TRAIN Iter 73: loss = 0.003342,	Top-1 err = 48.830000,	Top-5 err = 29.150000,	train_time = 15.577163
TRAIN Iter 74: loss = 0.003309,	Top-1 err = 46.680000,	Top-5 err = 27.290000,	train_time = 14.859516
TRAIN Iter 75: loss = 0.003249,	Top-1 err = 50.320000,	Top-5 err = 32.250000,	train_time = 15.733978
TRAIN Iter 76: loss = 0.003229,	Top-1 err = 44.860000,	Top-5 err = 28.020000,	train_time = 15.214422
TRAIN Iter 77: loss = 0.003246,	Top-1 err = 52.330000,	Top-5 err = 33.090000,	train_time = 14.739679
TRAIN Iter 78: loss = 0.003256,	Top-1 err = 49.140000,	Top-5 err = 30.280000,	train_time = 14.901333
TRAIN Iter 79: loss = 0.003290,	Top-1 err = 49.330000,	Top-5 err = 30.840000,	train_time = 15.463359
TRAIN Iter 80: loss = 0.003234,	Top-1 err = 51.400000,	Top-5 err = 31.550000,	train_time = 15.824011
TRAIN Iter 81: loss = 0.003224,	Top-1 err = 50.880000,	Top-5 err = 32.490000,	train_time = 15.088660
TRAIN Iter 82: loss = 0.003189,	Top-1 err = 52.770000,	Top-5 err = 33.410000,	train_time = 15.830081
TRAIN Iter 83: loss = 0.003214,	Top-1 err = 49.570000,	Top-5 err = 28.900000,	train_time = 15.392216
TRAIN Iter 84: loss = 0.003161,	Top-1 err = 50.970000,	Top-5 err = 33.080000,	train_time = 14.755989
TRAIN Iter 85: loss = 0.003142,	Top-1 err = 42.700000,	Top-5 err = 24.690000,	train_time = 15.484553
TRAIN Iter 86: loss = 0.003140,	Top-1 err = 49.240000,	Top-5 err = 30.850000,	train_time = 15.000220
TRAIN Iter 87: loss = 0.003110,	Top-1 err = 52.850000,	Top-5 err = 32.840000,	train_time = 15.517148
TRAIN Iter 88: loss = 0.003107,	Top-1 err = 49.690000,	Top-5 err = 29.990000,	train_time = 14.917114
TRAIN Iter 89: loss = 0.003091,	Top-1 err = 48.780000,	Top-5 err = 29.400000,	train_time = 14.960249
TRAIN Iter 90: loss = 0.003111,	Top-1 err = 47.580000,	Top-5 err = 29.230000,	train_time = 16.313400
TRAIN Iter 91: loss = 0.003052,	Top-1 err = 39.120000,	Top-5 err = 21.360000,	train_time = 15.522007
TRAIN Iter 92: loss = 0.003034,	Top-1 err = 46.440000,	Top-5 err = 28.250000,	train_time = 14.774666
TRAIN Iter 93: loss = 0.003046,	Top-1 err = 50.750000,	Top-5 err = 32.840000,	train_time = 15.188035
TRAIN Iter 94: loss = 0.003039,	Top-1 err = 46.120000,	Top-5 err = 28.450000,	train_time = 15.166167
TRAIN Iter 95: loss = 0.003009,	Top-1 err = 46.750000,	Top-5 err = 27.740000,	train_time = 15.369814
TRAIN Iter 96: loss = 0.002982,	Top-1 err = 47.730000,	Top-5 err = 29.350000,	train_time = 14.745272
TRAIN Iter 97: loss = 0.003011,	Top-1 err = 55.380000,	Top-5 err = 37.280000,	train_time = 16.119028
TRAIN Iter 98: loss = 0.002997,	Top-1 err = 46.770000,	Top-5 err = 27.980000,	train_time = 14.646490
TRAIN Iter 99: loss = 0.002998,	Top-1 err = 46.910000,	Top-5 err = 28.720000,	train_time = 15.989597
TRAIN Iter 100: loss = 0.003002,	Top-1 err = 51.810000,	Top-5 err = 33.490000,	train_time = 14.838768
TRAIN Iter 101: loss = 0.002969,	Top-1 err = 46.720000,	Top-5 err = 28.950000,	train_time = 15.865460
TRAIN Iter 102: loss = 0.002954,	Top-1 err = 47.470000,	Top-5 err = 27.560000,	train_time = 15.375485
TRAIN Iter 103: loss = 0.002958,	Top-1 err = 44.040000,	Top-5 err = 26.080000,	train_time = 14.702219
TRAIN Iter 104: loss = 0.002969,	Top-1 err = 45.490000,	Top-5 err = 27.360000,	train_time = 14.853938
TRAIN Iter 105: loss = 0.002930,	Top-1 err = 50.590000,	Top-5 err = 31.850000,	train_time = 16.121496
TRAIN Iter 106: loss = 0.002933,	Top-1 err = 43.470000,	Top-5 err = 25.970000,	train_time = 14.923514
TRAIN Iter 107: loss = 0.002895,	Top-1 err = 45.910000,	Top-5 err = 27.820000,	train_time = 15.677840
TRAIN Iter 108: loss = 0.002891,	Top-1 err = 44.580000,	Top-5 err = 27.320000,	train_time = 15.623579
TRAIN Iter 109: loss = 0.002870,	Top-1 err = 44.450000,	Top-5 err = 27.700000,	train_time = 15.195132
TRAIN Iter 110: loss = 0.002879,	Top-1 err = 45.300000,	Top-5 err = 27.700000,	train_time = 14.494488
TRAIN Iter 111: loss = 0.002868,	Top-1 err = 52.810000,	Top-5 err = 34.450000,	train_time = 15.293430
TRAIN Iter 112: loss = 0.002888,	Top-1 err = 51.670000,	Top-5 err = 32.170000,	train_time = 15.066061
TRAIN Iter 113: loss = 0.002875,	Top-1 err = 43.470000,	Top-5 err = 24.960000,	train_time = 16.085145
TRAIN Iter 114: loss = 0.002857,	Top-1 err = 48.510000,	Top-5 err = 30.060000,	train_time = 14.830616
TRAIN Iter 115: loss = 0.002844,	Top-1 err = 44.950000,	Top-5 err = 27.260000,	train_time = 14.648901
TRAIN Iter 116: loss = 0.002831,	Top-1 err = 45.670000,	Top-5 err = 27.560000,	train_time = 16.427907
TRAIN Iter 117: loss = 0.002808,	Top-1 err = 41.860000,	Top-5 err = 24.230000,	train_time = 15.398993
TRAIN Iter 118: loss = 0.002826,	Top-1 err = 52.130000,	Top-5 err = 33.910000,	train_time = 14.702322
TRAIN Iter 119: loss = 0.002777,	Top-1 err = 48.630000,	Top-5 err = 30.500000,	train_time = 15.356100
TRAIN Iter 120: loss = 0.002812,	Top-1 err = 43.660000,	Top-5 err = 26.000000,	train_time = 14.786890
TRAIN Iter 121: loss = 0.002786,	Top-1 err = 44.220000,	Top-5 err = 26.540000,	train_time = 15.014760
TRAIN Iter 122: loss = 0.002792,	Top-1 err = 51.450000,	Top-5 err = 32.030000,	train_time = 15.252593
TRAIN Iter 123: loss = 0.002786,	Top-1 err = 46.490000,	Top-5 err = 27.870000,	train_time = 15.776159
TRAIN Iter 124: loss = 0.002784,	Top-1 err = 45.590000,	Top-5 err = 28.320000,	train_time = 15.062286
TRAIN Iter 125: loss = 0.002782,	Top-1 err = 49.030000,	Top-5 err = 29.480000,	train_time = 15.956503
TRAIN Iter 126: loss = 0.002742,	Top-1 err = 46.170000,	Top-5 err = 27.840000,	train_time = 14.832520
TRAIN Iter 127: loss = 0.002757,	Top-1 err = 42.130000,	Top-5 err = 24.480000,	train_time = 14.770711
TRAIN Iter 128: loss = 0.002755,	Top-1 err = 48.930000,	Top-5 err = 29.770000,	train_time = 15.053859
TRAIN Iter 129: loss = 0.002716,	Top-1 err = 46.210000,	Top-5 err = 28.250000,	train_time = 16.492441
TRAIN Iter 130: loss = 0.002739,	Top-1 err = 48.160000,	Top-5 err = 30.060000,	train_time = 15.205551
TRAIN Iter 131: loss = 0.002724,	Top-1 err = 49.550000,	Top-5 err = 31.160000,	train_time = 14.788624
TRAIN Iter 132: loss = 0.002713,	Top-1 err = 47.050000,	Top-5 err = 28.940000,	train_time = 14.984180
TRAIN Iter 133: loss = 0.002708,	Top-1 err = 44.680000,	Top-5 err = 26.740000,	train_time = 15.183914
TRAIN Iter 134: loss = 0.002690,	Top-1 err = 48.830000,	Top-5 err = 30.290000,	train_time = 16.328476
TRAIN Iter 135: loss = 0.002718,	Top-1 err = 48.940000,	Top-5 err = 29.460000,	train_time = 14.795573
TRAIN Iter 136: loss = 0.002703,	Top-1 err = 51.230000,	Top-5 err = 33.280000,	train_time = 14.797027
TRAIN Iter 137: loss = 0.002658,	Top-1 err = 46.280000,	Top-5 err = 28.710000,	train_time = 16.615453
TRAIN Iter 138: loss = 0.002682,	Top-1 err = 50.690000,	Top-5 err = 31.680000,	train_time = 15.127279
TRAIN Iter 139: loss = 0.002682,	Top-1 err = 54.790000,	Top-5 err = 36.850000,	train_time = 15.980763
TRAIN Iter 140: loss = 0.002680,	Top-1 err = 49.230000,	Top-5 err = 31.230000,	train_time = 15.588875
TRAIN Iter 141: loss = 0.002656,	Top-1 err = 45.180000,	Top-5 err = 28.530000,	train_time = 14.882682
TRAIN Iter 142: loss = 0.002638,	Top-1 err = 42.460000,	Top-5 err = 24.050000,	train_time = 14.686412
TRAIN Iter 143: loss = 0.002687,	Top-1 err = 48.390000,	Top-5 err = 28.940000,	train_time = 15.452818
TRAIN Iter 144: loss = 0.002641,	Top-1 err = 47.110000,	Top-5 err = 28.070000,	train_time = 15.033668
TRAIN Iter 145: loss = 0.002634,	Top-1 err = 42.230000,	Top-5 err = 25.500000,	train_time = 16.152652
TRAIN Iter 146: loss = 0.002612,	Top-1 err = 42.530000,	Top-5 err = 25.690000,	train_time = 14.825079
TRAIN Iter 147: loss = 0.002649,	Top-1 err = 44.620000,	Top-5 err = 28.080000,	train_time = 15.267802
TRAIN Iter 148: loss = 0.002657,	Top-1 err = 45.640000,	Top-5 err = 27.080000,	train_time = 14.837204
TRAIN Iter 149: loss = 0.002605,	Top-1 err = 47.180000,	Top-5 err = 30.610000,	train_time = 16.260526
TRAIN Iter 150: loss = 0.002641,	Top-1 err = 46.040000,	Top-5 err = 28.570000,	train_time = 15.628567
TRAIN Iter 151: loss = 0.002624,	Top-1 err = 43.720000,	Top-5 err = 25.950000,	train_time = 15.344287
TRAIN Iter 152: loss = 0.002640,	Top-1 err = 48.190000,	Top-5 err = 31.000000,	train_time = 15.500754
TRAIN Iter 153: loss = 0.002590,	Top-1 err = 44.810000,	Top-5 err = 26.700000,	train_time = 15.749447
TRAIN Iter 154: loss = 0.002568,	Top-1 err = 42.140000,	Top-5 err = 25.230000,	train_time = 15.035487
TRAIN Iter 155: loss = 0.002648,	Top-1 err = 50.100000,	Top-5 err = 32.250000,	train_time = 15.341285
TRAIN Iter 156: loss = 0.002579,	Top-1 err = 44.520000,	Top-5 err = 27.510000,	train_time = 14.854717
TRAIN Iter 157: loss = 0.002555,	Top-1 err = 42.370000,	Top-5 err = 25.660000,	train_time = 14.939405
TRAIN Iter 158: loss = 0.002601,	Top-1 err = 42.680000,	Top-5 err = 24.800000,	train_time = 15.322598
TRAIN Iter 159: loss = 0.002578,	Top-1 err = 44.960000,	Top-5 err = 26.230000,	train_time = 14.884148
TRAIN Iter 160: loss = 0.002585,	Top-1 err = 52.630000,	Top-5 err = 33.530000,	train_time = 16.278652
TRAIN Iter 161: loss = 0.002533,	Top-1 err = 43.690000,	Top-5 err = 25.680000,	train_time = 15.480481
TRAIN Iter 162: loss = 0.002577,	Top-1 err = 50.580000,	Top-5 err = 34.020000,	train_time = 15.740376
TRAIN Iter 163: loss = 0.002536,	Top-1 err = 49.420000,	Top-5 err = 31.790000,	train_time = 14.999012
TRAIN Iter 164: loss = 0.002555,	Top-1 err = 45.730000,	Top-5 err = 25.930000,	train_time = 15.881501
TRAIN Iter 165: loss = 0.002534,	Top-1 err = 40.820000,	Top-5 err = 23.800000,	train_time = 15.628952
TRAIN Iter 166: loss = 0.002528,	Top-1 err = 46.150000,	Top-5 err = 29.320000,	train_time = 15.323198
TRAIN Iter 167: loss = 0.002551,	Top-1 err = 42.800000,	Top-5 err = 26.020000,	train_time = 14.939357
TRAIN Iter 168: loss = 0.002498,	Top-1 err = 44.390000,	Top-5 err = 26.890000,	train_time = 15.137133
TRAIN Iter 169: loss = 0.002524,	Top-1 err = 51.850000,	Top-5 err = 34.650000,	train_time = 14.786252
TRAIN Iter 170: loss = 0.002509,	Top-1 err = 43.810000,	Top-5 err = 25.700000,	train_time = 15.122523
TRAIN Iter 171: loss = 0.002489,	Top-1 err = 47.020000,	Top-5 err = 30.000000,	train_time = 14.944464
TRAIN Iter 172: loss = 0.002488,	Top-1 err = 43.970000,	Top-5 err = 27.350000,	train_time = 15.762650
TRAIN Iter 173: loss = 0.002479,	Top-1 err = 45.340000,	Top-5 err = 28.240000,	train_time = 15.193136
TRAIN Iter 174: loss = 0.002498,	Top-1 err = 44.790000,	Top-5 err = 26.600000,	train_time = 14.994910
TRAIN Iter 175: loss = 0.002520,	Top-1 err = 48.330000,	Top-5 err = 30.560000,	train_time = 16.192622
TRAIN Iter 176: loss = 0.002475,	Top-1 err = 44.700000,	Top-5 err = 27.900000,	train_time = 15.086606
TRAIN Iter 177: loss = 0.002536,	Top-1 err = 46.760000,	Top-5 err = 28.420000,	train_time = 15.008617
TRAIN Iter 178: loss = 0.002502,	Top-1 err = 47.580000,	Top-5 err = 28.460000,	train_time = 14.883742
TRAIN Iter 179: loss = 0.002463,	Top-1 err = 43.200000,	Top-5 err = 26.650000,	train_time = 15.454359
TRAIN Iter 180: loss = 0.002485,	Top-1 err = 48.470000,	Top-5 err = 31.450000,	train_time = 14.832815
TRAIN Iter 181: loss = 0.002479,	Top-1 err = 45.090000,	Top-5 err = 28.390000,	train_time = 16.360502
TRAIN Iter 182: loss = 0.002428,	Top-1 err = 49.690000,	Top-5 err = 32.500000,	train_time = 14.868538
TRAIN Iter 183: loss = 0.002479,	Top-1 err = 43.630000,	Top-5 err = 27.440000,	train_time = 16.223079
TRAIN Iter 184: loss = 0.002434,	Top-1 err = 46.520000,	Top-5 err = 29.000000,	train_time = 14.669623
TRAIN Iter 185: loss = 0.002526,	Top-1 err = 52.020000,	Top-5 err = 33.270000,	train_time = 14.859698
TRAIN Iter 186: loss = 0.002482,	Top-1 err = 48.800000,	Top-5 err = 32.020000,	train_time = 16.083915
TRAIN Iter 187: loss = 0.002411,	Top-1 err = 40.070000,	Top-5 err = 22.720000,	train_time = 15.194014
TRAIN Iter 188: loss = 0.002425,	Top-1 err = 47.090000,	Top-5 err = 29.950000,	train_time = 15.376518
TRAIN Iter 189: loss = 0.002469,	Top-1 err = 47.690000,	Top-5 err = 29.940000,	train_time = 16.288503
TRAIN Iter 190: loss = 0.002474,	Top-1 err = 44.150000,	Top-5 err = 26.770000,	train_time = 14.900183
TRAIN Iter 191: loss = 0.002425,	Top-1 err = 46.650000,	Top-5 err = 29.210000,	train_time = 15.076346
TRAIN Iter 192: loss = 0.002460,	Top-1 err = 48.200000,	Top-5 err = 29.180000,	train_time = 15.086857
TRAIN Iter 193: loss = 0.002408,	Top-1 err = 47.380000,	Top-5 err = 31.040000,	train_time = 14.909756
TRAIN Iter 194: loss = 0.002421,	Top-1 err = 55.520000,	Top-5 err = 38.010000,	train_time = 15.569534
TRAIN Iter 195: loss = 0.002417,	Top-1 err = 46.030000,	Top-5 err = 28.720000,	train_time = 15.032847
TRAIN Iter 196: loss = 0.002400,	Top-1 err = 42.000000,	Top-5 err = 26.250000,	train_time = 15.203929
TRAIN Iter 197: loss = 0.002426,	Top-1 err = 50.220000,	Top-5 err = 32.940000,	train_time = 14.921362
TRAIN Iter 198: loss = 0.002393,	Top-1 err = 43.150000,	Top-5 err = 26.250000,	train_time = 16.008152
TRAIN Iter 199: loss = 0.002379,	Top-1 err = 42.340000,	Top-5 err = 26.340000,	train_time = 15.568093
TRAIN Iter 200: loss = 0.002400,	Top-1 err = 49.060000,	Top-5 err = 32.110000,	train_time = 14.881536
TRAIN Iter 201: loss = 0.002454,	Top-1 err = 49.780000,	Top-5 err = 30.560000,	train_time = 16.130633
TRAIN Iter 202: loss = 0.002365,	Top-1 err = 44.950000,	Top-5 err = 28.730000,	train_time = 14.835384
TRAIN Iter 203: loss = 0.002391,	Top-1 err = 44.390000,	Top-5 err = 26.820000,	train_time = 15.976544
TRAIN Iter 204: loss = 0.002403,	Top-1 err = 51.180000,	Top-5 err = 33.350000,	train_time = 14.649769
TRAIN Iter 205: loss = 0.002378,	Top-1 err = 44.580000,	Top-5 err = 27.710000,	train_time = 15.560150
TRAIN Iter 206: loss = 0.002369,	Top-1 err = 46.550000,	Top-5 err = 29.160000,	train_time = 15.179527
TRAIN Iter 207: loss = 0.002403,	Top-1 err = 49.180000,	Top-5 err = 29.240000,	train_time = 15.319278
TRAIN Iter 208: loss = 0.002367,	Top-1 err = 44.680000,	Top-5 err = 28.440000,	train_time = 16.011681
TRAIN Iter 209: loss = 0.002355,	Top-1 err = 40.750000,	Top-5 err = 23.880000,	train_time = 14.919889
TRAIN Iter 210: loss = 0.002404,	Top-1 err = 47.910000,	Top-5 err = 29.860000,	train_time = 15.728929
TRAIN Iter 211: loss = 0.002420,	Top-1 err = 51.100000,	Top-5 err = 31.430000,	train_time = 15.194378
TRAIN Iter 212: loss = 0.002331,	Top-1 err = 44.010000,	Top-5 err = 28.480000,	train_time = 14.677217
TRAIN Iter 213: loss = 0.002376,	Top-1 err = 47.020000,	Top-5 err = 29.470000,	train_time = 15.175659
TRAIN Iter 214: loss = 0.002357,	Top-1 err = 44.810000,	Top-5 err = 27.680000,	train_time = 15.164670
TRAIN Iter 215: loss = 0.002349,	Top-1 err = 46.300000,	Top-5 err = 28.210000,	train_time = 15.953061
TRAIN Iter 216: loss = 0.002386,	Top-1 err = 47.220000,	Top-5 err = 28.400000,	train_time = 14.835238
TRAIN Iter 217: loss = 0.002300,	Top-1 err = 38.420000,	Top-5 err = 22.060000,	train_time = 15.310783
TRAIN Iter 218: loss = 0.002330,	Top-1 err = 42.830000,	Top-5 err = 26.750000,	train_time = 15.054926
TRAIN Iter 219: loss = 0.002347,	Top-1 err = 48.970000,	Top-5 err = 32.640000,	train_time = 15.193406
TRAIN Iter 220: loss = 0.002348,	Top-1 err = 48.550000,	Top-5 err = 30.570000,	train_time = 16.216672
TRAIN Iter 221: loss = 0.002345,	Top-1 err = 50.470000,	Top-5 err = 31.840000,	train_time = 15.432643
TRAIN Iter 222: loss = 0.002302,	Top-1 err = 45.680000,	Top-5 err = 27.680000,	train_time = 15.426982
TRAIN Iter 223: loss = 0.002353,	Top-1 err = 43.650000,	Top-5 err = 25.740000,	train_time = 14.861122
TRAIN Iter 224: loss = 0.002358,	Top-1 err = 47.310000,	Top-5 err = 30.440000,	train_time = 15.998152
TRAIN Iter 225: loss = 0.002339,	Top-1 err = 49.380000,	Top-5 err = 33.200000,	train_time = 14.714000
TRAIN Iter 226: loss = 0.002294,	Top-1 err = 45.010000,	Top-5 err = 27.540000,	train_time = 15.294520
TRAIN Iter 227: loss = 0.002354,	Top-1 err = 51.890000,	Top-5 err = 33.800000,	train_time = 14.906655
TRAIN Iter 228: loss = 0.002287,	Top-1 err = 42.200000,	Top-5 err = 26.190000,	train_time = 15.121392
TRAIN Iter 229: loss = 0.002331,	Top-1 err = 48.840000,	Top-5 err = 32.000000,	train_time = 16.227937
TRAIN Iter 230: loss = 0.002313,	Top-1 err = 41.120000,	Top-5 err = 24.310000,	train_time = 15.348568
TRAIN Iter 231: loss = 0.002348,	Top-1 err = 47.480000,	Top-5 err = 29.340000,	train_time = 14.997715
TRAIN Iter 232: loss = 0.002317,	Top-1 err = 49.610000,	Top-5 err = 32.190000,	train_time = 14.966781
TRAIN Iter 233: loss = 0.002316,	Top-1 err = 45.360000,	Top-5 err = 27.620000,	train_time = 15.952352
TRAIN Iter 234: loss = 0.002314,	Top-1 err = 49.950000,	Top-5 err = 32.210000,	train_time = 14.922105
TRAIN Iter 235: loss = 0.002285,	Top-1 err = 42.670000,	Top-5 err = 26.260000,	train_time = 16.441756
TRAIN Iter 236: loss = 0.002273,	Top-1 err = 46.340000,	Top-5 err = 29.850000,	train_time = 14.723347
TRAIN Iter 237: loss = 0.002237,	Top-1 err = 41.960000,	Top-5 err = 26.290000,	train_time = 16.253943
TRAIN Iter 238: loss = 0.002294,	Top-1 err = 45.310000,	Top-5 err = 28.620000,	train_time = 15.455573
TRAIN Iter 239: loss = 0.002269,	Top-1 err = 46.390000,	Top-5 err = 30.750000,	train_time = 14.919127
TRAIN Iter 240: loss = 0.002297,	Top-1 err = 44.800000,	Top-5 err = 27.280000,	train_time = 15.809086
TRAIN Iter 241: loss = 0.002214,	Top-1 err = 37.540000,	Top-5 err = 21.080000,	train_time = 15.557025
TRAIN Iter 242: loss = 0.002267,	Top-1 err = 46.490000,	Top-5 err = 29.000000,	train_time = 14.881676
TRAIN Iter 243: loss = 0.002272,	Top-1 err = 48.680000,	Top-5 err = 31.420000,	train_time = 14.915224
TRAIN Iter 244: loss = 0.002267,	Top-1 err = 50.320000,	Top-5 err = 32.920000,	train_time = 15.352563
TRAIN Iter 245: loss = 0.002216,	Top-1 err = 43.890000,	Top-5 err = 27.020000,	train_time = 15.162864
TRAIN Iter 246: loss = 0.002274,	Top-1 err = 45.090000,	Top-5 err = 25.870000,	train_time = 15.737281
TRAIN Iter 247: loss = 0.002241,	Top-1 err = 49.220000,	Top-5 err = 33.350000,	train_time = 14.894392
TRAIN Iter 248: loss = 0.002253,	Top-1 err = 42.650000,	Top-5 err = 25.490000,	train_time = 14.847546
TRAIN Iter 249: loss = 0.002273,	Top-1 err = 48.530000,	Top-5 err = 30.880000,	train_time = 16.144652
TEST:
Iter 249: loss = 1.895825,	Top-1 err = 44.170000,	Top-5 err = 20.140000,	val_time = 2.983022
TRAIN Iter 250: loss = 0.002256,	Top-1 err = 46.210000,	Top-5 err = 29.930000,	train_time = 15.031016
TRAIN Iter 251: loss = 0.002225,	Top-1 err = 46.360000,	Top-5 err = 28.330000,	train_time = 14.759897
TRAIN Iter 252: loss = 0.002260,	Top-1 err = 47.770000,	Top-5 err = 29.800000,	train_time = 15.947128
TRAIN Iter 253: loss = 0.002253,	Top-1 err = 44.120000,	Top-5 err = 27.090000,	train_time = 14.928179
TRAIN Iter 254: loss = 0.002243,	Top-1 err = 44.820000,	Top-5 err = 27.580000,	train_time = 15.094913
TRAIN Iter 255: loss = 0.002224,	Top-1 err = 38.270000,	Top-5 err = 22.650000,	train_time = 15.343894
TRAIN Iter 256: loss = 0.002255,	Top-1 err = 44.030000,	Top-5 err = 26.340000,	train_time = 14.912083
TRAIN Iter 257: loss = 0.002238,	Top-1 err = 43.810000,	Top-5 err = 26.910000,	train_time = 15.670030
TRAIN Iter 258: loss = 0.002331,	Top-1 err = 53.950000,	Top-5 err = 34.330000,	train_time = 15.047909
TRAIN Iter 259: loss = 0.002224,	Top-1 err = 48.600000,	Top-5 err = 32.230000,	train_time = 15.689206
TEST:
Iter 259: loss = 1.915279,	Top-1 err = 44.650000,	Top-5 err = 20.250000,	val_time = 3.152758
TRAIN Iter 260: loss = 0.002248,	Top-1 err = 45.120000,	Top-5 err = 28.300000,	train_time = 15.461927
TRAIN Iter 261: loss = 0.002214,	Top-1 err = 46.290000,	Top-5 err = 29.560000,	train_time = 14.832640
TRAIN Iter 262: loss = 0.002225,	Top-1 err = 48.600000,	Top-5 err = 31.320000,	train_time = 16.174584
TRAIN Iter 263: loss = 0.002222,	Top-1 err = 43.930000,	Top-5 err = 26.710000,	train_time = 15.007677
TRAIN Iter 264: loss = 0.002253,	Top-1 err = 51.410000,	Top-5 err = 32.830000,	train_time = 16.350632
TRAIN Iter 265: loss = 0.002225,	Top-1 err = 43.040000,	Top-5 err = 26.140000,	train_time = 14.639545
TRAIN Iter 266: loss = 0.002263,	Top-1 err = 45.360000,	Top-5 err = 27.590000,	train_time = 16.272136
TRAIN Iter 267: loss = 0.002193,	Top-1 err = 46.880000,	Top-5 err = 29.790000,	train_time = 15.179077
TRAIN Iter 268: loss = 0.002227,	Top-1 err = 44.580000,	Top-5 err = 26.790000,	train_time = 14.920470
TRAIN Iter 269: loss = 0.002171,	Top-1 err = 42.630000,	Top-5 err = 25.930000,	train_time = 15.339941
TEST:
Iter 269: loss = 1.865223,	Top-1 err = 43.540000,	Top-5 err = 19.760000,	val_time = 2.881949
TRAIN Iter 270: loss = 0.002156,	Top-1 err = 43.070000,	Top-5 err = 27.560000,	train_time = 15.175845
TRAIN Iter 271: loss = 0.002170,	Top-1 err = 42.920000,	Top-5 err = 25.800000,	train_time = 14.849011
TRAIN Iter 272: loss = 0.002208,	Top-1 err = 42.260000,	Top-5 err = 24.470000,	train_time = 16.042028
TRAIN Iter 273: loss = 0.002149,	Top-1 err = 40.380000,	Top-5 err = 24.790000,	train_time = 15.386480
TRAIN Iter 274: loss = 0.002219,	Top-1 err = 50.010000,	Top-5 err = 32.050000,	train_time = 15.167484
TRAIN Iter 275: loss = 0.002168,	Top-1 err = 43.310000,	Top-5 err = 26.510000,	train_time = 14.877097
TRAIN Iter 276: loss = 0.002216,	Top-1 err = 44.950000,	Top-5 err = 27.900000,	train_time = 16.523913
TRAIN Iter 277: loss = 0.002218,	Top-1 err = 54.020000,	Top-5 err = 35.600000,	train_time = 14.949584
TRAIN Iter 278: loss = 0.002167,	Top-1 err = 47.570000,	Top-5 err = 29.840000,	train_time = 14.848505
TRAIN Iter 279: loss = 0.002183,	Top-1 err = 43.470000,	Top-5 err = 25.490000,	train_time = 14.973610
TEST:
Iter 279: loss = 1.865270,	Top-1 err = 43.530000,	Top-5 err = 19.610000,	val_time = 2.965395
TRAIN Iter 280: loss = 0.002164,	Top-1 err = 41.020000,	Top-5 err = 25.360000,	train_time = 15.139410
TRAIN Iter 281: loss = 0.002159,	Top-1 err = 42.300000,	Top-5 err = 25.850000,	train_time = 15.028235
TRAIN Iter 282: loss = 0.002169,	Top-1 err = 47.730000,	Top-5 err = 31.290000,	train_time = 15.148986
TRAIN Iter 283: loss = 0.002194,	Top-1 err = 43.810000,	Top-5 err = 25.930000,	train_time = 16.579092
TRAIN Iter 284: loss = 0.002165,	Top-1 err = 45.230000,	Top-5 err = 27.020000,	train_time = 14.796529
TRAIN Iter 285: loss = 0.002146,	Top-1 err = 43.610000,	Top-5 err = 26.780000,	train_time = 15.139948
TRAIN Iter 286: loss = 0.002200,	Top-1 err = 48.080000,	Top-5 err = 30.210000,	train_time = 15.149182
TRAIN Iter 287: loss = 0.002188,	Top-1 err = 49.070000,	Top-5 err = 31.020000,	train_time = 15.179528
TRAIN Iter 288: loss = 0.002150,	Top-1 err = 46.400000,	Top-5 err = 29.160000,	train_time = 16.269150
TRAIN Iter 289: loss = 0.002163,	Top-1 err = 47.330000,	Top-5 err = 29.210000,	train_time = 14.906863
TEST:
Iter 289: loss = 1.866223,	Top-1 err = 43.580000,	Top-5 err = 19.680000,	val_time = 3.360632
TRAIN Iter 290: loss = 0.002191,	Top-1 err = 50.180000,	Top-5 err = 32.220000,	train_time = 15.370712
TRAIN Iter 291: loss = 0.002146,	Top-1 err = 49.880000,	Top-5 err = 34.140000,	train_time = 15.023968
TRAIN Iter 292: loss = 0.002141,	Top-1 err = 39.220000,	Top-5 err = 21.820000,	train_time = 14.990028
TRAIN Iter 293: loss = 0.002132,	Top-1 err = 40.830000,	Top-5 err = 25.120000,	train_time = 16.428642
TRAIN Iter 294: loss = 0.002125,	Top-1 err = 45.970000,	Top-5 err = 28.720000,	train_time = 14.719702
TRAIN Iter 295: loss = 0.002115,	Top-1 err = 44.620000,	Top-5 err = 28.700000,	train_time = 16.086878
TRAIN Iter 296: loss = 0.002171,	Top-1 err = 43.990000,	Top-5 err = 26.020000,	train_time = 15.613957
TRAIN Iter 297: loss = 0.002178,	Top-1 err = 45.220000,	Top-5 err = 27.000000,	train_time = 14.903718
TRAIN Iter 298: loss = 0.002148,	Top-1 err = 43.090000,	Top-5 err = 25.140000,	train_time = 16.211264
TRAIN Iter 299: loss = 0.002109,	Top-1 err = 43.610000,	Top-5 err = 27.340000,	train_time = 15.465632
TEST:
Iter 299: loss = 1.857741,	Top-1 err = 43.470000,	Top-5 err = 19.790000,	val_time = 2.851854
Train Finish! Best accuracy is 56.53@299
