=> using pytorch pre-trained teacher model 'conv4'
process data from /home/dvspanos/nikos/ca2d/artifacts/rded_sets/tin_rcad_ipc10
load data successfully
TRAIN Iter 0: loss = 0.022381,	Top-1 err = 99.050000,	Top-5 err = 95.800000,	train_time = 3.665004
TRAIN Iter 1: loss = 0.017938,	Top-1 err = 97.300000,	Top-5 err = 90.200000,	train_time = 2.182876
TRAIN Iter 2: loss = 0.015442,	Top-1 err = 96.250000,	Top-5 err = 87.550000,	train_time = 2.256464
TRAIN Iter 3: loss = 0.014867,	Top-1 err = 94.600000,	Top-5 err = 82.850000,	train_time = 2.273358
TRAIN Iter 4: loss = 0.013275,	Top-1 err = 92.550000,	Top-5 err = 79.350000,	train_time = 2.258059
TRAIN Iter 5: loss = 0.012608,	Top-1 err = 89.450000,	Top-5 err = 71.350000,	train_time = 2.279333
TRAIN Iter 6: loss = 0.012533,	Top-1 err = 86.350000,	Top-5 err = 65.950000,	train_time = 2.261277
TRAIN Iter 7: loss = 0.011460,	Top-1 err = 82.800000,	Top-5 err = 58.100000,	train_time = 2.239453
TRAIN Iter 8: loss = 0.010911,	Top-1 err = 84.700000,	Top-5 err = 61.950000,	train_time = 2.272268
TRAIN Iter 9: loss = 0.010898,	Top-1 err = 82.450000,	Top-5 err = 57.450000,	train_time = 2.311214
TRAIN Iter 10: loss = 0.010290,	Top-1 err = 82.650000,	Top-5 err = 59.350000,	train_time = 2.301040
TRAIN Iter 11: loss = 0.009991,	Top-1 err = 81.350000,	Top-5 err = 55.300000,	train_time = 2.273742
TRAIN Iter 12: loss = 0.010025,	Top-1 err = 78.150000,	Top-5 err = 54.950000,	train_time = 2.275841
TRAIN Iter 13: loss = 0.009963,	Top-1 err = 72.850000,	Top-5 err = 43.650000,	train_time = 2.297883
TRAIN Iter 14: loss = 0.009499,	Top-1 err = 76.700000,	Top-5 err = 51.750000,	train_time = 2.241978
TRAIN Iter 15: loss = 0.008846,	Top-1 err = 74.150000,	Top-5 err = 46.650000,	train_time = 2.265326
TRAIN Iter 16: loss = 0.009325,	Top-1 err = 75.950000,	Top-5 err = 52.950000,	train_time = 2.257131
TRAIN Iter 17: loss = 0.008819,	Top-1 err = 76.000000,	Top-5 err = 51.250000,	train_time = 2.251730
TRAIN Iter 18: loss = 0.009066,	Top-1 err = 74.100000,	Top-5 err = 50.650000,	train_time = 2.273162
TRAIN Iter 19: loss = 0.008814,	Top-1 err = 66.500000,	Top-5 err = 38.350000,	train_time = 2.234740
TRAIN Iter 20: loss = 0.008306,	Top-1 err = 74.100000,	Top-5 err = 51.000000,	train_time = 2.210551
TRAIN Iter 21: loss = 0.007782,	Top-1 err = 72.700000,	Top-5 err = 45.100000,	train_time = 2.272624
TRAIN Iter 22: loss = 0.008126,	Top-1 err = 74.900000,	Top-5 err = 52.000000,	train_time = 2.277327
TRAIN Iter 23: loss = 0.007820,	Top-1 err = 67.300000,	Top-5 err = 41.450000,	train_time = 2.281798
TRAIN Iter 24: loss = 0.007999,	Top-1 err = 69.150000,	Top-5 err = 42.700000,	train_time = 2.312989
TRAIN Iter 25: loss = 0.007616,	Top-1 err = 67.500000,	Top-5 err = 42.150000,	train_time = 2.274405
TRAIN Iter 26: loss = 0.007449,	Top-1 err = 62.100000,	Top-5 err = 35.850000,	train_time = 1.858955
TRAIN Iter 27: loss = 0.007005,	Top-1 err = 75.600000,	Top-5 err = 53.400000,	train_time = 2.265532
TRAIN Iter 28: loss = 0.007297,	Top-1 err = 64.050000,	Top-5 err = 36.450000,	train_time = 2.322530
TRAIN Iter 29: loss = 0.007041,	Top-1 err = 70.000000,	Top-5 err = 46.550000,	train_time = 2.290557
TRAIN Iter 30: loss = 0.007149,	Top-1 err = 64.650000,	Top-5 err = 39.300000,	train_time = 2.285409
TRAIN Iter 31: loss = 0.006690,	Top-1 err = 70.950000,	Top-5 err = 46.750000,	train_time = 2.306509
TRAIN Iter 32: loss = 0.006679,	Top-1 err = 65.750000,	Top-5 err = 41.150000,	train_time = 2.312050
TRAIN Iter 33: loss = 0.006548,	Top-1 err = 65.850000,	Top-5 err = 40.550000,	train_time = 2.285094
TRAIN Iter 34: loss = 0.006858,	Top-1 err = 58.100000,	Top-5 err = 34.900000,	train_time = 2.252194
TRAIN Iter 35: loss = 0.006625,	Top-1 err = 65.650000,	Top-5 err = 41.300000,	train_time = 2.262530
TRAIN Iter 36: loss = 0.006366,	Top-1 err = 65.650000,	Top-5 err = 41.050000,	train_time = 2.258143
TRAIN Iter 37: loss = 0.006510,	Top-1 err = 61.900000,	Top-5 err = 41.900000,	train_time = 2.307479
TRAIN Iter 38: loss = 0.006384,	Top-1 err = 63.850000,	Top-5 err = 38.950000,	train_time = 2.280894
TRAIN Iter 39: loss = 0.006225,	Top-1 err = 60.200000,	Top-5 err = 34.900000,	train_time = 2.248903
TRAIN Iter 40: loss = 0.006304,	Top-1 err = 73.800000,	Top-5 err = 53.550000,	train_time = 2.298737
TRAIN Iter 41: loss = 0.006590,	Top-1 err = 58.250000,	Top-5 err = 33.850000,	train_time = 2.284360
TRAIN Iter 42: loss = 0.006343,	Top-1 err = 50.850000,	Top-5 err = 23.950000,	train_time = 2.242860
TRAIN Iter 43: loss = 0.006055,	Top-1 err = 68.350000,	Top-5 err = 47.550000,	train_time = 2.326694
TRAIN Iter 44: loss = 0.005834,	Top-1 err = 70.050000,	Top-5 err = 47.550000,	train_time = 2.290482
TRAIN Iter 45: loss = 0.006005,	Top-1 err = 55.100000,	Top-5 err = 31.350000,	train_time = 2.288790
TRAIN Iter 46: loss = 0.005833,	Top-1 err = 60.750000,	Top-5 err = 38.100000,	train_time = 2.260026
TRAIN Iter 47: loss = 0.006026,	Top-1 err = 61.450000,	Top-5 err = 38.500000,	train_time = 2.276903
TRAIN Iter 48: loss = 0.006081,	Top-1 err = 63.450000,	Top-5 err = 40.300000,	train_time = 2.218762
TRAIN Iter 49: loss = 0.005608,	Top-1 err = 55.200000,	Top-5 err = 31.200000,	train_time = 2.289142
TRAIN Iter 50: loss = 0.005616,	Top-1 err = 67.100000,	Top-5 err = 44.950000,	train_time = 2.296009
TRAIN Iter 51: loss = 0.005580,	Top-1 err = 66.900000,	Top-5 err = 44.000000,	train_time = 2.310462
TRAIN Iter 52: loss = 0.005640,	Top-1 err = 57.950000,	Top-5 err = 35.600000,	train_time = 2.264488
TRAIN Iter 53: loss = 0.005441,	Top-1 err = 62.350000,	Top-5 err = 40.650000,	train_time = 2.298277
TRAIN Iter 54: loss = 0.005442,	Top-1 err = 42.850000,	Top-5 err = 19.100000,	train_time = 2.316139
TRAIN Iter 55: loss = 0.005176,	Top-1 err = 67.550000,	Top-5 err = 44.800000,	train_time = 2.266146
TRAIN Iter 56: loss = 0.005209,	Top-1 err = 65.100000,	Top-5 err = 41.800000,	train_time = 2.252937
TRAIN Iter 57: loss = 0.005215,	Top-1 err = 54.850000,	Top-5 err = 30.900000,	train_time = 2.298739
TRAIN Iter 58: loss = 0.005119,	Top-1 err = 63.050000,	Top-5 err = 38.800000,	train_time = 2.315769
TRAIN Iter 59: loss = 0.005176,	Top-1 err = 58.200000,	Top-5 err = 33.750000,	train_time = 2.322496
TRAIN Iter 60: loss = 0.005063,	Top-1 err = 54.650000,	Top-5 err = 30.750000,	train_time = 2.298716
TRAIN Iter 61: loss = 0.005078,	Top-1 err = 56.100000,	Top-5 err = 30.050000,	train_time = 2.293705
TRAIN Iter 62: loss = 0.005069,	Top-1 err = 46.950000,	Top-5 err = 25.350000,	train_time = 2.296829
TRAIN Iter 63: loss = 0.005139,	Top-1 err = 47.400000,	Top-5 err = 24.250000,	train_time = 2.343419
TRAIN Iter 64: loss = 0.004894,	Top-1 err = 53.250000,	Top-5 err = 32.100000,	train_time = 2.319315
TRAIN Iter 65: loss = 0.004947,	Top-1 err = 51.650000,	Top-5 err = 29.500000,	train_time = 2.280410
TRAIN Iter 66: loss = 0.004870,	Top-1 err = 49.850000,	Top-5 err = 26.500000,	train_time = 2.309740
TRAIN Iter 67: loss = 0.004893,	Top-1 err = 58.600000,	Top-5 err = 34.500000,	train_time = 2.306478
TRAIN Iter 68: loss = 0.005083,	Top-1 err = 54.500000,	Top-5 err = 34.350000,	train_time = 2.299293
TRAIN Iter 69: loss = 0.004898,	Top-1 err = 61.550000,	Top-5 err = 38.450000,	train_time = 2.300884
TRAIN Iter 70: loss = 0.004647,	Top-1 err = 60.300000,	Top-5 err = 35.150000,	train_time = 2.314841
TRAIN Iter 71: loss = 0.004763,	Top-1 err = 54.250000,	Top-5 err = 32.050000,	train_time = 2.308810
TRAIN Iter 72: loss = 0.004862,	Top-1 err = 59.850000,	Top-5 err = 36.550000,	train_time = 2.323300
TRAIN Iter 73: loss = 0.004809,	Top-1 err = 46.150000,	Top-5 err = 24.200000,	train_time = 2.273654
TRAIN Iter 74: loss = 0.004968,	Top-1 err = 47.800000,	Top-5 err = 25.600000,	train_time = 2.288996
TRAIN Iter 75: loss = 0.004658,	Top-1 err = 54.050000,	Top-5 err = 31.050000,	train_time = 2.330302
TRAIN Iter 76: loss = 0.004747,	Top-1 err = 68.400000,	Top-5 err = 44.950000,	train_time = 2.327583
TRAIN Iter 77: loss = 0.004741,	Top-1 err = 51.750000,	Top-5 err = 29.850000,	train_time = 2.299492
TRAIN Iter 78: loss = 0.004654,	Top-1 err = 62.100000,	Top-5 err = 40.850000,	train_time = 2.311425
TRAIN Iter 79: loss = 0.004706,	Top-1 err = 60.200000,	Top-5 err = 38.550000,	train_time = 2.320879
TRAIN Iter 80: loss = 0.004507,	Top-1 err = 55.900000,	Top-5 err = 32.950000,	train_time = 2.257954
TRAIN Iter 81: loss = 0.004567,	Top-1 err = 62.550000,	Top-5 err = 43.000000,	train_time = 2.288624
TRAIN Iter 82: loss = 0.004453,	Top-1 err = 52.550000,	Top-5 err = 29.750000,	train_time = 2.312983
TRAIN Iter 83: loss = 0.004569,	Top-1 err = 63.200000,	Top-5 err = 40.700000,	train_time = 2.301990
TRAIN Iter 84: loss = 0.004432,	Top-1 err = 51.550000,	Top-5 err = 29.000000,	train_time = 2.275805
TRAIN Iter 85: loss = 0.004496,	Top-1 err = 63.500000,	Top-5 err = 43.300000,	train_time = 2.303857
TRAIN Iter 86: loss = 0.004422,	Top-1 err = 49.050000,	Top-5 err = 27.900000,	train_time = 2.312847
TRAIN Iter 87: loss = 0.004510,	Top-1 err = 65.050000,	Top-5 err = 45.300000,	train_time = 2.271205
TRAIN Iter 88: loss = 0.004375,	Top-1 err = 58.650000,	Top-5 err = 34.750000,	train_time = 2.321872
TRAIN Iter 89: loss = 0.004295,	Top-1 err = 57.900000,	Top-5 err = 34.450000,	train_time = 2.324316
TRAIN Iter 90: loss = 0.004194,	Top-1 err = 54.250000,	Top-5 err = 34.200000,	train_time = 2.327926
TRAIN Iter 91: loss = 0.004268,	Top-1 err = 56.350000,	Top-5 err = 36.900000,	train_time = 2.286954
TRAIN Iter 92: loss = 0.004195,	Top-1 err = 57.900000,	Top-5 err = 35.200000,	train_time = 2.271166
TRAIN Iter 93: loss = 0.004245,	Top-1 err = 54.050000,	Top-5 err = 33.600000,	train_time = 2.317888
TRAIN Iter 94: loss = 0.004284,	Top-1 err = 49.200000,	Top-5 err = 28.150000,	train_time = 2.329444
TRAIN Iter 95: loss = 0.004453,	Top-1 err = 49.650000,	Top-5 err = 27.700000,	train_time = 2.332532
TRAIN Iter 96: loss = 0.004315,	Top-1 err = 54.950000,	Top-5 err = 31.200000,	train_time = 2.372104
TRAIN Iter 97: loss = 0.004342,	Top-1 err = 58.750000,	Top-5 err = 38.950000,	train_time = 2.314682
TRAIN Iter 98: loss = 0.004148,	Top-1 err = 37.350000,	Top-5 err = 14.800000,	train_time = 2.286191
TRAIN Iter 99: loss = 0.004141,	Top-1 err = 52.000000,	Top-5 err = 32.600000,	train_time = 2.308485
TRAIN Iter 100: loss = 0.004111,	Top-1 err = 59.850000,	Top-5 err = 36.650000,	train_time = 2.336205
TRAIN Iter 101: loss = 0.004156,	Top-1 err = 58.550000,	Top-5 err = 37.350000,	train_time = 2.342876
TRAIN Iter 102: loss = 0.004105,	Top-1 err = 63.850000,	Top-5 err = 42.100000,	train_time = 2.337544
TRAIN Iter 103: loss = 0.004071,	Top-1 err = 46.250000,	Top-5 err = 26.200000,	train_time = 2.342043
TRAIN Iter 104: loss = 0.004219,	Top-1 err = 67.850000,	Top-5 err = 50.150000,	train_time = 2.313535
TRAIN Iter 105: loss = 0.004127,	Top-1 err = 55.600000,	Top-5 err = 35.500000,	train_time = 2.179016
TRAIN Iter 106: loss = 0.003974,	Top-1 err = 52.450000,	Top-5 err = 29.150000,	train_time = 2.320396
TRAIN Iter 107: loss = 0.004049,	Top-1 err = 55.700000,	Top-5 err = 32.600000,	train_time = 2.316196
TRAIN Iter 108: loss = 0.003931,	Top-1 err = 49.400000,	Top-5 err = 25.600000,	train_time = 2.344917
TRAIN Iter 109: loss = 0.004021,	Top-1 err = 54.750000,	Top-5 err = 31.950000,	train_time = 2.343162
TRAIN Iter 110: loss = 0.004012,	Top-1 err = 38.400000,	Top-5 err = 16.600000,	train_time = 2.346868
TRAIN Iter 111: loss = 0.004002,	Top-1 err = 55.650000,	Top-5 err = 34.050000,	train_time = 2.350711
TRAIN Iter 112: loss = 0.004180,	Top-1 err = 49.050000,	Top-5 err = 32.250000,	train_time = 2.306537
TRAIN Iter 113: loss = 0.003907,	Top-1 err = 36.050000,	Top-5 err = 17.150000,	train_time = 2.329779
TRAIN Iter 114: loss = 0.003987,	Top-1 err = 46.400000,	Top-5 err = 25.150000,	train_time = 2.341825
TRAIN Iter 115: loss = 0.003807,	Top-1 err = 55.700000,	Top-5 err = 35.200000,	train_time = 2.338182
TRAIN Iter 116: loss = 0.003748,	Top-1 err = 47.500000,	Top-5 err = 25.250000,	train_time = 2.354070
TRAIN Iter 117: loss = 0.003901,	Top-1 err = 45.850000,	Top-5 err = 24.900000,	train_time = 2.280642
TRAIN Iter 118: loss = 0.004027,	Top-1 err = 60.000000,	Top-5 err = 38.550000,	train_time = 2.301133
TRAIN Iter 119: loss = 0.003855,	Top-1 err = 45.250000,	Top-5 err = 24.150000,	train_time = 2.333543
TRAIN Iter 120: loss = 0.003901,	Top-1 err = 58.500000,	Top-5 err = 34.150000,	train_time = 2.340392
TRAIN Iter 121: loss = 0.003804,	Top-1 err = 61.750000,	Top-5 err = 40.550000,	train_time = 2.357524
TRAIN Iter 122: loss = 0.003897,	Top-1 err = 61.750000,	Top-5 err = 38.650000,	train_time = 2.366905
TRAIN Iter 123: loss = 0.004016,	Top-1 err = 57.550000,	Top-5 err = 37.500000,	train_time = 2.305934
TRAIN Iter 124: loss = 0.003928,	Top-1 err = 61.350000,	Top-5 err = 41.450000,	train_time = 2.334871
TRAIN Iter 125: loss = 0.003876,	Top-1 err = 58.800000,	Top-5 err = 40.400000,	train_time = 2.365458
TRAIN Iter 126: loss = 0.003906,	Top-1 err = 58.600000,	Top-5 err = 39.500000,	train_time = 2.339719
TRAIN Iter 127: loss = 0.003737,	Top-1 err = 57.500000,	Top-5 err = 36.750000,	train_time = 2.282276
TRAIN Iter 128: loss = 0.003763,	Top-1 err = 56.500000,	Top-5 err = 36.950000,	train_time = 2.339173
TRAIN Iter 129: loss = 0.003756,	Top-1 err = 46.650000,	Top-5 err = 23.600000,	train_time = 2.376596
TRAIN Iter 130: loss = 0.003753,	Top-1 err = 61.300000,	Top-5 err = 40.800000,	train_time = 2.339617
TRAIN Iter 131: loss = 0.003722,	Top-1 err = 50.800000,	Top-5 err = 29.900000,	train_time = 2.350794
TRAIN Iter 132: loss = 0.003963,	Top-1 err = 47.700000,	Top-5 err = 28.350000,	train_time = 2.351799
TRAIN Iter 133: loss = 0.003764,	Top-1 err = 43.900000,	Top-5 err = 21.650000,	train_time = 2.320592
TRAIN Iter 134: loss = 0.003643,	Top-1 err = 64.850000,	Top-5 err = 44.750000,	train_time = 2.353759
TRAIN Iter 135: loss = 0.003910,	Top-1 err = 48.200000,	Top-5 err = 28.850000,	train_time = 2.253540
TRAIN Iter 136: loss = 0.003662,	Top-1 err = 47.000000,	Top-5 err = 25.250000,	train_time = 2.320541
TRAIN Iter 137: loss = 0.003759,	Top-1 err = 67.900000,	Top-5 err = 48.450000,	train_time = 2.356179
TRAIN Iter 138: loss = 0.003554,	Top-1 err = 50.150000,	Top-5 err = 28.200000,	train_time = 2.320956
TRAIN Iter 139: loss = 0.003709,	Top-1 err = 46.100000,	Top-5 err = 25.450000,	train_time = 2.334171
TRAIN Iter 140: loss = 0.003666,	Top-1 err = 50.600000,	Top-5 err = 28.800000,	train_time = 2.273166
TRAIN Iter 141: loss = 0.003699,	Top-1 err = 53.150000,	Top-5 err = 31.000000,	train_time = 2.326735
TRAIN Iter 142: loss = 0.003701,	Top-1 err = 53.200000,	Top-5 err = 32.150000,	train_time = 2.279297
TRAIN Iter 143: loss = 0.003608,	Top-1 err = 47.600000,	Top-5 err = 29.250000,	train_time = 2.359667
TRAIN Iter 144: loss = 0.003554,	Top-1 err = 46.450000,	Top-5 err = 24.450000,	train_time = 2.293358
TRAIN Iter 145: loss = 0.003597,	Top-1 err = 56.550000,	Top-5 err = 35.900000,	train_time = 2.287831
TRAIN Iter 146: loss = 0.003610,	Top-1 err = 55.650000,	Top-5 err = 34.050000,	train_time = 2.346482
TRAIN Iter 147: loss = 0.003601,	Top-1 err = 60.200000,	Top-5 err = 39.850000,	train_time = 2.320594
TRAIN Iter 148: loss = 0.003596,	Top-1 err = 56.300000,	Top-5 err = 37.500000,	train_time = 2.317212
TRAIN Iter 149: loss = 0.003451,	Top-1 err = 48.300000,	Top-5 err = 28.100000,	train_time = 2.317822
TRAIN Iter 150: loss = 0.003478,	Top-1 err = 49.800000,	Top-5 err = 29.450000,	train_time = 2.346383
TRAIN Iter 151: loss = 0.003558,	Top-1 err = 52.200000,	Top-5 err = 31.900000,	train_time = 2.286463
TRAIN Iter 152: loss = 0.003494,	Top-1 err = 45.500000,	Top-5 err = 25.700000,	train_time = 2.354999
TRAIN Iter 153: loss = 0.003426,	Top-1 err = 35.050000,	Top-5 err = 15.650000,	train_time = 2.350101
TRAIN Iter 154: loss = 0.003390,	Top-1 err = 48.350000,	Top-5 err = 25.150000,	train_time = 2.369531
TRAIN Iter 155: loss = 0.003421,	Top-1 err = 44.150000,	Top-5 err = 23.550000,	train_time = 2.331533
TRAIN Iter 156: loss = 0.003488,	Top-1 err = 58.100000,	Top-5 err = 37.650000,	train_time = 2.297853
TRAIN Iter 157: loss = 0.003482,	Top-1 err = 49.700000,	Top-5 err = 28.000000,	train_time = 2.341240
TRAIN Iter 158: loss = 0.003461,	Top-1 err = 52.650000,	Top-5 err = 33.550000,	train_time = 2.360129
TRAIN Iter 159: loss = 0.003392,	Top-1 err = 47.250000,	Top-5 err = 29.450000,	train_time = 2.358477
TRAIN Iter 160: loss = 0.003462,	Top-1 err = 54.500000,	Top-5 err = 33.900000,	train_time = 2.287068
TRAIN Iter 161: loss = 0.003447,	Top-1 err = 45.200000,	Top-5 err = 25.500000,	train_time = 2.361733
TRAIN Iter 162: loss = 0.003328,	Top-1 err = 57.100000,	Top-5 err = 37.100000,	train_time = 2.365197
TRAIN Iter 163: loss = 0.003417,	Top-1 err = 53.650000,	Top-5 err = 30.400000,	train_time = 2.356339
TRAIN Iter 164: loss = 0.003530,	Top-1 err = 55.500000,	Top-5 err = 33.350000,	train_time = 2.338648
TRAIN Iter 165: loss = 0.003403,	Top-1 err = 51.150000,	Top-5 err = 28.700000,	train_time = 2.310830
TRAIN Iter 166: loss = 0.003535,	Top-1 err = 56.750000,	Top-5 err = 35.050000,	train_time = 2.351081
TRAIN Iter 167: loss = 0.003508,	Top-1 err = 59.200000,	Top-5 err = 39.400000,	train_time = 2.313599
TRAIN Iter 168: loss = 0.003436,	Top-1 err = 52.050000,	Top-5 err = 29.550000,	train_time = 2.342371
TRAIN Iter 169: loss = 0.003569,	Top-1 err = 62.050000,	Top-5 err = 41.500000,	train_time = 2.363382
TRAIN Iter 170: loss = 0.003441,	Top-1 err = 48.400000,	Top-5 err = 23.200000,	train_time = 2.300344
TRAIN Iter 171: loss = 0.003259,	Top-1 err = 43.600000,	Top-5 err = 24.500000,	train_time = 2.324213
TRAIN Iter 172: loss = 0.003419,	Top-1 err = 61.400000,	Top-5 err = 39.300000,	train_time = 2.301003
TRAIN Iter 173: loss = 0.003448,	Top-1 err = 61.250000,	Top-5 err = 38.150000,	train_time = 2.334047
TRAIN Iter 174: loss = 0.003412,	Top-1 err = 57.200000,	Top-5 err = 34.800000,	train_time = 2.308890
TRAIN Iter 175: loss = 0.003484,	Top-1 err = 55.550000,	Top-5 err = 34.800000,	train_time = 2.297999
TRAIN Iter 176: loss = 0.003361,	Top-1 err = 47.100000,	Top-5 err = 26.550000,	train_time = 2.338465
TRAIN Iter 177: loss = 0.003309,	Top-1 err = 50.000000,	Top-5 err = 30.750000,	train_time = 2.332013
TRAIN Iter 178: loss = 0.003269,	Top-1 err = 46.350000,	Top-5 err = 25.700000,	train_time = 2.332612
TRAIN Iter 179: loss = 0.003299,	Top-1 err = 45.650000,	Top-5 err = 26.400000,	train_time = 2.316311
TRAIN Iter 180: loss = 0.003319,	Top-1 err = 50.950000,	Top-5 err = 32.950000,	train_time = 2.340209
TRAIN Iter 181: loss = 0.003334,	Top-1 err = 48.500000,	Top-5 err = 27.300000,	train_time = 2.351674
TRAIN Iter 182: loss = 0.003299,	Top-1 err = 49.350000,	Top-5 err = 28.350000,	train_time = 2.341057
TRAIN Iter 183: loss = 0.003309,	Top-1 err = 56.250000,	Top-5 err = 35.100000,	train_time = 2.289414
TRAIN Iter 184: loss = 0.003322,	Top-1 err = 50.850000,	Top-5 err = 31.850000,	train_time = 2.311364
TRAIN Iter 185: loss = 0.003180,	Top-1 err = 50.500000,	Top-5 err = 31.050000,	train_time = 2.291933
TRAIN Iter 186: loss = 0.003355,	Top-1 err = 51.700000,	Top-5 err = 30.000000,	train_time = 2.334987
TRAIN Iter 187: loss = 0.003363,	Top-1 err = 55.850000,	Top-5 err = 35.100000,	train_time = 2.305599
TRAIN Iter 188: loss = 0.003302,	Top-1 err = 55.300000,	Top-5 err = 34.000000,	train_time = 2.307091
TRAIN Iter 189: loss = 0.003294,	Top-1 err = 54.050000,	Top-5 err = 34.500000,	train_time = 2.295768
TRAIN Iter 190: loss = 0.003234,	Top-1 err = 52.500000,	Top-5 err = 28.200000,	train_time = 2.278397
TRAIN Iter 191: loss = 0.003254,	Top-1 err = 49.650000,	Top-5 err = 24.850000,	train_time = 2.277101
TRAIN Iter 192: loss = 0.003206,	Top-1 err = 49.450000,	Top-5 err = 26.550000,	train_time = 2.322900
TRAIN Iter 193: loss = 0.003279,	Top-1 err = 55.450000,	Top-5 err = 34.300000,	train_time = 2.315371
TRAIN Iter 194: loss = 0.003112,	Top-1 err = 50.000000,	Top-5 err = 28.800000,	train_time = 2.320876
TRAIN Iter 195: loss = 0.003402,	Top-1 err = 55.800000,	Top-5 err = 34.750000,	train_time = 2.292052
TRAIN Iter 196: loss = 0.003278,	Top-1 err = 56.800000,	Top-5 err = 38.750000,	train_time = 2.328925
TRAIN Iter 197: loss = 0.003273,	Top-1 err = 57.550000,	Top-5 err = 38.100000,	train_time = 2.288640
TRAIN Iter 198: loss = 0.003260,	Top-1 err = 46.800000,	Top-5 err = 28.700000,	train_time = 2.279833
TRAIN Iter 199: loss = 0.003117,	Top-1 err = 49.900000,	Top-5 err = 29.000000,	train_time = 2.321166
TRAIN Iter 200: loss = 0.003159,	Top-1 err = 43.050000,	Top-5 err = 21.250000,	train_time = 2.315881
TRAIN Iter 201: loss = 0.003119,	Top-1 err = 50.000000,	Top-5 err = 30.500000,	train_time = 2.271611
TRAIN Iter 202: loss = 0.003222,	Top-1 err = 59.550000,	Top-5 err = 38.650000,	train_time = 2.326680
TRAIN Iter 203: loss = 0.003213,	Top-1 err = 50.800000,	Top-5 err = 31.600000,	train_time = 2.307181
TRAIN Iter 204: loss = 0.003328,	Top-1 err = 56.700000,	Top-5 err = 33.350000,	train_time = 2.277916
TRAIN Iter 205: loss = 0.003215,	Top-1 err = 46.250000,	Top-5 err = 25.950000,	train_time = 2.270012
TRAIN Iter 206: loss = 0.003131,	Top-1 err = 55.750000,	Top-5 err = 31.900000,	train_time = 2.287643
TRAIN Iter 207: loss = 0.003198,	Top-1 err = 58.000000,	Top-5 err = 37.200000,	train_time = 2.302385
TRAIN Iter 208: loss = 0.003045,	Top-1 err = 37.550000,	Top-5 err = 17.350000,	train_time = 2.268435
TRAIN Iter 209: loss = 0.003075,	Top-1 err = 43.200000,	Top-5 err = 23.100000,	train_time = 2.312772
TRAIN Iter 210: loss = 0.003180,	Top-1 err = 39.950000,	Top-5 err = 20.250000,	train_time = 2.322280
TRAIN Iter 211: loss = 0.003244,	Top-1 err = 52.700000,	Top-5 err = 32.700000,	train_time = 2.336210
TRAIN Iter 212: loss = 0.003166,	Top-1 err = 48.000000,	Top-5 err = 27.100000,	train_time = 2.234093
TRAIN Iter 213: loss = 0.003034,	Top-1 err = 36.600000,	Top-5 err = 18.150000,	train_time = 2.097320
TRAIN Iter 214: loss = 0.003054,	Top-1 err = 38.300000,	Top-5 err = 16.700000,	train_time = 2.320323
TRAIN Iter 215: loss = 0.003120,	Top-1 err = 54.900000,	Top-5 err = 32.800000,	train_time = 2.349019
TRAIN Iter 216: loss = 0.003095,	Top-1 err = 50.200000,	Top-5 err = 32.700000,	train_time = 2.313536
TRAIN Iter 217: loss = 0.003089,	Top-1 err = 45.450000,	Top-5 err = 23.200000,	train_time = 2.307760
TRAIN Iter 218: loss = 0.003219,	Top-1 err = 66.400000,	Top-5 err = 43.550000,	train_time = 2.317698
TRAIN Iter 219: loss = 0.002979,	Top-1 err = 40.400000,	Top-5 err = 22.300000,	train_time = 2.338283
TRAIN Iter 220: loss = 0.003081,	Top-1 err = 42.800000,	Top-5 err = 23.300000,	train_time = 2.279756
TRAIN Iter 221: loss = 0.002968,	Top-1 err = 40.500000,	Top-5 err = 21.200000,	train_time = 2.305232
TRAIN Iter 222: loss = 0.003116,	Top-1 err = 52.650000,	Top-5 err = 30.700000,	train_time = 2.308353
TRAIN Iter 223: loss = 0.003168,	Top-1 err = 53.150000,	Top-5 err = 33.650000,	train_time = 2.263765
TRAIN Iter 224: loss = 0.002999,	Top-1 err = 37.150000,	Top-5 err = 17.750000,	train_time = 2.307734
TRAIN Iter 225: loss = 0.003144,	Top-1 err = 49.450000,	Top-5 err = 30.450000,	train_time = 2.303535
TRAIN Iter 226: loss = 0.003137,	Top-1 err = 49.300000,	Top-5 err = 29.150000,	train_time = 2.310462
TRAIN Iter 227: loss = 0.003000,	Top-1 err = 45.450000,	Top-5 err = 25.100000,	train_time = 2.267020
TRAIN Iter 228: loss = 0.002916,	Top-1 err = 40.650000,	Top-5 err = 23.300000,	train_time = 2.308113
TRAIN Iter 229: loss = 0.003102,	Top-1 err = 49.300000,	Top-5 err = 27.900000,	train_time = 2.285507
TRAIN Iter 230: loss = 0.003190,	Top-1 err = 65.450000,	Top-5 err = 46.100000,	train_time = 2.269216
TRAIN Iter 231: loss = 0.003133,	Top-1 err = 54.950000,	Top-5 err = 36.350000,	train_time = 2.322131
TRAIN Iter 232: loss = 0.003015,	Top-1 err = 61.100000,	Top-5 err = 39.900000,	train_time = 2.323676
TRAIN Iter 233: loss = 0.003065,	Top-1 err = 53.500000,	Top-5 err = 32.550000,	train_time = 2.271144
TRAIN Iter 234: loss = 0.002956,	Top-1 err = 44.200000,	Top-5 err = 23.800000,	train_time = 2.262797
TRAIN Iter 235: loss = 0.003068,	Top-1 err = 54.400000,	Top-5 err = 32.450000,	train_time = 2.281157
TRAIN Iter 236: loss = 0.003147,	Top-1 err = 54.900000,	Top-5 err = 35.650000,	train_time = 2.271769
TRAIN Iter 237: loss = 0.003140,	Top-1 err = 59.100000,	Top-5 err = 37.800000,	train_time = 2.364649
TRAIN Iter 238: loss = 0.003002,	Top-1 err = 50.750000,	Top-5 err = 28.750000,	train_time = 2.322286
TRAIN Iter 239: loss = 0.002996,	Top-1 err = 53.900000,	Top-5 err = 31.350000,	train_time = 2.326804
TRAIN Iter 240: loss = 0.003030,	Top-1 err = 53.350000,	Top-5 err = 31.500000,	train_time = 2.286518
TRAIN Iter 241: loss = 0.003100,	Top-1 err = 63.300000,	Top-5 err = 42.550000,	train_time = 2.330626
TRAIN Iter 242: loss = 0.003037,	Top-1 err = 52.000000,	Top-5 err = 31.950000,	train_time = 2.272268
TRAIN Iter 243: loss = 0.002876,	Top-1 err = 48.000000,	Top-5 err = 28.400000,	train_time = 2.337684
TRAIN Iter 244: loss = 0.002857,	Top-1 err = 45.650000,	Top-5 err = 23.100000,	train_time = 2.344999
TRAIN Iter 245: loss = 0.002967,	Top-1 err = 60.100000,	Top-5 err = 37.000000,	train_time = 2.315727
TRAIN Iter 246: loss = 0.002911,	Top-1 err = 45.850000,	Top-5 err = 26.650000,	train_time = 2.369420
TRAIN Iter 247: loss = 0.003029,	Top-1 err = 49.400000,	Top-5 err = 26.800000,	train_time = 2.304963
TRAIN Iter 248: loss = 0.002991,	Top-1 err = 47.250000,	Top-5 err = 26.250000,	train_time = 2.322986
TRAIN Iter 249: loss = 0.002907,	Top-1 err = 52.900000,	Top-5 err = 31.950000,	train_time = 2.377189
TEST:
Iter 249: loss = 2.756490,	Top-1 err = 63.210000,	Top-5 err = 35.820000,	val_time = 2.265702
TRAIN Iter 250: loss = 0.002882,	Top-1 err = 54.000000,	Top-5 err = 30.650000,	train_time = 2.394919
TRAIN Iter 251: loss = 0.002824,	Top-1 err = 46.100000,	Top-5 err = 21.900000,	train_time = 2.337108
TRAIN Iter 252: loss = 0.002892,	Top-1 err = 50.450000,	Top-5 err = 32.350000,	train_time = 2.364829
TRAIN Iter 253: loss = 0.002847,	Top-1 err = 54.300000,	Top-5 err = 32.200000,	train_time = 2.326166
TRAIN Iter 254: loss = 0.002979,	Top-1 err = 51.600000,	Top-5 err = 30.500000,	train_time = 2.351766
TRAIN Iter 255: loss = 0.002926,	Top-1 err = 59.600000,	Top-5 err = 39.200000,	train_time = 2.329606
TRAIN Iter 256: loss = 0.002833,	Top-1 err = 39.900000,	Top-5 err = 21.400000,	train_time = 2.393658
TRAIN Iter 257: loss = 0.002845,	Top-1 err = 36.250000,	Top-5 err = 17.650000,	train_time = 2.348291
TRAIN Iter 258: loss = 0.002897,	Top-1 err = 49.300000,	Top-5 err = 28.550000,	train_time = 2.316588
TRAIN Iter 259: loss = 0.002952,	Top-1 err = 45.050000,	Top-5 err = 24.300000,	train_time = 2.376198
TEST:
Iter 259: loss = 3.082408,	Top-1 err = 67.070000,	Top-5 err = 40.770000,	val_time = 2.263875
TRAIN Iter 260: loss = 0.002920,	Top-1 err = 50.650000,	Top-5 err = 29.850000,	train_time = 2.339121
TRAIN Iter 261: loss = 0.002874,	Top-1 err = 46.650000,	Top-5 err = 26.650000,	train_time = 2.347353
TRAIN Iter 262: loss = 0.002926,	Top-1 err = 38.800000,	Top-5 err = 17.600000,	train_time = 2.324730
TRAIN Iter 263: loss = 0.002956,	Top-1 err = 52.550000,	Top-5 err = 31.100000,	train_time = 2.359861
TRAIN Iter 264: loss = 0.002801,	Top-1 err = 45.900000,	Top-5 err = 22.800000,	train_time = 2.302084
TRAIN Iter 265: loss = 0.002847,	Top-1 err = 44.300000,	Top-5 err = 24.500000,	train_time = 2.332019
TRAIN Iter 266: loss = 0.002840,	Top-1 err = 51.850000,	Top-5 err = 29.300000,	train_time = 2.315074
TRAIN Iter 267: loss = 0.002807,	Top-1 err = 48.350000,	Top-5 err = 26.950000,	train_time = 2.304629
TRAIN Iter 268: loss = 0.002855,	Top-1 err = 47.400000,	Top-5 err = 28.350000,	train_time = 2.335505
TRAIN Iter 269: loss = 0.002914,	Top-1 err = 44.350000,	Top-5 err = 22.350000,	train_time = 2.312644
TEST:
Iter 269: loss = 2.799255,	Top-1 err = 63.630000,	Top-5 err = 36.590000,	val_time = 2.259171
TRAIN Iter 270: loss = 0.002804,	Top-1 err = 39.300000,	Top-5 err = 21.100000,	train_time = 2.325306
TRAIN Iter 271: loss = 0.002963,	Top-1 err = 46.900000,	Top-5 err = 25.950000,	train_time = 2.311494
TRAIN Iter 272: loss = 0.003059,	Top-1 err = 61.400000,	Top-5 err = 40.050000,	train_time = 2.310062
TRAIN Iter 273: loss = 0.002979,	Top-1 err = 60.050000,	Top-5 err = 37.550000,	train_time = 2.324046
TRAIN Iter 274: loss = 0.002744,	Top-1 err = 37.650000,	Top-5 err = 14.450000,	train_time = 2.336788
TRAIN Iter 275: loss = 0.002913,	Top-1 err = 52.900000,	Top-5 err = 31.400000,	train_time = 2.301240
TRAIN Iter 276: loss = 0.002899,	Top-1 err = 46.450000,	Top-5 err = 26.600000,	train_time = 2.306763
TRAIN Iter 277: loss = 0.002838,	Top-1 err = 52.000000,	Top-5 err = 30.750000,	train_time = 2.323068
TRAIN Iter 278: loss = 0.002900,	Top-1 err = 53.350000,	Top-5 err = 34.500000,	train_time = 2.309427
TRAIN Iter 279: loss = 0.002813,	Top-1 err = 45.450000,	Top-5 err = 24.950000,	train_time = 2.327518
TEST:
Iter 279: loss = 2.726601,	Top-1 err = 63.160000,	Top-5 err = 35.940000,	val_time = 2.230125
TRAIN Iter 280: loss = 0.002748,	Top-1 err = 44.550000,	Top-5 err = 26.700000,	train_time = 2.343471
TRAIN Iter 281: loss = 0.002729,	Top-1 err = 46.950000,	Top-5 err = 28.250000,	train_time = 2.323985
TRAIN Iter 282: loss = 0.002657,	Top-1 err = 36.000000,	Top-5 err = 16.150000,	train_time = 2.336926
TRAIN Iter 283: loss = 0.002821,	Top-1 err = 45.850000,	Top-5 err = 26.700000,	train_time = 2.327967
TRAIN Iter 284: loss = 0.002923,	Top-1 err = 48.250000,	Top-5 err = 27.050000,	train_time = 2.353877
TRAIN Iter 285: loss = 0.002868,	Top-1 err = 39.300000,	Top-5 err = 17.700000,	train_time = 2.327526
TRAIN Iter 286: loss = 0.002892,	Top-1 err = 46.350000,	Top-5 err = 24.250000,	train_time = 2.322690
TRAIN Iter 287: loss = 0.002776,	Top-1 err = 43.700000,	Top-5 err = 22.250000,	train_time = 2.316721
TRAIN Iter 288: loss = 0.002709,	Top-1 err = 46.600000,	Top-5 err = 26.650000,	train_time = 2.352014
TRAIN Iter 289: loss = 0.002717,	Top-1 err = 33.500000,	Top-5 err = 13.200000,	train_time = 2.336807
TEST:
Iter 289: loss = 2.776070,	Top-1 err = 63.140000,	Top-5 err = 36.150000,	val_time = 2.248889
TRAIN Iter 290: loss = 0.002822,	Top-1 err = 50.950000,	Top-5 err = 29.650000,	train_time = 2.333663
TRAIN Iter 291: loss = 0.002790,	Top-1 err = 50.550000,	Top-5 err = 31.300000,	train_time = 2.316495
TRAIN Iter 292: loss = 0.002794,	Top-1 err = 55.350000,	Top-5 err = 33.700000,	train_time = 2.317711
TRAIN Iter 293: loss = 0.002728,	Top-1 err = 49.600000,	Top-5 err = 28.400000,	train_time = 2.351773
TRAIN Iter 294: loss = 0.002767,	Top-1 err = 44.900000,	Top-5 err = 27.200000,	train_time = 2.336249
TRAIN Iter 295: loss = 0.002873,	Top-1 err = 52.150000,	Top-5 err = 30.750000,	train_time = 2.330495
TRAIN Iter 296: loss = 0.002773,	Top-1 err = 47.700000,	Top-5 err = 28.050000,	train_time = 2.344620
TRAIN Iter 297: loss = 0.002840,	Top-1 err = 59.350000,	Top-5 err = 40.800000,	train_time = 2.364571
TRAIN Iter 298: loss = 0.002722,	Top-1 err = 45.900000,	Top-5 err = 29.650000,	train_time = 2.318222
TRAIN Iter 299: loss = 0.002644,	Top-1 err = 41.200000,	Top-5 err = 21.600000,	train_time = 2.328756
TEST:
Iter 299: loss = 2.679472,	Top-1 err = 62.100000,	Top-5 err = 34.730000,	val_time = 2.278897
Train Finish! Best accuracy is 37.9@299
