=> using pytorch pre-trained teacher model 'conv4'
process data from /home/dvspanos/nikos/ca2d/artifacts/sets/bench_tin_conv_sharp2d_ipc50
load data successfully
TRAIN Iter 0: loss = 0.014070,	Top-1 err = 98.000000,	Top-5 err = 91.470000,	train_time = 11.698648
TRAIN Iter 1: loss = 0.010794,	Top-1 err = 91.800000,	Top-5 err = 76.840000,	train_time = 10.573478
TRAIN Iter 2: loss = 0.009551,	Top-1 err = 87.460000,	Top-5 err = 67.920000,	train_time = 10.640873
TRAIN Iter 3: loss = 0.008740,	Top-1 err = 82.750000,	Top-5 err = 61.420000,	train_time = 10.655830
TRAIN Iter 4: loss = 0.007843,	Top-1 err = 80.060000,	Top-5 err = 58.520000,	train_time = 10.594575
TRAIN Iter 5: loss = 0.007352,	Top-1 err = 76.850000,	Top-5 err = 53.840000,	train_time = 10.684724
TRAIN Iter 6: loss = 0.006847,	Top-1 err = 73.060000,	Top-5 err = 49.580000,	train_time = 10.645348
TRAIN Iter 7: loss = 0.006418,	Top-1 err = 71.160000,	Top-5 err = 48.130000,	train_time = 10.701766
TRAIN Iter 8: loss = 0.006129,	Top-1 err = 70.410000,	Top-5 err = 47.560000,	train_time = 10.654874
TRAIN Iter 9: loss = 0.005889,	Top-1 err = 65.610000,	Top-5 err = 41.670000,	train_time = 10.721201
TRAIN Iter 10: loss = 0.005694,	Top-1 err = 65.380000,	Top-5 err = 41.890000,	train_time = 10.733160
TRAIN Iter 11: loss = 0.005207,	Top-1 err = 66.780000,	Top-5 err = 43.550000,	train_time = 10.719194
TRAIN Iter 12: loss = 0.005193,	Top-1 err = 56.680000,	Top-5 err = 33.090000,	train_time = 10.663258
TRAIN Iter 13: loss = 0.004925,	Top-1 err = 59.620000,	Top-5 err = 36.510000,	train_time = 10.700917
TRAIN Iter 14: loss = 0.004836,	Top-1 err = 55.930000,	Top-5 err = 33.460000,	train_time = 10.746207
TRAIN Iter 15: loss = 0.004692,	Top-1 err = 62.580000,	Top-5 err = 40.820000,	train_time = 10.668821
TRAIN Iter 16: loss = 0.004473,	Top-1 err = 60.740000,	Top-5 err = 37.940000,	train_time = 10.702170
TRAIN Iter 17: loss = 0.004450,	Top-1 err = 60.680000,	Top-5 err = 38.900000,	train_time = 10.704267
TRAIN Iter 18: loss = 0.004308,	Top-1 err = 57.290000,	Top-5 err = 35.200000,	train_time = 10.778347
TRAIN Iter 19: loss = 0.004347,	Top-1 err = 52.190000,	Top-5 err = 30.700000,	train_time = 10.671546
TRAIN Iter 20: loss = 0.004160,	Top-1 err = 60.340000,	Top-5 err = 39.940000,	train_time = 10.740450
TRAIN Iter 21: loss = 0.004014,	Top-1 err = 54.330000,	Top-5 err = 32.490000,	train_time = 10.755674
TRAIN Iter 22: loss = 0.004045,	Top-1 err = 46.620000,	Top-5 err = 25.160000,	train_time = 10.773796
TRAIN Iter 23: loss = 0.003924,	Top-1 err = 51.480000,	Top-5 err = 30.750000,	train_time = 10.708796
TRAIN Iter 24: loss = 0.003924,	Top-1 err = 61.200000,	Top-5 err = 39.740000,	train_time = 10.875980
TRAIN Iter 25: loss = 0.003889,	Top-1 err = 56.300000,	Top-5 err = 36.010000,	train_time = 10.918393
TRAIN Iter 26: loss = 0.003811,	Top-1 err = 54.140000,	Top-5 err = 33.860000,	train_time = 10.840723
TRAIN Iter 27: loss = 0.003666,	Top-1 err = 51.870000,	Top-5 err = 30.970000,	train_time = 10.847901
TRAIN Iter 28: loss = 0.003654,	Top-1 err = 50.830000,	Top-5 err = 30.210000,	train_time = 10.762072
TRAIN Iter 29: loss = 0.003596,	Top-1 err = 55.960000,	Top-5 err = 35.730000,	train_time = 10.784673
TRAIN Iter 30: loss = 0.003548,	Top-1 err = 46.570000,	Top-5 err = 25.980000,	train_time = 10.775187
TRAIN Iter 31: loss = 0.003566,	Top-1 err = 50.110000,	Top-5 err = 30.480000,	train_time = 10.738616
TRAIN Iter 32: loss = 0.003470,	Top-1 err = 53.240000,	Top-5 err = 32.770000,	train_time = 10.837753
TRAIN Iter 33: loss = 0.003472,	Top-1 err = 56.280000,	Top-5 err = 35.110000,	train_time = 10.880657
TRAIN Iter 34: loss = 0.003410,	Top-1 err = 54.010000,	Top-5 err = 32.380000,	train_time = 10.806843
TRAIN Iter 35: loss = 0.003367,	Top-1 err = 48.040000,	Top-5 err = 29.120000,	train_time = 10.907411
TRAIN Iter 36: loss = 0.003359,	Top-1 err = 50.200000,	Top-5 err = 30.530000,	train_time = 10.832647
TRAIN Iter 37: loss = 0.003354,	Top-1 err = 52.670000,	Top-5 err = 33.110000,	train_time = 10.874160
TRAIN Iter 38: loss = 0.003212,	Top-1 err = 49.520000,	Top-5 err = 27.600000,	train_time = 10.860840
TRAIN Iter 39: loss = 0.003215,	Top-1 err = 51.500000,	Top-5 err = 32.730000,	train_time = 10.880600
TRAIN Iter 40: loss = 0.003200,	Top-1 err = 50.420000,	Top-5 err = 30.160000,	train_time = 10.849372
TRAIN Iter 41: loss = 0.003195,	Top-1 err = 46.930000,	Top-5 err = 27.040000,	train_time = 10.877391
TRAIN Iter 42: loss = 0.003209,	Top-1 err = 42.350000,	Top-5 err = 22.930000,	train_time = 10.854155
TRAIN Iter 43: loss = 0.003172,	Top-1 err = 50.130000,	Top-5 err = 30.850000,	train_time = 10.812945
TRAIN Iter 44: loss = 0.003074,	Top-1 err = 43.630000,	Top-5 err = 24.670000,	train_time = 10.840560
TRAIN Iter 45: loss = 0.003179,	Top-1 err = 45.480000,	Top-5 err = 26.320000,	train_time = 10.861731
TRAIN Iter 46: loss = 0.003097,	Top-1 err = 53.470000,	Top-5 err = 34.470000,	train_time = 10.912469
TRAIN Iter 47: loss = 0.003099,	Top-1 err = 53.840000,	Top-5 err = 33.360000,	train_time = 10.925487
TRAIN Iter 48: loss = 0.003019,	Top-1 err = 50.250000,	Top-5 err = 29.890000,	train_time = 10.921656
TRAIN Iter 49: loss = 0.003027,	Top-1 err = 50.370000,	Top-5 err = 29.290000,	train_time = 10.845853
TRAIN Iter 50: loss = 0.002930,	Top-1 err = 49.140000,	Top-5 err = 28.860000,	train_time = 10.854111
TRAIN Iter 51: loss = 0.002951,	Top-1 err = 44.180000,	Top-5 err = 24.890000,	train_time = 10.830277
TRAIN Iter 52: loss = 0.002959,	Top-1 err = 44.660000,	Top-5 err = 24.160000,	train_time = 10.822285
TRAIN Iter 53: loss = 0.002900,	Top-1 err = 44.830000,	Top-5 err = 24.680000,	train_time = 10.818337
TRAIN Iter 54: loss = 0.002916,	Top-1 err = 46.950000,	Top-5 err = 26.670000,	train_time = 10.804173
TRAIN Iter 55: loss = 0.002919,	Top-1 err = 47.880000,	Top-5 err = 28.740000,	train_time = 10.871423
TRAIN Iter 56: loss = 0.002844,	Top-1 err = 41.260000,	Top-5 err = 22.840000,	train_time = 10.837661
TRAIN Iter 57: loss = 0.002882,	Top-1 err = 40.180000,	Top-5 err = 19.690000,	train_time = 10.821142
TRAIN Iter 58: loss = 0.002839,	Top-1 err = 47.830000,	Top-5 err = 28.890000,	train_time = 10.857217
TRAIN Iter 59: loss = 0.002837,	Top-1 err = 46.030000,	Top-5 err = 28.660000,	train_time = 10.822255
TRAIN Iter 60: loss = 0.002864,	Top-1 err = 47.020000,	Top-5 err = 27.940000,	train_time = 10.812068
TRAIN Iter 61: loss = 0.002868,	Top-1 err = 45.950000,	Top-5 err = 27.110000,	train_time = 10.744802
TRAIN Iter 62: loss = 0.002775,	Top-1 err = 48.020000,	Top-5 err = 28.960000,	train_time = 10.762687
TRAIN Iter 63: loss = 0.002707,	Top-1 err = 45.390000,	Top-5 err = 26.840000,	train_time = 10.620351
TRAIN Iter 64: loss = 0.002817,	Top-1 err = 47.300000,	Top-5 err = 29.950000,	train_time = 10.754176
TRAIN Iter 65: loss = 0.002727,	Top-1 err = 45.170000,	Top-5 err = 26.590000,	train_time = 10.722920
TRAIN Iter 66: loss = 0.002777,	Top-1 err = 51.950000,	Top-5 err = 32.350000,	train_time = 10.804439
TRAIN Iter 67: loss = 0.002742,	Top-1 err = 51.200000,	Top-5 err = 31.900000,	train_time = 10.718477
TRAIN Iter 68: loss = 0.002700,	Top-1 err = 43.080000,	Top-5 err = 24.370000,	train_time = 10.801179
TRAIN Iter 69: loss = 0.002701,	Top-1 err = 42.390000,	Top-5 err = 24.140000,	train_time = 10.710891
TRAIN Iter 70: loss = 0.002655,	Top-1 err = 44.050000,	Top-5 err = 25.610000,	train_time = 10.840942
TRAIN Iter 71: loss = 0.002655,	Top-1 err = 47.030000,	Top-5 err = 28.620000,	train_time = 10.798819
TRAIN Iter 72: loss = 0.002622,	Top-1 err = 48.640000,	Top-5 err = 29.530000,	train_time = 10.783069
TRAIN Iter 73: loss = 0.002619,	Top-1 err = 44.040000,	Top-5 err = 25.270000,	train_time = 10.739319
TRAIN Iter 74: loss = 0.002651,	Top-1 err = 45.130000,	Top-5 err = 25.940000,	train_time = 10.799978
TRAIN Iter 75: loss = 0.002628,	Top-1 err = 44.360000,	Top-5 err = 24.240000,	train_time = 10.715746
TRAIN Iter 76: loss = 0.002581,	Top-1 err = 44.120000,	Top-5 err = 25.610000,	train_time = 10.747334
TRAIN Iter 77: loss = 0.002599,	Top-1 err = 51.730000,	Top-5 err = 32.710000,	train_time = 10.695908
TRAIN Iter 78: loss = 0.002563,	Top-1 err = 43.740000,	Top-5 err = 24.980000,	train_time = 10.703105
TRAIN Iter 79: loss = 0.002537,	Top-1 err = 44.440000,	Top-5 err = 25.230000,	train_time = 10.783220
TRAIN Iter 80: loss = 0.002529,	Top-1 err = 41.500000,	Top-5 err = 24.050000,	train_time = 10.850158
TRAIN Iter 81: loss = 0.002576,	Top-1 err = 48.980000,	Top-5 err = 29.830000,	train_time = 10.808535
TRAIN Iter 82: loss = 0.002577,	Top-1 err = 47.360000,	Top-5 err = 28.600000,	train_time = 10.832372
TRAIN Iter 83: loss = 0.002487,	Top-1 err = 46.860000,	Top-5 err = 27.270000,	train_time = 10.822191
TRAIN Iter 84: loss = 0.002494,	Top-1 err = 39.960000,	Top-5 err = 23.230000,	train_time = 10.947086
TRAIN Iter 85: loss = 0.002475,	Top-1 err = 41.200000,	Top-5 err = 22.460000,	train_time = 10.816817
TRAIN Iter 86: loss = 0.002497,	Top-1 err = 45.620000,	Top-5 err = 28.330000,	train_time = 10.795594
TRAIN Iter 87: loss = 0.002487,	Top-1 err = 45.720000,	Top-5 err = 26.980000,	train_time = 10.810055
TRAIN Iter 88: loss = 0.002489,	Top-1 err = 49.690000,	Top-5 err = 30.230000,	train_time = 10.783213
TRAIN Iter 89: loss = 0.002471,	Top-1 err = 46.960000,	Top-5 err = 28.770000,	train_time = 10.798953
TRAIN Iter 90: loss = 0.002420,	Top-1 err = 45.010000,	Top-5 err = 25.980000,	train_time = 10.807435
TRAIN Iter 91: loss = 0.002432,	Top-1 err = 41.230000,	Top-5 err = 23.260000,	train_time = 10.737489
TRAIN Iter 92: loss = 0.002426,	Top-1 err = 41.550000,	Top-5 err = 23.900000,	train_time = 10.682176
TRAIN Iter 93: loss = 0.002409,	Top-1 err = 46.840000,	Top-5 err = 27.690000,	train_time = 10.707602
TRAIN Iter 94: loss = 0.002406,	Top-1 err = 45.390000,	Top-5 err = 27.900000,	train_time = 10.771505
TRAIN Iter 95: loss = 0.002390,	Top-1 err = 46.300000,	Top-5 err = 26.940000,	train_time = 10.768476
TRAIN Iter 96: loss = 0.002353,	Top-1 err = 44.460000,	Top-5 err = 25.330000,	train_time = 10.772659
TRAIN Iter 97: loss = 0.002319,	Top-1 err = 42.190000,	Top-5 err = 23.620000,	train_time = 10.730675
TRAIN Iter 98: loss = 0.002338,	Top-1 err = 48.540000,	Top-5 err = 28.390000,	train_time = 10.788930
TRAIN Iter 99: loss = 0.002287,	Top-1 err = 46.380000,	Top-5 err = 26.150000,	train_time = 10.748319
TRAIN Iter 100: loss = 0.002305,	Top-1 err = 46.810000,	Top-5 err = 28.560000,	train_time = 10.770298
TRAIN Iter 101: loss = 0.002286,	Top-1 err = 43.590000,	Top-5 err = 24.240000,	train_time = 10.825652
TRAIN Iter 102: loss = 0.002284,	Top-1 err = 37.900000,	Top-5 err = 20.710000,	train_time = 10.737563
TRAIN Iter 103: loss = 0.002268,	Top-1 err = 44.870000,	Top-5 err = 25.730000,	train_time = 10.732502
TRAIN Iter 104: loss = 0.002312,	Top-1 err = 40.710000,	Top-5 err = 22.700000,	train_time = 10.752299
TRAIN Iter 105: loss = 0.002260,	Top-1 err = 47.090000,	Top-5 err = 27.010000,	train_time = 10.776730
TRAIN Iter 106: loss = 0.002269,	Top-1 err = 43.560000,	Top-5 err = 25.480000,	train_time = 10.671468
TRAIN Iter 107: loss = 0.002260,	Top-1 err = 44.190000,	Top-5 err = 26.700000,	train_time = 10.774223
TRAIN Iter 108: loss = 0.002274,	Top-1 err = 48.530000,	Top-5 err = 30.180000,	train_time = 10.699410
TRAIN Iter 109: loss = 0.002237,	Top-1 err = 38.470000,	Top-5 err = 21.300000,	train_time = 10.702227
TRAIN Iter 110: loss = 0.002264,	Top-1 err = 48.540000,	Top-5 err = 31.840000,	train_time = 10.772973
TRAIN Iter 111: loss = 0.002202,	Top-1 err = 49.810000,	Top-5 err = 30.570000,	train_time = 10.690860
TRAIN Iter 112: loss = 0.002195,	Top-1 err = 43.170000,	Top-5 err = 25.340000,	train_time = 10.676331
TRAIN Iter 113: loss = 0.002174,	Top-1 err = 43.080000,	Top-5 err = 24.070000,	train_time = 10.745595
TRAIN Iter 114: loss = 0.002229,	Top-1 err = 47.280000,	Top-5 err = 29.390000,	train_time = 10.746961
TRAIN Iter 115: loss = 0.002213,	Top-1 err = 43.940000,	Top-5 err = 25.390000,	train_time = 10.807456
TRAIN Iter 116: loss = 0.002222,	Top-1 err = 45.920000,	Top-5 err = 29.440000,	train_time = 10.694095
TRAIN Iter 117: loss = 0.002161,	Top-1 err = 42.230000,	Top-5 err = 24.680000,	train_time = 10.692876
TRAIN Iter 118: loss = 0.002136,	Top-1 err = 43.250000,	Top-5 err = 25.560000,	train_time = 10.671525
TRAIN Iter 119: loss = 0.002171,	Top-1 err = 47.480000,	Top-5 err = 30.000000,	train_time = 10.700213
TRAIN Iter 120: loss = 0.002153,	Top-1 err = 45.930000,	Top-5 err = 28.950000,	train_time = 10.654803
TRAIN Iter 121: loss = 0.002130,	Top-1 err = 38.560000,	Top-5 err = 21.280000,	train_time = 10.689022
TRAIN Iter 122: loss = 0.002162,	Top-1 err = 44.660000,	Top-5 err = 26.610000,	train_time = 10.702731
TRAIN Iter 123: loss = 0.002138,	Top-1 err = 45.190000,	Top-5 err = 26.070000,	train_time = 10.806274
TRAIN Iter 124: loss = 0.002126,	Top-1 err = 38.380000,	Top-5 err = 22.490000,	train_time = 10.755178
TRAIN Iter 125: loss = 0.002088,	Top-1 err = 42.950000,	Top-5 err = 26.020000,	train_time = 10.752588
TRAIN Iter 126: loss = 0.002088,	Top-1 err = 41.410000,	Top-5 err = 24.310000,	train_time = 10.760495
TRAIN Iter 127: loss = 0.002093,	Top-1 err = 42.390000,	Top-5 err = 24.390000,	train_time = 10.721607
TRAIN Iter 128: loss = 0.002063,	Top-1 err = 43.600000,	Top-5 err = 25.790000,	train_time = 10.683768
TRAIN Iter 129: loss = 0.002034,	Top-1 err = 44.640000,	Top-5 err = 25.880000,	train_time = 10.667193
TRAIN Iter 130: loss = 0.002018,	Top-1 err = 40.610000,	Top-5 err = 24.070000,	train_time = 10.746199
TRAIN Iter 131: loss = 0.002034,	Top-1 err = 45.860000,	Top-5 err = 27.550000,	train_time = 10.734509
TRAIN Iter 132: loss = 0.002031,	Top-1 err = 46.810000,	Top-5 err = 27.660000,	train_time = 10.713496
TRAIN Iter 133: loss = 0.002006,	Top-1 err = 40.190000,	Top-5 err = 23.220000,	train_time = 10.703792
TRAIN Iter 134: loss = 0.002067,	Top-1 err = 39.210000,	Top-5 err = 21.910000,	train_time = 10.630623
TRAIN Iter 135: loss = 0.002020,	Top-1 err = 39.040000,	Top-5 err = 21.270000,	train_time = 10.695829
TRAIN Iter 136: loss = 0.002010,	Top-1 err = 45.160000,	Top-5 err = 26.560000,	train_time = 10.695292
TRAIN Iter 137: loss = 0.001993,	Top-1 err = 35.180000,	Top-5 err = 17.950000,	train_time = 10.743921
TRAIN Iter 138: loss = 0.001975,	Top-1 err = 38.340000,	Top-5 err = 20.680000,	train_time = 10.741366
TRAIN Iter 139: loss = 0.002001,	Top-1 err = 49.610000,	Top-5 err = 31.060000,	train_time = 10.630096
TRAIN Iter 140: loss = 0.002016,	Top-1 err = 45.320000,	Top-5 err = 29.740000,	train_time = 10.727857
TRAIN Iter 141: loss = 0.001952,	Top-1 err = 37.910000,	Top-5 err = 20.900000,	train_time = 10.742764
TRAIN Iter 142: loss = 0.001966,	Top-1 err = 45.370000,	Top-5 err = 27.900000,	train_time = 10.706967
TRAIN Iter 143: loss = 0.001899,	Top-1 err = 42.380000,	Top-5 err = 24.060000,	train_time = 10.679650
TRAIN Iter 144: loss = 0.001930,	Top-1 err = 37.570000,	Top-5 err = 20.670000,	train_time = 10.642779
TRAIN Iter 145: loss = 0.001909,	Top-1 err = 43.000000,	Top-5 err = 25.220000,	train_time = 10.751623
TRAIN Iter 146: loss = 0.001906,	Top-1 err = 40.150000,	Top-5 err = 23.520000,	train_time = 10.667756
TRAIN Iter 147: loss = 0.001913,	Top-1 err = 45.350000,	Top-5 err = 27.640000,	train_time = 10.663307
TRAIN Iter 148: loss = 0.001903,	Top-1 err = 43.180000,	Top-5 err = 24.270000,	train_time = 10.680380
TRAIN Iter 149: loss = 0.001867,	Top-1 err = 41.990000,	Top-5 err = 24.580000,	train_time = 10.660153
TRAIN Iter 150: loss = 0.001919,	Top-1 err = 40.430000,	Top-5 err = 23.890000,	train_time = 10.641028
TRAIN Iter 151: loss = 0.001879,	Top-1 err = 43.160000,	Top-5 err = 25.820000,	train_time = 10.714915
TRAIN Iter 152: loss = 0.001905,	Top-1 err = 48.590000,	Top-5 err = 31.360000,	train_time = 10.682782
TRAIN Iter 153: loss = 0.001884,	Top-1 err = 49.960000,	Top-5 err = 30.880000,	train_time = 10.733751
TRAIN Iter 154: loss = 0.001837,	Top-1 err = 41.270000,	Top-5 err = 24.290000,	train_time = 10.697617
TRAIN Iter 155: loss = 0.001788,	Top-1 err = 40.180000,	Top-5 err = 23.910000,	train_time = 10.772552
TRAIN Iter 156: loss = 0.001819,	Top-1 err = 41.220000,	Top-5 err = 23.970000,	train_time = 10.681400
TRAIN Iter 157: loss = 0.001854,	Top-1 err = 43.470000,	Top-5 err = 26.690000,	train_time = 10.732476
TRAIN Iter 158: loss = 0.001806,	Top-1 err = 41.440000,	Top-5 err = 22.980000,	train_time = 10.678804
TRAIN Iter 159: loss = 0.001828,	Top-1 err = 39.940000,	Top-5 err = 22.450000,	train_time = 10.656492
TRAIN Iter 160: loss = 0.001771,	Top-1 err = 43.900000,	Top-5 err = 25.520000,	train_time = 10.679420
TRAIN Iter 161: loss = 0.001798,	Top-1 err = 45.780000,	Top-5 err = 28.560000,	train_time = 10.720993
TRAIN Iter 162: loss = 0.001800,	Top-1 err = 44.310000,	Top-5 err = 26.570000,	train_time = 10.677347
TRAIN Iter 163: loss = 0.001802,	Top-1 err = 39.940000,	Top-5 err = 23.550000,	train_time = 10.671965
TRAIN Iter 164: loss = 0.001779,	Top-1 err = 46.220000,	Top-5 err = 29.030000,	train_time = 10.734504
TRAIN Iter 165: loss = 0.001759,	Top-1 err = 45.620000,	Top-5 err = 26.800000,	train_time = 10.743434
TRAIN Iter 166: loss = 0.001732,	Top-1 err = 36.590000,	Top-5 err = 20.770000,	train_time = 10.688583
TRAIN Iter 167: loss = 0.001768,	Top-1 err = 46.970000,	Top-5 err = 30.240000,	train_time = 10.684051
TRAIN Iter 168: loss = 0.001721,	Top-1 err = 39.390000,	Top-5 err = 23.170000,	train_time = 10.734434
TRAIN Iter 169: loss = 0.001677,	Top-1 err = 39.590000,	Top-5 err = 21.710000,	train_time = 10.663672
TRAIN Iter 170: loss = 0.001712,	Top-1 err = 41.800000,	Top-5 err = 25.190000,	train_time = 10.653736
TRAIN Iter 171: loss = 0.001698,	Top-1 err = 39.120000,	Top-5 err = 21.670000,	train_time = 10.713630
TRAIN Iter 172: loss = 0.001688,	Top-1 err = 47.620000,	Top-5 err = 29.440000,	train_time = 10.675439
TRAIN Iter 173: loss = 0.001693,	Top-1 err = 42.660000,	Top-5 err = 25.410000,	train_time = 10.741580
TRAIN Iter 174: loss = 0.001729,	Top-1 err = 38.380000,	Top-5 err = 21.810000,	train_time = 10.690356
TRAIN Iter 175: loss = 0.001692,	Top-1 err = 45.920000,	Top-5 err = 27.260000,	train_time = 10.689101
TRAIN Iter 176: loss = 0.001673,	Top-1 err = 49.850000,	Top-5 err = 30.830000,	train_time = 10.715444
TRAIN Iter 177: loss = 0.001671,	Top-1 err = 41.200000,	Top-5 err = 24.370000,	train_time = 10.685183
TRAIN Iter 178: loss = 0.001664,	Top-1 err = 46.560000,	Top-5 err = 29.080000,	train_time = 10.709252
TRAIN Iter 179: loss = 0.001612,	Top-1 err = 40.240000,	Top-5 err = 22.770000,	train_time = 10.758044
TRAIN Iter 180: loss = 0.001631,	Top-1 err = 42.660000,	Top-5 err = 25.000000,	train_time = 10.692467
TRAIN Iter 181: loss = 0.001678,	Top-1 err = 46.270000,	Top-5 err = 27.820000,	train_time = 10.796882
TRAIN Iter 182: loss = 0.001639,	Top-1 err = 37.620000,	Top-5 err = 22.160000,	train_time = 10.815377
TRAIN Iter 183: loss = 0.001640,	Top-1 err = 43.780000,	Top-5 err = 25.910000,	train_time = 10.729237
TRAIN Iter 184: loss = 0.001626,	Top-1 err = 42.040000,	Top-5 err = 25.600000,	train_time = 10.736285
TRAIN Iter 185: loss = 0.001614,	Top-1 err = 45.050000,	Top-5 err = 28.300000,	train_time = 10.682003
TRAIN Iter 186: loss = 0.001618,	Top-1 err = 38.060000,	Top-5 err = 22.710000,	train_time = 10.711543
TRAIN Iter 187: loss = 0.001628,	Top-1 err = 47.650000,	Top-5 err = 28.940000,	train_time = 10.752656
TRAIN Iter 188: loss = 0.001575,	Top-1 err = 43.320000,	Top-5 err = 26.180000,	train_time = 10.746006
TRAIN Iter 189: loss = 0.001644,	Top-1 err = 47.960000,	Top-5 err = 30.250000,	train_time = 10.708822
TRAIN Iter 190: loss = 0.001600,	Top-1 err = 42.870000,	Top-5 err = 25.280000,	train_time = 10.681933
TRAIN Iter 191: loss = 0.001555,	Top-1 err = 48.990000,	Top-5 err = 32.600000,	train_time = 10.752679
TRAIN Iter 192: loss = 0.001586,	Top-1 err = 41.480000,	Top-5 err = 25.060000,	train_time = 10.701055
TRAIN Iter 193: loss = 0.001568,	Top-1 err = 41.920000,	Top-5 err = 24.130000,	train_time = 10.704900
TRAIN Iter 194: loss = 0.001528,	Top-1 err = 38.760000,	Top-5 err = 22.880000,	train_time = 10.692729
TRAIN Iter 195: loss = 0.001541,	Top-1 err = 43.860000,	Top-5 err = 27.100000,	train_time = 10.783337
TRAIN Iter 196: loss = 0.001517,	Top-1 err = 36.900000,	Top-5 err = 21.750000,	train_time = 10.651412
TRAIN Iter 197: loss = 0.001561,	Top-1 err = 39.580000,	Top-5 err = 23.460000,	train_time = 10.661290
TRAIN Iter 198: loss = 0.001541,	Top-1 err = 46.820000,	Top-5 err = 29.230000,	train_time = 10.745487
TRAIN Iter 199: loss = 0.001506,	Top-1 err = 40.290000,	Top-5 err = 25.160000,	train_time = 10.666382
TRAIN Iter 200: loss = 0.001534,	Top-1 err = 36.440000,	Top-5 err = 21.860000,	train_time = 10.718166
TRAIN Iter 201: loss = 0.001510,	Top-1 err = 44.950000,	Top-5 err = 28.860000,	train_time = 10.660109
TRAIN Iter 202: loss = 0.001491,	Top-1 err = 48.530000,	Top-5 err = 30.790000,	train_time = 10.688019
TRAIN Iter 203: loss = 0.001489,	Top-1 err = 36.270000,	Top-5 err = 20.620000,	train_time = 10.798531
TRAIN Iter 204: loss = 0.001482,	Top-1 err = 42.530000,	Top-5 err = 25.330000,	train_time = 10.769434
TRAIN Iter 205: loss = 0.001494,	Top-1 err = 40.410000,	Top-5 err = 23.540000,	train_time = 10.689319
TRAIN Iter 206: loss = 0.001496,	Top-1 err = 40.930000,	Top-5 err = 25.300000,	train_time = 10.753170
TRAIN Iter 207: loss = 0.001448,	Top-1 err = 42.630000,	Top-5 err = 26.510000,	train_time = 10.720590
TRAIN Iter 208: loss = 0.001444,	Top-1 err = 44.060000,	Top-5 err = 27.130000,	train_time = 10.735918
TRAIN Iter 209: loss = 0.001437,	Top-1 err = 44.350000,	Top-5 err = 26.900000,	train_time = 10.765728
TRAIN Iter 210: loss = 0.001440,	Top-1 err = 45.240000,	Top-5 err = 29.380000,	train_time = 10.785681
TRAIN Iter 211: loss = 0.001445,	Top-1 err = 46.830000,	Top-5 err = 30.680000,	train_time = 10.732507
TRAIN Iter 212: loss = 0.001389,	Top-1 err = 40.650000,	Top-5 err = 23.140000,	train_time = 10.796552
TRAIN Iter 213: loss = 0.001451,	Top-1 err = 40.280000,	Top-5 err = 25.750000,	train_time = 10.812350
TRAIN Iter 214: loss = 0.001362,	Top-1 err = 37.210000,	Top-5 err = 21.440000,	train_time = 10.790279
TRAIN Iter 215: loss = 0.001395,	Top-1 err = 43.590000,	Top-5 err = 26.240000,	train_time = 10.752612
TRAIN Iter 216: loss = 0.001406,	Top-1 err = 41.990000,	Top-5 err = 24.560000,	train_time = 10.744248
TRAIN Iter 217: loss = 0.001376,	Top-1 err = 39.090000,	Top-5 err = 22.220000,	train_time = 10.717572
TRAIN Iter 218: loss = 0.001410,	Top-1 err = 38.070000,	Top-5 err = 20.920000,	train_time = 10.745480
TRAIN Iter 219: loss = 0.001440,	Top-1 err = 42.280000,	Top-5 err = 24.460000,	train_time = 10.720864
TRAIN Iter 220: loss = 0.001361,	Top-1 err = 35.570000,	Top-5 err = 19.330000,	train_time = 10.745828
TRAIN Iter 221: loss = 0.001382,	Top-1 err = 37.120000,	Top-5 err = 20.940000,	train_time = 10.771240
TRAIN Iter 222: loss = 0.001407,	Top-1 err = 38.180000,	Top-5 err = 21.790000,	train_time = 10.743654
TRAIN Iter 223: loss = 0.001336,	Top-1 err = 39.260000,	Top-5 err = 23.500000,	train_time = 10.716450
TRAIN Iter 224: loss = 0.001387,	Top-1 err = 39.200000,	Top-5 err = 22.650000,	train_time = 10.703912
TRAIN Iter 225: loss = 0.001357,	Top-1 err = 43.240000,	Top-5 err = 26.990000,	train_time = 10.712142
TRAIN Iter 226: loss = 0.001360,	Top-1 err = 42.070000,	Top-5 err = 24.560000,	train_time = 10.760081
TRAIN Iter 227: loss = 0.001357,	Top-1 err = 48.430000,	Top-5 err = 29.770000,	train_time = 10.761940
TRAIN Iter 228: loss = 0.001352,	Top-1 err = 42.750000,	Top-5 err = 25.500000,	train_time = 10.777740
TRAIN Iter 229: loss = 0.001341,	Top-1 err = 42.550000,	Top-5 err = 26.050000,	train_time = 10.761842
TRAIN Iter 230: loss = 0.001320,	Top-1 err = 40.620000,	Top-5 err = 25.060000,	train_time = 10.690531
TRAIN Iter 231: loss = 0.001342,	Top-1 err = 41.800000,	Top-5 err = 25.700000,	train_time = 10.786207
TRAIN Iter 232: loss = 0.001323,	Top-1 err = 44.300000,	Top-5 err = 27.380000,	train_time = 10.777860
TRAIN Iter 233: loss = 0.001300,	Top-1 err = 41.790000,	Top-5 err = 25.730000,	train_time = 10.743490
TRAIN Iter 234: loss = 0.001303,	Top-1 err = 39.670000,	Top-5 err = 23.240000,	train_time = 10.757130
TRAIN Iter 235: loss = 0.001311,	Top-1 err = 40.060000,	Top-5 err = 23.160000,	train_time = 10.824069
TRAIN Iter 236: loss = 0.001276,	Top-1 err = 37.070000,	Top-5 err = 21.950000,	train_time = 10.750333
TRAIN Iter 237: loss = 0.001282,	Top-1 err = 45.720000,	Top-5 err = 30.250000,	train_time = 10.787512
TRAIN Iter 238: loss = 0.001274,	Top-1 err = 36.180000,	Top-5 err = 21.680000,	train_time = 10.758861
TRAIN Iter 239: loss = 0.001260,	Top-1 err = 45.460000,	Top-5 err = 28.170000,	train_time = 10.875513
TRAIN Iter 240: loss = 0.001291,	Top-1 err = 39.520000,	Top-5 err = 22.580000,	train_time = 10.730452
TRAIN Iter 241: loss = 0.001276,	Top-1 err = 44.270000,	Top-5 err = 27.690000,	train_time = 10.732798
TRAIN Iter 242: loss = 0.001297,	Top-1 err = 40.320000,	Top-5 err = 22.830000,	train_time = 10.762170
TRAIN Iter 243: loss = 0.001264,	Top-1 err = 45.600000,	Top-5 err = 27.530000,	train_time = 10.750861
TRAIN Iter 244: loss = 0.001279,	Top-1 err = 41.860000,	Top-5 err = 25.060000,	train_time = 10.611943
TRAIN Iter 245: loss = 0.001232,	Top-1 err = 43.010000,	Top-5 err = 25.450000,	train_time = 10.775802
TRAIN Iter 246: loss = 0.001269,	Top-1 err = 35.200000,	Top-5 err = 21.400000,	train_time = 10.709366
TRAIN Iter 247: loss = 0.001261,	Top-1 err = 41.960000,	Top-5 err = 24.740000,	train_time = 10.676315
TRAIN Iter 248: loss = 0.001227,	Top-1 err = 41.510000,	Top-5 err = 22.750000,	train_time = 10.713920
TRAIN Iter 249: loss = 0.001209,	Top-1 err = 38.300000,	Top-5 err = 21.280000,	train_time = 10.718708
TEST:
Iter 249: loss = 2.227175,	Top-1 err = 51.750000,	Top-5 err = 26.770000,	val_time = 2.182070
TRAIN Iter 250: loss = 0.001244,	Top-1 err = 33.010000,	Top-5 err = 17.940000,	train_time = 10.753897
TRAIN Iter 251: loss = 0.001240,	Top-1 err = 41.460000,	Top-5 err = 24.440000,	train_time = 10.722564
TRAIN Iter 252: loss = 0.001215,	Top-1 err = 46.950000,	Top-5 err = 29.500000,	train_time = 10.584435
TRAIN Iter 253: loss = 0.001234,	Top-1 err = 40.410000,	Top-5 err = 24.020000,	train_time = 10.747637
TRAIN Iter 254: loss = 0.001213,	Top-1 err = 34.220000,	Top-5 err = 19.570000,	train_time = 10.672796
TRAIN Iter 255: loss = 0.001192,	Top-1 err = 44.710000,	Top-5 err = 26.930000,	train_time = 10.780389
TRAIN Iter 256: loss = 0.001197,	Top-1 err = 38.900000,	Top-5 err = 23.420000,	train_time = 10.727641
TRAIN Iter 257: loss = 0.001210,	Top-1 err = 40.920000,	Top-5 err = 24.780000,	train_time = 10.708968
TRAIN Iter 258: loss = 0.001174,	Top-1 err = 38.620000,	Top-5 err = 21.010000,	train_time = 10.801632
TRAIN Iter 259: loss = 0.001170,	Top-1 err = 37.720000,	Top-5 err = 22.130000,	train_time = 10.775642
TEST:
Iter 259: loss = 2.251050,	Top-1 err = 52.460000,	Top-5 err = 26.870000,	val_time = 2.249512
TRAIN Iter 260: loss = 0.001160,	Top-1 err = 40.550000,	Top-5 err = 23.400000,	train_time = 10.771847
TRAIN Iter 261: loss = 0.001198,	Top-1 err = 39.550000,	Top-5 err = 22.880000,	train_time = 10.758355
TRAIN Iter 262: loss = 0.001195,	Top-1 err = 40.360000,	Top-5 err = 24.720000,	train_time = 10.701612
TRAIN Iter 263: loss = 0.001155,	Top-1 err = 45.360000,	Top-5 err = 27.320000,	train_time = 10.793904
TRAIN Iter 264: loss = 0.001152,	Top-1 err = 40.650000,	Top-5 err = 23.910000,	train_time = 10.682394
TRAIN Iter 265: loss = 0.001141,	Top-1 err = 37.120000,	Top-5 err = 21.800000,	train_time = 10.750209
TRAIN Iter 266: loss = 0.001153,	Top-1 err = 44.060000,	Top-5 err = 27.080000,	train_time = 10.746926
TRAIN Iter 267: loss = 0.001152,	Top-1 err = 42.080000,	Top-5 err = 26.340000,	train_time = 10.704360
TRAIN Iter 268: loss = 0.001163,	Top-1 err = 41.070000,	Top-5 err = 25.230000,	train_time = 10.778820
TRAIN Iter 269: loss = 0.001165,	Top-1 err = 43.880000,	Top-5 err = 26.230000,	train_time = 10.682494
TEST:
Iter 269: loss = 2.217185,	Top-1 err = 51.700000,	Top-5 err = 26.670000,	val_time = 2.131070
TRAIN Iter 270: loss = 0.001167,	Top-1 err = 38.180000,	Top-5 err = 23.820000,	train_time = 10.749989
TRAIN Iter 271: loss = 0.001111,	Top-1 err = 44.730000,	Top-5 err = 26.880000,	train_time = 10.711926
TRAIN Iter 272: loss = 0.001133,	Top-1 err = 43.900000,	Top-5 err = 28.000000,	train_time = 10.739466
TRAIN Iter 273: loss = 0.001137,	Top-1 err = 48.100000,	Top-5 err = 30.240000,	train_time = 10.766875
TRAIN Iter 274: loss = 0.001119,	Top-1 err = 42.600000,	Top-5 err = 26.330000,	train_time = 10.750283
TRAIN Iter 275: loss = 0.001099,	Top-1 err = 40.910000,	Top-5 err = 24.100000,	train_time = 10.714180
TRAIN Iter 276: loss = 0.001092,	Top-1 err = 37.340000,	Top-5 err = 20.630000,	train_time = 10.758622
TRAIN Iter 277: loss = 0.001107,	Top-1 err = 37.170000,	Top-5 err = 20.420000,	train_time = 10.749977
TRAIN Iter 278: loss = 0.001104,	Top-1 err = 40.260000,	Top-5 err = 23.930000,	train_time = 10.758273
TRAIN Iter 279: loss = 0.001098,	Top-1 err = 41.870000,	Top-5 err = 25.590000,	train_time = 10.728022
TEST:
Iter 279: loss = 2.226107,	Top-1 err = 52.070000,	Top-5 err = 26.470000,	val_time = 2.184651
TRAIN Iter 280: loss = 0.001094,	Top-1 err = 40.750000,	Top-5 err = 24.870000,	train_time = 10.726958
TRAIN Iter 281: loss = 0.001107,	Top-1 err = 42.660000,	Top-5 err = 25.570000,	train_time = 10.685579
TRAIN Iter 282: loss = 0.001109,	Top-1 err = 38.720000,	Top-5 err = 21.920000,	train_time = 10.712790
TRAIN Iter 283: loss = 0.001058,	Top-1 err = 43.440000,	Top-5 err = 25.750000,	train_time = 10.707865
TRAIN Iter 284: loss = 0.001069,	Top-1 err = 37.160000,	Top-5 err = 21.450000,	train_time = 10.702366
TRAIN Iter 285: loss = 0.001097,	Top-1 err = 42.370000,	Top-5 err = 24.850000,	train_time = 10.709454
TRAIN Iter 286: loss = 0.001076,	Top-1 err = 41.800000,	Top-5 err = 24.700000,	train_time = 10.746147
TRAIN Iter 287: loss = 0.001084,	Top-1 err = 42.400000,	Top-5 err = 26.060000,	train_time = 10.756382
TRAIN Iter 288: loss = 0.001076,	Top-1 err = 44.740000,	Top-5 err = 27.200000,	train_time = 10.793617
TRAIN Iter 289: loss = 0.001075,	Top-1 err = 40.250000,	Top-5 err = 23.160000,	train_time = 10.791905
TEST:
Iter 289: loss = 2.242147,	Top-1 err = 52.180000,	Top-5 err = 27.040000,	val_time = 2.204741
TRAIN Iter 290: loss = 0.001042,	Top-1 err = 43.570000,	Top-5 err = 26.020000,	train_time = 10.804410
TRAIN Iter 291: loss = 0.001047,	Top-1 err = 39.850000,	Top-5 err = 23.740000,	train_time = 10.765622
TRAIN Iter 292: loss = 0.001082,	Top-1 err = 41.010000,	Top-5 err = 25.870000,	train_time = 10.684433
TRAIN Iter 293: loss = 0.001048,	Top-1 err = 45.230000,	Top-5 err = 28.440000,	train_time = 10.749676
TRAIN Iter 294: loss = 0.001045,	Top-1 err = 37.110000,	Top-5 err = 19.870000,	train_time = 10.741229
TRAIN Iter 295: loss = 0.001059,	Top-1 err = 44.480000,	Top-5 err = 26.700000,	train_time = 10.737843
TRAIN Iter 296: loss = 0.001058,	Top-1 err = 43.690000,	Top-5 err = 25.900000,	train_time = 10.725754
TRAIN Iter 297: loss = 0.001022,	Top-1 err = 40.000000,	Top-5 err = 23.300000,	train_time = 10.715116
TRAIN Iter 298: loss = 0.001021,	Top-1 err = 42.530000,	Top-5 err = 26.360000,	train_time = 10.657540
TRAIN Iter 299: loss = 0.001004,	Top-1 err = 38.460000,	Top-5 err = 21.480000,	train_time = 10.799089
TEST:
Iter 299: loss = 2.220170,	Top-1 err = 51.810000,	Top-5 err = 26.460000,	val_time = 2.174853
Train Finish! Best accuracy is 48.3@269
