=> using pytorch pre-trained teacher model 'conv4'
process data from /home/dvspanos/nikos/ca2d/artifacts/rded_sets/tin_sharpfl_ipc10
load data successfully
TRAIN Iter 0: loss = 0.023468,	Top-1 err = 99.250000,	Top-5 err = 95.950000,	train_time = 3.747639
TRAIN Iter 1: loss = 0.018707,	Top-1 err = 97.950000,	Top-5 err = 92.500000,	train_time = 2.243932
TRAIN Iter 2: loss = 0.016087,	Top-1 err = 96.850000,	Top-5 err = 89.100000,	train_time = 2.241508
TRAIN Iter 3: loss = 0.015556,	Top-1 err = 95.400000,	Top-5 err = 87.500000,	train_time = 2.288319
TRAIN Iter 4: loss = 0.013895,	Top-1 err = 94.500000,	Top-5 err = 83.900000,	train_time = 2.275597
TRAIN Iter 5: loss = 0.013481,	Top-1 err = 92.700000,	Top-5 err = 77.550000,	train_time = 2.251080
TRAIN Iter 6: loss = 0.013126,	Top-1 err = 90.000000,	Top-5 err = 72.900000,	train_time = 2.303623
TRAIN Iter 7: loss = 0.011903,	Top-1 err = 87.800000,	Top-5 err = 67.850000,	train_time = 2.271557
TRAIN Iter 8: loss = 0.011412,	Top-1 err = 88.650000,	Top-5 err = 70.350000,	train_time = 2.284552
TRAIN Iter 9: loss = 0.011352,	Top-1 err = 88.050000,	Top-5 err = 66.150000,	train_time = 2.251122
TRAIN Iter 10: loss = 0.010613,	Top-1 err = 88.050000,	Top-5 err = 68.350000,	train_time = 2.271009
TRAIN Iter 11: loss = 0.010222,	Top-1 err = 86.450000,	Top-5 err = 65.050000,	train_time = 2.279412
TRAIN Iter 12: loss = 0.010446,	Top-1 err = 84.750000,	Top-5 err = 63.050000,	train_time = 2.313896
TRAIN Iter 13: loss = 0.010404,	Top-1 err = 81.400000,	Top-5 err = 55.850000,	train_time = 2.302009
TRAIN Iter 14: loss = 0.009906,	Top-1 err = 82.900000,	Top-5 err = 60.050000,	train_time = 2.243091
TRAIN Iter 15: loss = 0.009163,	Top-1 err = 81.050000,	Top-5 err = 56.100000,	train_time = 2.295082
TRAIN Iter 16: loss = 0.009513,	Top-1 err = 83.400000,	Top-5 err = 59.400000,	train_time = 2.274542
TRAIN Iter 17: loss = 0.009164,	Top-1 err = 83.150000,	Top-5 err = 59.700000,	train_time = 2.320645
TRAIN Iter 18: loss = 0.009240,	Top-1 err = 78.850000,	Top-5 err = 56.850000,	train_time = 2.322354
TRAIN Iter 19: loss = 0.009011,	Top-1 err = 75.650000,	Top-5 err = 47.300000,	train_time = 2.238029
TRAIN Iter 20: loss = 0.008629,	Top-1 err = 81.750000,	Top-5 err = 58.300000,	train_time = 2.304252
TRAIN Iter 21: loss = 0.008118,	Top-1 err = 77.050000,	Top-5 err = 54.650000,	train_time = 2.257786
TRAIN Iter 22: loss = 0.008273,	Top-1 err = 80.050000,	Top-5 err = 58.500000,	train_time = 2.260274
TRAIN Iter 23: loss = 0.008062,	Top-1 err = 75.650000,	Top-5 err = 49.500000,	train_time = 2.266860
TRAIN Iter 24: loss = 0.008141,	Top-1 err = 76.100000,	Top-5 err = 51.250000,	train_time = 2.327306
TRAIN Iter 25: loss = 0.007896,	Top-1 err = 76.600000,	Top-5 err = 50.300000,	train_time = 2.292173
TRAIN Iter 26: loss = 0.007970,	Top-1 err = 71.250000,	Top-5 err = 44.750000,	train_time = 2.280068
TRAIN Iter 27: loss = 0.007390,	Top-1 err = 81.650000,	Top-5 err = 59.750000,	train_time = 2.272450
TRAIN Iter 28: loss = 0.007554,	Top-1 err = 72.200000,	Top-5 err = 44.850000,	train_time = 2.292089
TRAIN Iter 29: loss = 0.007278,	Top-1 err = 76.600000,	Top-5 err = 54.250000,	train_time = 2.297523
TRAIN Iter 30: loss = 0.007319,	Top-1 err = 71.500000,	Top-5 err = 47.700000,	train_time = 2.300673
TRAIN Iter 31: loss = 0.007083,	Top-1 err = 76.500000,	Top-5 err = 53.150000,	train_time = 2.271366
TRAIN Iter 32: loss = 0.006894,	Top-1 err = 75.100000,	Top-5 err = 49.650000,	train_time = 2.255556
TRAIN Iter 33: loss = 0.006816,	Top-1 err = 74.200000,	Top-5 err = 47.850000,	train_time = 2.280923
TRAIN Iter 34: loss = 0.007288,	Top-1 err = 66.900000,	Top-5 err = 41.450000,	train_time = 2.281996
TRAIN Iter 35: loss = 0.007014,	Top-1 err = 71.800000,	Top-5 err = 47.350000,	train_time = 2.248834
TRAIN Iter 36: loss = 0.006795,	Top-1 err = 73.800000,	Top-5 err = 50.550000,	train_time = 2.297683
TRAIN Iter 37: loss = 0.006801,	Top-1 err = 70.900000,	Top-5 err = 47.100000,	train_time = 2.340204
TRAIN Iter 38: loss = 0.006678,	Top-1 err = 69.350000,	Top-5 err = 43.950000,	train_time = 2.290570
TRAIN Iter 39: loss = 0.006346,	Top-1 err = 69.800000,	Top-5 err = 41.950000,	train_time = 2.329723
TRAIN Iter 40: loss = 0.006462,	Top-1 err = 80.350000,	Top-5 err = 59.400000,	train_time = 2.296387
TRAIN Iter 41: loss = 0.006581,	Top-1 err = 64.900000,	Top-5 err = 39.450000,	train_time = 2.293651
TRAIN Iter 42: loss = 0.006628,	Top-1 err = 60.000000,	Top-5 err = 31.500000,	train_time = 2.308212
TRAIN Iter 43: loss = 0.006263,	Top-1 err = 75.050000,	Top-5 err = 53.900000,	train_time = 2.316676
TRAIN Iter 44: loss = 0.005992,	Top-1 err = 74.800000,	Top-5 err = 53.200000,	train_time = 2.321017
TRAIN Iter 45: loss = 0.006120,	Top-1 err = 62.650000,	Top-5 err = 35.900000,	train_time = 2.322252
TRAIN Iter 46: loss = 0.005984,	Top-1 err = 68.650000,	Top-5 err = 43.750000,	train_time = 2.273584
TRAIN Iter 47: loss = 0.006260,	Top-1 err = 67.450000,	Top-5 err = 43.250000,	train_time = 2.286011
TRAIN Iter 48: loss = 0.006186,	Top-1 err = 69.450000,	Top-5 err = 45.350000,	train_time = 2.305914
TRAIN Iter 49: loss = 0.005920,	Top-1 err = 63.900000,	Top-5 err = 37.650000,	train_time = 2.291264
TRAIN Iter 50: loss = 0.005836,	Top-1 err = 73.000000,	Top-5 err = 48.950000,	train_time = 2.281407
TRAIN Iter 51: loss = 0.005817,	Top-1 err = 72.200000,	Top-5 err = 49.750000,	train_time = 2.245212
TRAIN Iter 52: loss = 0.005755,	Top-1 err = 63.800000,	Top-5 err = 40.200000,	train_time = 2.296282
TRAIN Iter 53: loss = 0.005631,	Top-1 err = 70.100000,	Top-5 err = 46.300000,	train_time = 2.264823
TRAIN Iter 54: loss = 0.005622,	Top-1 err = 52.400000,	Top-5 err = 24.150000,	train_time = 2.300781
TRAIN Iter 55: loss = 0.005395,	Top-1 err = 71.750000,	Top-5 err = 49.500000,	train_time = 2.350755
TRAIN Iter 56: loss = 0.005344,	Top-1 err = 69.850000,	Top-5 err = 46.300000,	train_time = 2.339174
TRAIN Iter 57: loss = 0.005426,	Top-1 err = 61.500000,	Top-5 err = 34.800000,	train_time = 2.291616
TRAIN Iter 58: loss = 0.005279,	Top-1 err = 67.550000,	Top-5 err = 42.700000,	train_time = 2.342020
TRAIN Iter 59: loss = 0.005266,	Top-1 err = 65.350000,	Top-5 err = 40.750000,	train_time = 2.171825
TRAIN Iter 60: loss = 0.005437,	Top-1 err = 60.900000,	Top-5 err = 35.300000,	train_time = 2.336392
TRAIN Iter 61: loss = 0.005336,	Top-1 err = 61.300000,	Top-5 err = 33.750000,	train_time = 2.342188
TRAIN Iter 62: loss = 0.005419,	Top-1 err = 55.300000,	Top-5 err = 30.050000,	train_time = 2.274903
TRAIN Iter 63: loss = 0.005328,	Top-1 err = 53.700000,	Top-5 err = 29.850000,	train_time = 2.335453
TRAIN Iter 64: loss = 0.005167,	Top-1 err = 62.100000,	Top-5 err = 37.200000,	train_time = 2.351574
TRAIN Iter 65: loss = 0.005195,	Top-1 err = 59.600000,	Top-5 err = 34.250000,	train_time = 2.336127
TRAIN Iter 66: loss = 0.004970,	Top-1 err = 57.650000,	Top-5 err = 31.550000,	train_time = 2.315295
TRAIN Iter 67: loss = 0.004961,	Top-1 err = 65.600000,	Top-5 err = 40.500000,	train_time = 2.291165
TRAIN Iter 68: loss = 0.005182,	Top-1 err = 62.150000,	Top-5 err = 37.400000,	train_time = 2.270412
TRAIN Iter 69: loss = 0.005029,	Top-1 err = 66.450000,	Top-5 err = 42.450000,	train_time = 2.292999
TRAIN Iter 70: loss = 0.004872,	Top-1 err = 62.800000,	Top-5 err = 40.300000,	train_time = 2.340168
TRAIN Iter 71: loss = 0.004950,	Top-1 err = 59.650000,	Top-5 err = 35.450000,	train_time = 2.353652
TRAIN Iter 72: loss = 0.005053,	Top-1 err = 66.250000,	Top-5 err = 41.750000,	train_time = 2.336598
TRAIN Iter 73: loss = 0.004926,	Top-1 err = 52.500000,	Top-5 err = 27.050000,	train_time = 2.339675
TRAIN Iter 74: loss = 0.005238,	Top-1 err = 53.500000,	Top-5 err = 28.500000,	train_time = 2.331309
TRAIN Iter 75: loss = 0.004904,	Top-1 err = 61.050000,	Top-5 err = 35.100000,	train_time = 2.378938
TRAIN Iter 76: loss = 0.004821,	Top-1 err = 72.950000,	Top-5 err = 50.550000,	train_time = 2.334162
TRAIN Iter 77: loss = 0.004862,	Top-1 err = 58.300000,	Top-5 err = 34.100000,	train_time = 2.348638
TRAIN Iter 78: loss = 0.004768,	Top-1 err = 66.900000,	Top-5 err = 45.800000,	train_time = 2.317129
TRAIN Iter 79: loss = 0.004883,	Top-1 err = 64.450000,	Top-5 err = 42.250000,	train_time = 2.309103
TRAIN Iter 80: loss = 0.004674,	Top-1 err = 62.100000,	Top-5 err = 37.300000,	train_time = 2.313326
TRAIN Iter 81: loss = 0.004696,	Top-1 err = 68.900000,	Top-5 err = 45.500000,	train_time = 2.359904
TRAIN Iter 82: loss = 0.004557,	Top-1 err = 59.600000,	Top-5 err = 34.300000,	train_time = 2.326419
TRAIN Iter 83: loss = 0.004738,	Top-1 err = 68.450000,	Top-5 err = 44.500000,	train_time = 2.325680
TRAIN Iter 84: loss = 0.004435,	Top-1 err = 57.850000,	Top-5 err = 31.950000,	train_time = 2.351122
TRAIN Iter 85: loss = 0.004574,	Top-1 err = 68.350000,	Top-5 err = 47.750000,	train_time = 2.341400
TRAIN Iter 86: loss = 0.004492,	Top-1 err = 53.500000,	Top-5 err = 31.050000,	train_time = 2.335966
TRAIN Iter 87: loss = 0.004555,	Top-1 err = 67.600000,	Top-5 err = 47.150000,	train_time = 2.288353
TRAIN Iter 88: loss = 0.004509,	Top-1 err = 62.700000,	Top-5 err = 37.850000,	train_time = 2.354075
TRAIN Iter 89: loss = 0.004377,	Top-1 err = 62.650000,	Top-5 err = 37.750000,	train_time = 2.341913
TRAIN Iter 90: loss = 0.004371,	Top-1 err = 59.050000,	Top-5 err = 35.550000,	train_time = 2.314590
TRAIN Iter 91: loss = 0.004391,	Top-1 err = 62.550000,	Top-5 err = 39.450000,	train_time = 2.241826
TRAIN Iter 92: loss = 0.004373,	Top-1 err = 63.800000,	Top-5 err = 39.550000,	train_time = 2.312476
TRAIN Iter 93: loss = 0.004541,	Top-1 err = 60.900000,	Top-5 err = 35.700000,	train_time = 2.280633
TRAIN Iter 94: loss = 0.004446,	Top-1 err = 54.600000,	Top-5 err = 31.350000,	train_time = 2.317309
TRAIN Iter 95: loss = 0.004538,	Top-1 err = 55.000000,	Top-5 err = 30.800000,	train_time = 2.319853
TRAIN Iter 96: loss = 0.004439,	Top-1 err = 59.500000,	Top-5 err = 35.350000,	train_time = 2.333337
TRAIN Iter 97: loss = 0.004391,	Top-1 err = 64.050000,	Top-5 err = 41.250000,	train_time = 2.340943
TRAIN Iter 98: loss = 0.004247,	Top-1 err = 42.850000,	Top-5 err = 17.350000,	train_time = 2.352458
TRAIN Iter 99: loss = 0.004220,	Top-1 err = 57.250000,	Top-5 err = 34.900000,	train_time = 2.333204
TRAIN Iter 100: loss = 0.004284,	Top-1 err = 64.250000,	Top-5 err = 41.100000,	train_time = 2.350273
TRAIN Iter 101: loss = 0.004255,	Top-1 err = 64.250000,	Top-5 err = 40.500000,	train_time = 2.320338
TRAIN Iter 102: loss = 0.004156,	Top-1 err = 67.200000,	Top-5 err = 45.100000,	train_time = 2.288194
TRAIN Iter 103: loss = 0.004352,	Top-1 err = 51.950000,	Top-5 err = 28.300000,	train_time = 2.359838
TRAIN Iter 104: loss = 0.004383,	Top-1 err = 72.700000,	Top-5 err = 53.350000,	train_time = 2.318624
TRAIN Iter 105: loss = 0.004211,	Top-1 err = 60.450000,	Top-5 err = 36.700000,	train_time = 2.312297
TRAIN Iter 106: loss = 0.004103,	Top-1 err = 57.950000,	Top-5 err = 32.900000,	train_time = 2.262951
TRAIN Iter 107: loss = 0.004120,	Top-1 err = 61.200000,	Top-5 err = 36.050000,	train_time = 2.353923
TRAIN Iter 108: loss = 0.004052,	Top-1 err = 55.300000,	Top-5 err = 30.150000,	train_time = 2.292200
TRAIN Iter 109: loss = 0.004057,	Top-1 err = 58.600000,	Top-5 err = 35.250000,	train_time = 2.298392
TRAIN Iter 110: loss = 0.004131,	Top-1 err = 45.400000,	Top-5 err = 20.200000,	train_time = 2.312257
TRAIN Iter 111: loss = 0.003988,	Top-1 err = 61.050000,	Top-5 err = 36.900000,	train_time = 2.316812
TRAIN Iter 112: loss = 0.004290,	Top-1 err = 54.800000,	Top-5 err = 34.550000,	train_time = 2.338121
TRAIN Iter 113: loss = 0.004024,	Top-1 err = 40.550000,	Top-5 err = 18.500000,	train_time = 2.309201
TRAIN Iter 114: loss = 0.004071,	Top-1 err = 51.300000,	Top-5 err = 27.200000,	train_time = 2.286960
TRAIN Iter 115: loss = 0.003929,	Top-1 err = 59.800000,	Top-5 err = 36.450000,	train_time = 2.351629
TRAIN Iter 116: loss = 0.003923,	Top-1 err = 51.700000,	Top-5 err = 27.700000,	train_time = 2.279048
TRAIN Iter 117: loss = 0.003887,	Top-1 err = 51.450000,	Top-5 err = 27.600000,	train_time = 2.349536
TRAIN Iter 118: loss = 0.004107,	Top-1 err = 63.050000,	Top-5 err = 40.900000,	train_time = 2.355304
TRAIN Iter 119: loss = 0.004006,	Top-1 err = 51.450000,	Top-5 err = 27.250000,	train_time = 2.271697
TRAIN Iter 120: loss = 0.003942,	Top-1 err = 63.100000,	Top-5 err = 38.000000,	train_time = 2.283780
TRAIN Iter 121: loss = 0.003877,	Top-1 err = 65.000000,	Top-5 err = 43.400000,	train_time = 2.335192
TRAIN Iter 122: loss = 0.003979,	Top-1 err = 65.600000,	Top-5 err = 41.150000,	train_time = 2.333452
TRAIN Iter 123: loss = 0.004164,	Top-1 err = 61.850000,	Top-5 err = 41.250000,	train_time = 2.231822
TRAIN Iter 124: loss = 0.004106,	Top-1 err = 65.500000,	Top-5 err = 43.650000,	train_time = 2.324510
TRAIN Iter 125: loss = 0.004092,	Top-1 err = 62.000000,	Top-5 err = 41.400000,	train_time = 2.293494
TRAIN Iter 126: loss = 0.004062,	Top-1 err = 62.950000,	Top-5 err = 42.100000,	train_time = 2.296454
TRAIN Iter 127: loss = 0.003901,	Top-1 err = 60.750000,	Top-5 err = 38.200000,	train_time = 2.286880
TRAIN Iter 128: loss = 0.003932,	Top-1 err = 61.150000,	Top-5 err = 39.600000,	train_time = 2.162282
TRAIN Iter 129: loss = 0.003929,	Top-1 err = 51.550000,	Top-5 err = 26.850000,	train_time = 2.323816
TRAIN Iter 130: loss = 0.003869,	Top-1 err = 63.850000,	Top-5 err = 43.200000,	train_time = 2.327146
TRAIN Iter 131: loss = 0.003722,	Top-1 err = 55.800000,	Top-5 err = 33.050000,	train_time = 2.310445
TRAIN Iter 132: loss = 0.004037,	Top-1 err = 52.600000,	Top-5 err = 30.600000,	train_time = 2.306136
TRAIN Iter 133: loss = 0.003869,	Top-1 err = 48.700000,	Top-5 err = 24.300000,	train_time = 2.346473
TRAIN Iter 134: loss = 0.003720,	Top-1 err = 69.300000,	Top-5 err = 46.000000,	train_time = 2.321933
TRAIN Iter 135: loss = 0.003956,	Top-1 err = 51.750000,	Top-5 err = 30.650000,	train_time = 2.335862
TRAIN Iter 136: loss = 0.003768,	Top-1 err = 52.250000,	Top-5 err = 27.950000,	train_time = 2.278141
TRAIN Iter 137: loss = 0.003903,	Top-1 err = 70.050000,	Top-5 err = 48.950000,	train_time = 2.321818
TRAIN Iter 138: loss = 0.003663,	Top-1 err = 55.450000,	Top-5 err = 29.750000,	train_time = 2.390679
TRAIN Iter 139: loss = 0.003765,	Top-1 err = 50.850000,	Top-5 err = 29.050000,	train_time = 2.279297
TRAIN Iter 140: loss = 0.003729,	Top-1 err = 55.400000,	Top-5 err = 32.300000,	train_time = 2.348683
TRAIN Iter 141: loss = 0.003820,	Top-1 err = 55.100000,	Top-5 err = 32.800000,	train_time = 2.370190
TRAIN Iter 142: loss = 0.003727,	Top-1 err = 59.200000,	Top-5 err = 34.800000,	train_time = 2.335481
TRAIN Iter 143: loss = 0.003628,	Top-1 err = 52.350000,	Top-5 err = 30.900000,	train_time = 2.335583
TRAIN Iter 144: loss = 0.003678,	Top-1 err = 52.650000,	Top-5 err = 26.150000,	train_time = 2.353874
TRAIN Iter 145: loss = 0.003718,	Top-1 err = 61.250000,	Top-5 err = 37.650000,	train_time = 2.323363
TRAIN Iter 146: loss = 0.003675,	Top-1 err = 58.800000,	Top-5 err = 35.800000,	train_time = 2.342105
TRAIN Iter 147: loss = 0.003754,	Top-1 err = 63.850000,	Top-5 err = 42.050000,	train_time = 2.283065
TRAIN Iter 148: loss = 0.003718,	Top-1 err = 59.200000,	Top-5 err = 39.400000,	train_time = 2.345122
TRAIN Iter 149: loss = 0.003571,	Top-1 err = 53.050000,	Top-5 err = 31.200000,	train_time = 2.309812
TRAIN Iter 150: loss = 0.003609,	Top-1 err = 52.850000,	Top-5 err = 31.050000,	train_time = 2.344688
TRAIN Iter 151: loss = 0.003550,	Top-1 err = 56.750000,	Top-5 err = 33.600000,	train_time = 2.298653
TRAIN Iter 152: loss = 0.003555,	Top-1 err = 49.150000,	Top-5 err = 27.850000,	train_time = 2.294263
TRAIN Iter 153: loss = 0.003641,	Top-1 err = 42.050000,	Top-5 err = 19.100000,	train_time = 2.270004
TRAIN Iter 154: loss = 0.003569,	Top-1 err = 52.950000,	Top-5 err = 26.900000,	train_time = 2.322067
TRAIN Iter 155: loss = 0.003556,	Top-1 err = 49.000000,	Top-5 err = 24.550000,	train_time = 2.361005
TRAIN Iter 156: loss = 0.003556,	Top-1 err = 61.200000,	Top-5 err = 41.600000,	train_time = 2.345724
TRAIN Iter 157: loss = 0.003483,	Top-1 err = 53.600000,	Top-5 err = 29.000000,	train_time = 2.326111
TRAIN Iter 158: loss = 0.003674,	Top-1 err = 55.650000,	Top-5 err = 35.400000,	train_time = 2.330410
TRAIN Iter 159: loss = 0.003514,	Top-1 err = 51.300000,	Top-5 err = 30.750000,	train_time = 2.327227
TRAIN Iter 160: loss = 0.003623,	Top-1 err = 58.900000,	Top-5 err = 36.600000,	train_time = 2.384156
TRAIN Iter 161: loss = 0.003464,	Top-1 err = 49.900000,	Top-5 err = 26.500000,	train_time = 2.325736
TRAIN Iter 162: loss = 0.003452,	Top-1 err = 63.450000,	Top-5 err = 40.950000,	train_time = 2.333491
TRAIN Iter 163: loss = 0.003514,	Top-1 err = 56.750000,	Top-5 err = 32.100000,	train_time = 2.343848
TRAIN Iter 164: loss = 0.003697,	Top-1 err = 60.300000,	Top-5 err = 34.900000,	train_time = 2.343739
TRAIN Iter 165: loss = 0.003618,	Top-1 err = 56.100000,	Top-5 err = 31.050000,	train_time = 2.338542
TRAIN Iter 166: loss = 0.003542,	Top-1 err = 61.550000,	Top-5 err = 37.900000,	train_time = 2.295341
TRAIN Iter 167: loss = 0.003574,	Top-1 err = 60.800000,	Top-5 err = 41.000000,	train_time = 2.340039
TRAIN Iter 168: loss = 0.003569,	Top-1 err = 54.900000,	Top-5 err = 31.800000,	train_time = 2.282105
TRAIN Iter 169: loss = 0.003623,	Top-1 err = 67.300000,	Top-5 err = 43.650000,	train_time = 2.366127
TRAIN Iter 170: loss = 0.003464,	Top-1 err = 50.600000,	Top-5 err = 25.550000,	train_time = 2.353413
TRAIN Iter 171: loss = 0.003385,	Top-1 err = 47.400000,	Top-5 err = 25.900000,	train_time = 2.364769
TRAIN Iter 172: loss = 0.003500,	Top-1 err = 65.150000,	Top-5 err = 42.950000,	train_time = 2.343249
TRAIN Iter 173: loss = 0.003547,	Top-1 err = 65.000000,	Top-5 err = 42.800000,	train_time = 2.359789
TRAIN Iter 174: loss = 0.003495,	Top-1 err = 61.550000,	Top-5 err = 39.550000,	train_time = 2.359611
TRAIN Iter 175: loss = 0.003511,	Top-1 err = 58.700000,	Top-5 err = 36.450000,	train_time = 2.391662
TRAIN Iter 176: loss = 0.003374,	Top-1 err = 49.100000,	Top-5 err = 28.900000,	train_time = 2.297068
TRAIN Iter 177: loss = 0.003378,	Top-1 err = 52.350000,	Top-5 err = 32.900000,	train_time = 2.328945
TRAIN Iter 178: loss = 0.003419,	Top-1 err = 50.550000,	Top-5 err = 28.350000,	train_time = 2.345925
TRAIN Iter 179: loss = 0.003343,	Top-1 err = 49.450000,	Top-5 err = 28.700000,	train_time = 2.365690
TRAIN Iter 180: loss = 0.003372,	Top-1 err = 52.500000,	Top-5 err = 34.050000,	train_time = 2.369095
TRAIN Iter 181: loss = 0.003414,	Top-1 err = 52.550000,	Top-5 err = 29.000000,	train_time = 2.363825
TRAIN Iter 182: loss = 0.003381,	Top-1 err = 52.100000,	Top-5 err = 30.400000,	train_time = 2.341679
TRAIN Iter 183: loss = 0.003332,	Top-1 err = 59.250000,	Top-5 err = 36.100000,	train_time = 2.382706
TRAIN Iter 184: loss = 0.003447,	Top-1 err = 55.350000,	Top-5 err = 33.650000,	train_time = 2.365818
TRAIN Iter 185: loss = 0.003357,	Top-1 err = 56.300000,	Top-5 err = 33.600000,	train_time = 2.381902
TRAIN Iter 186: loss = 0.003375,	Top-1 err = 56.800000,	Top-5 err = 33.350000,	train_time = 2.308852
TRAIN Iter 187: loss = 0.003426,	Top-1 err = 57.800000,	Top-5 err = 36.350000,	train_time = 2.323724
TRAIN Iter 188: loss = 0.003458,	Top-1 err = 58.850000,	Top-5 err = 36.050000,	train_time = 2.365026
TRAIN Iter 189: loss = 0.003365,	Top-1 err = 56.650000,	Top-5 err = 36.800000,	train_time = 2.349872
TRAIN Iter 190: loss = 0.003286,	Top-1 err = 56.550000,	Top-5 err = 30.750000,	train_time = 2.401850
TRAIN Iter 191: loss = 0.003378,	Top-1 err = 54.300000,	Top-5 err = 27.650000,	train_time = 2.364610
TRAIN Iter 192: loss = 0.003267,	Top-1 err = 51.750000,	Top-5 err = 28.850000,	train_time = 2.338731
TRAIN Iter 193: loss = 0.003364,	Top-1 err = 58.250000,	Top-5 err = 35.500000,	train_time = 2.327405
TRAIN Iter 194: loss = 0.003179,	Top-1 err = 54.000000,	Top-5 err = 30.450000,	train_time = 2.397707
TRAIN Iter 195: loss = 0.003414,	Top-1 err = 58.850000,	Top-5 err = 36.850000,	train_time = 2.387465
TRAIN Iter 196: loss = 0.003343,	Top-1 err = 59.500000,	Top-5 err = 39.400000,	train_time = 2.397014
TRAIN Iter 197: loss = 0.003307,	Top-1 err = 61.650000,	Top-5 err = 41.550000,	train_time = 2.332525
TRAIN Iter 198: loss = 0.003366,	Top-1 err = 49.600000,	Top-5 err = 29.500000,	train_time = 2.304867
TRAIN Iter 199: loss = 0.003169,	Top-1 err = 53.850000,	Top-5 err = 31.750000,	train_time = 2.367800
TRAIN Iter 200: loss = 0.003223,	Top-1 err = 48.700000,	Top-5 err = 23.050000,	train_time = 2.341453
TRAIN Iter 201: loss = 0.003214,	Top-1 err = 54.100000,	Top-5 err = 32.050000,	train_time = 2.336277
TRAIN Iter 202: loss = 0.003263,	Top-1 err = 61.500000,	Top-5 err = 39.850000,	train_time = 2.369124
TRAIN Iter 203: loss = 0.003338,	Top-1 err = 55.350000,	Top-5 err = 32.850000,	train_time = 2.413239
TRAIN Iter 204: loss = 0.003390,	Top-1 err = 58.750000,	Top-5 err = 33.950000,	train_time = 2.340983
TRAIN Iter 205: loss = 0.003269,	Top-1 err = 51.500000,	Top-5 err = 27.050000,	train_time = 2.365771
TRAIN Iter 206: loss = 0.003175,	Top-1 err = 58.600000,	Top-5 err = 33.550000,	train_time = 2.342226
TRAIN Iter 207: loss = 0.003293,	Top-1 err = 60.350000,	Top-5 err = 40.500000,	train_time = 2.386786
TRAIN Iter 208: loss = 0.003090,	Top-1 err = 41.900000,	Top-5 err = 20.300000,	train_time = 2.356883
TRAIN Iter 209: loss = 0.003109,	Top-1 err = 46.800000,	Top-5 err = 24.150000,	train_time = 2.354859
TRAIN Iter 210: loss = 0.003130,	Top-1 err = 42.950000,	Top-5 err = 20.600000,	train_time = 2.332631
TRAIN Iter 211: loss = 0.003375,	Top-1 err = 57.050000,	Top-5 err = 35.500000,	train_time = 2.396820
TRAIN Iter 212: loss = 0.003215,	Top-1 err = 50.300000,	Top-5 err = 28.400000,	train_time = 2.328907
TRAIN Iter 213: loss = 0.003084,	Top-1 err = 41.500000,	Top-5 err = 19.450000,	train_time = 2.393435
TRAIN Iter 214: loss = 0.003143,	Top-1 err = 41.300000,	Top-5 err = 19.250000,	train_time = 2.390350
TRAIN Iter 215: loss = 0.003154,	Top-1 err = 57.800000,	Top-5 err = 35.600000,	train_time = 2.397645
TRAIN Iter 216: loss = 0.003207,	Top-1 err = 52.150000,	Top-5 err = 32.850000,	train_time = 2.395167
TRAIN Iter 217: loss = 0.003258,	Top-1 err = 48.800000,	Top-5 err = 26.650000,	train_time = 2.398319
TRAIN Iter 218: loss = 0.003297,	Top-1 err = 68.100000,	Top-5 err = 45.350000,	train_time = 2.361106
TRAIN Iter 219: loss = 0.003087,	Top-1 err = 44.550000,	Top-5 err = 24.050000,	train_time = 2.343518
TRAIN Iter 220: loss = 0.003123,	Top-1 err = 47.150000,	Top-5 err = 24.000000,	train_time = 2.406945
TRAIN Iter 221: loss = 0.003088,	Top-1 err = 43.000000,	Top-5 err = 22.150000,	train_time = 2.275630
TRAIN Iter 222: loss = 0.003179,	Top-1 err = 56.100000,	Top-5 err = 33.800000,	train_time = 2.378885
TRAIN Iter 223: loss = 0.003281,	Top-1 err = 55.550000,	Top-5 err = 36.100000,	train_time = 2.358244
TRAIN Iter 224: loss = 0.003056,	Top-1 err = 41.600000,	Top-5 err = 18.350000,	train_time = 2.407885
TRAIN Iter 225: loss = 0.003202,	Top-1 err = 53.150000,	Top-5 err = 31.050000,	train_time = 2.345333
TRAIN Iter 226: loss = 0.003125,	Top-1 err = 53.050000,	Top-5 err = 31.750000,	train_time = 2.349381
TRAIN Iter 227: loss = 0.003073,	Top-1 err = 50.550000,	Top-5 err = 27.500000,	train_time = 2.338220
TRAIN Iter 228: loss = 0.003016,	Top-1 err = 44.950000,	Top-5 err = 24.850000,	train_time = 2.293306
TRAIN Iter 229: loss = 0.003215,	Top-1 err = 52.750000,	Top-5 err = 29.550000,	train_time = 2.388088
TRAIN Iter 230: loss = 0.003222,	Top-1 err = 66.850000,	Top-5 err = 47.150000,	train_time = 2.363866
TRAIN Iter 231: loss = 0.003164,	Top-1 err = 56.600000,	Top-5 err = 37.800000,	train_time = 2.341375
TRAIN Iter 232: loss = 0.003103,	Top-1 err = 62.000000,	Top-5 err = 41.150000,	train_time = 2.396144
TRAIN Iter 233: loss = 0.003012,	Top-1 err = 57.900000,	Top-5 err = 34.400000,	train_time = 2.376114
TRAIN Iter 234: loss = 0.002947,	Top-1 err = 47.750000,	Top-5 err = 25.100000,	train_time = 2.342884
TRAIN Iter 235: loss = 0.003136,	Top-1 err = 58.450000,	Top-5 err = 35.200000,	train_time = 2.332511
TRAIN Iter 236: loss = 0.003189,	Top-1 err = 58.350000,	Top-5 err = 37.400000,	train_time = 2.400608
TRAIN Iter 237: loss = 0.003179,	Top-1 err = 62.400000,	Top-5 err = 40.150000,	train_time = 2.352707
TRAIN Iter 238: loss = 0.003073,	Top-1 err = 54.550000,	Top-5 err = 30.500000,	train_time = 2.354676
TRAIN Iter 239: loss = 0.003065,	Top-1 err = 56.500000,	Top-5 err = 33.350000,	train_time = 2.364061
TRAIN Iter 240: loss = 0.003096,	Top-1 err = 55.300000,	Top-5 err = 33.300000,	train_time = 2.357857
TRAIN Iter 241: loss = 0.003167,	Top-1 err = 65.450000,	Top-5 err = 44.100000,	train_time = 2.395594
TRAIN Iter 242: loss = 0.003062,	Top-1 err = 53.900000,	Top-5 err = 34.000000,	train_time = 2.329519
TRAIN Iter 243: loss = 0.002980,	Top-1 err = 51.200000,	Top-5 err = 30.150000,	train_time = 2.331711
TRAIN Iter 244: loss = 0.002962,	Top-1 err = 49.700000,	Top-5 err = 24.500000,	train_time = 2.336432
TRAIN Iter 245: loss = 0.003035,	Top-1 err = 62.900000,	Top-5 err = 39.750000,	train_time = 2.350713
TRAIN Iter 246: loss = 0.003021,	Top-1 err = 50.900000,	Top-5 err = 27.450000,	train_time = 2.327707
TRAIN Iter 247: loss = 0.003159,	Top-1 err = 53.700000,	Top-5 err = 29.550000,	train_time = 2.337224
TRAIN Iter 248: loss = 0.003218,	Top-1 err = 52.000000,	Top-5 err = 27.550000,	train_time = 2.323905
TRAIN Iter 249: loss = 0.002991,	Top-1 err = 55.900000,	Top-5 err = 34.250000,	train_time = 2.344049
TEST:
Iter 249: loss = 2.913449,	Top-1 err = 65.000000,	Top-5 err = 38.070000,	val_time = 2.285125
TRAIN Iter 250: loss = 0.002901,	Top-1 err = 56.850000,	Top-5 err = 33.300000,	train_time = 2.395835
TRAIN Iter 251: loss = 0.002947,	Top-1 err = 50.900000,	Top-5 err = 25.500000,	train_time = 2.346986
TRAIN Iter 252: loss = 0.003019,	Top-1 err = 53.950000,	Top-5 err = 34.500000,	train_time = 2.315335
TRAIN Iter 253: loss = 0.002968,	Top-1 err = 56.250000,	Top-5 err = 33.700000,	train_time = 2.360629
TRAIN Iter 254: loss = 0.003044,	Top-1 err = 55.950000,	Top-5 err = 32.550000,	train_time = 2.334618
TRAIN Iter 255: loss = 0.002994,	Top-1 err = 62.900000,	Top-5 err = 40.700000,	train_time = 2.357875
TRAIN Iter 256: loss = 0.002918,	Top-1 err = 43.900000,	Top-5 err = 22.850000,	train_time = 2.344316
TRAIN Iter 257: loss = 0.002918,	Top-1 err = 40.950000,	Top-5 err = 18.850000,	train_time = 2.351286
TRAIN Iter 258: loss = 0.002905,	Top-1 err = 53.650000,	Top-5 err = 31.050000,	train_time = 2.309354
TRAIN Iter 259: loss = 0.002980,	Top-1 err = 46.900000,	Top-5 err = 25.300000,	train_time = 2.277458
TEST:
Iter 259: loss = 2.893037,	Top-1 err = 64.970000,	Top-5 err = 37.300000,	val_time = 2.256699
TRAIN Iter 260: loss = 0.003001,	Top-1 err = 53.600000,	Top-5 err = 32.100000,	train_time = 2.286792
TRAIN Iter 261: loss = 0.002915,	Top-1 err = 49.350000,	Top-5 err = 27.100000,	train_time = 2.355252
TRAIN Iter 262: loss = 0.002924,	Top-1 err = 41.250000,	Top-5 err = 18.100000,	train_time = 2.303670
TRAIN Iter 263: loss = 0.003006,	Top-1 err = 55.650000,	Top-5 err = 31.500000,	train_time = 2.341286
TRAIN Iter 264: loss = 0.002843,	Top-1 err = 49.550000,	Top-5 err = 26.050000,	train_time = 2.331781
TRAIN Iter 265: loss = 0.002941,	Top-1 err = 48.600000,	Top-5 err = 26.750000,	train_time = 2.317334
TRAIN Iter 266: loss = 0.002974,	Top-1 err = 55.050000,	Top-5 err = 31.000000,	train_time = 2.311258
TRAIN Iter 267: loss = 0.002903,	Top-1 err = 50.250000,	Top-5 err = 27.300000,	train_time = 2.346896
TRAIN Iter 268: loss = 0.002872,	Top-1 err = 48.800000,	Top-5 err = 29.050000,	train_time = 2.311337
TRAIN Iter 269: loss = 0.002935,	Top-1 err = 45.550000,	Top-5 err = 22.850000,	train_time = 2.313207
TEST:
Iter 269: loss = 2.840299,	Top-1 err = 64.440000,	Top-5 err = 37.180000,	val_time = 2.258464
TRAIN Iter 270: loss = 0.002820,	Top-1 err = 41.550000,	Top-5 err = 21.250000,	train_time = 2.062310
TRAIN Iter 271: loss = 0.002940,	Top-1 err = 50.600000,	Top-5 err = 27.500000,	train_time = 2.276981
TRAIN Iter 272: loss = 0.003070,	Top-1 err = 65.400000,	Top-5 err = 42.750000,	train_time = 2.301986
TRAIN Iter 273: loss = 0.002988,	Top-1 err = 63.550000,	Top-5 err = 40.150000,	train_time = 2.328817
TRAIN Iter 274: loss = 0.002778,	Top-1 err = 40.650000,	Top-5 err = 17.350000,	train_time = 2.327473
TRAIN Iter 275: loss = 0.002966,	Top-1 err = 55.700000,	Top-5 err = 33.650000,	train_time = 2.337085
TRAIN Iter 276: loss = 0.002902,	Top-1 err = 49.650000,	Top-5 err = 28.450000,	train_time = 2.287704
TRAIN Iter 277: loss = 0.002921,	Top-1 err = 52.800000,	Top-5 err = 32.100000,	train_time = 2.301171
TRAIN Iter 278: loss = 0.002950,	Top-1 err = 54.500000,	Top-5 err = 35.200000,	train_time = 2.296607
TRAIN Iter 279: loss = 0.002858,	Top-1 err = 48.600000,	Top-5 err = 27.000000,	train_time = 2.293976
TEST:
Iter 279: loss = 2.785357,	Top-1 err = 63.600000,	Top-5 err = 36.190000,	val_time = 2.234624
TRAIN Iter 280: loss = 0.002801,	Top-1 err = 47.250000,	Top-5 err = 28.000000,	train_time = 2.333274
TRAIN Iter 281: loss = 0.002825,	Top-1 err = 48.300000,	Top-5 err = 28.500000,	train_time = 2.319676
TRAIN Iter 282: loss = 0.002795,	Top-1 err = 39.250000,	Top-5 err = 17.900000,	train_time = 2.305213
TRAIN Iter 283: loss = 0.002906,	Top-1 err = 48.400000,	Top-5 err = 27.700000,	train_time = 2.367740
TRAIN Iter 284: loss = 0.003065,	Top-1 err = 51.950000,	Top-5 err = 29.800000,	train_time = 2.302772
TRAIN Iter 285: loss = 0.002885,	Top-1 err = 43.250000,	Top-5 err = 19.800000,	train_time = 2.315874
TRAIN Iter 286: loss = 0.002961,	Top-1 err = 49.600000,	Top-5 err = 25.100000,	train_time = 2.265889
TRAIN Iter 287: loss = 0.002861,	Top-1 err = 46.900000,	Top-5 err = 23.600000,	train_time = 2.317771
TRAIN Iter 288: loss = 0.002782,	Top-1 err = 51.700000,	Top-5 err = 29.400000,	train_time = 2.306203
TRAIN Iter 289: loss = 0.002697,	Top-1 err = 36.550000,	Top-5 err = 14.750000,	train_time = 2.324847
TEST:
Iter 289: loss = 2.703793,	Top-1 err = 62.300000,	Top-5 err = 34.840000,	val_time = 2.214481
TRAIN Iter 290: loss = 0.002869,	Top-1 err = 52.150000,	Top-5 err = 31.750000,	train_time = 2.282705
TRAIN Iter 291: loss = 0.002849,	Top-1 err = 52.300000,	Top-5 err = 31.700000,	train_time = 2.309692
TRAIN Iter 292: loss = 0.002890,	Top-1 err = 59.100000,	Top-5 err = 37.350000,	train_time = 2.314952
TRAIN Iter 293: loss = 0.002817,	Top-1 err = 50.900000,	Top-5 err = 31.550000,	train_time = 2.324841
TRAIN Iter 294: loss = 0.002767,	Top-1 err = 49.650000,	Top-5 err = 27.600000,	train_time = 2.330943
TRAIN Iter 295: loss = 0.002911,	Top-1 err = 54.100000,	Top-5 err = 31.200000,	train_time = 2.335742
TRAIN Iter 296: loss = 0.002808,	Top-1 err = 50.700000,	Top-5 err = 29.850000,	train_time = 2.323459
TRAIN Iter 297: loss = 0.002865,	Top-1 err = 62.850000,	Top-5 err = 41.850000,	train_time = 2.352757
TRAIN Iter 298: loss = 0.002789,	Top-1 err = 47.850000,	Top-5 err = 30.250000,	train_time = 2.291796
TRAIN Iter 299: loss = 0.002750,	Top-1 err = 44.250000,	Top-5 err = 23.700000,	train_time = 2.361011
TEST:
Iter 299: loss = 2.748272,	Top-1 err = 63.130000,	Top-5 err = 35.400000,	val_time = 2.262677
Train Finish! Best accuracy is 37.7@289
