/home/dvspanos/miniconda3/envs/rded/lib/python3.10/site-packages/torchvision/models/_utils.py:208: UserWarning: The parameter 'pretrained' is deprecated since 0.13 and may be removed in the future, please use 'weights' instead.
  warnings.warn(
/home/dvspanos/miniconda3/envs/rded/lib/python3.10/site-packages/torchvision/models/_utils.py:223: UserWarning: Arguments other than a weight enum or `None` for 'weights' are deprecated since 0.13 and may be removed in the future. The current behavior is equivalent to passing `weights=None`.
  warnings.warn(msg)
=> using pytorch pre-trained teacher model 'resnet18_modified'
process data from /home/dvspanos/nikos/ca2d/artifacts/sets/bench_tin_rn18_sharp2d_ipc10
load data successfully
TRAIN Iter 0: loss = 0.020320,	Top-1 err = 98.900000,	Top-5 err = 96.050000,	train_time = 4.540609
TRAIN Iter 1: loss = 0.018117,	Top-1 err = 98.400000,	Top-5 err = 92.800000,	train_time = 2.873647
TRAIN Iter 2: loss = 0.016421,	Top-1 err = 98.150000,	Top-5 err = 90.800000,	train_time = 2.887889
TRAIN Iter 3: loss = 0.016352,	Top-1 err = 97.950000,	Top-5 err = 90.250000,	train_time = 2.904353
TRAIN Iter 4: loss = 0.016104,	Top-1 err = 97.700000,	Top-5 err = 91.000000,	train_time = 2.901799
TRAIN Iter 5: loss = 0.015814,	Top-1 err = 96.300000,	Top-5 err = 86.000000,	train_time = 2.893586
TRAIN Iter 6: loss = 0.016673,	Top-1 err = 95.750000,	Top-5 err = 86.550000,	train_time = 2.935460
TRAIN Iter 7: loss = 0.015343,	Top-1 err = 94.550000,	Top-5 err = 82.400000,	train_time = 2.955073
TRAIN Iter 8: loss = 0.014625,	Top-1 err = 94.350000,	Top-5 err = 81.900000,	train_time = 2.995986
TRAIN Iter 9: loss = 0.015522,	Top-1 err = 93.100000,	Top-5 err = 78.400000,	train_time = 2.954852
TRAIN Iter 10: loss = 0.014443,	Top-1 err = 93.850000,	Top-5 err = 80.150000,	train_time = 3.154096
TRAIN Iter 11: loss = 0.013591,	Top-1 err = 92.550000,	Top-5 err = 77.400000,	train_time = 3.046295
TRAIN Iter 12: loss = 0.014636,	Top-1 err = 92.850000,	Top-5 err = 79.250000,	train_time = 3.035954
TRAIN Iter 13: loss = 0.015477,	Top-1 err = 89.100000,	Top-5 err = 71.950000,	train_time = 2.991139
TRAIN Iter 14: loss = 0.013954,	Top-1 err = 90.450000,	Top-5 err = 74.300000,	train_time = 3.267760
TRAIN Iter 15: loss = 0.013287,	Top-1 err = 89.700000,	Top-5 err = 71.200000,	train_time = 3.087655
TRAIN Iter 16: loss = 0.014150,	Top-1 err = 91.450000,	Top-5 err = 74.400000,	train_time = 2.979208
TRAIN Iter 17: loss = 0.012956,	Top-1 err = 90.150000,	Top-5 err = 73.800000,	train_time = 3.277170
TRAIN Iter 18: loss = 0.014338,	Top-1 err = 87.850000,	Top-5 err = 69.450000,	train_time = 3.061023
TRAIN Iter 19: loss = 0.014946,	Top-1 err = 85.600000,	Top-5 err = 63.750000,	train_time = 3.039227
TRAIN Iter 20: loss = 0.012659,	Top-1 err = 89.150000,	Top-5 err = 70.150000,	train_time = 3.022902
TRAIN Iter 21: loss = 0.012339,	Top-1 err = 87.200000,	Top-5 err = 67.350000,	train_time = 3.123404
TRAIN Iter 22: loss = 0.013240,	Top-1 err = 86.500000,	Top-5 err = 68.950000,	train_time = 3.148749
TRAIN Iter 23: loss = 0.012461,	Top-1 err = 84.150000,	Top-5 err = 62.100000,	train_time = 3.103011
TRAIN Iter 24: loss = 0.012477,	Top-1 err = 84.350000,	Top-5 err = 63.050000,	train_time = 2.992469
TRAIN Iter 25: loss = 0.012239,	Top-1 err = 83.850000,	Top-5 err = 61.500000,	train_time = 3.022712
TRAIN Iter 26: loss = 0.013294,	Top-1 err = 80.100000,	Top-5 err = 57.050000,	train_time = 3.005020
TRAIN Iter 27: loss = 0.011275,	Top-1 err = 85.300000,	Top-5 err = 67.100000,	train_time = 3.126578
TRAIN Iter 28: loss = 0.012124,	Top-1 err = 78.450000,	Top-5 err = 55.650000,	train_time = 3.011764
TRAIN Iter 29: loss = 0.011398,	Top-1 err = 82.500000,	Top-5 err = 62.550000,	train_time = 3.268370
TRAIN Iter 30: loss = 0.011776,	Top-1 err = 79.200000,	Top-5 err = 54.850000,	train_time = 3.189136
TRAIN Iter 31: loss = 0.010816,	Top-1 err = 82.900000,	Top-5 err = 60.300000,	train_time = 3.313718
TRAIN Iter 32: loss = 0.010998,	Top-1 err = 80.600000,	Top-5 err = 55.800000,	train_time = 3.339609
TRAIN Iter 33: loss = 0.010887,	Top-1 err = 78.100000,	Top-5 err = 53.200000,	train_time = 3.078595
TRAIN Iter 34: loss = 0.012609,	Top-1 err = 74.700000,	Top-5 err = 49.500000,	train_time = 2.995329
TRAIN Iter 35: loss = 0.011333,	Top-1 err = 77.600000,	Top-5 err = 53.500000,	train_time = 3.091155
TRAIN Iter 36: loss = 0.010861,	Top-1 err = 76.500000,	Top-5 err = 53.650000,	train_time = 2.996615
TRAIN Iter 37: loss = 0.011432,	Top-1 err = 74.550000,	Top-5 err = 52.550000,	train_time = 3.049966
TRAIN Iter 38: loss = 0.010700,	Top-1 err = 73.250000,	Top-5 err = 49.800000,	train_time = 2.997144
TRAIN Iter 39: loss = 0.010692,	Top-1 err = 71.800000,	Top-5 err = 44.700000,	train_time = 3.007537
TRAIN Iter 40: loss = 0.009752,	Top-1 err = 80.500000,	Top-5 err = 59.600000,	train_time = 3.284746
TRAIN Iter 41: loss = 0.010755,	Top-1 err = 67.900000,	Top-5 err = 43.850000,	train_time = 3.446404
TRAIN Iter 42: loss = 0.011522,	Top-1 err = 63.050000,	Top-5 err = 36.550000,	train_time = 3.162085
TRAIN Iter 43: loss = 0.009730,	Top-1 err = 73.850000,	Top-5 err = 52.300000,	train_time = 3.011535
TRAIN Iter 44: loss = 0.009587,	Top-1 err = 76.700000,	Top-5 err = 53.950000,	train_time = 2.973962
TRAIN Iter 45: loss = 0.010844,	Top-1 err = 66.400000,	Top-5 err = 40.550000,	train_time = 3.034627
TRAIN Iter 46: loss = 0.009884,	Top-1 err = 69.200000,	Top-5 err = 44.800000,	train_time = 3.066142
TRAIN Iter 47: loss = 0.010197,	Top-1 err = 66.750000,	Top-5 err = 44.700000,	train_time = 3.053939
TRAIN Iter 48: loss = 0.010034,	Top-1 err = 68.300000,	Top-5 err = 44.750000,	train_time = 3.217085
TRAIN Iter 49: loss = 0.009759,	Top-1 err = 63.450000,	Top-5 err = 36.900000,	train_time = 3.269736
TRAIN Iter 50: loss = 0.009391,	Top-1 err = 70.400000,	Top-5 err = 48.200000,	train_time = 3.124477
TRAIN Iter 51: loss = 0.009080,	Top-1 err = 70.550000,	Top-5 err = 47.350000,	train_time = 3.009573
TRAIN Iter 52: loss = 0.009889,	Top-1 err = 63.900000,	Top-5 err = 39.900000,	train_time = 3.096207
TRAIN Iter 53: loss = 0.009295,	Top-1 err = 65.950000,	Top-5 err = 43.000000,	train_time = 3.276420
TRAIN Iter 54: loss = 0.010026,	Top-1 err = 48.600000,	Top-5 err = 23.650000,	train_time = 3.139437
TRAIN Iter 55: loss = 0.008504,	Top-1 err = 69.350000,	Top-5 err = 44.800000,	train_time = 3.030550
TRAIN Iter 56: loss = 0.008771,	Top-1 err = 67.900000,	Top-5 err = 44.300000,	train_time = 3.041346
TRAIN Iter 57: loss = 0.009150,	Top-1 err = 57.400000,	Top-5 err = 32.750000,	train_time = 3.044727
TRAIN Iter 58: loss = 0.008527,	Top-1 err = 63.500000,	Top-5 err = 40.500000,	train_time = 3.140591
TRAIN Iter 59: loss = 0.008406,	Top-1 err = 57.450000,	Top-5 err = 33.350000,	train_time = 3.039509
TRAIN Iter 60: loss = 0.008759,	Top-1 err = 53.200000,	Top-5 err = 28.750000,	train_time = 3.423222
TRAIN Iter 61: loss = 0.008508,	Top-1 err = 53.650000,	Top-5 err = 27.900000,	train_time = 3.012079
TRAIN Iter 62: loss = 0.009076,	Top-1 err = 49.700000,	Top-5 err = 27.200000,	train_time = 3.062014
TRAIN Iter 63: loss = 0.009043,	Top-1 err = 49.500000,	Top-5 err = 26.850000,	train_time = 2.999478
TRAIN Iter 64: loss = 0.008545,	Top-1 err = 53.700000,	Top-5 err = 29.650000,	train_time = 3.140163
TRAIN Iter 65: loss = 0.008407,	Top-1 err = 52.000000,	Top-5 err = 27.900000,	train_time = 3.035161
TRAIN Iter 66: loss = 0.008176,	Top-1 err = 48.650000,	Top-5 err = 25.650000,	train_time = 3.256390
TRAIN Iter 67: loss = 0.007981,	Top-1 err = 56.000000,	Top-5 err = 34.450000,	train_time = 3.329566
TRAIN Iter 68: loss = 0.008338,	Top-1 err = 55.500000,	Top-5 err = 33.850000,	train_time = 3.159454
TRAIN Iter 69: loss = 0.007968,	Top-1 err = 56.850000,	Top-5 err = 36.950000,	train_time = 3.072289
TRAIN Iter 70: loss = 0.007615,	Top-1 err = 54.450000,	Top-5 err = 30.950000,	train_time = 3.122931
TRAIN Iter 71: loss = 0.007898,	Top-1 err = 51.300000,	Top-5 err = 29.250000,	train_time = 3.141218
TRAIN Iter 72: loss = 0.007512,	Top-1 err = 55.700000,	Top-5 err = 34.400000,	train_time = 3.037034
TRAIN Iter 73: loss = 0.008019,	Top-1 err = 41.600000,	Top-5 err = 20.950000,	train_time = 3.108508
TRAIN Iter 74: loss = 0.008233,	Top-1 err = 43.500000,	Top-5 err = 21.550000,	train_time = 3.116880
TRAIN Iter 75: loss = 0.007369,	Top-1 err = 49.350000,	Top-5 err = 27.900000,	train_time = 2.984728
TRAIN Iter 76: loss = 0.007170,	Top-1 err = 63.050000,	Top-5 err = 41.400000,	train_time = 3.180192
TRAIN Iter 77: loss = 0.007573,	Top-1 err = 48.250000,	Top-5 err = 28.050000,	train_time = 3.173215
TRAIN Iter 78: loss = 0.007187,	Top-1 err = 56.050000,	Top-5 err = 37.550000,	train_time = 3.080201
TRAIN Iter 79: loss = 0.007300,	Top-1 err = 54.450000,	Top-5 err = 33.500000,	train_time = 3.132223
TRAIN Iter 80: loss = 0.006889,	Top-1 err = 48.350000,	Top-5 err = 26.750000,	train_time = 3.054251
TRAIN Iter 81: loss = 0.007048,	Top-1 err = 57.000000,	Top-5 err = 38.450000,	train_time = 2.985051
TRAIN Iter 82: loss = 0.007258,	Top-1 err = 46.400000,	Top-5 err = 27.000000,	train_time = 3.258646
TRAIN Iter 83: loss = 0.006897,	Top-1 err = 56.450000,	Top-5 err = 35.900000,	train_time = 3.238734
TRAIN Iter 84: loss = 0.006874,	Top-1 err = 43.600000,	Top-5 err = 22.500000,	train_time = 3.228210
TRAIN Iter 85: loss = 0.006785,	Top-1 err = 58.600000,	Top-5 err = 40.000000,	train_time = 3.005251
TRAIN Iter 86: loss = 0.007095,	Top-1 err = 39.850000,	Top-5 err = 23.450000,	train_time = 3.003428
TRAIN Iter 87: loss = 0.006898,	Top-1 err = 58.650000,	Top-5 err = 39.950000,	train_time = 3.159736
TRAIN Iter 88: loss = 0.006889,	Top-1 err = 49.950000,	Top-5 err = 27.700000,	train_time = 3.029605
TRAIN Iter 89: loss = 0.006690,	Top-1 err = 48.900000,	Top-5 err = 28.000000,	train_time = 2.999002
TRAIN Iter 90: loss = 0.006556,	Top-1 err = 44.900000,	Top-5 err = 27.700000,	train_time = 3.057036
TRAIN Iter 91: loss = 0.006555,	Top-1 err = 48.200000,	Top-5 err = 31.500000,	train_time = 3.025069
TRAIN Iter 92: loss = 0.006456,	Top-1 err = 45.450000,	Top-5 err = 28.550000,	train_time = 3.103438
TRAIN Iter 93: loss = 0.006556,	Top-1 err = 44.600000,	Top-5 err = 26.100000,	train_time = 3.085442
TRAIN Iter 94: loss = 0.006570,	Top-1 err = 39.150000,	Top-5 err = 22.400000,	train_time = 3.086425
TRAIN Iter 95: loss = 0.006888,	Top-1 err = 40.800000,	Top-5 err = 22.800000,	train_time = 3.387566
TRAIN Iter 96: loss = 0.006561,	Top-1 err = 43.850000,	Top-5 err = 23.950000,	train_time = 3.178640
TRAIN Iter 97: loss = 0.006440,	Top-1 err = 48.500000,	Top-5 err = 31.550000,	train_time = 3.031550
TRAIN Iter 98: loss = 0.006435,	Top-1 err = 22.300000,	Top-5 err = 6.550000,	train_time = 3.071282
TRAIN Iter 99: loss = 0.006405,	Top-1 err = 41.050000,	Top-5 err = 24.350000,	train_time = 3.115902
TRAIN Iter 100: loss = 0.006104,	Top-1 err = 48.250000,	Top-5 err = 30.050000,	train_time = 3.132463
TRAIN Iter 101: loss = 0.006347,	Top-1 err = 49.100000,	Top-5 err = 30.550000,	train_time = 3.116584
TRAIN Iter 102: loss = 0.006273,	Top-1 err = 55.050000,	Top-5 err = 34.600000,	train_time = 3.093358
TRAIN Iter 103: loss = 0.006506,	Top-1 err = 33.650000,	Top-5 err = 17.950000,	train_time = 3.084443
TRAIN Iter 104: loss = 0.006208,	Top-1 err = 61.000000,	Top-5 err = 42.350000,	train_time = 3.086679
TRAIN Iter 105: loss = 0.006208,	Top-1 err = 44.300000,	Top-5 err = 28.650000,	train_time = 3.052581
TRAIN Iter 106: loss = 0.005785,	Top-1 err = 37.850000,	Top-5 err = 18.700000,	train_time = 3.029935
TRAIN Iter 107: loss = 0.005859,	Top-1 err = 42.800000,	Top-5 err = 22.450000,	train_time = 3.317971
TRAIN Iter 108: loss = 0.005933,	Top-1 err = 36.200000,	Top-5 err = 17.750000,	train_time = 3.182100
TRAIN Iter 109: loss = 0.005936,	Top-1 err = 42.150000,	Top-5 err = 23.450000,	train_time = 3.060789
TRAIN Iter 110: loss = 0.005856,	Top-1 err = 22.750000,	Top-5 err = 8.400000,	train_time = 3.091098
TRAIN Iter 111: loss = 0.005758,	Top-1 err = 42.400000,	Top-5 err = 26.350000,	train_time = 3.055883
TRAIN Iter 112: loss = 0.005922,	Top-1 err = 37.350000,	Top-5 err = 25.800000,	train_time = 3.088245
TRAIN Iter 113: loss = 0.005902,	Top-1 err = 21.450000,	Top-5 err = 9.600000,	train_time = 3.146944
TRAIN Iter 114: loss = 0.005730,	Top-1 err = 29.300000,	Top-5 err = 13.100000,	train_time = 3.008483
TRAIN Iter 115: loss = 0.005554,	Top-1 err = 45.200000,	Top-5 err = 25.550000,	train_time = 3.022298
TRAIN Iter 116: loss = 0.005708,	Top-1 err = 31.550000,	Top-5 err = 17.950000,	train_time = 3.218113
TRAIN Iter 117: loss = 0.005709,	Top-1 err = 30.450000,	Top-5 err = 16.450000,	train_time = 3.354925
TRAIN Iter 118: loss = 0.005690,	Top-1 err = 45.200000,	Top-5 err = 29.100000,	train_time = 3.087640
TRAIN Iter 119: loss = 0.005738,	Top-1 err = 30.850000,	Top-5 err = 15.750000,	train_time = 2.996122
TRAIN Iter 120: loss = 0.005498,	Top-1 err = 40.750000,	Top-5 err = 22.700000,	train_time = 3.088226
TRAIN Iter 121: loss = 0.005426,	Top-1 err = 49.000000,	Top-5 err = 31.200000,	train_time = 3.482032
TRAIN Iter 122: loss = 0.005522,	Top-1 err = 44.750000,	Top-5 err = 28.350000,	train_time = 3.315686
TRAIN Iter 123: loss = 0.005587,	Top-1 err = 45.700000,	Top-5 err = 29.700000,	train_time = 3.076028
TRAIN Iter 124: loss = 0.005749,	Top-1 err = 49.700000,	Top-5 err = 33.750000,	train_time = 3.181672
TRAIN Iter 125: loss = 0.005752,	Top-1 err = 47.400000,	Top-5 err = 31.650000,	train_time = 3.412705
TRAIN Iter 126: loss = 0.005499,	Top-1 err = 49.050000,	Top-5 err = 33.300000,	train_time = 3.135339
TRAIN Iter 127: loss = 0.005523,	Top-1 err = 43.050000,	Top-5 err = 27.050000,	train_time = 2.952583
TRAIN Iter 128: loss = 0.005563,	Top-1 err = 43.050000,	Top-5 err = 30.150000,	train_time = 3.410639
TRAIN Iter 129: loss = 0.005294,	Top-1 err = 28.950000,	Top-5 err = 15.700000,	train_time = 3.152920
TRAIN Iter 130: loss = 0.005297,	Top-1 err = 49.400000,	Top-5 err = 32.600000,	train_time = 3.036888
TRAIN Iter 131: loss = 0.005323,	Top-1 err = 37.250000,	Top-5 err = 21.450000,	train_time = 3.089462
TRAIN Iter 132: loss = 0.005412,	Top-1 err = 34.400000,	Top-5 err = 19.900000,	train_time = 3.343638
TRAIN Iter 133: loss = 0.005342,	Top-1 err = 25.850000,	Top-5 err = 13.400000,	train_time = 3.075763
TRAIN Iter 134: loss = 0.005227,	Top-1 err = 51.600000,	Top-5 err = 34.150000,	train_time = 3.173650
TRAIN Iter 135: loss = 0.005423,	Top-1 err = 32.750000,	Top-5 err = 21.700000,	train_time = 3.128678
TRAIN Iter 136: loss = 0.005147,	Top-1 err = 27.850000,	Top-5 err = 12.500000,	train_time = 3.087384
TRAIN Iter 137: loss = 0.005249,	Top-1 err = 55.950000,	Top-5 err = 37.850000,	train_time = 2.981306
TRAIN Iter 138: loss = 0.005206,	Top-1 err = 34.700000,	Top-5 err = 17.200000,	train_time = 3.148089
TRAIN Iter 139: loss = 0.005125,	Top-1 err = 30.700000,	Top-5 err = 17.700000,	train_time = 3.058286
TRAIN Iter 140: loss = 0.005188,	Top-1 err = 37.450000,	Top-5 err = 22.200000,	train_time = 3.087968
TRAIN Iter 141: loss = 0.005241,	Top-1 err = 35.450000,	Top-5 err = 19.450000,	train_time = 3.021597
TRAIN Iter 142: loss = 0.005137,	Top-1 err = 37.700000,	Top-5 err = 21.500000,	train_time = 3.027365
TRAIN Iter 143: loss = 0.005036,	Top-1 err = 33.150000,	Top-5 err = 20.850000,	train_time = 3.231319
TRAIN Iter 144: loss = 0.005127,	Top-1 err = 29.050000,	Top-5 err = 14.750000,	train_time = 3.181439
TRAIN Iter 145: loss = 0.005042,	Top-1 err = 40.850000,	Top-5 err = 27.600000,	train_time = 3.043657
TRAIN Iter 146: loss = 0.005112,	Top-1 err = 40.600000,	Top-5 err = 25.050000,	train_time = 2.999286
TRAIN Iter 147: loss = 0.005021,	Top-1 err = 47.600000,	Top-5 err = 31.100000,	train_time = 3.008547
TRAIN Iter 148: loss = 0.004992,	Top-1 err = 44.500000,	Top-5 err = 29.200000,	train_time = 3.021091
TRAIN Iter 149: loss = 0.005038,	Top-1 err = 33.600000,	Top-5 err = 18.900000,	train_time = 3.237768
TRAIN Iter 150: loss = 0.004897,	Top-1 err = 32.750000,	Top-5 err = 19.650000,	train_time = 3.129031
TRAIN Iter 151: loss = 0.004787,	Top-1 err = 36.450000,	Top-5 err = 23.450000,	train_time = 2.990716
TRAIN Iter 152: loss = 0.004823,	Top-1 err = 29.750000,	Top-5 err = 16.950000,	train_time = 3.133835
TRAIN Iter 153: loss = 0.004730,	Top-1 err = 17.650000,	Top-5 err = 8.100000,	train_time = 3.114964
TRAIN Iter 154: loss = 0.004844,	Top-1 err = 29.100000,	Top-5 err = 13.650000,	train_time = 3.011099
TRAIN Iter 155: loss = 0.004801,	Top-1 err = 27.650000,	Top-5 err = 14.300000,	train_time = 3.118989
TRAIN Iter 156: loss = 0.004800,	Top-1 err = 42.550000,	Top-5 err = 29.000000,	train_time = 3.027567
TRAIN Iter 157: loss = 0.004810,	Top-1 err = 30.450000,	Top-5 err = 15.850000,	train_time = 3.034961
TRAIN Iter 158: loss = 0.004755,	Top-1 err = 40.700000,	Top-5 err = 27.150000,	train_time = 3.026881
TRAIN Iter 159: loss = 0.004714,	Top-1 err = 31.450000,	Top-5 err = 20.150000,	train_time = 3.106025
TRAIN Iter 160: loss = 0.004734,	Top-1 err = 40.600000,	Top-5 err = 22.900000,	train_time = 3.129115
TRAIN Iter 161: loss = 0.004684,	Top-1 err = 26.650000,	Top-5 err = 13.900000,	train_time = 3.049976
TRAIN Iter 162: loss = 0.004664,	Top-1 err = 44.800000,	Top-5 err = 26.450000,	train_time = 3.156852
TRAIN Iter 163: loss = 0.004805,	Top-1 err = 34.600000,	Top-5 err = 19.200000,	train_time = 3.086953
TRAIN Iter 164: loss = 0.004711,	Top-1 err = 40.950000,	Top-5 err = 21.300000,	train_time = 3.017359
TRAIN Iter 165: loss = 0.004709,	Top-1 err = 34.950000,	Top-5 err = 16.850000,	train_time = 3.119166
TRAIN Iter 166: loss = 0.004758,	Top-1 err = 39.650000,	Top-5 err = 23.050000,	train_time = 3.037987
TRAIN Iter 167: loss = 0.004736,	Top-1 err = 46.250000,	Top-5 err = 30.250000,	train_time = 3.232109
TRAIN Iter 168: loss = 0.004756,	Top-1 err = 36.150000,	Top-5 err = 17.050000,	train_time = 3.160873
TRAIN Iter 169: loss = 0.004758,	Top-1 err = 51.250000,	Top-5 err = 34.300000,	train_time = 3.013685
TRAIN Iter 170: loss = 0.004686,	Top-1 err = 25.150000,	Top-5 err = 12.450000,	train_time = 3.078876
TRAIN Iter 171: loss = 0.004483,	Top-1 err = 25.600000,	Top-5 err = 15.950000,	train_time = 3.039845
TRAIN Iter 172: loss = 0.004710,	Top-1 err = 47.800000,	Top-5 err = 28.850000,	train_time = 3.140830
TRAIN Iter 173: loss = 0.004594,	Top-1 err = 49.950000,	Top-5 err = 27.350000,	train_time = 3.109475
TRAIN Iter 174: loss = 0.004607,	Top-1 err = 39.250000,	Top-5 err = 24.700000,	train_time = 3.055057
TRAIN Iter 175: loss = 0.004545,	Top-1 err = 39.300000,	Top-5 err = 25.300000,	train_time = 3.029052
TRAIN Iter 176: loss = 0.004464,	Top-1 err = 30.500000,	Top-5 err = 17.700000,	train_time = 3.090794
TRAIN Iter 177: loss = 0.004434,	Top-1 err = 36.450000,	Top-5 err = 23.550000,	train_time = 3.060175
TRAIN Iter 178: loss = 0.004417,	Top-1 err = 27.250000,	Top-5 err = 16.600000,	train_time = 3.102051
TRAIN Iter 179: loss = 0.004517,	Top-1 err = 30.450000,	Top-5 err = 18.000000,	train_time = 3.290471
TRAIN Iter 180: loss = 0.004309,	Top-1 err = 35.350000,	Top-5 err = 27.950000,	train_time = 3.453501
TRAIN Iter 181: loss = 0.004543,	Top-1 err = 31.050000,	Top-5 err = 17.150000,	train_time = 3.123527
TRAIN Iter 182: loss = 0.004707,	Top-1 err = 32.850000,	Top-5 err = 18.000000,	train_time = 3.030206
TRAIN Iter 183: loss = 0.004497,	Top-1 err = 41.550000,	Top-5 err = 25.950000,	train_time = 3.010180
TRAIN Iter 184: loss = 0.004480,	Top-1 err = 34.150000,	Top-5 err = 20.750000,	train_time = 3.102927
TRAIN Iter 185: loss = 0.004408,	Top-1 err = 35.400000,	Top-5 err = 23.150000,	train_time = 3.052357
TRAIN Iter 186: loss = 0.004512,	Top-1 err = 33.950000,	Top-5 err = 18.500000,	train_time = 3.150691
TRAIN Iter 187: loss = 0.004523,	Top-1 err = 42.050000,	Top-5 err = 26.050000,	train_time = 3.152589
TRAIN Iter 188: loss = 0.004533,	Top-1 err = 39.300000,	Top-5 err = 25.850000,	train_time = 3.031131
TRAIN Iter 189: loss = 0.004457,	Top-1 err = 39.600000,	Top-5 err = 28.250000,	train_time = 3.152140
TRAIN Iter 190: loss = 0.004253,	Top-1 err = 30.350000,	Top-5 err = 13.950000,	train_time = 2.994934
TRAIN Iter 191: loss = 0.004480,	Top-1 err = 28.600000,	Top-5 err = 11.650000,	train_time = 3.263040
TRAIN Iter 192: loss = 0.004375,	Top-1 err = 29.150000,	Top-5 err = 15.450000,	train_time = 3.354933
TRAIN Iter 193: loss = 0.004423,	Top-1 err = 38.600000,	Top-5 err = 22.450000,	train_time = 3.065850
TRAIN Iter 194: loss = 0.004260,	Top-1 err = 29.750000,	Top-5 err = 18.700000,	train_time = 3.012591
TRAIN Iter 195: loss = 0.004392,	Top-1 err = 40.450000,	Top-5 err = 25.550000,	train_time = 3.187625
TRAIN Iter 196: loss = 0.004345,	Top-1 err = 41.950000,	Top-5 err = 29.400000,	train_time = 3.042853
TRAIN Iter 197: loss = 0.004315,	Top-1 err = 45.700000,	Top-5 err = 29.100000,	train_time = 3.105123
TRAIN Iter 198: loss = 0.004183,	Top-1 err = 31.250000,	Top-5 err = 20.900000,	train_time = 3.196813
TRAIN Iter 199: loss = 0.004199,	Top-1 err = 31.550000,	Top-5 err = 17.450000,	train_time = 3.055776
TRAIN Iter 200: loss = 0.004368,	Top-1 err = 24.250000,	Top-5 err = 10.250000,	train_time = 3.021252
TRAIN Iter 201: loss = 0.004299,	Top-1 err = 33.950000,	Top-5 err = 21.350000,	train_time = 3.089601
TRAIN Iter 202: loss = 0.004281,	Top-1 err = 45.150000,	Top-5 err = 28.200000,	train_time = 3.056883
TRAIN Iter 203: loss = 0.004228,	Top-1 err = 35.750000,	Top-5 err = 22.050000,	train_time = 3.197044
TRAIN Iter 204: loss = 0.004343,	Top-1 err = 37.350000,	Top-5 err = 20.350000,	train_time = 3.206833
TRAIN Iter 205: loss = 0.004251,	Top-1 err = 30.000000,	Top-5 err = 16.050000,	train_time = 3.060893
TRAIN Iter 206: loss = 0.004213,	Top-1 err = 36.300000,	Top-5 err = 17.500000,	train_time = 3.089175
TRAIN Iter 207: loss = 0.004202,	Top-1 err = 44.800000,	Top-5 err = 30.050000,	train_time = 3.059069
TRAIN Iter 208: loss = 0.004058,	Top-1 err = 19.250000,	Top-5 err = 9.650000,	train_time = 3.073940
TRAIN Iter 209: loss = 0.004149,	Top-1 err = 24.800000,	Top-5 err = 11.450000,	train_time = 3.030526
TRAIN Iter 210: loss = 0.004077,	Top-1 err = 19.400000,	Top-5 err = 11.850000,	train_time = 3.205996
TRAIN Iter 211: loss = 0.004237,	Top-1 err = 36.700000,	Top-5 err = 21.400000,	train_time = 3.348915
TRAIN Iter 212: loss = 0.004221,	Top-1 err = 31.700000,	Top-5 err = 17.350000,	train_time = 3.182480
TRAIN Iter 213: loss = 0.004030,	Top-1 err = 18.300000,	Top-5 err = 8.850000,	train_time = 3.086701
TRAIN Iter 214: loss = 0.004028,	Top-1 err = 17.750000,	Top-5 err = 7.550000,	train_time = 3.021531
TRAIN Iter 215: loss = 0.004109,	Top-1 err = 37.800000,	Top-5 err = 21.050000,	train_time = 3.057128
TRAIN Iter 216: loss = 0.004074,	Top-1 err = 35.450000,	Top-5 err = 24.000000,	train_time = 3.171658
TRAIN Iter 217: loss = 0.004071,	Top-1 err = 27.850000,	Top-5 err = 16.000000,	train_time = 3.138409
TRAIN Iter 218: loss = 0.004197,	Top-1 err = 51.950000,	Top-5 err = 30.200000,	train_time = 3.021760
TRAIN Iter 219: loss = 0.003909,	Top-1 err = 24.200000,	Top-5 err = 16.550000,	train_time = 3.227854
TRAIN Iter 220: loss = 0.004078,	Top-1 err = 25.850000,	Top-5 err = 12.450000,	train_time = 3.191030
TRAIN Iter 221: loss = 0.003944,	Top-1 err = 23.750000,	Top-5 err = 12.750000,	train_time = 3.192945
TRAIN Iter 222: loss = 0.004152,	Top-1 err = 36.100000,	Top-5 err = 22.850000,	train_time = 3.137769
TRAIN Iter 223: loss = 0.004033,	Top-1 err = 40.650000,	Top-5 err = 28.450000,	train_time = 3.038364
TRAIN Iter 224: loss = 0.003890,	Top-1 err = 16.750000,	Top-5 err = 7.200000,	train_time = 3.119866
TRAIN Iter 225: loss = 0.004118,	Top-1 err = 33.700000,	Top-5 err = 20.100000,	train_time = 3.008264
TRAIN Iter 226: loss = 0.004037,	Top-1 err = 33.600000,	Top-5 err = 19.650000,	train_time = 3.001020
TRAIN Iter 227: loss = 0.004143,	Top-1 err = 30.450000,	Top-5 err = 15.950000,	train_time = 3.086632
TRAIN Iter 228: loss = 0.003876,	Top-1 err = 26.800000,	Top-5 err = 16.300000,	train_time = 3.031443
TRAIN Iter 229: loss = 0.004144,	Top-1 err = 29.950000,	Top-5 err = 17.600000,	train_time = 3.215138
TRAIN Iter 230: loss = 0.003944,	Top-1 err = 55.300000,	Top-5 err = 38.550000,	train_time = 3.247361
TRAIN Iter 231: loss = 0.003908,	Top-1 err = 39.150000,	Top-5 err = 26.800000,	train_time = 3.111613
TRAIN Iter 232: loss = 0.003964,	Top-1 err = 48.650000,	Top-5 err = 31.300000,	train_time = 3.006192
TRAIN Iter 233: loss = 0.003920,	Top-1 err = 36.550000,	Top-5 err = 22.050000,	train_time = 3.029817
TRAIN Iter 234: loss = 0.003822,	Top-1 err = 23.700000,	Top-5 err = 13.200000,	train_time = 3.277647
TRAIN Iter 235: loss = 0.004087,	Top-1 err = 39.550000,	Top-5 err = 21.950000,	train_time = 3.315964
TRAIN Iter 236: loss = 0.003938,	Top-1 err = 42.050000,	Top-5 err = 28.100000,	train_time = 3.194620
TRAIN Iter 237: loss = 0.004019,	Top-1 err = 43.700000,	Top-5 err = 27.750000,	train_time = 3.198658
TRAIN Iter 238: loss = 0.004003,	Top-1 err = 35.050000,	Top-5 err = 17.500000,	train_time = 2.984864
TRAIN Iter 239: loss = 0.003896,	Top-1 err = 39.000000,	Top-5 err = 19.000000,	train_time = 3.028330
TRAIN Iter 240: loss = 0.004037,	Top-1 err = 39.050000,	Top-5 err = 20.700000,	train_time = 3.480814
TRAIN Iter 241: loss = 0.004073,	Top-1 err = 51.100000,	Top-5 err = 34.250000,	train_time = 3.448871
TRAIN Iter 242: loss = 0.003908,	Top-1 err = 35.150000,	Top-5 err = 20.300000,	train_time = 3.043527
TRAIN Iter 243: loss = 0.003796,	Top-1 err = 31.250000,	Top-5 err = 18.450000,	train_time = 2.984666
TRAIN Iter 244: loss = 0.003875,	Top-1 err = 25.100000,	Top-5 err = 14.350000,	train_time = 3.032020
TRAIN Iter 245: loss = 0.004003,	Top-1 err = 45.700000,	Top-5 err = 26.100000,	train_time = 3.038944
TRAIN Iter 246: loss = 0.003849,	Top-1 err = 29.800000,	Top-5 err = 16.800000,	train_time = 3.055440
TRAIN Iter 247: loss = 0.003924,	Top-1 err = 28.250000,	Top-5 err = 12.750000,	train_time = 3.100261
TRAIN Iter 248: loss = 0.003910,	Top-1 err = 31.000000,	Top-5 err = 16.850000,	train_time = 3.020970
TRAIN Iter 249: loss = 0.003845,	Top-1 err = 37.850000,	Top-5 err = 20.900000,	train_time = 3.106314
TEST:
Iter 249: loss = 2.604189,	Top-1 err = 57.600000,	Top-5 err = 31.010000,	val_time = 3.001257
TRAIN Iter 250: loss = 0.003793,	Top-1 err = 34.800000,	Top-5 err = 19.300000,	train_time = 3.058945
TRAIN Iter 251: loss = 0.003862,	Top-1 err = 23.600000,	Top-5 err = 10.350000,	train_time = 3.052169
TRAIN Iter 252: loss = 0.003784,	Top-1 err = 36.800000,	Top-5 err = 25.000000,	train_time = 3.127208
TRAIN Iter 253: loss = 0.003863,	Top-1 err = 40.550000,	Top-5 err = 24.800000,	train_time = 3.030638
TRAIN Iter 254: loss = 0.003896,	Top-1 err = 35.650000,	Top-5 err = 17.800000,	train_time = 3.103025
TRAIN Iter 255: loss = 0.003863,	Top-1 err = 47.100000,	Top-5 err = 29.950000,	train_time = 3.000178
TRAIN Iter 256: loss = 0.003692,	Top-1 err = 21.750000,	Top-5 err = 12.900000,	train_time = 3.201414
TRAIN Iter 257: loss = 0.003757,	Top-1 err = 17.050000,	Top-5 err = 9.000000,	train_time = 3.197808
TRAIN Iter 258: loss = 0.003769,	Top-1 err = 31.800000,	Top-5 err = 18.150000,	train_time = 3.054865
TRAIN Iter 259: loss = 0.003719,	Top-1 err = 27.050000,	Top-5 err = 15.200000,	train_time = 3.170596
TEST:
Iter 259: loss = 2.577471,	Top-1 err = 56.880000,	Top-5 err = 30.670000,	val_time = 3.021654
TRAIN Iter 260: loss = 0.003785,	Top-1 err = 32.700000,	Top-5 err = 18.550000,	train_time = 3.008030
TRAIN Iter 261: loss = 0.003771,	Top-1 err = 28.250000,	Top-5 err = 17.200000,	train_time = 3.163717
TRAIN Iter 262: loss = 0.003771,	Top-1 err = 18.500000,	Top-5 err = 6.950000,	train_time = 3.127505
TRAIN Iter 263: loss = 0.003877,	Top-1 err = 34.850000,	Top-5 err = 18.650000,	train_time = 3.238567
TRAIN Iter 264: loss = 0.003697,	Top-1 err = 25.300000,	Top-5 err = 10.500000,	train_time = 3.339780
TRAIN Iter 265: loss = 0.003734,	Top-1 err = 28.150000,	Top-5 err = 15.050000,	train_time = 3.167304
TRAIN Iter 266: loss = 0.003838,	Top-1 err = 32.500000,	Top-5 err = 15.700000,	train_time = 3.047138
TRAIN Iter 267: loss = 0.003683,	Top-1 err = 28.000000,	Top-5 err = 12.800000,	train_time = 2.996731
TRAIN Iter 268: loss = 0.003620,	Top-1 err = 30.350000,	Top-5 err = 18.150000,	train_time = 3.118196
TRAIN Iter 269: loss = 0.003706,	Top-1 err = 25.500000,	Top-5 err = 9.900000,	train_time = 3.054013
TEST:
Iter 269: loss = 2.567844,	Top-1 err = 57.020000,	Top-5 err = 30.170000,	val_time = 2.979451
TRAIN Iter 270: loss = 0.003605,	Top-1 err = 23.900000,	Top-5 err = 12.450000,	train_time = 3.314447
TRAIN Iter 271: loss = 0.003740,	Top-1 err = 29.000000,	Top-5 err = 17.400000,	train_time = 3.262405
TRAIN Iter 272: loss = 0.003822,	Top-1 err = 47.100000,	Top-5 err = 30.900000,	train_time = 3.104768
TRAIN Iter 273: loss = 0.004045,	Top-1 err = 46.200000,	Top-5 err = 26.950000,	train_time = 3.013776
TRAIN Iter 274: loss = 0.003694,	Top-1 err = 13.700000,	Top-5 err = 3.900000,	train_time = 3.003956
TRAIN Iter 275: loss = 0.003754,	Top-1 err = 37.750000,	Top-5 err = 22.600000,	train_time = 3.016306
TRAIN Iter 276: loss = 0.003705,	Top-1 err = 27.600000,	Top-5 err = 18.400000,	train_time = 3.290358
TRAIN Iter 277: loss = 0.003704,	Top-1 err = 36.150000,	Top-5 err = 19.250000,	train_time = 3.201527
TRAIN Iter 278: loss = 0.003734,	Top-1 err = 38.600000,	Top-5 err = 27.000000,	train_time = 3.073161
TRAIN Iter 279: loss = 0.003651,	Top-1 err = 26.200000,	Top-5 err = 14.050000,	train_time = 3.125291
TEST:
Iter 279: loss = 2.598114,	Top-1 err = 56.760000,	Top-5 err = 30.220000,	val_time = 2.966424
TRAIN Iter 280: loss = 0.003664,	Top-1 err = 28.100000,	Top-5 err = 17.500000,	train_time = 3.196836
TRAIN Iter 281: loss = 0.003522,	Top-1 err = 31.250000,	Top-5 err = 20.800000,	train_time = 3.152161
TRAIN Iter 282: loss = 0.003478,	Top-1 err = 14.250000,	Top-5 err = 5.850000,	train_time = 3.123857
TRAIN Iter 283: loss = 0.003562,	Top-1 err = 28.650000,	Top-5 err = 17.350000,	train_time = 3.024410
TRAIN Iter 284: loss = 0.003783,	Top-1 err = 29.500000,	Top-5 err = 17.350000,	train_time = 3.233239
TRAIN Iter 285: loss = 0.003590,	Top-1 err = 20.300000,	Top-5 err = 8.900000,	train_time = 3.075945
TRAIN Iter 286: loss = 0.003654,	Top-1 err = 26.400000,	Top-5 err = 11.600000,	train_time = 3.278744
TRAIN Iter 287: loss = 0.003649,	Top-1 err = 24.800000,	Top-5 err = 9.500000,	train_time = 3.062917
TRAIN Iter 288: loss = 0.003584,	Top-1 err = 26.600000,	Top-5 err = 14.650000,	train_time = 2.983501
TRAIN Iter 289: loss = 0.003406,	Top-1 err = 12.550000,	Top-5 err = 5.450000,	train_time = 3.147451
TEST:
Iter 289: loss = 2.576576,	Top-1 err = 56.790000,	Top-5 err = 30.160000,	val_time = 3.124319
TRAIN Iter 290: loss = 0.003711,	Top-1 err = 36.650000,	Top-5 err = 22.300000,	train_time = 3.123571
TRAIN Iter 291: loss = 0.003431,	Top-1 err = 33.500000,	Top-5 err = 21.300000,	train_time = 3.069410
TRAIN Iter 292: loss = 0.003725,	Top-1 err = 42.000000,	Top-5 err = 25.200000,	train_time = 3.120971
TRAIN Iter 293: loss = 0.003551,	Top-1 err = 35.300000,	Top-5 err = 21.600000,	train_time = 3.029993
TRAIN Iter 294: loss = 0.003524,	Top-1 err = 29.250000,	Top-5 err = 16.800000,	train_time = 3.051977
TRAIN Iter 295: loss = 0.003668,	Top-1 err = 33.150000,	Top-5 err = 18.900000,	train_time = 3.083559
TRAIN Iter 296: loss = 0.003442,	Top-1 err = 31.600000,	Top-5 err = 19.750000,	train_time = 3.047107
TRAIN Iter 297: loss = 0.003641,	Top-1 err = 46.300000,	Top-5 err = 34.000000,	train_time = 3.010272
TRAIN Iter 298: loss = 0.003454,	Top-1 err = 31.000000,	Top-5 err = 23.550000,	train_time = 3.192120
TRAIN Iter 299: loss = 0.003452,	Top-1 err = 23.650000,	Top-5 err = 13.050000,	train_time = 3.062993
TEST:
Iter 299: loss = 2.491570,	Top-1 err = 56.000000,	Top-5 err = 29.300000,	val_time = 2.997965
Train Finish! Best accuracy is 44.0@299
