=> using pytorch pre-trained teacher model 'conv4'
process data from /home/dvspanos/nikos/ca2d/artifacts/rded_sets/bench_tin_conv_el2nw90_ipc10
load data successfully
TRAIN Iter 0: loss = 0.018464,	Top-1 err = 99.450000,	Top-5 err = 96.750000,	train_time = 3.694663
TRAIN Iter 1: loss = 0.014929,	Top-1 err = 98.850000,	Top-5 err = 93.200000,	train_time = 2.285816
TRAIN Iter 2: loss = 0.014987,	Top-1 err = 97.150000,	Top-5 err = 89.450000,	train_time = 2.220404
TRAIN Iter 3: loss = 0.012713,	Top-1 err = 97.250000,	Top-5 err = 88.300000,	train_time = 2.243779
TRAIN Iter 4: loss = 0.012974,	Top-1 err = 95.750000,	Top-5 err = 84.600000,	train_time = 2.246051
TRAIN Iter 5: loss = 0.011632,	Top-1 err = 94.200000,	Top-5 err = 80.900000,	train_time = 2.282677
TRAIN Iter 6: loss = 0.011276,	Top-1 err = 91.500000,	Top-5 err = 74.900000,	train_time = 2.246317
TRAIN Iter 7: loss = 0.010711,	Top-1 err = 89.000000,	Top-5 err = 69.950000,	train_time = 2.283670
TRAIN Iter 8: loss = 0.010369,	Top-1 err = 90.500000,	Top-5 err = 71.450000,	train_time = 2.298063
TRAIN Iter 9: loss = 0.010293,	Top-1 err = 88.150000,	Top-5 err = 68.850000,	train_time = 2.307680
TRAIN Iter 10: loss = 0.009762,	Top-1 err = 88.600000,	Top-5 err = 71.050000,	train_time = 2.298790
TRAIN Iter 11: loss = 0.009795,	Top-1 err = 83.350000,	Top-5 err = 59.350000,	train_time = 2.309913
TRAIN Iter 12: loss = 0.009519,	Top-1 err = 82.450000,	Top-5 err = 58.450000,	train_time = 2.229884
TRAIN Iter 13: loss = 0.008931,	Top-1 err = 87.600000,	Top-5 err = 70.650000,	train_time = 2.255880
TRAIN Iter 14: loss = 0.008917,	Top-1 err = 83.850000,	Top-5 err = 60.200000,	train_time = 2.305477
TRAIN Iter 15: loss = 0.008414,	Top-1 err = 87.000000,	Top-5 err = 68.150000,	train_time = 2.288709
TRAIN Iter 16: loss = 0.008296,	Top-1 err = 84.350000,	Top-5 err = 61.500000,	train_time = 2.309939
TRAIN Iter 17: loss = 0.008304,	Top-1 err = 83.950000,	Top-5 err = 62.150000,	train_time = 2.321141
TRAIN Iter 18: loss = 0.008310,	Top-1 err = 82.700000,	Top-5 err = 61.100000,	train_time = 2.287682
TRAIN Iter 19: loss = 0.007759,	Top-1 err = 83.700000,	Top-5 err = 61.400000,	train_time = 2.356150
TRAIN Iter 20: loss = 0.008016,	Top-1 err = 81.750000,	Top-5 err = 59.200000,	train_time = 2.352726
TRAIN Iter 21: loss = 0.007640,	Top-1 err = 79.600000,	Top-5 err = 56.200000,	train_time = 2.297071
TRAIN Iter 22: loss = 0.007381,	Top-1 err = 81.600000,	Top-5 err = 58.600000,	train_time = 2.308577
TRAIN Iter 23: loss = 0.007547,	Top-1 err = 78.200000,	Top-5 err = 52.350000,	train_time = 2.277781
TRAIN Iter 24: loss = 0.007377,	Top-1 err = 76.550000,	Top-5 err = 51.300000,	train_time = 2.310143
TRAIN Iter 25: loss = 0.007405,	Top-1 err = 74.150000,	Top-5 err = 47.150000,	train_time = 2.322517
TRAIN Iter 26: loss = 0.007189,	Top-1 err = 75.200000,	Top-5 err = 49.400000,	train_time = 2.312603
TRAIN Iter 27: loss = 0.007410,	Top-1 err = 77.000000,	Top-5 err = 55.350000,	train_time = 2.345703
TRAIN Iter 28: loss = 0.006718,	Top-1 err = 77.750000,	Top-5 err = 57.250000,	train_time = 2.312897
TRAIN Iter 29: loss = 0.006988,	Top-1 err = 73.350000,	Top-5 err = 47.800000,	train_time = 2.308755
TRAIN Iter 30: loss = 0.006675,	Top-1 err = 74.250000,	Top-5 err = 48.550000,	train_time = 2.305048
TRAIN Iter 31: loss = 0.006908,	Top-1 err = 71.750000,	Top-5 err = 45.900000,	train_time = 2.300359
TRAIN Iter 32: loss = 0.006504,	Top-1 err = 71.500000,	Top-5 err = 47.450000,	train_time = 2.348332
TRAIN Iter 33: loss = 0.006472,	Top-1 err = 65.950000,	Top-5 err = 39.600000,	train_time = 2.328403
TRAIN Iter 34: loss = 0.006363,	Top-1 err = 71.500000,	Top-5 err = 46.600000,	train_time = 2.340457
TRAIN Iter 35: loss = 0.006418,	Top-1 err = 68.450000,	Top-5 err = 43.750000,	train_time = 2.253701
TRAIN Iter 36: loss = 0.005911,	Top-1 err = 76.200000,	Top-5 err = 53.900000,	train_time = 2.063555
TRAIN Iter 37: loss = 0.006177,	Top-1 err = 67.300000,	Top-5 err = 41.000000,	train_time = 2.326276
TRAIN Iter 38: loss = 0.005981,	Top-1 err = 68.550000,	Top-5 err = 40.350000,	train_time = 2.384635
TRAIN Iter 39: loss = 0.006117,	Top-1 err = 72.650000,	Top-5 err = 47.650000,	train_time = 2.358414
TRAIN Iter 40: loss = 0.006081,	Top-1 err = 78.050000,	Top-5 err = 54.600000,	train_time = 2.353915
TRAIN Iter 41: loss = 0.006024,	Top-1 err = 67.300000,	Top-5 err = 41.600000,	train_time = 2.295637
TRAIN Iter 42: loss = 0.005677,	Top-1 err = 78.900000,	Top-5 err = 57.300000,	train_time = 2.346044
TRAIN Iter 43: loss = 0.005998,	Top-1 err = 67.400000,	Top-5 err = 42.900000,	train_time = 2.365915
TRAIN Iter 44: loss = 0.005575,	Top-1 err = 73.500000,	Top-5 err = 48.500000,	train_time = 2.389037
TRAIN Iter 45: loss = 0.005520,	Top-1 err = 71.600000,	Top-5 err = 45.550000,	train_time = 2.351808
TRAIN Iter 46: loss = 0.005613,	Top-1 err = 65.300000,	Top-5 err = 37.900000,	train_time = 2.374251
TRAIN Iter 47: loss = 0.005708,	Top-1 err = 61.050000,	Top-5 err = 34.200000,	train_time = 2.327899
TRAIN Iter 48: loss = 0.005376,	Top-1 err = 74.500000,	Top-5 err = 49.650000,	train_time = 2.369128
TRAIN Iter 49: loss = 0.005359,	Top-1 err = 69.750000,	Top-5 err = 44.200000,	train_time = 2.352862
TRAIN Iter 50: loss = 0.005498,	Top-1 err = 62.850000,	Top-5 err = 35.950000,	train_time = 2.379391
TRAIN Iter 51: loss = 0.005359,	Top-1 err = 70.150000,	Top-5 err = 47.550000,	train_time = 2.313433
TRAIN Iter 52: loss = 0.005221,	Top-1 err = 66.700000,	Top-5 err = 41.800000,	train_time = 2.322011
TRAIN Iter 53: loss = 0.005208,	Top-1 err = 69.600000,	Top-5 err = 47.000000,	train_time = 2.339324
TRAIN Iter 54: loss = 0.005100,	Top-1 err = 73.950000,	Top-5 err = 50.500000,	train_time = 2.349668
TRAIN Iter 55: loss = 0.005238,	Top-1 err = 55.100000,	Top-5 err = 30.300000,	train_time = 2.342717
TRAIN Iter 56: loss = 0.005139,	Top-1 err = 68.150000,	Top-5 err = 47.350000,	train_time = 2.346360
TRAIN Iter 57: loss = 0.004926,	Top-1 err = 63.000000,	Top-5 err = 36.800000,	train_time = 2.374992
TRAIN Iter 58: loss = 0.004964,	Top-1 err = 60.150000,	Top-5 err = 31.900000,	train_time = 2.331112
TRAIN Iter 59: loss = 0.005013,	Top-1 err = 61.000000,	Top-5 err = 35.850000,	train_time = 2.320470
TRAIN Iter 60: loss = 0.004958,	Top-1 err = 65.750000,	Top-5 err = 40.650000,	train_time = 2.355676
TRAIN Iter 61: loss = 0.004916,	Top-1 err = 63.050000,	Top-5 err = 40.100000,	train_time = 2.396240
TRAIN Iter 62: loss = 0.004918,	Top-1 err = 59.600000,	Top-5 err = 36.100000,	train_time = 2.359581
TRAIN Iter 63: loss = 0.004872,	Top-1 err = 56.000000,	Top-5 err = 29.450000,	train_time = 2.360920
TRAIN Iter 64: loss = 0.004746,	Top-1 err = 68.900000,	Top-5 err = 45.400000,	train_time = 2.396006
TRAIN Iter 65: loss = 0.004856,	Top-1 err = 65.450000,	Top-5 err = 42.400000,	train_time = 2.328686
TRAIN Iter 66: loss = 0.004832,	Top-1 err = 63.650000,	Top-5 err = 40.600000,	train_time = 2.388003
TRAIN Iter 67: loss = 0.004861,	Top-1 err = 62.900000,	Top-5 err = 39.350000,	train_time = 2.311469
TRAIN Iter 68: loss = 0.004754,	Top-1 err = 67.150000,	Top-5 err = 43.300000,	train_time = 2.336789
TRAIN Iter 69: loss = 0.004598,	Top-1 err = 57.600000,	Top-5 err = 33.650000,	train_time = 2.400723
TRAIN Iter 70: loss = 0.004579,	Top-1 err = 59.000000,	Top-5 err = 34.050000,	train_time = 2.392623
TRAIN Iter 71: loss = 0.004833,	Top-1 err = 66.700000,	Top-5 err = 45.400000,	train_time = 2.343519
TRAIN Iter 72: loss = 0.004628,	Top-1 err = 62.150000,	Top-5 err = 39.200000,	train_time = 2.351721
TRAIN Iter 73: loss = 0.004710,	Top-1 err = 64.400000,	Top-5 err = 43.400000,	train_time = 2.378391
TRAIN Iter 74: loss = 0.004552,	Top-1 err = 63.350000,	Top-5 err = 36.250000,	train_time = 2.403975
TRAIN Iter 75: loss = 0.004785,	Top-1 err = 68.500000,	Top-5 err = 45.350000,	train_time = 2.349750
TRAIN Iter 76: loss = 0.004457,	Top-1 err = 63.950000,	Top-5 err = 39.150000,	train_time = 2.343832
TRAIN Iter 77: loss = 0.004512,	Top-1 err = 53.350000,	Top-5 err = 28.300000,	train_time = 2.331635
TRAIN Iter 78: loss = 0.004538,	Top-1 err = 56.850000,	Top-5 err = 30.800000,	train_time = 2.364296
TRAIN Iter 79: loss = 0.004636,	Top-1 err = 59.250000,	Top-5 err = 35.350000,	train_time = 2.383137
TRAIN Iter 80: loss = 0.004508,	Top-1 err = 66.650000,	Top-5 err = 45.000000,	train_time = 2.378241
TRAIN Iter 81: loss = 0.004371,	Top-1 err = 62.450000,	Top-5 err = 39.850000,	train_time = 2.385413
TRAIN Iter 82: loss = 0.004351,	Top-1 err = 54.900000,	Top-5 err = 29.950000,	train_time = 2.391951
TRAIN Iter 83: loss = 0.004444,	Top-1 err = 56.250000,	Top-5 err = 30.250000,	train_time = 2.350531
TRAIN Iter 84: loss = 0.004441,	Top-1 err = 60.300000,	Top-5 err = 36.500000,	train_time = 2.359084
TRAIN Iter 85: loss = 0.004315,	Top-1 err = 59.050000,	Top-5 err = 35.750000,	train_time = 2.341420
TRAIN Iter 86: loss = 0.004205,	Top-1 err = 64.650000,	Top-5 err = 39.400000,	train_time = 2.362091
TRAIN Iter 87: loss = 0.004280,	Top-1 err = 61.650000,	Top-5 err = 42.100000,	train_time = 2.343517
TRAIN Iter 88: loss = 0.004157,	Top-1 err = 58.200000,	Top-5 err = 33.650000,	train_time = 2.344708
TRAIN Iter 89: loss = 0.004156,	Top-1 err = 62.850000,	Top-5 err = 38.200000,	train_time = 2.367746
TRAIN Iter 90: loss = 0.004336,	Top-1 err = 65.050000,	Top-5 err = 44.900000,	train_time = 2.330935
TRAIN Iter 91: loss = 0.004120,	Top-1 err = 56.950000,	Top-5 err = 31.900000,	train_time = 2.324596
TRAIN Iter 92: loss = 0.004205,	Top-1 err = 63.450000,	Top-5 err = 40.700000,	train_time = 2.342103
TRAIN Iter 93: loss = 0.004183,	Top-1 err = 61.200000,	Top-5 err = 40.650000,	train_time = 2.329252
TRAIN Iter 94: loss = 0.004066,	Top-1 err = 59.750000,	Top-5 err = 37.750000,	train_time = 2.338468
TRAIN Iter 95: loss = 0.004031,	Top-1 err = 57.100000,	Top-5 err = 35.250000,	train_time = 2.355599
TRAIN Iter 96: loss = 0.004043,	Top-1 err = 54.600000,	Top-5 err = 30.700000,	train_time = 2.357891
TRAIN Iter 97: loss = 0.004071,	Top-1 err = 60.750000,	Top-5 err = 38.900000,	train_time = 2.339973
TRAIN Iter 98: loss = 0.004017,	Top-1 err = 55.350000,	Top-5 err = 31.650000,	train_time = 2.356229
TRAIN Iter 99: loss = 0.004045,	Top-1 err = 64.150000,	Top-5 err = 41.750000,	train_time = 2.300278
TRAIN Iter 100: loss = 0.004100,	Top-1 err = 68.250000,	Top-5 err = 48.100000,	train_time = 2.352356
TRAIN Iter 101: loss = 0.003962,	Top-1 err = 55.050000,	Top-5 err = 29.200000,	train_time = 2.354871
TRAIN Iter 102: loss = 0.003976,	Top-1 err = 62.900000,	Top-5 err = 38.400000,	train_time = 2.384599
TRAIN Iter 103: loss = 0.003905,	Top-1 err = 53.100000,	Top-5 err = 29.200000,	train_time = 2.118564
TRAIN Iter 104: loss = 0.004036,	Top-1 err = 69.750000,	Top-5 err = 50.650000,	train_time = 2.394773
TRAIN Iter 105: loss = 0.004023,	Top-1 err = 66.450000,	Top-5 err = 46.800000,	train_time = 2.298646
TRAIN Iter 106: loss = 0.004101,	Top-1 err = 67.350000,	Top-5 err = 45.550000,	train_time = 2.391399
TRAIN Iter 107: loss = 0.004027,	Top-1 err = 54.850000,	Top-5 err = 35.950000,	train_time = 2.368618
TRAIN Iter 108: loss = 0.003882,	Top-1 err = 61.150000,	Top-5 err = 37.850000,	train_time = 2.378111
TRAIN Iter 109: loss = 0.003835,	Top-1 err = 55.400000,	Top-5 err = 32.950000,	train_time = 2.342310
TRAIN Iter 110: loss = 0.003859,	Top-1 err = 49.250000,	Top-5 err = 28.400000,	train_time = 2.374560
TRAIN Iter 111: loss = 0.003851,	Top-1 err = 50.500000,	Top-5 err = 28.700000,	train_time = 2.369961
TRAIN Iter 112: loss = 0.003891,	Top-1 err = 58.450000,	Top-5 err = 34.850000,	train_time = 2.343169
TRAIN Iter 113: loss = 0.003807,	Top-1 err = 63.300000,	Top-5 err = 40.250000,	train_time = 2.374113
TRAIN Iter 114: loss = 0.003914,	Top-1 err = 58.200000,	Top-5 err = 35.900000,	train_time = 2.358211
TRAIN Iter 115: loss = 0.003836,	Top-1 err = 53.450000,	Top-5 err = 31.350000,	train_time = 2.349635
TRAIN Iter 116: loss = 0.003826,	Top-1 err = 62.900000,	Top-5 err = 39.600000,	train_time = 2.361982
TRAIN Iter 117: loss = 0.003831,	Top-1 err = 56.050000,	Top-5 err = 33.350000,	train_time = 2.388096
TRAIN Iter 118: loss = 0.003775,	Top-1 err = 61.550000,	Top-5 err = 37.900000,	train_time = 2.330388
TRAIN Iter 119: loss = 0.003575,	Top-1 err = 47.800000,	Top-5 err = 22.300000,	train_time = 2.399128
TRAIN Iter 120: loss = 0.003779,	Top-1 err = 62.200000,	Top-5 err = 41.400000,	train_time = 2.343718
TRAIN Iter 121: loss = 0.003786,	Top-1 err = 55.600000,	Top-5 err = 33.650000,	train_time = 2.365247
TRAIN Iter 122: loss = 0.003838,	Top-1 err = 63.300000,	Top-5 err = 38.250000,	train_time = 2.333634
TRAIN Iter 123: loss = 0.003738,	Top-1 err = 51.150000,	Top-5 err = 26.950000,	train_time = 2.346441
TRAIN Iter 124: loss = 0.003751,	Top-1 err = 63.650000,	Top-5 err = 39.400000,	train_time = 2.301285
TRAIN Iter 125: loss = 0.003699,	Top-1 err = 57.950000,	Top-5 err = 35.600000,	train_time = 2.361246
TRAIN Iter 126: loss = 0.003604,	Top-1 err = 58.000000,	Top-5 err = 34.400000,	train_time = 2.374723
TRAIN Iter 127: loss = 0.003507,	Top-1 err = 57.450000,	Top-5 err = 35.500000,	train_time = 2.351457
TRAIN Iter 128: loss = 0.003693,	Top-1 err = 58.600000,	Top-5 err = 37.300000,	train_time = 2.386618
TRAIN Iter 129: loss = 0.003618,	Top-1 err = 55.900000,	Top-5 err = 32.050000,	train_time = 2.330905
TRAIN Iter 130: loss = 0.003616,	Top-1 err = 65.200000,	Top-5 err = 44.250000,	train_time = 2.345874
TRAIN Iter 131: loss = 0.003640,	Top-1 err = 53.400000,	Top-5 err = 32.550000,	train_time = 2.380563
TRAIN Iter 132: loss = 0.003574,	Top-1 err = 51.550000,	Top-5 err = 28.750000,	train_time = 2.359932
TRAIN Iter 133: loss = 0.003526,	Top-1 err = 49.350000,	Top-5 err = 25.350000,	train_time = 2.380698
TRAIN Iter 134: loss = 0.003473,	Top-1 err = 59.250000,	Top-5 err = 35.150000,	train_time = 2.390740
TRAIN Iter 135: loss = 0.003635,	Top-1 err = 53.200000,	Top-5 err = 29.700000,	train_time = 2.328459
TRAIN Iter 136: loss = 0.003569,	Top-1 err = 62.650000,	Top-5 err = 38.400000,	train_time = 2.338769
TRAIN Iter 137: loss = 0.003519,	Top-1 err = 63.800000,	Top-5 err = 44.200000,	train_time = 2.393109
TRAIN Iter 138: loss = 0.003513,	Top-1 err = 56.700000,	Top-5 err = 35.000000,	train_time = 2.328962
TRAIN Iter 139: loss = 0.003521,	Top-1 err = 56.750000,	Top-5 err = 30.650000,	train_time = 2.400319
TRAIN Iter 140: loss = 0.003572,	Top-1 err = 48.100000,	Top-5 err = 24.950000,	train_time = 2.356457
TRAIN Iter 141: loss = 0.003564,	Top-1 err = 56.950000,	Top-5 err = 36.250000,	train_time = 2.345557
TRAIN Iter 142: loss = 0.003586,	Top-1 err = 60.000000,	Top-5 err = 37.800000,	train_time = 2.328318
TRAIN Iter 143: loss = 0.003510,	Top-1 err = 63.050000,	Top-5 err = 39.200000,	train_time = 2.380110
TRAIN Iter 144: loss = 0.003348,	Top-1 err = 48.450000,	Top-5 err = 26.900000,	train_time = 2.351258
TRAIN Iter 145: loss = 0.003342,	Top-1 err = 46.000000,	Top-5 err = 20.800000,	train_time = 2.341373
TRAIN Iter 146: loss = 0.003599,	Top-1 err = 53.600000,	Top-5 err = 28.850000,	train_time = 2.403379
TRAIN Iter 147: loss = 0.003395,	Top-1 err = 54.500000,	Top-5 err = 29.850000,	train_time = 2.360188
TRAIN Iter 148: loss = 0.003365,	Top-1 err = 50.450000,	Top-5 err = 26.750000,	train_time = 2.340057
TRAIN Iter 149: loss = 0.003402,	Top-1 err = 49.750000,	Top-5 err = 26.000000,	train_time = 2.301095
TRAIN Iter 150: loss = 0.003426,	Top-1 err = 55.250000,	Top-5 err = 33.100000,	train_time = 2.352970
TRAIN Iter 151: loss = 0.003394,	Top-1 err = 55.650000,	Top-5 err = 31.200000,	train_time = 2.406528
TRAIN Iter 152: loss = 0.003486,	Top-1 err = 57.800000,	Top-5 err = 37.650000,	train_time = 2.396226
TRAIN Iter 153: loss = 0.003521,	Top-1 err = 61.100000,	Top-5 err = 39.200000,	train_time = 2.374782
TRAIN Iter 154: loss = 0.003373,	Top-1 err = 63.000000,	Top-5 err = 41.900000,	train_time = 2.396219
TRAIN Iter 155: loss = 0.003427,	Top-1 err = 54.800000,	Top-5 err = 35.650000,	train_time = 2.386897
TRAIN Iter 156: loss = 0.003264,	Top-1 err = 50.650000,	Top-5 err = 27.450000,	train_time = 2.400818
TRAIN Iter 157: loss = 0.003194,	Top-1 err = 47.150000,	Top-5 err = 23.850000,	train_time = 2.361394
TRAIN Iter 158: loss = 0.003270,	Top-1 err = 56.350000,	Top-5 err = 32.800000,	train_time = 2.326374
TRAIN Iter 159: loss = 0.003259,	Top-1 err = 53.750000,	Top-5 err = 31.000000,	train_time = 2.382241
TRAIN Iter 160: loss = 0.003231,	Top-1 err = 45.200000,	Top-5 err = 22.450000,	train_time = 2.375453
TRAIN Iter 161: loss = 0.003392,	Top-1 err = 63.950000,	Top-5 err = 41.350000,	train_time = 2.339314
TRAIN Iter 162: loss = 0.003241,	Top-1 err = 50.450000,	Top-5 err = 29.700000,	train_time = 2.376924
TRAIN Iter 163: loss = 0.003282,	Top-1 err = 54.450000,	Top-5 err = 33.350000,	train_time = 2.319443
TRAIN Iter 164: loss = 0.003248,	Top-1 err = 46.050000,	Top-5 err = 20.950000,	train_time = 2.345760
TRAIN Iter 165: loss = 0.003327,	Top-1 err = 48.450000,	Top-5 err = 26.700000,	train_time = 2.356298
TRAIN Iter 166: loss = 0.003484,	Top-1 err = 64.450000,	Top-5 err = 41.400000,	train_time = 2.361264
TRAIN Iter 167: loss = 0.003328,	Top-1 err = 57.950000,	Top-5 err = 34.200000,	train_time = 2.359244
TRAIN Iter 168: loss = 0.003353,	Top-1 err = 60.050000,	Top-5 err = 41.750000,	train_time = 2.333727
TRAIN Iter 169: loss = 0.003319,	Top-1 err = 66.050000,	Top-5 err = 45.150000,	train_time = 2.356120
TRAIN Iter 170: loss = 0.003223,	Top-1 err = 55.150000,	Top-5 err = 34.650000,	train_time = 2.376168
TRAIN Iter 171: loss = 0.003201,	Top-1 err = 64.750000,	Top-5 err = 42.650000,	train_time = 2.388750
TRAIN Iter 172: loss = 0.003244,	Top-1 err = 60.850000,	Top-5 err = 38.850000,	train_time = 2.406959
TRAIN Iter 173: loss = 0.003307,	Top-1 err = 58.500000,	Top-5 err = 36.850000,	train_time = 2.350080
TRAIN Iter 174: loss = 0.003362,	Top-1 err = 69.750000,	Top-5 err = 46.450000,	train_time = 2.329466
TRAIN Iter 175: loss = 0.003287,	Top-1 err = 58.450000,	Top-5 err = 36.350000,	train_time = 2.342824
TRAIN Iter 176: loss = 0.003229,	Top-1 err = 50.600000,	Top-5 err = 29.400000,	train_time = 2.338098
TRAIN Iter 177: loss = 0.003166,	Top-1 err = 52.750000,	Top-5 err = 27.100000,	train_time = 2.378391
TRAIN Iter 178: loss = 0.003174,	Top-1 err = 58.800000,	Top-5 err = 35.850000,	train_time = 2.333771
TRAIN Iter 179: loss = 0.003336,	Top-1 err = 55.050000,	Top-5 err = 34.650000,	train_time = 2.406308
TRAIN Iter 180: loss = 0.003250,	Top-1 err = 58.150000,	Top-5 err = 35.400000,	train_time = 2.352525
TRAIN Iter 181: loss = 0.003161,	Top-1 err = 46.900000,	Top-5 err = 25.150000,	train_time = 2.349818
TRAIN Iter 182: loss = 0.003139,	Top-1 err = 46.850000,	Top-5 err = 28.300000,	train_time = 2.391982
TRAIN Iter 183: loss = 0.003157,	Top-1 err = 49.650000,	Top-5 err = 26.150000,	train_time = 2.377769
TRAIN Iter 184: loss = 0.003256,	Top-1 err = 58.250000,	Top-5 err = 35.250000,	train_time = 2.345301
TRAIN Iter 185: loss = 0.003143,	Top-1 err = 48.200000,	Top-5 err = 26.300000,	train_time = 2.333340
TRAIN Iter 186: loss = 0.003238,	Top-1 err = 64.700000,	Top-5 err = 40.550000,	train_time = 2.331292
TRAIN Iter 187: loss = 0.003202,	Top-1 err = 48.550000,	Top-5 err = 27.050000,	train_time = 2.404160
TRAIN Iter 188: loss = 0.003193,	Top-1 err = 53.100000,	Top-5 err = 29.850000,	train_time = 2.401175
TRAIN Iter 189: loss = 0.003072,	Top-1 err = 59.400000,	Top-5 err = 36.350000,	train_time = 2.344532
TRAIN Iter 190: loss = 0.003077,	Top-1 err = 54.750000,	Top-5 err = 33.750000,	train_time = 2.341408
TRAIN Iter 191: loss = 0.003177,	Top-1 err = 57.450000,	Top-5 err = 35.900000,	train_time = 2.368260
TRAIN Iter 192: loss = 0.003208,	Top-1 err = 60.700000,	Top-5 err = 40.650000,	train_time = 2.286802
TRAIN Iter 193: loss = 0.003299,	Top-1 err = 58.900000,	Top-5 err = 39.850000,	train_time = 2.381354
TRAIN Iter 194: loss = 0.003267,	Top-1 err = 57.300000,	Top-5 err = 32.850000,	train_time = 2.346105
TRAIN Iter 195: loss = 0.003221,	Top-1 err = 61.200000,	Top-5 err = 39.850000,	train_time = 2.316632
TRAIN Iter 196: loss = 0.003070,	Top-1 err = 49.000000,	Top-5 err = 26.100000,	train_time = 2.384156
TRAIN Iter 197: loss = 0.003205,	Top-1 err = 56.700000,	Top-5 err = 35.450000,	train_time = 2.377485
TRAIN Iter 198: loss = 0.003093,	Top-1 err = 54.600000,	Top-5 err = 31.250000,	train_time = 2.339156
TRAIN Iter 199: loss = 0.003057,	Top-1 err = 47.500000,	Top-5 err = 26.450000,	train_time = 2.378016
TRAIN Iter 200: loss = 0.003066,	Top-1 err = 46.450000,	Top-5 err = 21.150000,	train_time = 2.410609
TRAIN Iter 201: loss = 0.003137,	Top-1 err = 51.250000,	Top-5 err = 28.650000,	train_time = 2.340170
TRAIN Iter 202: loss = 0.003056,	Top-1 err = 57.700000,	Top-5 err = 36.100000,	train_time = 2.399948
TRAIN Iter 203: loss = 0.003161,	Top-1 err = 63.400000,	Top-5 err = 42.750000,	train_time = 2.429124
TRAIN Iter 204: loss = 0.003075,	Top-1 err = 58.200000,	Top-5 err = 33.600000,	train_time = 2.382511
TRAIN Iter 205: loss = 0.003204,	Top-1 err = 61.950000,	Top-5 err = 39.050000,	train_time = 2.414566
TRAIN Iter 206: loss = 0.003085,	Top-1 err = 57.050000,	Top-5 err = 37.950000,	train_time = 2.357724
TRAIN Iter 207: loss = 0.003065,	Top-1 err = 63.350000,	Top-5 err = 41.450000,	train_time = 2.355119
TRAIN Iter 208: loss = 0.003225,	Top-1 err = 59.300000,	Top-5 err = 37.450000,	train_time = 2.371108
TRAIN Iter 209: loss = 0.003196,	Top-1 err = 49.450000,	Top-5 err = 27.450000,	train_time = 2.402223
TRAIN Iter 210: loss = 0.002976,	Top-1 err = 46.500000,	Top-5 err = 24.950000,	train_time = 2.334462
TRAIN Iter 211: loss = 0.002900,	Top-1 err = 42.500000,	Top-5 err = 21.150000,	train_time = 2.400275
TRAIN Iter 212: loss = 0.003016,	Top-1 err = 54.100000,	Top-5 err = 34.150000,	train_time = 2.382334
TRAIN Iter 213: loss = 0.002957,	Top-1 err = 52.900000,	Top-5 err = 30.750000,	train_time = 2.415490
TRAIN Iter 214: loss = 0.003020,	Top-1 err = 46.150000,	Top-5 err = 22.800000,	train_time = 2.397483
TRAIN Iter 215: loss = 0.003136,	Top-1 err = 60.250000,	Top-5 err = 38.350000,	train_time = 2.420405
TRAIN Iter 216: loss = 0.003032,	Top-1 err = 58.850000,	Top-5 err = 36.850000,	train_time = 2.387447
TRAIN Iter 217: loss = 0.003093,	Top-1 err = 62.500000,	Top-5 err = 41.250000,	train_time = 2.368928
TRAIN Iter 218: loss = 0.003044,	Top-1 err = 47.800000,	Top-5 err = 27.250000,	train_time = 2.372111
TRAIN Iter 219: loss = 0.003075,	Top-1 err = 58.500000,	Top-5 err = 35.550000,	train_time = 2.399917
TRAIN Iter 220: loss = 0.002970,	Top-1 err = 56.350000,	Top-5 err = 33.900000,	train_time = 2.416462
TRAIN Iter 221: loss = 0.002982,	Top-1 err = 61.450000,	Top-5 err = 39.000000,	train_time = 2.406704
TRAIN Iter 222: loss = 0.003015,	Top-1 err = 53.050000,	Top-5 err = 31.700000,	train_time = 2.420063
TRAIN Iter 223: loss = 0.003011,	Top-1 err = 54.950000,	Top-5 err = 35.500000,	train_time = 2.384097
TRAIN Iter 224: loss = 0.002887,	Top-1 err = 41.350000,	Top-5 err = 19.350000,	train_time = 2.416263
TRAIN Iter 225: loss = 0.003013,	Top-1 err = 55.300000,	Top-5 err = 34.150000,	train_time = 2.383030
TRAIN Iter 226: loss = 0.002965,	Top-1 err = 51.600000,	Top-5 err = 30.350000,	train_time = 2.377052
TRAIN Iter 227: loss = 0.002992,	Top-1 err = 64.950000,	Top-5 err = 43.000000,	train_time = 2.385906
TRAIN Iter 228: loss = 0.002967,	Top-1 err = 56.800000,	Top-5 err = 33.750000,	train_time = 2.375095
TRAIN Iter 229: loss = 0.003087,	Top-1 err = 68.100000,	Top-5 err = 46.450000,	train_time = 2.343130
TRAIN Iter 230: loss = 0.002984,	Top-1 err = 61.250000,	Top-5 err = 39.800000,	train_time = 2.396960
TRAIN Iter 231: loss = 0.002897,	Top-1 err = 49.500000,	Top-5 err = 27.300000,	train_time = 2.363764
TRAIN Iter 232: loss = 0.002937,	Top-1 err = 57.600000,	Top-5 err = 36.750000,	train_time = 2.394104
TRAIN Iter 233: loss = 0.002965,	Top-1 err = 55.400000,	Top-5 err = 33.200000,	train_time = 2.186257
TRAIN Iter 234: loss = 0.003080,	Top-1 err = 61.450000,	Top-5 err = 39.100000,	train_time = 2.402531
TRAIN Iter 235: loss = 0.003006,	Top-1 err = 58.200000,	Top-5 err = 36.750000,	train_time = 2.399825
TRAIN Iter 236: loss = 0.002964,	Top-1 err = 58.000000,	Top-5 err = 36.850000,	train_time = 2.399859
TRAIN Iter 237: loss = 0.003014,	Top-1 err = 51.700000,	Top-5 err = 28.450000,	train_time = 2.333305
TRAIN Iter 238: loss = 0.002876,	Top-1 err = 56.200000,	Top-5 err = 34.300000,	train_time = 2.381422
TRAIN Iter 239: loss = 0.002979,	Top-1 err = 62.950000,	Top-5 err = 43.600000,	train_time = 2.385355
TRAIN Iter 240: loss = 0.002864,	Top-1 err = 55.000000,	Top-5 err = 31.900000,	train_time = 2.325261
TRAIN Iter 241: loss = 0.002854,	Top-1 err = 50.100000,	Top-5 err = 27.300000,	train_time = 2.423987
TRAIN Iter 242: loss = 0.002764,	Top-1 err = 42.750000,	Top-5 err = 21.950000,	train_time = 2.383402
TRAIN Iter 243: loss = 0.002832,	Top-1 err = 51.800000,	Top-5 err = 31.400000,	train_time = 2.312413
TRAIN Iter 244: loss = 0.002851,	Top-1 err = 45.100000,	Top-5 err = 24.150000,	train_time = 2.377834
TRAIN Iter 245: loss = 0.002901,	Top-1 err = 66.100000,	Top-5 err = 45.800000,	train_time = 2.421377
TRAIN Iter 246: loss = 0.002942,	Top-1 err = 57.600000,	Top-5 err = 36.950000,	train_time = 2.412976
TRAIN Iter 247: loss = 0.002844,	Top-1 err = 52.850000,	Top-5 err = 31.850000,	train_time = 2.331061
TRAIN Iter 248: loss = 0.002878,	Top-1 err = 56.150000,	Top-5 err = 33.100000,	train_time = 2.357861
TRAIN Iter 249: loss = 0.002774,	Top-1 err = 38.800000,	Top-5 err = 18.000000,	train_time = 2.416796
TEST:
Iter 249: loss = 2.880237,	Top-1 err = 65.660000,	Top-5 err = 38.070000,	val_time = 2.263013
TRAIN Iter 250: loss = 0.002919,	Top-1 err = 52.800000,	Top-5 err = 30.350000,	train_time = 2.411261
TRAIN Iter 251: loss = 0.002921,	Top-1 err = 56.350000,	Top-5 err = 33.150000,	train_time = 2.383647
TRAIN Iter 252: loss = 0.002930,	Top-1 err = 58.300000,	Top-5 err = 35.550000,	train_time = 2.297331
TRAIN Iter 253: loss = 0.002906,	Top-1 err = 55.900000,	Top-5 err = 31.750000,	train_time = 2.365296
TRAIN Iter 254: loss = 0.002901,	Top-1 err = 61.050000,	Top-5 err = 39.450000,	train_time = 2.389952
TRAIN Iter 255: loss = 0.002746,	Top-1 err = 54.100000,	Top-5 err = 32.700000,	train_time = 2.351240
TRAIN Iter 256: loss = 0.002824,	Top-1 err = 64.900000,	Top-5 err = 40.800000,	train_time = 2.289299
TRAIN Iter 257: loss = 0.002763,	Top-1 err = 51.400000,	Top-5 err = 28.900000,	train_time = 2.359297
TRAIN Iter 258: loss = 0.002716,	Top-1 err = 46.150000,	Top-5 err = 22.450000,	train_time = 2.427014
TRAIN Iter 259: loss = 0.002860,	Top-1 err = 66.000000,	Top-5 err = 44.250000,	train_time = 2.405756
TEST:
Iter 259: loss = 2.729293,	Top-1 err = 63.180000,	Top-5 err = 35.490000,	val_time = 2.256602
TRAIN Iter 260: loss = 0.002786,	Top-1 err = 53.550000,	Top-5 err = 30.900000,	train_time = 2.401326
TRAIN Iter 261: loss = 0.002868,	Top-1 err = 59.250000,	Top-5 err = 38.550000,	train_time = 2.329723
TRAIN Iter 262: loss = 0.002820,	Top-1 err = 55.800000,	Top-5 err = 33.500000,	train_time = 2.413116
TRAIN Iter 263: loss = 0.002759,	Top-1 err = 52.700000,	Top-5 err = 31.400000,	train_time = 2.356041
TRAIN Iter 264: loss = 0.002862,	Top-1 err = 59.500000,	Top-5 err = 35.100000,	train_time = 2.372016
TRAIN Iter 265: loss = 0.002905,	Top-1 err = 59.650000,	Top-5 err = 36.000000,	train_time = 2.344059
TRAIN Iter 266: loss = 0.002803,	Top-1 err = 56.150000,	Top-5 err = 36.100000,	train_time = 2.342247
TRAIN Iter 267: loss = 0.002784,	Top-1 err = 59.400000,	Top-5 err = 39.050000,	train_time = 2.385743
TRAIN Iter 268: loss = 0.002827,	Top-1 err = 48.250000,	Top-5 err = 26.550000,	train_time = 2.400245
TRAIN Iter 269: loss = 0.002805,	Top-1 err = 60.500000,	Top-5 err = 36.600000,	train_time = 2.362863
TEST:
Iter 269: loss = 2.759040,	Top-1 err = 64.330000,	Top-5 err = 36.570000,	val_time = 2.189549
TRAIN Iter 270: loss = 0.002803,	Top-1 err = 55.050000,	Top-5 err = 32.100000,	train_time = 2.478957
TRAIN Iter 271: loss = 0.002822,	Top-1 err = 55.700000,	Top-5 err = 32.550000,	train_time = 2.395725
TRAIN Iter 272: loss = 0.002700,	Top-1 err = 49.300000,	Top-5 err = 26.350000,	train_time = 2.383022
TRAIN Iter 273: loss = 0.002765,	Top-1 err = 55.700000,	Top-5 err = 32.550000,	train_time = 2.377807
TRAIN Iter 274: loss = 0.002975,	Top-1 err = 65.000000,	Top-5 err = 44.050000,	train_time = 2.388640
TRAIN Iter 275: loss = 0.002635,	Top-1 err = 46.850000,	Top-5 err = 26.800000,	train_time = 2.394796
TRAIN Iter 276: loss = 0.002681,	Top-1 err = 48.500000,	Top-5 err = 24.200000,	train_time = 2.386649
TRAIN Iter 277: loss = 0.002757,	Top-1 err = 56.150000,	Top-5 err = 35.650000,	train_time = 2.335818
TRAIN Iter 278: loss = 0.002631,	Top-1 err = 45.300000,	Top-5 err = 22.900000,	train_time = 2.399110
TRAIN Iter 279: loss = 0.002626,	Top-1 err = 53.250000,	Top-5 err = 31.800000,	train_time = 2.376446
TEST:
Iter 279: loss = 2.645889,	Top-1 err = 62.190000,	Top-5 err = 34.600000,	val_time = 2.280237
TRAIN Iter 280: loss = 0.002763,	Top-1 err = 57.750000,	Top-5 err = 36.300000,	train_time = 2.377928
TRAIN Iter 281: loss = 0.002848,	Top-1 err = 67.100000,	Top-5 err = 45.000000,	train_time = 2.355406
TRAIN Iter 282: loss = 0.002785,	Top-1 err = 48.450000,	Top-5 err = 30.000000,	train_time = 2.317067
TRAIN Iter 283: loss = 0.002721,	Top-1 err = 55.600000,	Top-5 err = 33.750000,	train_time = 2.354647
TRAIN Iter 284: loss = 0.002659,	Top-1 err = 41.800000,	Top-5 err = 20.550000,	train_time = 2.383046
TRAIN Iter 285: loss = 0.002683,	Top-1 err = 52.350000,	Top-5 err = 31.300000,	train_time = 2.359820
TRAIN Iter 286: loss = 0.002701,	Top-1 err = 51.900000,	Top-5 err = 28.550000,	train_time = 2.362469
TRAIN Iter 287: loss = 0.002607,	Top-1 err = 41.950000,	Top-5 err = 20.250000,	train_time = 2.364603
TRAIN Iter 288: loss = 0.002554,	Top-1 err = 38.350000,	Top-5 err = 18.250000,	train_time = 2.402430
TRAIN Iter 289: loss = 0.002764,	Top-1 err = 60.450000,	Top-5 err = 39.600000,	train_time = 2.414398
TEST:
Iter 289: loss = 2.690374,	Top-1 err = 62.820000,	Top-5 err = 35.450000,	val_time = 2.258388
TRAIN Iter 290: loss = 0.002634,	Top-1 err = 48.100000,	Top-5 err = 26.500000,	train_time = 2.370385
TRAIN Iter 291: loss = 0.002517,	Top-1 err = 41.200000,	Top-5 err = 21.650000,	train_time = 2.329741
TRAIN Iter 292: loss = 0.002685,	Top-1 err = 49.950000,	Top-5 err = 29.050000,	train_time = 2.331159
TRAIN Iter 293: loss = 0.002538,	Top-1 err = 38.500000,	Top-5 err = 17.700000,	train_time = 2.410952
TRAIN Iter 294: loss = 0.002628,	Top-1 err = 54.450000,	Top-5 err = 32.200000,	train_time = 2.374886
TRAIN Iter 295: loss = 0.002750,	Top-1 err = 55.300000,	Top-5 err = 35.650000,	train_time = 2.322201
TRAIN Iter 296: loss = 0.002717,	Top-1 err = 42.750000,	Top-5 err = 22.050000,	train_time = 2.345938
TRAIN Iter 297: loss = 0.002672,	Top-1 err = 49.600000,	Top-5 err = 26.950000,	train_time = 2.362272
TRAIN Iter 298: loss = 0.002707,	Top-1 err = 56.900000,	Top-5 err = 33.600000,	train_time = 2.407503
TRAIN Iter 299: loss = 0.002605,	Top-1 err = 46.550000,	Top-5 err = 22.400000,	train_time = 2.363528
TEST:
Iter 299: loss = 2.692898,	Top-1 err = 62.620000,	Top-5 err = 35.170000,	val_time = 2.257661
Train Finish! Best accuracy is 37.81@279
