=> using pytorch pre-trained teacher model 'conv4'
process data from /home/dvspanos/nikos/ca2d/artifacts/rded_sets/bench_tin_conv_el2nw40_ipc10
load data successfully
TRAIN Iter 0: loss = 0.015753,	Top-1 err = 99.650000,	Top-5 err = 97.450000,	train_time = 3.663788
TRAIN Iter 1: loss = 0.012879,	Top-1 err = 98.850000,	Top-5 err = 95.600000,	train_time = 2.262554
TRAIN Iter 2: loss = 0.012940,	Top-1 err = 98.700000,	Top-5 err = 93.900000,	train_time = 2.248388
TRAIN Iter 3: loss = 0.011306,	Top-1 err = 98.350000,	Top-5 err = 93.900000,	train_time = 2.233722
TRAIN Iter 4: loss = 0.011376,	Top-1 err = 98.000000,	Top-5 err = 91.600000,	train_time = 2.315158
TRAIN Iter 5: loss = 0.010310,	Top-1 err = 97.850000,	Top-5 err = 90.200000,	train_time = 2.337476
TRAIN Iter 6: loss = 0.010087,	Top-1 err = 96.500000,	Top-5 err = 88.100000,	train_time = 2.297369
TRAIN Iter 7: loss = 0.009630,	Top-1 err = 95.850000,	Top-5 err = 85.800000,	train_time = 2.283399
TRAIN Iter 8: loss = 0.009342,	Top-1 err = 96.650000,	Top-5 err = 86.800000,	train_time = 2.326570
TRAIN Iter 9: loss = 0.009197,	Top-1 err = 95.750000,	Top-5 err = 83.900000,	train_time = 2.340731
TRAIN Iter 10: loss = 0.008776,	Top-1 err = 96.600000,	Top-5 err = 86.450000,	train_time = 2.339139
TRAIN Iter 11: loss = 0.008784,	Top-1 err = 94.950000,	Top-5 err = 81.050000,	train_time = 2.356278
TRAIN Iter 12: loss = 0.008483,	Top-1 err = 94.850000,	Top-5 err = 78.850000,	train_time = 2.349933
TRAIN Iter 13: loss = 0.008197,	Top-1 err = 96.100000,	Top-5 err = 85.100000,	train_time = 2.386264
TRAIN Iter 14: loss = 0.007921,	Top-1 err = 94.250000,	Top-5 err = 80.150000,	train_time = 2.378761
TRAIN Iter 15: loss = 0.007685,	Top-1 err = 95.850000,	Top-5 err = 85.000000,	train_time = 2.404997
TRAIN Iter 16: loss = 0.007704,	Top-1 err = 94.950000,	Top-5 err = 82.200000,	train_time = 2.357699
TRAIN Iter 17: loss = 0.007543,	Top-1 err = 94.250000,	Top-5 err = 80.700000,	train_time = 2.401468
TRAIN Iter 18: loss = 0.007689,	Top-1 err = 94.250000,	Top-5 err = 80.500000,	train_time = 2.416450
TRAIN Iter 19: loss = 0.007040,	Top-1 err = 93.500000,	Top-5 err = 80.200000,	train_time = 2.404973
TRAIN Iter 20: loss = 0.007154,	Top-1 err = 93.600000,	Top-5 err = 79.400000,	train_time = 2.417195
TRAIN Iter 21: loss = 0.006976,	Top-1 err = 93.900000,	Top-5 err = 77.850000,	train_time = 2.420384
TRAIN Iter 22: loss = 0.006835,	Top-1 err = 94.300000,	Top-5 err = 80.450000,	train_time = 2.391913
TRAIN Iter 23: loss = 0.006706,	Top-1 err = 91.850000,	Top-5 err = 74.550000,	train_time = 2.388443
TRAIN Iter 24: loss = 0.006865,	Top-1 err = 92.200000,	Top-5 err = 75.900000,	train_time = 2.457629
TRAIN Iter 25: loss = 0.006812,	Top-1 err = 92.700000,	Top-5 err = 75.250000,	train_time = 2.432107
TRAIN Iter 26: loss = 0.006525,	Top-1 err = 92.400000,	Top-5 err = 74.150000,	train_time = 2.413906
TRAIN Iter 27: loss = 0.006554,	Top-1 err = 91.650000,	Top-5 err = 75.800000,	train_time = 2.393772
TRAIN Iter 28: loss = 0.006066,	Top-1 err = 92.200000,	Top-5 err = 76.000000,	train_time = 2.386292
TRAIN Iter 29: loss = 0.006410,	Top-1 err = 91.150000,	Top-5 err = 73.050000,	train_time = 2.440692
TRAIN Iter 30: loss = 0.006171,	Top-1 err = 90.650000,	Top-5 err = 73.100000,	train_time = 2.378933
TRAIN Iter 31: loss = 0.006335,	Top-1 err = 90.650000,	Top-5 err = 72.150000,	train_time = 2.416226
TRAIN Iter 32: loss = 0.005919,	Top-1 err = 89.500000,	Top-5 err = 71.350000,	train_time = 2.430218
TRAIN Iter 33: loss = 0.006021,	Top-1 err = 88.900000,	Top-5 err = 67.800000,	train_time = 2.388683
TRAIN Iter 34: loss = 0.005833,	Top-1 err = 90.150000,	Top-5 err = 72.850000,	train_time = 2.414322
TRAIN Iter 35: loss = 0.005821,	Top-1 err = 89.100000,	Top-5 err = 69.200000,	train_time = 2.391968
TRAIN Iter 36: loss = 0.005506,	Top-1 err = 91.150000,	Top-5 err = 75.150000,	train_time = 2.432572
TRAIN Iter 37: loss = 0.005650,	Top-1 err = 88.650000,	Top-5 err = 68.400000,	train_time = 2.455435
TRAIN Iter 38: loss = 0.005495,	Top-1 err = 88.750000,	Top-5 err = 69.300000,	train_time = 2.441510
TRAIN Iter 39: loss = 0.005467,	Top-1 err = 90.200000,	Top-5 err = 71.400000,	train_time = 2.451622
TRAIN Iter 40: loss = 0.005476,	Top-1 err = 92.150000,	Top-5 err = 76.250000,	train_time = 2.426083
TRAIN Iter 41: loss = 0.005517,	Top-1 err = 89.250000,	Top-5 err = 68.750000,	train_time = 2.451878
TRAIN Iter 42: loss = 0.005199,	Top-1 err = 92.450000,	Top-5 err = 77.550000,	train_time = 2.416978
TRAIN Iter 43: loss = 0.005393,	Top-1 err = 89.250000,	Top-5 err = 69.700000,	train_time = 2.417976
TRAIN Iter 44: loss = 0.005146,	Top-1 err = 90.600000,	Top-5 err = 72.350000,	train_time = 2.413740
TRAIN Iter 45: loss = 0.005142,	Top-1 err = 88.650000,	Top-5 err = 69.850000,	train_time = 2.440642
TRAIN Iter 46: loss = 0.005143,	Top-1 err = 87.150000,	Top-5 err = 64.600000,	train_time = 2.432880
TRAIN Iter 47: loss = 0.005171,	Top-1 err = 85.950000,	Top-5 err = 63.800000,	train_time = 2.444354
TRAIN Iter 48: loss = 0.005046,	Top-1 err = 90.300000,	Top-5 err = 72.100000,	train_time = 2.426085
TRAIN Iter 49: loss = 0.004889,	Top-1 err = 89.300000,	Top-5 err = 68.650000,	train_time = 2.436455
TRAIN Iter 50: loss = 0.004942,	Top-1 err = 87.350000,	Top-5 err = 63.400000,	train_time = 2.454487
TRAIN Iter 51: loss = 0.005006,	Top-1 err = 89.150000,	Top-5 err = 70.350000,	train_time = 2.452149
TRAIN Iter 52: loss = 0.004892,	Top-1 err = 87.600000,	Top-5 err = 66.900000,	train_time = 2.456986
TRAIN Iter 53: loss = 0.004945,	Top-1 err = 89.450000,	Top-5 err = 69.700000,	train_time = 2.443546
TRAIN Iter 54: loss = 0.004803,	Top-1 err = 89.000000,	Top-5 err = 71.350000,	train_time = 2.410498
TRAIN Iter 55: loss = 0.004854,	Top-1 err = 84.850000,	Top-5 err = 60.150000,	train_time = 2.461863
TRAIN Iter 56: loss = 0.004785,	Top-1 err = 87.250000,	Top-5 err = 67.000000,	train_time = 2.431875
TRAIN Iter 57: loss = 0.004740,	Top-1 err = 87.350000,	Top-5 err = 63.750000,	train_time = 2.457085
TRAIN Iter 58: loss = 0.004651,	Top-1 err = 85.450000,	Top-5 err = 61.700000,	train_time = 2.401866
TRAIN Iter 59: loss = 0.004677,	Top-1 err = 85.500000,	Top-5 err = 62.550000,	train_time = 2.407566
TRAIN Iter 60: loss = 0.004571,	Top-1 err = 88.100000,	Top-5 err = 66.250000,	train_time = 2.447842
TRAIN Iter 61: loss = 0.004521,	Top-1 err = 86.350000,	Top-5 err = 65.850000,	train_time = 2.495073
TRAIN Iter 62: loss = 0.004489,	Top-1 err = 84.500000,	Top-5 err = 62.900000,	train_time = 2.442711
TRAIN Iter 63: loss = 0.004500,	Top-1 err = 83.800000,	Top-5 err = 58.500000,	train_time = 2.459889
TRAIN Iter 64: loss = 0.004423,	Top-1 err = 88.650000,	Top-5 err = 68.950000,	train_time = 2.439147
TRAIN Iter 65: loss = 0.004492,	Top-1 err = 86.950000,	Top-5 err = 67.000000,	train_time = 2.457318
TRAIN Iter 66: loss = 0.004452,	Top-1 err = 85.650000,	Top-5 err = 65.700000,	train_time = 2.417816
TRAIN Iter 67: loss = 0.004647,	Top-1 err = 84.550000,	Top-5 err = 62.550000,	train_time = 2.404527
TRAIN Iter 68: loss = 0.004507,	Top-1 err = 87.500000,	Top-5 err = 66.950000,	train_time = 2.420076
TRAIN Iter 69: loss = 0.004347,	Top-1 err = 83.950000,	Top-5 err = 59.650000,	train_time = 2.464082
TRAIN Iter 70: loss = 0.004303,	Top-1 err = 84.050000,	Top-5 err = 60.500000,	train_time = 2.393675
TRAIN Iter 71: loss = 0.004479,	Top-1 err = 87.950000,	Top-5 err = 68.350000,	train_time = 2.452491
TRAIN Iter 72: loss = 0.004238,	Top-1 err = 85.000000,	Top-5 err = 64.100000,	train_time = 2.406051
TRAIN Iter 73: loss = 0.004221,	Top-1 err = 85.700000,	Top-5 err = 64.450000,	train_time = 2.414417
TRAIN Iter 74: loss = 0.004090,	Top-1 err = 85.900000,	Top-5 err = 62.800000,	train_time = 2.464404
TRAIN Iter 75: loss = 0.004300,	Top-1 err = 86.900000,	Top-5 err = 65.550000,	train_time = 2.485050
TRAIN Iter 76: loss = 0.004182,	Top-1 err = 86.750000,	Top-5 err = 64.650000,	train_time = 2.431412
TRAIN Iter 77: loss = 0.004174,	Top-1 err = 82.750000,	Top-5 err = 56.800000,	train_time = 2.438294
TRAIN Iter 78: loss = 0.004202,	Top-1 err = 82.050000,	Top-5 err = 59.300000,	train_time = 2.457626
TRAIN Iter 79: loss = 0.004235,	Top-1 err = 84.600000,	Top-5 err = 60.900000,	train_time = 2.408236
TRAIN Iter 80: loss = 0.004163,	Top-1 err = 86.800000,	Top-5 err = 68.450000,	train_time = 2.471898
TRAIN Iter 81: loss = 0.004039,	Top-1 err = 85.350000,	Top-5 err = 63.650000,	train_time = 2.426974
TRAIN Iter 82: loss = 0.003970,	Top-1 err = 82.500000,	Top-5 err = 58.600000,	train_time = 2.464018
TRAIN Iter 83: loss = 0.004111,	Top-1 err = 82.850000,	Top-5 err = 58.000000,	train_time = 2.446122
TRAIN Iter 84: loss = 0.004116,	Top-1 err = 84.300000,	Top-5 err = 62.500000,	train_time = 2.410148
TRAIN Iter 85: loss = 0.003951,	Top-1 err = 84.750000,	Top-5 err = 61.600000,	train_time = 2.415054
TRAIN Iter 86: loss = 0.003975,	Top-1 err = 86.000000,	Top-5 err = 64.400000,	train_time = 2.471008
TRAIN Iter 87: loss = 0.003954,	Top-1 err = 84.550000,	Top-5 err = 64.950000,	train_time = 2.416745
TRAIN Iter 88: loss = 0.003931,	Top-1 err = 84.400000,	Top-5 err = 60.950000,	train_time = 2.455026
TRAIN Iter 89: loss = 0.003879,	Top-1 err = 84.550000,	Top-5 err = 62.750000,	train_time = 2.453064
TRAIN Iter 90: loss = 0.004031,	Top-1 err = 86.100000,	Top-5 err = 64.150000,	train_time = 2.394020
TRAIN Iter 91: loss = 0.004001,	Top-1 err = 83.350000,	Top-5 err = 58.250000,	train_time = 2.420909
TRAIN Iter 92: loss = 0.003918,	Top-1 err = 85.450000,	Top-5 err = 65.350000,	train_time = 2.453173
TRAIN Iter 93: loss = 0.003892,	Top-1 err = 83.950000,	Top-5 err = 62.700000,	train_time = 2.383251
TRAIN Iter 94: loss = 0.003780,	Top-1 err = 85.100000,	Top-5 err = 62.900000,	train_time = 2.469221
TRAIN Iter 95: loss = 0.003732,	Top-1 err = 83.500000,	Top-5 err = 58.250000,	train_time = 2.453533
TRAIN Iter 96: loss = 0.003707,	Top-1 err = 81.600000,	Top-5 err = 56.950000,	train_time = 2.439663
TRAIN Iter 97: loss = 0.003730,	Top-1 err = 83.700000,	Top-5 err = 61.900000,	train_time = 2.410932
TRAIN Iter 98: loss = 0.003751,	Top-1 err = 83.050000,	Top-5 err = 58.500000,	train_time = 2.413539
TRAIN Iter 99: loss = 0.003672,	Top-1 err = 86.150000,	Top-5 err = 65.200000,	train_time = 2.400271
TRAIN Iter 100: loss = 0.003899,	Top-1 err = 86.100000,	Top-5 err = 67.000000,	train_time = 2.423140
TRAIN Iter 101: loss = 0.003750,	Top-1 err = 82.250000,	Top-5 err = 57.850000,	train_time = 2.464422
TRAIN Iter 102: loss = 0.003737,	Top-1 err = 83.700000,	Top-5 err = 62.950000,	train_time = 2.462243
TRAIN Iter 103: loss = 0.003583,	Top-1 err = 81.600000,	Top-5 err = 54.550000,	train_time = 2.441640
TRAIN Iter 104: loss = 0.003742,	Top-1 err = 87.550000,	Top-5 err = 69.250000,	train_time = 2.455549
TRAIN Iter 105: loss = 0.003841,	Top-1 err = 85.650000,	Top-5 err = 65.800000,	train_time = 2.442391
TRAIN Iter 106: loss = 0.003803,	Top-1 err = 86.950000,	Top-5 err = 66.650000,	train_time = 2.430975
TRAIN Iter 107: loss = 0.003684,	Top-1 err = 80.850000,	Top-5 err = 58.100000,	train_time = 2.431083
TRAIN Iter 108: loss = 0.003665,	Top-1 err = 83.850000,	Top-5 err = 62.750000,	train_time = 2.412819
TRAIN Iter 109: loss = 0.003604,	Top-1 err = 80.600000,	Top-5 err = 57.450000,	train_time = 2.474286
TRAIN Iter 110: loss = 0.003672,	Top-1 err = 80.000000,	Top-5 err = 53.650000,	train_time = 2.406231
TRAIN Iter 111: loss = 0.003561,	Top-1 err = 79.150000,	Top-5 err = 54.150000,	train_time = 2.465773
TRAIN Iter 112: loss = 0.003565,	Top-1 err = 81.150000,	Top-5 err = 57.500000,	train_time = 2.447894
TRAIN Iter 113: loss = 0.003560,	Top-1 err = 85.100000,	Top-5 err = 63.000000,	train_time = 2.416974
TRAIN Iter 114: loss = 0.003573,	Top-1 err = 83.400000,	Top-5 err = 60.100000,	train_time = 2.482956
TRAIN Iter 115: loss = 0.003536,	Top-1 err = 80.950000,	Top-5 err = 55.900000,	train_time = 2.420351
TRAIN Iter 116: loss = 0.003524,	Top-1 err = 85.100000,	Top-5 err = 62.950000,	train_time = 2.443402
TRAIN Iter 117: loss = 0.003495,	Top-1 err = 83.550000,	Top-5 err = 58.350000,	train_time = 2.451261
TRAIN Iter 118: loss = 0.003507,	Top-1 err = 83.650000,	Top-5 err = 60.950000,	train_time = 2.414044
TRAIN Iter 119: loss = 0.003413,	Top-1 err = 78.850000,	Top-5 err = 51.500000,	train_time = 2.435014
TRAIN Iter 120: loss = 0.003567,	Top-1 err = 83.050000,	Top-5 err = 61.650000,	train_time = 2.428496
TRAIN Iter 121: loss = 0.003700,	Top-1 err = 81.400000,	Top-5 err = 57.450000,	train_time = 2.429971
TRAIN Iter 122: loss = 0.003624,	Top-1 err = 85.250000,	Top-5 err = 62.200000,	train_time = 2.464901
TRAIN Iter 123: loss = 0.003456,	Top-1 err = 81.950000,	Top-5 err = 54.300000,	train_time = 2.412508
TRAIN Iter 124: loss = 0.003543,	Top-1 err = 85.350000,	Top-5 err = 64.300000,	train_time = 2.409674
TRAIN Iter 125: loss = 0.003440,	Top-1 err = 82.400000,	Top-5 err = 58.200000,	train_time = 2.449714
TRAIN Iter 126: loss = 0.003355,	Top-1 err = 83.650000,	Top-5 err = 60.000000,	train_time = 2.286136
TRAIN Iter 127: loss = 0.003323,	Top-1 err = 82.000000,	Top-5 err = 57.850000,	train_time = 2.461980
TRAIN Iter 128: loss = 0.003362,	Top-1 err = 82.100000,	Top-5 err = 58.950000,	train_time = 2.419348
TRAIN Iter 129: loss = 0.003366,	Top-1 err = 81.500000,	Top-5 err = 57.350000,	train_time = 2.440833
TRAIN Iter 130: loss = 0.003423,	Top-1 err = 84.650000,	Top-5 err = 64.250000,	train_time = 2.460309
TRAIN Iter 131: loss = 0.003328,	Top-1 err = 78.800000,	Top-5 err = 54.300000,	train_time = 2.443845
TRAIN Iter 132: loss = 0.003341,	Top-1 err = 81.650000,	Top-5 err = 54.750000,	train_time = 2.425627
TRAIN Iter 133: loss = 0.003205,	Top-1 err = 78.550000,	Top-5 err = 51.850000,	train_time = 2.426105
TRAIN Iter 134: loss = 0.003199,	Top-1 err = 83.250000,	Top-5 err = 59.900000,	train_time = 2.419400
TRAIN Iter 135: loss = 0.003315,	Top-1 err = 79.300000,	Top-5 err = 55.400000,	train_time = 2.462509
TRAIN Iter 136: loss = 0.003346,	Top-1 err = 84.700000,	Top-5 err = 63.550000,	train_time = 2.477002
TRAIN Iter 137: loss = 0.003320,	Top-1 err = 84.950000,	Top-5 err = 64.350000,	train_time = 2.487034
TRAIN Iter 138: loss = 0.003262,	Top-1 err = 81.950000,	Top-5 err = 57.700000,	train_time = 2.458495
TRAIN Iter 139: loss = 0.003295,	Top-1 err = 80.900000,	Top-5 err = 56.250000,	train_time = 2.449288
TRAIN Iter 140: loss = 0.003267,	Top-1 err = 77.250000,	Top-5 err = 51.700000,	train_time = 2.446489
TRAIN Iter 141: loss = 0.003292,	Top-1 err = 81.450000,	Top-5 err = 58.300000,	train_time = 2.421656
TRAIN Iter 142: loss = 0.003300,	Top-1 err = 81.800000,	Top-5 err = 59.550000,	train_time = 2.471379
TRAIN Iter 143: loss = 0.003247,	Top-1 err = 83.650000,	Top-5 err = 62.050000,	train_time = 2.425332
TRAIN Iter 144: loss = 0.003072,	Top-1 err = 76.950000,	Top-5 err = 50.700000,	train_time = 2.405011
TRAIN Iter 145: loss = 0.003147,	Top-1 err = 75.250000,	Top-5 err = 46.200000,	train_time = 2.457264
TRAIN Iter 146: loss = 0.003282,	Top-1 err = 80.250000,	Top-5 err = 53.950000,	train_time = 2.440418
TRAIN Iter 147: loss = 0.003243,	Top-1 err = 81.100000,	Top-5 err = 55.650000,	train_time = 2.486418
TRAIN Iter 148: loss = 0.003188,	Top-1 err = 79.250000,	Top-5 err = 53.250000,	train_time = 2.439012
TRAIN Iter 149: loss = 0.003175,	Top-1 err = 78.450000,	Top-5 err = 51.850000,	train_time = 2.413501
TRAIN Iter 150: loss = 0.003169,	Top-1 err = 81.650000,	Top-5 err = 56.600000,	train_time = 2.452908
TRAIN Iter 151: loss = 0.003130,	Top-1 err = 80.950000,	Top-5 err = 54.800000,	train_time = 2.466246
TRAIN Iter 152: loss = 0.003252,	Top-1 err = 82.550000,	Top-5 err = 59.650000,	train_time = 2.426297
TRAIN Iter 153: loss = 0.003267,	Top-1 err = 82.850000,	Top-5 err = 60.650000,	train_time = 2.462302
TRAIN Iter 154: loss = 0.003155,	Top-1 err = 82.950000,	Top-5 err = 61.200000,	train_time = 2.427802
TRAIN Iter 155: loss = 0.003172,	Top-1 err = 79.000000,	Top-5 err = 56.350000,	train_time = 2.461726
TRAIN Iter 156: loss = 0.003153,	Top-1 err = 79.450000,	Top-5 err = 54.250000,	train_time = 2.438269
TRAIN Iter 157: loss = 0.003094,	Top-1 err = 78.000000,	Top-5 err = 49.850000,	train_time = 2.453787
TRAIN Iter 158: loss = 0.003064,	Top-1 err = 82.150000,	Top-5 err = 57.100000,	train_time = 2.453156
TRAIN Iter 159: loss = 0.003095,	Top-1 err = 78.600000,	Top-5 err = 54.850000,	train_time = 2.416092
TRAIN Iter 160: loss = 0.003063,	Top-1 err = 76.750000,	Top-5 err = 48.650000,	train_time = 2.423759
TRAIN Iter 161: loss = 0.003144,	Top-1 err = 85.600000,	Top-5 err = 61.900000,	train_time = 2.389148
TRAIN Iter 162: loss = 0.003097,	Top-1 err = 77.450000,	Top-5 err = 52.150000,	train_time = 2.402834
TRAIN Iter 163: loss = 0.003050,	Top-1 err = 81.050000,	Top-5 err = 55.500000,	train_time = 2.425775
TRAIN Iter 164: loss = 0.003083,	Top-1 err = 79.300000,	Top-5 err = 50.100000,	train_time = 2.482630
TRAIN Iter 165: loss = 0.003083,	Top-1 err = 78.150000,	Top-5 err = 49.350000,	train_time = 2.464452
TRAIN Iter 166: loss = 0.003221,	Top-1 err = 83.600000,	Top-5 err = 63.800000,	train_time = 2.454970
TRAIN Iter 167: loss = 0.003066,	Top-1 err = 81.400000,	Top-5 err = 58.600000,	train_time = 2.444907
TRAIN Iter 168: loss = 0.003057,	Top-1 err = 81.700000,	Top-5 err = 61.000000,	train_time = 2.427814
TRAIN Iter 169: loss = 0.003128,	Top-1 err = 84.650000,	Top-5 err = 63.100000,	train_time = 2.421884
TRAIN Iter 170: loss = 0.003068,	Top-1 err = 79.850000,	Top-5 err = 56.200000,	train_time = 2.440069
TRAIN Iter 171: loss = 0.002983,	Top-1 err = 84.800000,	Top-5 err = 64.400000,	train_time = 2.420679
TRAIN Iter 172: loss = 0.002969,	Top-1 err = 82.450000,	Top-5 err = 59.950000,	train_time = 2.429301
TRAIN Iter 173: loss = 0.003061,	Top-1 err = 81.850000,	Top-5 err = 57.450000,	train_time = 2.414772
TRAIN Iter 174: loss = 0.003118,	Top-1 err = 86.800000,	Top-5 err = 67.650000,	train_time = 2.441951
TRAIN Iter 175: loss = 0.003109,	Top-1 err = 81.400000,	Top-5 err = 59.150000,	train_time = 2.424778
TRAIN Iter 176: loss = 0.002997,	Top-1 err = 77.700000,	Top-5 err = 50.900000,	train_time = 2.407163
TRAIN Iter 177: loss = 0.002940,	Top-1 err = 78.300000,	Top-5 err = 51.500000,	train_time = 2.465794
TRAIN Iter 178: loss = 0.002964,	Top-1 err = 81.650000,	Top-5 err = 59.800000,	train_time = 2.431439
TRAIN Iter 179: loss = 0.003014,	Top-1 err = 80.950000,	Top-5 err = 56.650000,	train_time = 2.449576
TRAIN Iter 180: loss = 0.003031,	Top-1 err = 81.050000,	Top-5 err = 57.950000,	train_time = 2.427600
TRAIN Iter 181: loss = 0.002909,	Top-1 err = 76.400000,	Top-5 err = 48.750000,	train_time = 2.445206
TRAIN Iter 182: loss = 0.002936,	Top-1 err = 75.700000,	Top-5 err = 49.300000,	train_time = 2.402487
TRAIN Iter 183: loss = 0.002887,	Top-1 err = 76.850000,	Top-5 err = 50.500000,	train_time = 2.461585
TRAIN Iter 184: loss = 0.003073,	Top-1 err = 81.250000,	Top-5 err = 55.950000,	train_time = 2.393427
TRAIN Iter 185: loss = 0.002955,	Top-1 err = 77.250000,	Top-5 err = 50.700000,	train_time = 2.434903
TRAIN Iter 186: loss = 0.003052,	Top-1 err = 83.550000,	Top-5 err = 62.300000,	train_time = 2.416102
TRAIN Iter 187: loss = 0.002971,	Top-1 err = 78.400000,	Top-5 err = 52.200000,	train_time = 2.361705
TRAIN Iter 188: loss = 0.002946,	Top-1 err = 78.000000,	Top-5 err = 52.750000,	train_time = 2.439171
TRAIN Iter 189: loss = 0.002969,	Top-1 err = 83.250000,	Top-5 err = 60.950000,	train_time = 2.434194
TRAIN Iter 190: loss = 0.002949,	Top-1 err = 79.150000,	Top-5 err = 55.550000,	train_time = 2.410752
TRAIN Iter 191: loss = 0.003001,	Top-1 err = 80.900000,	Top-5 err = 58.850000,	train_time = 2.474354
TRAIN Iter 192: loss = 0.002954,	Top-1 err = 83.900000,	Top-5 err = 59.900000,	train_time = 2.486353
TRAIN Iter 193: loss = 0.002911,	Top-1 err = 82.450000,	Top-5 err = 58.850000,	train_time = 2.422474
TRAIN Iter 194: loss = 0.002927,	Top-1 err = 80.350000,	Top-5 err = 58.100000,	train_time = 2.446411
TRAIN Iter 195: loss = 0.002891,	Top-1 err = 82.350000,	Top-5 err = 60.300000,	train_time = 2.405562
TRAIN Iter 196: loss = 0.002883,	Top-1 err = 78.550000,	Top-5 err = 51.350000,	train_time = 2.435904
TRAIN Iter 197: loss = 0.002949,	Top-1 err = 81.600000,	Top-5 err = 58.700000,	train_time = 2.429473
TRAIN Iter 198: loss = 0.002874,	Top-1 err = 80.850000,	Top-5 err = 55.450000,	train_time = 2.403531
TRAIN Iter 199: loss = 0.002810,	Top-1 err = 77.050000,	Top-5 err = 49.750000,	train_time = 2.483037
TRAIN Iter 200: loss = 0.002916,	Top-1 err = 77.050000,	Top-5 err = 50.650000,	train_time = 2.414518
TRAIN Iter 201: loss = 0.002876,	Top-1 err = 79.000000,	Top-5 err = 54.700000,	train_time = 2.422780
TRAIN Iter 202: loss = 0.002794,	Top-1 err = 80.950000,	Top-5 err = 57.850000,	train_time = 2.410120
TRAIN Iter 203: loss = 0.002936,	Top-1 err = 84.250000,	Top-5 err = 64.900000,	train_time = 2.452519
TRAIN Iter 204: loss = 0.002876,	Top-1 err = 81.450000,	Top-5 err = 57.350000,	train_time = 2.407576
TRAIN Iter 205: loss = 0.002926,	Top-1 err = 83.450000,	Top-5 err = 60.200000,	train_time = 2.445213
TRAIN Iter 206: loss = 0.002894,	Top-1 err = 81.400000,	Top-5 err = 58.650000,	train_time = 2.386164
TRAIN Iter 207: loss = 0.002880,	Top-1 err = 83.700000,	Top-5 err = 62.200000,	train_time = 2.407034
TRAIN Iter 208: loss = 0.002909,	Top-1 err = 81.950000,	Top-5 err = 60.250000,	train_time = 2.380601
TRAIN Iter 209: loss = 0.002950,	Top-1 err = 76.600000,	Top-5 err = 49.650000,	train_time = 2.401237
TRAIN Iter 210: loss = 0.002737,	Top-1 err = 74.300000,	Top-5 err = 47.600000,	train_time = 2.418046
TRAIN Iter 211: loss = 0.002709,	Top-1 err = 71.600000,	Top-5 err = 46.150000,	train_time = 2.404876
TRAIN Iter 212: loss = 0.002792,	Top-1 err = 79.200000,	Top-5 err = 54.450000,	train_time = 2.423409
TRAIN Iter 213: loss = 0.002740,	Top-1 err = 76.650000,	Top-5 err = 52.750000,	train_time = 2.449946
TRAIN Iter 214: loss = 0.002801,	Top-1 err = 75.300000,	Top-5 err = 47.900000,	train_time = 2.405052
TRAIN Iter 215: loss = 0.002910,	Top-1 err = 80.800000,	Top-5 err = 58.750000,	train_time = 2.410216
TRAIN Iter 216: loss = 0.002810,	Top-1 err = 83.100000,	Top-5 err = 60.400000,	train_time = 2.427699
TRAIN Iter 217: loss = 0.002903,	Top-1 err = 83.000000,	Top-5 err = 61.150000,	train_time = 2.403375
TRAIN Iter 218: loss = 0.002823,	Top-1 err = 75.150000,	Top-5 err = 50.250000,	train_time = 2.420641
TRAIN Iter 219: loss = 0.002760,	Top-1 err = 80.300000,	Top-5 err = 56.450000,	train_time = 2.432055
TRAIN Iter 220: loss = 0.002802,	Top-1 err = 80.350000,	Top-5 err = 55.550000,	train_time = 2.431046
TRAIN Iter 221: loss = 0.002809,	Top-1 err = 83.700000,	Top-5 err = 61.050000,	train_time = 2.388899
TRAIN Iter 222: loss = 0.002783,	Top-1 err = 79.000000,	Top-5 err = 55.450000,	train_time = 2.403272
TRAIN Iter 223: loss = 0.002846,	Top-1 err = 81.100000,	Top-5 err = 58.750000,	train_time = 2.441229
TRAIN Iter 224: loss = 0.002694,	Top-1 err = 71.300000,	Top-5 err = 44.200000,	train_time = 2.421852
TRAIN Iter 225: loss = 0.002800,	Top-1 err = 78.950000,	Top-5 err = 56.150000,	train_time = 2.440229
TRAIN Iter 226: loss = 0.002786,	Top-1 err = 76.550000,	Top-5 err = 52.950000,	train_time = 2.444138
TRAIN Iter 227: loss = 0.002792,	Top-1 err = 84.450000,	Top-5 err = 63.450000,	train_time = 2.403149
TRAIN Iter 228: loss = 0.002768,	Top-1 err = 79.700000,	Top-5 err = 58.100000,	train_time = 2.417485
TRAIN Iter 229: loss = 0.002837,	Top-1 err = 85.850000,	Top-5 err = 66.000000,	train_time = 2.400317
TRAIN Iter 230: loss = 0.002770,	Top-1 err = 82.900000,	Top-5 err = 61.100000,	train_time = 2.443753
TRAIN Iter 231: loss = 0.002733,	Top-1 err = 76.700000,	Top-5 err = 52.000000,	train_time = 2.483275
TRAIN Iter 232: loss = 0.002737,	Top-1 err = 81.050000,	Top-5 err = 57.950000,	train_time = 2.425689
TRAIN Iter 233: loss = 0.002686,	Top-1 err = 79.600000,	Top-5 err = 55.700000,	train_time = 2.372806
TRAIN Iter 234: loss = 0.002849,	Top-1 err = 81.800000,	Top-5 err = 60.450000,	train_time = 2.431895
TRAIN Iter 235: loss = 0.002782,	Top-1 err = 79.600000,	Top-5 err = 55.800000,	train_time = 2.446005
TRAIN Iter 236: loss = 0.002708,	Top-1 err = 79.700000,	Top-5 err = 57.400000,	train_time = 2.433734
TRAIN Iter 237: loss = 0.002757,	Top-1 err = 77.450000,	Top-5 err = 51.000000,	train_time = 2.463206
TRAIN Iter 238: loss = 0.002687,	Top-1 err = 77.050000,	Top-5 err = 55.100000,	train_time = 2.421590
TRAIN Iter 239: loss = 0.002812,	Top-1 err = 83.100000,	Top-5 err = 61.500000,	train_time = 2.429230
TRAIN Iter 240: loss = 0.002679,	Top-1 err = 80.750000,	Top-5 err = 57.800000,	train_time = 2.473847
TRAIN Iter 241: loss = 0.002669,	Top-1 err = 76.800000,	Top-5 err = 51.400000,	train_time = 2.446486
TRAIN Iter 242: loss = 0.002607,	Top-1 err = 72.850000,	Top-5 err = 46.200000,	train_time = 2.394987
TRAIN Iter 243: loss = 0.002654,	Top-1 err = 78.150000,	Top-5 err = 53.400000,	train_time = 2.447323
TRAIN Iter 244: loss = 0.002689,	Top-1 err = 76.350000,	Top-5 err = 47.900000,	train_time = 2.455831
TRAIN Iter 245: loss = 0.002738,	Top-1 err = 85.250000,	Top-5 err = 66.150000,	train_time = 2.468107
TRAIN Iter 246: loss = 0.002691,	Top-1 err = 79.050000,	Top-5 err = 56.500000,	train_time = 2.430395
TRAIN Iter 247: loss = 0.002659,	Top-1 err = 77.800000,	Top-5 err = 53.200000,	train_time = 2.448168
TRAIN Iter 248: loss = 0.002685,	Top-1 err = 79.450000,	Top-5 err = 55.650000,	train_time = 2.458838
TRAIN Iter 249: loss = 0.002634,	Top-1 err = 71.500000,	Top-5 err = 42.250000,	train_time = 2.430355
TEST:
Iter 249: loss = 2.702334,	Top-1 err = 63.530000,	Top-5 err = 35.800000,	val_time = 2.325481
TRAIN Iter 250: loss = 0.002677,	Top-1 err = 77.800000,	Top-5 err = 54.300000,	train_time = 2.418217
TRAIN Iter 251: loss = 0.002640,	Top-1 err = 81.600000,	Top-5 err = 56.700000,	train_time = 2.447980
TRAIN Iter 252: loss = 0.002709,	Top-1 err = 81.350000,	Top-5 err = 56.400000,	train_time = 2.434332
TRAIN Iter 253: loss = 0.002718,	Top-1 err = 80.200000,	Top-5 err = 55.200000,	train_time = 2.465419
TRAIN Iter 254: loss = 0.002668,	Top-1 err = 84.250000,	Top-5 err = 61.650000,	train_time = 2.431982
TRAIN Iter 255: loss = 0.002632,	Top-1 err = 79.200000,	Top-5 err = 55.250000,	train_time = 2.299278
TRAIN Iter 256: loss = 0.002698,	Top-1 err = 84.050000,	Top-5 err = 62.450000,	train_time = 2.458606
TRAIN Iter 257: loss = 0.002626,	Top-1 err = 78.600000,	Top-5 err = 53.000000,	train_time = 2.454050
TRAIN Iter 258: loss = 0.002541,	Top-1 err = 76.150000,	Top-5 err = 49.850000,	train_time = 2.504294
TRAIN Iter 259: loss = 0.002695,	Top-1 err = 84.550000,	Top-5 err = 63.900000,	train_time = 2.464519
TEST:
Iter 259: loss = 2.697945,	Top-1 err = 63.250000,	Top-5 err = 35.350000,	val_time = 2.371833
TRAIN Iter 260: loss = 0.002675,	Top-1 err = 78.350000,	Top-5 err = 53.900000,	train_time = 2.467820
TRAIN Iter 261: loss = 0.002665,	Top-1 err = 80.500000,	Top-5 err = 57.300000,	train_time = 2.456831
TRAIN Iter 262: loss = 0.002655,	Top-1 err = 79.300000,	Top-5 err = 55.350000,	train_time = 2.450148
TRAIN Iter 263: loss = 0.002608,	Top-1 err = 76.900000,	Top-5 err = 54.400000,	train_time = 2.479976
TRAIN Iter 264: loss = 0.002690,	Top-1 err = 82.700000,	Top-5 err = 58.100000,	train_time = 2.466215
TRAIN Iter 265: loss = 0.002680,	Top-1 err = 82.750000,	Top-5 err = 58.050000,	train_time = 2.493740
TRAIN Iter 266: loss = 0.002578,	Top-1 err = 80.150000,	Top-5 err = 56.400000,	train_time = 2.477956
TRAIN Iter 267: loss = 0.002620,	Top-1 err = 79.550000,	Top-5 err = 57.750000,	train_time = 2.476950
TRAIN Iter 268: loss = 0.002713,	Top-1 err = 76.000000,	Top-5 err = 49.750000,	train_time = 2.460051
TRAIN Iter 269: loss = 0.002586,	Top-1 err = 80.850000,	Top-5 err = 58.950000,	train_time = 2.420597
TEST:
Iter 269: loss = 2.671536,	Top-1 err = 62.840000,	Top-5 err = 35.090000,	val_time = 2.404223
TRAIN Iter 270: loss = 0.002638,	Top-1 err = 79.150000,	Top-5 err = 56.150000,	train_time = 2.513346
TRAIN Iter 271: loss = 0.002605,	Top-1 err = 80.450000,	Top-5 err = 56.700000,	train_time = 2.485178
TRAIN Iter 272: loss = 0.002493,	Top-1 err = 76.400000,	Top-5 err = 51.050000,	train_time = 2.514428
TRAIN Iter 273: loss = 0.002570,	Top-1 err = 76.700000,	Top-5 err = 53.850000,	train_time = 2.344761
TRAIN Iter 274: loss = 0.002702,	Top-1 err = 84.350000,	Top-5 err = 61.800000,	train_time = 2.472992
TRAIN Iter 275: loss = 0.002451,	Top-1 err = 75.200000,	Top-5 err = 47.650000,	train_time = 2.470340
TRAIN Iter 276: loss = 0.002546,	Top-1 err = 75.850000,	Top-5 err = 48.900000,	train_time = 2.497235
TRAIN Iter 277: loss = 0.002582,	Top-1 err = 79.700000,	Top-5 err = 56.700000,	train_time = 2.459664
TRAIN Iter 278: loss = 0.002474,	Top-1 err = 73.450000,	Top-5 err = 47.100000,	train_time = 2.460650
TRAIN Iter 279: loss = 0.002515,	Top-1 err = 78.050000,	Top-5 err = 54.450000,	train_time = 2.500886
TEST:
Iter 279: loss = 2.645500,	Top-1 err = 62.350000,	Top-5 err = 34.250000,	val_time = 2.455581
TRAIN Iter 280: loss = 0.002543,	Top-1 err = 80.450000,	Top-5 err = 56.950000,	train_time = 2.493276
TRAIN Iter 281: loss = 0.002609,	Top-1 err = 85.650000,	Top-5 err = 65.400000,	train_time = 2.450247
TRAIN Iter 282: loss = 0.002543,	Top-1 err = 75.500000,	Top-5 err = 49.950000,	train_time = 2.432975
TRAIN Iter 283: loss = 0.002549,	Top-1 err = 78.950000,	Top-5 err = 55.050000,	train_time = 2.421924
TRAIN Iter 284: loss = 0.002403,	Top-1 err = 71.600000,	Top-5 err = 44.700000,	train_time = 2.459107
TRAIN Iter 285: loss = 0.002532,	Top-1 err = 78.400000,	Top-5 err = 53.650000,	train_time = 2.481191
TRAIN Iter 286: loss = 0.002496,	Top-1 err = 77.900000,	Top-5 err = 52.600000,	train_time = 2.493535
TRAIN Iter 287: loss = 0.002430,	Top-1 err = 73.850000,	Top-5 err = 45.500000,	train_time = 2.484552
TRAIN Iter 288: loss = 0.002353,	Top-1 err = 71.300000,	Top-5 err = 42.250000,	train_time = 2.518885
TRAIN Iter 289: loss = 0.002519,	Top-1 err = 80.750000,	Top-5 err = 59.400000,	train_time = 2.462751
TEST:
Iter 289: loss = 2.667311,	Top-1 err = 62.540000,	Top-5 err = 34.970000,	val_time = 2.423104
TRAIN Iter 290: loss = 0.002505,	Top-1 err = 76.450000,	Top-5 err = 50.700000,	train_time = 2.476891
TRAIN Iter 291: loss = 0.002403,	Top-1 err = 70.800000,	Top-5 err = 43.650000,	train_time = 2.476708
TRAIN Iter 292: loss = 0.002455,	Top-1 err = 76.450000,	Top-5 err = 49.800000,	train_time = 2.477784
TRAIN Iter 293: loss = 0.002350,	Top-1 err = 70.650000,	Top-5 err = 41.750000,	train_time = 2.445372
TRAIN Iter 294: loss = 0.002470,	Top-1 err = 77.950000,	Top-5 err = 53.850000,	train_time = 2.502253
TRAIN Iter 295: loss = 0.002584,	Top-1 err = 80.200000,	Top-5 err = 57.550000,	train_time = 2.521419
TRAIN Iter 296: loss = 0.002487,	Top-1 err = 74.000000,	Top-5 err = 45.450000,	train_time = 2.472113
TRAIN Iter 297: loss = 0.002518,	Top-1 err = 78.050000,	Top-5 err = 51.150000,	train_time = 2.525777
TRAIN Iter 298: loss = 0.002562,	Top-1 err = 80.750000,	Top-5 err = 55.750000,	train_time = 2.492482
TRAIN Iter 299: loss = 0.002399,	Top-1 err = 73.000000,	Top-5 err = 47.500000,	train_time = 2.448451
TEST:
Iter 299: loss = 2.657833,	Top-1 err = 62.600000,	Top-5 err = 34.490000,	val_time = 2.409321
Train Finish! Best accuracy is 37.65@279
