/home/dvspanos/miniconda3/envs/rded/lib/python3.10/site-packages/torchvision/models/_utils.py:208: UserWarning: The parameter 'pretrained' is deprecated since 0.13 and may be removed in the future, please use 'weights' instead.
  warnings.warn(
/home/dvspanos/miniconda3/envs/rded/lib/python3.10/site-packages/torchvision/models/_utils.py:223: UserWarning: Arguments other than a weight enum or `None` for 'weights' are deprecated since 0.13 and may be removed in the future. The current behavior is equivalent to passing `weights=None`.
  warnings.warn(msg)
=> using pytorch pre-trained teacher model 'resnet18_modified'
process data from /home/dvspanos/nikos/ca2d/artifacts/rded_sets/bench_tin_rn18_sharp_ipc10
load data successfully
TRAIN Iter 0: loss = 0.014224,	Top-1 err = 98.850000,	Top-5 err = 96.200000,	train_time = 4.562894
TRAIN Iter 1: loss = 0.012581,	Top-1 err = 98.650000,	Top-5 err = 93.950000,	train_time = 2.873892
TRAIN Iter 2: loss = 0.011648,	Top-1 err = 98.000000,	Top-5 err = 91.200000,	train_time = 2.859630
TRAIN Iter 3: loss = 0.012511,	Top-1 err = 97.750000,	Top-5 err = 90.200000,	train_time = 3.075967
TRAIN Iter 4: loss = 0.012015,	Top-1 err = 96.850000,	Top-5 err = 88.550000,	train_time = 2.944542
TRAIN Iter 5: loss = 0.011424,	Top-1 err = 96.250000,	Top-5 err = 86.850000,	train_time = 2.882027
TRAIN Iter 6: loss = 0.011679,	Top-1 err = 95.850000,	Top-5 err = 83.850000,	train_time = 2.928517
TRAIN Iter 7: loss = 0.012069,	Top-1 err = 95.100000,	Top-5 err = 80.850000,	train_time = 2.898363
TRAIN Iter 8: loss = 0.011020,	Top-1 err = 95.000000,	Top-5 err = 81.950000,	train_time = 2.973908
TRAIN Iter 9: loss = 0.010600,	Top-1 err = 94.400000,	Top-5 err = 81.300000,	train_time = 2.959925
TRAIN Iter 10: loss = 0.010323,	Top-1 err = 94.250000,	Top-5 err = 82.000000,	train_time = 2.938756
TRAIN Iter 11: loss = 0.010605,	Top-1 err = 93.600000,	Top-5 err = 78.750000,	train_time = 3.137178
TRAIN Iter 12: loss = 0.010186,	Top-1 err = 93.150000,	Top-5 err = 78.550000,	train_time = 2.976401
TRAIN Iter 13: loss = 0.009249,	Top-1 err = 93.200000,	Top-5 err = 78.300000,	train_time = 3.143736
TRAIN Iter 14: loss = 0.009519,	Top-1 err = 92.250000,	Top-5 err = 76.200000,	train_time = 3.061643
TRAIN Iter 15: loss = 0.009927,	Top-1 err = 93.000000,	Top-5 err = 75.650000,	train_time = 2.952981
TRAIN Iter 16: loss = 0.009344,	Top-1 err = 92.300000,	Top-5 err = 75.500000,	train_time = 3.046015
TRAIN Iter 17: loss = 0.009733,	Top-1 err = 91.350000,	Top-5 err = 73.750000,	train_time = 2.938628
TRAIN Iter 18: loss = 0.009828,	Top-1 err = 91.000000,	Top-5 err = 72.700000,	train_time = 3.060257
TRAIN Iter 19: loss = 0.009720,	Top-1 err = 91.750000,	Top-5 err = 75.100000,	train_time = 3.043182
TRAIN Iter 20: loss = 0.009667,	Top-1 err = 91.000000,	Top-5 err = 70.700000,	train_time = 3.331002
TRAIN Iter 21: loss = 0.008956,	Top-1 err = 89.450000,	Top-5 err = 70.500000,	train_time = 3.149081
TRAIN Iter 22: loss = 0.009011,	Top-1 err = 90.250000,	Top-5 err = 72.450000,	train_time = 3.014495
TRAIN Iter 23: loss = 0.009366,	Top-1 err = 88.450000,	Top-5 err = 67.650000,	train_time = 2.994605
TRAIN Iter 24: loss = 0.009106,	Top-1 err = 86.500000,	Top-5 err = 63.000000,	train_time = 3.033551
TRAIN Iter 25: loss = 0.008600,	Top-1 err = 87.550000,	Top-5 err = 67.100000,	train_time = 3.174458
TRAIN Iter 26: loss = 0.008848,	Top-1 err = 87.150000,	Top-5 err = 65.000000,	train_time = 3.199754
TRAIN Iter 27: loss = 0.008830,	Top-1 err = 86.650000,	Top-5 err = 65.300000,	train_time = 3.096517
TRAIN Iter 28: loss = 0.008423,	Top-1 err = 90.900000,	Top-5 err = 71.850000,	train_time = 3.054134
TRAIN Iter 29: loss = 0.007664,	Top-1 err = 90.150000,	Top-5 err = 70.600000,	train_time = 3.204194
TRAIN Iter 30: loss = 0.008695,	Top-1 err = 85.700000,	Top-5 err = 62.600000,	train_time = 2.951803
TRAIN Iter 31: loss = 0.008200,	Top-1 err = 84.400000,	Top-5 err = 60.650000,	train_time = 3.093637
TRAIN Iter 32: loss = 0.007860,	Top-1 err = 85.950000,	Top-5 err = 62.750000,	train_time = 3.047620
TRAIN Iter 33: loss = 0.008591,	Top-1 err = 83.650000,	Top-5 err = 61.850000,	train_time = 3.046297
TRAIN Iter 34: loss = 0.007575,	Top-1 err = 83.900000,	Top-5 err = 60.650000,	train_time = 2.961164
TRAIN Iter 35: loss = 0.008109,	Top-1 err = 84.700000,	Top-5 err = 58.350000,	train_time = 3.291385
TRAIN Iter 36: loss = 0.007323,	Top-1 err = 90.300000,	Top-5 err = 71.050000,	train_time = 3.017652
TRAIN Iter 37: loss = 0.007501,	Top-1 err = 83.450000,	Top-5 err = 57.250000,	train_time = 3.251871
TRAIN Iter 38: loss = 0.007786,	Top-1 err = 81.100000,	Top-5 err = 52.100000,	train_time = 3.263209
TRAIN Iter 39: loss = 0.007450,	Top-1 err = 87.000000,	Top-5 err = 66.750000,	train_time = 3.122881
TRAIN Iter 40: loss = 0.007865,	Top-1 err = 82.300000,	Top-5 err = 57.500000,	train_time = 2.994941
TRAIN Iter 41: loss = 0.008107,	Top-1 err = 76.550000,	Top-5 err = 48.250000,	train_time = 2.960562
TRAIN Iter 42: loss = 0.007331,	Top-1 err = 81.000000,	Top-5 err = 56.950000,	train_time = 3.062251
TRAIN Iter 43: loss = 0.007559,	Top-1 err = 80.400000,	Top-5 err = 52.800000,	train_time = 3.157477
TRAIN Iter 44: loss = 0.007125,	Top-1 err = 85.300000,	Top-5 err = 64.250000,	train_time = 3.008110
TRAIN Iter 45: loss = 0.007509,	Top-1 err = 74.250000,	Top-5 err = 45.050000,	train_time = 3.165493
TRAIN Iter 46: loss = 0.007382,	Top-1 err = 72.600000,	Top-5 err = 41.500000,	train_time = 3.109738
TRAIN Iter 47: loss = 0.006980,	Top-1 err = 80.250000,	Top-5 err = 55.200000,	train_time = 3.006525
TRAIN Iter 48: loss = 0.007192,	Top-1 err = 81.100000,	Top-5 err = 59.600000,	train_time = 3.062313
TRAIN Iter 49: loss = 0.006992,	Top-1 err = 78.700000,	Top-5 err = 53.100000,	train_time = 3.228849
TRAIN Iter 50: loss = 0.006825,	Top-1 err = 75.600000,	Top-5 err = 48.500000,	train_time = 3.180028
TRAIN Iter 51: loss = 0.007179,	Top-1 err = 74.750000,	Top-5 err = 48.900000,	train_time = 3.025637
TRAIN Iter 52: loss = 0.006891,	Top-1 err = 74.000000,	Top-5 err = 47.400000,	train_time = 3.030313
TRAIN Iter 53: loss = 0.006795,	Top-1 err = 79.550000,	Top-5 err = 58.050000,	train_time = 3.026334
TRAIN Iter 54: loss = 0.006574,	Top-1 err = 74.950000,	Top-5 err = 49.900000,	train_time = 2.979317
TRAIN Iter 55: loss = 0.006425,	Top-1 err = 77.000000,	Top-5 err = 51.250000,	train_time = 3.035542
TRAIN Iter 56: loss = 0.006755,	Top-1 err = 72.000000,	Top-5 err = 43.800000,	train_time = 3.030434
TRAIN Iter 57: loss = 0.006117,	Top-1 err = 80.000000,	Top-5 err = 56.750000,	train_time = 2.993421
TRAIN Iter 58: loss = 0.006594,	Top-1 err = 77.500000,	Top-5 err = 57.900000,	train_time = 3.064830
TRAIN Iter 59: loss = 0.006499,	Top-1 err = 73.250000,	Top-5 err = 48.300000,	train_time = 3.049370
TRAIN Iter 60: loss = 0.006329,	Top-1 err = 75.500000,	Top-5 err = 50.050000,	train_time = 3.322726
TRAIN Iter 61: loss = 0.006199,	Top-1 err = 76.450000,	Top-5 err = 50.700000,	train_time = 3.171690
TRAIN Iter 62: loss = 0.006332,	Top-1 err = 66.300000,	Top-5 err = 37.250000,	train_time = 3.026973
TRAIN Iter 63: loss = 0.006259,	Top-1 err = 70.550000,	Top-5 err = 45.900000,	train_time = 2.991679
TRAIN Iter 64: loss = 0.006247,	Top-1 err = 66.950000,	Top-5 err = 39.500000,	train_time = 3.108467
TRAIN Iter 65: loss = 0.005954,	Top-1 err = 79.300000,	Top-5 err = 57.000000,	train_time = 3.178383
TRAIN Iter 66: loss = 0.006415,	Top-1 err = 68.500000,	Top-5 err = 42.750000,	train_time = 3.173658
TRAIN Iter 67: loss = 0.006201,	Top-1 err = 70.500000,	Top-5 err = 48.700000,	train_time = 3.047457
TRAIN Iter 68: loss = 0.005998,	Top-1 err = 69.500000,	Top-5 err = 44.100000,	train_time = 3.172877
TRAIN Iter 69: loss = 0.005943,	Top-1 err = 62.600000,	Top-5 err = 35.050000,	train_time = 3.205245
TRAIN Iter 70: loss = 0.005875,	Top-1 err = 69.200000,	Top-5 err = 41.800000,	train_time = 3.059912
TRAIN Iter 71: loss = 0.005717,	Top-1 err = 66.200000,	Top-5 err = 38.700000,	train_time = 3.178410
TRAIN Iter 72: loss = 0.005866,	Top-1 err = 68.200000,	Top-5 err = 41.400000,	train_time = 3.038163
TRAIN Iter 73: loss = 0.005861,	Top-1 err = 62.100000,	Top-5 err = 36.700000,	train_time = 2.941417
TRAIN Iter 74: loss = 0.005887,	Top-1 err = 62.850000,	Top-5 err = 37.300000,	train_time = 3.249434
TRAIN Iter 75: loss = 0.005615,	Top-1 err = 70.450000,	Top-5 err = 44.550000,	train_time = 3.122919
TRAIN Iter 76: loss = 0.005767,	Top-1 err = 60.050000,	Top-5 err = 33.000000,	train_time = 3.033873
TRAIN Iter 77: loss = 0.005812,	Top-1 err = 55.650000,	Top-5 err = 29.950000,	train_time = 3.115549
TRAIN Iter 78: loss = 0.005454,	Top-1 err = 66.900000,	Top-5 err = 40.850000,	train_time = 3.041925
TRAIN Iter 79: loss = 0.005635,	Top-1 err = 58.600000,	Top-5 err = 32.850000,	train_time = 3.176829
TRAIN Iter 80: loss = 0.005476,	Top-1 err = 63.000000,	Top-5 err = 38.550000,	train_time = 2.983684
TRAIN Iter 81: loss = 0.005537,	Top-1 err = 61.450000,	Top-5 err = 34.250000,	train_time = 3.030387
TRAIN Iter 82: loss = 0.005372,	Top-1 err = 57.850000,	Top-5 err = 30.350000,	train_time = 3.019968
TRAIN Iter 83: loss = 0.005412,	Top-1 err = 62.400000,	Top-5 err = 38.950000,	train_time = 3.019980
TRAIN Iter 84: loss = 0.005209,	Top-1 err = 69.500000,	Top-5 err = 43.350000,	train_time = 3.439040
TRAIN Iter 85: loss = 0.005328,	Top-1 err = 62.900000,	Top-5 err = 39.200000,	train_time = 3.064871
TRAIN Iter 86: loss = 0.005206,	Top-1 err = 69.500000,	Top-5 err = 47.550000,	train_time = 2.991550
TRAIN Iter 87: loss = 0.005229,	Top-1 err = 61.550000,	Top-5 err = 37.950000,	train_time = 3.115746
TRAIN Iter 88: loss = 0.005247,	Top-1 err = 60.600000,	Top-5 err = 36.850000,	train_time = 3.141248
TRAIN Iter 89: loss = 0.005173,	Top-1 err = 55.600000,	Top-5 err = 29.550000,	train_time = 3.007128
TRAIN Iter 90: loss = 0.005140,	Top-1 err = 63.250000,	Top-5 err = 38.650000,	train_time = 3.151211
TRAIN Iter 91: loss = 0.005150,	Top-1 err = 65.100000,	Top-5 err = 42.450000,	train_time = 3.012663
TRAIN Iter 92: loss = 0.005108,	Top-1 err = 62.450000,	Top-5 err = 37.600000,	train_time = 3.029891
TRAIN Iter 93: loss = 0.005158,	Top-1 err = 71.450000,	Top-5 err = 49.000000,	train_time = 3.037705
TRAIN Iter 94: loss = 0.005028,	Top-1 err = 67.700000,	Top-5 err = 45.300000,	train_time = 3.117617
TRAIN Iter 95: loss = 0.005086,	Top-1 err = 60.700000,	Top-5 err = 37.800000,	train_time = 3.011429
TRAIN Iter 96: loss = 0.005027,	Top-1 err = 58.550000,	Top-5 err = 34.000000,	train_time = 3.151635
TRAIN Iter 97: loss = 0.005039,	Top-1 err = 51.100000,	Top-5 err = 27.650000,	train_time = 3.053790
TRAIN Iter 98: loss = 0.005078,	Top-1 err = 59.500000,	Top-5 err = 37.500000,	train_time = 3.007387
TRAIN Iter 99: loss = 0.004894,	Top-1 err = 56.800000,	Top-5 err = 31.450000,	train_time = 3.012679
TRAIN Iter 100: loss = 0.004903,	Top-1 err = 58.750000,	Top-5 err = 36.300000,	train_time = 3.261659
TRAIN Iter 101: loss = 0.004816,	Top-1 err = 66.300000,	Top-5 err = 43.950000,	train_time = 3.223559
TRAIN Iter 102: loss = 0.004897,	Top-1 err = 63.400000,	Top-5 err = 38.500000,	train_time = 3.108019
TRAIN Iter 103: loss = 0.004957,	Top-1 err = 62.750000,	Top-5 err = 39.150000,	train_time = 3.017416
TRAIN Iter 104: loss = 0.004685,	Top-1 err = 54.900000,	Top-5 err = 31.300000,	train_time = 3.030055
TRAIN Iter 105: loss = 0.004759,	Top-1 err = 48.300000,	Top-5 err = 24.950000,	train_time = 3.118897
TRAIN Iter 106: loss = 0.004804,	Top-1 err = 57.350000,	Top-5 err = 32.400000,	train_time = 2.980425
TRAIN Iter 107: loss = 0.004698,	Top-1 err = 56.150000,	Top-5 err = 32.700000,	train_time = 3.031932
TRAIN Iter 108: loss = 0.004670,	Top-1 err = 57.250000,	Top-5 err = 35.300000,	train_time = 3.083488
TRAIN Iter 109: loss = 0.004774,	Top-1 err = 54.550000,	Top-5 err = 32.600000,	train_time = 2.984039
TRAIN Iter 110: loss = 0.004601,	Top-1 err = 61.600000,	Top-5 err = 42.550000,	train_time = 3.079484
TRAIN Iter 111: loss = 0.004614,	Top-1 err = 53.600000,	Top-5 err = 27.400000,	train_time = 3.141243
TRAIN Iter 112: loss = 0.004561,	Top-1 err = 51.050000,	Top-5 err = 28.300000,	train_time = 3.021059
TRAIN Iter 113: loss = 0.004651,	Top-1 err = 55.100000,	Top-5 err = 32.850000,	train_time = 3.116205
TRAIN Iter 114: loss = 0.004659,	Top-1 err = 60.200000,	Top-5 err = 38.100000,	train_time = 3.139396
TRAIN Iter 115: loss = 0.004510,	Top-1 err = 53.150000,	Top-5 err = 35.250000,	train_time = 3.278219
TRAIN Iter 116: loss = 0.004338,	Top-1 err = 45.350000,	Top-5 err = 22.650000,	train_time = 3.131406
TRAIN Iter 117: loss = 0.004497,	Top-1 err = 44.000000,	Top-5 err = 20.750000,	train_time = 3.141226
TRAIN Iter 118: loss = 0.004401,	Top-1 err = 57.250000,	Top-5 err = 34.800000,	train_time = 3.007426
TRAIN Iter 119: loss = 0.004460,	Top-1 err = 44.700000,	Top-5 err = 20.900000,	train_time = 3.055356
TRAIN Iter 120: loss = 0.004391,	Top-1 err = 64.000000,	Top-5 err = 42.450000,	train_time = 3.341530
TRAIN Iter 121: loss = 0.004395,	Top-1 err = 59.700000,	Top-5 err = 36.150000,	train_time = 3.041251
TRAIN Iter 122: loss = 0.004406,	Top-1 err = 59.450000,	Top-5 err = 36.500000,	train_time = 2.990751
TRAIN Iter 123: loss = 0.004432,	Top-1 err = 47.550000,	Top-5 err = 27.550000,	train_time = 3.055094
TRAIN Iter 124: loss = 0.004356,	Top-1 err = 50.200000,	Top-5 err = 29.300000,	train_time = 3.020134
TRAIN Iter 125: loss = 0.004383,	Top-1 err = 56.400000,	Top-5 err = 32.700000,	train_time = 3.068065
TRAIN Iter 126: loss = 0.004355,	Top-1 err = 58.200000,	Top-5 err = 36.550000,	train_time = 3.167653
TRAIN Iter 127: loss = 0.004328,	Top-1 err = 52.700000,	Top-5 err = 31.100000,	train_time = 3.035432
TRAIN Iter 128: loss = 0.004298,	Top-1 err = 60.900000,	Top-5 err = 38.900000,	train_time = 3.024878
TRAIN Iter 129: loss = 0.004321,	Top-1 err = 54.500000,	Top-5 err = 28.900000,	train_time = 3.071234
TRAIN Iter 130: loss = 0.004275,	Top-1 err = 45.800000,	Top-5 err = 23.100000,	train_time = 3.083585
TRAIN Iter 131: loss = 0.004197,	Top-1 err = 54.050000,	Top-5 err = 31.900000,	train_time = 3.248024
TRAIN Iter 132: loss = 0.004265,	Top-1 err = 54.450000,	Top-5 err = 30.550000,	train_time = 3.206579
TRAIN Iter 133: loss = 0.004185,	Top-1 err = 45.050000,	Top-5 err = 20.650000,	train_time = 3.075672
TRAIN Iter 134: loss = 0.004211,	Top-1 err = 48.150000,	Top-5 err = 28.750000,	train_time = 2.967940
TRAIN Iter 135: loss = 0.004107,	Top-1 err = 50.350000,	Top-5 err = 31.000000,	train_time = 3.027390
TRAIN Iter 136: loss = 0.004116,	Top-1 err = 45.550000,	Top-5 err = 25.600000,	train_time = 3.144501
TRAIN Iter 137: loss = 0.004172,	Top-1 err = 43.850000,	Top-5 err = 22.600000,	train_time = 3.391566
TRAIN Iter 138: loss = 0.004088,	Top-1 err = 42.050000,	Top-5 err = 22.600000,	train_time = 3.088062
TRAIN Iter 139: loss = 0.004058,	Top-1 err = 42.950000,	Top-5 err = 22.750000,	train_time = 2.952952
TRAIN Iter 140: loss = 0.004134,	Top-1 err = 49.850000,	Top-5 err = 32.500000,	train_time = 3.101235
TRAIN Iter 141: loss = 0.004105,	Top-1 err = 60.750000,	Top-5 err = 42.600000,	train_time = 3.109857
TRAIN Iter 142: loss = 0.004027,	Top-1 err = 47.700000,	Top-5 err = 29.700000,	train_time = 3.073101
TRAIN Iter 143: loss = 0.003965,	Top-1 err = 44.550000,	Top-5 err = 22.200000,	train_time = 3.037698
TRAIN Iter 144: loss = 0.004030,	Top-1 err = 47.700000,	Top-5 err = 28.200000,	train_time = 3.093519
TRAIN Iter 145: loss = 0.004193,	Top-1 err = 61.600000,	Top-5 err = 40.600000,	train_time = 3.116886
TRAIN Iter 146: loss = 0.003985,	Top-1 err = 49.600000,	Top-5 err = 29.650000,	train_time = 2.988901
TRAIN Iter 147: loss = 0.003958,	Top-1 err = 54.150000,	Top-5 err = 30.800000,	train_time = 3.046042
TRAIN Iter 148: loss = 0.003899,	Top-1 err = 53.300000,	Top-5 err = 30.650000,	train_time = 2.980271
TRAIN Iter 149: loss = 0.003843,	Top-1 err = 41.950000,	Top-5 err = 23.850000,	train_time = 3.008431
TRAIN Iter 150: loss = 0.003936,	Top-1 err = 53.550000,	Top-5 err = 32.250000,	train_time = 3.156761
TRAIN Iter 151: loss = 0.003844,	Top-1 err = 47.550000,	Top-5 err = 27.350000,	train_time = 3.080027
TRAIN Iter 152: loss = 0.003885,	Top-1 err = 51.150000,	Top-5 err = 31.800000,	train_time = 2.986591
TRAIN Iter 153: loss = 0.003896,	Top-1 err = 53.150000,	Top-5 err = 32.250000,	train_time = 3.300570
TRAIN Iter 154: loss = 0.003860,	Top-1 err = 56.300000,	Top-5 err = 35.350000,	train_time = 3.124908
TRAIN Iter 155: loss = 0.003807,	Top-1 err = 45.300000,	Top-5 err = 26.200000,	train_time = 2.996599
TRAIN Iter 156: loss = 0.003792,	Top-1 err = 44.200000,	Top-5 err = 21.800000,	train_time = 3.022027
TRAIN Iter 157: loss = 0.003839,	Top-1 err = 56.500000,	Top-5 err = 33.400000,	train_time = 3.431908
TRAIN Iter 158: loss = 0.003808,	Top-1 err = 52.400000,	Top-5 err = 35.300000,	train_time = 3.193863
TRAIN Iter 159: loss = 0.003730,	Top-1 err = 48.950000,	Top-5 err = 30.450000,	train_time = 2.967631
TRAIN Iter 160: loss = 0.003759,	Top-1 err = 43.550000,	Top-5 err = 26.100000,	train_time = 2.995481
TRAIN Iter 161: loss = 0.003732,	Top-1 err = 42.200000,	Top-5 err = 22.550000,	train_time = 2.950742
TRAIN Iter 162: loss = 0.003722,	Top-1 err = 49.550000,	Top-5 err = 29.450000,	train_time = 3.113193
TRAIN Iter 163: loss = 0.003781,	Top-1 err = 44.950000,	Top-5 err = 24.050000,	train_time = 3.129421
TRAIN Iter 164: loss = 0.003713,	Top-1 err = 51.050000,	Top-5 err = 33.900000,	train_time = 3.001774
TRAIN Iter 165: loss = 0.003697,	Top-1 err = 47.450000,	Top-5 err = 26.850000,	train_time = 2.957397
TRAIN Iter 166: loss = 0.003742,	Top-1 err = 44.500000,	Top-5 err = 22.100000,	train_time = 2.996801
TRAIN Iter 167: loss = 0.003686,	Top-1 err = 42.600000,	Top-5 err = 23.250000,	train_time = 3.012335
TRAIN Iter 168: loss = 0.003698,	Top-1 err = 48.800000,	Top-5 err = 29.800000,	train_time = 3.080790
TRAIN Iter 169: loss = 0.003763,	Top-1 err = 42.150000,	Top-5 err = 22.750000,	train_time = 3.098086
TRAIN Iter 170: loss = 0.003624,	Top-1 err = 40.250000,	Top-5 err = 20.450000,	train_time = 2.975297
TRAIN Iter 171: loss = 0.003733,	Top-1 err = 58.300000,	Top-5 err = 34.800000,	train_time = 3.152992
TRAIN Iter 172: loss = 0.003649,	Top-1 err = 35.400000,	Top-5 err = 17.300000,	train_time = 3.338984
TRAIN Iter 173: loss = 0.003554,	Top-1 err = 42.200000,	Top-5 err = 22.700000,	train_time = 3.060268
TRAIN Iter 174: loss = 0.003578,	Top-1 err = 36.750000,	Top-5 err = 20.100000,	train_time = 2.991354
TRAIN Iter 175: loss = 0.003569,	Top-1 err = 45.100000,	Top-5 err = 25.700000,	train_time = 3.175101
TRAIN Iter 176: loss = 0.003578,	Top-1 err = 47.100000,	Top-5 err = 30.400000,	train_time = 3.009081
TRAIN Iter 177: loss = 0.003638,	Top-1 err = 48.050000,	Top-5 err = 27.400000,	train_time = 3.055080
TRAIN Iter 178: loss = 0.003635,	Top-1 err = 53.550000,	Top-5 err = 39.150000,	train_time = 3.378753
TRAIN Iter 179: loss = 0.003527,	Top-1 err = 43.000000,	Top-5 err = 24.100000,	train_time = 3.082414
TRAIN Iter 180: loss = 0.003499,	Top-1 err = 49.700000,	Top-5 err = 33.450000,	train_time = 3.134344
TRAIN Iter 181: loss = 0.003482,	Top-1 err = 44.350000,	Top-5 err = 26.750000,	train_time = 3.100357
TRAIN Iter 182: loss = 0.003495,	Top-1 err = 47.000000,	Top-5 err = 25.650000,	train_time = 2.988653
TRAIN Iter 183: loss = 0.003500,	Top-1 err = 45.850000,	Top-5 err = 28.200000,	train_time = 3.126870
TRAIN Iter 184: loss = 0.003484,	Top-1 err = 42.800000,	Top-5 err = 24.250000,	train_time = 3.062377
TRAIN Iter 185: loss = 0.003513,	Top-1 err = 44.400000,	Top-5 err = 26.600000,	train_time = 3.047989
TRAIN Iter 186: loss = 0.003583,	Top-1 err = 51.000000,	Top-5 err = 32.050000,	train_time = 3.076676
TRAIN Iter 187: loss = 0.003532,	Top-1 err = 37.050000,	Top-5 err = 18.050000,	train_time = 3.077078
TRAIN Iter 188: loss = 0.003509,	Top-1 err = 46.450000,	Top-5 err = 27.450000,	train_time = 3.075831
TRAIN Iter 189: loss = 0.003550,	Top-1 err = 54.050000,	Top-5 err = 30.900000,	train_time = 3.053447
TRAIN Iter 190: loss = 0.003481,	Top-1 err = 39.650000,	Top-5 err = 19.400000,	train_time = 3.136854
TRAIN Iter 191: loss = 0.003406,	Top-1 err = 50.550000,	Top-5 err = 32.200000,	train_time = 3.009305
TRAIN Iter 192: loss = 0.003383,	Top-1 err = 37.850000,	Top-5 err = 21.200000,	train_time = 3.117797
TRAIN Iter 193: loss = 0.003403,	Top-1 err = 38.000000,	Top-5 err = 21.250000,	train_time = 3.032073
TRAIN Iter 194: loss = 0.003373,	Top-1 err = 38.500000,	Top-5 err = 21.550000,	train_time = 3.029965
TRAIN Iter 195: loss = 0.003415,	Top-1 err = 46.450000,	Top-5 err = 27.500000,	train_time = 3.240513
TRAIN Iter 196: loss = 0.003338,	Top-1 err = 39.350000,	Top-5 err = 21.850000,	train_time = 3.216669
TRAIN Iter 197: loss = 0.003491,	Top-1 err = 45.000000,	Top-5 err = 25.100000,	train_time = 3.062513
TRAIN Iter 198: loss = 0.003562,	Top-1 err = 52.250000,	Top-5 err = 31.700000,	train_time = 3.168922
TRAIN Iter 199: loss = 0.003423,	Top-1 err = 44.550000,	Top-5 err = 24.050000,	train_time = 3.021050
TRAIN Iter 200: loss = 0.003513,	Top-1 err = 54.500000,	Top-5 err = 30.400000,	train_time = 3.192237
TRAIN Iter 201: loss = 0.003275,	Top-1 err = 35.350000,	Top-5 err = 19.600000,	train_time = 3.201076
TRAIN Iter 202: loss = 0.003599,	Top-1 err = 69.900000,	Top-5 err = 52.250000,	train_time = 2.993470
TRAIN Iter 203: loss = 0.003439,	Top-1 err = 40.350000,	Top-5 err = 20.800000,	train_time = 3.308230
TRAIN Iter 204: loss = 0.003316,	Top-1 err = 39.250000,	Top-5 err = 20.050000,	train_time = 3.132165
TRAIN Iter 205: loss = 0.003452,	Top-1 err = 54.150000,	Top-5 err = 33.250000,	train_time = 3.021526
TRAIN Iter 206: loss = 0.003371,	Top-1 err = 56.450000,	Top-5 err = 37.200000,	train_time = 2.938834
TRAIN Iter 207: loss = 0.003427,	Top-1 err = 43.850000,	Top-5 err = 23.800000,	train_time = 3.084017
TRAIN Iter 208: loss = 0.003312,	Top-1 err = 43.900000,	Top-5 err = 25.150000,	train_time = 2.993996
TRAIN Iter 209: loss = 0.003357,	Top-1 err = 50.000000,	Top-5 err = 28.450000,	train_time = 3.362349
TRAIN Iter 210: loss = 0.003237,	Top-1 err = 35.650000,	Top-5 err = 19.650000,	train_time = 3.242847
TRAIN Iter 211: loss = 0.003404,	Top-1 err = 47.950000,	Top-5 err = 29.950000,	train_time = 3.079407
TRAIN Iter 212: loss = 0.003290,	Top-1 err = 39.400000,	Top-5 err = 21.850000,	train_time = 3.149369
TRAIN Iter 213: loss = 0.003284,	Top-1 err = 47.950000,	Top-5 err = 31.650000,	train_time = 3.113441
TRAIN Iter 214: loss = 0.003271,	Top-1 err = 54.800000,	Top-5 err = 35.400000,	train_time = 3.236470
TRAIN Iter 215: loss = 0.003123,	Top-1 err = 32.250000,	Top-5 err = 16.650000,	train_time = 3.031075
TRAIN Iter 216: loss = 0.003466,	Top-1 err = 62.750000,	Top-5 err = 42.750000,	train_time = 2.975883
TRAIN Iter 217: loss = 0.003264,	Top-1 err = 48.700000,	Top-5 err = 30.000000,	train_time = 2.964624
TRAIN Iter 218: loss = 0.003280,	Top-1 err = 40.250000,	Top-5 err = 23.400000,	train_time = 3.213860
TRAIN Iter 219: loss = 0.003340,	Top-1 err = 62.450000,	Top-5 err = 42.400000,	train_time = 3.134908
TRAIN Iter 220: loss = 0.003424,	Top-1 err = 46.600000,	Top-5 err = 24.950000,	train_time = 3.006711
TRAIN Iter 221: loss = 0.003164,	Top-1 err = 33.650000,	Top-5 err = 19.600000,	train_time = 2.993324
TRAIN Iter 222: loss = 0.003211,	Top-1 err = 52.300000,	Top-5 err = 33.550000,	train_time = 3.113446
TRAIN Iter 223: loss = 0.003235,	Top-1 err = 52.100000,	Top-5 err = 36.150000,	train_time = 3.012073
TRAIN Iter 224: loss = 0.003177,	Top-1 err = 38.050000,	Top-5 err = 19.000000,	train_time = 3.092820
TRAIN Iter 225: loss = 0.003259,	Top-1 err = 52.250000,	Top-5 err = 33.550000,	train_time = 3.047388
TRAIN Iter 226: loss = 0.003148,	Top-1 err = 43.450000,	Top-5 err = 24.900000,	train_time = 3.130480
TRAIN Iter 227: loss = 0.003192,	Top-1 err = 41.900000,	Top-5 err = 23.800000,	train_time = 3.083493
TRAIN Iter 228: loss = 0.003343,	Top-1 err = 47.200000,	Top-5 err = 25.500000,	train_time = 3.166864
TRAIN Iter 229: loss = 0.003079,	Top-1 err = 43.950000,	Top-5 err = 27.400000,	train_time = 3.125930
TRAIN Iter 230: loss = 0.003147,	Top-1 err = 49.750000,	Top-5 err = 30.850000,	train_time = 3.045080
TRAIN Iter 231: loss = 0.003194,	Top-1 err = 49.400000,	Top-5 err = 29.900000,	train_time = 3.024180
TRAIN Iter 232: loss = 0.003179,	Top-1 err = 43.000000,	Top-5 err = 26.250000,	train_time = 2.983956
TRAIN Iter 233: loss = 0.003217,	Top-1 err = 48.450000,	Top-5 err = 31.700000,	train_time = 3.032936
TRAIN Iter 234: loss = 0.003192,	Top-1 err = 50.600000,	Top-5 err = 32.950000,	train_time = 3.028960
TRAIN Iter 235: loss = 0.003124,	Top-1 err = 38.150000,	Top-5 err = 16.500000,	train_time = 3.327754
TRAIN Iter 236: loss = 0.003205,	Top-1 err = 57.450000,	Top-5 err = 40.350000,	train_time = 3.106764
TRAIN Iter 237: loss = 0.003089,	Top-1 err = 54.200000,	Top-5 err = 34.950000,	train_time = 3.090747
TRAIN Iter 238: loss = 0.002899,	Top-1 err = 33.400000,	Top-5 err = 18.250000,	train_time = 3.277380
TRAIN Iter 239: loss = 0.003049,	Top-1 err = 42.550000,	Top-5 err = 24.500000,	train_time = 3.289231
TRAIN Iter 240: loss = 0.003039,	Top-1 err = 34.850000,	Top-5 err = 18.950000,	train_time = 3.143933
TRAIN Iter 241: loss = 0.003002,	Top-1 err = 33.200000,	Top-5 err = 13.150000,	train_time = 3.018960
TRAIN Iter 242: loss = 0.003203,	Top-1 err = 56.550000,	Top-5 err = 34.600000,	train_time = 3.134987
TRAIN Iter 243: loss = 0.003156,	Top-1 err = 34.700000,	Top-5 err = 16.600000,	train_time = 3.122456
TRAIN Iter 244: loss = 0.003045,	Top-1 err = 45.200000,	Top-5 err = 30.250000,	train_time = 2.940494
TRAIN Iter 245: loss = 0.003162,	Top-1 err = 43.650000,	Top-5 err = 25.050000,	train_time = 3.102615
TRAIN Iter 246: loss = 0.003101,	Top-1 err = 39.500000,	Top-5 err = 20.250000,	train_time = 3.185527
TRAIN Iter 247: loss = 0.003053,	Top-1 err = 41.250000,	Top-5 err = 22.750000,	train_time = 2.963797
TRAIN Iter 248: loss = 0.003135,	Top-1 err = 46.700000,	Top-5 err = 28.200000,	train_time = 3.018756
TRAIN Iter 249: loss = 0.003140,	Top-1 err = 49.650000,	Top-5 err = 31.450000,	train_time = 3.331981
TEST:
Iter 249: loss = 2.782022,	Top-1 err = 62.170000,	Top-5 err = 35.100000,	val_time = 3.044002
TRAIN Iter 250: loss = 0.003054,	Top-1 err = 31.750000,	Top-5 err = 14.150000,	train_time = 3.040125
TRAIN Iter 251: loss = 0.003141,	Top-1 err = 45.700000,	Top-5 err = 27.700000,	train_time = 3.030659
TRAIN Iter 252: loss = 0.002918,	Top-1 err = 35.000000,	Top-5 err = 19.150000,	train_time = 3.087851
TRAIN Iter 253: loss = 0.003025,	Top-1 err = 40.050000,	Top-5 err = 25.200000,	train_time = 2.949844
TRAIN Iter 254: loss = 0.002950,	Top-1 err = 30.450000,	Top-5 err = 12.550000,	train_time = 3.342031
TRAIN Iter 255: loss = 0.003038,	Top-1 err = 33.300000,	Top-5 err = 15.250000,	train_time = 3.124226
TRAIN Iter 256: loss = 0.003099,	Top-1 err = 54.500000,	Top-5 err = 35.050000,	train_time = 3.007396
TRAIN Iter 257: loss = 0.003019,	Top-1 err = 40.100000,	Top-5 err = 24.750000,	train_time = 3.015019
TRAIN Iter 258: loss = 0.003001,	Top-1 err = 37.550000,	Top-5 err = 20.850000,	train_time = 3.094756
TRAIN Iter 259: loss = 0.002915,	Top-1 err = 50.100000,	Top-5 err = 37.500000,	train_time = 2.986567
TEST:
Iter 259: loss = 2.754535,	Top-1 err = 61.990000,	Top-5 err = 34.950000,	val_time = 2.955791
TRAIN Iter 260: loss = 0.002925,	Top-1 err = 33.450000,	Top-5 err = 16.000000,	train_time = 3.054368
TRAIN Iter 261: loss = 0.003052,	Top-1 err = 38.000000,	Top-5 err = 19.400000,	train_time = 2.985060
TRAIN Iter 262: loss = 0.002959,	Top-1 err = 40.350000,	Top-5 err = 21.550000,	train_time = 2.939512
TRAIN Iter 263: loss = 0.002909,	Top-1 err = 36.800000,	Top-5 err = 20.850000,	train_time = 3.051611
TRAIN Iter 264: loss = 0.002974,	Top-1 err = 56.650000,	Top-5 err = 41.900000,	train_time = 3.103901
TRAIN Iter 265: loss = 0.002926,	Top-1 err = 26.250000,	Top-5 err = 10.750000,	train_time = 3.143135
TRAIN Iter 266: loss = 0.002987,	Top-1 err = 36.650000,	Top-5 err = 19.550000,	train_time = 3.059559
TRAIN Iter 267: loss = 0.002732,	Top-1 err = 32.350000,	Top-5 err = 18.300000,	train_time = 2.977953
TRAIN Iter 268: loss = 0.003018,	Top-1 err = 42.650000,	Top-5 err = 24.050000,	train_time = 3.034489
TRAIN Iter 269: loss = 0.002910,	Top-1 err = 40.850000,	Top-5 err = 23.800000,	train_time = 2.996998
TEST:
Iter 269: loss = 2.710935,	Top-1 err = 61.250000,	Top-5 err = 33.540000,	val_time = 2.892737
TRAIN Iter 270: loss = 0.003047,	Top-1 err = 50.150000,	Top-5 err = 30.800000,	train_time = 3.129673
TRAIN Iter 271: loss = 0.002889,	Top-1 err = 37.000000,	Top-5 err = 20.100000,	train_time = 3.243986
TRAIN Iter 272: loss = 0.002931,	Top-1 err = 40.400000,	Top-5 err = 26.500000,	train_time = 3.112465
TRAIN Iter 273: loss = 0.003062,	Top-1 err = 51.500000,	Top-5 err = 32.650000,	train_time = 3.055244
TRAIN Iter 274: loss = 0.002871,	Top-1 err = 38.800000,	Top-5 err = 23.750000,	train_time = 3.067226
TRAIN Iter 275: loss = 0.002991,	Top-1 err = 53.650000,	Top-5 err = 36.550000,	train_time = 2.994295
TRAIN Iter 276: loss = 0.002981,	Top-1 err = 52.100000,	Top-5 err = 32.800000,	train_time = 3.064898
TRAIN Iter 277: loss = 0.002916,	Top-1 err = 43.000000,	Top-5 err = 25.550000,	train_time = 3.045423
TRAIN Iter 278: loss = 0.002838,	Top-1 err = 37.100000,	Top-5 err = 20.300000,	train_time = 3.114455
TRAIN Iter 279: loss = 0.002882,	Top-1 err = 34.150000,	Top-5 err = 20.250000,	train_time = 3.036363
TEST:
Iter 279: loss = 2.836643,	Top-1 err = 63.380000,	Top-5 err = 35.970000,	val_time = 2.883015
TRAIN Iter 280: loss = 0.002977,	Top-1 err = 45.150000,	Top-5 err = 26.950000,	train_time = 3.081257
TRAIN Iter 281: loss = 0.002948,	Top-1 err = 47.050000,	Top-5 err = 30.000000,	train_time = 2.987873
TRAIN Iter 282: loss = 0.003029,	Top-1 err = 58.650000,	Top-5 err = 38.550000,	train_time = 3.220141
TRAIN Iter 283: loss = 0.002953,	Top-1 err = 36.600000,	Top-5 err = 19.950000,	train_time = 3.315326
TRAIN Iter 284: loss = 0.002870,	Top-1 err = 43.100000,	Top-5 err = 27.150000,	train_time = 3.171887
TRAIN Iter 285: loss = 0.002857,	Top-1 err = 41.200000,	Top-5 err = 23.400000,	train_time = 3.000541
TRAIN Iter 286: loss = 0.002935,	Top-1 err = 41.450000,	Top-5 err = 23.400000,	train_time = 3.054417
TRAIN Iter 287: loss = 0.002836,	Top-1 err = 35.800000,	Top-5 err = 19.300000,	train_time = 3.030371
TRAIN Iter 288: loss = 0.002927,	Top-1 err = 35.600000,	Top-5 err = 17.250000,	train_time = 3.074578
TRAIN Iter 289: loss = 0.002833,	Top-1 err = 52.050000,	Top-5 err = 36.400000,	train_time = 3.139054
TEST:
Iter 289: loss = 2.732659,	Top-1 err = 61.880000,	Top-5 err = 34.170000,	val_time = 2.890788
TRAIN Iter 290: loss = 0.002933,	Top-1 err = 44.450000,	Top-5 err = 26.000000,	train_time = 3.103370
TRAIN Iter 291: loss = 0.002844,	Top-1 err = 46.500000,	Top-5 err = 28.250000,	train_time = 3.282781
TRAIN Iter 292: loss = 0.002904,	Top-1 err = 42.500000,	Top-5 err = 25.000000,	train_time = 3.301720
TRAIN Iter 293: loss = 0.002826,	Top-1 err = 48.100000,	Top-5 err = 32.050000,	train_time = 3.134355
TRAIN Iter 294: loss = 0.002885,	Top-1 err = 44.300000,	Top-5 err = 26.500000,	train_time = 3.013910
TRAIN Iter 295: loss = 0.002817,	Top-1 err = 41.250000,	Top-5 err = 24.250000,	train_time = 2.968786
TRAIN Iter 296: loss = 0.002761,	Top-1 err = 38.200000,	Top-5 err = 20.750000,	train_time = 2.997116
TRAIN Iter 297: loss = 0.002840,	Top-1 err = 47.850000,	Top-5 err = 28.650000,	train_time = 3.045106
TRAIN Iter 298: loss = 0.002744,	Top-1 err = 41.800000,	Top-5 err = 26.650000,	train_time = 3.054388
TRAIN Iter 299: loss = 0.002783,	Top-1 err = 43.500000,	Top-5 err = 27.400000,	train_time = 3.106789
TEST:
Iter 299: loss = 2.628963,	Top-1 err = 60.280000,	Top-5 err = 32.840000,	val_time = 3.024995
Train Finish! Best accuracy is 39.72@299
