/home/dvspanos/miniconda3/envs/rded/lib/python3.10/site-packages/torchvision/models/_utils.py:208: UserWarning: The parameter 'pretrained' is deprecated since 0.13 and may be removed in the future, please use 'weights' instead.
  warnings.warn(
/home/dvspanos/miniconda3/envs/rded/lib/python3.10/site-packages/torchvision/models/_utils.py:223: UserWarning: Arguments other than a weight enum or `None` for 'weights' are deprecated since 0.13 and may be removed in the future. The current behavior is equivalent to passing `weights=None`.
  warnings.warn(msg)
=> using pytorch pre-trained teacher model 'resnet18_modified'
process data from /home/dvspanos/nikos/ca2d/artifacts/rded_sets/bench_tin_rn18_el2nw50_ipc10
load data successfully
TRAIN Iter 0: loss = 0.012890,	Top-1 err = 99.300000,	Top-5 err = 96.400000,	train_time = 4.533483
TRAIN Iter 1: loss = 0.010842,	Top-1 err = 98.550000,	Top-5 err = 94.600000,	train_time = 2.804428
TRAIN Iter 2: loss = 0.011701,	Top-1 err = 97.900000,	Top-5 err = 92.000000,	train_time = 2.862312
TRAIN Iter 3: loss = 0.010209,	Top-1 err = 98.000000,	Top-5 err = 92.950000,	train_time = 2.855825
TRAIN Iter 4: loss = 0.010830,	Top-1 err = 97.800000,	Top-5 err = 91.150000,	train_time = 2.882065
TRAIN Iter 5: loss = 0.009729,	Top-1 err = 97.100000,	Top-5 err = 89.700000,	train_time = 2.886493
TRAIN Iter 6: loss = 0.010137,	Top-1 err = 97.100000,	Top-5 err = 88.500000,	train_time = 2.876556
TRAIN Iter 7: loss = 0.009868,	Top-1 err = 95.900000,	Top-5 err = 86.800000,	train_time = 2.975289
TRAIN Iter 8: loss = 0.009725,	Top-1 err = 96.950000,	Top-5 err = 87.550000,	train_time = 2.945422
TRAIN Iter 9: loss = 0.009887,	Top-1 err = 95.750000,	Top-5 err = 84.650000,	train_time = 2.945932
TRAIN Iter 10: loss = 0.009093,	Top-1 err = 96.600000,	Top-5 err = 85.600000,	train_time = 3.103059
TRAIN Iter 11: loss = 0.009784,	Top-1 err = 94.950000,	Top-5 err = 81.900000,	train_time = 2.988966
TRAIN Iter 12: loss = 0.009665,	Top-1 err = 94.750000,	Top-5 err = 80.500000,	train_time = 2.986175
TRAIN Iter 13: loss = 0.008879,	Top-1 err = 96.100000,	Top-5 err = 86.550000,	train_time = 3.037621
TRAIN Iter 14: loss = 0.009101,	Top-1 err = 95.250000,	Top-5 err = 82.450000,	train_time = 3.003698
TRAIN Iter 15: loss = 0.008440,	Top-1 err = 96.050000,	Top-5 err = 84.450000,	train_time = 3.028854
TRAIN Iter 16: loss = 0.008393,	Top-1 err = 95.300000,	Top-5 err = 82.400000,	train_time = 3.023925
TRAIN Iter 17: loss = 0.008623,	Top-1 err = 93.950000,	Top-5 err = 80.150000,	train_time = 3.089787
TRAIN Iter 18: loss = 0.008923,	Top-1 err = 94.200000,	Top-5 err = 80.650000,	train_time = 2.997266
TRAIN Iter 19: loss = 0.008142,	Top-1 err = 94.700000,	Top-5 err = 82.000000,	train_time = 3.146658
TRAIN Iter 20: loss = 0.008597,	Top-1 err = 94.700000,	Top-5 err = 80.600000,	train_time = 3.048178
TRAIN Iter 21: loss = 0.008328,	Top-1 err = 93.650000,	Top-5 err = 80.100000,	train_time = 3.097261
TRAIN Iter 22: loss = 0.008148,	Top-1 err = 93.750000,	Top-5 err = 79.800000,	train_time = 3.147669
TRAIN Iter 23: loss = 0.008203,	Top-1 err = 92.650000,	Top-5 err = 75.100000,	train_time = 3.217029
TRAIN Iter 24: loss = 0.007970,	Top-1 err = 92.100000,	Top-5 err = 75.350000,	train_time = 3.137027
TRAIN Iter 25: loss = 0.008149,	Top-1 err = 91.150000,	Top-5 err = 73.800000,	train_time = 3.140988
TRAIN Iter 26: loss = 0.008074,	Top-1 err = 91.450000,	Top-5 err = 74.300000,	train_time = 3.328853
TRAIN Iter 27: loss = 0.008115,	Top-1 err = 91.450000,	Top-5 err = 73.350000,	train_time = 3.182782
TRAIN Iter 28: loss = 0.007482,	Top-1 err = 92.300000,	Top-5 err = 75.050000,	train_time = 3.022787
TRAIN Iter 29: loss = 0.007759,	Top-1 err = 89.700000,	Top-5 err = 70.800000,	train_time = 2.938435
TRAIN Iter 30: loss = 0.007472,	Top-1 err = 92.450000,	Top-5 err = 74.300000,	train_time = 3.069283
TRAIN Iter 31: loss = 0.007923,	Top-1 err = 90.000000,	Top-5 err = 70.000000,	train_time = 3.002629
TRAIN Iter 32: loss = 0.007476,	Top-1 err = 88.650000,	Top-5 err = 68.950000,	train_time = 3.083929
TRAIN Iter 33: loss = 0.007762,	Top-1 err = 88.250000,	Top-5 err = 64.900000,	train_time = 3.065992
TRAIN Iter 34: loss = 0.007562,	Top-1 err = 89.450000,	Top-5 err = 68.600000,	train_time = 3.057516
TRAIN Iter 35: loss = 0.007526,	Top-1 err = 88.150000,	Top-5 err = 65.600000,	train_time = 3.091863
TRAIN Iter 36: loss = 0.006851,	Top-1 err = 90.150000,	Top-5 err = 70.750000,	train_time = 3.178912
TRAIN Iter 37: loss = 0.007357,	Top-1 err = 86.700000,	Top-5 err = 64.400000,	train_time = 3.107893
TRAIN Iter 38: loss = 0.006929,	Top-1 err = 86.300000,	Top-5 err = 63.450000,	train_time = 3.412129
TRAIN Iter 39: loss = 0.007025,	Top-1 err = 87.900000,	Top-5 err = 67.800000,	train_time = 3.214215
TRAIN Iter 40: loss = 0.006879,	Top-1 err = 90.750000,	Top-5 err = 72.150000,	train_time = 3.100789
TRAIN Iter 41: loss = 0.007082,	Top-1 err = 87.150000,	Top-5 err = 63.950000,	train_time = 3.033922
TRAIN Iter 42: loss = 0.006596,	Top-1 err = 90.800000,	Top-5 err = 72.500000,	train_time = 3.109294
TRAIN Iter 43: loss = 0.006933,	Top-1 err = 87.250000,	Top-5 err = 64.700000,	train_time = 3.089346
TRAIN Iter 44: loss = 0.006445,	Top-1 err = 87.950000,	Top-5 err = 66.200000,	train_time = 3.328862
TRAIN Iter 45: loss = 0.006717,	Top-1 err = 88.600000,	Top-5 err = 66.050000,	train_time = 3.197278
TRAIN Iter 46: loss = 0.006717,	Top-1 err = 85.050000,	Top-5 err = 59.900000,	train_time = 3.056338
TRAIN Iter 47: loss = 0.006973,	Top-1 err = 83.050000,	Top-5 err = 58.050000,	train_time = 3.235762
TRAIN Iter 48: loss = 0.006375,	Top-1 err = 88.450000,	Top-5 err = 67.400000,	train_time = 3.352546
TRAIN Iter 49: loss = 0.006363,	Top-1 err = 87.150000,	Top-5 err = 62.250000,	train_time = 3.181109
TRAIN Iter 50: loss = 0.006564,	Top-1 err = 83.000000,	Top-5 err = 57.750000,	train_time = 3.077934
TRAIN Iter 51: loss = 0.006353,	Top-1 err = 85.650000,	Top-5 err = 63.150000,	train_time = 2.998918
TRAIN Iter 52: loss = 0.006455,	Top-1 err = 84.100000,	Top-5 err = 59.500000,	train_time = 3.052714
TRAIN Iter 53: loss = 0.006408,	Top-1 err = 86.150000,	Top-5 err = 64.450000,	train_time = 3.095993
TRAIN Iter 54: loss = 0.006127,	Top-1 err = 86.700000,	Top-5 err = 67.000000,	train_time = 3.067915
TRAIN Iter 55: loss = 0.006491,	Top-1 err = 77.900000,	Top-5 err = 48.250000,	train_time = 3.195676
TRAIN Iter 56: loss = 0.006250,	Top-1 err = 85.150000,	Top-5 err = 63.600000,	train_time = 3.133224
TRAIN Iter 57: loss = 0.006028,	Top-1 err = 81.300000,	Top-5 err = 54.700000,	train_time = 3.279438
TRAIN Iter 58: loss = 0.006191,	Top-1 err = 78.900000,	Top-5 err = 52.250000,	train_time = 3.179949
TRAIN Iter 59: loss = 0.006258,	Top-1 err = 78.600000,	Top-5 err = 53.450000,	train_time = 3.062637
TRAIN Iter 60: loss = 0.006001,	Top-1 err = 81.600000,	Top-5 err = 56.150000,	train_time = 3.261392
TRAIN Iter 61: loss = 0.005799,	Top-1 err = 79.900000,	Top-5 err = 54.850000,	train_time = 3.209540
TRAIN Iter 62: loss = 0.006033,	Top-1 err = 78.100000,	Top-5 err = 51.350000,	train_time = 3.073250
TRAIN Iter 63: loss = 0.005816,	Top-1 err = 75.000000,	Top-5 err = 45.850000,	train_time = 3.094943
TRAIN Iter 64: loss = 0.005630,	Top-1 err = 81.300000,	Top-5 err = 57.450000,	train_time = 3.079801
TRAIN Iter 65: loss = 0.005732,	Top-1 err = 80.900000,	Top-5 err = 57.250000,	train_time = 3.220845
TRAIN Iter 66: loss = 0.005772,	Top-1 err = 77.950000,	Top-5 err = 52.350000,	train_time = 3.099199
TRAIN Iter 67: loss = 0.005769,	Top-1 err = 77.300000,	Top-5 err = 52.000000,	train_time = 3.301229
TRAIN Iter 68: loss = 0.005685,	Top-1 err = 80.650000,	Top-5 err = 55.300000,	train_time = 3.142908
TRAIN Iter 69: loss = 0.005839,	Top-1 err = 75.550000,	Top-5 err = 47.850000,	train_time = 3.018037
TRAIN Iter 70: loss = 0.005565,	Top-1 err = 74.650000,	Top-5 err = 46.700000,	train_time = 3.065638
TRAIN Iter 71: loss = 0.005754,	Top-1 err = 79.400000,	Top-5 err = 56.450000,	train_time = 3.190144
TRAIN Iter 72: loss = 0.005586,	Top-1 err = 77.250000,	Top-5 err = 52.500000,	train_time = 3.077129
TRAIN Iter 73: loss = 0.005416,	Top-1 err = 77.550000,	Top-5 err = 54.550000,	train_time = 3.408963
TRAIN Iter 74: loss = 0.005311,	Top-1 err = 75.650000,	Top-5 err = 49.150000,	train_time = 3.214998
TRAIN Iter 75: loss = 0.005415,	Top-1 err = 78.950000,	Top-5 err = 55.300000,	train_time = 3.079362
TRAIN Iter 76: loss = 0.005313,	Top-1 err = 77.000000,	Top-5 err = 50.850000,	train_time = 3.112661
TRAIN Iter 77: loss = 0.005471,	Top-1 err = 70.400000,	Top-5 err = 42.150000,	train_time = 3.141371
TRAIN Iter 78: loss = 0.005373,	Top-1 err = 71.850000,	Top-5 err = 42.900000,	train_time = 3.077700
TRAIN Iter 79: loss = 0.005490,	Top-1 err = 73.300000,	Top-5 err = 46.650000,	train_time = 3.005518
TRAIN Iter 80: loss = 0.005275,	Top-1 err = 80.200000,	Top-5 err = 56.350000,	train_time = 3.144085
TRAIN Iter 81: loss = 0.005188,	Top-1 err = 74.050000,	Top-5 err = 47.950000,	train_time = 3.057272
TRAIN Iter 82: loss = 0.005273,	Top-1 err = 70.100000,	Top-5 err = 42.950000,	train_time = 3.188173
TRAIN Iter 83: loss = 0.005259,	Top-1 err = 69.350000,	Top-5 err = 42.300000,	train_time = 3.246895
TRAIN Iter 84: loss = 0.005220,	Top-1 err = 71.450000,	Top-5 err = 44.900000,	train_time = 3.251264
TRAIN Iter 85: loss = 0.005063,	Top-1 err = 73.200000,	Top-5 err = 46.100000,	train_time = 3.121242
TRAIN Iter 86: loss = 0.004992,	Top-1 err = 74.600000,	Top-5 err = 49.800000,	train_time = 3.215098
TRAIN Iter 87: loss = 0.005105,	Top-1 err = 73.300000,	Top-5 err = 49.700000,	train_time = 3.113390
TRAIN Iter 88: loss = 0.004929,	Top-1 err = 69.600000,	Top-5 err = 42.600000,	train_time = 3.017130
TRAIN Iter 89: loss = 0.004878,	Top-1 err = 73.250000,	Top-5 err = 46.450000,	train_time = 3.034868
TRAIN Iter 90: loss = 0.005060,	Top-1 err = 75.300000,	Top-5 err = 52.450000,	train_time = 3.450836
TRAIN Iter 91: loss = 0.004956,	Top-1 err = 69.350000,	Top-5 err = 40.900000,	train_time = 3.265352
TRAIN Iter 92: loss = 0.004890,	Top-1 err = 74.200000,	Top-5 err = 48.850000,	train_time = 3.127690
TRAIN Iter 93: loss = 0.004920,	Top-1 err = 72.150000,	Top-5 err = 48.200000,	train_time = 2.934584
TRAIN Iter 94: loss = 0.004853,	Top-1 err = 70.200000,	Top-5 err = 45.000000,	train_time = 3.075668
TRAIN Iter 95: loss = 0.004819,	Top-1 err = 68.400000,	Top-5 err = 42.800000,	train_time = 3.202128
TRAIN Iter 96: loss = 0.004787,	Top-1 err = 65.250000,	Top-5 err = 38.000000,	train_time = 3.101326
TRAIN Iter 97: loss = 0.004764,	Top-1 err = 70.800000,	Top-5 err = 48.000000,	train_time = 3.167819
TRAIN Iter 98: loss = 0.004702,	Top-1 err = 66.050000,	Top-5 err = 37.750000,	train_time = 3.321850
TRAIN Iter 99: loss = 0.004580,	Top-1 err = 73.050000,	Top-5 err = 47.750000,	train_time = 3.063259
TRAIN Iter 100: loss = 0.004767,	Top-1 err = 77.450000,	Top-5 err = 56.250000,	train_time = 3.107052
TRAIN Iter 101: loss = 0.004651,	Top-1 err = 67.050000,	Top-5 err = 38.450000,	train_time = 3.076031
TRAIN Iter 102: loss = 0.004758,	Top-1 err = 73.050000,	Top-5 err = 47.200000,	train_time = 3.328891
TRAIN Iter 103: loss = 0.004672,	Top-1 err = 63.150000,	Top-5 err = 35.450000,	train_time = 3.362559
TRAIN Iter 104: loss = 0.004558,	Top-1 err = 75.450000,	Top-5 err = 55.850000,	train_time = 3.189551
TRAIN Iter 105: loss = 0.004672,	Top-1 err = 74.050000,	Top-5 err = 51.050000,	train_time = 3.180697
TRAIN Iter 106: loss = 0.004565,	Top-1 err = 74.050000,	Top-5 err = 52.150000,	train_time = 3.050999
TRAIN Iter 107: loss = 0.004476,	Top-1 err = 64.850000,	Top-5 err = 41.300000,	train_time = 3.049107
TRAIN Iter 108: loss = 0.004411,	Top-1 err = 68.300000,	Top-5 err = 42.650000,	train_time = 3.091585
TRAIN Iter 109: loss = 0.004395,	Top-1 err = 64.050000,	Top-5 err = 39.100000,	train_time = 3.055127
TRAIN Iter 110: loss = 0.004381,	Top-1 err = 58.400000,	Top-5 err = 32.500000,	train_time = 3.061671
TRAIN Iter 111: loss = 0.004328,	Top-1 err = 58.950000,	Top-5 err = 31.700000,	train_time = 3.019416
TRAIN Iter 112: loss = 0.004453,	Top-1 err = 65.350000,	Top-5 err = 40.400000,	train_time = 3.159549
TRAIN Iter 113: loss = 0.004238,	Top-1 err = 67.900000,	Top-5 err = 44.000000,	train_time = 3.080054
TRAIN Iter 114: loss = 0.004388,	Top-1 err = 65.600000,	Top-5 err = 40.600000,	train_time = 3.082630
TRAIN Iter 115: loss = 0.004311,	Top-1 err = 59.850000,	Top-5 err = 34.400000,	train_time = 3.188745
TRAIN Iter 116: loss = 0.004352,	Top-1 err = 70.550000,	Top-5 err = 45.100000,	train_time = 3.388358
TRAIN Iter 117: loss = 0.004452,	Top-1 err = 64.150000,	Top-5 err = 38.500000,	train_time = 3.082384
TRAIN Iter 118: loss = 0.004332,	Top-1 err = 67.450000,	Top-5 err = 43.300000,	train_time = 3.235223
TRAIN Iter 119: loss = 0.004242,	Top-1 err = 57.800000,	Top-5 err = 27.500000,	train_time = 3.247533
TRAIN Iter 120: loss = 0.004276,	Top-1 err = 68.450000,	Top-5 err = 45.250000,	train_time = 3.107474
TRAIN Iter 121: loss = 0.004222,	Top-1 err = 63.450000,	Top-5 err = 39.150000,	train_time = 2.975514
TRAIN Iter 122: loss = 0.004351,	Top-1 err = 67.600000,	Top-5 err = 42.150000,	train_time = 3.108007
TRAIN Iter 123: loss = 0.004122,	Top-1 err = 57.800000,	Top-5 err = 31.400000,	train_time = 3.064017
TRAIN Iter 124: loss = 0.004128,	Top-1 err = 67.800000,	Top-5 err = 42.350000,	train_time = 3.051028
TRAIN Iter 125: loss = 0.004090,	Top-1 err = 63.650000,	Top-5 err = 39.650000,	train_time = 3.092306
TRAIN Iter 126: loss = 0.004197,	Top-1 err = 64.150000,	Top-5 err = 37.700000,	train_time = 3.093215
TRAIN Iter 127: loss = 0.004041,	Top-1 err = 63.050000,	Top-5 err = 39.400000,	train_time = 3.253818
TRAIN Iter 128: loss = 0.004123,	Top-1 err = 64.300000,	Top-5 err = 38.500000,	train_time = 3.244427
TRAIN Iter 129: loss = 0.004079,	Top-1 err = 60.900000,	Top-5 err = 36.050000,	train_time = 3.120121
TRAIN Iter 130: loss = 0.004037,	Top-1 err = 70.300000,	Top-5 err = 48.250000,	train_time = 3.192525
TRAIN Iter 131: loss = 0.004037,	Top-1 err = 57.850000,	Top-5 err = 34.300000,	train_time = 3.357527
TRAIN Iter 132: loss = 0.003982,	Top-1 err = 60.000000,	Top-5 err = 34.250000,	train_time = 3.159165
TRAIN Iter 133: loss = 0.003955,	Top-1 err = 54.300000,	Top-5 err = 28.000000,	train_time = 3.056557
TRAIN Iter 134: loss = 0.003931,	Top-1 err = 64.500000,	Top-5 err = 39.700000,	train_time = 3.096971
TRAIN Iter 135: loss = 0.003856,	Top-1 err = 58.400000,	Top-5 err = 32.150000,	train_time = 3.283318
TRAIN Iter 136: loss = 0.003940,	Top-1 err = 67.650000,	Top-5 err = 43.650000,	train_time = 3.119139
TRAIN Iter 137: loss = 0.003869,	Top-1 err = 70.050000,	Top-5 err = 46.900000,	train_time = 3.050989
TRAIN Iter 138: loss = 0.003945,	Top-1 err = 63.250000,	Top-5 err = 40.450000,	train_time = 3.080599
TRAIN Iter 139: loss = 0.003985,	Top-1 err = 62.100000,	Top-5 err = 35.400000,	train_time = 3.158272
TRAIN Iter 140: loss = 0.004010,	Top-1 err = 53.550000,	Top-5 err = 27.150000,	train_time = 3.066581
TRAIN Iter 141: loss = 0.003784,	Top-1 err = 61.350000,	Top-5 err = 39.100000,	train_time = 3.316790
TRAIN Iter 142: loss = 0.003945,	Top-1 err = 63.550000,	Top-5 err = 39.500000,	train_time = 3.040303
TRAIN Iter 143: loss = 0.003900,	Top-1 err = 67.800000,	Top-5 err = 44.000000,	train_time = 3.154539
TRAIN Iter 144: loss = 0.003728,	Top-1 err = 52.050000,	Top-5 err = 29.450000,	train_time = 3.192365
TRAIN Iter 145: loss = 0.003771,	Top-1 err = 48.550000,	Top-5 err = 22.800000,	train_time = 2.968822
TRAIN Iter 146: loss = 0.003789,	Top-1 err = 57.350000,	Top-5 err = 32.250000,	train_time = 3.103042
TRAIN Iter 147: loss = 0.003782,	Top-1 err = 57.300000,	Top-5 err = 31.700000,	train_time = 3.354800
TRAIN Iter 148: loss = 0.003844,	Top-1 err = 54.900000,	Top-5 err = 29.900000,	train_time = 3.174592
TRAIN Iter 149: loss = 0.003778,	Top-1 err = 52.000000,	Top-5 err = 28.350000,	train_time = 3.044547
TRAIN Iter 150: loss = 0.003787,	Top-1 err = 59.950000,	Top-5 err = 34.700000,	train_time = 3.207303
TRAIN Iter 151: loss = 0.003790,	Top-1 err = 59.100000,	Top-5 err = 33.400000,	train_time = 3.124854
TRAIN Iter 152: loss = 0.003755,	Top-1 err = 62.600000,	Top-5 err = 41.700000,	train_time = 3.101573
TRAIN Iter 153: loss = 0.003819,	Top-1 err = 65.700000,	Top-5 err = 44.700000,	train_time = 3.003440
TRAIN Iter 154: loss = 0.003750,	Top-1 err = 66.500000,	Top-5 err = 44.050000,	train_time = 3.081745
TRAIN Iter 155: loss = 0.003815,	Top-1 err = 59.850000,	Top-5 err = 39.050000,	train_time = 3.144608
TRAIN Iter 156: loss = 0.003668,	Top-1 err = 53.400000,	Top-5 err = 27.300000,	train_time = 3.290766
TRAIN Iter 157: loss = 0.003598,	Top-1 err = 51.450000,	Top-5 err = 25.450000,	train_time = 3.294286
TRAIN Iter 158: loss = 0.003662,	Top-1 err = 58.100000,	Top-5 err = 34.700000,	train_time = 3.152763
TRAIN Iter 159: loss = 0.003657,	Top-1 err = 57.600000,	Top-5 err = 34.500000,	train_time = 3.131701
TRAIN Iter 160: loss = 0.003530,	Top-1 err = 48.750000,	Top-5 err = 25.000000,	train_time = 3.085899
TRAIN Iter 161: loss = 0.003709,	Top-1 err = 64.250000,	Top-5 err = 41.200000,	train_time = 3.101005
TRAIN Iter 162: loss = 0.003500,	Top-1 err = 54.300000,	Top-5 err = 30.650000,	train_time = 3.076222
TRAIN Iter 163: loss = 0.003520,	Top-1 err = 57.300000,	Top-5 err = 35.150000,	train_time = 3.077208
TRAIN Iter 164: loss = 0.003547,	Top-1 err = 50.500000,	Top-5 err = 23.400000,	train_time = 3.068667
TRAIN Iter 165: loss = 0.003506,	Top-1 err = 53.500000,	Top-5 err = 28.300000,	train_time = 3.067814
TRAIN Iter 166: loss = 0.003699,	Top-1 err = 65.200000,	Top-5 err = 43.000000,	train_time = 3.047252
TRAIN Iter 167: loss = 0.003637,	Top-1 err = 59.050000,	Top-5 err = 35.250000,	train_time = 3.224959
TRAIN Iter 168: loss = 0.003638,	Top-1 err = 63.250000,	Top-5 err = 44.450000,	train_time = 3.130292
TRAIN Iter 169: loss = 0.003680,	Top-1 err = 69.050000,	Top-5 err = 48.050000,	train_time = 3.212197
TRAIN Iter 170: loss = 0.003521,	Top-1 err = 59.300000,	Top-5 err = 39.150000,	train_time = 3.247933
TRAIN Iter 171: loss = 0.003519,	Top-1 err = 65.700000,	Top-5 err = 44.200000,	train_time = 3.190476
TRAIN Iter 172: loss = 0.003512,	Top-1 err = 62.250000,	Top-5 err = 41.450000,	train_time = 3.060177
TRAIN Iter 173: loss = 0.003517,	Top-1 err = 61.900000,	Top-5 err = 38.350000,	train_time = 3.066355
TRAIN Iter 174: loss = 0.003690,	Top-1 err = 73.600000,	Top-5 err = 49.400000,	train_time = 3.220934
TRAIN Iter 175: loss = 0.003490,	Top-1 err = 58.300000,	Top-5 err = 35.800000,	train_time = 3.117487
TRAIN Iter 176: loss = 0.003525,	Top-1 err = 55.200000,	Top-5 err = 31.750000,	train_time = 3.053949
TRAIN Iter 177: loss = 0.003469,	Top-1 err = 52.850000,	Top-5 err = 27.100000,	train_time = 3.191436
TRAIN Iter 178: loss = 0.003399,	Top-1 err = 59.950000,	Top-5 err = 39.200000,	train_time = 3.061879
TRAIN Iter 179: loss = 0.003512,	Top-1 err = 58.350000,	Top-5 err = 35.850000,	train_time = 3.093028
TRAIN Iter 180: loss = 0.003519,	Top-1 err = 59.100000,	Top-5 err = 36.400000,	train_time = 3.114973
TRAIN Iter 181: loss = 0.003404,	Top-1 err = 48.400000,	Top-5 err = 26.050000,	train_time = 3.187270
TRAIN Iter 182: loss = 0.003214,	Top-1 err = 48.000000,	Top-5 err = 28.350000,	train_time = 3.048672
TRAIN Iter 183: loss = 0.003466,	Top-1 err = 50.150000,	Top-5 err = 26.100000,	train_time = 3.069755
TRAIN Iter 184: loss = 0.003395,	Top-1 err = 60.550000,	Top-5 err = 38.100000,	train_time = 3.074342
TRAIN Iter 185: loss = 0.003436,	Top-1 err = 50.650000,	Top-5 err = 26.400000,	train_time = 3.158994
TRAIN Iter 186: loss = 0.003510,	Top-1 err = 66.850000,	Top-5 err = 43.800000,	train_time = 3.147468
TRAIN Iter 187: loss = 0.003349,	Top-1 err = 50.600000,	Top-5 err = 28.850000,	train_time = 3.377886
TRAIN Iter 188: loss = 0.003437,	Top-1 err = 54.550000,	Top-5 err = 32.700000,	train_time = 3.252068
TRAIN Iter 189: loss = 0.003496,	Top-1 err = 61.000000,	Top-5 err = 38.100000,	train_time = 3.003382
TRAIN Iter 190: loss = 0.003266,	Top-1 err = 56.450000,	Top-5 err = 34.650000,	train_time = 3.138287
TRAIN Iter 191: loss = 0.003275,	Top-1 err = 60.600000,	Top-5 err = 39.350000,	train_time = 3.037415
TRAIN Iter 192: loss = 0.003418,	Top-1 err = 64.750000,	Top-5 err = 42.100000,	train_time = 3.104830
TRAIN Iter 193: loss = 0.003380,	Top-1 err = 61.300000,	Top-5 err = 42.050000,	train_time = 3.213198
TRAIN Iter 194: loss = 0.003386,	Top-1 err = 60.700000,	Top-5 err = 35.750000,	train_time = 3.096503
TRAIN Iter 195: loss = 0.003265,	Top-1 err = 64.050000,	Top-5 err = 44.450000,	train_time = 3.173973
TRAIN Iter 196: loss = 0.003295,	Top-1 err = 50.800000,	Top-5 err = 26.600000,	train_time = 3.338768
TRAIN Iter 197: loss = 0.003360,	Top-1 err = 58.000000,	Top-5 err = 36.200000,	train_time = 3.192840
TRAIN Iter 198: loss = 0.003332,	Top-1 err = 54.600000,	Top-5 err = 31.850000,	train_time = 3.091102
TRAIN Iter 199: loss = 0.003236,	Top-1 err = 48.550000,	Top-5 err = 27.800000,	train_time = 3.063388
TRAIN Iter 200: loss = 0.003344,	Top-1 err = 48.750000,	Top-5 err = 23.050000,	train_time = 3.206308
TRAIN Iter 201: loss = 0.003301,	Top-1 err = 51.650000,	Top-5 err = 29.050000,	train_time = 3.188586
TRAIN Iter 202: loss = 0.003259,	Top-1 err = 59.100000,	Top-5 err = 35.100000,	train_time = 3.210698
TRAIN Iter 203: loss = 0.003277,	Top-1 err = 65.150000,	Top-5 err = 45.350000,	train_time = 3.067413
TRAIN Iter 204: loss = 0.003391,	Top-1 err = 58.100000,	Top-5 err = 35.550000,	train_time = 3.057230
TRAIN Iter 205: loss = 0.003383,	Top-1 err = 62.800000,	Top-5 err = 42.200000,	train_time = 3.116621
TRAIN Iter 206: loss = 0.003257,	Top-1 err = 59.650000,	Top-5 err = 41.050000,	train_time = 3.017304
TRAIN Iter 207: loss = 0.003320,	Top-1 err = 64.400000,	Top-5 err = 42.800000,	train_time = 3.129349
TRAIN Iter 208: loss = 0.003271,	Top-1 err = 62.050000,	Top-5 err = 38.700000,	train_time = 3.365108
TRAIN Iter 209: loss = 0.003231,	Top-1 err = 48.450000,	Top-5 err = 28.750000,	train_time = 3.240948
TRAIN Iter 210: loss = 0.003119,	Top-1 err = 47.900000,	Top-5 err = 26.400000,	train_time = 3.006024
TRAIN Iter 211: loss = 0.002984,	Top-1 err = 40.300000,	Top-5 err = 19.050000,	train_time = 3.124011
TRAIN Iter 212: loss = 0.003082,	Top-1 err = 54.200000,	Top-5 err = 34.650000,	train_time = 3.109008
TRAIN Iter 213: loss = 0.003118,	Top-1 err = 51.150000,	Top-5 err = 30.500000,	train_time = 3.124411
TRAIN Iter 214: loss = 0.003178,	Top-1 err = 45.400000,	Top-5 err = 23.300000,	train_time = 3.311390
TRAIN Iter 215: loss = 0.003176,	Top-1 err = 59.300000,	Top-5 err = 39.050000,	train_time = 3.318902
TRAIN Iter 216: loss = 0.003130,	Top-1 err = 61.000000,	Top-5 err = 37.100000,	train_time = 3.167624
TRAIN Iter 217: loss = 0.003182,	Top-1 err = 62.000000,	Top-5 err = 42.250000,	train_time = 3.309142
TRAIN Iter 218: loss = 0.003133,	Top-1 err = 48.400000,	Top-5 err = 27.900000,	train_time = 3.164331
TRAIN Iter 219: loss = 0.003155,	Top-1 err = 58.350000,	Top-5 err = 36.050000,	train_time = 3.033184
TRAIN Iter 220: loss = 0.003156,	Top-1 err = 55.000000,	Top-5 err = 33.600000,	train_time = 3.217928
TRAIN Iter 221: loss = 0.003227,	Top-1 err = 61.150000,	Top-5 err = 38.900000,	train_time = 3.058619
TRAIN Iter 222: loss = 0.003225,	Top-1 err = 54.000000,	Top-5 err = 33.500000,	train_time = 3.029770
TRAIN Iter 223: loss = 0.003175,	Top-1 err = 59.000000,	Top-5 err = 37.500000,	train_time = 3.178971
TRAIN Iter 224: loss = 0.003055,	Top-1 err = 41.950000,	Top-5 err = 20.950000,	train_time = 3.200478
TRAIN Iter 225: loss = 0.003158,	Top-1 err = 57.300000,	Top-5 err = 35.300000,	train_time = 3.091057
TRAIN Iter 226: loss = 0.003058,	Top-1 err = 52.100000,	Top-5 err = 31.600000,	train_time = 3.137856
TRAIN Iter 227: loss = 0.003216,	Top-1 err = 64.550000,	Top-5 err = 44.100000,	train_time = 3.071393
TRAIN Iter 228: loss = 0.003180,	Top-1 err = 58.000000,	Top-5 err = 34.750000,	train_time = 3.339672
TRAIN Iter 229: loss = 0.003156,	Top-1 err = 66.950000,	Top-5 err = 45.700000,	train_time = 3.073403
TRAIN Iter 230: loss = 0.003118,	Top-1 err = 59.400000,	Top-5 err = 37.500000,	train_time = 2.984481
TRAIN Iter 231: loss = 0.003112,	Top-1 err = 50.300000,	Top-5 err = 27.000000,	train_time = 3.199499
TRAIN Iter 232: loss = 0.003101,	Top-1 err = 58.700000,	Top-5 err = 38.350000,	train_time = 3.043850
TRAIN Iter 233: loss = 0.003016,	Top-1 err = 55.350000,	Top-5 err = 34.400000,	train_time = 3.431421
TRAIN Iter 234: loss = 0.003124,	Top-1 err = 61.000000,	Top-5 err = 39.400000,	train_time = 3.191951
TRAIN Iter 235: loss = 0.003073,	Top-1 err = 60.150000,	Top-5 err = 38.600000,	train_time = 2.996368
TRAIN Iter 236: loss = 0.002955,	Top-1 err = 58.100000,	Top-5 err = 36.550000,	train_time = 2.984724
TRAIN Iter 237: loss = 0.003084,	Top-1 err = 51.550000,	Top-5 err = 28.400000,	train_time = 3.057657
TRAIN Iter 238: loss = 0.003033,	Top-1 err = 57.000000,	Top-5 err = 35.150000,	train_time = 3.111714
TRAIN Iter 239: loss = 0.003080,	Top-1 err = 64.000000,	Top-5 err = 43.500000,	train_time = 3.121922
TRAIN Iter 240: loss = 0.003022,	Top-1 err = 55.350000,	Top-5 err = 32.550000,	train_time = 3.027671
TRAIN Iter 241: loss = 0.002969,	Top-1 err = 50.650000,	Top-5 err = 28.250000,	train_time = 3.324084
TRAIN Iter 242: loss = 0.002862,	Top-1 err = 40.600000,	Top-5 err = 20.200000,	train_time = 3.208178
TRAIN Iter 243: loss = 0.003012,	Top-1 err = 53.000000,	Top-5 err = 32.950000,	train_time = 3.068100
TRAIN Iter 244: loss = 0.002911,	Top-1 err = 46.900000,	Top-5 err = 25.300000,	train_time = 3.094046
TRAIN Iter 245: loss = 0.003045,	Top-1 err = 66.350000,	Top-5 err = 45.250000,	train_time = 3.033549
TRAIN Iter 246: loss = 0.003030,	Top-1 err = 55.900000,	Top-5 err = 36.150000,	train_time = 3.103422
TRAIN Iter 247: loss = 0.002994,	Top-1 err = 53.500000,	Top-5 err = 32.800000,	train_time = 3.083750
TRAIN Iter 248: loss = 0.003037,	Top-1 err = 54.200000,	Top-5 err = 33.050000,	train_time = 3.264202
TRAIN Iter 249: loss = 0.002870,	Top-1 err = 37.150000,	Top-5 err = 17.600000,	train_time = 3.220105
TEST:
Iter 249: loss = 2.721769,	Top-1 err = 63.310000,	Top-5 err = 34.830000,	val_time = 2.980698
TRAIN Iter 250: loss = 0.003084,	Top-1 err = 54.550000,	Top-5 err = 30.450000,	train_time = 3.082868
TRAIN Iter 251: loss = 0.003076,	Top-1 err = 56.600000,	Top-5 err = 34.900000,	train_time = 3.003089
TRAIN Iter 252: loss = 0.002998,	Top-1 err = 56.850000,	Top-5 err = 35.950000,	train_time = 2.971894
TRAIN Iter 253: loss = 0.003135,	Top-1 err = 55.550000,	Top-5 err = 32.700000,	train_time = 3.239150
TRAIN Iter 254: loss = 0.003122,	Top-1 err = 62.250000,	Top-5 err = 39.650000,	train_time = 3.098467
TRAIN Iter 255: loss = 0.002930,	Top-1 err = 55.400000,	Top-5 err = 32.900000,	train_time = 3.147268
TRAIN Iter 256: loss = 0.003043,	Top-1 err = 63.700000,	Top-5 err = 40.400000,	train_time = 3.289645
TRAIN Iter 257: loss = 0.002907,	Top-1 err = 50.450000,	Top-5 err = 29.500000,	train_time = 3.301978
TRAIN Iter 258: loss = 0.002871,	Top-1 err = 45.100000,	Top-5 err = 21.700000,	train_time = 3.151097
TRAIN Iter 259: loss = 0.003008,	Top-1 err = 63.900000,	Top-5 err = 43.950000,	train_time = 3.010504
TEST:
Iter 259: loss = 2.747384,	Top-1 err = 63.320000,	Top-5 err = 35.310000,	val_time = 3.031996
TRAIN Iter 260: loss = 0.002854,	Top-1 err = 51.000000,	Top-5 err = 30.150000,	train_time = 3.238034
TRAIN Iter 261: loss = 0.002918,	Top-1 err = 59.550000,	Top-5 err = 40.050000,	train_time = 3.377384
TRAIN Iter 262: loss = 0.002902,	Top-1 err = 54.950000,	Top-5 err = 34.600000,	train_time = 3.102633
TRAIN Iter 263: loss = 0.002879,	Top-1 err = 52.100000,	Top-5 err = 32.900000,	train_time = 3.118910
TRAIN Iter 264: loss = 0.002928,	Top-1 err = 58.000000,	Top-5 err = 33.550000,	train_time = 3.177050
TRAIN Iter 265: loss = 0.002966,	Top-1 err = 58.850000,	Top-5 err = 37.500000,	train_time = 3.063023
TRAIN Iter 266: loss = 0.002920,	Top-1 err = 54.450000,	Top-5 err = 34.950000,	train_time = 3.235952
TRAIN Iter 267: loss = 0.002828,	Top-1 err = 58.350000,	Top-5 err = 40.600000,	train_time = 3.137584
TRAIN Iter 268: loss = 0.002900,	Top-1 err = 45.950000,	Top-5 err = 26.400000,	train_time = 3.010051
TRAIN Iter 269: loss = 0.002904,	Top-1 err = 58.300000,	Top-5 err = 37.350000,	train_time = 3.109047
TEST:
Iter 269: loss = 2.658632,	Top-1 err = 61.960000,	Top-5 err = 34.000000,	val_time = 2.927942
TRAIN Iter 270: loss = 0.002861,	Top-1 err = 52.750000,	Top-5 err = 31.300000,	train_time = 3.124174
TRAIN Iter 271: loss = 0.002863,	Top-1 err = 56.700000,	Top-5 err = 35.300000,	train_time = 3.066777
TRAIN Iter 272: loss = 0.002777,	Top-1 err = 46.250000,	Top-5 err = 27.800000,	train_time = 3.131688
TRAIN Iter 273: loss = 0.002931,	Top-1 err = 54.100000,	Top-5 err = 34.300000,	train_time = 3.010524
TRAIN Iter 274: loss = 0.002908,	Top-1 err = 66.150000,	Top-5 err = 47.700000,	train_time = 3.310695
TRAIN Iter 275: loss = 0.002703,	Top-1 err = 45.500000,	Top-5 err = 26.350000,	train_time = 3.139946
TRAIN Iter 276: loss = 0.002837,	Top-1 err = 47.200000,	Top-5 err = 24.500000,	train_time = 3.038208
TRAIN Iter 277: loss = 0.002857,	Top-1 err = 55.400000,	Top-5 err = 34.800000,	train_time = 3.102076
TRAIN Iter 278: loss = 0.002767,	Top-1 err = 44.800000,	Top-5 err = 22.350000,	train_time = 3.132125
TRAIN Iter 279: loss = 0.002837,	Top-1 err = 50.500000,	Top-5 err = 31.000000,	train_time = 3.290426
TEST:
Iter 279: loss = 2.707438,	Top-1 err = 62.630000,	Top-5 err = 34.260000,	val_time = 3.168809
TRAIN Iter 280: loss = 0.002759,	Top-1 err = 55.600000,	Top-5 err = 36.000000,	train_time = 3.121050
TRAIN Iter 281: loss = 0.002989,	Top-1 err = 68.800000,	Top-5 err = 48.550000,	train_time = 3.169141
TRAIN Iter 282: loss = 0.002760,	Top-1 err = 46.650000,	Top-5 err = 27.900000,	train_time = 3.123057
TRAIN Iter 283: loss = 0.002806,	Top-1 err = 54.050000,	Top-5 err = 32.800000,	train_time = 3.345380
TRAIN Iter 284: loss = 0.002619,	Top-1 err = 39.650000,	Top-5 err = 20.400000,	train_time = 3.327002
TRAIN Iter 285: loss = 0.002708,	Top-1 err = 50.800000,	Top-5 err = 32.200000,	train_time = 3.163251
TRAIN Iter 286: loss = 0.002762,	Top-1 err = 50.400000,	Top-5 err = 28.300000,	train_time = 3.024637
TRAIN Iter 287: loss = 0.002716,	Top-1 err = 38.300000,	Top-5 err = 20.300000,	train_time = 3.098923
TRAIN Iter 288: loss = 0.002534,	Top-1 err = 37.350000,	Top-5 err = 17.250000,	train_time = 3.028465
TRAIN Iter 289: loss = 0.002880,	Top-1 err = 59.550000,	Top-5 err = 40.150000,	train_time = 3.058822
TEST:
Iter 289: loss = 2.605296,	Top-1 err = 60.480000,	Top-5 err = 33.060000,	val_time = 2.986036
TRAIN Iter 290: loss = 0.002734,	Top-1 err = 47.250000,	Top-5 err = 25.500000,	train_time = 3.069128
TRAIN Iter 291: loss = 0.002547,	Top-1 err = 37.250000,	Top-5 err = 19.900000,	train_time = 3.268078
TRAIN Iter 292: loss = 0.002680,	Top-1 err = 49.250000,	Top-5 err = 30.700000,	train_time = 3.114623
TRAIN Iter 293: loss = 0.002553,	Top-1 err = 34.600000,	Top-5 err = 16.650000,	train_time = 3.116423
TRAIN Iter 294: loss = 0.002745,	Top-1 err = 53.900000,	Top-5 err = 33.300000,	train_time = 3.277345
TRAIN Iter 295: loss = 0.002851,	Top-1 err = 55.150000,	Top-5 err = 34.550000,	train_time = 3.316406
TRAIN Iter 296: loss = 0.002662,	Top-1 err = 41.350000,	Top-5 err = 22.050000,	train_time = 3.168978
TRAIN Iter 297: loss = 0.002747,	Top-1 err = 47.100000,	Top-5 err = 25.600000,	train_time = 3.002171
TRAIN Iter 298: loss = 0.002804,	Top-1 err = 53.700000,	Top-5 err = 34.100000,	train_time = 3.046024
TRAIN Iter 299: loss = 0.002707,	Top-1 err = 44.250000,	Top-5 err = 21.350000,	train_time = 3.012787
TEST:
Iter 299: loss = 2.555810,	Top-1 err = 60.450000,	Top-5 err = 31.960000,	val_time = 3.292366
Train Finish! Best accuracy is 39.55@299
