=> using pytorch pre-trained teacher model 'conv4'
process data from /home/dvspanos/nikos/ca2d/artifacts/rded_sets/bench_tin_conv_el2nw80_ipc10
load data successfully
TRAIN Iter 0: loss = 0.018201,	Top-1 err = 99.600000,	Top-5 err = 96.850000,	train_time = 3.612984
TRAIN Iter 1: loss = 0.014446,	Top-1 err = 98.450000,	Top-5 err = 93.200000,	train_time = 2.246693
TRAIN Iter 2: loss = 0.014594,	Top-1 err = 97.450000,	Top-5 err = 90.250000,	train_time = 2.256711
TRAIN Iter 3: loss = 0.012517,	Top-1 err = 96.800000,	Top-5 err = 87.750000,	train_time = 2.265895
TRAIN Iter 4: loss = 0.012772,	Top-1 err = 95.850000,	Top-5 err = 83.950000,	train_time = 2.278354
TRAIN Iter 5: loss = 0.011245,	Top-1 err = 94.300000,	Top-5 err = 81.700000,	train_time = 2.260114
TRAIN Iter 6: loss = 0.011258,	Top-1 err = 91.900000,	Top-5 err = 76.700000,	train_time = 2.258675
TRAIN Iter 7: loss = 0.010465,	Top-1 err = 91.400000,	Top-5 err = 74.000000,	train_time = 2.272443
TRAIN Iter 8: loss = 0.010290,	Top-1 err = 91.150000,	Top-5 err = 74.600000,	train_time = 2.305909
TRAIN Iter 9: loss = 0.010267,	Top-1 err = 90.900000,	Top-5 err = 72.850000,	train_time = 2.313883
TRAIN Iter 10: loss = 0.009527,	Top-1 err = 91.500000,	Top-5 err = 74.800000,	train_time = 2.319830
TRAIN Iter 11: loss = 0.009593,	Top-1 err = 87.300000,	Top-5 err = 64.200000,	train_time = 2.352544
TRAIN Iter 12: loss = 0.009479,	Top-1 err = 86.100000,	Top-5 err = 63.950000,	train_time = 2.339182
TRAIN Iter 13: loss = 0.009000,	Top-1 err = 90.750000,	Top-5 err = 74.300000,	train_time = 2.313020
TRAIN Iter 14: loss = 0.008845,	Top-1 err = 87.600000,	Top-5 err = 66.000000,	train_time = 2.353020
TRAIN Iter 15: loss = 0.008377,	Top-1 err = 89.800000,	Top-5 err = 72.250000,	train_time = 2.325056
TRAIN Iter 16: loss = 0.008381,	Top-1 err = 87.200000,	Top-5 err = 68.200000,	train_time = 2.386384
TRAIN Iter 17: loss = 0.008349,	Top-1 err = 86.700000,	Top-5 err = 66.800000,	train_time = 2.296380
TRAIN Iter 18: loss = 0.008375,	Top-1 err = 86.400000,	Top-5 err = 65.300000,	train_time = 2.351828
TRAIN Iter 19: loss = 0.007766,	Top-1 err = 86.500000,	Top-5 err = 66.350000,	train_time = 2.329720
TRAIN Iter 20: loss = 0.008005,	Top-1 err = 85.550000,	Top-5 err = 64.550000,	train_time = 2.392632
TRAIN Iter 21: loss = 0.007819,	Top-1 err = 84.000000,	Top-5 err = 60.900000,	train_time = 2.325701
TRAIN Iter 22: loss = 0.007535,	Top-1 err = 85.850000,	Top-5 err = 65.750000,	train_time = 2.348481
TRAIN Iter 23: loss = 0.007626,	Top-1 err = 81.550000,	Top-5 err = 57.650000,	train_time = 2.357839
TRAIN Iter 24: loss = 0.007455,	Top-1 err = 81.150000,	Top-5 err = 58.750000,	train_time = 2.350140
TRAIN Iter 25: loss = 0.007187,	Top-1 err = 79.700000,	Top-5 err = 53.150000,	train_time = 2.382106
TRAIN Iter 26: loss = 0.007257,	Top-1 err = 80.150000,	Top-5 err = 55.700000,	train_time = 2.391731
TRAIN Iter 27: loss = 0.007098,	Top-1 err = 81.850000,	Top-5 err = 60.350000,	train_time = 2.366797
TRAIN Iter 28: loss = 0.006748,	Top-1 err = 81.900000,	Top-5 err = 59.800000,	train_time = 2.384903
TRAIN Iter 29: loss = 0.006971,	Top-1 err = 79.200000,	Top-5 err = 53.400000,	train_time = 2.381556
TRAIN Iter 30: loss = 0.006638,	Top-1 err = 80.750000,	Top-5 err = 54.700000,	train_time = 2.360717
TRAIN Iter 31: loss = 0.006846,	Top-1 err = 76.100000,	Top-5 err = 51.750000,	train_time = 2.389776
TRAIN Iter 32: loss = 0.006517,	Top-1 err = 78.050000,	Top-5 err = 51.950000,	train_time = 2.341970
TRAIN Iter 33: loss = 0.006450,	Top-1 err = 72.750000,	Top-5 err = 47.550000,	train_time = 2.372164
TRAIN Iter 34: loss = 0.006290,	Top-1 err = 76.200000,	Top-5 err = 53.000000,	train_time = 2.400412
TRAIN Iter 35: loss = 0.006343,	Top-1 err = 73.550000,	Top-5 err = 49.100000,	train_time = 2.371016
TRAIN Iter 36: loss = 0.005933,	Top-1 err = 80.300000,	Top-5 err = 55.950000,	train_time = 2.405620
TRAIN Iter 37: loss = 0.006142,	Top-1 err = 72.050000,	Top-5 err = 45.950000,	train_time = 2.388031
TRAIN Iter 38: loss = 0.005936,	Top-1 err = 74.550000,	Top-5 err = 47.500000,	train_time = 2.418424
TRAIN Iter 39: loss = 0.006012,	Top-1 err = 77.150000,	Top-5 err = 53.800000,	train_time = 2.403951
TRAIN Iter 40: loss = 0.006115,	Top-1 err = 82.300000,	Top-5 err = 61.850000,	train_time = 2.422257
TRAIN Iter 41: loss = 0.005913,	Top-1 err = 73.500000,	Top-5 err = 48.050000,	train_time = 2.400682
TRAIN Iter 42: loss = 0.005661,	Top-1 err = 82.550000,	Top-5 err = 62.300000,	train_time = 2.399390
TRAIN Iter 43: loss = 0.005714,	Top-1 err = 74.400000,	Top-5 err = 49.750000,	train_time = 2.449258
TRAIN Iter 44: loss = 0.005415,	Top-1 err = 78.750000,	Top-5 err = 52.300000,	train_time = 2.358584
TRAIN Iter 45: loss = 0.005426,	Top-1 err = 75.850000,	Top-5 err = 51.950000,	train_time = 2.398963
TRAIN Iter 46: loss = 0.005620,	Top-1 err = 73.150000,	Top-5 err = 46.950000,	train_time = 2.422036
TRAIN Iter 47: loss = 0.005560,	Top-1 err = 68.300000,	Top-5 err = 40.750000,	train_time = 2.437181
TRAIN Iter 48: loss = 0.005417,	Top-1 err = 77.650000,	Top-5 err = 53.600000,	train_time = 2.388674
TRAIN Iter 49: loss = 0.005236,	Top-1 err = 75.200000,	Top-5 err = 50.450000,	train_time = 2.449154
TRAIN Iter 50: loss = 0.005353,	Top-1 err = 70.300000,	Top-5 err = 43.200000,	train_time = 2.390301
TRAIN Iter 51: loss = 0.005332,	Top-1 err = 75.050000,	Top-5 err = 51.900000,	train_time = 2.423461
TRAIN Iter 52: loss = 0.005210,	Top-1 err = 71.300000,	Top-5 err = 46.000000,	train_time = 2.465724
TRAIN Iter 53: loss = 0.005279,	Top-1 err = 75.800000,	Top-5 err = 52.600000,	train_time = 2.426589
TRAIN Iter 54: loss = 0.005153,	Top-1 err = 77.200000,	Top-5 err = 54.850000,	train_time = 2.432821
TRAIN Iter 55: loss = 0.005286,	Top-1 err = 65.000000,	Top-5 err = 35.850000,	train_time = 2.391939
TRAIN Iter 56: loss = 0.005084,	Top-1 err = 73.950000,	Top-5 err = 52.250000,	train_time = 2.407732
TRAIN Iter 57: loss = 0.004900,	Top-1 err = 71.700000,	Top-5 err = 44.250000,	train_time = 2.410607
TRAIN Iter 58: loss = 0.005020,	Top-1 err = 67.400000,	Top-5 err = 38.600000,	train_time = 2.426719
TRAIN Iter 59: loss = 0.004963,	Top-1 err = 68.900000,	Top-5 err = 44.250000,	train_time = 2.334300
TRAIN Iter 60: loss = 0.004847,	Top-1 err = 72.250000,	Top-5 err = 47.150000,	train_time = 2.405512
TRAIN Iter 61: loss = 0.004855,	Top-1 err = 70.750000,	Top-5 err = 44.100000,	train_time = 2.405145
TRAIN Iter 62: loss = 0.004876,	Top-1 err = 69.100000,	Top-5 err = 41.500000,	train_time = 2.396599
TRAIN Iter 63: loss = 0.004785,	Top-1 err = 63.500000,	Top-5 err = 35.800000,	train_time = 2.378794
TRAIN Iter 64: loss = 0.004774,	Top-1 err = 75.900000,	Top-5 err = 50.300000,	train_time = 2.431156
TRAIN Iter 65: loss = 0.004769,	Top-1 err = 70.700000,	Top-5 err = 46.100000,	train_time = 2.396604
TRAIN Iter 66: loss = 0.004834,	Top-1 err = 70.650000,	Top-5 err = 46.850000,	train_time = 2.374375
TRAIN Iter 67: loss = 0.004826,	Top-1 err = 67.450000,	Top-5 err = 43.400000,	train_time = 2.405771
TRAIN Iter 68: loss = 0.004687,	Top-1 err = 72.450000,	Top-5 err = 47.000000,	train_time = 2.397148
TRAIN Iter 69: loss = 0.004598,	Top-1 err = 64.200000,	Top-5 err = 39.100000,	train_time = 2.419607
TRAIN Iter 70: loss = 0.004449,	Top-1 err = 64.850000,	Top-5 err = 38.150000,	train_time = 2.400099
TRAIN Iter 71: loss = 0.004723,	Top-1 err = 72.700000,	Top-5 err = 49.900000,	train_time = 2.364265
TRAIN Iter 72: loss = 0.004583,	Top-1 err = 67.700000,	Top-5 err = 43.550000,	train_time = 2.420367
TRAIN Iter 73: loss = 0.004568,	Top-1 err = 69.550000,	Top-5 err = 47.750000,	train_time = 2.459599
TRAIN Iter 74: loss = 0.004385,	Top-1 err = 69.800000,	Top-5 err = 43.000000,	train_time = 2.493606
TRAIN Iter 75: loss = 0.004632,	Top-1 err = 72.050000,	Top-5 err = 48.650000,	train_time = 2.436321
TRAIN Iter 76: loss = 0.004441,	Top-1 err = 70.350000,	Top-5 err = 45.950000,	train_time = 2.426119
TRAIN Iter 77: loss = 0.004435,	Top-1 err = 61.600000,	Top-5 err = 34.650000,	train_time = 2.433389
TRAIN Iter 78: loss = 0.004382,	Top-1 err = 63.100000,	Top-5 err = 36.500000,	train_time = 2.410899
TRAIN Iter 79: loss = 0.004559,	Top-1 err = 66.550000,	Top-5 err = 41.500000,	train_time = 2.442989
TRAIN Iter 80: loss = 0.004432,	Top-1 err = 73.000000,	Top-5 err = 49.350000,	train_time = 2.448912
TRAIN Iter 81: loss = 0.004307,	Top-1 err = 67.900000,	Top-5 err = 43.250000,	train_time = 2.393414
TRAIN Iter 82: loss = 0.004375,	Top-1 err = 64.850000,	Top-5 err = 36.700000,	train_time = 2.412588
TRAIN Iter 83: loss = 0.004362,	Top-1 err = 63.150000,	Top-5 err = 35.550000,	train_time = 2.426336
TRAIN Iter 84: loss = 0.004293,	Top-1 err = 66.250000,	Top-5 err = 42.300000,	train_time = 2.359783
TRAIN Iter 85: loss = 0.004260,	Top-1 err = 66.500000,	Top-5 err = 41.200000,	train_time = 2.441809
TRAIN Iter 86: loss = 0.004186,	Top-1 err = 71.200000,	Top-5 err = 46.250000,	train_time = 2.405332
TRAIN Iter 87: loss = 0.004236,	Top-1 err = 69.100000,	Top-5 err = 46.350000,	train_time = 2.423322
TRAIN Iter 88: loss = 0.004123,	Top-1 err = 64.300000,	Top-5 err = 39.600000,	train_time = 2.390224
TRAIN Iter 89: loss = 0.004105,	Top-1 err = 68.250000,	Top-5 err = 43.500000,	train_time = 2.380765
TRAIN Iter 90: loss = 0.004256,	Top-1 err = 69.700000,	Top-5 err = 48.250000,	train_time = 2.402777
TRAIN Iter 91: loss = 0.004211,	Top-1 err = 64.850000,	Top-5 err = 37.400000,	train_time = 2.394282
TRAIN Iter 92: loss = 0.004178,	Top-1 err = 69.800000,	Top-5 err = 45.450000,	train_time = 2.465916
TRAIN Iter 93: loss = 0.004179,	Top-1 err = 67.500000,	Top-5 err = 43.900000,	train_time = 2.435752
TRAIN Iter 94: loss = 0.003975,	Top-1 err = 65.550000,	Top-5 err = 42.650000,	train_time = 2.431908
TRAIN Iter 95: loss = 0.003951,	Top-1 err = 65.650000,	Top-5 err = 40.600000,	train_time = 2.423922
TRAIN Iter 96: loss = 0.003980,	Top-1 err = 63.650000,	Top-5 err = 36.950000,	train_time = 2.399754
TRAIN Iter 97: loss = 0.004159,	Top-1 err = 68.750000,	Top-5 err = 46.050000,	train_time = 2.402808
TRAIN Iter 98: loss = 0.004049,	Top-1 err = 63.550000,	Top-5 err = 37.050000,	train_time = 2.407877
TRAIN Iter 99: loss = 0.003934,	Top-1 err = 69.250000,	Top-5 err = 45.300000,	train_time = 2.401108
TRAIN Iter 100: loss = 0.004030,	Top-1 err = 72.950000,	Top-5 err = 50.600000,	train_time = 2.416368
TRAIN Iter 101: loss = 0.003924,	Top-1 err = 63.350000,	Top-5 err = 35.150000,	train_time = 2.375237
TRAIN Iter 102: loss = 0.003984,	Top-1 err = 68.050000,	Top-5 err = 43.250000,	train_time = 2.385999
TRAIN Iter 103: loss = 0.003879,	Top-1 err = 61.300000,	Top-5 err = 34.850000,	train_time = 2.403108
TRAIN Iter 104: loss = 0.003936,	Top-1 err = 73.750000,	Top-5 err = 53.450000,	train_time = 2.406134
TRAIN Iter 105: loss = 0.004023,	Top-1 err = 71.550000,	Top-5 err = 49.150000,	train_time = 2.371590
TRAIN Iter 106: loss = 0.004078,	Top-1 err = 72.900000,	Top-5 err = 50.650000,	train_time = 2.395218
TRAIN Iter 107: loss = 0.003913,	Top-1 err = 62.050000,	Top-5 err = 40.400000,	train_time = 2.368114
TRAIN Iter 108: loss = 0.003862,	Top-1 err = 67.550000,	Top-5 err = 43.050000,	train_time = 2.444287
TRAIN Iter 109: loss = 0.003841,	Top-1 err = 63.500000,	Top-5 err = 38.700000,	train_time = 2.383820
TRAIN Iter 110: loss = 0.003835,	Top-1 err = 58.050000,	Top-5 err = 34.100000,	train_time = 2.323611
TRAIN Iter 111: loss = 0.003788,	Top-1 err = 59.750000,	Top-5 err = 33.600000,	train_time = 2.392618
TRAIN Iter 112: loss = 0.003906,	Top-1 err = 64.600000,	Top-5 err = 39.650000,	train_time = 2.380268
TRAIN Iter 113: loss = 0.003703,	Top-1 err = 70.150000,	Top-5 err = 47.600000,	train_time = 2.369187
TRAIN Iter 114: loss = 0.003828,	Top-1 err = 64.750000,	Top-5 err = 40.600000,	train_time = 2.371016
TRAIN Iter 115: loss = 0.003863,	Top-1 err = 59.250000,	Top-5 err = 35.150000,	train_time = 2.354451
TRAIN Iter 116: loss = 0.003756,	Top-1 err = 69.800000,	Top-5 err = 46.200000,	train_time = 2.351204
TRAIN Iter 117: loss = 0.003787,	Top-1 err = 63.600000,	Top-5 err = 38.650000,	train_time = 2.356933
TRAIN Iter 118: loss = 0.003834,	Top-1 err = 68.300000,	Top-5 err = 41.750000,	train_time = 2.360909
TRAIN Iter 119: loss = 0.003669,	Top-1 err = 56.850000,	Top-5 err = 27.900000,	train_time = 2.334358
TRAIN Iter 120: loss = 0.003772,	Top-1 err = 67.300000,	Top-5 err = 46.750000,	train_time = 2.384850
TRAIN Iter 121: loss = 0.003815,	Top-1 err = 62.650000,	Top-5 err = 38.100000,	train_time = 2.353035
TRAIN Iter 122: loss = 0.003774,	Top-1 err = 67.900000,	Top-5 err = 42.800000,	train_time = 2.374605
TRAIN Iter 123: loss = 0.003605,	Top-1 err = 58.850000,	Top-5 err = 32.600000,	train_time = 2.292064
TRAIN Iter 124: loss = 0.003654,	Top-1 err = 69.950000,	Top-5 err = 44.700000,	train_time = 2.385002
TRAIN Iter 125: loss = 0.003595,	Top-1 err = 65.800000,	Top-5 err = 39.950000,	train_time = 2.355346
TRAIN Iter 126: loss = 0.003510,	Top-1 err = 65.000000,	Top-5 err = 39.650000,	train_time = 2.345918
TRAIN Iter 127: loss = 0.003542,	Top-1 err = 63.600000,	Top-5 err = 38.150000,	train_time = 2.342782
TRAIN Iter 128: loss = 0.003625,	Top-1 err = 63.300000,	Top-5 err = 40.100000,	train_time = 2.321120
TRAIN Iter 129: loss = 0.003573,	Top-1 err = 62.200000,	Top-5 err = 37.700000,	train_time = 2.298997
TRAIN Iter 130: loss = 0.003620,	Top-1 err = 71.550000,	Top-5 err = 49.550000,	train_time = 2.375296
TRAIN Iter 131: loss = 0.003588,	Top-1 err = 61.250000,	Top-5 err = 36.150000,	train_time = 2.347254
TRAIN Iter 132: loss = 0.003553,	Top-1 err = 62.400000,	Top-5 err = 35.450000,	train_time = 2.344669
TRAIN Iter 133: loss = 0.003453,	Top-1 err = 56.550000,	Top-5 err = 29.950000,	train_time = 2.386285
TRAIN Iter 134: loss = 0.003482,	Top-1 err = 65.350000,	Top-5 err = 39.600000,	train_time = 2.339779
TRAIN Iter 135: loss = 0.003569,	Top-1 err = 60.400000,	Top-5 err = 34.600000,	train_time = 2.360773
TRAIN Iter 136: loss = 0.003535,	Top-1 err = 70.050000,	Top-5 err = 43.900000,	train_time = 2.389315
TRAIN Iter 137: loss = 0.003521,	Top-1 err = 70.050000,	Top-5 err = 48.450000,	train_time = 2.329256
TRAIN Iter 138: loss = 0.003488,	Top-1 err = 63.350000,	Top-5 err = 39.700000,	train_time = 2.321907
TRAIN Iter 139: loss = 0.003473,	Top-1 err = 62.100000,	Top-5 err = 36.300000,	train_time = 2.379306
TRAIN Iter 140: loss = 0.003446,	Top-1 err = 55.950000,	Top-5 err = 30.100000,	train_time = 2.382721
TRAIN Iter 141: loss = 0.003432,	Top-1 err = 62.950000,	Top-5 err = 41.750000,	train_time = 2.381366
TRAIN Iter 142: loss = 0.003397,	Top-1 err = 65.650000,	Top-5 err = 41.300000,	train_time = 2.321980
TRAIN Iter 143: loss = 0.003458,	Top-1 err = 67.600000,	Top-5 err = 43.400000,	train_time = 2.365126
TRAIN Iter 144: loss = 0.003355,	Top-1 err = 56.350000,	Top-5 err = 32.900000,	train_time = 2.365050
TRAIN Iter 145: loss = 0.003298,	Top-1 err = 55.250000,	Top-5 err = 26.700000,	train_time = 2.354315
TRAIN Iter 146: loss = 0.003470,	Top-1 err = 61.500000,	Top-5 err = 34.400000,	train_time = 2.344204
TRAIN Iter 147: loss = 0.003351,	Top-1 err = 63.000000,	Top-5 err = 35.350000,	train_time = 2.234845
TRAIN Iter 148: loss = 0.003307,	Top-1 err = 59.350000,	Top-5 err = 32.650000,	train_time = 2.339080
TRAIN Iter 149: loss = 0.003297,	Top-1 err = 57.750000,	Top-5 err = 29.900000,	train_time = 2.360214
TRAIN Iter 150: loss = 0.003351,	Top-1 err = 62.950000,	Top-5 err = 37.450000,	train_time = 2.355338
TRAIN Iter 151: loss = 0.003356,	Top-1 err = 61.950000,	Top-5 err = 36.400000,	train_time = 2.354187
TRAIN Iter 152: loss = 0.003416,	Top-1 err = 63.950000,	Top-5 err = 41.350000,	train_time = 2.348375
TRAIN Iter 153: loss = 0.003470,	Top-1 err = 68.000000,	Top-5 err = 44.850000,	train_time = 2.370996
TRAIN Iter 154: loss = 0.003390,	Top-1 err = 68.450000,	Top-5 err = 45.500000,	train_time = 2.336208
TRAIN Iter 155: loss = 0.003340,	Top-1 err = 61.550000,	Top-5 err = 38.950000,	train_time = 2.374660
TRAIN Iter 156: loss = 0.003285,	Top-1 err = 58.750000,	Top-5 err = 32.450000,	train_time = 2.385975
TRAIN Iter 157: loss = 0.003187,	Top-1 err = 55.400000,	Top-5 err = 27.750000,	train_time = 2.364149
TRAIN Iter 158: loss = 0.003243,	Top-1 err = 63.350000,	Top-5 err = 37.650000,	train_time = 2.388905
TRAIN Iter 159: loss = 0.003239,	Top-1 err = 60.000000,	Top-5 err = 35.700000,	train_time = 2.338102
TRAIN Iter 160: loss = 0.003216,	Top-1 err = 53.550000,	Top-5 err = 28.450000,	train_time = 2.355332
TRAIN Iter 161: loss = 0.003330,	Top-1 err = 69.350000,	Top-5 err = 43.850000,	train_time = 2.398674
TRAIN Iter 162: loss = 0.003203,	Top-1 err = 58.250000,	Top-5 err = 34.350000,	train_time = 2.348877
TRAIN Iter 163: loss = 0.003205,	Top-1 err = 62.200000,	Top-5 err = 39.150000,	train_time = 2.339735
TRAIN Iter 164: loss = 0.003269,	Top-1 err = 54.750000,	Top-5 err = 27.600000,	train_time = 2.350052
TRAIN Iter 165: loss = 0.003319,	Top-1 err = 56.850000,	Top-5 err = 31.300000,	train_time = 2.356923
TRAIN Iter 166: loss = 0.003449,	Top-1 err = 69.750000,	Top-5 err = 47.650000,	train_time = 2.338853
TRAIN Iter 167: loss = 0.003331,	Top-1 err = 63.500000,	Top-5 err = 38.350000,	train_time = 2.342937
TRAIN Iter 168: loss = 0.003339,	Top-1 err = 65.950000,	Top-5 err = 45.800000,	train_time = 2.350464
TRAIN Iter 169: loss = 0.003308,	Top-1 err = 71.450000,	Top-5 err = 48.000000,	train_time = 2.369609
TRAIN Iter 170: loss = 0.003226,	Top-1 err = 62.600000,	Top-5 err = 39.450000,	train_time = 2.358773
TRAIN Iter 171: loss = 0.003118,	Top-1 err = 70.350000,	Top-5 err = 46.700000,	train_time = 2.351804
TRAIN Iter 172: loss = 0.003218,	Top-1 err = 66.450000,	Top-5 err = 44.600000,	train_time = 2.348718
TRAIN Iter 173: loss = 0.003241,	Top-1 err = 66.300000,	Top-5 err = 40.650000,	train_time = 2.411385
TRAIN Iter 174: loss = 0.003290,	Top-1 err = 75.000000,	Top-5 err = 51.750000,	train_time = 2.326315
TRAIN Iter 175: loss = 0.003190,	Top-1 err = 63.300000,	Top-5 err = 40.050000,	train_time = 2.343273
TRAIN Iter 176: loss = 0.003176,	Top-1 err = 60.650000,	Top-5 err = 35.750000,	train_time = 2.360026
TRAIN Iter 177: loss = 0.003176,	Top-1 err = 56.350000,	Top-5 err = 31.450000,	train_time = 2.352748
TRAIN Iter 178: loss = 0.003212,	Top-1 err = 64.400000,	Top-5 err = 41.250000,	train_time = 2.358104
TRAIN Iter 179: loss = 0.003290,	Top-1 err = 62.550000,	Top-5 err = 39.050000,	train_time = 2.415434
TRAIN Iter 180: loss = 0.003187,	Top-1 err = 63.950000,	Top-5 err = 40.200000,	train_time = 2.373357
TRAIN Iter 181: loss = 0.003115,	Top-1 err = 55.500000,	Top-5 err = 29.950000,	train_time = 2.384127
TRAIN Iter 182: loss = 0.003213,	Top-1 err = 53.950000,	Top-5 err = 32.400000,	train_time = 2.376483
TRAIN Iter 183: loss = 0.003230,	Top-1 err = 56.200000,	Top-5 err = 31.300000,	train_time = 2.323089
TRAIN Iter 184: loss = 0.003203,	Top-1 err = 64.750000,	Top-5 err = 39.700000,	train_time = 2.366588
TRAIN Iter 185: loss = 0.003100,	Top-1 err = 56.600000,	Top-5 err = 29.850000,	train_time = 2.345626
TRAIN Iter 186: loss = 0.003201,	Top-1 err = 69.400000,	Top-5 err = 45.350000,	train_time = 2.367671
TRAIN Iter 187: loss = 0.003159,	Top-1 err = 56.850000,	Top-5 err = 31.400000,	train_time = 2.344645
TRAIN Iter 188: loss = 0.003138,	Top-1 err = 58.750000,	Top-5 err = 34.650000,	train_time = 2.413556
TRAIN Iter 189: loss = 0.003105,	Top-1 err = 65.750000,	Top-5 err = 42.100000,	train_time = 2.386380
TRAIN Iter 190: loss = 0.003084,	Top-1 err = 61.000000,	Top-5 err = 37.900000,	train_time = 2.403682
TRAIN Iter 191: loss = 0.003241,	Top-1 err = 64.150000,	Top-5 err = 40.850000,	train_time = 2.384952
TRAIN Iter 192: loss = 0.003202,	Top-1 err = 67.000000,	Top-5 err = 44.750000,	train_time = 2.367911
TRAIN Iter 193: loss = 0.003152,	Top-1 err = 66.100000,	Top-5 err = 43.250000,	train_time = 2.381497
TRAIN Iter 194: loss = 0.003181,	Top-1 err = 62.650000,	Top-5 err = 37.700000,	train_time = 2.357870
TRAIN Iter 195: loss = 0.003153,	Top-1 err = 66.200000,	Top-5 err = 44.000000,	train_time = 2.401021
TRAIN Iter 196: loss = 0.003142,	Top-1 err = 57.400000,	Top-5 err = 32.700000,	train_time = 2.409791
TRAIN Iter 197: loss = 0.003181,	Top-1 err = 61.850000,	Top-5 err = 40.050000,	train_time = 2.420940
TRAIN Iter 198: loss = 0.003094,	Top-1 err = 60.550000,	Top-5 err = 35.800000,	train_time = 2.375907
TRAIN Iter 199: loss = 0.003068,	Top-1 err = 56.750000,	Top-5 err = 31.350000,	train_time = 2.383032
TRAIN Iter 200: loss = 0.003054,	Top-1 err = 54.650000,	Top-5 err = 27.250000,	train_time = 2.068441
TRAIN Iter 201: loss = 0.003107,	Top-1 err = 58.700000,	Top-5 err = 33.350000,	train_time = 2.411301
TRAIN Iter 202: loss = 0.003018,	Top-1 err = 63.850000,	Top-5 err = 41.000000,	train_time = 2.370872
TRAIN Iter 203: loss = 0.003129,	Top-1 err = 67.650000,	Top-5 err = 46.650000,	train_time = 2.419027
TRAIN Iter 204: loss = 0.003074,	Top-1 err = 63.150000,	Top-5 err = 38.550000,	train_time = 2.417375
TRAIN Iter 205: loss = 0.003134,	Top-1 err = 66.100000,	Top-5 err = 42.300000,	train_time = 2.415241
TRAIN Iter 206: loss = 0.003105,	Top-1 err = 66.350000,	Top-5 err = 42.850000,	train_time = 2.423697
TRAIN Iter 207: loss = 0.003103,	Top-1 err = 67.150000,	Top-5 err = 45.900000,	train_time = 2.432005
TRAIN Iter 208: loss = 0.003144,	Top-1 err = 64.350000,	Top-5 err = 42.100000,	train_time = 2.430940
TRAIN Iter 209: loss = 0.003107,	Top-1 err = 54.800000,	Top-5 err = 30.250000,	train_time = 2.459526
TRAIN Iter 210: loss = 0.003017,	Top-1 err = 53.350000,	Top-5 err = 28.800000,	train_time = 2.400891
TRAIN Iter 211: loss = 0.002929,	Top-1 err = 50.200000,	Top-5 err = 24.150000,	train_time = 2.458948
TRAIN Iter 212: loss = 0.002931,	Top-1 err = 60.000000,	Top-5 err = 38.400000,	train_time = 2.470622
TRAIN Iter 213: loss = 0.002947,	Top-1 err = 58.400000,	Top-5 err = 35.200000,	train_time = 2.439822
TRAIN Iter 214: loss = 0.002958,	Top-1 err = 52.400000,	Top-5 err = 28.150000,	train_time = 2.471975
TRAIN Iter 215: loss = 0.003099,	Top-1 err = 64.300000,	Top-5 err = 42.950000,	train_time = 2.471168
TRAIN Iter 216: loss = 0.003111,	Top-1 err = 65.150000,	Top-5 err = 42.300000,	train_time = 2.417751
TRAIN Iter 217: loss = 0.003100,	Top-1 err = 68.250000,	Top-5 err = 45.150000,	train_time = 2.444967
TRAIN Iter 218: loss = 0.003037,	Top-1 err = 54.550000,	Top-5 err = 32.750000,	train_time = 2.412866
TRAIN Iter 219: loss = 0.003026,	Top-1 err = 63.250000,	Top-5 err = 40.000000,	train_time = 2.446519
TRAIN Iter 220: loss = 0.002950,	Top-1 err = 61.850000,	Top-5 err = 38.900000,	train_time = 2.416440
TRAIN Iter 221: loss = 0.002968,	Top-1 err = 67.750000,	Top-5 err = 42.450000,	train_time = 2.445210
TRAIN Iter 222: loss = 0.002980,	Top-1 err = 60.450000,	Top-5 err = 35.650000,	train_time = 2.457103
TRAIN Iter 223: loss = 0.002987,	Top-1 err = 61.750000,	Top-5 err = 40.450000,	train_time = 2.436983
TRAIN Iter 224: loss = 0.002855,	Top-1 err = 50.150000,	Top-5 err = 23.250000,	train_time = 2.429104
TRAIN Iter 225: loss = 0.003011,	Top-1 err = 59.950000,	Top-5 err = 38.250000,	train_time = 2.429665
TRAIN Iter 226: loss = 0.002941,	Top-1 err = 57.200000,	Top-5 err = 34.500000,	train_time = 2.422771
TRAIN Iter 227: loss = 0.002906,	Top-1 err = 70.250000,	Top-5 err = 48.150000,	train_time = 2.427721
TRAIN Iter 228: loss = 0.003013,	Top-1 err = 64.150000,	Top-5 err = 39.000000,	train_time = 2.411785
TRAIN Iter 229: loss = 0.002965,	Top-1 err = 73.300000,	Top-5 err = 49.450000,	train_time = 2.487606
TRAIN Iter 230: loss = 0.002983,	Top-1 err = 67.150000,	Top-5 err = 43.800000,	train_time = 2.424637
TRAIN Iter 231: loss = 0.002922,	Top-1 err = 56.450000,	Top-5 err = 30.850000,	train_time = 2.428192
TRAIN Iter 232: loss = 0.002955,	Top-1 err = 65.050000,	Top-5 err = 41.550000,	train_time = 2.417645
TRAIN Iter 233: loss = 0.002894,	Top-1 err = 61.200000,	Top-5 err = 37.500000,	train_time = 2.415049
TRAIN Iter 234: loss = 0.003023,	Top-1 err = 65.650000,	Top-5 err = 42.600000,	train_time = 2.188287
TRAIN Iter 235: loss = 0.002957,	Top-1 err = 63.150000,	Top-5 err = 40.150000,	train_time = 2.394607
TRAIN Iter 236: loss = 0.002858,	Top-1 err = 64.100000,	Top-5 err = 40.550000,	train_time = 2.432213
TRAIN Iter 237: loss = 0.003006,	Top-1 err = 56.900000,	Top-5 err = 33.750000,	train_time = 2.480316
TRAIN Iter 238: loss = 0.002814,	Top-1 err = 62.100000,	Top-5 err = 38.050000,	train_time = 2.366319
TRAIN Iter 239: loss = 0.002956,	Top-1 err = 69.450000,	Top-5 err = 46.100000,	train_time = 2.436335
TRAIN Iter 240: loss = 0.002839,	Top-1 err = 62.700000,	Top-5 err = 37.500000,	train_time = 2.458319
TRAIN Iter 241: loss = 0.002813,	Top-1 err = 57.200000,	Top-5 err = 31.100000,	train_time = 2.454354
TRAIN Iter 242: loss = 0.002758,	Top-1 err = 51.700000,	Top-5 err = 24.800000,	train_time = 2.454808
TRAIN Iter 243: loss = 0.002858,	Top-1 err = 59.900000,	Top-5 err = 35.550000,	train_time = 2.391976
TRAIN Iter 244: loss = 0.002848,	Top-1 err = 53.100000,	Top-5 err = 27.800000,	train_time = 2.432970
TRAIN Iter 245: loss = 0.002875,	Top-1 err = 71.900000,	Top-5 err = 50.050000,	train_time = 2.447165
TRAIN Iter 246: loss = 0.002887,	Top-1 err = 62.600000,	Top-5 err = 39.700000,	train_time = 2.456347
TRAIN Iter 247: loss = 0.002800,	Top-1 err = 58.650000,	Top-5 err = 36.000000,	train_time = 2.450629
TRAIN Iter 248: loss = 0.002858,	Top-1 err = 62.550000,	Top-5 err = 36.700000,	train_time = 2.447828
TRAIN Iter 249: loss = 0.002748,	Top-1 err = 47.850000,	Top-5 err = 23.300000,	train_time = 2.476907
TEST:
Iter 249: loss = 2.724507,	Top-1 err = 63.660000,	Top-5 err = 36.080000,	val_time = 2.324962
TRAIN Iter 250: loss = 0.002896,	Top-1 err = 60.350000,	Top-5 err = 35.850000,	train_time = 2.449327
TRAIN Iter 251: loss = 0.002849,	Top-1 err = 62.550000,	Top-5 err = 36.950000,	train_time = 2.456464
TRAIN Iter 252: loss = 0.002869,	Top-1 err = 65.050000,	Top-5 err = 41.200000,	train_time = 2.492458
TRAIN Iter 253: loss = 0.002864,	Top-1 err = 62.000000,	Top-5 err = 35.800000,	train_time = 2.446500
TRAIN Iter 254: loss = 0.002852,	Top-1 err = 67.700000,	Top-5 err = 42.900000,	train_time = 2.422328
TRAIN Iter 255: loss = 0.002795,	Top-1 err = 61.700000,	Top-5 err = 38.550000,	train_time = 2.486358
TRAIN Iter 256: loss = 0.002894,	Top-1 err = 70.000000,	Top-5 err = 45.750000,	train_time = 2.426536
TRAIN Iter 257: loss = 0.002832,	Top-1 err = 59.650000,	Top-5 err = 33.100000,	train_time = 2.417132
TRAIN Iter 258: loss = 0.002766,	Top-1 err = 54.650000,	Top-5 err = 29.550000,	train_time = 2.471309
TRAIN Iter 259: loss = 0.002887,	Top-1 err = 70.250000,	Top-5 err = 47.950000,	train_time = 2.454898
TEST:
Iter 259: loss = 2.780871,	Top-1 err = 64.490000,	Top-5 err = 36.540000,	val_time = 2.345107
TRAIN Iter 260: loss = 0.002820,	Top-1 err = 58.200000,	Top-5 err = 35.100000,	train_time = 2.452665
TRAIN Iter 261: loss = 0.002911,	Top-1 err = 65.150000,	Top-5 err = 41.800000,	train_time = 2.449383
TRAIN Iter 262: loss = 0.002808,	Top-1 err = 60.750000,	Top-5 err = 36.800000,	train_time = 2.198260
TRAIN Iter 263: loss = 0.002847,	Top-1 err = 58.150000,	Top-5 err = 35.250000,	train_time = 2.497556
TRAIN Iter 264: loss = 0.002834,	Top-1 err = 67.100000,	Top-5 err = 41.250000,	train_time = 2.452926
TRAIN Iter 265: loss = 0.002906,	Top-1 err = 64.600000,	Top-5 err = 41.750000,	train_time = 2.437508
TRAIN Iter 266: loss = 0.002822,	Top-1 err = 61.800000,	Top-5 err = 39.600000,	train_time = 2.425099
TRAIN Iter 267: loss = 0.002818,	Top-1 err = 63.800000,	Top-5 err = 43.400000,	train_time = 2.417907
TRAIN Iter 268: loss = 0.002827,	Top-1 err = 54.850000,	Top-5 err = 30.600000,	train_time = 2.417229
TRAIN Iter 269: loss = 0.002733,	Top-1 err = 65.650000,	Top-5 err = 42.050000,	train_time = 2.410678
TEST:
Iter 269: loss = 2.779731,	Top-1 err = 64.120000,	Top-5 err = 37.060000,	val_time = 2.155702
TRAIN Iter 270: loss = 0.002802,	Top-1 err = 58.850000,	Top-5 err = 36.700000,	train_time = 2.448114
TRAIN Iter 271: loss = 0.002736,	Top-1 err = 63.950000,	Top-5 err = 38.700000,	train_time = 2.482910
TRAIN Iter 272: loss = 0.002689,	Top-1 err = 56.800000,	Top-5 err = 32.000000,	train_time = 2.433704
TRAIN Iter 273: loss = 0.002748,	Top-1 err = 61.000000,	Top-5 err = 37.850000,	train_time = 2.437064
TRAIN Iter 274: loss = 0.002850,	Top-1 err = 69.100000,	Top-5 err = 46.850000,	train_time = 2.445517
TRAIN Iter 275: loss = 0.002637,	Top-1 err = 53.750000,	Top-5 err = 30.500000,	train_time = 2.418237
TRAIN Iter 276: loss = 0.002707,	Top-1 err = 54.950000,	Top-5 err = 29.950000,	train_time = 2.443414
TRAIN Iter 277: loss = 0.002808,	Top-1 err = 61.350000,	Top-5 err = 39.650000,	train_time = 2.409888
TRAIN Iter 278: loss = 0.002740,	Top-1 err = 52.250000,	Top-5 err = 27.750000,	train_time = 2.414817
TRAIN Iter 279: loss = 0.002659,	Top-1 err = 60.050000,	Top-5 err = 35.150000,	train_time = 2.401591
TEST:
Iter 279: loss = 2.698686,	Top-1 err = 63.170000,	Top-5 err = 35.350000,	val_time = 2.356127
TRAIN Iter 280: loss = 0.002723,	Top-1 err = 63.650000,	Top-5 err = 41.800000,	train_time = 2.416106
TRAIN Iter 281: loss = 0.002835,	Top-1 err = 71.850000,	Top-5 err = 50.600000,	train_time = 2.442970
TRAIN Iter 282: loss = 0.002778,	Top-1 err = 55.150000,	Top-5 err = 33.350000,	train_time = 2.412625
TRAIN Iter 283: loss = 0.002726,	Top-1 err = 61.250000,	Top-5 err = 37.600000,	train_time = 2.434991
TRAIN Iter 284: loss = 0.002648,	Top-1 err = 49.150000,	Top-5 err = 25.950000,	train_time = 2.405784
TRAIN Iter 285: loss = 0.002705,	Top-1 err = 60.000000,	Top-5 err = 34.950000,	train_time = 2.411171
TRAIN Iter 286: loss = 0.002649,	Top-1 err = 57.850000,	Top-5 err = 33.200000,	train_time = 2.464788
TRAIN Iter 287: loss = 0.002641,	Top-1 err = 49.100000,	Top-5 err = 26.000000,	train_time = 2.202661
TRAIN Iter 288: loss = 0.002527,	Top-1 err = 46.750000,	Top-5 err = 22.100000,	train_time = 2.430462
TRAIN Iter 289: loss = 0.002726,	Top-1 err = 65.950000,	Top-5 err = 43.300000,	train_time = 2.423439
TEST:
Iter 289: loss = 2.669467,	Top-1 err = 62.900000,	Top-5 err = 35.060000,	val_time = 2.318630
TRAIN Iter 290: loss = 0.002657,	Top-1 err = 53.400000,	Top-5 err = 30.550000,	train_time = 2.444857
TRAIN Iter 291: loss = 0.002521,	Top-1 err = 47.950000,	Top-5 err = 25.300000,	train_time = 2.429823
TRAIN Iter 292: loss = 0.002589,	Top-1 err = 56.500000,	Top-5 err = 33.850000,	train_time = 2.416027
TRAIN Iter 293: loss = 0.002488,	Top-1 err = 48.150000,	Top-5 err = 22.100000,	train_time = 2.436027
TRAIN Iter 294: loss = 0.002620,	Top-1 err = 60.950000,	Top-5 err = 36.750000,	train_time = 2.437949
TRAIN Iter 295: loss = 0.002729,	Top-1 err = 63.700000,	Top-5 err = 41.000000,	train_time = 2.392554
TRAIN Iter 296: loss = 0.002639,	Top-1 err = 49.750000,	Top-5 err = 26.950000,	train_time = 2.378572
TRAIN Iter 297: loss = 0.002623,	Top-1 err = 56.650000,	Top-5 err = 31.800000,	train_time = 2.394003
TRAIN Iter 298: loss = 0.002711,	Top-1 err = 63.300000,	Top-5 err = 39.400000,	train_time = 2.387166
TRAIN Iter 299: loss = 0.002562,	Top-1 err = 52.000000,	Top-5 err = 27.750000,	train_time = 2.392334
TEST:
Iter 299: loss = 2.758954,	Top-1 err = 63.650000,	Top-5 err = 36.600000,	val_time = 2.299299
Train Finish! Best accuracy is 37.1@289
