=> using pytorch pre-trained teacher model 'conv4'
process data from /home/dvspanos/nikos/ca2d/artifacts/sets/bench_tin_conv_rded_ipc50
load data successfully
TRAIN Iter 0: loss = 0.013648,	Top-1 err = 97.630000,	Top-5 err = 90.940000,	train_time = 12.185064
TRAIN Iter 1: loss = 0.010362,	Top-1 err = 91.310000,	Top-5 err = 74.730000,	train_time = 10.927697
TRAIN Iter 2: loss = 0.009173,	Top-1 err = 86.700000,	Top-5 err = 67.550000,	train_time = 11.116603
TRAIN Iter 3: loss = 0.008076,	Top-1 err = 84.790000,	Top-5 err = 64.690000,	train_time = 11.142646
TRAIN Iter 4: loss = 0.007535,	Top-1 err = 80.860000,	Top-5 err = 58.670000,	train_time = 11.231738
TRAIN Iter 5: loss = 0.007163,	Top-1 err = 75.590000,	Top-5 err = 52.340000,	train_time = 11.270382
TRAIN Iter 6: loss = 0.006680,	Top-1 err = 72.330000,	Top-5 err = 47.880000,	train_time = 11.401684
TRAIN Iter 7: loss = 0.006193,	Top-1 err = 71.000000,	Top-5 err = 47.500000,	train_time = 11.382097
TRAIN Iter 8: loss = 0.005907,	Top-1 err = 73.320000,	Top-5 err = 50.160000,	train_time = 11.364065
TRAIN Iter 9: loss = 0.005547,	Top-1 err = 67.990000,	Top-5 err = 43.490000,	train_time = 11.391813
TRAIN Iter 10: loss = 0.005427,	Top-1 err = 68.860000,	Top-5 err = 46.000000,	train_time = 11.343565
TRAIN Iter 11: loss = 0.005337,	Top-1 err = 62.640000,	Top-5 err = 38.150000,	train_time = 11.325645
TRAIN Iter 12: loss = 0.004940,	Top-1 err = 62.510000,	Top-5 err = 38.280000,	train_time = 11.244998
TRAIN Iter 13: loss = 0.004890,	Top-1 err = 62.680000,	Top-5 err = 39.900000,	train_time = 11.304866
TRAIN Iter 14: loss = 0.004773,	Top-1 err = 61.660000,	Top-5 err = 39.100000,	train_time = 11.431960
TRAIN Iter 15: loss = 0.004706,	Top-1 err = 59.600000,	Top-5 err = 35.220000,	train_time = 11.300190
TRAIN Iter 16: loss = 0.004433,	Top-1 err = 58.340000,	Top-5 err = 35.760000,	train_time = 11.301340
TRAIN Iter 17: loss = 0.004301,	Top-1 err = 60.070000,	Top-5 err = 37.480000,	train_time = 11.339323
TRAIN Iter 18: loss = 0.004356,	Top-1 err = 60.170000,	Top-5 err = 37.680000,	train_time = 11.321920
TRAIN Iter 19: loss = 0.004145,	Top-1 err = 57.780000,	Top-5 err = 33.770000,	train_time = 11.273211
TRAIN Iter 20: loss = 0.004102,	Top-1 err = 59.780000,	Top-5 err = 37.690000,	train_time = 11.345546
TRAIN Iter 21: loss = 0.004077,	Top-1 err = 59.220000,	Top-5 err = 38.460000,	train_time = 11.361659
TRAIN Iter 22: loss = 0.004019,	Top-1 err = 54.100000,	Top-5 err = 31.940000,	train_time = 11.513209
TRAIN Iter 23: loss = 0.003913,	Top-1 err = 53.950000,	Top-5 err = 30.830000,	train_time = 11.472883
TRAIN Iter 24: loss = 0.003851,	Top-1 err = 56.010000,	Top-5 err = 34.370000,	train_time = 11.570141
TRAIN Iter 25: loss = 0.003728,	Top-1 err = 55.160000,	Top-5 err = 32.340000,	train_time = 11.493875
TRAIN Iter 26: loss = 0.003658,	Top-1 err = 53.280000,	Top-5 err = 31.040000,	train_time = 11.594887
TRAIN Iter 27: loss = 0.003560,	Top-1 err = 56.270000,	Top-5 err = 33.650000,	train_time = 11.510151
TRAIN Iter 28: loss = 0.003611,	Top-1 err = 51.970000,	Top-5 err = 30.960000,	train_time = 11.583718
TRAIN Iter 29: loss = 0.003526,	Top-1 err = 47.210000,	Top-5 err = 24.500000,	train_time = 11.623343
TRAIN Iter 30: loss = 0.003528,	Top-1 err = 55.560000,	Top-5 err = 33.860000,	train_time = 11.590393
TRAIN Iter 31: loss = 0.003465,	Top-1 err = 49.450000,	Top-5 err = 28.110000,	train_time = 11.670477
TRAIN Iter 32: loss = 0.003489,	Top-1 err = 49.270000,	Top-5 err = 27.020000,	train_time = 11.559089
TRAIN Iter 33: loss = 0.003463,	Top-1 err = 55.420000,	Top-5 err = 34.850000,	train_time = 11.622025
TRAIN Iter 34: loss = 0.003336,	Top-1 err = 58.350000,	Top-5 err = 36.930000,	train_time = 11.596591
TRAIN Iter 35: loss = 0.003305,	Top-1 err = 50.870000,	Top-5 err = 29.430000,	train_time = 11.629511
TRAIN Iter 36: loss = 0.003286,	Top-1 err = 47.770000,	Top-5 err = 27.020000,	train_time = 11.639427
TRAIN Iter 37: loss = 0.003264,	Top-1 err = 50.310000,	Top-5 err = 27.940000,	train_time = 11.591847
TRAIN Iter 38: loss = 0.003216,	Top-1 err = 54.650000,	Top-5 err = 34.620000,	train_time = 11.596327
TRAIN Iter 39: loss = 0.003193,	Top-1 err = 49.790000,	Top-5 err = 28.850000,	train_time = 11.457608
TRAIN Iter 40: loss = 0.003182,	Top-1 err = 51.790000,	Top-5 err = 29.780000,	train_time = 11.618640
TRAIN Iter 41: loss = 0.003193,	Top-1 err = 54.330000,	Top-5 err = 33.170000,	train_time = 11.569491
TRAIN Iter 42: loss = 0.003167,	Top-1 err = 44.070000,	Top-5 err = 24.310000,	train_time = 11.645597
TRAIN Iter 43: loss = 0.003094,	Top-1 err = 53.060000,	Top-5 err = 33.030000,	train_time = 11.614832
TRAIN Iter 44: loss = 0.003073,	Top-1 err = 49.220000,	Top-5 err = 29.360000,	train_time = 11.499697
TRAIN Iter 45: loss = 0.003030,	Top-1 err = 54.110000,	Top-5 err = 33.830000,	train_time = 11.608414
TRAIN Iter 46: loss = 0.002982,	Top-1 err = 52.120000,	Top-5 err = 31.210000,	train_time = 11.677366
TRAIN Iter 47: loss = 0.002957,	Top-1 err = 52.870000,	Top-5 err = 31.910000,	train_time = 11.526234
TRAIN Iter 48: loss = 0.002982,	Top-1 err = 44.250000,	Top-5 err = 23.990000,	train_time = 11.604128
TRAIN Iter 49: loss = 0.002953,	Top-1 err = 48.780000,	Top-5 err = 28.790000,	train_time = 11.605196
TRAIN Iter 50: loss = 0.002900,	Top-1 err = 51.900000,	Top-5 err = 30.030000,	train_time = 11.572030
TRAIN Iter 51: loss = 0.002877,	Top-1 err = 51.560000,	Top-5 err = 30.320000,	train_time = 11.622208
TRAIN Iter 52: loss = 0.002877,	Top-1 err = 50.060000,	Top-5 err = 29.650000,	train_time = 11.583508
TRAIN Iter 53: loss = 0.002947,	Top-1 err = 52.490000,	Top-5 err = 32.440000,	train_time = 11.556952
TRAIN Iter 54: loss = 0.002889,	Top-1 err = 50.740000,	Top-5 err = 29.770000,	train_time = 11.577921
TRAIN Iter 55: loss = 0.002849,	Top-1 err = 44.450000,	Top-5 err = 25.310000,	train_time = 11.501792
TRAIN Iter 56: loss = 0.002834,	Top-1 err = 48.770000,	Top-5 err = 28.810000,	train_time = 11.570778
TRAIN Iter 57: loss = 0.002798,	Top-1 err = 44.050000,	Top-5 err = 23.980000,	train_time = 11.457191
TRAIN Iter 58: loss = 0.002784,	Top-1 err = 41.860000,	Top-5 err = 22.190000,	train_time = 11.461027
TRAIN Iter 59: loss = 0.002757,	Top-1 err = 45.030000,	Top-5 err = 25.000000,	train_time = 11.543342
TRAIN Iter 60: loss = 0.002721,	Top-1 err = 49.010000,	Top-5 err = 28.610000,	train_time = 11.487003
TRAIN Iter 61: loss = 0.002726,	Top-1 err = 50.000000,	Top-5 err = 30.870000,	train_time = 11.516113
TRAIN Iter 62: loss = 0.002640,	Top-1 err = 48.510000,	Top-5 err = 28.240000,	train_time = 11.544017
TRAIN Iter 63: loss = 0.002709,	Top-1 err = 46.680000,	Top-5 err = 25.710000,	train_time = 11.651021
TRAIN Iter 64: loss = 0.002696,	Top-1 err = 48.770000,	Top-5 err = 29.600000,	train_time = 11.606779
TRAIN Iter 65: loss = 0.002652,	Top-1 err = 39.110000,	Top-5 err = 20.710000,	train_time = 11.485739
TRAIN Iter 66: loss = 0.002658,	Top-1 err = 48.050000,	Top-5 err = 29.200000,	train_time = 11.583364
TRAIN Iter 67: loss = 0.002598,	Top-1 err = 46.500000,	Top-5 err = 27.730000,	train_time = 11.672672
TRAIN Iter 68: loss = 0.002581,	Top-1 err = 51.730000,	Top-5 err = 31.080000,	train_time = 11.662282
TRAIN Iter 69: loss = 0.002622,	Top-1 err = 48.190000,	Top-5 err = 27.650000,	train_time = 11.652855
TRAIN Iter 70: loss = 0.002586,	Top-1 err = 51.170000,	Top-5 err = 31.740000,	train_time = 11.679097
TRAIN Iter 71: loss = 0.002651,	Top-1 err = 44.090000,	Top-5 err = 25.580000,	train_time = 11.550574
TRAIN Iter 72: loss = 0.002603,	Top-1 err = 52.090000,	Top-5 err = 34.260000,	train_time = 11.623582
TRAIN Iter 73: loss = 0.002541,	Top-1 err = 52.320000,	Top-5 err = 32.230000,	train_time = 11.543645
TRAIN Iter 74: loss = 0.002506,	Top-1 err = 53.950000,	Top-5 err = 33.610000,	train_time = 11.656315
TRAIN Iter 75: loss = 0.002505,	Top-1 err = 50.740000,	Top-5 err = 29.820000,	train_time = 11.462223
TRAIN Iter 76: loss = 0.002521,	Top-1 err = 42.770000,	Top-5 err = 23.800000,	train_time = 11.437832
TRAIN Iter 77: loss = 0.002558,	Top-1 err = 46.510000,	Top-5 err = 27.500000,	train_time = 11.426507
TRAIN Iter 78: loss = 0.002498,	Top-1 err = 50.470000,	Top-5 err = 31.220000,	train_time = 11.319672
TRAIN Iter 79: loss = 0.002469,	Top-1 err = 45.910000,	Top-5 err = 26.190000,	train_time = 11.493848
TRAIN Iter 80: loss = 0.002517,	Top-1 err = 48.390000,	Top-5 err = 30.560000,	train_time = 11.590134
TRAIN Iter 81: loss = 0.002444,	Top-1 err = 43.760000,	Top-5 err = 25.180000,	train_time = 11.616287
TRAIN Iter 82: loss = 0.002475,	Top-1 err = 47.780000,	Top-5 err = 28.360000,	train_time = 11.582043
TRAIN Iter 83: loss = 0.002419,	Top-1 err = 45.150000,	Top-5 err = 25.610000,	train_time = 11.496367
TRAIN Iter 84: loss = 0.002462,	Top-1 err = 44.670000,	Top-5 err = 25.410000,	train_time = 11.448529
TRAIN Iter 85: loss = 0.002400,	Top-1 err = 45.160000,	Top-5 err = 27.230000,	train_time = 11.446275
TRAIN Iter 86: loss = 0.002390,	Top-1 err = 49.630000,	Top-5 err = 30.240000,	train_time = 11.456153
TRAIN Iter 87: loss = 0.002400,	Top-1 err = 44.540000,	Top-5 err = 25.120000,	train_time = 11.457906
TRAIN Iter 88: loss = 0.002391,	Top-1 err = 45.320000,	Top-5 err = 25.470000,	train_time = 11.420189
TRAIN Iter 89: loss = 0.002375,	Top-1 err = 48.150000,	Top-5 err = 29.710000,	train_time = 11.476656
TRAIN Iter 90: loss = 0.002339,	Top-1 err = 45.450000,	Top-5 err = 25.760000,	train_time = 11.511345
TRAIN Iter 91: loss = 0.002332,	Top-1 err = 46.630000,	Top-5 err = 25.950000,	train_time = 11.600495
TRAIN Iter 92: loss = 0.002296,	Top-1 err = 46.250000,	Top-5 err = 26.760000,	train_time = 11.517294
TRAIN Iter 93: loss = 0.002339,	Top-1 err = 49.190000,	Top-5 err = 29.790000,	train_time = 11.396182
TRAIN Iter 94: loss = 0.002322,	Top-1 err = 49.180000,	Top-5 err = 29.730000,	train_time = 11.422114
TRAIN Iter 95: loss = 0.002281,	Top-1 err = 47.230000,	Top-5 err = 27.900000,	train_time = 11.483772
TRAIN Iter 96: loss = 0.002317,	Top-1 err = 46.420000,	Top-5 err = 27.610000,	train_time = 11.384085
TRAIN Iter 97: loss = 0.002275,	Top-1 err = 51.160000,	Top-5 err = 31.560000,	train_time = 11.337571
TRAIN Iter 98: loss = 0.002249,	Top-1 err = 44.480000,	Top-5 err = 25.660000,	train_time = 11.348555
TRAIN Iter 99: loss = 0.002258,	Top-1 err = 40.030000,	Top-5 err = 22.230000,	train_time = 11.327580
TRAIN Iter 100: loss = 0.002217,	Top-1 err = 46.290000,	Top-5 err = 26.410000,	train_time = 11.317296
TRAIN Iter 101: loss = 0.002249,	Top-1 err = 48.440000,	Top-5 err = 28.880000,	train_time = 11.341208
TRAIN Iter 102: loss = 0.002208,	Top-1 err = 43.540000,	Top-5 err = 25.430000,	train_time = 11.429418
TRAIN Iter 103: loss = 0.002188,	Top-1 err = 48.020000,	Top-5 err = 27.540000,	train_time = 11.317738
TRAIN Iter 104: loss = 0.002256,	Top-1 err = 45.840000,	Top-5 err = 27.290000,	train_time = 11.548205
TRAIN Iter 105: loss = 0.002177,	Top-1 err = 48.460000,	Top-5 err = 28.410000,	train_time = 11.462490
TRAIN Iter 106: loss = 0.002207,	Top-1 err = 43.500000,	Top-5 err = 25.170000,	train_time = 11.420117
TRAIN Iter 107: loss = 0.002187,	Top-1 err = 49.720000,	Top-5 err = 30.220000,	train_time = 11.441947
TRAIN Iter 108: loss = 0.002118,	Top-1 err = 42.230000,	Top-5 err = 22.960000,	train_time = 11.511572
TRAIN Iter 109: loss = 0.002186,	Top-1 err = 51.800000,	Top-5 err = 32.700000,	train_time = 11.554866
TRAIN Iter 110: loss = 0.002134,	Top-1 err = 47.340000,	Top-5 err = 28.000000,	train_time = 11.547890
TRAIN Iter 111: loss = 0.002124,	Top-1 err = 43.760000,	Top-5 err = 25.060000,	train_time = 11.769228
TRAIN Iter 112: loss = 0.002149,	Top-1 err = 52.960000,	Top-5 err = 34.250000,	train_time = 11.688453
TRAIN Iter 113: loss = 0.002146,	Top-1 err = 49.090000,	Top-5 err = 31.210000,	train_time = 11.846350
TRAIN Iter 114: loss = 0.002141,	Top-1 err = 47.090000,	Top-5 err = 28.080000,	train_time = 11.616307
TRAIN Iter 115: loss = 0.002134,	Top-1 err = 44.780000,	Top-5 err = 26.690000,	train_time = 11.702476
TRAIN Iter 116: loss = 0.002077,	Top-1 err = 45.100000,	Top-5 err = 25.810000,	train_time = 11.517804
TRAIN Iter 117: loss = 0.002112,	Top-1 err = 47.060000,	Top-5 err = 29.430000,	train_time = 11.660558
TRAIN Iter 118: loss = 0.002090,	Top-1 err = 50.650000,	Top-5 err = 31.820000,	train_time = 11.679432
TRAIN Iter 119: loss = 0.002065,	Top-1 err = 53.740000,	Top-5 err = 34.320000,	train_time = 11.556609
TRAIN Iter 120: loss = 0.002055,	Top-1 err = 46.860000,	Top-5 err = 27.990000,	train_time = 11.578189
TRAIN Iter 121: loss = 0.002032,	Top-1 err = 44.330000,	Top-5 err = 25.070000,	train_time = 11.569024
TRAIN Iter 122: loss = 0.002081,	Top-1 err = 45.560000,	Top-5 err = 26.260000,	train_time = 11.512944
TRAIN Iter 123: loss = 0.002059,	Top-1 err = 47.500000,	Top-5 err = 28.080000,	train_time = 11.698032
TRAIN Iter 124: loss = 0.002037,	Top-1 err = 49.090000,	Top-5 err = 29.690000,	train_time = 11.635935
TRAIN Iter 125: loss = 0.002014,	Top-1 err = 45.620000,	Top-5 err = 28.090000,	train_time = 11.728861
TRAIN Iter 126: loss = 0.002036,	Top-1 err = 45.050000,	Top-5 err = 26.490000,	train_time = 11.724469
TRAIN Iter 127: loss = 0.001985,	Top-1 err = 49.410000,	Top-5 err = 29.920000,	train_time = 11.662251
TRAIN Iter 128: loss = 0.001975,	Top-1 err = 44.120000,	Top-5 err = 25.080000,	train_time = 11.636189
TRAIN Iter 129: loss = 0.001990,	Top-1 err = 44.250000,	Top-5 err = 27.100000,	train_time = 11.639709
TRAIN Iter 130: loss = 0.001966,	Top-1 err = 40.000000,	Top-5 err = 21.680000,	train_time = 11.667252
TRAIN Iter 131: loss = 0.001998,	Top-1 err = 45.800000,	Top-5 err = 27.280000,	train_time = 11.486801
TRAIN Iter 132: loss = 0.001941,	Top-1 err = 48.960000,	Top-5 err = 31.280000,	train_time = 11.564064
TRAIN Iter 133: loss = 0.001959,	Top-1 err = 45.000000,	Top-5 err = 26.040000,	train_time = 11.482986
TRAIN Iter 134: loss = 0.001972,	Top-1 err = 49.020000,	Top-5 err = 30.890000,	train_time = 11.665571
TRAIN Iter 135: loss = 0.001904,	Top-1 err = 48.320000,	Top-5 err = 28.730000,	train_time = 11.644377
TRAIN Iter 136: loss = 0.001992,	Top-1 err = 49.310000,	Top-5 err = 30.100000,	train_time = 11.555011
TRAIN Iter 137: loss = 0.001882,	Top-1 err = 44.060000,	Top-5 err = 25.240000,	train_time = 11.619151
TRAIN Iter 138: loss = 0.001941,	Top-1 err = 41.980000,	Top-5 err = 24.500000,	train_time = 11.535155
TRAIN Iter 139: loss = 0.001928,	Top-1 err = 45.650000,	Top-5 err = 27.790000,	train_time = 11.461416
TRAIN Iter 140: loss = 0.001891,	Top-1 err = 48.270000,	Top-5 err = 29.700000,	train_time = 11.546638
TRAIN Iter 141: loss = 0.001888,	Top-1 err = 45.640000,	Top-5 err = 27.980000,	train_time = 11.524924
TRAIN Iter 142: loss = 0.001903,	Top-1 err = 48.570000,	Top-5 err = 29.090000,	train_time = 11.598121
TRAIN Iter 143: loss = 0.001840,	Top-1 err = 47.150000,	Top-5 err = 27.410000,	train_time = 11.626494
TRAIN Iter 144: loss = 0.001831,	Top-1 err = 45.510000,	Top-5 err = 26.030000,	train_time = 11.570767
TRAIN Iter 145: loss = 0.001842,	Top-1 err = 44.330000,	Top-5 err = 25.590000,	train_time = 11.749779
TRAIN Iter 146: loss = 0.001806,	Top-1 err = 46.340000,	Top-5 err = 27.770000,	train_time = 11.658126
TRAIN Iter 147: loss = 0.001853,	Top-1 err = 42.330000,	Top-5 err = 24.360000,	train_time = 11.668341
TRAIN Iter 148: loss = 0.001847,	Top-1 err = 46.370000,	Top-5 err = 28.330000,	train_time = 11.690112
TRAIN Iter 149: loss = 0.001809,	Top-1 err = 42.080000,	Top-5 err = 23.790000,	train_time = 11.665949
TRAIN Iter 150: loss = 0.001768,	Top-1 err = 41.470000,	Top-5 err = 22.550000,	train_time = 11.600300
TRAIN Iter 151: loss = 0.001791,	Top-1 err = 48.570000,	Top-5 err = 29.960000,	train_time = 11.647521
TRAIN Iter 152: loss = 0.001825,	Top-1 err = 47.530000,	Top-5 err = 29.880000,	train_time = 11.667014
TRAIN Iter 153: loss = 0.001763,	Top-1 err = 40.730000,	Top-5 err = 22.850000,	train_time = 11.570741
TRAIN Iter 154: loss = 0.001778,	Top-1 err = 45.700000,	Top-5 err = 26.940000,	train_time = 11.585599
TRAIN Iter 155: loss = 0.001740,	Top-1 err = 44.510000,	Top-5 err = 24.430000,	train_time = 11.663680
TRAIN Iter 156: loss = 0.001733,	Top-1 err = 45.300000,	Top-5 err = 26.400000,	train_time = 11.641690
TRAIN Iter 157: loss = 0.001736,	Top-1 err = 49.050000,	Top-5 err = 31.420000,	train_time = 11.615317
TRAIN Iter 158: loss = 0.001711,	Top-1 err = 41.110000,	Top-5 err = 22.110000,	train_time = 11.586554
TRAIN Iter 159: loss = 0.001720,	Top-1 err = 40.780000,	Top-5 err = 23.680000,	train_time = 11.565082
TRAIN Iter 160: loss = 0.001742,	Top-1 err = 47.590000,	Top-5 err = 29.830000,	train_time = 11.677439
TRAIN Iter 161: loss = 0.001744,	Top-1 err = 46.350000,	Top-5 err = 28.310000,	train_time = 11.549608
TRAIN Iter 162: loss = 0.001711,	Top-1 err = 46.700000,	Top-5 err = 28.700000,	train_time = 11.700978
TRAIN Iter 163: loss = 0.001742,	Top-1 err = 49.480000,	Top-5 err = 31.400000,	train_time = 11.740341
TRAIN Iter 164: loss = 0.001713,	Top-1 err = 51.580000,	Top-5 err = 32.110000,	train_time = 11.696681
TRAIN Iter 165: loss = 0.001658,	Top-1 err = 44.160000,	Top-5 err = 25.520000,	train_time = 11.692532
TRAIN Iter 166: loss = 0.001656,	Top-1 err = 39.230000,	Top-5 err = 21.340000,	train_time = 11.628451
TRAIN Iter 167: loss = 0.001673,	Top-1 err = 47.180000,	Top-5 err = 29.400000,	train_time = 11.551847
TRAIN Iter 168: loss = 0.001679,	Top-1 err = 48.540000,	Top-5 err = 30.930000,	train_time = 11.523682
TRAIN Iter 169: loss = 0.001703,	Top-1 err = 41.420000,	Top-5 err = 24.480000,	train_time = 11.603249
TRAIN Iter 170: loss = 0.001675,	Top-1 err = 38.860000,	Top-5 err = 21.760000,	train_time = 11.435370
TRAIN Iter 171: loss = 0.001629,	Top-1 err = 45.690000,	Top-5 err = 25.270000,	train_time = 11.475565
TRAIN Iter 172: loss = 0.001611,	Top-1 err = 45.930000,	Top-5 err = 27.770000,	train_time = 11.500192
TRAIN Iter 173: loss = 0.001609,	Top-1 err = 42.500000,	Top-5 err = 24.800000,	train_time = 11.586754
TRAIN Iter 174: loss = 0.001668,	Top-1 err = 49.380000,	Top-5 err = 30.710000,	train_time = 11.477585
TRAIN Iter 175: loss = 0.001645,	Top-1 err = 44.270000,	Top-5 err = 25.710000,	train_time = 11.396227
TRAIN Iter 176: loss = 0.001599,	Top-1 err = 49.770000,	Top-5 err = 31.000000,	train_time = 11.440499
TRAIN Iter 177: loss = 0.001632,	Top-1 err = 46.810000,	Top-5 err = 28.060000,	train_time = 11.370778
TRAIN Iter 178: loss = 0.001552,	Top-1 err = 44.490000,	Top-5 err = 25.490000,	train_time = 11.414184
TRAIN Iter 179: loss = 0.001571,	Top-1 err = 50.080000,	Top-5 err = 31.360000,	train_time = 11.547514
TRAIN Iter 180: loss = 0.001554,	Top-1 err = 44.830000,	Top-5 err = 26.290000,	train_time = 11.540306
TRAIN Iter 181: loss = 0.001560,	Top-1 err = 46.810000,	Top-5 err = 28.800000,	train_time = 11.522071
TRAIN Iter 182: loss = 0.001549,	Top-1 err = 38.250000,	Top-5 err = 22.250000,	train_time = 11.420085
TRAIN Iter 183: loss = 0.001532,	Top-1 err = 42.220000,	Top-5 err = 24.090000,	train_time = 11.575030
TRAIN Iter 184: loss = 0.001534,	Top-1 err = 49.040000,	Top-5 err = 29.510000,	train_time = 11.459541
TRAIN Iter 185: loss = 0.001535,	Top-1 err = 46.060000,	Top-5 err = 26.840000,	train_time = 11.410915
TRAIN Iter 186: loss = 0.001521,	Top-1 err = 46.750000,	Top-5 err = 28.340000,	train_time = 11.489409
TRAIN Iter 187: loss = 0.001517,	Top-1 err = 50.260000,	Top-5 err = 31.210000,	train_time = 11.491898
TRAIN Iter 188: loss = 0.001543,	Top-1 err = 40.520000,	Top-5 err = 22.680000,	train_time = 11.565169
TRAIN Iter 189: loss = 0.001522,	Top-1 err = 41.840000,	Top-5 err = 25.260000,	train_time = 11.551756
TRAIN Iter 190: loss = 0.001498,	Top-1 err = 46.930000,	Top-5 err = 29.620000,	train_time = 11.732265
TRAIN Iter 191: loss = 0.001485,	Top-1 err = 42.870000,	Top-5 err = 24.450000,	train_time = 11.723010
TRAIN Iter 192: loss = 0.001490,	Top-1 err = 49.050000,	Top-5 err = 29.450000,	train_time = 11.836387
TRAIN Iter 193: loss = 0.001473,	Top-1 err = 37.510000,	Top-5 err = 20.970000,	train_time = 11.774648
TRAIN Iter 194: loss = 0.001504,	Top-1 err = 45.030000,	Top-5 err = 28.730000,	train_time = 11.857350
TRAIN Iter 195: loss = 0.001504,	Top-1 err = 48.920000,	Top-5 err = 31.390000,	train_time = 11.822707
TRAIN Iter 196: loss = 0.001471,	Top-1 err = 44.250000,	Top-5 err = 26.800000,	train_time = 11.787595
TRAIN Iter 197: loss = 0.001445,	Top-1 err = 46.220000,	Top-5 err = 28.490000,	train_time = 11.848211
TRAIN Iter 198: loss = 0.001436,	Top-1 err = 45.220000,	Top-5 err = 26.750000,	train_time = 11.898217
TRAIN Iter 199: loss = 0.001491,	Top-1 err = 44.370000,	Top-5 err = 27.230000,	train_time = 11.967937
TRAIN Iter 200: loss = 0.001478,	Top-1 err = 41.470000,	Top-5 err = 23.230000,	train_time = 11.948696
TRAIN Iter 201: loss = 0.001446,	Top-1 err = 43.700000,	Top-5 err = 25.290000,	train_time = 11.919776
TRAIN Iter 202: loss = 0.001429,	Top-1 err = 45.540000,	Top-5 err = 27.050000,	train_time = 11.922623
TRAIN Iter 203: loss = 0.001388,	Top-1 err = 41.840000,	Top-5 err = 23.710000,	train_time = 11.896986
TRAIN Iter 204: loss = 0.001421,	Top-1 err = 43.420000,	Top-5 err = 26.360000,	train_time = 11.985728
TRAIN Iter 205: loss = 0.001411,	Top-1 err = 45.990000,	Top-5 err = 28.020000,	train_time = 11.942302
TRAIN Iter 206: loss = 0.001385,	Top-1 err = 44.380000,	Top-5 err = 26.950000,	train_time = 11.918164
TRAIN Iter 207: loss = 0.001409,	Top-1 err = 49.230000,	Top-5 err = 31.090000,	train_time = 11.858432
TRAIN Iter 208: loss = 0.001405,	Top-1 err = 39.810000,	Top-5 err = 23.530000,	train_time = 11.695975
TRAIN Iter 209: loss = 0.001387,	Top-1 err = 46.650000,	Top-5 err = 27.670000,	train_time = 11.869034
TRAIN Iter 210: loss = 0.001380,	Top-1 err = 43.670000,	Top-5 err = 26.600000,	train_time = 11.914205
TRAIN Iter 211: loss = 0.001346,	Top-1 err = 48.380000,	Top-5 err = 30.580000,	train_time = 11.899333
TRAIN Iter 212: loss = 0.001395,	Top-1 err = 46.710000,	Top-5 err = 28.060000,	train_time = 11.940579
TRAIN Iter 213: loss = 0.001353,	Top-1 err = 51.230000,	Top-5 err = 31.240000,	train_time = 12.017517
TRAIN Iter 214: loss = 0.001371,	Top-1 err = 36.030000,	Top-5 err = 17.670000,	train_time = 11.865344
TRAIN Iter 215: loss = 0.001366,	Top-1 err = 37.930000,	Top-5 err = 21.590000,	train_time = 11.924276
TRAIN Iter 216: loss = 0.001319,	Top-1 err = 40.990000,	Top-5 err = 22.470000,	train_time = 11.851894
TRAIN Iter 217: loss = 0.001318,	Top-1 err = 39.070000,	Top-5 err = 21.890000,	train_time = 11.822972
TRAIN Iter 218: loss = 0.001294,	Top-1 err = 45.670000,	Top-5 err = 25.390000,	train_time = 11.851145
TRAIN Iter 219: loss = 0.001312,	Top-1 err = 43.640000,	Top-5 err = 26.250000,	train_time = 11.783991
TRAIN Iter 220: loss = 0.001312,	Top-1 err = 41.430000,	Top-5 err = 25.240000,	train_time = 11.937146
TRAIN Iter 221: loss = 0.001336,	Top-1 err = 48.950000,	Top-5 err = 29.480000,	train_time = 11.925520
TRAIN Iter 222: loss = 0.001289,	Top-1 err = 39.780000,	Top-5 err = 22.440000,	train_time = 11.937459
TRAIN Iter 223: loss = 0.001281,	Top-1 err = 43.290000,	Top-5 err = 25.580000,	train_time = 11.943737
TRAIN Iter 224: loss = 0.001293,	Top-1 err = 42.110000,	Top-5 err = 25.150000,	train_time = 11.947766
TRAIN Iter 225: loss = 0.001271,	Top-1 err = 41.410000,	Top-5 err = 23.450000,	train_time = 11.861881
TRAIN Iter 226: loss = 0.001305,	Top-1 err = 43.760000,	Top-5 err = 26.240000,	train_time = 11.902318
TRAIN Iter 227: loss = 0.001272,	Top-1 err = 43.090000,	Top-5 err = 24.030000,	train_time = 11.939670
TRAIN Iter 228: loss = 0.001275,	Top-1 err = 42.070000,	Top-5 err = 26.840000,	train_time = 11.925391
TRAIN Iter 229: loss = 0.001262,	Top-1 err = 42.060000,	Top-5 err = 24.010000,	train_time = 11.955511
TRAIN Iter 230: loss = 0.001311,	Top-1 err = 45.310000,	Top-5 err = 28.090000,	train_time = 12.004347
TRAIN Iter 231: loss = 0.001225,	Top-1 err = 44.190000,	Top-5 err = 26.490000,	train_time = 12.033878
TRAIN Iter 232: loss = 0.001224,	Top-1 err = 43.530000,	Top-5 err = 26.100000,	train_time = 11.996250
TRAIN Iter 233: loss = 0.001262,	Top-1 err = 45.450000,	Top-5 err = 27.330000,	train_time = 11.908442
TRAIN Iter 234: loss = 0.001254,	Top-1 err = 44.420000,	Top-5 err = 27.120000,	train_time = 11.862358
TRAIN Iter 235: loss = 0.001240,	Top-1 err = 45.860000,	Top-5 err = 28.140000,	train_time = 11.823715
TRAIN Iter 236: loss = 0.001225,	Top-1 err = 45.020000,	Top-5 err = 28.050000,	train_time = 11.827837
TRAIN Iter 237: loss = 0.001222,	Top-1 err = 41.740000,	Top-5 err = 24.700000,	train_time = 11.827828
TRAIN Iter 238: loss = 0.001245,	Top-1 err = 42.200000,	Top-5 err = 23.610000,	train_time = 11.786733
TRAIN Iter 239: loss = 0.001251,	Top-1 err = 44.870000,	Top-5 err = 27.860000,	train_time = 11.779217
TRAIN Iter 240: loss = 0.001208,	Top-1 err = 47.620000,	Top-5 err = 29.570000,	train_time = 11.756037
TRAIN Iter 241: loss = 0.001210,	Top-1 err = 45.740000,	Top-5 err = 27.980000,	train_time = 11.825903
TRAIN Iter 242: loss = 0.001185,	Top-1 err = 44.530000,	Top-5 err = 25.160000,	train_time = 11.789240
TRAIN Iter 243: loss = 0.001176,	Top-1 err = 41.610000,	Top-5 err = 23.000000,	train_time = 11.862551
TRAIN Iter 244: loss = 0.001182,	Top-1 err = 39.890000,	Top-5 err = 23.680000,	train_time = 11.839730
TRAIN Iter 245: loss = 0.001173,	Top-1 err = 43.420000,	Top-5 err = 26.190000,	train_time = 11.886696
TRAIN Iter 246: loss = 0.001165,	Top-1 err = 48.420000,	Top-5 err = 29.940000,	train_time = 11.990982
TRAIN Iter 247: loss = 0.001177,	Top-1 err = 46.040000,	Top-5 err = 28.860000,	train_time = 11.743670
TRAIN Iter 248: loss = 0.001195,	Top-1 err = 43.320000,	Top-5 err = 26.020000,	train_time = 11.756819
TRAIN Iter 249: loss = 0.001157,	Top-1 err = 42.490000,	Top-5 err = 25.200000,	train_time = 11.832415
TEST:
Iter 249: loss = 2.233185,	Top-1 err = 51.930000,	Top-5 err = 26.340000,	val_time = 2.394565
TRAIN Iter 250: loss = 0.001173,	Top-1 err = 35.740000,	Top-5 err = 18.080000,	train_time = 11.771030
TRAIN Iter 251: loss = 0.001158,	Top-1 err = 40.920000,	Top-5 err = 23.320000,	train_time = 11.750013
TRAIN Iter 252: loss = 0.001123,	Top-1 err = 40.770000,	Top-5 err = 22.460000,	train_time = 11.748312
TRAIN Iter 253: loss = 0.001154,	Top-1 err = 41.130000,	Top-5 err = 24.290000,	train_time = 11.778500
TRAIN Iter 254: loss = 0.001175,	Top-1 err = 39.410000,	Top-5 err = 23.560000,	train_time = 11.770307
TRAIN Iter 255: loss = 0.001149,	Top-1 err = 43.460000,	Top-5 err = 26.410000,	train_time = 11.726664
TRAIN Iter 256: loss = 0.001154,	Top-1 err = 40.790000,	Top-5 err = 23.790000,	train_time = 11.815533
TRAIN Iter 257: loss = 0.001133,	Top-1 err = 41.550000,	Top-5 err = 24.120000,	train_time = 11.877304
TRAIN Iter 258: loss = 0.001087,	Top-1 err = 37.860000,	Top-5 err = 20.050000,	train_time = 11.828845
TRAIN Iter 259: loss = 0.001103,	Top-1 err = 43.180000,	Top-5 err = 26.060000,	train_time = 11.752316
TEST:
Iter 259: loss = 2.227888,	Top-1 err = 51.750000,	Top-5 err = 26.540000,	val_time = 2.432493
TRAIN Iter 260: loss = 0.001099,	Top-1 err = 45.370000,	Top-5 err = 26.800000,	train_time = 11.866719
TRAIN Iter 261: loss = 0.001086,	Top-1 err = 38.660000,	Top-5 err = 23.490000,	train_time = 11.884154
TRAIN Iter 262: loss = 0.001148,	Top-1 err = 42.810000,	Top-5 err = 26.360000,	train_time = 11.927075
TRAIN Iter 263: loss = 0.001087,	Top-1 err = 40.350000,	Top-5 err = 23.990000,	train_time = 11.886386
TRAIN Iter 264: loss = 0.001136,	Top-1 err = 43.800000,	Top-5 err = 26.780000,	train_time = 11.923386
TRAIN Iter 265: loss = 0.001066,	Top-1 err = 39.920000,	Top-5 err = 23.340000,	train_time = 11.933114
TRAIN Iter 266: loss = 0.001105,	Top-1 err = 48.390000,	Top-5 err = 30.740000,	train_time = 12.059144
TRAIN Iter 267: loss = 0.001072,	Top-1 err = 41.500000,	Top-5 err = 23.570000,	train_time = 11.938068
TRAIN Iter 268: loss = 0.001087,	Top-1 err = 45.540000,	Top-5 err = 27.700000,	train_time = 12.019631
TRAIN Iter 269: loss = 0.001042,	Top-1 err = 42.430000,	Top-5 err = 24.700000,	train_time = 11.905064
TEST:
Iter 269: loss = 2.232735,	Top-1 err = 52.020000,	Top-5 err = 26.600000,	val_time = 2.396639
TRAIN Iter 270: loss = 0.001092,	Top-1 err = 44.630000,	Top-5 err = 28.240000,	train_time = 11.962364
TRAIN Iter 271: loss = 0.001067,	Top-1 err = 44.300000,	Top-5 err = 26.540000,	train_time = 11.987452
TRAIN Iter 272: loss = 0.001042,	Top-1 err = 47.930000,	Top-5 err = 30.040000,	train_time = 12.039778
TRAIN Iter 273: loss = 0.001063,	Top-1 err = 47.500000,	Top-5 err = 29.310000,	train_time = 11.964824
TRAIN Iter 274: loss = 0.001048,	Top-1 err = 41.200000,	Top-5 err = 23.750000,	train_time = 11.966653
TRAIN Iter 275: loss = 0.001054,	Top-1 err = 47.900000,	Top-5 err = 29.770000,	train_time = 11.980299
TRAIN Iter 276: loss = 0.001026,	Top-1 err = 38.760000,	Top-5 err = 22.040000,	train_time = 11.963820
TRAIN Iter 277: loss = 0.001006,	Top-1 err = 42.760000,	Top-5 err = 23.690000,	train_time = 12.065407
TRAIN Iter 278: loss = 0.001037,	Top-1 err = 38.030000,	Top-5 err = 20.260000,	train_time = 11.998314
TRAIN Iter 279: loss = 0.001005,	Top-1 err = 45.300000,	Top-5 err = 27.380000,	train_time = 11.966312
TEST:
Iter 279: loss = 2.216534,	Top-1 err = 51.680000,	Top-5 err = 25.960000,	val_time = 2.421414
TRAIN Iter 280: loss = 0.001036,	Top-1 err = 44.430000,	Top-5 err = 27.110000,	train_time = 12.009844
TRAIN Iter 281: loss = 0.001007,	Top-1 err = 45.430000,	Top-5 err = 26.530000,	train_time = 11.933516
TRAIN Iter 282: loss = 0.001043,	Top-1 err = 39.110000,	Top-5 err = 23.210000,	train_time = 11.957604
TRAIN Iter 283: loss = 0.001012,	Top-1 err = 42.280000,	Top-5 err = 24.090000,	train_time = 11.993135
TRAIN Iter 284: loss = 0.001037,	Top-1 err = 37.860000,	Top-5 err = 23.140000,	train_time = 12.022258
TRAIN Iter 285: loss = 0.001004,	Top-1 err = 45.590000,	Top-5 err = 26.310000,	train_time = 12.052367
TRAIN Iter 286: loss = 0.001009,	Top-1 err = 41.170000,	Top-5 err = 24.910000,	train_time = 11.906283
TRAIN Iter 287: loss = 0.001007,	Top-1 err = 39.230000,	Top-5 err = 22.590000,	train_time = 11.817865
TRAIN Iter 288: loss = 0.001007,	Top-1 err = 46.480000,	Top-5 err = 27.770000,	train_time = 11.835325
TRAIN Iter 289: loss = 0.000977,	Top-1 err = 39.340000,	Top-5 err = 23.270000,	train_time = 11.930331
TEST:
Iter 289: loss = 2.206153,	Top-1 err = 51.810000,	Top-5 err = 26.080000,	val_time = 2.331537
TRAIN Iter 290: loss = 0.000992,	Top-1 err = 42.310000,	Top-5 err = 26.280000,	train_time = 12.011379
TRAIN Iter 291: loss = 0.000988,	Top-1 err = 47.480000,	Top-5 err = 28.480000,	train_time = 11.885120
TRAIN Iter 292: loss = 0.000979,	Top-1 err = 40.430000,	Top-5 err = 22.300000,	train_time = 11.830718
TRAIN Iter 293: loss = 0.000975,	Top-1 err = 40.290000,	Top-5 err = 23.620000,	train_time = 11.754871
TRAIN Iter 294: loss = 0.001001,	Top-1 err = 47.170000,	Top-5 err = 28.710000,	train_time = 11.961577
TRAIN Iter 295: loss = 0.000985,	Top-1 err = 40.220000,	Top-5 err = 23.920000,	train_time = 11.794852
TRAIN Iter 296: loss = 0.000953,	Top-1 err = 41.080000,	Top-5 err = 23.880000,	train_time = 11.882454
TRAIN Iter 297: loss = 0.000951,	Top-1 err = 41.090000,	Top-5 err = 22.710000,	train_time = 11.881442
TRAIN Iter 298: loss = 0.000933,	Top-1 err = 42.740000,	Top-5 err = 24.740000,	train_time = 11.832234
TRAIN Iter 299: loss = 0.000918,	Top-1 err = 41.240000,	Top-5 err = 23.270000,	train_time = 11.868092
TEST:
Iter 299: loss = 2.193049,	Top-1 err = 51.070000,	Top-5 err = 25.850000,	val_time = 2.389533
Train Finish! Best accuracy is 48.93@299
