/home/dvspanos/miniconda3/envs/rded/lib/python3.10/site-packages/torchvision/models/_utils.py:208: UserWarning: The parameter 'pretrained' is deprecated since 0.13 and may be removed in the future, please use 'weights' instead.
  warnings.warn(
/home/dvspanos/miniconda3/envs/rded/lib/python3.10/site-packages/torchvision/models/_utils.py:223: UserWarning: Arguments other than a weight enum or `None` for 'weights' are deprecated since 0.13 and may be removed in the future. The current behavior is equivalent to passing `weights=None`.
  warnings.warn(msg)
=> using pytorch pre-trained teacher model 'resnet18_modified'
process data from /home/dvspanos/nikos/ca2d/artifacts/sets/bench_tin_rn18_sharp2d_ipc10
load data successfully
TRAIN Iter 0: loss = 0.018355,	Top-1 err = 99.150000,	Top-5 err = 95.450000,	train_time = 4.461086
TRAIN Iter 1: loss = 0.017592,	Top-1 err = 98.600000,	Top-5 err = 93.050000,	train_time = 2.860377
TRAIN Iter 2: loss = 0.018012,	Top-1 err = 97.200000,	Top-5 err = 90.950000,	train_time = 2.871403
TRAIN Iter 3: loss = 0.017505,	Top-1 err = 97.300000,	Top-5 err = 88.850000,	train_time = 2.880854
TRAIN Iter 4: loss = 0.015662,	Top-1 err = 96.950000,	Top-5 err = 87.800000,	train_time = 2.886605
TRAIN Iter 5: loss = 0.016874,	Top-1 err = 96.050000,	Top-5 err = 86.100000,	train_time = 2.966496
TRAIN Iter 6: loss = 0.015735,	Top-1 err = 95.050000,	Top-5 err = 85.300000,	train_time = 2.901860
TRAIN Iter 7: loss = 0.017410,	Top-1 err = 95.150000,	Top-5 err = 82.650000,	train_time = 2.927866
TRAIN Iter 8: loss = 0.013636,	Top-1 err = 95.400000,	Top-5 err = 84.300000,	train_time = 2.920994
TRAIN Iter 9: loss = 0.014170,	Top-1 err = 93.700000,	Top-5 err = 81.900000,	train_time = 2.959740
TRAIN Iter 10: loss = 0.015328,	Top-1 err = 93.700000,	Top-5 err = 79.100000,	train_time = 2.947205
TRAIN Iter 11: loss = 0.014832,	Top-1 err = 93.400000,	Top-5 err = 80.200000,	train_time = 3.186486
TRAIN Iter 12: loss = 0.016377,	Top-1 err = 89.700000,	Top-5 err = 71.200000,	train_time = 2.959733
TRAIN Iter 13: loss = 0.014633,	Top-1 err = 90.350000,	Top-5 err = 73.500000,	train_time = 2.976494
TRAIN Iter 14: loss = 0.014639,	Top-1 err = 90.650000,	Top-5 err = 74.200000,	train_time = 3.030761
TRAIN Iter 15: loss = 0.013385,	Top-1 err = 91.050000,	Top-5 err = 74.750000,	train_time = 2.977581
TRAIN Iter 16: loss = 0.014851,	Top-1 err = 89.200000,	Top-5 err = 72.150000,	train_time = 3.133643
TRAIN Iter 17: loss = 0.013573,	Top-1 err = 89.500000,	Top-5 err = 71.600000,	train_time = 3.007871
TRAIN Iter 18: loss = 0.013546,	Top-1 err = 90.600000,	Top-5 err = 74.900000,	train_time = 2.975177
TRAIN Iter 19: loss = 0.013409,	Top-1 err = 90.500000,	Top-5 err = 75.000000,	train_time = 2.950572
TRAIN Iter 20: loss = 0.013306,	Top-1 err = 87.650000,	Top-5 err = 68.300000,	train_time = 3.117558
TRAIN Iter 21: loss = 0.012457,	Top-1 err = 89.050000,	Top-5 err = 73.650000,	train_time = 3.095763
TRAIN Iter 22: loss = 0.013650,	Top-1 err = 86.250000,	Top-5 err = 67.150000,	train_time = 3.209317
TRAIN Iter 23: loss = 0.012952,	Top-1 err = 85.150000,	Top-5 err = 62.600000,	train_time = 3.229863
TRAIN Iter 24: loss = 0.013585,	Top-1 err = 82.800000,	Top-5 err = 61.350000,	train_time = 3.104756
TRAIN Iter 25: loss = 0.013090,	Top-1 err = 85.150000,	Top-5 err = 62.750000,	train_time = 3.096908
TRAIN Iter 26: loss = 0.011138,	Top-1 err = 86.100000,	Top-5 err = 67.750000,	train_time = 2.988090
TRAIN Iter 27: loss = 0.011821,	Top-1 err = 83.550000,	Top-5 err = 60.950000,	train_time = 3.006976
TRAIN Iter 28: loss = 0.011792,	Top-1 err = 85.800000,	Top-5 err = 66.800000,	train_time = 3.029287
TRAIN Iter 29: loss = 0.011624,	Top-1 err = 81.750000,	Top-5 err = 61.000000,	train_time = 3.151769
TRAIN Iter 30: loss = 0.011737,	Top-1 err = 84.300000,	Top-5 err = 66.100000,	train_time = 3.024550
TRAIN Iter 31: loss = 0.011480,	Top-1 err = 79.750000,	Top-5 err = 55.000000,	train_time = 3.030059
TRAIN Iter 32: loss = 0.010985,	Top-1 err = 81.250000,	Top-5 err = 59.000000,	train_time = 3.045560
TRAIN Iter 33: loss = 0.012970,	Top-1 err = 74.750000,	Top-5 err = 50.100000,	train_time = 3.207703
TRAIN Iter 34: loss = 0.012078,	Top-1 err = 76.800000,	Top-5 err = 53.450000,	train_time = 3.080187
TRAIN Iter 35: loss = 0.010814,	Top-1 err = 78.100000,	Top-5 err = 54.050000,	train_time = 3.038969
TRAIN Iter 36: loss = 0.010342,	Top-1 err = 81.100000,	Top-5 err = 61.200000,	train_time = 3.014123
TRAIN Iter 37: loss = 0.010887,	Top-1 err = 74.300000,	Top-5 err = 48.800000,	train_time = 3.144953
TRAIN Iter 38: loss = 0.010158,	Top-1 err = 76.950000,	Top-5 err = 52.650000,	train_time = 3.010979
TRAIN Iter 39: loss = 0.010455,	Top-1 err = 76.050000,	Top-5 err = 53.650000,	train_time = 3.080999
TRAIN Iter 40: loss = 0.010102,	Top-1 err = 70.700000,	Top-5 err = 44.250000,	train_time = 3.060317
TRAIN Iter 41: loss = 0.011572,	Top-1 err = 63.800000,	Top-5 err = 35.150000,	train_time = 3.017811
TRAIN Iter 42: loss = 0.010370,	Top-1 err = 73.050000,	Top-5 err = 49.150000,	train_time = 3.004749
TRAIN Iter 43: loss = 0.010634,	Top-1 err = 72.100000,	Top-5 err = 48.850000,	train_time = 3.009785
TRAIN Iter 44: loss = 0.010815,	Top-1 err = 71.450000,	Top-5 err = 47.150000,	train_time = 3.032208
TRAIN Iter 45: loss = 0.010341,	Top-1 err = 71.500000,	Top-5 err = 48.400000,	train_time = 2.994066
TRAIN Iter 46: loss = 0.010575,	Top-1 err = 65.100000,	Top-5 err = 40.550000,	train_time = 3.104094
TRAIN Iter 47: loss = 0.010190,	Top-1 err = 71.850000,	Top-5 err = 49.500000,	train_time = 3.037879
TRAIN Iter 48: loss = 0.010102,	Top-1 err = 71.950000,	Top-5 err = 51.150000,	train_time = 3.094035
TRAIN Iter 49: loss = 0.008970,	Top-1 err = 75.650000,	Top-5 err = 54.400000,	train_time = 3.141055
TRAIN Iter 50: loss = 0.010633,	Top-1 err = 64.050000,	Top-5 err = 36.600000,	train_time = 3.027250
TRAIN Iter 51: loss = 0.009278,	Top-1 err = 62.200000,	Top-5 err = 34.450000,	train_time = 3.038934
TRAIN Iter 52: loss = 0.009190,	Top-1 err = 70.850000,	Top-5 err = 49.800000,	train_time = 3.259630
TRAIN Iter 53: loss = 0.009277,	Top-1 err = 68.800000,	Top-5 err = 45.350000,	train_time = 3.159191
TRAIN Iter 54: loss = 0.009741,	Top-1 err = 53.250000,	Top-5 err = 26.100000,	train_time = 3.129960
TRAIN Iter 55: loss = 0.009500,	Top-1 err = 65.550000,	Top-5 err = 42.350000,	train_time = 3.097393
TRAIN Iter 56: loss = 0.009615,	Top-1 err = 58.200000,	Top-5 err = 32.700000,	train_time = 2.976540
TRAIN Iter 57: loss = 0.009544,	Top-1 err = 59.900000,	Top-5 err = 37.900000,	train_time = 3.062397
TRAIN Iter 58: loss = 0.009051,	Top-1 err = 62.450000,	Top-5 err = 42.400000,	train_time = 3.113547
TRAIN Iter 59: loss = 0.009182,	Top-1 err = 57.950000,	Top-5 err = 36.550000,	train_time = 3.315364
TRAIN Iter 60: loss = 0.009084,	Top-1 err = 62.400000,	Top-5 err = 41.100000,	train_time = 3.042912
TRAIN Iter 61: loss = 0.009194,	Top-1 err = 48.900000,	Top-5 err = 24.650000,	train_time = 3.172323
TRAIN Iter 62: loss = 0.008837,	Top-1 err = 68.100000,	Top-5 err = 47.600000,	train_time = 3.029709
TRAIN Iter 63: loss = 0.008601,	Top-1 err = 59.200000,	Top-5 err = 38.250000,	train_time = 3.084371
TRAIN Iter 64: loss = 0.008165,	Top-1 err = 53.700000,	Top-5 err = 27.650000,	train_time = 3.208365
TRAIN Iter 65: loss = 0.008265,	Top-1 err = 51.200000,	Top-5 err = 28.100000,	train_time = 3.144360
TRAIN Iter 66: loss = 0.008770,	Top-1 err = 47.450000,	Top-5 err = 24.700000,	train_time = 3.220408
TRAIN Iter 67: loss = 0.008342,	Top-1 err = 55.550000,	Top-5 err = 33.000000,	train_time = 3.018659
TRAIN Iter 68: loss = 0.008570,	Top-1 err = 57.200000,	Top-5 err = 36.300000,	train_time = 3.064237
TRAIN Iter 69: loss = 0.008621,	Top-1 err = 42.200000,	Top-5 err = 18.500000,	train_time = 3.066770
TRAIN Iter 70: loss = 0.007909,	Top-1 err = 59.650000,	Top-5 err = 41.100000,	train_time = 3.003118
TRAIN Iter 71: loss = 0.008420,	Top-1 err = 49.300000,	Top-5 err = 25.700000,	train_time = 3.229665
TRAIN Iter 72: loss = 0.007990,	Top-1 err = 48.450000,	Top-5 err = 28.400000,	train_time = 3.207502
TRAIN Iter 73: loss = 0.007563,	Top-1 err = 54.100000,	Top-5 err = 31.550000,	train_time = 3.077392
TRAIN Iter 74: loss = 0.007781,	Top-1 err = 44.350000,	Top-5 err = 23.600000,	train_time = 3.004178
TRAIN Iter 75: loss = 0.007622,	Top-1 err = 45.550000,	Top-5 err = 24.250000,	train_time = 2.994503
TRAIN Iter 76: loss = 0.007338,	Top-1 err = 58.850000,	Top-5 err = 37.950000,	train_time = 3.252114
TRAIN Iter 77: loss = 0.007699,	Top-1 err = 48.850000,	Top-5 err = 28.300000,	train_time = 3.034011
TRAIN Iter 78: loss = 0.007470,	Top-1 err = 49.850000,	Top-5 err = 29.200000,	train_time = 3.349044
TRAIN Iter 79: loss = 0.007334,	Top-1 err = 45.500000,	Top-5 err = 25.050000,	train_time = 3.120342
TRAIN Iter 80: loss = 0.007609,	Top-1 err = 44.850000,	Top-5 err = 25.300000,	train_time = 3.009476
TRAIN Iter 81: loss = 0.007293,	Top-1 err = 53.050000,	Top-5 err = 32.850000,	train_time = 3.237544
TRAIN Iter 82: loss = 0.007168,	Top-1 err = 52.750000,	Top-5 err = 31.100000,	train_time = 3.081779
TRAIN Iter 83: loss = 0.007165,	Top-1 err = 43.500000,	Top-5 err = 24.000000,	train_time = 3.019671
TRAIN Iter 84: loss = 0.007298,	Top-1 err = 40.000000,	Top-5 err = 21.250000,	train_time = 3.179254
TRAIN Iter 85: loss = 0.007120,	Top-1 err = 40.100000,	Top-5 err = 20.250000,	train_time = 3.225643
TRAIN Iter 86: loss = 0.007062,	Top-1 err = 51.350000,	Top-5 err = 33.150000,	train_time = 2.998744
TRAIN Iter 87: loss = 0.007093,	Top-1 err = 44.800000,	Top-5 err = 25.700000,	train_time = 3.164929
TRAIN Iter 88: loss = 0.006689,	Top-1 err = 51.850000,	Top-5 err = 30.650000,	train_time = 3.071964
TRAIN Iter 89: loss = 0.006726,	Top-1 err = 39.000000,	Top-5 err = 20.200000,	train_time = 3.056699
TRAIN Iter 90: loss = 0.007059,	Top-1 err = 37.600000,	Top-5 err = 20.700000,	train_time = 3.004480
TRAIN Iter 91: loss = 0.006645,	Top-1 err = 49.700000,	Top-5 err = 27.000000,	train_time = 2.990433
TRAIN Iter 92: loss = 0.006551,	Top-1 err = 51.350000,	Top-5 err = 30.050000,	train_time = 3.108338
TRAIN Iter 93: loss = 0.006711,	Top-1 err = 48.000000,	Top-5 err = 27.600000,	train_time = 3.222447
TRAIN Iter 94: loss = 0.006859,	Top-1 err = 43.050000,	Top-5 err = 24.250000,	train_time = 3.220209
TRAIN Iter 95: loss = 0.006536,	Top-1 err = 44.300000,	Top-5 err = 23.450000,	train_time = 2.973776
TRAIN Iter 96: loss = 0.006537,	Top-1 err = 46.700000,	Top-5 err = 26.450000,	train_time = 3.265176
TRAIN Iter 97: loss = 0.006594,	Top-1 err = 35.850000,	Top-5 err = 17.250000,	train_time = 3.337284
TRAIN Iter 98: loss = 0.006724,	Top-1 err = 41.850000,	Top-5 err = 21.600000,	train_time = 3.041394
TRAIN Iter 99: loss = 0.006310,	Top-1 err = 54.750000,	Top-5 err = 34.100000,	train_time = 3.188908
TRAIN Iter 100: loss = 0.006458,	Top-1 err = 42.900000,	Top-5 err = 24.650000,	train_time = 3.231477
TRAIN Iter 101: loss = 0.006317,	Top-1 err = 39.350000,	Top-5 err = 21.600000,	train_time = 2.995577
TRAIN Iter 102: loss = 0.006242,	Top-1 err = 43.700000,	Top-5 err = 24.700000,	train_time = 3.176283
TRAIN Iter 103: loss = 0.006446,	Top-1 err = 42.150000,	Top-5 err = 25.650000,	train_time = 3.101819
TRAIN Iter 104: loss = 0.006226,	Top-1 err = 36.350000,	Top-5 err = 21.650000,	train_time = 2.971241
TRAIN Iter 105: loss = 0.006292,	Top-1 err = 36.050000,	Top-5 err = 21.150000,	train_time = 3.100002
TRAIN Iter 106: loss = 0.006246,	Top-1 err = 41.300000,	Top-5 err = 25.000000,	train_time = 3.030756
TRAIN Iter 107: loss = 0.006186,	Top-1 err = 43.850000,	Top-5 err = 27.150000,	train_time = 3.054446
TRAIN Iter 108: loss = 0.006066,	Top-1 err = 33.200000,	Top-5 err = 18.950000,	train_time = 3.245992
TRAIN Iter 109: loss = 0.005960,	Top-1 err = 30.150000,	Top-5 err = 15.650000,	train_time = 3.208683
TRAIN Iter 110: loss = 0.005981,	Top-1 err = 30.700000,	Top-5 err = 17.250000,	train_time = 3.081991
TRAIN Iter 111: loss = 0.006149,	Top-1 err = 34.250000,	Top-5 err = 17.500000,	train_time = 3.017673
TRAIN Iter 112: loss = 0.005960,	Top-1 err = 35.500000,	Top-5 err = 20.700000,	train_time = 3.002578
TRAIN Iter 113: loss = 0.005905,	Top-1 err = 39.350000,	Top-5 err = 23.000000,	train_time = 2.995422
TRAIN Iter 114: loss = 0.006037,	Top-1 err = 34.550000,	Top-5 err = 19.750000,	train_time = 3.182446
TRAIN Iter 115: loss = 0.005933,	Top-1 err = 27.800000,	Top-5 err = 15.300000,	train_time = 3.030773
TRAIN Iter 116: loss = 0.005669,	Top-1 err = 32.400000,	Top-5 err = 16.600000,	train_time = 2.995582
TRAIN Iter 117: loss = 0.005935,	Top-1 err = 42.850000,	Top-5 err = 25.200000,	train_time = 3.012527
TRAIN Iter 118: loss = 0.005954,	Top-1 err = 47.850000,	Top-5 err = 29.250000,	train_time = 3.211385
TRAIN Iter 119: loss = 0.005958,	Top-1 err = 39.700000,	Top-5 err = 25.100000,	train_time = 3.119224
TRAIN Iter 120: loss = 0.005784,	Top-1 err = 31.500000,	Top-5 err = 18.100000,	train_time = 2.956326
TRAIN Iter 121: loss = 0.005658,	Top-1 err = 36.300000,	Top-5 err = 21.300000,	train_time = 2.987334
TRAIN Iter 122: loss = 0.005605,	Top-1 err = 32.750000,	Top-5 err = 15.900000,	train_time = 3.162587
TRAIN Iter 123: loss = 0.005582,	Top-1 err = 35.150000,	Top-5 err = 23.850000,	train_time = 3.170658
TRAIN Iter 124: loss = 0.005582,	Top-1 err = 35.800000,	Top-5 err = 17.550000,	train_time = 3.041031
TRAIN Iter 125: loss = 0.005633,	Top-1 err = 36.200000,	Top-5 err = 20.600000,	train_time = 3.074044
TRAIN Iter 126: loss = 0.005457,	Top-1 err = 34.700000,	Top-5 err = 20.000000,	train_time = 3.016071
TRAIN Iter 127: loss = 0.005439,	Top-1 err = 28.250000,	Top-5 err = 15.250000,	train_time = 3.010707
TRAIN Iter 128: loss = 0.005338,	Top-1 err = 35.900000,	Top-5 err = 19.050000,	train_time = 3.149579
TRAIN Iter 129: loss = 0.005572,	Top-1 err = 36.700000,	Top-5 err = 21.150000,	train_time = 3.161524
TRAIN Iter 130: loss = 0.005343,	Top-1 err = 44.700000,	Top-5 err = 29.850000,	train_time = 2.995802
TRAIN Iter 131: loss = 0.005282,	Top-1 err = 32.500000,	Top-5 err = 19.550000,	train_time = 3.243627
TRAIN Iter 132: loss = 0.005285,	Top-1 err = 44.250000,	Top-5 err = 28.900000,	train_time = 3.093425
TRAIN Iter 133: loss = 0.005214,	Top-1 err = 37.150000,	Top-5 err = 22.250000,	train_time = 2.987731
TRAIN Iter 134: loss = 0.005208,	Top-1 err = 44.700000,	Top-5 err = 25.900000,	train_time = 3.184179
TRAIN Iter 135: loss = 0.005403,	Top-1 err = 42.000000,	Top-5 err = 22.100000,	train_time = 3.042950
TRAIN Iter 136: loss = 0.005195,	Top-1 err = 20.250000,	Top-5 err = 8.900000,	train_time = 3.004479
TRAIN Iter 137: loss = 0.005236,	Top-1 err = 25.450000,	Top-5 err = 12.700000,	train_time = 3.096719
TRAIN Iter 138: loss = 0.005112,	Top-1 err = 34.850000,	Top-5 err = 22.900000,	train_time = 3.053656
TRAIN Iter 139: loss = 0.005259,	Top-1 err = 37.800000,	Top-5 err = 23.000000,	train_time = 3.140560
TRAIN Iter 140: loss = 0.005296,	Top-1 err = 24.150000,	Top-5 err = 14.850000,	train_time = 3.286473
TRAIN Iter 141: loss = 0.005159,	Top-1 err = 37.250000,	Top-5 err = 21.300000,	train_time = 3.014220
TRAIN Iter 142: loss = 0.005205,	Top-1 err = 42.200000,	Top-5 err = 25.700000,	train_time = 3.035424
TRAIN Iter 143: loss = 0.005095,	Top-1 err = 32.750000,	Top-5 err = 20.600000,	train_time = 3.067308
TRAIN Iter 144: loss = 0.005026,	Top-1 err = 54.500000,	Top-5 err = 38.600000,	train_time = 3.048648
TRAIN Iter 145: loss = 0.005175,	Top-1 err = 44.400000,	Top-5 err = 26.500000,	train_time = 3.065876
TRAIN Iter 146: loss = 0.005164,	Top-1 err = 41.450000,	Top-5 err = 26.050000,	train_time = 3.156156
TRAIN Iter 147: loss = 0.005171,	Top-1 err = 41.900000,	Top-5 err = 23.150000,	train_time = 3.137084
TRAIN Iter 148: loss = 0.004966,	Top-1 err = 35.400000,	Top-5 err = 24.000000,	train_time = 3.169854
TRAIN Iter 149: loss = 0.005035,	Top-1 err = 49.550000,	Top-5 err = 27.750000,	train_time = 3.046234
TRAIN Iter 150: loss = 0.005001,	Top-1 err = 29.700000,	Top-5 err = 14.400000,	train_time = 2.999856
TRAIN Iter 151: loss = 0.005135,	Top-1 err = 43.950000,	Top-5 err = 29.650000,	train_time = 3.050581
TRAIN Iter 152: loss = 0.004942,	Top-1 err = 28.350000,	Top-5 err = 16.300000,	train_time = 3.045351
TRAIN Iter 153: loss = 0.004928,	Top-1 err = 32.100000,	Top-5 err = 17.550000,	train_time = 3.058297
TRAIN Iter 154: loss = 0.004887,	Top-1 err = 22.450000,	Top-5 err = 11.450000,	train_time = 3.237208
TRAIN Iter 155: loss = 0.005006,	Top-1 err = 47.500000,	Top-5 err = 32.300000,	train_time = 3.105853
TRAIN Iter 156: loss = 0.004866,	Top-1 err = 24.700000,	Top-5 err = 13.500000,	train_time = 3.014721
TRAIN Iter 157: loss = 0.004936,	Top-1 err = 29.450000,	Top-5 err = 18.150000,	train_time = 3.233477
TRAIN Iter 158: loss = 0.004819,	Top-1 err = 28.600000,	Top-5 err = 15.550000,	train_time = 3.347462
TRAIN Iter 159: loss = 0.004719,	Top-1 err = 41.100000,	Top-5 err = 30.000000,	train_time = 3.189765
TRAIN Iter 160: loss = 0.004836,	Top-1 err = 46.400000,	Top-5 err = 28.700000,	train_time = 3.186570
TRAIN Iter 161: loss = 0.004812,	Top-1 err = 49.350000,	Top-5 err = 35.250000,	train_time = 2.951010
TRAIN Iter 162: loss = 0.004750,	Top-1 err = 32.000000,	Top-5 err = 16.800000,	train_time = 3.359536
TRAIN Iter 163: loss = 0.004801,	Top-1 err = 37.800000,	Top-5 err = 27.350000,	train_time = 3.228968
TRAIN Iter 164: loss = 0.004755,	Top-1 err = 33.250000,	Top-5 err = 15.900000,	train_time = 3.099010
TRAIN Iter 165: loss = 0.004632,	Top-1 err = 22.600000,	Top-5 err = 13.850000,	train_time = 2.993498
TRAIN Iter 166: loss = 0.004674,	Top-1 err = 37.050000,	Top-5 err = 20.600000,	train_time = 3.031056
TRAIN Iter 167: loss = 0.004516,	Top-1 err = 31.350000,	Top-5 err = 18.700000,	train_time = 3.017519
TRAIN Iter 168: loss = 0.004659,	Top-1 err = 32.150000,	Top-5 err = 17.900000,	train_time = 3.248950
TRAIN Iter 169: loss = 0.004650,	Top-1 err = 23.700000,	Top-5 err = 7.950000,	train_time = 3.133349
TRAIN Iter 170: loss = 0.004619,	Top-1 err = 27.750000,	Top-5 err = 13.550000,	train_time = 3.001349
TRAIN Iter 171: loss = 0.004681,	Top-1 err = 30.800000,	Top-5 err = 14.300000,	train_time = 2.987811
TRAIN Iter 172: loss = 0.004687,	Top-1 err = 28.600000,	Top-5 err = 14.900000,	train_time = 3.037934
TRAIN Iter 173: loss = 0.004539,	Top-1 err = 55.200000,	Top-5 err = 43.600000,	train_time = 3.004383
TRAIN Iter 174: loss = 0.004643,	Top-1 err = 43.650000,	Top-5 err = 28.750000,	train_time = 3.032141
TRAIN Iter 175: loss = 0.004648,	Top-1 err = 34.400000,	Top-5 err = 18.000000,	train_time = 3.062910
TRAIN Iter 176: loss = 0.004609,	Top-1 err = 26.100000,	Top-5 err = 11.100000,	train_time = 3.089941
TRAIN Iter 177: loss = 0.004657,	Top-1 err = 46.000000,	Top-5 err = 29.350000,	train_time = 3.154278
TRAIN Iter 178: loss = 0.004728,	Top-1 err = 34.450000,	Top-5 err = 18.500000,	train_time = 3.021062
TRAIN Iter 179: loss = 0.004538,	Top-1 err = 27.650000,	Top-5 err = 17.950000,	train_time = 3.084291
TRAIN Iter 180: loss = 0.004667,	Top-1 err = 31.100000,	Top-5 err = 17.900000,	train_time = 3.189586
TRAIN Iter 181: loss = 0.004492,	Top-1 err = 42.800000,	Top-5 err = 26.250000,	train_time = 3.073081
TRAIN Iter 182: loss = 0.004508,	Top-1 err = 37.150000,	Top-5 err = 23.450000,	train_time = 3.117837
TRAIN Iter 183: loss = 0.004381,	Top-1 err = 21.000000,	Top-5 err = 10.650000,	train_time = 3.109050
TRAIN Iter 184: loss = 0.004539,	Top-1 err = 36.550000,	Top-5 err = 20.500000,	train_time = 3.024047
TRAIN Iter 185: loss = 0.004461,	Top-1 err = 32.000000,	Top-5 err = 20.500000,	train_time = 3.133916
TRAIN Iter 186: loss = 0.004449,	Top-1 err = 22.950000,	Top-5 err = 12.100000,	train_time = 3.093232
TRAIN Iter 187: loss = 0.004537,	Top-1 err = 31.100000,	Top-5 err = 16.300000,	train_time = 3.147903
TRAIN Iter 188: loss = 0.004397,	Top-1 err = 32.050000,	Top-5 err = 19.300000,	train_time = 3.153793
TRAIN Iter 189: loss = 0.004424,	Top-1 err = 21.050000,	Top-5 err = 12.600000,	train_time = 3.036422
TRAIN Iter 190: loss = 0.004351,	Top-1 err = 32.300000,	Top-5 err = 19.700000,	train_time = 3.164584
TRAIN Iter 191: loss = 0.004332,	Top-1 err = 29.200000,	Top-5 err = 15.300000,	train_time = 3.009866
TRAIN Iter 192: loss = 0.004346,	Top-1 err = 40.000000,	Top-5 err = 27.450000,	train_time = 3.180691
TRAIN Iter 193: loss = 0.004404,	Top-1 err = 50.850000,	Top-5 err = 31.200000,	train_time = 3.399796
TRAIN Iter 194: loss = 0.004522,	Top-1 err = 36.800000,	Top-5 err = 20.000000,	train_time = 3.099277
TRAIN Iter 195: loss = 0.004288,	Top-1 err = 30.000000,	Top-5 err = 17.700000,	train_time = 2.993866
TRAIN Iter 196: loss = 0.004314,	Top-1 err = 30.650000,	Top-5 err = 17.200000,	train_time = 3.016129
TRAIN Iter 197: loss = 0.004409,	Top-1 err = 26.900000,	Top-5 err = 12.450000,	train_time = 3.052615
TRAIN Iter 198: loss = 0.004368,	Top-1 err = 50.700000,	Top-5 err = 33.650000,	train_time = 3.487499
TRAIN Iter 199: loss = 0.004382,	Top-1 err = 35.750000,	Top-5 err = 24.050000,	train_time = 3.210068
TRAIN Iter 200: loss = 0.004385,	Top-1 err = 39.700000,	Top-5 err = 21.500000,	train_time = 2.973010
TRAIN Iter 201: loss = 0.004133,	Top-1 err = 30.200000,	Top-5 err = 20.750000,	train_time = 3.059266
TRAIN Iter 202: loss = 0.004260,	Top-1 err = 44.950000,	Top-5 err = 29.600000,	train_time = 3.057042
TRAIN Iter 203: loss = 0.004376,	Top-1 err = 40.150000,	Top-5 err = 25.400000,	train_time = 2.971068
TRAIN Iter 204: loss = 0.004333,	Top-1 err = 34.950000,	Top-5 err = 20.800000,	train_time = 3.044966
TRAIN Iter 205: loss = 0.004365,	Top-1 err = 47.000000,	Top-5 err = 29.150000,	train_time = 3.115509
TRAIN Iter 206: loss = 0.004197,	Top-1 err = 37.450000,	Top-5 err = 24.150000,	train_time = 3.021727
TRAIN Iter 207: loss = 0.004150,	Top-1 err = 28.250000,	Top-5 err = 17.450000,	train_time = 3.075927
TRAIN Iter 208: loss = 0.004273,	Top-1 err = 43.250000,	Top-5 err = 25.500000,	train_time = 3.117246
TRAIN Iter 209: loss = 0.004246,	Top-1 err = 33.900000,	Top-5 err = 21.450000,	train_time = 3.000639
TRAIN Iter 210: loss = 0.003956,	Top-1 err = 19.350000,	Top-5 err = 11.650000,	train_time = 3.137441
TRAIN Iter 211: loss = 0.004147,	Top-1 err = 32.200000,	Top-5 err = 19.700000,	train_time = 3.058782
TRAIN Iter 212: loss = 0.004053,	Top-1 err = 11.900000,	Top-5 err = 4.150000,	train_time = 3.390916
TRAIN Iter 213: loss = 0.004124,	Top-1 err = 39.550000,	Top-5 err = 29.100000,	train_time = 3.321082
TRAIN Iter 214: loss = 0.004078,	Top-1 err = 30.650000,	Top-5 err = 14.400000,	train_time = 3.032838
TRAIN Iter 215: loss = 0.004155,	Top-1 err = 32.300000,	Top-5 err = 19.200000,	train_time = 2.966125
TRAIN Iter 216: loss = 0.004142,	Top-1 err = 35.700000,	Top-5 err = 21.650000,	train_time = 3.015962
TRAIN Iter 217: loss = 0.004212,	Top-1 err = 37.150000,	Top-5 err = 19.300000,	train_time = 3.057576
TRAIN Iter 218: loss = 0.004135,	Top-1 err = 31.900000,	Top-5 err = 17.150000,	train_time = 2.964033
TRAIN Iter 219: loss = 0.004119,	Top-1 err = 28.450000,	Top-5 err = 16.250000,	train_time = 3.165776
TRAIN Iter 220: loss = 0.003868,	Top-1 err = 22.450000,	Top-5 err = 13.200000,	train_time = 3.130679
TRAIN Iter 221: loss = 0.003975,	Top-1 err = 30.700000,	Top-5 err = 20.400000,	train_time = 3.012552
TRAIN Iter 222: loss = 0.004106,	Top-1 err = 26.450000,	Top-5 err = 17.250000,	train_time = 3.022955
TRAIN Iter 223: loss = 0.004103,	Top-1 err = 21.250000,	Top-5 err = 11.200000,	train_time = 3.076993
TRAIN Iter 224: loss = 0.004042,	Top-1 err = 26.900000,	Top-5 err = 17.800000,	train_time = 3.297106
TRAIN Iter 225: loss = 0.003908,	Top-1 err = 21.800000,	Top-5 err = 13.450000,	train_time = 3.143176
TRAIN Iter 226: loss = 0.004117,	Top-1 err = 27.800000,	Top-5 err = 13.650000,	train_time = 3.026641
TRAIN Iter 227: loss = 0.004267,	Top-1 err = 41.350000,	Top-5 err = 23.250000,	train_time = 3.116705
TRAIN Iter 228: loss = 0.004074,	Top-1 err = 34.650000,	Top-5 err = 22.000000,	train_time = 3.065508
TRAIN Iter 229: loss = 0.004081,	Top-1 err = 28.850000,	Top-5 err = 16.800000,	train_time = 3.034447
TRAIN Iter 230: loss = 0.003946,	Top-1 err = 19.250000,	Top-5 err = 7.350000,	train_time = 3.112120
TRAIN Iter 231: loss = 0.003951,	Top-1 err = 32.000000,	Top-5 err = 19.600000,	train_time = 2.989240
TRAIN Iter 232: loss = 0.003923,	Top-1 err = 19.350000,	Top-5 err = 9.250000,	train_time = 3.235600
TRAIN Iter 233: loss = 0.004057,	Top-1 err = 33.200000,	Top-5 err = 21.150000,	train_time = 3.154848
TRAIN Iter 234: loss = 0.003975,	Top-1 err = 28.400000,	Top-5 err = 14.300000,	train_time = 3.037274
TRAIN Iter 235: loss = 0.003980,	Top-1 err = 21.450000,	Top-5 err = 10.750000,	train_time = 3.037956
TRAIN Iter 236: loss = 0.004065,	Top-1 err = 36.300000,	Top-5 err = 20.850000,	train_time = 3.060701
TRAIN Iter 237: loss = 0.004094,	Top-1 err = 31.250000,	Top-5 err = 17.450000,	train_time = 3.127860
TRAIN Iter 238: loss = 0.003933,	Top-1 err = 31.950000,	Top-5 err = 20.550000,	train_time = 2.997296
TRAIN Iter 239: loss = 0.004046,	Top-1 err = 20.250000,	Top-5 err = 10.200000,	train_time = 3.038294
TRAIN Iter 240: loss = 0.003966,	Top-1 err = 38.950000,	Top-5 err = 25.350000,	train_time = 3.090502
TRAIN Iter 241: loss = 0.003880,	Top-1 err = 47.850000,	Top-5 err = 35.900000,	train_time = 3.186780
TRAIN Iter 242: loss = 0.003970,	Top-1 err = 38.200000,	Top-5 err = 22.150000,	train_time = 3.046847
TRAIN Iter 243: loss = 0.003827,	Top-1 err = 24.100000,	Top-5 err = 13.600000,	train_time = 3.165306
TRAIN Iter 244: loss = 0.004096,	Top-1 err = 34.200000,	Top-5 err = 16.600000,	train_time = 3.067338
TRAIN Iter 245: loss = 0.003959,	Top-1 err = 51.500000,	Top-5 err = 38.250000,	train_time = 2.975715
TRAIN Iter 246: loss = 0.003920,	Top-1 err = 23.150000,	Top-5 err = 11.400000,	train_time = 3.060950
TRAIN Iter 247: loss = 0.003929,	Top-1 err = 37.250000,	Top-5 err = 20.800000,	train_time = 3.099571
TRAIN Iter 248: loss = 0.003910,	Top-1 err = 32.800000,	Top-5 err = 18.900000,	train_time = 3.298201
TRAIN Iter 249: loss = 0.003846,	Top-1 err = 32.200000,	Top-5 err = 16.350000,	train_time = 3.245962
TEST:
Iter 249: loss = 2.645967,	Top-1 err = 57.900000,	Top-5 err = 31.060000,	val_time = 2.973668
TRAIN Iter 250: loss = 0.004002,	Top-1 err = 48.200000,	Top-5 err = 30.950000,	train_time = 3.013214
TRAIN Iter 251: loss = 0.003846,	Top-1 err = 43.550000,	Top-5 err = 27.900000,	train_time = 3.064320
TRAIN Iter 252: loss = 0.003795,	Top-1 err = 33.900000,	Top-5 err = 19.600000,	train_time = 3.030679
TRAIN Iter 253: loss = 0.003719,	Top-1 err = 15.250000,	Top-5 err = 9.200000,	train_time = 3.134628
TRAIN Iter 254: loss = 0.003800,	Top-1 err = 34.050000,	Top-5 err = 21.300000,	train_time = 3.055583
TRAIN Iter 255: loss = 0.003798,	Top-1 err = 32.900000,	Top-5 err = 17.850000,	train_time = 3.105174
TRAIN Iter 256: loss = 0.003760,	Top-1 err = 25.400000,	Top-5 err = 15.750000,	train_time = 3.141215
TRAIN Iter 257: loss = 0.003743,	Top-1 err = 29.700000,	Top-5 err = 19.700000,	train_time = 2.994499
TRAIN Iter 258: loss = 0.003746,	Top-1 err = 27.300000,	Top-5 err = 16.600000,	train_time = 3.005318
TRAIN Iter 259: loss = 0.003663,	Top-1 err = 31.150000,	Top-5 err = 18.700000,	train_time = 3.239987
TEST:
Iter 259: loss = 2.625343,	Top-1 err = 57.720000,	Top-5 err = 31.130000,	val_time = 3.156126
TRAIN Iter 260: loss = 0.003937,	Top-1 err = 45.800000,	Top-5 err = 28.650000,	train_time = 3.001406
TRAIN Iter 261: loss = 0.003813,	Top-1 err = 32.950000,	Top-5 err = 18.900000,	train_time = 3.167634
TRAIN Iter 262: loss = 0.003752,	Top-1 err = 22.350000,	Top-5 err = 13.100000,	train_time = 2.957752
TRAIN Iter 263: loss = 0.003579,	Top-1 err = 20.750000,	Top-5 err = 12.200000,	train_time = 3.106812
TRAIN Iter 264: loss = 0.003713,	Top-1 err = 29.400000,	Top-5 err = 18.950000,	train_time = 3.020833
TRAIN Iter 265: loss = 0.003761,	Top-1 err = 26.400000,	Top-5 err = 15.750000,	train_time = 2.962067
TRAIN Iter 266: loss = 0.003850,	Top-1 err = 39.800000,	Top-5 err = 23.850000,	train_time = 3.111115
TRAIN Iter 267: loss = 0.003687,	Top-1 err = 17.600000,	Top-5 err = 8.550000,	train_time = 3.037544
TRAIN Iter 268: loss = 0.003745,	Top-1 err = 31.550000,	Top-5 err = 19.600000,	train_time = 3.210472
TRAIN Iter 269: loss = 0.003633,	Top-1 err = 17.700000,	Top-5 err = 8.600000,	train_time = 3.239163
TEST:
Iter 269: loss = 2.590961,	Top-1 err = 57.050000,	Top-5 err = 30.540000,	val_time = 2.997461
TRAIN Iter 270: loss = 0.003540,	Top-1 err = 15.150000,	Top-5 err = 8.650000,	train_time = 3.389738
TRAIN Iter 271: loss = 0.003777,	Top-1 err = 16.200000,	Top-5 err = 6.850000,	train_time = 3.195585
TRAIN Iter 272: loss = 0.003721,	Top-1 err = 34.600000,	Top-5 err = 19.700000,	train_time = 3.050147
TRAIN Iter 273: loss = 0.003762,	Top-1 err = 28.450000,	Top-5 err = 16.700000,	train_time = 3.012077
TRAIN Iter 274: loss = 0.003887,	Top-1 err = 43.350000,	Top-5 err = 26.600000,	train_time = 3.002312
TRAIN Iter 275: loss = 0.003778,	Top-1 err = 46.250000,	Top-5 err = 26.850000,	train_time = 2.986344
TRAIN Iter 276: loss = 0.003640,	Top-1 err = 34.200000,	Top-5 err = 26.000000,	train_time = 3.104707
TRAIN Iter 277: loss = 0.003727,	Top-1 err = 32.500000,	Top-5 err = 17.000000,	train_time = 3.152718
TRAIN Iter 278: loss = 0.003805,	Top-1 err = 39.650000,	Top-5 err = 20.600000,	train_time = 3.025728
TRAIN Iter 279: loss = 0.003769,	Top-1 err = 37.600000,	Top-5 err = 19.100000,	train_time = 3.049138
TEST:
Iter 279: loss = 2.592881,	Top-1 err = 56.830000,	Top-5 err = 30.590000,	val_time = 3.035475
TRAIN Iter 280: loss = 0.003630,	Top-1 err = 34.100000,	Top-5 err = 22.350000,	train_time = 3.027067
TRAIN Iter 281: loss = 0.003590,	Top-1 err = 22.700000,	Top-5 err = 11.050000,	train_time = 3.026182
TRAIN Iter 282: loss = 0.003582,	Top-1 err = 21.950000,	Top-5 err = 11.150000,	train_time = 3.255908
TRAIN Iter 283: loss = 0.003562,	Top-1 err = 30.450000,	Top-5 err = 16.550000,	train_time = 3.191289
TRAIN Iter 284: loss = 0.003712,	Top-1 err = 40.700000,	Top-5 err = 24.550000,	train_time = 3.070897
TRAIN Iter 285: loss = 0.003760,	Top-1 err = 32.300000,	Top-5 err = 16.750000,	train_time = 2.995166
TRAIN Iter 286: loss = 0.003669,	Top-1 err = 33.300000,	Top-5 err = 17.400000,	train_time = 3.030332
TRAIN Iter 287: loss = 0.003775,	Top-1 err = 27.050000,	Top-5 err = 15.650000,	train_time = 3.103816
TRAIN Iter 288: loss = 0.003605,	Top-1 err = 28.250000,	Top-5 err = 18.200000,	train_time = 3.115121
TRAIN Iter 289: loss = 0.003605,	Top-1 err = 31.000000,	Top-5 err = 18.600000,	train_time = 3.225604
TEST:
Iter 289: loss = 2.554186,	Top-1 err = 56.630000,	Top-5 err = 30.140000,	val_time = 2.952976
TRAIN Iter 290: loss = 0.003764,	Top-1 err = 31.550000,	Top-5 err = 15.250000,	train_time = 3.016935
TRAIN Iter 291: loss = 0.003528,	Top-1 err = 23.500000,	Top-5 err = 12.100000,	train_time = 3.016002
TRAIN Iter 292: loss = 0.003659,	Top-1 err = 31.500000,	Top-5 err = 20.550000,	train_time = 3.023812
TRAIN Iter 293: loss = 0.003754,	Top-1 err = 30.950000,	Top-5 err = 18.100000,	train_time = 3.010225
TRAIN Iter 294: loss = 0.003644,	Top-1 err = 24.150000,	Top-5 err = 10.150000,	train_time = 3.081498
TRAIN Iter 295: loss = 0.003522,	Top-1 err = 26.500000,	Top-5 err = 13.350000,	train_time = 3.110612
TRAIN Iter 296: loss = 0.003619,	Top-1 err = 22.000000,	Top-5 err = 10.150000,	train_time = 3.048959
TRAIN Iter 297: loss = 0.003620,	Top-1 err = 27.700000,	Top-5 err = 16.800000,	train_time = 3.110602
TRAIN Iter 298: loss = 0.003617,	Top-1 err = 35.350000,	Top-5 err = 22.250000,	train_time = 3.095967
TRAIN Iter 299: loss = 0.003631,	Top-1 err = 15.650000,	Top-5 err = 5.400000,	train_time = 3.123473
TEST:
Iter 299: loss = 2.523161,	Top-1 err = 55.970000,	Top-5 err = 29.260000,	val_time = 3.042561
Train Finish! Best accuracy is 44.03@299
