/home/dvspanos/miniconda3/envs/rded/lib/python3.10/site-packages/torchvision/models/_utils.py:208: UserWarning: The parameter 'pretrained' is deprecated since 0.13 and may be removed in the future, please use 'weights' instead.
  warnings.warn(
/home/dvspanos/miniconda3/envs/rded/lib/python3.10/site-packages/torchvision/models/_utils.py:223: UserWarning: Arguments other than a weight enum or `None` for 'weights' are deprecated since 0.13 and may be removed in the future. The current behavior is equivalent to passing `weights=None`.
  warnings.warn(msg)
=> using pytorch pre-trained teacher model 'resnet18_modified'
process data from /home/dvspanos/nikos/ca2d/artifacts/rded_sets/bench_tin_rn18_el2nw0_ipc50
load data successfully
TRAIN Iter 0: loss = 0.010612,	Top-1 err = 99.210000,	Top-5 err = 95.790000,	train_time = 15.207481
TRAIN Iter 1: loss = 0.009532,	Top-1 err = 98.650000,	Top-5 err = 94.140000,	train_time = 13.594006
TRAIN Iter 2: loss = 0.009238,	Top-1 err = 98.540000,	Top-5 err = 93.330000,	train_time = 13.814082
TRAIN Iter 3: loss = 0.008525,	Top-1 err = 98.370000,	Top-5 err = 92.460000,	train_time = 14.359125
TRAIN Iter 4: loss = 0.008425,	Top-1 err = 98.160000,	Top-5 err = 91.590000,	train_time = 14.542588
TRAIN Iter 5: loss = 0.008237,	Top-1 err = 98.250000,	Top-5 err = 90.890000,	train_time = 15.833357
TRAIN Iter 6: loss = 0.008029,	Top-1 err = 97.710000,	Top-5 err = 89.730000,	train_time = 14.477609
TRAIN Iter 7: loss = 0.007626,	Top-1 err = 97.830000,	Top-5 err = 89.640000,	train_time = 15.903287
TRAIN Iter 8: loss = 0.007313,	Top-1 err = 97.510000,	Top-5 err = 89.280000,	train_time = 15.010795
TRAIN Iter 9: loss = 0.007202,	Top-1 err = 97.280000,	Top-5 err = 88.580000,	train_time = 15.058794
TRAIN Iter 10: loss = 0.007067,	Top-1 err = 97.350000,	Top-5 err = 87.780000,	train_time = 15.669397
TRAIN Iter 11: loss = 0.007132,	Top-1 err = 96.690000,	Top-5 err = 86.000000,	train_time = 15.207309
TRAIN Iter 12: loss = 0.006765,	Top-1 err = 96.660000,	Top-5 err = 85.740000,	train_time = 16.081314
TRAIN Iter 13: loss = 0.006785,	Top-1 err = 96.610000,	Top-5 err = 85.660000,	train_time = 15.283758
TRAIN Iter 14: loss = 0.006583,	Top-1 err = 96.590000,	Top-5 err = 85.210000,	train_time = 16.333707
TRAIN Iter 15: loss = 0.006457,	Top-1 err = 95.740000,	Top-5 err = 83.230000,	train_time = 14.926257
TRAIN Iter 16: loss = 0.006350,	Top-1 err = 95.880000,	Top-5 err = 82.740000,	train_time = 15.491761
TRAIN Iter 17: loss = 0.006163,	Top-1 err = 95.890000,	Top-5 err = 82.880000,	train_time = 15.026520
TRAIN Iter 18: loss = 0.006135,	Top-1 err = 95.820000,	Top-5 err = 81.970000,	train_time = 16.309533
TRAIN Iter 19: loss = 0.005901,	Top-1 err = 95.370000,	Top-5 err = 80.900000,	train_time = 15.571072
TRAIN Iter 20: loss = 0.005794,	Top-1 err = 94.970000,	Top-5 err = 80.710000,	train_time = 14.951957
TRAIN Iter 21: loss = 0.005765,	Top-1 err = 95.150000,	Top-5 err = 80.990000,	train_time = 16.426459
TRAIN Iter 22: loss = 0.005746,	Top-1 err = 94.260000,	Top-5 err = 77.590000,	train_time = 15.471898
TRAIN Iter 23: loss = 0.005592,	Top-1 err = 94.080000,	Top-5 err = 77.840000,	train_time = 14.796052
TRAIN Iter 24: loss = 0.005437,	Top-1 err = 94.180000,	Top-5 err = 77.780000,	train_time = 15.131058
TRAIN Iter 25: loss = 0.005316,	Top-1 err = 93.380000,	Top-5 err = 76.680000,	train_time = 15.336483
TRAIN Iter 26: loss = 0.005253,	Top-1 err = 92.830000,	Top-5 err = 75.360000,	train_time = 16.726552
TRAIN Iter 27: loss = 0.005093,	Top-1 err = 92.860000,	Top-5 err = 75.450000,	train_time = 15.147932
TRAIN Iter 28: loss = 0.005214,	Top-1 err = 92.600000,	Top-5 err = 73.750000,	train_time = 15.448686
TRAIN Iter 29: loss = 0.005053,	Top-1 err = 90.870000,	Top-5 err = 71.230000,	train_time = 15.635826
TRAIN Iter 30: loss = 0.004902,	Top-1 err = 92.190000,	Top-5 err = 74.340000,	train_time = 16.073638
TRAIN Iter 31: loss = 0.004930,	Top-1 err = 90.170000,	Top-5 err = 70.000000,	train_time = 14.825449
TRAIN Iter 32: loss = 0.004837,	Top-1 err = 90.630000,	Top-5 err = 70.210000,	train_time = 16.043938
TRAIN Iter 33: loss = 0.004804,	Top-1 err = 91.600000,	Top-5 err = 72.710000,	train_time = 15.351952
TRAIN Iter 34: loss = 0.004572,	Top-1 err = 91.640000,	Top-5 err = 73.890000,	train_time = 16.211561
TRAIN Iter 35: loss = 0.004623,	Top-1 err = 89.620000,	Top-5 err = 68.980000,	train_time = 14.810606
TRAIN Iter 36: loss = 0.004633,	Top-1 err = 88.680000,	Top-5 err = 66.920000,	train_time = 16.516280
TRAIN Iter 37: loss = 0.004475,	Top-1 err = 89.760000,	Top-5 err = 69.220000,	train_time = 14.992144
TRAIN Iter 38: loss = 0.004439,	Top-1 err = 89.880000,	Top-5 err = 70.610000,	train_time = 15.229223
TRAIN Iter 39: loss = 0.004396,	Top-1 err = 88.710000,	Top-5 err = 67.720000,	train_time = 16.598325
TRAIN Iter 40: loss = 0.004266,	Top-1 err = 89.010000,	Top-5 err = 67.870000,	train_time = 15.767967
TRAIN Iter 41: loss = 0.004345,	Top-1 err = 89.080000,	Top-5 err = 69.350000,	train_time = 15.098673
TRAIN Iter 42: loss = 0.004376,	Top-1 err = 85.640000,	Top-5 err = 61.250000,	train_time = 15.083420
TRAIN Iter 43: loss = 0.004235,	Top-1 err = 88.110000,	Top-5 err = 67.020000,	train_time = 15.438135
TRAIN Iter 44: loss = 0.004147,	Top-1 err = 87.260000,	Top-5 err = 65.330000,	train_time = 15.331458
TRAIN Iter 45: loss = 0.004103,	Top-1 err = 88.150000,	Top-5 err = 67.930000,	train_time = 15.675557
TRAIN Iter 46: loss = 0.004070,	Top-1 err = 87.530000,	Top-5 err = 65.550000,	train_time = 16.153757
TRAIN Iter 47: loss = 0.003985,	Top-1 err = 87.230000,	Top-5 err = 66.710000,	train_time = 15.783478
TRAIN Iter 48: loss = 0.003974,	Top-1 err = 84.980000,	Top-5 err = 61.100000,	train_time = 15.098044
TRAIN Iter 49: loss = 0.003998,	Top-1 err = 86.210000,	Top-5 err = 63.220000,	train_time = 15.869797
TRAIN Iter 50: loss = 0.003903,	Top-1 err = 87.010000,	Top-5 err = 65.610000,	train_time = 15.400306
TRAIN Iter 51: loss = 0.003841,	Top-1 err = 86.880000,	Top-5 err = 64.840000,	train_time = 15.248141
TRAIN Iter 52: loss = 0.003819,	Top-1 err = 85.380000,	Top-5 err = 63.450000,	train_time = 16.587286
TRAIN Iter 53: loss = 0.003850,	Top-1 err = 86.180000,	Top-5 err = 63.420000,	train_time = 15.073552
TRAIN Iter 54: loss = 0.003786,	Top-1 err = 85.290000,	Top-5 err = 62.990000,	train_time = 15.200115
TRAIN Iter 55: loss = 0.003800,	Top-1 err = 82.870000,	Top-5 err = 57.700000,	train_time = 15.596649
TRAIN Iter 56: loss = 0.003785,	Top-1 err = 84.320000,	Top-5 err = 60.920000,	train_time = 15.222220
TRAIN Iter 57: loss = 0.003697,	Top-1 err = 81.770000,	Top-5 err = 55.950000,	train_time = 16.398830
TRAIN Iter 58: loss = 0.003683,	Top-1 err = 81.130000,	Top-5 err = 54.550000,	train_time = 14.891032
TRAIN Iter 59: loss = 0.003650,	Top-1 err = 81.910000,	Top-5 err = 57.260000,	train_time = 15.545495
TRAIN Iter 60: loss = 0.003615,	Top-1 err = 82.950000,	Top-5 err = 60.460000,	train_time = 15.863556
TRAIN Iter 61: loss = 0.003596,	Top-1 err = 82.830000,	Top-5 err = 60.230000,	train_time = 15.029977
TRAIN Iter 62: loss = 0.003569,	Top-1 err = 83.000000,	Top-5 err = 59.620000,	train_time = 16.880277
TRAIN Iter 63: loss = 0.003556,	Top-1 err = 82.280000,	Top-5 err = 57.980000,	train_time = 15.176731
TRAIN Iter 64: loss = 0.003523,	Top-1 err = 82.080000,	Top-5 err = 59.400000,	train_time = 15.164959
TRAIN Iter 65: loss = 0.003488,	Top-1 err = 77.980000,	Top-5 err = 51.550000,	train_time = 16.329410
TRAIN Iter 66: loss = 0.003496,	Top-1 err = 81.070000,	Top-5 err = 57.630000,	train_time = 15.212709
TRAIN Iter 67: loss = 0.003467,	Top-1 err = 81.140000,	Top-5 err = 56.520000,	train_time = 15.501056
TRAIN Iter 68: loss = 0.003391,	Top-1 err = 83.140000,	Top-5 err = 60.490000,	train_time = 15.197252
TRAIN Iter 69: loss = 0.003407,	Top-1 err = 81.360000,	Top-5 err = 57.120000,	train_time = 15.220991
TRAIN Iter 70: loss = 0.003400,	Top-1 err = 83.060000,	Top-5 err = 60.380000,	train_time = 16.492636
TRAIN Iter 71: loss = 0.003348,	Top-1 err = 78.300000,	Top-5 err = 53.480000,	train_time = 14.840855
TRAIN Iter 72: loss = 0.003372,	Top-1 err = 82.000000,	Top-5 err = 60.150000,	train_time = 16.748607
TRAIN Iter 73: loss = 0.003276,	Top-1 err = 82.220000,	Top-5 err = 59.650000,	train_time = 15.489281
TRAIN Iter 74: loss = 0.003279,	Top-1 err = 83.400000,	Top-5 err = 61.600000,	train_time = 14.750121
TRAIN Iter 75: loss = 0.003297,	Top-1 err = 82.290000,	Top-5 err = 59.040000,	train_time = 15.056078
TRAIN Iter 76: loss = 0.003281,	Top-1 err = 77.380000,	Top-5 err = 52.170000,	train_time = 15.488316
TRAIN Iter 77: loss = 0.003252,	Top-1 err = 79.430000,	Top-5 err = 54.570000,	train_time = 15.113076
TRAIN Iter 78: loss = 0.003261,	Top-1 err = 80.340000,	Top-5 err = 57.040000,	train_time = 16.618390
TRAIN Iter 79: loss = 0.003232,	Top-1 err = 78.280000,	Top-5 err = 54.040000,	train_time = 14.879207
TRAIN Iter 80: loss = 0.003244,	Top-1 err = 79.510000,	Top-5 err = 55.720000,	train_time = 15.506066
TRAIN Iter 81: loss = 0.003197,	Top-1 err = 77.660000,	Top-5 err = 52.230000,	train_time = 15.004359
TRAIN Iter 82: loss = 0.003176,	Top-1 err = 78.480000,	Top-5 err = 53.910000,	train_time = 15.217129
TRAIN Iter 83: loss = 0.003214,	Top-1 err = 78.500000,	Top-5 err = 53.580000,	train_time = 15.525087
TRAIN Iter 84: loss = 0.003171,	Top-1 err = 78.090000,	Top-5 err = 52.190000,	train_time = 15.954200
TRAIN Iter 85: loss = 0.003105,	Top-1 err = 77.810000,	Top-5 err = 53.090000,	train_time = 15.257483
TRAIN Iter 86: loss = 0.003089,	Top-1 err = 79.760000,	Top-5 err = 56.140000,	train_time = 15.149891
TRAIN Iter 87: loss = 0.003128,	Top-1 err = 76.640000,	Top-5 err = 50.900000,	train_time = 15.378606
TRAIN Iter 88: loss = 0.003113,	Top-1 err = 77.930000,	Top-5 err = 52.840000,	train_time = 15.766320
TRAIN Iter 89: loss = 0.003087,	Top-1 err = 77.420000,	Top-5 err = 53.720000,	train_time = 15.352525
TRAIN Iter 90: loss = 0.003076,	Top-1 err = 76.790000,	Top-5 err = 51.850000,	train_time = 15.725408
TRAIN Iter 91: loss = 0.003064,	Top-1 err = 78.500000,	Top-5 err = 54.490000,	train_time = 16.286935
TRAIN Iter 92: loss = 0.003052,	Top-1 err = 78.230000,	Top-5 err = 54.420000,	train_time = 15.271296
TRAIN Iter 93: loss = 0.003061,	Top-1 err = 79.110000,	Top-5 err = 55.890000,	train_time = 15.305482
TRAIN Iter 94: loss = 0.003044,	Top-1 err = 78.330000,	Top-5 err = 55.520000,	train_time = 16.231429
TRAIN Iter 95: loss = 0.003057,	Top-1 err = 79.300000,	Top-5 err = 54.850000,	train_time = 14.863193
TRAIN Iter 96: loss = 0.003021,	Top-1 err = 77.270000,	Top-5 err = 53.360000,	train_time = 16.567411
TRAIN Iter 97: loss = 0.002996,	Top-1 err = 79.890000,	Top-5 err = 57.190000,	train_time = 14.931123
TRAIN Iter 98: loss = 0.002961,	Top-1 err = 76.750000,	Top-5 err = 51.200000,	train_time = 15.853290
TRAIN Iter 99: loss = 0.002980,	Top-1 err = 73.210000,	Top-5 err = 47.450000,	train_time = 15.407784
TRAIN Iter 100: loss = 0.002995,	Top-1 err = 77.670000,	Top-5 err = 53.010000,	train_time = 16.038333
TRAIN Iter 101: loss = 0.002955,	Top-1 err = 79.210000,	Top-5 err = 56.160000,	train_time = 15.101450
TRAIN Iter 102: loss = 0.002926,	Top-1 err = 73.990000,	Top-5 err = 49.300000,	train_time = 15.025437
TRAIN Iter 103: loss = 0.002914,	Top-1 err = 76.530000,	Top-5 err = 53.210000,	train_time = 15.490344
TRAIN Iter 104: loss = 0.002926,	Top-1 err = 75.740000,	Top-5 err = 52.290000,	train_time = 15.323289
TRAIN Iter 105: loss = 0.002931,	Top-1 err = 77.500000,	Top-5 err = 53.940000,	train_time = 15.358251
TRAIN Iter 106: loss = 0.002900,	Top-1 err = 75.260000,	Top-5 err = 50.520000,	train_time = 15.467764
TRAIN Iter 107: loss = 0.002920,	Top-1 err = 78.490000,	Top-5 err = 55.190000,	train_time = 15.688429
TRAIN Iter 108: loss = 0.002848,	Top-1 err = 73.830000,	Top-5 err = 47.300000,	train_time = 15.191880
TRAIN Iter 109: loss = 0.002905,	Top-1 err = 78.680000,	Top-5 err = 57.430000,	train_time = 15.621677
TRAIN Iter 110: loss = 0.002882,	Top-1 err = 75.980000,	Top-5 err = 52.500000,	train_time = 15.200732
TRAIN Iter 111: loss = 0.002855,	Top-1 err = 74.350000,	Top-5 err = 50.490000,	train_time = 15.859236
TRAIN Iter 112: loss = 0.002850,	Top-1 err = 78.480000,	Top-5 err = 57.480000,	train_time = 15.228209
TRAIN Iter 113: loss = 0.002849,	Top-1 err = 76.150000,	Top-5 err = 54.540000,	train_time = 15.234891
TRAIN Iter 114: loss = 0.002826,	Top-1 err = 75.400000,	Top-5 err = 51.360000,	train_time = 16.221769
TRAIN Iter 115: loss = 0.002838,	Top-1 err = 74.020000,	Top-5 err = 49.440000,	train_time = 15.609065
TRAIN Iter 116: loss = 0.002821,	Top-1 err = 75.580000,	Top-5 err = 51.120000,	train_time = 15.291045
TRAIN Iter 117: loss = 0.002817,	Top-1 err = 76.030000,	Top-5 err = 52.830000,	train_time = 14.955396
TRAIN Iter 118: loss = 0.002840,	Top-1 err = 77.440000,	Top-5 err = 54.860000,	train_time = 15.914738
TRAIN Iter 119: loss = 0.002824,	Top-1 err = 78.900000,	Top-5 err = 57.620000,	train_time = 15.193123
TRAIN Iter 120: loss = 0.002779,	Top-1 err = 75.060000,	Top-5 err = 51.750000,	train_time = 16.345339
TRAIN Iter 121: loss = 0.002792,	Top-1 err = 74.710000,	Top-5 err = 49.890000,	train_time = 15.191437
TRAIN Iter 122: loss = 0.002809,	Top-1 err = 75.370000,	Top-5 err = 51.260000,	train_time = 15.322873
TRAIN Iter 123: loss = 0.002797,	Top-1 err = 75.960000,	Top-5 err = 53.270000,	train_time = 15.400450
TRAIN Iter 124: loss = 0.002754,	Top-1 err = 76.870000,	Top-5 err = 53.520000,	train_time = 16.495859
TRAIN Iter 125: loss = 0.002751,	Top-1 err = 74.000000,	Top-5 err = 49.750000,	train_time = 14.836838
TRAIN Iter 126: loss = 0.002758,	Top-1 err = 73.160000,	Top-5 err = 48.710000,	train_time = 16.115354
TRAIN Iter 127: loss = 0.002752,	Top-1 err = 76.590000,	Top-5 err = 53.900000,	train_time = 15.076333
TRAIN Iter 128: loss = 0.002727,	Top-1 err = 73.940000,	Top-5 err = 49.120000,	train_time = 16.312151
TRAIN Iter 129: loss = 0.002687,	Top-1 err = 72.330000,	Top-5 err = 48.170000,	train_time = 14.639397
TRAIN Iter 130: loss = 0.002707,	Top-1 err = 71.790000,	Top-5 err = 45.700000,	train_time = 14.971967
TRAIN Iter 131: loss = 0.002690,	Top-1 err = 73.990000,	Top-5 err = 50.400000,	train_time = 15.195578
TRAIN Iter 132: loss = 0.002677,	Top-1 err = 75.080000,	Top-5 err = 52.800000,	train_time = 15.998584
TRAIN Iter 133: loss = 0.002693,	Top-1 err = 74.540000,	Top-5 err = 49.870000,	train_time = 15.499692
TRAIN Iter 134: loss = 0.002695,	Top-1 err = 75.320000,	Top-5 err = 52.990000,	train_time = 15.556316
TRAIN Iter 135: loss = 0.002699,	Top-1 err = 75.740000,	Top-5 err = 52.150000,	train_time = 15.513192
TRAIN Iter 136: loss = 0.002705,	Top-1 err = 76.230000,	Top-5 err = 53.450000,	train_time = 15.382671
TRAIN Iter 137: loss = 0.002694,	Top-1 err = 72.680000,	Top-5 err = 48.800000,	train_time = 15.021173
TRAIN Iter 138: loss = 0.002664,	Top-1 err = 71.070000,	Top-5 err = 46.400000,	train_time = 16.779966
TRAIN Iter 139: loss = 0.002652,	Top-1 err = 72.830000,	Top-5 err = 49.550000,	train_time = 15.181305
TRAIN Iter 140: loss = 0.002670,	Top-1 err = 75.670000,	Top-5 err = 52.640000,	train_time = 15.089932
TRAIN Iter 141: loss = 0.002653,	Top-1 err = 73.350000,	Top-5 err = 49.710000,	train_time = 16.394475
TRAIN Iter 142: loss = 0.002679,	Top-1 err = 75.600000,	Top-5 err = 52.340000,	train_time = 14.769282
TRAIN Iter 143: loss = 0.002625,	Top-1 err = 76.050000,	Top-5 err = 52.370000,	train_time = 14.961448
TRAIN Iter 144: loss = 0.002641,	Top-1 err = 74.330000,	Top-5 err = 49.610000,	train_time = 16.117888
TRAIN Iter 145: loss = 0.002641,	Top-1 err = 72.660000,	Top-5 err = 48.220000,	train_time = 15.532117
TRAIN Iter 146: loss = 0.002644,	Top-1 err = 73.650000,	Top-5 err = 49.860000,	train_time = 15.352275
TRAIN Iter 147: loss = 0.002634,	Top-1 err = 71.360000,	Top-5 err = 46.820000,	train_time = 15.968494
TRAIN Iter 148: loss = 0.002612,	Top-1 err = 73.460000,	Top-5 err = 50.180000,	train_time = 15.182812
TRAIN Iter 149: loss = 0.002613,	Top-1 err = 70.960000,	Top-5 err = 45.970000,	train_time = 15.081614
TRAIN Iter 150: loss = 0.002614,	Top-1 err = 71.170000,	Top-5 err = 45.980000,	train_time = 16.404043
TRAIN Iter 151: loss = 0.002606,	Top-1 err = 75.800000,	Top-5 err = 53.250000,	train_time = 15.725477
TRAIN Iter 152: loss = 0.002587,	Top-1 err = 73.880000,	Top-5 err = 51.140000,	train_time = 15.575282
TRAIN Iter 153: loss = 0.002592,	Top-1 err = 69.440000,	Top-5 err = 45.300000,	train_time = 15.505417
TRAIN Iter 154: loss = 0.002621,	Top-1 err = 72.200000,	Top-5 err = 49.200000,	train_time = 14.873744
TRAIN Iter 155: loss = 0.002611,	Top-1 err = 73.050000,	Top-5 err = 49.000000,	train_time = 15.450093
TRAIN Iter 156: loss = 0.002598,	Top-1 err = 72.900000,	Top-5 err = 49.510000,	train_time = 15.473899
TRAIN Iter 157: loss = 0.002562,	Top-1 err = 74.850000,	Top-5 err = 52.500000,	train_time = 15.048485
TRAIN Iter 158: loss = 0.002583,	Top-1 err = 71.570000,	Top-5 err = 45.910000,	train_time = 15.354943
TRAIN Iter 159: loss = 0.002547,	Top-1 err = 70.960000,	Top-5 err = 46.710000,	train_time = 15.038627
TRAIN Iter 160: loss = 0.002545,	Top-1 err = 73.590000,	Top-5 err = 50.970000,	train_time = 16.814576
TRAIN Iter 161: loss = 0.002521,	Top-1 err = 72.390000,	Top-5 err = 49.400000,	train_time = 15.193004
TRAIN Iter 162: loss = 0.002541,	Top-1 err = 73.680000,	Top-5 err = 50.590000,	train_time = 15.871565
TRAIN Iter 163: loss = 0.002541,	Top-1 err = 75.640000,	Top-5 err = 53.500000,	train_time = 15.065993
TRAIN Iter 164: loss = 0.002587,	Top-1 err = 77.210000,	Top-5 err = 55.460000,	train_time = 16.029591
TRAIN Iter 165: loss = 0.002501,	Top-1 err = 72.040000,	Top-5 err = 48.360000,	train_time = 14.649695
TRAIN Iter 166: loss = 0.002501,	Top-1 err = 70.180000,	Top-5 err = 45.140000,	train_time = 16.271212
TRAIN Iter 167: loss = 0.002523,	Top-1 err = 73.580000,	Top-5 err = 50.420000,	train_time = 15.765290
TRAIN Iter 168: loss = 0.002531,	Top-1 err = 73.750000,	Top-5 err = 51.550000,	train_time = 14.565010
TRAIN Iter 169: loss = 0.002510,	Top-1 err = 69.940000,	Top-5 err = 45.730000,	train_time = 14.890625
TRAIN Iter 170: loss = 0.002451,	Top-1 err = 67.150000,	Top-5 err = 42.110000,	train_time = 15.455736
TRAIN Iter 171: loss = 0.002524,	Top-1 err = 72.880000,	Top-5 err = 49.500000,	train_time = 15.106098
TRAIN Iter 172: loss = 0.002485,	Top-1 err = 72.490000,	Top-5 err = 49.290000,	train_time = 16.637579
TRAIN Iter 173: loss = 0.002483,	Top-1 err = 70.000000,	Top-5 err = 45.960000,	train_time = 15.323706
TRAIN Iter 174: loss = 0.002516,	Top-1 err = 75.180000,	Top-5 err = 52.840000,	train_time = 15.321056
TRAIN Iter 175: loss = 0.002520,	Top-1 err = 71.640000,	Top-5 err = 47.970000,	train_time = 15.879663
TRAIN Iter 176: loss = 0.002490,	Top-1 err = 74.640000,	Top-5 err = 52.960000,	train_time = 15.251512
TRAIN Iter 177: loss = 0.002473,	Top-1 err = 72.440000,	Top-5 err = 49.090000,	train_time = 15.483144
TRAIN Iter 178: loss = 0.002464,	Top-1 err = 71.360000,	Top-5 err = 47.940000,	train_time = 14.961235
TRAIN Iter 179: loss = 0.002477,	Top-1 err = 75.700000,	Top-5 err = 53.010000,	train_time = 16.323645
TRAIN Iter 180: loss = 0.002469,	Top-1 err = 72.890000,	Top-5 err = 50.280000,	train_time = 15.209213
TRAIN Iter 181: loss = 0.002475,	Top-1 err = 72.900000,	Top-5 err = 50.590000,	train_time = 15.479103
TRAIN Iter 182: loss = 0.002402,	Top-1 err = 65.880000,	Top-5 err = 41.200000,	train_time = 15.184180
TRAIN Iter 183: loss = 0.002445,	Top-1 err = 69.650000,	Top-5 err = 45.490000,	train_time = 15.415514
TRAIN Iter 184: loss = 0.002470,	Top-1 err = 74.610000,	Top-5 err = 51.680000,	train_time = 14.959143
TRAIN Iter 185: loss = 0.002471,	Top-1 err = 73.130000,	Top-5 err = 50.190000,	train_time = 16.521242
TRAIN Iter 186: loss = 0.002468,	Top-1 err = 73.890000,	Top-5 err = 50.100000,	train_time = 15.430387
TRAIN Iter 187: loss = 0.002474,	Top-1 err = 75.310000,	Top-5 err = 52.550000,	train_time = 14.826317
TRAIN Iter 188: loss = 0.002434,	Top-1 err = 69.200000,	Top-5 err = 44.280000,	train_time = 15.150802
TRAIN Iter 189: loss = 0.002414,	Top-1 err = 70.000000,	Top-5 err = 46.710000,	train_time = 15.081989
TRAIN Iter 190: loss = 0.002425,	Top-1 err = 72.640000,	Top-5 err = 50.440000,	train_time = 15.552452
TRAIN Iter 191: loss = 0.002456,	Top-1 err = 71.680000,	Top-5 err = 46.880000,	train_time = 15.909768
TRAIN Iter 192: loss = 0.002434,	Top-1 err = 74.090000,	Top-5 err = 51.420000,	train_time = 15.338006
TRAIN Iter 193: loss = 0.002395,	Top-1 err = 66.330000,	Top-5 err = 41.260000,	train_time = 14.933377
TRAIN Iter 194: loss = 0.002414,	Top-1 err = 71.240000,	Top-5 err = 49.560000,	train_time = 15.350386
TRAIN Iter 195: loss = 0.002398,	Top-1 err = 72.800000,	Top-5 err = 50.580000,	train_time = 15.394913
TRAIN Iter 196: loss = 0.002373,	Top-1 err = 70.730000,	Top-5 err = 47.450000,	train_time = 15.197884
TRAIN Iter 197: loss = 0.002414,	Top-1 err = 71.910000,	Top-5 err = 49.060000,	train_time = 16.138258
TRAIN Iter 198: loss = 0.002405,	Top-1 err = 71.650000,	Top-5 err = 48.640000,	train_time = 15.590348
TRAIN Iter 199: loss = 0.002401,	Top-1 err = 70.850000,	Top-5 err = 47.800000,	train_time = 14.863779
TRAIN Iter 200: loss = 0.002397,	Top-1 err = 68.680000,	Top-5 err = 43.740000,	train_time = 15.182110
TRAIN Iter 201: loss = 0.002388,	Top-1 err = 70.310000,	Top-5 err = 47.800000,	train_time = 16.783011
TRAIN Iter 202: loss = 0.002404,	Top-1 err = 71.790000,	Top-5 err = 48.900000,	train_time = 15.283072
TRAIN Iter 203: loss = 0.002365,	Top-1 err = 68.970000,	Top-5 err = 45.570000,	train_time = 15.003439
TRAIN Iter 204: loss = 0.002363,	Top-1 err = 69.370000,	Top-5 err = 46.430000,	train_time = 15.080148
TRAIN Iter 205: loss = 0.002343,	Top-1 err = 70.800000,	Top-5 err = 48.430000,	train_time = 15.251444
TRAIN Iter 206: loss = 0.002372,	Top-1 err = 70.710000,	Top-5 err = 47.510000,	train_time = 15.435017
TRAIN Iter 207: loss = 0.002335,	Top-1 err = 73.190000,	Top-5 err = 51.230000,	train_time = 16.144676
TRAIN Iter 208: loss = 0.002342,	Top-1 err = 66.170000,	Top-5 err = 42.400000,	train_time = 15.065635
TRAIN Iter 209: loss = 0.002389,	Top-1 err = 72.180000,	Top-5 err = 49.020000,	train_time = 16.139301
TRAIN Iter 210: loss = 0.002373,	Top-1 err = 69.910000,	Top-5 err = 47.370000,	train_time = 14.866500
TRAIN Iter 211: loss = 0.002375,	Top-1 err = 72.130000,	Top-5 err = 49.920000,	train_time = 15.384586
TRAIN Iter 212: loss = 0.002352,	Top-1 err = 71.930000,	Top-5 err = 49.800000,	train_time = 15.948864
TRAIN Iter 213: loss = 0.002383,	Top-1 err = 76.430000,	Top-5 err = 53.900000,	train_time = 15.814900
TRAIN Iter 214: loss = 0.002362,	Top-1 err = 66.050000,	Top-5 err = 40.310000,	train_time = 15.587962
TRAIN Iter 215: loss = 0.002290,	Top-1 err = 65.550000,	Top-5 err = 41.380000,	train_time = 14.995542
TRAIN Iter 216: loss = 0.002344,	Top-1 err = 69.160000,	Top-5 err = 44.710000,	train_time = 14.775020
TRAIN Iter 217: loss = 0.002302,	Top-1 err = 66.280000,	Top-5 err = 42.150000,	train_time = 15.421980
TRAIN Iter 218: loss = 0.002343,	Top-1 err = 72.250000,	Top-5 err = 48.540000,	train_time = 15.451120
TRAIN Iter 219: loss = 0.002309,	Top-1 err = 69.980000,	Top-5 err = 45.950000,	train_time = 15.706623
TRAIN Iter 220: loss = 0.002300,	Top-1 err = 67.950000,	Top-5 err = 44.530000,	train_time = 15.206959
TRAIN Iter 221: loss = 0.002318,	Top-1 err = 73.480000,	Top-5 err = 51.620000,	train_time = 15.877919
TRAIN Iter 222: loss = 0.002306,	Top-1 err = 67.730000,	Top-5 err = 42.780000,	train_time = 15.713809
TRAIN Iter 223: loss = 0.002300,	Top-1 err = 70.130000,	Top-5 err = 46.470000,	train_time = 14.700756
TRAIN Iter 224: loss = 0.002274,	Top-1 err = 69.120000,	Top-5 err = 45.380000,	train_time = 16.048957
TRAIN Iter 225: loss = 0.002298,	Top-1 err = 69.150000,	Top-5 err = 45.000000,	train_time = 15.323737
TRAIN Iter 226: loss = 0.002326,	Top-1 err = 71.030000,	Top-5 err = 47.550000,	train_time = 16.284246
TRAIN Iter 227: loss = 0.002311,	Top-1 err = 70.430000,	Top-5 err = 46.410000,	train_time = 14.787755
TRAIN Iter 228: loss = 0.002279,	Top-1 err = 67.880000,	Top-5 err = 44.320000,	train_time = 15.743687
TRAIN Iter 229: loss = 0.002268,	Top-1 err = 67.760000,	Top-5 err = 44.260000,	train_time = 14.712817
TRAIN Iter 230: loss = 0.002300,	Top-1 err = 69.530000,	Top-5 err = 47.490000,	train_time = 14.971127
TRAIN Iter 231: loss = 0.002287,	Top-1 err = 70.140000,	Top-5 err = 47.300000,	train_time = 15.262565
TRAIN Iter 232: loss = 0.002266,	Top-1 err = 70.000000,	Top-5 err = 46.700000,	train_time = 16.259349
TRAIN Iter 233: loss = 0.002282,	Top-1 err = 69.510000,	Top-5 err = 46.920000,	train_time = 14.872518
TRAIN Iter 234: loss = 0.002268,	Top-1 err = 69.940000,	Top-5 err = 47.410000,	train_time = 16.425003
TRAIN Iter 235: loss = 0.002284,	Top-1 err = 71.150000,	Top-5 err = 48.770000,	train_time = 15.135703
TRAIN Iter 236: loss = 0.002256,	Top-1 err = 70.440000,	Top-5 err = 47.190000,	train_time = 15.160846
TRAIN Iter 237: loss = 0.002267,	Top-1 err = 68.130000,	Top-5 err = 45.550000,	train_time = 15.623853
TRAIN Iter 238: loss = 0.002273,	Top-1 err = 69.290000,	Top-5 err = 45.530000,	train_time = 15.192745
TRAIN Iter 239: loss = 0.002227,	Top-1 err = 69.120000,	Top-5 err = 46.700000,	train_time = 15.001096
TRAIN Iter 240: loss = 0.002253,	Top-1 err = 71.020000,	Top-5 err = 49.310000,	train_time = 15.350890
TRAIN Iter 241: loss = 0.002292,	Top-1 err = 70.190000,	Top-5 err = 48.150000,	train_time = 16.490689
TRAIN Iter 242: loss = 0.002289,	Top-1 err = 70.590000,	Top-5 err = 47.030000,	train_time = 15.391169
TRAIN Iter 243: loss = 0.002258,	Top-1 err = 69.150000,	Top-5 err = 45.680000,	train_time = 14.762296
TRAIN Iter 244: loss = 0.002227,	Top-1 err = 66.760000,	Top-5 err = 43.630000,	train_time = 15.990651
TRAIN Iter 245: loss = 0.002230,	Top-1 err = 69.110000,	Top-5 err = 46.310000,	train_time = 14.762361
TRAIN Iter 246: loss = 0.002260,	Top-1 err = 72.390000,	Top-5 err = 50.990000,	train_time = 16.355708
TRAIN Iter 247: loss = 0.002203,	Top-1 err = 70.190000,	Top-5 err = 47.850000,	train_time = 14.744580
TRAIN Iter 248: loss = 0.002266,	Top-1 err = 69.430000,	Top-5 err = 46.550000,	train_time = 16.092219
TRAIN Iter 249: loss = 0.002252,	Top-1 err = 69.440000,	Top-5 err = 46.900000,	train_time = 15.557470
TEST:
Iter 249: loss = 1.944272,	Top-1 err = 46.650000,	Top-5 err = 21.290000,	val_time = 2.994975
TRAIN Iter 250: loss = 0.002198,	Top-1 err = 63.870000,	Top-5 err = 39.330000,	train_time = 15.481531
TRAIN Iter 251: loss = 0.002214,	Top-1 err = 66.950000,	Top-5 err = 43.380000,	train_time = 15.182791
TRAIN Iter 252: loss = 0.002225,	Top-1 err = 66.960000,	Top-5 err = 43.040000,	train_time = 15.199590
TRAIN Iter 253: loss = 0.002215,	Top-1 err = 67.060000,	Top-5 err = 43.970000,	train_time = 15.149996
TRAIN Iter 254: loss = 0.002212,	Top-1 err = 65.980000,	Top-5 err = 42.410000,	train_time = 16.015712
TRAIN Iter 255: loss = 0.002194,	Top-1 err = 67.890000,	Top-5 err = 46.390000,	train_time = 15.440029
TRAIN Iter 256: loss = 0.002184,	Top-1 err = 66.820000,	Top-5 err = 43.550000,	train_time = 14.766084
TRAIN Iter 257: loss = 0.002215,	Top-1 err = 67.580000,	Top-5 err = 44.150000,	train_time = 16.492057
TRAIN Iter 258: loss = 0.002228,	Top-1 err = 65.200000,	Top-5 err = 41.100000,	train_time = 15.644500
TRAIN Iter 259: loss = 0.002222,	Top-1 err = 68.420000,	Top-5 err = 45.270000,	train_time = 14.543812
TEST:
Iter 259: loss = 1.886000,	Top-1 err = 45.570000,	Top-5 err = 20.690000,	val_time = 2.913168
TRAIN Iter 260: loss = 0.002229,	Top-1 err = 70.920000,	Top-5 err = 47.850000,	train_time = 15.798490
TRAIN Iter 261: loss = 0.002179,	Top-1 err = 65.570000,	Top-5 err = 41.740000,	train_time = 15.710147
TRAIN Iter 262: loss = 0.002184,	Top-1 err = 68.120000,	Top-5 err = 46.000000,	train_time = 14.871964
TRAIN Iter 263: loss = 0.002163,	Top-1 err = 66.880000,	Top-5 err = 43.620000,	train_time = 15.716487
TRAIN Iter 264: loss = 0.002180,	Top-1 err = 67.190000,	Top-5 err = 45.930000,	train_time = 15.330068
TRAIN Iter 265: loss = 0.002186,	Top-1 err = 65.910000,	Top-5 err = 42.970000,	train_time = 14.827843
TRAIN Iter 266: loss = 0.002182,	Top-1 err = 70.590000,	Top-5 err = 48.820000,	train_time = 16.063309
TRAIN Iter 267: loss = 0.002198,	Top-1 err = 68.690000,	Top-5 err = 44.020000,	train_time = 14.809052
TRAIN Iter 268: loss = 0.002199,	Top-1 err = 70.350000,	Top-5 err = 48.560000,	train_time = 16.280970
TRAIN Iter 269: loss = 0.002182,	Top-1 err = 68.370000,	Top-5 err = 45.190000,	train_time = 14.975247
TEST:
Iter 269: loss = 1.942518,	Top-1 err = 46.520000,	Top-5 err = 21.100000,	val_time = 2.927269
TRAIN Iter 270: loss = 0.002188,	Top-1 err = 68.310000,	Top-5 err = 46.870000,	train_time = 16.323650
TRAIN Iter 271: loss = 0.002169,	Top-1 err = 68.710000,	Top-5 err = 47.350000,	train_time = 14.886472
TRAIN Iter 272: loss = 0.002193,	Top-1 err = 71.280000,	Top-5 err = 50.100000,	train_time = 14.929648
TRAIN Iter 273: loss = 0.002183,	Top-1 err = 71.470000,	Top-5 err = 49.780000,	train_time = 16.334719
TRAIN Iter 274: loss = 0.002169,	Top-1 err = 67.720000,	Top-5 err = 43.900000,	train_time = 14.848102
TRAIN Iter 275: loss = 0.002189,	Top-1 err = 72.040000,	Top-5 err = 50.460000,	train_time = 16.280228
TRAIN Iter 276: loss = 0.002142,	Top-1 err = 66.280000,	Top-5 err = 42.000000,	train_time = 14.866939
TRAIN Iter 277: loss = 0.002219,	Top-1 err = 70.680000,	Top-5 err = 46.940000,	train_time = 15.107798
TRAIN Iter 278: loss = 0.002147,	Top-1 err = 66.040000,	Top-5 err = 41.540000,	train_time = 15.286625
TRAIN Iter 279: loss = 0.002147,	Top-1 err = 68.360000,	Top-5 err = 45.890000,	train_time = 14.988792
TEST:
Iter 279: loss = 1.943328,	Top-1 err = 46.290000,	Top-5 err = 21.390000,	val_time = 2.968549
TRAIN Iter 280: loss = 0.002155,	Top-1 err = 69.260000,	Top-5 err = 46.470000,	train_time = 15.655257
TRAIN Iter 281: loss = 0.002191,	Top-1 err = 70.640000,	Top-5 err = 47.410000,	train_time = 15.127515
TRAIN Iter 282: loss = 0.002125,	Top-1 err = 65.430000,	Top-5 err = 41.590000,	train_time = 16.245806
TRAIN Iter 283: loss = 0.002142,	Top-1 err = 67.630000,	Top-5 err = 44.980000,	train_time = 14.894583
TRAIN Iter 284: loss = 0.002104,	Top-1 err = 64.590000,	Top-5 err = 41.520000,	train_time = 15.384888
TRAIN Iter 285: loss = 0.002153,	Top-1 err = 70.260000,	Top-5 err = 47.290000,	train_time = 14.869921
TRAIN Iter 286: loss = 0.002132,	Top-1 err = 66.820000,	Top-5 err = 44.170000,	train_time = 15.348515
TRAIN Iter 287: loss = 0.002087,	Top-1 err = 65.440000,	Top-5 err = 41.890000,	train_time = 16.259284
TRAIN Iter 288: loss = 0.002143,	Top-1 err = 70.690000,	Top-5 err = 48.830000,	train_time = 15.310630
TRAIN Iter 289: loss = 0.002116,	Top-1 err = 65.290000,	Top-5 err = 41.170000,	train_time = 16.025874
TEST:
Iter 289: loss = 1.886988,	Top-1 err = 45.780000,	Top-5 err = 20.540000,	val_time = 3.191778
TRAIN Iter 290: loss = 0.002135,	Top-1 err = 67.250000,	Top-5 err = 45.620000,	train_time = 14.708025
TRAIN Iter 291: loss = 0.002171,	Top-1 err = 71.690000,	Top-5 err = 49.550000,	train_time = 15.352768
TRAIN Iter 292: loss = 0.002143,	Top-1 err = 66.790000,	Top-5 err = 42.690000,	train_time = 16.217022
TRAIN Iter 293: loss = 0.002108,	Top-1 err = 66.300000,	Top-5 err = 42.480000,	train_time = 14.533515
TRAIN Iter 294: loss = 0.002164,	Top-1 err = 71.980000,	Top-5 err = 49.280000,	train_time = 14.977221
TRAIN Iter 295: loss = 0.002118,	Top-1 err = 66.440000,	Top-5 err = 42.780000,	train_time = 14.951444
TRAIN Iter 296: loss = 0.002090,	Top-1 err = 66.690000,	Top-5 err = 43.750000,	train_time = 16.650934
TRAIN Iter 297: loss = 0.002122,	Top-1 err = 67.690000,	Top-5 err = 44.130000,	train_time = 15.013975
TRAIN Iter 298: loss = 0.002123,	Top-1 err = 68.330000,	Top-5 err = 44.740000,	train_time = 15.570688
TRAIN Iter 299: loss = 0.002117,	Top-1 err = 67.790000,	Top-5 err = 43.590000,	train_time = 14.666629
TEST:
Iter 299: loss = 1.888867,	Top-1 err = 45.210000,	Top-5 err = 20.490000,	val_time = 2.983023
Train Finish! Best accuracy is 54.79@299
