=> using pytorch pre-trained teacher model 'conv4'
process data from /home/dvspanos/nikos/ca2d/artifacts/rded_sets/bench_tin_conv_el2nw90_ipc10
load data successfully
TRAIN Iter 0: loss = 0.019187,	Top-1 err = 99.500000,	Top-5 err = 96.800000,	train_time = 3.697302
TRAIN Iter 1: loss = 0.015808,	Top-1 err = 98.800000,	Top-5 err = 94.400000,	train_time = 2.266544
TRAIN Iter 2: loss = 0.013882,	Top-1 err = 98.200000,	Top-5 err = 91.350000,	train_time = 2.316470
TRAIN Iter 3: loss = 0.013496,	Top-1 err = 97.350000,	Top-5 err = 87.850000,	train_time = 2.315984
TRAIN Iter 4: loss = 0.012297,	Top-1 err = 96.100000,	Top-5 err = 86.050000,	train_time = 2.234677
TRAIN Iter 5: loss = 0.011604,	Top-1 err = 93.200000,	Top-5 err = 79.200000,	train_time = 2.259931
TRAIN Iter 6: loss = 0.011626,	Top-1 err = 91.500000,	Top-5 err = 76.300000,	train_time = 2.286815
TRAIN Iter 7: loss = 0.010817,	Top-1 err = 89.900000,	Top-5 err = 70.550000,	train_time = 2.313501
TRAIN Iter 8: loss = 0.010259,	Top-1 err = 89.450000,	Top-5 err = 71.800000,	train_time = 2.281380
TRAIN Iter 9: loss = 0.010278,	Top-1 err = 89.250000,	Top-5 err = 69.800000,	train_time = 2.275653
TRAIN Iter 10: loss = 0.009787,	Top-1 err = 90.100000,	Top-5 err = 71.050000,	train_time = 2.302562
TRAIN Iter 11: loss = 0.009276,	Top-1 err = 87.600000,	Top-5 err = 67.350000,	train_time = 2.347456
TRAIN Iter 12: loss = 0.009348,	Top-1 err = 86.500000,	Top-5 err = 64.400000,	train_time = 2.320842
TRAIN Iter 13: loss = 0.009442,	Top-1 err = 81.150000,	Top-5 err = 57.700000,	train_time = 2.319315
TRAIN Iter 14: loss = 0.009006,	Top-1 err = 83.050000,	Top-5 err = 62.900000,	train_time = 2.317796
TRAIN Iter 15: loss = 0.008409,	Top-1 err = 81.250000,	Top-5 err = 58.000000,	train_time = 2.381312
TRAIN Iter 16: loss = 0.008819,	Top-1 err = 83.650000,	Top-5 err = 61.700000,	train_time = 2.328758
TRAIN Iter 17: loss = 0.008367,	Top-1 err = 84.350000,	Top-5 err = 62.650000,	train_time = 2.355479
TRAIN Iter 18: loss = 0.008596,	Top-1 err = 81.600000,	Top-5 err = 58.600000,	train_time = 2.311529
TRAIN Iter 19: loss = 0.008262,	Top-1 err = 76.200000,	Top-5 err = 48.550000,	train_time = 2.332129
TRAIN Iter 20: loss = 0.008028,	Top-1 err = 82.550000,	Top-5 err = 61.350000,	train_time = 2.119496
TRAIN Iter 21: loss = 0.007460,	Top-1 err = 81.050000,	Top-5 err = 57.000000,	train_time = 2.372226
TRAIN Iter 22: loss = 0.007726,	Top-1 err = 80.600000,	Top-5 err = 59.700000,	train_time = 2.344923
TRAIN Iter 23: loss = 0.007532,	Top-1 err = 75.800000,	Top-5 err = 53.100000,	train_time = 2.321879
TRAIN Iter 24: loss = 0.007534,	Top-1 err = 77.700000,	Top-5 err = 52.800000,	train_time = 2.366667
TRAIN Iter 25: loss = 0.007189,	Top-1 err = 76.850000,	Top-5 err = 51.350000,	train_time = 2.359028
TRAIN Iter 26: loss = 0.007395,	Top-1 err = 72.550000,	Top-5 err = 46.950000,	train_time = 2.381457
TRAIN Iter 27: loss = 0.006908,	Top-1 err = 81.800000,	Top-5 err = 62.750000,	train_time = 2.330943
TRAIN Iter 28: loss = 0.006945,	Top-1 err = 72.500000,	Top-5 err = 47.350000,	train_time = 2.384251
TRAIN Iter 29: loss = 0.006685,	Top-1 err = 77.200000,	Top-5 err = 54.400000,	train_time = 2.367988
TRAIN Iter 30: loss = 0.006813,	Top-1 err = 73.600000,	Top-5 err = 49.400000,	train_time = 2.353409
TRAIN Iter 31: loss = 0.006487,	Top-1 err = 78.450000,	Top-5 err = 55.100000,	train_time = 2.383610
TRAIN Iter 32: loss = 0.006477,	Top-1 err = 74.000000,	Top-5 err = 49.900000,	train_time = 2.363839
TRAIN Iter 33: loss = 0.006358,	Top-1 err = 74.200000,	Top-5 err = 51.300000,	train_time = 2.353090
TRAIN Iter 34: loss = 0.006621,	Top-1 err = 67.600000,	Top-5 err = 42.150000,	train_time = 2.373330
TRAIN Iter 35: loss = 0.006600,	Top-1 err = 73.000000,	Top-5 err = 50.650000,	train_time = 2.360010
TRAIN Iter 36: loss = 0.006224,	Top-1 err = 75.750000,	Top-5 err = 50.650000,	train_time = 2.357896
TRAIN Iter 37: loss = 0.006205,	Top-1 err = 71.350000,	Top-5 err = 47.550000,	train_time = 2.404728
TRAIN Iter 38: loss = 0.006244,	Top-1 err = 71.550000,	Top-5 err = 46.350000,	train_time = 2.395946
TRAIN Iter 39: loss = 0.005901,	Top-1 err = 71.100000,	Top-5 err = 44.100000,	train_time = 2.377667
TRAIN Iter 40: loss = 0.005968,	Top-1 err = 81.650000,	Top-5 err = 61.400000,	train_time = 2.421900
TRAIN Iter 41: loss = 0.006192,	Top-1 err = 65.000000,	Top-5 err = 39.800000,	train_time = 2.398453
TRAIN Iter 42: loss = 0.006073,	Top-1 err = 59.450000,	Top-5 err = 31.800000,	train_time = 2.356680
TRAIN Iter 43: loss = 0.005909,	Top-1 err = 75.400000,	Top-5 err = 53.550000,	train_time = 2.383880
TRAIN Iter 44: loss = 0.005634,	Top-1 err = 76.200000,	Top-5 err = 54.850000,	train_time = 2.387811
TRAIN Iter 45: loss = 0.005779,	Top-1 err = 64.100000,	Top-5 err = 38.450000,	train_time = 2.391813
TRAIN Iter 46: loss = 0.005590,	Top-1 err = 69.250000,	Top-5 err = 44.000000,	train_time = 2.365377
TRAIN Iter 47: loss = 0.005750,	Top-1 err = 67.450000,	Top-5 err = 45.000000,	train_time = 2.409779
TRAIN Iter 48: loss = 0.005635,	Top-1 err = 70.550000,	Top-5 err = 45.950000,	train_time = 2.389622
TRAIN Iter 49: loss = 0.005448,	Top-1 err = 64.650000,	Top-5 err = 40.400000,	train_time = 2.432310
TRAIN Iter 50: loss = 0.005482,	Top-1 err = 73.300000,	Top-5 err = 50.850000,	train_time = 2.429796
TRAIN Iter 51: loss = 0.005296,	Top-1 err = 73.100000,	Top-5 err = 49.500000,	train_time = 2.394874
TRAIN Iter 52: loss = 0.005396,	Top-1 err = 66.250000,	Top-5 err = 41.550000,	train_time = 2.378276
TRAIN Iter 53: loss = 0.005392,	Top-1 err = 68.700000,	Top-5 err = 47.200000,	train_time = 2.440674
TRAIN Iter 54: loss = 0.005250,	Top-1 err = 52.050000,	Top-5 err = 25.050000,	train_time = 2.423992
TRAIN Iter 55: loss = 0.005072,	Top-1 err = 73.400000,	Top-5 err = 50.150000,	train_time = 2.398242
TRAIN Iter 56: loss = 0.005122,	Top-1 err = 70.900000,	Top-5 err = 49.900000,	train_time = 2.397488
TRAIN Iter 57: loss = 0.005189,	Top-1 err = 60.700000,	Top-5 err = 36.200000,	train_time = 2.409613
TRAIN Iter 58: loss = 0.004865,	Top-1 err = 70.400000,	Top-5 err = 47.100000,	train_time = 2.420377
TRAIN Iter 59: loss = 0.004943,	Top-1 err = 66.750000,	Top-5 err = 41.900000,	train_time = 2.416714
TRAIN Iter 60: loss = 0.004973,	Top-1 err = 61.850000,	Top-5 err = 34.850000,	train_time = 2.395632
TRAIN Iter 61: loss = 0.004873,	Top-1 err = 61.200000,	Top-5 err = 37.000000,	train_time = 2.433665
TRAIN Iter 62: loss = 0.005067,	Top-1 err = 56.650000,	Top-5 err = 31.600000,	train_time = 2.439971
TRAIN Iter 63: loss = 0.004947,	Top-1 err = 53.650000,	Top-5 err = 28.750000,	train_time = 2.350575
TRAIN Iter 64: loss = 0.004781,	Top-1 err = 61.750000,	Top-5 err = 36.750000,	train_time = 2.447909
TRAIN Iter 65: loss = 0.004830,	Top-1 err = 60.700000,	Top-5 err = 34.900000,	train_time = 2.382247
TRAIN Iter 66: loss = 0.004637,	Top-1 err = 58.650000,	Top-5 err = 32.850000,	train_time = 2.363405
TRAIN Iter 67: loss = 0.004682,	Top-1 err = 66.350000,	Top-5 err = 40.500000,	train_time = 2.393157
TRAIN Iter 68: loss = 0.004769,	Top-1 err = 62.150000,	Top-5 err = 38.150000,	train_time = 2.319637
TRAIN Iter 69: loss = 0.004668,	Top-1 err = 66.200000,	Top-5 err = 44.700000,	train_time = 2.411220
TRAIN Iter 70: loss = 0.004472,	Top-1 err = 64.450000,	Top-5 err = 39.600000,	train_time = 2.428628
TRAIN Iter 71: loss = 0.004534,	Top-1 err = 60.050000,	Top-5 err = 37.050000,	train_time = 2.392392
TRAIN Iter 72: loss = 0.004660,	Top-1 err = 67.300000,	Top-5 err = 42.000000,	train_time = 2.397175
TRAIN Iter 73: loss = 0.004661,	Top-1 err = 53.650000,	Top-5 err = 27.850000,	train_time = 2.398086
TRAIN Iter 74: loss = 0.004731,	Top-1 err = 53.600000,	Top-5 err = 28.850000,	train_time = 2.392561
TRAIN Iter 75: loss = 0.004463,	Top-1 err = 61.800000,	Top-5 err = 35.900000,	train_time = 2.439622
TRAIN Iter 76: loss = 0.004570,	Top-1 err = 75.400000,	Top-5 err = 52.000000,	train_time = 2.109743
TRAIN Iter 77: loss = 0.004514,	Top-1 err = 58.100000,	Top-5 err = 35.900000,	train_time = 2.443988
TRAIN Iter 78: loss = 0.004474,	Top-1 err = 67.700000,	Top-5 err = 45.900000,	train_time = 2.401869
TRAIN Iter 79: loss = 0.004568,	Top-1 err = 65.550000,	Top-5 err = 42.850000,	train_time = 2.360347
TRAIN Iter 80: loss = 0.004301,	Top-1 err = 65.800000,	Top-5 err = 39.300000,	train_time = 2.408149
TRAIN Iter 81: loss = 0.004425,	Top-1 err = 68.350000,	Top-5 err = 47.450000,	train_time = 2.412055
TRAIN Iter 82: loss = 0.004254,	Top-1 err = 60.900000,	Top-5 err = 36.900000,	train_time = 2.378596
TRAIN Iter 83: loss = 0.004387,	Top-1 err = 69.850000,	Top-5 err = 47.100000,	train_time = 2.447266
TRAIN Iter 84: loss = 0.004258,	Top-1 err = 58.950000,	Top-5 err = 35.300000,	train_time = 2.428066
TRAIN Iter 85: loss = 0.004235,	Top-1 err = 71.100000,	Top-5 err = 49.300000,	train_time = 2.411213
TRAIN Iter 86: loss = 0.004294,	Top-1 err = 54.100000,	Top-5 err = 32.050000,	train_time = 2.434286
TRAIN Iter 87: loss = 0.004464,	Top-1 err = 70.100000,	Top-5 err = 49.200000,	train_time = 2.404058
TRAIN Iter 88: loss = 0.004331,	Top-1 err = 62.600000,	Top-5 err = 40.500000,	train_time = 2.428451
TRAIN Iter 89: loss = 0.004170,	Top-1 err = 63.950000,	Top-5 err = 41.300000,	train_time = 2.430972
TRAIN Iter 90: loss = 0.004120,	Top-1 err = 60.950000,	Top-5 err = 39.300000,	train_time = 2.407764
TRAIN Iter 91: loss = 0.004179,	Top-1 err = 63.350000,	Top-5 err = 41.950000,	train_time = 2.468605
TRAIN Iter 92: loss = 0.004133,	Top-1 err = 65.550000,	Top-5 err = 40.450000,	train_time = 2.403503
TRAIN Iter 93: loss = 0.004207,	Top-1 err = 61.000000,	Top-5 err = 38.600000,	train_time = 2.436724
TRAIN Iter 94: loss = 0.004073,	Top-1 err = 55.200000,	Top-5 err = 32.000000,	train_time = 2.436753
TRAIN Iter 95: loss = 0.004214,	Top-1 err = 53.950000,	Top-5 err = 31.850000,	train_time = 2.428259
TRAIN Iter 96: loss = 0.004182,	Top-1 err = 60.250000,	Top-5 err = 37.050000,	train_time = 2.475512
TRAIN Iter 97: loss = 0.004204,	Top-1 err = 63.700000,	Top-5 err = 42.700000,	train_time = 2.438986
TRAIN Iter 98: loss = 0.003942,	Top-1 err = 43.550000,	Top-5 err = 18.200000,	train_time = 2.379904
TRAIN Iter 99: loss = 0.003961,	Top-1 err = 57.200000,	Top-5 err = 34.900000,	train_time = 2.400960
TRAIN Iter 100: loss = 0.003981,	Top-1 err = 65.550000,	Top-5 err = 43.700000,	train_time = 2.454352
TRAIN Iter 101: loss = 0.004015,	Top-1 err = 64.750000,	Top-5 err = 41.500000,	train_time = 2.411808
TRAIN Iter 102: loss = 0.003947,	Top-1 err = 69.500000,	Top-5 err = 45.750000,	train_time = 2.442956
TRAIN Iter 103: loss = 0.003937,	Top-1 err = 53.000000,	Top-5 err = 30.150000,	train_time = 2.404585
TRAIN Iter 104: loss = 0.004066,	Top-1 err = 71.950000,	Top-5 err = 53.450000,	train_time = 2.423111
TRAIN Iter 105: loss = 0.004028,	Top-1 err = 60.050000,	Top-5 err = 39.400000,	train_time = 2.393138
TRAIN Iter 106: loss = 0.003896,	Top-1 err = 57.250000,	Top-5 err = 33.850000,	train_time = 2.405956
TRAIN Iter 107: loss = 0.003912,	Top-1 err = 61.850000,	Top-5 err = 38.350000,	train_time = 2.403134
TRAIN Iter 108: loss = 0.003826,	Top-1 err = 56.000000,	Top-5 err = 31.250000,	train_time = 2.391798
TRAIN Iter 109: loss = 0.003807,	Top-1 err = 59.600000,	Top-5 err = 36.200000,	train_time = 2.375312
TRAIN Iter 110: loss = 0.003851,	Top-1 err = 47.600000,	Top-5 err = 21.400000,	train_time = 2.401455
TRAIN Iter 111: loss = 0.003798,	Top-1 err = 62.500000,	Top-5 err = 39.200000,	train_time = 2.440076
TRAIN Iter 112: loss = 0.004024,	Top-1 err = 54.600000,	Top-5 err = 34.900000,	train_time = 2.461682
TRAIN Iter 113: loss = 0.003818,	Top-1 err = 41.500000,	Top-5 err = 19.850000,	train_time = 2.441375
TRAIN Iter 114: loss = 0.003813,	Top-1 err = 52.450000,	Top-5 err = 27.950000,	train_time = 2.454291
TRAIN Iter 115: loss = 0.003735,	Top-1 err = 63.600000,	Top-5 err = 37.850000,	train_time = 2.445442
TRAIN Iter 116: loss = 0.003716,	Top-1 err = 53.550000,	Top-5 err = 29.950000,	train_time = 2.408088
TRAIN Iter 117: loss = 0.003764,	Top-1 err = 52.000000,	Top-5 err = 30.200000,	train_time = 2.419982
TRAIN Iter 118: loss = 0.003775,	Top-1 err = 63.900000,	Top-5 err = 42.250000,	train_time = 2.463582
TRAIN Iter 119: loss = 0.003737,	Top-1 err = 53.200000,	Top-5 err = 28.750000,	train_time = 2.451480
TRAIN Iter 120: loss = 0.003715,	Top-1 err = 63.450000,	Top-5 err = 40.800000,	train_time = 2.459641
TRAIN Iter 121: loss = 0.003727,	Top-1 err = 66.550000,	Top-5 err = 45.100000,	train_time = 2.449994
TRAIN Iter 122: loss = 0.003752,	Top-1 err = 67.450000,	Top-5 err = 43.650000,	train_time = 2.396618
TRAIN Iter 123: loss = 0.003838,	Top-1 err = 61.700000,	Top-5 err = 40.400000,	train_time = 2.460861
TRAIN Iter 124: loss = 0.003777,	Top-1 err = 65.550000,	Top-5 err = 45.050000,	train_time = 2.411588
TRAIN Iter 125: loss = 0.003767,	Top-1 err = 63.050000,	Top-5 err = 42.200000,	train_time = 2.445322
TRAIN Iter 126: loss = 0.003688,	Top-1 err = 64.800000,	Top-5 err = 43.000000,	train_time = 2.451962
TRAIN Iter 127: loss = 0.003663,	Top-1 err = 61.600000,	Top-5 err = 40.450000,	train_time = 2.454358
TRAIN Iter 128: loss = 0.003673,	Top-1 err = 63.350000,	Top-5 err = 40.950000,	train_time = 2.430944
TRAIN Iter 129: loss = 0.003614,	Top-1 err = 52.050000,	Top-5 err = 29.050000,	train_time = 2.445341
TRAIN Iter 130: loss = 0.003572,	Top-1 err = 65.800000,	Top-5 err = 46.000000,	train_time = 2.430864
TRAIN Iter 131: loss = 0.003485,	Top-1 err = 57.450000,	Top-5 err = 35.550000,	train_time = 2.432074
TRAIN Iter 132: loss = 0.003659,	Top-1 err = 51.900000,	Top-5 err = 30.000000,	train_time = 2.453334
TRAIN Iter 133: loss = 0.003520,	Top-1 err = 49.750000,	Top-5 err = 25.900000,	train_time = 2.416136
TRAIN Iter 134: loss = 0.003514,	Top-1 err = 68.900000,	Top-5 err = 46.700000,	train_time = 2.447582
TRAIN Iter 135: loss = 0.003688,	Top-1 err = 52.600000,	Top-5 err = 30.900000,	train_time = 2.456927
TRAIN Iter 136: loss = 0.003623,	Top-1 err = 53.350000,	Top-5 err = 29.400000,	train_time = 2.431872
TRAIN Iter 137: loss = 0.003610,	Top-1 err = 69.600000,	Top-5 err = 50.100000,	train_time = 2.520607
TRAIN Iter 138: loss = 0.003446,	Top-1 err = 56.750000,	Top-5 err = 33.050000,	train_time = 2.422724
TRAIN Iter 139: loss = 0.003505,	Top-1 err = 53.700000,	Top-5 err = 29.850000,	train_time = 2.444395
TRAIN Iter 140: loss = 0.003493,	Top-1 err = 57.050000,	Top-5 err = 35.150000,	train_time = 2.445578
TRAIN Iter 141: loss = 0.003557,	Top-1 err = 59.750000,	Top-5 err = 35.200000,	train_time = 2.438062
TRAIN Iter 142: loss = 0.003470,	Top-1 err = 58.950000,	Top-5 err = 36.750000,	train_time = 2.412210
TRAIN Iter 143: loss = 0.003422,	Top-1 err = 53.950000,	Top-5 err = 32.600000,	train_time = 2.437031
TRAIN Iter 144: loss = 0.003455,	Top-1 err = 53.550000,	Top-5 err = 30.100000,	train_time = 2.413615
TRAIN Iter 145: loss = 0.003501,	Top-1 err = 63.700000,	Top-5 err = 41.150000,	train_time = 2.395201
TRAIN Iter 146: loss = 0.003451,	Top-1 err = 60.800000,	Top-5 err = 38.550000,	train_time = 2.426214
TRAIN Iter 147: loss = 0.003541,	Top-1 err = 63.900000,	Top-5 err = 43.600000,	train_time = 2.399560
TRAIN Iter 148: loss = 0.003443,	Top-1 err = 60.100000,	Top-5 err = 40.500000,	train_time = 2.425422
TRAIN Iter 149: loss = 0.003342,	Top-1 err = 55.250000,	Top-5 err = 32.450000,	train_time = 2.378109
TRAIN Iter 150: loss = 0.003376,	Top-1 err = 56.600000,	Top-5 err = 33.700000,	train_time = 2.399813
TRAIN Iter 151: loss = 0.003319,	Top-1 err = 57.700000,	Top-5 err = 36.950000,	train_time = 2.378813
TRAIN Iter 152: loss = 0.003344,	Top-1 err = 51.900000,	Top-5 err = 30.200000,	train_time = 2.399964
TRAIN Iter 153: loss = 0.003282,	Top-1 err = 41.550000,	Top-5 err = 19.000000,	train_time = 2.390786
TRAIN Iter 154: loss = 0.003401,	Top-1 err = 55.400000,	Top-5 err = 29.600000,	train_time = 2.359673
TRAIN Iter 155: loss = 0.003301,	Top-1 err = 48.850000,	Top-5 err = 26.450000,	train_time = 2.360478
TRAIN Iter 156: loss = 0.003403,	Top-1 err = 63.450000,	Top-5 err = 43.150000,	train_time = 2.342175
TRAIN Iter 157: loss = 0.003316,	Top-1 err = 55.600000,	Top-5 err = 31.300000,	train_time = 2.412588
TRAIN Iter 158: loss = 0.003393,	Top-1 err = 56.800000,	Top-5 err = 35.150000,	train_time = 2.372507
TRAIN Iter 159: loss = 0.003276,	Top-1 err = 52.000000,	Top-5 err = 33.450000,	train_time = 2.394613
TRAIN Iter 160: loss = 0.003451,	Top-1 err = 61.300000,	Top-5 err = 39.050000,	train_time = 2.397541
TRAIN Iter 161: loss = 0.003341,	Top-1 err = 50.350000,	Top-5 err = 28.600000,	train_time = 2.383399
TRAIN Iter 162: loss = 0.003302,	Top-1 err = 63.250000,	Top-5 err = 42.200000,	train_time = 2.379595
TRAIN Iter 163: loss = 0.003351,	Top-1 err = 59.700000,	Top-5 err = 36.300000,	train_time = 2.368878
TRAIN Iter 164: loss = 0.003493,	Top-1 err = 62.400000,	Top-5 err = 38.250000,	train_time = 2.373062
TRAIN Iter 165: loss = 0.003393,	Top-1 err = 54.950000,	Top-5 err = 31.750000,	train_time = 2.399688
TRAIN Iter 166: loss = 0.003371,	Top-1 err = 63.800000,	Top-5 err = 39.950000,	train_time = 2.386996
TRAIN Iter 167: loss = 0.003433,	Top-1 err = 62.700000,	Top-5 err = 42.500000,	train_time = 2.352375
TRAIN Iter 168: loss = 0.003335,	Top-1 err = 57.450000,	Top-5 err = 33.000000,	train_time = 2.393227
TRAIN Iter 169: loss = 0.003455,	Top-1 err = 66.950000,	Top-5 err = 46.850000,	train_time = 2.391399
TRAIN Iter 170: loss = 0.003252,	Top-1 err = 54.300000,	Top-5 err = 30.150000,	train_time = 2.297221
TRAIN Iter 171: loss = 0.003196,	Top-1 err = 49.500000,	Top-5 err = 27.650000,	train_time = 2.351633
TRAIN Iter 172: loss = 0.003323,	Top-1 err = 65.600000,	Top-5 err = 43.450000,	train_time = 2.376479
TRAIN Iter 173: loss = 0.003391,	Top-1 err = 67.400000,	Top-5 err = 44.100000,	train_time = 2.391699
TRAIN Iter 174: loss = 0.003306,	Top-1 err = 63.050000,	Top-5 err = 40.150000,	train_time = 2.349027
TRAIN Iter 175: loss = 0.003349,	Top-1 err = 62.050000,	Top-5 err = 39.950000,	train_time = 2.302690
TRAIN Iter 176: loss = 0.003249,	Top-1 err = 52.650000,	Top-5 err = 31.150000,	train_time = 2.341886
TRAIN Iter 177: loss = 0.003230,	Top-1 err = 55.750000,	Top-5 err = 34.750000,	train_time = 2.365261
TRAIN Iter 178: loss = 0.003221,	Top-1 err = 51.050000,	Top-5 err = 31.100000,	train_time = 2.355624
TRAIN Iter 179: loss = 0.003172,	Top-1 err = 50.250000,	Top-5 err = 29.900000,	train_time = 2.391254
TRAIN Iter 180: loss = 0.003190,	Top-1 err = 54.600000,	Top-5 err = 35.500000,	train_time = 2.383987
TRAIN Iter 181: loss = 0.003208,	Top-1 err = 54.800000,	Top-5 err = 32.100000,	train_time = 2.356722
TRAIN Iter 182: loss = 0.003214,	Top-1 err = 54.300000,	Top-5 err = 31.950000,	train_time = 2.412849
TRAIN Iter 183: loss = 0.003144,	Top-1 err = 60.600000,	Top-5 err = 38.500000,	train_time = 2.321044
TRAIN Iter 184: loss = 0.003210,	Top-1 err = 56.600000,	Top-5 err = 35.550000,	train_time = 2.358372
TRAIN Iter 185: loss = 0.003122,	Top-1 err = 56.800000,	Top-5 err = 36.950000,	train_time = 2.373935
TRAIN Iter 186: loss = 0.003271,	Top-1 err = 58.100000,	Top-5 err = 34.950000,	train_time = 2.384582
TRAIN Iter 187: loss = 0.003225,	Top-1 err = 60.350000,	Top-5 err = 38.150000,	train_time = 2.361341
TRAIN Iter 188: loss = 0.003242,	Top-1 err = 60.000000,	Top-5 err = 38.900000,	train_time = 2.389249
TRAIN Iter 189: loss = 0.003202,	Top-1 err = 60.350000,	Top-5 err = 39.150000,	train_time = 2.372633
TRAIN Iter 190: loss = 0.003097,	Top-1 err = 56.850000,	Top-5 err = 32.450000,	train_time = 2.371559
TRAIN Iter 191: loss = 0.003115,	Top-1 err = 56.300000,	Top-5 err = 30.700000,	train_time = 2.381176
TRAIN Iter 192: loss = 0.003100,	Top-1 err = 52.000000,	Top-5 err = 30.800000,	train_time = 2.327769
TRAIN Iter 193: loss = 0.003141,	Top-1 err = 60.500000,	Top-5 err = 37.200000,	train_time = 2.394700
TRAIN Iter 194: loss = 0.002998,	Top-1 err = 57.300000,	Top-5 err = 33.600000,	train_time = 2.411823
TRAIN Iter 195: loss = 0.003105,	Top-1 err = 60.250000,	Top-5 err = 38.300000,	train_time = 2.365793
TRAIN Iter 196: loss = 0.003146,	Top-1 err = 61.150000,	Top-5 err = 42.500000,	train_time = 2.403414
TRAIN Iter 197: loss = 0.003148,	Top-1 err = 62.750000,	Top-5 err = 42.550000,	train_time = 2.386168
TRAIN Iter 198: loss = 0.003178,	Top-1 err = 53.000000,	Top-5 err = 31.050000,	train_time = 2.391515
TRAIN Iter 199: loss = 0.003054,	Top-1 err = 56.150000,	Top-5 err = 32.900000,	train_time = 2.366618
TRAIN Iter 200: loss = 0.003088,	Top-1 err = 49.500000,	Top-5 err = 26.500000,	train_time = 2.327309
TRAIN Iter 201: loss = 0.002986,	Top-1 err = 55.750000,	Top-5 err = 34.550000,	train_time = 2.382444
TRAIN Iter 202: loss = 0.003100,	Top-1 err = 63.350000,	Top-5 err = 42.050000,	train_time = 2.363833
TRAIN Iter 203: loss = 0.003108,	Top-1 err = 55.850000,	Top-5 err = 35.300000,	train_time = 2.107267
TRAIN Iter 204: loss = 0.003133,	Top-1 err = 61.300000,	Top-5 err = 38.250000,	train_time = 2.411507
TRAIN Iter 205: loss = 0.003124,	Top-1 err = 52.900000,	Top-5 err = 31.150000,	train_time = 2.401248
TRAIN Iter 206: loss = 0.003025,	Top-1 err = 60.000000,	Top-5 err = 36.500000,	train_time = 2.375604
TRAIN Iter 207: loss = 0.003070,	Top-1 err = 61.450000,	Top-5 err = 41.550000,	train_time = 2.346606
TRAIN Iter 208: loss = 0.002897,	Top-1 err = 43.950000,	Top-5 err = 21.450000,	train_time = 2.372880
TRAIN Iter 209: loss = 0.002933,	Top-1 err = 48.800000,	Top-5 err = 25.750000,	train_time = 2.365328
TRAIN Iter 210: loss = 0.002926,	Top-1 err = 44.600000,	Top-5 err = 24.250000,	train_time = 2.394122
TRAIN Iter 211: loss = 0.003091,	Top-1 err = 56.300000,	Top-5 err = 37.150000,	train_time = 2.361091
TRAIN Iter 212: loss = 0.003026,	Top-1 err = 52.950000,	Top-5 err = 31.950000,	train_time = 2.406238
TRAIN Iter 213: loss = 0.002957,	Top-1 err = 42.200000,	Top-5 err = 21.100000,	train_time = 2.396680
TRAIN Iter 214: loss = 0.002952,	Top-1 err = 44.100000,	Top-5 err = 21.750000,	train_time = 2.356252
TRAIN Iter 215: loss = 0.003025,	Top-1 err = 61.100000,	Top-5 err = 37.850000,	train_time = 2.391884
TRAIN Iter 216: loss = 0.003018,	Top-1 err = 54.350000,	Top-5 err = 33.900000,	train_time = 2.394898
TRAIN Iter 217: loss = 0.002989,	Top-1 err = 49.200000,	Top-5 err = 28.050000,	train_time = 2.371453
TRAIN Iter 218: loss = 0.003088,	Top-1 err = 69.600000,	Top-5 err = 48.350000,	train_time = 2.382056
TRAIN Iter 219: loss = 0.002937,	Top-1 err = 44.500000,	Top-5 err = 25.550000,	train_time = 2.377405
TRAIN Iter 220: loss = 0.002965,	Top-1 err = 49.100000,	Top-5 err = 26.150000,	train_time = 2.383054
TRAIN Iter 221: loss = 0.002856,	Top-1 err = 45.250000,	Top-5 err = 25.100000,	train_time = 2.415241
TRAIN Iter 222: loss = 0.003070,	Top-1 err = 58.800000,	Top-5 err = 34.950000,	train_time = 2.362948
TRAIN Iter 223: loss = 0.003048,	Top-1 err = 57.100000,	Top-5 err = 37.650000,	train_time = 2.402881
TRAIN Iter 224: loss = 0.002831,	Top-1 err = 42.400000,	Top-5 err = 20.650000,	train_time = 2.378574
TRAIN Iter 225: loss = 0.002959,	Top-1 err = 53.050000,	Top-5 err = 33.750000,	train_time = 2.383222
TRAIN Iter 226: loss = 0.002902,	Top-1 err = 52.350000,	Top-5 err = 32.700000,	train_time = 2.384175
TRAIN Iter 227: loss = 0.002947,	Top-1 err = 49.500000,	Top-5 err = 28.800000,	train_time = 2.401865
TRAIN Iter 228: loss = 0.002835,	Top-1 err = 45.150000,	Top-5 err = 25.550000,	train_time = 2.383744
TRAIN Iter 229: loss = 0.003003,	Top-1 err = 55.400000,	Top-5 err = 32.700000,	train_time = 2.387588
TRAIN Iter 230: loss = 0.002993,	Top-1 err = 70.300000,	Top-5 err = 51.450000,	train_time = 2.342264
TRAIN Iter 231: loss = 0.002975,	Top-1 err = 60.050000,	Top-5 err = 38.950000,	train_time = 2.362541
TRAIN Iter 232: loss = 0.002959,	Top-1 err = 64.250000,	Top-5 err = 43.700000,	train_time = 2.410474
TRAIN Iter 233: loss = 0.002945,	Top-1 err = 57.400000,	Top-5 err = 36.250000,	train_time = 2.369796
TRAIN Iter 234: loss = 0.002866,	Top-1 err = 52.050000,	Top-5 err = 28.050000,	train_time = 2.364220
TRAIN Iter 235: loss = 0.003006,	Top-1 err = 61.700000,	Top-5 err = 37.600000,	train_time = 2.329427
TRAIN Iter 236: loss = 0.003018,	Top-1 err = 60.550000,	Top-5 err = 39.500000,	train_time = 2.371270
TRAIN Iter 237: loss = 0.003038,	Top-1 err = 62.750000,	Top-5 err = 41.000000,	train_time = 2.380861
TRAIN Iter 238: loss = 0.002958,	Top-1 err = 56.100000,	Top-5 err = 32.500000,	train_time = 2.355896
TRAIN Iter 239: loss = 0.002903,	Top-1 err = 59.750000,	Top-5 err = 36.800000,	train_time = 2.395240
TRAIN Iter 240: loss = 0.002918,	Top-1 err = 57.200000,	Top-5 err = 35.850000,	train_time = 2.393338
TRAIN Iter 241: loss = 0.002998,	Top-1 err = 67.550000,	Top-5 err = 47.450000,	train_time = 2.353712
TRAIN Iter 242: loss = 0.002910,	Top-1 err = 56.000000,	Top-5 err = 35.350000,	train_time = 2.376792
TRAIN Iter 243: loss = 0.002812,	Top-1 err = 54.150000,	Top-5 err = 32.700000,	train_time = 2.384787
TRAIN Iter 244: loss = 0.002822,	Top-1 err = 49.600000,	Top-5 err = 25.850000,	train_time = 2.354228
TRAIN Iter 245: loss = 0.002890,	Top-1 err = 65.850000,	Top-5 err = 43.900000,	train_time = 2.405468
TRAIN Iter 246: loss = 0.002877,	Top-1 err = 51.350000,	Top-5 err = 30.200000,	train_time = 2.347906
TRAIN Iter 247: loss = 0.002926,	Top-1 err = 55.650000,	Top-5 err = 31.900000,	train_time = 2.376561
TRAIN Iter 248: loss = 0.002920,	Top-1 err = 52.250000,	Top-5 err = 29.750000,	train_time = 2.345497
TRAIN Iter 249: loss = 0.002891,	Top-1 err = 59.000000,	Top-5 err = 36.550000,	train_time = 2.355830
TEST:
Iter 249: loss = 2.797709,	Top-1 err = 64.530000,	Top-5 err = 37.040000,	val_time = 2.291186
TRAIN Iter 250: loss = 0.002785,	Top-1 err = 61.250000,	Top-5 err = 36.800000,	train_time = 2.377533
TRAIN Iter 251: loss = 0.002778,	Top-1 err = 51.550000,	Top-5 err = 26.200000,	train_time = 2.393111
TRAIN Iter 252: loss = 0.002781,	Top-1 err = 56.450000,	Top-5 err = 36.400000,	train_time = 2.395192
TRAIN Iter 253: loss = 0.002780,	Top-1 err = 58.250000,	Top-5 err = 36.700000,	train_time = 2.365230
TRAIN Iter 254: loss = 0.002862,	Top-1 err = 56.500000,	Top-5 err = 33.350000,	train_time = 2.415591
TRAIN Iter 255: loss = 0.002843,	Top-1 err = 63.350000,	Top-5 err = 42.700000,	train_time = 2.335163
TRAIN Iter 256: loss = 0.002729,	Top-1 err = 48.650000,	Top-5 err = 25.850000,	train_time = 2.360250
TRAIN Iter 257: loss = 0.002771,	Top-1 err = 42.200000,	Top-5 err = 20.200000,	train_time = 2.403066
TRAIN Iter 258: loss = 0.002768,	Top-1 err = 56.550000,	Top-5 err = 34.350000,	train_time = 2.351145
TRAIN Iter 259: loss = 0.002841,	Top-1 err = 49.750000,	Top-5 err = 27.100000,	train_time = 2.347091
TEST:
Iter 259: loss = 2.811536,	Top-1 err = 64.930000,	Top-5 err = 37.220000,	val_time = 2.234753
TRAIN Iter 260: loss = 0.002793,	Top-1 err = 56.950000,	Top-5 err = 32.300000,	train_time = 2.420757
TRAIN Iter 261: loss = 0.002790,	Top-1 err = 52.500000,	Top-5 err = 31.100000,	train_time = 2.411775
TRAIN Iter 262: loss = 0.002747,	Top-1 err = 42.100000,	Top-5 err = 20.550000,	train_time = 2.354095
TRAIN Iter 263: loss = 0.002838,	Top-1 err = 57.700000,	Top-5 err = 35.450000,	train_time = 2.353920
TRAIN Iter 264: loss = 0.002709,	Top-1 err = 53.400000,	Top-5 err = 28.700000,	train_time = 2.308503
TRAIN Iter 265: loss = 0.002814,	Top-1 err = 51.000000,	Top-5 err = 29.150000,	train_time = 2.367937
TRAIN Iter 266: loss = 0.002801,	Top-1 err = 57.400000,	Top-5 err = 33.650000,	train_time = 2.346722
TRAIN Iter 267: loss = 0.002774,	Top-1 err = 54.800000,	Top-5 err = 30.300000,	train_time = 2.353664
TRAIN Iter 268: loss = 0.002815,	Top-1 err = 51.850000,	Top-5 err = 30.750000,	train_time = 2.346222
TRAIN Iter 269: loss = 0.002829,	Top-1 err = 48.750000,	Top-5 err = 26.150000,	train_time = 2.399932
TEST:
Iter 269: loss = 2.809336,	Top-1 err = 64.220000,	Top-5 err = 37.150000,	val_time = 2.282746
TRAIN Iter 270: loss = 0.002718,	Top-1 err = 42.250000,	Top-5 err = 24.000000,	train_time = 2.411759
TRAIN Iter 271: loss = 0.002807,	Top-1 err = 54.450000,	Top-5 err = 31.800000,	train_time = 2.384390
TRAIN Iter 272: loss = 0.002875,	Top-1 err = 65.200000,	Top-5 err = 43.600000,	train_time = 2.333257
TRAIN Iter 273: loss = 0.002825,	Top-1 err = 64.500000,	Top-5 err = 42.350000,	train_time = 2.359889
TRAIN Iter 274: loss = 0.002663,	Top-1 err = 44.350000,	Top-5 err = 19.850000,	train_time = 2.362344
TRAIN Iter 275: loss = 0.002827,	Top-1 err = 56.850000,	Top-5 err = 35.200000,	train_time = 2.350282
TRAIN Iter 276: loss = 0.002855,	Top-1 err = 51.650000,	Top-5 err = 30.900000,	train_time = 2.304941
TRAIN Iter 277: loss = 0.002735,	Top-1 err = 56.550000,	Top-5 err = 33.500000,	train_time = 2.367520
TRAIN Iter 278: loss = 0.002756,	Top-1 err = 58.650000,	Top-5 err = 38.600000,	train_time = 2.349930
TRAIN Iter 279: loss = 0.002751,	Top-1 err = 51.450000,	Top-5 err = 29.750000,	train_time = 2.361883
TEST:
Iter 279: loss = 2.743998,	Top-1 err = 63.470000,	Top-5 err = 36.150000,	val_time = 2.268012
TRAIN Iter 280: loss = 0.002644,	Top-1 err = 52.500000,	Top-5 err = 30.300000,	train_time = 2.373497
TRAIN Iter 281: loss = 0.002611,	Top-1 err = 48.250000,	Top-5 err = 30.100000,	train_time = 2.355963
TRAIN Iter 282: loss = 0.002593,	Top-1 err = 42.200000,	Top-5 err = 19.100000,	train_time = 2.374092
TRAIN Iter 283: loss = 0.002718,	Top-1 err = 52.450000,	Top-5 err = 29.000000,	train_time = 2.370138
TRAIN Iter 284: loss = 0.002850,	Top-1 err = 53.550000,	Top-5 err = 31.450000,	train_time = 2.339103
TRAIN Iter 285: loss = 0.002708,	Top-1 err = 45.750000,	Top-5 err = 22.000000,	train_time = 2.335183
TRAIN Iter 286: loss = 0.002697,	Top-1 err = 54.200000,	Top-5 err = 28.000000,	train_time = 2.375637
TRAIN Iter 287: loss = 0.002711,	Top-1 err = 50.500000,	Top-5 err = 26.550000,	train_time = 2.345182
TRAIN Iter 288: loss = 0.002645,	Top-1 err = 55.350000,	Top-5 err = 32.950000,	train_time = 2.354774
TRAIN Iter 289: loss = 0.002591,	Top-1 err = 39.900000,	Top-5 err = 17.600000,	train_time = 2.321016
TEST:
Iter 289: loss = 2.749766,	Top-1 err = 63.960000,	Top-5 err = 35.930000,	val_time = 2.267595
TRAIN Iter 290: loss = 0.002721,	Top-1 err = 56.100000,	Top-5 err = 34.050000,	train_time = 2.328101
TRAIN Iter 291: loss = 0.002659,	Top-1 err = 54.100000,	Top-5 err = 34.300000,	train_time = 2.328501
TRAIN Iter 292: loss = 0.002758,	Top-1 err = 59.550000,	Top-5 err = 37.800000,	train_time = 2.351388
TRAIN Iter 293: loss = 0.002690,	Top-1 err = 53.300000,	Top-5 err = 32.750000,	train_time = 2.326639
TRAIN Iter 294: loss = 0.002650,	Top-1 err = 50.650000,	Top-5 err = 28.950000,	train_time = 2.329739
TRAIN Iter 295: loss = 0.002744,	Top-1 err = 57.450000,	Top-5 err = 34.000000,	train_time = 2.317632
TRAIN Iter 296: loss = 0.002646,	Top-1 err = 53.500000,	Top-5 err = 33.700000,	train_time = 2.340386
TRAIN Iter 297: loss = 0.002665,	Top-1 err = 63.450000,	Top-5 err = 44.900000,	train_time = 2.387737
TRAIN Iter 298: loss = 0.002647,	Top-1 err = 48.500000,	Top-5 err = 30.400000,	train_time = 2.328664
TRAIN Iter 299: loss = 0.002589,	Top-1 err = 46.400000,	Top-5 err = 26.300000,	train_time = 2.334872
TEST:
Iter 299: loss = 2.668680,	Top-1 err = 62.590000,	Top-5 err = 34.680000,	val_time = 2.286833
Train Finish! Best accuracy is 37.41@299
