/home/dvspanos/miniconda3/envs/rded/lib/python3.10/site-packages/torchvision/models/_utils.py:208: UserWarning: The parameter 'pretrained' is deprecated since 0.13 and may be removed in the future, please use 'weights' instead.
  warnings.warn(
/home/dvspanos/miniconda3/envs/rded/lib/python3.10/site-packages/torchvision/models/_utils.py:223: UserWarning: Arguments other than a weight enum or `None` for 'weights' are deprecated since 0.13 and may be removed in the future. The current behavior is equivalent to passing `weights=None`.
  warnings.warn(msg)
=> using pytorch pre-trained teacher model 'resnet18_modified'
process data from /home/dvspanos/nikos/ca2d/artifacts/sets/bench_tin_rn18_ca2d_ipc10
load data successfully
TRAIN Iter 0: loss = 0.019065,	Top-1 err = 98.950000,	Top-5 err = 95.500000,	train_time = 4.517899
TRAIN Iter 1: loss = 0.017769,	Top-1 err = 98.000000,	Top-5 err = 92.100000,	train_time = 2.840868
TRAIN Iter 2: loss = 0.018536,	Top-1 err = 97.350000,	Top-5 err = 89.350000,	train_time = 2.850810
TRAIN Iter 3: loss = 0.017946,	Top-1 err = 97.050000,	Top-5 err = 86.900000,	train_time = 2.857336
TRAIN Iter 4: loss = 0.015977,	Top-1 err = 95.950000,	Top-5 err = 86.700000,	train_time = 2.910378
TRAIN Iter 5: loss = 0.017179,	Top-1 err = 94.600000,	Top-5 err = 84.150000,	train_time = 3.037059
TRAIN Iter 6: loss = 0.015691,	Top-1 err = 94.900000,	Top-5 err = 83.850000,	train_time = 2.883672
TRAIN Iter 7: loss = 0.017920,	Top-1 err = 94.200000,	Top-5 err = 79.450000,	train_time = 2.895772
TRAIN Iter 8: loss = 0.013827,	Top-1 err = 95.550000,	Top-5 err = 82.350000,	train_time = 2.971135
TRAIN Iter 9: loss = 0.014329,	Top-1 err = 92.550000,	Top-5 err = 78.700000,	train_time = 2.922832
TRAIN Iter 10: loss = 0.015495,	Top-1 err = 92.000000,	Top-5 err = 76.550000,	train_time = 2.926348
TRAIN Iter 11: loss = 0.014825,	Top-1 err = 92.250000,	Top-5 err = 76.400000,	train_time = 2.915750
TRAIN Iter 12: loss = 0.016507,	Top-1 err = 87.450000,	Top-5 err = 66.050000,	train_time = 2.992379
TRAIN Iter 13: loss = 0.014595,	Top-1 err = 88.350000,	Top-5 err = 67.450000,	train_time = 3.343300
TRAIN Iter 14: loss = 0.014538,	Top-1 err = 88.800000,	Top-5 err = 69.600000,	train_time = 3.057644
TRAIN Iter 15: loss = 0.013424,	Top-1 err = 87.950000,	Top-5 err = 70.300000,	train_time = 2.959899
TRAIN Iter 16: loss = 0.014704,	Top-1 err = 85.850000,	Top-5 err = 63.000000,	train_time = 2.967833
TRAIN Iter 17: loss = 0.013533,	Top-1 err = 86.050000,	Top-5 err = 66.450000,	train_time = 3.009734
TRAIN Iter 18: loss = 0.013673,	Top-1 err = 88.600000,	Top-5 err = 69.750000,	train_time = 3.243962
TRAIN Iter 19: loss = 0.013342,	Top-1 err = 86.650000,	Top-5 err = 67.600000,	train_time = 2.979573
TRAIN Iter 20: loss = 0.013357,	Top-1 err = 84.300000,	Top-5 err = 62.000000,	train_time = 3.064698
TRAIN Iter 21: loss = 0.012503,	Top-1 err = 86.000000,	Top-5 err = 65.500000,	train_time = 3.094887
TRAIN Iter 22: loss = 0.013626,	Top-1 err = 80.500000,	Top-5 err = 57.900000,	train_time = 3.001409
TRAIN Iter 23: loss = 0.012773,	Top-1 err = 81.200000,	Top-5 err = 54.200000,	train_time = 2.991020
TRAIN Iter 24: loss = 0.013433,	Top-1 err = 78.550000,	Top-5 err = 52.300000,	train_time = 3.022171
TRAIN Iter 25: loss = 0.012971,	Top-1 err = 79.300000,	Top-5 err = 55.850000,	train_time = 3.007458
TRAIN Iter 26: loss = 0.011011,	Top-1 err = 82.400000,	Top-5 err = 60.900000,	train_time = 3.063380
TRAIN Iter 27: loss = 0.011696,	Top-1 err = 77.750000,	Top-5 err = 53.300000,	train_time = 3.250739
TRAIN Iter 28: loss = 0.011674,	Top-1 err = 80.450000,	Top-5 err = 59.700000,	train_time = 3.237085
TRAIN Iter 29: loss = 0.011616,	Top-1 err = 77.500000,	Top-5 err = 53.450000,	train_time = 2.993984
TRAIN Iter 30: loss = 0.011669,	Top-1 err = 80.900000,	Top-5 err = 59.750000,	train_time = 3.026896
TRAIN Iter 31: loss = 0.011364,	Top-1 err = 73.600000,	Top-5 err = 48.200000,	train_time = 3.031017
TRAIN Iter 32: loss = 0.010886,	Top-1 err = 77.450000,	Top-5 err = 52.300000,	train_time = 2.994448
TRAIN Iter 33: loss = 0.012678,	Top-1 err = 66.350000,	Top-5 err = 41.950000,	train_time = 3.047089
TRAIN Iter 34: loss = 0.011821,	Top-1 err = 69.800000,	Top-5 err = 44.900000,	train_time = 3.078872
TRAIN Iter 35: loss = 0.010498,	Top-1 err = 70.900000,	Top-5 err = 45.200000,	train_time = 2.949028
TRAIN Iter 36: loss = 0.010122,	Top-1 err = 76.350000,	Top-5 err = 54.100000,	train_time = 3.758671
TRAIN Iter 37: loss = 0.010774,	Top-1 err = 68.850000,	Top-5 err = 42.200000,	train_time = 3.013458
TRAIN Iter 38: loss = 0.010116,	Top-1 err = 69.850000,	Top-5 err = 44.750000,	train_time = 3.023152
TRAIN Iter 39: loss = 0.009985,	Top-1 err = 69.550000,	Top-5 err = 45.500000,	train_time = 3.021413
TRAIN Iter 40: loss = 0.010002,	Top-1 err = 62.450000,	Top-5 err = 34.550000,	train_time = 2.959836
TRAIN Iter 41: loss = 0.011177,	Top-1 err = 54.350000,	Top-5 err = 27.500000,	train_time = 3.156734
TRAIN Iter 42: loss = 0.010102,	Top-1 err = 66.950000,	Top-5 err = 43.300000,	train_time = 3.207874
TRAIN Iter 43: loss = 0.010206,	Top-1 err = 66.050000,	Top-5 err = 42.000000,	train_time = 3.092947
TRAIN Iter 44: loss = 0.010364,	Top-1 err = 62.900000,	Top-5 err = 39.850000,	train_time = 2.974984
TRAIN Iter 45: loss = 0.010298,	Top-1 err = 64.500000,	Top-5 err = 43.500000,	train_time = 3.007893
TRAIN Iter 46: loss = 0.010178,	Top-1 err = 57.100000,	Top-5 err = 32.500000,	train_time = 3.078192
TRAIN Iter 47: loss = 0.009882,	Top-1 err = 64.250000,	Top-5 err = 42.250000,	train_time = 3.077401
TRAIN Iter 48: loss = 0.009834,	Top-1 err = 66.600000,	Top-5 err = 45.150000,	train_time = 3.029315
TRAIN Iter 49: loss = 0.008729,	Top-1 err = 70.450000,	Top-5 err = 47.100000,	train_time = 2.970154
TRAIN Iter 50: loss = 0.010192,	Top-1 err = 54.550000,	Top-5 err = 31.300000,	train_time = 3.017942
TRAIN Iter 51: loss = 0.008722,	Top-1 err = 52.200000,	Top-5 err = 26.150000,	train_time = 3.009018
TRAIN Iter 52: loss = 0.008726,	Top-1 err = 63.850000,	Top-5 err = 41.500000,	train_time = 3.299502
TRAIN Iter 53: loss = 0.008991,	Top-1 err = 61.350000,	Top-5 err = 40.000000,	train_time = 3.273242
TRAIN Iter 54: loss = 0.009451,	Top-1 err = 44.400000,	Top-5 err = 22.650000,	train_time = 3.133872
TRAIN Iter 55: loss = 0.009286,	Top-1 err = 59.700000,	Top-5 err = 36.200000,	train_time = 2.994612
TRAIN Iter 56: loss = 0.009162,	Top-1 err = 51.150000,	Top-5 err = 26.300000,	train_time = 2.982269
TRAIN Iter 57: loss = 0.009143,	Top-1 err = 52.500000,	Top-5 err = 33.800000,	train_time = 2.963522
TRAIN Iter 58: loss = 0.008675,	Top-1 err = 58.500000,	Top-5 err = 37.450000,	train_time = 3.009655
TRAIN Iter 59: loss = 0.008601,	Top-1 err = 52.400000,	Top-5 err = 32.100000,	train_time = 3.047919
TRAIN Iter 60: loss = 0.008689,	Top-1 err = 55.550000,	Top-5 err = 37.800000,	train_time = 3.155405
TRAIN Iter 61: loss = 0.008668,	Top-1 err = 41.550000,	Top-5 err = 18.000000,	train_time = 3.150824
TRAIN Iter 62: loss = 0.008392,	Top-1 err = 61.200000,	Top-5 err = 44.400000,	train_time = 3.049630
TRAIN Iter 63: loss = 0.008393,	Top-1 err = 53.300000,	Top-5 err = 34.100000,	train_time = 3.027662
TRAIN Iter 64: loss = 0.007816,	Top-1 err = 45.350000,	Top-5 err = 22.650000,	train_time = 3.132470
TRAIN Iter 65: loss = 0.007889,	Top-1 err = 43.950000,	Top-5 err = 22.500000,	train_time = 3.045021
TRAIN Iter 66: loss = 0.008371,	Top-1 err = 38.750000,	Top-5 err = 19.400000,	train_time = 3.030125
TRAIN Iter 67: loss = 0.007914,	Top-1 err = 48.450000,	Top-5 err = 27.800000,	train_time = 2.996228
TRAIN Iter 68: loss = 0.008121,	Top-1 err = 49.650000,	Top-5 err = 31.600000,	train_time = 3.180459
TRAIN Iter 69: loss = 0.008127,	Top-1 err = 32.500000,	Top-5 err = 13.150000,	train_time = 2.996307
TRAIN Iter 70: loss = 0.007771,	Top-1 err = 54.250000,	Top-5 err = 36.050000,	train_time = 3.285831
TRAIN Iter 71: loss = 0.007848,	Top-1 err = 42.650000,	Top-5 err = 20.900000,	train_time = 3.176444
TRAIN Iter 72: loss = 0.007672,	Top-1 err = 41.600000,	Top-5 err = 22.200000,	train_time = 2.960927
TRAIN Iter 73: loss = 0.007328,	Top-1 err = 47.600000,	Top-5 err = 27.100000,	train_time = 2.987001
TRAIN Iter 74: loss = 0.007489,	Top-1 err = 34.850000,	Top-5 err = 19.650000,	train_time = 3.026321
TRAIN Iter 75: loss = 0.007378,	Top-1 err = 39.000000,	Top-5 err = 19.750000,	train_time = 3.043245
TRAIN Iter 76: loss = 0.007030,	Top-1 err = 52.500000,	Top-5 err = 32.100000,	train_time = 3.037576
TRAIN Iter 77: loss = 0.007391,	Top-1 err = 43.600000,	Top-5 err = 23.700000,	train_time = 2.979576
TRAIN Iter 78: loss = 0.007258,	Top-1 err = 43.450000,	Top-5 err = 24.900000,	train_time = 2.955128
TRAIN Iter 79: loss = 0.007044,	Top-1 err = 41.250000,	Top-5 err = 22.550000,	train_time = 3.255986
TRAIN Iter 80: loss = 0.007320,	Top-1 err = 39.350000,	Top-5 err = 22.000000,	train_time = 3.172068
TRAIN Iter 81: loss = 0.007035,	Top-1 err = 48.650000,	Top-5 err = 28.700000,	train_time = 3.000113
TRAIN Iter 82: loss = 0.006999,	Top-1 err = 47.000000,	Top-5 err = 27.050000,	train_time = 3.187486
TRAIN Iter 83: loss = 0.006894,	Top-1 err = 36.450000,	Top-5 err = 21.300000,	train_time = 2.958177
TRAIN Iter 84: loss = 0.006963,	Top-1 err = 34.750000,	Top-5 err = 19.850000,	train_time = 2.978764
TRAIN Iter 85: loss = 0.006782,	Top-1 err = 34.050000,	Top-5 err = 16.650000,	train_time = 3.029877
TRAIN Iter 86: loss = 0.006800,	Top-1 err = 48.500000,	Top-5 err = 30.750000,	train_time = 3.002145
TRAIN Iter 87: loss = 0.006801,	Top-1 err = 40.150000,	Top-5 err = 23.050000,	train_time = 3.208652
TRAIN Iter 88: loss = 0.006353,	Top-1 err = 47.550000,	Top-5 err = 25.500000,	train_time = 3.073297
TRAIN Iter 89: loss = 0.006570,	Top-1 err = 34.300000,	Top-5 err = 16.950000,	train_time = 3.007549
TRAIN Iter 90: loss = 0.006788,	Top-1 err = 32.200000,	Top-5 err = 17.750000,	train_time = 3.228039
TRAIN Iter 91: loss = 0.006374,	Top-1 err = 43.950000,	Top-5 err = 23.350000,	train_time = 3.112104
TRAIN Iter 92: loss = 0.006289,	Top-1 err = 45.550000,	Top-5 err = 27.000000,	train_time = 2.991475
TRAIN Iter 93: loss = 0.006387,	Top-1 err = 43.900000,	Top-5 err = 23.900000,	train_time = 3.082171
TRAIN Iter 94: loss = 0.006656,	Top-1 err = 38.450000,	Top-5 err = 21.550000,	train_time = 2.997365
TRAIN Iter 95: loss = 0.006263,	Top-1 err = 39.750000,	Top-5 err = 22.150000,	train_time = 2.973770
TRAIN Iter 96: loss = 0.006277,	Top-1 err = 42.050000,	Top-5 err = 23.900000,	train_time = 3.042878
TRAIN Iter 97: loss = 0.006327,	Top-1 err = 31.750000,	Top-5 err = 15.550000,	train_time = 3.134679
TRAIN Iter 98: loss = 0.006538,	Top-1 err = 37.050000,	Top-5 err = 19.850000,	train_time = 3.008454
TRAIN Iter 99: loss = 0.006162,	Top-1 err = 50.400000,	Top-5 err = 31.150000,	train_time = 3.160406
TRAIN Iter 100: loss = 0.006175,	Top-1 err = 38.650000,	Top-5 err = 22.200000,	train_time = 3.106450
TRAIN Iter 101: loss = 0.006083,	Top-1 err = 35.800000,	Top-5 err = 18.600000,	train_time = 2.998365
TRAIN Iter 102: loss = 0.006109,	Top-1 err = 40.800000,	Top-5 err = 23.350000,	train_time = 2.982330
TRAIN Iter 103: loss = 0.006154,	Top-1 err = 38.050000,	Top-5 err = 23.800000,	train_time = 3.095852
TRAIN Iter 104: loss = 0.006068,	Top-1 err = 33.550000,	Top-5 err = 19.950000,	train_time = 3.060496
TRAIN Iter 105: loss = 0.006055,	Top-1 err = 32.250000,	Top-5 err = 18.000000,	train_time = 2.971004
TRAIN Iter 106: loss = 0.006134,	Top-1 err = 39.100000,	Top-5 err = 24.050000,	train_time = 3.018474
TRAIN Iter 107: loss = 0.006017,	Top-1 err = 41.200000,	Top-5 err = 24.600000,	train_time = 3.264925
TRAIN Iter 108: loss = 0.005885,	Top-1 err = 29.350000,	Top-5 err = 17.750000,	train_time = 3.231711
TRAIN Iter 109: loss = 0.005779,	Top-1 err = 27.700000,	Top-5 err = 13.050000,	train_time = 3.013099
TRAIN Iter 110: loss = 0.005739,	Top-1 err = 26.850000,	Top-5 err = 16.100000,	train_time = 2.980733
TRAIN Iter 111: loss = 0.005845,	Top-1 err = 29.800000,	Top-5 err = 14.100000,	train_time = 3.038615
TRAIN Iter 112: loss = 0.005659,	Top-1 err = 32.600000,	Top-5 err = 18.100000,	train_time = 2.984509
TRAIN Iter 113: loss = 0.005738,	Top-1 err = 36.000000,	Top-5 err = 21.850000,	train_time = 2.989501
TRAIN Iter 114: loss = 0.005751,	Top-1 err = 32.100000,	Top-5 err = 18.300000,	train_time = 2.964732
TRAIN Iter 115: loss = 0.005719,	Top-1 err = 25.150000,	Top-5 err = 13.650000,	train_time = 3.277194
TRAIN Iter 116: loss = 0.005518,	Top-1 err = 29.200000,	Top-5 err = 14.650000,	train_time = 3.241604
TRAIN Iter 117: loss = 0.005679,	Top-1 err = 38.650000,	Top-5 err = 23.250000,	train_time = 3.116122
TRAIN Iter 118: loss = 0.005647,	Top-1 err = 45.600000,	Top-5 err = 26.950000,	train_time = 2.989117
TRAIN Iter 119: loss = 0.005558,	Top-1 err = 37.850000,	Top-5 err = 23.750000,	train_time = 2.993677
TRAIN Iter 120: loss = 0.005581,	Top-1 err = 26.950000,	Top-5 err = 16.700000,	train_time = 3.234980
TRAIN Iter 121: loss = 0.005483,	Top-1 err = 34.900000,	Top-5 err = 19.500000,	train_time = 3.039966
TRAIN Iter 122: loss = 0.005476,	Top-1 err = 30.150000,	Top-5 err = 14.250000,	train_time = 2.946007
TRAIN Iter 123: loss = 0.005419,	Top-1 err = 33.150000,	Top-5 err = 21.750000,	train_time = 3.159184
TRAIN Iter 124: loss = 0.005541,	Top-1 err = 33.700000,	Top-5 err = 15.800000,	train_time = 3.381244
TRAIN Iter 125: loss = 0.005479,	Top-1 err = 33.550000,	Top-5 err = 18.950000,	train_time = 3.102757
TRAIN Iter 126: loss = 0.005335,	Top-1 err = 33.250000,	Top-5 err = 19.000000,	train_time = 2.995957
TRAIN Iter 127: loss = 0.005306,	Top-1 err = 25.800000,	Top-5 err = 13.100000,	train_time = 2.926045
TRAIN Iter 128: loss = 0.005213,	Top-1 err = 32.050000,	Top-5 err = 16.200000,	train_time = 3.084899
TRAIN Iter 129: loss = 0.005215,	Top-1 err = 34.400000,	Top-5 err = 20.500000,	train_time = 3.082477
TRAIN Iter 130: loss = 0.005141,	Top-1 err = 42.100000,	Top-5 err = 26.450000,	train_time = 3.200320
TRAIN Iter 131: loss = 0.005279,	Top-1 err = 30.550000,	Top-5 err = 18.850000,	train_time = 3.081501
TRAIN Iter 132: loss = 0.005146,	Top-1 err = 41.900000,	Top-5 err = 26.200000,	train_time = 2.964235
TRAIN Iter 133: loss = 0.004994,	Top-1 err = 33.800000,	Top-5 err = 20.750000,	train_time = 3.122872
TRAIN Iter 134: loss = 0.005063,	Top-1 err = 41.800000,	Top-5 err = 23.750000,	train_time = 3.116404
TRAIN Iter 135: loss = 0.005313,	Top-1 err = 39.850000,	Top-5 err = 21.600000,	train_time = 3.000685
TRAIN Iter 136: loss = 0.005057,	Top-1 err = 18.100000,	Top-5 err = 7.750000,	train_time = 3.033483
TRAIN Iter 137: loss = 0.005182,	Top-1 err = 25.400000,	Top-5 err = 12.550000,	train_time = 2.988914
TRAIN Iter 138: loss = 0.005025,	Top-1 err = 34.050000,	Top-5 err = 21.050000,	train_time = 2.962507
TRAIN Iter 139: loss = 0.005036,	Top-1 err = 35.300000,	Top-5 err = 19.750000,	train_time = 3.002197
TRAIN Iter 140: loss = 0.005213,	Top-1 err = 22.850000,	Top-5 err = 14.550000,	train_time = 3.046623
TRAIN Iter 141: loss = 0.005008,	Top-1 err = 34.200000,	Top-5 err = 19.800000,	train_time = 2.986841
TRAIN Iter 142: loss = 0.005091,	Top-1 err = 40.500000,	Top-5 err = 24.850000,	train_time = 2.998605
TRAIN Iter 143: loss = 0.004910,	Top-1 err = 31.600000,	Top-5 err = 19.350000,	train_time = 3.028052
TRAIN Iter 144: loss = 0.004843,	Top-1 err = 53.500000,	Top-5 err = 36.500000,	train_time = 3.049850
TRAIN Iter 145: loss = 0.005035,	Top-1 err = 41.900000,	Top-5 err = 24.450000,	train_time = 3.043485
TRAIN Iter 146: loss = 0.005015,	Top-1 err = 39.150000,	Top-5 err = 25.450000,	train_time = 2.999741
TRAIN Iter 147: loss = 0.005109,	Top-1 err = 40.050000,	Top-5 err = 21.800000,	train_time = 3.106096
TRAIN Iter 148: loss = 0.004790,	Top-1 err = 33.050000,	Top-5 err = 21.750000,	train_time = 3.265242
TRAIN Iter 149: loss = 0.004950,	Top-1 err = 46.100000,	Top-5 err = 27.150000,	train_time = 3.125512
TRAIN Iter 150: loss = 0.004937,	Top-1 err = 26.100000,	Top-5 err = 14.400000,	train_time = 3.011087
TRAIN Iter 151: loss = 0.004996,	Top-1 err = 42.550000,	Top-5 err = 28.500000,	train_time = 3.004811
TRAIN Iter 152: loss = 0.004750,	Top-1 err = 27.450000,	Top-5 err = 16.200000,	train_time = 3.118595
TRAIN Iter 153: loss = 0.004819,	Top-1 err = 29.750000,	Top-5 err = 15.850000,	train_time = 3.037779
TRAIN Iter 154: loss = 0.004707,	Top-1 err = 20.400000,	Top-5 err = 10.300000,	train_time = 2.981126
TRAIN Iter 155: loss = 0.004866,	Top-1 err = 45.600000,	Top-5 err = 30.550000,	train_time = 3.010725
TRAIN Iter 156: loss = 0.004758,	Top-1 err = 24.150000,	Top-5 err = 13.100000,	train_time = 3.129840
TRAIN Iter 157: loss = 0.004754,	Top-1 err = 28.400000,	Top-5 err = 17.800000,	train_time = 3.263346
TRAIN Iter 158: loss = 0.004657,	Top-1 err = 25.900000,	Top-5 err = 14.350000,	train_time = 3.126772
TRAIN Iter 159: loss = 0.004541,	Top-1 err = 40.000000,	Top-5 err = 28.950000,	train_time = 3.003782
TRAIN Iter 160: loss = 0.004732,	Top-1 err = 45.400000,	Top-5 err = 26.950000,	train_time = 3.099646
TRAIN Iter 161: loss = 0.004649,	Top-1 err = 46.800000,	Top-5 err = 33.950000,	train_time = 3.019700
TRAIN Iter 162: loss = 0.004722,	Top-1 err = 31.150000,	Top-5 err = 15.350000,	train_time = 3.034830
TRAIN Iter 163: loss = 0.004716,	Top-1 err = 36.100000,	Top-5 err = 26.250000,	train_time = 3.038872
TRAIN Iter 164: loss = 0.004645,	Top-1 err = 29.750000,	Top-5 err = 15.100000,	train_time = 3.118288
TRAIN Iter 165: loss = 0.004510,	Top-1 err = 22.000000,	Top-5 err = 13.700000,	train_time = 3.011212
TRAIN Iter 166: loss = 0.004547,	Top-1 err = 34.200000,	Top-5 err = 19.350000,	train_time = 3.006221
TRAIN Iter 167: loss = 0.004457,	Top-1 err = 28.150000,	Top-5 err = 17.050000,	train_time = 3.201057
TRAIN Iter 168: loss = 0.004479,	Top-1 err = 31.000000,	Top-5 err = 16.200000,	train_time = 3.065641
TRAIN Iter 169: loss = 0.004521,	Top-1 err = 21.750000,	Top-5 err = 7.750000,	train_time = 2.970083
TRAIN Iter 170: loss = 0.004566,	Top-1 err = 24.350000,	Top-5 err = 10.900000,	train_time = 2.975933
TRAIN Iter 171: loss = 0.004602,	Top-1 err = 28.700000,	Top-5 err = 13.400000,	train_time = 2.985829
TRAIN Iter 172: loss = 0.004598,	Top-1 err = 26.750000,	Top-5 err = 15.100000,	train_time = 3.159833
TRAIN Iter 173: loss = 0.004400,	Top-1 err = 54.050000,	Top-5 err = 43.700000,	train_time = 3.126720
TRAIN Iter 174: loss = 0.004578,	Top-1 err = 41.650000,	Top-5 err = 26.550000,	train_time = 2.992492
TRAIN Iter 175: loss = 0.004515,	Top-1 err = 33.600000,	Top-5 err = 16.000000,	train_time = 2.989342
TRAIN Iter 176: loss = 0.004457,	Top-1 err = 23.250000,	Top-5 err = 10.750000,	train_time = 2.977729
TRAIN Iter 177: loss = 0.004669,	Top-1 err = 44.250000,	Top-5 err = 27.950000,	train_time = 3.038265
TRAIN Iter 178: loss = 0.004699,	Top-1 err = 33.750000,	Top-5 err = 18.250000,	train_time = 3.186981
TRAIN Iter 179: loss = 0.004518,	Top-1 err = 26.850000,	Top-5 err = 16.750000,	train_time = 3.138389
TRAIN Iter 180: loss = 0.004653,	Top-1 err = 29.450000,	Top-5 err = 16.200000,	train_time = 2.942687
TRAIN Iter 181: loss = 0.004419,	Top-1 err = 42.000000,	Top-5 err = 24.850000,	train_time = 2.987144
TRAIN Iter 182: loss = 0.004409,	Top-1 err = 35.450000,	Top-5 err = 23.000000,	train_time = 3.102180
TRAIN Iter 183: loss = 0.004288,	Top-1 err = 20.050000,	Top-5 err = 10.200000,	train_time = 3.058634
TRAIN Iter 184: loss = 0.004440,	Top-1 err = 35.300000,	Top-5 err = 19.150000,	train_time = 3.074531
TRAIN Iter 185: loss = 0.004415,	Top-1 err = 29.850000,	Top-5 err = 19.550000,	train_time = 3.219182
TRAIN Iter 186: loss = 0.004402,	Top-1 err = 22.150000,	Top-5 err = 10.950000,	train_time = 3.054327
TRAIN Iter 187: loss = 0.004459,	Top-1 err = 27.750000,	Top-5 err = 15.600000,	train_time = 3.024277
TRAIN Iter 188: loss = 0.004360,	Top-1 err = 32.100000,	Top-5 err = 19.800000,	train_time = 2.993747
TRAIN Iter 189: loss = 0.004384,	Top-1 err = 19.700000,	Top-5 err = 12.300000,	train_time = 2.986877
TRAIN Iter 190: loss = 0.004225,	Top-1 err = 31.900000,	Top-5 err = 18.050000,	train_time = 3.018070
TRAIN Iter 191: loss = 0.004206,	Top-1 err = 27.200000,	Top-5 err = 14.150000,	train_time = 2.950804
TRAIN Iter 192: loss = 0.004265,	Top-1 err = 39.000000,	Top-5 err = 26.950000,	train_time = 3.059468
TRAIN Iter 193: loss = 0.004328,	Top-1 err = 48.950000,	Top-5 err = 28.500000,	train_time = 3.049337
TRAIN Iter 194: loss = 0.004470,	Top-1 err = 33.850000,	Top-5 err = 18.850000,	train_time = 3.244182
TRAIN Iter 195: loss = 0.004196,	Top-1 err = 28.000000,	Top-5 err = 16.500000,	train_time = 3.094362
TRAIN Iter 196: loss = 0.004206,	Top-1 err = 29.150000,	Top-5 err = 15.400000,	train_time = 3.003583
TRAIN Iter 197: loss = 0.004442,	Top-1 err = 24.650000,	Top-5 err = 12.100000,	train_time = 3.050179
TRAIN Iter 198: loss = 0.004272,	Top-1 err = 49.400000,	Top-5 err = 33.750000,	train_time = 3.052393
TRAIN Iter 199: loss = 0.004250,	Top-1 err = 35.300000,	Top-5 err = 22.750000,	train_time = 3.561169
TRAIN Iter 200: loss = 0.004341,	Top-1 err = 38.050000,	Top-5 err = 21.150000,	train_time = 3.143268
TRAIN Iter 201: loss = 0.004045,	Top-1 err = 29.600000,	Top-5 err = 20.250000,	train_time = 2.934716
TRAIN Iter 202: loss = 0.004146,	Top-1 err = 43.600000,	Top-5 err = 27.350000,	train_time = 3.219747
TRAIN Iter 203: loss = 0.004320,	Top-1 err = 39.450000,	Top-5 err = 23.850000,	train_time = 2.987635
TRAIN Iter 204: loss = 0.004203,	Top-1 err = 34.550000,	Top-5 err = 20.100000,	train_time = 3.147496
TRAIN Iter 205: loss = 0.004340,	Top-1 err = 45.750000,	Top-5 err = 28.250000,	train_time = 2.983639
TRAIN Iter 206: loss = 0.004103,	Top-1 err = 37.950000,	Top-5 err = 24.200000,	train_time = 2.986473
TRAIN Iter 207: loss = 0.004023,	Top-1 err = 28.250000,	Top-5 err = 16.250000,	train_time = 3.033245
TRAIN Iter 208: loss = 0.004201,	Top-1 err = 40.750000,	Top-5 err = 23.250000,	train_time = 3.323937
TRAIN Iter 209: loss = 0.004089,	Top-1 err = 32.600000,	Top-5 err = 20.250000,	train_time = 3.236015
TRAIN Iter 210: loss = 0.003922,	Top-1 err = 18.000000,	Top-5 err = 10.850000,	train_time = 2.932164
TRAIN Iter 211: loss = 0.004059,	Top-1 err = 32.950000,	Top-5 err = 19.800000,	train_time = 2.949690
TRAIN Iter 212: loss = 0.004009,	Top-1 err = 11.700000,	Top-5 err = 3.750000,	train_time = 3.211076
TRAIN Iter 213: loss = 0.004153,	Top-1 err = 37.950000,	Top-5 err = 27.550000,	train_time = 3.189382
TRAIN Iter 214: loss = 0.004076,	Top-1 err = 29.150000,	Top-5 err = 12.050000,	train_time = 2.948906
TRAIN Iter 215: loss = 0.004084,	Top-1 err = 30.200000,	Top-5 err = 17.900000,	train_time = 2.957087
TRAIN Iter 216: loss = 0.004045,	Top-1 err = 35.250000,	Top-5 err = 21.150000,	train_time = 3.100731
TRAIN Iter 217: loss = 0.004185,	Top-1 err = 36.650000,	Top-5 err = 19.650000,	train_time = 3.103661
TRAIN Iter 218: loss = 0.004100,	Top-1 err = 30.000000,	Top-5 err = 17.250000,	train_time = 3.024902
TRAIN Iter 219: loss = 0.004071,	Top-1 err = 27.700000,	Top-5 err = 15.250000,	train_time = 3.035655
TRAIN Iter 220: loss = 0.003828,	Top-1 err = 22.550000,	Top-5 err = 13.200000,	train_time = 3.046906
TRAIN Iter 221: loss = 0.003908,	Top-1 err = 29.450000,	Top-5 err = 19.650000,	train_time = 3.030797
TRAIN Iter 222: loss = 0.003996,	Top-1 err = 25.200000,	Top-5 err = 16.000000,	train_time = 3.045292
TRAIN Iter 223: loss = 0.003976,	Top-1 err = 20.050000,	Top-5 err = 10.200000,	train_time = 3.021390
TRAIN Iter 224: loss = 0.004000,	Top-1 err = 26.900000,	Top-5 err = 17.850000,	train_time = 3.100361
TRAIN Iter 225: loss = 0.003834,	Top-1 err = 21.250000,	Top-5 err = 13.400000,	train_time = 3.027262
TRAIN Iter 226: loss = 0.003987,	Top-1 err = 26.800000,	Top-5 err = 12.800000,	train_time = 2.957020
TRAIN Iter 227: loss = 0.004206,	Top-1 err = 39.200000,	Top-5 err = 21.500000,	train_time = 3.233528
TRAIN Iter 228: loss = 0.004001,	Top-1 err = 33.650000,	Top-5 err = 20.250000,	train_time = 3.324792
TRAIN Iter 229: loss = 0.003940,	Top-1 err = 28.200000,	Top-5 err = 15.800000,	train_time = 3.186455
TRAIN Iter 230: loss = 0.003929,	Top-1 err = 18.250000,	Top-5 err = 6.000000,	train_time = 3.048079
TRAIN Iter 231: loss = 0.003871,	Top-1 err = 31.600000,	Top-5 err = 17.450000,	train_time = 3.079911
TRAIN Iter 232: loss = 0.003846,	Top-1 err = 18.050000,	Top-5 err = 8.300000,	train_time = 2.995859
TRAIN Iter 233: loss = 0.003959,	Top-1 err = 32.500000,	Top-5 err = 20.550000,	train_time = 3.077129
TRAIN Iter 234: loss = 0.003899,	Top-1 err = 26.250000,	Top-5 err = 13.400000,	train_time = 2.963331
TRAIN Iter 235: loss = 0.003820,	Top-1 err = 21.000000,	Top-5 err = 10.600000,	train_time = 3.197161
TRAIN Iter 236: loss = 0.003975,	Top-1 err = 34.450000,	Top-5 err = 21.150000,	train_time = 3.091560
TRAIN Iter 237: loss = 0.003999,	Top-1 err = 29.700000,	Top-5 err = 15.150000,	train_time = 2.981386
TRAIN Iter 238: loss = 0.003836,	Top-1 err = 30.000000,	Top-5 err = 18.050000,	train_time = 2.950886
TRAIN Iter 239: loss = 0.003919,	Top-1 err = 18.400000,	Top-5 err = 8.650000,	train_time = 3.212448
TRAIN Iter 240: loss = 0.003911,	Top-1 err = 38.150000,	Top-5 err = 24.350000,	train_time = 3.100767
TRAIN Iter 241: loss = 0.003807,	Top-1 err = 47.250000,	Top-5 err = 35.850000,	train_time = 2.983787
TRAIN Iter 242: loss = 0.003869,	Top-1 err = 35.350000,	Top-5 err = 21.050000,	train_time = 3.087890
TRAIN Iter 243: loss = 0.003799,	Top-1 err = 23.900000,	Top-5 err = 14.350000,	train_time = 3.085460
TRAIN Iter 244: loss = 0.004051,	Top-1 err = 34.500000,	Top-5 err = 16.400000,	train_time = 2.967767
TRAIN Iter 245: loss = 0.003876,	Top-1 err = 50.050000,	Top-5 err = 36.950000,	train_time = 3.085297
TRAIN Iter 246: loss = 0.003839,	Top-1 err = 22.000000,	Top-5 err = 10.650000,	train_time = 3.012074
TRAIN Iter 247: loss = 0.003849,	Top-1 err = 35.550000,	Top-5 err = 19.650000,	train_time = 2.970013
TRAIN Iter 248: loss = 0.003942,	Top-1 err = 33.200000,	Top-5 err = 18.600000,	train_time = 3.046553
TRAIN Iter 249: loss = 0.003767,	Top-1 err = 29.900000,	Top-5 err = 15.850000,	train_time = 3.113628
TEST:
Iter 249: loss = 2.723260,	Top-1 err = 58.220000,	Top-5 err = 31.420000,	val_time = 3.180456
TRAIN Iter 250: loss = 0.003949,	Top-1 err = 47.200000,	Top-5 err = 28.850000,	train_time = 2.994142
TRAIN Iter 251: loss = 0.003710,	Top-1 err = 43.000000,	Top-5 err = 26.550000,	train_time = 3.017560
TRAIN Iter 252: loss = 0.003680,	Top-1 err = 32.750000,	Top-5 err = 18.150000,	train_time = 3.370015
TRAIN Iter 253: loss = 0.003575,	Top-1 err = 14.300000,	Top-5 err = 9.800000,	train_time = 3.082522
TRAIN Iter 254: loss = 0.003678,	Top-1 err = 32.050000,	Top-5 err = 19.650000,	train_time = 2.931923
TRAIN Iter 255: loss = 0.003735,	Top-1 err = 32.050000,	Top-5 err = 18.150000,	train_time = 3.026770
TRAIN Iter 256: loss = 0.003705,	Top-1 err = 24.650000,	Top-5 err = 15.600000,	train_time = 3.139918
TRAIN Iter 257: loss = 0.003727,	Top-1 err = 28.650000,	Top-5 err = 18.900000,	train_time = 3.131684
TRAIN Iter 258: loss = 0.003708,	Top-1 err = 25.950000,	Top-5 err = 15.450000,	train_time = 3.022207
TRAIN Iter 259: loss = 0.003686,	Top-1 err = 30.750000,	Top-5 err = 19.050000,	train_time = 3.017030
TEST:
Iter 259: loss = 2.606358,	Top-1 err = 57.290000,	Top-5 err = 30.160000,	val_time = 3.203995
TRAIN Iter 260: loss = 0.003886,	Top-1 err = 43.650000,	Top-5 err = 26.850000,	train_time = 3.159663
TRAIN Iter 261: loss = 0.003800,	Top-1 err = 31.550000,	Top-5 err = 18.350000,	train_time = 2.959389
TRAIN Iter 262: loss = 0.003646,	Top-1 err = 21.000000,	Top-5 err = 12.250000,	train_time = 3.160028
TRAIN Iter 263: loss = 0.003560,	Top-1 err = 19.300000,	Top-5 err = 11.900000,	train_time = 2.995312
TRAIN Iter 264: loss = 0.003607,	Top-1 err = 27.950000,	Top-5 err = 17.250000,	train_time = 2.950008
TRAIN Iter 265: loss = 0.003614,	Top-1 err = 26.100000,	Top-5 err = 15.050000,	train_time = 2.968935
TRAIN Iter 266: loss = 0.003821,	Top-1 err = 38.750000,	Top-5 err = 22.700000,	train_time = 3.028379
TRAIN Iter 267: loss = 0.003632,	Top-1 err = 16.500000,	Top-5 err = 8.600000,	train_time = 3.011020
TRAIN Iter 268: loss = 0.003661,	Top-1 err = 31.150000,	Top-5 err = 18.850000,	train_time = 3.039435
TRAIN Iter 269: loss = 0.003547,	Top-1 err = 16.500000,	Top-5 err = 7.750000,	train_time = 3.002964
TEST:
Iter 269: loss = 2.637281,	Top-1 err = 57.100000,	Top-5 err = 30.870000,	val_time = 2.927870
TRAIN Iter 270: loss = 0.003522,	Top-1 err = 14.850000,	Top-5 err = 7.950000,	train_time = 3.008331
TRAIN Iter 271: loss = 0.003707,	Top-1 err = 16.600000,	Top-5 err = 6.650000,	train_time = 3.064941
TRAIN Iter 272: loss = 0.003698,	Top-1 err = 32.500000,	Top-5 err = 17.950000,	train_time = 3.060082
TRAIN Iter 273: loss = 0.003693,	Top-1 err = 26.300000,	Top-5 err = 14.650000,	train_time = 2.982632
TRAIN Iter 274: loss = 0.003859,	Top-1 err = 42.450000,	Top-5 err = 24.350000,	train_time = 3.017209
TRAIN Iter 275: loss = 0.003768,	Top-1 err = 44.650000,	Top-5 err = 24.500000,	train_time = 3.147908
TRAIN Iter 276: loss = 0.003634,	Top-1 err = 35.200000,	Top-5 err = 25.650000,	train_time = 3.180484
TRAIN Iter 277: loss = 0.003688,	Top-1 err = 33.100000,	Top-5 err = 16.950000,	train_time = 3.024950
TRAIN Iter 278: loss = 0.003766,	Top-1 err = 36.450000,	Top-5 err = 20.300000,	train_time = 2.977728
TRAIN Iter 279: loss = 0.003688,	Top-1 err = 34.700000,	Top-5 err = 17.650000,	train_time = 3.241383
TEST:
Iter 279: loss = 2.577162,	Top-1 err = 56.470000,	Top-5 err = 29.590000,	val_time = 3.007508
TRAIN Iter 280: loss = 0.003549,	Top-1 err = 33.050000,	Top-5 err = 20.800000,	train_time = 3.011439
TRAIN Iter 281: loss = 0.003590,	Top-1 err = 21.250000,	Top-5 err = 10.000000,	train_time = 3.180772
TRAIN Iter 282: loss = 0.003482,	Top-1 err = 20.250000,	Top-5 err = 11.250000,	train_time = 3.024636
TRAIN Iter 283: loss = 0.003501,	Top-1 err = 28.500000,	Top-5 err = 16.300000,	train_time = 2.983132
TRAIN Iter 284: loss = 0.003647,	Top-1 err = 40.550000,	Top-5 err = 22.700000,	train_time = 3.030718
TRAIN Iter 285: loss = 0.003688,	Top-1 err = 31.050000,	Top-5 err = 16.100000,	train_time = 3.014723
TRAIN Iter 286: loss = 0.003592,	Top-1 err = 31.850000,	Top-5 err = 16.150000,	train_time = 3.013421
TRAIN Iter 287: loss = 0.003750,	Top-1 err = 25.850000,	Top-5 err = 15.200000,	train_time = 3.076869
TRAIN Iter 288: loss = 0.003544,	Top-1 err = 28.250000,	Top-5 err = 18.000000,	train_time = 3.094837
TRAIN Iter 289: loss = 0.003536,	Top-1 err = 28.750000,	Top-5 err = 17.600000,	train_time = 2.999317
TEST:
Iter 289: loss = 2.546513,	Top-1 err = 56.210000,	Top-5 err = 29.550000,	val_time = 2.864546
TRAIN Iter 290: loss = 0.003710,	Top-1 err = 31.100000,	Top-5 err = 14.700000,	train_time = 3.098660
TRAIN Iter 291: loss = 0.003544,	Top-1 err = 23.150000,	Top-5 err = 12.750000,	train_time = 3.212399
TRAIN Iter 292: loss = 0.003661,	Top-1 err = 30.450000,	Top-5 err = 19.750000,	train_time = 2.993279
TRAIN Iter 293: loss = 0.003626,	Top-1 err = 31.500000,	Top-5 err = 17.700000,	train_time = 3.035906
TRAIN Iter 294: loss = 0.003624,	Top-1 err = 22.500000,	Top-5 err = 9.850000,	train_time = 3.124056
TRAIN Iter 295: loss = 0.003495,	Top-1 err = 25.400000,	Top-5 err = 12.250000,	train_time = 3.061528
TRAIN Iter 296: loss = 0.003637,	Top-1 err = 22.500000,	Top-5 err = 8.550000,	train_time = 2.978298
TRAIN Iter 297: loss = 0.003573,	Top-1 err = 28.350000,	Top-5 err = 17.100000,	train_time = 3.091767
TRAIN Iter 298: loss = 0.003541,	Top-1 err = 34.750000,	Top-5 err = 22.400000,	train_time = 3.064260
TRAIN Iter 299: loss = 0.003577,	Top-1 err = 15.200000,	Top-5 err = 4.650000,	train_time = 3.211580
TEST:
Iter 299: loss = 2.512127,	Top-1 err = 55.390000,	Top-5 err = 28.870000,	val_time = 2.846534
Train Finish! Best accuracy is 44.61@299
