/home/dvspanos/miniconda3/envs/rded/lib/python3.10/site-packages/torchvision/models/_utils.py:208: UserWarning: The parameter 'pretrained' is deprecated since 0.13 and may be removed in the future, please use 'weights' instead.
  warnings.warn(
/home/dvspanos/miniconda3/envs/rded/lib/python3.10/site-packages/torchvision/models/_utils.py:223: UserWarning: Arguments other than a weight enum or `None` for 'weights' are deprecated since 0.13 and may be removed in the future. The current behavior is equivalent to passing `weights=None`.
  warnings.warn(msg)
=> using pytorch pre-trained teacher model 'resnet18_modified'
process data from /home/dvspanos/nikos/ca2d/artifacts/sets/bench_tin_rn18_ca2d_ipc50
load data successfully
TRAIN Iter 0: loss = 0.016365,	Top-1 err = 97.820000,	Top-5 err = 90.830000,	train_time = 15.285833
TRAIN Iter 1: loss = 0.014549,	Top-1 err = 95.270000,	Top-5 err = 83.590000,	train_time = 14.102871
TRAIN Iter 2: loss = 0.014129,	Top-1 err = 92.370000,	Top-5 err = 76.610000,	train_time = 14.165368
TRAIN Iter 3: loss = 0.013177,	Top-1 err = 91.430000,	Top-5 err = 75.550000,	train_time = 14.680173
TRAIN Iter 4: loss = 0.012630,	Top-1 err = 87.900000,	Top-5 err = 68.470000,	train_time = 15.318141
TRAIN Iter 5: loss = 0.011726,	Top-1 err = 87.080000,	Top-5 err = 67.060000,	train_time = 15.121294
TRAIN Iter 6: loss = 0.011752,	Top-1 err = 83.310000,	Top-5 err = 62.260000,	train_time = 14.531825
TRAIN Iter 7: loss = 0.010613,	Top-1 err = 83.560000,	Top-5 err = 61.320000,	train_time = 15.042988
TRAIN Iter 8: loss = 0.011002,	Top-1 err = 78.660000,	Top-5 err = 53.590000,	train_time = 14.748307
TRAIN Iter 9: loss = 0.010441,	Top-1 err = 78.720000,	Top-5 err = 56.360000,	train_time = 15.508008
TRAIN Iter 10: loss = 0.010263,	Top-1 err = 73.070000,	Top-5 err = 49.630000,	train_time = 14.887941
TRAIN Iter 11: loss = 0.010192,	Top-1 err = 72.970000,	Top-5 err = 49.180000,	train_time = 14.566326
TRAIN Iter 12: loss = 0.009804,	Top-1 err = 70.870000,	Top-5 err = 46.850000,	train_time = 15.223466
TRAIN Iter 13: loss = 0.009712,	Top-1 err = 65.960000,	Top-5 err = 40.760000,	train_time = 14.692431
TRAIN Iter 14: loss = 0.009156,	Top-1 err = 65.970000,	Top-5 err = 42.040000,	train_time = 16.094229
TRAIN Iter 15: loss = 0.008806,	Top-1 err = 66.000000,	Top-5 err = 41.650000,	train_time = 14.465958
TRAIN Iter 16: loss = 0.008678,	Top-1 err = 63.940000,	Top-5 err = 39.980000,	train_time = 14.728268
TRAIN Iter 17: loss = 0.008357,	Top-1 err = 62.420000,	Top-5 err = 38.900000,	train_time = 15.549874
TRAIN Iter 18: loss = 0.008123,	Top-1 err = 62.350000,	Top-5 err = 39.270000,	train_time = 15.204240
TRAIN Iter 19: loss = 0.007931,	Top-1 err = 61.530000,	Top-5 err = 38.380000,	train_time = 14.599078
TRAIN Iter 20: loss = 0.007743,	Top-1 err = 58.460000,	Top-5 err = 36.230000,	train_time = 15.674495
TRAIN Iter 21: loss = 0.007688,	Top-1 err = 55.420000,	Top-5 err = 32.960000,	train_time = 15.055202
TRAIN Iter 22: loss = 0.007460,	Top-1 err = 53.290000,	Top-5 err = 31.450000,	train_time = 14.471001
TRAIN Iter 23: loss = 0.007435,	Top-1 err = 54.840000,	Top-5 err = 33.660000,	train_time = 16.056420
TRAIN Iter 24: loss = 0.007000,	Top-1 err = 52.070000,	Top-5 err = 30.150000,	train_time = 14.530179
TRAIN Iter 25: loss = 0.006950,	Top-1 err = 50.970000,	Top-5 err = 29.680000,	train_time = 14.550690
TRAIN Iter 26: loss = 0.006681,	Top-1 err = 55.060000,	Top-5 err = 34.800000,	train_time = 14.804265
TRAIN Iter 27: loss = 0.006613,	Top-1 err = 49.560000,	Top-5 err = 27.710000,	train_time = 15.448921
TRAIN Iter 28: loss = 0.006662,	Top-1 err = 52.080000,	Top-5 err = 33.260000,	train_time = 15.217236
TRAIN Iter 29: loss = 0.006261,	Top-1 err = 55.180000,	Top-5 err = 35.350000,	train_time = 15.196002
TRAIN Iter 30: loss = 0.006213,	Top-1 err = 47.450000,	Top-5 err = 27.910000,	train_time = 15.059837
TRAIN Iter 31: loss = 0.006274,	Top-1 err = 48.390000,	Top-5 err = 30.320000,	train_time = 15.063207
TRAIN Iter 32: loss = 0.005945,	Top-1 err = 53.040000,	Top-5 err = 33.840000,	train_time = 14.662748
TRAIN Iter 33: loss = 0.005910,	Top-1 err = 44.420000,	Top-5 err = 24.440000,	train_time = 14.755825
TRAIN Iter 34: loss = 0.005874,	Top-1 err = 49.880000,	Top-5 err = 31.330000,	train_time = 15.300028
TRAIN Iter 35: loss = 0.005809,	Top-1 err = 47.270000,	Top-5 err = 27.020000,	train_time = 14.932180
TRAIN Iter 36: loss = 0.005730,	Top-1 err = 46.260000,	Top-5 err = 27.650000,	train_time = 16.031974
TRAIN Iter 37: loss = 0.005696,	Top-1 err = 41.340000,	Top-5 err = 23.640000,	train_time = 14.782973
TRAIN Iter 38: loss = 0.005498,	Top-1 err = 48.700000,	Top-5 err = 29.700000,	train_time = 14.729998
TRAIN Iter 39: loss = 0.005464,	Top-1 err = 46.410000,	Top-5 err = 27.840000,	train_time = 15.314214
TRAIN Iter 40: loss = 0.005337,	Top-1 err = 48.840000,	Top-5 err = 31.040000,	train_time = 14.756168
TRAIN Iter 41: loss = 0.005372,	Top-1 err = 48.600000,	Top-5 err = 30.630000,	train_time = 14.567472
TRAIN Iter 42: loss = 0.005294,	Top-1 err = 38.260000,	Top-5 err = 22.080000,	train_time = 15.055793
TRAIN Iter 43: loss = 0.005183,	Top-1 err = 44.060000,	Top-5 err = 25.870000,	train_time = 14.967505
TRAIN Iter 44: loss = 0.005232,	Top-1 err = 36.790000,	Top-5 err = 21.330000,	train_time = 14.863427
TRAIN Iter 45: loss = 0.005114,	Top-1 err = 41.290000,	Top-5 err = 24.270000,	train_time = 14.633794
TRAIN Iter 46: loss = 0.004988,	Top-1 err = 37.490000,	Top-5 err = 20.960000,	train_time = 15.267332
TRAIN Iter 47: loss = 0.005017,	Top-1 err = 39.390000,	Top-5 err = 22.330000,	train_time = 14.879432
TRAIN Iter 48: loss = 0.004894,	Top-1 err = 46.030000,	Top-5 err = 28.980000,	train_time = 14.850644
TRAIN Iter 49: loss = 0.004825,	Top-1 err = 44.380000,	Top-5 err = 27.400000,	train_time = 16.237684
TRAIN Iter 50: loss = 0.004902,	Top-1 err = 43.370000,	Top-5 err = 27.310000,	train_time = 14.421138
TRAIN Iter 51: loss = 0.004834,	Top-1 err = 38.840000,	Top-5 err = 23.190000,	train_time = 15.077797
TRAIN Iter 52: loss = 0.004735,	Top-1 err = 40.020000,	Top-5 err = 23.730000,	train_time = 14.761871
TRAIN Iter 53: loss = 0.004735,	Top-1 err = 36.650000,	Top-5 err = 21.020000,	train_time = 14.922526
TRAIN Iter 54: loss = 0.004706,	Top-1 err = 37.470000,	Top-5 err = 20.960000,	train_time = 14.820244
TRAIN Iter 55: loss = 0.004570,	Top-1 err = 46.930000,	Top-5 err = 28.500000,	train_time = 14.740312
TRAIN Iter 56: loss = 0.004598,	Top-1 err = 38.850000,	Top-5 err = 22.660000,	train_time = 14.854031
TRAIN Iter 57: loss = 0.004561,	Top-1 err = 39.590000,	Top-5 err = 23.090000,	train_time = 14.636697
TRAIN Iter 58: loss = 0.004546,	Top-1 err = 38.460000,	Top-5 err = 21.650000,	train_time = 15.170076
TRAIN Iter 59: loss = 0.004549,	Top-1 err = 35.300000,	Top-5 err = 19.380000,	train_time = 15.986448
TRAIN Iter 60: loss = 0.004511,	Top-1 err = 39.810000,	Top-5 err = 24.780000,	train_time = 14.709680
TRAIN Iter 61: loss = 0.004409,	Top-1 err = 42.340000,	Top-5 err = 27.130000,	train_time = 14.659045
TRAIN Iter 62: loss = 0.004470,	Top-1 err = 35.700000,	Top-5 err = 20.390000,	train_time = 15.807832
TRAIN Iter 63: loss = 0.004418,	Top-1 err = 35.800000,	Top-5 err = 21.480000,	train_time = 14.451451
TRAIN Iter 64: loss = 0.004367,	Top-1 err = 41.350000,	Top-5 err = 23.690000,	train_time = 14.685115
TRAIN Iter 65: loss = 0.004356,	Top-1 err = 40.110000,	Top-5 err = 24.900000,	train_time = 15.855575
TRAIN Iter 66: loss = 0.004261,	Top-1 err = 44.420000,	Top-5 err = 27.350000,	train_time = 15.035502
TRAIN Iter 67: loss = 0.004281,	Top-1 err = 42.900000,	Top-5 err = 25.880000,	train_time = 14.508858
TRAIN Iter 68: loss = 0.004263,	Top-1 err = 36.710000,	Top-5 err = 21.010000,	train_time = 14.645568
TRAIN Iter 69: loss = 0.004230,	Top-1 err = 37.860000,	Top-5 err = 21.880000,	train_time = 14.987463
TRAIN Iter 70: loss = 0.004264,	Top-1 err = 33.230000,	Top-5 err = 19.090000,	train_time = 14.963099
TRAIN Iter 71: loss = 0.004188,	Top-1 err = 41.200000,	Top-5 err = 26.170000,	train_time = 15.822615
TRAIN Iter 72: loss = 0.004108,	Top-1 err = 39.400000,	Top-5 err = 22.890000,	train_time = 14.340462
TRAIN Iter 73: loss = 0.004182,	Top-1 err = 30.790000,	Top-5 err = 17.330000,	train_time = 14.585334
TRAIN Iter 74: loss = 0.004105,	Top-1 err = 31.580000,	Top-5 err = 17.550000,	train_time = 14.927984
TRAIN Iter 75: loss = 0.004117,	Top-1 err = 41.020000,	Top-5 err = 24.680000,	train_time = 16.090508
TRAIN Iter 76: loss = 0.004095,	Top-1 err = 34.610000,	Top-5 err = 19.380000,	train_time = 14.456867
TRAIN Iter 77: loss = 0.004065,	Top-1 err = 36.640000,	Top-5 err = 21.940000,	train_time = 14.639054
TRAIN Iter 78: loss = 0.004033,	Top-1 err = 41.120000,	Top-5 err = 24.900000,	train_time = 15.161044
TRAIN Iter 79: loss = 0.004004,	Top-1 err = 38.110000,	Top-5 err = 22.080000,	train_time = 14.837029
TRAIN Iter 80: loss = 0.003970,	Top-1 err = 37.440000,	Top-5 err = 22.810000,	train_time = 15.440074
TRAIN Iter 81: loss = 0.004007,	Top-1 err = 43.430000,	Top-5 err = 28.070000,	train_time = 14.999460
TRAIN Iter 82: loss = 0.003942,	Top-1 err = 36.950000,	Top-5 err = 22.280000,	train_time = 14.509542
TRAIN Iter 83: loss = 0.003912,	Top-1 err = 41.550000,	Top-5 err = 25.240000,	train_time = 14.728192
TRAIN Iter 84: loss = 0.003905,	Top-1 err = 36.770000,	Top-5 err = 22.210000,	train_time = 15.440932
TRAIN Iter 85: loss = 0.003910,	Top-1 err = 43.310000,	Top-5 err = 27.510000,	train_time = 15.340202
TRAIN Iter 86: loss = 0.003866,	Top-1 err = 35.880000,	Top-5 err = 22.330000,	train_time = 14.991871
TRAIN Iter 87: loss = 0.003884,	Top-1 err = 33.330000,	Top-5 err = 20.090000,	train_time = 14.715727
TRAIN Iter 88: loss = 0.003848,	Top-1 err = 42.040000,	Top-5 err = 26.830000,	train_time = 15.025310
TRAIN Iter 89: loss = 0.003876,	Top-1 err = 38.970000,	Top-5 err = 22.870000,	train_time = 14.506385
TRAIN Iter 90: loss = 0.003856,	Top-1 err = 39.240000,	Top-5 err = 23.350000,	train_time = 15.913691
TRAIN Iter 91: loss = 0.003803,	Top-1 err = 42.460000,	Top-5 err = 26.610000,	train_time = 14.244544
TRAIN Iter 92: loss = 0.003793,	Top-1 err = 36.390000,	Top-5 err = 20.560000,	train_time = 15.098783
TRAIN Iter 93: loss = 0.003800,	Top-1 err = 38.490000,	Top-5 err = 23.430000,	train_time = 14.511883
TRAIN Iter 94: loss = 0.003816,	Top-1 err = 35.100000,	Top-5 err = 20.730000,	train_time = 14.880251
TRAIN Iter 95: loss = 0.003741,	Top-1 err = 35.350000,	Top-5 err = 19.830000,	train_time = 15.007413
TRAIN Iter 96: loss = 0.003756,	Top-1 err = 33.890000,	Top-5 err = 18.750000,	train_time = 15.858623
TRAIN Iter 97: loss = 0.003722,	Top-1 err = 35.920000,	Top-5 err = 20.980000,	train_time = 14.834848
TRAIN Iter 98: loss = 0.003741,	Top-1 err = 39.860000,	Top-5 err = 25.480000,	train_time = 14.316129
TRAIN Iter 99: loss = 0.003707,	Top-1 err = 40.490000,	Top-5 err = 24.990000,	train_time = 15.408545
TRAIN Iter 100: loss = 0.003693,	Top-1 err = 42.800000,	Top-5 err = 25.820000,	train_time = 14.632149
TRAIN Iter 101: loss = 0.003692,	Top-1 err = 36.150000,	Top-5 err = 20.940000,	train_time = 15.845381
TRAIN Iter 102: loss = 0.003646,	Top-1 err = 32.700000,	Top-5 err = 18.010000,	train_time = 14.274842
TRAIN Iter 103: loss = 0.003687,	Top-1 err = 41.250000,	Top-5 err = 25.450000,	train_time = 15.896271
TRAIN Iter 104: loss = 0.003652,	Top-1 err = 35.780000,	Top-5 err = 20.060000,	train_time = 14.343249
TRAIN Iter 105: loss = 0.003637,	Top-1 err = 36.520000,	Top-5 err = 21.510000,	train_time = 15.671400
TRAIN Iter 106: loss = 0.003668,	Top-1 err = 37.500000,	Top-5 err = 21.860000,	train_time = 14.266960
TRAIN Iter 107: loss = 0.003627,	Top-1 err = 39.460000,	Top-5 err = 25.670000,	train_time = 15.041832
TRAIN Iter 108: loss = 0.003606,	Top-1 err = 37.960000,	Top-5 err = 23.400000,	train_time = 14.744866
TRAIN Iter 109: loss = 0.003587,	Top-1 err = 32.950000,	Top-5 err = 19.400000,	train_time = 14.551566
TRAIN Iter 110: loss = 0.003549,	Top-1 err = 32.380000,	Top-5 err = 18.870000,	train_time = 14.750355
TRAIN Iter 111: loss = 0.003557,	Top-1 err = 42.690000,	Top-5 err = 26.860000,	train_time = 15.810028
TRAIN Iter 112: loss = 0.003588,	Top-1 err = 39.860000,	Top-5 err = 23.870000,	train_time = 14.413450
TRAIN Iter 113: loss = 0.003529,	Top-1 err = 31.800000,	Top-5 err = 16.900000,	train_time = 14.696267
TRAIN Iter 114: loss = 0.003596,	Top-1 err = 44.580000,	Top-5 err = 27.600000,	train_time = 14.919516
TRAIN Iter 115: loss = 0.003577,	Top-1 err = 42.760000,	Top-5 err = 25.060000,	train_time = 15.951295
TRAIN Iter 116: loss = 0.003525,	Top-1 err = 37.200000,	Top-5 err = 22.540000,	train_time = 14.329080
TRAIN Iter 117: loss = 0.003558,	Top-1 err = 38.040000,	Top-5 err = 22.180000,	train_time = 15.527343
TRAIN Iter 118: loss = 0.003548,	Top-1 err = 38.630000,	Top-5 err = 23.500000,	train_time = 14.370987
TRAIN Iter 119: loss = 0.003502,	Top-1 err = 38.570000,	Top-5 err = 24.020000,	train_time = 14.757735
TRAIN Iter 120: loss = 0.003474,	Top-1 err = 37.330000,	Top-5 err = 22.610000,	train_time = 15.182959
TRAIN Iter 121: loss = 0.003481,	Top-1 err = 38.280000,	Top-5 err = 22.640000,	train_time = 14.646407
TRAIN Iter 122: loss = 0.003455,	Top-1 err = 35.330000,	Top-5 err = 21.910000,	train_time = 14.417088
TRAIN Iter 123: loss = 0.003475,	Top-1 err = 35.100000,	Top-5 err = 21.630000,	train_time = 15.297968
TRAIN Iter 124: loss = 0.003466,	Top-1 err = 42.590000,	Top-5 err = 27.630000,	train_time = 14.725858
TRAIN Iter 125: loss = 0.003455,	Top-1 err = 31.110000,	Top-5 err = 17.530000,	train_time = 15.828279
TRAIN Iter 126: loss = 0.003450,	Top-1 err = 39.280000,	Top-5 err = 23.790000,	train_time = 14.297789
TRAIN Iter 127: loss = 0.003396,	Top-1 err = 35.230000,	Top-5 err = 21.070000,	train_time = 14.338251
TRAIN Iter 128: loss = 0.003470,	Top-1 err = 38.950000,	Top-5 err = 24.230000,	train_time = 14.993915
TRAIN Iter 129: loss = 0.003402,	Top-1 err = 38.520000,	Top-5 err = 23.260000,	train_time = 14.960154
TRAIN Iter 130: loss = 0.003403,	Top-1 err = 41.520000,	Top-5 err = 25.430000,	train_time = 15.483678
TRAIN Iter 131: loss = 0.003382,	Top-1 err = 39.700000,	Top-5 err = 25.140000,	train_time = 14.785848
TRAIN Iter 132: loss = 0.003404,	Top-1 err = 33.480000,	Top-5 err = 19.610000,	train_time = 14.454351
TRAIN Iter 133: loss = 0.003391,	Top-1 err = 31.360000,	Top-5 err = 17.650000,	train_time = 14.852638
TRAIN Iter 134: loss = 0.003405,	Top-1 err = 39.420000,	Top-5 err = 23.610000,	train_time = 14.594056
TRAIN Iter 135: loss = 0.003369,	Top-1 err = 36.300000,	Top-5 err = 21.520000,	train_time = 16.190740
TRAIN Iter 136: loss = 0.003344,	Top-1 err = 38.190000,	Top-5 err = 22.270000,	train_time = 15.077856
TRAIN Iter 137: loss = 0.003324,	Top-1 err = 41.060000,	Top-5 err = 27.060000,	train_time = 14.266341
TRAIN Iter 138: loss = 0.003318,	Top-1 err = 39.840000,	Top-5 err = 24.420000,	train_time = 15.043968
TRAIN Iter 139: loss = 0.003359,	Top-1 err = 40.180000,	Top-5 err = 23.550000,	train_time = 14.845569
TRAIN Iter 140: loss = 0.003328,	Top-1 err = 36.140000,	Top-5 err = 21.960000,	train_time = 14.751576
TRAIN Iter 141: loss = 0.003335,	Top-1 err = 41.830000,	Top-5 err = 26.130000,	train_time = 14.580350
TRAIN Iter 142: loss = 0.003268,	Top-1 err = 33.540000,	Top-5 err = 19.680000,	train_time = 15.269678
TRAIN Iter 143: loss = 0.003250,	Top-1 err = 38.390000,	Top-5 err = 25.110000,	train_time = 14.861574
TRAIN Iter 144: loss = 0.003298,	Top-1 err = 34.790000,	Top-5 err = 20.040000,	train_time = 14.398346
TRAIN Iter 145: loss = 0.003266,	Top-1 err = 32.820000,	Top-5 err = 19.460000,	train_time = 15.702680
TRAIN Iter 146: loss = 0.003261,	Top-1 err = 38.310000,	Top-5 err = 23.270000,	train_time = 14.356232
TRAIN Iter 147: loss = 0.003236,	Top-1 err = 35.340000,	Top-5 err = 21.050000,	train_time = 14.654846
TRAIN Iter 148: loss = 0.003302,	Top-1 err = 32.900000,	Top-5 err = 18.600000,	train_time = 14.673479
TRAIN Iter 149: loss = 0.003259,	Top-1 err = 39.150000,	Top-5 err = 24.330000,	train_time = 15.646098
TRAIN Iter 150: loss = 0.003244,	Top-1 err = 32.320000,	Top-5 err = 18.810000,	train_time = 14.888335
TRAIN Iter 151: loss = 0.003280,	Top-1 err = 39.660000,	Top-5 err = 23.150000,	train_time = 14.677167
TRAIN Iter 152: loss = 0.003240,	Top-1 err = 36.780000,	Top-5 err = 22.070000,	train_time = 14.830306
TRAIN Iter 153: loss = 0.003251,	Top-1 err = 39.300000,	Top-5 err = 25.100000,	train_time = 15.653761
TRAIN Iter 154: loss = 0.003217,	Top-1 err = 36.190000,	Top-5 err = 22.480000,	train_time = 14.207970
TRAIN Iter 155: loss = 0.003245,	Top-1 err = 38.930000,	Top-5 err = 24.420000,	train_time = 16.054792
TRAIN Iter 156: loss = 0.003175,	Top-1 err = 32.050000,	Top-5 err = 19.440000,	train_time = 14.694538
TRAIN Iter 157: loss = 0.003189,	Top-1 err = 36.260000,	Top-5 err = 22.240000,	train_time = 14.511673
TRAIN Iter 158: loss = 0.003152,	Top-1 err = 34.660000,	Top-5 err = 20.730000,	train_time = 15.577197
TRAIN Iter 159: loss = 0.003175,	Top-1 err = 39.330000,	Top-5 err = 25.500000,	train_time = 14.522083
TRAIN Iter 160: loss = 0.003192,	Top-1 err = 36.120000,	Top-5 err = 21.070000,	train_time = 14.920839
TRAIN Iter 161: loss = 0.003182,	Top-1 err = 35.460000,	Top-5 err = 20.350000,	train_time = 14.408679
TRAIN Iter 162: loss = 0.003184,	Top-1 err = 43.750000,	Top-5 err = 27.930000,	train_time = 16.037310
TRAIN Iter 163: loss = 0.003155,	Top-1 err = 35.590000,	Top-5 err = 21.130000,	train_time = 14.433653
TRAIN Iter 164: loss = 0.003172,	Top-1 err = 34.500000,	Top-5 err = 20.210000,	train_time = 14.836023
TRAIN Iter 165: loss = 0.003102,	Top-1 err = 34.500000,	Top-5 err = 21.480000,	train_time = 14.337107
TRAIN Iter 166: loss = 0.003183,	Top-1 err = 37.390000,	Top-5 err = 22.580000,	train_time = 16.133630
TRAIN Iter 167: loss = 0.003148,	Top-1 err = 36.730000,	Top-5 err = 22.200000,	train_time = 14.643191
TRAIN Iter 168: loss = 0.003165,	Top-1 err = 35.020000,	Top-5 err = 21.430000,	train_time = 14.409707
TRAIN Iter 169: loss = 0.003124,	Top-1 err = 40.070000,	Top-5 err = 24.820000,	train_time = 16.144668
TRAIN Iter 170: loss = 0.003111,	Top-1 err = 40.970000,	Top-5 err = 26.480000,	train_time = 15.188496
TRAIN Iter 171: loss = 0.003136,	Top-1 err = 32.920000,	Top-5 err = 18.890000,	train_time = 14.580101
TRAIN Iter 172: loss = 0.003113,	Top-1 err = 36.290000,	Top-5 err = 22.310000,	train_time = 14.409940
TRAIN Iter 173: loss = 0.003166,	Top-1 err = 37.320000,	Top-5 err = 21.280000,	train_time = 14.806152
TRAIN Iter 174: loss = 0.003059,	Top-1 err = 35.650000,	Top-5 err = 21.420000,	train_time = 14.912533
TRAIN Iter 175: loss = 0.003100,	Top-1 err = 38.990000,	Top-5 err = 23.910000,	train_time = 15.010602
TRAIN Iter 176: loss = 0.003100,	Top-1 err = 36.950000,	Top-5 err = 22.240000,	train_time = 14.389057
TRAIN Iter 177: loss = 0.003104,	Top-1 err = 40.250000,	Top-5 err = 26.750000,	train_time = 15.424604
TRAIN Iter 178: loss = 0.003087,	Top-1 err = 36.950000,	Top-5 err = 23.270000,	train_time = 15.226184
TRAIN Iter 179: loss = 0.003086,	Top-1 err = 37.880000,	Top-5 err = 23.370000,	train_time = 15.365975
TRAIN Iter 180: loss = 0.003058,	Top-1 err = 34.700000,	Top-5 err = 21.470000,	train_time = 14.689909
TRAIN Iter 181: loss = 0.003072,	Top-1 err = 33.540000,	Top-5 err = 20.520000,	train_time = 14.719331
TRAIN Iter 182: loss = 0.003090,	Top-1 err = 37.600000,	Top-5 err = 23.100000,	train_time = 14.988190
TRAIN Iter 183: loss = 0.003000,	Top-1 err = 33.310000,	Top-5 err = 20.640000,	train_time = 14.462408
TRAIN Iter 184: loss = 0.003040,	Top-1 err = 44.170000,	Top-5 err = 29.820000,	train_time = 15.955238
TRAIN Iter 185: loss = 0.003047,	Top-1 err = 37.880000,	Top-5 err = 23.490000,	train_time = 14.574637
TRAIN Iter 186: loss = 0.003062,	Top-1 err = 34.350000,	Top-5 err = 20.310000,	train_time = 14.604432
TRAIN Iter 187: loss = 0.003024,	Top-1 err = 35.340000,	Top-5 err = 22.630000,	train_time = 15.508385
TRAIN Iter 188: loss = 0.003051,	Top-1 err = 37.970000,	Top-5 err = 23.220000,	train_time = 14.488652
TRAIN Iter 189: loss = 0.003000,	Top-1 err = 33.900000,	Top-5 err = 20.760000,	train_time = 14.402726
TRAIN Iter 190: loss = 0.002975,	Top-1 err = 33.770000,	Top-5 err = 20.250000,	train_time = 15.908336
TRAIN Iter 191: loss = 0.002950,	Top-1 err = 28.150000,	Top-5 err = 17.760000,	train_time = 14.500620
TRAIN Iter 192: loss = 0.003008,	Top-1 err = 33.540000,	Top-5 err = 20.110000,	train_time = 14.466476
TRAIN Iter 193: loss = 0.002991,	Top-1 err = 33.780000,	Top-5 err = 20.850000,	train_time = 14.666833
TRAIN Iter 194: loss = 0.002967,	Top-1 err = 34.370000,	Top-5 err = 20.210000,	train_time = 15.192392
TRAIN Iter 195: loss = 0.002968,	Top-1 err = 28.210000,	Top-5 err = 17.630000,	train_time = 14.636547
TRAIN Iter 196: loss = 0.002998,	Top-1 err = 31.180000,	Top-5 err = 17.610000,	train_time = 14.927362
TRAIN Iter 197: loss = 0.002994,	Top-1 err = 40.260000,	Top-5 err = 25.250000,	train_time = 14.537278
TRAIN Iter 198: loss = 0.002981,	Top-1 err = 33.040000,	Top-5 err = 19.710000,	train_time = 15.467211
TRAIN Iter 199: loss = 0.002977,	Top-1 err = 35.150000,	Top-5 err = 20.430000,	train_time = 14.504981
TRAIN Iter 200: loss = 0.002961,	Top-1 err = 32.240000,	Top-5 err = 19.640000,	train_time = 16.246351
TRAIN Iter 201: loss = 0.002950,	Top-1 err = 30.120000,	Top-5 err = 18.690000,	train_time = 14.231164
TRAIN Iter 202: loss = 0.002990,	Top-1 err = 37.280000,	Top-5 err = 22.360000,	train_time = 14.591150
TRAIN Iter 203: loss = 0.002999,	Top-1 err = 34.200000,	Top-5 err = 19.950000,	train_time = 15.653925
TRAIN Iter 204: loss = 0.002983,	Top-1 err = 37.210000,	Top-5 err = 21.440000,	train_time = 14.825429
TRAIN Iter 205: loss = 0.002966,	Top-1 err = 31.780000,	Top-5 err = 18.200000,	train_time = 14.952528
TRAIN Iter 206: loss = 0.002977,	Top-1 err = 40.840000,	Top-5 err = 26.120000,	train_time = 14.369871
TRAIN Iter 207: loss = 0.002963,	Top-1 err = 32.790000,	Top-5 err = 19.640000,	train_time = 14.725118
TRAIN Iter 208: loss = 0.002932,	Top-1 err = 38.670000,	Top-5 err = 24.180000,	train_time = 14.840270
TRAIN Iter 209: loss = 0.002935,	Top-1 err = 39.510000,	Top-5 err = 24.100000,	train_time = 14.676122
TRAIN Iter 210: loss = 0.002922,	Top-1 err = 37.840000,	Top-5 err = 23.440000,	train_time = 15.791783
TRAIN Iter 211: loss = 0.002948,	Top-1 err = 30.280000,	Top-5 err = 16.830000,	train_time = 14.639735
TRAIN Iter 212: loss = 0.002938,	Top-1 err = 38.680000,	Top-5 err = 24.250000,	train_time = 14.464719
TRAIN Iter 213: loss = 0.002935,	Top-1 err = 39.450000,	Top-5 err = 25.220000,	train_time = 14.423808
TRAIN Iter 214: loss = 0.002945,	Top-1 err = 37.450000,	Top-5 err = 23.120000,	train_time = 14.900213
TRAIN Iter 215: loss = 0.002921,	Top-1 err = 35.300000,	Top-5 err = 21.350000,	train_time = 14.857372
TRAIN Iter 216: loss = 0.002953,	Top-1 err = 40.240000,	Top-5 err = 24.840000,	train_time = 14.743619
TRAIN Iter 217: loss = 0.002929,	Top-1 err = 37.550000,	Top-5 err = 21.890000,	train_time = 15.492199
TRAIN Iter 218: loss = 0.002897,	Top-1 err = 35.000000,	Top-5 err = 20.480000,	train_time = 14.872591
TRAIN Iter 219: loss = 0.002867,	Top-1 err = 39.840000,	Top-5 err = 27.630000,	train_time = 15.111090
TRAIN Iter 220: loss = 0.002884,	Top-1 err = 35.860000,	Top-5 err = 23.430000,	train_time = 14.231964
TRAIN Iter 221: loss = 0.002894,	Top-1 err = 35.970000,	Top-5 err = 21.590000,	train_time = 14.980564
TRAIN Iter 222: loss = 0.002906,	Top-1 err = 38.920000,	Top-5 err = 23.850000,	train_time = 14.690821
TRAIN Iter 223: loss = 0.002917,	Top-1 err = 38.450000,	Top-5 err = 24.310000,	train_time = 15.715799
TRAIN Iter 224: loss = 0.002854,	Top-1 err = 31.660000,	Top-5 err = 19.740000,	train_time = 14.916306
TRAIN Iter 225: loss = 0.002898,	Top-1 err = 37.950000,	Top-5 err = 23.270000,	train_time = 15.506399
TRAIN Iter 226: loss = 0.002899,	Top-1 err = 36.150000,	Top-5 err = 22.930000,	train_time = 14.201533
TRAIN Iter 227: loss = 0.002899,	Top-1 err = 38.010000,	Top-5 err = 22.700000,	train_time = 14.665617
TRAIN Iter 228: loss = 0.002921,	Top-1 err = 38.100000,	Top-5 err = 22.110000,	train_time = 14.980915
TRAIN Iter 229: loss = 0.002827,	Top-1 err = 36.110000,	Top-5 err = 21.700000,	train_time = 14.794432
TRAIN Iter 230: loss = 0.002815,	Top-1 err = 32.090000,	Top-5 err = 18.870000,	train_time = 15.647088
TRAIN Iter 231: loss = 0.002804,	Top-1 err = 33.720000,	Top-5 err = 21.340000,	train_time = 14.871027
TRAIN Iter 232: loss = 0.002811,	Top-1 err = 32.520000,	Top-5 err = 17.670000,	train_time = 15.298608
TRAIN Iter 233: loss = 0.002842,	Top-1 err = 29.730000,	Top-5 err = 15.760000,	train_time = 14.225389
TRAIN Iter 234: loss = 0.002845,	Top-1 err = 38.710000,	Top-5 err = 24.670000,	train_time = 14.533467
TRAIN Iter 235: loss = 0.002775,	Top-1 err = 35.980000,	Top-5 err = 23.030000,	train_time = 14.704869
TRAIN Iter 236: loss = 0.002883,	Top-1 err = 39.430000,	Top-5 err = 23.660000,	train_time = 14.861575
TRAIN Iter 237: loss = 0.002858,	Top-1 err = 35.920000,	Top-5 err = 22.170000,	train_time = 15.620329
TRAIN Iter 238: loss = 0.002867,	Top-1 err = 37.980000,	Top-5 err = 22.830000,	train_time = 14.828550
TRAIN Iter 239: loss = 0.002797,	Top-1 err = 31.240000,	Top-5 err = 19.120000,	train_time = 15.518251
TRAIN Iter 240: loss = 0.002826,	Top-1 err = 36.070000,	Top-5 err = 22.350000,	train_time = 14.231511
TRAIN Iter 241: loss = 0.002774,	Top-1 err = 33.830000,	Top-5 err = 20.900000,	train_time = 15.105820
TRAIN Iter 242: loss = 0.002781,	Top-1 err = 39.130000,	Top-5 err = 24.860000,	train_time = 14.686452
TRAIN Iter 243: loss = 0.002782,	Top-1 err = 38.300000,	Top-5 err = 25.420000,	train_time = 15.339246
TRAIN Iter 244: loss = 0.002807,	Top-1 err = 41.230000,	Top-5 err = 26.130000,	train_time = 14.940229
TRAIN Iter 245: loss = 0.002826,	Top-1 err = 33.700000,	Top-5 err = 19.460000,	train_time = 14.926892
TRAIN Iter 246: loss = 0.002817,	Top-1 err = 34.920000,	Top-5 err = 20.550000,	train_time = 14.554166
TRAIN Iter 247: loss = 0.002796,	Top-1 err = 34.010000,	Top-5 err = 20.790000,	train_time = 14.400462
TRAIN Iter 248: loss = 0.002724,	Top-1 err = 33.300000,	Top-5 err = 21.980000,	train_time = 14.614501
TRAIN Iter 249: loss = 0.002836,	Top-1 err = 39.650000,	Top-5 err = 23.460000,	train_time = 14.698308
TEST:
Iter 249: loss = 1.892048,	Top-1 err = 42.630000,	Top-5 err = 19.690000,	val_time = 3.010348
TRAIN Iter 250: loss = 0.002759,	Top-1 err = 36.150000,	Top-5 err = 22.740000,	train_time = 14.709475
TRAIN Iter 251: loss = 0.002804,	Top-1 err = 31.930000,	Top-5 err = 18.710000,	train_time = 15.718253
TRAIN Iter 252: loss = 0.002759,	Top-1 err = 31.430000,	Top-5 err = 19.330000,	train_time = 14.701528
TRAIN Iter 253: loss = 0.002767,	Top-1 err = 31.670000,	Top-5 err = 18.640000,	train_time = 14.662604
TRAIN Iter 254: loss = 0.002780,	Top-1 err = 40.860000,	Top-5 err = 27.170000,	train_time = 14.424762
TRAIN Iter 255: loss = 0.002797,	Top-1 err = 37.780000,	Top-5 err = 23.740000,	train_time = 16.083795
TRAIN Iter 256: loss = 0.002700,	Top-1 err = 27.960000,	Top-5 err = 16.810000,	train_time = 14.181774
TRAIN Iter 257: loss = 0.002748,	Top-1 err = 30.310000,	Top-5 err = 17.810000,	train_time = 14.604540
TRAIN Iter 258: loss = 0.002714,	Top-1 err = 35.920000,	Top-5 err = 22.550000,	train_time = 15.847266
TRAIN Iter 259: loss = 0.002710,	Top-1 err = 32.100000,	Top-5 err = 18.440000,	train_time = 14.313242
TEST:
Iter 259: loss = 1.866530,	Top-1 err = 42.300000,	Top-5 err = 19.100000,	val_time = 3.133260
TRAIN Iter 260: loss = 0.002752,	Top-1 err = 34.880000,	Top-5 err = 20.950000,	train_time = 15.336748
TRAIN Iter 261: loss = 0.002746,	Top-1 err = 32.710000,	Top-5 err = 19.180000,	train_time = 15.340033
TRAIN Iter 262: loss = 0.002751,	Top-1 err = 35.470000,	Top-5 err = 21.480000,	train_time = 14.280493
TRAIN Iter 263: loss = 0.002703,	Top-1 err = 34.450000,	Top-5 err = 20.060000,	train_time = 14.391232
TRAIN Iter 264: loss = 0.002715,	Top-1 err = 33.590000,	Top-5 err = 19.700000,	train_time = 15.674418
TRAIN Iter 265: loss = 0.002760,	Top-1 err = 36.150000,	Top-5 err = 21.850000,	train_time = 15.089588
TRAIN Iter 266: loss = 0.002714,	Top-1 err = 36.620000,	Top-5 err = 22.410000,	train_time = 14.458467
TRAIN Iter 267: loss = 0.002757,	Top-1 err = 37.190000,	Top-5 err = 22.050000,	train_time = 15.006875
TRAIN Iter 268: loss = 0.002714,	Top-1 err = 33.320000,	Top-5 err = 19.430000,	train_time = 14.582593
TRAIN Iter 269: loss = 0.002685,	Top-1 err = 29.970000,	Top-5 err = 17.850000,	train_time = 15.482757
TEST:
Iter 269: loss = 1.854667,	Top-1 err = 42.150000,	Top-5 err = 19.100000,	val_time = 2.991202
TRAIN Iter 270: loss = 0.002760,	Top-1 err = 36.450000,	Top-5 err = 21.740000,	train_time = 14.239383
TRAIN Iter 271: loss = 0.002741,	Top-1 err = 39.460000,	Top-5 err = 24.610000,	train_time = 15.902102
TRAIN Iter 272: loss = 0.002676,	Top-1 err = 31.740000,	Top-5 err = 20.080000,	train_time = 14.202736
TRAIN Iter 273: loss = 0.002709,	Top-1 err = 32.960000,	Top-5 err = 20.050000,	train_time = 15.683734
TRAIN Iter 274: loss = 0.002726,	Top-1 err = 36.810000,	Top-5 err = 21.230000,	train_time = 14.265761
TRAIN Iter 275: loss = 0.002699,	Top-1 err = 41.460000,	Top-5 err = 27.300000,	train_time = 15.376109
TRAIN Iter 276: loss = 0.002742,	Top-1 err = 33.520000,	Top-5 err = 18.900000,	train_time = 14.864367
TRAIN Iter 277: loss = 0.002650,	Top-1 err = 35.740000,	Top-5 err = 22.800000,	train_time = 14.397495
TRAIN Iter 278: loss = 0.002705,	Top-1 err = 36.070000,	Top-5 err = 22.100000,	train_time = 15.483905
TRAIN Iter 279: loss = 0.002695,	Top-1 err = 35.890000,	Top-5 err = 21.300000,	train_time = 14.281553
TEST:
Iter 279: loss = 1.868417,	Top-1 err = 42.020000,	Top-5 err = 19.210000,	val_time = 2.944080
TRAIN Iter 280: loss = 0.002667,	Top-1 err = 34.650000,	Top-5 err = 21.570000,	train_time = 15.641070
TRAIN Iter 281: loss = 0.002687,	Top-1 err = 35.970000,	Top-5 err = 21.610000,	train_time = 14.768189
TRAIN Iter 282: loss = 0.002670,	Top-1 err = 35.320000,	Top-5 err = 22.730000,	train_time = 14.433069
TRAIN Iter 283: loss = 0.002738,	Top-1 err = 31.850000,	Top-5 err = 18.290000,	train_time = 15.088439
TRAIN Iter 284: loss = 0.002667,	Top-1 err = 34.820000,	Top-5 err = 20.250000,	train_time = 14.611089
TRAIN Iter 285: loss = 0.002697,	Top-1 err = 35.830000,	Top-5 err = 21.660000,	train_time = 14.692358
TRAIN Iter 286: loss = 0.002664,	Top-1 err = 30.240000,	Top-5 err = 17.220000,	train_time = 15.855764
TRAIN Iter 287: loss = 0.002671,	Top-1 err = 38.990000,	Top-5 err = 24.730000,	train_time = 14.357984
TRAIN Iter 288: loss = 0.002677,	Top-1 err = 35.950000,	Top-5 err = 21.210000,	train_time = 15.473520
TRAIN Iter 289: loss = 0.002713,	Top-1 err = 40.080000,	Top-5 err = 25.340000,	train_time = 14.445154
TEST:
Iter 289: loss = 1.855176,	Top-1 err = 42.030000,	Top-5 err = 19.420000,	val_time = 3.025519
TRAIN Iter 290: loss = 0.002625,	Top-1 err = 28.260000,	Top-5 err = 16.540000,	train_time = 15.695801
TRAIN Iter 291: loss = 0.002630,	Top-1 err = 30.180000,	Top-5 err = 16.220000,	train_time = 14.372252
TRAIN Iter 292: loss = 0.002644,	Top-1 err = 36.490000,	Top-5 err = 22.310000,	train_time = 15.867709
TRAIN Iter 293: loss = 0.002668,	Top-1 err = 34.610000,	Top-5 err = 20.090000,	train_time = 15.105364
TRAIN Iter 294: loss = 0.002645,	Top-1 err = 31.400000,	Top-5 err = 16.920000,	train_time = 14.460149
TRAIN Iter 295: loss = 0.002589,	Top-1 err = 29.380000,	Top-5 err = 18.130000,	train_time = 14.731561
TRAIN Iter 296: loss = 0.002658,	Top-1 err = 36.480000,	Top-5 err = 22.670000,	train_time = 15.096369
TRAIN Iter 297: loss = 0.002650,	Top-1 err = 33.970000,	Top-5 err = 20.390000,	train_time = 15.422889
TRAIN Iter 298: loss = 0.002632,	Top-1 err = 33.520000,	Top-5 err = 19.520000,	train_time = 14.253066
TRAIN Iter 299: loss = 0.002659,	Top-1 err = 34.170000,	Top-5 err = 22.200000,	train_time = 14.605440
TEST:
Iter 299: loss = 1.854828,	Top-1 err = 42.140000,	Top-5 err = 18.950000,	val_time = 3.068927
Train Finish! Best accuracy is 57.98@279
