=> using pytorch pre-trained teacher model 'conv4'
process data from /home/dvspanos/nikos/ca2d/artifacts/sets/bench_tin_conv_rcad2d_ipc10
load data successfully
TRAIN Iter 0: loss = 0.019797,	Top-1 err = 99.350000,	Top-5 err = 96.150000,	train_time = 3.553463
TRAIN Iter 1: loss = 0.016766,	Top-1 err = 98.150000,	Top-5 err = 93.200000,	train_time = 2.242104
TRAIN Iter 2: loss = 0.014589,	Top-1 err = 97.100000,	Top-5 err = 88.500000,	train_time = 2.220522
TRAIN Iter 3: loss = 0.014093,	Top-1 err = 96.200000,	Top-5 err = 84.450000,	train_time = 2.201961
TRAIN Iter 4: loss = 0.012958,	Top-1 err = 93.550000,	Top-5 err = 81.500000,	train_time = 2.167866
TRAIN Iter 5: loss = 0.012303,	Top-1 err = 90.800000,	Top-5 err = 73.450000,	train_time = 2.243947
TRAIN Iter 6: loss = 0.012257,	Top-1 err = 86.150000,	Top-5 err = 68.450000,	train_time = 2.256862
TRAIN Iter 7: loss = 0.011317,	Top-1 err = 84.150000,	Top-5 err = 61.300000,	train_time = 2.267253
TRAIN Iter 8: loss = 0.010966,	Top-1 err = 84.300000,	Top-5 err = 63.550000,	train_time = 2.254017
TRAIN Iter 9: loss = 0.011086,	Top-1 err = 80.450000,	Top-5 err = 57.550000,	train_time = 2.237229
TRAIN Iter 10: loss = 0.010394,	Top-1 err = 82.600000,	Top-5 err = 62.200000,	train_time = 2.234943
TRAIN Iter 11: loss = 0.009912,	Top-1 err = 78.900000,	Top-5 err = 56.200000,	train_time = 2.255622
TRAIN Iter 12: loss = 0.010203,	Top-1 err = 77.000000,	Top-5 err = 54.150000,	train_time = 2.249091
TRAIN Iter 13: loss = 0.010250,	Top-1 err = 71.600000,	Top-5 err = 47.000000,	train_time = 2.270585
TRAIN Iter 14: loss = 0.009516,	Top-1 err = 74.500000,	Top-5 err = 53.600000,	train_time = 2.262033
TRAIN Iter 15: loss = 0.008922,	Top-1 err = 68.750000,	Top-5 err = 44.950000,	train_time = 2.242170
TRAIN Iter 16: loss = 0.009417,	Top-1 err = 73.450000,	Top-5 err = 51.400000,	train_time = 2.252449
TRAIN Iter 17: loss = 0.008918,	Top-1 err = 73.150000,	Top-5 err = 49.850000,	train_time = 2.239602
TRAIN Iter 18: loss = 0.009047,	Top-1 err = 69.600000,	Top-5 err = 47.750000,	train_time = 2.256954
TRAIN Iter 19: loss = 0.008955,	Top-1 err = 59.500000,	Top-5 err = 36.150000,	train_time = 2.262860
TRAIN Iter 20: loss = 0.008334,	Top-1 err = 70.300000,	Top-5 err = 47.500000,	train_time = 2.263368
TRAIN Iter 21: loss = 0.007739,	Top-1 err = 66.300000,	Top-5 err = 42.450000,	train_time = 2.247947
TRAIN Iter 22: loss = 0.008102,	Top-1 err = 68.300000,	Top-5 err = 46.650000,	train_time = 2.180283
TRAIN Iter 23: loss = 0.007775,	Top-1 err = 61.200000,	Top-5 err = 38.400000,	train_time = 2.229346
TRAIN Iter 24: loss = 0.008050,	Top-1 err = 62.000000,	Top-5 err = 38.200000,	train_time = 2.188173
TRAIN Iter 25: loss = 0.007604,	Top-1 err = 61.300000,	Top-5 err = 38.500000,	train_time = 2.262320
TRAIN Iter 26: loss = 0.007730,	Top-1 err = 53.450000,	Top-5 err = 33.350000,	train_time = 2.282039
TRAIN Iter 27: loss = 0.007063,	Top-1 err = 70.450000,	Top-5 err = 48.750000,	train_time = 2.262098
TRAIN Iter 28: loss = 0.007304,	Top-1 err = 56.100000,	Top-5 err = 31.750000,	train_time = 2.213142
TRAIN Iter 29: loss = 0.006933,	Top-1 err = 62.100000,	Top-5 err = 41.250000,	train_time = 2.187740
TRAIN Iter 30: loss = 0.006952,	Top-1 err = 58.100000,	Top-5 err = 35.650000,	train_time = 2.265147
TRAIN Iter 31: loss = 0.006693,	Top-1 err = 63.850000,	Top-5 err = 40.650000,	train_time = 2.226933
TRAIN Iter 32: loss = 0.006701,	Top-1 err = 58.800000,	Top-5 err = 35.000000,	train_time = 2.249714
TRAIN Iter 33: loss = 0.006509,	Top-1 err = 57.500000,	Top-5 err = 35.800000,	train_time = 2.237057
TRAIN Iter 34: loss = 0.007031,	Top-1 err = 50.500000,	Top-5 err = 30.800000,	train_time = 2.262966
TRAIN Iter 35: loss = 0.006632,	Top-1 err = 55.200000,	Top-5 err = 34.900000,	train_time = 2.242261
TRAIN Iter 36: loss = 0.006378,	Top-1 err = 56.250000,	Top-5 err = 34.650000,	train_time = 2.259049
TRAIN Iter 37: loss = 0.006538,	Top-1 err = 54.950000,	Top-5 err = 36.850000,	train_time = 2.251914
TRAIN Iter 38: loss = 0.006463,	Top-1 err = 53.250000,	Top-5 err = 31.400000,	train_time = 2.266421
TRAIN Iter 39: loss = 0.006094,	Top-1 err = 51.200000,	Top-5 err = 29.400000,	train_time = 2.264189
TRAIN Iter 40: loss = 0.006119,	Top-1 err = 67.400000,	Top-5 err = 48.200000,	train_time = 2.269598
TRAIN Iter 41: loss = 0.006453,	Top-1 err = 46.450000,	Top-5 err = 26.250000,	train_time = 2.252884
TRAIN Iter 42: loss = 0.006299,	Top-1 err = 36.600000,	Top-5 err = 18.550000,	train_time = 2.265130
TRAIN Iter 43: loss = 0.006002,	Top-1 err = 60.450000,	Top-5 err = 40.250000,	train_time = 2.226287
TRAIN Iter 44: loss = 0.005686,	Top-1 err = 62.250000,	Top-5 err = 40.050000,	train_time = 2.269119
TRAIN Iter 45: loss = 0.005968,	Top-1 err = 45.400000,	Top-5 err = 24.750000,	train_time = 2.265224
TRAIN Iter 46: loss = 0.005634,	Top-1 err = 51.950000,	Top-5 err = 28.700000,	train_time = 2.247297
TRAIN Iter 47: loss = 0.005857,	Top-1 err = 51.900000,	Top-5 err = 33.300000,	train_time = 2.201062
TRAIN Iter 48: loss = 0.005824,	Top-1 err = 53.200000,	Top-5 err = 32.950000,	train_time = 2.245047
TRAIN Iter 49: loss = 0.005526,	Top-1 err = 45.100000,	Top-5 err = 24.250000,	train_time = 2.266743
TRAIN Iter 50: loss = 0.005430,	Top-1 err = 58.350000,	Top-5 err = 37.500000,	train_time = 2.250769
TRAIN Iter 51: loss = 0.005339,	Top-1 err = 57.500000,	Top-5 err = 35.700000,	train_time = 2.271127
TRAIN Iter 52: loss = 0.005424,	Top-1 err = 46.600000,	Top-5 err = 27.750000,	train_time = 2.272185
TRAIN Iter 53: loss = 0.005282,	Top-1 err = 53.200000,	Top-5 err = 32.750000,	train_time = 1.920847
TRAIN Iter 54: loss = 0.005352,	Top-1 err = 31.200000,	Top-5 err = 11.750000,	train_time = 2.239089
TRAIN Iter 55: loss = 0.005004,	Top-1 err = 56.450000,	Top-5 err = 35.550000,	train_time = 2.231079
TRAIN Iter 56: loss = 0.005032,	Top-1 err = 55.100000,	Top-5 err = 36.050000,	train_time = 2.254210
TRAIN Iter 57: loss = 0.005128,	Top-1 err = 42.100000,	Top-5 err = 22.950000,	train_time = 2.171737
TRAIN Iter 58: loss = 0.004890,	Top-1 err = 51.550000,	Top-5 err = 31.650000,	train_time = 2.254523
TRAIN Iter 59: loss = 0.004999,	Top-1 err = 46.050000,	Top-5 err = 26.450000,	train_time = 2.243621
TRAIN Iter 60: loss = 0.004938,	Top-1 err = 40.700000,	Top-5 err = 21.350000,	train_time = 2.253115
TRAIN Iter 61: loss = 0.004913,	Top-1 err = 40.400000,	Top-5 err = 20.100000,	train_time = 2.251161
TRAIN Iter 62: loss = 0.005190,	Top-1 err = 36.200000,	Top-5 err = 19.350000,	train_time = 2.261478
TRAIN Iter 63: loss = 0.005060,	Top-1 err = 33.600000,	Top-5 err = 17.300000,	train_time = 2.261175
TRAIN Iter 64: loss = 0.004738,	Top-1 err = 40.950000,	Top-5 err = 22.800000,	train_time = 2.270799
TRAIN Iter 65: loss = 0.004718,	Top-1 err = 39.400000,	Top-5 err = 22.150000,	train_time = 2.235372
TRAIN Iter 66: loss = 0.004683,	Top-1 err = 36.050000,	Top-5 err = 19.500000,	train_time = 2.262016
TRAIN Iter 67: loss = 0.004681,	Top-1 err = 46.750000,	Top-5 err = 26.700000,	train_time = 2.242977
TRAIN Iter 68: loss = 0.004754,	Top-1 err = 44.750000,	Top-5 err = 27.500000,	train_time = 2.245962
TRAIN Iter 69: loss = 0.004678,	Top-1 err = 50.250000,	Top-5 err = 32.200000,	train_time = 2.260879
TRAIN Iter 70: loss = 0.004512,	Top-1 err = 46.250000,	Top-5 err = 25.500000,	train_time = 2.241676
TRAIN Iter 71: loss = 0.004481,	Top-1 err = 40.550000,	Top-5 err = 22.900000,	train_time = 2.277210
TRAIN Iter 72: loss = 0.004623,	Top-1 err = 46.150000,	Top-5 err = 26.500000,	train_time = 2.157237
TRAIN Iter 73: loss = 0.004669,	Top-1 err = 32.550000,	Top-5 err = 16.600000,	train_time = 2.240181
TRAIN Iter 74: loss = 0.004722,	Top-1 err = 35.300000,	Top-5 err = 18.550000,	train_time = 2.245734
TRAIN Iter 75: loss = 0.004464,	Top-1 err = 41.450000,	Top-5 err = 24.200000,	train_time = 2.207621
TRAIN Iter 76: loss = 0.004405,	Top-1 err = 57.750000,	Top-5 err = 37.300000,	train_time = 2.226189
TRAIN Iter 77: loss = 0.004455,	Top-1 err = 40.500000,	Top-5 err = 23.500000,	train_time = 2.191470
TRAIN Iter 78: loss = 0.004388,	Top-1 err = 52.450000,	Top-5 err = 33.850000,	train_time = 2.263334
TRAIN Iter 79: loss = 0.004457,	Top-1 err = 48.650000,	Top-5 err = 29.800000,	train_time = 2.252605
TRAIN Iter 80: loss = 0.004228,	Top-1 err = 44.000000,	Top-5 err = 23.550000,	train_time = 2.283406
TRAIN Iter 81: loss = 0.004303,	Top-1 err = 52.600000,	Top-5 err = 35.800000,	train_time = 2.252442
TRAIN Iter 82: loss = 0.004224,	Top-1 err = 39.500000,	Top-5 err = 22.200000,	train_time = 1.999106
TRAIN Iter 83: loss = 0.004307,	Top-1 err = 50.400000,	Top-5 err = 33.250000,	train_time = 2.246767
TRAIN Iter 84: loss = 0.004279,	Top-1 err = 37.750000,	Top-5 err = 20.900000,	train_time = 2.256573
TRAIN Iter 85: loss = 0.004259,	Top-1 err = 53.500000,	Top-5 err = 35.200000,	train_time = 2.270967
TRAIN Iter 86: loss = 0.004156,	Top-1 err = 35.000000,	Top-5 err = 20.200000,	train_time = 2.262337
TRAIN Iter 87: loss = 0.004287,	Top-1 err = 54.150000,	Top-5 err = 37.250000,	train_time = 2.254215
TRAIN Iter 88: loss = 0.004183,	Top-1 err = 46.400000,	Top-5 err = 26.850000,	train_time = 2.271218
TRAIN Iter 89: loss = 0.004260,	Top-1 err = 45.000000,	Top-5 err = 27.300000,	train_time = 2.132635
TRAIN Iter 90: loss = 0.004026,	Top-1 err = 41.750000,	Top-5 err = 25.550000,	train_time = 2.263030
TRAIN Iter 91: loss = 0.004109,	Top-1 err = 45.050000,	Top-5 err = 29.500000,	train_time = 2.250350
TRAIN Iter 92: loss = 0.003981,	Top-1 err = 43.200000,	Top-5 err = 25.050000,	train_time = 2.195594
TRAIN Iter 93: loss = 0.004128,	Top-1 err = 42.650000,	Top-5 err = 25.000000,	train_time = 2.245572
TRAIN Iter 94: loss = 0.004075,	Top-1 err = 36.450000,	Top-5 err = 19.900000,	train_time = 2.264496
TRAIN Iter 95: loss = 0.004172,	Top-1 err = 35.300000,	Top-5 err = 20.100000,	train_time = 2.223675
TRAIN Iter 96: loss = 0.004006,	Top-1 err = 41.950000,	Top-5 err = 23.050000,	train_time = 2.291442
TRAIN Iter 97: loss = 0.004041,	Top-1 err = 47.950000,	Top-5 err = 30.100000,	train_time = 2.230340
TRAIN Iter 98: loss = 0.003903,	Top-1 err = 19.900000,	Top-5 err = 6.500000,	train_time = 2.245471
TRAIN Iter 99: loss = 0.004022,	Top-1 err = 40.150000,	Top-5 err = 23.700000,	train_time = 2.266999
TRAIN Iter 100: loss = 0.003874,	Top-1 err = 48.950000,	Top-5 err = 30.250000,	train_time = 2.250019
TRAIN Iter 101: loss = 0.003883,	Top-1 err = 47.250000,	Top-5 err = 28.250000,	train_time = 2.265341
TRAIN Iter 102: loss = 0.003867,	Top-1 err = 52.900000,	Top-5 err = 31.900000,	train_time = 2.238844
TRAIN Iter 103: loss = 0.003805,	Top-1 err = 31.150000,	Top-5 err = 17.850000,	train_time = 2.228706
TRAIN Iter 104: loss = 0.003891,	Top-1 err = 61.000000,	Top-5 err = 42.450000,	train_time = 2.293673
TRAIN Iter 105: loss = 0.003904,	Top-1 err = 42.450000,	Top-5 err = 27.250000,	train_time = 2.274902
TRAIN Iter 106: loss = 0.003708,	Top-1 err = 37.800000,	Top-5 err = 18.500000,	train_time = 2.252941
TRAIN Iter 107: loss = 0.003721,	Top-1 err = 41.600000,	Top-5 err = 23.300000,	train_time = 2.275478
TRAIN Iter 108: loss = 0.003741,	Top-1 err = 34.700000,	Top-5 err = 17.700000,	train_time = 2.284210
TRAIN Iter 109: loss = 0.003772,	Top-1 err = 40.800000,	Top-5 err = 22.600000,	train_time = 2.270010
TRAIN Iter 110: loss = 0.003757,	Top-1 err = 22.650000,	Top-5 err = 8.300000,	train_time = 2.287399
TRAIN Iter 111: loss = 0.003757,	Top-1 err = 42.400000,	Top-5 err = 25.500000,	train_time = 2.265481
TRAIN Iter 112: loss = 0.003856,	Top-1 err = 36.950000,	Top-5 err = 24.400000,	train_time = 2.023687
TRAIN Iter 113: loss = 0.003681,	Top-1 err = 21.050000,	Top-5 err = 11.000000,	train_time = 2.279051
TRAIN Iter 114: loss = 0.003710,	Top-1 err = 31.400000,	Top-5 err = 15.200000,	train_time = 2.032973
TRAIN Iter 115: loss = 0.003619,	Top-1 err = 43.850000,	Top-5 err = 24.550000,	train_time = 2.183391
TRAIN Iter 116: loss = 0.003623,	Top-1 err = 33.350000,	Top-5 err = 17.850000,	train_time = 2.293890
TRAIN Iter 117: loss = 0.003728,	Top-1 err = 32.550000,	Top-5 err = 16.650000,	train_time = 2.309983
TRAIN Iter 118: loss = 0.003718,	Top-1 err = 47.100000,	Top-5 err = 30.800000,	train_time = 2.283506
TRAIN Iter 119: loss = 0.003669,	Top-1 err = 32.250000,	Top-5 err = 15.650000,	train_time = 2.185163
TRAIN Iter 120: loss = 0.003611,	Top-1 err = 44.550000,	Top-5 err = 25.750000,	train_time = 2.273400
TRAIN Iter 121: loss = 0.003577,	Top-1 err = 51.300000,	Top-5 err = 31.800000,	train_time = 2.256033
TRAIN Iter 122: loss = 0.003642,	Top-1 err = 46.500000,	Top-5 err = 28.500000,	train_time = 2.298085
TRAIN Iter 123: loss = 0.003642,	Top-1 err = 46.150000,	Top-5 err = 29.350000,	train_time = 2.257383
TRAIN Iter 124: loss = 0.003779,	Top-1 err = 50.400000,	Top-5 err = 33.250000,	train_time = 2.276613
TRAIN Iter 125: loss = 0.003744,	Top-1 err = 46.700000,	Top-5 err = 32.000000,	train_time = 2.222073
TRAIN Iter 126: loss = 0.003653,	Top-1 err = 47.950000,	Top-5 err = 31.550000,	train_time = 2.280518
TRAIN Iter 127: loss = 0.003570,	Top-1 err = 44.450000,	Top-5 err = 27.100000,	train_time = 2.269215
TRAIN Iter 128: loss = 0.003557,	Top-1 err = 44.900000,	Top-5 err = 30.250000,	train_time = 2.292328
TRAIN Iter 129: loss = 0.003476,	Top-1 err = 30.200000,	Top-5 err = 16.150000,	train_time = 2.285396
TRAIN Iter 130: loss = 0.003547,	Top-1 err = 50.150000,	Top-5 err = 32.650000,	train_time = 2.274525
TRAIN Iter 131: loss = 0.003455,	Top-1 err = 39.250000,	Top-5 err = 23.700000,	train_time = 2.280226
TRAIN Iter 132: loss = 0.003574,	Top-1 err = 35.600000,	Top-5 err = 20.400000,	train_time = 2.268543
TRAIN Iter 133: loss = 0.003488,	Top-1 err = 28.600000,	Top-5 err = 15.050000,	train_time = 2.272482
TRAIN Iter 134: loss = 0.003415,	Top-1 err = 52.950000,	Top-5 err = 33.700000,	train_time = 2.234659
TRAIN Iter 135: loss = 0.003651,	Top-1 err = 34.550000,	Top-5 err = 21.050000,	train_time = 2.256655
TRAIN Iter 136: loss = 0.003422,	Top-1 err = 32.300000,	Top-5 err = 16.150000,	train_time = 2.271508
TRAIN Iter 137: loss = 0.003514,	Top-1 err = 57.100000,	Top-5 err = 38.350000,	train_time = 2.258675
TRAIN Iter 138: loss = 0.003388,	Top-1 err = 37.150000,	Top-5 err = 18.400000,	train_time = 2.270384
TRAIN Iter 139: loss = 0.003469,	Top-1 err = 32.350000,	Top-5 err = 17.750000,	train_time = 2.260932
TRAIN Iter 140: loss = 0.003410,	Top-1 err = 38.050000,	Top-5 err = 20.950000,	train_time = 2.209010
TRAIN Iter 141: loss = 0.003559,	Top-1 err = 39.000000,	Top-5 err = 21.950000,	train_time = 2.289448
TRAIN Iter 142: loss = 0.003456,	Top-1 err = 41.800000,	Top-5 err = 23.350000,	train_time = 2.254927
TRAIN Iter 143: loss = 0.003393,	Top-1 err = 35.350000,	Top-5 err = 22.050000,	train_time = 2.244744
TRAIN Iter 144: loss = 0.003368,	Top-1 err = 31.500000,	Top-5 err = 16.600000,	train_time = 2.252325
TRAIN Iter 145: loss = 0.003499,	Top-1 err = 43.350000,	Top-5 err = 26.650000,	train_time = 2.263517
TRAIN Iter 146: loss = 0.003404,	Top-1 err = 43.600000,	Top-5 err = 25.900000,	train_time = 2.242652
TRAIN Iter 147: loss = 0.003426,	Top-1 err = 48.450000,	Top-5 err = 31.750000,	train_time = 2.214704
TRAIN Iter 148: loss = 0.003333,	Top-1 err = 45.250000,	Top-5 err = 30.350000,	train_time = 2.237414
TRAIN Iter 149: loss = 0.003307,	Top-1 err = 35.800000,	Top-5 err = 19.700000,	train_time = 2.248962
TRAIN Iter 150: loss = 0.003229,	Top-1 err = 35.850000,	Top-5 err = 20.800000,	train_time = 2.235485
TRAIN Iter 151: loss = 0.003325,	Top-1 err = 40.050000,	Top-5 err = 23.850000,	train_time = 2.259758
TRAIN Iter 152: loss = 0.003280,	Top-1 err = 32.800000,	Top-5 err = 18.200000,	train_time = 2.233239
TRAIN Iter 153: loss = 0.003216,	Top-1 err = 21.000000,	Top-5 err = 9.450000,	train_time = 2.152934
TRAIN Iter 154: loss = 0.003241,	Top-1 err = 32.500000,	Top-5 err = 15.400000,	train_time = 2.269674
TRAIN Iter 155: loss = 0.003243,	Top-1 err = 29.700000,	Top-5 err = 15.750000,	train_time = 2.250656
TRAIN Iter 156: loss = 0.003290,	Top-1 err = 45.950000,	Top-5 err = 30.650000,	train_time = 2.251115
TRAIN Iter 157: loss = 0.003258,	Top-1 err = 34.250000,	Top-5 err = 18.050000,	train_time = 2.297738
TRAIN Iter 158: loss = 0.003344,	Top-1 err = 39.800000,	Top-5 err = 26.450000,	train_time = 2.264439
TRAIN Iter 159: loss = 0.003165,	Top-1 err = 34.500000,	Top-5 err = 22.050000,	train_time = 2.300489
TRAIN Iter 160: loss = 0.003245,	Top-1 err = 41.750000,	Top-5 err = 23.650000,	train_time = 2.317363
TRAIN Iter 161: loss = 0.003154,	Top-1 err = 30.150000,	Top-5 err = 15.900000,	train_time = 2.205631
TRAIN Iter 162: loss = 0.003083,	Top-1 err = 45.850000,	Top-5 err = 27.350000,	train_time = 2.200705
TRAIN Iter 163: loss = 0.003252,	Top-1 err = 38.550000,	Top-5 err = 21.950000,	train_time = 2.201357
TRAIN Iter 164: loss = 0.003296,	Top-1 err = 41.700000,	Top-5 err = 23.650000,	train_time = 2.286835
TRAIN Iter 165: loss = 0.003181,	Top-1 err = 38.250000,	Top-5 err = 20.400000,	train_time = 2.274278
TRAIN Iter 166: loss = 0.003314,	Top-1 err = 42.950000,	Top-5 err = 25.050000,	train_time = 2.270959
TRAIN Iter 167: loss = 0.003271,	Top-1 err = 46.650000,	Top-5 err = 32.050000,	train_time = 2.242040
TRAIN Iter 168: loss = 0.003208,	Top-1 err = 36.200000,	Top-5 err = 19.050000,	train_time = 1.992940
TRAIN Iter 169: loss = 0.003282,	Top-1 err = 51.250000,	Top-5 err = 34.250000,	train_time = 2.277899
TRAIN Iter 170: loss = 0.003167,	Top-1 err = 30.950000,	Top-5 err = 14.800000,	train_time = 2.269013
TRAIN Iter 171: loss = 0.003107,	Top-1 err = 30.050000,	Top-5 err = 17.350000,	train_time = 2.171200
TRAIN Iter 172: loss = 0.003222,	Top-1 err = 49.150000,	Top-5 err = 30.400000,	train_time = 2.264920
TRAIN Iter 173: loss = 0.003261,	Top-1 err = 51.200000,	Top-5 err = 29.250000,	train_time = 2.292702
TRAIN Iter 174: loss = 0.003170,	Top-1 err = 44.050000,	Top-5 err = 26.650000,	train_time = 2.271515
TRAIN Iter 175: loss = 0.003218,	Top-1 err = 43.250000,	Top-5 err = 25.450000,	train_time = 2.259089
TRAIN Iter 176: loss = 0.003154,	Top-1 err = 32.100000,	Top-5 err = 18.700000,	train_time = 2.258123
TRAIN Iter 177: loss = 0.003100,	Top-1 err = 37.700000,	Top-5 err = 23.800000,	train_time = 2.271244
TRAIN Iter 178: loss = 0.003132,	Top-1 err = 33.050000,	Top-5 err = 20.050000,	train_time = 2.273638
TRAIN Iter 179: loss = 0.003102,	Top-1 err = 32.600000,	Top-5 err = 19.600000,	train_time = 2.252364
TRAIN Iter 180: loss = 0.003164,	Top-1 err = 38.200000,	Top-5 err = 27.900000,	train_time = 2.206027
TRAIN Iter 181: loss = 0.003115,	Top-1 err = 34.900000,	Top-5 err = 18.200000,	train_time = 2.169099
TRAIN Iter 182: loss = 0.003127,	Top-1 err = 34.750000,	Top-5 err = 19.050000,	train_time = 2.244004
TRAIN Iter 183: loss = 0.003134,	Top-1 err = 43.750000,	Top-5 err = 25.900000,	train_time = 2.238364
TRAIN Iter 184: loss = 0.003130,	Top-1 err = 39.000000,	Top-5 err = 23.650000,	train_time = 2.240761
TRAIN Iter 185: loss = 0.003066,	Top-1 err = 38.550000,	Top-5 err = 23.650000,	train_time = 2.300015
TRAIN Iter 186: loss = 0.003036,	Top-1 err = 36.750000,	Top-5 err = 20.600000,	train_time = 2.263920
TRAIN Iter 187: loss = 0.003077,	Top-1 err = 43.200000,	Top-5 err = 26.900000,	train_time = 2.276104
TRAIN Iter 188: loss = 0.003090,	Top-1 err = 42.300000,	Top-5 err = 27.350000,	train_time = 2.273436
TRAIN Iter 189: loss = 0.003085,	Top-1 err = 40.650000,	Top-5 err = 27.100000,	train_time = 2.268962
TRAIN Iter 190: loss = 0.003003,	Top-1 err = 35.500000,	Top-5 err = 17.650000,	train_time = 2.024314
TRAIN Iter 191: loss = 0.003049,	Top-1 err = 32.550000,	Top-5 err = 13.750000,	train_time = 2.271466
TRAIN Iter 192: loss = 0.003059,	Top-1 err = 33.350000,	Top-5 err = 16.500000,	train_time = 2.185017
TRAIN Iter 193: loss = 0.003109,	Top-1 err = 39.650000,	Top-5 err = 23.250000,	train_time = 2.248043
TRAIN Iter 194: loss = 0.002926,	Top-1 err = 35.300000,	Top-5 err = 20.900000,	train_time = 2.280962
TRAIN Iter 195: loss = 0.003057,	Top-1 err = 42.150000,	Top-5 err = 25.900000,	train_time = 2.273582
TRAIN Iter 196: loss = 0.003001,	Top-1 err = 44.500000,	Top-5 err = 30.550000,	train_time = 2.294743
TRAIN Iter 197: loss = 0.003167,	Top-1 err = 46.750000,	Top-5 err = 30.850000,	train_time = 2.205634
TRAIN Iter 198: loss = 0.003047,	Top-1 err = 33.750000,	Top-5 err = 21.850000,	train_time = 2.257208
TRAIN Iter 199: loss = 0.002909,	Top-1 err = 34.650000,	Top-5 err = 20.050000,	train_time = 2.301987
TRAIN Iter 200: loss = 0.002902,	Top-1 err = 28.150000,	Top-5 err = 12.700000,	train_time = 2.215701
TRAIN Iter 201: loss = 0.002920,	Top-1 err = 36.700000,	Top-5 err = 22.550000,	train_time = 2.236128
TRAIN Iter 202: loss = 0.003004,	Top-1 err = 46.500000,	Top-5 err = 30.400000,	train_time = 2.285167
TRAIN Iter 203: loss = 0.003002,	Top-1 err = 37.150000,	Top-5 err = 23.150000,	train_time = 2.136233
TRAIN Iter 204: loss = 0.003033,	Top-1 err = 40.300000,	Top-5 err = 21.300000,	train_time = 2.248335
TRAIN Iter 205: loss = 0.003065,	Top-1 err = 33.100000,	Top-5 err = 18.950000,	train_time = 2.286398
TRAIN Iter 206: loss = 0.002933,	Top-1 err = 41.550000,	Top-5 err = 21.800000,	train_time = 2.267212
TRAIN Iter 207: loss = 0.003004,	Top-1 err = 46.500000,	Top-5 err = 31.100000,	train_time = 2.263817
TRAIN Iter 208: loss = 0.002793,	Top-1 err = 21.550000,	Top-5 err = 10.750000,	train_time = 2.285513
TRAIN Iter 209: loss = 0.002893,	Top-1 err = 28.300000,	Top-5 err = 13.700000,	train_time = 2.251302
TRAIN Iter 210: loss = 0.002930,	Top-1 err = 25.550000,	Top-5 err = 14.200000,	train_time = 2.276215
TRAIN Iter 211: loss = 0.003076,	Top-1 err = 40.650000,	Top-5 err = 24.300000,	train_time = 2.247451
TRAIN Iter 212: loss = 0.003000,	Top-1 err = 33.100000,	Top-5 err = 19.150000,	train_time = 2.282589
TRAIN Iter 213: loss = 0.002841,	Top-1 err = 22.500000,	Top-5 err = 10.250000,	train_time = 2.221825
TRAIN Iter 214: loss = 0.002890,	Top-1 err = 22.500000,	Top-5 err = 9.200000,	train_time = 2.266985
TRAIN Iter 215: loss = 0.002946,	Top-1 err = 42.350000,	Top-5 err = 24.650000,	train_time = 2.291085
TRAIN Iter 216: loss = 0.002953,	Top-1 err = 38.250000,	Top-5 err = 25.300000,	train_time = 2.249627
TRAIN Iter 217: loss = 0.002945,	Top-1 err = 31.650000,	Top-5 err = 17.350000,	train_time = 2.186665
TRAIN Iter 218: loss = 0.003000,	Top-1 err = 53.850000,	Top-5 err = 34.150000,	train_time = 2.294378
TRAIN Iter 219: loss = 0.002833,	Top-1 err = 26.250000,	Top-5 err = 16.000000,	train_time = 2.250770
TRAIN Iter 220: loss = 0.003005,	Top-1 err = 29.450000,	Top-5 err = 14.300000,	train_time = 2.293988
TRAIN Iter 221: loss = 0.002814,	Top-1 err = 26.600000,	Top-5 err = 14.100000,	train_time = 2.246439
TRAIN Iter 222: loss = 0.002974,	Top-1 err = 38.000000,	Top-5 err = 23.850000,	train_time = 2.256788
TRAIN Iter 223: loss = 0.002977,	Top-1 err = 41.050000,	Top-5 err = 27.100000,	train_time = 2.231519
TRAIN Iter 224: loss = 0.002827,	Top-1 err = 20.950000,	Top-5 err = 8.800000,	train_time = 2.245677
TRAIN Iter 225: loss = 0.002909,	Top-1 err = 34.750000,	Top-5 err = 21.750000,	train_time = 2.280024
TRAIN Iter 226: loss = 0.002868,	Top-1 err = 36.350000,	Top-5 err = 21.150000,	train_time = 2.221565
TRAIN Iter 227: loss = 0.002798,	Top-1 err = 31.000000,	Top-5 err = 16.450000,	train_time = 2.241898
TRAIN Iter 228: loss = 0.002740,	Top-1 err = 27.850000,	Top-5 err = 16.750000,	train_time = 2.283414
TRAIN Iter 229: loss = 0.002918,	Top-1 err = 34.850000,	Top-5 err = 18.900000,	train_time = 2.292962
TRAIN Iter 230: loss = 0.002891,	Top-1 err = 54.600000,	Top-5 err = 37.700000,	train_time = 2.274785
TRAIN Iter 231: loss = 0.002863,	Top-1 err = 41.350000,	Top-5 err = 28.050000,	train_time = 2.289448
TRAIN Iter 232: loss = 0.002816,	Top-1 err = 47.800000,	Top-5 err = 29.800000,	train_time = 2.278783
TRAIN Iter 233: loss = 0.002884,	Top-1 err = 41.450000,	Top-5 err = 23.150000,	train_time = 2.274365
TRAIN Iter 234: loss = 0.002785,	Top-1 err = 28.750000,	Top-5 err = 15.250000,	train_time = 1.937736
TRAIN Iter 235: loss = 0.002847,	Top-1 err = 40.800000,	Top-5 err = 23.450000,	train_time = 2.209527
TRAIN Iter 236: loss = 0.002902,	Top-1 err = 44.700000,	Top-5 err = 28.200000,	train_time = 2.285124
TRAIN Iter 237: loss = 0.002959,	Top-1 err = 47.350000,	Top-5 err = 29.400000,	train_time = 2.245859
TRAIN Iter 238: loss = 0.002802,	Top-1 err = 36.050000,	Top-5 err = 19.250000,	train_time = 2.273664
TRAIN Iter 239: loss = 0.002772,	Top-1 err = 41.550000,	Top-5 err = 22.500000,	train_time = 2.243574
TRAIN Iter 240: loss = 0.002868,	Top-1 err = 39.850000,	Top-5 err = 22.050000,	train_time = 2.273513
TRAIN Iter 241: loss = 0.002914,	Top-1 err = 51.700000,	Top-5 err = 33.850000,	train_time = 2.287742
TRAIN Iter 242: loss = 0.002886,	Top-1 err = 38.300000,	Top-5 err = 22.100000,	train_time = 2.291606
TRAIN Iter 243: loss = 0.002713,	Top-1 err = 34.900000,	Top-5 err = 19.350000,	train_time = 2.295311
TRAIN Iter 244: loss = 0.002727,	Top-1 err = 29.500000,	Top-5 err = 15.400000,	train_time = 2.284591
TRAIN Iter 245: loss = 0.002781,	Top-1 err = 46.600000,	Top-5 err = 26.850000,	train_time = 2.278096
TRAIN Iter 246: loss = 0.002778,	Top-1 err = 32.600000,	Top-5 err = 18.400000,	train_time = 2.260353
TRAIN Iter 247: loss = 0.002910,	Top-1 err = 33.900000,	Top-5 err = 15.950000,	train_time = 2.268574
TRAIN Iter 248: loss = 0.002857,	Top-1 err = 31.450000,	Top-5 err = 16.100000,	train_time = 2.283348
TRAIN Iter 249: loss = 0.002802,	Top-1 err = 40.400000,	Top-5 err = 23.400000,	train_time = 2.284231
TEST:
Iter 249: loss = 2.768116,	Top-1 err = 62.880000,	Top-5 err = 36.470000,	val_time = 2.222888
TRAIN Iter 250: loss = 0.002681,	Top-1 err = 39.950000,	Top-5 err = 20.950000,	train_time = 2.293121
TRAIN Iter 251: loss = 0.002651,	Top-1 err = 29.000000,	Top-5 err = 12.000000,	train_time = 2.291110
TRAIN Iter 252: loss = 0.002728,	Top-1 err = 38.850000,	Top-5 err = 25.800000,	train_time = 2.286418
TRAIN Iter 253: loss = 0.002711,	Top-1 err = 40.650000,	Top-5 err = 24.700000,	train_time = 2.250886
TRAIN Iter 254: loss = 0.002784,	Top-1 err = 37.050000,	Top-5 err = 19.600000,	train_time = 2.280651
TRAIN Iter 255: loss = 0.002778,	Top-1 err = 47.150000,	Top-5 err = 29.650000,	train_time = 2.302552
TRAIN Iter 256: loss = 0.002632,	Top-1 err = 26.300000,	Top-5 err = 14.250000,	train_time = 2.295461
TRAIN Iter 257: loss = 0.002690,	Top-1 err = 20.300000,	Top-5 err = 9.450000,	train_time = 2.330313
TRAIN Iter 258: loss = 0.002691,	Top-1 err = 36.250000,	Top-5 err = 21.700000,	train_time = 2.306847
TRAIN Iter 259: loss = 0.002707,	Top-1 err = 28.350000,	Top-5 err = 15.800000,	train_time = 2.200332
TEST:
Iter 259: loss = 2.720711,	Top-1 err = 62.160000,	Top-5 err = 35.220000,	val_time = 2.200888
TRAIN Iter 260: loss = 0.002676,	Top-1 err = 35.600000,	Top-5 err = 21.550000,	train_time = 2.087120
TRAIN Iter 261: loss = 0.002742,	Top-1 err = 30.650000,	Top-5 err = 17.650000,	train_time = 2.284267
TRAIN Iter 262: loss = 0.002773,	Top-1 err = 20.800000,	Top-5 err = 9.800000,	train_time = 2.304390
TRAIN Iter 263: loss = 0.002823,	Top-1 err = 36.900000,	Top-5 err = 19.000000,	train_time = 2.297565
TRAIN Iter 264: loss = 0.002661,	Top-1 err = 29.900000,	Top-5 err = 12.300000,	train_time = 2.256975
TRAIN Iter 265: loss = 0.002676,	Top-1 err = 31.000000,	Top-5 err = 16.350000,	train_time = 2.274554
TRAIN Iter 266: loss = 0.002740,	Top-1 err = 36.550000,	Top-5 err = 17.950000,	train_time = 2.146374
TRAIN Iter 267: loss = 0.002663,	Top-1 err = 32.150000,	Top-5 err = 14.900000,	train_time = 2.229697
TRAIN Iter 268: loss = 0.002662,	Top-1 err = 34.100000,	Top-5 err = 19.950000,	train_time = 2.221861
TRAIN Iter 269: loss = 0.002672,	Top-1 err = 27.400000,	Top-5 err = 13.400000,	train_time = 2.224728
TEST:
Iter 269: loss = 2.614360,	Top-1 err = 60.560000,	Top-5 err = 33.250000,	val_time = 2.161856
TRAIN Iter 270: loss = 0.002646,	Top-1 err = 24.100000,	Top-5 err = 12.800000,	train_time = 2.312733
TRAIN Iter 271: loss = 0.002803,	Top-1 err = 32.300000,	Top-5 err = 18.350000,	train_time = 2.295482
TRAIN Iter 272: loss = 0.002799,	Top-1 err = 50.000000,	Top-5 err = 31.450000,	train_time = 2.282748
TRAIN Iter 273: loss = 0.002755,	Top-1 err = 46.900000,	Top-5 err = 28.200000,	train_time = 2.264210
TRAIN Iter 274: loss = 0.002551,	Top-1 err = 19.350000,	Top-5 err = 6.450000,	train_time = 2.296365
TRAIN Iter 275: loss = 0.002749,	Top-1 err = 38.650000,	Top-5 err = 22.000000,	train_time = 2.279234
TRAIN Iter 276: loss = 0.002683,	Top-1 err = 30.850000,	Top-5 err = 17.750000,	train_time = 2.244966
TRAIN Iter 277: loss = 0.002681,	Top-1 err = 37.550000,	Top-5 err = 21.100000,	train_time = 2.293265
TRAIN Iter 278: loss = 0.002701,	Top-1 err = 40.600000,	Top-5 err = 27.100000,	train_time = 2.297837
TRAIN Iter 279: loss = 0.002636,	Top-1 err = 29.350000,	Top-5 err = 16.600000,	train_time = 2.266023
TEST:
Iter 279: loss = 2.605061,	Top-1 err = 60.510000,	Top-5 err = 33.540000,	val_time = 2.240096
TRAIN Iter 280: loss = 0.002556,	Top-1 err = 30.800000,	Top-5 err = 18.150000,	train_time = 2.213679
TRAIN Iter 281: loss = 0.002567,	Top-1 err = 32.950000,	Top-5 err = 21.900000,	train_time = 2.297088
TRAIN Iter 282: loss = 0.002530,	Top-1 err = 19.500000,	Top-5 err = 7.800000,	train_time = 2.281224
TRAIN Iter 283: loss = 0.002641,	Top-1 err = 31.900000,	Top-5 err = 18.900000,	train_time = 2.256878
TRAIN Iter 284: loss = 0.002757,	Top-1 err = 33.550000,	Top-5 err = 17.550000,	train_time = 2.265420
TRAIN Iter 285: loss = 0.002672,	Top-1 err = 22.400000,	Top-5 err = 9.000000,	train_time = 2.269867
TRAIN Iter 286: loss = 0.002655,	Top-1 err = 31.650000,	Top-5 err = 14.600000,	train_time = 2.273107
TRAIN Iter 287: loss = 0.002641,	Top-1 err = 27.950000,	Top-5 err = 13.250000,	train_time = 2.234544
TRAIN Iter 288: loss = 0.002533,	Top-1 err = 32.550000,	Top-5 err = 17.550000,	train_time = 2.221372
TRAIN Iter 289: loss = 0.002516,	Top-1 err = 16.600000,	Top-5 err = 6.950000,	train_time = 2.267517
TEST:
Iter 289: loss = 2.681028,	Top-1 err = 61.260000,	Top-5 err = 34.660000,	val_time = 2.173160
TRAIN Iter 290: loss = 0.002671,	Top-1 err = 36.200000,	Top-5 err = 21.450000,	train_time = 2.212037
TRAIN Iter 291: loss = 0.002569,	Top-1 err = 37.800000,	Top-5 err = 22.450000,	train_time = 2.282238
TRAIN Iter 292: loss = 0.002675,	Top-1 err = 42.650000,	Top-5 err = 25.450000,	train_time = 2.272979
TRAIN Iter 293: loss = 0.002548,	Top-1 err = 35.800000,	Top-5 err = 22.050000,	train_time = 2.262773
TRAIN Iter 294: loss = 0.002578,	Top-1 err = 32.150000,	Top-5 err = 17.550000,	train_time = 2.287152
TRAIN Iter 295: loss = 0.002669,	Top-1 err = 36.800000,	Top-5 err = 21.250000,	train_time = 2.271739
TRAIN Iter 296: loss = 0.002574,	Top-1 err = 35.150000,	Top-5 err = 20.850000,	train_time = 2.234879
TRAIN Iter 297: loss = 0.002641,	Top-1 err = 48.900000,	Top-5 err = 33.250000,	train_time = 2.314513
TRAIN Iter 298: loss = 0.002572,	Top-1 err = 32.850000,	Top-5 err = 22.600000,	train_time = 2.261586
TRAIN Iter 299: loss = 0.002538,	Top-1 err = 26.900000,	Top-5 err = 14.000000,	train_time = 2.295744
TEST:
Iter 299: loss = 2.615590,	Top-1 err = 60.530000,	Top-5 err = 33.640000,	val_time = 2.164155
Train Finish! Best accuracy is 39.49@279
