/home/dvspanos/miniconda3/envs/rded/lib/python3.10/site-packages/torchvision/models/_utils.py:208: UserWarning: The parameter 'pretrained' is deprecated since 0.13 and may be removed in the future, please use 'weights' instead.
  warnings.warn(
/home/dvspanos/miniconda3/envs/rded/lib/python3.10/site-packages/torchvision/models/_utils.py:223: UserWarning: Arguments other than a weight enum or `None` for 'weights' are deprecated since 0.13 and may be removed in the future. The current behavior is equivalent to passing `weights=None`.
  warnings.warn(msg)
=> using pytorch pre-trained teacher model 'resnet18_modified'
process data from /home/dvspanos/nikos/ca2d/artifacts/sets/bench_tin_rn18_sharp2d_ipc10
load data successfully
TRAIN Iter 0: loss = 0.020043,	Top-1 err = 99.050000,	Top-5 err = 96.550000,	train_time = 4.577680
TRAIN Iter 1: loss = 0.016581,	Top-1 err = 98.150000,	Top-5 err = 93.550000,	train_time = 2.868951
TRAIN Iter 2: loss = 0.019269,	Top-1 err = 98.050000,	Top-5 err = 90.950000,	train_time = 2.886499
TRAIN Iter 3: loss = 0.015555,	Top-1 err = 97.750000,	Top-5 err = 91.450000,	train_time = 2.853866
TRAIN Iter 4: loss = 0.017186,	Top-1 err = 96.950000,	Top-5 err = 88.500000,	train_time = 2.886060
TRAIN Iter 5: loss = 0.015213,	Top-1 err = 96.550000,	Top-5 err = 87.300000,	train_time = 2.871528
TRAIN Iter 6: loss = 0.016173,	Top-1 err = 95.850000,	Top-5 err = 86.600000,	train_time = 2.857657
TRAIN Iter 7: loss = 0.015711,	Top-1 err = 95.100000,	Top-5 err = 83.750000,	train_time = 2.985657
TRAIN Iter 8: loss = 0.015051,	Top-1 err = 94.150000,	Top-5 err = 83.750000,	train_time = 2.936036
TRAIN Iter 9: loss = 0.015779,	Top-1 err = 93.200000,	Top-5 err = 80.000000,	train_time = 2.891508
TRAIN Iter 10: loss = 0.014405,	Top-1 err = 94.250000,	Top-5 err = 82.400000,	train_time = 2.920393
TRAIN Iter 11: loss = 0.016137,	Top-1 err = 92.350000,	Top-5 err = 76.800000,	train_time = 2.927944
TRAIN Iter 12: loss = 0.016114,	Top-1 err = 92.300000,	Top-5 err = 76.400000,	train_time = 2.945174
TRAIN Iter 13: loss = 0.013814,	Top-1 err = 94.200000,	Top-5 err = 81.900000,	train_time = 2.937070
TRAIN Iter 14: loss = 0.014558,	Top-1 err = 91.600000,	Top-5 err = 77.300000,	train_time = 2.935514
TRAIN Iter 15: loss = 0.012948,	Top-1 err = 93.100000,	Top-5 err = 79.850000,	train_time = 2.976499
TRAIN Iter 16: loss = 0.013005,	Top-1 err = 90.900000,	Top-5 err = 75.450000,	train_time = 3.021042
TRAIN Iter 17: loss = 0.013207,	Top-1 err = 90.800000,	Top-5 err = 73.900000,	train_time = 3.018783
TRAIN Iter 18: loss = 0.013839,	Top-1 err = 90.050000,	Top-5 err = 72.100000,	train_time = 3.005707
TRAIN Iter 19: loss = 0.012504,	Top-1 err = 90.900000,	Top-5 err = 74.350000,	train_time = 2.987826
TRAIN Iter 20: loss = 0.013807,	Top-1 err = 89.900000,	Top-5 err = 72.700000,	train_time = 2.969377
TRAIN Iter 21: loss = 0.012993,	Top-1 err = 87.850000,	Top-5 err = 69.150000,	train_time = 3.072264
TRAIN Iter 22: loss = 0.012201,	Top-1 err = 88.750000,	Top-5 err = 69.400000,	train_time = 3.035894
TRAIN Iter 23: loss = 0.013237,	Top-1 err = 86.950000,	Top-5 err = 65.650000,	train_time = 3.059191
TRAIN Iter 24: loss = 0.012540,	Top-1 err = 86.400000,	Top-5 err = 64.900000,	train_time = 2.982180
TRAIN Iter 25: loss = 0.013140,	Top-1 err = 82.400000,	Top-5 err = 59.000000,	train_time = 3.227443
TRAIN Iter 26: loss = 0.013154,	Top-1 err = 82.900000,	Top-5 err = 62.300000,	train_time = 3.015966
TRAIN Iter 27: loss = 0.013298,	Top-1 err = 85.350000,	Top-5 err = 65.650000,	train_time = 2.922590
TRAIN Iter 28: loss = 0.011448,	Top-1 err = 85.000000,	Top-5 err = 62.750000,	train_time = 2.939655
TRAIN Iter 29: loss = 0.012263,	Top-1 err = 79.900000,	Top-5 err = 57.750000,	train_time = 3.044972
TRAIN Iter 30: loss = 0.011674,	Top-1 err = 82.350000,	Top-5 err = 61.300000,	train_time = 3.004823
TRAIN Iter 31: loss = 0.012922,	Top-1 err = 80.050000,	Top-5 err = 57.000000,	train_time = 3.010610
TRAIN Iter 32: loss = 0.012045,	Top-1 err = 78.950000,	Top-5 err = 54.750000,	train_time = 2.957508
TRAIN Iter 33: loss = 0.012462,	Top-1 err = 75.250000,	Top-5 err = 49.100000,	train_time = 3.016993
TRAIN Iter 34: loss = 0.012101,	Top-1 err = 77.050000,	Top-5 err = 53.950000,	train_time = 3.003609
TRAIN Iter 35: loss = 0.012110,	Top-1 err = 77.250000,	Top-5 err = 52.850000,	train_time = 3.229745
TRAIN Iter 36: loss = 0.010308,	Top-1 err = 79.200000,	Top-5 err = 57.700000,	train_time = 3.295986
TRAIN Iter 37: loss = 0.011732,	Top-1 err = 72.100000,	Top-5 err = 47.200000,	train_time = 3.131844
TRAIN Iter 38: loss = 0.010784,	Top-1 err = 73.150000,	Top-5 err = 45.100000,	train_time = 2.948099
TRAIN Iter 39: loss = 0.010901,	Top-1 err = 76.400000,	Top-5 err = 51.400000,	train_time = 3.033316
TRAIN Iter 40: loss = 0.010287,	Top-1 err = 79.300000,	Top-5 err = 58.750000,	train_time = 3.003823
TRAIN Iter 41: loss = 0.011314,	Top-1 err = 72.350000,	Top-5 err = 47.100000,	train_time = 3.006597
TRAIN Iter 42: loss = 0.009712,	Top-1 err = 79.750000,	Top-5 err = 58.100000,	train_time = 3.022259
TRAIN Iter 43: loss = 0.011017,	Top-1 err = 71.950000,	Top-5 err = 47.700000,	train_time = 3.098679
TRAIN Iter 44: loss = 0.009531,	Top-1 err = 75.000000,	Top-5 err = 50.500000,	train_time = 2.991242
TRAIN Iter 45: loss = 0.010048,	Top-1 err = 71.800000,	Top-5 err = 47.700000,	train_time = 3.024731
TRAIN Iter 46: loss = 0.010468,	Top-1 err = 68.650000,	Top-5 err = 41.350000,	train_time = 2.963897
TRAIN Iter 47: loss = 0.011119,	Top-1 err = 65.700000,	Top-5 err = 39.800000,	train_time = 3.101606
TRAIN Iter 48: loss = 0.009261,	Top-1 err = 72.200000,	Top-5 err = 49.750000,	train_time = 3.307590
TRAIN Iter 49: loss = 0.009551,	Top-1 err = 69.250000,	Top-5 err = 44.750000,	train_time = 3.140230
TRAIN Iter 50: loss = 0.010230,	Top-1 err = 64.750000,	Top-5 err = 37.300000,	train_time = 2.964076
TRAIN Iter 51: loss = 0.009638,	Top-1 err = 70.550000,	Top-5 err = 47.150000,	train_time = 2.999544
TRAIN Iter 52: loss = 0.009721,	Top-1 err = 65.100000,	Top-5 err = 39.900000,	train_time = 3.037875
TRAIN Iter 53: loss = 0.009783,	Top-1 err = 70.900000,	Top-5 err = 47.400000,	train_time = 3.080633
TRAIN Iter 54: loss = 0.008984,	Top-1 err = 70.600000,	Top-5 err = 48.150000,	train_time = 2.993379
TRAIN Iter 55: loss = 0.010167,	Top-1 err = 56.450000,	Top-5 err = 30.100000,	train_time = 3.185930
TRAIN Iter 56: loss = 0.009661,	Top-1 err = 68.850000,	Top-5 err = 46.550000,	train_time = 3.037571
TRAIN Iter 57: loss = 0.009099,	Top-1 err = 61.350000,	Top-5 err = 35.500000,	train_time = 2.924949
TRAIN Iter 58: loss = 0.009428,	Top-1 err = 57.400000,	Top-5 err = 30.900000,	train_time = 2.980567
TRAIN Iter 59: loss = 0.009530,	Top-1 err = 60.150000,	Top-5 err = 36.150000,	train_time = 3.062969
TRAIN Iter 60: loss = 0.008826,	Top-1 err = 59.300000,	Top-5 err = 35.350000,	train_time = 3.189192
TRAIN Iter 61: loss = 0.008696,	Top-1 err = 59.800000,	Top-5 err = 36.350000,	train_time = 2.981732
TRAIN Iter 62: loss = 0.009040,	Top-1 err = 56.300000,	Top-5 err = 30.900000,	train_time = 3.017703
TRAIN Iter 63: loss = 0.008871,	Top-1 err = 49.800000,	Top-5 err = 25.750000,	train_time = 2.984081
TRAIN Iter 64: loss = 0.008178,	Top-1 err = 58.800000,	Top-5 err = 38.800000,	train_time = 2.915134
TRAIN Iter 65: loss = 0.008683,	Top-1 err = 59.350000,	Top-5 err = 38.150000,	train_time = 2.985030
TRAIN Iter 66: loss = 0.008868,	Top-1 err = 59.000000,	Top-5 err = 37.750000,	train_time = 2.973305
TRAIN Iter 67: loss = 0.008656,	Top-1 err = 54.950000,	Top-5 err = 34.250000,	train_time = 2.979016
TRAIN Iter 68: loss = 0.008120,	Top-1 err = 60.550000,	Top-5 err = 39.350000,	train_time = 2.982115
TRAIN Iter 69: loss = 0.008741,	Top-1 err = 51.850000,	Top-5 err = 29.700000,	train_time = 3.222854
TRAIN Iter 70: loss = 0.008419,	Top-1 err = 52.250000,	Top-5 err = 27.300000,	train_time = 3.291169
TRAIN Iter 71: loss = 0.008506,	Top-1 err = 59.850000,	Top-5 err = 39.400000,	train_time = 3.141890
TRAIN Iter 72: loss = 0.008208,	Top-1 err = 53.300000,	Top-5 err = 31.350000,	train_time = 2.941590
TRAIN Iter 73: loss = 0.008125,	Top-1 err = 56.450000,	Top-5 err = 37.900000,	train_time = 2.937278
TRAIN Iter 74: loss = 0.007639,	Top-1 err = 51.100000,	Top-5 err = 28.950000,	train_time = 3.027404
TRAIN Iter 75: loss = 0.007957,	Top-1 err = 56.900000,	Top-5 err = 37.250000,	train_time = 3.152758
TRAIN Iter 76: loss = 0.007357,	Top-1 err = 52.100000,	Top-5 err = 28.600000,	train_time = 3.026841
TRAIN Iter 77: loss = 0.008071,	Top-1 err = 44.200000,	Top-5 err = 22.500000,	train_time = 2.968217
TRAIN Iter 78: loss = 0.007725,	Top-1 err = 44.500000,	Top-5 err = 24.000000,	train_time = 2.963526
TRAIN Iter 79: loss = 0.007899,	Top-1 err = 47.200000,	Top-5 err = 26.550000,	train_time = 3.133671
TRAIN Iter 80: loss = 0.007646,	Top-1 err = 57.750000,	Top-5 err = 36.650000,	train_time = 3.017362
TRAIN Iter 81: loss = 0.007564,	Top-1 err = 49.350000,	Top-5 err = 28.350000,	train_time = 3.113944
TRAIN Iter 82: loss = 0.007622,	Top-1 err = 42.500000,	Top-5 err = 20.700000,	train_time = 3.088321
TRAIN Iter 83: loss = 0.007491,	Top-1 err = 43.450000,	Top-5 err = 23.900000,	train_time = 2.987455
TRAIN Iter 84: loss = 0.007625,	Top-1 err = 45.950000,	Top-5 err = 28.000000,	train_time = 2.987322
TRAIN Iter 85: loss = 0.007199,	Top-1 err = 44.500000,	Top-5 err = 23.950000,	train_time = 3.030494
TRAIN Iter 86: loss = 0.007102,	Top-1 err = 50.300000,	Top-5 err = 29.050000,	train_time = 2.955201
TRAIN Iter 87: loss = 0.007493,	Top-1 err = 52.700000,	Top-5 err = 35.050000,	train_time = 3.013703
TRAIN Iter 88: loss = 0.007047,	Top-1 err = 43.050000,	Top-5 err = 23.450000,	train_time = 2.981997
TRAIN Iter 89: loss = 0.006927,	Top-1 err = 47.250000,	Top-5 err = 25.850000,	train_time = 3.171743
TRAIN Iter 90: loss = 0.007195,	Top-1 err = 52.950000,	Top-5 err = 37.100000,	train_time = 3.052752
TRAIN Iter 91: loss = 0.007017,	Top-1 err = 39.950000,	Top-5 err = 22.050000,	train_time = 2.976697
TRAIN Iter 92: loss = 0.006821,	Top-1 err = 48.800000,	Top-5 err = 29.100000,	train_time = 2.977465
TRAIN Iter 93: loss = 0.006905,	Top-1 err = 47.250000,	Top-5 err = 29.550000,	train_time = 3.002437
TRAIN Iter 94: loss = 0.006772,	Top-1 err = 42.650000,	Top-5 err = 25.500000,	train_time = 3.151175
TRAIN Iter 95: loss = 0.006772,	Top-1 err = 41.000000,	Top-5 err = 24.700000,	train_time = 3.020713
TRAIN Iter 96: loss = 0.006699,	Top-1 err = 37.900000,	Top-5 err = 17.850000,	train_time = 2.982665
TRAIN Iter 97: loss = 0.006530,	Top-1 err = 48.150000,	Top-5 err = 29.100000,	train_time = 3.022509
TRAIN Iter 98: loss = 0.006631,	Top-1 err = 36.550000,	Top-5 err = 18.750000,	train_time = 2.987038
TRAIN Iter 99: loss = 0.006271,	Top-1 err = 47.300000,	Top-5 err = 30.550000,	train_time = 3.067428
TRAIN Iter 100: loss = 0.006665,	Top-1 err = 58.250000,	Top-5 err = 41.500000,	train_time = 3.133717
TRAIN Iter 101: loss = 0.006509,	Top-1 err = 35.100000,	Top-5 err = 16.700000,	train_time = 2.930526
TRAIN Iter 102: loss = 0.006386,	Top-1 err = 45.050000,	Top-5 err = 26.950000,	train_time = 2.971272
TRAIN Iter 103: loss = 0.006512,	Top-1 err = 33.500000,	Top-5 err = 17.300000,	train_time = 3.060488
TRAIN Iter 104: loss = 0.006418,	Top-1 err = 56.550000,	Top-5 err = 41.150000,	train_time = 3.028575
TRAIN Iter 105: loss = 0.006509,	Top-1 err = 52.650000,	Top-5 err = 33.900000,	train_time = 2.986592
TRAIN Iter 106: loss = 0.006373,	Top-1 err = 51.800000,	Top-5 err = 35.250000,	train_time = 3.022837
TRAIN Iter 107: loss = 0.006463,	Top-1 err = 41.250000,	Top-5 err = 28.350000,	train_time = 2.967479
TRAIN Iter 108: loss = 0.006099,	Top-1 err = 41.500000,	Top-5 err = 24.700000,	train_time = 3.027108
TRAIN Iter 109: loss = 0.006127,	Top-1 err = 37.700000,	Top-5 err = 21.350000,	train_time = 3.028751
TRAIN Iter 110: loss = 0.006339,	Top-1 err = 31.850000,	Top-5 err = 17.350000,	train_time = 2.986506
TRAIN Iter 111: loss = 0.006059,	Top-1 err = 29.200000,	Top-5 err = 16.900000,	train_time = 3.169718
TRAIN Iter 112: loss = 0.006157,	Top-1 err = 39.150000,	Top-5 err = 23.150000,	train_time = 3.034014
TRAIN Iter 113: loss = 0.005856,	Top-1 err = 45.550000,	Top-5 err = 28.450000,	train_time = 2.964694
TRAIN Iter 114: loss = 0.006091,	Top-1 err = 39.100000,	Top-5 err = 23.900000,	train_time = 3.030485
TRAIN Iter 115: loss = 0.005916,	Top-1 err = 34.400000,	Top-5 err = 20.100000,	train_time = 2.995749
TRAIN Iter 116: loss = 0.005905,	Top-1 err = 44.700000,	Top-5 err = 23.850000,	train_time = 3.202419
TRAIN Iter 117: loss = 0.005999,	Top-1 err = 36.650000,	Top-5 err = 21.900000,	train_time = 3.231588
TRAIN Iter 118: loss = 0.005887,	Top-1 err = 42.500000,	Top-5 err = 22.500000,	train_time = 3.199656
TRAIN Iter 119: loss = 0.005837,	Top-1 err = 23.050000,	Top-5 err = 8.300000,	train_time = 2.991517
TRAIN Iter 120: loss = 0.005778,	Top-1 err = 46.400000,	Top-5 err = 31.450000,	train_time = 3.066850
TRAIN Iter 121: loss = 0.005857,	Top-1 err = 36.300000,	Top-5 err = 20.150000,	train_time = 3.182724
TRAIN Iter 122: loss = 0.005884,	Top-1 err = 40.250000,	Top-5 err = 21.000000,	train_time = 2.968603
TRAIN Iter 123: loss = 0.005664,	Top-1 err = 28.000000,	Top-5 err = 14.250000,	train_time = 3.139174
TRAIN Iter 124: loss = 0.005475,	Top-1 err = 43.000000,	Top-5 err = 24.750000,	train_time = 3.055174
TRAIN Iter 125: loss = 0.005636,	Top-1 err = 40.050000,	Top-5 err = 23.900000,	train_time = 2.945454
TRAIN Iter 126: loss = 0.005611,	Top-1 err = 37.650000,	Top-5 err = 18.550000,	train_time = 2.932073
TRAIN Iter 127: loss = 0.005471,	Top-1 err = 36.800000,	Top-5 err = 23.500000,	train_time = 2.995869
TRAIN Iter 128: loss = 0.005584,	Top-1 err = 39.100000,	Top-5 err = 21.950000,	train_time = 3.160407
TRAIN Iter 129: loss = 0.005443,	Top-1 err = 35.700000,	Top-5 err = 19.050000,	train_time = 3.131981
TRAIN Iter 130: loss = 0.005457,	Top-1 err = 48.450000,	Top-5 err = 33.000000,	train_time = 2.958595
TRAIN Iter 131: loss = 0.005541,	Top-1 err = 32.300000,	Top-5 err = 21.000000,	train_time = 3.179456
TRAIN Iter 132: loss = 0.005427,	Top-1 err = 30.450000,	Top-5 err = 14.050000,	train_time = 3.048609
TRAIN Iter 133: loss = 0.005410,	Top-1 err = 22.200000,	Top-5 err = 8.600000,	train_time = 2.942914
TRAIN Iter 134: loss = 0.005298,	Top-1 err = 38.300000,	Top-5 err = 20.950000,	train_time = 3.144054
TRAIN Iter 135: loss = 0.005280,	Top-1 err = 30.850000,	Top-5 err = 15.850000,	train_time = 3.237211
TRAIN Iter 136: loss = 0.005233,	Top-1 err = 38.900000,	Top-5 err = 20.900000,	train_time = 2.992711
TRAIN Iter 137: loss = 0.005172,	Top-1 err = 46.400000,	Top-5 err = 30.850000,	train_time = 2.996832
TRAIN Iter 138: loss = 0.005304,	Top-1 err = 39.500000,	Top-5 err = 21.200000,	train_time = 2.973426
TRAIN Iter 139: loss = 0.005290,	Top-1 err = 32.450000,	Top-5 err = 15.800000,	train_time = 3.032351
TRAIN Iter 140: loss = 0.005519,	Top-1 err = 25.200000,	Top-5 err = 12.950000,	train_time = 2.991683
TRAIN Iter 141: loss = 0.005157,	Top-1 err = 37.000000,	Top-5 err = 24.800000,	train_time = 3.133066
TRAIN Iter 142: loss = 0.005388,	Top-1 err = 38.600000,	Top-5 err = 22.400000,	train_time = 3.003048
TRAIN Iter 143: loss = 0.005291,	Top-1 err = 41.800000,	Top-5 err = 26.700000,	train_time = 2.975950
TRAIN Iter 144: loss = 0.005155,	Top-1 err = 27.550000,	Top-5 err = 16.950000,	train_time = 2.993757
TRAIN Iter 145: loss = 0.005124,	Top-1 err = 18.350000,	Top-5 err = 8.250000,	train_time = 3.348003
TRAIN Iter 146: loss = 0.005117,	Top-1 err = 27.500000,	Top-5 err = 14.450000,	train_time = 3.057744
TRAIN Iter 147: loss = 0.004959,	Top-1 err = 28.650000,	Top-5 err = 12.800000,	train_time = 3.009078
TRAIN Iter 148: loss = 0.005060,	Top-1 err = 27.250000,	Top-5 err = 13.300000,	train_time = 2.992362
TRAIN Iter 149: loss = 0.005030,	Top-1 err = 23.250000,	Top-5 err = 12.700000,	train_time = 3.008648
TRAIN Iter 150: loss = 0.004992,	Top-1 err = 31.800000,	Top-5 err = 17.950000,	train_time = 2.970096
TRAIN Iter 151: loss = 0.005028,	Top-1 err = 31.400000,	Top-5 err = 16.250000,	train_time = 2.981781
TRAIN Iter 152: loss = 0.005132,	Top-1 err = 41.300000,	Top-5 err = 27.550000,	train_time = 2.998877
TRAIN Iter 153: loss = 0.005043,	Top-1 err = 42.900000,	Top-5 err = 27.350000,	train_time = 2.993192
TRAIN Iter 154: loss = 0.005022,	Top-1 err = 45.150000,	Top-5 err = 27.800000,	train_time = 3.208318
TRAIN Iter 155: loss = 0.005178,	Top-1 err = 38.000000,	Top-5 err = 26.500000,	train_time = 3.166627
TRAIN Iter 156: loss = 0.004890,	Top-1 err = 25.000000,	Top-5 err = 13.200000,	train_time = 3.043184
TRAIN Iter 157: loss = 0.004788,	Top-1 err = 23.100000,	Top-5 err = 9.750000,	train_time = 2.959298
TRAIN Iter 158: loss = 0.004754,	Top-1 err = 30.850000,	Top-5 err = 18.550000,	train_time = 2.962043
TRAIN Iter 159: loss = 0.004856,	Top-1 err = 31.650000,	Top-5 err = 16.200000,	train_time = 2.992262
TRAIN Iter 160: loss = 0.004742,	Top-1 err = 23.350000,	Top-5 err = 10.550000,	train_time = 2.989772
TRAIN Iter 161: loss = 0.004892,	Top-1 err = 41.200000,	Top-5 err = 23.400000,	train_time = 3.044662
TRAIN Iter 162: loss = 0.004739,	Top-1 err = 28.700000,	Top-5 err = 16.800000,	train_time = 3.218361
TRAIN Iter 163: loss = 0.004737,	Top-1 err = 31.750000,	Top-5 err = 20.750000,	train_time = 2.995797
TRAIN Iter 164: loss = 0.004829,	Top-1 err = 18.950000,	Top-5 err = 6.900000,	train_time = 3.276336
TRAIN Iter 165: loss = 0.004836,	Top-1 err = 25.650000,	Top-5 err = 14.200000,	train_time = 3.130694
TRAIN Iter 166: loss = 0.004871,	Top-1 err = 42.650000,	Top-5 err = 26.300000,	train_time = 2.981837
TRAIN Iter 167: loss = 0.004679,	Top-1 err = 33.050000,	Top-5 err = 18.800000,	train_time = 3.035964
TRAIN Iter 168: loss = 0.004745,	Top-1 err = 42.700000,	Top-5 err = 31.200000,	train_time = 3.111160
TRAIN Iter 169: loss = 0.004967,	Top-1 err = 49.600000,	Top-5 err = 31.250000,	train_time = 2.990877
TRAIN Iter 170: loss = 0.004722,	Top-1 err = 37.250000,	Top-5 err = 22.650000,	train_time = 3.164441
TRAIN Iter 171: loss = 0.004673,	Top-1 err = 44.500000,	Top-5 err = 25.700000,	train_time = 3.188763
TRAIN Iter 172: loss = 0.004701,	Top-1 err = 38.850000,	Top-5 err = 28.100000,	train_time = 3.066357
TRAIN Iter 173: loss = 0.004650,	Top-1 err = 37.600000,	Top-5 err = 23.700000,	train_time = 3.090637
TRAIN Iter 174: loss = 0.004753,	Top-1 err = 49.100000,	Top-5 err = 26.600000,	train_time = 3.089193
TRAIN Iter 175: loss = 0.004695,	Top-1 err = 34.150000,	Top-5 err = 21.450000,	train_time = 2.985535
TRAIN Iter 176: loss = 0.004660,	Top-1 err = 28.550000,	Top-5 err = 12.150000,	train_time = 3.281909
TRAIN Iter 177: loss = 0.004520,	Top-1 err = 25.150000,	Top-5 err = 11.250000,	train_time = 3.073282
TRAIN Iter 178: loss = 0.004519,	Top-1 err = 36.650000,	Top-5 err = 22.950000,	train_time = 2.949364
TRAIN Iter 179: loss = 0.004565,	Top-1 err = 34.300000,	Top-5 err = 21.600000,	train_time = 3.029942
TRAIN Iter 180: loss = 0.004637,	Top-1 err = 34.700000,	Top-5 err = 20.600000,	train_time = 2.954602
TRAIN Iter 181: loss = 0.004496,	Top-1 err = 23.250000,	Top-5 err = 13.350000,	train_time = 3.004884
TRAIN Iter 182: loss = 0.004306,	Top-1 err = 25.800000,	Top-5 err = 20.400000,	train_time = 3.012073
TRAIN Iter 183: loss = 0.004664,	Top-1 err = 22.050000,	Top-5 err = 11.900000,	train_time = 2.974576
TRAIN Iter 184: loss = 0.004485,	Top-1 err = 38.900000,	Top-5 err = 22.550000,	train_time = 3.055746
TRAIN Iter 185: loss = 0.004580,	Top-1 err = 23.400000,	Top-5 err = 13.450000,	train_time = 3.021690
TRAIN Iter 186: loss = 0.004546,	Top-1 err = 43.050000,	Top-5 err = 22.800000,	train_time = 3.303459
TRAIN Iter 187: loss = 0.004473,	Top-1 err = 26.000000,	Top-5 err = 16.450000,	train_time = 3.191746
TRAIN Iter 188: loss = 0.004483,	Top-1 err = 29.750000,	Top-5 err = 15.200000,	train_time = 2.957007
TRAIN Iter 189: loss = 0.004595,	Top-1 err = 36.100000,	Top-5 err = 19.500000,	train_time = 3.000890
TRAIN Iter 190: loss = 0.004362,	Top-1 err = 35.100000,	Top-5 err = 21.850000,	train_time = 3.121430
TRAIN Iter 191: loss = 0.004444,	Top-1 err = 39.900000,	Top-5 err = 25.200000,	train_time = 3.296765
TRAIN Iter 192: loss = 0.004513,	Top-1 err = 42.900000,	Top-5 err = 25.200000,	train_time = 3.114819
TRAIN Iter 193: loss = 0.004425,	Top-1 err = 39.400000,	Top-5 err = 27.200000,	train_time = 3.009857
TRAIN Iter 194: loss = 0.004364,	Top-1 err = 36.000000,	Top-5 err = 19.850000,	train_time = 2.969209
TRAIN Iter 195: loss = 0.004351,	Top-1 err = 43.950000,	Top-5 err = 28.700000,	train_time = 3.036589
TRAIN Iter 196: loss = 0.004412,	Top-1 err = 24.000000,	Top-5 err = 12.150000,	train_time = 3.084317
TRAIN Iter 197: loss = 0.004473,	Top-1 err = 37.250000,	Top-5 err = 23.550000,	train_time = 3.005743
TRAIN Iter 198: loss = 0.004381,	Top-1 err = 29.150000,	Top-5 err = 15.050000,	train_time = 2.980053
TRAIN Iter 199: loss = 0.004308,	Top-1 err = 22.150000,	Top-5 err = 16.300000,	train_time = 3.337100
TRAIN Iter 200: loss = 0.004351,	Top-1 err = 19.200000,	Top-5 err = 8.050000,	train_time = 3.140366
TRAIN Iter 201: loss = 0.004407,	Top-1 err = 26.200000,	Top-5 err = 12.400000,	train_time = 3.025079
TRAIN Iter 202: loss = 0.004340,	Top-1 err = 34.450000,	Top-5 err = 19.900000,	train_time = 2.978129
TRAIN Iter 203: loss = 0.004361,	Top-1 err = 45.900000,	Top-5 err = 29.800000,	train_time = 2.966263
TRAIN Iter 204: loss = 0.004445,	Top-1 err = 32.800000,	Top-5 err = 17.700000,	train_time = 3.000963
TRAIN Iter 205: loss = 0.004428,	Top-1 err = 39.800000,	Top-5 err = 22.950000,	train_time = 3.214529
TRAIN Iter 206: loss = 0.004320,	Top-1 err = 40.650000,	Top-5 err = 26.250000,	train_time = 3.142332
TRAIN Iter 207: loss = 0.004278,	Top-1 err = 43.650000,	Top-5 err = 24.350000,	train_time = 2.986032
TRAIN Iter 208: loss = 0.004321,	Top-1 err = 38.650000,	Top-5 err = 24.400000,	train_time = 3.142354
TRAIN Iter 209: loss = 0.004336,	Top-1 err = 27.050000,	Top-5 err = 14.650000,	train_time = 3.022709
TRAIN Iter 210: loss = 0.004227,	Top-1 err = 24.450000,	Top-5 err = 13.850000,	train_time = 2.955660
TRAIN Iter 211: loss = 0.004042,	Top-1 err = 17.000000,	Top-5 err = 10.650000,	train_time = 3.019684
TRAIN Iter 212: loss = 0.004128,	Top-1 err = 34.350000,	Top-5 err = 22.250000,	train_time = 3.107989
TRAIN Iter 213: loss = 0.004095,	Top-1 err = 29.700000,	Top-5 err = 18.200000,	train_time = 3.287715
TRAIN Iter 214: loss = 0.004271,	Top-1 err = 21.400000,	Top-5 err = 10.900000,	train_time = 3.147287
TRAIN Iter 215: loss = 0.004244,	Top-1 err = 38.200000,	Top-5 err = 23.350000,	train_time = 3.035877
TRAIN Iter 216: loss = 0.004083,	Top-1 err = 36.750000,	Top-5 err = 24.400000,	train_time = 3.233274
TRAIN Iter 217: loss = 0.004158,	Top-1 err = 42.450000,	Top-5 err = 27.850000,	train_time = 3.106786
TRAIN Iter 218: loss = 0.004178,	Top-1 err = 27.200000,	Top-5 err = 16.350000,	train_time = 3.077161
TRAIN Iter 219: loss = 0.004125,	Top-1 err = 36.450000,	Top-5 err = 22.300000,	train_time = 2.973232
TRAIN Iter 220: loss = 0.004165,	Top-1 err = 34.450000,	Top-5 err = 19.850000,	train_time = 3.261896
TRAIN Iter 221: loss = 0.004208,	Top-1 err = 40.250000,	Top-5 err = 24.800000,	train_time = 3.148473
TRAIN Iter 222: loss = 0.004214,	Top-1 err = 31.950000,	Top-5 err = 20.350000,	train_time = 3.035109
TRAIN Iter 223: loss = 0.004136,	Top-1 err = 37.100000,	Top-5 err = 24.650000,	train_time = 3.077617
TRAIN Iter 224: loss = 0.004086,	Top-1 err = 17.700000,	Top-5 err = 8.650000,	train_time = 3.108544
TRAIN Iter 225: loss = 0.004114,	Top-1 err = 37.250000,	Top-5 err = 20.500000,	train_time = 2.974803
TRAIN Iter 226: loss = 0.004171,	Top-1 err = 31.300000,	Top-5 err = 20.950000,	train_time = 3.084022
TRAIN Iter 227: loss = 0.004205,	Top-1 err = 44.600000,	Top-5 err = 29.350000,	train_time = 2.978871
TRAIN Iter 228: loss = 0.004097,	Top-1 err = 32.500000,	Top-5 err = 19.450000,	train_time = 3.039984
TRAIN Iter 229: loss = 0.004131,	Top-1 err = 46.000000,	Top-5 err = 28.200000,	train_time = 3.032785
TRAIN Iter 230: loss = 0.004047,	Top-1 err = 38.600000,	Top-5 err = 23.500000,	train_time = 3.004774
TRAIN Iter 231: loss = 0.004079,	Top-1 err = 26.150000,	Top-5 err = 13.750000,	train_time = 3.033978
TRAIN Iter 232: loss = 0.004086,	Top-1 err = 36.250000,	Top-5 err = 23.150000,	train_time = 3.051408
TRAIN Iter 233: loss = 0.004021,	Top-1 err = 34.150000,	Top-5 err = 22.500000,	train_time = 3.078205
TRAIN Iter 234: loss = 0.004089,	Top-1 err = 39.200000,	Top-5 err = 23.450000,	train_time = 3.003088
TRAIN Iter 235: loss = 0.004065,	Top-1 err = 38.300000,	Top-5 err = 23.400000,	train_time = 2.963386
TRAIN Iter 236: loss = 0.003988,	Top-1 err = 37.300000,	Top-5 err = 22.700000,	train_time = 3.270325
TRAIN Iter 237: loss = 0.004098,	Top-1 err = 27.600000,	Top-5 err = 14.100000,	train_time = 3.201998
TRAIN Iter 238: loss = 0.003909,	Top-1 err = 33.850000,	Top-5 err = 20.850000,	train_time = 3.065276
TRAIN Iter 239: loss = 0.003978,	Top-1 err = 43.750000,	Top-5 err = 27.800000,	train_time = 2.965106
TRAIN Iter 240: loss = 0.003935,	Top-1 err = 32.750000,	Top-5 err = 19.200000,	train_time = 3.010007
TRAIN Iter 241: loss = 0.003893,	Top-1 err = 26.150000,	Top-5 err = 13.300000,	train_time = 3.012031
TRAIN Iter 242: loss = 0.003782,	Top-1 err = 17.550000,	Top-5 err = 6.800000,	train_time = 3.386470
TRAIN Iter 243: loss = 0.004000,	Top-1 err = 29.400000,	Top-5 err = 20.500000,	train_time = 3.135237
TRAIN Iter 244: loss = 0.003847,	Top-1 err = 22.750000,	Top-5 err = 12.300000,	train_time = 2.947666
TRAIN Iter 245: loss = 0.004009,	Top-1 err = 46.750000,	Top-5 err = 30.400000,	train_time = 3.004404
TRAIN Iter 246: loss = 0.004026,	Top-1 err = 35.500000,	Top-5 err = 21.050000,	train_time = 3.322957
TRAIN Iter 247: loss = 0.003900,	Top-1 err = 31.450000,	Top-5 err = 19.200000,	train_time = 3.056893
TRAIN Iter 248: loss = 0.003932,	Top-1 err = 32.250000,	Top-5 err = 18.350000,	train_time = 3.006064
TRAIN Iter 249: loss = 0.003764,	Top-1 err = 15.550000,	Top-5 err = 8.050000,	train_time = 3.017591
TEST:
Iter 249: loss = 2.682001,	Top-1 err = 58.250000,	Top-5 err = 31.920000,	val_time = 3.186577
TRAIN Iter 250: loss = 0.004066,	Top-1 err = 29.200000,	Top-5 err = 15.100000,	train_time = 3.136728
TRAIN Iter 251: loss = 0.003946,	Top-1 err = 33.000000,	Top-5 err = 17.600000,	train_time = 3.001491
TRAIN Iter 252: loss = 0.003962,	Top-1 err = 33.400000,	Top-5 err = 19.350000,	train_time = 3.112435
TRAIN Iter 253: loss = 0.004056,	Top-1 err = 30.850000,	Top-5 err = 14.650000,	train_time = 3.383311
TRAIN Iter 254: loss = 0.003964,	Top-1 err = 38.050000,	Top-5 err = 22.450000,	train_time = 2.993010
TRAIN Iter 255: loss = 0.003845,	Top-1 err = 33.750000,	Top-5 err = 19.500000,	train_time = 2.941608
TRAIN Iter 256: loss = 0.003992,	Top-1 err = 42.100000,	Top-5 err = 22.850000,	train_time = 3.006112
TRAIN Iter 257: loss = 0.003844,	Top-1 err = 28.250000,	Top-5 err = 14.700000,	train_time = 2.957922
TRAIN Iter 258: loss = 0.003826,	Top-1 err = 17.750000,	Top-5 err = 7.950000,	train_time = 3.104483
TRAIN Iter 259: loss = 0.003924,	Top-1 err = 44.000000,	Top-5 err = 27.250000,	train_time = 3.156832
TEST:
Iter 259: loss = 2.701486,	Top-1 err = 58.110000,	Top-5 err = 31.840000,	val_time = 2.904776
TRAIN Iter 260: loss = 0.003792,	Top-1 err = 30.950000,	Top-5 err = 17.550000,	train_time = 3.117576
TRAIN Iter 261: loss = 0.003883,	Top-1 err = 41.150000,	Top-5 err = 24.800000,	train_time = 3.376548
TRAIN Iter 262: loss = 0.003863,	Top-1 err = 33.650000,	Top-5 err = 20.750000,	train_time = 3.089807
TRAIN Iter 263: loss = 0.003756,	Top-1 err = 32.200000,	Top-5 err = 19.150000,	train_time = 2.936234
TRAIN Iter 264: loss = 0.003782,	Top-1 err = 31.400000,	Top-5 err = 16.350000,	train_time = 2.996125
TRAIN Iter 265: loss = 0.003954,	Top-1 err = 36.500000,	Top-5 err = 22.600000,	train_time = 3.022322
TRAIN Iter 266: loss = 0.003851,	Top-1 err = 34.150000,	Top-5 err = 22.600000,	train_time = 3.171627
TRAIN Iter 267: loss = 0.003740,	Top-1 err = 43.600000,	Top-5 err = 28.050000,	train_time = 2.986197
TRAIN Iter 268: loss = 0.003873,	Top-1 err = 26.350000,	Top-5 err = 15.050000,	train_time = 3.331940
TRAIN Iter 269: loss = 0.003828,	Top-1 err = 37.600000,	Top-5 err = 22.350000,	train_time = 3.073912
TEST:
Iter 269: loss = 2.673215,	Top-1 err = 57.710000,	Top-5 err = 31.530000,	val_time = 2.841584
TRAIN Iter 270: loss = 0.003804,	Top-1 err = 31.150000,	Top-5 err = 16.450000,	train_time = 3.082315
TRAIN Iter 271: loss = 0.003773,	Top-1 err = 32.800000,	Top-5 err = 18.750000,	train_time = 3.074136
TRAIN Iter 272: loss = 0.003676,	Top-1 err = 25.350000,	Top-5 err = 15.650000,	train_time = 3.054714
TRAIN Iter 273: loss = 0.003852,	Top-1 err = 33.500000,	Top-5 err = 18.950000,	train_time = 2.985351
TRAIN Iter 274: loss = 0.003886,	Top-1 err = 48.750000,	Top-5 err = 29.250000,	train_time = 3.166602
TRAIN Iter 275: loss = 0.003645,	Top-1 err = 27.100000,	Top-5 err = 15.900000,	train_time = 3.116265
TRAIN Iter 276: loss = 0.003682,	Top-1 err = 23.650000,	Top-5 err = 10.100000,	train_time = 3.033835
TRAIN Iter 277: loss = 0.003707,	Top-1 err = 34.150000,	Top-5 err = 22.350000,	train_time = 3.130247
TRAIN Iter 278: loss = 0.003617,	Top-1 err = 20.800000,	Top-5 err = 8.900000,	train_time = 2.988687
TRAIN Iter 279: loss = 0.003799,	Top-1 err = 31.500000,	Top-5 err = 20.850000,	train_time = 2.947490
TEST:
Iter 279: loss = 2.628190,	Top-1 err = 57.240000,	Top-5 err = 31.250000,	val_time = 2.864841
TRAIN Iter 280: loss = 0.003696,	Top-1 err = 34.850000,	Top-5 err = 22.900000,	train_time = 3.031163
TRAIN Iter 281: loss = 0.003882,	Top-1 err = 50.750000,	Top-5 err = 31.200000,	train_time = 3.073425
TRAIN Iter 282: loss = 0.003760,	Top-1 err = 30.400000,	Top-5 err = 18.650000,	train_time = 3.060692
TRAIN Iter 283: loss = 0.003725,	Top-1 err = 33.550000,	Top-5 err = 18.150000,	train_time = 3.099358
TRAIN Iter 284: loss = 0.003471,	Top-1 err = 18.850000,	Top-5 err = 10.850000,	train_time = 2.977456
TRAIN Iter 285: loss = 0.003571,	Top-1 err = 31.300000,	Top-5 err = 18.850000,	train_time = 3.446529
TRAIN Iter 286: loss = 0.003665,	Top-1 err = 28.700000,	Top-5 err = 13.650000,	train_time = 3.193642
TRAIN Iter 287: loss = 0.003518,	Top-1 err = 18.950000,	Top-5 err = 9.450000,	train_time = 2.939209
TRAIN Iter 288: loss = 0.003466,	Top-1 err = 16.950000,	Top-5 err = 7.850000,	train_time = 3.091993
TRAIN Iter 289: loss = 0.003795,	Top-1 err = 40.100000,	Top-5 err = 24.050000,	train_time = 3.020184
TEST:
Iter 289: loss = 2.611641,	Top-1 err = 56.460000,	Top-5 err = 30.390000,	val_time = 2.881503
TRAIN Iter 290: loss = 0.003545,	Top-1 err = 25.150000,	Top-5 err = 13.800000,	train_time = 3.044595
TRAIN Iter 291: loss = 0.003348,	Top-1 err = 20.450000,	Top-5 err = 10.200000,	train_time = 3.342674
TRAIN Iter 292: loss = 0.003490,	Top-1 err = 31.250000,	Top-5 err = 17.750000,	train_time = 3.194088
TRAIN Iter 293: loss = 0.003370,	Top-1 err = 15.300000,	Top-5 err = 7.100000,	train_time = 2.958977
TRAIN Iter 294: loss = 0.003644,	Top-1 err = 32.650000,	Top-5 err = 19.200000,	train_time = 3.225905
TRAIN Iter 295: loss = 0.003690,	Top-1 err = 34.800000,	Top-5 err = 20.950000,	train_time = 3.302291
TRAIN Iter 296: loss = 0.003523,	Top-1 err = 21.200000,	Top-5 err = 11.650000,	train_time = 3.043813
TRAIN Iter 297: loss = 0.003607,	Top-1 err = 25.050000,	Top-5 err = 13.250000,	train_time = 2.949086
TRAIN Iter 298: loss = 0.003722,	Top-1 err = 35.250000,	Top-5 err = 22.100000,	train_time = 3.032497
TRAIN Iter 299: loss = 0.003527,	Top-1 err = 22.300000,	Top-5 err = 9.550000,	train_time = 3.235124
TEST:
Iter 299: loss = 2.554121,	Top-1 err = 56.760000,	Top-5 err = 30.020000,	val_time = 3.163406
Train Finish! Best accuracy is 43.54@289
