/home/dvspanos/miniconda3/envs/rded/lib/python3.10/site-packages/torchvision/models/_utils.py:208: UserWarning: The parameter 'pretrained' is deprecated since 0.13 and may be removed in the future, please use 'weights' instead.
  warnings.warn(
/home/dvspanos/miniconda3/envs/rded/lib/python3.10/site-packages/torchvision/models/_utils.py:223: UserWarning: Arguments other than a weight enum or `None` for 'weights' are deprecated since 0.13 and may be removed in the future. The current behavior is equivalent to passing `weights=None`.
  warnings.warn(msg)
=> using pytorch pre-trained teacher model 'resnet18_modified'
process data from /home/dvspanos/nikos/ca2d/artifacts/sets/bench_tin_rn18_rded_ipc50
load data successfully
TRAIN Iter 0: loss = 0.016101,	Top-1 err = 98.100000,	Top-5 err = 92.500000,	train_time = 15.459282
TRAIN Iter 1: loss = 0.015084,	Top-1 err = 95.670000,	Top-5 err = 85.740000,	train_time = 14.126487
TRAIN Iter 2: loss = 0.013291,	Top-1 err = 94.530000,	Top-5 err = 81.730000,	train_time = 14.665758
TRAIN Iter 3: loss = 0.013106,	Top-1 err = 92.650000,	Top-5 err = 77.430000,	train_time = 14.665830
TRAIN Iter 4: loss = 0.012765,	Top-1 err = 90.330000,	Top-5 err = 72.860000,	train_time = 16.182354
TRAIN Iter 5: loss = 0.011725,	Top-1 err = 89.310000,	Top-5 err = 72.280000,	train_time = 14.713712
TRAIN Iter 6: loss = 0.011561,	Top-1 err = 86.620000,	Top-5 err = 67.390000,	train_time = 15.050815
TRAIN Iter 7: loss = 0.010766,	Top-1 err = 85.860000,	Top-5 err = 66.450000,	train_time = 15.048631
TRAIN Iter 8: loss = 0.011136,	Top-1 err = 83.470000,	Top-5 err = 63.220000,	train_time = 15.941012
TRAIN Iter 9: loss = 0.010764,	Top-1 err = 80.040000,	Top-5 err = 58.400000,	train_time = 15.566518
TRAIN Iter 10: loss = 0.010135,	Top-1 err = 79.820000,	Top-5 err = 56.950000,	train_time = 14.946976
TRAIN Iter 11: loss = 0.009812,	Top-1 err = 79.990000,	Top-5 err = 58.630000,	train_time = 15.257063
TRAIN Iter 12: loss = 0.009570,	Top-1 err = 75.760000,	Top-5 err = 53.690000,	train_time = 15.264761
TRAIN Iter 13: loss = 0.009515,	Top-1 err = 75.590000,	Top-5 err = 53.910000,	train_time = 14.930525
TRAIN Iter 14: loss = 0.009036,	Top-1 err = 72.210000,	Top-5 err = 48.810000,	train_time = 15.485991
TRAIN Iter 15: loss = 0.009037,	Top-1 err = 69.390000,	Top-5 err = 45.330000,	train_time = 15.295081
TRAIN Iter 16: loss = 0.008509,	Top-1 err = 68.660000,	Top-5 err = 46.380000,	train_time = 14.853172
TRAIN Iter 17: loss = 0.008409,	Top-1 err = 69.110000,	Top-5 err = 47.380000,	train_time = 16.208516
TRAIN Iter 18: loss = 0.007944,	Top-1 err = 70.890000,	Top-5 err = 49.970000,	train_time = 15.550208
TRAIN Iter 19: loss = 0.008349,	Top-1 err = 64.230000,	Top-5 err = 41.960000,	train_time = 14.862695
TRAIN Iter 20: loss = 0.007704,	Top-1 err = 67.700000,	Top-5 err = 45.520000,	train_time = 16.111357
TRAIN Iter 21: loss = 0.007634,	Top-1 err = 62.840000,	Top-5 err = 39.600000,	train_time = 14.896842
TRAIN Iter 22: loss = 0.007360,	Top-1 err = 62.740000,	Top-5 err = 40.430000,	train_time = 15.891389
TRAIN Iter 23: loss = 0.007414,	Top-1 err = 57.530000,	Top-5 err = 34.880000,	train_time = 14.755035
TRAIN Iter 24: loss = 0.006896,	Top-1 err = 62.350000,	Top-5 err = 39.730000,	train_time = 15.665066
TRAIN Iter 25: loss = 0.006842,	Top-1 err = 62.980000,	Top-5 err = 40.720000,	train_time = 15.359751
TRAIN Iter 26: loss = 0.006870,	Top-1 err = 56.490000,	Top-5 err = 33.900000,	train_time = 14.694970
TRAIN Iter 27: loss = 0.006957,	Top-1 err = 53.320000,	Top-5 err = 30.850000,	train_time = 16.141611
TRAIN Iter 28: loss = 0.006706,	Top-1 err = 57.140000,	Top-5 err = 36.910000,	train_time = 14.827315
TRAIN Iter 29: loss = 0.006287,	Top-1 err = 58.080000,	Top-5 err = 36.630000,	train_time = 15.729074
TRAIN Iter 30: loss = 0.006322,	Top-1 err = 58.120000,	Top-5 err = 36.740000,	train_time = 15.410063
TRAIN Iter 31: loss = 0.006218,	Top-1 err = 55.460000,	Top-5 err = 34.910000,	train_time = 14.738939
TRAIN Iter 32: loss = 0.006174,	Top-1 err = 52.620000,	Top-5 err = 32.280000,	train_time = 15.066293
TRAIN Iter 33: loss = 0.006027,	Top-1 err = 51.380000,	Top-5 err = 30.160000,	train_time = 15.481524
TRAIN Iter 34: loss = 0.005885,	Top-1 err = 49.410000,	Top-5 err = 28.470000,	train_time = 16.167069
TRAIN Iter 35: loss = 0.005848,	Top-1 err = 53.090000,	Top-5 err = 33.850000,	train_time = 14.759370
TRAIN Iter 36: loss = 0.005819,	Top-1 err = 50.830000,	Top-5 err = 31.950000,	train_time = 14.828199
TRAIN Iter 37: loss = 0.005555,	Top-1 err = 51.350000,	Top-5 err = 30.110000,	train_time = 16.163285
TRAIN Iter 38: loss = 0.005690,	Top-1 err = 47.110000,	Top-5 err = 26.980000,	train_time = 15.004019
TRAIN Iter 39: loss = 0.005508,	Top-1 err = 49.990000,	Top-5 err = 30.210000,	train_time = 15.209871
TRAIN Iter 40: loss = 0.005351,	Top-1 err = 52.180000,	Top-5 err = 32.260000,	train_time = 15.283468
TRAIN Iter 41: loss = 0.005319,	Top-1 err = 52.650000,	Top-5 err = 32.490000,	train_time = 15.572983
TRAIN Iter 42: loss = 0.005320,	Top-1 err = 48.380000,	Top-5 err = 29.330000,	train_time = 14.868586
TRAIN Iter 43: loss = 0.005172,	Top-1 err = 52.650000,	Top-5 err = 33.710000,	train_time = 15.289826
TRAIN Iter 44: loss = 0.005273,	Top-1 err = 47.380000,	Top-5 err = 28.800000,	train_time = 14.736941
TRAIN Iter 45: loss = 0.005069,	Top-1 err = 48.990000,	Top-5 err = 29.800000,	train_time = 15.232727
TRAIN Iter 46: loss = 0.005019,	Top-1 err = 51.070000,	Top-5 err = 31.930000,	train_time = 15.310608
TRAIN Iter 47: loss = 0.004883,	Top-1 err = 48.830000,	Top-5 err = 29.650000,	train_time = 15.712571
TRAIN Iter 48: loss = 0.004970,	Top-1 err = 43.570000,	Top-5 err = 24.460000,	train_time = 15.293178
TRAIN Iter 49: loss = 0.004862,	Top-1 err = 46.000000,	Top-5 err = 27.440000,	train_time = 15.456110
TRAIN Iter 50: loss = 0.004891,	Top-1 err = 39.840000,	Top-5 err = 21.780000,	train_time = 14.863570
TRAIN Iter 51: loss = 0.004854,	Top-1 err = 46.240000,	Top-5 err = 27.950000,	train_time = 14.975577
TRAIN Iter 52: loss = 0.004781,	Top-1 err = 44.020000,	Top-5 err = 25.340000,	train_time = 15.188485
TRAIN Iter 53: loss = 0.004837,	Top-1 err = 39.520000,	Top-5 err = 21.670000,	train_time = 15.064059
TRAIN Iter 54: loss = 0.004728,	Top-1 err = 46.150000,	Top-5 err = 27.690000,	train_time = 16.505852
TRAIN Iter 55: loss = 0.004626,	Top-1 err = 45.960000,	Top-5 err = 28.040000,	train_time = 14.927694
TRAIN Iter 56: loss = 0.004604,	Top-1 err = 48.290000,	Top-5 err = 29.890000,	train_time = 15.821792
TRAIN Iter 57: loss = 0.004608,	Top-1 err = 43.510000,	Top-5 err = 25.010000,	train_time = 14.633382
TRAIN Iter 58: loss = 0.004573,	Top-1 err = 46.990000,	Top-5 err = 28.890000,	train_time = 15.715761
TRAIN Iter 59: loss = 0.004481,	Top-1 err = 44.390000,	Top-5 err = 27.030000,	train_time = 15.373101
TRAIN Iter 60: loss = 0.004477,	Top-1 err = 41.640000,	Top-5 err = 24.730000,	train_time = 14.847704
TRAIN Iter 61: loss = 0.004437,	Top-1 err = 45.560000,	Top-5 err = 27.270000,	train_time = 14.778701
TRAIN Iter 62: loss = 0.004409,	Top-1 err = 40.310000,	Top-5 err = 23.260000,	train_time = 16.358977
TRAIN Iter 63: loss = 0.004328,	Top-1 err = 43.960000,	Top-5 err = 25.440000,	train_time = 14.967758
TRAIN Iter 64: loss = 0.004345,	Top-1 err = 46.010000,	Top-5 err = 29.270000,	train_time = 15.685044
TRAIN Iter 65: loss = 0.004333,	Top-1 err = 44.940000,	Top-5 err = 27.390000,	train_time = 15.357764
TRAIN Iter 66: loss = 0.004302,	Top-1 err = 43.580000,	Top-5 err = 26.940000,	train_time = 14.665874
TRAIN Iter 67: loss = 0.004286,	Top-1 err = 43.110000,	Top-5 err = 26.130000,	train_time = 15.361579
TRAIN Iter 68: loss = 0.004316,	Top-1 err = 40.520000,	Top-5 err = 23.760000,	train_time = 15.451383
TRAIN Iter 69: loss = 0.004259,	Top-1 err = 44.880000,	Top-5 err = 27.860000,	train_time = 14.854950
TRAIN Iter 70: loss = 0.004217,	Top-1 err = 45.620000,	Top-5 err = 30.720000,	train_time = 16.214669
TRAIN Iter 71: loss = 0.004222,	Top-1 err = 36.590000,	Top-5 err = 20.870000,	train_time = 14.716786
TRAIN Iter 72: loss = 0.004214,	Top-1 err = 40.340000,	Top-5 err = 25.040000,	train_time = 15.496253
TRAIN Iter 73: loss = 0.004153,	Top-1 err = 40.940000,	Top-5 err = 23.490000,	train_time = 15.152447
TRAIN Iter 74: loss = 0.004118,	Top-1 err = 38.180000,	Top-5 err = 21.630000,	train_time = 15.764567
TRAIN Iter 75: loss = 0.004075,	Top-1 err = 43.980000,	Top-5 err = 27.650000,	train_time = 15.206490
TRAIN Iter 76: loss = 0.004069,	Top-1 err = 38.030000,	Top-5 err = 23.600000,	train_time = 14.565576
TRAIN Iter 77: loss = 0.004057,	Top-1 err = 44.740000,	Top-5 err = 28.100000,	train_time = 14.776375
TRAIN Iter 78: loss = 0.004085,	Top-1 err = 40.120000,	Top-5 err = 25.160000,	train_time = 16.186704
TRAIN Iter 79: loss = 0.004110,	Top-1 err = 41.290000,	Top-5 err = 25.220000,	train_time = 15.038109
TRAIN Iter 80: loss = 0.004008,	Top-1 err = 42.620000,	Top-5 err = 25.050000,	train_time = 15.316667
TRAIN Iter 81: loss = 0.004011,	Top-1 err = 43.300000,	Top-5 err = 27.870000,	train_time = 15.000782
TRAIN Iter 82: loss = 0.003949,	Top-1 err = 44.480000,	Top-5 err = 27.930000,	train_time = 14.852771
TRAIN Iter 83: loss = 0.003959,	Top-1 err = 40.870000,	Top-5 err = 24.030000,	train_time = 14.917269
TRAIN Iter 84: loss = 0.003941,	Top-1 err = 43.900000,	Top-5 err = 28.450000,	train_time = 15.125692
TRAIN Iter 85: loss = 0.003937,	Top-1 err = 33.680000,	Top-5 err = 19.590000,	train_time = 16.268333
TRAIN Iter 86: loss = 0.003839,	Top-1 err = 41.170000,	Top-5 err = 25.580000,	train_time = 15.195190
TRAIN Iter 87: loss = 0.003866,	Top-1 err = 44.630000,	Top-5 err = 26.750000,	train_time = 15.069708
TRAIN Iter 88: loss = 0.003874,	Top-1 err = 41.530000,	Top-5 err = 25.450000,	train_time = 15.608514
TRAIN Iter 89: loss = 0.003843,	Top-1 err = 39.540000,	Top-5 err = 24.140000,	train_time = 15.941351
TRAIN Iter 90: loss = 0.003845,	Top-1 err = 40.260000,	Top-5 err = 24.630000,	train_time = 15.213831
TRAIN Iter 91: loss = 0.003796,	Top-1 err = 30.560000,	Top-5 err = 16.710000,	train_time = 14.599470
TRAIN Iter 92: loss = 0.003740,	Top-1 err = 37.890000,	Top-5 err = 22.590000,	train_time = 14.808505
TRAIN Iter 93: loss = 0.003792,	Top-1 err = 42.970000,	Top-5 err = 27.550000,	train_time = 16.122282
TRAIN Iter 94: loss = 0.003764,	Top-1 err = 38.710000,	Top-5 err = 23.090000,	train_time = 15.507882
TRAIN Iter 95: loss = 0.003738,	Top-1 err = 38.120000,	Top-5 err = 22.810000,	train_time = 14.686833
TRAIN Iter 96: loss = 0.003741,	Top-1 err = 39.600000,	Top-5 err = 24.020000,	train_time = 15.444004
TRAIN Iter 97: loss = 0.003737,	Top-1 err = 47.610000,	Top-5 err = 31.330000,	train_time = 14.884286
TRAIN Iter 98: loss = 0.003759,	Top-1 err = 38.040000,	Top-5 err = 22.890000,	train_time = 15.048416
TRAIN Iter 99: loss = 0.003735,	Top-1 err = 38.530000,	Top-5 err = 23.560000,	train_time = 16.161094
TRAIN Iter 100: loss = 0.003728,	Top-1 err = 44.240000,	Top-5 err = 27.950000,	train_time = 14.685162
TRAIN Iter 101: loss = 0.003689,	Top-1 err = 38.270000,	Top-5 err = 24.320000,	train_time = 15.090461
TRAIN Iter 102: loss = 0.003636,	Top-1 err = 39.000000,	Top-5 err = 21.400000,	train_time = 15.456478
TRAIN Iter 103: loss = 0.003669,	Top-1 err = 35.450000,	Top-5 err = 20.410000,	train_time = 14.830204
TRAIN Iter 104: loss = 0.003672,	Top-1 err = 36.980000,	Top-5 err = 21.450000,	train_time = 15.777938
TRAIN Iter 105: loss = 0.003609,	Top-1 err = 43.110000,	Top-5 err = 26.110000,	train_time = 14.601769
TRAIN Iter 106: loss = 0.003601,	Top-1 err = 34.800000,	Top-5 err = 20.940000,	train_time = 16.443615
TRAIN Iter 107: loss = 0.003604,	Top-1 err = 37.350000,	Top-5 err = 22.240000,	train_time = 14.883730
TRAIN Iter 108: loss = 0.003622,	Top-1 err = 35.790000,	Top-5 err = 21.740000,	train_time = 14.794259
TRAIN Iter 109: loss = 0.003582,	Top-1 err = 36.710000,	Top-5 err = 22.840000,	train_time = 15.714536
TRAIN Iter 110: loss = 0.003576,	Top-1 err = 36.780000,	Top-5 err = 22.880000,	train_time = 15.369011
TRAIN Iter 111: loss = 0.003570,	Top-1 err = 45.520000,	Top-5 err = 28.720000,	train_time = 14.695701
TRAIN Iter 112: loss = 0.003570,	Top-1 err = 43.520000,	Top-5 err = 27.420000,	train_time = 15.326396
TRAIN Iter 113: loss = 0.003566,	Top-1 err = 33.410000,	Top-5 err = 18.690000,	train_time = 14.659553
TRAIN Iter 114: loss = 0.003543,	Top-1 err = 41.090000,	Top-5 err = 25.320000,	train_time = 15.675371
TRAIN Iter 115: loss = 0.003520,	Top-1 err = 36.000000,	Top-5 err = 21.300000,	train_time = 15.028811
TRAIN Iter 116: loss = 0.003500,	Top-1 err = 37.720000,	Top-5 err = 23.220000,	train_time = 16.135309
TRAIN Iter 117: loss = 0.003470,	Top-1 err = 33.650000,	Top-5 err = 17.990000,	train_time = 15.229092
TRAIN Iter 118: loss = 0.003508,	Top-1 err = 44.080000,	Top-5 err = 27.900000,	train_time = 14.925116
TRAIN Iter 119: loss = 0.003458,	Top-1 err = 40.890000,	Top-5 err = 24.690000,	train_time = 14.597223
TRAIN Iter 120: loss = 0.003490,	Top-1 err = 34.580000,	Top-5 err = 20.790000,	train_time = 14.982412
TRAIN Iter 121: loss = 0.003461,	Top-1 err = 35.680000,	Top-5 err = 21.480000,	train_time = 16.205701
TRAIN Iter 122: loss = 0.003483,	Top-1 err = 42.400000,	Top-5 err = 25.850000,	train_time = 14.736038
TRAIN Iter 123: loss = 0.003463,	Top-1 err = 37.430000,	Top-5 err = 21.490000,	train_time = 15.820259
TRAIN Iter 124: loss = 0.003450,	Top-1 err = 37.090000,	Top-5 err = 22.420000,	train_time = 14.955275
TRAIN Iter 125: loss = 0.003412,	Top-1 err = 40.270000,	Top-5 err = 24.370000,	train_time = 15.093646
TRAIN Iter 126: loss = 0.003394,	Top-1 err = 36.990000,	Top-5 err = 22.340000,	train_time = 14.756868
TRAIN Iter 127: loss = 0.003419,	Top-1 err = 33.100000,	Top-5 err = 19.690000,	train_time = 15.298927
TRAIN Iter 128: loss = 0.003421,	Top-1 err = 40.660000,	Top-5 err = 24.050000,	train_time = 15.042815
TRAIN Iter 129: loss = 0.003387,	Top-1 err = 37.630000,	Top-5 err = 23.230000,	train_time = 15.671251
TRAIN Iter 130: loss = 0.003410,	Top-1 err = 39.780000,	Top-5 err = 24.600000,	train_time = 14.874153
TRAIN Iter 131: loss = 0.003351,	Top-1 err = 42.090000,	Top-5 err = 25.560000,	train_time = 15.746814
TRAIN Iter 132: loss = 0.003400,	Top-1 err = 38.480000,	Top-5 err = 24.150000,	train_time = 15.366356
TRAIN Iter 133: loss = 0.003333,	Top-1 err = 35.250000,	Top-5 err = 21.210000,	train_time = 14.674042
TRAIN Iter 134: loss = 0.003342,	Top-1 err = 40.610000,	Top-5 err = 24.590000,	train_time = 15.958656
TRAIN Iter 135: loss = 0.003350,	Top-1 err = 39.490000,	Top-5 err = 23.020000,	train_time = 14.543467
TRAIN Iter 136: loss = 0.003311,	Top-1 err = 42.980000,	Top-5 err = 27.610000,	train_time = 15.891462
TRAIN Iter 137: loss = 0.003326,	Top-1 err = 38.460000,	Top-5 err = 23.890000,	train_time = 14.606190
TRAIN Iter 138: loss = 0.003330,	Top-1 err = 41.510000,	Top-5 err = 25.700000,	train_time = 15.499327
TRAIN Iter 139: loss = 0.003313,	Top-1 err = 46.970000,	Top-5 err = 31.610000,	train_time = 14.935484
TRAIN Iter 140: loss = 0.003322,	Top-1 err = 40.860000,	Top-5 err = 24.610000,	train_time = 14.667067
TRAIN Iter 141: loss = 0.003276,	Top-1 err = 37.460000,	Top-5 err = 23.730000,	train_time = 14.807113
TRAIN Iter 142: loss = 0.003258,	Top-1 err = 33.420000,	Top-5 err = 18.410000,	train_time = 15.041973
TRAIN Iter 143: loss = 0.003296,	Top-1 err = 39.500000,	Top-5 err = 22.680000,	train_time = 15.461922
TRAIN Iter 144: loss = 0.003277,	Top-1 err = 38.390000,	Top-5 err = 22.080000,	train_time = 15.023755
TRAIN Iter 145: loss = 0.003283,	Top-1 err = 34.040000,	Top-5 err = 20.510000,	train_time = 15.270591
TRAIN Iter 146: loss = 0.003267,	Top-1 err = 33.770000,	Top-5 err = 20.380000,	train_time = 14.837551
TRAIN Iter 147: loss = 0.003266,	Top-1 err = 36.120000,	Top-5 err = 23.030000,	train_time = 16.228635
TRAIN Iter 148: loss = 0.003255,	Top-1 err = 36.480000,	Top-5 err = 20.500000,	train_time = 15.603623
TRAIN Iter 149: loss = 0.003245,	Top-1 err = 39.430000,	Top-5 err = 26.090000,	train_time = 15.205917
TRAIN Iter 150: loss = 0.003263,	Top-1 err = 38.530000,	Top-5 err = 23.210000,	train_time = 14.571303
TRAIN Iter 151: loss = 0.003253,	Top-1 err = 35.500000,	Top-5 err = 20.160000,	train_time = 16.020232
TRAIN Iter 152: loss = 0.003254,	Top-1 err = 40.290000,	Top-5 err = 26.510000,	train_time = 14.874814
TRAIN Iter 153: loss = 0.003211,	Top-1 err = 35.750000,	Top-5 err = 20.730000,	train_time = 14.745738
TRAIN Iter 154: loss = 0.003206,	Top-1 err = 33.410000,	Top-5 err = 20.480000,	train_time = 16.005267
TRAIN Iter 155: loss = 0.003256,	Top-1 err = 41.150000,	Top-5 err = 26.210000,	train_time = 14.569164
TRAIN Iter 156: loss = 0.003210,	Top-1 err = 35.920000,	Top-5 err = 22.250000,	train_time = 14.730062
TRAIN Iter 157: loss = 0.003179,	Top-1 err = 34.170000,	Top-5 err = 20.370000,	train_time = 15.265571
TRAIN Iter 158: loss = 0.003189,	Top-1 err = 34.510000,	Top-5 err = 19.640000,	train_time = 14.805541
TRAIN Iter 159: loss = 0.003152,	Top-1 err = 36.270000,	Top-5 err = 20.570000,	train_time = 15.395851
TRAIN Iter 160: loss = 0.003205,	Top-1 err = 44.150000,	Top-5 err = 27.900000,	train_time = 14.957003
TRAIN Iter 161: loss = 0.003152,	Top-1 err = 34.940000,	Top-5 err = 20.150000,	train_time = 16.251276
TRAIN Iter 162: loss = 0.003199,	Top-1 err = 44.120000,	Top-5 err = 28.270000,	train_time = 15.506768
TRAIN Iter 163: loss = 0.003104,	Top-1 err = 41.170000,	Top-5 err = 25.860000,	train_time = 15.407460
TRAIN Iter 164: loss = 0.003149,	Top-1 err = 36.580000,	Top-5 err = 20.320000,	train_time = 14.464047
TRAIN Iter 165: loss = 0.003142,	Top-1 err = 31.900000,	Top-5 err = 18.640000,	train_time = 15.797167
TRAIN Iter 166: loss = 0.003086,	Top-1 err = 38.130000,	Top-5 err = 23.670000,	train_time = 14.556212
TRAIN Iter 167: loss = 0.003114,	Top-1 err = 34.210000,	Top-5 err = 20.750000,	train_time = 16.097476
TRAIN Iter 168: loss = 0.003106,	Top-1 err = 35.930000,	Top-5 err = 22.150000,	train_time = 14.619965
TRAIN Iter 169: loss = 0.003110,	Top-1 err = 44.440000,	Top-5 err = 29.370000,	train_time = 15.883512
TRAIN Iter 170: loss = 0.003108,	Top-1 err = 35.060000,	Top-5 err = 19.780000,	train_time = 14.678020
TRAIN Iter 171: loss = 0.003073,	Top-1 err = 38.400000,	Top-5 err = 24.610000,	train_time = 14.926374
TRAIN Iter 172: loss = 0.003088,	Top-1 err = 35.110000,	Top-5 err = 20.980000,	train_time = 15.252769
TRAIN Iter 173: loss = 0.003082,	Top-1 err = 37.130000,	Top-5 err = 23.370000,	train_time = 15.210531
TRAIN Iter 174: loss = 0.003102,	Top-1 err = 36.340000,	Top-5 err = 21.400000,	train_time = 15.669607
TRAIN Iter 175: loss = 0.003110,	Top-1 err = 39.770000,	Top-5 err = 24.860000,	train_time = 15.224297
TRAIN Iter 176: loss = 0.003081,	Top-1 err = 36.860000,	Top-5 err = 22.780000,	train_time = 14.687740
TRAIN Iter 177: loss = 0.003130,	Top-1 err = 38.040000,	Top-5 err = 22.740000,	train_time = 15.097686
TRAIN Iter 178: loss = 0.003078,	Top-1 err = 39.300000,	Top-5 err = 23.740000,	train_time = 14.815105
TRAIN Iter 179: loss = 0.003065,	Top-1 err = 35.450000,	Top-5 err = 21.930000,	train_time = 16.338000
TRAIN Iter 180: loss = 0.003086,	Top-1 err = 40.300000,	Top-5 err = 25.540000,	train_time = 15.320271
TRAIN Iter 181: loss = 0.003038,	Top-1 err = 36.580000,	Top-5 err = 22.790000,	train_time = 14.673705
TRAIN Iter 182: loss = 0.003014,	Top-1 err = 41.790000,	Top-5 err = 26.790000,	train_time = 15.817922
TRAIN Iter 183: loss = 0.003069,	Top-1 err = 35.500000,	Top-5 err = 22.170000,	train_time = 15.000421
TRAIN Iter 184: loss = 0.003036,	Top-1 err = 37.970000,	Top-5 err = 23.730000,	train_time = 15.446104
TRAIN Iter 185: loss = 0.003092,	Top-1 err = 43.440000,	Top-5 err = 27.410000,	train_time = 15.514087
TRAIN Iter 186: loss = 0.003088,	Top-1 err = 41.260000,	Top-5 err = 26.160000,	train_time = 15.121600
TRAIN Iter 187: loss = 0.002974,	Top-1 err = 31.900000,	Top-5 err = 17.010000,	train_time = 14.491847
TRAIN Iter 188: loss = 0.003008,	Top-1 err = 39.490000,	Top-5 err = 25.070000,	train_time = 15.235013
TRAIN Iter 189: loss = 0.003041,	Top-1 err = 40.500000,	Top-5 err = 25.310000,	train_time = 14.742140
TRAIN Iter 190: loss = 0.003011,	Top-1 err = 36.360000,	Top-5 err = 21.740000,	train_time = 15.385524
TRAIN Iter 191: loss = 0.003023,	Top-1 err = 38.590000,	Top-5 err = 24.370000,	train_time = 14.856320
TRAIN Iter 192: loss = 0.003010,	Top-1 err = 39.330000,	Top-5 err = 22.940000,	train_time = 14.860764
TRAIN Iter 193: loss = 0.003003,	Top-1 err = 40.040000,	Top-5 err = 26.920000,	train_time = 16.450039
TRAIN Iter 194: loss = 0.002998,	Top-1 err = 48.100000,	Top-5 err = 32.540000,	train_time = 14.906969
TRAIN Iter 195: loss = 0.003020,	Top-1 err = 37.640000,	Top-5 err = 22.800000,	train_time = 15.088979
TRAIN Iter 196: loss = 0.002937,	Top-1 err = 34.450000,	Top-5 err = 21.140000,	train_time = 15.005306
TRAIN Iter 197: loss = 0.003017,	Top-1 err = 42.830000,	Top-5 err = 28.050000,	train_time = 14.780197
TRAIN Iter 198: loss = 0.002966,	Top-1 err = 34.940000,	Top-5 err = 21.220000,	train_time = 16.412592
TRAIN Iter 199: loss = 0.002969,	Top-1 err = 34.520000,	Top-5 err = 21.660000,	train_time = 14.624346
TRAIN Iter 200: loss = 0.002972,	Top-1 err = 40.860000,	Top-5 err = 26.890000,	train_time = 15.930414
TRAIN Iter 201: loss = 0.002997,	Top-1 err = 40.900000,	Top-5 err = 25.540000,	train_time = 15.662131
TRAIN Iter 202: loss = 0.002937,	Top-1 err = 36.930000,	Top-5 err = 23.660000,	train_time = 14.445819
TRAIN Iter 203: loss = 0.002960,	Top-1 err = 35.270000,	Top-5 err = 20.970000,	train_time = 15.036799
TRAIN Iter 204: loss = 0.002997,	Top-1 err = 42.680000,	Top-5 err = 26.970000,	train_time = 14.703959
TRAIN Iter 205: loss = 0.002937,	Top-1 err = 35.720000,	Top-5 err = 22.070000,	train_time = 15.951325
TRAIN Iter 206: loss = 0.002954,	Top-1 err = 38.740000,	Top-5 err = 24.310000,	train_time = 14.870330
TRAIN Iter 207: loss = 0.002949,	Top-1 err = 40.570000,	Top-5 err = 24.370000,	train_time = 15.035570
TRAIN Iter 208: loss = 0.002911,	Top-1 err = 36.590000,	Top-5 err = 22.630000,	train_time = 15.025221
TRAIN Iter 209: loss = 0.002926,	Top-1 err = 31.650000,	Top-5 err = 18.600000,	train_time = 15.098404
TRAIN Iter 210: loss = 0.002946,	Top-1 err = 40.270000,	Top-5 err = 24.380000,	train_time = 14.872250
TRAIN Iter 211: loss = 0.002993,	Top-1 err = 42.960000,	Top-5 err = 25.910000,	train_time = 14.947844
TRAIN Iter 212: loss = 0.002873,	Top-1 err = 36.610000,	Top-5 err = 23.710000,	train_time = 15.088741
TRAIN Iter 213: loss = 0.002929,	Top-1 err = 39.640000,	Top-5 err = 24.690000,	train_time = 15.695048
TRAIN Iter 214: loss = 0.002903,	Top-1 err = 36.340000,	Top-5 err = 22.130000,	train_time = 14.838723
TRAIN Iter 215: loss = 0.002897,	Top-1 err = 37.760000,	Top-5 err = 22.320000,	train_time = 15.287359
TRAIN Iter 216: loss = 0.002941,	Top-1 err = 38.190000,	Top-5 err = 23.100000,	train_time = 15.567088
TRAIN Iter 217: loss = 0.002885,	Top-1 err = 29.380000,	Top-5 err = 16.980000,	train_time = 15.963176
TRAIN Iter 218: loss = 0.002907,	Top-1 err = 33.510000,	Top-5 err = 20.670000,	train_time = 14.698673
TRAIN Iter 219: loss = 0.002892,	Top-1 err = 42.120000,	Top-5 err = 27.930000,	train_time = 14.986469
TRAIN Iter 220: loss = 0.002896,	Top-1 err = 39.840000,	Top-5 err = 25.140000,	train_time = 14.841970
TRAIN Iter 221: loss = 0.002883,	Top-1 err = 42.020000,	Top-5 err = 25.870000,	train_time = 15.968360
TRAIN Iter 222: loss = 0.002838,	Top-1 err = 36.620000,	Top-5 err = 22.400000,	train_time = 15.026412
TRAIN Iter 223: loss = 0.002898,	Top-1 err = 34.680000,	Top-5 err = 20.400000,	train_time = 15.266399
TRAIN Iter 224: loss = 0.002896,	Top-1 err = 38.940000,	Top-5 err = 24.880000,	train_time = 15.413923
TRAIN Iter 225: loss = 0.002888,	Top-1 err = 41.810000,	Top-5 err = 27.330000,	train_time = 15.218220
TRAIN Iter 226: loss = 0.002840,	Top-1 err = 36.140000,	Top-5 err = 21.530000,	train_time = 14.577718
TRAIN Iter 227: loss = 0.002926,	Top-1 err = 43.880000,	Top-5 err = 27.790000,	train_time = 16.180095
TRAIN Iter 228: loss = 0.002848,	Top-1 err = 34.160000,	Top-5 err = 21.080000,	train_time = 14.539730
TRAIN Iter 229: loss = 0.002894,	Top-1 err = 41.360000,	Top-5 err = 26.500000,	train_time = 15.127547
TRAIN Iter 230: loss = 0.002869,	Top-1 err = 32.910000,	Top-5 err = 18.880000,	train_time = 13.759815
TRAIN Iter 231: loss = 0.002882,	Top-1 err = 39.570000,	Top-5 err = 24.280000,	train_time = 14.690155
TRAIN Iter 232: loss = 0.002857,	Top-1 err = 41.680000,	Top-5 err = 26.590000,	train_time = 14.061130
TRAIN Iter 233: loss = 0.002839,	Top-1 err = 36.150000,	Top-5 err = 21.660000,	train_time = 14.142404
TRAIN Iter 234: loss = 0.002844,	Top-1 err = 41.740000,	Top-5 err = 26.660000,	train_time = 15.391683
TRAIN Iter 235: loss = 0.002817,	Top-1 err = 34.350000,	Top-5 err = 20.690000,	train_time = 14.529001
TRAIN Iter 236: loss = 0.002832,	Top-1 err = 38.110000,	Top-5 err = 24.320000,	train_time = 14.710008
TRAIN Iter 237: loss = 0.002777,	Top-1 err = 33.850000,	Top-5 err = 21.320000,	train_time = 14.577861
TRAIN Iter 238: loss = 0.002831,	Top-1 err = 37.770000,	Top-5 err = 23.890000,	train_time = 15.479088
TRAIN Iter 239: loss = 0.002793,	Top-1 err = 39.270000,	Top-5 err = 25.050000,	train_time = 14.455617
TRAIN Iter 240: loss = 0.002792,	Top-1 err = 36.200000,	Top-5 err = 22.030000,	train_time = 14.198104
TRAIN Iter 241: loss = 0.002745,	Top-1 err = 28.510000,	Top-5 err = 15.010000,	train_time = 15.007776
TRAIN Iter 242: loss = 0.002804,	Top-1 err = 37.630000,	Top-5 err = 23.760000,	train_time = 14.467809
TRAIN Iter 243: loss = 0.002800,	Top-1 err = 41.020000,	Top-5 err = 26.190000,	train_time = 14.974194
TRAIN Iter 244: loss = 0.002809,	Top-1 err = 42.490000,	Top-5 err = 27.140000,	train_time = 14.487050
TRAIN Iter 245: loss = 0.002748,	Top-1 err = 36.110000,	Top-5 err = 22.160000,	train_time = 14.619943
TRAIN Iter 246: loss = 0.002779,	Top-1 err = 35.640000,	Top-5 err = 19.900000,	train_time = 14.519853
TRAIN Iter 247: loss = 0.002754,	Top-1 err = 41.770000,	Top-5 err = 27.950000,	train_time = 15.652686
TRAIN Iter 248: loss = 0.002756,	Top-1 err = 33.690000,	Top-5 err = 19.280000,	train_time = 14.627279
TRAIN Iter 249: loss = 0.002816,	Top-1 err = 40.600000,	Top-5 err = 25.030000,	train_time = 15.555522
TEST:
Iter 249: loss = 1.852852,	Top-1 err = 42.230000,	Top-5 err = 19.180000,	val_time = 2.912765
TRAIN Iter 250: loss = 0.002800,	Top-1 err = 37.640000,	Top-5 err = 24.390000,	train_time = 14.477159
TRAIN Iter 251: loss = 0.002732,	Top-1 err = 37.580000,	Top-5 err = 22.870000,	train_time = 14.579621
TRAIN Iter 252: loss = 0.002812,	Top-1 err = 39.710000,	Top-5 err = 24.580000,	train_time = 14.795617
TRAIN Iter 253: loss = 0.002764,	Top-1 err = 35.010000,	Top-5 err = 21.580000,	train_time = 14.313568
TRAIN Iter 254: loss = 0.002760,	Top-1 err = 36.100000,	Top-5 err = 22.360000,	train_time = 15.810788
TRAIN Iter 255: loss = 0.002751,	Top-1 err = 29.880000,	Top-5 err = 17.170000,	train_time = 14.756114
TRAIN Iter 256: loss = 0.002763,	Top-1 err = 34.780000,	Top-5 err = 21.200000,	train_time = 14.209554
TRAIN Iter 257: loss = 0.002749,	Top-1 err = 35.670000,	Top-5 err = 21.560000,	train_time = 14.565643
TRAIN Iter 258: loss = 0.002833,	Top-1 err = 45.080000,	Top-5 err = 27.190000,	train_time = 14.969416
TRAIN Iter 259: loss = 0.002738,	Top-1 err = 41.230000,	Top-5 err = 26.970000,	train_time = 14.459872
TEST:
Iter 259: loss = 1.854321,	Top-1 err = 41.710000,	Top-5 err = 19.340000,	val_time = 3.181816
TRAIN Iter 260: loss = 0.002751,	Top-1 err = 36.930000,	Top-5 err = 22.290000,	train_time = 15.729988
TRAIN Iter 261: loss = 0.002744,	Top-1 err = 39.340000,	Top-5 err = 24.410000,	train_time = 14.183050
TRAIN Iter 262: loss = 0.002741,	Top-1 err = 40.300000,	Top-5 err = 25.180000,	train_time = 14.550059
TRAIN Iter 263: loss = 0.002729,	Top-1 err = 35.140000,	Top-5 err = 21.700000,	train_time = 14.361950
TRAIN Iter 264: loss = 0.002784,	Top-1 err = 42.660000,	Top-5 err = 27.150000,	train_time = 15.067328
TRAIN Iter 265: loss = 0.002740,	Top-1 err = 34.790000,	Top-5 err = 21.290000,	train_time = 14.536262
TRAIN Iter 266: loss = 0.002759,	Top-1 err = 36.790000,	Top-5 err = 22.170000,	train_time = 14.711436
TRAIN Iter 267: loss = 0.002721,	Top-1 err = 38.520000,	Top-5 err = 24.460000,	train_time = 15.127342
TRAIN Iter 268: loss = 0.002742,	Top-1 err = 35.260000,	Top-5 err = 21.370000,	train_time = 14.688860
TRAIN Iter 269: loss = 0.002688,	Top-1 err = 34.640000,	Top-5 err = 20.570000,	train_time = 14.416490
TEST:
Iter 269: loss = 1.848589,	Top-1 err = 41.770000,	Top-5 err = 19.100000,	val_time = 3.031518
TRAIN Iter 270: loss = 0.002685,	Top-1 err = 35.690000,	Top-5 err = 22.260000,	train_time = 14.982666
TRAIN Iter 271: loss = 0.002677,	Top-1 err = 33.460000,	Top-5 err = 19.370000,	train_time = 14.361711
TRAIN Iter 272: loss = 0.002713,	Top-1 err = 33.500000,	Top-5 err = 19.350000,	train_time = 15.714972
TRAIN Iter 273: loss = 0.002665,	Top-1 err = 32.140000,	Top-5 err = 19.970000,	train_time = 14.193915
TRAIN Iter 274: loss = 0.002736,	Top-1 err = 41.460000,	Top-5 err = 26.320000,	train_time = 15.362259
TRAIN Iter 275: loss = 0.002689,	Top-1 err = 35.370000,	Top-5 err = 21.750000,	train_time = 14.225797
TRAIN Iter 276: loss = 0.002712,	Top-1 err = 36.530000,	Top-5 err = 22.300000,	train_time = 14.603114
TRAIN Iter 277: loss = 0.002735,	Top-1 err = 45.570000,	Top-5 err = 29.330000,	train_time = 14.568952
TRAIN Iter 278: loss = 0.002674,	Top-1 err = 39.680000,	Top-5 err = 24.030000,	train_time = 15.084025
TRAIN Iter 279: loss = 0.002694,	Top-1 err = 34.500000,	Top-5 err = 19.800000,	train_time = 14.549380
TEST:
Iter 279: loss = 1.844022,	Top-1 err = 41.410000,	Top-5 err = 19.150000,	val_time = 3.037719
TRAIN Iter 280: loss = 0.002659,	Top-1 err = 32.540000,	Top-5 err = 21.070000,	train_time = 15.816055
TRAIN Iter 281: loss = 0.002660,	Top-1 err = 33.920000,	Top-5 err = 20.480000,	train_time = 14.205893
TRAIN Iter 282: loss = 0.002665,	Top-1 err = 39.800000,	Top-5 err = 25.760000,	train_time = 14.446072
TRAIN Iter 283: loss = 0.002701,	Top-1 err = 34.300000,	Top-5 err = 20.400000,	train_time = 15.301853
TRAIN Iter 284: loss = 0.002678,	Top-1 err = 36.570000,	Top-5 err = 21.030000,	train_time = 14.818746
TRAIN Iter 285: loss = 0.002647,	Top-1 err = 35.310000,	Top-5 err = 21.710000,	train_time = 14.401367
TRAIN Iter 286: loss = 0.002695,	Top-1 err = 40.150000,	Top-5 err = 24.510000,	train_time = 15.815204
TRAIN Iter 287: loss = 0.002707,	Top-1 err = 39.880000,	Top-5 err = 25.420000,	train_time = 14.360033
TRAIN Iter 288: loss = 0.002663,	Top-1 err = 37.270000,	Top-5 err = 23.200000,	train_time = 14.332608
TRAIN Iter 289: loss = 0.002660,	Top-1 err = 37.710000,	Top-5 err = 23.230000,	train_time = 14.870319
TEST:
Iter 289: loss = 1.843412,	Top-1 err = 41.880000,	Top-5 err = 19.130000,	val_time = 2.867952
TRAIN Iter 290: loss = 0.002692,	Top-1 err = 41.630000,	Top-5 err = 27.240000,	train_time = 14.860639
TRAIN Iter 291: loss = 0.002654,	Top-1 err = 42.840000,	Top-5 err = 28.990000,	train_time = 14.510360
TRAIN Iter 292: loss = 0.002632,	Top-1 err = 29.890000,	Top-5 err = 16.560000,	train_time = 15.212024
TRAIN Iter 293: loss = 0.002602,	Top-1 err = 32.450000,	Top-5 err = 20.250000,	train_time = 14.353771
TRAIN Iter 294: loss = 0.002622,	Top-1 err = 37.470000,	Top-5 err = 23.020000,	train_time = 14.465030
TRAIN Iter 295: loss = 0.002618,	Top-1 err = 36.470000,	Top-5 err = 24.490000,	train_time = 15.756088
TRAIN Iter 296: loss = 0.002633,	Top-1 err = 34.410000,	Top-5 err = 21.110000,	train_time = 15.195117
TRAIN Iter 297: loss = 0.002672,	Top-1 err = 35.090000,	Top-5 err = 20.610000,	train_time = 14.548184
TRAIN Iter 298: loss = 0.002637,	Top-1 err = 35.130000,	Top-5 err = 19.760000,	train_time = 14.373601
TRAIN Iter 299: loss = 0.002601,	Top-1 err = 35.140000,	Top-5 err = 21.930000,	train_time = 15.496172
TEST:
Iter 299: loss = 1.827806,	Top-1 err = 41.170000,	Top-5 err = 18.700000,	val_time = 2.872643
Train Finish! Best accuracy is 58.83@299
